Loading data from /pfs/data6/home/ka/ka_iai/ka_bj2362/dsr/svise/../dataset/South_Korea_2024-08-15_2025-08-31_1s.parquet...
Filtering for valid 5-minute chunks in the 9:00-10:00 window...
Found 4453 total valid 9:00-10:00 chunks.
Randomly sampled 300 chunks using seed 42.

============================================================
HYPERPARAMETER RANDOMIZED SEARCH
============================================================
Total search space: 2025 combinations
Evaluating: 60 combinations (RANDOMIZED)
Chunks per combination: 300
Total training runs: 18000
Early stopping: patience=300, max_epochs=10000
Random seed: 42
============================================================


============================================================
Combo 39/60: {'model': 'integrator', 'sigma': 0, 'degree': 1, 'tau': 0.001, 'lr': 0.0001, 'n_tau': 200, 'measurement_noise': 0.001, 'n_reparam_samples': 50}
============================================================
    -> Starting chunk 1/300...
/pfs/data6/home/ka/ka_iai/ka_bj2362/dsr/svise/svise/sde_learning/_marginal_sde.py:284: UserWarning: torch.triangular_solve is deprecated in favor of torch.linalg.solve_triangularand will be removed in a future PyTorch release.
torch.linalg.solve_triangular has its arguments reversed and does not return a copy of one of the inputs.
X = torch.triangular_solve(B, A).solution
should be replaced with
X = torch.linalg.solve_triangular(A, B). (Triggered internally at ../aten/src/ATen/native/BatchLinearAlgebra.cpp:2192.)
  return torch.triangular_solve(self.raw_w, self.C.t()).solution
/pfs/data6/home/ka/ka_iai/ka_bj2362/dsr/svise/svise/quadrature/_unbiased_quadrature.py:196: UserWarning: Interp is nan, reducing interp degree.
  warnings.warn("Interp is nan, reducing interp degree.")
/pfs/data6/home/ka/ka_iai/ka_bj2362/dsr/svise/svise/quadrature/_unbiased_quadrature.py:174: UserWarning: NaN detected in fxq (quadrature node evaluations). Clamping to 0.
  warnings.warn("NaN detected in fxq (quadrature node evaluations). Clamping to 0.")
/pfs/data6/home/ka/ka_iai/ka_bj2362/dsr/svise/svise/quadrature/_unbiased_quadrature.py:177: UserWarning: NaN detected in fmc (Monte-Carlo node evaluations). Clamping to 0.
  warnings.warn("NaN detected in fmc (Monte-Carlo node evaluations). Clamping to 0.")
       Finished chunk 1/300 | RMSE: nan | Loss: 38.5099 | Running Mean Loss: 38.509895
    -> Starting chunk 2/300...
       Finished chunk 2/300 | RMSE: 0.031603 | Loss: 279.9713 | Running Mean Loss: 159.240574
    -> Starting chunk 3/300...
       Finished chunk 3/300 | RMSE: 0.017907 | Loss: 47.2248 | Running Mean Loss: 121.901974
    -> Starting chunk 4/300...
       Finished chunk 4/300 | RMSE: 0.016342 | Loss: 35.4191 | Running Mean Loss: 100.281245
    -> Starting chunk 5/300...
       Finished chunk 5/300 | RMSE: 0.023855 | Loss: 38.8037 | Running Mean Loss: 87.985735
    -> Starting chunk 6/300...
       Finished chunk 6/300 | RMSE: 0.028715 | Loss: 105.6253 | Running Mean Loss: 90.925654
    -> Starting chunk 7/300...
       Finished chunk 7/300 | RMSE: nan | Loss: 49.7267 | Running Mean Loss: 85.040096
    -> Starting chunk 8/300...
       Finished chunk 8/300 | RMSE: 0.023667 | Loss: 42.8958 | Running Mean Loss: 79.772061
    -> Starting chunk 9/300...
       Finished chunk 9/300 | RMSE: 0.031437 | Loss: 57.5550 | Running Mean Loss: 77.303502
    -> Starting chunk 10/300...
       Finished chunk 10/300 | RMSE: 0.012932 | Loss: 47.1329 | Running Mean Loss: 74.286446
    -> Starting chunk 11/300...
       Finished chunk 11/300 | RMSE: nan | Loss: 6899.7998 | Running Mean Loss: 694.787660
    -> Starting chunk 12/300...
       Finished chunk 12/300 | RMSE: 0.020655 | Loss: 41.2972 | Running Mean Loss: 640.330125
    -> Starting chunk 13/300...
       Finished chunk 13/300 | RMSE: 0.010359 | Loss: 8.5075 | Running Mean Loss: 591.728381
    -> Starting chunk 14/300...
       Finished chunk 14/300 | RMSE: 0.013548 | Loss: 12.4598 | Running Mean Loss: 550.352056
    -> Starting chunk 15/300...
       Finished chunk 15/300 | RMSE: 0.017783 | Loss: 26.4240 | Running Mean Loss: 515.423522
    -> Starting chunk 16/300...
       Finished chunk 16/300 | RMSE: 0.015002 | Loss: 15.3248 | Running Mean Loss: 484.167355
    -> Starting chunk 17/300...
       Finished chunk 17/300 | RMSE: 0.012610 | Loss: 13.5411 | Running Mean Loss: 456.483458
    -> Starting chunk 18/300...
       Finished chunk 18/300 | RMSE: 0.031349 | Loss: 31.2634 | Running Mean Loss: 432.860123
    -> Starting chunk 19/300...
       Finished chunk 19/300 | RMSE: nan | Loss: 111.0242 | Running Mean Loss: 415.921390
    -> Starting chunk 20/300...
       Finished chunk 20/300 | RMSE: 0.013639 | Loss: 15.0144 | Running Mean Loss: 395.876038
    -> Starting chunk 21/300...
       Finished chunk 21/300 | RMSE: 0.014474 | Loss: 11.9306 | Running Mean Loss: 377.592922
    -> Starting chunk 22/300...
       Finished chunk 22/300 | RMSE: 0.016367 | Loss: 479.4070 | Running Mean Loss: 382.220832
    -> Starting chunk 23/300...
       Finished chunk 23/300 | RMSE: nan | Loss: 93.2333 | Running Mean Loss: 369.656155
    -> Starting chunk 24/300...
       Finished chunk 24/300 | RMSE: 0.015382 | Loss: 17.4632 | Running Mean Loss: 354.981450
    -> Starting chunk 25/300...
       Finished chunk 25/300 | RMSE: nan | Loss: 22.0596 | Running Mean Loss: 341.664574
    -> Starting chunk 26/300...
       Finished chunk 26/300 | RMSE: 0.016465 | Loss: 17.0364 | Running Mean Loss: 329.178875
    -> Starting chunk 27/300...
       Finished chunk 27/300 | RMSE: 0.023190 | Loss: 1682.6764 | Running Mean Loss: 379.308412
    -> Starting chunk 28/300...
       Finished chunk 28/300 | RMSE: 0.031393 | Loss: 283.3238 | Running Mean Loss: 375.880391
    -> Starting chunk 29/300...
       Finished chunk 29/300 | RMSE: 0.030038 | Loss: 1234.7074 | Running Mean Loss: 405.495115
    -> Starting chunk 30/300...
       Finished chunk 30/300 | RMSE: 0.013898 | Loss: 19.0295 | Running Mean Loss: 392.612928
    -> Starting chunk 31/300...
       Finished chunk 31/300 | RMSE: 0.021842 | Loss: 54.7650 | Running Mean Loss: 381.714607
    -> Starting chunk 32/300...
       Finished chunk 32/300 | RMSE: 0.017738 | Loss: 7.8441 | Running Mean Loss: 370.031152
    -> Starting chunk 33/300...
       Finished chunk 33/300 | RMSE: nan | Loss: 53.7490 | Running Mean Loss: 360.446846
    -> Starting chunk 34/300...
       Finished chunk 34/300 | RMSE: 0.019958 | Loss: 15.9671 | Running Mean Loss: 350.315087
    -> Starting chunk 35/300...
       Finished chunk 35/300 | RMSE: 0.019421 | Loss: 39.7103 | Running Mean Loss: 341.440666
    -> Starting chunk 36/300...
       Finished chunk 36/300 | RMSE: 0.019456 | Loss: 19.1701 | Running Mean Loss: 332.488705
    -> Starting chunk 37/300...
       Finished chunk 37/300 | RMSE: nan | Loss: 34.5810 | Running Mean Loss: 324.437145
    -> Starting chunk 38/300...
       Finished chunk 38/300 | RMSE: 0.011990 | Loss: 7.9843 | Running Mean Loss: 316.109439
    -> Starting chunk 39/300...
       Finished chunk 39/300 | RMSE: 0.015186 | Loss: 24.1201 | Running Mean Loss: 308.622533
    -> Starting chunk 40/300...
       Finished chunk 40/300 | RMSE: 0.021965 | Loss: 32.3854 | Running Mean Loss: 301.716605
    -> Starting chunk 41/300...
       Finished chunk 41/300 | RMSE: 0.025793 | Loss: 42.3482 | Running Mean Loss: 295.390545
    -> Starting chunk 42/300...
       Finished chunk 42/300 | RMSE: 0.022378 | Loss: 46.2589 | Running Mean Loss: 289.458839
    -> Starting chunk 43/300...
       Finished chunk 43/300 | RMSE: nan | Loss: 261.5538 | Running Mean Loss: 288.809884
    -> Starting chunk 44/300...
       Finished chunk 44/300 | RMSE: 0.021030 | Loss: 30.1500 | Running Mean Loss: 282.931252
    -> Starting chunk 45/300...
       Finished chunk 45/300 | RMSE: 0.012885 | Loss: 12.2969 | Running Mean Loss: 276.917155
    -> Starting chunk 46/300...
       Finished chunk 46/300 | RMSE: nan | Loss: 2263.0696 | Running Mean Loss: 320.094382
    -> Starting chunk 47/300...
       Finished chunk 47/300 | RMSE: 0.025815 | Loss: 48.9151 | Running Mean Loss: 314.324609
    -> Starting chunk 48/300...
       Finished chunk 48/300 | RMSE: 0.032872 | Loss: 124.7796 | Running Mean Loss: 310.375754
    -> Starting chunk 49/300...
       Finished chunk 49/300 | RMSE: 0.014582 | Loss: 7.2472 | Running Mean Loss: 304.189457
    -> Starting chunk 50/300...
       Finished chunk 50/300 | RMSE: 0.028528 | Loss: 85.4514 | Running Mean Loss: 299.814696
    -> Starting chunk 51/300...
       Finished chunk 51/300 | RMSE: 0.027705 | Loss: 66.6363 | Running Mean Loss: 295.242571
    -> Starting chunk 52/300...
       Finished chunk 52/300 | RMSE: 0.021977 | Loss: 64.5627 | Running Mean Loss: 290.806419
    -> Starting chunk 53/300...
       Finished chunk 53/300 | RMSE: 0.027193 | Loss: 142.3148 | Running Mean Loss: 288.004691
    -> Starting chunk 54/300...
       Finished chunk 54/300 | RMSE: nan | Loss: 2766.8274 | Running Mean Loss: 333.908815
    -> Starting chunk 55/300...
       Finished chunk 55/300 | RMSE: 0.021110 | Loss: 79.4447 | Running Mean Loss: 329.282194
    -> Starting chunk 56/300...
       Finished chunk 56/300 | RMSE: 0.028142 | Loss: 51.1643 | Running Mean Loss: 324.315803
    -> Starting chunk 57/300...
       Finished chunk 57/300 | RMSE: 0.018686 | Loss: 62.0461 | Running Mean Loss: 319.714580
    -> Starting chunk 58/300...
       Finished chunk 58/300 | RMSE: 0.025266 | Loss: 21.3094 | Running Mean Loss: 314.569663
    -> Starting chunk 59/300...
       Finished chunk 59/300 | RMSE: 0.016706 | Loss: 11.5457 | Running Mean Loss: 309.433663
    -> Starting chunk 60/300...
       Finished chunk 60/300 | RMSE: nan | Loss: 37.2181 | Running Mean Loss: 304.896736
    -> Starting chunk 61/300...
       Finished chunk 61/300 | RMSE: nan | Loss: 62281.6016 | Running Mean Loss: 1320.908291
    -> Starting chunk 62/300...
       Finished chunk 62/300 | RMSE: 0.025551 | Loss: 4944.6216 | Running Mean Loss: 1379.355279
    -> Starting chunk 63/300...
       Finished chunk 63/300 | RMSE: 0.021322 | Loss: 81.6475 | Running Mean Loss: 1358.756744
    -> Starting chunk 64/300...
       Finished chunk 64/300 | RMSE: 0.019954 | Loss: 40.5695 | Running Mean Loss: 1338.160068
    -> Starting chunk 65/300...
       Finished chunk 65/300 | RMSE: 0.031034 | Loss: 161.9814 | Running Mean Loss: 1320.065012
    -> Starting chunk 66/300...
       Finished chunk 66/300 | RMSE: 0.018017 | Loss: 28.5598 | Running Mean Loss: 1300.496751
    -> Starting chunk 67/300...
       Finished chunk 67/300 | RMSE: 0.021796 | Loss: 68.1102 | Running Mean Loss: 1282.102922
    -> Starting chunk 68/300...
       Finished chunk 68/300 | RMSE: 0.032991 | Loss: 735.2523 | Running Mean Loss: 1274.061002
    -> Starting chunk 69/300...
       Finished chunk 69/300 | RMSE: 0.018612 | Loss: 16.9521 | Running Mean Loss: 1255.842033
    -> Starting chunk 70/300...
       Finished chunk 70/300 | RMSE: nan | Loss: 74.2291 | Running Mean Loss: 1238.961848
    -> Starting chunk 71/300...
       Finished chunk 71/300 | RMSE: nan | Loss: 102.1300 | Running Mean Loss: 1222.950132
    -> Starting chunk 72/300...
       Finished chunk 72/300 | RMSE: 0.018991 | Loss: 33.5718 | Running Mean Loss: 1206.430988
    -> Starting chunk 73/300...
       Finished chunk 73/300 | RMSE: 0.022967 | Loss: 94.9072 | Running Mean Loss: 1191.204635
    -> Starting chunk 74/300...
       Finished chunk 74/300 | RMSE: 0.025042 | Loss: 37.3505 | Running Mean Loss: 1175.612011
    -> Starting chunk 75/300...
       Finished chunk 75/300 | RMSE: 0.018498 | Loss: 23.8027 | Running Mean Loss: 1160.254554
    -> Starting chunk 76/300...
       Finished chunk 76/300 | RMSE: 0.027190 | Loss: 132.0900 | Running Mean Loss: 1146.726073
    -> Starting chunk 77/300...
       Finished chunk 77/300 | RMSE: 0.026110 | Loss: 37.0053 | Running Mean Loss: 1132.314115
    -> Starting chunk 78/300...
       Finished chunk 78/300 | RMSE: 0.026046 | Loss: 57.6419 | Running Mean Loss: 1118.536266
    -> Starting chunk 79/300...
       Finished chunk 79/300 | RMSE: 0.027389 | Loss: 183.2770 | Running Mean Loss: 1106.697541
    -> Starting chunk 80/300...
       Finished chunk 80/300 | RMSE: 0.018293 | Loss: 18.2693 | Running Mean Loss: 1093.092188
    -> Starting chunk 81/300...
       Finished chunk 81/300 | RMSE: 0.022041 | Loss: 54.7978 | Running Mean Loss: 1080.273739
    -> Starting chunk 82/300...
       Finished chunk 82/300 | RMSE: 0.020929 | Loss: 114.9907 | Running Mean Loss: 1068.501994
    -> Starting chunk 83/300...
       Finished chunk 83/300 | RMSE: 0.023920 | Loss: 63.2729 | Running Mean Loss: 1056.390801
    -> Starting chunk 84/300...
       Finished chunk 84/300 | RMSE: 0.012891 | Loss: 34.5359 | Running Mean Loss: 1044.225861
    -> Starting chunk 85/300...
       Finished chunk 85/300 | RMSE: 0.021309 | Loss: 381.2051 | Running Mean Loss: 1036.425618
    -> Starting chunk 86/300...
       Finished chunk 86/300 | RMSE: 0.032725 | Loss: 167.8414 | Running Mean Loss: 1026.325801
    -> Starting chunk 87/300...
       Finished chunk 87/300 | RMSE: nan | Loss: 56.2069 | Running Mean Loss: 1015.175009
    -> Starting chunk 88/300...
       Finished chunk 88/300 | RMSE: 0.016438 | Loss: 31.5485 | Running Mean Loss: 1003.997435
    -> Starting chunk 89/300...
       Finished chunk 89/300 | RMSE: 0.021416 | Loss: 45.8985 | Running Mean Loss: 993.232279
    -> Starting chunk 90/300...
       Finished chunk 90/300 | RMSE: 0.021578 | Loss: 48.1042 | Running Mean Loss: 982.730856
    -> Starting chunk 91/300...
       Finished chunk 91/300 | RMSE: 0.030296 | Loss: 23.8620 | Running Mean Loss: 972.193835
    -> Starting chunk 92/300...
       Finished chunk 92/300 | RMSE: 0.023642 | Loss: 38.9560 | Running Mean Loss: 962.049945
    -> Starting chunk 93/300...
       Finished chunk 93/300 | RMSE: 0.026521 | Loss: 88.8523 | Running Mean Loss: 952.660723
    -> Starting chunk 94/300...
       Finished chunk 94/300 | RMSE: 0.064835 | Loss: 252.3326 | Running Mean Loss: 945.210424
    -> Starting chunk 95/300...
       Finished chunk 95/300 | RMSE: 0.024357 | Loss: 167.8344 | Running Mean Loss: 937.027518
    -> Starting chunk 96/300...
       Finished chunk 96/300 | RMSE: 0.024715 | Loss: 93.8342 | Running Mean Loss: 928.244254
    -> Starting chunk 97/300...
       Finished chunk 97/300 | RMSE: 0.013972 | Loss: 34.0014 | Running Mean Loss: 919.025256
    -> Starting chunk 98/300...
       Finished chunk 98/300 | RMSE: 0.012714 | Loss: 18.5129 | Running Mean Loss: 909.836354
    -> Starting chunk 99/300...
       Finished chunk 99/300 | RMSE: 0.021956 | Loss: 234.8404 | Running Mean Loss: 903.018214
    -> Starting chunk 100/300...
       Finished chunk 100/300 | RMSE: 0.020317 | Loss: 44.5633 | Running Mean Loss: 894.433664
    -> Starting chunk 101/300...
       Finished chunk 101/300 | RMSE: 0.026749 | Loss: 48.9662 | Running Mean Loss: 886.062700
    -> Starting chunk 102/300...
       Finished chunk 102/300 | RMSE: 0.029161 | Loss: 53.3203 | Running Mean Loss: 877.898558
    -> Starting chunk 103/300...
       Finished chunk 103/300 | RMSE: 0.018369 | Loss: 39.9688 | Running Mean Loss: 869.763318
    -> Starting chunk 104/300...
       Finished chunk 104/300 | RMSE: 0.021558 | Loss: 50.0504 | Running Mean Loss: 861.881463
    -> Starting chunk 105/300...
       Finished chunk 105/300 | RMSE: nan | Loss: 2250.2979 | Running Mean Loss: 875.104476
    -> Starting chunk 106/300...
       Finished chunk 106/300 | RMSE: 0.020692 | Loss: 879.8105 | Running Mean Loss: 875.148873
    -> Starting chunk 107/300...
       Finished chunk 107/300 | RMSE: 0.013272 | Loss: 26.0750 | Running Mean Loss: 867.213604
    -> Starting chunk 108/300...
       Finished chunk 108/300 | RMSE: 0.017395 | Loss: 24.0858 | Running Mean Loss: 859.406864
    -> Starting chunk 109/300...
       Finished chunk 109/300 | RMSE: 0.014530 | Loss: 17.7559 | Running Mean Loss: 851.685296
    -> Starting chunk 110/300...
       Finished chunk 110/300 | RMSE: 0.026860 | Loss: 119.0923 | Running Mean Loss: 845.025360
    -> Starting chunk 111/300...
       Finished chunk 111/300 | RMSE: 0.012060 | Loss: 13.2750 | Running Mean Loss: 837.532113
    -> Starting chunk 112/300...
       Finished chunk 112/300 | RMSE: 0.020422 | Loss: 77.9151 | Running Mean Loss: 830.749819
    -> Starting chunk 113/300...
       Finished chunk 113/300 | RMSE: 0.017661 | Loss: 14.7618 | Running Mean Loss: 823.528686
    -> Starting chunk 114/300...
       Finished chunk 114/300 | RMSE: 0.027830 | Loss: 84.3362 | Running Mean Loss: 817.044541
    -> Starting chunk 115/300...
       Finished chunk 115/300 | RMSE: 0.018997 | Loss: 23.4516 | Running Mean Loss: 810.143732
    -> Starting chunk 116/300...
       Finished chunk 116/300 | RMSE: 0.011241 | Loss: 12.2423 | Running Mean Loss: 803.265272
    -> Starting chunk 117/300...
       Finished chunk 117/300 | RMSE: 0.024643 | Loss: 99.4510 | Running Mean Loss: 797.249765
    -> Starting chunk 118/300...
       Finished chunk 118/300 | RMSE: 0.015402 | Loss: 23.9128 | Running Mean Loss: 790.696062
    -> Starting chunk 119/300...
       Finished chunk 119/300 | RMSE: nan | Loss: 631.1873 | Running Mean Loss: 789.355652
    -> Starting chunk 120/300...
       Finished chunk 120/300 | RMSE: 0.011353 | Loss: 5.8424 | Running Mean Loss: 782.826375
    -> Starting chunk 121/300...
       Finished chunk 121/300 | RMSE: nan | Loss: 79.2533 | Running Mean Loss: 777.011722
    -> Starting chunk 122/300...
       Finished chunk 122/300 | RMSE: nan | Loss: 120.1698 | Running Mean Loss: 771.627772
    -> Starting chunk 123/300...
       Finished chunk 123/300 | RMSE: 0.023525 | Loss: 64.5619 | Running Mean Loss: 765.879269
    -> Starting chunk 124/300...
       Finished chunk 124/300 | RMSE: nan | Loss: 97.4678 | Running Mean Loss: 760.488854
    -> Starting chunk 125/300...
       Finished chunk 125/300 | RMSE: 0.034027 | Loss: 650.9101 | Running Mean Loss: 759.612224
    -> Starting chunk 126/300...
       Finished chunk 126/300 | RMSE: nan | Loss: 270.9144 | Running Mean Loss: 755.733670
    -> Starting chunk 127/300...
       Finished chunk 127/300 | RMSE: 0.034200 | Loss: 197.3779 | Running Mean Loss: 751.337167
    -> Starting chunk 128/300...
       Finished chunk 128/300 | RMSE: 0.024649 | Loss: 91.7405 | Running Mean Loss: 746.184069
    -> Starting chunk 129/300...
       Finished chunk 129/300 | RMSE: 0.015660 | Loss: 11.5372 | Running Mean Loss: 740.489132
    -> Starting chunk 130/300...
       Finished chunk 130/300 | RMSE: 0.012590 | Loss: 27.7250 | Running Mean Loss: 735.006330
    -> Starting chunk 131/300...
       Finished chunk 131/300 | RMSE: nan | Loss: 70.2395 | Running Mean Loss: 729.931774
    -> Starting chunk 132/300...
       Finished chunk 132/300 | RMSE: 0.014779 | Loss: 11.5354 | Running Mean Loss: 724.489378
    -> Starting chunk 133/300...
       Finished chunk 133/300 | RMSE: nan | Loss: 24852.0859 | Running Mean Loss: 905.899878
    -> Starting chunk 134/300...
       Finished chunk 134/300 | RMSE: 0.011692 | Loss: 17.9213 | Running Mean Loss: 899.273172
    -> Starting chunk 135/300...
       Finished chunk 135/300 | RMSE: 0.017476 | Loss: 12.1954 | Running Mean Loss: 892.702225
    -> Starting chunk 136/300...
       Finished chunk 136/300 | RMSE: 0.019462 | Loss: 27.0460 | Running Mean Loss: 886.337106
    -> Starting chunk 137/300...
       Finished chunk 137/300 | RMSE: 0.022710 | Loss: 15.7041 | Running Mean Loss: 879.982120
    -> Starting chunk 138/300...
       Finished chunk 138/300 | RMSE: 0.025869 | Loss: 254.3086 | Running Mean Loss: 875.448254
    -> Starting chunk 139/300...
       Finished chunk 139/300 | RMSE: 0.019641 | Loss: 35.3385 | Running Mean Loss: 869.404299
    -> Starting chunk 140/300...
       Finished chunk 140/300 | RMSE: 0.020644 | Loss: 311.2910 | Running Mean Loss: 865.417776
    -> Starting chunk 141/300...
       Finished chunk 141/300 | RMSE: 0.026424 | Loss: 107.2147 | Running Mean Loss: 860.040449
    -> Starting chunk 142/300...
       Finished chunk 142/300 | RMSE: 0.015144 | Loss: 26.7212 | Running Mean Loss: 854.172004
    -> Starting chunk 143/300...
       Finished chunk 143/300 | RMSE: 0.020916 | Loss: 135.8987 | Running Mean Loss: 849.149114
    -> Starting chunk 144/300...
       Finished chunk 144/300 | RMSE: 0.031631 | Loss: 103.2310 | Running Mean Loss: 843.969127
    -> Starting chunk 145/300...
       Finished chunk 145/300 | RMSE: 0.018573 | Loss: 19.8826 | Running Mean Loss: 838.285771
    -> Starting chunk 146/300...
       Finished chunk 146/300 | RMSE: 0.026136 | Loss: 132.8627 | Running Mean Loss: 833.454106
    -> Starting chunk 147/300...
       Finished chunk 147/300 | RMSE: 0.028753 | Loss: 190.9011 | Running Mean Loss: 829.082997
    -> Starting chunk 148/300...
       Finished chunk 148/300 | RMSE: nan | Loss: 62.7161 | Running Mean Loss: 823.904842
    -> Starting chunk 149/300...
       Finished chunk 149/300 | RMSE: 0.014960 | Loss: 13.2613 | Running Mean Loss: 818.464282
    -> Starting chunk 150/300...
       Finished chunk 150/300 | RMSE: 0.014354 | Loss: 23.7514 | Running Mean Loss: 813.166196
    -> Starting chunk 151/300...
       Finished chunk 151/300 | RMSE: nan | Loss: 189.1081 | Running Mean Loss: 809.033361
    -> Starting chunk 152/300...
       Finished chunk 152/300 | RMSE: 0.023664 | Loss: 71.1009 | Running Mean Loss: 804.178542
    -> Starting chunk 153/300...
       Finished chunk 153/300 | RMSE: 0.020410 | Loss: 49.3154 | Running Mean Loss: 799.244796
    -> Starting chunk 154/300...
       Finished chunk 154/300 | RMSE: 0.016375 | Loss: 18.5409 | Running Mean Loss: 794.175290
    -> Starting chunk 155/300...
       Finished chunk 155/300 | RMSE: 0.024884 | Loss: 35.7476 | Running Mean Loss: 789.282208
    -> Starting chunk 156/300...
       Finished chunk 156/300 | RMSE: 0.036063 | Loss: 43.8039 | Running Mean Loss: 784.503501
    -> Starting chunk 157/300...
       Finished chunk 157/300 | RMSE: 0.020653 | Loss: 12.3046 | Running Mean Loss: 779.585037
    -> Starting chunk 158/300...
       Finished chunk 158/300 | RMSE: nan | Loss: 313.8663 | Running Mean Loss: 776.637450
    -> Starting chunk 159/300...
       Finished chunk 159/300 | RMSE: 0.020706 | Loss: 67.8503 | Running Mean Loss: 772.179669
    -> Starting chunk 160/300...
       Finished chunk 160/300 | RMSE: 0.016727 | Loss: 98.3897 | Running Mean Loss: 767.968482
    -> Starting chunk 161/300...
       Finished chunk 161/300 | RMSE: 0.023973 | Loss: 1915.6796 | Running Mean Loss: 775.097122
    -> Starting chunk 162/300...
       Finished chunk 162/300 | RMSE: 0.016485 | Loss: 25.6202 | Running Mean Loss: 770.470722
    -> Starting chunk 163/300...
       Finished chunk 163/300 | RMSE: 0.024656 | Loss: 84.5687 | Running Mean Loss: 766.262734
    -> Starting chunk 164/300...
       Finished chunk 164/300 | RMSE: 0.025272 | Loss: 118.3204 | Running Mean Loss: 762.311866
    -> Starting chunk 165/300...
       Finished chunk 165/300 | RMSE: 0.031965 | Loss: 27.1012 | Running Mean Loss: 757.856044
    -> Starting chunk 166/300...
       Finished chunk 166/300 | RMSE: 0.020768 | Loss: 82.8840 | Running Mean Loss: 753.789947
    -> Starting chunk 167/300...
       Finished chunk 167/300 | RMSE: 0.025134 | Loss: 27.0750 | Running Mean Loss: 749.438361
    -> Starting chunk 168/300...
       Finished chunk 168/300 | RMSE: 0.014141 | Loss: 15.9097 | Running Mean Loss: 745.072118
    -> Starting chunk 169/300...
       Finished chunk 169/300 | RMSE: 0.029614 | Loss: 217.8928 | Running Mean Loss: 741.952714
    -> Starting chunk 170/300...
       Finished chunk 170/300 | RMSE: 0.032621 | Loss: 157.9444 | Running Mean Loss: 738.517371
    -> Starting chunk 171/300...
       Finished chunk 171/300 | RMSE: 0.013414 | Loss: 13.5379 | Running Mean Loss: 734.277725
    -> Starting chunk 172/300...
       Finished chunk 172/300 | RMSE: 0.015532 | Loss: 12.2365 | Running Mean Loss: 730.079811
    -> Starting chunk 173/300...
       Finished chunk 173/300 | RMSE: 0.016177 | Loss: 89.5865 | Running Mean Loss: 726.377537
    -> Starting chunk 174/300...
       Finished chunk 174/300 | RMSE: 0.015571 | Loss: 16.1558 | Running Mean Loss: 722.295803
    -> Starting chunk 175/300...
       Finished chunk 175/300 | RMSE: nan | Loss: 5331.9902 | Running Mean Loss: 748.636914
    -> Starting chunk 176/300...
       Finished chunk 176/300 | RMSE: 0.012760 | Loss: 8.4872 | Running Mean Loss: 744.431518
    -> Starting chunk 177/300...
       Finished chunk 177/300 | RMSE: 0.017052 | Loss: 30.8704 | Running Mean Loss: 740.400099
    -> Starting chunk 178/300...
       Finished chunk 178/300 | RMSE: 0.024526 | Loss: 58.6007 | Running Mean Loss: 736.569765
    -> Starting chunk 179/300...
       Finished chunk 179/300 | RMSE: 0.024522 | Loss: 31.5896 | Running Mean Loss: 732.631329
    -> Starting chunk 180/300...
       Finished chunk 180/300 | RMSE: nan | Loss: 339.3650 | Running Mean Loss: 730.446516
    -> Starting chunk 181/300...
       Finished chunk 181/300 | RMSE: 0.033508 | Loss: 156.1736 | Running Mean Loss: 727.273738
    -> Starting chunk 182/300...
       Finished chunk 182/300 | RMSE: 0.024304 | Loss: 460.7573 | Running Mean Loss: 725.809362
    -> Starting chunk 183/300...
       Finished chunk 183/300 | RMSE: 0.023988 | Loss: 63.9114 | Running Mean Loss: 722.192433
    -> Starting chunk 184/300...
       Finished chunk 184/300 | RMSE: 0.017004 | Loss: 39.7172 | Running Mean Loss: 718.483328
    -> Starting chunk 185/300...
       Finished chunk 185/300 | RMSE: 0.027101 | Loss: 44.7951 | Running Mean Loss: 714.841770
    -> Starting chunk 186/300...
       Finished chunk 186/300 | RMSE: 0.028074 | Loss: 872.0698 | Running Mean Loss: 715.687082
    -> Starting chunk 187/300...
       Finished chunk 187/300 | RMSE: 0.025144 | Loss: 101.0688 | Running Mean Loss: 712.400353
    -> Starting chunk 188/300...
       Finished chunk 188/300 | RMSE: 0.044524 | Loss: 371.1075 | Running Mean Loss: 710.584966
    -> Starting chunk 189/300...
       Finished chunk 189/300 | RMSE: 0.019861 | Loss: 26.9314 | Running Mean Loss: 706.967751
    -> Starting chunk 190/300...
       Finished chunk 190/300 | RMSE: 0.025522 | Loss: 84.7218 | Running Mean Loss: 703.692773
    -> Starting chunk 191/300...
       Finished chunk 191/300 | RMSE: 0.026307 | Loss: 82.0286 | Running Mean Loss: 700.437987
    -> Starting chunk 192/300...
       Finished chunk 192/300 | RMSE: nan | Loss: 39306.7734 | Running Mean Loss: 901.512651
    -> Starting chunk 193/300...
       Finished chunk 193/300 | RMSE: 0.017961 | Loss: 41.2528 | Running Mean Loss: 897.055346
    -> Starting chunk 194/300...
       Finished chunk 194/300 | RMSE: 0.019130 | Loss: 67.8769 | Running Mean Loss: 892.781230
    -> Starting chunk 195/300...
       Finished chunk 195/300 | RMSE: 0.029842 | Loss: 116.6192 | Running Mean Loss: 888.800911
    -> Starting chunk 196/300...
       Finished chunk 196/300 | RMSE: 0.023655 | Loss: 71.7021 | Running Mean Loss: 884.632040
    -> Starting chunk 197/300...
       Finished chunk 197/300 | RMSE: nan | Loss: 36.9218 | Running Mean Loss: 880.328942
    -> Starting chunk 198/300...
       Finished chunk 198/300 | RMSE: 0.034394 | Loss: 352.6796 | Running Mean Loss: 877.664047
    -> Starting chunk 199/300...
       Finished chunk 199/300 | RMSE: nan | Loss: 11489.4355 | Running Mean Loss: 930.989531
    -> Starting chunk 200/300...
       Finished chunk 200/300 | RMSE: 0.022534 | Loss: 89.9718 | Running Mean Loss: 926.784443
    -> Starting chunk 201/300...
       Finished chunk 201/300 | RMSE: 0.020870 | Loss: 36.9429 | Running Mean Loss: 922.357370
    -> Starting chunk 202/300...
       Finished chunk 202/300 | RMSE: 0.019974 | Loss: 45.9140 | Running Mean Loss: 918.018542
    -> Starting chunk 203/300...
       Finished chunk 203/300 | RMSE: 0.028709 | Loss: 88.0443 | Running Mean Loss: 913.929998
    -> Starting chunk 204/300...
       Finished chunk 204/300 | RMSE: 0.018007 | Loss: 929.6829 | Running Mean Loss: 914.007219
    -> Starting chunk 205/300...
       Finished chunk 205/300 | RMSE: nan | Loss: 141.5612 | Running Mean Loss: 910.239189
    -> Starting chunk 206/300...
       Finished chunk 206/300 | RMSE: 0.018001 | Loss: 15.9414 | Running Mean Loss: 905.897938
    -> Starting chunk 207/300...
       Finished chunk 207/300 | RMSE: 0.020422 | Loss: 36.2245 | Running Mean Loss: 901.696617
    -> Starting chunk 208/300...
       Finished chunk 208/300 | RMSE: 0.020057 | Loss: 25.4015 | Running Mean Loss: 897.483660
    -> Starting chunk 209/300...
       Finished chunk 209/300 | RMSE: nan | Loss: 300.4436 | Running Mean Loss: 894.627009
    -> Starting chunk 210/300...
       Finished chunk 210/300 | RMSE: 0.015919 | Loss: 16.3270 | Running Mean Loss: 890.444628
    -> Starting chunk 211/300...
       Finished chunk 211/300 | RMSE: 0.017452 | Loss: 38.3222 | Running Mean Loss: 886.406133
    -> Starting chunk 212/300...
       Finished chunk 212/300 | RMSE: nan | Loss: 1097.4550 | Running Mean Loss: 887.401646
    -> Starting chunk 213/300...
       Finished chunk 213/300 | RMSE: 0.016257 | Loss: 35.6103 | Running Mean Loss: 883.402626
    -> Starting chunk 214/300...
       Finished chunk 214/300 | RMSE: 0.019466 | Loss: 137.0618 | Running Mean Loss: 879.915052
    -> Starting chunk 215/300...
       Finished chunk 215/300 | RMSE: nan | Loss: 5415.3608 | Running Mean Loss: 901.010148
    -> Starting chunk 216/300...
       Finished chunk 216/300 | RMSE: 0.039886 | Loss: 199.3417 | Running Mean Loss: 897.761683
    -> Starting chunk 217/300...
       Finished chunk 217/300 | RMSE: 0.026034 | Loss: 137.8526 | Running Mean Loss: 894.259798
    -> Starting chunk 218/300...
       Finished chunk 218/300 | RMSE: 0.020188 | Loss: 101.3239 | Running Mean Loss: 890.622477
    -> Starting chunk 219/300...
       Finished chunk 219/300 | RMSE: 0.022619 | Loss: 43.7716 | Running Mean Loss: 886.755578
    -> Starting chunk 220/300...
       Finished chunk 220/300 | RMSE: 0.024063 | Loss: 71.5446 | Running Mean Loss: 883.050074
    -> Starting chunk 221/300...
       Finished chunk 221/300 | RMSE: 0.016040 | Loss: 16.3101 | Running Mean Loss: 879.128173
    -> Starting chunk 222/300...
       Finished chunk 222/300 | RMSE: 0.019839 | Loss: 38.6462 | Running Mean Loss: 875.342218
    -> Starting chunk 223/300...
       Finished chunk 223/300 | RMSE: nan | Loss: 304.9940 | Running Mean Loss: 872.784603
    -> Starting chunk 224/300...
       Finished chunk 224/300 | RMSE: 0.021520 | Loss: 74.7568 | Running Mean Loss: 869.221979
    -> Starting chunk 225/300...
       Finished chunk 225/300 | RMSE: 0.021544 | Loss: 309.6115 | Running Mean Loss: 866.734821
    -> Starting chunk 226/300...
       Finished chunk 226/300 | RMSE: 0.019877 | Loss: 15.7987 | Running Mean Loss: 862.969617
    -> Starting chunk 227/300...
       Finished chunk 227/300 | RMSE: nan | Loss: 35.6764 | Running Mean Loss: 859.325154
    -> Starting chunk 228/300...
       Finished chunk 228/300 | RMSE: 0.022423 | Loss: 42.4000 | Running Mean Loss: 855.742148
    -> Starting chunk 229/300...
       Finished chunk 229/300 | RMSE: 0.018526 | Loss: 43.3578 | Running Mean Loss: 852.194618
    -> Starting chunk 230/300...
       Finished chunk 230/300 | RMSE: 0.013015 | Loss: 7.5375 | Running Mean Loss: 848.522196
    -> Starting chunk 231/300...
       Finished chunk 231/300 | RMSE: 0.016828 | Loss: 18.1843 | Running Mean Loss: 844.927660
    -> Starting chunk 232/300...
       Finished chunk 232/300 | RMSE: 0.021808 | Loss: 52.0576 | Running Mean Loss: 841.510116
    -> Starting chunk 233/300...
       Finished chunk 233/300 | RMSE: 0.018595 | Loss: 37.0235 | Running Mean Loss: 838.057384
    -> Starting chunk 234/300...
       Finished chunk 234/300 | RMSE: 0.024165 | Loss: 144.2670 | Running Mean Loss: 835.092468
    -> Starting chunk 235/300...
       Finished chunk 235/300 | RMSE: 0.019549 | Loss: 28.5866 | Running Mean Loss: 831.660528
    -> Starting chunk 236/300...
       Finished chunk 236/300 | RMSE: nan | Loss: 68.0334 | Running Mean Loss: 828.424820
    -> Starting chunk 237/300...
       Finished chunk 237/300 | RMSE: 0.012660 | Loss: 10.0615 | Running Mean Loss: 824.971810
    -> Starting chunk 238/300...
       Finished chunk 238/300 | RMSE: 0.016061 | Loss: 22.1351 | Running Mean Loss: 821.598547
    -> Starting chunk 239/300...
       Finished chunk 239/300 | RMSE: 0.019199 | Loss: 18.8167 | Running Mean Loss: 818.239627
    -> Starting chunk 240/300...
       Finished chunk 240/300 | RMSE: 0.022535 | Loss: 47.3510 | Running Mean Loss: 815.027591
    -> Starting chunk 241/300...
       Finished chunk 241/300 | RMSE: 0.024147 | Loss: 54.4666 | Running Mean Loss: 811.871736
    -> Starting chunk 242/300...
       Finished chunk 242/300 | RMSE: 0.021097 | Loss: 32.7817 | Running Mean Loss: 808.652356
    -> Starting chunk 243/300...
       Finished chunk 243/300 | RMSE: 0.025400 | Loss: 62.2830 | Running Mean Loss: 805.580877
    -> Starting chunk 244/300...
       Finished chunk 244/300 | RMSE: 0.020738 | Loss: 43.1422 | Running Mean Loss: 802.456128
    -> Starting chunk 245/300...
       Finished chunk 245/300 | RMSE: 0.023857 | Loss: 110.2735 | Running Mean Loss: 799.630893
    -> Starting chunk 246/300...
       Finished chunk 246/300 | RMSE: 0.020696 | Loss: 85.7348 | Running Mean Loss: 796.728876
    -> Starting chunk 247/300...
       Finished chunk 247/300 | RMSE: 0.028786 | Loss: 3420.6030 | Running Mean Loss: 807.351849
    -> Starting chunk 248/300...
       Finished chunk 248/300 | RMSE: 0.023782 | Loss: 247.7624 | Running Mean Loss: 805.095439
    -> Starting chunk 249/300...
       Finished chunk 249/300 | RMSE: 0.015037 | Loss: 25.1307 | Running Mean Loss: 801.963051
    -> Starting chunk 250/300...
       Finished chunk 250/300 | RMSE: 0.015422 | Loss: 29.6834 | Running Mean Loss: 798.873932
    -> Starting chunk 251/300...
       Finished chunk 251/300 | RMSE: 0.022422 | Loss: 64.2505 | Running Mean Loss: 795.947146
    -> Starting chunk 252/300...
       Finished chunk 252/300 | RMSE: 0.014458 | Loss: 17.4046 | Running Mean Loss: 792.857691
    -> Starting chunk 253/300...
       Finished chunk 253/300 | RMSE: 0.013311 | Loss: 59.7357 | Running Mean Loss: 789.959976
    -> Starting chunk 254/300...
       Finished chunk 254/300 | RMSE: 0.022891 | Loss: 220.6767 | Running Mean Loss: 787.718703
    -> Starting chunk 255/300...
       Finished chunk 255/300 | RMSE: 0.020810 | Loss: 88.1477 | Running Mean Loss: 784.975288
    -> Starting chunk 256/300...
       Finished chunk 256/300 | RMSE: 0.020743 | Loss: 17.4088 | Running Mean Loss: 781.976981
    -> Starting chunk 257/300...
       Finished chunk 257/300 | RMSE: 0.018242 | Loss: 56.1665 | Running Mean Loss: 779.152816
    -> Starting chunk 258/300...
       Finished chunk 258/300 | RMSE: 0.015282 | Loss: 15.9502 | Running Mean Loss: 776.194666
    -> Starting chunk 259/300...
       Finished chunk 259/300 | RMSE: 0.020070 | Loss: 63.1334 | Running Mean Loss: 773.441534
    -> Starting chunk 260/300...
       Finished chunk 260/300 | RMSE: 0.020145 | Loss: 45.5747 | Running Mean Loss: 770.642046
    -> Starting chunk 261/300...
       Finished chunk 261/300 | RMSE: 0.023177 | Loss: 24.4916 | Running Mean Loss: 767.783232
    -> Starting chunk 262/300...
       Finished chunk 262/300 | RMSE: nan | Loss: 49.2746 | Running Mean Loss: 765.040833
    -> Starting chunk 263/300...
       Finished chunk 263/300 | RMSE: 0.009692 | Loss: 5.5535 | Running Mean Loss: 762.153049
    -> Starting chunk 264/300...
       Finished chunk 264/300 | RMSE: 0.017857 | Loss: 34.4322 | Running Mean Loss: 759.396530
    -> Starting chunk 265/300...
       Finished chunk 265/300 | RMSE: 0.011659 | Loss: 8.6023 | Running Mean Loss: 756.563344
    -> Starting chunk 266/300...
       Finished chunk 266/300 | RMSE: 0.013960 | Loss: 27.6744 | Running Mean Loss: 753.823160
    -> Starting chunk 267/300...
       Finished chunk 267/300 | RMSE: 0.012182 | Loss: 15.4525 | Running Mean Loss: 751.057727
    -> Starting chunk 268/300...
       Finished chunk 268/300 | RMSE: 0.021891 | Loss: 67.3265 | Running Mean Loss: 748.506491
    -> Starting chunk 269/300...
       Finished chunk 269/300 | RMSE: 0.012550 | Loss: 7.2690 | Running Mean Loss: 745.750961
    -> Starting chunk 270/300...
       Finished chunk 270/300 | RMSE: 0.012831 | Loss: 9.6397 | Running Mean Loss: 743.024623
    -> Starting chunk 271/300...
       Finished chunk 271/300 | RMSE: 0.022782 | Loss: 67.9949 | Running Mean Loss: 740.533739
    -> Starting chunk 272/300...
       Finished chunk 272/300 | RMSE: 0.024630 | Loss: 36.6252 | Running Mean Loss: 737.945839
    -> Starting chunk 273/300...
       Finished chunk 273/300 | RMSE: 0.023216 | Loss: 45.6390 | Running Mean Loss: 735.409917
    -> Starting chunk 274/300...
       Finished chunk 274/300 | RMSE: 0.022293 | Loss: 130.2439 | Running Mean Loss: 733.201282
    -> Starting chunk 275/300...
       Finished chunk 275/300 | RMSE: 0.011458 | Loss: 16.9653 | Running Mean Loss: 730.596787
    -> Starting chunk 276/300...
       Finished chunk 276/300 | RMSE: nan | Loss: 3728.4810 | Running Mean Loss: 741.458686
    -> Starting chunk 277/300...
       Finished chunk 277/300 | RMSE: 0.022861 | Loss: 43.5449 | Running Mean Loss: 738.939142
    -> Starting chunk 278/300...
       Finished chunk 278/300 | RMSE: 0.019523 | Loss: 117.7373 | Running Mean Loss: 736.704603
    -> Starting chunk 279/300...
       Finished chunk 279/300 | RMSE: 0.015185 | Loss: 33.5389 | Running Mean Loss: 734.184296
    -> Starting chunk 280/300...
       Finished chunk 280/300 | RMSE: 0.027703 | Loss: 1341.7635 | Running Mean Loss: 736.354221
    -> Starting chunk 281/300...
       Finished chunk 281/300 | RMSE: 0.013638 | Loss: 16.8479 | Running Mean Loss: 733.793701
    -> Starting chunk 282/300...
       Finished chunk 282/300 | RMSE: 0.027137 | Loss: 21.1633 | Running Mean Loss: 731.266642
    -> Starting chunk 283/300...
       Finished chunk 283/300 | RMSE: 0.026010 | Loss: 315.3172 | Running Mean Loss: 729.796856
    -> Starting chunk 284/300...
       Finished chunk 284/300 | RMSE: 0.022294 | Loss: 62.0860 | Running Mean Loss: 727.445762
    -> Starting chunk 285/300...
       Finished chunk 285/300 | RMSE: 0.024301 | Loss: 20.7802 | Running Mean Loss: 724.966234
    -> Starting chunk 286/300...
       Finished chunk 286/300 | RMSE: 0.016854 | Loss: 16.3831 | Running Mean Loss: 722.488670
    -> Starting chunk 287/300...
       Finished chunk 287/300 | RMSE: 0.017379 | Loss: 24.1794 | Running Mean Loss: 720.055537
    -> Starting chunk 288/300...
       Finished chunk 288/300 | RMSE: 0.020958 | Loss: 84.4758 | Running Mean Loss: 717.848663
    -> Starting chunk 289/300...
       Finished chunk 289/300 | RMSE: 0.025067 | Loss: 75.5591 | Running Mean Loss: 715.626208
    -> Starting chunk 290/300...
       Finished chunk 290/300 | RMSE: 0.018368 | Loss: 59.4421 | Running Mean Loss: 713.363504
    -> Starting chunk 291/300...
       Finished chunk 291/300 | RMSE: 0.013469 | Loss: 60.6330 | Running Mean Loss: 711.120444
    -> Starting chunk 292/300...
       Finished chunk 292/300 | RMSE: 0.020491 | Loss: 50.6063 | Running Mean Loss: 708.858409
    -> Starting chunk 293/300...
       Finished chunk 293/300 | RMSE: 0.018038 | Loss: 88.6082 | Running Mean Loss: 706.741514
    -> Starting chunk 294/300...
       Finished chunk 294/300 | RMSE: 0.017976 | Loss: 32.2632 | Running Mean Loss: 704.447370
    -> Starting chunk 295/300...
       Finished chunk 295/300 | RMSE: 0.021385 | Loss: 46.6678 | Running Mean Loss: 702.217609
    -> Starting chunk 296/300...
       Finished chunk 296/300 | RMSE: 0.012473 | Loss: 12.0259 | Running Mean Loss: 699.885880
    -> Starting chunk 297/300...
       Finished chunk 297/300 | RMSE: 0.027699 | Loss: 858.4575 | Running Mean Loss: 700.419791
    -> Starting chunk 298/300...
       Finished chunk 298/300 | RMSE: 0.022890 | Loss: 40.1576 | Running Mean Loss: 698.204146
    -> Starting chunk 299/300...
       Finished chunk 299/300 | RMSE: 0.046232 | Loss: 251.7533 | Running Mean Loss: 696.710999
    -> Starting chunk 300/300...
       Finished chunk 300/300 | RMSE: 0.019546 | Loss: 41.7824 | Running Mean Loss: 694.527904
  => Mean RMSE: 0.021401, Mean Loss (-ELBO): 694.527904 (259/300 chunks succeeded)

============================================================
RANDOMIZED SEARCH COMPLETE
============================================================
Results saved to: /pfs/data6/home/ka/ka_iai/ka_bj2362/dsr/svise/results_hp_tuning/run_SLURM_3687214/hp_tuning_combo_038.csv

Best combination (combo #39):
  model: integrator
  sigma: 0
  degree: 1
  tau: 0.001
  lr: 0.0001
  n_tau: 200
  measurement_noise: 0.001
  n_reparam_samples: 50
  Mean Loss (-ELBO): 694.527904
  Mean RMSE (omega): 0.021401
Best hyperparams saved to: /pfs/data6/home/ka/ka_iai/ka_bj2362/dsr/svise/results_hp_tuning/run_SLURM_3687214/combo_038.json
============================================================

============================= JOB FEEDBACK =============================

NodeName=uc3n050
Job ID: 3696575
Array Job ID: 3687214_38
Cluster: uc3
User/Group: ka_bj2362/ka_iai
State: COMPLETED (exit code 0)
Nodes: 1
Cores per node: 20
CPU Utilized: 20:09:05
CPU Efficiency: 4.96% of 16-22:39:20 core-walltime
Job Wall-clock time: 20:19:58
Memory Utilized: 1.66 GB
Memory Efficiency: 10.36% of 16.00 GB (16.00 GB/node)
