Loading data from /pfs/data6/home/ka/ka_iai/ka_bj2362/dsr/svise/../dataset/South_Korea_2024-08-15_2025-08-31_1s.parquet...
Filtering for valid 5-minute chunks in the 9:00-10:00 window...
Found 4453 total valid 9:00-10:00 chunks.
Randomly sampled 300 chunks using seed 42.

============================================================
HYPERPARAMETER RANDOMIZED SEARCH
============================================================
Total search space: 2025 combinations
Evaluating: 60 combinations (RANDOMIZED)
Chunks per combination: 300
Total training runs: 18000
Early stopping: patience=300, max_epochs=10000
Random seed: 42
============================================================


============================================================
Combo 1/60: {'model': 'integrator', 'sigma': 0, 'degree': 2, 'tau': 0.1, 'lr': 0.001, 'n_tau': 200, 'measurement_noise': 1e-05, 'n_reparam_samples': 30}
============================================================
    -> Starting chunk 1/300...
/pfs/data6/home/ka/ka_iai/ka_bj2362/dsr/svise/svise/sde_learning/_marginal_sde.py:284: UserWarning: torch.triangular_solve is deprecated in favor of torch.linalg.solve_triangularand will be removed in a future PyTorch release.
torch.linalg.solve_triangular has its arguments reversed and does not return a copy of one of the inputs.
X = torch.triangular_solve(B, A).solution
should be replaced with
X = torch.linalg.solve_triangular(A, B). (Triggered internally at ../aten/src/ATen/native/BatchLinearAlgebra.cpp:2192.)
  return torch.triangular_solve(self.raw_w, self.C.t()).solution
/pfs/data6/home/ka/ka_iai/ka_bj2362/dsr/svise/svise/quadrature/_unbiased_quadrature.py:196: UserWarning: Interp is nan, reducing interp degree.
  warnings.warn("Interp is nan, reducing interp degree.")
       Finished chunk 1/300 | RMSE: 0.004474 | Loss: 125.1630 | Running Mean Loss: 125.163033
    -> Starting chunk 2/300...
       Finished chunk 2/300 | RMSE: 0.007903 | Loss: 1510.8192 | Running Mean Loss: 817.991123
    -> Starting chunk 3/300...
       Finished chunk 3/300 | RMSE: 0.002853 | Loss: 137.8025 | Running Mean Loss: 591.261589
    -> Starting chunk 4/300...
       Finished chunk 4/300 | RMSE: 0.002128 | Loss: 64.9868 | Running Mean Loss: 459.692896
    -> Starting chunk 5/300...
       Finished chunk 5/300 | RMSE: 0.002612 | Loss: 46.2901 | Running Mean Loss: 377.012328
    -> Starting chunk 6/300...
       Finished chunk 6/300 | RMSE: 0.004623 | Loss: 285.6458 | Running Mean Loss: 361.784581
    -> Starting chunk 7/300...
       Finished chunk 7/300 | RMSE: 0.005552 | Loss: 157.1979 | Running Mean Loss: 332.557917
    -> Starting chunk 8/300...
/pfs/data6/home/ka/ka_iai/ka_bj2362/dsr/svise/svise/quadrature/_unbiased_quadrature.py:174: UserWarning: NaN detected in fxq (quadrature node evaluations). Clamping to 0.
  warnings.warn("NaN detected in fxq (quadrature node evaluations). Clamping to 0.")
/pfs/data6/home/ka/ka_iai/ka_bj2362/dsr/svise/svise/quadrature/_unbiased_quadrature.py:177: UserWarning: NaN detected in fmc (Monte-Carlo node evaluations). Clamping to 0.
  warnings.warn("NaN detected in fmc (Monte-Carlo node evaluations). Clamping to 0.")
       Finished chunk 8/300 | RMSE: 0.003875 | Loss: 133.7519 | Running Mean Loss: 307.707170
    -> Starting chunk 9/300...
       Finished chunk 9/300 | RMSE: 0.003315 | Loss: 67.4242 | Running Mean Loss: 281.009062
    -> Starting chunk 10/300...
       Finished chunk 10/300 | RMSE: 0.003672 | Loss: 380.7921 | Running Mean Loss: 290.987361
    -> Starting chunk 11/300...
       Finished chunk 11/300 | RMSE: 0.003792 | Loss: 230.1683 | Running Mean Loss: 285.458357
    -> Starting chunk 12/300...
       Finished chunk 12/300 | RMSE: 0.003468 | Loss: 120.0756 | Running Mean Loss: 271.676461
    -> Starting chunk 13/300...
       Finished chunk 13/300 | RMSE: 0.002255 | Loss: 52.8677 | Running Mean Loss: 254.845020
    -> Starting chunk 14/300...
       Finished chunk 14/300 | RMSE: 0.002139 | Loss: 36.3597 | Running Mean Loss: 239.238925
    -> Starting chunk 15/300...
       Finished chunk 15/300 | RMSE: nan | Loss: 422855.7812 | Running Mean Loss: 28413.675080
    -> Starting chunk 16/300...
       Finished chunk 16/300 | RMSE: 0.002557 | Loss: 53.5039 | Running Mean Loss: 26641.164380
    -> Starting chunk 17/300...
       Finished chunk 17/300 | RMSE: 0.003694 | Loss: 139.9077 | Running Mean Loss: 25082.266926
    -> Starting chunk 18/300...
       Finished chunk 18/300 | RMSE: nan | Loss: 622.9837 | Running Mean Loss: 23723.417858
    -> Starting chunk 19/300...
       Finished chunk 19/300 | RMSE: 0.002846 | Loss: 92.6947 | Running Mean Loss: 22479.695589
    -> Starting chunk 20/300...
       Finished chunk 20/300 | RMSE: 0.002266 | Loss: 48.6187 | Running Mean Loss: 21358.141743
    -> Starting chunk 21/300...
       Finished chunk 21/300 | RMSE: 0.002586 | Loss: 48.1842 | Running Mean Loss: 20343.381860
    -> Starting chunk 22/300...
       Finished chunk 22/300 | RMSE: 0.015766 | Loss: 13614.2109 | Running Mean Loss: 20037.510454
    -> Starting chunk 23/300...
       Finished chunk 23/300 | RMSE: 0.003709 | Loss: 135.7348 | Running Mean Loss: 19172.215862
    -> Starting chunk 24/300...
       Finished chunk 24/300 | RMSE: 0.002487 | Loss: 51.6688 | Running Mean Loss: 18375.526400
    -> Starting chunk 25/300...
       Finished chunk 25/300 | RMSE: 0.002438 | Loss: 42.4688 | Running Mean Loss: 17642.204094
    -> Starting chunk 26/300...
       Finished chunk 26/300 | RMSE: 0.002973 | Loss: 62.1537 | Running Mean Loss: 16966.048309
    -> Starting chunk 27/300...
       Finished chunk 27/300 | RMSE: 0.007207 | Loss: 3293.1399 | Running Mean Loss: 16459.644294
    -> Starting chunk 28/300...
       Finished chunk 28/300 | RMSE: 0.004204 | Loss: 389.6701 | Running Mean Loss: 15885.716643
    -> Starting chunk 29/300...
       Finished chunk 29/300 | RMSE: 0.020772 | Loss: 7667.2764 | Running Mean Loss: 15602.322151
    -> Starting chunk 30/300...
       Finished chunk 30/300 | RMSE: 0.002887 | Loss: 91.6982 | Running Mean Loss: 15085.301351
    -> Starting chunk 31/300...
       Finished chunk 31/300 | RMSE: 0.004570 | Loss: 276.0994 | Running Mean Loss: 14607.585160
    -> Starting chunk 32/300...
       Finished chunk 32/300 | RMSE: 0.005554 | Loss: 111.2686 | Running Mean Loss: 14154.575269
    -> Starting chunk 33/300...
       Finished chunk 33/300 | RMSE: 0.002993 | Loss: 81.5898 | Running Mean Loss: 13728.121165
    -> Starting chunk 34/300...
       Finished chunk 34/300 | RMSE: 0.003588 | Loss: 58.8350 | Running Mean Loss: 13326.083336
    -> Starting chunk 35/300...
       Finished chunk 35/300 | RMSE: 0.003442 | Loss: 136.2624 | Running Mean Loss: 12949.231309
    -> Starting chunk 36/300...
       Finished chunk 36/300 | RMSE: 0.002878 | Loss: 50.3137 | Running Mean Loss: 12590.928043
    -> Starting chunk 37/300...
       Finished chunk 37/300 | RMSE: 0.003073 | Loss: 147.9107 | Running Mean Loss: 12254.630278
    -> Starting chunk 38/300...
       Finished chunk 38/300 | RMSE: 0.002040 | Loss: 26.2741 | Running Mean Loss: 11932.831431
    -> Starting chunk 39/300...
       Finished chunk 39/300 | RMSE: 0.002040 | Loss: 48.7507 | Running Mean Loss: 11628.111413
    -> Starting chunk 40/300...
       Finished chunk 40/300 | RMSE: 0.005785 | Loss: 247.5023 | Running Mean Loss: 11343.596186
    -> Starting chunk 41/300...
       Finished chunk 41/300 | RMSE: 0.004028 | Loss: 115.2724 | Running Mean Loss: 11069.734631
    -> Starting chunk 42/300...
       Finished chunk 42/300 | RMSE: 0.002290 | Loss: 52.9529 | Running Mean Loss: 10807.430304
    -> Starting chunk 43/300...
       Finished chunk 43/300 | RMSE: 0.003592 | Loss: 214.5259 | Running Mean Loss: 10561.083690
    -> Starting chunk 44/300...
       Finished chunk 44/300 | RMSE: 0.002500 | Loss: 46.5730 | Running Mean Loss: 10322.117537
    -> Starting chunk 45/300...
       Finished chunk 45/300 | RMSE: 0.002461 | Loss: 52.7829 | Running Mean Loss: 10093.910100
    -> Starting chunk 46/300...
       Finished chunk 46/300 | RMSE: 0.006675 | Loss: 1237.3961 | Running Mean Loss: 9901.377188
    -> Starting chunk 47/300...
       Finished chunk 47/300 | RMSE: 0.003386 | Loss: 97.0283 | Running Mean Loss: 9692.774020
    -> Starting chunk 48/300...
       Finished chunk 48/300 | RMSE: 0.004233 | Loss: 220.2563 | Running Mean Loss: 9495.429900
    -> Starting chunk 49/300...
       Finished chunk 49/300 | RMSE: 0.004198 | Loss: 84.1061 | Running Mean Loss: 9303.362067
    -> Starting chunk 50/300...
       Finished chunk 50/300 | RMSE: 0.005103 | Loss: 297.6073 | Running Mean Loss: 9123.246971
    -> Starting chunk 51/300...
       Finished chunk 51/300 | RMSE: 0.002252 | Loss: 49.1301 | Running Mean Loss: 8945.323111
    -> Starting chunk 52/300...
       Finished chunk 52/300 | RMSE: 0.003111 | Loss: 141.9876 | Running Mean Loss: 8776.028198
    -> Starting chunk 53/300...
       Finished chunk 53/300 | RMSE: 0.005843 | Loss: 583.1614 | Running Mean Loss: 8621.445805
    -> Starting chunk 54/300...
       Finished chunk 54/300 | RMSE: 0.005226 | Loss: 576.2801 | Running Mean Loss: 8472.461255
    -> Starting chunk 55/300...
       Finished chunk 55/300 | RMSE: 0.003588 | Loss: 241.4267 | Running Mean Loss: 8322.806080
    -> Starting chunk 56/300...
       Finished chunk 56/300 | RMSE: 0.002638 | Loss: 49.6000 | Running Mean Loss: 8175.070257
    -> Starting chunk 57/300...
       Finished chunk 57/300 | RMSE: 0.003553 | Loss: 203.8164 | Running Mean Loss: 8035.223698
    -> Starting chunk 58/300...
       Finished chunk 58/300 | RMSE: 0.003255 | Loss: 39.8213 | Running Mean Loss: 7897.371933
    -> Starting chunk 59/300...
       Finished chunk 59/300 | RMSE: 0.004414 | Loss: 95.2807 | Running Mean Loss: 7765.133099
    -> Starting chunk 60/300...
       Finished chunk 60/300 | RMSE: 0.003505 | Loss: 86.7227 | Running Mean Loss: 7637.159593
    -> Starting chunk 61/300...
       Finished chunk 61/300 | RMSE: 0.005898 | Loss: 1105.7839 | Running Mean Loss: 7530.087861
    -> Starting chunk 62/300...
       Finished chunk 62/300 | RMSE: 0.014095 | Loss: 12088.0137 | Running Mean Loss: 7603.602793
    -> Starting chunk 63/300...
       Finished chunk 63/300 | RMSE: 0.002792 | Loss: 146.0777 | Running Mean Loss: 7485.229378
    -> Starting chunk 64/300...
       Finished chunk 64/300 | RMSE: 0.002264 | Loss: 53.1868 | Running Mean Loss: 7369.103713
    -> Starting chunk 65/300...
       Finished chunk 65/300 | RMSE: 0.002001 | Loss: 65.0075 | Running Mean Loss: 7256.733001
    -> Starting chunk 66/300...
       Finished chunk 66/300 | RMSE: 0.002729 | Loss: 70.2668 | Running Mean Loss: 7147.847150
    -> Starting chunk 67/300...
       Finished chunk 67/300 | RMSE: 0.002177 | Loss: 67.1205 | Running Mean Loss: 7042.164663
    -> Starting chunk 68/300...
       Finished chunk 68/300 | RMSE: 0.012805 | Loss: 4456.9873 | Running Mean Loss: 7004.147348
    -> Starting chunk 69/300...
       Finished chunk 69/300 | RMSE: 0.003687 | Loss: 79.1233 | Running Mean Loss: 6903.784681
    -> Starting chunk 70/300...
       Finished chunk 70/300 | RMSE: 0.001922 | Loss: 46.6845 | Running Mean Loss: 6805.826107
    -> Starting chunk 71/300...
       Finished chunk 71/300 | RMSE: nan | Loss: 145229.6875 | Running Mean Loss: 8755.457958
    -> Starting chunk 72/300...
       Finished chunk 72/300 | RMSE: 0.002952 | Loss: 90.4739 | Running Mean Loss: 8635.110957
    -> Starting chunk 73/300...
       Finished chunk 73/300 | RMSE: 0.005271 | Loss: 481.5583 | Running Mean Loss: 8523.418455
    -> Starting chunk 74/300...
       Finished chunk 74/300 | RMSE: 0.003185 | Loss: 68.7492 | Running Mean Loss: 8409.166167
    -> Starting chunk 75/300...
       Finished chunk 75/300 | RMSE: 0.002662 | Loss: 52.1971 | Running Mean Loss: 8297.739913
    -> Starting chunk 76/300...
       Finished chunk 76/300 | RMSE: 0.006639 | Loss: 771.5295 | Running Mean Loss: 8198.710829
    -> Starting chunk 77/300...
       Finished chunk 77/300 | RMSE: 0.002945 | Loss: 53.7351 | Running Mean Loss: 8092.931923
    -> Starting chunk 78/300...
       Finished chunk 78/300 | RMSE: 0.004272 | Loss: 165.8303 | Running Mean Loss: 7991.302415
    -> Starting chunk 79/300...
       Finished chunk 79/300 | RMSE: 0.003198 | Loss: 267.0947 | Running Mean Loss: 7893.527634
    -> Starting chunk 80/300...
       Finished chunk 80/300 | RMSE: 0.002959 | Loss: 50.1665 | Running Mean Loss: 7795.485620
    -> Starting chunk 81/300...
       Finished chunk 81/300 | RMSE: 0.002789 | Loss: 92.9384 | Running Mean Loss: 7700.392445
    -> Starting chunk 82/300...
       Finished chunk 82/300 | RMSE: 0.006513 | Loss: 1194.6162 | Running Mean Loss: 7621.053710
    -> Starting chunk 83/300...
       Finished chunk 83/300 | RMSE: 0.002865 | Loss: 98.8976 | Running Mean Loss: 7530.425324
    -> Starting chunk 84/300...
       Finished chunk 84/300 | RMSE: 0.001674 | Loss: 62.4866 | Running Mean Loss: 7441.521291
    -> Starting chunk 85/300...
       Finished chunk 85/300 | RMSE: nan | Loss: 23361546.0000 | Running Mean Loss: 282195.691628
    -> Starting chunk 86/300...
       Finished chunk 86/300 | RMSE: 0.007557 | Loss: 867.1989 | Running Mean Loss: 278924.430085
    -> Starting chunk 87/300...
       Finished chunk 87/300 | RMSE: 0.004187 | Loss: 182.8298 | Running Mean Loss: 275720.503644
    -> Starting chunk 88/300...
       Finished chunk 88/300 | RMSE: 0.002439 | Loss: 75.4348 | Running Mean Loss: 272588.173316
    -> Starting chunk 89/300...
       Finished chunk 89/300 | RMSE: 0.002324 | Loss: 57.3804 | Running Mean Loss: 269526.029575
    -> Starting chunk 90/300...
       Finished chunk 90/300 | RMSE: 0.002411 | Loss: 63.3387 | Running Mean Loss: 266531.999676
    -> Starting chunk 91/300...
       Finished chunk 91/300 | RMSE: nan | Loss: 637513.0000 | Running Mean Loss: 270608.713966
    -> Starting chunk 92/300...
       Finished chunk 92/300 | RMSE: 0.002110 | Loss: 31.3213 | Running Mean Loss: 267667.655350
    -> Starting chunk 93/300...
       Finished chunk 93/300 | RMSE: 0.002092 | Loss: 61.5038 | Running Mean Loss: 264790.169849
    -> Starting chunk 94/300...
       Finished chunk 94/300 | RMSE: 0.004770 | Loss: 130.9514 | Running Mean Loss: 261974.646248
    -> Starting chunk 95/300...
       Finished chunk 95/300 | RMSE: 0.003195 | Loss: 284.0782 | Running Mean Loss: 259220.008689
    -> Starting chunk 96/300...
       Finished chunk 96/300 | RMSE: 0.002439 | Loss: 93.0119 | Running Mean Loss: 256520.769139
    -> Starting chunk 97/300...
       Finished chunk 97/300 | RMSE: 0.002634 | Loss: 98.0302 | Running Mean Loss: 253877.235748
    -> Starting chunk 98/300...
       Finished chunk 98/300 | RMSE: 0.002338 | Loss: 72.7007 | Running Mean Loss: 251287.393554
    -> Starting chunk 99/300...
       Finished chunk 99/300 | RMSE: nan | Loss: 12186821.0000 | Running Mean Loss: 371848.339073
    -> Starting chunk 100/300...
       Finished chunk 100/300 | RMSE: 0.002926 | Loss: 97.6012 | Running Mean Loss: 368130.831694
    -> Starting chunk 101/300...
       Finished chunk 101/300 | RMSE: 0.002982 | Loss: 67.5412 | Running Mean Loss: 364486.640699
    -> Starting chunk 102/300...
       Finished chunk 102/300 | RMSE: 0.003333 | Loss: 72.1427 | Running Mean Loss: 360913.949543
    -> Starting chunk 103/300...
       Finished chunk 103/300 | RMSE: 0.002828 | Loss: 100.7628 | Running Mean Loss: 357410.908895
    -> Starting chunk 104/300...
       Finished chunk 104/300 | RMSE: 0.003427 | Loss: 129.1150 | Running Mean Loss: 353975.507031
    -> Starting chunk 105/300...
       Finished chunk 105/300 | RMSE: 0.002845 | Loss: 47.5645 | Running Mean Loss: 350604.764721
    -> Starting chunk 106/300...
       Finished chunk 106/300 | RMSE: 0.017869 | Loss: 12101.4375 | Running Mean Loss: 347411.337106
    -> Starting chunk 107/300...
       Finished chunk 107/300 | RMSE: 0.002695 | Loss: 119.3770 | Running Mean Loss: 344165.617852
    -> Starting chunk 108/300...
       Finished chunk 108/300 | RMSE: 0.002313 | Loss: 45.9450 | Running Mean Loss: 340979.324585
    -> Starting chunk 109/300...
       Finished chunk 109/300 | RMSE: 0.002475 | Loss: 59.5288 | Running Mean Loss: 337851.620037
    -> Starting chunk 110/300...
       Finished chunk 110/300 | RMSE: 0.006630 | Loss: 692.2350 | Running Mean Loss: 334786.534718
    -> Starting chunk 111/300...
       Finished chunk 111/300 | RMSE: 0.002339 | Loss: 55.2789 | Running Mean Loss: 331770.937819
    -> Starting chunk 112/300...
       Finished chunk 112/300 | RMSE: 0.003957 | Loss: 285.2360 | Running Mean Loss: 328811.244052
    -> Starting chunk 113/300...
       Finished chunk 113/300 | RMSE: 0.003044 | Loss: 51.3292 | Running Mean Loss: 325901.864275
    -> Starting chunk 114/300...
       Finished chunk 114/300 | RMSE: 0.005460 | Loss: 324.5460 | Running Mean Loss: 323045.922886
    -> Starting chunk 115/300...
       Finished chunk 115/300 | RMSE: 0.002559 | Loss: 41.3776 | Running Mean Loss: 320237.187710
    -> Starting chunk 116/300...
       Finished chunk 116/300 | RMSE: 0.001916 | Loss: 44.1582 | Running Mean Loss: 317476.902972
    -> Starting chunk 117/300...
       Finished chunk 117/300 | RMSE: 0.004179 | Loss: 302.6227 | Running Mean Loss: 314766.011687
    -> Starting chunk 118/300...
       Finished chunk 118/300 | RMSE: 0.002632 | Loss: 79.8611 | Running Mean Loss: 312099.179903
    -> Starting chunk 119/300...
       Finished chunk 119/300 | RMSE: 0.006267 | Loss: 1301.2290 | Running Mean Loss: 309487.432416
    -> Starting chunk 120/300...
       Finished chunk 120/300 | RMSE: 0.002742 | Loss: 48.6733 | Running Mean Loss: 306908.776090
    -> Starting chunk 121/300...
       Finished chunk 121/300 | RMSE: 0.005022 | Loss: 280.9231 | Running Mean Loss: 304374.661603
    -> Starting chunk 122/300...
       Finished chunk 122/300 | RMSE: 0.005073 | Loss: 294.6007 | Running Mean Loss: 301882.202087
    -> Starting chunk 123/300...
       Finished chunk 123/300 | RMSE: 0.003689 | Loss: 168.5745 | Running Mean Loss: 299429.245765
    -> Starting chunk 124/300...
