Loading data from /pfs/data6/home/ka/ka_iai/ka_bj2362/dsr/svise/../dataset/Frequency_data_SK.pkl...
Filtering for valid 5-minute chunks in the 9:00-10:00 window...
Found 1325 total valid 9:00-10:00 chunks.
Randomly sampled 300 chunks using seed 42.

============================================================
HYPERPARAMETER RANDOMIZED SEARCH
============================================================
Total search space: 2025 combinations
Evaluating: 60 combinations (RANDOMIZED)
Chunks per combination: 300
Total training runs: 18000
Early stopping: patience=300, max_epochs=10000
Random seed: 42
============================================================


============================================================
Combo 15/60: {'model': 'integrator', 'sigma': 0, 'degree': 2, 'tau': 1e-05, 'lr': 0.01, 'n_tau': 200, 'measurement_noise': 0.001, 'n_reparam_samples': 15}
============================================================
    -> Starting chunk 1/300...
/pfs/data6/home/ka/ka_iai/ka_bj2362/dsr/svise/svise/sde_learning/_marginal_sde.py:284: UserWarning: torch.triangular_solve is deprecated in favor of torch.linalg.solve_triangularand will be removed in a future PyTorch release.
torch.linalg.solve_triangular has its arguments reversed and does not return a copy of one of the inputs.
X = torch.triangular_solve(B, A).solution
should be replaced with
X = torch.linalg.solve_triangular(A, B). (Triggered internally at ../aten/src/ATen/native/BatchLinearAlgebra.cpp:2192.)
  return torch.triangular_solve(self.raw_w, self.C.t()).solution
/pfs/data6/home/ka/ka_iai/ka_bj2362/dsr/svise/svise/quadrature/_unbiased_quadrature.py:196: UserWarning: Interp is nan, reducing interp degree.
  warnings.warn("Interp is nan, reducing interp degree.")
/pfs/data6/home/ka/ka_iai/ka_bj2362/dsr/svise/svise/quadrature/_unbiased_quadrature.py:174: UserWarning: NaN detected in fxq (quadrature node evaluations). Clamping to 0.
  warnings.warn("NaN detected in fxq (quadrature node evaluations). Clamping to 0.")
/pfs/data6/home/ka/ka_iai/ka_bj2362/dsr/svise/svise/quadrature/_unbiased_quadrature.py:177: UserWarning: NaN detected in fmc (Monte-Carlo node evaluations). Clamping to 0.
  warnings.warn("NaN detected in fmc (Monte-Carlo node evaluations). Clamping to 0.")
       Finished chunk 1/300 | RMSE: nan | Loss: -7159443026228543488.0000 | Running Mean Loss: -7159443026228543488.000000
    -> Starting chunk 2/300...
       Finished chunk 2/300 | RMSE: nan | Loss: 12933.9814 | Running Mean Loss: -3579721513114265088.000000
    -> Starting chunk 3/300...
       Finished chunk 3/300 | RMSE: nan | Loss: -193818645569208320.0000 | Running Mean Loss: -2451087223932579328.000000
    -> Starting chunk 4/300...
       Finished chunk 4/300 | RMSE: 0.004171 | Loss: 6.1577 | Running Mean Loss: -1838315417949434624.000000
    -> Starting chunk 5/300...
       Finished chunk 5/300 | RMSE: nan | Loss: 217.9663 | Running Mean Loss: -1470652334359547648.000000
    -> Starting chunk 6/300...
       Finished chunk 6/300 | RMSE: 0.010384 | Loss: 14.2213 | Running Mean Loss: -1225543611966289664.000000
    -> Starting chunk 7/300...
       Finished chunk 7/300 | RMSE: nan | Loss: -444776941758365827072.0000 | Running Mean Loss: -64590029061451939840.000000
    -> Starting chunk 8/300...
       Finished chunk 8/300 | RMSE: nan | Loss: -8340143142355337216.0000 | Running Mean Loss: -57558793321564864512.000000
    -> Starting chunk 9/300...
       Finished chunk 9/300 | RMSE: nan | Loss: 2084.3750 | Running Mean Loss: -51163371841390993408.000000
    -> Starting chunk 10/300...
       Finished chunk 10/300 | RMSE: nan | Loss: 72.0834 | Running Mean Loss: -46047034657251893248.000000
    -> Starting chunk 11/300...
       Finished chunk 11/300 | RMSE: 0.003713 | Loss: -0.8227 | Running Mean Loss: -41860940597501722624.000000
    -> Starting chunk 12/300...
       Finished chunk 12/300 | RMSE: nan | Loss: -224248317062676480.0000 | Running Mean Loss: -38391216240798466048.000000
    -> Starting chunk 13/300...
       Finished chunk 13/300 | RMSE: 0.003347 | Loss: 1.8103 | Running Mean Loss: -35438045760737046528.000000
    -> Starting chunk 14/300...
       Finished chunk 14/300 | RMSE: 0.003212 | Loss: 2.7625 | Running Mean Loss: -32906756777827258368.000000
    -> Starting chunk 15/300...
       Finished chunk 15/300 | RMSE: 0.003939 | Loss: 0.5942 | Running Mean Loss: -30712972992638771200.000000
    -> Starting chunk 16/300...
       Finished chunk 16/300 | RMSE: 0.029710 | Loss: 122.1387 | Running Mean Loss: -28793412180598849536.000000
    -> Starting chunk 17/300...
       Finished chunk 17/300 | RMSE: nan | Loss: 1711.7921 | Running Mean Loss: -27099682052328329216.000000
    -> Starting chunk 18/300...
       Finished chunk 18/300 | RMSE: nan | Loss: 67.8803 | Running Mean Loss: -25594144160532312064.000000
    -> Starting chunk 19/300...
       Finished chunk 19/300 | RMSE: nan | Loss: -1252648858513571840.0000 | Running Mean Loss: -24313012828847112192.000000
    -> Starting chunk 20/300...
       Finished chunk 20/300 | RMSE: 0.021079 | Loss: 69.7949 | Running Mean Loss: -23097362187404759040.000000
    -> Starting chunk 21/300...
       Finished chunk 21/300 | RMSE: 0.023958 | Loss: 25.1828 | Running Mean Loss: -21997487797528342528.000000
    -> Starting chunk 22/300...
       Finished chunk 22/300 | RMSE: nan | Loss: -23567644713285582848.0000 | Running Mean Loss: -22068858566426398720.000000
    -> Starting chunk 23/300...
       Finished chunk 23/300 | RMSE: nan | Loss: -6127294077839867904.0000 | Running Mean Loss: -21375747066922635264.000000
    -> Starting chunk 24/300...
       Finished chunk 24/300 | RMSE: 0.003989 | Loss: 0.8768 | Running Mean Loss: -20485090939134193664.000000
    -> Starting chunk 25/300...
       Finished chunk 25/300 | RMSE: 0.008553 | Loss: 10.0634 | Running Mean Loss: -19665687301568823296.000000
    -> Starting chunk 26/300...
       Finished chunk 26/300 | RMSE: nan | Loss: -131786587531902976.0000 | Running Mean Loss: -18914383427952021504.000000
    -> Starting chunk 27/300...
       Finished chunk 27/300 | RMSE: nan | Loss: 207.1787 | Running Mean Loss: -18213850708398241792.000000
    -> Starting chunk 28/300...
       Finished chunk 28/300 | RMSE: 0.018908 | Loss: 45.5941 | Running Mean Loss: -17563356040241162240.000000
    -> Starting chunk 29/300...
       Finished chunk 29/300 | RMSE: 0.023909 | Loss: 88.8102 | Running Mean Loss: -16957723073336293376.000000
    -> Starting chunk 30/300...
       Finished chunk 30/300 | RMSE: 0.005475 | Loss: 1.0043 | Running Mean Loss: -16392465637558417408.000000
    -> Starting chunk 31/300...
       Finished chunk 31/300 | RMSE: nan | Loss: 69.7116 | Running Mean Loss: -15863676423443630080.000000
    -> Starting chunk 32/300...
       Finished chunk 32/300 | RMSE: 0.004198 | Loss: 0.0625 | Running Mean Loss: -15367936535211016192.000000
    -> Starting chunk 33/300...
       Finished chunk 33/300 | RMSE: 0.004202 | Loss: 1.7397 | Running Mean Loss: -14902241488689469440.000000
    -> Starting chunk 34/300...
       Finished chunk 34/300 | RMSE: 0.004565 | Loss: 2.0797 | Running Mean Loss: -14463940268433897472.000000
    -> Starting chunk 35/300...
       Finished chunk 35/300 | RMSE: 0.004787 | Loss: 7.1464 | Running Mean Loss: -14050684832192929792.000000
    -> Starting chunk 36/300...
       Finished chunk 36/300 | RMSE: nan | Loss: -147672996597106475008.0000 | Running Mean Loss: -17762415714551638016.000000
    -> Starting chunk 37/300...
       Finished chunk 37/300 | RMSE: nan | Loss: -228353945020399616.0000 | Running Mean Loss: -17288522153212956672.000000
    -> Starting chunk 38/300...
       Finished chunk 38/300 | RMSE: nan | Loss: 90.2395 | Running Mean Loss: -16833561043917879296.000000
    -> Starting chunk 39/300...
       Finished chunk 39/300 | RMSE: nan | Loss: -1487761415610564608.0000 | Running Mean Loss: -16440079002166409216.000000
    -> Starting chunk 40/300...
       Finished chunk 40/300 | RMSE: 0.007806 | Loss: -1749692554480988907896832.0000 | Running Mean Loss: -43758342939051831590912.000000
    -> Starting chunk 41/300...
       Finished chunk 41/300 | RMSE: nan | Loss: -103095931116716032.0000 | Running Mean Loss: -42691068796536692408320.000000
    -> Starting chunk 42/300...
       Finished chunk 42/300 | RMSE: nan | Loss: -836242804402710118400.0000 | Running Mean Loss: -41694525320533504950272.000000
    -> Starting chunk 43/300...
       Finished chunk 43/300 | RMSE: nan | Loss: -7159093667403933941760.0000 | Running Mean Loss: -40891375747204909105152.000000
    -> Starting chunk 44/300...
       Finished chunk 44/300 | RMSE: nan | Loss: -5999188328820244480.0000 | Running Mean Loss: -39962162643594091954176.000000
    -> Starting chunk 45/300...
       Finished chunk 45/300 | RMSE: nan | Loss: 81.8152 | Running Mean Loss: -39074114584847556018176.000000
    -> Starting chunk 46/300...
       Finished chunk 46/300 | RMSE: 0.003932 | Loss: 0.0227 | Running Mean Loss: -38224677311263910395904.000000
    -> Starting chunk 47/300...
       Finished chunk 47/300 | RMSE: 0.005697 | Loss: -33.0900 | Running Mean Loss: -37411386304641275789312.000000
    -> Starting chunk 48/300...
       Finished chunk 48/300 | RMSE: nan | Loss: -17841896130200207360.0000 | Running Mean Loss: -36632354129463960666112.000000
    -> Starting chunk 49/300...
       Finished chunk 49/300 | RMSE: nan | Loss: 59.9722 | Running Mean Loss: -35884755065597352476672.000000
    -> Starting chunk 50/300...
       Finished chunk 50/300 | RMSE: nan | Loss: 85.9482 | Running Mean Loss: -35167059964285402742784.000000
    -> Starting chunk 51/300...
       Finished chunk 51/300 | RMSE: 0.006259 | Loss: 0.1581 | Running Mean Loss: -34477509768907258331136.000000
    -> Starting chunk 52/300...
       Finished chunk 52/300 | RMSE: nan | Loss: -6675810192367550464.0000 | Running Mean Loss: -33814609115855047360512.000000
    -> Starting chunk 53/300...
       Finished chunk 53/300 | RMSE: nan | Loss: 1165.0167 | Running Mean Loss: -33176597623103066996736.000000
    -> Starting chunk 54/300...
       Finished chunk 54/300 | RMSE: nan | Loss: -41079869874083201024.0000 | Running Mean Loss: -32562976923969195606016.000000
    -> Starting chunk 55/300...
       Finished chunk 55/300 | RMSE: nan | Loss: -5864145577595219317096448.0000 | Running Mean Loss: -138591751481628297265152.000000
    -> Starting chunk 56/300...
       Finished chunk 56/300 | RMSE: nan | Loss: -1830834057366208512.0000 | Running Mean Loss: -136116931470064521052160.000000
    -> Starting chunk 57/300...
       Finished chunk 57/300 | RMSE: nan | Loss: 168.3960 | Running Mean Loss: -133728915128484450271232.000000
    -> Starting chunk 58/300...
       Finished chunk 58/300 | RMSE: 0.008595 | Loss: -0.1649 | Running Mean Loss: -131423244177993338191872.000000
    -> Starting chunk 59/300...
       Finished chunk 59/300 | RMSE: 0.005174 | Loss: 7.6337 | Running Mean Loss: -129195731564807013269504.000000
    -> Starting chunk 60/300...
       Finished chunk 60/300 | RMSE: nan | Loss: 139.6494 | Running Mean Loss: -127042469372060225241088.000000
    -> Starting chunk 61/300...
       Finished chunk 61/300 | RMSE: nan | Loss: -4642816491144609792.0000 | Running Mean Loss: -124959882051477129134080.000000
    -> Starting chunk 62/300...
       Finished chunk 62/300 | RMSE: 0.029372 | Loss: 114.2235 | Running Mean Loss: -122944400082904912232448.000000
    -> Starting chunk 63/300...
       Finished chunk 63/300 | RMSE: 0.019744 | Loss: 89.3000 | Running Mean Loss: -120992901668890554138624.000000
    -> Starting chunk 64/300...
       Finished chunk 64/300 | RMSE: nan | Loss: 5238.4482 | Running Mean Loss: -119102387580314132152320.000000
    -> Starting chunk 65/300...
       Finished chunk 65/300 | RMSE: 0.018873 | Loss: 72.2738 | Running Mean Loss: -117270043156001601880064.000000
    -> Starting chunk 66/300...
       Finished chunk 66/300 | RMSE: nan | Loss: -220317562993377280.0000 | Running Mean Loss: -115493227658449499717632.000000
    -> Starting chunk 67/300...
       Finished chunk 67/300 | RMSE: 0.002583 | Loss: -0.9319 | Running Mean Loss: -113769448141159210680320.000000
    -> Starting chunk 68/300...
       Finished chunk 68/300 | RMSE: 0.005235 | Loss: -1.4540 | Running Mean Loss: -112096368021436285059072.000000
    -> Starting chunk 69/300...
       Finished chunk 69/300 | RMSE: nan | Loss: 90.3878 | Running Mean Loss: -110471782977647348285440.000000
    -> Starting chunk 70/300...
       Finished chunk 70/300 | RMSE: 0.004364 | Loss: -17.6073 | Running Mean Loss: -108893614649395256492032.000000
    -> Starting chunk 71/300...
       Finished chunk 71/300 | RMSE: 0.003883 | Loss: 1.5155 | Running Mean Loss: -107359901767009407336448.000000
    -> Starting chunk 72/300...
       Finished chunk 72/300 | RMSE: 0.021963 | Loss: 72.2859 | Running Mean Loss: -105868792020245388722176.000000
    -> Starting chunk 73/300...
       Finished chunk 73/300 | RMSE: nan | Loss: 3472.7200 | Running Mean Loss: -104418534595310513029120.000000
    -> Starting chunk 74/300...
       Finished chunk 74/300 | RMSE: 0.004531 | Loss: 2.1356 | Running Mean Loss: -103007473316995499294720.000000
    -> Starting chunk 75/300...
       Finished chunk 75/300 | RMSE: 0.010099 | Loss: 13.3793 | Running Mean Loss: -101634040339435563778048.000000
    -> Starting chunk 76/300...
       Finished chunk 76/300 | RMSE: 0.435049 | Loss: -2203654123650285568.0000 | Running Mean Loss: -100296779330418307497984.000000
    -> Starting chunk 77/300...
       Finished chunk 77/300 | RMSE: 0.003314 | Loss: 1.1048 | Running Mean Loss: -98994223754698593140736.000000
    -> Starting chunk 78/300...
       Finished chunk 78/300 | RMSE: nan | Loss: -1330992285760704479232.0000 | Running Mean Loss: -97742131043558349602816.000000
    -> Starting chunk 79/300...
       Finished chunk 79/300 | RMSE: 0.004619 | Loss: 3.8507 | Running Mean Loss: -96504888878450023071744.000000
    -> Starting chunk 80/300...
       Finished chunk 80/300 | RMSE: nan | Loss: 417.2944 | Running Mean Loss: -95298577767469397573632.000000
    -> Starting chunk 81/300...
       Finished chunk 81/300 | RMSE: 0.024647 | Loss: 36.4761 | Running Mean Loss: -94122052116019150848000.000000
    -> Starting chunk 82/300...
       Finished chunk 82/300 | RMSE: nan | Loss: -591536774707150848.0000 | Running Mean Loss: -92974229426028366790656.000000
    -> Starting chunk 83/300...
       Finished chunk 83/300 | RMSE: nan | Loss: 648.6711 | Running Mean Loss: -91854057987160556961792.000000
    -> Starting chunk 84/300...
       Finished chunk 84/300 | RMSE: nan | Loss: 2139.3469 | Running Mean Loss: -90760557296837218795520.000000
    -> Starting chunk 85/300...
       Finished chunk 85/300 | RMSE: 0.014515 | Loss: 7.6575 | Running Mean Loss: -89692786034521480888320.000000
    -> Starting chunk 86/300...
       Finished chunk 86/300 | RMSE: nan | Loss: -3672320733138124800.0000 | Running Mean Loss: -88649889363430924615680.000000
    -> Starting chunk 87/300...
       Finished chunk 87/300 | RMSE: 0.003109 | Loss: -0.3897 | Running Mean Loss: -87630925117874241536000.000000
    -> Starting chunk 88/300...
       Finished chunk 88/300 | RMSE: nan | Loss: -2943517147248197632.0000 | Running Mean Loss: -86635152599684176936960.000000
    -> Starting chunk 89/300...
       Finished chunk 89/300 | RMSE: nan | Loss: 12.6100 | Running Mean Loss: -85661723918788833837056.000000
    -> Starting chunk 90/300...
       Finished chunk 90/300 | RMSE: nan | Loss: -3992695331727867904.0000 | Running Mean Loss: -84709971349639322927104.000000
    -> Starting chunk 91/300...
       Finished chunk 91/300 | RMSE: nan | Loss: -4841895165981360128.0000 | Running Mean Loss: -83779145751238507757568.000000
    -> Starting chunk 92/300...
       Finished chunk 92/300 | RMSE: nan | Loss: -1195625299279085568.0000 | Running Mean Loss: -82868515858565260378112.000000
    -> Starting chunk 93/300...
       Finished chunk 93/300 | RMSE: 0.003900 | Loss: 1.9537 | Running Mean Loss: -81977456548258114437120.000000
    -> Starting chunk 94/300...
       Finished chunk 94/300 | RMSE: 0.003307 | Loss: 0.7921 | Running Mean Loss: -81105355946680888852480.000000
    -> Starting chunk 95/300...
       Finished chunk 95/300 | RMSE: nan | Loss: -946100275045728256.0000 | Running Mean Loss: -80251625316718728970240.000000
    -> Starting chunk 96/300...
       Finished chunk 96/300 | RMSE: nan | Loss: 2506.9636 | Running Mean Loss: -79415670886336244482048.000000
    -> Starting chunk 97/300...
       Finished chunk 97/300 | RMSE: nan | Loss: -2837782061807304704.0000 | Running Mean Loss: -78596981885261240598528.000000
    -> Starting chunk 98/300...
       Finished chunk 98/300 | RMSE: 0.004699 | Loss: -1.9372 | Running Mean Loss: -77794971866023881342976.000000
    -> Starting chunk 99/300...
       Finished chunk 99/300 | RMSE: nan | Loss: -166649453214562414231552.0000 | Running Mean Loss: -78692491879645494378496.000000
    -> Starting chunk 100/300...
       Finished chunk 100/300 | RMSE: 0.004237 | Loss: -1.1880 | Running Mean Loss: -77905566960849036247040.000000
    -> Starting chunk 101/300...
       Finished chunk 101/300 | RMSE: 0.004416 | Loss: 0.0620 | Running Mean Loss: -77134224713711909601280.000000
    -> Starting chunk 102/300...
       Finished chunk 102/300 | RMSE: nan | Loss: -7394259677258711040.0000 | Running Mean Loss: -76378079317103736782848.000000
    -> Starting chunk 103/300...
       Finished chunk 103/300 | RMSE: nan | Loss: 6522.3755 | Running Mean Loss: -75636544566452228718592.000000
    -> Starting chunk 104/300...
       Finished chunk 104/300 | RMSE: 0.082850 | Loss: -53329166336.0000 | Running Mean Loss: -74909270099467639455744.000000
    -> Starting chunk 105/300...
       Finished chunk 105/300 | RMSE: nan | Loss: 62155.2344 | Running Mean Loss: -74195848479472709795840.000000
    -> Starting chunk 106/300...
       Finished chunk 106/300 | RMSE: nan | Loss: -366691656514196297744384.0000 | Running Mean Loss: -76955242894894634631168.000000
    -> Starting chunk 107/300...
       Finished chunk 107/300 | RMSE: nan | Loss: -6723138670385168384.0000 | Running Mean Loss: -76236097850443925815296.000000
    -> Starting chunk 108/300...
       Finished chunk 108/300 | RMSE: nan | Loss: 16.7064 | Running Mean Loss: -75530208055532414042112.000000
    -> Starting chunk 109/300...
       Finished chunk 109/300 | RMSE: nan | Loss: 161.0451 | Running Mean Loss: -74837270366949547704320.000000
    -> Starting chunk 110/300...
       Finished chunk 110/300 | RMSE: 0.003054 | Loss: -0.6530 | Running Mean Loss: -74156931545431829118976.000000
    -> Starting chunk 111/300...
       Finished chunk 111/300 | RMSE: nan | Loss: -22792768291656957952.0000 | Running Mean Loss: -73489056421313448509440.000000
    -> Starting chunk 112/300...
       Finished chunk 112/300 | RMSE: nan | Loss: 4334.1816 | Running Mean Loss: -72832904131837436100608.000000
    -> Starting chunk 113/300...
       Finished chunk 113/300 | RMSE: 0.003732 | Loss: 3.2715 | Running Mean Loss: -72188365157219400941568.000000
    -> Starting chunk 114/300...
       Finished chunk 114/300 | RMSE: 0.025601 | Loss: 169.6309 | Running Mean Loss: -71555133883910463684608.000000
    -> Starting chunk 115/300...
       Finished chunk 115/300 | RMSE: nan | Loss: -943307584230653952.0000 | Running Mean Loss: -70932923531072840400896.000000
    -> Starting chunk 116/300...
       Finished chunk 116/300 | RMSE: 0.005823 | Loss: 24.1982 | Running Mean Loss: -70321432810977383940096.000000
    -> Starting chunk 117/300...
       Finished chunk 117/300 | RMSE: nan | Loss: -38237812636189196288.0000 | Running Mean Loss: -69720721742615491379200.000000
    -> Starting chunk 118/300...
       Finished chunk 118/300 | RMSE: 0.003446 | Loss: 0.2665 | Running Mean Loss: -69129868168525531578368.000000
    -> Starting chunk 119/300...
       Finished chunk 119/300 | RMSE: nan | Loss: -1706433387654283264.0000 | Running Mean Loss: -68548959246381517635584.000000
    -> Starting chunk 120/300...
       Finished chunk 120/300 | RMSE: 0.004039 | Loss: -20687.6484 | Running Mean Loss: -67977717919328338182144.000000
    -> Starting chunk 121/300...
       Finished chunk 121/300 | RMSE: 0.009317 | Loss: 19.5166 | Running Mean Loss: -67415918597680991830016.000000
    -> Starting chunk 122/300...
       Finished chunk 122/300 | RMSE: nan | Loss: -2358389769416736768.0000 | Running Mean Loss: -66863348432042375249920.000000
    -> Starting chunk 123/300...
       Finished chunk 123/300 | RMSE: 0.008520 | Loss: 1.8153 | Running Mean Loss: -66319743973245285564416.000000
    -> Starting chunk 124/300...
       Finished chunk 124/300 | RMSE: 0.003326 | Loss: -1.0729 | Running Mean Loss: -65784907328299756158976.000000
    -> Starting chunk 125/300...
       Finished chunk 125/300 | RMSE: nan | Loss: -15663891138924773376.0000 | Running Mean Loss: -65258753380802474541056.000000
    -> Starting chunk 126/300...
       Finished chunk 126/300 | RMSE: 0.003352 | Loss: -1.9270 | Running Mean Loss: -64740826766669118439424.000000
    -> Starting chunk 127/300...
       Finished chunk 127/300 | RMSE: nan | Loss: -2267085774090403840.0000 | Running Mean Loss: -64231074328236875841536.000000
    -> Starting chunk 128/300...
       Finished chunk 128/300 | RMSE: nan | Loss: -1037535180975243264.0000 | Running Mean Loss: -63729277165791124389888.000000
    -> Starting chunk 129/300...
       Finished chunk 129/300 | RMSE: nan | Loss: 2980.0376 | Running Mean Loss: -63235251761405145120768.000000
    -> Starting chunk 130/300...
       Finished chunk 130/300 | RMSE: 0.005530 | Loss: 11.3178 | Running Mean Loss: -62748826747855880323072.000000
    -> Starting chunk 131/300...
       Finished chunk 131/300 | RMSE: nan | Loss: -403581618490441728.0000 | Running Mean Loss: -62269831151167041699840.000000
    -> Starting chunk 132/300...
       Finished chunk 132/300 | RMSE: nan | Loss: -17980907385299927040.0000 | Running Mean Loss: -61798226225077784936448.000000
    -> Starting chunk 133/300...
       Finished chunk 133/300 | RMSE: nan | Loss: -1319104853124841472.0000 | Running Mean Loss: -61333587825677601603584.000000
    -> Starting chunk 134/300...
       Finished chunk 134/300 | RMSE: nan | Loss: -999903777039319040.0000 | Running Mean Loss: -60875881945663417614336.000000
    -> Starting chunk 135/300...
       Finished chunk 135/300 | RMSE: 0.004511 | Loss: -0.5173 | Running Mean Loss: -60424949486806651371520.000000
    -> Starting chunk 136/300...
       Finished chunk 136/300 | RMSE: nan | Loss: -654568752670572544.0000 | Running Mean Loss: -59980653200644488822784.000000
    -> Starting chunk 137/300...
       Finished chunk 137/300 | RMSE: 0.017018 | Loss: 25.4793 | Running Mean Loss: -59542838213778467717120.000000
    -> Starting chunk 138/300...
       Finished chunk 138/300 | RMSE: 0.012489 | Loss: -3083618042560299139072.0000 | Running Mean Loss: -59133713429929067020288.000000
    -> Starting chunk 139/300...
       Finished chunk 139/300 | RMSE: nan | Loss: -2408807325352591360.0000 | Running Mean Loss: -58708308360701702832128.000000
    -> Starting chunk 140/300...
       Finished chunk 140/300 | RMSE: nan | Loss: -12221334526009278464.0000 | Running Mean Loss: -58289050596229014093824.000000
    -> Starting chunk 141/300...
       Finished chunk 141/300 | RMSE: 0.003970 | Loss: 1.3633 | Running Mean Loss: -57875653074269945987072.000000
    -> Starting chunk 142/300...
       Finished chunk 142/300 | RMSE: 0.003951 | Loss: 3.3597 | Running Mean Loss: -57468078052620153913344.000000
    -> Starting chunk 143/300...
       Finished chunk 143/300 | RMSE: nan | Loss: 228.4981 | Running Mean Loss: -57066203380923513176064.000000
    -> Starting chunk 144/300...
       Finished chunk 144/300 | RMSE: 0.004251 | Loss: -1.2738 | Running Mean Loss: -56669910301889318092800.000000
    -> Starting chunk 145/300...
       Finished chunk 145/300 | RMSE: 0.004491 | Loss: -2.0873 | Running Mean Loss: -56279083334290083151872.000000
    -> Starting chunk 146/300...
       Finished chunk 146/300 | RMSE: nan | Loss: -905448512668303360.0000 | Running Mean Loss: -55893616362469690703872.000000
    -> Starting chunk 147/300...
       Finished chunk 147/300 | RMSE: nan | Loss: 47.4921 | Running Mean Loss: -55513387679731802963968.000000
    -> Starting chunk 148/300...
       Finished chunk 148/300 | RMSE: nan | Loss: 312.1725 | Running Mean Loss: -55138297222436313104384.000000
    -> Starting chunk 149/300...
       Finished chunk 149/300 | RMSE: 0.005076 | Loss: 2.8649 | Running Mean Loss: -54768241536379698282496.000000
    -> Starting chunk 150/300...
       Finished chunk 150/300 | RMSE: nan | Loss: 62.2264 | Running Mean Loss: -54403119926137162039296.000000
    -> Starting chunk 151/300...
       Finished chunk 151/300 | RMSE: 0.006768 | Loss: -0.8679 | Running Mean Loss: -54042834363712412844032.000000
    -> Starting chunk 152/300...
       Finished chunk 152/300 | RMSE: nan | Loss: -101231002696909280247808.0000 | Running Mean Loss: -54353282839588708024320.000000
    -> Starting chunk 153/300...
       Finished chunk 153/300 | RMSE: nan | Loss: -776596638356606025728.0000 | Running Mean Loss: -54003108419972813029376.000000
    -> Starting chunk 154/300...
       Finished chunk 154/300 | RMSE: nan | Loss: -135448837425725440000.0000 | Running Mean Loss: -53653318422683547860992.000000
    -> Starting chunk 155/300...
       Finished chunk 155/300 | RMSE: 0.004482 | Loss: -1.4651 | Running Mean Loss: -53307167981246884085760.000000
    -> Starting chunk 156/300...
       Finished chunk 156/300 | RMSE: 0.004692 | Loss: 3.5887 | Running Mean Loss: -52965455365982480498688.000000
    -> Starting chunk 157/300...
       Finished chunk 157/300 | RMSE: nan | Loss: -1408265900288638976.0000 | Running Mean Loss: -52628104747510612885504.000000
    -> Starting chunk 158/300...
       Finished chunk 158/300 | RMSE: 0.003442 | Loss: -0.6637 | Running Mean Loss: -52295015476956749627392.000000
    -> Starting chunk 159/300...
       Finished chunk 159/300 | RMSE: nan | Loss: -9696190624100777984.0000 | Running Mean Loss: -51966176990879184584704.000000
    -> Starting chunk 160/300...
       Finished chunk 160/300 | RMSE: nan | Loss: -2735061562371866624.0000 | Running Mean Loss: -51641405478820959485952.000000
    -> Starting chunk 161/300...
       Finished chunk 161/300 | RMSE: nan | Loss: -144589182929437361963008.0000 | Running Mean Loss: -52218720866712984485888.000000
    -> Starting chunk 162/300...
       Finished chunk 162/300 | RMSE: 0.025518 | Loss: 381.1838 | Running Mean Loss: -51896383083585124433920.000000
    -> Starting chunk 163/300...
       Finished chunk 163/300 | RMSE: nan | Loss: -419814224047374336.0000 | Running Mean Loss: -51578002940828311355392.000000
    -> Starting chunk 164/300...
       Finished chunk 164/300 | RMSE: nan | Loss: 29.6362 | Running Mean Loss: -51263502922896434528256.000000
    -> Starting chunk 165/300...
       Finished chunk 165/300 | RMSE: nan | Loss: 36.6800 | Running Mean Loss: -50952815026394024116224.000000
    -> Starting chunk 166/300...
       Finished chunk 166/300 | RMSE: 0.009833 | Loss: 9.1058 | Running Mean Loss: -50645870357560325832704.000000
    -> Starting chunk 167/300...
       Finished chunk 167/300 | RMSE: 0.004658 | Loss: -1.0969 | Running Mean Loss: -50342601672784517005312.000000
    -> Starting chunk 168/300...
       Finished chunk 168/300 | RMSE: nan | Loss: -1884073509894750208.0000 | Running Mean Loss: -50042954544217405259776.000000
    -> Starting chunk 169/300...
       Finished chunk 169/300 | RMSE: nan | Loss: -1376081957993054208.0000 | Running Mean Loss: -49746850529647823683584.000000
    -> Starting chunk 170/300...
       Finished chunk 170/300 | RMSE: nan | Loss: 36.0766 | Running Mean Loss: -49454221997120482705408.000000
    -> Starting chunk 171/300...
       Finished chunk 171/300 | RMSE: 0.015452 | Loss: 31.0549 | Running Mean Loss: -49165016020529138630656.000000
    -> Starting chunk 172/300...
       Finished chunk 172/300 | RMSE: nan | Loss: -4985446854347980800.0000 | Running Mean Loss: -48879201889286841434112.000000
    -> Starting chunk 173/300...
       Finished chunk 173/300 | RMSE: 0.004641 | Loss: 2.8314 | Running Mean Loss: -48596663150042410909696.000000
    -> Starting chunk 174/300...
       Finished chunk 174/300 | RMSE: nan | Loss: -33812137596902440960.0000 | Running Mean Loss: -48317566305143296622592.000000
    -> Starting chunk 175/300...
       Finished chunk 175/300 | RMSE: 0.005370 | Loss: 2.1263 | Running Mean Loss: -48041465926256764649472.000000
    -> Starting chunk 176/300...
       Finished chunk 176/300 | RMSE: nan | Loss: -4000877622383869952.0000 | Running Mean Loss: -47768525783934980587520.000000
    -> Starting chunk 177/300...
       Finished chunk 177/300 | RMSE: 0.004756 | Loss: 6.4278 | Running Mean Loss: -47498647107189581283328.000000
    -> Starting chunk 178/300...
       Finished chunk 178/300 | RMSE: 0.004836 | Loss: 3.9502 | Running Mean Loss: -47231800775126716252160.000000
    -> Starting chunk 179/300...
       Finished chunk 179/300 | RMSE: nan | Loss: 188.7380 | Running Mean Loss: -46967935966327133437952.000000
    -> Starting chunk 180/300...
       Finished chunk 180/300 | RMSE: nan | Loss: 149.6868 | Running Mean Loss: -46707002988736427327488.000000
    -> Starting chunk 181/300...
       Finished chunk 181/300 | RMSE: nan | Loss: -434977588906033152.0000 | Running Mean Loss: -46448955651658262511616.000000
    -> Starting chunk 182/300...
       Finished chunk 182/300 | RMSE: nan | Loss: -96027642414793490432.0000 | Running Mean Loss: -46194269234025056960512.000000
    -> Starting chunk 183/300...
       Finished chunk 183/300 | RMSE: 0.415291 | Loss: -1846227082716119040.0000 | Running Mean Loss: -45941851621965260914688.000000
    -> Starting chunk 184/300...
       Finished chunk 184/300 | RMSE: nan | Loss: -129299122862686208.0000 | Running Mean Loss: -45692168348471547396096.000000
    -> Starting chunk 185/300...
       Finished chunk 185/300 | RMSE: nan | Loss: -1682137104281851920384.0000 | Running Mean Loss: -45454276287692143591424.000000
    -> Starting chunk 186/300...
       Finished chunk 186/300 | RMSE: nan | Loss: 3942.7515 | Running Mean Loss: -45209898458188427034624.000000
    -> Starting chunk 187/300...
       Finished chunk 187/300 | RMSE: nan | Loss: 28.8880 | Running Mean Loss: -44968134295310416478208.000000
    -> Starting chunk 188/300...
       Finished chunk 188/300 | RMSE: nan | Loss: -1462042876564209664.0000 | Running Mean Loss: -44728949868435764936704.000000
    -> Starting chunk 189/300...
       Finished chunk 189/300 | RMSE: nan | Loss: -1587674449543430144.0000 | Running Mean Loss: -44492297158414676525056.000000
    -> Starting chunk 190/300...
       Finished chunk 190/300 | RMSE: nan | Loss: -266476847833808896.0000 | Running Mean Loss: -44258128575880111325184.000000
    -> Starting chunk 191/300...
       Finished chunk 191/300 | RMSE: nan | Loss: -39829536037301911552.0000 | Running Mean Loss: -44026619156823346774016.000000
    -> Starting chunk 192/300...
       Finished chunk 192/300 | RMSE: nan | Loss: -3444428256583876608.0000 | Running Mean Loss: -43797331788445394141184.000000
    -> Starting chunk 193/300...
       Finished chunk 193/300 | RMSE: nan | Loss: -1016481663607111680.0000 | Running Mean Loss: -43570407874938749845504.000000
    -> Starting chunk 194/300...
       Finished chunk 194/300 | RMSE: nan | Loss: -368978510095581184.0000 | Running Mean Loss: -43345820045575718961152.000000
    -> Starting chunk 195/300...
       Finished chunk 195/300 | RMSE: nan | Loss: -2518687294752292864.0000 | Running Mean Loss: -43123546705276834938880.000000
    -> Starting chunk 196/300...
       Finished chunk 196/300 | RMSE: 0.005312 | Loss: 3.1350 | Running Mean Loss: -42903528609841753882624.000000
    -> Starting chunk 197/300...
       Finished chunk 197/300 | RMSE: nan | Loss: -1531300426803052544.0000 | Running Mean Loss: -42685751973753355501568.000000
    -> Starting chunk 198/300...
       Finished chunk 198/300 | RMSE: 0.003129 | Loss: -1.2568 | Running Mean Loss: -42470167367825305370624.000000
    -> Starting chunk 199/300...
       Finished chunk 199/300 | RMSE: 0.018043 | Loss: 120.1151 | Running Mean Loss: -42256749441353816997888.000000
    -> Starting chunk 200/300...
       Finished chunk 200/300 | RMSE: nan | Loss: 40.6130 | Running Mean Loss: -42045465694147054665728.000000
    -> Starting chunk 201/300...
       Finished chunk 201/300 | RMSE: 0.005637 | Loss: 3.3346 | Running Mean Loss: -41836284272783139012608.000000
    -> Starting chunk 202/300...
       Finished chunk 202/300 | RMSE: nan | Loss: -290226127195078656.0000 | Running Mean Loss: -41629175391364046651392.000000
    -> Starting chunk 203/300...
       Finished chunk 203/300 | RMSE: nan | Loss: -880884383865299271680.0000 | Running Mean Loss: -41428444893790158716928.000000
    -> Starting chunk 204/300...
       Finished chunk 204/300 | RMSE: 0.004710 | Loss: -2.4584 | Running Mean Loss: -41225364281565703569408.000000
    -> Starting chunk 205/300...
       Finished chunk 205/300 | RMSE: 0.005333 | Loss: -1.8878 | Running Mean Loss: -41024264943606844882944.000000
    -> Starting chunk 206/300...
       Finished chunk 206/300 | RMSE: nan | Loss: 205.8825 | Running Mean Loss: -40825118026404867342336.000000
    -> Starting chunk 207/300...
       Finished chunk 207/300 | RMSE: nan | Loss: 3181.9304 | Running Mean Loss: -40627895234006773399552.000000
    -> Starting chunk 208/300...
       Finished chunk 208/300 | RMSE: 0.004084 | Loss: 0.6651 | Running Mean Loss: -40432568814612510670848.000000
    -> Starting chunk 209/300...
       Finished chunk 209/300 | RMSE: 0.005491 | Loss: 8.3694 | Running Mean Loss: -40239111547556951228416.000000
    -> Starting chunk 210/300...
       Finished chunk 210/300 | RMSE: 0.003523 | Loss: 0.6837 | Running Mean Loss: -40047496730663821770752.000000
    -> Starting chunk 211/300...
       Finished chunk 211/300 | RMSE: nan | Loss: -419952590713782272.0000 | Running Mean Loss: -39857700158255898034176.000000
    -> Starting chunk 212/300...
       Finished chunk 212/300 | RMSE: nan | Loss: 106.8406 | Running Mean Loss: -39669692138641481007104.000000
    -> Starting chunk 213/300...
       Finished chunk 213/300 | RMSE: nan | Loss: -406292670567153664.0000 | Running Mean Loss: -39483451360021896495104.000000
    -> Starting chunk 214/300...
       Finished chunk 214/300 | RMSE: nan | Loss: -70259441554948096.0000 | Running Mean Loss: -39298949579178065788928.000000
    -> Starting chunk 215/300...
       Finished chunk 215/300 | RMSE: 0.003973 | Loss: -0.1419 | Running Mean Loss: -39116163767181888192512.000000
    -> Starting chunk 216/300...
       Finished chunk 216/300 | RMSE: nan | Loss: -4076955030932946944.0000 | Running Mean Loss: -38935089291199705513984.000000
    -> Starting chunk 217/300...
       Finished chunk 217/300 | RMSE: nan | Loss: -52456336366774517760.0000 | Running Mean Loss: -38755906650854853181440.000000
    -> Starting chunk 218/300...
       Finished chunk 218/300 | RMSE: nan | Loss: -1256107647216648192.0000 | Running Mean Loss: -38578133024509865754624.000000
    -> Starting chunk 219/300...
       Finished chunk 219/300 | RMSE: nan | Loss: -27421969530314817536.0000 | Running Mean Loss: -38402102380423198801920.000000
    -> Starting chunk 220/300...
       Finished chunk 220/300 | RMSE: nan | Loss: -663253795018375168.0000 | Running Mean Loss: -38227550384393073721344.000000
    -> Starting chunk 221/300...
       Finished chunk 221/300 | RMSE: nan | Loss: 54.9201 | Running Mean Loss: -38054575043287218913280.000000
    -> Starting chunk 222/300...
       Finished chunk 222/300 | RMSE: nan | Loss: -42044741430002495520768.0000 | Running Mean Loss: -38072548765749898903552.000000
    -> Starting chunk 223/300...
       Finished chunk 223/300 | RMSE: 0.003031 | Loss: -1.3611 | Running Mean Loss: -37901819847517841391616.000000
    -> Starting chunk 224/300...
       Finished chunk 224/300 | RMSE: 0.011212 | Loss: 23.0276 | Running Mean Loss: -37732615294627136667648.000000
    -> Starting chunk 225/300...
       Finished chunk 225/300 | RMSE: 0.010647 | Loss: 11.2388 | Running Mean Loss: -37564914782206571839488.000000
    -> Starting chunk 226/300...
       Finished chunk 226/300 | RMSE: 0.004498 | Loss: 0.6828 | Running Mean Loss: -37398698345117163454464.000000
    -> Starting chunk 227/300...
       Finished chunk 227/300 | RMSE: nan | Loss: -10883983139982540800.0000 | Running Mean Loss: -37233994317090831466496.000000
    -> Starting chunk 228/300...
       Finished chunk 228/300 | RMSE: 0.004640 | Loss: 4.3340 | Running Mean Loss: -37070687324472009031680.000000
    -> Starting chunk 229/300...
       Finished chunk 229/300 | RMSE: 0.004641 | Loss: -0.1372 | Running Mean Loss: -36908806593797458755584.000000
    -> Starting chunk 230/300...
       Finished chunk 230/300 | RMSE: 0.003136 | Loss: -1.5224 | Running Mean Loss: -36748333521650514395136.000000
    -> Starting chunk 231/300...
       Finished chunk 231/300 | RMSE: nan | Loss: -5880449869113458688.0000 | Running Mean Loss: -36589275283244535775232.000000
    -> Starting chunk 232/300...
       Finished chunk 232/300 | RMSE: nan | Loss: -153838758738511527936.0000 | Running Mean Loss: -36432225987880286158848.000000
    -> Starting chunk 233/300...
       Finished chunk 233/300 | RMSE: nan | Loss: -17507679779728392192.0000 | Running Mean Loss: -36275939643210325819392.000000
    -> Starting chunk 234/300...
       Finished chunk 234/300 | RMSE: nan | Loss: -2345787404633679855616.0000 | Running Mean Loss: -36130938992618119364608.000000
    -> Starting chunk 235/300...
       Finished chunk 235/300 | RMSE: nan | Loss: -1492861637734957056.0000 | Running Mean Loss: -35977196668656497459200.000000
    -> Starting chunk 236/300...
       Finished chunk 236/300 | RMSE: 0.003066 | Loss: -1.0290 | Running Mean Loss: -35824750920060494675968.000000
    -> Starting chunk 237/300...
       Finished chunk 237/300 | RMSE: nan | Loss: -2192169992891041495121920.0000 | Running Mean Loss: -44923254050739745456128.000000
    -> Starting chunk 238/300...
       Finished chunk 238/300 | RMSE: 0.003616 | Loss: -0.8037 | Running Mean Loss: -44734500882459324841984.000000
    -> Starting chunk 239/300...
       Finished chunk 239/300 | RMSE: nan | Loss: -7048776081381261312.0000 | Running Mean Loss: -44547356731386613465088.000000
    -> Starting chunk 240/300...
       Finished chunk 240/300 | RMSE: 0.004612 | Loss: -0.7618 | Running Mean Loss: -44361742745005834895360.000000
    -> Starting chunk 241/300...
       Finished chunk 241/300 | RMSE: 0.010710 | Loss: 4.2930 | Running Mean Loss: -44177669123657261121536.000000
    -> Starting chunk 242/300...
       Finished chunk 242/300 | RMSE: 0.003794 | Loss: 0.8186 | Running Mean Loss: -43995116771906613673984.000000
    -> Starting chunk 243/300...
       Finished chunk 243/300 | RMSE: nan | Loss: 3636.0269 | Running Mean Loss: -43814066908647735164928.000000
    -> Starting chunk 244/300...
       Finished chunk 244/300 | RMSE: 0.021698 | Loss: 282.9511 | Running Mean Loss: -43634501060661472133120.000000
    -> Starting chunk 245/300...
       Finished chunk 245/300 | RMSE: 0.004168 | Loss: 0.9009 | Running Mean Loss: -43456401056332246941696.000000
    -> Starting chunk 246/300...
       Finished chunk 246/300 | RMSE: nan | Loss: 29.2260 | Running Mean Loss: -43279749019517889544192.000000
    -> Starting chunk 247/300...
       Finished chunk 247/300 | RMSE: 0.024292 | Loss: -44804.7109 | Running Mean Loss: -43104527363568417374208.000000
    -> Starting chunk 248/300...
       Finished chunk 248/300 | RMSE: 0.004848 | Loss: 2.0985 | Running Mean Loss: -42930718785489518723072.000000
    -> Starting chunk 249/300...
       Finished chunk 249/300 | RMSE: 0.004349 | Loss: 4.7040 | Running Mean Loss: -42758306260246587244544.000000
    -> Starting chunk 250/300...
       Finished chunk 250/300 | RMSE: nan | Loss: 0.3946 | Running Mean Loss: -42587273035205599821824.000000
    -> Starting chunk 251/300...
       Finished chunk 251/300 | RMSE: 0.022058 | Loss: 130.4713 | Running Mean Loss: -42417602624706769321984.000000
    -> Starting chunk 252/300...
       Finished chunk 252/300 | RMSE: 0.003859 | Loss: -1.9237 | Running Mean Loss: -42249278804767457411072.000000
    -> Starting chunk 253/300...
       Finished chunk 253/300 | RMSE: 0.005086 | Loss: -0.4897 | Running Mean Loss: -42082285607910673219584.000000
    -> Starting chunk 254/300...
       Finished chunk 254/300 | RMSE: nan | Loss: -253917732065752645632.0000 | Running Mean Loss: -41917606994226247106560.000000
    -> Starting chunk 255/300...
       Finished chunk 255/300 | RMSE: nan | Loss: -447471099014283264.0000 | Running Mean Loss: -41753225976488493318144.000000
    -> Starting chunk 256/300...
       Finished chunk 256/300 | RMSE: nan | Loss: -8047645992584784904192.0000 | Running Mean Loss: -41621563554676365852672.000000
    -> Starting chunk 257/300...
       Finished chunk 257/300 | RMSE: 0.005740 | Loss: 15.4054 | Running Mean Loss: -41459611945514204921856.000000
    -> Starting chunk 258/300...
       Finished chunk 258/300 | RMSE: 0.010999 | Loss: 8.1797 | Running Mean Loss: -41298915775182750613504.000000
    -> Starting chunk 259/300...
       Finished chunk 259/300 | RMSE: nan | Loss: -449892784644454088704.0000 | Running Mean Loss: -41141197539698049810432.000000
    -> Starting chunk 260/300...
       Finished chunk 260/300 | RMSE: nan | Loss: -5756294665372434432.0000 | Running Mean Loss: -40982984304140230852608.000000
    -> Starting chunk 261/300...
       Finished chunk 261/300 | RMSE: 0.036759 | Loss: 245.4961 | Running Mean Loss: -40825961375771874295808.000000
    -> Starting chunk 262/300...
       Finished chunk 262/300 | RMSE: nan | Loss: -6537363536488693760.0000 | Running Mean Loss: -40670162047480899829760.000000
    -> Starting chunk 263/300...
       Finished chunk 263/300 | RMSE: nan | Loss: -2865240185478964051968.0000 | Running Mean Loss: -40526417097435262222336.000000
    -> Starting chunk 264/300...
       Finished chunk 264/300 | RMSE: 0.004593 | Loss: 0.1180 | Running Mean Loss: -40372907941763164930048.000000
    -> Starting chunk 265/300...
       Finished chunk 265/300 | RMSE: nan | Loss: -6119477649678008320.0000 | Running Mean Loss: -40220580438124997378048.000000
    -> Starting chunk 266/300...
       Finished chunk 266/300 | RMSE: 0.005383 | Loss: 1.3822 | Running Mean Loss: -40069375248507986771968.000000
    -> Starting chunk 267/300...
       Finished chunk 267/300 | RMSE: nan | Loss: -9686981114706526208.0000 | Running Mean Loss: -39919338962862320123904.000000
    -> Starting chunk 268/300...
       Finished chunk 268/300 | RMSE: nan | Loss: 2739.5352 | Running Mean Loss: -39770386205538202419200.000000
    -> Starting chunk 269/300...
       Finished chunk 269/300 | RMSE: nan | Loss: 16.1398 | Running Mean Loss: -39622540903658878402560.000000
    -> Starting chunk 270/300...
       Finished chunk 270/300 | RMSE: nan | Loss: -744054361922994176.0000 | Running Mean Loss: -39475793507920746905600.000000
    -> Starting chunk 271/300...
       Finished chunk 271/300 | RMSE: nan | Loss: 142.1169 | Running Mean Loss: -39330126373205168881664.000000
    -> Starting chunk 272/300...
       Finished chunk 272/300 | RMSE: nan | Loss: -13988257408426704896.0000 | Running Mean Loss: -39185581747779447816192.000000
    -> Starting chunk 273/300...
       Finished chunk 273/300 | RMSE: nan | Loss: 63.4981 | Running Mean Loss: -39042044818300398993408.000000
    -> Starting chunk 274/300...
       Finished chunk 274/300 | RMSE: nan | Loss: -71658943763447808.0000 | Running Mean Loss: -38899555865164064489472.000000
    -> Starting chunk 275/300...
       Finished chunk 275/300 | RMSE: 0.012159 | Loss: 24.3876 | Running Mean Loss: -38758102934745283297280.000000
    -> Starting chunk 276/300...
       Finished chunk 276/300 | RMSE: nan | Loss: 209.0655 | Running Mean Loss: -38617675025561428164608.000000
    -> Starting chunk 277/300...
       Finished chunk 277/300 | RMSE: nan | Loss: 1035.1328 | Running Mean Loss: -38478261036299472338944.000000
    -> Starting chunk 278/300...
       Finished chunk 278/300 | RMSE: 0.004665 | Loss: -1.5107 | Running Mean Loss: -38339850025377531428864.000000
    -> Starting chunk 279/300...
       Finished chunk 279/300 | RMSE: 0.004797 | Loss: 5.2113 | Running Mean Loss: -38202431208082267701248.000000
    -> Starting chunk 280/300...
       Finished chunk 280/300 | RMSE: nan | Loss: 36.5142 | Running Mean Loss: -38065993953767690600448.000000
    -> Starting chunk 281/300...
       Finished chunk 281/300 | RMSE: nan | Loss: -9695580395147362304.0000 | Running Mean Loss: -37930562286958539702272.000000
    -> Starting chunk 282/300...
       Finished chunk 282/300 | RMSE: 0.003828 | Loss: 1.9515 | Running Mean Loss: -37796056746933862006784.000000
    -> Starting chunk 283/300...
       Finished chunk 283/300 | RMSE: 0.424028 | Loss: -3813261356266684416.0000 | Running Mean Loss: -37662515250518390996992.000000
    -> Starting chunk 284/300...
       Finished chunk 284/300 | RMSE: 0.040098 | Loss: 344.8534 | Running Mean Loss: -37529900760199663190016.000000
    -> Starting chunk 285/300...
       Finished chunk 285/300 | RMSE: nan | Loss: 47.2737 | Running Mean Loss: -37398216897883174600704.000000
    -> Starting chunk 286/300...
       Finished chunk 286/300 | RMSE: nan | Loss: -42574000623114518528.0000 | Running Mean Loss: -37267602761878767403008.000000
    -> Starting chunk 287/300...
       Finished chunk 287/300 | RMSE: 0.003250 | Loss: 0.7016 | Running Mean Loss: -37137750487447134797824.000000
    -> Starting chunk 288/300...
       Finished chunk 288/300 | RMSE: 0.007886 | Loss: 6.6227 | Running Mean Loss: -37008799964921277186048.000000
    -> Starting chunk 289/300...
       Finished chunk 289/300 | RMSE: 0.003520 | Loss: -1.6744 | Running Mean Loss: -36880741833554769477632.000000
    -> Starting chunk 290/300...
       Finished chunk 290/300 | RMSE: nan | Loss: 14.9365 | Running Mean Loss: -36753566861714924765184.000000
    -> Starting chunk 291/300...
       Finished chunk 291/300 | RMSE: nan | Loss: 1132.5629 | Running Mean Loss: -36627265944664355635200.000000
    -> Starting chunk 292/300...
       Finished chunk 292/300 | RMSE: nan | Loss: 81.1303 | Running Mean Loss: -36501830102388110786560.000000
    -> Starting chunk 293/300...
       Finished chunk 293/300 | RMSE: 0.004615 | Loss: 8.1075 | Running Mean Loss: -36377250477465283854336.000000
    -> Starting chunk 294/300...
       Finished chunk 294/300 | RMSE: nan | Loss: -23074318035158302720.0000 | Running Mean Loss: -36253596817059060121600.000000
    -> Starting chunk 295/300...
       Finished chunk 295/300 | RMSE: nan | Loss: 205.3946 | Running Mean Loss: -36130703268526654750720.000000
    -> Starting chunk 296/300...
       Finished chunk 296/300 | RMSE: nan | Loss: -499715149922304000.0000 | Running Mean Loss: -36008641770035515228160.000000
    -> Starting chunk 297/300...
       Finished chunk 297/300 | RMSE: nan | Loss: -5560456801058553856.0000 | Running Mean Loss: -35887419274031362211840.000000
    -> Starting chunk 298/300...
       Finished chunk 298/300 | RMSE: nan | Loss: -3005592275217547264.0000 | Running Mean Loss: -35767001778454995664896.000000
    -> Starting chunk 299/300...
       Finished chunk 299/300 | RMSE: 0.014343 | Loss: 16.1901 | Running Mean Loss: -35647379698928391815168.000000
    -> Starting chunk 300/300...
       Finished chunk 300/300 | RMSE: nan | Loss: -13344343816782479360.0000 | Running Mean Loss: -35528599581078019112960.000000
  => Mean RMSE: 0.019145, Mean Loss (-ELBO): -35528599581078019112960.000000 (124/300 chunks succeeded)

============================================================
RANDOMIZED SEARCH COMPLETE
============================================================
Results saved to: /pfs/data6/home/ka/ka_iai/ka_bj2362/dsr/svise/results_hp_tuning/run_SLURM_3640633/hp_tuning_combo_014.csv

Best combination (combo #15):
  model: integrator
  sigma: 0
  degree: 2
  tau: 1e-05
  lr: 0.01
  n_tau: 200
  measurement_noise: 0.001
  n_reparam_samples: 15
  Mean Loss (-ELBO): -35528599581078019112960.000000
  Mean RMSE (omega): 0.019145
Traceback (most recent call last):
  File "/pfs/data6/home/ka/ka_iai/ka_bj2362/dsr/svise/run_analysis_5min_hyperparameter_tuning.py", line 519, in <module>
  File "/pfs/data6/home/ka/ka_iai/ka_bj2362/dsr/svise/run_analysis_5min_hyperparameter_tuning.py", line 507, in main
    "seed": args.seed,
UnboundLocalError: local variable 'timestamp' referenced before assignment

============================= JOB FEEDBACK =============================

NodeName=uc3n066
Job ID: 3640746
Array Job ID: 3640633_14
Cluster: uc3
User/Group: ka_bj2362/ka_iai
State: FAILED (exit code 1)
Nodes: 1
Cores per node: 70
CPU Utilized: 04:39:01
CPU Efficiency: 1.42% of 13-16:06:20 core-walltime
Job Wall-clock time: 04:41:14
Memory Utilized: 1.25 GB
Memory Efficiency: 3.90% of 32.00 GB (32.00 GB/node)
