Array task 279: processing chunks 61380 to 61599
Loading data from /pfs/data6/home/ka/ka_iai/ka_bj2362/dsr/svise/../dataset/South_Korea_2024-08-15_2025-08-31_1s.parquet...
Finding all valid 5-minute chunks in the dataset...
Found 107059 valid 5-minute chunks in total.

============================================================
SVISE FINAL EVALUATION — ALL CHUNKS
============================================================
Hyperparameters: {
  "model": "integrator",
  "sigma": 0,
  "degree": 2,
  "tau": 1e-05,
  "lr": 0.1,
  "n_tau": 50,
  "measurement_noise": 0.001,
  "n_reparam_samples": 15
}
Total valid chunks in dataset: 107059
Processing chunk range: [61380, 61599] (220 chunks)
Early stopping: patience=300, max_epochs=10000
============================================================


--- Chunk 61380 (1/220) | Start: 2025-03-25 21:20:00 ---
/pfs/data6/home/ka/ka_iai/ka_bj2362/dsr/svise/svise/sde_learning/_marginal_sde.py:284: UserWarning: torch.triangular_solve is deprecated in favor of torch.linalg.solve_triangularand will be removed in a future PyTorch release.
torch.linalg.solve_triangular has its arguments reversed and does not return a copy of one of the inputs.
X = torch.triangular_solve(B, A).solution
should be replaced with
X = torch.linalg.solve_triangular(A, B). (Triggered internally at ../aten/src/ATen/native/BatchLinearAlgebra.cpp:2192.)
  return torch.triangular_solve(self.raw_w, self.C.t()).solution
/pfs/data6/home/ka/ka_iai/ka_bj2362/dsr/svise/svise/quadrature/_unbiased_quadrature.py:196: UserWarning: Interp is nan, reducing interp degree.
  warnings.warn("Interp is nan, reducing interp degree.")
/pfs/data6/home/ka/ka_iai/ka_bj2362/dsr/svise/svise/quadrature/_unbiased_quadrature.py:174: UserWarning: NaN detected in fxq (quadrature node evaluations). Clamping to 0.
  warnings.warn("NaN detected in fxq (quadrature node evaluations). Clamping to 0.")
/pfs/data6/home/ka/ka_iai/ka_bj2362/dsr/svise/svise/quadrature/_unbiased_quadrature.py:177: UserWarning: NaN detected in fmc (Monte-Carlo node evaluations). Clamping to 0.
  warnings.warn("NaN detected in fmc (Monte-Carlo node evaluations). Clamping to 0.")
    RMSE omega (GP): 0.008434 | RMSE omega (Sim): 0.180290
    Loss: 0.1735 | Epoch: 524
    Eq omega: -0.009041 + -0.46515theta + 0.02062omega + -0.00430theta^2 + 0.00354theta omega + -0.00716omega^2
    Eq omega Phys: -0.002372*omega**2 + 3.9e-5*omega*theta + 0.000388*omega - 2.0e-6*theta**2 - 0.000493*theta + 0.00383

--- Chunk 61381 (2/220) | Start: 2025-03-25 21:25:00 ---
    RMSE omega (GP): 0.010754 | RMSE omega (Sim): 0.197061
    Loss: 0.2637 | Epoch: 1674
    Eq omega: -0.007811 + -1.54898theta + 0.00875omega + 0.00734theta^2 + 0.01257theta omega + 0.02071omega^2
    Eq omega Phys: 0.005448*omega**2 + 0.00011*omega*theta + 8.4e-5*omega + 2.0e-6*theta**2 - 0.001729*theta + 0.003223

--- Chunk 61382 (3/220) | Start: 2025-03-25 21:30:00 ---
    RMSE omega (GP): 0.010818 | RMSE omega (Sim): 0.135431
    Loss: 0.5160 | Epoch: 1306
    Eq omega: -0.035841 + -1.73139theta + 0.01286omega + 0.31066theta^2 + -0.02401theta omega + -0.01923omega^2
    Eq omega Phys: -0.005211*omega**2 - 0.000217*omega*theta + 0.000726*omega + 9.4e-5*theta**2 - 0.002181*theta + 0.00267

--- Chunk 61383 (4/220) | Start: 2025-03-25 21:35:00 ---
    RMSE omega (GP): 0.011771 | RMSE omega (Sim): 0.173579
    Loss: -0.3529 | Epoch: 1178
    Eq omega: 0.026921 + -1.93321theta + 0.00199omega + 0.00789theta^2 + -0.02324theta omega + 0.01126omega^2
    Eq omega Phys: 0.002703*omega**2 - 0.000186*omega*theta + 2.6e-5*omega + 2.0e-6*theta**2 - 0.002147*theta - 0.000346

--- Chunk 61384 (5/220) | Start: 2025-03-25 21:40:00 ---
    RMSE omega (GP): nan | RMSE omega (Sim): nan
    Loss: 179.5010 | Epoch: 63
    Eq omega: nan1 + nantheta + nanomega + nantheta^2 + nantheta omega + nanomega^2
    Eq omega Phys: N/A

--- Chunk 61385 (6/220) | Start: 2025-03-25 21:45:00 ---
    RMSE omega (GP): 0.038740 | RMSE omega (Sim): 0.123970
    Loss: 54.6367 | Epoch: 57
    Eq omega: -0.000481 + -0.00021theta + 0.00660omega + 0.00057theta^2 + -0.00272theta omega + 0.00268omega^2
    Eq omega Phys: 0.000724*omega**2 - 2.4e-5*omega*theta + 0.000539*omega - 5.0e-6*theta + 3.0e-5

--- Chunk 61386 (7/220) | Start: 2025-03-25 21:50:00 ---
    RMSE omega (GP): 0.011231 | RMSE omega (Sim): 0.129446
    Loss: 1.2774 | Epoch: 1060
    Eq omega: 0.000501 + -0.00076theta + -0.00011omega + 0.00014theta^2 + 0.00121theta omega + -0.00087omega^2
    Eq omega Phys: -0.000232*omega**2 + 1.1e-5*omega*theta - 0.0001*omega - 2.0e-6*theta + 1.3e-5

--- Chunk 61387 (8/220) | Start: 2025-03-25 21:55:00 ---
    RMSE omega (GP): nan | RMSE omega (Sim): nan
    Loss: 508.4046 | Epoch: 29
    Eq omega: nan1 + nantheta + nanomega + nantheta^2 + nantheta omega + nanomega^2
    Eq omega Phys: N/A

--- Chunk 61388 (9/220) | Start: 2025-03-25 22:00:00 ---
    RMSE omega (GP): 0.012817 | RMSE omega (Sim): 0.097127
    Loss: 1.9468 | Epoch: 1315
    Eq omega: -0.001611 + -0.19811theta + -0.03372omega + 0.00067theta^2 + -0.00612theta omega + -0.00442omega^2
    Eq omega Phys: -0.001241*omega**2 - 5.7e-5*omega*theta - 0.001357*omega - 0.000218*theta - 0.000897

--- Chunk 61389 (10/220) | Start: 2025-03-25 22:05:00 ---
    RMSE omega (GP): 0.009404 | RMSE omega (Sim): 0.145291
    Loss: 0.1855 | Epoch: 1023
    Eq omega: 0.006011 + -1.29158theta + 0.03698omega + -0.57327theta^2 + -0.08627theta omega + 0.02284omega^2
    Eq omega Phys: 0.006662*omega**2 - 0.000839*omega*theta - 0.001637*omega - 0.000186*theta**2 - 0.002706*theta - 0.007061

--- Chunk 61390 (11/220) | Start: 2025-03-25 22:10:00 ---
    RMSE omega (GP): 0.011081 | RMSE omega (Sim): 0.429944
    Loss: 0.4176 | Epoch: 1210
    Eq omega: -0.004511 + 0.00160theta + -0.00257omega + -0.00279theta^2 + -0.00139theta omega + -0.00398omega^2
    Eq omega Phys: -0.001038*omega**2 - 1.2e-5*omega*theta - 0.000154*omega - 0.e-6*theta**2 - 7.0e-6*theta - 3.5e-5

--- Chunk 61391 (12/220) | Start: 2025-03-25 22:15:00 ---
    RMSE omega (GP): 0.009243 | RMSE omega (Sim): 0.135621
    Loss: 0.1489 | Epoch: 1214
    Eq omega: 0.004411 + -1.39993theta + 0.00781omega + -0.01710theta^2 + 0.00603theta omega + -0.00431omega^2
    Eq omega Phys: -0.001274*omega**2 + 5.9e-5*omega*theta + 0.000413*omega - 6.0e-6*theta**2 - 0.001584*theta - 0.004025

--- Chunk 61392 (13/220) | Start: 2025-03-25 22:20:00 ---
    RMSE omega (GP): 0.009694 | RMSE omega (Sim): 0.195646
    Loss: -0.4656 | Epoch: 1228
    Eq omega: 0.010621 + -0.43270theta + -0.00500omega + -0.10079theta^2 + 0.00001theta omega + -0.00223omega^2
    Eq omega Phys: -0.000552*omega**2 - 0.000168*omega - 2.8e-5*theta**2 + 0.00038*theta + 0.000832

--- Chunk 61393 (14/220) | Start: 2025-03-25 22:25:00 ---
    RMSE omega (GP): nan | RMSE omega (Sim): nan
    Loss: 518.2653 | Epoch: 16
    Eq omega: nan1 + nantheta + nanomega + nantheta^2 + nantheta omega + nanomega^2
    Eq omega Phys: N/A

--- Chunk 61394 (15/220) | Start: 2025-03-25 22:30:00 ---
    RMSE omega (GP): 0.011848 | RMSE omega (Sim): 0.099505
    Loss: -33727.1602 | Epoch: 838
    Eq omega: -0.004801 + -0.00134theta + -0.00253omega + -0.00013theta^2 + -0.00002theta omega + -0.00021omega^2
    Eq omega Phys: -7.1e-5*omega**2 - 8.2e-5*omega - 0.e-6*theta - 7.0e-6

--- Chunk 61395 (16/220) | Start: 2025-03-25 22:35:00 ---
    RMSE omega (GP): 0.009415 | RMSE omega (Sim): 0.084814
    Loss: 8.9586 | Epoch: 2168
    Eq omega: 0.006571 + -0.00052theta + -0.00230omega + 0.00008theta^2 + -0.00013theta omega + -0.00119omega^2
    Eq omega Phys: -0.000607*omega**2 - 2.0e-6*omega*theta - 3.1e-5*omega - 2.0e-6*theta + 4.6e-5

--- Chunk 61396 (17/220) | Start: 2025-03-25 22:40:00 ---
    RMSE omega (GP): 0.009750 | RMSE omega (Sim): 0.071070
    Loss: 7.8182 | Epoch: 1262
    Eq omega: 0.004531 + -0.00046theta + 0.00494omega + -0.00057theta^2 + -0.00019theta omega + -0.00057omega^2
    Eq omega Phys: -0.000273*omega**2 - 3.0e-6*omega*theta + 0.000231*omega + 1.3e-5*theta - 0.000125

--- Chunk 61397 (18/220) | Start: 2025-03-25 22:45:00 ---
    RMSE omega (GP): 0.007046 | RMSE omega (Sim): 0.131887
    Loss: -1.9268 | Epoch: 1307
    Eq omega: -0.031351 + -1.32160theta + 0.01879omega + -0.00130theta^2 + 0.04844theta omega + -0.01046omega^2
    Eq omega Phys: -0.002663*omega**2 + 0.000411*omega*theta + 0.000293*omega - 0.001468*theta + 0.001055

--- Chunk 61398 (19/220) | Start: 2025-03-25 22:50:00 ---
    RMSE omega (GP): nan | RMSE omega (Sim): nan
    Loss: 191.8568 | Epoch: 49
    Eq omega: nan1 + nantheta + nanomega + nantheta^2 + nantheta omega + nanomega^2
    Eq omega Phys: N/A

--- Chunk 61399 (20/220) | Start: 2025-03-25 22:55:00 ---
    RMSE omega (GP): 0.010163 | RMSE omega (Sim): 0.173113
    Loss: 1.4291 | Epoch: 1500
    Eq omega: 0.000361 + 0.00108theta + 0.00020omega + -0.00011theta^2 + -0.00019theta omega + 0.00108omega^2
    Eq omega Phys: 0.000341*omega**2 - 2.0e-6*omega*theta + 3.9e-5*omega + 2.0e-6*theta - 2.8e-5

--- Chunk 61400 (21/220) | Start: 2025-03-25 23:00:00 ---
    RMSE omega (GP): nan | RMSE omega (Sim): nan
    Loss: 37.4709 | Epoch: 40
    Eq omega: nan1 + nantheta + nanomega + nantheta^2 + nantheta omega + nanomega^2
    Eq omega Phys: N/A

--- Chunk 61401 (22/220) | Start: 2025-03-25 23:05:00 ---
    RMSE omega (GP): 0.023179 | RMSE omega (Sim): 0.118875
    Loss: 29.0031 | Epoch: 404
    Eq omega: 0.001591 + -0.02803theta + -0.00715omega + 0.00218theta^2 + -0.00401theta omega + 0.00515omega^2
    Eq omega Phys: 0.001798*omega**2 - 4.7e-5*omega*theta - 0.000503*omega + 1.0e-6*theta**2 - 2.2e-5*theta - 0.000145

--- Chunk 61402 (23/220) | Start: 2025-03-25 23:10:00 ---
    RMSE omega (GP): 0.009299 | RMSE omega (Sim): 0.092120
    Loss: 2.2889 | Epoch: 980
    Eq omega: -0.006751 + -0.00489theta + -0.00241omega + 0.00056theta^2 + 0.00425theta omega + 0.00320omega^2
    Eq omega Phys: 0.00118*omega**2 + 5.2e-5*omega*theta - 7.3e-5*omega - 5.0e-6*theta - 2.1e-5

--- Chunk 61403 (24/220) | Start: 2025-03-25 23:15:00 ---
    RMSE omega (GP): 0.009440 | RMSE omega (Sim): nan
    Loss: 11.5273 | Epoch: 1242
    Eq omega: 0.005651 + -0.01191theta + 0.01519omega + -0.05274theta^2 + 0.00093theta omega + 0.01055omega^2
    Eq omega Phys: 0.006382*omega**2 + 1.9e-5*omega*theta + 0.00024*omega - 3.5e-5*theta**2 + 0.000995*theta - 0.006975

--- Chunk 61404 (25/220) | Start: 2025-03-25 23:20:00 ---
    RMSE omega (GP): 0.023552 | RMSE omega (Sim): 0.095644
    Loss: 48.6485 | Epoch: 85
    Eq omega: 0.008841 + -0.00023theta + -0.00171omega + -0.00057theta^2 + -0.00150theta omega + 0.00280omega^2
    Eq omega Phys: 0.001176*omega**2 - 2.1e-5*omega*theta - 0.000189*omega - 4.0e-6*theta + 1.1e-5

--- Chunk 61405 (26/220) | Start: 2025-03-25 23:25:00 ---
    RMSE omega (GP): nan | RMSE omega (Sim): nan
    Loss: 321.7009 | Epoch: 32
    Eq omega: nan1 + nantheta + nanomega + nantheta^2 + nantheta omega + nanomega^2
    Eq omega Phys: N/A

--- Chunk 61406 (27/220) | Start: 2025-03-25 23:30:00 ---
    RMSE omega (GP): 0.010511 | RMSE omega (Sim): 0.164362
    Loss: 0.8443 | Epoch: 952
    Eq omega: 0.004161 + -1.13589theta + 0.00274omega + 0.12921theta^2 + -0.00742theta omega + -0.01012omega^2
    Eq omega Phys: -0.002991*omega**2 - 7.3e-5*omega*theta - 2.6e-5*omega + 4.2e-5*theta**2 - 0.001126*theta - 0.001896

--- Chunk 61407 (28/220) | Start: 2025-03-25 23:35:00 ---
    RMSE omega (GP): 0.009121 | RMSE omega (Sim): 0.124655
    Loss: 3.6053 | Epoch: 1582
    Eq omega: 0.003721 + 0.00055theta + -0.00326omega + -0.00005theta^2 + -0.00107theta omega + -0.00067omega^2
    Eq omega Phys: -0.000268*omega**2 - 1.4e-5*omega*theta + 0.000145*omega + 1.0e-6*theta - 8.0e-6

--- Chunk 61408 (29/220) | Start: 2025-03-25 23:40:00 ---
    RMSE omega (GP): 0.010480 | RMSE omega (Sim): 0.115480
    Loss: 2.0936 | Epoch: 1584
    Eq omega: -0.003641 + -0.00116theta + -0.00139omega + 0.00046theta^2 + -0.00008theta omega + -0.00017omega^2
    Eq omega Phys: -5.5e-5*omega**2 - 0.e-6*omega*theta - 3.8e-5*omega - 4.0e-6*theta + 1.4e-5

--- Chunk 61409 (30/220) | Start: 2025-03-25 23:45:00 ---
    RMSE omega (GP): nan | RMSE omega (Sim): nan
    Loss: 52307.3242 | Epoch: 15
    Eq omega: nan1 + nantheta + nanomega + nantheta^2 + nantheta omega + nanomega^2
    Eq omega Phys: N/A

--- Chunk 61410 (31/220) | Start: 2025-03-25 23:50:00 ---
    RMSE omega (GP): 0.011496 | RMSE omega (Sim): 0.043182
    Loss: 9.4429 | Epoch: 2898
    Eq omega: -0.012241 + -0.06090theta + 0.01301omega + -0.01289theta^2 + 0.00027theta omega + 0.01728omega^2
    Eq omega Phys: 0.007552*omega**2 + 4.0e-6*omega*theta + 0.00031*omega - 6.0e-6*theta**2 + 0.000325*theta - 0.004065

--- Chunk 61411 (32/220) | Start: 2025-03-25 23:55:00 ---
    RMSE omega (GP): nan | RMSE omega (Sim): nan
    Loss: 13.9957 | Epoch: 96
    Eq omega: nan1 + nantheta + nanomega + nantheta^2 + nantheta omega + nanomega^2
    Eq omega Phys: N/A

--- Chunk 61412 (33/220) | Start: 2025-03-26 00:00:00 ---
    RMSE omega (GP): 0.081427 | RMSE omega (Sim): 0.157797
    Loss: -5057.1528 | Epoch: 360
    Eq omega: -0.002741 + -0.00005theta + -0.00047omega + 0.00005theta^2 + 0.00048theta omega + -0.00032omega^2
    Eq omega Phys: -0.000113*omega**2 + 6.0e-6*omega*theta + 0.000125*omega + 1.0e-6*theta + 2.0e-6

--- Chunk 61413 (34/220) | Start: 2025-03-26 00:05:00 ---
    RMSE omega (GP): 0.008833 | RMSE omega (Sim): 0.268563
    Loss: -1.5988 | Epoch: 1674
    Eq omega: -0.000101 + -0.00110theta + 0.01101omega + 0.00039theta^2 + -0.00008theta omega + -0.00096omega^2
    Eq omega Phys: -0.000221*omega**2 - 0.e-6*omega*theta + 0.000354*omega + 3.0e-6*theta + 1.8e-5

--- Chunk 61414 (35/220) | Start: 2025-03-26 00:10:00 ---
    RMSE omega (GP): nan | RMSE omega (Sim): nan
    Loss: 116.7628 | Epoch: 66
    Eq omega: nan1 + nantheta + nanomega + nantheta^2 + nantheta omega + nanomega^2
    Eq omega Phys: N/A

--- Chunk 61415 (36/220) | Start: 2025-03-26 00:15:00 ---
    RMSE omega (GP): 0.043519 | RMSE omega (Sim): 0.104121
    Loss: 49.5488 | Epoch: 55
    Eq omega: 0.013941 + -0.05037theta + -0.00318omega + 0.01072theta^2 + -0.00095theta omega + 0.00996omega^2
    Eq omega Phys: 0.002398*omega**2 - 8.0e-6*omega*theta - 0.000198*omega + 3.0e-6*theta**2 + 1.3e-5*theta - 0.000193

--- Chunk 61416 (37/220) | Start: 2025-03-26 00:20:00 ---
    RMSE omega (GP): 0.007290 | RMSE omega (Sim): 0.147174
    Loss: 0.1627 | Epoch: 1144
    Eq omega: 0.006361 + -1.48333theta + -0.01024omega + 0.00272theta^2 + -0.01335theta omega + -0.01604omega^2
    Eq omega Phys: -0.005723*omega**2 - 0.000159*omega*theta + 0.0001*omega + 1.0e-6*theta**2 - 0.001654*theta + 0.004608

--- Chunk 61417 (38/220) | Start: 2025-03-26 00:25:00 ---
    RMSE omega (GP): 0.021904 | RMSE omega (Sim): 0.086850
    Loss: 29.7169 | Epoch: 49
    Eq omega: 0.001351 + -0.09838theta + -0.00050omega + 0.00733theta^2 + 0.00657theta omega + 0.00278omega^2
    Eq omega Phys: 0.001038*omega**2 + 8.2e-5*omega*theta + 9.9e-5*omega + 3.0e-6*theta**2 - 0.000101*theta - 0.000144

--- Chunk 61418 (39/220) | Start: 2025-03-26 00:30:00 ---
    RMSE omega (GP): 0.007026 | RMSE omega (Sim): 0.106645
    Loss: -79.8316 | Epoch: 1027
    Eq omega: -0.007471 + -0.75289theta + 0.00486omega + 0.00604theta^2 + 0.00732theta omega + 0.01403omega^2
    Eq omega Phys: 0.004076*omega**2 + 7.1e-5*omega*theta + 8.0e-5*omega + 2.0e-6*theta**2 - 0.000841*theta + 0.000942

--- Chunk 61419 (40/220) | Start: 2025-03-26 00:35:00 ---
    RMSE omega (GP): 0.009324 | RMSE omega (Sim): 0.105531
    Loss: 2.3244 | Epoch: 1413
    Eq omega: -0.004161 + -0.00160theta + 0.00039omega + -0.00080theta^2 + -0.00012theta omega + 0.00022omega^2
    Eq omega Phys: 7.8e-5*omega**2 - 1.0e-6*omega*theta + 2.2e-5*omega + 2.0e-6*theta - 1.5e-5

--- Chunk 61420 (41/220) | Start: 2025-03-26 00:40:00 ---
    RMSE omega (GP): 0.007399 | RMSE omega (Sim): 0.186744
    Loss: -1.0918 | Epoch: 1228
    Eq omega: -0.002521 + -1.04495theta + -0.02691omega + -0.15591theta^2 + -0.12388theta omega + 0.05497omega^2
    Eq omega Phys: 0.016065*omega**2 - 0.001207*omega*theta - 0.007466*omega - 5.1e-5*theta**2 - 0.001712*theta - 0.00783

--- Chunk 61421 (42/220) | Start: 2025-03-26 00:45:00 ---
    RMSE omega (GP): 0.009315 | RMSE omega (Sim): 0.117062
    Loss: 0.9674 | Epoch: 1946
    Eq omega: 0.002341 + -0.00256theta + 0.00033omega + 0.00022theta^2 + -0.00026theta omega + 0.00091omega^2
    Eq omega Phys: 0.000291*omega**2 - 3.0e-6*omega*theta - 2.3e-5*omega - 0.e-6*theta - 1.5e-5

--- Chunk 61422 (43/220) | Start: 2025-03-26 00:50:00 ---
    RMSE omega (GP): 0.008759 | RMSE omega (Sim): 0.194945
    Loss: 0.3948 | Epoch: 1801
    Eq omega: -0.005961 + -0.77134theta + -0.00804omega + 0.00508theta^2 + 0.00683theta omega + -0.00413omega^2
    Eq omega Phys: -0.001319*omega**2 + 7.3e-5*omega*theta - 0.000581*omega + 2.0e-6*theta**2 - 0.000873*theta + 0.0037

--- Chunk 61423 (44/220) | Start: 2025-03-26 00:55:00 ---
    RMSE omega (GP): 0.008720 | RMSE omega (Sim): 0.226902
    Loss: -1.2356 | Epoch: 747
    Eq omega: -0.004501 + -0.62137theta + -0.06597omega + -0.00257theta^2 + 0.01146theta omega + 0.01565omega^2
    Eq omega Phys: 0.003851*omega**2 + 9.4e-5*omega*theta - 0.001115*omega - 0.e-6*theta**2 - 0.000707*theta - 0.008077

--- Chunk 61424 (45/220) | Start: 2025-03-26 01:00:00 ---
    RMSE omega (GP): nan | RMSE omega (Sim): nan
    Loss: 93.7912 | Epoch: 104
    Eq omega: nan1 + nantheta + nanomega + nantheta^2 + nantheta omega + nanomega^2
    Eq omega Phys: N/A

--- Chunk 61425 (46/220) | Start: 2025-03-26 01:05:00 ---
    RMSE omega (GP): 0.009762 | RMSE omega (Sim): 0.113445
    Loss: 1.7097 | Epoch: 1327
    Eq omega: 0.000541 + -0.00086theta + 0.00042omega + -0.00012theta^2 + 0.00012theta omega + -0.00142omega^2
    Eq omega Phys: -0.000469*omega**2 + 1.0e-6*omega*theta + 1.3e-5*omega - 0.e-6*theta + 2.0e-6

--- Chunk 61426 (47/220) | Start: 2025-03-26 01:10:00 ---
    RMSE omega (GP): 0.007707 | RMSE omega (Sim): 0.140083
    Loss: 1.4177 | Epoch: 1582
    Eq omega: -0.000201 + 0.00084theta + -0.00085omega + -0.00005theta^2 + 0.00047theta omega + 0.00017omega^2
    Eq omega Phys: 6.9e-5*omega**2 + 6.0e-6*omega*theta - 0.000101*omega + 1.0e-6*theta - 1.4e-5

--- Chunk 61427 (48/220) | Start: 2025-03-26 01:15:00 ---
    RMSE omega (GP): 0.010973 | RMSE omega (Sim): nan
    Loss: 1.6513 | Epoch: 989
    Eq omega: 0.021161 + -1.00506theta + -0.00027omega + -0.58314theta^2 + 0.00995theta omega + 0.00577omega^2
    Eq omega Phys: 0.001697*omega**2 + 9.8e-5*omega*theta - 8.3e-5*omega - 0.000191*theta**2 - 0.000829*theta + 0.000814

--- Chunk 61428 (49/220) | Start: 2025-03-26 01:20:00 ---
    RMSE omega (GP): 0.007756 | RMSE omega (Sim): 0.131913
    Loss: 0.2343 | Epoch: 1335
    Eq omega: 0.002971 + -0.68404theta + 0.01114omega + -0.00780theta^2 + -0.00619theta omega + -0.00200omega^2
    Eq omega Phys: -0.000691*omega**2 - 7.1e-5*omega*theta + 0.000841*omega - 3.0e-6*theta**2 - 0.000721*theta + 0.004888

--- Chunk 61429 (50/220) | Start: 2025-03-26 01:25:00 ---
    RMSE omega (GP): 0.008571 | RMSE omega (Sim): 0.170278
    Loss: -0.7922 | Epoch: 1331
    Eq omega: 0.012481 + -0.78949theta + 0.01850omega + 0.07304theta^2 + -0.02631theta omega + -0.01123omega^2
    Eq omega Phys: -0.00317*omega**2 - 0.000248*omega*theta - 0.000567*omega + 2.3e-5*theta**2 - 0.000658*theta - 0.003623

  [Progress 50/220] Mean RMSE omega (GP): 0.013939 | (Sim): 0.145162 | Mean loss: 313.8164 | Valid GP: 40/50 | Valid Sim: 38/50 | Elapsed: 16.7min | ETA: 56.8min

--- Chunk 61430 (51/220) | Start: 2025-03-26 01:30:00 ---
    RMSE omega (GP): nan | RMSE omega (Sim): nan
    Loss: 38.3899 | Epoch: 33
    Eq omega: nan1 + nantheta + nanomega + nantheta^2 + nantheta omega + nanomega^2
    Eq omega Phys: N/A

--- Chunk 61431 (52/220) | Start: 2025-03-26 01:35:00 ---
    RMSE omega (GP): 0.008620 | RMSE omega (Sim): 0.172741
    Loss: -0.4851 | Epoch: 1230
    Eq omega: -0.013251 + -0.61476theta + 0.01377omega + -0.03839theta^2 + 0.00672theta omega + 0.02578omega^2
    Eq omega Phys: 0.007292*omega**2 + 6.3e-5*omega*theta + 0.000838*omega - 1.2e-5*theta**2 - 0.000828*theta - 0.004574

--- Chunk 61432 (53/220) | Start: 2025-03-26 01:40:00 ---
    RMSE omega (GP): 0.021374 | RMSE omega (Sim): 0.111560
    Loss: 15.3306 | Epoch: 112
    Eq omega: 0.008511 + -0.04558theta + -0.00103omega + 0.00589theta^2 + -0.00463theta omega + -0.00589omega^2
    Eq omega Phys: -0.001702*omega**2 - 4.5e-5*omega*theta - 0.000173*omega + 2.0e-6*theta**2 - 3.9e-5*theta - 0.000107

--- Chunk 61433 (54/220) | Start: 2025-03-26 01:45:00 ---
    RMSE omega (GP): 0.052446 | RMSE omega (Sim): 0.107369
    Loss: -110.4972 | Epoch: 508
    Eq omega: 0.000631 + -0.02086theta + 0.01869omega + 0.01635theta^2 + 0.00310theta omega + -0.00437omega^2
    Eq omega Phys: -0.001375*omega**2 + 3.3e-5*omega*theta + 0.000621*omega + 6.0e-6*theta**2 - 2.4e-5*theta + 4.0e-6

--- Chunk 61434 (55/220) | Start: 2025-03-26 01:50:00 ---
    RMSE omega (GP): 0.008950 | RMSE omega (Sim): 0.133153
    Loss: 3.7445 | Epoch: 1139
    Eq omega: 0.000611 + 0.00040theta + 0.00089omega + -0.00065theta^2 + 0.00077theta omega + 0.00068omega^2
    Eq omega Phys: 0.000278*omega**2 + 1.0e-5*omega*theta - 6.3e-5*omega + 6.0e-6*theta - 2.5e-5

--- Chunk 61435 (56/220) | Start: 2025-03-26 01:55:00 ---
    RMSE omega (GP): nan | RMSE omega (Sim): nan
    Loss: 34.3438 | Epoch: 133
    Eq omega: nan1 + nantheta + nanomega + nantheta^2 + nantheta omega + nanomega^2
    Eq omega Phys: N/A

--- Chunk 61436 (57/220) | Start: 2025-03-26 02:00:00 ---
    RMSE omega (GP): 0.009167 | RMSE omega (Sim): 0.093342
    Loss: 0.0968 | Epoch: 855
    Eq omega: 0.008561 + -3.34790theta + 0.00621omega + 0.09902theta^2 + 0.05347theta omega + 0.29550omega^2
    Eq omega Phys: 0.089842*omega**2 + 0.000542*omega*theta - 0.000141*omega + 3.3e-5*theta**2 - 0.003763*theta + 0.002433

--- Chunk 61437 (58/220) | Start: 2025-03-26 02:05:00 ---
    RMSE omega (GP): nan | RMSE omega (Sim): nan
    Loss: 161.9181 | Epoch: 28
    Eq omega: nan1 + nantheta + nanomega + nantheta^2 + nantheta omega + nanomega^2
    Eq omega Phys: N/A

--- Chunk 61438 (59/220) | Start: 2025-03-26 02:10:00 ---
    RMSE omega (GP): nan | RMSE omega (Sim): nan
    Loss: 23.2820 | Epoch: 81
    Eq omega: nan1 + nantheta + nanomega + nantheta^2 + nantheta omega + nanomega^2
    Eq omega Phys: N/A

--- Chunk 61439 (60/220) | Start: 2025-03-26 02:15:00 ---
    RMSE omega (GP): 0.023639 | RMSE omega (Sim): 0.153584
    Loss: -1226.0402 | Epoch: 920
    Eq omega: -0.000221 + -0.00088theta + 0.00418omega + 0.00026theta^2 + 0.00214theta omega + -0.00038omega^2
    Eq omega Phys: -0.000107*omega**2 + 2.0e-5*omega*theta + 0.00039*omega + 1.0e-6*theta

--- Chunk 61440 (61/220) | Start: 2025-03-26 02:20:00 ---
    RMSE omega (GP): 0.007220 | RMSE omega (Sim): 0.163302
    Loss: -1.1864 | Epoch: 1004
    Eq omega: 0.000021 + -0.00099theta + -0.00210omega + -0.00094theta^2 + -0.00030theta omega + -0.00111omega^2
    Eq omega Phys: -0.000308*omega**2 - 3.0e-6*omega*theta - 6.7e-5*omega + 1.0e-6

--- Chunk 61441 (62/220) | Start: 2025-03-26 02:25:00 ---
    RMSE omega (GP): 0.010306 | RMSE omega (Sim): 0.113846
    Loss: 2.5967 | Epoch: 691
    Eq omega: 0.010711 + -2.88965theta + 0.00419omega + -0.00392theta^2 + 0.02474theta omega + 0.02680omega^2
    Eq omega Phys: 0.009261*omega**2 + 0.000285*omega*theta - 0.000412*omega - 2.0e-6*theta**2 - 0.003205*theta + 0.006246

--- Chunk 61442 (63/220) | Start: 2025-03-26 02:30:00 ---
    RMSE omega (GP): 0.007039 | RMSE omega (Sim): 0.183342
    Loss: -0.6151 | Epoch: 1063
    Eq omega: 0.001621 + -0.00248theta + -0.00135omega + -0.00171theta^2 + 0.00128theta omega + -0.00153omega^2
    Eq omega Phys: -0.000483*omega**2 + 1.3e-5*omega*theta - 1.0e-6*omega - 0.e-6*theta**2 - 7.0e-6*theta - 1.0e-5

--- Chunk 61443 (64/220) | Start: 2025-03-26 02:35:00 ---
    RMSE omega (GP): 0.008905 | RMSE omega (Sim): 0.158232
    Loss: 0.1820 | Epoch: 1746
    Eq omega: 0.001821 + -0.00043theta + -0.00031omega + -0.00026theta^2 + 0.00020theta omega + 0.00110omega^2
    Eq omega Phys: 0.000324*omega**2 + 2.0e-6*omega*theta + 1.3e-5*omega - 3.0e-6*theta - 1.1e-5

--- Chunk 61444 (65/220) | Start: 2025-03-26 02:40:00 ---
    RMSE omega (GP): 0.008802 | RMSE omega (Sim): 0.161185
    Loss: -0.3084 | Epoch: 834
    Eq omega: -0.000181 + -0.95696theta + 0.00307omega + -0.02572theta^2 + -0.00525theta omega + 0.07437omega^2
    Eq omega Phys: 0.020979*omega**2 - 4.9e-5*omega*theta - 0.00021*omega - 8.0e-6*theta**2 - 0.001165*theta - 0.007052

--- Chunk 61445 (66/220) | Start: 2025-03-26 02:45:00 ---
    RMSE omega (GP): 0.085423 | RMSE omega (Sim): 0.154762
    Loss: 485.4731 | Epoch: 30
    Eq omega: -0.001701 + -0.00151theta + -0.00021omega + -0.00031theta^2 + -0.00169theta omega + 0.00220omega^2
    Eq omega Phys: 0.000739*omega**2 - 1.9e-5*omega*theta + 0.00024*omega + 1.0e-6*theta - 3.0e-6

--- Chunk 61446 (67/220) | Start: 2025-03-26 02:50:00 ---
    RMSE omega (GP): 0.039056 | RMSE omega (Sim): 0.261649
    Loss: -1606.1921 | Epoch: 575
    Eq omega: 0.000381 + -0.00601theta + -0.00016omega + -0.00014theta^2 + 0.00059theta omega + 0.00023omega^2
    Eq omega Phys: 6.6e-5*omega**2 + 6.0e-6*omega*theta - 5.8e-5*omega - 6.0e-6*theta + 6.0e-5

--- Chunk 61447 (68/220) | Start: 2025-03-26 02:55:00 ---
    RMSE omega (GP): 0.009405 | RMSE omega (Sim): 0.135000
    Loss: -0.7829 | Epoch: 1326
    Eq omega: -0.001991 + 0.00176theta + -0.00332omega + 0.00062theta^2 + -0.00062theta omega + 0.00520omega^2
    Eq omega Phys: 0.001341*omega**2 - 5.0e-6*omega*theta - 5.3e-5*omega - 2.0e-6*theta - 9.0e-6

--- Chunk 61448 (69/220) | Start: 2025-03-26 03:00:00 ---
    RMSE omega (GP): 0.009471 | RMSE omega (Sim): 0.327463
    Loss: 1.5921 | Epoch: 1210
    Eq omega: -0.002531 + -0.00149theta + 0.00119omega + -0.00467theta^2 + -0.00118theta omega + 0.00033omega^2
    Eq omega Phys: 0.000114*omega**2 - 1.4e-5*omega*theta - 6.3e-5*omega - 2.0e-6*theta**2 - 2.9e-5*theta - 0.000124

--- Chunk 61449 (70/220) | Start: 2025-03-26 03:05:00 ---
    RMSE omega (GP): 0.008615 | RMSE omega (Sim): 0.103712
    Loss: 1.3097 | Epoch: 679
    Eq omega: -0.041941 + -1.11313theta + -0.01681omega + 0.05763theta^2 + 0.00766theta omega + 0.00349omega^2
    Eq omega Phys: 0.001308*omega**2 + 9.6e-5*omega*theta - 0.000432*omega + 2.4e-5*theta**2 - 0.001172*theta - 0.001744

--- Chunk 61450 (71/220) | Start: 2025-03-26 03:10:00 ---
    RMSE omega (GP): 0.007959 | RMSE omega (Sim): 0.097501
    Loss: 0.7411 | Epoch: 1528
    Eq omega: 0.004071 + -0.00034theta + -0.00035omega + -0.00183theta^2 + 0.00233theta omega + -0.00070omega^2
    Eq omega Phys: -0.000239*omega**2 + 2.6e-5*omega*theta - 0.000208*omega - 0.e-6*theta**2 + 1.0e-5*theta - 2.2e-5

--- Chunk 61451 (72/220) | Start: 2025-03-26 03:15:00 ---
    RMSE omega (GP): 0.007875 | RMSE omega (Sim): 0.155864
    Loss: -1.6789 | Epoch: 1381
    Eq omega: 0.000091 + -0.01465theta + 0.00104omega + -0.00245theta^2 + -0.00013theta omega + -0.00314omega^2
    Eq omega Phys: -0.000779*omega**2 - 1.0e-6*omega*theta + 4.4e-5*omega - 0.e-6*theta**2 - 4.0e-6*theta + 9.1e-5

--- Chunk 61452 (73/220) | Start: 2025-03-26 03:20:00 ---
    RMSE omega (GP): 0.009012 | RMSE omega (Sim): 0.112904
    Loss: 0.0632 | Epoch: 749
    Eq omega: 0.000621 + -1.44472theta + -0.02853omega + 0.04446theta^2 + -0.01886theta omega + 0.00232omega^2
    Eq omega Phys: 0.000696*omega**2 - 0.000188*omega*theta - 0.000809*omega + 1.5e-5*theta**2 - 0.001628*theta + 0.00122

--- Chunk 61453 (74/220) | Start: 2025-03-26 03:25:00 ---
    RMSE omega (GP): 0.059302 | RMSE omega (Sim): 0.176421
    Loss: 395.7644 | Epoch: 91
    Eq omega: -0.036651 + 0.00009theta + 0.03166omega + -0.00117theta^2 + -0.00026theta omega + -0.00207omega^2
    Eq omega Phys: -0.000909*omega**2 - 4.0e-6*omega*theta + 0.001001*omega - 0.e-6*theta**2 - 1.6e-5*theta - 0.000209

--- Chunk 61454 (75/220) | Start: 2025-03-26 03:30:00 ---
    RMSE omega (GP): 0.009629 | RMSE omega (Sim): 0.087529
    Loss: -0.7172 | Epoch: 1491
    Eq omega: 0.008971 + -0.36236theta + -0.52521omega + -0.01162theta^2 + 0.09911theta omega + 0.14146omega^2
    Eq omega Phys: 0.037386*omega**2 + 0.000873*omega*theta - 0.027176*omega - 3.0e-6*theta**2 - 0.000327*theta + 0.004078

--- Chunk 61455 (76/220) | Start: 2025-03-26 03:35:00 ---
    RMSE omega (GP): 0.008185 | RMSE omega (Sim): 0.144014
    Loss: 0.4862 | Epoch: 1202
    Eq omega: -0.009651 + -0.01359theta + 0.00232omega + -0.01087theta^2 + -0.00220theta omega + -0.00026omega^2
    Eq omega Phys: -9.2e-5*omega**2 - 2.6e-5*omega*theta + 0.000117*omega - 4.0e-6*theta**2 - 2.0e-6*theta - 1.7e-5

--- Chunk 61456 (77/220) | Start: 2025-03-26 03:40:00 ---
    RMSE omega (GP): 0.039345 | RMSE omega (Sim): 0.113002
    Loss: 76.6404 | Epoch: 390
    Eq omega: 0.000411 + -0.00165theta + 0.00029omega + 0.00048theta^2 + 0.01075theta omega + 0.00310omega^2
    Eq omega Phys: 0.000914*omega**2 + 0.000106*omega*theta + 0.001635*omega + 3.0e-6*theta + 1.1e-5

--- Chunk 61457 (78/220) | Start: 2025-03-26 03:45:00 ---
    RMSE omega (GP): 0.008420 | RMSE omega (Sim): 0.107240
    Loss: 3.7734 | Epoch: 2586
    Eq omega: -0.000211 + -0.00040theta + 0.00262omega + -0.00011theta^2 + 0.00010theta omega + 0.00371omega^2
    Eq omega Phys: 0.001678*omega**2 + 2.0e-6*omega*theta + 0.000123*omega - 3.0e-6*theta - 4.2e-5

--- Chunk 61458 (79/220) | Start: 2025-03-26 03:50:00 ---
    RMSE omega (GP): 0.031817 | RMSE omega (Sim): 0.099514
    Loss: 65.8852 | Epoch: 389
    Eq omega: -0.001671 + -0.00055theta + 0.00016omega + -0.00036theta^2 + -0.00023theta omega + -0.00037omega^2
    Eq omega Phys: -0.000126*omega**2 - 3.0e-6*omega*theta - 2.9e-5*omega - 4.0e-6*theta - 3.6e-5

--- Chunk 61459 (80/220) | Start: 2025-03-26 03:55:00 ---
    RMSE omega (GP): 0.020331 | RMSE omega (Sim): 0.047433
    Loss: 33.5182 | Epoch: 3954
    Eq omega: 0.026161 + -0.00003theta + 0.00028omega + -0.00001theta^2 + -0.00004theta omega + -0.00070omega^2
    Eq omega Phys: -0.000642*omega**2 - 1.0e-6*omega*theta - 2.4e-5*omega - 0.e-6*theta + 2.3e-5

--- Chunk 61460 (81/220) | Start: 2025-03-26 04:00:00 ---
    RMSE omega (GP): 0.010106 | RMSE omega (Sim): 0.078632
    Loss: 9.6557 | Epoch: 2018
    Eq omega: 0.000041 + -0.00001theta + -0.00033omega + 0.00000theta^2 + -0.00002theta omega + 0.00025omega^2
    Eq omega Phys: 0.000128*omega**2 - 2.0e-5*omega

--- Chunk 61461 (82/220) | Start: 2025-03-26 04:05:00 ---
    RMSE omega (GP): 0.020248 | RMSE omega (Sim): 0.072234
    Loss: 19.3985 | Epoch: 936
    Eq omega: 0.006231 + -0.37280theta + 0.01344omega + 0.00885theta^2 + -0.15153theta omega + -0.00098omega^2
    Eq omega Phys: -0.000393*omega**2 - 0.002028*omega*theta - 0.058111*omega + 4.0e-6*theta**2 - 0.000186*theta - 0.008652

--- Chunk 61462 (83/220) | Start: 2025-03-26 04:10:00 ---
    RMSE omega (GP): 0.053041 | RMSE omega (Sim): 0.150544
    Loss: 131.1839 | Epoch: 56
    Eq omega: -0.013711 + -0.05275theta + -0.03616omega + 0.00124theta^2 + 0.01230theta omega + -0.00475omega^2
    Eq omega Phys: -0.001379*omega**2 + 0.000119*omega*theta - 0.002258*omega - 6.6e-5*theta + 0.000497

--- Chunk 61463 (84/220) | Start: 2025-03-26 04:15:00 ---
    RMSE omega (GP): 0.010697 | RMSE omega (Sim): 0.167385
    Loss: 0.2397 | Epoch: 1655
    Eq omega: 0.003061 + 0.00054theta + -0.00499omega + 0.00093theta^2 + 0.00025theta omega + -0.00473omega^2
    Eq omega Phys: -0.001257*omega**2 + 2.0e-6*omega*theta - 0.000176*omega - 2.0e-6*theta + 1.6e-5

--- Chunk 61464 (85/220) | Start: 2025-03-26 04:20:00 ---
    RMSE omega (GP): 0.010323 | RMSE omega (Sim): 0.204635
    Loss: -1.2128 | Epoch: 1282
    Eq omega: 0.594191 + -1.07773theta + -0.05617omega + -0.70964theta^2 + 0.00874theta omega + -0.01791omega^2
    Eq omega Phys: -0.003955*omega**2 + 6.4e-5*omega*theta - 0.002495*omega - 0.000174*theta**2 + 0.002171*theta - 0.001718

--- Chunk 61465 (86/220) | Start: 2025-03-26 04:25:00 ---
    RMSE omega (GP): 0.012570 | RMSE omega (Sim): 0.146987
    Loss: -29.3713 | Epoch: 497
    Eq omega: 0.000931 + -0.34816theta + 0.00140omega + -0.00283theta^2 + -0.00263theta omega + 0.02684omega^2
    Eq omega Phys: 0.008447*omega**2 - 2.8e-5*omega*theta + 0.000188*omega - 0.e-6*theta**2 - 0.000377*theta + 0.00196

--- Chunk 61466 (87/220) | Start: 2025-03-26 04:30:00 ---
    RMSE omega (GP): 0.009842 | RMSE omega (Sim): 0.134853
    Loss: -1.0368 | Epoch: 1357
    Eq omega: 0.000861 + -0.95027theta + 0.03232omega + -0.01329theta^2 + 0.01246theta omega + -0.00630omega^2
    Eq omega Phys: -0.001523*omega**2 + 0.0001*omega*theta + 0.00125*omega - 4.0e-6*theta**2 - 0.001068*theta - 0.001819

--- Chunk 61467 (88/220) | Start: 2025-03-26 04:35:00 ---
    RMSE omega (GP): nan | RMSE omega (Sim): nan
    Loss: 191.4090 | Epoch: 16
    Eq omega: nan1 + nantheta + nanomega + nantheta^2 + nantheta omega + nanomega^2
    Eq omega Phys: N/A

--- Chunk 61468 (89/220) | Start: 2025-03-26 04:40:00 ---
    RMSE omega (GP): nan | RMSE omega (Sim): nan
    Loss: 191.2386 | Epoch: 76
    Eq omega: nan1 + nantheta + nanomega + nantheta^2 + nantheta omega + nanomega^2
    Eq omega Phys: N/A

--- Chunk 61469 (90/220) | Start: 2025-03-26 04:45:00 ---
    RMSE omega (GP): nan | RMSE omega (Sim): nan
    Loss: 26003.8008 | Epoch: 15
    Eq omega: nan1 + nantheta + nanomega + nantheta^2 + nantheta omega + nanomega^2
    Eq omega Phys: N/A

--- Chunk 61470 (91/220) | Start: 2025-03-26 04:50:00 ---
    RMSE omega (GP): 0.013572 | RMSE omega (Sim): 0.177902
    Loss: -1.3598 | Epoch: 2063
    Eq omega: 0.038231 + -0.46864theta + 0.03492omega + -0.23022theta^2 + 0.01662theta omega + 0.11234omega^2
    Eq omega Phys: 0.021123*omega**2 + 0.000104*omega*theta + 0.001205*omega - 4.8e-5*theta**2 - 0.000559*theta + 1.1e-5

--- Chunk 61471 (92/220) | Start: 2025-03-26 04:55:00 ---
    RMSE omega (GP): 0.011096 | RMSE omega (Sim): nan
    Loss: -0.8183 | Epoch: 960
    Eq omega: -0.456931 + -0.88246theta + -0.03228omega + 1.31441theta^2 + -0.04093theta omega + -0.05043omega^2
    Eq omega Phys: -0.010616*omega**2 - 0.000287*omega*theta - 0.003699*omega + 0.000307*theta**2 + 0.004634*theta + 0.014269

--- Chunk 61472 (93/220) | Start: 2025-03-26 05:00:00 ---
    RMSE omega (GP): 0.054498 | RMSE omega (Sim): 0.172547
    Loss: 121.7054 | Epoch: 19
    Eq omega: -0.000861 + -0.02977theta + -0.00369omega + -0.00050theta^2 + -0.00271theta omega + -0.00858omega^2
    Eq omega Phys: -0.001999*omega**2 - 2.1e-5*omega*theta + 0.000152*omega - 3.0e-5*theta + 0.000406

--- Chunk 61473 (94/220) | Start: 2025-03-26 05:05:00 ---
    RMSE omega (GP): 0.009443 | RMSE omega (Sim): 0.124311
    Loss: 0.0275 | Epoch: 1333
    Eq omega: 0.004451 + -0.38485theta + -0.00191omega + 0.01584theta^2 + -0.00290theta omega + 0.00063omega^2
    Eq omega Phys: 0.000184*omega**2 - 2.8e-5*omega*theta + 0.000109*omega + 5.0e-6*theta**2 - 0.000491*theta + 0.002824

--- Chunk 61474 (95/220) | Start: 2025-03-26 05:10:00 ---
    RMSE omega (GP): nan | RMSE omega (Sim): nan
    Loss: 45.1774 | Epoch: 50
    Eq omega: nan1 + nantheta + nanomega + nantheta^2 + nantheta omega + nanomega^2
    Eq omega Phys: N/A

--- Chunk 61475 (96/220) | Start: 2025-03-26 05:15:00 ---
    RMSE omega (GP): 0.009459 | RMSE omega (Sim): 0.152429
    Loss: 0.9964 | Epoch: 1145
    Eq omega: -0.000801 + 0.00024theta + -0.00482omega + 0.00122theta^2 + -0.00176theta omega + 0.00063omega^2
    Eq omega Phys: 0.000199*omega**2 - 1.9e-5*omega*theta + 0.000104*omega - 1.2e-5*theta + 8.1e-5

--- Chunk 61476 (97/220) | Start: 2025-03-26 05:20:00 ---
    RMSE omega (GP): 0.011497 | RMSE omega (Sim): 0.092219
    Loss: 1.8213 | Epoch: 1063
    Eq omega: -0.000831 + -0.08389theta + -0.00371omega + -0.00054theta^2 + 0.00070theta omega + -0.00350omega^2
    Eq omega Phys: -0.001045*omega**2 + 7.0e-6*omega*theta - 0.000205*omega - 8.9e-5*theta + 0.001059

--- Chunk 61477 (98/220) | Start: 2025-03-26 05:25:00 ---
    RMSE omega (GP): 0.008544 | RMSE omega (Sim): 0.117280
    Loss: 0.2725 | Epoch: 1170
    Eq omega: 0.007311 + -0.41260theta + 0.00329omega + -0.00296theta^2 + 0.01091theta omega + 0.00124omega^2
    Eq omega Phys: 0.000382*omega**2 + 0.000112*omega*theta - 0.000302*omega - 1.0e-6*theta**2 - 0.000451*theta + 0.001697

--- Chunk 61478 (99/220) | Start: 2025-03-26 05:30:00 ---
    RMSE omega (GP): nan | RMSE omega (Sim): nan
    Loss: 719.7876 | Epoch: 43
    Eq omega: nan1 + nantheta + nanomega + nantheta^2 + nantheta omega + nanomega^2
    Eq omega Phys: N/A

--- Chunk 61479 (100/220) | Start: 2025-03-26 05:35:00 ---
    RMSE omega (GP): 0.008268 | RMSE omega (Sim): 0.158423
    Loss: 0.9986 | Epoch: 1789
    Eq omega: 0.043271 + -0.57646theta + 0.05667omega + -0.25125theta^2 + -0.00756theta omega + 0.05421omega^2
    Eq omega Phys: 0.019012*omega**2 - 8.8e-5*omega*theta + 0.002466*omega - 9.8e-5*theta**2 + 0.000638*theta + 0.000146

  [Progress 100/220] Mean RMSE omega (GP): 0.016433 | (Sim): 0.142849 | Mean loss: 414.9136 | Valid GP: 81/100 | Valid Sim: 78/100 | Elapsed: 32.8min | ETA: 39.4min

--- Chunk 61480 (101/220) | Start: 2025-03-26 05:40:00 ---
    RMSE omega (GP): 0.008198 | RMSE omega (Sim): 0.207012
    Loss: -0.8086 | Epoch: 1010
    Eq omega: -0.003911 + -0.01934theta + -0.00736omega + -0.00191theta^2 + -0.01023theta omega + -0.00541omega^2
    Eq omega Phys: -0.001547*omega**2 - 9.7e-5*omega*theta - 0.001105*omega - 0.e-6*theta**2 - 3.2e-5*theta - 0.000252

--- Chunk 61481 (102/220) | Start: 2025-03-26 05:45:00 ---
    RMSE omega (GP): 0.008693 | RMSE omega (Sim): 0.153165
    Loss: 1.3073 | Epoch: 1599
    Eq omega: 0.000801 + -0.00062theta + -0.00019omega + 0.00018theta^2 + 0.00035theta omega + -0.00018omega^2
    Eq omega Phys: -6.2e-5*omega**2 + 4.0e-6*omega*theta - 7.9e-5*omega - 3.0e-6*theta + 3.8e-5

--- Chunk 61482 (103/220) | Start: 2025-03-26 05:50:00 ---
    RMSE omega (GP): 0.011343 | RMSE omega (Sim): 0.111364
    Loss: 4.1912 | Epoch: 1351
    Eq omega: -0.002851 + -0.00133theta + 0.00206omega + 0.00123theta^2 + 0.00098theta omega + 0.00308omega^2
    Eq omega Phys: 0.001102*omega**2 + 1.2e-5*omega*theta - 3.1e-5*omega - 1.0e-5*theta + 3.9e-5

--- Chunk 61483 (104/220) | Start: 2025-03-26 05:55:00 ---
    RMSE omega (GP): 0.009482 | RMSE omega (Sim): 0.144941
    Loss: -0.8187 | Epoch: 1657
    Eq omega: -0.001241 + -0.00035theta + -0.03322omega + 0.00004theta^2 + 0.00052theta omega + -0.00779omega^2
    Eq omega Phys: -0.001881*omega**2 + 4.0e-6*omega*theta - 0.001145*omega - 0.e-6*theta - 1.0e-6

--- Chunk 61484 (105/220) | Start: 2025-03-26 06:00:00 ---
    RMSE omega (GP): nan | RMSE omega (Sim): nan
    Loss: 1098.2500 | Epoch: 43
    Eq omega: nan1 + nantheta + nanomega + nantheta^2 + nantheta omega + nanomega^2
    Eq omega Phys: N/A

--- Chunk 61485 (106/220) | Start: 2025-03-26 06:05:00 ---
    RMSE omega (GP): 0.036440 | RMSE omega (Sim): 0.207709
    Loss: 123.3550 | Epoch: 605
    Eq omega: -0.004671 + 0.00057theta + -0.00273omega + 0.00009theta^2 + -0.00057theta omega + 0.00020omega^2
    Eq omega Phys: 8.9e-5*omega**2 - 8.0e-6*omega*theta + 1.6e-5*omega - 1.3e-5

--- Chunk 61486 (107/220) | Start: 2025-03-26 06:10:00 ---
    RMSE omega (GP): 0.009897 | RMSE omega (Sim): 0.115040
    Loss: -0.8537 | Epoch: 948
    Eq omega: -0.005521 + -0.52741theta + 0.03263omega + 0.03707theta^2 + -0.01182theta omega + -0.01933omega^2
    Eq omega Phys: -0.004724*omega**2 - 9.6e-5*omega*theta + 0.001634*omega + 1.0e-5*theta**2 - 0.0007*theta + 0.003621

--- Chunk 61487 (108/220) | Start: 2025-03-26 06:15:00 ---
    RMSE omega (GP): 0.016052 | RMSE omega (Sim): 0.140227
    Loss: -1.0293 | Epoch: 2120
    Eq omega: 0.002821 + -0.13166theta + 0.00242omega + 0.00158theta^2 + 0.00059theta omega + 0.01243omega^2
    Eq omega Phys: 0.002871*omega**2 + 5.0e-6*omega*theta + 0.000124*omega - 0.000139*theta - 0.001341

--- Chunk 61488 (109/220) | Start: 2025-03-26 06:20:00 ---
    RMSE omega (GP): nan | RMSE omega (Sim): nan
    Loss: 14.1105 | Epoch: 59
    Eq omega: nan1 + nantheta + nanomega + nantheta^2 + nantheta omega + nanomega^2
    Eq omega Phys: N/A

--- Chunk 61489 (110/220) | Start: 2025-03-26 06:25:00 ---
    RMSE omega (GP): 0.026258 | RMSE omega (Sim): 0.133851
    Loss: 22.5046 | Epoch: 68
    Eq omega: 0.000041 + -0.00096theta + 0.00019omega + 0.00035theta^2 + -0.00032theta omega + -0.00098omega^2
    Eq omega Phys: -0.000256*omega**2 - 3.0e-6*omega*theta - 3.7e-5*omega + 2.0e-6*theta + 9.0e-6

--- Chunk 61490 (111/220) | Start: 2025-03-26 06:30:00 ---
    RMSE omega (GP): 0.009760 | RMSE omega (Sim): nan
    Loss: 1.0680 | Epoch: 752
    Eq omega: 0.005791 + -0.32309theta + -0.00002omega + 0.27299theta^2 + -0.05126theta omega + -0.01518omega^2
    Eq omega Phys: -0.004848*omega**2 - 0.000546*omega*theta - 0.003655*omega + 9.7e-5*theta**2 + 0.000939*theta + 0.001961

--- Chunk 61491 (112/220) | Start: 2025-03-26 06:35:00 ---
    RMSE omega (GP): 0.009997 | RMSE omega (Sim): 0.077481
    Loss: 7.4963 | Epoch: 1446
    Eq omega: -0.001161 + -0.00022theta + -0.00051omega + -0.00013theta^2 + 0.00007theta omega + -0.00019omega^2
    Eq omega Phys: -8.7e-5*omega**2 + 1.0e-6*omega*theta + 1.0e-6*omega - 2.0e-6*theta - 2.5e-5

--- Chunk 61492 (113/220) | Start: 2025-03-26 06:40:00 ---
    RMSE omega (GP): 0.009136 | RMSE omega (Sim): 0.163116
    Loss: -1.1464 | Epoch: 805
    Eq omega: -0.002001 + -1.05573theta + 0.00995omega + 0.01215theta^2 + 0.00754theta omega + 0.00502omega^2
    Eq omega Phys: 0.001243*omega**2 + 6.2e-5*omega*theta + 0.000528*omega + 3.0e-6*theta**2 - 0.001152*theta - 0.00368

--- Chunk 61493 (114/220) | Start: 2025-03-26 06:45:00 ---
    RMSE omega (GP): 0.007834 | RMSE omega (Sim): 0.109551
    Loss: -0.2486 | Epoch: 971
    Eq omega: -0.000161 + -0.00506theta + -0.00183omega + 0.00054theta^2 + 0.00470theta omega + -0.01152omega^2
    Eq omega Phys: -0.0037*omega**2 + 5.0e-5*omega*theta - 0.000682*omega - 1.0e-5*theta + 9.8e-5

--- Chunk 61494 (115/220) | Start: 2025-03-26 06:50:00 ---
    RMSE omega (GP): 0.023487 | RMSE omega (Sim): 0.223994
    Loss: 36.8257 | Epoch: 501
    Eq omega: 0.002991 + -0.00048theta + -0.00029omega + -0.00001theta^2 + 0.00034theta omega + 0.00028omega^2
    Eq omega Phys: 0.000103*omega**2 + 4.0e-6*omega*theta - 2.4e-5*omega - 0.e-6*theta + 1.1e-5

--- Chunk 61495 (116/220) | Start: 2025-03-26 06:55:00 ---
    RMSE omega (GP): 0.009965 | RMSE omega (Sim): 0.178169
    Loss: 1.8798 | Epoch: 1413
    Eq omega: -0.020141 + -0.12466theta + 0.00215omega + -0.05660theta^2 + 0.00979theta omega + 0.01133omega^2
    Eq omega Phys: 0.004023*omega**2 + 0.000116*omega*theta - 0.001485*omega - 2.2e-5*theta**2 + 0.000461*theta - 0.002231

--- Chunk 61496 (117/220) | Start: 2025-03-26 07:00:00 ---
    RMSE omega (GP): 0.055972 | RMSE omega (Sim): 0.139412
    Loss: -103695120211427282911232.0000 | Epoch: 1205
    Eq omega: -0.004921 + -0.00117theta + -0.00141omega + 0.00584theta^2 + -0.00009theta omega + -0.00003omega^2
    Eq omega Phys: -1.2e-5*omega**2 - 1.0e-6*omega*theta - 2.3e-5*omega + 3.0e-6*theta**2 - 0.000105*theta + 0.001052

--- Chunk 61497 (118/220) | Start: 2025-03-26 07:05:00 ---
    RMSE omega (GP): 0.008180 | RMSE omega (Sim): 0.175562
    Loss: -1.2112 | Epoch: 1746
    Eq omega: -0.054561 + -0.60030theta + -0.04761omega + -0.00779theta^2 + -0.00192theta omega + -0.00071omega^2
    Eq omega Phys: -0.000188*omega**2 - 1.7e-5*omega*theta - 0.001707*omega - 2.0e-6*theta**2 - 0.0007*theta - 0.005072

--- Chunk 61498 (119/220) | Start: 2025-03-26 07:10:00 ---
    RMSE omega (GP): 0.010291 | RMSE omega (Sim): 0.166418
    Loss: -0.1702 | Epoch: 1073
    Eq omega: 0.346561 + -1.07920theta + 0.03917omega + -0.32145theta^2 + -0.01740theta omega + 0.00868omega^2
    Eq omega Phys: 0.00223*omega**2 - 0.000149*omega*theta + 0.000925*omega - 9.2e-5*theta**2 - 0.001668*theta - 0.00216

--- Chunk 61499 (120/220) | Start: 2025-03-26 07:15:00 ---
    RMSE omega (GP): 0.008979 | RMSE omega (Sim): 0.123729
    Loss: 1.0109 | Epoch: 1261
    Eq omega: 0.023671 + -1.44611theta + 0.00236omega + -0.02600theta^2 + -0.00899theta omega + 0.09520omega^2
    Eq omega Phys: 0.033371*omega**2 - 0.000105*omega*theta + 3.3e-5*omega - 1.0e-5*theta**2 - 0.001616*theta - 0.000627

--- Chunk 61500 (121/220) | Start: 2025-03-26 07:20:00 ---
    RMSE omega (GP): nan | RMSE omega (Sim): nan
    Loss: 45.5350 | Epoch: 53
    Eq omega: nan1 + nantheta + nanomega + nantheta^2 + nantheta omega + nanomega^2
    Eq omega Phys: N/A

--- Chunk 61501 (122/220) | Start: 2025-03-26 07:25:00 ---
    RMSE omega (GP): 0.007657 | RMSE omega (Sim): 0.110837
    Loss: -0.9385 | Epoch: 1243
    Eq omega: 0.002891 + -0.00075theta + 0.00138omega + -0.00087theta^2 + 0.00126theta omega + -0.00456omega^2
    Eq omega Phys: -0.00138*omega**2 + 1.3e-5*omega*theta + 4.0e-5*omega - 0.e-6*theta + 1.1e-5

--- Chunk 61502 (123/220) | Start: 2025-03-26 07:30:00 ---
    RMSE omega (GP): 0.008126 | RMSE omega (Sim): 0.134001
    Loss: -1.4289 | Epoch: 1963
    Eq omega: -0.001221 + 0.00105theta + -0.00072omega + 0.00042theta^2 + -0.00278theta omega + 0.00177omega^2
    Eq omega Phys: 0.000475*omega**2 - 2.5e-5*omega*theta - 8.9e-5*omega + 2.0e-6*theta - 1.0e-6

--- Chunk 61503 (124/220) | Start: 2025-03-26 07:35:00 ---
    RMSE omega (GP): 0.009031 | RMSE omega (Sim): 0.165141
    Loss: -1.2614 | Epoch: 1976
    Eq omega: 0.004841 + -0.60747theta + 0.00491omega + 0.00180theta^2 + -0.00742theta omega + 0.00105omega^2
    Eq omega Phys: 0.000261*omega**2 - 6.1e-5*omega*theta + 0.000648*omega - 0.000683*theta + 0.005379

--- Chunk 61504 (125/220) | Start: 2025-03-26 07:40:00 ---
    RMSE omega (GP): nan | RMSE omega (Sim): nan
    Loss: 2641.4651 | Epoch: 21
    Eq omega: nan1 + nantheta + nanomega + nantheta^2 + nantheta omega + nanomega^2
    Eq omega Phys: N/A

--- Chunk 61505 (126/220) | Start: 2025-03-26 07:45:00 ---
    RMSE omega (GP): 0.011412 | RMSE omega (Sim): 0.044487
    Loss: 1.1379 | Epoch: 1549
    Eq omega: 0.067891 + -2.00202theta + 0.00760omega + -0.61664theta^2 + 0.00861theta omega + 0.24663omega^2
    Eq omega Phys: 0.070058*omega**2 + 8.2e-5*omega*theta + 0.000445*omega - 0.000195*theta**2 - 0.00314*theta - 0.006041

--- Chunk 61506 (127/220) | Start: 2025-03-26 07:50:00 ---
    RMSE omega (GP): 0.009551 | RMSE omega (Sim): 0.271603
    Loss: 0.1496 | Epoch: 1025
    Eq omega: 0.000291 + 0.00007theta + -0.00033omega + 0.00016theta^2 + 0.00062theta omega + 0.00082omega^2
    Eq omega Phys: 0.000219*omega**2 + 6.0e-6*omega*theta - 8.7e-5*omega - 1.0e-6*theta + 9.0e-6

--- Chunk 61507 (128/220) | Start: 2025-03-26 07:55:00 ---
    RMSE omega (GP): 0.010691 | RMSE omega (Sim): 0.262343
    Loss: 1.1884 | Epoch: 1385
    Eq omega: -0.002041 + -0.25436theta + 0.00026omega + -0.01158theta^2 + 0.00111theta omega + -0.00847omega^2
    Eq omega Phys: -0.002431*omega**2 + 1.1e-5*omega*theta - 0.000226*omega - 4.0e-6*theta**2 - 0.000119*theta + 0.004436

--- Chunk 61508 (129/220) | Start: 2025-03-26 08:00:00 ---
    RMSE omega (GP): 0.010175 | RMSE omega (Sim): 0.078768
    Loss: 0.6878 | Epoch: 1222
    Eq omega: 0.077401 + -0.28880theta + -0.02348omega + 0.07339theta^2 + 0.01454theta omega + -0.26541omega^2
    Eq omega Phys: -0.082244*omega**2 + 0.00015*omega*theta - 0.003452*omega + 2.5e-5*theta**2 - 0.001219*theta + 0.013962

--- Chunk 61509 (130/220) | Start: 2025-03-26 08:05:00 ---
    RMSE omega (GP): 0.010553 | RMSE omega (Sim): 0.149799
    Loss: -0.3465 | Epoch: 1270
    Eq omega: 0.002341 + 0.00027theta + -0.00099omega + -0.00055theta^2 + -0.00048theta omega + -0.00081omega^2
    Eq omega Phys: -0.000273*omega**2 - 5.0e-6*omega*theta - 7.1e-5*omega - 3.0e-6*theta

--- Chunk 61510 (131/220) | Start: 2025-03-26 08:10:00 ---
    RMSE omega (GP): 0.009743 | RMSE omega (Sim): 0.190647
    Loss: -0.7487 | Epoch: 2006
    Eq omega: 0.003151 + -0.00060theta + 0.00101omega + 0.00096theta^2 + -0.00027theta omega + 0.00460omega^2
    Eq omega Phys: 0.001144*omega**2 - 2.0e-6*omega*theta - 0.e-6*omega + 8.0e-6*theta + 6.7e-5

--- Chunk 61511 (132/220) | Start: 2025-03-26 08:15:00 ---
    RMSE omega (GP): 0.073547 | RMSE omega (Sim): 0.099623
    Loss: 616.5692 | Epoch: 25
    Eq omega: -0.003161 + -0.00335theta + 0.00014omega + 0.00009theta^2 + -0.00045theta omega + -0.00055omega^2
    Eq omega Phys: -0.000193*omega**2 - 5.0e-6*omega*theta + 0.000131*omega - 5.0e-6*theta + 9.9e-5

--- Chunk 61512 (133/220) | Start: 2025-03-26 08:20:00 ---
    RMSE omega (GP): 0.007592 | RMSE omega (Sim): 0.153983
    Loss: -1.8861 | Epoch: 1065
    Eq omega: 0.001981 + -0.58907theta + -0.01366omega + -0.00622theta^2 + 0.01315theta omega + 0.07114omega^2
    Eq omega Phys: 0.01761*omega**2 + 0.000109*omega*theta - 0.00034*omega - 2.0e-6*theta**2 - 0.000658*theta - 0.000687

--- Chunk 61513 (134/220) | Start: 2025-03-26 08:25:00 ---
    RMSE omega (GP): 0.028648 | RMSE omega (Sim): 0.088182
    Loss: 73.8350 | Epoch: 606
    Eq omega: -0.000481 + -0.03386theta + -0.00094omega + 0.00111theta^2 + 0.00154theta omega + 0.00217omega^2
    Eq omega Phys: 0.000891*omega**2 + 2.1e-5*omega*theta - 0.000223*omega + 1.0e-6*theta**2 - 4.7e-5*theta + 0.000384

--- Chunk 61514 (135/220) | Start: 2025-03-26 08:30:00 ---
    RMSE omega (GP): nan | RMSE omega (Sim): nan
    Loss: 318.9423 | Epoch: 43
    Eq omega: nan1 + nantheta + nanomega + nantheta^2 + nantheta omega + nanomega^2
    Eq omega Phys: N/A

--- Chunk 61515 (136/220) | Start: 2025-03-26 08:35:00 ---
    RMSE omega (GP): 0.008402 | RMSE omega (Sim): 0.120265
    Loss: -0.4950 | Epoch: 1544
    Eq omega: 0.642961 + -3.36144theta + 0.08465omega + -2.15013theta^2 + -0.13703theta omega + -0.02742omega^2
    Eq omega Phys: -0.008253*omega**2 - 0.001375*omega*theta + 0.000973*omega - 0.000719*theta**2 - 0.005669*theta - 0.003951

--- Chunk 61516 (137/220) | Start: 2025-03-26 08:40:00 ---
    RMSE omega (GP): 0.006716 | RMSE omega (Sim): 0.102687
    Loss: -0.3652 | Epoch: 1083
    Eq omega: 0.000621 + -0.00137theta + -0.00212omega + 0.00177theta^2 + -0.00010theta omega + -0.00144omega^2
    Eq omega Phys: -0.000477*omega**2 - 1.0e-6*omega*theta - 7.5e-5*omega + 1.0e-6*theta**2 + 4.0e-6*theta + 8.0e-6

--- Chunk 61517 (138/220) | Start: 2025-03-26 08:45:00 ---
    RMSE omega (GP): 0.007758 | RMSE omega (Sim): 0.092683
    Loss: -1.1153 | Epoch: 1169
    Eq omega: -0.004641 + -0.52504theta + -0.01895omega + -0.01316theta^2 + -0.00416theta omega + 0.02749omega^2
    Eq omega Phys: 0.007532*omega**2 - 3.8e-5*omega*theta - 0.000522*omega - 4.0e-6*theta**2 - 0.00056*theta + 0.001638

--- Chunk 61518 (139/220) | Start: 2025-03-26 08:50:00 ---
    RMSE omega (GP): nan | RMSE omega (Sim): nan
    Loss: 73.0753 | Epoch: 43
    Eq omega: nan1 + nantheta + nanomega + nantheta^2 + nantheta omega + nanomega^2
    Eq omega Phys: N/A

--- Chunk 61519 (140/220) | Start: 2025-03-26 08:55:00 ---
    RMSE omega (GP): nan | RMSE omega (Sim): nan
    Loss: 424.2199 | Epoch: 38
    Eq omega: nan1 + nantheta + nanomega + nantheta^2 + nantheta omega + nanomega^2
    Eq omega Phys: N/A

--- Chunk 61520 (141/220) | Start: 2025-03-26 09:00:00 ---
    RMSE omega (GP): 0.010385 | RMSE omega (Sim): 0.098731
    Loss: -1.4277 | Epoch: 1960
    Eq omega: -0.008711 + -0.19255theta + -0.01250omega + 0.01412theta^2 + -0.11218theta omega + -0.00477omega^2
    Eq omega Phys: -0.000975*omega**2 - 0.000765*omega*theta - 0.011094*omega + 3.0e-6*theta**2 - 0.000124*theta - 0.002409

--- Chunk 61521 (142/220) | Start: 2025-03-26 09:05:00 ---
    RMSE omega (GP): 0.022920 | RMSE omega (Sim): 0.047609
    Loss: 9.8208 | Epoch: 1610
    Eq omega: -0.157881 + -0.09756theta + 0.02091omega + -0.00090theta^2 + -0.00136theta omega + 0.00029omega^2
    Eq omega Phys: 6.9e-5*omega**2 - 1.1e-5*omega*theta + 0.000687*omega - 0.000109*theta - 0.000831

--- Chunk 61522 (143/220) | Start: 2025-03-26 09:10:00 ---
    RMSE omega (GP): 0.009093 | RMSE omega (Sim): 0.184296
    Loss: -1.8491 | Epoch: 2825
    Eq omega: -0.000431 + 0.00336theta + 0.00103omega + 0.00016theta^2 + 0.00015theta omega + 0.00065omega^2
    Eq omega Phys: 0.000155*omega**2 + 1.0e-6*omega*theta + 5.7e-5*omega + 5.0e-6*theta + 8.2e-5

--- Chunk 61523 (144/220) | Start: 2025-03-26 09:15:00 ---
    RMSE omega (GP): 0.031782 | RMSE omega (Sim): 0.217357
    Loss: 22.1858 | Epoch: 55
    Eq omega: -0.002791 + -0.01673theta + 0.00241omega + -0.00026theta^2 + -0.00102theta omega + -0.00655omega^2
    Eq omega Phys: -0.001381*omega**2 - 7.0e-6*omega*theta + 7.4e-5*omega - 1.9e-5*theta - 3.1e-5

--- Chunk 61524 (145/220) | Start: 2025-03-26 09:20:00 ---
    RMSE omega (GP): 0.009353 | RMSE omega (Sim): 0.068323
    Loss: 10.9971 | Epoch: 5133
    Eq omega: 0.053931 + -0.00023theta + -0.00032omega + 0.00002theta^2 + -0.00001theta omega + -0.00026omega^2
    Eq omega Phys: -0.000166*omega**2 - 1.7e-5*omega + 1.0e-6*theta + 0.0001

--- Chunk 61525 (146/220) | Start: 2025-03-26 09:25:00 ---
    RMSE omega (GP): 0.021043 | RMSE omega (Sim): 0.046057
    Loss: 117.8158 | Epoch: 248
    Eq omega: -0.001771 + -0.00029theta + -0.00007omega + 0.00003theta^2 + -0.00002theta omega + 0.00006omega^2
    Eq omega Phys: 4.3e-5*omega**2 - 1.4e-5*omega + 1.0e-6*theta + 4.0e-6

--- Chunk 61526 (147/220) | Start: 2025-03-26 09:30:00 ---
    RMSE omega (GP): 0.047328 | RMSE omega (Sim): 0.052622
    Loss: 710.9541 | Epoch: 83
    Eq omega: -0.000671 + -0.00027theta + 0.00079omega + -0.00013theta^2 + -0.00009theta omega + -0.00232omega^2
    Eq omega Phys: -0.001536*omega**2 - 2.0e-6*omega*theta - 2.2e-5*omega - 5.0e-6*theta - 6.5e-5

--- Chunk 61527 (148/220) | Start: 2025-03-26 09:35:00 ---
    RMSE omega (GP): nan | RMSE omega (Sim): nan
    Loss: 9611.9668 | Epoch: 20
    Eq omega: nan1 + nantheta + nanomega + nantheta^2 + nantheta omega + nanomega^2
    Eq omega Phys: N/A

--- Chunk 61528 (149/220) | Start: 2025-03-26 09:40:00 ---
    RMSE omega (GP): 0.007865 | RMSE omega (Sim): 0.102535
    Loss: 3.8312 | Epoch: 1313
    Eq omega: -0.003411 + -0.00134theta + 0.00216omega + -0.00006theta^2 + -0.00001theta omega + 0.00383omega^2
    Eq omega Phys: 0.001713*omega**2 + 6.9e-5*omega - 3.0e-6*theta - 5.2e-5

--- Chunk 61529 (150/220) | Start: 2025-03-26 09:45:00 ---
    RMSE omega (GP): 0.012355 | RMSE omega (Sim): 0.120815
    Loss: 2.9233 | Epoch: 1767
    Eq omega: -0.001491 + -0.00203theta + 0.00033omega + -0.00106theta^2 + 0.00025theta omega + -0.00256omega^2
    Eq omega Phys: -0.000757*omega**2 + 2.0e-6*omega*theta + 4.3e-5*omega - 1.1e-5*theta - 9.2e-5

  [Progress 150/220] Mean RMSE omega (GP): 0.016283 | (Sim): 0.140474 | Mean loss: -691300801409515257856.0000 | Valid GP: 123/150 | Valid Sim: 119/150 | Elapsed: 52.7min | ETA: 24.6min

--- Chunk 61530 (151/220) | Start: 2025-03-26 09:50:00 ---
    RMSE omega (GP): 0.009305 | RMSE omega (Sim): 0.083608
    Loss: 6.0823 | Epoch: 1331
    Eq omega: -0.000371 + 0.00010theta + -0.00049omega + 0.00002theta^2 + -0.00020theta omega + -0.00035omega^2
    Eq omega Phys: -0.000167*omega**2 - 3.0e-6*omega*theta + 2.9e-5*omega

--- Chunk 61531 (152/220) | Start: 2025-03-26 09:55:00 ---
    RMSE omega (GP): 0.010880 | RMSE omega (Sim): 0.058844
    Loss: 16.7812 | Epoch: 2358
    Eq omega: 0.001171 + -0.00053theta + -0.00499omega + -0.00004theta^2 + -0.00005theta omega + 0.00039omega^2
    Eq omega Phys: 0.000229*omega**2 - 0.e-6*omega*theta - 0.000146*omega + 3.0e-6

--- Chunk 61532 (153/220) | Start: 2025-03-26 10:00:00 ---
    RMSE omega (GP): 0.032916 | RMSE omega (Sim): 0.040697
    Loss: 637.0034 | Epoch: 85
    Eq omega: 0.001101 + 0.00018theta + 0.00532omega + 0.00003theta^2 + 0.00000theta omega + 0.00006omega^2
    Eq omega Phys: 5.1e-5*omega**2 + 0.000177*omega - 2.0e-6*theta + 2.9e-5

--- Chunk 61533 (154/220) | Start: 2025-03-26 10:05:00 ---
    RMSE omega (GP): 0.031344 | RMSE omega (Sim): 0.048734
    Loss: 319.6826 | Epoch: 462
    Eq omega: 0.002671 + -0.00011theta + -0.00072omega + -0.00001theta^2 + 0.00001theta omega + -0.00003omega^2
    Eq omega Phys: -2.5e-5*omega**2 - 3.5e-5*omega + 1.0e-6*theta - 5.0e-6

--- Chunk 61534 (155/220) | Start: 2025-03-26 10:10:00 ---
    RMSE omega (GP): 0.024727 | RMSE omega (Sim): 0.036941
    Loss: 302.6112 | Epoch: 1432
    Eq omega: 0.000061 + 0.00000theta + -0.00028omega + 0.00000theta^2 + -0.00000theta omega + -0.00001omega^2
    Eq omega Phys: -1.1e-5*omega**2 - 9.0e-6*omega

--- Chunk 61535 (156/220) | Start: 2025-03-26 10:15:00 ---
    RMSE omega (GP): 0.031648 | RMSE omega (Sim): 0.040007
    Loss: 1110.1368 | Epoch: 62
    Eq omega: 0.004251 + 0.00002theta + 0.00433omega + 0.00001theta^2 + 0.00002theta omega + 0.00133omega^2
    Eq omega Phys: 0.001031*omega**2 + 1.0e-6*omega*theta + 0.000129*omega + 1.3e-5

--- Chunk 61536 (157/220) | Start: 2025-03-26 10:20:00 ---
    RMSE omega (GP): nan | RMSE omega (Sim): nan
    Loss: 827.7590 | Epoch: 72
    Eq omega: nan1 + nantheta + nanomega + nantheta^2 + nantheta omega + nanomega^2
    Eq omega Phys: N/A

--- Chunk 61537 (158/220) | Start: 2025-03-26 10:25:00 ---
    RMSE omega (GP): 0.011164 | RMSE omega (Sim): 0.078831
    Loss: 43.5851 | Epoch: 2104
    Eq omega: -0.001101 + -0.00001theta + 0.00045omega + 0.00002theta^2 + 0.00001theta omega + 0.00048omega^2
    Eq omega Phys: 0.000424*omega**2 + 9.0e-6*omega - 0.e-6*theta + 8.0e-6

--- Chunk 61538 (159/220) | Start: 2025-03-26 10:30:00 ---
    RMSE omega (GP): 0.017817 | RMSE omega (Sim): 0.043579
    Loss: 352.9596 | Epoch: 1081
    Eq omega: 0.001331 + -0.00006theta + -0.00130omega + 0.00000theta^2 + 0.00000theta omega + -0.00051omega^2
    Eq omega Phys: -0.000778*omega**2 - 4.3e-5*omega + 3.0e-6

--- Chunk 61539 (160/220) | Start: 2025-03-26 10:35:00 ---
    RMSE omega (GP): 0.007724 | RMSE omega (Sim): 0.062319
    Loss: 17.1624 | Epoch: 3793
    Eq omega: 0.000821 + 0.00001theta + -0.00356omega + 0.00000theta^2 + 0.00005theta omega + 0.00026omega^2
    Eq omega Phys: 0.000223*omega**2 + 1.0e-6*omega*theta - 0.000157*omega + 1.0e-6

--- Chunk 61540 (161/220) | Start: 2025-03-26 10:40:00 ---
    RMSE omega (GP): nan | RMSE omega (Sim): nan
    Loss: 5181.3936 | Epoch: 38
    Eq omega: nan1 + nantheta + nanomega + nantheta^2 + nantheta omega + nanomega^2
    Eq omega Phys: N/A

--- Chunk 61541 (162/220) | Start: 2025-03-26 10:45:00 ---
    RMSE omega (GP): 0.010150 | RMSE omega (Sim): 0.163905
    Loss: 35.9755 | Epoch: 3436
    Eq omega: 0.008051 + -0.00044theta + 0.00868omega + 0.00002theta^2 + 0.00735theta omega + 0.00080omega^2
    Eq omega Phys: 0.0007*omega**2 + 0.000214*omega*theta - 0.004375*omega - 1.0e-6*theta + 3.0e-5

--- Chunk 61542 (163/220) | Start: 2025-03-26 10:50:00 ---
    RMSE omega (GP): 0.010258 | RMSE omega (Sim): 0.040518
    Loss: 63.5541 | Epoch: 2234
    Eq omega: -0.000921 + 0.00001theta + 0.00141omega + 0.00000theta^2 + -0.00000theta omega + 0.00003omega^2
    Eq omega Phys: 3.6e-5*omega**2 + 4.7e-5*omega - 1.0e-6

--- Chunk 61543 (164/220) | Start: 2025-03-26 10:55:00 ---
    RMSE omega (GP): nan | RMSE omega (Sim): nan
    Loss: 2035.4150 | Epoch: 25
    Eq omega: nan1 + nantheta + nanomega + nantheta^2 + nantheta omega + nanomega^2
    Eq omega Phys: N/A

--- Chunk 61544 (165/220) | Start: 2025-03-26 11:00:00 ---
    RMSE omega (GP): nan | RMSE omega (Sim): nan
    Loss: 883.5642 | Epoch: 32
    Eq omega: nan1 + nantheta + nanomega + nantheta^2 + nantheta omega + nanomega^2
    Eq omega Phys: N/A

--- Chunk 61545 (166/220) | Start: 2025-03-26 11:05:00 ---
    RMSE omega (GP): 0.023844 | RMSE omega (Sim): 0.055133
    Loss: 252.7122 | Epoch: 79
    Eq omega: -0.000011 + -0.00004theta + -0.00120omega + -0.00013theta^2 + -0.00006theta omega + -0.00324omega^2
    Eq omega Phys: -0.002202*omega**2 - 1.0e-6*omega*theta - 1.0e-5*omega + 4.0e-6*theta - 4.6e-5

--- Chunk 61546 (167/220) | Start: 2025-03-26 11:10:00 ---
    RMSE omega (GP): 0.031010 | RMSE omega (Sim): 0.050699
    Loss: 300.0878 | Epoch: 130
    Eq omega: -0.002671 + -0.00004theta + -0.00150omega + -0.00002theta^2 + -0.00001theta omega + -0.00021omega^2
    Eq omega Phys: -0.000167*omega**2 - 4.5e-5*omega + 1.0e-6*theta - 1.0e-5

--- Chunk 61547 (168/220) | Start: 2025-03-26 11:15:00 ---
    RMSE omega (GP): 0.013461 | RMSE omega (Sim): 0.063389
    Loss: 20.6053 | Epoch: 1646
    Eq omega: -0.001091 + -0.00060theta + 0.00218omega + 0.00073theta^2 + -0.00008theta omega + 0.00048omega^2
    Eq omega Phys: 0.000254*omega**2 - 1.0e-6*omega*theta + 9.2e-5*omega - 1.2e-5*theta + 8.6e-5

--- Chunk 61548 (169/220) | Start: 2025-03-26 11:20:00 ---
    RMSE omega (GP): 0.024573 | RMSE omega (Sim): 0.050371
    Loss: 222.2340 | Epoch: 504
    Eq omega: -0.001121 + -0.00043theta + 0.00113omega + -0.00001theta^2 + -0.00002theta omega + 0.00052omega^2
    Eq omega Phys: 0.000455*omega**2 - 0.e-6*omega*theta + 5.1e-5*omega + 4.0e-6

--- Chunk 61549 (170/220) | Start: 2025-03-26 11:25:00 ---
    RMSE omega (GP): nan | RMSE omega (Sim): nan
    Loss: 204.6208 | Epoch: 52
    Eq omega: nan1 + nantheta + nanomega + nantheta^2 + nantheta omega + nanomega^2
    Eq omega Phys: N/A

--- Chunk 61550 (171/220) | Start: 2025-03-26 11:30:00 ---
    RMSE omega (GP): 0.009729 | RMSE omega (Sim): 0.073685
    Loss: 5.3938 | Epoch: 1606
    Eq omega: 0.001691 + -0.99155theta + -0.00090omega + 0.00177theta^2 + 0.03336theta omega + -0.01163omega^2
    Eq omega Phys: -0.005096*omega**2 + 0.000487*omega*theta + 0.000379*omega + 1.0e-6*theta**2 - 0.0011*theta - 0.000919

--- Chunk 61551 (172/220) | Start: 2025-03-26 11:35:00 ---
    RMSE omega (GP): nan | RMSE omega (Sim): nan
    Loss: 2493.0508 | Epoch: 25
    Eq omega: nan1 + nantheta + nanomega + nantheta^2 + nantheta omega + nanomega^2
    Eq omega Phys: N/A

--- Chunk 61552 (173/220) | Start: 2025-03-26 11:40:00 ---
    RMSE omega (GP): 0.008398 | RMSE omega (Sim): 0.035382
    Loss: 59.7267 | Epoch: 7722
    Eq omega: -0.000061 + -0.00003theta + -0.00014omega + -0.00000theta^2 + -0.00001theta omega + -0.00003omega^2
    Eq omega Phys: -4.2e-5*omega**2 + 8.0e-6*omega + 1.0e-6

--- Chunk 61553 (174/220) | Start: 2025-03-26 11:45:00 ---
    RMSE omega (GP): nan | RMSE omega (Sim): nan
    Loss: 152217.4219 | Epoch: 20
    Eq omega: nan1 + nantheta + nanomega + nantheta^2 + nantheta omega + nanomega^2
    Eq omega Phys: N/A

--- Chunk 61554 (175/220) | Start: 2025-03-26 11:50:00 ---
    RMSE omega (GP): 0.022500 | RMSE omega (Sim): 0.050650
    Loss: 147.0356 | Epoch: 138
    Eq omega: -0.003811 + 0.00011theta + -0.00234omega + 0.00000theta^2 + 0.00002theta omega + -0.00029omega^2
    Eq omega Phys: -0.000227*omega**2 + 1.0e-6*omega*theta - 9.3e-5*omega - 9.0e-6

--- Chunk 61555 (176/220) | Start: 2025-03-26 11:55:00 ---
    RMSE omega (GP): 0.009526 | RMSE omega (Sim): 0.047048
    Loss: 22.3633 | Epoch: 1388
    Eq omega: 0.002971 + 0.00033theta + 0.00156omega + -0.00002theta^2 + -0.00003theta omega + -0.00145omega^2
    Eq omega Phys: -0.00107*omega**2 - 0.e-6*omega*theta + 6.6e-5*omega + 1.0e-6*theta - 9.0e-6

--- Chunk 61556 (177/220) | Start: 2025-03-26 12:00:00 ---
    RMSE omega (GP): 0.023929 | RMSE omega (Sim): 0.033712
    Loss: 288.3273 | Epoch: 660
    Eq omega: 0.001491 + 0.00016theta + 0.00120omega + -0.00002theta^2 + -0.00002theta omega + 0.00008omega^2
    Eq omega Phys: 8.1e-5*omega**2 - 0.e-6*omega*theta + 5.9e-5*omega + 1.0e-6*theta - 2.1e-5

--- Chunk 61557 (178/220) | Start: 2025-03-26 12:05:00 ---
    RMSE omega (GP): nan | RMSE omega (Sim): nan
    Loss: 394.3371 | Epoch: 86
    Eq omega: nan1 + nantheta + nanomega + nantheta^2 + nantheta omega + nanomega^2
    Eq omega Phys: N/A

--- Chunk 61558 (179/220) | Start: 2025-03-26 12:10:00 ---
    RMSE omega (GP): nan | RMSE omega (Sim): nan
    Loss: 2359.3596 | Epoch: 34
    Eq omega: nan1 + nantheta + nanomega + nantheta^2 + nantheta omega + nanomega^2
    Eq omega Phys: N/A

--- Chunk 61559 (180/220) | Start: 2025-03-26 12:15:00 ---
    RMSE omega (GP): 0.011402 | RMSE omega (Sim): 0.103107
    Loss: 2.2341 | Epoch: 1654
    Eq omega: -0.022551 + -0.54630theta + -0.01679omega + -0.01578theta^2 + 0.10057theta omega + -0.09109omega^2
    Eq omega Phys: -0.028031*omega**2 + 0.001032*omega*theta - 0.002918*omega - 5.0e-6*theta**2 - 0.000582*theta + 0.001278

--- Chunk 61560 (181/220) | Start: 2025-03-26 12:20:00 ---
    RMSE omega (GP): nan | RMSE omega (Sim): nan
    Loss: 2371.3838 | Epoch: 16
    Eq omega: nan1 + nantheta + nanomega + nantheta^2 + nantheta omega + nanomega^2
    Eq omega Phys: N/A

--- Chunk 61561 (182/220) | Start: 2025-03-26 12:25:00 ---
    RMSE omega (GP): 0.008456 | RMSE omega (Sim): 0.076067
    Loss: 12.5541 | Epoch: 1879
    Eq omega: 0.000131 + -0.00010theta + 0.00017omega + 0.00000theta^2 + 0.00000theta omega + 0.00015omega^2
    Eq omega Phys: 9.8e-5*omega**2 + 6.0e-6*omega + 2.0e-6

--- Chunk 61562 (183/220) | Start: 2025-03-26 12:30:00 ---
    RMSE omega (GP): nan | RMSE omega (Sim): nan
    Loss: 2432.2043 | Epoch: 38
    Eq omega: nan1 + nantheta + nanomega + nantheta^2 + nantheta omega + nanomega^2
    Eq omega Phys: N/A

--- Chunk 61563 (184/220) | Start: 2025-03-26 12:35:00 ---
    RMSE omega (GP): 0.018591 | RMSE omega (Sim): 0.049678
    Loss: 527.5656 | Epoch: 137
    Eq omega: 0.000491 + -0.00000theta + -0.00060omega + -0.00000theta^2 + -0.00000theta omega + -0.00001omega^2
    Eq omega Phys: -1.6e-5*omega**2 - 2.0e-5*omega

--- Chunk 61564 (185/220) | Start: 2025-03-26 12:40:00 ---
    RMSE omega (GP): 0.010767 | RMSE omega (Sim): 0.031991
    Loss: 57.8302 | Epoch: 2673
    Eq omega: 0.001161 + 0.00014theta + 0.00068omega + -0.00001theta^2 + 0.00001theta omega + 0.00006omega^2
    Eq omega Phys: 6.4e-5*omega**2 + 1.5e-5*omega + 1.0e-6*theta - 8.0e-6

--- Chunk 61565 (186/220) | Start: 2025-03-26 12:45:00 ---
    RMSE omega (GP): 0.011248 | RMSE omega (Sim): 0.037909
    Loss: 59.9977 | Epoch: 1537
    Eq omega: 0.000091 + 0.00003theta + -0.00053omega + -0.00000theta^2 + 0.00000theta omega + 0.00010omega^2
    Eq omega Phys: 0.000106*omega**2 - 1.8e-5*omega - 0.e-6

--- Chunk 61566 (187/220) | Start: 2025-03-26 12:50:00 ---
    RMSE omega (GP): nan | RMSE omega (Sim): nan
    Loss: 22369.2422 | Epoch: 15
    Eq omega: nan1 + nantheta + nanomega + nantheta^2 + nantheta omega + nanomega^2
    Eq omega Phys: N/A

--- Chunk 61567 (188/220) | Start: 2025-03-26 12:55:00 ---
    RMSE omega (GP): 0.032897 | RMSE omega (Sim): 0.036971
    Loss: 471.6468 | Epoch: 81
    Eq omega: -0.001151 + -0.00056theta + -0.00056omega + -0.00000theta^2 + -0.00003theta omega + -0.00013omega^2
    Eq omega Phys: -0.000115*omega**2 - 0.e-6*omega*theta + 1.5e-5*omega - 0.e-6*theta + 2.2e-5

--- Chunk 61568 (189/220) | Start: 2025-03-26 13:00:00 ---
    RMSE omega (GP): 0.010915 | RMSE omega (Sim): 0.216380
    Loss: 5.7509 | Epoch: 853
    Eq omega: -0.000751 + -0.00215theta + -0.00039omega + 0.00074theta^2 + 0.00067theta omega + 0.00005omega^2
    Eq omega Phys: 2.0e-5*omega**2 + 9.0e-6*omega*theta - 5.3e-5*omega - 5.0e-6*theta + 1.5e-5

--- Chunk 61569 (190/220) | Start: 2025-03-26 13:05:00 ---
    RMSE omega (GP): 0.016631 | RMSE omega (Sim): 0.083135
    Loss: -347787.5625 | Epoch: 507
    Eq omega: -0.013351 + -0.01511theta + -0.00176omega + -0.00125theta^2 + -0.00004theta omega + 0.00028omega^2
    Eq omega Phys: 0.000126*omega**2 - 0.e-6*omega*theta - 5.6e-5*omega - 0.e-6*theta**2 - 1.1e-5*theta + 3.3e-5

--- Chunk 61570 (191/220) | Start: 2025-03-26 13:10:00 ---
    RMSE omega (GP): 0.014964 | RMSE omega (Sim): 0.030639
    Loss: 38.2202 | Epoch: 3117
    Eq omega: 0.039881 + -0.00209theta + -0.00029omega + 0.00599theta^2 + -0.00518theta omega + -0.00038omega^2
    Eq omega Phys: -0.000262*omega**2 - 0.000119*omega*theta + 0.001962*omega + 5.0e-6*theta**2 - 0.000154*theta + 0.001361

--- Chunk 61571 (192/220) | Start: 2025-03-26 13:15:00 ---
    RMSE omega (GP): nan | RMSE omega (Sim): nan
    Loss: 264.5632 | Epoch: 33
    Eq omega: nan1 + nantheta + nanomega + nantheta^2 + nantheta omega + nanomega^2
    Eq omega Phys: N/A

--- Chunk 61572 (193/220) | Start: 2025-03-26 13:20:00 ---
    RMSE omega (GP): 0.010115 | RMSE omega (Sim): 0.056708
    Loss: 18.1076 | Epoch: 1226
    Eq omega: 0.001751 + -0.00004theta + 0.00171omega + 0.00000theta^2 + -0.00010theta omega + 0.00046omega^2
    Eq omega Phys: 0.000298*omega**2 - 2.0e-6*omega*theta + 0.0001*omega + 4.0e-6

--- Chunk 61573 (194/220) | Start: 2025-03-26 13:25:00 ---
    RMSE omega (GP): nan | RMSE omega (Sim): nan
    Loss: 390.1220 | Epoch: 235
    Eq omega: nan1 + nantheta + nanomega + nantheta^2 + nantheta omega + nanomega^2
    Eq omega Phys: N/A

--- Chunk 61574 (195/220) | Start: 2025-03-26 13:30:00 ---
    RMSE omega (GP): nan | RMSE omega (Sim): nan
    Loss: 2112.8435 | Epoch: 17
    Eq omega: nan1 + nantheta + nanomega + nantheta^2 + nantheta omega + nanomega^2
    Eq omega Phys: N/A

--- Chunk 61575 (196/220) | Start: 2025-03-26 13:35:00 ---
    RMSE omega (GP): 0.014497 | RMSE omega (Sim): 0.070633
    Loss: 20.1600 | Epoch: 2017
    Eq omega: 0.000361 + -0.00030theta + 0.00714omega + -0.00001theta^2 + 0.00014theta omega + 0.00002omega^2
    Eq omega Phys: 1.0e-5*omega**2 + 2.0e-6*omega*theta + 0.000204*omega + 5.0e-6

--- Chunk 61576 (197/220) | Start: 2025-03-26 13:40:00 ---
    RMSE omega (GP): 0.029296 | RMSE omega (Sim): 0.028490
    Loss: 955.5609 | Epoch: 102
    Eq omega: 0.000541 + -0.00001theta + 0.00135omega + -0.00000theta^2 + 0.00002theta omega + 0.00005omega^2
    Eq omega Phys: 6.0e-5*omega**2 + 1.0e-6*omega*theta + 2.4e-5*omega + 1.0e-6

--- Chunk 61577 (198/220) | Start: 2025-03-26 13:45:00 ---
    RMSE omega (GP): nan | RMSE omega (Sim): nan
    Loss: 93657.4453 | Epoch: 15
    Eq omega: nan1 + nantheta + nanomega + nantheta^2 + nantheta omega + nanomega^2
    Eq omega Phys: N/A

--- Chunk 61578 (199/220) | Start: 2025-03-26 13:50:00 ---
    RMSE omega (GP): nan | RMSE omega (Sim): nan
    Loss: 504.3896 | Epoch: 72
    Eq omega: nan1 + nantheta + nanomega + nantheta^2 + nantheta omega + nanomega^2
    Eq omega Phys: N/A

--- Chunk 61579 (200/220) | Start: 2025-03-26 13:55:00 ---
    RMSE omega (GP): nan | RMSE omega (Sim): nan
    Loss: 1293.5284 | Epoch: 48
    Eq omega: nan1 + nantheta + nanomega + nantheta^2 + nantheta omega + nanomega^2
    Eq omega Phys: N/A

  [Progress 200/220] Mean RMSE omega (GP): 0.016500 | (Sim): 0.123815 | Mean loss: -518475601057136443392.0000 | Valid GP: 155/200 | Valid Sim: 151/200 | Elapsed: 69.8min | ETA: 7.0min

--- Chunk 61580 (201/220) | Start: 2025-03-26 14:00:00 ---
    RMSE omega (GP): 0.007957 | RMSE omega (Sim): 0.190935
    Loss: 0.8896 | Epoch: 1400
    Eq omega: 0.001951 + 0.00025theta + 0.00056omega + -0.00008theta^2 + -0.00078theta omega + 0.00016omega^2
    Eq omega Phys: 5.7e-5*omega**2 - 9.0e-6*omega*theta - 4.9e-5*omega + 6.0e-6

--- Chunk 61581 (202/220) | Start: 2025-03-26 14:05:00 ---
    RMSE omega (GP): 0.010660 | RMSE omega (Sim): 0.123684
    Loss: 2.1458 | Epoch: 1219
    Eq omega: -0.007451 + 0.00099theta + 0.00398omega + -0.00040theta^2 + -0.00022theta omega + -0.00126omega^2
    Eq omega Phys: -0.000412*omega**2 - 2.0e-6*omega*theta + 0.000139*omega + 2.0e-6*theta - 2.9e-5

--- Chunk 61582 (203/220) | Start: 2025-03-26 14:10:00 ---
    RMSE omega (GP): 0.011519 | RMSE omega (Sim): 0.025509
    Loss: 69.6426 | Epoch: 5102
    Eq omega: -0.003141 + -0.00005theta + -0.00111omega + 0.00002theta^2 + -0.00002theta omega + -0.00020omega^2
    Eq omega Phys: -0.000262*omega**2 - 0.e-6*omega*theta - 1.5e-5*omega - 2.0e-6*theta + 1.8e-5

--- Chunk 61583 (204/220) | Start: 2025-03-26 14:15:00 ---
    RMSE omega (GP): 0.009858 | RMSE omega (Sim): 0.119779
    Loss: -1230.2855 | Epoch: 910
    Eq omega: -0.009611 + 0.00539theta + 0.00250omega + 0.00052theta^2 + 0.00091theta omega + 0.00117omega^2
    Eq omega Phys: 0.000513*omega**2 + 1.3e-5*omega*theta - 3.8e-5*omega + 1.0e-6*theta - 5.8e-5

--- Chunk 61584 (205/220) | Start: 2025-03-26 14:20:00 ---
    RMSE omega (GP): 0.061939 | RMSE omega (Sim): 0.090550
    Loss: 880.8786 | Epoch: 19
    Eq omega: -0.001371 + -0.00019theta + -0.00068omega + 0.00002theta^2 + -0.00014theta omega + -0.00027omega^2
    Eq omega Phys: -0.000151*omega**2 - 3.0e-6*omega*theta + 1.1e-5*omega - 0.e-6*theta + 2.0e-6

--- Chunk 61585 (206/220) | Start: 2025-03-26 14:25:00 ---
    RMSE omega (GP): 0.012016 | RMSE omega (Sim): 0.068958
    Loss: 13.6825 | Epoch: 947
    Eq omega: -0.001111 + 0.00015theta + 0.00608omega + 0.00034theta^2 + 0.00008theta omega + -0.00342omega^2
    Eq omega Phys: -0.001708*omega**2 + 1.0e-6*omega*theta + 0.000185*omega - 5.0e-6*theta + 3.0e-5

--- Chunk 61586 (207/220) | Start: 2025-03-26 14:30:00 ---
    RMSE omega (GP): 0.012707 | RMSE omega (Sim): 0.043166
    Loss: 36.3728 | Epoch: 2114
    Eq omega: -0.000761 + 0.00011theta + 0.00002omega + -0.00000theta^2 + -0.00001theta omega + 0.00002omega^2
    Eq omega Phys: 1.6e-5*omega**2 + 7.0e-6*omega - 4.0e-6

--- Chunk 61587 (208/220) | Start: 2025-03-26 14:35:00 ---
    RMSE omega (GP): 0.011831 | RMSE omega (Sim): 0.036413
    Loss: 76.5655 | Epoch: 3107
    Eq omega: 0.021431 + -0.00004theta + -0.00217omega + -0.00001theta^2 + 0.00000theta omega + -0.00011omega^2
    Eq omega Phys: -0.000124*omega**2 - 7.2e-5*omega + 1.0e-6*theta + 1.1e-5

--- Chunk 61588 (209/220) | Start: 2025-03-26 14:40:00 ---
    RMSE omega (GP): nan | RMSE omega (Sim): nan
    Loss: 491.7028 | Epoch: 81
    Eq omega: nan1 + nantheta + nanomega + nantheta^2 + nantheta omega + nanomega^2
    Eq omega Phys: N/A

--- Chunk 61589 (210/220) | Start: 2025-03-26 14:45:00 ---
    RMSE omega (GP): 0.010229 | RMSE omega (Sim): 0.050777
    Loss: 38.7775 | Epoch: 4904
    Eq omega: -0.000141 + -0.00003theta + 0.00044omega + -0.00000theta^2 + 0.00004theta omega + 0.00003omega^2
    Eq omega Phys: 2.7e-5*omega**2 + 1.0e-6*omega*theta - 2.8e-5*omega + 1.0e-6

--- Chunk 61590 (211/220) | Start: 2025-03-26 14:50:00 ---
    RMSE omega (GP): 0.012007 | RMSE omega (Sim): 0.067342
    Loss: 67.1316 | Epoch: 1293
    Eq omega: 0.009581 + -0.00022theta + 0.00532omega + 0.00002theta^2 + 0.00004theta omega + -0.00028omega^2
    Eq omega Phys: -0.000286*omega**2 + 1.0e-6*omega*theta + 0.000147*omega - 1.0e-6*theta + 2.8e-5

--- Chunk 61591 (212/220) | Start: 2025-03-26 14:55:00 ---
    RMSE omega (GP): 0.009784 | RMSE omega (Sim): 0.035159
    Loss: 63.9168 | Epoch: 6066
    Eq omega: -0.002101 + 0.00006theta + 0.00023omega + -0.00000theta^2 + -0.00002theta omega + -0.00007omega^2
    Eq omega Phys: -8.7e-5*omega**2 - 0.e-6*omega*theta + 2.8e-5*omega - 3.0e-6

--- Chunk 61592 (213/220) | Start: 2025-03-26 15:00:00 ---
    RMSE omega (GP): 0.009754 | RMSE omega (Sim): 0.077938
    Loss: 16.4589 | Epoch: 1986
    Eq omega: -0.002741 + 0.00015theta + 0.00553omega + -0.00004theta^2 + 0.00003theta omega + -0.00162omega^2
    Eq omega Phys: -0.001022*omega**2 + 1.0e-6*omega*theta + 0.000171*omega + 1.0e-6*theta - 2.0e-5

--- Chunk 61593 (214/220) | Start: 2025-03-26 15:05:00 ---
    RMSE omega (GP): 0.011634 | RMSE omega (Sim): 0.103815
    Loss: 9.3255 | Epoch: 1293
    Eq omega: -0.002441 + -0.00207theta + -0.00180omega + -0.00012theta^2 + 0.00040theta omega + -0.00187omega^2
    Eq omega Phys: -0.00082*omega**2 + 6.0e-6*omega*theta - 9.1e-5*omega - 2.0e-6*theta + 4.0e-6

--- Chunk 61594 (215/220) | Start: 2025-03-26 15:10:00 ---
    RMSE omega (GP): 0.010539 | RMSE omega (Sim): 0.093876
    Loss: 4.2074 | Epoch: 1293
    Eq omega: -0.031341 + -1.31717theta + -0.00675omega + 0.51562theta^2 + 0.00497theta omega + -0.03042omega^2
    Eq omega Phys: -0.011447*omega**2 + 6.2e-5*omega*theta - 0.000219*omega + 0.000216*theta**2 - 0.001424*theta - 0.000226

--- Chunk 61595 (216/220) | Start: 2025-03-26 15:15:00 ---
    RMSE omega (GP): 0.010764 | RMSE omega (Sim): 0.076015
    Loss: 10.7064 | Epoch: 1491
    Eq omega: -0.000361 + 0.00047theta + 0.00088omega + -0.00007theta^2 + 0.00000theta omega + -0.00006omega^2
    Eq omega Phys: -3.0e-5*omega**2 + 2.9e-5*omega + 1.0e-6

--- Chunk 61596 (217/220) | Start: 2025-03-26 15:20:00 ---
    RMSE omega (GP): 0.010967 | RMSE omega (Sim): 0.091262
    Loss: 6.1519 | Epoch: 1309
    Eq omega: -0.002951 + -0.00045theta + -0.00618omega + -0.00003theta^2 + 0.00004theta omega + -0.00068omega^2
    Eq omega Phys: -0.000271*omega**2 + 1.0e-6*omega*theta - 0.000201*omega - 0.e-6*theta - 1.4e-5

--- Chunk 61597 (218/220) | Start: 2025-03-26 15:25:00 ---
    RMSE omega (GP): 0.009684 | RMSE omega (Sim): 0.064358
    Loss: 14.9083 | Epoch: 1731
    Eq omega: -0.000701 + 0.00050theta + -0.00132omega + -0.00000theta^2 + 0.00008theta omega + -0.00014omega^2
    Eq omega Phys: -8.6e-5*omega**2 + 2.0e-6*omega*theta - 1.4e-5*omega + 1.0e-6*theta + 9.0e-6

--- Chunk 61598 (219/220) | Start: 2025-03-26 15:30:00 ---
    RMSE omega (GP): 0.007676 | RMSE omega (Sim): 0.087264
    Loss: 3.5489 | Epoch: 959
    Eq omega: -0.001901 + 0.00043theta + 0.00604omega + 0.00015theta^2 + -0.00029theta omega + -0.00398omega^2
    Eq omega Phys: -0.001813*omega**2 - 4.0e-6*omega*theta + 0.000155*omega + 2.0e-6*theta + 9.0e-6

--- Chunk 61599 (220/220) | Start: 2025-03-26 15:35:00 ---
    RMSE omega (GP): 0.009979 | RMSE omega (Sim): 0.092598
    Loss: 7.7506 | Epoch: 2028
    Eq omega: 0.000421 + -0.00029theta + 0.00346omega + 0.00020theta^2 + 0.00007theta omega + 0.00109omega^2
    Eq omega Phys: 0.000508*omega**2 + 1.0e-6*omega*theta + 0.000128*omega + 2.0e-6*theta + 1.1e-5

  [Progress 220/220] Mean RMSE omega (GP): 0.016143 | (Sim): 0.119032 | Mean loss: -471341455506487640064.0000 | Valid GP: 174/220 | Valid Sim: 170/220 | Elapsed: 83.4min | ETA: 0.0min

============================================================
EVALUATION COMPLETE — Chunks [61380, 61599]
============================================================
Chunks processed: 220
Chunks succeeded GP:  174 (79.1%)
Chunks succeeded Sim: 170 (77.3%)
Mean GP RMSE omega:   0.016143 ± 0.014028
Mean SIM RMSE omega:  0.119032 ± 0.061607
Mean Loss:            -471341455506487640064.0000 ± 6975216564501449015296.0000
Elapsed time:     83.4 minutes

Per-chunk CSV: /pfs/data6/home/ka/ka_iai/ka_bj2362/dsr/svise/results_5min_all_chunks/run_SLURM_3718868_combo38/chunks_61380_to_61599_20260321_121525.csv
Summary JSON:  /pfs/data6/home/ka/ka_iai/ka_bj2362/dsr/svise/results_5min_all_chunks/run_SLURM_3718868_combo38/summary_61380_to_61599_20260321_121525.json
============================================================

============================= JOB FEEDBACK =============================

NodeName=uc3n037
Job ID: 3722294
Array Job ID: 3718868_279
Cluster: uc3
User/Group: ka_bj2362/ka_iai
State: COMPLETED (exit code 0)
Nodes: 1
Cores per node: 4
CPU Utilized: 01:22:55
CPU Efficiency: 24.71% of 05:35:32 core-walltime
Job Wall-clock time: 01:23:53
Memory Utilized: 3.89 GB
Memory Efficiency: 32.45% of 12.00 GB (12.00 GB/node)
