Array task 290: processing chunks 63800 to 64019
Loading data from /pfs/data6/home/ka/ka_iai/ka_bj2362/dsr/svise/../dataset/South_Korea_2024-08-15_2025-08-31_1s.parquet...
Finding all valid 5-minute chunks in the dataset...
Found 107059 valid 5-minute chunks in total.

============================================================
SVISE FINAL EVALUATION — ALL CHUNKS
============================================================
Hyperparameters: {
  "model": "integrator",
  "sigma": 0,
  "degree": 2,
  "tau": 1e-05,
  "lr": 0.1,
  "n_tau": 50,
  "measurement_noise": 0.001,
  "n_reparam_samples": 15
}
Total valid chunks in dataset: 107059
Processing chunk range: [63800, 64019] (220 chunks)
Early stopping: patience=300, max_epochs=10000
============================================================


--- Chunk 63800 (1/220) | Start: 2025-04-03 10:20:00 ---
/pfs/data6/home/ka/ka_iai/ka_bj2362/dsr/svise/svise/sde_learning/_marginal_sde.py:284: UserWarning: torch.triangular_solve is deprecated in favor of torch.linalg.solve_triangularand will be removed in a future PyTorch release.
torch.linalg.solve_triangular has its arguments reversed and does not return a copy of one of the inputs.
X = torch.triangular_solve(B, A).solution
should be replaced with
X = torch.linalg.solve_triangular(A, B). (Triggered internally at ../aten/src/ATen/native/BatchLinearAlgebra.cpp:2192.)
  return torch.triangular_solve(self.raw_w, self.C.t()).solution
/pfs/data6/home/ka/ka_iai/ka_bj2362/dsr/svise/svise/quadrature/_unbiased_quadrature.py:196: UserWarning: Interp is nan, reducing interp degree.
  warnings.warn("Interp is nan, reducing interp degree.")
/pfs/data6/home/ka/ka_iai/ka_bj2362/dsr/svise/svise/quadrature/_unbiased_quadrature.py:174: UserWarning: NaN detected in fxq (quadrature node evaluations). Clamping to 0.
  warnings.warn("NaN detected in fxq (quadrature node evaluations). Clamping to 0.")
/pfs/data6/home/ka/ka_iai/ka_bj2362/dsr/svise/svise/quadrature/_unbiased_quadrature.py:177: UserWarning: NaN detected in fmc (Monte-Carlo node evaluations). Clamping to 0.
  warnings.warn("NaN detected in fmc (Monte-Carlo node evaluations). Clamping to 0.")
    RMSE omega (GP): nan | RMSE omega (Sim): nan
    Loss: 233.0452 | Epoch: 278
    Eq omega: nan1 + nantheta + nanomega + nantheta^2 + nantheta omega + nanomega^2
    Eq omega Phys: N/A
    Diffusion: theta=nan, omega=nan

--- Chunk 63801 (2/220) | Start: 2025-04-03 10:25:00 ---
    RMSE omega (GP): 0.026719 | RMSE omega (Sim): 0.078647
    Loss: 64.2032 | Epoch: 133
    Eq omega: -0.000881 + 0.00015theta + 0.00138omega + 0.00002theta^2 + 0.00004theta omega + 0.00048omega^2
    Eq omega Phys: 0.000204*omega**2 + 1.0e-6*omega*theta + 3.8e-5*omega - 3.0e-6
    Diffusion: theta=nan, omega=nan

--- Chunk 63802 (3/220) | Start: 2025-04-03 10:30:00 ---
    RMSE omega (GP): nan | RMSE omega (Sim): nan
    Loss: 190.0767 | Epoch: 88
    Eq omega: nan1 + nantheta + nanomega + nantheta^2 + nantheta omega + nanomega^2
    Eq omega Phys: N/A
    Diffusion: theta=nan, omega=nan

--- Chunk 63803 (4/220) | Start: 2025-04-03 10:35:00 ---
    RMSE omega (GP): 0.008013 | RMSE omega (Sim): 0.073874
    Loss: 4.1488 | Epoch: 2565
    Eq omega: -0.000051 + 0.00002theta + 0.00017omega + -0.00002theta^2 + -0.00004theta omega + -0.00051omega^2
    Eq omega Phys: -0.00023*omega**2 - 0.e-6*omega*theta + 1.9e-5*omega - 5.0e-6
    Diffusion: theta=5.898984e-04, omega=5.437430e-05

--- Chunk 63804 (5/220) | Start: 2025-04-03 10:40:00 ---
    RMSE omega (GP): 0.009674 | RMSE omega (Sim): 0.184410
    Loss: 0.6817 | Epoch: 914
    Eq omega: 0.000531 + -0.00069theta + 0.00230omega + -0.00057theta^2 + 0.00086theta omega + 0.00093omega^2
    Eq omega Phys: 0.000286*omega**2 + 9.0e-6*omega*theta - 1.8e-5*omega + 3.0e-6*theta - 1.2e-5
    Diffusion: theta=3.057102e-04, omega=7.827726e-05

--- Chunk 63805 (6/220) | Start: 2025-04-03 10:45:00 ---
    RMSE omega (GP): 0.006567 | RMSE omega (Sim): 0.098766
    Loss: 0.0581 | Epoch: 1540
    Eq omega: 0.000131 + -0.00050theta + 0.00059omega + 0.00091theta^2 + 0.00052theta omega + 0.00154omega^2
    Eq omega Phys: 0.00055*omega**2 + 6.0e-6*omega*theta - 1.8e-5*omega - 5.0e-6*theta + 1.7e-5
    Diffusion: theta=1.584860e-03, omega=7.189131e-05

--- Chunk 63806 (7/220) | Start: 2025-04-03 10:50:00 ---
    RMSE omega (GP): nan | RMSE omega (Sim): nan
    Loss: 37.8899 | Epoch: 76
    Eq omega: nan1 + nantheta + nanomega + nantheta^2 + nantheta omega + nanomega^2
    Eq omega Phys: N/A
    Diffusion: theta=nan, omega=nan

--- Chunk 63807 (8/220) | Start: 2025-04-03 10:55:00 ---
    RMSE omega (GP): 0.011894 | RMSE omega (Sim): 0.110314
    Loss: 2.7915 | Epoch: 1193
    Eq omega: -0.002291 + 0.00033theta + -0.00420omega + 0.00505theta^2 + -0.00180theta omega + 0.00181omega^2
    Eq omega Phys: 0.000631*omega**2 - 2.1e-5*omega*theta + 5.3e-5*omega + 2.0e-6*theta**2 - 3.6e-5*theta + 0.000155
    Diffusion: theta=1.879976e-03, omega=6.429463e-05

--- Chunk 63808 (9/220) | Start: 2025-04-03 11:00:00 ---
    RMSE omega (GP): 0.008264 | RMSE omega (Sim): 0.127321
    Loss: -0.8115 | Epoch: 1002
    Eq omega: -0.015841 + -0.00347theta + -0.00333omega + -0.00533theta^2 + -0.00087theta omega + 0.00132omega^2
    Eq omega Phys: 0.000359*omega**2 - 8.0e-6*omega*theta - 5.0e-5*omega - 2.0e-6*theta**2 + 2.1e-5*theta - 0.000132
    Diffusion: theta=3.134501e-04, omega=9.572582e-05

--- Chunk 63809 (10/220) | Start: 2025-04-03 11:05:00 ---
    RMSE omega (GP): nan | RMSE omega (Sim): nan
    Loss: 87.6795 | Epoch: 35
    Eq omega: nan1 + nantheta + nanomega + nantheta^2 + nantheta omega + nanomega^2
    Eq omega Phys: N/A
    Diffusion: theta=nan, omega=nan

--- Chunk 63810 (11/220) | Start: 2025-04-03 11:10:00 ---
    RMSE omega (GP): nan | RMSE omega (Sim): nan
    Loss: 229.0237 | Epoch: 23
    Eq omega: nan1 + nantheta + nanomega + nantheta^2 + nantheta omega + nanomega^2
    Eq omega Phys: N/A
    Diffusion: theta=nan, omega=nan

--- Chunk 63811 (12/220) | Start: 2025-04-03 11:15:00 ---
    RMSE omega (GP): 0.008532 | RMSE omega (Sim): 0.541785
    Loss: 6.3898 | Epoch: 2239
    Eq omega: -0.000991 + -0.06338theta + -0.00404omega + 0.01585theta^2 + 0.00209theta omega + -0.00274omega^2
    Eq omega Phys: -0.001365*omega**2 + 3.5e-5*omega*theta - 0.000826*omega + 9.0e-6*theta**2 - 0.00042*theta + 0.004885
    Diffusion: theta=6.817026e-04, omega=3.269529e-05

--- Chunk 63812 (13/220) | Start: 2025-04-03 11:20:00 ---
    RMSE omega (GP): 0.041811 | RMSE omega (Sim): 0.113259
    Loss: -638.3830 | Epoch: 601
    Eq omega: 0.003231 + 0.00344theta + 0.00101omega + -0.00051theta^2 + -0.00077theta omega + 0.00022omega^2
    Eq omega Phys: 8.4e-5*omega**2 - 1.0e-5*omega*theta + 0.000177*omega + 1.0e-5*theta - 9.2e-5
    Diffusion: theta=1.490804e+00, omega=2.009512e-03

--- Chunk 63813 (14/220) | Start: 2025-04-03 11:25:00 ---
    RMSE omega (GP): 0.011073 | RMSE omega (Sim): 0.213911
    Loss: 0.5900 | Epoch: 1184
    Eq omega: -0.001261 + -0.59645theta + -0.04293omega + -0.00716theta^2 + 0.00650theta omega + -0.00757omega^2
    Eq omega Phys: -0.001962*omega**2 + 5.6e-5*omega*theta - 0.002181*omega - 2.0e-6*theta**2 - 0.000608*theta + 0.008475
    Diffusion: theta=1.054840e-02, omega=8.016799e-05

--- Chunk 63814 (15/220) | Start: 2025-04-03 11:30:00 ---
    RMSE omega (GP): 0.009967 | RMSE omega (Sim): 0.099348
    Loss: 3.0545 | Epoch: 1219
    Eq omega: 0.001231 + -0.00017theta + 0.00067omega + 0.00088theta^2 + 0.00065theta omega + -0.00024omega^2
    Eq omega Phys: -8.6e-5*omega**2 + 8.0e-6*omega*theta + 8.2e-5*omega + 5.0e-6*theta + 2.3e-5
    Diffusion: theta=7.267089e-04, omega=1.029376e-04

--- Chunk 63815 (16/220) | Start: 2025-04-03 11:35:00 ---
    RMSE omega (GP): 0.012928 | RMSE omega (Sim): 0.090874
    Loss: 1.0549 | Epoch: 1463
    Eq omega: 0.007171 + -0.23749theta + -0.00190omega + -0.00095theta^2 + -0.00320theta omega + 0.01115omega^2
    Eq omega Phys: 0.003058*omega**2 - 2.9e-5*omega*theta - 0.00032*omega - 0.000269*theta - 0.002311
    Diffusion: theta=2.955087e-03, omega=5.032776e-05

--- Chunk 63816 (17/220) | Start: 2025-04-03 11:40:00 ---
    RMSE omega (GP): 0.008528 | RMSE omega (Sim): 0.123137
    Loss: 1.5775 | Epoch: 748
    Eq omega: -0.004001 + -0.00300theta + 0.00168omega + -0.00232theta^2 + -0.00229theta omega + 0.00187omega^2
    Eq omega Phys: 0.000717*omega**2 - 2.9e-5*omega*theta - 0.000114*omega - 0.e-6*theta**2 - 1.5e-5*theta - 6.4e-5
    Diffusion: theta=2.687727e-04, omega=7.944379e-05

--- Chunk 63817 (18/220) | Start: 2025-04-03 11:45:00 ---
    RMSE omega (GP): 0.007994 | RMSE omega (Sim): 0.113040
    Loss: 0.9051 | Epoch: 1795
    Eq omega: -0.008011 + -1.08279theta + 0.00119omega + 0.33187theta^2 + -0.00554theta omega + -0.06946omega^2
    Eq omega Phys: -0.024849*omega**2 - 6.6e-5*omega*theta + 0.000158*omega + 0.000132*theta**2 - 0.001675*theta + 0.002548
    Diffusion: theta=8.234531e-04, omega=8.521692e-05

--- Chunk 63818 (19/220) | Start: 2025-04-03 11:50:00 ---
    RMSE omega (GP): 0.032676 | RMSE omega (Sim): 0.145163
    Loss: -165.7578 | Epoch: 832
    Eq omega: -0.101101 + -1.56277theta + 0.00556omega + 0.00362theta^2 + 0.00184theta omega + 0.00102omega^2
    Eq omega Phys: 0.000317*omega**2 + 1.9e-5*omega*theta + 0.000198*omega + 1.0e-6*theta**2 - 0.001735*theta - 0.001518
    Diffusion: theta=2.091180e-02, omega=1.178351e-04

--- Chunk 63819 (20/220) | Start: 2025-04-03 11:55:00 ---
    RMSE omega (GP): nan | RMSE omega (Sim): nan
    Loss: 188.2900 | Epoch: 32
    Eq omega: nan1 + nantheta + nanomega + nantheta^2 + nantheta omega + nanomega^2
    Eq omega Phys: N/A
    Diffusion: theta=nan, omega=nan

--- Chunk 63820 (21/220) | Start: 2025-04-03 12:00:00 ---
    RMSE omega (GP): 0.008982 | RMSE omega (Sim): 0.089345
    Loss: 1.6082 | Epoch: 668
    Eq omega: -0.001981 + -0.00401theta + 0.00149omega + -0.00144theta^2 + 0.00405theta omega + -0.00054omega^2
    Eq omega Phys: -0.000202*omega**2 + 5.0e-5*omega*theta - 0.0002*omega - 0.e-6*theta**2 + 1.0e-6*theta + 2.0e-6
    Diffusion: theta=1.990989e-03, omega=7.014022e-05

--- Chunk 63821 (22/220) | Start: 2025-04-03 12:05:00 ---
    RMSE omega (GP): 0.025575 | RMSE omega (Sim): 0.175202
    Loss: -26.5232 | Epoch: 415
    Eq omega: -0.001071 + -0.00091theta + -0.00325omega + -0.00079theta^2 + -0.00241theta omega + 0.00066omega^2
    Eq omega Phys: 0.000238*omega**2 - 2.9e-5*omega*theta - 0.000248*omega - 4.0e-6*theta - 1.6e-5
    Diffusion: theta=4.347452e-02, omega=5.836044e-05

--- Chunk 63822 (23/220) | Start: 2025-04-03 12:10:00 ---
    RMSE omega (GP): 0.009057 | RMSE omega (Sim): 0.133886
    Loss: 0.3030 | Epoch: 2072
    Eq omega: 0.046981 + -1.26977theta + 0.01621omega + -0.67069theta^2 + -0.01423theta omega + 0.00990omega^2
    Eq omega Phys: 0.003072*omega**2 - 0.000147*omega*theta + 0.000389*omega - 0.000231*theta**2 - 0.001886*theta - 0.001524
    Diffusion: theta=8.043724e-04, omega=6.887143e-05

--- Chunk 63823 (24/220) | Start: 2025-04-03 12:15:00 ---
    RMSE omega (GP): 0.009043 | RMSE omega (Sim): 0.187123
    Loss: -0.7665 | Epoch: 1389
    Eq omega: -0.040021 + -0.67447theta + -0.05969omega + 0.22516theta^2 + -0.03834theta omega + -0.18746omega^2
    Eq omega Phys: -0.053029*omega**2 - 0.000362*omega*theta - 0.005974*omega + 7.1e-5*theta**2 + 0.000811*theta + 0.00018
    Diffusion: theta=4.724486e-04, omega=4.576059e-05

--- Chunk 63824 (25/220) | Start: 2025-04-03 12:20:00 ---
    RMSE omega (GP): 0.010005 | RMSE omega (Sim): 0.103998
    Loss: 2.2288 | Epoch: 1068
    Eq omega: -0.003131 + -2.60135theta + 0.01551omega + -0.42387theta^2 + 0.08123theta omega + -0.01799omega^2
    Eq omega Phys: -0.006107*omega**2 + 0.000919*omega*theta + 0.00102*omega - 0.00016*theta**2 - 0.003065*theta - 0.001641
    Diffusion: theta=8.884981e-04, omega=8.662172e-05

--- Chunk 63825 (26/220) | Start: 2025-04-03 12:25:00 ---
    RMSE omega (GP): 0.029537 | RMSE omega (Sim): 0.103267
    Loss: 85.3288 | Epoch: 76
    Eq omega: 0.000591 + -0.00067theta + -0.00424omega + 0.00031theta^2 + 0.00016theta omega + -0.00032omega^2
    Eq omega Phys: -0.000132*omega**2 + 2.0e-6*omega*theta - 0.0001*omega + 5.0e-6*theta + 3.8e-5
    Diffusion: theta=nan, omega=nan

--- Chunk 63826 (27/220) | Start: 2025-04-03 12:30:00 ---
    RMSE omega (GP): 0.007480 | RMSE omega (Sim): 0.122028
    Loss: 1.3143 | Epoch: 649
    Eq omega: 0.002311 + -2.80628theta + 0.02514omega + 0.01184theta^2 + -0.01054theta omega + 0.00582omega^2
    Eq omega Phys: 0.002279*omega**2 - 0.000138*omega*theta + 0.001112*omega + 5.0e-6*theta**2 - 0.003139*theta + 0.006238
    Diffusion: theta=1.084825e-03, omega=8.631116e-05

--- Chunk 63827 (28/220) | Start: 2025-04-03 12:35:00 ---
    RMSE omega (GP): 0.010388 | RMSE omega (Sim): 0.092970
    Loss: 3.6698 | Epoch: 1603
    Eq omega: 0.001201 + -0.00034theta + -0.00069omega + -0.00015theta^2 + -0.00009theta omega + -0.00010omega^2
    Eq omega Phys: -3.6e-5*omega**2 - 1.0e-6*omega*theta - 4.6e-5*omega - 3.0e-6*theta - 3.0e-5
    Diffusion: theta=6.761275e-04, omega=7.061275e-05

--- Chunk 63828 (29/220) | Start: 2025-04-03 12:40:00 ---
    RMSE omega (GP): 0.009355 | RMSE omega (Sim): 0.114425
    Loss: 0.5007 | Epoch: 1252
    Eq omega: -0.003501 + -0.00050theta + -0.00016omega + -0.00023theta^2 + -0.00022theta omega + 0.00008omega^2
    Eq omega Phys: 2.4e-5*omega**2 - 2.0e-6*omega*theta - 1.3e-5*omega - 1.0e-6*theta - 1.6e-5
    Diffusion: theta=4.617742e-04, omega=8.546200e-05

--- Chunk 63829 (30/220) | Start: 2025-04-03 12:45:00 ---
    RMSE omega (GP): 0.010656 | RMSE omega (Sim): 0.117336
    Loss: 6.3155 | Epoch: 918
    Eq omega: -0.000011 + -0.00049theta + 0.00371omega + 0.00012theta^2 + 0.00054theta omega + -0.00032omega^2
    Eq omega Phys: -0.000134*omega**2 + 8.0e-6*omega*theta + 0.000256*omega + 1.0e-6*theta + 8.0e-6
    Diffusion: theta=1.141230e-03, omega=6.576131e-05

--- Chunk 63830 (31/220) | Start: 2025-04-03 12:50:00 ---
    RMSE omega (GP): 0.009454 | RMSE omega (Sim): 0.096336
    Loss: 1.9750 | Epoch: 2041
    Eq omega: -0.000051 + -1.91822theta + -0.01894omega + -0.00773theta^2 + -0.00940theta omega + 0.01775omega^2
    Eq omega Phys: 0.006266*omega**2 - 0.000111*omega*theta - 0.000952*omega - 3.0e-6*theta**2 - 0.002149*theta - 0.00621
    Diffusion: theta=5.362981e-04, omega=7.497062e-05

--- Chunk 63831 (32/220) | Start: 2025-04-03 12:55:00 ---
    RMSE omega (GP): 0.009228 | RMSE omega (Sim): 0.160087
    Loss: 0.2354 | Epoch: 906
    Eq omega: 0.002971 + -0.00388theta + -0.00105omega + 0.00022theta^2 + -0.00105theta omega + -0.01130omega^2
    Eq omega Phys: -0.003458*omega**2 - 1.1e-5*omega*theta + 8.6e-5*omega - 6.0e-6*theta + 6.9e-5
    Diffusion: theta=4.664332e-04, omega=7.191269e-05

--- Chunk 63832 (33/220) | Start: 2025-04-03 13:00:00 ---
    RMSE omega (GP): 0.009414 | RMSE omega (Sim): 0.113054
    Loss: 1.8037 | Epoch: 2002
    Eq omega: 0.002661 + -0.00052theta + 0.00132omega + -0.00017theta^2 + -0.00176theta omega + -0.00889omega^2
    Eq omega Phys: -0.003014*omega**2 - 2.0e-5*omega*theta - 0.000318*omega - 3.0e-6*theta - 2.3e-5
    Diffusion: theta=1.223186e-03, omega=9.035815e-05

--- Chunk 63833 (34/220) | Start: 2025-04-03 13:05:00 ---
    RMSE omega (GP): nan | RMSE omega (Sim): nan
    Loss: 162.6257 | Epoch: 58
    Eq omega: nan1 + nantheta + nanomega + nantheta^2 + nantheta omega + nanomega^2
    Eq omega Phys: N/A
    Diffusion: theta=nan, omega=nan

--- Chunk 63834 (35/220) | Start: 2025-04-03 13:10:00 ---
    RMSE omega (GP): nan | RMSE omega (Sim): nan
    Loss: 61.9416 | Epoch: 400
    Eq omega: nan1 + nantheta + nanomega + nantheta^2 + nantheta omega + nanomega^2
    Eq omega Phys: N/A
    Diffusion: theta=nan, omega=nan

--- Chunk 63835 (36/220) | Start: 2025-04-03 13:15:00 ---
    RMSE omega (GP): 0.009684 | RMSE omega (Sim): 0.095644
    Loss: 7.8470 | Epoch: 1144
    Eq omega: -0.002351 + 0.00020theta + -0.00013omega + -0.00006theta^2 + 0.00010theta omega + 0.00005omega^2
    Eq omega Phys: 2.5e-5*omega**2 + 2.0e-6*omega*theta - 3.6e-5*omega + 1.0e-6*theta - 2.2e-5
    Diffusion: theta=7.599503e-04, omega=4.143242e-05

--- Chunk 63836 (37/220) | Start: 2025-04-03 13:20:00 ---
    RMSE omega (GP): nan | RMSE omega (Sim): nan
    Loss: 47.8504 | Epoch: 57
    Eq omega: nan1 + nantheta + nanomega + nantheta^2 + nantheta omega + nanomega^2
    Eq omega Phys: N/A
    Diffusion: theta=nan, omega=nan

--- Chunk 63837 (38/220) | Start: 2025-04-03 13:25:00 ---
    RMSE omega (GP): nan | RMSE omega (Sim): nan
    Loss: 526.9417 | Epoch: 87
    Eq omega: nan1 + nantheta + nanomega + nantheta^2 + nantheta omega + nanomega^2
    Eq omega Phys: N/A
    Diffusion: theta=nan, omega=nan

--- Chunk 63838 (39/220) | Start: 2025-04-03 13:30:00 ---
    RMSE omega (GP): 0.013913 | RMSE omega (Sim): 0.074912
    Loss: 19.4806 | Epoch: 1545
    Eq omega: 0.000571 + -0.00104theta + 0.00047omega + -0.00017theta^2 + -0.00018theta omega + -0.00045omega^2
    Eq omega Phys: -0.000227*omega**2 - 3.0e-6*omega*theta + 7.2e-5*omega + 2.0e-6*theta - 1.0e-5
    Diffusion: theta=4.247261e-04, omega=4.967010e-05

--- Chunk 63839 (40/220) | Start: 2025-04-03 13:35:00 ---
    RMSE omega (GP): nan | RMSE omega (Sim): nan
    Loss: 57.6460 | Epoch: 41
    Eq omega: nan1 + nantheta + nanomega + nantheta^2 + nantheta omega + nanomega^2
    Eq omega Phys: N/A
    Diffusion: theta=nan, omega=nan

--- Chunk 63840 (41/220) | Start: 2025-04-03 13:40:00 ---
    RMSE omega (GP): 0.009583 | RMSE omega (Sim): 0.052855
    Loss: 13.8609 | Epoch: 1245
    Eq omega: 0.000871 + -0.00007theta + 0.00202omega + 0.00001theta^2 + -0.00002theta omega + -0.00023omega^2
    Eq omega Phys: -0.000155*omega**2 + 7.8e-5*omega + 7.0e-6
    Diffusion: theta=1.269265e-03, omega=2.396937e-05

--- Chunk 63841 (42/220) | Start: 2025-04-03 13:45:00 ---
    RMSE omega (GP): 0.015845 | RMSE omega (Sim): 0.159041
    Loss: 22.9395 | Epoch: 1805
    Eq omega: -0.001781 + -0.00056theta + -0.00155omega + 0.00004theta^2 + -0.00011theta omega + -0.00040omega^2
    Eq omega Phys: -0.000191*omega**2 - 2.0e-6*omega*theta - 2.9e-5*omega - 1.0e-6*theta + 7.0e-6
    Diffusion: theta=3.978856e-04, omega=3.530021e-05

--- Chunk 63842 (43/220) | Start: 2025-04-03 13:50:00 ---
    RMSE omega (GP): nan | RMSE omega (Sim): nan
    Loss: 4571.9863 | Epoch: 16
    Eq omega: nan1 + nantheta + nanomega + nantheta^2 + nantheta omega + nanomega^2
    Eq omega Phys: N/A
    Diffusion: theta=nan, omega=nan

--- Chunk 63843 (44/220) | Start: 2025-04-03 13:55:00 ---
    RMSE omega (GP): 0.044063 | RMSE omega (Sim): 0.157170
    Loss: -47265.4141 | Epoch: 614
    Eq omega: 0.000241 + -0.25376theta + -0.00928omega + 0.00151theta^2 + 0.00042theta omega + -0.00099omega^2
    Eq omega Phys: -0.000368*omega**2 + 5.0e-6*omega*theta - 0.00038*omega + 1.0e-6*theta**2 - 0.000299*theta + 0.003948
    Diffusion: theta=1.141416e+00, omega=1.171695e-03

--- Chunk 63844 (45/220) | Start: 2025-04-03 14:00:00 ---
    RMSE omega (GP): 0.009841 | RMSE omega (Sim): 0.231479
    Loss: -0.1443 | Epoch: 2294
    Eq omega: 0.000191 + 0.00091theta + -0.00047omega + 0.00034theta^2 + 0.00011theta omega + 0.00032omega^2
    Eq omega Phys: 8.8e-5*omega**2 + 1.0e-6*omega*theta + 3.0e-6*omega + 5.0e-6*theta + 5.5e-5
    Diffusion: theta=4.279929e-04, omega=6.936326e-05

--- Chunk 63845 (46/220) | Start: 2025-04-03 14:05:00 ---
    RMSE omega (GP): 0.009572 | RMSE omega (Sim): 0.134347
    Loss: 8.3737 | Epoch: 1909
    Eq omega: 0.001781 + 0.00006theta + 0.00114omega + -0.00014theta^2 + -0.00114theta omega + 0.00014omega^2
    Eq omega Phys: 7.0e-5*omega**2 - 1.9e-5*omega*theta + 0.000197*omega + 1.0e-6*theta - 2.0e-6
    Diffusion: theta=5.529531e-04, omega=5.071934e-05

--- Chunk 63846 (47/220) | Start: 2025-04-03 14:10:00 ---
    RMSE omega (GP): 0.009518 | RMSE omega (Sim): 0.076658
    Loss: 5.6278 | Epoch: 1679
    Eq omega: -0.001691 + 0.00110theta + 0.00175omega + -0.00020theta^2 + 0.00007theta omega + -0.00003omega^2
    Eq omega Phys: -1.3e-5*omega**2 + 1.0e-6*omega*theta + 4.0e-5*omega + 5.0e-6*theta - 5.6e-5
    Diffusion: theta=1.263303e-03, omega=4.219863e-05

--- Chunk 63847 (48/220) | Start: 2025-04-03 14:15:00 ---
    RMSE omega (GP): nan | RMSE omega (Sim): nan
    Loss: 929.7065 | Epoch: 40
    Eq omega: nan1 + nantheta + nanomega + nantheta^2 + nantheta omega + nanomega^2
    Eq omega Phys: N/A
    Diffusion: theta=nan, omega=nan

--- Chunk 63848 (49/220) | Start: 2025-04-03 14:20:00 ---
    RMSE omega (GP): 0.061935 | RMSE omega (Sim): 0.087926
    Loss: 503.0216 | Epoch: 45
    Eq omega: -0.001201 + 0.00581theta + -0.00600omega + -0.00110theta^2 + -0.00020theta omega + -0.00239omega^2
    Eq omega Phys: -0.001075*omega**2 - 3.0e-6*omega*theta - 0.000156*omega - 0.e-6*theta**2 + 2.3e-5*theta - 0.000218
    Diffusion: theta=nan, omega=nan

--- Chunk 63849 (50/220) | Start: 2025-04-03 14:25:00 ---
    RMSE omega (GP): nan | RMSE omega (Sim): nan
    Loss: 691.1094 | Epoch: 44
    Eq omega: nan1 + nantheta + nanomega + nantheta^2 + nantheta omega + nanomega^2
    Eq omega Phys: N/A
    Diffusion: theta=nan, omega=nan

  [Progress 50/220] Mean RMSE omega (GP): 0.015188 | (Sim): 0.133137 | Mean loss: -786.2020 | Valid GP: 36/50 | Valid Sim: 36/50 | Elapsed: 15.7min | ETA: 53.5min

--- Chunk 63850 (51/220) | Start: 2025-04-03 14:30:00 ---
    RMSE omega (GP): 0.008669 | RMSE omega (Sim): 0.072369
    Loss: 5.1020 | Epoch: 1792
    Eq omega: -0.003421 + -0.00069theta + 0.00134omega + -0.00013theta^2 + 0.00020theta omega + -0.00158omega^2
    Eq omega Phys: -0.000756*omega**2 + 3.0e-6*omega*theta + 7.0e-6*omega + 1.0e-6*theta - 9.0e-6
    Diffusion: theta=2.236041e-04, omega=5.430143e-05

--- Chunk 63851 (52/220) | Start: 2025-04-03 14:35:00 ---
    RMSE omega (GP): 0.046935 | RMSE omega (Sim): 0.079785
    Loss: 282.2071 | Epoch: 35
    Eq omega: 0.006521 + 0.02150theta + 0.00907omega + 0.00191theta^2 + 0.01323theta omega + 0.02308omega^2
    Eq omega Phys: 0.009838*omega**2 + 0.000188*omega*theta - 0.002007*omega + 1.0e-6*theta**2 + 2.0e-6*theta - 0.00014
    Diffusion: theta=2.153549e-02, omega=2.503051e-05

--- Chunk 63852 (53/220) | Start: 2025-04-03 14:40:00 ---
    RMSE omega (GP): 0.008872 | RMSE omega (Sim): 0.105116
    Loss: 11.9883 | Epoch: 1753
    Eq omega: -0.000261 + 0.00013theta + 0.00256omega + 0.00016theta^2 + -0.00003theta omega + 0.00049omega^2
    Eq omega Phys: 0.000303*omega**2 - 0.e-6*omega*theta + 9.6e-5*omega - 4.0e-6*theta + 2.8e-5
    Diffusion: theta=7.275870e-04, omega=2.385557e-05

--- Chunk 63853 (54/220) | Start: 2025-04-03 14:45:00 ---
    RMSE omega (GP): nan | RMSE omega (Sim): nan
    Loss: 180.2919 | Epoch: 45
    Eq omega: nan1 + nantheta + nanomega + nantheta^2 + nantheta omega + nanomega^2
    Eq omega Phys: N/A
    Diffusion: theta=nan, omega=nan

--- Chunk 63854 (55/220) | Start: 2025-04-03 14:50:00 ---
    RMSE omega (GP): 0.009870 | RMSE omega (Sim): 0.108594
    Loss: 3.2955 | Epoch: 1134
    Eq omega: -0.000111 + -0.00035theta + 0.00470omega + -0.00014theta^2 + 0.00077theta omega + 0.00229omega^2
    Eq omega Phys: 0.000846*omega**2 + 9.0e-6*omega*theta + 4.1e-5*omega + 1.0e-6*theta - 4.0e-6
    Diffusion: theta=2.679983e-03, omega=3.687660e-05

--- Chunk 63855 (56/220) | Start: 2025-04-03 14:55:00 ---
    RMSE omega (GP): 0.022134 | RMSE omega (Sim): 0.106822
    Loss: 290.5777 | Epoch: 896
    Eq omega: 0.001071 + 0.00001theta + -0.00002omega + 0.00000theta^2 + 0.00000theta omega + 0.00022omega^2
    Eq omega Phys: 0.000246*omega**2 - 0.e-6*omega + 1.0e-6
    Diffusion: theta=7.016285e-04, omega=1.794563e-06

--- Chunk 63856 (57/220) | Start: 2025-04-03 15:00:00 ---
    RMSE omega (GP): nan | RMSE omega (Sim): nan
    Loss: 5703.2578 | Epoch: 43
    Eq omega: nan1 + nantheta + nanomega + nantheta^2 + nantheta omega + nanomega^2
    Eq omega Phys: N/A
    Diffusion: theta=nan, omega=nan

--- Chunk 63857 (58/220) | Start: 2025-04-03 15:05:00 ---
    RMSE omega (GP): nan | RMSE omega (Sim): nan
    Loss: 80.9082 | Epoch: 178
    Eq omega: nan1 + nantheta + nanomega + nantheta^2 + nantheta omega + nanomega^2
    Eq omega Phys: N/A
    Diffusion: theta=nan, omega=nan

--- Chunk 63858 (59/220) | Start: 2025-04-03 15:10:00 ---
    RMSE omega (GP): 0.018281 | RMSE omega (Sim): 0.026181
    Loss: 268.9040 | Epoch: 623
    Eq omega: 0.003111 + 0.00002theta + 0.00225omega + 0.00027theta^2 + -0.00002theta omega + 0.00062omega^2
    Eq omega Phys: 0.000817*omega**2 - 0.e-6*omega*theta + 0.000101*omega - 2.4e-5*theta + 0.000355
    Diffusion: theta=3.010321e-02, omega=3.245075e-05

--- Chunk 63859 (60/220) | Start: 2025-04-03 15:15:00 ---
    RMSE omega (GP): 0.014380 | RMSE omega (Sim): 0.043345
    Loss: 51.0069 | Epoch: 2674
    Eq omega: 0.002131 + -0.00011theta + 0.00169omega + -0.00001theta^2 + -0.00006theta omega + 0.00012omega^2
    Eq omega Phys: 9.1e-5*omega**2 - 2.0e-6*omega*theta + 0.000106*omega - 2.0e-6
    Diffusion: theta=1.048159e-03, omega=1.617418e-05

--- Chunk 63860 (61/220) | Start: 2025-04-03 15:20:00 ---
    RMSE omega (GP): nan | RMSE omega (Sim): nan
    Loss: 3159.5515 | Epoch: 34
    Eq omega: nan1 + nantheta + nanomega + nantheta^2 + nantheta omega + nanomega^2
    Eq omega Phys: N/A
    Diffusion: theta=nan, omega=nan

--- Chunk 63861 (62/220) | Start: 2025-04-03 15:25:00 ---
    RMSE omega (GP): nan | RMSE omega (Sim): nan
    Loss: 1742.6168 | Epoch: 29
    Eq omega: nan1 + nantheta + nanomega + nantheta^2 + nantheta omega + nanomega^2
    Eq omega Phys: N/A
    Diffusion: theta=nan, omega=nan

--- Chunk 63862 (63/220) | Start: 2025-04-03 15:30:00 ---
    RMSE omega (GP): nan | RMSE omega (Sim): nan
    Loss: 99954.6797 | Epoch: 15
    Eq omega: nan1 + nantheta + nanomega + nantheta^2 + nantheta omega + nanomega^2
    Eq omega Phys: N/A
    Diffusion: theta=nan, omega=nan

--- Chunk 63863 (64/220) | Start: 2025-04-03 15:35:00 ---
    RMSE omega (GP): 0.012535 | RMSE omega (Sim): 0.041352
    Loss: 43.2828 | Epoch: 1232
    Eq omega: 0.001931 + 0.00001theta + 0.01703omega + -0.00000theta^2 + -0.00042theta omega + -0.00035omega^2
    Eq omega Phys: -0.000264*omega**2 - 1.1e-5*omega*theta + 0.00089*omega + 3.0e-6
    Diffusion: theta=1.467271e-03, omega=8.166830e-06

--- Chunk 63864 (65/220) | Start: 2025-04-03 15:40:00 ---
    RMSE omega (GP): nan | RMSE omega (Sim): nan
    Loss: 877.0887 | Epoch: 55
    Eq omega: nan1 + nantheta + nanomega + nantheta^2 + nantheta omega + nanomega^2
    Eq omega Phys: N/A
    Diffusion: theta=nan, omega=nan

--- Chunk 63865 (66/220) | Start: 2025-04-03 15:45:00 ---
    RMSE omega (GP): nan | RMSE omega (Sim): nan
    Loss: 7440.1128 | Epoch: 15
    Eq omega: nan1 + nantheta + nanomega + nantheta^2 + nantheta omega + nanomega^2
    Eq omega Phys: N/A
    Diffusion: theta=nan, omega=nan

--- Chunk 63866 (67/220) | Start: 2025-04-03 15:50:00 ---
    RMSE omega (GP): nan | RMSE omega (Sim): nan
    Loss: 345.7502 | Epoch: 18
    Eq omega: nan1 + nantheta + nanomega + nantheta^2 + nantheta omega + nanomega^2
    Eq omega Phys: N/A
    Diffusion: theta=nan, omega=nan

--- Chunk 63867 (68/220) | Start: 2025-04-03 15:55:00 ---
    RMSE omega (GP): 0.014029 | RMSE omega (Sim): 0.135082
    Loss: 1.3986 | Epoch: 899
    Eq omega: -0.001311 + -0.14032theta + 0.00719omega + -0.00457theta^2 + -0.00266theta omega + -0.00236omega^2
    Eq omega Phys: -0.00059*omega**2 - 2.2e-5*omega*theta + 0.000346*omega - 1.0e-6*theta**2 - 0.000144*theta + 0.000711
    Diffusion: theta=2.712343e-03, omega=5.174910e-05

--- Chunk 63868 (69/220) | Start: 2025-04-03 16:00:00 ---
    RMSE omega (GP): 0.010417 | RMSE omega (Sim): 0.128005
    Loss: -0.0569 | Epoch: 1043
    Eq omega: 0.005751 + -0.01630theta + 0.00169omega + 0.01689theta^2 + -0.00252theta omega + -0.00148omega^2
    Eq omega Phys: -0.000378*omega**2 - 2.1e-5*omega*theta - 0.000116*omega + 5.0e-6*theta**2 + 5.9e-5*theta + 0.00019
    Diffusion: theta=3.952815e-03, omega=6.808211e-05

--- Chunk 63869 (70/220) | Start: 2025-04-03 16:05:00 ---
    RMSE omega (GP): 0.023689 | RMSE omega (Sim): 0.025604
    Loss: 359.7890 | Epoch: 507
    Eq omega: -0.000331 + 0.00032theta + 0.02886omega + 0.00025theta^2 + 0.00026theta omega + 0.00006omega^2
    Eq omega Phys: 6.7e-5*omega**2 + 1.0e-5*omega*theta + 0.000741*omega - 1.4e-5*theta + 0.000152
    Diffusion: theta=6.510967e-04, omega=1.533376e-07

--- Chunk 63870 (71/220) | Start: 2025-04-03 16:10:00 ---
    RMSE omega (GP): 0.011519 | RMSE omega (Sim): 0.129580
    Loss: 4.4103 | Epoch: 925
    Eq omega: -0.000751 + -0.00012theta + -0.00027omega + -0.00007theta^2 + 0.00001theta omega + -0.00019omega^2
    Eq omega Phys: -6.5e-5*omega**2 - 1.2e-5*omega + 1.0e-6*theta - 1.5e-5
    Diffusion: theta=2.268276e-03, omega=4.781164e-05

--- Chunk 63871 (72/220) | Start: 2025-04-03 16:15:00 ---
    RMSE omega (GP): 0.010959 | RMSE omega (Sim): 0.113439
    Loss: 6.6324 | Epoch: 1004
    Eq omega: 0.032361 + -1.56767theta + 0.00142omega + -0.02967theta^2 + 0.03165theta omega + 0.08194omega^2
    Eq omega Phys: 0.033615*omega**2 + 0.000433*omega*theta - 0.000727*omega - 1.4e-5*theta**2 - 0.001693*theta + 0.00316
    Diffusion: theta=1.844742e-03, omega=5.434756e-05

--- Chunk 63872 (73/220) | Start: 2025-04-03 16:20:00 ---
    RMSE omega (GP): 0.013527 | RMSE omega (Sim): 0.099160
    Loss: 13.4075 | Epoch: 1344
    Eq omega: 0.000151 + -0.00121theta + 0.00108omega + -0.00021theta^2 + -0.00010theta omega + 0.00239omega^2
    Eq omega Phys: 0.001096*omega**2 - 2.0e-6*omega*theta + 6.1e-5*omega + 2.0e-6*theta - 6.0e-6
    Diffusion: theta=2.968707e-04, omega=5.272472e-05

--- Chunk 63873 (74/220) | Start: 2025-04-03 16:25:00 ---
    RMSE omega (GP): 0.010920 | RMSE omega (Sim): 0.108299
    Loss: 7.3176 | Epoch: 1463
    Eq omega: 0.004631 + -0.00082theta + 0.00457omega + -0.00063theta^2 + -0.00042theta omega + 0.00204omega^2
    Eq omega Phys: 0.000865*omega**2 - 6.0e-6*omega*theta + 0.00025*omega + 9.0e-6*theta - 5.4e-5
    Diffusion: theta=9.659344e-04, omega=4.304697e-05

--- Chunk 63874 (75/220) | Start: 2025-04-03 16:30:00 ---
    RMSE omega (GP): 0.010405 | RMSE omega (Sim): 0.111216
    Loss: 3.9568 | Epoch: 1565
    Eq omega: 0.000081 + 0.00097theta + -0.00190omega + 0.00013theta^2 + 0.00078theta omega + 0.00052omega^2
    Eq omega Phys: 0.000191*omega**2 + 1.0e-5*omega*theta + 6.4e-5*omega + 2.0e-6*theta + 2.4e-5
    Diffusion: theta=1.290224e-03, omega=7.666790e-05

--- Chunk 63875 (76/220) | Start: 2025-04-03 16:35:00 ---
    RMSE omega (GP): 0.009597 | RMSE omega (Sim): 0.088813
    Loss: 0.8131 | Epoch: 793
    Eq omega: -0.010731 + -0.01598theta + 0.00130omega + 0.02767theta^2 + 0.00687theta omega + -0.00241omega^2
    Eq omega Phys: -0.00076*omega**2 + 7.2e-5*omega*theta + 3.0e-6*omega + 1.0e-5*theta**2 - 2.9e-5*theta - 2.5e-5
    Diffusion: theta=nan, omega=nan

--- Chunk 63876 (77/220) | Start: 2025-04-03 16:40:00 ---
    RMSE omega (GP): 0.010858 | RMSE omega (Sim): 0.137407
    Loss: 4.8648 | Epoch: 1161
    Eq omega: 0.002761 + -0.00043theta + -0.00126omega + 0.00016theta^2 + -0.00033theta omega + -0.00091omega^2
    Eq omega Phys: -0.000346*omega**2 - 4.0e-6*omega*theta + 5.0e-6*omega - 2.0e-6*theta + 2.2e-5
    Diffusion: theta=4.554107e-04, omega=4.721291e-05

--- Chunk 63877 (78/220) | Start: 2025-04-03 16:45:00 ---
    RMSE omega (GP): 0.014718 | RMSE omega (Sim): 0.044844
    Loss: 57.0499 | Epoch: 2779
    Eq omega: 0.001051 + 0.00012theta + 0.00018omega + 0.00002theta^2 + 0.00004theta omega + -0.00118omega^2
    Eq omega Phys: -0.000895*omega**2 + 1.0e-6*omega*theta - 1.6e-5*omega - 0.e-6*theta + 6.0e-6
    Diffusion: theta=1.801852e-03, omega=2.457384e-05

--- Chunk 63878 (79/220) | Start: 2025-04-03 16:50:00 ---
    RMSE omega (GP): 0.013304 | RMSE omega (Sim): 0.083953
    Loss: 26.4707 | Epoch: 1992
    Eq omega: -0.000821 + 0.00017theta + -0.00397omega + -0.00004theta^2 + 0.00014theta omega + -0.00033omega^2
    Eq omega Phys: -0.000199*omega**2 + 3.0e-6*omega*theta - 0.000178*omega + 1.0e-6*theta - 1.2e-5
    Diffusion: theta=1.600346e-03, omega=2.131773e-05

--- Chunk 63879 (80/220) | Start: 2025-04-03 16:55:00 ---
    RMSE omega (GP): 0.029928 | RMSE omega (Sim): 0.087622
    Loss: 284.9584 | Epoch: 233
    Eq omega: 0.002181 + 0.00328theta + -0.00062omega + -0.00004theta^2 + 0.00239theta omega + -0.00020omega^2
    Eq omega Phys: -0.000157*omega**2 + 6.3e-5*omega*theta - 0.001391*omega + 5.0e-6*theta - 9.3e-5
    Diffusion: theta=nan, omega=nan

--- Chunk 63880 (81/220) | Start: 2025-04-03 17:00:00 ---
    RMSE omega (GP): nan | RMSE omega (Sim): nan
    Loss: 178.9212 | Epoch: 36
    Eq omega: nan1 + nantheta + nanomega + nantheta^2 + nantheta omega + nanomega^2
    Eq omega Phys: N/A
    Diffusion: theta=nan, omega=nan

--- Chunk 63881 (82/220) | Start: 2025-04-03 17:05:00 ---
    RMSE omega (GP): 0.010900 | RMSE omega (Sim): 0.101387
    Loss: 6.7082 | Epoch: 1270
    Eq omega: 0.002641 + 0.00047theta + 0.00249omega + 0.00082theta^2 + -0.00034theta omega + 0.00049omega^2
    Eq omega Phys: 0.000202*omega**2 - 5.0e-6*omega*theta + 0.000153*omega - 1.1e-5*theta + 8.3e-5
    Diffusion: theta=4.003460e-04, omega=5.109058e-05

--- Chunk 63882 (83/220) | Start: 2025-04-03 17:10:00 ---
    RMSE omega (GP): nan | RMSE omega (Sim): nan
    Loss: 102.5948 | Epoch: 145
    Eq omega: nan1 + nantheta + nanomega + nantheta^2 + nantheta omega + nanomega^2
    Eq omega Phys: N/A
    Diffusion: theta=nan, omega=nan

--- Chunk 63883 (84/220) | Start: 2025-04-03 17:15:00 ---
    RMSE omega (GP): 0.016834 | RMSE omega (Sim): 0.046915
    Loss: 111.7392 | Epoch: 749
    Eq omega: -0.006771 + -0.00039theta + 0.00124omega + 0.00006theta^2 + 0.00015theta omega + 0.00006omega^2
    Eq omega Phys: 5.8e-5*omega**2 + 5.0e-6*omega*theta - 7.1e-5*omega - 3.0e-6*theta + 3.7e-5
    Diffusion: theta=1.738170e-03, omega=8.310590e-06

--- Chunk 63884 (85/220) | Start: 2025-04-03 17:20:00 ---
    RMSE omega (GP): nan | RMSE omega (Sim): nan
    Loss: 915.4196 | Epoch: 37
    Eq omega: nan1 + nantheta + nanomega + nantheta^2 + nantheta omega + nanomega^2
    Eq omega Phys: N/A
    Diffusion: theta=nan, omega=nan

--- Chunk 63885 (86/220) | Start: 2025-04-03 17:25:00 ---
    RMSE omega (GP): nan | RMSE omega (Sim): nan
    Loss: 122.3786 | Epoch: 93
    Eq omega: nan1 + nantheta + nanomega + nantheta^2 + nantheta omega + nanomega^2
    Eq omega Phys: N/A
    Diffusion: theta=nan, omega=nan

--- Chunk 63886 (87/220) | Start: 2025-04-03 17:30:00 ---
    RMSE omega (GP): 0.010137 | RMSE omega (Sim): 0.083349
    Loss: 11.1779 | Epoch: 1712
    Eq omega: 0.002291 + 0.00020theta + -0.00204omega + -0.00015theta^2 + -0.00012theta omega + -0.00180omega^2
    Eq omega Phys: -0.001048*omega**2 - 2.0e-6*omega*theta - 2.6e-5*omega + 4.0e-6*theta - 3.1e-5
    Diffusion: theta=4.092931e-04, omega=3.625682e-05

--- Chunk 63887 (88/220) | Start: 2025-04-03 17:35:00 ---
/pfs/data6/home/ka/ka_iai/ka_bj2362/dsr/svise/run_analysis_5min_all_chunks_combo38.py:212: ODEintWarning: Excess work done on this call (perhaps wrong Dfun type). Run with full_output = 1 to get quantitative information.
  sol_scaled = odeint(drift, x0_scaled, t_scaled, full_output=False)
    RMSE omega (GP): 0.017966 | RMSE omega (Sim): nan
    Loss: 11.4164 | Epoch: 158
    Eq omega: 0.007361 + -0.01527theta + 0.00485omega + 0.15669theta^2 + -0.00230theta omega + 0.00553omega^2
    Eq omega Phys: 0.001707*omega**2 - 2.4e-5*omega*theta - 4.0e-6*omega + 5.4e-5*theta**2 + 0.000736*theta + 0.002545
    Diffusion: theta=2.053558e-03, omega=3.852951e-05

--- Chunk 63888 (89/220) | Start: 2025-04-03 17:40:00 ---
    RMSE omega (GP): nan | RMSE omega (Sim): nan
    Loss: 121.1822 | Epoch: 84
    Eq omega: nan1 + nantheta + nanomega + nantheta^2 + nantheta omega + nanomega^2
    Eq omega Phys: N/A
    Diffusion: theta=nan, omega=nan

--- Chunk 63889 (90/220) | Start: 2025-04-03 17:45:00 ---
    RMSE omega (GP): 0.012431 | RMSE omega (Sim): 0.087204
    Loss: 6.8086 | Epoch: 1916
    Eq omega: -0.011021 + -0.03092theta + 0.00345omega + -0.02197theta^2 + -0.00026theta omega + 0.00663omega^2
    Eq omega Phys: 0.002427*omega**2 - 3.0e-6*omega*theta + 0.000174*omega - 9.0e-6*theta**2 + 0.000298*theta - 0.00248
    Diffusion: theta=2.959012e-03, omega=3.846691e-05

--- Chunk 63890 (91/220) | Start: 2025-04-03 17:50:00 ---
    RMSE omega (GP): 0.010299 | RMSE omega (Sim): 0.155461
    Loss: 3.3193 | Epoch: 1282
    Eq omega: 0.017811 + -1.15499theta + -0.02548omega + 0.04593theta^2 + 0.00049theta omega + 0.00353omega^2
    Eq omega Phys: 0.001274*omega**2 + 6.0e-6*omega*theta - 0.000859*omega + 1.8e-5*theta**2 - 0.001343*theta + 0.002172
    Diffusion: theta=2.869382e-04, omega=6.594778e-05

--- Chunk 63891 (92/220) | Start: 2025-04-03 17:55:00 ---
    RMSE omega (GP): 0.014273 | RMSE omega (Sim): 0.100171
    Loss: 7.0585 | Epoch: 2145
    Eq omega: -0.000741 + -0.00199theta + 0.00048omega + -0.00006theta^2 + -0.00039theta omega + -0.00047omega^2
    Eq omega Phys: -0.000172*omega**2 - 5.0e-6*omega*theta + 7.2e-5*omega - 2.0e-6*theta + 2.0e-5
    Diffusion: theta=2.570414e-03, omega=3.649043e-05

--- Chunk 63892 (93/220) | Start: 2025-04-03 18:00:00 ---
    RMSE omega (GP): nan | RMSE omega (Sim): nan
    Loss: 22.5999 | Epoch: 92
    Eq omega: nan1 + nantheta + nanomega + nantheta^2 + nantheta omega + nanomega^2
    Eq omega Phys: N/A
    Diffusion: theta=nan, omega=nan

--- Chunk 63893 (94/220) | Start: 2025-04-03 18:05:00 ---
    RMSE omega (GP): 0.010830 | RMSE omega (Sim): 0.105523
    Loss: 2.5744 | Epoch: 764
    Eq omega: -0.002201 + -0.04916theta + 0.00283omega + 0.01765theta^2 + 0.00075theta omega + 0.00188omega^2
    Eq omega Phys: 0.000595*omega**2 + 8.0e-6*omega*theta + 7.1e-5*omega + 6.0e-6*theta**2 - 9.2e-5*theta + 0.000213
    Diffusion: theta=3.030081e-03, omega=7.144180e-05

--- Chunk 63894 (95/220) | Start: 2025-04-03 18:10:00 ---
    RMSE omega (GP): nan | RMSE omega (Sim): nan
    Loss: 261.8858 | Epoch: 17
    Eq omega: nan1 + nantheta + nanomega + nantheta^2 + nantheta omega + nanomega^2
    Eq omega Phys: N/A
    Diffusion: theta=nan, omega=nan

--- Chunk 63895 (96/220) | Start: 2025-04-03 18:15:00 ---
    RMSE omega (GP): 0.009549 | RMSE omega (Sim): 0.098916
    Loss: 4.5024 | Epoch: 1347
    Eq omega: -0.003781 + 0.00221theta + -0.00303omega + -0.00141theta^2 + 0.00029theta omega + -0.00102omega^2
    Eq omega Phys: -0.00043*omega**2 + 4.0e-6*omega*theta - 0.000139*omega - 0.e-6*theta**2 + 1.5e-5*theta - 8.9e-5
    Diffusion: theta=3.051693e-04, omega=5.452667e-05

--- Chunk 63896 (97/220) | Start: 2025-04-03 18:20:00 ---
    RMSE omega (GP): 0.011808 | RMSE omega (Sim): 0.119098
    Loss: 20.6555 | Epoch: 2052
    Eq omega: -0.010331 + -0.00078theta + 0.00032omega + -0.00006theta^2 + 0.00002theta omega + 0.00042omega^2
    Eq omega Phys: 0.000249*omega**2 + 1.0e-6*theta - 2.3e-5
    Diffusion: theta=5.792156e-04, omega=2.719586e-05

--- Chunk 63897 (98/220) | Start: 2025-04-03 18:25:00 ---
    RMSE omega (GP): nan | RMSE omega (Sim): nan
    Loss: 688.3873 | Epoch: 32
    Eq omega: nan1 + nantheta + nanomega + nantheta^2 + nantheta omega + nanomega^2
    Eq omega Phys: N/A
    Diffusion: theta=nan, omega=nan

--- Chunk 63898 (99/220) | Start: 2025-04-03 18:30:00 ---
    RMSE omega (GP): 0.011969 | RMSE omega (Sim): 0.102296
    Loss: 25.7720 | Epoch: 2330
    Eq omega: -0.002121 + -0.00004theta + -0.00086omega + -0.00003theta^2 + -0.00001theta omega + 0.00039omega^2
    Eq omega Phys: 0.000254*omega**2 - 2.4e-5*omega + 1.0e-6*theta - 1.3e-5
    Diffusion: theta=1.269864e-03, omega=1.646200e-05

--- Chunk 63899 (100/220) | Start: 2025-04-03 18:35:00 ---
    RMSE omega (GP): 0.010505 | RMSE omega (Sim): 0.111327
    Loss: 9.8631 | Epoch: 1987
    Eq omega: 0.009361 + 0.00073theta + -0.00157omega + -0.00010theta^2 + 0.00080theta omega + 0.00004omega^2
    Eq omega Phys: 2.0e-5*omega**2 + 1.3e-5*omega*theta - 0.000279*omega + 3.0e-6*theta - 9.0e-6
    Diffusion: theta=7.535820e-04, omega=2.644773e-05

  [Progress 100/220] Mean RMSE omega (GP): 0.014780 | (Sim): 0.114429 | Mean loss: 845.3650 | Valid GP: 69/100 | Valid Sim: 68/100 | Elapsed: 30.8min | ETA: 36.9min

--- Chunk 63900 (101/220) | Start: 2025-04-03 18:40:00 ---
    RMSE omega (GP): nan | RMSE omega (Sim): nan
    Loss: 2785.3552 | Epoch: 33
    Eq omega: nan1 + nantheta + nanomega + nantheta^2 + nantheta omega + nanomega^2
    Eq omega Phys: N/A
    Diffusion: theta=nan, omega=nan

--- Chunk 63901 (102/220) | Start: 2025-04-03 18:45:00 ---
    RMSE omega (GP): 0.014973 | RMSE omega (Sim): 0.065376
    Loss: 28.9412 | Epoch: 2412
    Eq omega: 0.001741 + 0.00021theta + 0.00471omega + 0.00004theta^2 + -0.00002theta omega + 0.00052omega^2
    Eq omega Phys: 0.000285*omega**2 + 0.000168*omega - 1.0e-6*theta + 1.7e-5
    Diffusion: theta=1.660316e-03, omega=3.334108e-05

--- Chunk 63902 (103/220) | Start: 2025-04-03 18:50:00 ---
    RMSE omega (GP): 0.010858 | RMSE omega (Sim): 0.076441
    Loss: 12.1968 | Epoch: 2164
    Eq omega: 0.002021 + -0.00019theta + -0.00041omega + -0.00238theta^2 + 0.00041theta omega + -0.00193omega^2
    Eq omega Phys: -0.001015*omega**2 + 7.0e-6*omega*theta - 0.000122*omega - 1.0e-6*theta**2 + 4.2e-5*theta - 0.00031
    Diffusion: theta=1.148208e-03, omega=3.167044e-05

--- Chunk 63903 (104/220) | Start: 2025-04-03 18:55:00 ---
    RMSE omega (GP): 0.014157 | RMSE omega (Sim): 0.156930
    Loss: 38.6131 | Epoch: 2311
    Eq omega: -0.005311 + -0.00023theta + -0.00214omega + -0.00004theta^2 + -0.00006theta omega + -0.00008omega^2
    Eq omega Phys: -5.3e-5*omega**2 - 1.0e-6*omega*theta - 4.5e-5*omega + 1.0e-6*theta - 1.5e-5
    Diffusion: theta=2.981492e-04, omega=2.770263e-05

--- Chunk 63904 (105/220) | Start: 2025-04-03 19:00:00 ---
    RMSE omega (GP): 0.028407 | RMSE omega (Sim): 0.091859
    Loss: 98.4612 | Epoch: 106
    Eq omega: -0.004321 + 0.00161theta + 0.00288omega + 0.00051theta^2 + 0.00082theta omega + 0.00362omega^2
    Eq omega Phys: 0.001781*omega**2 + 1.3e-5*omega*theta - 8.4e-5*omega - 6.0e-6*theta + 1.6e-5
    Diffusion: theta=3.732978e-03, omega=1.445340e-05

--- Chunk 63905 (106/220) | Start: 2025-04-03 19:05:00 ---
    RMSE omega (GP): 0.028621 | RMSE omega (Sim): 0.115934
    Loss: 121.5716 | Epoch: 165
    Eq omega: -0.008741 + -0.08596theta + 0.00540omega + -0.00546theta^2 + 0.00291theta omega + 0.00164omega^2
    Eq omega Phys: 0.000874*omega**2 + 5.2e-5*omega*theta - 0.001033*omega - 3.0e-6*theta**2 + 5.6e-5*theta + 0.000442
    Diffusion: theta=nan, omega=nan

--- Chunk 63906 (107/220) | Start: 2025-04-03 19:10:00 ---
    RMSE omega (GP): 0.021890 | RMSE omega (Sim): 0.161828
    Loss: 38.5629 | Epoch: 158
    Eq omega: 0.004171 + -0.00085theta + 0.00854omega + 0.00008theta^2 + 0.00037theta omega + -0.00014omega^2
    Eq omega Phys: -6.0e-5*omega**2 + 5.0e-6*omega*theta + 0.000196*omega - 2.0e-6*theta + 3.7e-5
    Diffusion: theta=nan, omega=nan

--- Chunk 63907 (108/220) | Start: 2025-04-03 19:15:00 ---
    RMSE omega (GP): 0.033927 | RMSE omega (Sim): 0.090133
    Loss: 77.4798 | Epoch: 575
    Eq omega: 0.000081 + -0.00036theta + -0.00084omega + -0.00006theta^2 + -0.00010theta omega + -0.00086omega^2
    Eq omega Phys: -0.000394*omega**2 - 2.0e-6*omega*theta + 1.0e-5*omega + 1.0e-6*theta - 9.0e-6
    Diffusion: theta=2.045583e-03, omega=5.928780e-06

--- Chunk 63908 (109/220) | Start: 2025-04-03 19:20:00 ---
    RMSE omega (GP): nan | RMSE omega (Sim): nan
    Loss: 252.8359 | Epoch: 67
    Eq omega: nan1 + nantheta + nanomega + nantheta^2 + nantheta omega + nanomega^2
    Eq omega Phys: N/A
    Diffusion: theta=nan, omega=nan

--- Chunk 63909 (110/220) | Start: 2025-04-03 19:25:00 ---
    RMSE omega (GP): 0.020556 | RMSE omega (Sim): 0.040709
    Loss: 151.5611 | Epoch: 2169
    Eq omega: 0.001371 + 0.00003theta + -0.00114omega + 0.00000theta^2 + -0.00002theta omega + -0.00005omega^2
    Eq omega Phys: -4.6e-5*omega**2 - 0.e-6*omega*theta - 2.2e-5*omega + 1.0e-6
    Diffusion: theta=1.767620e-03, omega=2.961591e-06

--- Chunk 63910 (111/220) | Start: 2025-04-03 19:30:00 ---
    RMSE omega (GP): nan | RMSE omega (Sim): nan
    Loss: 17198.1328 | Epoch: 16
    Eq omega: nan1 + nantheta + nanomega + nantheta^2 + nantheta omega + nanomega^2
    Eq omega Phys: N/A
    Diffusion: theta=nan, omega=nan

--- Chunk 63911 (112/220) | Start: 2025-04-03 19:35:00 ---
    RMSE omega (GP): 0.016083 | RMSE omega (Sim): 0.120645
    Loss: 15.0006 | Epoch: 1215
    Eq omega: 0.001961 + 0.00026theta + 0.00273omega + -0.00002theta^2 + -0.00018theta omega + 0.00709omega^2
    Eq omega Phys: 0.003803*omega**2 - 3.0e-6*omega*theta + 0.000138*omega + 1.0e-6*theta - 3.0e-6
    Diffusion: theta=6.670716e-04, omega=3.082876e-05

--- Chunk 63912 (113/220) | Start: 2025-04-03 19:40:00 ---
    RMSE omega (GP): 0.035294 | RMSE omega (Sim): 0.121669
    Loss: 50.5443 | Epoch: 352
    Eq omega: -0.000331 + -0.03454theta + 0.00074omega + 0.00100theta^2 + 0.00112theta omega + -0.00028omega^2
    Eq omega Phys: -7.9e-5*omega**2 + 1.0e-5*omega*theta - 7.0e-5*omega - 4.4e-5*theta + 0.00037
    Diffusion: theta=2.266361e-01, omega=1.217554e-04

--- Chunk 63913 (114/220) | Start: 2025-04-03 19:45:00 ---
    RMSE omega (GP): 0.011662 | RMSE omega (Sim): 0.194660
    Loss: 3.0927 | Epoch: 1676
    Eq omega: -0.000961 + 0.00052theta + -0.00059omega + 0.00045theta^2 + -0.00169theta omega + -0.00071omega^2
    Eq omega Phys: -0.000231*omega**2 - 1.8e-5*omega*theta - 0.000122*omega + 2.0e-6*theta + 5.0e-6
    Diffusion: theta=2.831412e-04, omega=6.921766e-05

--- Chunk 63914 (115/220) | Start: 2025-04-03 19:50:00 ---
    RMSE omega (GP): 0.010249 | RMSE omega (Sim): 0.104372
    Loss: 3.0916 | Epoch: 1408
    Eq omega: -0.000091 + -0.00014theta + -0.00078omega + 0.00001theta^2 + -0.00006theta omega + -0.00104omega^2
    Eq omega Phys: -0.000374*omega**2 - 0.e-6*omega*theta - 3.4e-5*omega - 2.0e-6
    Diffusion: theta=4.614045e-03, omega=7.021632e-05

--- Chunk 63915 (116/220) | Start: 2025-04-03 19:55:00 ---
    RMSE omega (GP): 0.009733 | RMSE omega (Sim): nan
    Loss: 5.4655 | Epoch: 1568
    Eq omega: 0.023161 + -0.00155theta + 0.00682omega + -0.06739theta^2 + -0.00398theta omega + 0.00475omega^2
    Eq omega Phys: 0.002069*omega**2 - 5.8e-5*omega*theta - 0.000299*omega - 3.3e-5*theta**2 - 0.000596*theta - 0.002666
    Diffusion: theta=2.797335e-03, omega=4.008453e-05

--- Chunk 63916 (117/220) | Start: 2025-04-03 20:00:00 ---
    RMSE omega (GP): 0.016616 | RMSE omega (Sim): 0.189678
    Loss: -5950041088.0000 | Epoch: 1255
    Eq omega: 0.001551 + 0.00184theta + 0.00134omega + 0.00088theta^2 + -0.00140theta omega + 0.00051omega^2
    Eq omega Phys: 0.000162*omega**2 - 1.5e-5*omega*theta - 0.000148*omega + 1.0e-5*theta + 8.4e-5
    Diffusion: theta=1.088669e-02, omega=4.430211e-05

--- Chunk 63917 (118/220) | Start: 2025-04-03 20:05:00 ---
    RMSE omega (GP): 0.008454 | RMSE omega (Sim): 0.112552
    Loss: 2.6954 | Epoch: 1098
    Eq omega: 0.001191 + -0.00020theta + 0.00625omega + 0.00039theta^2 + -0.00102theta omega + 0.00014omega^2
    Eq omega Phys: 5.6e-5*omega**2 - 1.4e-5*omega*theta + 0.000112*omega + 2.0e-6*theta + 1.0e-5
    Diffusion: theta=2.335561e-03, omega=4.807611e-05

--- Chunk 63918 (119/220) | Start: 2025-04-03 20:10:00 ---
    RMSE omega (GP): 0.009442 | RMSE omega (Sim): 0.101278
    Loss: 2.7719 | Epoch: 1423
    Eq omega: -0.003551 + 0.00036theta + -0.00002omega + 0.00155theta^2 + -0.00363theta omega + -0.00131omega^2
    Eq omega Phys: -0.000495*omega**2 - 4.6e-5*omega*theta - 0.000351*omega + 1.0e-6*theta**2 + 1.0e-5*theta + 3.1e-5
    Diffusion: theta=5.388602e-04, omega=5.814826e-05

--- Chunk 63919 (120/220) | Start: 2025-04-03 20:15:00 ---
    RMSE omega (GP): 0.010414 | RMSE omega (Sim): 0.116441
    Loss: 5.8479 | Epoch: 1144
    Eq omega: -0.001011 + 0.00047theta + -0.00853omega + -0.00032theta^2 + -0.00075theta omega + 0.00090omega^2
    Eq omega Phys: 0.000365*omega**2 - 1.0e-5*omega*theta - 0.000355*omega - 1.0e-6*theta - 6.0e-6
    Diffusion: theta=5.319148e-03, omega=8.926084e-05

--- Chunk 63920 (121/220) | Start: 2025-04-03 20:20:00 ---
    RMSE omega (GP): nan | RMSE omega (Sim): nan
    Loss: 405.9368 | Epoch: 126
    Eq omega: nan1 + nantheta + nanomega + nantheta^2 + nantheta omega + nanomega^2
    Eq omega Phys: N/A
    Diffusion: theta=nan, omega=nan

--- Chunk 63921 (122/220) | Start: 2025-04-03 20:25:00 ---
    RMSE omega (GP): 0.009684 | RMSE omega (Sim): 0.144696
    Loss: 4.1658 | Epoch: 1240
    Eq omega: 0.002431 + -0.00005theta + 0.00409omega + 0.00019theta^2 + -0.00219theta omega + -0.00005omega^2
    Eq omega Phys: -2.0e-5*omega**2 - 2.9e-5*omega*theta - 0.000145*omega + 2.0e-6*theta + 1.4e-5
    Diffusion: theta=4.308377e-04, omega=7.197625e-05

--- Chunk 63922 (123/220) | Start: 2025-04-03 20:30:00 ---
    RMSE omega (GP): 0.009823 | RMSE omega (Sim): 0.146748
    Loss: 2.2772 | Epoch: 1183
    Eq omega: 0.000941 + -0.00995theta + -0.00061omega + 0.00263theta^2 + 0.00034theta omega + -0.00079omega^2
    Eq omega Phys: -0.000265*omega**2 + 4.0e-6*omega*theta - 2.6e-5*omega + 1.0e-6*theta**2 - 1.4e-5*theta + 2.1e-5
    Diffusion: theta=5.328519e-04, omega=8.455690e-05

--- Chunk 63923 (124/220) | Start: 2025-04-03 20:35:00 ---
    RMSE omega (GP): 0.010841 | RMSE omega (Sim): 0.094316
    Loss: 17.6496 | Epoch: 1771
    Eq omega: 0.000111 + -0.00059theta + -0.00207omega + -0.00012theta^2 + -0.00007theta omega + 0.00087omega^2
    Eq omega Phys: 0.00053*omega**2 - 1.0e-6*omega*theta - 8.7e-5*omega - 3.0e-6*theta - 2.2e-5
    Diffusion: theta=4.149091e-04, omega=2.638798e-05

--- Chunk 63924 (125/220) | Start: 2025-04-03 20:40:00 ---
    RMSE omega (GP): 0.056133 | RMSE omega (Sim): 0.096885
    Loss: 392.7661 | Epoch: 339
    Eq omega: 0.002961 + -0.00028theta + -0.00182omega + 0.00024theta^2 + -0.00009theta omega + 0.00183omega^2
    Eq omega Phys: 0.000833*omega**2 - 1.0e-6*omega*theta - 8.7e-5*omega + 4.0e-6*theta + 4.8e-5
    Diffusion: theta=7.457533e-02, omega=8.900686e-05

--- Chunk 63925 (126/220) | Start: 2025-04-03 20:45:00 ---
    RMSE omega (GP): 0.034085 | RMSE omega (Sim): 0.092583
    Loss: 102.3284 | Epoch: 346
    Eq omega: -0.006841 + -0.00901theta + -0.00087omega + 0.00898theta^2 + 0.00200theta omega + 0.00022omega^2
    Eq omega Phys: 7.9e-5*omega**2 + 2.4e-5*omega*theta + 5.3e-5*omega + 4.0e-6*theta**2 + 1.5e-5*theta - 1.3e-5
    Diffusion: theta=2.285784e-01, omega=1.867165e-04

--- Chunk 63926 (127/220) | Start: 2025-04-03 20:50:00 ---
    RMSE omega (GP): 0.011007 | RMSE omega (Sim): 0.164310
    Loss: 3.9588 | Epoch: 1565
    Eq omega: -0.035021 + -0.78566theta + 0.02112omega + 0.03488theta^2 + -0.61431theta omega + 0.00108omega^2
    Eq omega Phys: 0.000382*omega**2 - 0.007248*omega*theta - 0.037699*omega + 1.4e-5*theta**2 - 0.000728*theta - 0.00435
    Diffusion: theta=7.420171e-04, omega=6.132423e-05

--- Chunk 63927 (128/220) | Start: 2025-04-03 20:55:00 ---
    RMSE omega (GP): 0.010912 | RMSE omega (Sim): 0.153757
    Loss: 0.5082 | Epoch: 1405
    Eq omega: 0.001721 + -0.00125theta + 0.00360omega + 0.00001theta^2 + 0.00442theta omega + -0.00055omega^2
    Eq omega Phys: -0.000158*omega**2 + 4.2e-5*omega*theta + 0.000627*omega - 1.0e-6*theta - 1.0e-5
    Diffusion: theta=4.745973e-04, omega=6.586084e-05

--- Chunk 63928 (129/220) | Start: 2025-04-03 21:00:00 ---
    RMSE omega (GP): 0.011476 | RMSE omega (Sim): 0.096365
    Loss: 8.5347 | Epoch: 1202
    Eq omega: -0.001041 + -0.00012theta + -0.00063omega + 0.00006theta^2 + -0.00006theta omega + -0.00113omega^2
    Eq omega Phys: -0.000483*omega**2 - 0.e-6*omega*theta - 3.0e-5*omega - 1.0e-6
    Diffusion: theta=1.752794e-03, omega=5.895666e-05

--- Chunk 63929 (130/220) | Start: 2025-04-03 21:05:00 ---
    RMSE omega (GP): 0.008985 | RMSE omega (Sim): 0.108680
    Loss: 1.9311 | Epoch: 1193
    Eq omega: 0.001811 + 0.00280theta + -0.00345omega + -0.00191theta^2 + 0.00713theta omega + -0.00296omega^2
    Eq omega Phys: -0.001047*omega**2 + 8.4e-5*omega*theta + 0.000471*omega - 0.e-6*theta**2 - 7.0e-6*theta - 9.0e-6
    Diffusion: theta=1.337799e-03, omega=6.615886e-05

--- Chunk 63930 (131/220) | Start: 2025-04-03 21:10:00 ---
    RMSE omega (GP): 0.010785 | RMSE omega (Sim): 0.144797
    Loss: 9.6668 | Epoch: 1677
    Eq omega: 0.008391 + 0.00026theta + 0.00102omega + 0.00034theta^2 + -0.00042theta omega + -0.00790omega^2
    Eq omega Phys: -0.003741*omega**2 - 7.0e-6*omega*theta - 6.2e-5*omega + 5.0e-6*theta + 6.1e-5
    Diffusion: theta=4.498934e-04, omega=4.927941e-05

--- Chunk 63931 (132/220) | Start: 2025-04-03 21:15:00 ---
    RMSE omega (GP): nan | RMSE omega (Sim): nan
    Loss: 506.9453 | Epoch: 20
    Eq omega: nan1 + nantheta + nanomega + nantheta^2 + nantheta omega + nanomega^2
    Eq omega Phys: N/A
    Diffusion: theta=nan, omega=nan

--- Chunk 63932 (133/220) | Start: 2025-04-03 21:20:00 ---
    RMSE omega (GP): nan | RMSE omega (Sim): nan
    Loss: 364.9930 | Epoch: 16
    Eq omega: nan1 + nantheta + nanomega + nantheta^2 + nantheta omega + nanomega^2
    Eq omega Phys: N/A
    Diffusion: theta=nan, omega=nan

--- Chunk 63933 (134/220) | Start: 2025-04-03 21:25:00 ---
    RMSE omega (GP): 0.008949 | RMSE omega (Sim): 0.146880
    Loss: 0.6125 | Epoch: 678
    Eq omega: -0.002451 + -1.29039theta + 0.00508omega + -0.00560theta^2 + 0.00290theta omega + -0.00787omega^2
    Eq omega Phys: -0.00249*omega**2 + 3.1e-5*omega*theta + 9.0e-5*omega - 2.0e-6*theta**2 - 0.001424*theta + 0.00369
    Diffusion: theta=1.807601e-03, omega=5.762528e-05

--- Chunk 63934 (135/220) | Start: 2025-04-03 21:30:00 ---
    RMSE omega (GP): 0.009224 | RMSE omega (Sim): 0.097141
    Loss: 4.9103 | Epoch: 1180
    Eq omega: -0.003511 + -0.00022theta + 0.00151omega + -0.00003theta^2 + 0.00091theta omega + -0.00080omega^2
    Eq omega Phys: -0.000356*omega**2 + 1.4e-5*omega*theta + 0.000248*omega - 0.e-6*theta - 1.5e-5
    Diffusion: theta=3.733219e-04, omega=3.964245e-05

--- Chunk 63935 (136/220) | Start: 2025-04-03 21:35:00 ---
    RMSE omega (GP): 0.029681 | RMSE omega (Sim): 0.098948
    Loss: 60.7301 | Epoch: 65
    Eq omega: 0.003441 + 0.00034theta + -0.00018omega + 0.00071theta^2 + 0.00005theta omega + -0.00032omega^2
    Eq omega Phys: -0.000122*omega**2 + 1.0e-6*omega*theta + 6.0e-6*theta + 4.4e-5
    Diffusion: theta=5.458605e-03, omega=2.860395e-05

--- Chunk 63936 (137/220) | Start: 2025-04-03 21:40:00 ---
    RMSE omega (GP): 0.009096 | RMSE omega (Sim): 0.196125
    Loss: -0.7224 | Epoch: 1189
    Eq omega: -0.012381 + -1.80719theta + 0.03906omega + 0.41210theta^2 + -0.49900theta omega + -0.01819omega^2
    Eq omega Phys: -0.004692*omega**2 - 0.00429*omega*theta + 0.005844*omega + 0.000118*theta**2 - 0.002258*theta + 0.002205
    Diffusion: theta=2.120821e-03, omega=7.474844e-05

--- Chunk 63937 (138/220) | Start: 2025-04-03 21:45:00 ---
    RMSE omega (GP): 0.010465 | RMSE omega (Sim): 0.102049
    Loss: 2.0835 | Epoch: 1096
    Eq omega: -0.015821 + -3.38049theta + 0.04577omega + -0.05585theta^2 + -0.63924theta omega + -0.05102omega^2
    Eq omega Phys: -0.016089*omega**2 - 0.00672*omega*theta + 0.006495*omega - 2.0e-5*theta**2 - 0.003727*theta + 0.002711
    Diffusion: theta=1.206143e-03, omega=7.203517e-05

--- Chunk 63938 (139/220) | Start: 2025-04-03 21:50:00 ---
    RMSE omega (GP): 0.011766 | RMSE omega (Sim): 0.121001
    Loss: 5.1985 | Epoch: 1192
    Eq omega: 0.002181 + 0.00469theta + -0.00132omega + -0.00074theta^2 + -0.00357theta omega + -0.00252omega^2
    Eq omega Phys: -0.000921*omega**2 - 4.3e-5*omega*theta - 0.000334*omega + 1.0e-6*theta + 2.8e-5
    Diffusion: theta=4.800647e-03, omega=4.902278e-05

--- Chunk 63939 (140/220) | Start: 2025-04-03 21:55:00 ---
    RMSE omega (GP): 0.010493 | RMSE omega (Sim): 0.084657
    Loss: 10.1154 | Epoch: 1629
    Eq omega: -0.003991 + -0.00259theta + 0.00080omega + -0.00013theta^2 + -0.00037theta omega + -0.00047omega^2
    Eq omega Phys: -0.000235*omega**2 - 6.0e-6*omega*theta - 5.7e-5*omega - 5.0e-6*theta - 6.1e-5
    Diffusion: theta=7.973597e-04, omega=4.663716e-05

--- Chunk 63940 (141/220) | Start: 2025-04-03 22:00:00 ---
    RMSE omega (GP): 0.010521 | RMSE omega (Sim): 0.080075
    Loss: 6.0374 | Epoch: 1901
    Eq omega: 0.004851 + -0.00450theta + -0.00373omega + 0.00023theta^2 + 0.00007theta omega + 0.00210omega^2
    Eq omega Phys: 0.000867*omega**2 + 1.0e-6*omega*theta - 0.000106*omega - 0.e-6*theta - 4.4e-5
    Diffusion: theta=9.430120e-04, omega=4.764739e-05

--- Chunk 63941 (142/220) | Start: 2025-04-03 22:05:00 ---
    RMSE omega (GP): nan | RMSE omega (Sim): nan
    Loss: 741.0494 | Epoch: 29
    Eq omega: nan1 + nantheta + nanomega + nantheta^2 + nantheta omega + nanomega^2
    Eq omega Phys: N/A
    Diffusion: theta=nan, omega=nan

--- Chunk 63942 (143/220) | Start: 2025-04-03 22:10:00 ---
    RMSE omega (GP): 0.011178 | RMSE omega (Sim): 0.057494
    Loss: 16.5615 | Epoch: 2194
    Eq omega: 0.006061 + -0.00029theta + 0.00095omega + -0.00007theta^2 + 0.00001theta omega + -0.00036omega^2
    Eq omega Phys: -0.000209*omega**2 + 3.5e-5*omega - 2.0e-6*theta - 4.0e-6
    Diffusion: theta=3.477258e-04, omega=3.082216e-05

--- Chunk 63943 (144/220) | Start: 2025-04-03 22:15:00 ---
    RMSE omega (GP): 0.009647 | RMSE omega (Sim): 0.109947
    Loss: 2.4430 | Epoch: 1226
    Eq omega: -0.001111 + -0.00053theta + 0.00159omega + 0.00024theta^2 + 0.00404theta omega + -0.00092omega^2
    Eq omega Phys: -0.000318*omega**2 + 4.7e-5*omega*theta + 6.5e-5*omega - 0.e-6*theta - 4.0e-6
    Diffusion: theta=4.435802e-04, omega=9.782862e-05

--- Chunk 63944 (145/220) | Start: 2025-04-03 22:20:00 ---
    RMSE omega (GP): 0.010030 | RMSE omega (Sim): 0.127888
    Loss: 3.3282 | Epoch: 683
    Eq omega: 0.001661 + 0.00032theta + -0.00009omega + -0.00065theta^2 + 0.00230theta omega + -0.00034omega^2
    Eq omega Phys: -0.000123*omega**2 + 2.8e-5*omega*theta + 0.000126*omega - 2.0e-6*theta + 1.0e-6
    Diffusion: theta=6.733990e-04, omega=9.159707e-05

--- Chunk 63945 (146/220) | Start: 2025-04-03 22:25:00 ---
    RMSE omega (GP): nan | RMSE omega (Sim): nan
    Loss: 524.5762 | Epoch: 33
    Eq omega: nan1 + nantheta + nanomega + nantheta^2 + nantheta omega + nanomega^2
    Eq omega Phys: N/A
    Diffusion: theta=nan, omega=nan

--- Chunk 63946 (147/220) | Start: 2025-04-03 22:30:00 ---
    RMSE omega (GP): 0.013544 | RMSE omega (Sim): 0.085264
    Loss: 5.6493 | Epoch: 1610
    Eq omega: 0.001961 + 0.00177theta + 0.00141omega + 0.00033theta^2 + -0.00020theta omega + 0.00048omega^2
    Eq omega Phys: 0.000201*omega**2 - 3.0e-6*omega*theta + 2.4e-5*omega + 5.0e-6*theta + 3.3e-5
    Diffusion: theta=3.069619e-04, omega=5.962434e-05

--- Chunk 63947 (148/220) | Start: 2025-04-03 22:35:00 ---
    RMSE omega (GP): 0.011785 | RMSE omega (Sim): 0.113007
    Loss: 6.1137 | Epoch: 1075
    Eq omega: -0.002691 + -0.00466theta + -0.00378omega + -0.00190theta^2 + 0.00951theta omega + 0.00093omega^2
    Eq omega Phys: 0.000351*omega**2 + 0.00012*omega*theta - 0.000595*omega - 0.e-6*theta**2 + 1.0e-6*theta
    Diffusion: theta=1.683958e-03, omega=4.947895e-05

--- Chunk 63948 (149/220) | Start: 2025-04-03 22:40:00 ---
    RMSE omega (GP): nan | RMSE omega (Sim): nan
    Loss: 34.3908 | Epoch: 61
    Eq omega: nan1 + nantheta + nanomega + nantheta^2 + nantheta omega + nanomega^2
    Eq omega Phys: N/A
    Diffusion: theta=nan, omega=nan

--- Chunk 63949 (150/220) | Start: 2025-04-03 22:45:00 ---
    RMSE omega (GP): 0.030901 | RMSE omega (Sim): 0.131917
    Loss: 91.2794 | Epoch: 39
    Eq omega: 0.014951 + 0.00158theta + -0.01149omega + 0.00195theta^2 + -0.00295theta omega + 0.00118omega^2
    Eq omega Phys: 0.000453*omega**2 - 3.8e-5*omega*theta - 0.000692*omega + 1.0e-6*theta**2 + 1.5e-5*theta + 0.000113
    Diffusion: theta=2.529968e-02, omega=8.998896e-05

  [Progress 150/220] Mean RMSE omega (GP): 0.015292 | (Sim): 0.115159 | Mean loss: -39666215.4884 | Valid GP: 110/150 | Valid Sim: 108/150 | Elapsed: 47.4min | ETA: 22.1min

--- Chunk 63950 (151/220) | Start: 2025-04-03 22:50:00 ---
    RMSE omega (GP): nan | RMSE omega (Sim): nan
    Loss: 50.7724 | Epoch: 45
    Eq omega: nan1 + nantheta + nanomega + nantheta^2 + nantheta omega + nanomega^2
    Eq omega Phys: N/A
    Diffusion: theta=nan, omega=nan

--- Chunk 63951 (152/220) | Start: 2025-04-03 22:55:00 ---
    RMSE omega (GP): nan | RMSE omega (Sim): nan
    Loss: 10.4786 | Epoch: 87
    Eq omega: nan1 + nantheta + nanomega + nantheta^2 + nantheta omega + nanomega^2
    Eq omega Phys: N/A
    Diffusion: theta=nan, omega=nan

--- Chunk 63952 (153/220) | Start: 2025-04-03 23:00:00 ---
    RMSE omega (GP): 0.008749 | RMSE omega (Sim): 0.086781
    Loss: 3.2470 | Epoch: 2151
    Eq omega: 0.008051 + -0.28442theta + 0.00151omega + 0.00031theta^2 + -0.00145theta omega + 0.00525omega^2
    Eq omega Phys: 0.002098*omega**2 - 1.9e-5*omega*theta + 1.8e-5*omega - 0.000316*theta - 0.000504
    Diffusion: theta=1.777949e-03, omega=5.654718e-05

--- Chunk 63953 (154/220) | Start: 2025-04-03 23:05:00 ---
    RMSE omega (GP): 0.010107 | RMSE omega (Sim): 0.262583
    Loss: 5.2450 | Epoch: 955
    Eq omega: 0.007171 + 0.00072theta + -0.00274omega + 0.00305theta^2 + 0.00018theta omega + 0.00515omega^2
    Eq omega Phys: 0.002193*omega**2 + 3.0e-6*omega*theta - 8.5e-5*omega + 1.0e-6*theta**2 + 8.0e-6*theta + 3.1e-5
    Diffusion: theta=9.850564e-04, omega=4.478264e-05

--- Chunk 63954 (155/220) | Start: 2025-04-03 23:10:00 ---
    RMSE omega (GP): nan | RMSE omega (Sim): nan
    Loss: 74.5189 | Epoch: 43
    Eq omega: nan1 + nantheta + nanomega + nantheta^2 + nantheta omega + nanomega^2
    Eq omega Phys: N/A
    Diffusion: theta=nan, omega=nan

--- Chunk 63955 (156/220) | Start: 2025-04-03 23:15:00 ---
    RMSE omega (GP): 0.009883 | RMSE omega (Sim): 0.097879
    Loss: 2.3421 | Epoch: 706
    Eq omega: 0.000941 + -0.00410theta + -0.00142omega + 0.00430theta^2 + -0.00174theta omega + -0.00189omega^2
    Eq omega Phys: -0.000664*omega**2 - 2.0e-5*omega*theta + 6.0e-6*omega + 2.0e-6*theta**2 - 1.3e-5*theta + 2.6e-5
    Diffusion: theta=3.104666e-04, omega=7.594720e-05

--- Chunk 63956 (157/220) | Start: 2025-04-03 23:20:00 ---
    RMSE omega (GP): 0.010585 | RMSE omega (Sim): 0.130908
    Loss: 4.1518 | Epoch: 613
    Eq omega: 0.001161 + -5.48195theta + -0.23796omega + 0.87371theta^2 + -0.64181theta omega + 0.01597omega^2
    Eq omega Phys: 0.005964*omega**2 - 0.00799*omega*theta - 0.033141*omega + 0.000363*theta**2 - 0.003803*theta - 0.015605
    Diffusion: theta=6.026086e-03, omega=3.480016e-05

--- Chunk 63957 (158/220) | Start: 2025-04-03 23:25:00 ---
    RMSE omega (GP): 0.011553 | RMSE omega (Sim): 0.158417
    Loss: 3.6266 | Epoch: 1435
    Eq omega: -0.028251 + -1.65089theta + -0.02020omega + -0.00215theta^2 + -0.03942theta omega + 0.00318omega^2
    Eq omega Phys: 0.001072*omega**2 - 0.000443*omega*theta - 0.002915*omega - 0.e-6*theta**2 - 0.001842*theta - 0.009399
    Diffusion: theta=4.433250e-04, omega=8.068664e-05

--- Chunk 63958 (159/220) | Start: 2025-04-03 23:30:00 ---
    RMSE omega (GP): 0.008445 | RMSE omega (Sim): 0.076891
    Loss: 5.2885 | Epoch: 1184
    Eq omega: 0.001871 + 0.00042theta + 0.00529omega + -0.00003theta^2 + 0.00029theta omega + 0.00226omega^2
    Eq omega Phys: 0.001076*omega**2 + 5.0e-6*omega*theta + 0.000243*omega + 8.0e-6
    Diffusion: theta=6.978973e-04, omega=6.057627e-05

--- Chunk 63959 (160/220) | Start: 2025-04-03 23:35:00 ---
    RMSE omega (GP): 0.009532 | RMSE omega (Sim): 0.105154
    Loss: 0.8712 | Epoch: 1126
    Eq omega: 0.000911 + -0.01470theta + 0.00148omega + 0.01560theta^2 + 0.00124theta omega + 0.00330omega^2
    Eq omega Phys: 0.001038*omega**2 + 1.3e-5*omega*theta + 5.3e-5*omega + 5.0e-6*theta**2 - 1.3e-5*theta - 0.e-6
    Diffusion: theta=3.318310e-04, omega=6.211786e-05

--- Chunk 63960 (161/220) | Start: 2025-04-03 23:40:00 ---
    RMSE omega (GP): 0.010944 | RMSE omega (Sim): 0.128328
    Loss: 1.2477 | Epoch: 1174
    Eq omega: -0.000671 + -0.27142theta + 0.00334omega + -0.00692theta^2 + 0.01548theta omega + -0.02045omega^2
    Eq omega Phys: -0.006068*omega**2 + 0.000153*omega*theta - 0.001105*omega - 2.0e-6*theta**2 - 0.000265*theta + 0.002249
    Diffusion: theta=3.808543e-03, omega=6.201071e-05

--- Chunk 63961 (162/220) | Start: 2025-04-03 23:45:00 ---
    RMSE omega (GP): nan | RMSE omega (Sim): nan
    Loss: 4690.7686 | Epoch: 16
    Eq omega: nan1 + nantheta + nanomega + nantheta^2 + nantheta omega + nanomega^2
    Eq omega Phys: N/A
    Diffusion: theta=nan, omega=nan

--- Chunk 63962 (163/220) | Start: 2025-04-03 23:50:00 ---
    RMSE omega (GP): 0.011068 | RMSE omega (Sim): 0.097803
    Loss: 11.5251 | Epoch: 1048
    Eq omega: -0.000241 + 0.00018theta + -0.00140omega + 0.00019theta^2 + -0.00011theta omega + -0.00079omega^2
    Eq omega Phys: -0.000375*omega**2 - 2.0e-6*omega*theta - 8.0e-6*omega - 4.0e-6*theta + 4.5e-5
    Diffusion: theta=1.401206e-03, omega=3.532051e-05

--- Chunk 63963 (164/220) | Start: 2025-04-03 23:55:00 ---
    RMSE omega (GP): 0.011941 | RMSE omega (Sim): 0.297715
    Loss: 1.3628 | Epoch: 750
    Eq omega: 0.025501 + -0.76180theta + 0.00864omega + -0.30474theta^2 + 0.02227theta omega + 0.27432omega^2
    Eq omega Phys: 0.073016*omega**2 + 0.000198*omega*theta - 0.001383*omega - 9.0e-5*theta**2 + 0.000678*theta + 0.000819
    Diffusion: theta=9.699686e-04, omega=6.103465e-05

--- Chunk 63964 (165/220) | Start: 2025-04-04 00:00:00 ---
    RMSE omega (GP): nan | RMSE omega (Sim): nan
    Loss: 1473.7953 | Epoch: 20
    Eq omega: nan1 + nantheta + nanomega + nantheta^2 + nantheta omega + nanomega^2
    Eq omega Phys: N/A
    Diffusion: theta=nan, omega=nan

--- Chunk 63965 (166/220) | Start: 2025-04-04 00:05:00 ---
    RMSE omega (GP): nan | RMSE omega (Sim): nan
    Loss: 1065.1919 | Epoch: 40
    Eq omega: nan1 + nantheta + nanomega + nantheta^2 + nantheta omega + nanomega^2
    Eq omega Phys: N/A
    Diffusion: theta=nan, omega=nan

--- Chunk 63966 (167/220) | Start: 2025-04-04 00:10:00 ---
    RMSE omega (GP): 0.007989 | RMSE omega (Sim): 0.088475
    Loss: 1.1986 | Epoch: 1520
    Eq omega: -0.001001 + -0.00003theta + 0.00060omega + -0.00169theta^2 + -0.00331theta omega + -0.00028omega^2
    Eq omega Phys: -0.000107*omega**2 - 4.2e-5*omega*theta + 0.000436*omega - 0.e-6*theta**2 + 1.4e-5*theta - 7.3e-5
    Diffusion: theta=1.610043e-03, omega=4.162141e-05

--- Chunk 63967 (168/220) | Start: 2025-04-04 00:15:00 ---
    RMSE omega (GP): 0.014012 | RMSE omega (Sim): 0.069503
    Loss: 27.3021 | Epoch: 1427
    Eq omega: -0.001701 + 0.00002theta + 0.00115omega + 0.00000theta^2 + -0.00005theta omega + -0.00046omega^2
    Eq omega Phys: -0.000285*omega**2 - 1.0e-6*omega*theta + 5.7e-5*omega - 3.0e-6
    Diffusion: theta=1.863093e-03, omega=1.303533e-05

--- Chunk 63968 (169/220) | Start: 2025-04-04 00:20:00 ---
    RMSE omega (GP): 0.021836 | RMSE omega (Sim): 0.074974
    Loss: 76.1613 | Epoch: 605
    Eq omega: 0.004211 + -0.00250theta + 0.00423omega + 0.00006theta^2 + -0.00033theta omega + 0.00001omega^2
    Eq omega Phys: 5.0e-6*omega**2 - 6.0e-6*omega*theta + 0.000334*omega - 5.0e-6*theta + 0.000137
    Diffusion: theta=6.234797e-01, omega=7.535614e-04

--- Chunk 63969 (170/220) | Start: 2025-04-04 00:25:00 ---
    RMSE omega (GP): 0.017613 | RMSE omega (Sim): 0.056247
    Loss: 98.5367 | Epoch: 721
    Eq omega: -0.000001 + 0.00001theta + -0.00029omega + 0.00000theta^2 + -0.00000theta omega + 0.00002omega^2
    Eq omega Phys: 1.6e-5*omega**2 - 1.0e-5*omega
    Diffusion: theta=1.145294e-03, omega=4.747651e-06

--- Chunk 63970 (171/220) | Start: 2025-04-04 00:30:00 ---
    RMSE omega (GP): 0.019664 | RMSE omega (Sim): 0.032252
    Loss: 116.6836 | Epoch: 2033
    Eq omega: -0.015811 + 0.00028theta + -0.01537omega + -0.00074theta^2 + -0.00011theta omega + -0.00031omega^2
    Eq omega Phys: -0.000251*omega**2 - 3.0e-6*omega*theta - 0.000428*omega - 0.e-6*theta**2 + 3.8e-5*theta - 0.000567
    Diffusion: theta=2.069057e-03, omega=2.696275e-06

--- Chunk 63971 (172/220) | Start: 2025-04-04 00:35:00 ---
    RMSE omega (GP): 0.044059 | RMSE omega (Sim): 0.289660
    Loss: 61.3259 | Epoch: 56
    Eq omega: -0.008321 + -0.00363theta + 0.00241omega + -0.00056theta^2 + 0.00038theta omega + -0.00056omega^2
    Eq omega Phys: -0.00014*omega**2 + 3.0e-6*omega*theta + 0.000127*omega - 9.0e-6*theta - 0.000131
    Diffusion: theta=1.594432e-02, omega=2.371808e-05

--- Chunk 63972 (173/220) | Start: 2025-04-04 00:40:00 ---
    RMSE omega (GP): nan | RMSE omega (Sim): nan
    Loss: 94.2739 | Epoch: 138
    Eq omega: nan1 + nantheta + nanomega + nantheta^2 + nantheta omega + nanomega^2
    Eq omega Phys: N/A
    Diffusion: theta=nan, omega=nan

--- Chunk 63973 (174/220) | Start: 2025-04-04 00:45:00 ---
    RMSE omega (GP): 0.011871 | RMSE omega (Sim): 0.082049
    Loss: 11.3848 | Epoch: 2786
    Eq omega: 0.001221 + -0.00004theta + -0.00036omega + 0.00003theta^2 + -0.00004theta omega + 0.00005omega^2
    Eq omega Phys: 2.3e-5*omega**2 - 0.e-6*omega*theta - 2.5e-5*omega + 1.0e-6*theta + 8.0e-6
    Diffusion: theta=6.761650e-03, omega=3.050995e-05

--- Chunk 63974 (175/220) | Start: 2025-04-04 00:50:00 ---
    RMSE omega (GP): 0.009372 | RMSE omega (Sim): 0.150329
    Loss: 1.7629 | Epoch: 1932
    Eq omega: -0.002611 + -0.00254theta + -0.00270omega + -0.00025theta^2 + -0.00029theta omega + -0.00014omega^2
    Eq omega Phys: -4.9e-5*omega**2 - 3.0e-6*omega*theta - 0.000123*omega - 5.0e-6*theta - 4.5e-5
    Diffusion: theta=1.589983e-03, omega=4.229207e-05

--- Chunk 63975 (176/220) | Start: 2025-04-04 00:55:00 ---
    RMSE omega (GP): 0.066848 | RMSE omega (Sim): 0.087695
    Loss: 425.5033 | Epoch: 75
    Eq omega: -0.007181 + -0.00147theta + -0.00818omega + -0.00021theta^2 + -0.00127theta omega + -0.00401omega^2
    Eq omega Phys: -0.001694*omega**2 - 1.8e-5*omega*theta - 1.7e-5*omega + 1.0e-6*theta - 1.6e-5
    Diffusion: theta=nan, omega=nan

--- Chunk 63976 (177/220) | Start: 2025-04-04 01:00:00 ---
    RMSE omega (GP): nan | RMSE omega (Sim): nan
    Loss: 151.1251 | Epoch: 31
    Eq omega: nan1 + nantheta + nanomega + nantheta^2 + nantheta omega + nanomega^2
    Eq omega Phys: N/A
    Diffusion: theta=nan, omega=nan

--- Chunk 63977 (178/220) | Start: 2025-04-04 01:05:00 ---
    RMSE omega (GP): 0.009183 | RMSE omega (Sim): 0.099009
    Loss: 1.8656 | Epoch: 2039
    Eq omega: 0.005501 + 0.00003theta + -0.01027omega + -0.00002theta^2 + 0.00213theta omega + -0.00093omega^2
    Eq omega Phys: -0.000325*omega**2 + 2.5e-5*omega*theta - 0.000546*omega + 1.7e-5
    Diffusion: theta=4.134232e-04, omega=5.200545e-05

--- Chunk 63978 (179/220) | Start: 2025-04-04 01:10:00 ---
    RMSE omega (GP): 0.008117 | RMSE omega (Sim): 0.103598
    Loss: 4.5485 | Epoch: 2184
    Eq omega: -0.000161 + -0.00030theta + 0.00322omega + -0.00016theta^2 + 0.00062theta omega + -0.00061omega^2
    Eq omega Phys: -0.000284*omega**2 + 1.0e-5*omega*theta - 8.7e-5*omega + 3.0e-6*theta - 2.7e-5
    Diffusion: theta=3.333889e-04, omega=3.375691e-05

--- Chunk 63979 (180/220) | Start: 2025-04-04 01:15:00 ---
    RMSE omega (GP): 0.008651 | RMSE omega (Sim): 0.084850
    Loss: 2.6928 | Epoch: 1785
    Eq omega: 0.000051 + 0.00005theta + 0.00537omega + 0.00021theta^2 + 0.00013theta omega + -0.00162omega^2
    Eq omega Phys: -0.000647*omega**2 + 2.0e-6*omega*theta + 0.000161*omega - 2.0e-6*theta + 9.0e-6
    Diffusion: theta=1.794346e-03, omega=5.350141e-05

--- Chunk 63980 (181/220) | Start: 2025-04-04 01:20:00 ---
    RMSE omega (GP): 0.009699 | RMSE omega (Sim): 0.092620
    Loss: 3.6763 | Epoch: 926
    Eq omega: 0.006411 + -0.00629theta + 0.00193omega + -0.00118theta^2 + 0.00002theta omega + -0.00020omega^2
    Eq omega Phys: -7.8e-5*omega**2 + 6.3e-5*omega - 0.e-6*theta**2 - 2.0e-6*theta + 4.0e-5
    Diffusion: theta=3.078639e-04, omega=6.645537e-05

--- Chunk 63981 (182/220) | Start: 2025-04-04 01:25:00 ---
    RMSE omega (GP): nan | RMSE omega (Sim): nan
    Loss: 50.8686 | Epoch: 53
    Eq omega: nan1 + nantheta + nanomega + nantheta^2 + nantheta omega + nanomega^2
    Eq omega Phys: N/A
    Diffusion: theta=nan, omega=nan

--- Chunk 63982 (183/220) | Start: 2025-04-04 01:30:00 ---
    RMSE omega (GP): 0.009466 | RMSE omega (Sim): 0.072070
    Loss: 9.4443 | Epoch: 1445
    Eq omega: -0.007601 + -0.00042theta + -0.00052omega + -0.00006theta^2 + 0.00002theta omega + -0.00018omega^2
    Eq omega Phys: -9.9e-5*omega**2 - 2.3e-5*omega + 1.0e-6*theta - 1.7e-5
    Diffusion: theta=2.849716e-04, omega=2.843786e-05

--- Chunk 63983 (184/220) | Start: 2025-04-04 01:35:00 ---
    RMSE omega (GP): 0.055104 | RMSE omega (Sim): 0.141791
    Loss: 174.4678 | Epoch: 29
    Eq omega: -0.001171 + -0.00231theta + -0.00075omega + -0.00001theta^2 + -0.00013theta omega + 0.00006omega^2
    Eq omega Phys: 1.7e-5*omega**2 - 1.0e-6*omega*theta - 6.0e-6*omega - 2.0e-6*theta + 3.4e-5
    Diffusion: theta=1.920553e-02, omega=7.637727e-05

--- Chunk 63984 (185/220) | Start: 2025-04-04 01:40:00 ---
    RMSE omega (GP): 0.047929 | RMSE omega (Sim): 0.088345
    Loss: 231.6123 | Epoch: 571
    Eq omega: -0.001621 + -0.00001theta + -0.00404omega + -0.00012theta^2 + 0.00005theta omega + -0.00027omega^2
    Eq omega Phys: -0.000116*omega**2 + 1.0e-6*omega*theta - 0.000147*omega + 2.0e-6*theta - 2.1e-5
    Diffusion: theta=8.373261e-02, omega=9.949355e-05

--- Chunk 63985 (186/220) | Start: 2025-04-04 01:45:00 ---
    RMSE omega (GP): 0.010477 | RMSE omega (Sim): 0.077126
    Loss: 19.5989 | Epoch: 1403
    Eq omega: 0.001501 + -0.00259theta + -0.00458omega + -0.00007theta^2 + 0.00033theta omega + -0.00111omega^2
    Eq omega Phys: -0.000753*omega**2 + 7.0e-6*omega*theta - 0.000276*omega - 1.0e-6*theta + 3.6e-5
    Diffusion: theta=7.341843e-04, omega=3.000520e-05

--- Chunk 63986 (187/220) | Start: 2025-04-04 01:50:00 ---
    RMSE omega (GP): 0.010104 | RMSE omega (Sim): 0.086336
    Loss: 5.2781 | Epoch: 2159
    Eq omega: -0.024691 + 0.00007theta + -0.01338omega + -0.00005theta^2 + -0.00004theta omega + -0.00247omega^2
    Eq omega Phys: -0.001032*omega**2 - 0.e-6*omega*theta - 0.000439*omega + 1.0e-6*theta - 7.0e-5
    Diffusion: theta=3.018181e-03, omega=4.214151e-05

--- Chunk 63987 (188/220) | Start: 2025-04-04 01:55:00 ---
    RMSE omega (GP): 0.051633 | RMSE omega (Sim): 0.090318
    Loss: 259.3965 | Epoch: 651
    Eq omega: -0.009191 + -0.00071theta + -0.00347omega + -0.00052theta^2 + 0.00027theta omega + -0.00466omega^2
    Eq omega Phys: -0.002038*omega**2 + 4.0e-6*omega*theta - 0.000166*omega + 6.0e-6*theta - 5.5e-5
    Diffusion: theta=4.104100e-01, omega=4.205607e-04

--- Chunk 63988 (189/220) | Start: 2025-04-04 02:00:00 ---
    RMSE omega (GP): 0.022872 | RMSE omega (Sim): 0.128475
    Loss: 334.4369 | Epoch: 408
    Eq omega: 0.000151 + 0.00000theta + 0.00032omega + 0.00000theta^2 + 0.00000theta omega + 0.00001omega^2
    Eq omega Phys: 9.0e-6*omega**2 + 1.1e-5*omega
    Diffusion: theta=4.929535e+00, omega=6.128388e-03

--- Chunk 63989 (190/220) | Start: 2025-04-04 02:05:00 ---
    RMSE omega (GP): 0.009868 | RMSE omega (Sim): 0.161895
    Loss: 1.1087 | Epoch: 945
    Eq omega: -0.003871 + -0.57144theta + -0.04677omega + 0.00072theta^2 + -0.00208theta omega + -0.01908omega^2
    Eq omega Phys: -0.005929*omega**2 - 2.2e-5*omega*theta - 0.001508*omega - 0.000636*theta + 0.001476
    Diffusion: theta=3.372464e-04, omega=6.599752e-05

--- Chunk 63990 (191/220) | Start: 2025-04-04 02:10:00 ---
    RMSE omega (GP): 0.009101 | RMSE omega (Sim): 0.137436
    Loss: -1.5463 | Epoch: 1183
    Eq omega: 0.005921 + -0.42686theta + -0.00082omega + 0.00146theta^2 + 0.25663theta omega + -0.00440omega^2
    Eq omega Phys: -0.000984*omega**2 + 0.001913*omega*theta + 0.010299*omega - 0.00047*theta - 0.00252
    Diffusion: theta=2.278969e-03, omega=1.041331e-04

--- Chunk 63991 (192/220) | Start: 2025-04-04 02:15:00 ---
    RMSE omega (GP): 0.009814 | RMSE omega (Sim): 0.169644
    Loss: -1.3003 | Epoch: 1017
    Eq omega: 0.106401 + -1.26782theta + -0.03552omega + -0.37192theta^2 + 0.03710theta omega + -0.01731omega^2
    Eq omega Phys: -0.00389*omega**2 + 0.000278*omega*theta - 0.004542*omega - 9.3e-5*theta**2 + 0.000835*theta + 0.00399
    Diffusion: theta=7.174850e-04, omega=8.110332e-05

--- Chunk 63992 (193/220) | Start: 2025-04-04 02:20:00 ---
    RMSE omega (GP): nan | RMSE omega (Sim): nan
    Loss: 604.7576 | Epoch: 16
    Eq omega: nan1 + nantheta + nanomega + nantheta^2 + nantheta omega + nanomega^2
    Eq omega Phys: N/A
    Diffusion: theta=nan, omega=nan

--- Chunk 63993 (194/220) | Start: 2025-04-04 02:25:00 ---
    RMSE omega (GP): nan | RMSE omega (Sim): nan
    Loss: 214.9817 | Epoch: 17
    Eq omega: nan1 + nantheta + nanomega + nantheta^2 + nantheta omega + nanomega^2
    Eq omega Phys: N/A
    Diffusion: theta=nan, omega=nan

--- Chunk 63994 (195/220) | Start: 2025-04-04 02:30:00 ---
    RMSE omega (GP): 0.009936 | RMSE omega (Sim): 0.145332
    Loss: 0.9359 | Epoch: 1624
    Eq omega: 0.001871 + -0.00261theta + 0.00358omega + -0.00065theta^2 + -0.00012theta omega + 0.00092omega^2
    Eq omega Phys: 0.000302*omega**2 - 1.0e-6*omega*theta + 9.4e-5*omega - 1.2e-5*theta - 0.000133
    Diffusion: theta=2.921742e-04, omega=6.528978e-05

--- Chunk 63995 (196/220) | Start: 2025-04-04 02:35:00 ---
    RMSE omega (GP): 0.008863 | RMSE omega (Sim): 0.146788
    Loss: -0.9104 | Epoch: 905
    Eq omega: 0.006001 + -0.74830theta + -0.00375omega + -0.00966theta^2 + 0.00378theta omega + 0.01359omega^2
    Eq omega Phys: 0.00347*omega**2 + 3.2e-5*omega*theta + 4.3e-5*omega - 3.0e-6*theta**2 - 0.00086*theta - 0.004394
    Diffusion: theta=1.057941e-03, omega=6.102929e-05

--- Chunk 63996 (197/220) | Start: 2025-04-04 02:40:00 ---
    RMSE omega (GP): 0.012547 | RMSE omega (Sim): 0.123567
    Loss: 2.1434 | Epoch: 877
    Eq omega: -0.001341 + 0.00013theta + -0.01294omega + 0.00070theta^2 + 0.00059theta omega + 0.00060omega^2
    Eq omega Phys: 0.000168*omega**2 + 6.0e-6*omega*theta - 0.000436*omega - 5.0e-6
    Diffusion: theta=3.884132e-04, omega=8.116334e-05

--- Chunk 63997 (198/220) | Start: 2025-04-04 02:45:00 ---
    RMSE omega (GP): 0.025227 | RMSE omega (Sim): 0.132337
    Loss: -1195.2747 | Epoch: 792
    Eq omega: -0.005841 + -0.00101theta + -0.00222omega + 0.00078theta^2 + 0.00045theta omega + 0.00334omega^2
    Eq omega Phys: 0.000885*omega**2 + 4.0e-6*omega*theta - 0.000144*omega - 9.0e-6*theta + 6.6e-5
    Diffusion: theta=1.021936e+00, omega=1.090665e-03

--- Chunk 63998 (199/220) | Start: 2025-04-04 02:50:00 ---
    RMSE omega (GP): 0.010372 | RMSE omega (Sim): 0.067480
    Loss: 14.4339 | Epoch: 4993
    Eq omega: 0.012931 + -0.00023theta + -0.00012omega + -0.00003theta^2 + 0.00000theta omega + -0.00002omega^2
    Eq omega Phys: -1.2e-5*omega**2 - 4.0e-6*omega + 1.0e-6*theta + 6.0e-6
    Diffusion: theta=2.489116e-03, omega=2.203265e-05

--- Chunk 63999 (200/220) | Start: 2025-04-04 02:55:00 ---
    RMSE omega (GP): nan | RMSE omega (Sim): nan
    Loss: 677.0237 | Epoch: 38
    Eq omega: nan1 + nantheta + nanomega + nantheta^2 + nantheta omega + nanomega^2
    Eq omega Phys: N/A
    Diffusion: theta=nan, omega=nan

  [Progress 200/220] Mean RMSE omega (GP): 0.015792 | (Sim): 0.116163 | Mean loss: -29749612.1966 | Valid GP: 148/200 | Valid Sim: 146/200 | Elapsed: 63.9min | ETA: 6.4min

--- Chunk 64000 (201/220) | Start: 2025-04-04 03:00:00 ---
    RMSE omega (GP): 0.009555 | RMSE omega (Sim): 0.170228
    Loss: -0.7971 | Epoch: 915
    Eq omega: 0.004551 + 0.00064theta + -0.00316omega + -0.00330theta^2 + 0.00208theta omega + 0.00018omega^2
    Eq omega Phys: 4.4e-5*omega**2 + 1.7e-5*omega*theta - 0.000276*omega - 0.e-6*theta**2 + 1.9e-5*theta - 7.8e-5
    Diffusion: theta=2.150494e-03, omega=8.237029e-05

--- Chunk 64001 (202/220) | Start: 2025-04-04 03:05:00 ---
    RMSE omega (GP): 0.008929 | RMSE omega (Sim): 0.119143
    Loss: 0.8125 | Epoch: 843
    Eq omega: -0.004471 + -0.01789theta + 0.00043omega + 0.00053theta^2 + 0.00840theta omega + 0.00230omega^2
    Eq omega Phys: 0.000749*omega**2 + 9.1e-5*omega*theta + 0.000609*omega - 1.7e-5*theta - 0.000137
    Diffusion: theta=5.119856e-04, omega=8.649593e-05

--- Chunk 64002 (203/220) | Start: 2025-04-04 03:10:00 ---
    RMSE omega (GP): 0.008828 | RMSE omega (Sim): 0.162115
    Loss: 0.9980 | Epoch: 1473
    Eq omega: 0.005591 + -3.09079theta + -0.00357omega + 0.10953theta^2 + -0.09780theta omega + -0.00396omega^2
    Eq omega Phys: -0.001416*omega**2 - 0.001165*omega*theta + 0.003233*omega + 4.4e-5*theta**2 - 0.003684*theta + 0.010255
    Diffusion: theta=2.041423e-04, omega=4.443166e-05

--- Chunk 64003 (204/220) | Start: 2025-04-04 03:15:00 ---
    RMSE omega (GP): 0.011454 | RMSE omega (Sim): 0.230375
    Loss: 6.5312 | Epoch: 2754
    Eq omega: 0.004431 + -0.00009theta + 0.00078omega + 0.00004theta^2 + -0.00001theta omega + 0.00189omega^2
    Eq omega Phys: 0.000754*omega**2 + 2.9e-5*omega - 0.e-6*theta + 2.1e-5
    Diffusion: theta=1.564039e-03, omega=2.589213e-05

--- Chunk 64004 (205/220) | Start: 2025-04-04 03:20:00 ---
    RMSE omega (GP): 0.010082 | RMSE omega (Sim): 0.257647
    Loss: 1.4667 | Epoch: 835
    Eq omega: 0.001121 + -0.00880theta + -0.00062omega + 0.00233theta^2 + 0.00304theta omega + -0.00019omega^2
    Eq omega Phys: -5.9e-5*omega**2 + 3.2e-5*omega*theta - 5.6e-5*omega + 1.0e-6*theta**2 - 1.2e-5*theta + 1.6e-5
    Diffusion: theta=4.470644e-04, omega=9.538989e-05

--- Chunk 64005 (206/220) | Start: 2025-04-04 03:25:00 ---
    RMSE omega (GP): 0.015303 | RMSE omega (Sim): 0.138972
    Loss: 3.1273 | Epoch: 857
    Eq omega: -0.457051 + -1.86543theta + 0.03519omega + 0.62567theta^2 + 0.14952theta omega + 0.03963omega^2
    Eq omega Phys: 0.010118*omega**2 + 0.001272*omega*theta + 0.002632*omega + 0.000177*theta**2 - 0.001666*theta - 0.004133
    Diffusion: theta=1.077412e-03, omega=4.146745e-05

--- Chunk 64006 (207/220) | Start: 2025-04-04 03:30:00 ---
    RMSE omega (GP): 0.008567 | RMSE omega (Sim): 0.131471
    Loss: 8.5341 | Epoch: 1636
    Eq omega: -0.000041 + -0.00007theta + 0.00014omega + 0.00003theta^2 + -0.00010theta omega + -0.00001omega^2
    Eq omega Phys: -6.0e-6*omega**2 - 2.0e-6*omega*theta + 3.1e-5*omega - 0.e-6*theta + 4.0e-6
    Diffusion: theta=1.183269e-03, omega=2.338876e-05

--- Chunk 64007 (208/220) | Start: 2025-04-04 03:35:00 ---
    RMSE omega (GP): 0.007636 | RMSE omega (Sim): 0.135704
    Loss: 1.0395 | Epoch: 1064
    Eq omega: 0.000871 + 0.00266theta + -0.00044omega + -0.00023theta^2 + -0.00084theta omega + -0.00099omega^2
    Eq omega Phys: -0.000392*omega**2 - 1.1e-5*omega*theta + 8.2e-5*omega + 5.0e-6*theta - 3.1e-5
    Diffusion: theta=2.914247e-04, omega=4.421326e-05

--- Chunk 64008 (209/220) | Start: 2025-04-04 03:40:00 ---
    RMSE omega (GP): nan | RMSE omega (Sim): nan
    Loss: 200.9733 | Epoch: 29
    Eq omega: nan1 + nantheta + nanomega + nantheta^2 + nantheta omega + nanomega^2
    Eq omega Phys: N/A
    Diffusion: theta=nan, omega=nan

--- Chunk 64009 (210/220) | Start: 2025-04-04 03:45:00 ---
    RMSE omega (GP): 0.008744 | RMSE omega (Sim): 0.155193
    Loss: 2.2538 | Epoch: 960
    Eq omega: -0.001281 + -0.00215theta + 0.00136omega + -0.00066theta^2 + 0.00048theta omega + 0.00052omega^2
    Eq omega Phys: 0.000206*omega**2 + 6.0e-6*omega*theta - 4.1e-5*omega + 6.0e-6*theta - 2.5e-5
    Diffusion: theta=1.565485e-03, omega=4.143590e-05

--- Chunk 64010 (211/220) | Start: 2025-04-04 03:50:00 ---
    RMSE omega (GP): 0.010374 | RMSE omega (Sim): 0.154155
    Loss: 1.5805 | Epoch: 1199
    Eq omega: 0.059481 + -1.89019theta + -0.00297omega + 0.13289theta^2 + -0.01385theta omega + 0.01184omega^2
    Eq omega Phys: 0.003855*omega**2 - 0.00015*omega*theta - 0.000763*omega + 4.8e-5*theta**2 - 0.001675*theta - 0.008139
    Diffusion: theta=5.592602e-04, omega=5.654154e-05

--- Chunk 64011 (212/220) | Start: 2025-04-04 03:55:00 ---
    RMSE omega (GP): 0.012517 | RMSE omega (Sim): 0.122688
    Loss: 2.5936 | Epoch: 994
    Eq omega: -0.010901 + -0.87075theta + 0.01172omega + 0.00439theta^2 + 0.01042theta omega + 0.00404omega^2
    Eq omega Phys: 0.001108*omega**2 + 9.5e-5*omega*theta + 0.000458*omega + 1.0e-6*theta**2 - 0.000966*theta - 0.000726
    Diffusion: theta=8.245707e-03, omega=6.615071e-05

--- Chunk 64012 (213/220) | Start: 2025-04-04 04:00:00 ---
    RMSE omega (GP): 0.018462 | RMSE omega (Sim): 0.178828
    Loss: 6.6586 | Epoch: 98
    Eq omega: 0.009301 + -0.17136theta + -0.00461omega + 0.00258theta^2 + -0.00083theta omega + -0.00075omega^2
    Eq omega Phys: -0.000177*omega**2 - 7.0e-6*omega*theta - 0.000123*omega + 1.0e-6*theta**2 - 0.000197*theta + 0.000944
    Diffusion: theta=8.231271e-03, omega=5.607255e-05

--- Chunk 64013 (214/220) | Start: 2025-04-04 04:05:00 ---
    RMSE omega (GP): nan | RMSE omega (Sim): nan
    Loss: 47.9395 | Epoch: 68
    Eq omega: nan1 + nantheta + nanomega + nantheta^2 + nantheta omega + nanomega^2
    Eq omega Phys: N/A
    Diffusion: theta=nan, omega=nan

--- Chunk 64014 (215/220) | Start: 2025-04-04 04:10:00 ---
    RMSE omega (GP): 0.012804 | RMSE omega (Sim): 0.135084
    Loss: 3.8738 | Epoch: 870
    Eq omega: 0.016691 + -0.43367theta + 0.00484omega + -0.00010theta^2 + -0.00125theta omega + 0.00947omega^2
    Eq omega Phys: 0.002934*omega**2 - 1.3e-5*omega*theta + 1.9e-5*omega - 0.000483*theta - 0.005265
    Diffusion: theta=5.022166e-04, omega=5.059845e-05

--- Chunk 64015 (216/220) | Start: 2025-04-04 04:15:00 ---
    RMSE omega (GP): 0.010900 | RMSE omega (Sim): 0.082108
    Loss: 9.0136 | Epoch: 1979
    Eq omega: -0.003131 + -0.00003theta + -0.01330omega + -0.00014theta^2 + -0.00001theta omega + -0.00281omega^2
    Eq omega Phys: -0.001284*omega**2 - 0.00044*omega + 3.0e-6*theta - 4.6e-5
    Diffusion: theta=3.391844e-04, omega=3.728662e-05

--- Chunk 64016 (217/220) | Start: 2025-04-04 04:20:00 ---
    RMSE omega (GP): 0.009230 | RMSE omega (Sim): nan
    Loss: 1.1050 | Epoch: 1473
    Eq omega: 0.004661 + -0.11117theta + -0.03376omega + 0.12680theta^2 + 0.00366theta omega + -0.01797omega^2
    Eq omega Phys: -0.005965*omega**2 + 4.0e-5*omega*theta - 0.001531*omega + 4.7e-5*theta**2 - 0.001061*theta + 0.005951
    Diffusion: theta=2.085254e-03, omega=4.328282e-05

--- Chunk 64017 (218/220) | Start: 2025-04-04 04:25:00 ---
    RMSE omega (GP): 0.011620 | RMSE omega (Sim): 0.213463
    Loss: 1.8285 | Epoch: 1421
    Eq omega: 0.000311 + -2.31773theta + -0.00801omega + 0.37951theta^2 + 0.71775theta omega + -0.29568omega^2
    Eq omega Phys: -0.085659*omega**2 + 0.006931*omega*theta - 0.040575*omega + 0.000122*theta**2 - 0.003996*theta + 0.019109
    Diffusion: theta=8.129478e-04, omega=1.183464e-04

--- Chunk 64018 (219/220) | Start: 2025-04-04 04:30:00 ---
    RMSE omega (GP): nan | RMSE omega (Sim): nan
    Loss: 189.2888 | Epoch: 38
    Eq omega: nan1 + nantheta + nanomega + nantheta^2 + nantheta omega + nanomega^2
    Eq omega Phys: N/A
    Diffusion: theta=nan, omega=nan

--- Chunk 64019 (220/220) | Start: 2025-04-04 04:35:00 ---
    RMSE omega (GP): 0.013225 | RMSE omega (Sim): 0.160698
    Loss: 7.2309 | Epoch: 1108
    Eq omega: 0.006731 + -0.30043theta + -0.00527omega + 0.02226theta^2 + 0.00418theta omega + -0.00343omega^2
    Eq omega Phys: -0.001184*omega**2 + 4.8e-5*omega*theta - 0.000383*omega + 9.0e-6*theta**2 - 0.000407*theta + 0.001617
    Diffusion: theta=3.959594e-03, omega=5.092103e-05

  [Progress 220/220] Mean RMSE omega (GP): 0.015306 | (Sim): 0.120418 | Mean loss: -27045099.7422 | Valid GP: 165/220 | Valid Sim: 162/220 | Elapsed: 70.9min | ETA: 0.0min

============================================================
EVALUATION COMPLETE — Chunks [63800, 64019]
============================================================
Chunks processed: 220
Chunks succeeded GP:  165 (75.0%)
Chunks succeeded Sim: 162 (73.6%)
Mean GP RMSE omega:   0.015306 ± 0.011139
Mean SIM RMSE omega:  0.120418 ± 0.056756
Mean Loss:            -27045099.7422 ± 400238978.2093
Elapsed time:     70.9 minutes

Per-chunk CSV: /pfs/data6/home/ka/ka_iai/ka_bj2362/dsr/svise/results_5min_all_chunks/run_SLURM_3733209_combo38/chunks_63800_to_64019_20260323_035706.csv
Summary JSON:  /pfs/data6/home/ka/ka_iai/ka_bj2362/dsr/svise/results_5min_all_chunks/run_SLURM_3733209_combo38/summary_63800_to_64019_20260323_035706.json
============================================================

============================= JOB FEEDBACK =============================

NodeName=uc3n094
Job ID: 3733557
Array Job ID: 3733209_290
Cluster: uc3
User/Group: ka_bj2362/ka_iai
State: COMPLETED (exit code 0)
Nodes: 1
Cores per node: 4
CPU Utilized: 01:10:35
CPU Efficiency: 24.77% of 04:45:00 core-walltime
Job Wall-clock time: 01:11:15
Memory Utilized: 3.12 GB
Memory Efficiency: 26.03% of 12.00 GB (12.00 GB/node)
