Array task 234: processing chunks 51480 to 51699
Loading data from /pfs/data6/home/ka/ka_iai/ka_bj2362/dsr/svise/../dataset/South_Korea_2024-08-15_2025-08-31_1s.parquet...
Finding all valid 5-minute chunks in the dataset...
Found 107059 valid 5-minute chunks in total.

============================================================
SVISE FINAL EVALUATION — ALL CHUNKS
============================================================
Hyperparameters: {
  "model": "integrator",
  "sigma": 0,
  "degree": 2,
  "tau": 1e-05,
  "lr": 0.1,
  "n_tau": 50,
  "measurement_noise": 0.001,
  "n_reparam_samples": 15
}
Total valid chunks in dataset: 107059
Processing chunk range: [51480, 51699] (220 chunks)
Early stopping: patience=300, max_epochs=10000
============================================================


--- Chunk 51480 (1/220) | Start: 2025-02-19 09:45:00 ---
/pfs/data6/home/ka/ka_iai/ka_bj2362/dsr/svise/svise/sde_learning/_marginal_sde.py:284: UserWarning: torch.triangular_solve is deprecated in favor of torch.linalg.solve_triangularand will be removed in a future PyTorch release.
torch.linalg.solve_triangular has its arguments reversed and does not return a copy of one of the inputs.
X = torch.triangular_solve(B, A).solution
should be replaced with
X = torch.linalg.solve_triangular(A, B). (Triggered internally at ../aten/src/ATen/native/BatchLinearAlgebra.cpp:2192.)
  return torch.triangular_solve(self.raw_w, self.C.t()).solution
/pfs/data6/home/ka/ka_iai/ka_bj2362/dsr/svise/svise/quadrature/_unbiased_quadrature.py:196: UserWarning: Interp is nan, reducing interp degree.
  warnings.warn("Interp is nan, reducing interp degree.")
    RMSE omega (GP): 0.009035 | RMSE omega (Sim): 0.074713
    Loss: 5.0452 | Epoch: 697
    Eq omega: -0.000401 + -0.00178theta + -0.00132omega + 0.00139theta^2 + 0.00183theta omega + 0.00026omega^2
    Eq omega Phys: 0.000119*omega**2 + 2.8e-5*omega*theta - 0.000224*omega + 1.0e-6*theta**2 - 1.1e-5*theta + 4.1e-5
    Diffusion: theta=6.900885e-04, omega=5.985185e-05

--- Chunk 51481 (2/220) | Start: 2025-02-19 09:50:00 ---
/pfs/data6/home/ka/ka_iai/ka_bj2362/dsr/svise/svise/quadrature/_unbiased_quadrature.py:174: UserWarning: NaN detected in fxq (quadrature node evaluations). Clamping to 0.
  warnings.warn("NaN detected in fxq (quadrature node evaluations). Clamping to 0.")
/pfs/data6/home/ka/ka_iai/ka_bj2362/dsr/svise/svise/quadrature/_unbiased_quadrature.py:177: UserWarning: NaN detected in fmc (Monte-Carlo node evaluations). Clamping to 0.
  warnings.warn("NaN detected in fmc (Monte-Carlo node evaluations). Clamping to 0.")
    RMSE omega (GP): 0.049226 | RMSE omega (Sim): nan
    Loss: 474.1572 | Epoch: 92
    Eq omega: 0.006431 + -0.00099theta + 0.00844omega + -0.01062theta^2 + -0.00112theta omega + 0.00864omega^2
    Eq omega Phys: 0.005362*omega**2 - 2.3e-5*omega*theta + 0.000526*omega - 7.0e-6*theta**2 + 0.000154*theta - 0.000796
    Diffusion: theta=nan, omega=nan

--- Chunk 51482 (3/220) | Start: 2025-02-19 09:55:00 ---
    RMSE omega (GP): 0.010565 | RMSE omega (Sim): 0.060117
    Loss: 8.0361 | Epoch: 971
    Eq omega: 0.003231 + -0.45497theta + 0.00124omega + 0.00465theta^2 + -0.00445theta omega + 0.00573omega^2
    Eq omega Phys: 0.00271*omega**2 - 7.0e-5*omega*theta + 0.000179*omega + 2.0e-6*theta**2 - 0.000515*theta + 0.001008
    Diffusion: theta=1.534848e-04, omega=3.274939e-05

--- Chunk 51483 (4/220) | Start: 2025-02-19 10:00:00 ---
    RMSE omega (GP): 0.013995 | RMSE omega (Sim): 0.112883
    Loss: 2.6713 | Epoch: 1685
    Eq omega: -0.001501 + -0.15099theta + -0.01122omega + 0.01311theta^2 + 0.00285theta omega + -0.01085omega^2
    Eq omega Phys: -0.004018*omega**2 + 3.5e-5*omega*theta - 0.000734*omega + 5.0e-6*theta**2 - 0.000278*theta + 0.002277
    Diffusion: theta=8.733904e-04, omega=5.382105e-05

--- Chunk 51484 (5/220) | Start: 2025-02-19 10:05:00 ---
    RMSE omega (GP): 0.008034 | RMSE omega (Sim): 0.075689
    Loss: 7.1376 | Epoch: 1791
    Eq omega: 0.001071 + 0.00014theta + -0.00026omega + 0.00002theta^2 + -0.00037theta omega + 0.00048omega^2
    Eq omega Phys: 0.000273*omega**2 - 7.0e-6*omega*theta + 6.3e-5*omega + 2.0e-6
    Diffusion: theta=4.356045e-04, omega=3.324916e-05

--- Chunk 51485 (6/220) | Start: 2025-02-19 10:10:00 ---
    RMSE omega (GP): 0.009769 | RMSE omega (Sim): 0.055569
    Loss: 13.9392 | Epoch: 1692
    Eq omega: -0.012091 + 0.00289theta + 0.00136omega + -0.00018theta^2 + 0.00194theta omega + 0.00034omega^2
    Eq omega Phys: 0.00021*omega**2 + 4.0e-5*omega*theta - 0.00022*omega + 5.0e-6*theta - 4.9e-5
    Diffusion: theta=1.775839e-04, omega=3.649317e-05

--- Chunk 51486 (7/220) | Start: 2025-02-19 10:15:00 ---
    RMSE omega (GP): 0.008300 | RMSE omega (Sim): 0.055666
    Loss: 11.4351 | Epoch: 1548
    Eq omega: -0.000681 + 0.00043theta + 0.00013omega + -0.00013theta^2 + -0.00191theta omega + 0.00042omega^2
    Eq omega Phys: 0.000281*omega**2 - 4.3e-5*omega*theta + 0.000458*omega + 3.0e-6*theta - 1.7e-5
    Diffusion: theta=1.022586e-04, omega=2.751332e-05

--- Chunk 51487 (8/220) | Start: 2025-02-19 10:20:00 ---
    RMSE omega (GP): 0.059295 | RMSE omega (Sim): 0.089920
    Loss: 375.7062 | Epoch: 35
    Eq omega: 0.005921 + -0.00121theta + 0.00072omega + 0.00442theta^2 + 0.00014theta omega + 0.00177omega^2
    Eq omega Phys: 0.000802*omega**2 + 2.0e-6*omega*theta + 8.0e-6*omega + 2.0e-6*theta**2 - 3.5e-5*theta + 0.000153
    Diffusion: theta=3.048669e-03, omega=8.989841e-06

--- Chunk 51488 (9/220) | Start: 2025-02-19 10:25:00 ---
    RMSE omega (GP): 0.010301 | RMSE omega (Sim): 0.065773
    Loss: 11.1990 | Epoch: 1846
    Eq omega: -0.001971 + -0.00011theta + 0.00032omega + -0.00011theta^2 + 0.00023theta omega + -0.00112omega^2
    Eq omega Phys: -0.000593*omega**2 + 4.0e-6*omega*theta - 5.1e-5*omega + 2.0e-6*theta - 1.7e-5
    Diffusion: theta=1.229901e-03, omega=2.445755e-05

--- Chunk 51489 (10/220) | Start: 2025-02-19 10:30:00 ---
    RMSE omega (GP): 0.032124 | RMSE omega (Sim): 0.044926
    Loss: 420.3087 | Epoch: 137
    Eq omega: -0.019471 + 0.00096theta + 0.00035omega + 0.00012theta^2 + 0.00004theta omega + -0.00099omega^2
    Eq omega Phys: -0.000801*omega**2 + 1.0e-6*omega*theta - 1.0e-5*omega - 3.0e-6*theta - 4.0e-6
    Diffusion: theta=nan, omega=nan

--- Chunk 51490 (11/220) | Start: 2025-02-19 10:35:00 ---
    RMSE omega (GP): nan | RMSE omega (Sim): nan
    Loss: 7239.0869 | Epoch: 16
    Eq omega: nan1 + nantheta + nanomega + nantheta^2 + nantheta omega + nanomega^2
    Eq omega Phys: N/A
    Diffusion: theta=nan, omega=nan

--- Chunk 51491 (12/220) | Start: 2025-02-19 10:40:00 ---
    RMSE omega (GP): 0.033587 | RMSE omega (Sim): 0.101872
    Loss: 120.2027 | Epoch: 394
    Eq omega: -0.006321 + -0.00239theta + -0.00655omega + 0.00023theta^2 + 0.00086theta omega + -0.00490omega^2
    Eq omega Phys: -0.002434*omega**2 + 1.4e-5*omega*theta - 0.000401*omega - 6.0e-6*theta + 4.1e-5
    Diffusion: theta=4.147407e-01, omega=4.947245e-04

--- Chunk 51492 (13/220) | Start: 2025-02-19 10:45:00 ---
    RMSE omega (GP): 0.008322 | RMSE omega (Sim): 0.092961
    Loss: 4.0048 | Epoch: 2340
    Eq omega: 0.000711 + 0.00001theta + -0.00102omega + -0.00012theta^2 + -0.00019theta omega + 0.00621omega^2
    Eq omega Phys: 0.002848*omega**2 - 3.0e-6*omega*theta - 4.0e-6*omega + 1.0e-6*theta - 5.0e-6
    Diffusion: theta=1.131398e-03, omega=4.158117e-05

--- Chunk 51493 (14/220) | Start: 2025-02-19 10:50:00 ---
    RMSE omega (GP): 0.009531 | RMSE omega (Sim): 0.106177
    Loss: 1.5938 | Epoch: 2774
    Eq omega: -0.001601 + -0.00088theta + 0.00104omega + -0.00029theta^2 + 0.00033theta omega + 0.00341omega^2
    Eq omega Phys: 0.001173*omega**2 + 4.0e-6*omega*theta - 1.4e-5*omega + 2.0e-6*theta - 1.1e-5
    Diffusion: theta=2.196907e-04, omega=4.246028e-05

--- Chunk 51494 (15/220) | Start: 2025-02-19 10:55:00 ---
    RMSE omega (GP): 0.009682 | RMSE omega (Sim): 0.086208
    Loss: 4.3297 | Epoch: 843
    Eq omega: -0.010071 + -1.37121theta + -0.01546omega + 0.09435theta^2 + -0.00347theta omega + -0.00200omega^2
    Eq omega Phys: -0.000831*omega**2 - 4.8e-5*omega*theta - 0.000443*omega + 4.4e-5*theta**2 - 0.001655*theta + 0.002377
    Diffusion: theta=4.609366e-04, omega=4.620633e-05

--- Chunk 51495 (16/220) | Start: 2025-02-19 11:00:00 ---
    RMSE omega (GP): 0.007876 | RMSE omega (Sim): 0.067350
    Loss: 9.9772 | Epoch: 1762
    Eq omega: -0.002181 + 0.00028theta + -0.00122omega + 0.00010theta^2 + 0.00030theta omega + 0.00037omega^2
    Eq omega Phys: 0.000242*omega**2 + 7.0e-6*omega*theta - 0.000159*omega - 2.0e-6*theta + 1.4e-5
    Diffusion: theta=1.650708e-03, omega=2.702885e-05

--- Chunk 51496 (17/220) | Start: 2025-02-19 11:05:00 ---
    RMSE omega (GP): 0.008379 | RMSE omega (Sim): 0.111189
    Loss: 5.4672 | Epoch: 1540
    Eq omega: 0.000581 + 0.00140theta + -0.00135omega + -0.00024theta^2 + -0.00012theta omega + -0.00182omega^2
    Eq omega Phys: -0.000984*omega**2 - 2.0e-6*omega*theta - 1.5e-5*omega + 6.0e-6*theta - 4.9e-5
    Diffusion: theta=1.654935e-03, omega=3.454598e-05

--- Chunk 51497 (18/220) | Start: 2025-02-19 11:10:00 ---
    RMSE omega (GP): nan | RMSE omega (Sim): nan
    Loss: 495.2520 | Epoch: 36
    Eq omega: nan1 + nantheta + nanomega + nantheta^2 + nantheta omega + nanomega^2
    Eq omega Phys: N/A
    Diffusion: theta=nan, omega=nan

--- Chunk 51498 (19/220) | Start: 2025-02-19 11:15:00 ---
    RMSE omega (GP): 0.009810 | RMSE omega (Sim): 0.127770
    Loss: 4.9800 | Epoch: 2191
    Eq omega: -0.007251 + -0.37567theta + -0.00475omega + 0.00847theta^2 + -0.00171theta omega + -0.00400omega^2
    Eq omega Phys: -0.001695*omega**2 - 2.4e-5*omega*theta - 7.0e-5*omega + 4.0e-6*theta**2 - 0.000447*theta + 0.001568
    Diffusion: theta=2.570732e-04, omega=4.829447e-05

--- Chunk 51499 (20/220) | Start: 2025-02-19 11:20:00 ---
    RMSE omega (GP): 0.009498 | RMSE omega (Sim): 0.113841
    Loss: 5.9042 | Epoch: 2037
    Eq omega: 0.003391 + -0.00077theta + -0.00303omega + -0.00012theta^2 + 0.00096theta omega + 0.00077omega^2
    Eq omega Phys: 0.000391*omega**2 + 1.6e-5*omega*theta - 0.000222*omega + 1.0e-5
    Diffusion: theta=2.956360e-04, omega=4.122988e-05

--- Chunk 51500 (21/220) | Start: 2025-02-19 11:25:00 ---
    RMSE omega (GP): 0.049000 | RMSE omega (Sim): 0.055804
    Loss: 403.1666 | Epoch: 64
    Eq omega: -0.000231 + -0.00294theta + 0.00075omega + -0.01241theta^2 + 0.00014theta omega + 0.00112omega^2
    Eq omega Phys: 0.000566*omega**2 + 2.0e-6*omega*theta - 1.0e-5*omega - 7.0e-6*theta**2 + 0.000206*theta - 0.001519
    Diffusion: theta=nan, omega=nan

--- Chunk 51501 (22/220) | Start: 2025-02-19 11:30:00 ---
    RMSE omega (GP): 0.011083 | RMSE omega (Sim): 0.212969
    Loss: 4.6660 | Epoch: 1140
    Eq omega: -0.004971 + 0.00024theta + -0.00014omega + 0.00010theta^2 + -0.00357theta omega + -0.00195omega^2
    Eq omega Phys: -0.000721*omega**2 - 4.4e-5*omega*theta + 0.000124*omega - 1.5e-5
    Diffusion: theta=2.369541e-04, omega=6.775485e-05

--- Chunk 51502 (23/220) | Start: 2025-02-19 11:35:00 ---
    RMSE omega (GP): 0.008373 | RMSE omega (Sim): 0.052863
    Loss: 12.4260 | Epoch: 2536
    Eq omega: 0.001821 + 0.00003theta + -0.01584omega + 0.00001theta^2 + 0.00020theta omega + -0.00038omega^2
    Eq omega Phys: -0.000253*omega**2 + 4.0e-6*omega*theta - 0.000602*omega + 5.0e-6
    Diffusion: theta=6.196607e-04, omega=2.928777e-05

--- Chunk 51503 (24/220) | Start: 2025-02-19 11:40:00 ---
    RMSE omega (GP): 0.009370 | RMSE omega (Sim): 0.041633
    Loss: 23.1532 | Epoch: 3502
    Eq omega: -0.005771 + 0.00004theta + -0.01527omega + 0.00001theta^2 + 0.00002theta omega + 0.00047omega^2
    Eq omega Phys: 0.000414*omega**2 + 1.0e-6*omega*theta - 0.000523*omega - 3.0e-6
    Diffusion: theta=6.417417e-04, omega=2.356365e-05

--- Chunk 51504 (25/220) | Start: 2025-02-19 11:45:00 ---
    RMSE omega (GP): nan | RMSE omega (Sim): nan
    Loss: 443.1026 | Epoch: 65
    Eq omega: nan1 + nantheta + nanomega + nantheta^2 + nantheta omega + nanomega^2
    Eq omega Phys: N/A
    Diffusion: theta=nan, omega=nan

--- Chunk 51505 (26/220) | Start: 2025-02-19 11:50:00 ---
    RMSE omega (GP): 0.007445 | RMSE omega (Sim): 0.058591
    Loss: 7.0199 | Epoch: 1528
    Eq omega: -0.000161 + 0.00001theta + 0.00008omega + -0.00000theta^2 + 0.00000theta omega + 0.00000omega^2
    Eq omega Phys: 3.0e-6*omega - 0.e-6
    Diffusion: theta=5.515827e-04, omega=3.747193e-05

--- Chunk 51506 (27/220) | Start: 2025-02-19 11:55:00 ---
    RMSE omega (GP): 0.009839 | RMSE omega (Sim): 0.059941
    Loss: 13.1642 | Epoch: 1703
    Eq omega: 0.000141 + 0.00040theta + 0.00228omega + -0.00004theta^2 + 0.00010theta omega + 0.00028omega^2
    Eq omega Phys: 0.000161*omega**2 + 2.0e-6*omega*theta + 4.5e-5*omega + 1.0e-6*theta - 1.3e-5
    Diffusion: theta=4.324648e-04, omega=3.725925e-05

--- Chunk 51507 (28/220) | Start: 2025-02-19 12:00:00 ---
    RMSE omega (GP): 0.058730 | RMSE omega (Sim): 0.071867
    Loss: 362.7668 | Epoch: 1157
    Eq omega: -0.000111 + -0.00021theta + -0.00120omega + -0.00015theta^2 + 0.00137theta omega + -0.00123omega^2
    Eq omega Phys: -0.000597*omega**2 + 2.2e-5*omega*theta - 0.000357*omega + 2.0e-6*theta - 1.3e-5
    Diffusion: theta=6.182316e-01, omega=7.034421e-04

--- Chunk 51508 (29/220) | Start: 2025-02-19 12:05:00 ---
    RMSE omega (GP): 0.008875 | RMSE omega (Sim): 0.071999
    Loss: 8.3008 | Epoch: 1073
    Eq omega: 0.000901 + 0.00187theta + 0.00182omega + 0.00155theta^2 + -0.00287theta omega + -0.00033omega^2
    Eq omega Phys: -0.00018*omega**2 - 5.2e-5*omega*theta + 0.000386*omega + 1.0e-6*theta**2 - 1.0e-5*theta + 2.6e-5
    Diffusion: theta=1.168096e-03, omega=3.297940e-05

--- Chunk 51509 (30/220) | Start: 2025-02-19 12:10:00 ---
    RMSE omega (GP): nan | RMSE omega (Sim): nan
    Loss: 745.7034 | Epoch: 16
    Eq omega: nan1 + nantheta + nanomega + nantheta^2 + nantheta omega + nanomega^2
    Eq omega Phys: N/A
    Diffusion: theta=nan, omega=nan

--- Chunk 51510 (31/220) | Start: 2025-02-19 12:15:00 ---
    RMSE omega (GP): 0.008281 | RMSE omega (Sim): 0.082255
    Loss: -1.1264 | Epoch: 2052
    Eq omega: -0.005181 + -0.37303theta + -0.00605omega + -0.00007theta^2 + -0.01115theta omega + 0.00010omega^2
    Eq omega Phys: 2.9e-5*omega**2 - 0.000106*omega*theta + 0.000148*omega - 0.000414*theta + 0.001346
    Diffusion: theta=3.225604e-04, omega=5.304637e-05

--- Chunk 51511 (32/220) | Start: 2025-02-19 12:20:00 ---
    RMSE omega (GP): 0.009788 | RMSE omega (Sim): 0.087866
    Loss: 3.2638 | Epoch: 943
    Eq omega: 0.003271 + 0.00021theta + 0.00396omega + 0.00018theta^2 + -0.00266theta omega + -0.00019omega^2
    Eq omega Phys: -7.2e-5*omega**2 - 3.4e-5*omega*theta + 0.000455*omega - 1.0e-6*theta + 1.4e-5
    Diffusion: theta=4.482958e-04, omega=4.765896e-05

--- Chunk 51512 (33/220) | Start: 2025-02-19 12:25:00 ---
    RMSE omega (GP): 0.010551 | RMSE omega (Sim): 0.162397
    Loss: 3.3219 | Epoch: 979
    Eq omega: -0.001201 + 0.00130theta + 0.00214omega + -0.00083theta^2 + 0.00019theta omega + 0.00065omega^2
    Eq omega Phys: 0.000237*omega**2 + 2.0e-6*omega*theta + 6.0e-5*omega + 5.0e-6*theta - 1.9e-5
    Diffusion: theta=2.166782e-04, omega=5.305773e-05

--- Chunk 51513 (34/220) | Start: 2025-02-19 12:30:00 ---
    RMSE omega (GP): 0.009085 | RMSE omega (Sim): 0.064273
    Loss: 13.4418 | Epoch: 1559
    Eq omega: 0.001711 + -0.00080theta + 0.00081omega + 0.00012theta^2 + 0.00022theta omega + 0.00011omega^2
    Eq omega Phys: 6.6e-5*omega**2 + 4.0e-6*omega*theta - 5.7e-5*omega - 4.0e-6*theta + 4.9e-5
    Diffusion: theta=8.047333e-04, omega=3.821062e-05

--- Chunk 51514 (35/220) | Start: 2025-02-19 12:35:00 ---
    RMSE omega (GP): 0.009469 | RMSE omega (Sim): 0.086021
    Loss: 5.1895 | Epoch: 1302
    Eq omega: 0.001641 + -0.00042theta + -0.00286omega + 0.00029theta^2 + -0.00111theta omega + -0.00234omega^2
    Eq omega Phys: -0.001019*omega**2 - 1.6e-5*omega*theta + 4.6e-5*omega - 3.0e-6*theta + 1.9e-5
    Diffusion: theta=2.596545e-04, omega=6.719460e-05

--- Chunk 51515 (36/220) | Start: 2025-02-19 12:40:00 ---
    RMSE omega (GP): nan | RMSE omega (Sim): nan
    Loss: 631.7811 | Epoch: 42
    Eq omega: nan1 + nantheta + nanomega + nantheta^2 + nantheta omega + nanomega^2
    Eq omega Phys: N/A
    Diffusion: theta=nan, omega=nan

--- Chunk 51516 (37/220) | Start: 2025-02-19 12:45:00 ---
    RMSE omega (GP): 0.007161 | RMSE omega (Sim): 0.071618
    Loss: 5.6369 | Epoch: 1920
    Eq omega: 0.004371 + -0.00050theta + 0.00098omega + -0.00001theta^2 + 0.00044theta omega + -0.00038omega^2
    Eq omega Phys: -0.000219*omega**2 + 8.0e-6*omega*theta - 5.4e-5*omega + 1.3e-5
    Diffusion: theta=7.645033e-04, omega=2.560610e-05

--- Chunk 51517 (38/220) | Start: 2025-02-19 12:50:00 ---
    RMSE omega (GP): 0.009717 | RMSE omega (Sim): 0.070392
    Loss: 14.3255 | Epoch: 1640
    Eq omega: -0.001271 + 0.00004theta + -0.00162omega + -0.00025theta^2 + -0.00001theta omega + -0.00030omega^2
    Eq omega Phys: -0.000186*omega**2 - 5.1e-5*omega + 6.0e-6*theta - 4.6e-5
    Diffusion: theta=6.043758e-04, omega=3.527684e-05

--- Chunk 51518 (39/220) | Start: 2025-02-19 12:55:00 ---
    RMSE omega (GP): nan | RMSE omega (Sim): nan
    Loss: 1537.9944 | Epoch: 16
    Eq omega: nan1 + nantheta + nanomega + nantheta^2 + nantheta omega + nanomega^2
    Eq omega Phys: N/A
    Diffusion: theta=nan, omega=nan

--- Chunk 51519 (40/220) | Start: 2025-02-19 13:00:00 ---
    RMSE omega (GP): 0.010782 | RMSE omega (Sim): 0.089881
    Loss: 22.0643 | Epoch: 3018
    Eq omega: 0.001761 + -0.00056theta + 0.00158omega + -0.00006theta^2 + 0.00002theta omega + 0.00026omega^2
    Eq omega Phys: 0.000176*omega**2 + 6.2e-5*omega - 3.0e-6*theta - 3.0e-5
    Diffusion: theta=2.600910e-04, omega=2.872222e-05

--- Chunk 51520 (41/220) | Start: 2025-02-19 13:05:00 ---
    RMSE omega (GP): 0.010333 | RMSE omega (Sim): 0.136716
    Loss: 5.9818 | Epoch: 1106
    Eq omega: -0.006781 + -0.86026theta + -0.00811omega + 0.00055theta^2 + 0.00830theta omega + -0.00477omega^2
    Eq omega Phys: -0.002033*omega**2 + 0.000118*omega*theta - 0.00049*omega - 0.000957*theta + 0.001764
    Diffusion: theta=5.476013e-04, omega=5.965716e-05

--- Chunk 51521 (42/220) | Start: 2025-02-19 13:10:00 ---
    RMSE omega (GP): 0.011413 | RMSE omega (Sim): 0.083638
    Loss: 9.1380 | Epoch: 1523
    Eq omega: -0.001081 + 0.00022theta + 0.00125omega + -0.00003theta^2 + 0.00014theta omega + 0.00020omega^2
    Eq omega Phys: 9.0e-5*omega**2 + 2.0e-6*omega*theta + 7.6e-5*omega - 3.0e-6
    Diffusion: theta=2.247131e-04, omega=3.592180e-05

--- Chunk 51522 (43/220) | Start: 2025-02-19 13:15:00 ---
    RMSE omega (GP): 0.008467 | RMSE omega (Sim): 0.150382
    Loss: 1.6109 | Epoch: 1044
    Eq omega: -0.039631 + -0.65720theta + 0.01266omega + 0.03398theta^2 + 0.00781theta omega + -0.01097omega^2
    Eq omega Phys: -0.004224*omega**2 + 0.0001*omega*theta + 0.000797*omega + 1.5e-5*theta**2 - 0.000621*theta - 0.002644
    Diffusion: theta=3.058775e-03, omega=3.961278e-05

--- Chunk 51523 (44/220) | Start: 2025-02-19 13:20:00 ---
    RMSE omega (GP): 0.008547 | RMSE omega (Sim): 0.080846
    Loss: 4.3629 | Epoch: 1803
    Eq omega: -0.001151 + 0.00048theta + 0.00640omega + -0.00278theta^2 + -0.00203theta omega + -0.00023omega^2
    Eq omega Phys: -0.00011*omega**2 - 3.2e-5*omega*theta + 0.000406*omega - 1.0e-6*theta**2 + 1.8e-5*theta - 5.9e-5
    Diffusion: theta=2.342642e-04, omega=3.967675e-05

--- Chunk 51524 (45/220) | Start: 2025-02-19 13:25:00 ---
    RMSE omega (GP): 0.018450 | RMSE omega (Sim): 0.118784
    Loss: 21.2791 | Epoch: 355
    Eq omega: 0.001611 + -0.44785theta + 0.00516omega + 0.01872theta^2 + 0.02270theta omega + -0.00088omega^2
    Eq omega Phys: -0.000308*omega**2 + 0.000265*omega*theta + 9.7e-5*omega + 7.0e-6*theta**2 - 0.000502*theta + 0.000146
    Diffusion: theta=4.909556e-01, omega=2.729637e-04

--- Chunk 51525 (46/220) | Start: 2025-02-19 13:30:00 ---
    RMSE omega (GP): 0.011658 | RMSE omega (Sim): 0.080145
    Loss: 9.4274 | Epoch: 89
    Eq omega: -0.007261 + 0.00721theta + 0.00029omega + -0.00112theta^2 + -0.00548theta omega + 0.00128omega^2
    Eq omega Phys: 0.000531*omega**2 - 7.6e-5*omega*theta + 0.000568*omega - 0.e-6*theta**2 + 1.6e-5*theta - 0.000107
    Diffusion: theta=1.805169e-03, omega=6.178018e-05

--- Chunk 51526 (47/220) | Start: 2025-02-19 13:35:00 ---
    RMSE omega (GP): 0.010618 | RMSE omega (Sim): 0.085474
    Loss: 6.2081 | Epoch: 627
    Eq omega: 0.017441 + -1.76478theta + -0.00435omega + 0.01951theta^2 + 0.01554theta omega + -0.07841omega^2
    Eq omega Phys: -0.033182*omega**2 + 0.000219*omega*theta - 0.000239*omega + 9.0e-6*theta**2 - 0.001969*theta + 0.000891
    Diffusion: theta=nan, omega=nan

--- Chunk 51527 (48/220) | Start: 2025-02-19 13:40:00 ---
    RMSE omega (GP): 0.008322 | RMSE omega (Sim): 0.118000
    Loss: 0.3428 | Epoch: 664
    Eq omega: -0.018191 + -1.79074theta + 0.00158omega + -0.01523theta^2 + 0.01820theta omega + -0.01003omega^2
    Eq omega Phys: -0.003319*omega**2 + 0.000201*omega*theta - 0.000151*omega - 6.0e-6*theta**2 - 0.001978*theta + 0.00195
    Diffusion: theta=3.218201e-04, omega=5.733738e-05

--- Chunk 51528 (49/220) | Start: 2025-02-19 13:45:00 ---
    RMSE omega (GP): 0.018077 | RMSE omega (Sim): 0.161391
    Loss: -1048.5676 | Epoch: 853
    Eq omega: -0.005191 + -0.00498theta + 0.00267omega + -0.00365theta^2 + 0.00355theta omega + 0.00310omega^2
    Eq omega Phys: 0.001133*omega**2 + 4.3e-5*omega*theta + 0.000115*omega - 1.0e-6*theta**2 - 7.0e-6*theta - 2.0e-5
    Diffusion: theta=2.148501e-01, omega=2.367278e-04

--- Chunk 51529 (50/220) | Start: 2025-02-19 13:50:00 ---
    RMSE omega (GP): 0.009124 | RMSE omega (Sim): 0.184012
    Loss: 3.4020 | Epoch: 863
    Eq omega: 0.000311 + -0.00142theta + 0.00257omega + -0.00013theta^2 + 0.00024theta omega + -0.00019omega^2
    Eq omega Phys: -7.7e-5*omega**2 + 3.0e-6*omega*theta + 8.9e-5*omega - 2.0e-6*theta - 0.e-6
    Diffusion: theta=1.136059e-03, omega=3.507046e-05

  [Progress 50/220] Mean RMSE omega (GP): 0.014997 | (Sim): 0.092613 | Mean loss: 249.8596 | Valid GP: 44/50 | Valid Sim: 43/50 | Elapsed: 20.1min | ETA: 68.4min

--- Chunk 51530 (51/220) | Start: 2025-02-19 13:55:00 ---
    RMSE omega (GP): 0.009406 | RMSE omega (Sim): 0.111118
    Loss: 2.1637 | Epoch: 1052
    Eq omega: -0.044731 + -0.96881theta + 0.03229omega + -0.01937theta^2 + -0.28856theta omega + -0.02617omega^2
    Eq omega Phys: -0.009713*omega**2 - 0.00357*omega*theta - 0.01049*omega - 8.0e-6*theta**2 - 0.001128*theta - 0.003705
    Diffusion: theta=1.372799e-03, omega=3.122180e-05

--- Chunk 51531 (52/220) | Start: 2025-02-19 14:00:00 ---
    RMSE omega (GP): nan | RMSE omega (Sim): nan
    Loss: 3724.2476 | Epoch: 19
    Eq omega: nan1 + nantheta + nanomega + nantheta^2 + nantheta omega + nanomega^2
    Eq omega Phys: N/A
    Diffusion: theta=nan, omega=nan

--- Chunk 51532 (53/220) | Start: 2025-02-19 14:05:00 ---
    RMSE omega (GP): 0.008431 | RMSE omega (Sim): 0.157677
    Loss: 4.2653 | Epoch: 1269
    Eq omega: 0.000701 + -0.00147theta + 0.00171omega + 0.00016theta^2 + 0.00019theta omega + -0.00482omega^2
    Eq omega Phys: -0.002256*omega**2 + 3.0e-6*omega*theta + 4.5e-5*omega - 2.0e-6*theta + 9.0e-6
    Diffusion: theta=2.219219e-03, omega=4.063578e-05

--- Chunk 51533 (54/220) | Start: 2025-02-19 14:10:00 ---
    RMSE omega (GP): 0.008510 | RMSE omega (Sim): 0.070368
    Loss: 5.3401 | Epoch: 1621
    Eq omega: -0.000111 + 0.00013theta + 0.00012omega + 0.00004theta^2 + -0.00011theta omega + -0.00022omega^2
    Eq omega Phys: -0.000109*omega**2 - 2.0e-6*omega*theta + 2.5e-5*omega + 1.0e-6
    Diffusion: theta=3.243118e-04, omega=3.708280e-05

--- Chunk 51534 (55/220) | Start: 2025-02-19 14:15:00 ---
    RMSE omega (GP): 0.007872 | RMSE omega (Sim): 0.129700
    Loss: 2.0827 | Epoch: 1024
    Eq omega: 0.011261 + -0.83454theta + 0.01422omega + -0.00281theta^2 + -0.07261theta omega + -0.00439omega^2
    Eq omega Phys: -0.001849*omega**2 - 0.00102*omega*theta + 0.005196*omega - 1.0e-6*theta**2 - 0.000915*theta + 0.004296
    Diffusion: theta=1.198500e-03, omega=3.907870e-05

--- Chunk 51535 (56/220) | Start: 2025-02-19 14:20:00 ---
    RMSE omega (GP): nan | RMSE omega (Sim): nan
    Loss: 185.3479 | Epoch: 32
    Eq omega: nan1 + nantheta + nanomega + nantheta^2 + nantheta omega + nanomega^2
    Eq omega Phys: N/A
    Diffusion: theta=nan, omega=nan

--- Chunk 51536 (57/220) | Start: 2025-02-19 14:25:00 ---
    RMSE omega (GP): 0.008097 | RMSE omega (Sim): 0.080562
    Loss: 1.8493 | Epoch: 1460
    Eq omega: -0.734671 + -2.61189theta + 0.01686omega + 2.53708theta^2 + -0.12280theta omega + 0.09228omega^2
    Eq omega Phys: 0.03838*omega**2 - 0.001702*omega*theta + 0.001875*omega + 0.001172*theta**2 - 0.00471*theta + 0.000972
    Diffusion: theta=2.933493e-04, omega=3.587415e-05

--- Chunk 51537 (58/220) | Start: 2025-02-19 14:30:00 ---
    RMSE omega (GP): nan | RMSE omega (Sim): nan
    Loss: 333.5660 | Epoch: 16
    Eq omega: nan1 + nantheta + nanomega + nantheta^2 + nantheta omega + nanomega^2
    Eq omega Phys: N/A
    Diffusion: theta=nan, omega=nan

--- Chunk 51538 (59/220) | Start: 2025-02-19 14:35:00 ---
    RMSE omega (GP): nan | RMSE omega (Sim): nan
    Loss: 208.8479 | Epoch: 46
    Eq omega: nan1 + nantheta + nanomega + nantheta^2 + nantheta omega + nanomega^2
    Eq omega Phys: N/A
    Diffusion: theta=nan, omega=nan

--- Chunk 51539 (60/220) | Start: 2025-02-19 14:40:00 ---
    RMSE omega (GP): 0.022204 | RMSE omega (Sim): 0.075544
    Loss: 72.4176 | Epoch: 428
    Eq omega: -0.001771 + -0.00648theta + -0.00103omega + 0.00004theta^2 + 0.00010theta omega + -0.00082omega^2
    Eq omega Phys: -0.000396*omega**2 + 2.0e-6*omega*theta - 6.0e-5*omega - 8.0e-6*theta + 0.000117
    Diffusion: theta=4.135345e+00, omega=4.593121e-03

--- Chunk 51540 (61/220) | Start: 2025-02-19 14:45:00 ---
    RMSE omega (GP): 0.009814 | RMSE omega (Sim): 0.211355
    Loss: 4.3778 | Epoch: 1673
    Eq omega: 0.010941 + -0.00103theta + 0.00269omega + -0.00002theta^2 + 0.00047theta omega + -0.00062omega^2
    Eq omega Phys: -0.000264*omega**2 + 7.0e-6*omega*theta + 4.5e-5*omega - 1.0e-6*theta + 3.6e-5
    Diffusion: theta=1.614751e-03, omega=4.479616e-05

--- Chunk 51541 (62/220) | Start: 2025-02-19 14:50:00 ---
    RMSE omega (GP): nan | RMSE omega (Sim): nan
    Loss: 455.9753 | Epoch: 17
    Eq omega: nan1 + nantheta + nanomega + nantheta^2 + nantheta omega + nanomega^2
    Eq omega Phys: N/A
    Diffusion: theta=nan, omega=nan

--- Chunk 51542 (63/220) | Start: 2025-02-19 14:55:00 ---
    RMSE omega (GP): 0.029443 | RMSE omega (Sim): 0.103808
    Loss: 43.0799 | Epoch: 103
    Eq omega: 0.002881 + -0.00068theta + -0.00457omega + -0.00072theta^2 + -0.00105theta omega + 0.00420omega^2
    Eq omega Phys: 0.001399*omega**2 - 1.2e-5*omega*theta - 9.9e-5*omega + 2.0e-6*theta + 7.0e-6
    Diffusion: theta=nan, omega=nan

--- Chunk 51543 (64/220) | Start: 2025-02-19 15:00:00 ---
    RMSE omega (GP): 0.008701 | RMSE omega (Sim): 0.074866
    Loss: 4.0330 | Epoch: 1264
    Eq omega: -0.005821 + -1.96815theta + 0.00410omega + -0.00068theta^2 + 0.01196theta omega + -0.00601omega^2
    Eq omega Phys: -0.002788*omega**2 + 0.000185*omega*theta + 0.000154*omega - 0.002187*theta - 0.000219
    Diffusion: theta=2.062213e-04, omega=3.618944e-05

--- Chunk 51544 (65/220) | Start: 2025-02-19 15:05:00 ---
    RMSE omega (GP): 0.008908 | RMSE omega (Sim): 0.115341
    Loss: 0.4222 | Epoch: 1170
    Eq omega: -0.020331 + -0.51938theta + 0.02225omega + 0.18208theta^2 + 0.00093theta omega + -0.05341omega^2
    Eq omega Phys: -0.017188*omega**2 + 1.0e-5*omega*theta + 0.000772*omega + 6.5e-5*theta**2 - 0.000176*theta - 0.001231
    Diffusion: theta=1.646265e-03, omega=4.474086e-05

--- Chunk 51545 (66/220) | Start: 2025-02-19 15:10:00 ---
    RMSE omega (GP): 0.009109 | RMSE omega (Sim): 0.146366
    Loss: 1.9219 | Epoch: 1455
    Eq omega: 0.002081 + -0.00335theta + -0.00188omega + 0.00242theta^2 + 0.00060theta omega + 0.00060omega^2
    Eq omega Phys: 0.000215*omega**2 + 7.0e-6*omega*theta - 0.000129*omega + 1.0e-6*theta**2 - 2.2e-5*theta + 0.000124
    Diffusion: theta=3.597344e-03, omega=5.661399e-05

--- Chunk 51546 (67/220) | Start: 2025-02-19 15:15:00 ---
    RMSE omega (GP): 0.008776 | RMSE omega (Sim): 0.074339
    Loss: 5.5938 | Epoch: 720
    Eq omega: 0.019411 + -1.86283theta + -0.01646omega + -0.06844theta^2 + -0.00913theta omega + 0.00004omega^2
    Eq omega Phys: 2.0e-5*omega**2 - 0.000151*omega*theta - 0.00088*omega - 3.8e-5*theta**2 - 0.002235*theta - 0.004677
    Diffusion: theta=4.926317e-04, omega=2.219403e-05

--- Chunk 51547 (68/220) | Start: 2025-02-19 15:20:00 ---
    RMSE omega (GP): 0.025871 | RMSE omega (Sim): 0.101679
    Loss: 40.8687 | Epoch: 787
    Eq omega: -0.003701 + 0.00009theta + -0.00366omega + -0.00064theta^2 + -0.00319theta omega + -0.00161omega^2
    Eq omega Phys: -0.00061*omega**2 - 4.0e-5*omega*theta + 0.000324*omega + 6.0e-6*theta - 4.5e-5
    Diffusion: theta=2.339761e-01, omega=3.005809e-04

--- Chunk 51548 (69/220) | Start: 2025-02-19 15:25:00 ---
    RMSE omega (GP): 0.010499 | RMSE omega (Sim): 0.132050
    Loss: 7.5028 | Epoch: 1218
    Eq omega: -0.004781 + -0.00024theta + -0.00066omega + 0.00018theta^2 + -0.00169theta omega + 0.00193omega^2
    Eq omega Phys: 0.000871*omega**2 - 2.5e-5*omega*theta + 0.000186*omega - 2.0e-6*theta - 4.0e-6
    Diffusion: theta=1.040711e-03, omega=3.786371e-05

--- Chunk 51549 (70/220) | Start: 2025-02-19 15:30:00 ---
    RMSE omega (GP): 0.011977 | RMSE omega (Sim): 0.101237
    Loss: 8.5630 | Epoch: 888
    Eq omega: 0.000571 + -0.00258theta + -0.00285omega + -0.00163theta^2 + 0.00013theta omega + -0.00330omega^2
    Eq omega Phys: -0.001377*omega**2 + 2.0e-6*omega*theta - 9.0e-5*omega - 0.e-6*theta**2 - 7.0e-6*theta - 1.1e-5
    Diffusion: theta=6.018591e-04, omega=6.886625e-05

--- Chunk 51550 (71/220) | Start: 2025-02-19 15:35:00 ---
    RMSE omega (GP): 0.065977 | RMSE omega (Sim): 0.069761
    Loss: 529.6920 | Epoch: 32
    Eq omega: -0.001761 + -0.00191theta + -0.00182omega + 0.00039theta^2 + -0.00071theta omega + -0.00734omega^2
    Eq omega Phys: -0.003545*omega**2 - 1.1e-5*omega*theta + 3.1e-5*omega - 5.0e-6*theta + 2.7e-5
    Diffusion: theta=nan, omega=nan

--- Chunk 51551 (72/220) | Start: 2025-02-19 15:40:00 ---
    RMSE omega (GP): 0.007890 | RMSE omega (Sim): 0.073881
    Loss: 1.6037 | Epoch: 1315
    Eq omega: 1.081321 + -2.94235theta + 0.28839omega + -1.27086theta^2 + -0.64311theta omega + -0.02624omega^2
    Eq omega Phys: -0.010583*omega**2 - 0.008646*omega*theta + 0.005*omega - 0.000569*theta**2 - 0.003877*theta + 0.001073
    Diffusion: theta=4.271293e-03, omega=3.377783e-05

--- Chunk 51552 (73/220) | Start: 2025-02-19 15:45:00 ---
    RMSE omega (GP): 0.009043 | RMSE omega (Sim): 0.201530
    Loss: 4.2295 | Epoch: 1165
    Eq omega: 0.009371 + -0.49679theta + 0.00920omega + -0.00134theta^2 + -0.22431theta omega + 0.01675omega^2
    Eq omega Phys: 0.00751*omega**2 - 0.003352*omega*theta - 0.03162*omega - 0.e-6*theta**2 - 0.000565*theta - 0.005294
    Diffusion: theta=1.931812e-04, omega=3.233085e-05

--- Chunk 51553 (74/220) | Start: 2025-02-19 15:50:00 ---
    RMSE omega (GP): nan | RMSE omega (Sim): nan
    Loss: 265.3238 | Epoch: 19
    Eq omega: nan1 + nantheta + nanomega + nantheta^2 + nantheta omega + nanomega^2
    Eq omega Phys: N/A
    Diffusion: theta=nan, omega=nan

--- Chunk 51554 (75/220) | Start: 2025-02-19 15:55:00 ---
    RMSE omega (GP): nan | RMSE omega (Sim): nan
    Loss: 99.8487 | Epoch: 73
    Eq omega: nan1 + nantheta + nanomega + nantheta^2 + nantheta omega + nanomega^2
    Eq omega Phys: N/A
    Diffusion: theta=nan, omega=nan

--- Chunk 51555 (76/220) | Start: 2025-02-19 16:00:00 ---
    RMSE omega (GP): 0.014537 | RMSE omega (Sim): 0.110828
    Loss: 17.7536 | Epoch: 1015
    Eq omega: 0.003361 + -0.71051theta + 0.00902omega + 0.02820theta^2 + 0.00202theta omega + -0.01637omega^2
    Eq omega Phys: -0.007429*omega**2 + 3.1e-5*omega*theta + 0.000132*omega + 1.4e-5*theta**2 - 0.000946*theta + 0.004785
    Diffusion: theta=3.440824e-03, omega=2.421208e-05

--- Chunk 51556 (77/220) | Start: 2025-02-19 16:05:00 ---
    RMSE omega (GP): nan | RMSE omega (Sim): nan
    Loss: 482.3784 | Epoch: 16
    Eq omega: nan1 + nantheta + nanomega + nantheta^2 + nantheta omega + nanomega^2
    Eq omega Phys: N/A
    Diffusion: theta=nan, omega=nan

--- Chunk 51557 (78/220) | Start: 2025-02-19 16:10:00 ---
    RMSE omega (GP): 0.008467 | RMSE omega (Sim): 0.093199
    Loss: 4.3237 | Epoch: 1517
    Eq omega: 0.001121 + 0.00025theta + 0.00088omega + 0.00002theta^2 + -0.00090theta omega + -0.00024omega^2
    Eq omega Phys: -0.000112*omega**2 - 1.4e-5*omega*theta + 0.000185*omega + 1.0e-6
    Diffusion: theta=2.977590e-04, omega=3.794083e-05

--- Chunk 51558 (79/220) | Start: 2025-02-19 16:15:00 ---
    RMSE omega (GP): 0.009218 | RMSE omega (Sim): 0.080906
    Loss: 7.8283 | Epoch: 1075
    Eq omega: -0.002431 + -0.00065theta + -0.00200omega + 0.00010theta^2 + -0.00135theta omega + 0.00053omega^2
    Eq omega Phys: 0.000277*omega**2 - 2.4e-5*omega*theta + 0.000154*omega - 2.0e-6*theta + 7.0e-6
    Diffusion: theta=2.773170e-04, omega=4.413319e-05

--- Chunk 51559 (80/220) | Start: 2025-02-19 16:20:00 ---
    RMSE omega (GP): nan | RMSE omega (Sim): nan
    Loss: 28.0939 | Epoch: 69
    Eq omega: nan1 + nantheta + nanomega + nantheta^2 + nantheta omega + nanomega^2
    Eq omega Phys: N/A
    Diffusion: theta=nan, omega=nan

--- Chunk 51560 (81/220) | Start: 2025-02-19 16:25:00 ---
    RMSE omega (GP): 0.009176 | RMSE omega (Sim): 0.082835
    Loss: -1.4564 | Epoch: 1002
    Eq omega: -0.007001 + -0.16327theta + 0.00842omega + -0.02315theta^2 + 0.00031theta omega + 0.00423omega^2
    Eq omega Phys: 0.001045*omega**2 + 3.0e-6*omega*theta + 0.000262*omega - 6.0e-6*theta**2 - 8.9e-5*theta + 0.00095
    Diffusion: theta=1.516271e-04, omega=4.457809e-05

--- Chunk 51561 (82/220) | Start: 2025-02-19 16:30:00 ---
/pfs/data6/home/ka/ka_iai/ka_bj2362/dsr/svise/run_analysis_5min_all_chunks_combo38.py:212: ODEintWarning: Excess work done on this call (perhaps wrong Dfun type). Run with full_output = 1 to get quantitative information.
  sol_scaled = odeint(drift, x0_scaled, t_scaled, full_output=False)
    RMSE omega (GP): 0.008770 | RMSE omega (Sim): nan
    Loss: 0.4784 | Epoch: 1824
    Eq omega: -0.006711 + -0.70124theta + -0.00506omega + 0.48494theta^2 + -0.00188theta omega + 0.02521omega^2
    Eq omega Phys: 0.008389*omega**2 - 2.1e-5*omega*theta - 0.000293*omega + 0.000179*theta**2 + 0.001366*theta + 0.001731
    Diffusion: theta=2.371557e-04, omega=4.369959e-05

--- Chunk 51562 (83/220) | Start: 2025-02-19 16:35:00 ---
    RMSE omega (GP): 0.010323 | RMSE omega (Sim): 0.078838
    Loss: 8.0678 | Epoch: 1074
    Eq omega: -0.000531 + 0.00109theta + -0.00105omega + 0.00018theta^2 + 0.00144theta omega + 0.00230omega^2
    Eq omega Phys: 0.001088*omega**2 + 2.3e-5*omega*theta - 0.000146*omega - 5.0e-6
    Diffusion: theta=3.312974e-04, omega=4.546640e-05

--- Chunk 51563 (84/220) | Start: 2025-02-19 16:40:00 ---
    RMSE omega (GP): nan | RMSE omega (Sim): nan
    Loss: 891.7124 | Epoch: 31
    Eq omega: nan1 + nantheta + nanomega + nantheta^2 + nantheta omega + nanomega^2
    Eq omega Phys: N/A
    Diffusion: theta=nan, omega=nan

--- Chunk 51564 (85/220) | Start: 2025-02-19 16:45:00 ---
    RMSE omega (GP): nan | RMSE omega (Sim): nan
    Loss: 93.1311 | Epoch: 66
    Eq omega: nan1 + nantheta + nanomega + nantheta^2 + nantheta omega + nanomega^2
    Eq omega Phys: N/A
    Diffusion: theta=nan, omega=nan

--- Chunk 51565 (86/220) | Start: 2025-02-19 16:50:00 ---
    RMSE omega (GP): 0.029321 | RMSE omega (Sim): 0.095194
    Loss: 48.8193 | Epoch: 28
    Eq omega: -0.000931 + -0.05704theta + 0.00939omega + -0.22708theta^2 + -0.00062theta omega + -0.00506omega^2
    Eq omega Phys: -0.001597*omega**2 - 7.0e-6*omega*theta + 0.000333*omega - 8.0e-5*theta**2 + 0.000419*theta - 0.000541
    Diffusion: theta=9.278501e-03, omega=4.493190e-05

--- Chunk 51566 (87/220) | Start: 2025-02-19 16:55:00 ---
    RMSE omega (GP): 0.010706 | RMSE omega (Sim): 0.213460
    Loss: 0.6689 | Epoch: 1728
    Eq omega: -0.002961 + 0.00249theta + -0.00569omega + 0.00126theta^2 + -0.00126theta omega + 0.00190omega^2
    Eq omega Phys: 0.000559*omega**2 - 1.2e-5*omega*theta - 0.000353*omega + 1.4e-5*theta + 9.8e-5
    Diffusion: theta=3.117392e-04, omega=4.021700e-05

--- Chunk 51567 (88/220) | Start: 2025-02-19 17:00:00 ---
    RMSE omega (GP): 0.010959 | RMSE omega (Sim): 0.123427
    Loss: 3.1774 | Epoch: 995
    Eq omega: -0.007481 + -0.25453theta + -0.00452omega + 0.00069theta^2 + 0.00423theta omega + 0.00088omega^2
    Eq omega Phys: 0.000301*omega**2 + 4.8e-5*omega*theta + 0.000391*omega - 0.000277*theta - 0.003171
    Diffusion: theta=9.462404e-04, omega=3.025302e-05

--- Chunk 51568 (89/220) | Start: 2025-02-19 17:05:00 ---
    RMSE omega (GP): 0.011198 | RMSE omega (Sim): 0.092546
    Loss: 7.5135 | Epoch: 2349
    Eq omega: -0.005171 + -0.00041theta + -0.00296omega + -0.00018theta^2 + -0.00021theta omega + 0.00011omega^2
    Eq omega Phys: 4.7e-5*omega**2 - 3.0e-6*omega*theta - 5.3e-5*omega + 2.0e-6*theta - 2.6e-5
    Diffusion: theta=2.243883e-03, omega=3.356387e-05

--- Chunk 51569 (90/220) | Start: 2025-02-19 17:10:00 ---
    RMSE omega (GP): 0.015982 | RMSE omega (Sim): 0.127058
    Loss: -221.9255 | Epoch: 398
    Eq omega: 0.025141 + -0.80984theta + -0.00363omega + 0.07187theta^2 + 0.09430theta omega + 0.05745omega^2
    Eq omega Phys: 0.021599*omega**2 + 0.001182*omega*theta + 0.00283*omega + 3.0e-5*theta**2 - 0.00075*theta - 0.001985
    Diffusion: theta=1.278538e-02, omega=1.553915e-05

--- Chunk 51570 (91/220) | Start: 2025-02-19 17:15:00 ---
    RMSE omega (GP): nan | RMSE omega (Sim): nan
    Loss: 512.5194 | Epoch: 32
    Eq omega: nan1 + nantheta + nanomega + nantheta^2 + nantheta omega + nanomega^2
    Eq omega Phys: N/A
    Diffusion: theta=nan, omega=nan

--- Chunk 51571 (92/220) | Start: 2025-02-19 17:20:00 ---
    RMSE omega (GP): 0.009669 | RMSE omega (Sim): 0.082259
    Loss: 5.3472 | Epoch: 1218
    Eq omega: -0.001361 + 0.00029theta + -0.00002omega + 0.00037theta^2 + 0.00111theta omega + 0.00512omega^2
    Eq omega Phys: 0.002282*omega**2 + 1.6e-5*omega*theta - 1.1e-5*omega - 4.0e-6
    Diffusion: theta=3.579337e-04, omega=3.839071e-05

--- Chunk 51572 (93/220) | Start: 2025-02-19 17:25:00 ---
    RMSE omega (GP): 0.022952 | RMSE omega (Sim): 0.096295
    Loss: 36.0832 | Epoch: 178
    Eq omega: -0.001381 + -0.03264theta + 0.00276omega + -0.00026theta^2 + -0.00375theta omega + 0.00128omega^2
    Eq omega Phys: 0.00051*omega**2 - 5.0e-5*omega*theta + 0.000616*omega - 3.4e-5*theta + 0.000364
    Diffusion: theta=1.158277e-03, omega=1.760080e-05

--- Chunk 51573 (94/220) | Start: 2025-02-19 17:30:00 ---
    RMSE omega (GP): 0.010823 | RMSE omega (Sim): 0.061897
    Loss: 17.8065 | Epoch: 1389
    Eq omega: 0.000661 + 0.00019theta + -0.00153omega + 0.00012theta^2 + -0.00090theta omega + 0.00122omega^2
    Eq omega Phys: 0.000751*omega**2 - 1.8e-5*omega*theta + 9.6e-5*omega - 1.0e-6*theta + 5.0e-6
    Diffusion: theta=1.059200e-03, omega=2.106304e-05

--- Chunk 51574 (95/220) | Start: 2025-02-19 17:35:00 ---
    RMSE omega (GP): 0.009460 | RMSE omega (Sim): 0.071745
    Loss: 10.6003 | Epoch: 1248
    Eq omega: -0.001411 + -0.49095theta + -0.00653omega + 0.00099theta^2 + -0.00320theta omega + -0.01581omega^2
    Eq omega Phys: -0.009187*omega**2 - 6.2e-5*omega*theta - 0.000183*omega + 1.0e-6*theta**2 - 0.000546*theta + 0.0003
    Diffusion: theta=1.592446e-04, omega=3.314846e-05

--- Chunk 51575 (96/220) | Start: 2025-02-19 17:40:00 ---
    RMSE omega (GP): 0.009395 | RMSE omega (Sim): 0.078984
    Loss: 4.9476 | Epoch: 913
    Eq omega: 0.000271 + -0.01343theta + 0.00990omega + 0.00315theta^2 + -0.00008theta omega + 0.00174omega^2
    Eq omega Phys: 0.00078*omega**2 - 1.0e-6*omega*theta + 0.000333*omega + 2.0e-6*theta**2 - 2.3e-5*theta + 4.7e-5
    Diffusion: theta=1.221938e-03, omega=3.206338e-05

--- Chunk 51576 (97/220) | Start: 2025-02-19 17:45:00 ---
    RMSE omega (GP): 0.009433 | RMSE omega (Sim): 0.086556
    Loss: 3.5068 | Epoch: 1565
    Eq omega: -0.004991 + 0.00175theta + -0.00172omega + -0.00063theta^2 + 0.00029theta omega + 0.00297omega^2
    Eq omega Phys: 0.001176*omega**2 + 4.0e-6*omega*theta - 6.9e-5*omega + 4.0e-6*theta - 2.2e-5
    Diffusion: theta=8.403145e-04, omega=5.150580e-05

--- Chunk 51577 (98/220) | Start: 2025-02-19 17:50:00 ---
    RMSE omega (GP): 0.014590 | RMSE omega (Sim): 0.092535
    Loss: 19.6709 | Epoch: 1140
    Eq omega: 0.001381 + -0.00024theta + -0.00019omega + -0.00068theta^2 + 0.00101theta omega + -0.00009omega^2
    Eq omega Phys: -4.4e-5*omega**2 + 1.6e-5*omega*theta - 0.000193*omega + 8.0e-6*theta - 4.2e-5
    Diffusion: theta=4.919072e-04, omega=3.923754e-05

--- Chunk 51578 (99/220) | Start: 2025-02-19 17:55:00 ---
    RMSE omega (GP): 0.011243 | RMSE omega (Sim): 0.068256
    Loss: 13.3729 | Epoch: 1569
    Eq omega: -0.008351 + -0.00052theta + -0.00177omega + 0.00017theta^2 + -0.00027theta omega + 0.00231omega^2
    Eq omega Phys: 0.001228*omega**2 - 5.0e-6*omega*theta - 6.0e-6*omega - 3.0e-6*theta + 1.0e-6
    Diffusion: theta=2.223447e-03, omega=2.635461e-05

--- Chunk 51579 (100/220) | Start: 2025-02-19 18:00:00 ---
    RMSE omega (GP): 0.009574 | RMSE omega (Sim): 0.061668
    Loss: 10.5676 | Epoch: 1597
    Eq omega: -0.004341 + -0.00040theta + -0.00395omega + 0.00000theta^2 + -0.00063theta omega + 0.00062omega^2
    Eq omega Phys: 0.000339*omega**2 - 1.1e-5*omega*theta + 2.0e-5*omega - 3.0e-6
    Diffusion: theta=4.013524e-04, omega=3.417350e-05

  [Progress 100/220] Mean RMSE omega (GP): 0.014344 | (Sim): 0.097651 | Mean loss: 205.1113 | Valid GP: 82/100 | Valid Sim: 80/100 | Elapsed: 34.6min | ETA: 41.5min

--- Chunk 51580 (101/220) | Start: 2025-02-19 18:05:00 ---
    RMSE omega (GP): 0.009810 | RMSE omega (Sim): 0.064082
    Loss: 10.4860 | Epoch: 1873
    Eq omega: -0.002361 + -0.00030theta + 0.00073omega + -0.00003theta^2 + -0.00027theta omega + 0.00111omega^2
    Eq omega Phys: 0.000609*omega**2 - 5.0e-6*omega*theta + 9.3e-5*omega - 4.0e-6
    Diffusion: theta=6.723365e-04, omega=2.840875e-05

--- Chunk 51581 (102/220) | Start: 2025-02-19 18:10:00 ---
    RMSE omega (GP): 0.010747 | RMSE omega (Sim): 0.137319
    Loss: 8.2517 | Epoch: 1193
    Eq omega: -0.000871 + 0.00077theta + 0.00437omega + 0.00006theta^2 + 0.00098theta omega + 0.00027omega^2
    Eq omega Phys: 0.000124*omega**2 + 1.5e-5*omega*theta + 5.8e-5*omega - 6.0e-6
    Diffusion: theta=2.053387e-04, omega=4.081753e-05

--- Chunk 51582 (103/220) | Start: 2025-02-19 18:15:00 ---
    RMSE omega (GP): 0.009908 | RMSE omega (Sim): 0.100675
    Loss: 3.8476 | Epoch: 1960
    Eq omega: 0.004931 + -0.90477theta + 0.01029omega + 0.06198theta^2 + 0.02158theta omega + 0.00460omega^2
    Eq omega Phys: 0.001838*omega**2 + 0.000287*omega*theta - 0.00033*omega + 2.8e-5*theta**2 - 0.001134*theta + 0.002519
    Diffusion: theta=7.502616e-04, omega=5.202602e-05

--- Chunk 51583 (104/220) | Start: 2025-02-19 18:20:00 ---
    RMSE omega (GP): 0.008916 | RMSE omega (Sim): 0.090017
    Loss: 3.0742 | Epoch: 1814
    Eq omega: 0.001491 + 0.00118theta + -0.00083omega + -0.00265theta^2 + 0.00686theta omega + 0.00096omega^2
    Eq omega Phys: 0.000407*omega**2 + 9.7e-5*omega*theta - 0.000764*omega - 1.0e-6*theta**2 + 2.0e-5*theta - 7.8e-5
    Diffusion: theta=1.325778e-04, omega=2.147601e-05

--- Chunk 51584 (105/220) | Start: 2025-02-19 18:25:00 ---
    RMSE omega (GP): 0.008905 | RMSE omega (Sim): 0.074672
    Loss: 6.1682 | Epoch: 1773
    Eq omega: -0.001521 + 0.00014theta + -0.00309omega + -0.00018theta^2 + 0.00008theta omega + -0.00393omega^2
    Eq omega Phys: -0.001971*omega**2 + 1.0e-6*omega*theta - 0.000124*omega + 3.0e-6*theta - 3.0e-5
    Diffusion: theta=4.315267e-04, omega=1.625485e-05

--- Chunk 51585 (106/220) | Start: 2025-02-19 18:30:00 ---
    RMSE omega (GP): 0.010352 | RMSE omega (Sim): 0.081715
    Loss: 18.1074 | Epoch: 1456
    Eq omega: 0.003821 + -0.00059theta + -0.00120omega + 0.00005theta^2 + 0.00017theta omega + -0.00024omega^2
    Eq omega Phys: -0.000154*omega**2 + 4.0e-6*omega*theta - 7.7e-5*omega - 1.0e-6*theta + 1.7e-5
    Diffusion: theta=2.944292e-04, omega=2.642786e-05

--- Chunk 51586 (107/220) | Start: 2025-02-19 18:35:00 ---
    RMSE omega (GP): 0.007942 | RMSE omega (Sim): 0.054896
    Loss: 8.4850 | Epoch: 2188
    Eq omega: -0.004161 + -0.00020theta + -0.00212omega + -0.00008theta^2 + 0.00029theta omega + 0.00041omega^2
    Eq omega Phys: 0.000258*omega**2 + 6.0e-6*omega*theta - 0.000166*omega + 2.0e-6*theta - 1.8e-5
    Diffusion: theta=2.447782e-04, omega=2.232130e-05

--- Chunk 51587 (108/220) | Start: 2025-02-19 18:40:00 ---
    RMSE omega (GP): 0.020984 | RMSE omega (Sim): 0.052589
    Loss: 78.3636 | Epoch: 150
    Eq omega: -0.000901 + -0.02158theta + -0.00273omega + -0.00074theta^2 + 0.00062theta omega + 0.00015omega^2
    Eq omega Phys: 9.4e-5*omega**2 + 1.3e-5*omega*theta - 0.000192*omega - 0.e-6*theta**2 - 1.6e-5*theta + 0.000154
    Diffusion: theta=1.714902e-03, omega=1.134688e-05

--- Chunk 51588 (109/220) | Start: 2025-02-19 18:45:00 ---
    RMSE omega (GP): 0.035431 | RMSE omega (Sim): 0.088273
    Loss: 280.0569 | Epoch: 61
    Eq omega: -0.007081 + -0.00156theta + 0.00185omega + 0.00059theta^2 + -0.00161theta omega + -0.00022omega^2
    Eq omega Phys: -0.000146*omega**2 - 3.6e-5*omega*theta + 0.000295*omega - 7.0e-6*theta + 1.8e-5
    Diffusion: theta=2.700577e-03, omega=3.546637e-06

--- Chunk 51589 (110/220) | Start: 2025-02-19 18:50:00 ---
    RMSE omega (GP): 0.009024 | RMSE omega (Sim): 0.062215
    Loss: 9.8547 | Epoch: 1148
    Eq omega: 0.003171 + 0.00016theta + 0.00691omega + -0.00066theta^2 + 0.00076theta omega + 0.00003omega^2
    Eq omega Phys: 1.7e-5*omega**2 + 1.4e-5*omega*theta + 5.7e-5*omega + 1.0e-5*theta - 5.6e-5
    Diffusion: theta=1.073055e-03, omega=2.684756e-05

--- Chunk 51590 (111/220) | Start: 2025-02-19 18:55:00 ---
    RMSE omega (GP): nan | RMSE omega (Sim): nan
    Loss: 255.6297 | Epoch: 27
    Eq omega: nan1 + nantheta + nanomega + nantheta^2 + nantheta omega + nanomega^2
    Eq omega Phys: N/A
    Diffusion: theta=nan, omega=nan

--- Chunk 51591 (112/220) | Start: 2025-02-19 19:00:00 ---
    RMSE omega (GP): 0.008003 | RMSE omega (Sim): 0.077190
    Loss: 2.2187 | Epoch: 1389
    Eq omega: 0.016181 + -0.61584theta + 0.00071omega + -0.01764theta^2 + -0.06465theta omega + 0.00347omega^2
    Eq omega Phys: 0.001535*omega**2 - 0.000953*omega*theta + 0.002216*omega - 9.0e-6*theta**2 - 0.000644*theta + 0.001568
    Diffusion: theta=2.345134e-04, omega=3.128668e-05

--- Chunk 51592 (113/220) | Start: 2025-02-19 19:05:00 ---
    RMSE omega (GP): 0.008576 | RMSE omega (Sim): 0.139892
    Loss: 0.6784 | Epoch: 1440
    Eq omega: 0.000561 + -1.01753theta + -0.03821omega + 0.21418theta^2 + 0.04592theta omega + -0.08334omega^2
    Eq omega Phys: -0.02942*omega**2 + 0.00054*omega*theta - 0.001562*omega + 8.4e-5*theta**2 - 0.00122*theta + 0.000628
    Diffusion: theta=7.880707e-04, omega=3.905618e-05

--- Chunk 51593 (114/220) | Start: 2025-02-19 19:10:00 ---
    RMSE omega (GP): 0.008106 | RMSE omega (Sim): 0.072293
    Loss: 5.1477 | Epoch: 1228
    Eq omega: 0.001201 + 0.00119theta + -0.00145omega + -0.00150theta^2 + -0.00100theta omega + -0.00545omega^2
    Eq omega Phys: -0.002805*omega**2 - 1.7e-5*omega*theta + 3.5e-5*omega - 0.e-6*theta**2 + 1.0e-5*theta - 2.4e-5
    Diffusion: theta=3.423233e-04, omega=4.613563e-05

--- Chunk 51594 (115/220) | Start: 2025-02-19 19:15:00 ---
    RMSE omega (GP): 0.008113 | RMSE omega (Sim): nan
    Loss: 2.7571 | Epoch: 1139
    Eq omega: 0.008571 + -1.77571theta + -0.00853omega + 1.25861theta^2 + -0.02047theta omega + 0.01935omega^2
    Eq omega Phys: 0.008612*omega**2 - 0.000304*omega*theta - 0.000232*omega + 0.000622*theta**2 - 0.002187*theta + 0.00038
    Diffusion: theta=2.636613e-04, omega=4.012122e-05

--- Chunk 51595 (116/220) | Start: 2025-02-19 19:20:00 ---
    RMSE omega (GP): nan | RMSE omega (Sim): nan
    Loss: 161.9731 | Epoch: 39
    Eq omega: nan1 + nantheta + nanomega + nantheta^2 + nantheta omega + nanomega^2
    Eq omega Phys: N/A
    Diffusion: theta=nan, omega=nan

--- Chunk 51596 (117/220) | Start: 2025-02-19 19:25:00 ---
    RMSE omega (GP): nan | RMSE omega (Sim): nan
    Loss: 329.4680 | Epoch: 30
    Eq omega: nan1 + nantheta + nanomega + nantheta^2 + nantheta omega + nanomega^2
    Eq omega Phys: N/A
    Diffusion: theta=nan, omega=nan

--- Chunk 51597 (118/220) | Start: 2025-02-19 19:30:00 ---
    RMSE omega (GP): 0.035481 | RMSE omega (Sim): 0.067196
    Loss: 150.9715 | Epoch: 565
    Eq omega: -0.036411 + -0.03106theta + 0.00416omega + -0.00052theta^2 + 0.00051theta omega + -0.00409omega^2
    Eq omega Phys: -0.002031*omega**2 + 8.0e-6*omega*theta + 1.4e-5*omega - 2.6e-5*theta + 0.000366
    Diffusion: theta=3.107726e-02, omega=3.518063e-05

--- Chunk 51598 (119/220) | Start: 2025-02-19 19:35:00 ---
    RMSE omega (GP): 0.013162 | RMSE omega (Sim): 0.087888
    Loss: 15.0979 | Epoch: 833
    Eq omega: 0.000151 + -0.00075theta + -0.00150omega + 0.00143theta^2 + 0.00067theta omega + 0.00503omega^2
    Eq omega Phys: 0.002405*omega**2 + 1.1e-5*omega*theta - 6.9e-5*omega + 1.0e-6*theta**2 - 3.0e-6*theta + 4.0e-6
    Diffusion: theta=1.565030e-03, omega=2.450748e-05

--- Chunk 51599 (120/220) | Start: 2025-02-19 19:40:00 ---
    RMSE omega (GP): 0.035567 | RMSE omega (Sim): 0.105505
    Loss: 106.6938 | Epoch: 49
    Eq omega: 0.000491 + -0.00363theta + 0.00115omega + -0.00231theta^2 + -0.00032theta omega + -0.00259omega^2
    Eq omega Phys: -0.001062*omega**2 - 4.0e-6*omega*theta + 6.9e-5*omega - 1.0e-6*theta**2 + 1.1e-5*theta - 2.1e-5
    Diffusion: theta=1.331657e-03, omega=7.052502e-06

--- Chunk 51600 (121/220) | Start: 2025-02-19 19:45:00 ---
    RMSE omega (GP): 0.011411 | RMSE omega (Sim): 0.142780
    Loss: 8.2164 | Epoch: 751
    Eq omega: 0.000431 + -0.00344theta + 0.00066omega + -0.00011theta^2 + -0.00034theta omega + -0.00052omega^2
    Eq omega Phys: -0.000226*omega**2 - 5.0e-6*omega*theta + 4.0e-6*omega - 4.0e-6*theta - 1.3e-5
    Diffusion: theta=2.375178e-04, omega=4.708017e-05

--- Chunk 51601 (122/220) | Start: 2025-02-19 19:50:00 ---
    RMSE omega (GP): 0.010157 | RMSE omega (Sim): 0.075976
    Loss: 8.2770 | Epoch: 1072
    Eq omega: -0.023641 + -2.16964theta + 0.00263omega + 0.01678theta^2 + 0.00497theta omega + -0.02218omega^2
    Eq omega Phys: -0.011001*omega**2 + 8.2e-5*omega*theta + 7.0e-5*omega + 9.0e-6*theta**2 - 0.002415*theta + 0.000467
    Diffusion: theta=7.998756e-04, omega=2.027092e-05

--- Chunk 51602 (123/220) | Start: 2025-02-19 19:55:00 ---
    RMSE omega (GP): nan | RMSE omega (Sim): nan
    Loss: 210.0394 | Epoch: 24
    Eq omega: nan1 + nantheta + nanomega + nantheta^2 + nantheta omega + nanomega^2
    Eq omega Phys: N/A
    Diffusion: theta=nan, omega=nan

--- Chunk 51603 (124/220) | Start: 2025-02-19 20:00:00 ---
    RMSE omega (GP): 0.008743 | RMSE omega (Sim): 0.099785
    Loss: 0.2603 | Epoch: 3205
    Eq omega: 0.008971 + -0.00019theta + 0.00160omega + 0.00010theta^2 + 0.00081theta omega + 0.00096omega^2
    Eq omega Phys: 0.00032*omega**2 + 9.0e-6*omega*theta + 0.000213*omega + 1.0e-6*theta + 3.8e-5
    Diffusion: theta=2.969128e-04, omega=3.851734e-05

--- Chunk 51604 (125/220) | Start: 2025-02-19 20:05:00 ---
    RMSE omega (GP): nan | RMSE omega (Sim): nan
    Loss: 167.8779 | Epoch: 87
    Eq omega: nan1 + nantheta + nanomega + nantheta^2 + nantheta omega + nanomega^2
    Eq omega Phys: N/A
    Diffusion: theta=nan, omega=nan

--- Chunk 51605 (126/220) | Start: 2025-02-19 20:10:00 ---
    RMSE omega (GP): 0.055097 | RMSE omega (Sim): 0.068062
    Loss: 401.0753 | Epoch: 35
    Eq omega: 0.001631 + -0.00239theta + -0.00134omega + -0.00184theta^2 + -0.00794theta omega + 0.00037omega^2
    Eq omega Phys: 0.000188*omega**2 - 0.000134*omega*theta + 0.000665*omega - 1.0e-6*theta**2 + 8.0e-6*theta - 1.1e-5
    Diffusion: theta=1.182608e-03, omega=4.339709e-06

--- Chunk 51606 (127/220) | Start: 2025-02-19 20:15:00 ---
    RMSE omega (GP): 0.009377 | RMSE omega (Sim): 0.082059
    Loss: 5.1002 | Epoch: 1478
    Eq omega: -0.000621 + 0.00014theta + -0.00183omega + 0.00054theta^2 + 0.00032theta omega + 0.00024omega^2
    Eq omega Phys: 0.000107*omega**2 + 5.0e-6*omega*theta - 8.9e-5*omega - 3.0e-6*theta + 7.0e-6
    Diffusion: theta=2.659749e-03, omega=2.836850e-05

--- Chunk 51607 (128/220) | Start: 2025-02-19 20:20:00 ---
/pfs/data6/home/ka/ka_iai/ka_bj2362/dsr/svise/run_analysis_5min_all_chunks_combo38.py:212: ODEintWarning: Repeated convergence failures (perhaps bad Jacobian or tolerances). Run with full_output = 1 to get quantitative information.
  sol_scaled = odeint(drift, x0_scaled, t_scaled, full_output=False)
    RMSE omega (GP): 0.022428 | RMSE omega (Sim): nan
    Loss: 50.1748 | Epoch: 77
    Eq omega: -0.000111 + -0.58579theta + 0.00494omega + 0.03648theta^2 + 0.33758theta omega + -0.00497omega^2
    Eq omega Phys: -0.002325*omega**2 + 0.005264*omega*theta - 0.009895*omega + 1.9e-5*theta**2 - 0.000723*theta + 0.001313
    Diffusion: theta=1.315445e-03, omega=9.907884e-06

--- Chunk 51608 (129/220) | Start: 2025-02-19 20:25:00 ---
    RMSE omega (GP): 0.009064 | RMSE omega (Sim): 0.088188
    Loss: 4.1837 | Epoch: 1090
    Eq omega: -0.005051 + -0.00495theta + 0.00050omega + -0.00040theta^2 + -0.00205theta omega + 0.00114omega^2
    Eq omega Phys: 0.000484*omega**2 - 2.9e-5*omega*theta + 0.000229*omega - 3.0e-6*theta + 1.7e-5
    Diffusion: theta=1.890661e-03, omega=4.419051e-05

--- Chunk 51609 (130/220) | Start: 2025-02-19 20:30:00 ---
    RMSE omega (GP): 0.008418 | RMSE omega (Sim): 0.073936
    Loss: 5.3955 | Epoch: 1432
    Eq omega: -0.003571 + 0.00055theta + 0.00580omega + 0.00070theta^2 + 0.00128theta omega + -0.00102omega^2
    Eq omega Phys: -0.000519*omega**2 + 2.2e-5*omega*theta + 0.000145*omega - 1.0e-6*theta - 7.0e-6
    Diffusion: theta=9.557842e-04, omega=4.798430e-05

--- Chunk 51610 (131/220) | Start: 2025-02-19 20:35:00 ---
    RMSE omega (GP): 0.008026 | RMSE omega (Sim): 0.117990
    Loss: 5.0758 | Epoch: 1000
    Eq omega: -0.021031 + 0.00801theta + -0.00157omega + 0.00102theta^2 + -0.00265theta omega + -0.01518omega^2
    Eq omega Phys: -0.007739*omega**2 - 4.5e-5*omega*theta + 0.000296*omega + 1.0e-6*theta**2 - 8.0e-5
    Diffusion: theta=1.707759e-03, omega=3.026356e-05

--- Chunk 51611 (132/220) | Start: 2025-02-19 20:40:00 ---
    RMSE omega (GP): 0.009765 | RMSE omega (Sim): 0.114005
    Loss: 4.7739 | Epoch: 947
    Eq omega: -0.000151 + -0.00797theta + -0.00293omega + -0.00009theta^2 + -0.00194theta omega + 0.00273omega^2
    Eq omega Phys: 0.001158*omega**2 - 2.7e-5*omega*theta - 4.5e-5*omega - 9.0e-6*theta + 1.7e-5
    Diffusion: theta=4.472323e-04, omega=4.828469e-05

--- Chunk 51612 (133/220) | Start: 2025-02-19 20:45:00 ---
    RMSE omega (GP): nan | RMSE omega (Sim): nan
    Loss: 16.9621 | Epoch: 124
    Eq omega: nan1 + nantheta + nanomega + nantheta^2 + nantheta omega + nanomega^2
    Eq omega Phys: N/A
    Diffusion: theta=nan, omega=nan

--- Chunk 51613 (134/220) | Start: 2025-02-19 20:50:00 ---
    RMSE omega (GP): 0.007706 | RMSE omega (Sim): 0.056609
    Loss: 2.7151 | Epoch: 713
    Eq omega: -0.005371 + -0.78461theta + 0.01155omega + -0.01646theta^2 + -0.00543theta omega + 0.04887omega^2
    Eq omega Phys: 0.022332*omega**2 - 8.3e-5*omega*theta + 0.000599*omega - 8.0e-6*theta**2 - 0.000829*theta + 0.002186
    Diffusion: theta=1.416501e-04, omega=4.786631e-05

--- Chunk 51614 (135/220) | Start: 2025-02-19 20:55:00 ---
    RMSE omega (GP): nan | RMSE omega (Sim): nan
    Loss: 10.4095 | Epoch: 103
    Eq omega: nan1 + nantheta + nanomega + nantheta^2 + nantheta omega + nanomega^2
    Eq omega Phys: N/A
    Diffusion: theta=nan, omega=nan

--- Chunk 51615 (136/220) | Start: 2025-02-19 21:00:00 ---
    RMSE omega (GP): 0.009982 | RMSE omega (Sim): 0.088544
    Loss: 4.7060 | Epoch: 930
    Eq omega: 0.009581 + -0.53669theta + -0.00155omega + 0.00037theta^2 + -0.00582theta omega + 0.01184omega^2
    Eq omega Phys: 0.004945*omega**2 - 8.1e-5*omega*theta - 0.00019*omega - 0.000596*theta - 0.000991
    Diffusion: theta=3.041081e-03, omega=3.819302e-05

--- Chunk 51616 (137/220) | Start: 2025-02-19 21:05:00 ---
    RMSE omega (GP): nan | RMSE omega (Sim): nan
    Loss: 11.4931 | Epoch: 125
    Eq omega: nan1 + nantheta + nanomega + nantheta^2 + nantheta omega + nanomega^2
    Eq omega Phys: N/A
    Diffusion: theta=nan, omega=nan

--- Chunk 51617 (138/220) | Start: 2025-02-19 21:10:00 ---
    RMSE omega (GP): 0.009088 | RMSE omega (Sim): 0.103405
    Loss: 1.4600 | Epoch: 1281
    Eq omega: 0.001471 + -0.00212theta + -0.00082omega + -0.00879theta^2 + -0.00251theta omega + -0.00491omega^2
    Eq omega Phys: -0.001763*omega**2 - 3.0e-5*omega*theta + 6.7e-5*omega - 4.0e-6*theta**2 + 2.0e-5*theta - 2.2e-5
    Diffusion: theta=2.726867e-04, omega=4.471739e-05

--- Chunk 51618 (139/220) | Start: 2025-02-19 21:15:00 ---
    RMSE omega (GP): 0.008418 | RMSE omega (Sim): 0.087797
    Loss: -0.9528 | Epoch: 1669
    Eq omega: 0.002511 + -0.66157theta + 0.00542omega + 0.00434theta^2 + 0.00701theta omega + -0.00050omega^2
    Eq omega Phys: -0.000147*omega**2 + 6.9e-5*omega*theta + 0.000545*omega + 1.0e-6*theta**2 - 0.00072*theta - 0.003844
    Diffusion: theta=2.877795e-04, omega=4.951005e-05

--- Chunk 51619 (140/220) | Start: 2025-02-19 21:20:00 ---
    RMSE omega (GP): 0.007897 | RMSE omega (Sim): 0.099285
    Loss: 2.8117 | Epoch: 1263
    Eq omega: 0.000441 + -0.00101theta + 0.00299omega + -0.00009theta^2 + -0.00085theta omega + 0.00009omega^2
    Eq omega Phys: 4.0e-5*omega**2 - 1.3e-5*omega*theta - 5.4e-5*omega - 2.0e-6*theta - 1.9e-5
    Diffusion: theta=5.734681e-04, omega=4.547732e-05

--- Chunk 51620 (141/220) | Start: 2025-02-19 21:25:00 ---
    RMSE omega (GP): 0.007351 | RMSE omega (Sim): 0.090731
    Loss: 1.4628 | Epoch: 789
    Eq omega: -0.033451 + -1.69902theta + -0.01362omega + -0.01271theta^2 + 0.01893theta omega + 0.00982omega^2
    Eq omega Phys: 0.004271*omega**2 + 0.000274*omega*theta - 0.000164*omega - 6.0e-6*theta**2 - 0.001901*theta - 0.00209
    Diffusion: theta=3.877734e-04, omega=4.347572e-05

--- Chunk 51621 (142/220) | Start: 2025-02-19 21:30:00 ---
    RMSE omega (GP): nan | RMSE omega (Sim): nan
    Loss: 7.1061 | Epoch: 126
    Eq omega: nan1 + nantheta + nanomega + nantheta^2 + nantheta omega + nanomega^2
    Eq omega Phys: N/A
    Diffusion: theta=nan, omega=nan

--- Chunk 51622 (143/220) | Start: 2025-02-19 21:35:00 ---
    RMSE omega (GP): 0.008055 | RMSE omega (Sim): 0.160502
    Loss: 0.5703 | Epoch: 1723
    Eq omega: -0.016981 + -1.97138theta + -0.01451omega + 0.20051theta^2 + -0.08094theta omega + -0.01134omega^2
    Eq omega Phys: -0.004199*omega**2 - 0.000999*omega*theta - 0.004366*omega + 8.2e-5*theta**2 - 0.001549*theta - 0.007318
    Diffusion: theta=1.261330e-03, omega=2.911201e-05

--- Chunk 51623 (144/220) | Start: 2025-02-19 21:40:00 ---
    RMSE omega (GP): 0.011739 | RMSE omega (Sim): 0.120626
    Loss: 11.9887 | Epoch: 656
    Eq omega: -0.000681 + -0.01930theta + -0.00327omega + 0.00335theta^2 + -0.00746theta omega + 0.00228omega^2
    Eq omega Phys: 0.000997*omega**2 - 0.000109*omega*theta + 0.000424*omega + 2.0e-6*theta**2 - 3.7e-5*theta + 0.000143
    Diffusion: theta=3.160891e-01, omega=3.870239e-04

--- Chunk 51624 (145/220) | Start: 2025-02-19 21:45:00 ---
    RMSE omega (GP): nan | RMSE omega (Sim): nan
    Loss: 6.0428 | Epoch: 189
    Eq omega: nan1 + nantheta + nanomega + nantheta^2 + nantheta omega + nanomega^2
    Eq omega Phys: N/A
    Diffusion: theta=nan, omega=nan

--- Chunk 51625 (146/220) | Start: 2025-02-19 21:50:00 ---
    RMSE omega (GP): 0.007196 | RMSE omega (Sim): 0.183738
    Loss: -0.7847 | Epoch: 711
    Eq omega: 0.222691 + -1.20883theta + 0.00796omega + -0.02681theta^2 + -0.04799theta omega + 0.03612omega^2
    Eq omega Phys: 0.011869*omega**2 - 0.000526*omega*theta - 0.001235*omega - 1.0e-5*theta**2 - 0.001399*theta - 0.003159
    Diffusion: theta=2.091946e-04, omega=4.295681e-05

--- Chunk 51626 (147/220) | Start: 2025-02-19 21:55:00 ---
    RMSE omega (GP): 0.007691 | RMSE omega (Sim): 0.131869
    Loss: 0.7834 | Epoch: 813
    Eq omega: -0.006161 + -2.24729theta + 0.00293omega + -0.07967theta^2 + -0.01771theta omega + 0.04597omega^2
    Eq omega Phys: 0.017807*omega**2 - 0.000229*omega*theta + 0.000477*omega - 3.4e-5*theta**2 - 0.002383*theta + 0.004031
    Diffusion: theta=3.335986e-04, omega=4.123453e-05

--- Chunk 51627 (148/220) | Start: 2025-02-19 22:00:00 ---
    RMSE omega (GP): nan | RMSE omega (Sim): nan
    Loss: 20.0167 | Epoch: 78
    Eq omega: nan1 + nantheta + nanomega + nantheta^2 + nantheta omega + nanomega^2
    Eq omega Phys: N/A
    Diffusion: theta=nan, omega=nan

--- Chunk 51628 (149/220) | Start: 2025-02-19 22:05:00 ---
    RMSE omega (GP): 0.007825 | RMSE omega (Sim): 0.102598
    Loss: 2.6647 | Epoch: 927
    Eq omega: -0.001171 + -1.29506theta + 0.00589omega + 0.01401theta^2 + 0.01308theta omega + 0.00814omega^2
    Eq omega Phys: 0.003695*omega**2 + 0.000198*omega*theta + 0.000646*omega + 7.0e-6*theta**2 - 0.001407*theta - 0.003238
    Diffusion: theta=1.075780e-03, omega=3.295952e-05

--- Chunk 51629 (150/220) | Start: 2025-02-19 22:10:00 ---
    RMSE omega (GP): 0.047872 | RMSE omega (Sim): 0.064791
    Loss: 356.6691 | Epoch: 29
    Eq omega: 0.004131 + 0.00205theta + 0.00674omega + 0.00046theta^2 + 0.00114theta omega + 0.00618omega^2
    Eq omega Phys: 0.003171*omega**2 + 1.9e-5*omega*theta + 8.3e-5*omega - 2.0e-6*theta + 6.0e-6
    Diffusion: theta=5.824006e-03, omega=6.146653e-06

  [Progress 150/220] Mean RMSE omega (GP): 0.014203 | (Sim): 0.096767 | Mean loss: 155.3003 | Valid GP: 121/150 | Valid Sim: 117/150 | Elapsed: 49.3min | ETA: 23.0min

--- Chunk 51630 (151/220) | Start: 2025-02-19 22:15:00 ---
    RMSE omega (GP): nan | RMSE omega (Sim): nan
    Loss: 68.1458 | Epoch: 81
    Eq omega: nan1 + nantheta + nanomega + nantheta^2 + nantheta omega + nanomega^2
    Eq omega Phys: N/A
    Diffusion: theta=nan, omega=nan

--- Chunk 51631 (152/220) | Start: 2025-02-19 22:20:00 ---
    RMSE omega (GP): 0.007668 | RMSE omega (Sim): 0.184792
    Loss: 1.4532 | Epoch: 1664
    Eq omega: -0.002801 + -0.00079theta + -0.00226omega + 0.00010theta^2 + 0.00071theta omega + -0.00059omega^2
    Eq omega Phys: -0.000238*omega**2 + 1.0e-5*omega*theta + 3.7e-5*omega - 1.2e-5
    Diffusion: theta=6.888027e-04, omega=2.402434e-05

--- Chunk 51632 (153/220) | Start: 2025-02-19 22:25:00 ---
    RMSE omega (GP): 0.007748 | RMSE omega (Sim): 0.081440
    Loss: 5.8867 | Epoch: 2293
    Eq omega: -0.000111 + 0.00025theta + -0.00749omega + -0.00009theta^2 + 0.00069theta omega + 0.01090omega^2
    Eq omega Phys: 0.006445*omega**2 + 1.4e-5*omega*theta - 7.0e-5*omega - 1.0e-6*theta - 7.0e-6
    Diffusion: theta=7.315287e-04, omega=3.964925e-05

--- Chunk 51633 (154/220) | Start: 2025-02-19 22:30:00 ---
    RMSE omega (GP): 0.006922 | RMSE omega (Sim): 0.065445
    Loss: 17.1470 | Epoch: 3985
    Eq omega: -0.002451 + -0.00020theta + -0.00069omega + -0.00004theta^2 + -0.00001theta omega + 0.00024omega^2
    Eq omega Phys: 0.000198*omega**2 - 2.9e-5*omega - 2.0e-6*theta - 2.4e-5
    Diffusion: theta=4.365016e-04, omega=1.741749e-05

--- Chunk 51634 (155/220) | Start: 2025-02-19 22:35:00 ---
    RMSE omega (GP): 0.028923 | RMSE omega (Sim): 0.079126
    Loss: 81.6388 | Epoch: 114
    Eq omega: 0.001071 + 0.00009theta + -0.00219omega + 0.00001theta^2 + 0.00010theta omega + 0.00091omega^2
    Eq omega Phys: 0.000418*omega**2 + 2.0e-6*omega*theta - 4.6e-5*omega + 6.0e-6
    Diffusion: theta=3.175326e-03, omega=1.487441e-05

--- Chunk 51635 (156/220) | Start: 2025-02-19 22:40:00 ---
    RMSE omega (GP): 0.008353 | RMSE omega (Sim): 0.155860
    Loss: 0.7369 | Epoch: 1000
    Eq omega: -0.001791 + -0.00414theta + 0.00419omega + -0.00031theta^2 + 0.00165theta omega + 0.00286omega^2
    Eq omega Phys: 0.001041*omega**2 + 2.0e-5*omega*theta + 0.000322*omega - 7.0e-6*theta - 5.8e-5
    Diffusion: theta=1.340272e-03, omega=3.508614e-05

--- Chunk 51636 (157/220) | Start: 2025-02-19 22:45:00 ---
    RMSE omega (GP): nan | RMSE omega (Sim): nan
    Loss: 248.4984 | Epoch: 54
    Eq omega: nan1 + nantheta + nanomega + nantheta^2 + nantheta omega + nanomega^2
    Eq omega Phys: N/A
    Diffusion: theta=nan, omega=nan

--- Chunk 51637 (158/220) | Start: 2025-02-19 22:50:00 ---
    RMSE omega (GP): 0.009546 | RMSE omega (Sim): 0.202520
    Loss: 0.4915 | Epoch: 1554
    Eq omega: 0.003701 + -0.00045theta + 0.00148omega + -0.00002theta^2 + 0.00002theta omega + 0.00101omega^2
    Eq omega Phys: 0.000305*omega**2 + 4.8e-5*omega + 1.6e-5
    Diffusion: theta=2.276246e-03, omega=3.399177e-05

--- Chunk 51638 (159/220) | Start: 2025-02-19 22:55:00 ---
    RMSE omega (GP): 0.008465 | RMSE omega (Sim): 0.169144
    Loss: 0.2534 | Epoch: 1015
    Eq omega: -0.002231 + -0.00009theta + -0.00077omega + -0.00011theta^2 + -0.00048theta omega + 0.00121omega^2
    Eq omega Phys: 0.000443*omega**2 - 6.0e-6*omega*theta + 5.2e-5*omega + 1.0e-6*theta - 1.3e-5
    Diffusion: theta=1.165639e-03, omega=2.626156e-05

--- Chunk 51639 (160/220) | Start: 2025-02-19 23:00:00 ---
    RMSE omega (GP): 0.008473 | RMSE omega (Sim): 0.089380
    Loss: 2.9503 | Epoch: 2623
    Eq omega: 0.003581 + -0.00035theta + -0.00053omega + -0.00021theta^2 + -0.00010theta omega + -0.00025omega^2
    Eq omega Phys: -0.000108*omega**2 - 1.0e-6*omega*theta + 6.0e-6*omega + 3.0e-6*theta - 1.1e-5
    Diffusion: theta=2.863233e-03, omega=3.429257e-05

--- Chunk 51640 (161/220) | Start: 2025-02-19 23:05:00 ---
    RMSE omega (GP): 0.041283 | RMSE omega (Sim): 0.087526
    Loss: 171.5477 | Epoch: 28
    Eq omega: -0.000121 + -0.00380theta + 0.00083omega + -0.00112theta^2 + -0.00037theta omega + -0.00100omega^2
    Eq omega Phys: -0.000444*omega**2 - 5.0e-6*omega*theta + 1.7e-5*omega - 0.e-6*theta**2 - 6.0e-6*theta - 1.1e-5
    Diffusion: theta=8.024014e-03, omega=1.848916e-05

--- Chunk 51641 (162/220) | Start: 2025-02-19 23:10:00 ---
    RMSE omega (GP): 0.007885 | RMSE omega (Sim): 0.060581
    Loss: 1.5584 | Epoch: 1265
    Eq omega: 0.033791 + -1.47793theta + -0.00451omega + -0.02617theta^2 + -0.01265theta omega + 0.02413omega^2
    Eq omega Phys: 0.00963*omega**2 - 0.000168*omega*theta - 8.0e-5*omega - 1.2e-5*theta**2 - 0.001632*theta + 0.000779
    Diffusion: theta=8.777371e-04, omega=3.657207e-05

--- Chunk 51642 (163/220) | Start: 2025-02-19 23:15:00 ---
    RMSE omega (GP): 0.007168 | RMSE omega (Sim): 0.124123
    Loss: -1.2748 | Epoch: 1713
    Eq omega: 0.002391 + -0.00062theta + -0.00013omega + -0.00099theta^2 + -0.00053theta omega + 0.00010omega^2
    Eq omega Phys: 3.1e-5*omega**2 - 5.0e-6*omega*theta + 7.2e-5*omega + 9.0e-6*theta - 4.9e-5
    Diffusion: theta=2.379111e-04, omega=2.941791e-05

--- Chunk 51643 (164/220) | Start: 2025-02-19 23:20:00 ---
    RMSE omega (GP): 0.008077 | RMSE omega (Sim): 0.150838
    Loss: -0.1221 | Epoch: 1139
    Eq omega: -0.006281 + -0.04324theta + 0.00047omega + 0.00201theta^2 + 0.00007theta omega + 0.01553omega^2
    Eq omega Phys: 0.004979*omega**2 + 1.0e-6*omega*theta + 1.5e-5*omega + 1.0e-6*theta**2 - 4.9e-5*theta + 1.4e-5
    Diffusion: theta=9.803018e-04, omega=6.268871e-05

--- Chunk 51644 (165/220) | Start: 2025-02-19 23:25:00 ---
    RMSE omega (GP): 0.005741 | RMSE omega (Sim): 0.126996
    Loss: -0.7651 | Epoch: 1478
    Eq omega: -0.007651 + -0.71629theta + 0.00138omega + -0.00501theta^2 + 0.00468theta omega + 0.00095omega^2
    Eq omega Phys: 0.000368*omega**2 + 6.0e-5*omega*theta + 0.000231*omega - 2.0e-6*theta**2 - 0.000809*theta - 0.002484
    Diffusion: theta=2.187184e-04, omega=4.686077e-05

--- Chunk 51645 (166/220) | Start: 2025-02-19 23:30:00 ---
    RMSE omega (GP): 0.006337 | RMSE omega (Sim): 0.070307
    Loss: 0.4728 | Epoch: 928
    Eq omega: -0.002281 + -0.05682theta + 0.00184omega + 0.00022theta^2 + 0.00177theta omega + -0.00680omega^2
    Eq omega Phys: -0.003172*omega**2 + 2.8e-5*omega*theta - 7.1e-5*omega - 6.4e-5*theta + 0.0003
    Diffusion: theta=7.256275e-04, omega=2.319212e-05

--- Chunk 51646 (167/220) | Start: 2025-02-19 23:35:00 ---
    RMSE omega (GP): 0.005995 | RMSE omega (Sim): 0.114004
    Loss: 3.1189 | Epoch: 1105
    Eq omega: -0.000091 + 0.00014theta + -0.00039omega + -0.00005theta^2 + 0.00128theta omega + 0.00200omega^2
    Eq omega Phys: 0.00115*omega**2 + 2.5e-5*omega*theta - 0.000183*omega + 1.0e-6*theta - 3.0e-6
    Diffusion: theta=1.996548e-03, omega=3.317846e-05

--- Chunk 51647 (168/220) | Start: 2025-02-19 23:40:00 ---
    RMSE omega (GP): 0.007147 | RMSE omega (Sim): 0.088533
    Loss: 5.0538 | Epoch: 1941
    Eq omega: -0.000671 + 0.00008theta + -0.00246omega + 0.00002theta^2 + -0.00012theta omega + -0.00051omega^2
    Eq omega Phys: -0.000311*omega**2 - 2.0e-6*omega*theta - 3.5e-5*omega + 2.0e-6
    Diffusion: theta=1.335625e-03, omega=2.105272e-05

--- Chunk 51648 (169/220) | Start: 2025-02-19 23:45:00 ---
    RMSE omega (GP): 0.006590 | RMSE omega (Sim): 0.091409
    Loss: 0.8904 | Epoch: 2520
    Eq omega: 0.000361 + 0.00051theta + -0.00945omega + -0.00287theta^2 + 0.00049theta omega + -0.00194omega^2
    Eq omega Phys: -0.000891*omega**2 + 8.0e-6*omega*theta - 0.000413*omega - 1.0e-6*theta**2 + 3.9e-5*theta - 0.000255
    Diffusion: theta=1.158582e-03, omega=1.630154e-05

--- Chunk 51649 (170/220) | Start: 2025-02-19 23:50:00 ---
    RMSE omega (GP): 0.007204 | RMSE omega (Sim): 0.079408
    Loss: 2.2986 | Epoch: 1322
    Eq omega: 0.004221 + -0.00194theta + 0.00001omega + 0.00021theta^2 + 0.00008theta omega + 0.00088omega^2
    Eq omega Phys: 0.000399*omega**2 + 1.0e-6*omega*theta - 1.3e-5*omega - 5.0e-6*theta + 4.8e-5
    Diffusion: theta=5.145802e-04, omega=3.985513e-05

--- Chunk 51650 (171/220) | Start: 2025-02-19 23:55:00 ---
    RMSE omega (GP): 0.009180 | RMSE omega (Sim): 0.086378
    Loss: 1.0290 | Epoch: 1265
    Eq omega: -0.000521 + -0.00229theta + 0.00063omega + 0.00015theta^2 + -0.00169theta omega + -0.00600omega^2
    Eq omega Phys: -0.002456*omega**2 - 2.3e-5*omega*theta + 0.000281*omega - 4.0e-6*theta + 3.6e-5
    Diffusion: theta=3.494453e-04, omega=4.634432e-05

--- Chunk 51651 (172/220) | Start: 2025-02-20 00:00:00 ---
    RMSE omega (GP): 0.019764 | RMSE omega (Sim): 0.091441
    Loss: 24.4825 | Epoch: 509
    Eq omega: -0.000941 + 0.00006theta + 0.00052omega + -0.00015theta^2 + -0.00004theta omega + 0.00033omega^2
    Eq omega Phys: 0.000122*omega**2 + 3.3e-5*omega + 4.0e-6*theta - 6.8e-5
    Diffusion: theta=nan, omega=nan

--- Chunk 51652 (173/220) | Start: 2025-02-20 00:05:00 ---
    RMSE omega (GP): nan | RMSE omega (Sim): nan
    Loss: 847.7723 | Epoch: 37
    Eq omega: nan1 + nantheta + nanomega + nantheta^2 + nantheta omega + nanomega^2
    Eq omega Phys: N/A
    Diffusion: theta=nan, omega=nan

--- Chunk 51653 (174/220) | Start: 2025-02-20 00:10:00 ---
    RMSE omega (GP): nan | RMSE omega (Sim): nan
    Loss: 7125.9312 | Epoch: 25
    Eq omega: nan1 + nantheta + nanomega + nantheta^2 + nantheta omega + nanomega^2
    Eq omega Phys: N/A
    Diffusion: theta=nan, omega=nan

--- Chunk 51654 (175/220) | Start: 2025-02-20 00:15:00 ---
    RMSE omega (GP): nan | RMSE omega (Sim): nan
    Loss: 544.7958 | Epoch: 27
    Eq omega: nan1 + nantheta + nanomega + nantheta^2 + nantheta omega + nanomega^2
    Eq omega Phys: N/A
    Diffusion: theta=nan, omega=nan

--- Chunk 51655 (176/220) | Start: 2025-02-20 00:20:00 ---
    RMSE omega (GP): 0.011951 | RMSE omega (Sim): 0.117788
    Loss: 17.7519 | Epoch: 669
    Eq omega: -0.000991 + 0.00091theta + -0.00120omega + -0.00002theta^2 + -0.00013theta omega + -0.00013omega^2
    Eq omega Phys: -5.9e-5*omega**2 - 2.0e-6*omega*theta - 2.4e-5*omega + 1.0e-6*theta - 1.1e-5
    Diffusion: theta=1.809436e-01, omega=2.197287e-04

--- Chunk 51656 (177/220) | Start: 2025-02-20 00:25:00 ---
    RMSE omega (GP): 0.026872 | RMSE omega (Sim): 0.120976
    Loss: 45.9480 | Epoch: 79
    Eq omega: 0.002361 + -0.04850theta + 0.00399omega + 0.00003theta^2 + 0.00140theta omega + 0.00233omega^2
    Eq omega Phys: 0.000836*omega**2 + 1.7e-5*omega*theta + 0.000243*omega - 5.4e-5*theta - 0.000348
    Diffusion: theta=1.243433e-02, omega=2.573692e-05

--- Chunk 51657 (178/220) | Start: 2025-02-20 00:30:00 ---
    RMSE omega (GP): 0.007504 | RMSE omega (Sim): 0.137896
    Loss: 0.4945 | Epoch: 1376
    Eq omega: 0.000321 + -0.00052theta + -0.00053omega + 0.00105theta^2 + 0.00071theta omega + -0.00078omega^2
    Eq omega Phys: -0.000284*omega**2 + 9.0e-6*omega*theta + 3.9e-5*omega + 5.0e-6*theta + 1.6e-5
    Diffusion: theta=5.871843e-04, omega=6.121187e-05

--- Chunk 51658 (179/220) | Start: 2025-02-20 00:35:00 ---
    RMSE omega (GP): 0.009882 | RMSE omega (Sim): 0.123102
    Loss: 3.1235 | Epoch: 1365
    Eq omega: 0.016011 + -1.08197theta + 0.05294omega + -0.19418theta^2 + -0.04659theta omega + 0.34699omega^2
    Eq omega Phys: 0.128586*omega**2 - 0.000576*omega*theta + 0.001669*omega - 8.0e-5*theta**2 - 0.001229*theta - 0.000155
    Diffusion: theta=1.114581e-03, omega=3.847522e-05

--- Chunk 51659 (180/220) | Start: 2025-02-20 00:40:00 ---
    RMSE omega (GP): 0.007957 | RMSE omega (Sim): 0.066660
    Loss: 0.2649 | Epoch: 1275
    Eq omega: -0.000661 + -0.46551theta + 0.00238omega + -0.00283theta^2 + 0.11809theta omega + 0.00366omega^2
    Eq omega Phys: 0.001306*omega**2 + 0.001405*omega*theta + 0.007346*omega - 1.0e-6*theta**2 - 0.000529*theta - 0.002707
    Diffusion: theta=1.485029e-03, omega=4.105823e-05

--- Chunk 51660 (181/220) | Start: 2025-02-20 00:45:00 ---
    RMSE omega (GP): 0.007390 | RMSE omega (Sim): 0.072397
    Loss: 0.1846 | Epoch: 1286
    Eq omega: -0.003391 + -0.61132theta + 0.00938omega + 0.01917theta^2 + 0.00226theta omega + 0.00344omega^2
    Eq omega Phys: 0.00136*omega**2 + 3.0e-5*omega*theta + 0.00039*omega + 8.0e-6*theta**2 - 0.000635*theta - 0.001725
    Diffusion: theta=1.623399e-04, omega=4.651161e-05

--- Chunk 51661 (182/220) | Start: 2025-02-20 00:50:00 ---
    RMSE omega (GP): 0.006183 | RMSE omega (Sim): nan
    Loss: -1.2033 | Epoch: 1147
    Eq omega: -0.017701 + 0.00283theta + 0.00774omega + 0.02654theta^2 + -0.00062theta omega + 0.05942omega^2
    Eq omega Phys: 0.021086*omega**2 - 7.0e-6*omega*theta + 0.000269*omega + 1.0e-5*theta**2 - 2.9e-5*theta - 3.5e-5
    Diffusion: theta=3.767537e-04, omega=4.623389e-05

--- Chunk 51662 (183/220) | Start: 2025-02-20 00:55:00 ---
    RMSE omega (GP): 0.007092 | RMSE omega (Sim): 0.102927
    Loss: -0.5206 | Epoch: 1619
    Eq omega: 0.009671 + -0.32226theta + 0.00594omega + -0.00204theta^2 + 0.00283theta omega + 0.01529omega^2
    Eq omega Phys: 0.005454*omega**2 + 3.4e-5*omega*theta - 1.1e-5*omega - 0.e-6*theta**2 - 0.000348*theta + 0.002219
    Diffusion: theta=4.048815e-04, omega=4.619068e-05

--- Chunk 51663 (184/220) | Start: 2025-02-20 01:00:00 ---
    RMSE omega (GP): 0.006556 | RMSE omega (Sim): 0.066779
    Loss: 1.6314 | Epoch: 790
    Eq omega: 0.009231 + -0.92132theta + 0.00681omega + -0.00777theta^2 + -0.00073theta omega + 0.00523omega^2
    Eq omega Phys: 0.002556*omega**2 - 1.2e-5*omega*theta + 0.00022*omega - 4.0e-6*theta**2 - 0.001028*theta - 0.000554
    Diffusion: theta=2.854301e-04, omega=3.773484e-05

--- Chunk 51664 (185/220) | Start: 2025-02-20 01:05:00 ---
    RMSE omega (GP): 0.007324 | RMSE omega (Sim): 0.121292
    Loss: -1.5804 | Epoch: 1653
    Eq omega: 0.006331 + -0.50260theta + 0.00523omega + 0.00136theta^2 + -0.00337theta omega + 0.01229omega^2
    Eq omega Phys: 0.003634*omega**2 - 3.3e-5*omega*theta - 0.000123*omega - 0.00055*theta - 0.00494
    Diffusion: theta=1.990608e-04, omega=4.360025e-05

--- Chunk 51665 (186/220) | Start: 2025-02-20 01:10:00 ---
    RMSE omega (GP): 0.008546 | RMSE omega (Sim): nan
    Loss: 3.8422 | Epoch: 1563
    Eq omega: 1.163891 + -3.46529theta + -0.03475omega + -4.08883theta^2 + 0.10057theta omega + -0.03473omega^2
    Eq omega Phys: -0.01572*omega**2 + 0.001517*omega*theta - 0.005661*omega - 0.002056*theta**2 + 0.008354*theta - 0.003824
    Diffusion: theta=2.355768e-04, omega=4.158363e-05

--- Chunk 51666 (187/220) | Start: 2025-02-20 01:15:00 ---
    RMSE omega (GP): 0.006319 | RMSE omega (Sim): 0.097706
    Loss: -1.1548 | Epoch: 1571
    Eq omega: -0.000651 + -0.56968theta + -0.02453omega + 0.00208theta^2 + -0.00706theta omega + 0.02221omega^2
    Eq omega Phys: 0.007662*omega**2 - 8.1e-5*omega*theta - 0.001444*omega + 1.0e-6*theta**2 - 0.000621*theta - 0.004839
    Diffusion: theta=2.917175e-04, omega=4.023678e-05

--- Chunk 51667 (188/220) | Start: 2025-02-20 01:20:00 ---
    RMSE omega (GP): 0.007305 | RMSE omega (Sim): 0.083508
    Loss: 3.8114 | Epoch: 954
    Eq omega: 0.013571 + -1.11300theta + -0.08289omega + -0.01253theta^2 + 0.01110theta omega + -0.00769omega^2
    Eq omega Phys: -0.004147*omega**2 + 0.0002*omega*theta - 0.003254*omega - 8.0e-6*theta**2 - 0.0012*theta + 0.003025
    Diffusion: theta=1.755411e-04, omega=3.259291e-05

--- Chunk 51668 (189/220) | Start: 2025-02-20 01:25:00 ---
    RMSE omega (GP): 0.007096 | RMSE omega (Sim): 0.081132
    Loss: 1.1205 | Epoch: 1205
    Eq omega: -0.011961 + -1.35650theta + -0.00954omega + -0.01831theta^2 + 0.02950theta omega + -0.01447omega^2
    Eq omega Phys: -0.006133*omega**2 + 0.000417*omega*theta + 0.00096*omega - 9.0e-6*theta**2 - 0.00156*theta - 0.004736
    Diffusion: theta=1.028204e-03, omega=4.459626e-05

--- Chunk 51669 (190/220) | Start: 2025-02-20 01:30:00 ---
    RMSE omega (GP): 0.023140 | RMSE omega (Sim): 0.124615
    Loss: 39.5760 | Epoch: 343
    Eq omega: 0.004761 + -0.03712theta + -0.00049omega + 0.00135theta^2 + -0.01140theta omega + -0.00826omega^2
    Eq omega Phys: -0.003145*omega**2 - 0.000145*omega*theta + 0.000342*omega + 1.0e-6*theta**2 - 4.4e-5*theta + 0.000119
    Diffusion: theta=3.310499e-01, omega=2.150263e-04

--- Chunk 51670 (191/220) | Start: 2025-02-20 01:35:00 ---
    RMSE omega (GP): 0.008709 | RMSE omega (Sim): 0.159894
    Loss: 1.6459 | Epoch: 965
    Eq omega: -0.001731 + -0.63687theta + 0.00359omega + -0.00037theta^2 + 0.00920theta omega + 0.00398omega^2
    Eq omega Phys: 0.00147*omega**2 + 0.000113*omega*theta - 0.000284*omega - 0.000707*theta + 0.002518
    Diffusion: theta=7.118305e-04, omega=5.721014e-05

--- Chunk 51671 (192/220) | Start: 2025-02-20 01:40:00 ---
    RMSE omega (GP): 0.006544 | RMSE omega (Sim): 0.123311
    Loss: -0.9717 | Epoch: 1639
    Eq omega: -0.002761 + 0.00092theta + 0.00362omega + 0.00020theta^2 + -0.00137theta omega + -0.00073omega^2
    Eq omega Phys: -0.000245*omega**2 - 1.5e-5*omega*theta - 4.3e-5*omega + 3.0e-6*theta + 1.0e-5
    Diffusion: theta=1.050194e-03, omega=5.321125e-05

--- Chunk 51672 (193/220) | Start: 2025-02-20 01:45:00 ---
    RMSE omega (GP): 0.007206 | RMSE omega (Sim): 0.101636
    Loss: -5851.9238 | Epoch: 1222
    Eq omega: -0.001321 + 0.00058theta + -0.00120omega + 0.00020theta^2 + 0.00065theta omega + -0.00045omega^2
    Eq omega Phys: -0.000171*omega**2 + 8.0e-6*omega*theta + 1.4e-5*omega + 2.0e-6*theta + 4.0e-6
    Diffusion: theta=5.597773e-02, omega=1.212303e-04

--- Chunk 51673 (194/220) | Start: 2025-02-20 01:50:00 ---
    RMSE omega (GP): 0.008557 | RMSE omega (Sim): 0.091216
    Loss: 0.3714 | Epoch: 1059
    Eq omega: -0.001131 + -0.40292theta + 0.00967omega + 0.00410theta^2 + -0.00762theta omega + -0.00647omega^2
    Eq omega Phys: -0.002172*omega**2 - 8.5e-5*omega*theta + 0.00033*omega + 2.0e-6*theta**2 - 0.000448*theta + 3.4e-5
    Diffusion: theta=3.017938e-04, omega=4.279583e-05

--- Chunk 51674 (195/220) | Start: 2025-02-20 01:55:00 ---
    RMSE omega (GP): 0.021029 | RMSE omega (Sim): 0.146336
    Loss: 18.0383 | Epoch: 66
    Eq omega: -0.003101 + -0.32341theta + -0.00420omega + -0.02703theta^2 + 0.00545theta omega + 0.00171omega^2
    Eq omega Phys: 0.00051*omega**2 + 5.4e-5*omega*theta - 0.000156*omega - 9.0e-6*theta**2 - 0.000354*theta + 9.4e-5
    Diffusion: theta=nan, omega=nan

--- Chunk 51675 (196/220) | Start: 2025-02-20 02:00:00 ---
    RMSE omega (GP): nan | RMSE omega (Sim): nan
    Loss: 81.0989 | Epoch: 56
    Eq omega: nan1 + nantheta + nanomega + nantheta^2 + nantheta omega + nanomega^2
    Eq omega Phys: N/A
    Diffusion: theta=nan, omega=nan

--- Chunk 51676 (197/220) | Start: 2025-02-20 02:05:00 ---
    RMSE omega (GP): 0.005899 | RMSE omega (Sim): 0.145825
    Loss: -0.6352 | Epoch: 1033
    Eq omega: -0.001421 + 0.00271theta + 0.00111omega + -0.00036theta^2 + -0.00052theta omega + 0.00127omega^2
    Eq omega Phys: 0.0005*omega**2 - 7.0e-6*omega*theta + 0.000114*omega + 7.0e-6*theta - 5.8e-5
    Diffusion: theta=8.961482e-04, omega=3.850129e-05

--- Chunk 51677 (198/220) | Start: 2025-02-20 02:10:00 ---
    RMSE omega (GP): nan | RMSE omega (Sim): nan
    Loss: 164.5048 | Epoch: 32
    Eq omega: nan1 + nantheta + nanomega + nantheta^2 + nantheta omega + nanomega^2
    Eq omega Phys: N/A
    Diffusion: theta=nan, omega=nan

--- Chunk 51678 (199/220) | Start: 2025-02-20 02:15:00 ---
    RMSE omega (GP): 0.007466 | RMSE omega (Sim): 0.072188
    Loss: 2.7274 | Epoch: 830
    Eq omega: -0.005241 + -0.00332theta + -0.00025omega + -0.00245theta^2 + -0.00120theta omega + -0.00195omega^2
    Eq omega Phys: -0.000901*omega**2 - 1.8e-5*omega*theta - 0.000156*omega - 1.0e-6*theta**2 - 2.4e-5*theta - 0.000123
    Diffusion: theta=9.461817e-04, omega=3.200732e-05

--- Chunk 51679 (200/220) | Start: 2025-02-20 02:20:00 ---
    RMSE omega (GP): 0.006812 | RMSE omega (Sim): 0.085274
    Loss: -0.7409 | Epoch: 1310
    Eq omega: 0.011001 + -0.30307theta + -0.05440omega + 0.00252theta^2 + -0.01347theta omega + 0.01398omega^2
    Eq omega Phys: 0.004796*omega**2 - 0.000154*omega*theta - 0.003476*omega + 1.0e-6*theta**2 - 0.000316*theta - 0.003487
    Diffusion: theta=8.367426e-04, omega=2.912927e-05

  [Progress 200/220] Mean RMSE omega (GP): 0.013173 | (Sim): 0.099769 | Mean loss: 134.8822 | Valid GP: 164/200 | Valid Sim: 158/200 | Elapsed: 67.8min | ETA: 6.8min

--- Chunk 51680 (201/220) | Start: 2025-02-20 02:25:00 ---
    RMSE omega (GP): 0.011549 | RMSE omega (Sim): 0.076560
    Loss: 7.8087 | Epoch: 2855
    Eq omega: -0.003611 + -0.03924theta + 0.00135omega + -0.00148theta^2 + -0.00007theta omega + -0.00048omega^2
    Eq omega Phys: -0.000259*omega**2 - 1.0e-6*omega*theta + 8.0e-6*omega - 0.e-6*theta**2 - 9.6e-5*theta - 0.002042
    Diffusion: theta=1.526073e-03, omega=2.436728e-05

--- Chunk 51681 (202/220) | Start: 2025-02-20 02:30:00 ---
    RMSE omega (GP): 0.007246 | RMSE omega (Sim): 0.288293
    Loss: -2.5176 | Epoch: 2317
    Eq omega: 0.000581 + -0.00270theta + -0.00152omega + -0.00071theta^2 + 0.00355theta omega + -0.00060omega^2
    Eq omega Phys: -0.000133*omega**2 + 2.6e-5*omega*theta + 0.000114*omega - 5.0e-6*theta - 2.3e-5
    Diffusion: theta=2.296909e-03, omega=4.921958e-05

--- Chunk 51682 (203/220) | Start: 2025-02-20 02:35:00 ---
    RMSE omega (GP): 0.013728 | RMSE omega (Sim): 0.073079
    Loss: 4.8355 | Epoch: 114
    Eq omega: 0.052791 + -0.66095theta + -0.02647omega + -0.23338theta^2 + -0.00813theta omega + 0.12808omega^2
    Eq omega Phys: 0.037473*omega**2 - 7.9e-5*omega*theta - 0.001069*omega - 7.6e-5*theta**2 - 0.001092*theta - 0.00195
    Diffusion: theta=3.850993e-03, omega=3.340775e-05

--- Chunk 51683 (204/220) | Start: 2025-02-20 02:40:00 ---
    RMSE omega (GP): 0.043046 | RMSE omega (Sim): 0.090432
    Loss: 176.5711 | Epoch: 49
    Eq omega: -0.012631 + -0.00966theta + -0.00019omega + -0.00035theta^2 + 0.00032theta omega + -0.00469omega^2
    Eq omega Phys: -0.001732*omega**2 + 4.0e-6*omega*theta - 8.1e-5*omega - 5.0e-6*theta + 0.000114
    Diffusion: theta=nan, omega=nan

--- Chunk 51684 (205/220) | Start: 2025-02-20 02:45:00 ---
    RMSE omega (GP): 0.034914 | RMSE omega (Sim): 0.157501
    Loss: 123.2201 | Epoch: 610
    Eq omega: -0.001241 + -0.00046theta + 0.00014omega + -0.00001theta^2 + -0.00002theta omega + 0.00054omega^2
    Eq omega Phys: 0.000272*omega**2 + 1.3e-5*omega + 7.0e-6
    Diffusion: theta=4.369614e+00, omega=4.899384e-03

--- Chunk 51685 (206/220) | Start: 2025-02-20 02:50:00 ---
    RMSE omega (GP): nan | RMSE omega (Sim): nan
    Loss: 14336.8887 | Epoch: 20
    Eq omega: nan1 + nantheta + nanomega + nantheta^2 + nantheta omega + nanomega^2
    Eq omega Phys: N/A
    Diffusion: theta=nan, omega=nan

--- Chunk 51686 (207/220) | Start: 2025-02-20 02:55:00 ---
    RMSE omega (GP): 0.006932 | RMSE omega (Sim): 0.137048
    Loss: -0.6450 | Epoch: 1253
    Eq omega: 0.001661 + -0.00090theta + 0.00167omega + -0.00018theta^2 + -0.00002theta omega + 0.00172omega^2
    Eq omega Phys: 0.000591*omega**2 + 5.9e-5*omega + 1.0e-6*theta + 4.0e-6
    Diffusion: theta=1.098533e-03, omega=3.290382e-05

--- Chunk 51687 (208/220) | Start: 2025-02-20 03:00:00 ---
    RMSE omega (GP): 0.008588 | RMSE omega (Sim): 0.290932
    Loss: 6.1216 | Epoch: 2272
    Eq omega: -0.006431 + 0.00140theta + 0.00168omega + -0.00017theta^2 + 0.00013theta omega + -0.00360omega^2
    Eq omega Phys: -0.001845*omega**2 + 2.0e-6*omega*theta + 9.7e-5*omega - 2.0e-6*theta - 1.8e-5
    Diffusion: theta=1.519867e-03, omega=2.750413e-05

--- Chunk 51688 (209/220) | Start: 2025-02-20 03:05:00 ---
    RMSE omega (GP): 0.009154 | RMSE omega (Sim): 0.189546
    Loss: -1.2418 | Epoch: 938
    Eq omega: -0.000021 + -0.00020theta + 0.00010omega + 0.00000theta^2 + 0.00031theta omega + -0.00033omega^2
    Eq omega Phys: -7.8e-5*omega**2 + 2.0e-6*omega*theta + 5.1e-5*omega - 4.0e-6
    Diffusion: theta=8.519571e-04, omega=7.517952e-05

--- Chunk 51689 (210/220) | Start: 2025-02-20 03:10:00 ---
    RMSE omega (GP): nan | RMSE omega (Sim): nan
    Loss: 160.6294 | Epoch: 21
    Eq omega: nan1 + nantheta + nanomega + nantheta^2 + nantheta omega + nanomega^2
    Eq omega Phys: N/A
    Diffusion: theta=nan, omega=nan

--- Chunk 51690 (211/220) | Start: 2025-02-20 03:15:00 ---
    RMSE omega (GP): nan | RMSE omega (Sim): nan
    Loss: 144.1074 | Epoch: 43
    Eq omega: nan1 + nantheta + nanomega + nantheta^2 + nantheta omega + nanomega^2
    Eq omega Phys: N/A
    Diffusion: theta=nan, omega=nan

--- Chunk 51691 (212/220) | Start: 2025-02-20 03:20:00 ---
    RMSE omega (GP): 0.007318 | RMSE omega (Sim): 0.170024
    Loss: -2.0822 | Epoch: 1933
    Eq omega: 0.000791 + 0.00095theta + -0.00073omega + -0.00022theta^2 + 0.00007theta omega + 0.00195omega^2
    Eq omega Phys: 0.000554*omega**2 + 1.0e-6*omega*theta - 2.2e-5*omega + 1.0e-6*theta + 6.0e-6
    Diffusion: theta=1.821201e-04, omega=2.201471e-05

--- Chunk 51692 (213/220) | Start: 2025-02-20 03:25:00 ---
    RMSE omega (GP): 0.008563 | RMSE omega (Sim): 0.231805
    Loss: 0.1219 | Epoch: 964
    Eq omega: -0.124601 + -1.10606theta + -0.00192omega + -0.00634theta^2 + 0.58792theta omega + 0.02253omega^2
    Eq omega Phys: 0.007394*omega**2 + 0.006431*omega*theta + 0.008611*omega - 2.0e-6*theta**2 - 0.001235*theta - 0.002084
    Diffusion: theta=3.216978e-03, omega=2.442153e-05

--- Chunk 51693 (214/220) | Start: 2025-02-20 03:30:00 ---
    RMSE omega (GP): 0.009661 | RMSE omega (Sim): 0.068320
    Loss: 5.0744 | Epoch: 1935
    Eq omega: -0.000581 + -0.00006theta + 0.02207omega + 0.00016theta^2 + -0.00030theta omega + 0.00055omega^2
    Eq omega Phys: 0.000304*omega**2 - 6.0e-6*omega*theta + 0.000833*omega - 4.0e-6*theta + 3.0e-5
    Diffusion: theta=3.694994e-04, omega=3.081562e-05

--- Chunk 51694 (215/220) | Start: 2025-02-20 03:35:00 ---
    RMSE omega (GP): 0.006620 | RMSE omega (Sim): 0.104653
    Loss: 1.4469 | Epoch: 1822
    Eq omega: -0.010651 + -0.00094theta + -0.00022omega + 0.00009theta^2 + 0.00039theta omega + -0.00217omega^2
    Eq omega Phys: -0.000994*omega**2 + 6.0e-6*omega*theta - 8.7e-5*omega - 2.0e-6*theta - 4.0e-6
    Diffusion: theta=5.121462e-03, omega=2.595858e-05

--- Chunk 51695 (216/220) | Start: 2025-02-20 03:40:00 ---
    RMSE omega (GP): 0.006298 | RMSE omega (Sim): 0.146425
    Loss: -2.0509 | Epoch: 1184
    Eq omega: -0.011291 + -0.84441theta + -0.01593omega + 0.49272theta^2 + 0.00227theta omega + -0.01696omega^2
    Eq omega Phys: -0.004475*omega**2 + 2.0e-5*omega*theta - 0.00045*omega + 0.000144*theta**2 + 0.000229*theta - 0.00148
    Diffusion: theta=2.325186e-03, omega=4.023976e-05

--- Chunk 51696 (217/220) | Start: 2025-02-20 03:45:00 ---
    RMSE omega (GP): 0.009478 | RMSE omega (Sim): 0.297684
    Loss: 0.6544 | Epoch: 1340
    Eq omega: -0.018321 + -0.04803theta + -0.00431omega + -0.04263theta^2 + -0.01178theta omega + -0.01516omega^2
    Eq omega Phys: -0.00491*omega**2 - 0.000127*omega*theta - 0.001123*omega - 1.5e-5*theta**2 - 0.00029*theta - 0.001383
    Diffusion: theta=9.335256e-04, omega=3.086275e-05

--- Chunk 51697 (218/220) | Start: 2025-02-20 03:50:00 ---
    RMSE omega (GP): 0.006688 | RMSE omega (Sim): 0.146316
    Loss: -1.0483 | Epoch: 1600
    Eq omega: -0.010671 + -0.25084theta + -0.01371omega + 0.03118theta^2 + 0.00524theta omega + 0.00670omega^2
    Eq omega Phys: 0.002244*omega**2 + 5.9e-5*omega*theta - 0.001017*omega + 1.2e-5*theta**2 - 0.000501*theta + 0.003695
    Diffusion: theta=3.156564e-04, omega=4.186989e-05

--- Chunk 51698 (219/220) | Start: 2025-02-20 03:55:00 ---
    RMSE omega (GP): 0.008595 | RMSE omega (Sim): 0.207402
    Loss: -0.4637 | Epoch: 1479
    Eq omega: -0.000181 + -0.00024theta + -0.00050omega + -0.00032theta^2 + 0.00054theta omega + 0.00052omega^2
    Eq omega Phys: 0.000166*omega**2 + 6.0e-6*omega*theta + 2.5e-5*omega - 2.0e-6*theta - 8.0e-6
    Diffusion: theta=5.614621e-04, omega=3.464504e-05

--- Chunk 51699 (220/220) | Start: 2025-02-20 04:00:00 ---
    RMSE omega (GP): nan | RMSE omega (Sim): nan
    Loss: 15896.0166 | Epoch: 16
    Eq omega: nan1 + nantheta + nanomega + nantheta^2 + nantheta omega + nanomega^2
    Eq omega Phys: N/A
    Diffusion: theta=nan, omega=nan

  [Progress 220/220] Mean RMSE omega (GP): 0.013104 | (Sim): 0.105974 | Mean loss: 262.8631 | Valid GP: 180/220 | Valid Sim: 174/220 | Elapsed: 75.4min | ETA: 0.0min

============================================================
EVALUATION COMPLETE — Chunks [51480, 51699]
============================================================
Chunks processed: 220
Chunks succeeded GP:  180 (81.8%)
Chunks succeeded Sim: 174 (79.1%)
Mean GP RMSE omega:   0.013104 ± 0.011009
Mean SIM RMSE omega:  0.105974 ± 0.045746
Mean Loss:            262.8631 ± 1657.0775
Elapsed time:     75.4 minutes

Per-chunk CSV: /pfs/data6/home/ka/ka_iai/ka_bj2362/dsr/svise/results_5min_all_chunks/run_SLURM_3733209_combo38/chunks_51480_to_51699_20260323_035305.csv
Summary JSON:  /pfs/data6/home/ka/ka_iai/ka_bj2362/dsr/svise/results_5min_all_chunks/run_SLURM_3733209_combo38/summary_51480_to_51699_20260323_035305.json
============================================================
 lsoda--  warning..internal t (=r1) and h (=r2) are  
       such that in the machine, t + h = t on the next step  
       (h = step size). solver will continue anyway  
      in above,  r1 =  0.4670355727405D+01   r2 =  0.3769666940831D-15
 lsoda--  warning..internal t (=r1) and h (=r2) are  
       such that in the machine, t + h = t on the next step  
       (h = step size). solver will continue anyway  
      in above,  r1 =  0.4670355727405D+01   r2 =  0.3769666940831D-15
 lsoda--  warning..internal t (=r1) and h (=r2) are  
       such that in the machine, t + h = t on the next step  
       (h = step size). solver will continue anyway  
      in above,  r1 =  0.4670355727405D+01   r2 =  0.3121218593874D-15
 lsoda--  warning..internal t (=r1) and h (=r2) are  
       such that in the machine, t + h = t on the next step  
       (h = step size). solver will continue anyway  
      in above,  r1 =  0.4670355727405D+01   r2 =  0.3121218593874D-15
 lsoda--  warning..internal t (=r1) and h (=r2) are  
       such that in the machine, t + h = t on the next step  
       (h = step size). solver will continue anyway  
      in above,  r1 =  0.4670355727405D+01   r2 =  0.3121218593874D-15
 lsoda--  warning..internal t (=r1) and h (=r2) are  
       such that in the machine, t + h = t on the next step  
       (h = step size). solver will continue anyway  
      in above,  r1 =  0.4670355727405D+01   r2 =  0.3121218593874D-15
 lsoda--  warning..internal t (=r1) and h (=r2) are  
       such that in the machine, t + h = t on the next step  
       (h = step size). solver will continue anyway  
      in above,  r1 =  0.4670355727405D+01   r2 =  0.3121218593874D-15
 lsoda--  warning..internal t (=r1) and h (=r2) are  
       such that in the machine, t + h = t on the next step  
       (h = step size). solver will continue anyway  
      in above,  r1 =  0.4670355727405D+01   r2 =  0.2497781658602D-15
 lsoda--  warning..internal t (=r1) and h (=r2) are  
       such that in the machine, t + h = t on the next step  
       (h = step size). solver will continue anyway  
      in above,  r1 =  0.4670355727405D+01   r2 =  0.2497781658602D-15
 lsoda--  warning..internal t (=r1) and h (=r2) are  
       such that in the machine, t + h = t on the next step  
       (h = step size). solver will continue anyway  
      in above,  r1 =  0.4670355727405D+01   r2 =  0.2068119724998D-15
 lsoda--  above warning has been issued i1 times.    
       it will not be issued again for this problem  
      in above message,  i1 =        10
 lsoda--  at t (=r1) and step size h (=r2), the      
       corrector convergence failed repeatedly       
       or with abs(h) = hmin    l
      in above,  r1 =  0.5095578662277D+01   r2 =  0.5473514485414D-11

============================= JOB FEEDBACK =============================

NodeName=uc3n037
Job ID: 3733500
Array Job ID: 3733209_234
Cluster: uc3
User/Group: ka_bj2362/ka_iai
State: COMPLETED (exit code 0)
Nodes: 1
Cores per node: 4
CPU Utilized: 01:15:03
CPU Efficiency: 24.76% of 05:03:08 core-walltime
Job Wall-clock time: 01:15:47
Memory Utilized: 3.26 GB
Memory Efficiency: 27.17% of 12.00 GB (12.00 GB/node)
