Array task 427: processing chunks 93940 to 94159
Loading data from /pfs/data6/home/ka/ka_iai/ka_bj2362/dsr/svise/../dataset/South_Korea_2024-08-15_2025-08-31_1s.parquet...
Finding all valid 5-minute chunks in the dataset...
Found 107059 valid 5-minute chunks in total.

============================================================
SVISE FINAL EVALUATION — ALL CHUNKS
============================================================
Hyperparameters: {
  "model": "integrator",
  "sigma": 0,
  "degree": 2,
  "tau": 1e-05,
  "lr": 0.1,
  "n_tau": 50,
  "measurement_noise": 0.001,
  "n_reparam_samples": 15
}
Total valid chunks in dataset: 107059
Processing chunk range: [93940, 94159] (220 chunks)
Early stopping: patience=300, max_epochs=10000
============================================================


--- Chunk 93940 (1/220) | Start: 2025-07-17 07:25:00 ---
/pfs/data6/home/ka/ka_iai/ka_bj2362/dsr/svise/svise/sde_learning/_marginal_sde.py:284: UserWarning: torch.triangular_solve is deprecated in favor of torch.linalg.solve_triangularand will be removed in a future PyTorch release.
torch.linalg.solve_triangular has its arguments reversed and does not return a copy of one of the inputs.
X = torch.triangular_solve(B, A).solution
should be replaced with
X = torch.linalg.solve_triangular(A, B). (Triggered internally at ../aten/src/ATen/native/BatchLinearAlgebra.cpp:2192.)
  return torch.triangular_solve(self.raw_w, self.C.t()).solution
/pfs/data6/home/ka/ka_iai/ka_bj2362/dsr/svise/svise/quadrature/_unbiased_quadrature.py:196: UserWarning: Interp is nan, reducing interp degree.
  warnings.warn("Interp is nan, reducing interp degree.")
    RMSE omega (GP): 0.009570 | RMSE omega (Sim): 0.092963
    Loss: 7.2880 | Epoch: 1358
    Eq omega: -0.000751 + -0.00156theta + -0.00056omega + 0.00095theta^2 + -0.00114theta omega + -0.00053omega^2
    Eq omega Phys: -0.000264*omega**2 - 1.9e-5*omega*theta - 0.000128*omega + 1.0e-6*theta**2 + 4.0e-6*theta + 6.0e-6
    Diffusion: theta=1.352753e-04, omega=3.064144e-05

--- Chunk 93941 (2/220) | Start: 2025-07-17 07:30:00 ---
    RMSE omega (GP): 0.010498 | RMSE omega (Sim): 0.118223
    Loss: 11.1311 | Epoch: 1098
    Eq omega: 0.002171 + -0.00162theta + -0.00214omega + -0.00006theta^2 + 0.00130theta omega + -0.00010omega^2
    Eq omega Phys: -5.3e-5*omega**2 + 2.3e-5*omega*theta + 3.4e-5*omega - 2.0e-6*theta - 5.0e-6
    Diffusion: theta=7.862807e-04, omega=3.530032e-05

--- Chunk 93942 (3/220) | Start: 2025-07-17 07:35:00 ---
    RMSE omega (GP): 0.011124 | RMSE omega (Sim): 0.129631
    Loss: 6.2157 | Epoch: 695
    Eq omega: 0.000051 + -0.00075theta + -0.00149omega + 0.00096theta^2 + -0.00076theta omega + -0.00300omega^2
    Eq omega Phys: -0.001211*omega**2 - 1.0e-5*omega*theta - 5.6e-5*omega
    Diffusion: theta=2.451490e-03, omega=4.135388e-05

--- Chunk 93943 (4/220) | Start: 2025-07-17 07:40:00 ---
    RMSE omega (GP): 0.010004 | RMSE omega (Sim): 0.065306
    Loss: 10.2723 | Epoch: 941
    Eq omega: -0.011641 + -0.31464theta + -0.00519omega + 0.00279theta^2 + -0.00155theta omega + -0.00378omega^2
    Eq omega Phys: -0.002052*omega**2 - 2.8e-5*omega*theta - 0.000225*omega + 2.0e-6*theta**2 - 0.000343*theta - 0.000667
    Diffusion: theta=1.247414e-03, omega=1.359237e-05

--- Chunk 93944 (5/220) | Start: 2025-07-17 07:45:00 ---
    RMSE omega (GP): 0.009480 | RMSE omega (Sim): 0.058352
    Loss: 10.5371 | Epoch: 858
    Eq omega: 0.003621 + 0.00225theta + -0.00025omega + -0.00029theta^2 + 0.00014theta omega + 0.00019omega^2
    Eq omega Phys: 0.000109*omega**2 + 3.0e-6*omega*theta - 1.1e-5*omega + 3.0e-6*theta + 4.0e-6
    Diffusion: theta=1.343550e-03, omega=2.932819e-05

--- Chunk 93945 (6/220) | Start: 2025-07-17 07:50:00 ---
    RMSE omega (GP): 0.010801 | RMSE omega (Sim): 0.111322
    Loss: 6.5109 | Epoch: 858
    Eq omega: 0.000921 + -0.00146theta + -0.00761omega + -0.00047theta^2 + 0.00017theta omega + 0.00185omega^2
    Eq omega Phys: 0.000782*omega**2 + 2.0e-6*omega*theta - 0.000275*omega + 2.0e-6*theta - 1.0e-6
    Diffusion: theta=6.980596e-04, omega=3.905099e-05

--- Chunk 93946 (7/220) | Start: 2025-07-17 07:55:00 ---
    RMSE omega (GP): 0.009817 | RMSE omega (Sim): 0.058938
    Loss: 8.7781 | Epoch: 721
    Eq omega: 0.032321 + -1.90685theta + 0.01155omega + 0.02306theta^2 + 0.02590theta omega + 0.00726omega^2
    Eq omega Phys: 0.003727*omega**2 + 0.000443*omega*theta + 8.4e-5*omega + 1.3e-5*theta**2 - 0.002137*theta + 0.001513
    Diffusion: theta=3.945654e-03, omega=2.368261e-05

--- Chunk 93947 (8/220) | Start: 2025-07-17 08:00:00 ---
    RMSE omega (GP): 0.008095 | RMSE omega (Sim): 0.066847
    Loss: 12.4746 | Epoch: 2211
    Eq omega: -0.001971 + -0.00015theta + 0.00431omega + 0.00009theta^2 + 0.00042theta omega + -0.00017omega^2
    Eq omega Phys: -0.000119*omega**2 + 1.0e-5*omega*theta + 2.9e-5*omega - 2.0e-6*theta + 8.0e-6
    Diffusion: theta=4.752707e-04, omega=2.598653e-05

--- Chunk 93948 (9/220) | Start: 2025-07-17 08:05:00 ---
    RMSE omega (GP): 0.008484 | RMSE omega (Sim): 0.067367
    Loss: 5.2081 | Epoch: 912
    Eq omega: -0.007611 + -0.10041theta + 0.00801omega + 0.01004theta^2 + 0.00008theta omega + 0.01111omega^2
    Eq omega Phys: 0.005499*omega**2 + 1.0e-6*omega*theta + 0.000262*omega + 6.0e-6*theta**2 - 0.000153*theta + 0.000476
    Diffusion: theta=9.758326e-04, omega=3.230545e-05

--- Chunk 93949 (10/220) | Start: 2025-07-17 08:10:00 ---
    RMSE omega (GP): 0.010172 | RMSE omega (Sim): 0.045842
    Loss: 9.0314 | Epoch: 1411
    Eq omega: 0.003621 + -0.20440theta + -0.00169omega + -0.00001theta^2 + -0.00060theta omega + -0.00006omega^2
    Eq omega Phys: -3.1e-5*omega**2 - 1.0e-5*omega*theta - 7.5e-5*omega - 0.000227*theta - 0.000399
    Diffusion: theta=5.357279e-04, omega=1.710067e-05

--- Chunk 93950 (11/220) | Start: 2025-07-17 08:15:00 ---
/pfs/data6/home/ka/ka_iai/ka_bj2362/dsr/svise/svise/quadrature/_unbiased_quadrature.py:174: UserWarning: NaN detected in fxq (quadrature node evaluations). Clamping to 0.
  warnings.warn("NaN detected in fxq (quadrature node evaluations). Clamping to 0.")
/pfs/data6/home/ka/ka_iai/ka_bj2362/dsr/svise/svise/quadrature/_unbiased_quadrature.py:177: UserWarning: NaN detected in fmc (Monte-Carlo node evaluations). Clamping to 0.
  warnings.warn("NaN detected in fmc (Monte-Carlo node evaluations). Clamping to 0.")
    RMSE omega (GP): 0.032475 | RMSE omega (Sim): 0.042101
    Loss: 432.8237 | Epoch: 55
    Eq omega: -0.001021 + -0.00030theta + -0.00362omega + -0.00004theta^2 + -0.00014theta omega + -0.00025omega^2
    Eq omega Phys: -0.000205*omega**2 - 4.0e-6*omega*theta - 8.4e-5*omega - 2.0e-6
    Diffusion: theta=nan, omega=nan

--- Chunk 93951 (12/220) | Start: 2025-07-17 08:20:00 ---
    RMSE omega (GP): nan | RMSE omega (Sim): nan
    Loss: 226.5203 | Epoch: 50
    Eq omega: nan1 + nantheta + nanomega + nantheta^2 + nantheta omega + nanomega^2
    Eq omega Phys: N/A
    Diffusion: theta=nan, omega=nan

--- Chunk 93952 (13/220) | Start: 2025-07-17 08:25:00 ---
    RMSE omega (GP): 0.021096 | RMSE omega (Sim): 0.091116
    Loss: 60.8659 | Epoch: 331
    Eq omega: 0.001331 + -0.00715theta + -0.00135omega + -0.00974theta^2 + -0.01208theta omega + 0.00075omega^2
    Eq omega Phys: 0.00039*omega**2 - 0.00021*omega*theta + 0.000153*omega - 6.0e-6*theta**2 + 3.0e-6*theta + 5.0e-6
    Diffusion: theta=8.023877e-03, omega=1.096406e-05

--- Chunk 93953 (14/220) | Start: 2025-07-17 08:30:00 ---
    RMSE omega (GP): 0.010077 | RMSE omega (Sim): 0.068012
    Loss: 15.7299 | Epoch: 1168
    Eq omega: -0.008741 + -0.00533theta + 0.00023omega + 0.00050theta^2 + 0.00124theta omega + 0.00115omega^2
    Eq omega Phys: 0.000733*omega**2 + 2.6e-5*omega*theta - 3.6e-5*omega - 7.0e-6*theta - 4.0e-6
    Diffusion: theta=6.758655e-05, omega=2.222098e-05

--- Chunk 93954 (15/220) | Start: 2025-07-17 08:35:00 ---
    RMSE omega (GP): 0.008984 | RMSE omega (Sim): 0.057901
    Loss: 2.7129 | Epoch: 1577
    Eq omega: 0.004281 + -0.38743theta + 0.00691omega + 0.00688theta^2 + 0.00933theta omega + -0.00539omega^2
    Eq omega Phys: -0.00225*omega**2 + 0.00013*omega*theta + 2.2e-5*omega + 3.0e-6*theta**2 - 0.000441*theta + 0.000709
    Diffusion: theta=2.283615e-04, omega=4.247618e-05

--- Chunk 93955 (16/220) | Start: 2025-07-17 08:40:00 ---
    RMSE omega (GP): 0.008571 | RMSE omega (Sim): 0.076870
    Loss: 8.6665 | Epoch: 1133
    Eq omega: -0.000461 + -0.00256theta + 0.00278omega + 0.00070theta^2 + -0.00658theta omega + 0.00055omega^2
    Eq omega Phys: 0.000321*omega**2 - 0.000128*omega*theta + 0.000376*omega - 5.0e-6*theta + 8.0e-6
    Diffusion: theta=2.902356e-04, omega=2.776493e-05

--- Chunk 93956 (17/220) | Start: 2025-07-17 08:45:00 ---
    RMSE omega (GP): 0.011513 | RMSE omega (Sim): 0.065999
    Loss: 25.4196 | Epoch: 1581
    Eq omega: 0.008791 + -0.00061theta + 0.00181omega + 0.00002theta^2 + 0.00006theta omega + 0.00025omega^2
    Eq omega Phys: 0.000165*omega**2 + 1.0e-6*omega*theta + 4.0e-5*omega - 1.0e-6*theta + 2.9e-5
    Diffusion: theta=1.199413e-03, omega=2.098833e-05

--- Chunk 93957 (18/220) | Start: 2025-07-17 08:50:00 ---
    RMSE omega (GP): 0.010615 | RMSE omega (Sim): 0.117042
    Loss: 6.3978 | Epoch: 1584
    Eq omega: -0.001281 + -0.00020theta + -0.00140omega + 0.00066theta^2 + -0.00094theta omega + -0.00322omega^2
    Eq omega Phys: -0.00162*omega**2 - 1.6e-5*omega*theta + 0.000132*omega - 9.0e-6*theta + 4.7e-5
    Diffusion: theta=3.542470e-04, omega=2.981043e-05

--- Chunk 93958 (19/220) | Start: 2025-07-17 08:55:00 ---
    RMSE omega (GP): 0.010282 | RMSE omega (Sim): 0.080972
    Loss: 15.2418 | Epoch: 2113
    Eq omega: 0.001771 + -0.00047theta + 0.00184omega + 0.00025theta^2 + -0.00014theta omega + -0.00064omega^2
    Eq omega Phys: -0.000391*omega**2 - 3.0e-6*omega*theta + 9.9e-5*omega - 5.0e-6*theta + 4.0e-5
    Diffusion: theta=1.295278e-03, omega=2.077952e-05

--- Chunk 93959 (20/220) | Start: 2025-07-17 09:00:00 ---
    RMSE omega (GP): 0.009661 | RMSE omega (Sim): 0.109543
    Loss: 9.1214 | Epoch: 1111
    Eq omega: 0.004861 + 0.00533theta + -0.00477omega + 0.00124theta^2 + -0.00165theta omega + 0.00037omega^2
    Eq omega Phys: 0.000197*omega**2 - 2.9e-5*omega*theta - 0.000138*omega + 1.0e-6*theta**2 + 5.0e-6*theta + 6.0e-6
    Diffusion: theta=6.500839e-04, omega=2.116756e-05

--- Chunk 93960 (21/220) | Start: 2025-07-17 09:05:00 ---
    RMSE omega (GP): 0.009800 | RMSE omega (Sim): 0.108152
    Loss: 3.9612 | Epoch: 1509
    Eq omega: 0.000301 + -0.46283theta + 0.02764omega + -0.00038theta^2 + -0.00912theta omega + -0.01087omega^2
    Eq omega Phys: -0.004266*omega**2 - 0.000119*omega*theta + 0.001091*omega - 0.000514*theta + 0.000732
    Diffusion: theta=1.720956e-03, omega=4.989530e-05

--- Chunk 93961 (22/220) | Start: 2025-07-17 09:10:00 ---
    RMSE omega (GP): nan | RMSE omega (Sim): nan
    Loss: 11.4064 | Epoch: 102
    Eq omega: nan1 + nantheta + nanomega + nantheta^2 + nantheta omega + nanomega^2
    Eq omega Phys: N/A
    Diffusion: theta=nan, omega=nan

--- Chunk 93962 (23/220) | Start: 2025-07-17 09:15:00 ---
    RMSE omega (GP): 0.012432 | RMSE omega (Sim): 0.090819
    Loss: 15.3450 | Epoch: 1842
    Eq omega: 0.014611 + 0.00301theta + 0.00132omega + -0.00005theta^2 + 0.00017theta omega + -0.00120omega^2
    Eq omega Phys: -0.000613*omega**2 + 3.0e-6*omega*theta + 7.0e-5*omega + 3.0e-6*theta + 6.0e-5
    Diffusion: theta=1.958043e-04, omega=2.014929e-05

--- Chunk 93963 (24/220) | Start: 2025-07-17 09:20:00 ---
    RMSE omega (GP): 0.009850 | RMSE omega (Sim): 0.113909
    Loss: 7.2606 | Epoch: 1264
    Eq omega: -0.004491 + 0.00229theta + -0.00022omega + 0.00046theta^2 + 0.00015theta omega + -0.00220omega^2
    Eq omega Phys: -0.001057*omega**2 + 2.0e-6*omega*theta + 2.2e-5*omega + 9.0e-6*theta + 5.8e-5
    Diffusion: theta=3.010592e-04, omega=3.130998e-05

--- Chunk 93964 (25/220) | Start: 2025-07-17 09:25:00 ---
    RMSE omega (GP): 0.011816 | RMSE omega (Sim): 0.119949
    Loss: 6.1260 | Epoch: 816
    Eq omega: 0.002971 + -0.00157theta + -0.00137omega + 0.00097theta^2 + -0.00378theta omega + 0.00984omega^2
    Eq omega Phys: 0.00382*omega**2 - 4.9e-5*omega*theta + 0.000168*omega - 5.0e-6*theta + 2.4e-5
    Diffusion: theta=7.396184e-04, omega=2.542464e-05

--- Chunk 93965 (26/220) | Start: 2025-07-17 09:30:00 ---
    RMSE omega (GP): 0.013364 | RMSE omega (Sim): 0.067093
    Loss: 3.8674 | Epoch: 1966
    Eq omega: -0.003661 + -0.18028theta + 0.00131omega + 0.09544theta^2 + -0.00538theta omega + -0.00683omega^2
    Eq omega Phys: -0.002089*omega**2 - 5.5e-5*omega*theta - 0.00054*omega + 3.2e-5*theta**2 + 0.000489*theta + 0.001524
    Diffusion: theta=2.194072e-04, omega=2.726749e-05

--- Chunk 93966 (27/220) | Start: 2025-07-17 09:35:00 ---
    RMSE omega (GP): 0.011686 | RMSE omega (Sim): 0.084520
    Loss: 6.5983 | Epoch: 1591
    Eq omega: -0.000961 + -0.00063theta + -0.00568omega + 0.00061theta^2 + -0.00300theta omega + -0.00134omega^2
    Eq omega Phys: -0.000527*omega**2 - 3.9e-5*omega*theta + 0.000156*omega - 5.0e-6*theta + 2.4e-5
    Diffusion: theta=3.251514e-04, omega=5.215664e-05

--- Chunk 93967 (28/220) | Start: 2025-07-17 09:40:00 ---
    RMSE omega (GP): 0.010735 | RMSE omega (Sim): 0.094322
    Loss: 13.2581 | Epoch: 1471
    Eq omega: -0.002651 + -0.00323theta + -0.00269omega + -0.00233theta^2 + 0.00452theta omega + 0.00020omega^2
    Eq omega Phys: 0.000111*omega**2 + 8.3e-5*omega*theta + 0.000223*omega - 1.0e-6*theta**2 - 1.4e-5*theta - 3.9e-5
    Diffusion: theta=3.711058e-04, omega=3.360923e-05

--- Chunk 93968 (29/220) | Start: 2025-07-17 09:45:00 ---
    RMSE omega (GP): 0.012345 | RMSE omega (Sim): 0.054141
    Loss: 28.3391 | Epoch: 1583
    Eq omega: 0.000801 + -0.00012theta + 0.00085omega + -0.00005theta^2 + 0.00021theta omega + -0.00022omega^2
    Eq omega Phys: -0.000147*omega**2 + 5.0e-6*omega*theta + 7.7e-5*omega - 0.e-6*theta - 4.0e-6
    Diffusion: theta=2.303796e-04, omega=2.748075e-05

--- Chunk 93969 (30/220) | Start: 2025-07-17 09:50:00 ---
    RMSE omega (GP): 0.036493 | RMSE omega (Sim): 0.044927
    Loss: 57.8025 | Epoch: 189
    Eq omega: 0.308051 + 0.00040theta + 0.00632omega + -0.00471theta^2 + -0.00388theta omega + -0.00558omega^2
    Eq omega Phys: -0.001735*omega**2 - 4.0e-5*omega*theta + 4.0e-6*omega - 2.0e-6*theta**2 - 1.6e-5*theta + 0.001061
    Diffusion: theta=nan, omega=nan

--- Chunk 93970 (31/220) | Start: 2025-07-17 09:55:00 ---
    RMSE omega (GP): 0.012836 | RMSE omega (Sim): 0.111281
    Loss: 14.0943 | Epoch: 1709
    Eq omega: -0.000021 + 0.00141theta + -0.00210omega + -0.00024theta^2 + -0.00094theta omega + -0.00117omega^2
    Eq omega Phys: -0.000555*omega**2 - 1.5e-5*omega*theta + 0.000193*omega + 6.0e-6*theta - 6.7e-5
    Diffusion: theta=7.455954e-04, omega=3.137309e-05

--- Chunk 93971 (32/220) | Start: 2025-07-17 10:00:00 ---
    RMSE omega (GP): 0.009893 | RMSE omega (Sim): 0.044564
    Loss: 27.1191 | Epoch: 1303
    Eq omega: 0.000861 + -0.00071theta + 0.00162omega + -0.00003theta^2 + 0.00006theta omega + 0.00002omega^2
    Eq omega Phys: 1.6e-5*omega**2 + 2.0e-6*omega*theta + 3.2e-5*omega + 7.0e-6
    Diffusion: theta=2.388409e-04, omega=2.381246e-05

--- Chunk 93972 (33/220) | Start: 2025-07-17 10:05:00 ---
    RMSE omega (GP): 0.011850 | RMSE omega (Sim): 0.097451
    Loss: 20.2022 | Epoch: 1749
    Eq omega: 0.000521 + 0.00098theta + 0.00313omega + -0.00035theta^2 + -0.00011theta omega + 0.00051omega^2
    Eq omega Phys: 0.000308*omega**2 - 2.0e-6*omega*theta + 9.4e-5*omega - 1.0e-6*theta + 1.0e-6
    Diffusion: theta=8.726920e-04, omega=1.878005e-05

--- Chunk 93973 (34/220) | Start: 2025-07-17 10:10:00 ---
    RMSE omega (GP): 0.010866 | RMSE omega (Sim): 0.115192
    Loss: 5.0484 | Epoch: 1468
    Eq omega: 0.000291 + 0.00011theta + 0.00040omega + -0.00111theta^2 + 0.00150theta omega + -0.00035omega^2
    Eq omega Phys: -0.000141*omega**2 + 2.0e-5*omega*theta + 9.9e-5*omega - 4.0e-6*theta - 8.0e-6
    Diffusion: theta=2.262277e-04, omega=3.322216e-05

--- Chunk 93974 (35/220) | Start: 2025-07-17 10:15:00 ---
    RMSE omega (GP): nan | RMSE omega (Sim): nan
    Loss: 2629.7756 | Epoch: 17
    Eq omega: nan1 + nantheta + nanomega + nantheta^2 + nantheta omega + nanomega^2
    Eq omega Phys: N/A
    Diffusion: theta=nan, omega=nan

--- Chunk 93975 (36/220) | Start: 2025-07-17 10:20:00 ---
    RMSE omega (GP): nan | RMSE omega (Sim): nan
    Loss: 165.1423 | Epoch: 46
    Eq omega: nan1 + nantheta + nanomega + nantheta^2 + nantheta omega + nanomega^2
    Eq omega Phys: N/A
    Diffusion: theta=nan, omega=nan

--- Chunk 93976 (37/220) | Start: 2025-07-17 10:25:00 ---
    RMSE omega (GP): 0.025239 | RMSE omega (Sim): 0.028169
    Loss: 187.7455 | Epoch: 1378
    Eq omega: -0.006971 + 0.00033theta + -0.09218omega + 0.00148theta^2 + -0.00677theta omega + -0.00061omega^2
    Eq omega Phys: -0.000487*omega**2 - 0.00018*omega*theta + 0.000993*omega + 1.0e-6*theta**2 - 5.9e-5*theta + 0.000651
    Diffusion: theta=1.813778e-04, omega=9.222647e-07

--- Chunk 93977 (38/220) | Start: 2025-07-17 10:30:00 ---
    RMSE omega (GP): 0.012492 | RMSE omega (Sim): 0.066090
    Loss: 19.4262 | Epoch: 988
    Eq omega: -0.018311 + -0.00101theta + -0.00156omega + 0.00031theta^2 + -0.00035theta omega + -0.00279omega^2
    Eq omega Phys: -0.001604*omega**2 - 7.0e-6*omega*theta + 2.0e-6*omega - 4.0e-6*theta - 1.3e-5
    Diffusion: theta=2.977617e-04, omega=4.324030e-05

--- Chunk 93978 (39/220) | Start: 2025-07-17 10:35:00 ---
    RMSE omega (GP): nan | RMSE omega (Sim): nan
    Loss: 192.4783 | Epoch: 775
    Eq omega: nan1 + nantheta + nanomega + nantheta^2 + nantheta omega + nanomega^2
    Eq omega Phys: N/A
    Diffusion: theta=nan, omega=nan

--- Chunk 93979 (40/220) | Start: 2025-07-17 10:40:00 ---
    RMSE omega (GP): nan | RMSE omega (Sim): nan
    Loss: 29.3110 | Epoch: 161
    Eq omega: nan1 + nantheta + nanomega + nantheta^2 + nantheta omega + nanomega^2
    Eq omega Phys: N/A
    Diffusion: theta=nan, omega=nan

--- Chunk 93980 (41/220) | Start: 2025-07-17 10:45:00 ---
    RMSE omega (GP): 0.012023 | RMSE omega (Sim): 0.125376
    Loss: 8.2783 | Epoch: 893
    Eq omega: -0.001061 + -0.00026theta + -0.00042omega + -0.00062theta^2 + 0.00123theta omega + 0.00050omega^2
    Eq omega Phys: 0.000212*omega**2 + 1.7e-5*omega*theta - 0.000182*omega + 5.0e-6*theta - 2.7e-5
    Diffusion: theta=7.595587e-04, omega=3.239113e-05

--- Chunk 93981 (42/220) | Start: 2025-07-17 10:50:00 ---
    RMSE omega (GP): 0.013395 | RMSE omega (Sim): 0.066850
    Loss: 38.7251 | Epoch: 2112
    Eq omega: -0.013221 + -0.00008theta + -0.01219omega + -0.00009theta^2 + 0.00002theta omega + 0.00133omega^2
    Eq omega Phys: 0.000946*omega**2 - 0.000411*omega + 1.0e-6*theta - 2.6e-5
    Diffusion: theta=3.725820e-04, omega=2.118885e-05

--- Chunk 93982 (43/220) | Start: 2025-07-17 10:55:00 ---
    RMSE omega (GP): nan | RMSE omega (Sim): nan
    Loss: 322.8907 | Epoch: 29
    Eq omega: nan1 + nantheta + nanomega + nantheta^2 + nantheta omega + nanomega^2
    Eq omega Phys: N/A
    Diffusion: theta=nan, omega=nan

--- Chunk 93983 (44/220) | Start: 2025-07-17 11:00:00 ---
    RMSE omega (GP): 0.010507 | RMSE omega (Sim): 0.056366
    Loss: 23.2860 | Epoch: 1631
    Eq omega: -0.001521 + 0.00035theta + -0.00189omega + 0.00007theta^2 + -0.00052theta omega + -0.00041omega^2
    Eq omega Phys: -0.000293*omega**2 - 1.2e-5*omega*theta + 4.4e-5*omega - 0.e-6*theta - 2.0e-6
    Diffusion: theta=5.036462e-04, omega=2.337967e-05

--- Chunk 93984 (45/220) | Start: 2025-07-17 11:05:00 ---
    RMSE omega (GP): 0.011128 | RMSE omega (Sim): 0.100884
    Loss: 10.3310 | Epoch: 1266
    Eq omega: -0.003001 + -0.00011theta + 0.00182omega + 0.00196theta^2 + 0.00024theta omega + -0.00345omega^2
    Eq omega Phys: -0.001682*omega**2 + 4.0e-6*omega*theta + 3.2e-5*omega + 1.0e-6*theta**2 - 1.6e-5*theta + 5.2e-5
    Diffusion: theta=3.792279e-04, omega=2.977983e-05

--- Chunk 93985 (46/220) | Start: 2025-07-17 11:10:00 ---
    RMSE omega (GP): 0.012170 | RMSE omega (Sim): 0.059920
    Loss: 19.1586 | Epoch: 2525
    Eq omega: -0.008531 + -0.00107theta + -0.00213omega + -0.00009theta^2 + 0.00139theta omega + 0.00077omega^2
    Eq omega Phys: 0.000435*omega**2 + 2.6e-5*omega*theta + 0.000149*omega - 2.0e-6*theta - 3.1e-5
    Diffusion: theta=1.239801e-03, omega=3.005023e-05

--- Chunk 93986 (47/220) | Start: 2025-07-17 11:15:00 ---
    RMSE omega (GP): 0.013251 | RMSE omega (Sim): 0.091730
    Loss: 35.3379 | Epoch: 960
    Eq omega: 0.002541 + -0.00183theta + 0.00380omega + -0.00244theta^2 + -0.00083theta omega + 0.00295omega^2
    Eq omega Phys: 0.002059*omega**2 - 1.9e-5*omega*theta + 5.4e-5*omega - 2.0e-6*theta**2 - 1.6e-5*theta - 3.0e-5
    Diffusion: theta=1.712456e-04, omega=2.707584e-05

--- Chunk 93987 (48/220) | Start: 2025-07-17 11:20:00 ---
    RMSE omega (GP): 0.010875 | RMSE omega (Sim): 0.060479
    Loss: 18.6808 | Epoch: 1829
    Eq omega: -0.001751 + 0.00089theta + -0.00465omega + -0.00051theta^2 + -0.00018theta omega + -0.00251omega^2
    Eq omega Phys: -0.001577*omega**2 - 4.0e-6*omega*theta - 0.000133*omega + 5.0e-6*theta - 2.1e-5
    Diffusion: theta=3.659076e-04, omega=2.282906e-05

--- Chunk 93988 (49/220) | Start: 2025-07-17 11:25:00 ---
    RMSE omega (GP): 0.013857 | RMSE omega (Sim): 0.066577
    Loss: 23.5437 | Epoch: 1360
    Eq omega: 0.000361 + 0.00146theta + -0.00291omega + -0.00014theta^2 + 0.00037theta omega + -0.00077omega^2
    Eq omega Phys: -0.000424*omega**2 + 7.0e-6*omega*theta - 8.9e-5*omega + 1.0e-6*theta + 2.0e-6
    Diffusion: theta=1.517306e-03, omega=2.485640e-05

--- Chunk 93989 (50/220) | Start: 2025-07-17 11:30:00 ---
    RMSE omega (GP): nan | RMSE omega (Sim): nan
    Loss: 66.3083 | Epoch: 159
    Eq omega: nan1 + nantheta + nanomega + nantheta^2 + nantheta omega + nanomega^2
    Eq omega Phys: N/A
    Diffusion: theta=nan, omega=nan

  [Progress 50/220] Mean RMSE omega (GP): 0.012624 | (Sim): 0.080788 | Mean loss: 98.0359 | Valid GP: 42/50 | Valid Sim: 42/50 | Elapsed: 18.7min | ETA: 63.6min

--- Chunk 93990 (51/220) | Start: 2025-07-17 11:35:00 ---
    RMSE omega (GP): nan | RMSE omega (Sim): nan
    Loss: 321.3524 | Epoch: 74
    Eq omega: nan1 + nantheta + nanomega + nantheta^2 + nantheta omega + nanomega^2
    Eq omega Phys: N/A
    Diffusion: theta=nan, omega=nan

--- Chunk 93991 (52/220) | Start: 2025-07-17 11:40:00 ---
    RMSE omega (GP): 0.017208 | RMSE omega (Sim): 0.071011
    Loss: 29.2539 | Epoch: 382
    Eq omega: 0.000531 + -0.00947theta + -0.00130omega + -0.00441theta^2 + -0.00121theta omega + -0.00096omega^2
    Eq omega Phys: -0.000451*omega**2 - 1.9e-5*omega*theta + 2.2e-5*omega - 2.0e-6*theta**2 + 5.0e-6*theta + 1.0e-5
    Diffusion: theta=3.456373e-02, omega=5.691281e-05

--- Chunk 93992 (53/220) | Start: 2025-07-17 11:45:00 ---
    RMSE omega (GP): nan | RMSE omega (Sim): nan
    Loss: 343.0944 | Epoch: 24
    Eq omega: nan1 + nantheta + nanomega + nantheta^2 + nantheta omega + nanomega^2
    Eq omega Phys: N/A
    Diffusion: theta=nan, omega=nan

--- Chunk 93993 (54/220) | Start: 2025-07-17 11:50:00 ---
    RMSE omega (GP): 0.012988 | RMSE omega (Sim): 0.106947
    Loss: 30.6514 | Epoch: 1529
    Eq omega: -0.004281 + -0.00409theta + 0.00443omega + 0.00007theta^2 + -0.00132theta omega + 0.00033omega^2
    Eq omega Phys: 0.000216*omega**2 - 2.9e-5*omega*theta + 0.00048*omega - 6.0e-6*theta + 5.2e-5
    Diffusion: theta=8.398071e-04, omega=2.113095e-05

--- Chunk 93994 (55/220) | Start: 2025-07-17 11:55:00 ---
    RMSE omega (GP): nan | RMSE omega (Sim): nan
    Loss: 221.9690 | Epoch: 73
    Eq omega: nan1 + nantheta + nanomega + nantheta^2 + nantheta omega + nanomega^2
    Eq omega Phys: N/A
    Diffusion: theta=nan, omega=nan

--- Chunk 93995 (56/220) | Start: 2025-07-17 12:00:00 ---
    RMSE omega (GP): nan | RMSE omega (Sim): nan
    Loss: 154.7744 | Epoch: 69
    Eq omega: nan1 + nantheta + nanomega + nantheta^2 + nantheta omega + nanomega^2
    Eq omega Phys: N/A
    Diffusion: theta=nan, omega=nan

--- Chunk 93996 (57/220) | Start: 2025-07-17 12:05:00 ---
    RMSE omega (GP): 0.011477 | RMSE omega (Sim): 0.040216
    Loss: 42.2356 | Epoch: 1688
    Eq omega: -0.000201 + 0.00017theta + -0.00185omega + 0.00005theta^2 + 0.00000theta omega + -0.00070omega^2
    Eq omega Phys: -0.000625*omega**2 - 6.2e-5*omega - 2.0e-6*theta + 1.3e-5
    Diffusion: theta=3.359656e-04, omega=1.641992e-05

--- Chunk 93997 (58/220) | Start: 2025-07-17 12:10:00 ---
    RMSE omega (GP): 0.010962 | RMSE omega (Sim): 0.091161
    Loss: 10.7749 | Epoch: 1317
    Eq omega: -0.046991 + -2.05849theta + 0.01241omega + -0.00004theta^2 + -0.00441theta omega + -0.04925omega^2
    Eq omega Phys: -0.02497*omega**2 - 7.5e-5*omega*theta + 0.000453*omega - 0.002287*theta + 0.001096
    Diffusion: theta=5.171275e-04, omega=3.203972e-05

--- Chunk 93998 (59/220) | Start: 2025-07-17 12:15:00 ---
    RMSE omega (GP): 0.012519 | RMSE omega (Sim): 0.083150
    Loss: 6.7332 | Epoch: 1533
    Eq omega: 0.003371 + -0.00008theta + 0.00407omega + -0.00366theta^2 + -0.00174theta omega + -0.03719omega^2
    Eq omega Phys: -0.01443*omega**2 - 2.3e-5*omega*theta + 0.000105*omega - 2.0e-6*theta**2 - 4.0e-6*theta + 7.0e-6
    Diffusion: theta=3.154506e-04, omega=3.583891e-05

--- Chunk 93999 (60/220) | Start: 2025-07-17 12:20:00 ---
    RMSE omega (GP): nan | RMSE omega (Sim): nan
    Loss: 38.7270 | Epoch: 50
    Eq omega: nan1 + nantheta + nanomega + nantheta^2 + nantheta omega + nanomega^2
    Eq omega Phys: N/A
    Diffusion: theta=nan, omega=nan

--- Chunk 94000 (61/220) | Start: 2025-07-17 12:25:00 ---
    RMSE omega (GP): 0.010581 | RMSE omega (Sim): 0.235233
    Loss: 7.7681 | Epoch: 909
    Eq omega: 0.007691 + 0.00028theta + 0.01083omega + 0.00248theta^2 + -0.00070theta omega + -0.00453omega^2
    Eq omega Phys: -0.002108*omega**2 - 1.1e-5*omega*theta + 0.00034*omega + 1.0e-6*theta**2 + 5.0e-6*theta + 2.4e-5
    Diffusion: theta=1.397312e-04, omega=3.152367e-05

--- Chunk 94001 (62/220) | Start: 2025-07-17 12:30:00 ---
    RMSE omega (GP): 0.013362 | RMSE omega (Sim): 0.088110
    Loss: 39.0506 | Epoch: 2045
    Eq omega: 0.009471 + -0.03560theta + 0.00032omega + 0.00011theta^2 + -0.00040theta omega + 0.00103omega^2
    Eq omega Phys: 0.000739*omega**2 - 1.0e-5*omega*theta + 0.000155*omega - 4.2e-5*theta + 0.000631
    Diffusion: theta=3.882155e-04, omega=2.493698e-05

--- Chunk 94002 (63/220) | Start: 2025-07-17 12:35:00 ---
    RMSE omega (GP): 0.014055 | RMSE omega (Sim): 0.060850
    Loss: 19.2626 | Epoch: 1731
    Eq omega: 0.002951 + 0.00088theta + -0.00004omega + 0.00006theta^2 + 0.00014theta omega + -0.00202omega^2
    Eq omega Phys: -0.001112*omega**2 + 3.0e-6*omega*theta - 3.5e-5*omega - 0.e-6
    Diffusion: theta=4.269511e-04, omega=2.818883e-05

--- Chunk 94003 (64/220) | Start: 2025-07-17 12:40:00 ---
    RMSE omega (GP): 0.022962 | RMSE omega (Sim): 0.041130
    Loss: 699.0428 | Epoch: 366
    Eq omega: -0.002271 + 0.00021theta + -0.00161omega + 0.00000theta^2 + -0.00002theta omega + 0.00031omega^2
    Eq omega Phys: 0.000423*omega**2 - 0.e-6*omega*theta - 3.3e-5*omega - 7.0e-6
    Diffusion: theta=4.827758e-01, omega=5.075333e-04

--- Chunk 94004 (65/220) | Start: 2025-07-17 12:45:00 ---
    RMSE omega (GP): 0.019477 | RMSE omega (Sim): 0.034457
    Loss: 433.9016 | Epoch: 487
    Eq omega: -0.002341 + 0.00019theta + 0.00250omega + -0.00000theta^2 + -0.00001theta omega + 0.00008omega^2
    Eq omega Phys: 0.000111*omega**2 + 9.5e-5*omega - 7.0e-6
    Diffusion: theta=2.576121e-01, omega=3.156900e-04

--- Chunk 94005 (66/220) | Start: 2025-07-17 12:50:00 ---
    RMSE omega (GP): 0.019865 | RMSE omega (Sim): 0.037329
    Loss: 83.0489 | Epoch: 829
    Eq omega: 0.003261 + -0.00178theta + -0.00440omega + -0.00165theta^2 + -0.00198theta omega + -0.00089omega^2
    Eq omega Phys: -0.000614*omega**2 - 4.6e-5*omega*theta + 0.000987*omega - 1.0e-6*theta**2 + 6.1e-5*theta - 0.00073
    Diffusion: theta=1.047232e-03, omega=3.966080e-06

--- Chunk 94006 (67/220) | Start: 2025-07-17 12:55:00 ---
    RMSE omega (GP): nan | RMSE omega (Sim): nan
    Loss: 419.3232 | Epoch: 73
    Eq omega: nan1 + nantheta + nanomega + nantheta^2 + nantheta omega + nanomega^2
    Eq omega Phys: N/A
    Diffusion: theta=nan, omega=nan

--- Chunk 94007 (68/220) | Start: 2025-07-17 13:00:00 ---
    RMSE omega (GP): 0.011973 | RMSE omega (Sim): 0.117080
    Loss: 26.2878 | Epoch: 2151
    Eq omega: -0.006401 + 0.00006theta + 0.00260omega + -0.00021theta^2 + -0.00012theta omega + -0.00115omega^2
    Eq omega Phys: -0.000752*omega**2 - 3.0e-6*omega*theta + 4.4e-5*omega - 5.0e-6*theta - 5.1e-5
    Diffusion: theta=5.239768e-04, omega=1.902074e-05

--- Chunk 94008 (69/220) | Start: 2025-07-17 13:05:00 ---
    RMSE omega (GP): 0.019311 | RMSE omega (Sim): 0.055537
    Loss: 138.7887 | Epoch: 1460
    Eq omega: 0.000791 + -0.00005theta + 0.00035omega + -0.00000theta^2 + 0.00002theta omega + -0.00002omega^2
    Eq omega Phys: -1.9e-5*omega**2 + 1.0e-6*omega*theta + 3.2e-5*omega - 0.e-6
    Diffusion: theta=8.961251e-04, omega=4.942669e-06

--- Chunk 94009 (70/220) | Start: 2025-07-17 13:10:00 ---
    RMSE omega (GP): 0.012970 | RMSE omega (Sim): 0.164294
    Loss: 6.9602 | Epoch: 2709
    Eq omega: -0.002141 + 0.00321theta + -0.00130omega + -0.00013theta^2 + -0.00013theta omega + 0.00032omega^2
    Eq omega Phys: 0.000119*omega**2 - 2.0e-6*omega*theta - 7.7e-5*omega + 1.0e-6*theta + 4.5e-5
    Diffusion: theta=3.355927e-04, omega=3.785328e-05

--- Chunk 94010 (71/220) | Start: 2025-07-17 13:15:00 ---
    RMSE omega (GP): 0.012185 | RMSE omega (Sim): 0.142521
    Loss: 13.1277 | Epoch: 943
    Eq omega: -0.000361 + 0.00010theta + -0.00011omega + 0.00012theta^2 + 0.00011theta omega + -0.00093omega^2
    Eq omega Phys: -0.000451*omega**2 + 2.0e-6*omega*theta + 3.0e-6*omega + 1.0e-6*theta + 1.0e-6
    Diffusion: theta=1.846134e-03, omega=3.788262e-05

--- Chunk 94011 (72/220) | Start: 2025-07-17 13:20:00 ---
    RMSE omega (GP): nan | RMSE omega (Sim): nan
    Loss: 297.9120 | Epoch: 20
    Eq omega: nan1 + nantheta + nanomega + nantheta^2 + nantheta omega + nanomega^2
    Eq omega Phys: N/A
    Diffusion: theta=nan, omega=nan

--- Chunk 94012 (73/220) | Start: 2025-07-17 13:25:00 ---
    RMSE omega (GP): 0.027548 | RMSE omega (Sim): 0.088051
    Loss: 117.2239 | Epoch: 145
    Eq omega: 0.001041 + 0.00027theta + -0.00142omega + 0.00014theta^2 + -0.00039theta omega + 0.00026omega^2
    Eq omega Phys: 0.000148*omega**2 - 7.0e-6*omega*theta - 0.00011*omega + 2.0e-6*theta + 1.1e-5
    Diffusion: theta=2.905806e-03, omega=1.338096e-05

--- Chunk 94013 (74/220) | Start: 2025-07-17 13:30:00 ---
    RMSE omega (GP): nan | RMSE omega (Sim): nan
    Loss: 405.8620 | Epoch: 27
    Eq omega: nan1 + nantheta + nanomega + nantheta^2 + nantheta omega + nanomega^2
    Eq omega Phys: N/A
    Diffusion: theta=nan, omega=nan

--- Chunk 94014 (75/220) | Start: 2025-07-17 13:35:00 ---
    RMSE omega (GP): 0.011823 | RMSE omega (Sim): 0.082535
    Loss: 9.9995 | Epoch: 1487
    Eq omega: -0.004771 + -0.25437theta + -0.00942omega + -0.00281theta^2 + -0.00575theta omega + -0.00646omega^2
    Eq omega Phys: -0.002922*omega**2 - 8.7e-5*omega*theta - 0.000185*omega - 1.0e-6*theta**2 - 0.000278*theta + 0.000405
    Diffusion: theta=2.796063e-04, omega=3.049480e-05

--- Chunk 94015 (76/220) | Start: 2025-07-17 13:40:00 ---
    RMSE omega (GP): nan | RMSE omega (Sim): nan
    Loss: 2536.2874 | Epoch: 17
    Eq omega: nan1 + nantheta + nanomega + nantheta^2 + nantheta omega + nanomega^2
    Eq omega Phys: N/A
    Diffusion: theta=nan, omega=nan

--- Chunk 94016 (77/220) | Start: 2025-07-17 13:45:00 ---
    RMSE omega (GP): 0.014024 | RMSE omega (Sim): 0.072629
    Loss: 22.5487 | Epoch: 1454
    Eq omega: 0.002301 + 0.00878theta + 0.00291omega + 0.00007theta^2 + 0.00040theta omega + -0.00206omega^2
    Eq omega Phys: -0.001093*omega**2 + 7.0e-6*omega*theta + 0.000185*omega + 1.1e-5*theta + 0.000133
    Diffusion: theta=3.509432e-04, omega=3.653935e-05

--- Chunk 94017 (78/220) | Start: 2025-07-17 13:50:00 ---
    RMSE omega (GP): nan | RMSE omega (Sim): nan
    Loss: 79.4424 | Epoch: 52
    Eq omega: nan1 + nantheta + nanomega + nantheta^2 + nantheta omega + nanomega^2
    Eq omega Phys: N/A
    Diffusion: theta=nan, omega=nan

--- Chunk 94018 (79/220) | Start: 2025-07-17 13:55:00 ---
/pfs/data6/home/ka/ka_iai/ka_bj2362/dsr/svise/run_analysis_5min_all_chunks_combo38.py:212: ODEintWarning: Excess work done on this call (perhaps wrong Dfun type). Run with full_output = 1 to get quantitative information.
  sol_scaled = odeint(drift, x0_scaled, t_scaled, full_output=False)
    RMSE omega (GP): 0.026822 | RMSE omega (Sim): nan
    Loss: -1352.7267 | Epoch: 639
    Eq omega: 0.052271 + -0.06405theta + 0.00428omega + -0.09698theta^2 + 0.00381theta omega + -0.00454omega^2
    Eq omega Phys: -0.002741*omega**2 + 7.7e-5*omega*theta - 1.3e-5*omega - 6.5e-5*theta**2 + 0.000193*theta - 2.8e-5
    Diffusion: theta=7.599275e-03, omega=9.008758e-06

--- Chunk 94019 (80/220) | Start: 2025-07-17 14:00:00 ---
    RMSE omega (GP): 0.027511 | RMSE omega (Sim): 0.080202
    Loss: 107.5529 | Epoch: 123
    Eq omega: 0.003521 + -0.00821theta + 0.00136omega + 0.00009theta^2 + 0.00244theta omega + 0.00007omega^2
    Eq omega Phys: 3.4e-5*omega**2 + 3.9e-5*omega*theta + 0.001187*omega - 6.0e-6*theta - 0.000218
    Diffusion: theta=4.263216e-03, omega=5.128328e-06

--- Chunk 94020 (81/220) | Start: 2025-07-17 14:05:00 ---
    RMSE omega (GP): 0.012107 | RMSE omega (Sim): 0.151102
    Loss: 13.4380 | Epoch: 1214
    Eq omega: -0.004361 + -0.00310theta + 0.00388omega + 0.00022theta^2 + -0.00068theta omega + 0.00087omega^2
    Eq omega Phys: 0.000428*omega**2 - 1.1e-5*omega*theta + 0.000215*omega - 5.0e-6*theta + 2.4e-5
    Diffusion: theta=6.501667e-04, omega=3.341608e-05

--- Chunk 94021 (82/220) | Start: 2025-07-17 14:10:00 ---
    RMSE omega (GP): 0.013418 | RMSE omega (Sim): 0.082100
    Loss: 18.2769 | Epoch: 4070
    Eq omega: -0.000411 + 0.00003theta + 0.00140omega + -0.00007theta^2 + -0.00134theta omega + 0.00128omega^2
    Eq omega Phys: 0.000658*omega**2 - 2.3e-5*omega*theta + 0.00046*omega + 1.0e-6*theta - 1.4e-5
    Diffusion: theta=1.609013e-03, omega=2.151974e-05

--- Chunk 94022 (83/220) | Start: 2025-07-17 14:15:00 ---
    RMSE omega (GP): nan | RMSE omega (Sim): nan
    Loss: 75.7626 | Epoch: 84
    Eq omega: nan1 + nantheta + nanomega + nantheta^2 + nantheta omega + nanomega^2
    Eq omega Phys: N/A
    Diffusion: theta=nan, omega=nan

--- Chunk 94023 (84/220) | Start: 2025-07-17 14:20:00 ---
    RMSE omega (GP): 0.011835 | RMSE omega (Sim): 0.160244
    Loss: 5.0364 | Epoch: 1096
    Eq omega: 0.004091 + -0.00074theta + -0.00021omega + -0.00061theta^2 + -0.00065theta omega + -0.00013omega^2
    Eq omega Phys: -4.7e-5*omega**2 - 8.0e-6*omega*theta + 9.4e-5*omega + 5.0e-6*theta - 1.7e-5
    Diffusion: theta=1.417983e-03, omega=3.665388e-05

--- Chunk 94024 (85/220) | Start: 2025-07-17 14:25:00 ---
    RMSE omega (GP): nan | RMSE omega (Sim): nan
    Loss: 340.3418 | Epoch: 44
    Eq omega: nan1 + nantheta + nanomega + nantheta^2 + nantheta omega + nanomega^2
    Eq omega Phys: N/A
    Diffusion: theta=nan, omega=nan

--- Chunk 94025 (86/220) | Start: 2025-07-17 14:30:00 ---
    RMSE omega (GP): nan | RMSE omega (Sim): nan
    Loss: 412.5591 | Epoch: 66
    Eq omega: nan1 + nantheta + nanomega + nantheta^2 + nantheta omega + nanomega^2
    Eq omega Phys: N/A
    Diffusion: theta=nan, omega=nan

--- Chunk 94026 (87/220) | Start: 2025-07-17 14:35:00 ---
    RMSE omega (GP): 0.010049 | RMSE omega (Sim): 0.099817
    Loss: 13.2313 | Epoch: 1436
    Eq omega: -0.004241 + -1.53729theta + -0.03200omega + -0.04552theta^2 + 0.05757theta omega + -0.00276omega^2
    Eq omega Phys: -0.001586*omega**2 + 0.001103*omega*theta - 0.003374*omega - 2.9e-5*theta**2 - 0.001586*theta + 0.003438
    Diffusion: theta=1.114475e-03, omega=2.942117e-05

--- Chunk 94027 (88/220) | Start: 2025-07-17 14:40:00 ---
    RMSE omega (GP): 0.015627 | RMSE omega (Sim): 0.069672
    Loss: 30.5980 | Epoch: 1699
    Eq omega: -0.002261 + -0.00488theta + 0.00070omega + -0.00051theta^2 + 0.00140theta omega + -0.00380omega^2
    Eq omega Phys: -0.002077*omega**2 + 2.6e-5*omega*theta + 0.000373*omega - 1.4e-5*theta - 0.000137
    Diffusion: theta=2.307024e-04, omega=3.434039e-05

--- Chunk 94028 (89/220) | Start: 2025-07-17 14:45:00 ---
    RMSE omega (GP): 0.013115 | RMSE omega (Sim): 0.176618
    Loss: 5.3738 | Epoch: 1828
    Eq omega: -0.013511 + 0.00032theta + 0.00278omega + -0.00104theta^2 + 0.00044theta omega + 0.00096omega^2
    Eq omega Phys: 0.000331*omega**2 + 5.0e-6*omega*theta + 0.000123*omega - 4.0e-6*theta - 5.6e-5
    Diffusion: theta=1.976734e-03, omega=3.191119e-05

--- Chunk 94029 (90/220) | Start: 2025-07-17 14:50:00 ---
    RMSE omega (GP): nan | RMSE omega (Sim): nan
    Loss: 43.8111 | Epoch: 39
    Eq omega: nan1 + nantheta + nanomega + nantheta^2 + nantheta omega + nanomega^2
    Eq omega Phys: N/A
    Diffusion: theta=nan, omega=nan

--- Chunk 94030 (91/220) | Start: 2025-07-17 14:55:00 ---
    RMSE omega (GP): nan | RMSE omega (Sim): nan
    Loss: 177.1931 | Epoch: 23
    Eq omega: nan1 + nantheta + nanomega + nantheta^2 + nantheta omega + nanomega^2
    Eq omega Phys: N/A
    Diffusion: theta=nan, omega=nan

--- Chunk 94031 (92/220) | Start: 2025-07-17 15:00:00 ---
    RMSE omega (GP): 0.009866 | RMSE omega (Sim): 0.132186
    Loss: 0.4872 | Epoch: 1518
    Eq omega: 0.003431 + 0.00020theta + 0.00027omega + 0.00032theta^2 + 0.00181theta omega + 0.00094omega^2
    Eq omega Phys: 0.000281*omega**2 + 1.8e-5*omega*theta + 4.4e-5*omega + 1.0e-6*theta + 1.4e-5
    Diffusion: theta=1.274970e-03, omega=2.651058e-05

--- Chunk 94032 (93/220) | Start: 2025-07-17 15:05:00 ---
    RMSE omega (GP): 0.011419 | RMSE omega (Sim): 0.108046
    Loss: 17.6288 | Epoch: 2829
    Eq omega: -0.000431 + 0.00010theta + 0.00044omega + -0.00001theta^2 + 0.00008theta omega + 0.00007omega^2
    Eq omega Phys: 4.0e-5*omega**2 + 2.0e-6*omega*theta - 2.5e-5*omega - 8.0e-6
    Diffusion: theta=1.168909e-03, omega=2.601488e-05

--- Chunk 94033 (94/220) | Start: 2025-07-17 15:10:00 ---
    RMSE omega (GP): 0.024123 | RMSE omega (Sim): 0.119509
    Loss: 135.9582 | Epoch: 130
    Eq omega: -0.000211 + 0.00007theta + 0.00229omega + 0.00002theta^2 + 0.00016theta omega + 0.01454omega^2
    Eq omega Phys: 0.010058*omega**2 + 4.0e-6*omega*theta + 4.0e-6*omega - 0.e-6*theta + 4.0e-6
    Diffusion: theta=nan, omega=nan

--- Chunk 94034 (95/220) | Start: 2025-07-17 15:15:00 ---
    RMSE omega (GP): nan | RMSE omega (Sim): nan
    Loss: 25466.5762 | Epoch: 21
    Eq omega: nan1 + nantheta + nanomega + nantheta^2 + nantheta omega + nanomega^2
    Eq omega Phys: N/A
    Diffusion: theta=nan, omega=nan

--- Chunk 94035 (96/220) | Start: 2025-07-17 15:20:00 ---
    RMSE omega (GP): nan | RMSE omega (Sim): nan
    Loss: 378.7600 | Epoch: 55
    Eq omega: nan1 + nantheta + nanomega + nantheta^2 + nantheta omega + nanomega^2
    Eq omega Phys: N/A
    Diffusion: theta=nan, omega=nan

--- Chunk 94036 (97/220) | Start: 2025-07-17 15:25:00 ---
    RMSE omega (GP): nan | RMSE omega (Sim): nan
    Loss: 51.6631 | Epoch: 44
    Eq omega: nan1 + nantheta + nanomega + nantheta^2 + nantheta omega + nanomega^2
    Eq omega Phys: N/A
    Diffusion: theta=nan, omega=nan

--- Chunk 94037 (98/220) | Start: 2025-07-17 15:30:00 ---
    RMSE omega (GP): 0.012099 | RMSE omega (Sim): 0.095568
    Loss: 27.7902 | Epoch: 4077
    Eq omega: -0.000331 + -0.00048theta + -0.00394omega + -0.00003theta^2 + 0.00009theta omega + 0.00141omega^2
    Eq omega Phys: 0.000949*omega**2 + 2.0e-6*omega*theta - 9.4e-5*omega - 1.0e-6*theta - 1.8e-5
    Diffusion: theta=5.307331e-04, omega=3.371337e-05

--- Chunk 94038 (99/220) | Start: 2025-07-17 15:35:00 ---
    RMSE omega (GP): 0.009564 | RMSE omega (Sim): 0.113905
    Loss: 9.0238 | Epoch: 1647
    Eq omega: -0.000921 + -0.00297theta + -0.00046omega + 0.00167theta^2 + -0.00189theta omega + 0.00098omega^2
    Eq omega Phys: 0.000514*omega**2 - 3.3e-5*omega*theta - 0.000163*omega + 1.0e-6*theta**2 + 5.0e-6*theta + 3.0e-6
    Diffusion: theta=1.863221e-03, omega=3.910754e-05

--- Chunk 94039 (100/220) | Start: 2025-07-17 15:40:00 ---
    RMSE omega (GP): nan | RMSE omega (Sim): nan
    Loss: 55.0600 | Epoch: 61
    Eq omega: nan1 + nantheta + nanomega + nantheta^2 + nantheta omega + nanomega^2
    Eq omega Phys: N/A
    Diffusion: theta=nan, omega=nan

  [Progress 100/220] Mean RMSE omega (GP): 0.013741 | (Sim): 0.088810 | Mean loss: 374.9059 | Valid GP: 73/100 | Valid Sim: 72/100 | Elapsed: 33.9min | ETA: 40.7min

--- Chunk 94040 (101/220) | Start: 2025-07-17 15:45:00 ---
    RMSE omega (GP): 0.011952 | RMSE omega (Sim): 0.118778
    Loss: 12.5210 | Epoch: 1533
    Eq omega: 0.000801 + -0.00275theta + 0.00005omega + -0.00052theta^2 + -0.00154theta omega + -0.00183omega^2
    Eq omega Phys: -0.000894*omega**2 - 2.5e-5*omega*theta - 0.000104*omega - 5.0e-6*theta - 1.6e-5
    Diffusion: theta=1.096692e-03, omega=3.152290e-05

--- Chunk 94041 (102/220) | Start: 2025-07-17 15:50:00 ---
    RMSE omega (GP): 0.013003 | RMSE omega (Sim): 0.087451
    Loss: 8.1027 | Epoch: 2296
    Eq omega: -0.004621 + -0.00111theta + 0.00242omega + 0.00015theta^2 + -0.00236theta omega + 0.00098omega^2
    Eq omega Phys: 0.000375*omega**2 - 3.0e-5*omega*theta + 0.000447*omega - 3.0e-6*theta + 1.1e-5
    Diffusion: theta=5.778965e-04, omega=4.345664e-05

--- Chunk 94042 (103/220) | Start: 2025-07-17 15:55:00 ---
    RMSE omega (GP): nan | RMSE omega (Sim): nan
    Loss: 203.3273 | Epoch: 16
    Eq omega: nan1 + nantheta + nanomega + nantheta^2 + nantheta omega + nanomega^2
    Eq omega Phys: N/A
    Diffusion: theta=nan, omega=nan

--- Chunk 94043 (104/220) | Start: 2025-07-17 16:00:00 ---
    RMSE omega (GP): nan | RMSE omega (Sim): nan
    Loss: 85.3954 | Epoch: 32
    Eq omega: nan1 + nantheta + nanomega + nantheta^2 + nantheta omega + nanomega^2
    Eq omega Phys: N/A
    Diffusion: theta=nan, omega=nan

--- Chunk 94044 (105/220) | Start: 2025-07-17 16:05:00 ---
    RMSE omega (GP): nan | RMSE omega (Sim): nan
    Loss: 635.4156 | Epoch: 31
    Eq omega: nan1 + nantheta + nanomega + nantheta^2 + nantheta omega + nanomega^2
    Eq omega Phys: N/A
    Diffusion: theta=nan, omega=nan

--- Chunk 94045 (106/220) | Start: 2025-07-17 16:10:00 ---
    RMSE omega (GP): 0.012420 | RMSE omega (Sim): 0.074843
    Loss: 14.2143 | Epoch: 1000
    Eq omega: -0.024751 + -1.67500theta + -0.03610omega + 0.62638theta^2 + 0.04765theta omega + -0.05064omega^2
    Eq omega Phys: -0.025672*omega**2 + 0.000805*omega*theta - 0.002418*omega + 0.000353*theta**2 - 0.002925*theta + 0.003555
    Diffusion: theta=1.023771e-03, omega=2.599462e-05

--- Chunk 94046 (107/220) | Start: 2025-07-17 16:15:00 ---
    RMSE omega (GP): nan | RMSE omega (Sim): nan
    Loss: 42.7930 | Epoch: 32
    Eq omega: nan1 + nantheta + nanomega + nantheta^2 + nantheta omega + nanomega^2
    Eq omega Phys: N/A
    Diffusion: theta=nan, omega=nan

--- Chunk 94047 (108/220) | Start: 2025-07-17 16:20:00 ---
    RMSE omega (GP): 0.011998 | RMSE omega (Sim): 0.142373
    Loss: 7.4812 | Epoch: 1335
    Eq omega: -0.000721 + 0.00030theta + 0.00018omega + 0.00007theta^2 + 0.00031theta omega + 0.00021omega^2
    Eq omega Phys: 8.4e-5*omega**2 + 4.0e-6*omega*theta + 1.0e-5*omega - 2.0e-6
    Diffusion: theta=1.682332e-04, omega=3.991071e-05

--- Chunk 94048 (109/220) | Start: 2025-07-17 16:25:00 ---
    RMSE omega (GP): nan | RMSE omega (Sim): nan
    Loss: 163.7026 | Epoch: 16
    Eq omega: nan1 + nantheta + nanomega + nantheta^2 + nantheta omega + nanomega^2
    Eq omega Phys: N/A
    Diffusion: theta=nan, omega=nan

--- Chunk 94049 (110/220) | Start: 2025-07-17 16:30:00 ---
    RMSE omega (GP): nan | RMSE omega (Sim): nan
    Loss: 45.2657 | Epoch: 37
    Eq omega: nan1 + nantheta + nanomega + nantheta^2 + nantheta omega + nanomega^2
    Eq omega Phys: N/A
    Diffusion: theta=nan, omega=nan

--- Chunk 94050 (111/220) | Start: 2025-07-17 16:35:00 ---
    RMSE omega (GP): 0.014242 | RMSE omega (Sim): 0.107352
    Loss: 18.0956 | Epoch: 928
    Eq omega: 0.001231 + 0.00013theta + -0.00849omega + -0.00011theta^2 + 0.00010theta omega + -0.00032omega^2
    Eq omega Phys: -0.000154*omega**2 + 2.0e-6*omega*theta - 0.000267*omega - 1.0e-6*theta - 1.0e-6
    Diffusion: theta=3.941925e-04, omega=4.105556e-05

--- Chunk 94051 (112/220) | Start: 2025-07-17 16:40:00 ---
    RMSE omega (GP): 0.011958 | RMSE omega (Sim): 0.050010
    Loss: 24.7911 | Epoch: 2444
    Eq omega: 0.024701 + -0.21183theta + 0.00848omega + -0.00387theta^2 + -0.00038theta omega + 0.00447omega^2
    Eq omega Phys: 0.002888*omega**2 - 8.0e-6*omega*theta + 0.000309*omega - 3.0e-6*theta**2 - 0.000217*theta + 0.000772
    Diffusion: theta=2.554133e-04, omega=2.129703e-05

--- Chunk 94052 (113/220) | Start: 2025-07-17 16:45:00 ---
    RMSE omega (GP): 0.011799 | RMSE omega (Sim): 0.164543
    Loss: 5.8116 | Epoch: 2116
    Eq omega: 0.000631 + -0.00073theta + 0.00156omega + 0.00015theta^2 + 0.00002theta omega + -0.00324omega^2
    Eq omega Phys: -0.001199*omega**2 + 5.1e-5*omega - 1.0e-6*theta + 7.0e-6
    Diffusion: theta=1.169974e-03, omega=3.597611e-05

--- Chunk 94053 (114/220) | Start: 2025-07-17 16:50:00 ---
    RMSE omega (GP): 0.034146 | RMSE omega (Sim): 0.052279
    Loss: 193.3096 | Epoch: 80
    Eq omega: -0.059451 + -0.06194theta + -0.01176omega + -0.00136theta^2 + -0.00831theta omega + -0.00293omega^2
    Eq omega Phys: -0.001348*omega**2 - 0.000127*omega*theta + 0.003187*omega - 0.e-6*theta**2 - 3.0e-5*theta + 0.001241
    Diffusion: theta=nan, omega=nan

--- Chunk 94054 (115/220) | Start: 2025-07-17 16:55:00 ---
    RMSE omega (GP): 0.011755 | RMSE omega (Sim): 0.103057
    Loss: 13.7878 | Epoch: 1818
    Eq omega: 0.011721 + -0.00062theta + -0.00098omega + 0.00013theta^2 + -0.00010theta omega + -0.00212omega^2
    Eq omega Phys: -0.001102*omega**2 - 2.0e-6*omega*theta - 4.7e-5*omega + 1.0e-6*theta + 2.4e-5
    Diffusion: theta=5.728662e-04, omega=4.216011e-05

--- Chunk 94055 (116/220) | Start: 2025-07-17 17:00:00 ---
    RMSE omega (GP): 0.018426 | RMSE omega (Sim): 0.238188
    Loss: 5.9680 | Epoch: 1941
    Eq omega: 0.000451 + -0.00001theta + 0.00480omega + 0.00005theta^2 + 0.00119theta omega + -0.00148omega^2
    Eq omega Phys: -0.000369*omega**2 + 1.0e-5*omega*theta + 0.000134*omega + 2.0e-6
    Diffusion: theta=1.799011e-03, omega=5.254708e-05

--- Chunk 94056 (117/220) | Start: 2025-07-17 17:05:00 ---
    RMSE omega (GP): nan | RMSE omega (Sim): nan
    Loss: 95.2859 | Epoch: 29
    Eq omega: nan1 + nantheta + nanomega + nantheta^2 + nantheta omega + nanomega^2
    Eq omega Phys: N/A
    Diffusion: theta=nan, omega=nan

--- Chunk 94057 (118/220) | Start: 2025-07-17 17:10:00 ---
    RMSE omega (GP): 0.011792 | RMSE omega (Sim): 0.085916
    Loss: 12.0591 | Epoch: 1755
    Eq omega: 0.000691 + -0.00170theta + -0.00000omega + -0.01261theta^2 + -0.00055theta omega + 0.00270omega^2
    Eq omega Phys: 0.001316*omega**2 - 9.0e-6*omega*theta + 8.2e-5*omega - 7.0e-6*theta**2 + 0.000124*theta - 0.00056
    Diffusion: theta=2.642045e-04, omega=2.756621e-05

--- Chunk 94058 (119/220) | Start: 2025-07-17 17:15:00 ---
    RMSE omega (GP): nan | RMSE omega (Sim): nan
    Loss: 226.8406 | Epoch: 20
    Eq omega: nan1 + nantheta + nanomega + nantheta^2 + nantheta omega + nanomega^2
    Eq omega Phys: N/A
    Diffusion: theta=nan, omega=nan

--- Chunk 94059 (120/220) | Start: 2025-07-17 17:20:00 ---
    RMSE omega (GP): 0.024530 | RMSE omega (Sim): 0.030921
    Loss: 365.7570 | Epoch: 64
    Eq omega: -0.042221 + -0.01401theta + -0.00670omega + -0.00055theta^2 + -0.00016theta omega + -0.00035omega^2
    Eq omega Phys: -0.000296*omega**2 - 5.0e-6*omega*theta - 0.000121*omega - 0.e-6*theta**2 + 8.0e-6*theta + 3.2e-5
    Diffusion: theta=nan, omega=nan

--- Chunk 94060 (121/220) | Start: 2025-07-17 17:25:00 ---
    RMSE omega (GP): nan | RMSE omega (Sim): nan
    Loss: 234.8839 | Epoch: 17
    Eq omega: nan1 + nantheta + nanomega + nantheta^2 + nantheta omega + nanomega^2
    Eq omega Phys: N/A
    Diffusion: theta=nan, omega=nan

--- Chunk 94061 (122/220) | Start: 2025-07-17 17:30:00 ---
    RMSE omega (GP): nan | RMSE omega (Sim): nan
    Loss: 1884.9537 | Epoch: 21
    Eq omega: nan1 + nantheta + nanomega + nantheta^2 + nantheta omega + nanomega^2
    Eq omega Phys: N/A
    Diffusion: theta=nan, omega=nan

--- Chunk 94062 (123/220) | Start: 2025-07-17 17:35:00 ---
    RMSE omega (GP): 0.010388 | RMSE omega (Sim): 0.115710
    Loss: 5.1311 | Epoch: 1468
    Eq omega: 0.002851 + -0.00006theta + -0.00055omega + -0.00173theta^2 + -0.00061theta omega + 0.00066omega^2
    Eq omega Phys: 0.00028*omega**2 - 9.0e-6*omega*theta + 3.4e-5*omega - 0.e-6*theta**2 + 1.0e-5*theta - 2.2e-5
    Diffusion: theta=5.289596e-04, omega=2.910409e-05

--- Chunk 94063 (124/220) | Start: 2025-07-17 17:40:00 ---
    RMSE omega (GP): 0.013569 | RMSE omega (Sim): 0.173206
    Loss: 5.3343 | Epoch: 1366
    Eq omega: 0.000891 + -0.00022theta + 0.00405omega + 0.00000theta^2 + 0.00075theta omega + -0.00066omega^2
    Eq omega Phys: -0.000212*omega**2 + 8.0e-6*omega*theta + 0.000186*omega + 2.0e-6
    Diffusion: theta=4.307288e-04, omega=4.995948e-05

--- Chunk 94064 (125/220) | Start: 2025-07-17 17:45:00 ---
    RMSE omega (GP): 0.012803 | RMSE omega (Sim): 0.150559
    Loss: 9.1916 | Epoch: 1177
    Eq omega: 0.001151 + -0.00106theta + -0.00995omega + 0.00007theta^2 + -0.00010theta omega + 0.00033omega^2
    Eq omega Phys: 0.000134*omega**2 - 1.0e-6*omega*theta - 0.000352*omega - 7.0e-6
    Diffusion: theta=3.526811e-04, omega=4.844229e-05

--- Chunk 94065 (126/220) | Start: 2025-07-17 17:50:00 ---
    RMSE omega (GP): 0.026368 | RMSE omega (Sim): 0.094065
    Loss: 43.3951 | Epoch: 622
    Eq omega: 0.008941 + -0.03704theta + 0.00055omega + 0.00006theta^2 + -0.00670theta omega + 0.00089omega^2
    Eq omega Phys: 0.000336*omega**2 - 8.4e-5*omega*theta - 6.4e-5*omega - 4.1e-5*theta - 1.4e-5
    Diffusion: theta=1.460565e-01, omega=1.631076e-04

--- Chunk 94066 (127/220) | Start: 2025-07-17 17:55:00 ---
    RMSE omega (GP): nan | RMSE omega (Sim): nan
    Loss: 270.8908 | Epoch: 17
    Eq omega: nan1 + nantheta + nanomega + nantheta^2 + nantheta omega + nanomega^2
    Eq omega Phys: N/A
    Diffusion: theta=nan, omega=nan

--- Chunk 94067 (128/220) | Start: 2025-07-17 18:00:00 ---
    RMSE omega (GP): 0.024201 | RMSE omega (Sim): 0.094503
    Loss: 34.3538 | Epoch: 693
    Eq omega: 0.007551 + -0.00199theta + -0.00075omega + 0.00108theta^2 + -0.00017theta omega + 0.00202omega^2
    Eq omega Phys: 0.000697*omega**2 - 2.0e-6*omega*theta - 5.7e-5*omega + 1.1e-5*theta + 0.0001
    Diffusion: theta=4.654762e-01, omega=4.550023e-04

--- Chunk 94068 (129/220) | Start: 2025-07-17 18:05:00 ---
    RMSE omega (GP): 0.011698 | RMSE omega (Sim): 0.099397
    Loss: 10.1941 | Epoch: 1615
    Eq omega: -0.001941 + -0.55060theta + -0.00001omega + -0.00022theta^2 + 0.00767theta omega + -0.03618omega^2
    Eq omega Phys: -0.017032*omega**2 + 0.00012*omega*theta - 0.000408*omega - 0.000611*theta + 0.002066
    Diffusion: theta=1.265241e-03, omega=2.371505e-05

--- Chunk 94069 (130/220) | Start: 2025-07-17 18:10:00 ---
    RMSE omega (GP): 0.013749 | RMSE omega (Sim): 0.087709
    Loss: 11.7706 | Epoch: 1573
    Eq omega: 0.000161 + -0.00109theta + -0.00380omega + 0.00380theta^2 + 0.00063theta omega + -0.00678omega^2
    Eq omega Phys: -0.00286*omega**2 + 9.0e-6*omega*theta - 0.000125*omega + 2.0e-6*theta**2 - 0.e-6*theta
    Diffusion: theta=2.220655e-04, omega=3.947214e-05

--- Chunk 94070 (131/220) | Start: 2025-07-17 18:15:00 ---
    RMSE omega (GP): 0.013292 | RMSE omega (Sim): 0.125279
    Loss: 7.1207 | Epoch: 1427
    Eq omega: -0.003211 + -0.00270theta + -0.03671omega + -0.00072theta^2 + 0.00104theta omega + -0.00255omega^2
    Eq omega Phys: -0.000953*omega**2 + 1.3e-5*omega*theta - 0.001355*omega + 3.0e-6*theta - 1.0e-5
    Diffusion: theta=2.256979e-03, omega=2.472325e-05

--- Chunk 94071 (132/220) | Start: 2025-07-17 18:20:00 ---
    RMSE omega (GP): 0.059000 | RMSE omega (Sim): 0.066689
    Loss: 418.7331 | Epoch: 38
    Eq omega: 0.083501 + 0.00179theta + 0.02956omega + 0.01210theta^2 + 0.00514theta omega + 0.00621omega^2
    Eq omega Phys: 0.002858*omega**2 + 7.9e-5*omega*theta + 0.000631*omega + 6.0e-6*theta**2 - 5.4e-5*theta + 0.000318
    Diffusion: theta=nan, omega=nan

--- Chunk 94072 (133/220) | Start: 2025-07-17 18:25:00 ---
    RMSE omega (GP): nan | RMSE omega (Sim): nan
    Loss: 188.3941 | Epoch: 73
    Eq omega: nan1 + nantheta + nanomega + nantheta^2 + nantheta omega + nanomega^2
    Eq omega Phys: N/A
    Diffusion: theta=nan, omega=nan

--- Chunk 94073 (134/220) | Start: 2025-07-17 18:30:00 ---
    RMSE omega (GP): 0.013129 | RMSE omega (Sim): 0.087141
    Loss: 9.0343 | Epoch: 1826
    Eq omega: -0.006321 + -0.00523theta + -0.00324omega + 0.00118theta^2 + 0.00125theta omega + -0.00079omega^2
    Eq omega Phys: -0.000314*omega**2 + 1.7e-5*omega*theta + 4.4e-5*omega + 1.0e-6*theta**2 + 4.0e-6*theta - 2.7e-5
    Diffusion: theta=7.184307e-04, omega=2.830975e-05

--- Chunk 94074 (135/220) | Start: 2025-07-17 18:35:00 ---
    RMSE omega (GP): 0.013809 | RMSE omega (Sim): 0.125552
    Loss: 7.0077 | Epoch: 1518
    Eq omega: -0.000701 + -0.00246theta + -0.00207omega + -0.00002theta^2 + -0.00007theta omega + 0.00116omega^2
    Eq omega Phys: 0.0004*omega**2 - 0.e-6*omega*theta - 5.3e-5*omega - 2.0e-6*theta + 4.8e-5
    Diffusion: theta=1.612390e-03, omega=3.429208e-05

--- Chunk 94075 (136/220) | Start: 2025-07-17 18:40:00 ---
    RMSE omega (GP): 0.009187 | RMSE omega (Sim): 0.077598
    Loss: 7.2596 | Epoch: 1456
    Eq omega: -0.002651 + -0.00017theta + 0.00000omega + 0.00121theta^2 + -0.00021theta omega + -0.00009omega^2
    Eq omega Phys: -4.6e-5*omega**2 - 4.0e-6*omega*theta + 2.0e-5*omega + 1.0e-6*theta**2 - 8.0e-6*theta + 1.7e-5
    Diffusion: theta=1.565213e-04, omega=3.379986e-05

--- Chunk 94076 (137/220) | Start: 2025-07-17 18:45:00 ---
    RMSE omega (GP): 0.015218 | RMSE omega (Sim): 0.044428
    Loss: 33.1336 | Epoch: 1493
    Eq omega: -0.100831 + -0.05372theta + -0.00181omega + -0.00001theta^2 + -0.00000theta omega + -0.00166omega^2
    Eq omega Phys: -0.000976*omega**2 - 6.0e-5*omega - 6.0e-5*theta - 0.001067
    Diffusion: theta=nan, omega=nan

--- Chunk 94077 (138/220) | Start: 2025-07-17 18:50:00 ---
    RMSE omega (GP): 0.044491 | RMSE omega (Sim): 0.094358
    Loss: 102.4050 | Epoch: 34
    Eq omega: 0.045731 + -0.00839theta + -0.01942omega + 0.01766theta^2 + -0.00400theta omega + 0.00708omega^2
    Eq omega Phys: 0.002078*omega**2 - 3.9e-5*omega*theta - 0.001112*omega + 6.0e-6*theta**2 + 0.000128*theta + 0.000875
    Diffusion: theta=nan, omega=nan

--- Chunk 94078 (139/220) | Start: 2025-07-17 18:55:00 ---
    RMSE omega (GP): 0.010851 | RMSE omega (Sim): 0.055565
    Loss: 7.6732 | Epoch: 1821
    Eq omega: -0.008941 + -0.10291theta + 0.01189omega + 0.00002theta^2 + -0.00022theta omega + -0.00177omega^2
    Eq omega Phys: -0.000779*omega**2 - 3.0e-6*omega*theta + 0.000355*omega - 0.000114*theta - 0.001473
    Diffusion: theta=6.943126e-04, omega=3.181584e-05

--- Chunk 94079 (140/220) | Start: 2025-07-17 19:00:00 ---
    RMSE omega (GP): 0.011460 | RMSE omega (Sim): 0.111302
    Loss: 3.3559 | Epoch: 1383
    Eq omega: 0.005411 + -0.00032theta + 0.00008omega + 0.00084theta^2 + 0.00384theta omega + 0.00095omega^2
    Eq omega Phys: 0.000321*omega**2 + 4.3e-5*omega*theta + 0.000436*omega + 6.0e-6*theta + 4.6e-5
    Diffusion: theta=1.792602e-04, omega=5.020445e-05

--- Chunk 94080 (141/220) | Start: 2025-07-17 19:05:00 ---
    RMSE omega (GP): 0.013999 | RMSE omega (Sim): 0.201192
    Loss: 5.4096 | Epoch: 1386
    Eq omega: -0.001171 + -0.00083theta + -0.00048omega + -0.00014theta^2 + -0.00156theta omega + -0.00048omega^2
    Eq omega Phys: -0.000159*omega**2 - 1.7e-5*omega*theta + 3.4e-5*omega - 0.e-6*theta - 2.0e-6
    Diffusion: theta=1.460067e-03, omega=4.617326e-05

--- Chunk 94081 (142/220) | Start: 2025-07-17 19:10:00 ---
    RMSE omega (GP): 0.012562 | RMSE omega (Sim): 0.081238
    Loss: 22.8595 | Epoch: 1961
    Eq omega: 0.000101 + -0.00086theta + 0.00865omega + -0.00004theta^2 + -0.00011theta omega + -0.00031omega^2
    Eq omega Phys: -0.000186*omega**2 - 2.0e-6*omega*theta + 0.000251*omega - 2.0e-6*theta - 2.4e-5
    Diffusion: theta=3.383959e-04, omega=2.203698e-05

--- Chunk 94082 (143/220) | Start: 2025-07-17 19:15:00 ---
    RMSE omega (GP): 0.011350 | RMSE omega (Sim): 0.086953
    Loss: 8.2444 | Epoch: 1574
    Eq omega: 0.002481 + -0.00140theta + -0.00882omega + 0.00021theta^2 + 0.00126theta omega + -0.00435omega^2
    Eq omega Phys: -0.001914*omega**2 + 1.8e-5*omega*theta - 0.000285*omega - 1.0e-6*theta + 6.0e-6
    Diffusion: theta=6.653359e-04, omega=5.207858e-05

--- Chunk 94083 (144/220) | Start: 2025-07-17 19:20:00 ---
    RMSE omega (GP): 0.011732 | RMSE omega (Sim): 0.252333
    Loss: 8.3682 | Epoch: 947
    Eq omega: -0.003261 + -0.23396theta + 0.00989omega + 0.09341theta^2 + -0.00682theta omega + 0.00523omega^2
    Eq omega Phys: 0.002247*omega**2 - 9.8e-5*omega*theta - 9.6e-5*omega + 4.5e-5*theta**2 + 0.000129*theta - 0.000295
    Diffusion: theta=2.843064e-04, omega=3.595926e-05

--- Chunk 94084 (145/220) | Start: 2025-07-17 19:25:00 ---
    RMSE omega (GP): 0.011235 | RMSE omega (Sim): 0.043691
    Loss: 3.7805 | Epoch: 1501
    Eq omega: 0.007401 + -0.18027theta + -0.06245omega + 0.11050theta^2 + -0.02011theta omega + -0.08929omega^2
    Eq omega Phys: -0.032146*omega**2 - 0.000241*omega*theta - 0.002905*omega + 4.4e-5*theta**2 + 0.000101*theta - 0.000146
    Diffusion: theta=2.988705e-04, omega=3.142066e-05

--- Chunk 94085 (146/220) | Start: 2025-07-17 19:30:00 ---
    RMSE omega (GP): 0.011297 | RMSE omega (Sim): 0.066316
    Loss: 10.7568 | Epoch: 1063
    Eq omega: 0.000941 + -0.25504theta + -0.00381omega + 0.00981theta^2 + -0.00473theta omega + -0.00100omega^2
    Eq omega Phys: -0.000491*omega**2 - 7.7e-5*omega*theta - 0.00024*omega + 5.0e-6*theta**2 - 0.000268*theta - 0.0004
    Diffusion: theta=2.265789e-03, omega=2.316779e-05

--- Chunk 94086 (147/220) | Start: 2025-07-17 19:35:00 ---
    RMSE omega (GP): 0.009712 | RMSE omega (Sim): 0.059944
    Loss: 12.8692 | Epoch: 892
    Eq omega: 0.001171 + -0.02891theta + 0.00084omega + -0.16439theta^2 + 0.00078theta omega + 0.00113omega^2
    Eq omega Phys: 0.000699*omega**2 + 1.6e-5*omega*theta + 4.2e-5*omega - 0.000113*theta**2 - 0.000234*theta - 0.000117
    Diffusion: theta=9.439312e-04, omega=1.745724e-05

--- Chunk 94087 (148/220) | Start: 2025-07-17 19:40:00 ---
    RMSE omega (GP): 0.012620 | RMSE omega (Sim): 0.067411
    Loss: 34.8251 | Epoch: 2136
    Eq omega: -0.000811 + -0.00029theta + 0.00232omega + 0.00015theta^2 + 0.00059theta omega + 0.00063omega^2
    Eq omega Phys: 0.000455*omega**2 + 1.4e-5*omega*theta + 0.00018*omega + 1.0e-6*theta + 3.0e-6
    Diffusion: theta=2.087497e-04, omega=2.506035e-05

--- Chunk 94088 (149/220) | Start: 2025-07-17 19:45:00 ---
    RMSE omega (GP): 0.012831 | RMSE omega (Sim): 0.062937
    Loss: 21.6957 | Epoch: 2875
    Eq omega: -0.004741 + 0.00446theta + -0.01122omega + 0.00002theta^2 + -0.00066theta omega + -0.00099omega^2
    Eq omega Phys: -0.000567*omega**2 - 1.3e-5*omega*theta - 0.000442*omega + 5.0e-6*theta + 1.8e-5
    Diffusion: theta=1.624767e-04, omega=3.076245e-05

--- Chunk 94089 (150/220) | Start: 2025-07-17 19:50:00 ---
    RMSE omega (GP): 0.011457 | RMSE omega (Sim): 0.065347
    Loss: 16.9695 | Epoch: 1572
    Eq omega: -0.004501 + -0.00012theta + 0.00033omega + 0.00001theta^2 + -0.00031theta omega + -0.00006omega^2
    Eq omega Phys: -3.5e-5*omega**2 - 6.0e-6*omega*theta - 3.1e-5*omega - 9.0e-6
    Diffusion: theta=1.064504e-03, omega=1.646985e-05

  [Progress 150/220] Mean RMSE omega (GP): 0.014532 | (Sim): 0.093095 | Mean loss: 287.4034 | Valid GP: 111/150 | Valid Sim: 110/150 | Elapsed: 51.3min | ETA: 24.0min

--- Chunk 94090 (151/220) | Start: 2025-07-17 19:55:00 ---
    RMSE omega (GP): 0.010705 | RMSE omega (Sim): 0.061615
    Loss: 10.3789 | Epoch: 1832
    Eq omega: 0.008651 + -0.28093theta + -0.00456omega + -0.00103theta^2 + 0.00213theta omega + 0.00734omega^2
    Eq omega Phys: 0.00368*omega**2 + 3.6e-5*omega*theta - 0.000281*omega - 0.e-6*theta**2 - 0.000308*theta + 0.001141
    Diffusion: theta=4.025800e-04, omega=3.691285e-05

--- Chunk 94091 (152/220) | Start: 2025-07-17 20:00:00 ---
    RMSE omega (GP): 0.011912 | RMSE omega (Sim): 0.086497
    Loss: 6.3224 | Epoch: 2323
    Eq omega: 0.015931 + -0.06104theta + -0.00332omega + 0.01489theta^2 + -0.00300theta omega + -0.02292omega^2
    Eq omega Phys: -0.008735*omega**2 - 3.8e-5*omega*theta - 0.000721*omega + 6.0e-6*theta**2 + 0.000134*theta + 0.000576
    Diffusion: theta=6.853977e-04, omega=1.750680e-05

--- Chunk 94092 (153/220) | Start: 2025-07-17 20:05:00 ---
    RMSE omega (GP): 0.013792 | RMSE omega (Sim): 0.061063
    Loss: 28.7777 | Epoch: 2263
    Eq omega: -0.000441 + -0.00001theta + 0.00285omega + 0.00002theta^2 + -0.00008theta omega + 0.00029omega^2
    Eq omega Phys: 0.000178*omega**2 - 2.0e-6*omega*theta + 0.000117*omega + 2.0e-6
    Diffusion: theta=1.313015e-03, omega=1.606086e-05

--- Chunk 94093 (154/220) | Start: 2025-07-17 20:10:00 ---
    RMSE omega (GP): 0.010717 | RMSE omega (Sim): 0.170576
    Loss: 2.5925 | Epoch: 1500
    Eq omega: -0.002941 + -0.00005theta + 0.00237omega + -0.00087theta^2 + -0.00150theta omega + -0.00140omega^2
    Eq omega Phys: -0.000491*omega**2 - 1.8e-5*omega*theta + 0.00021*omega + 5.0e-6*theta - 2.8e-5
    Diffusion: theta=1.556847e-03, omega=4.802120e-05

--- Chunk 94094 (155/220) | Start: 2025-07-17 20:15:00 ---
    RMSE omega (GP): 0.010789 | RMSE omega (Sim): 0.081947
    Loss: 6.7812 | Epoch: 1745
    Eq omega: -0.001321 + -0.22792theta + 0.00944omega + -0.00392theta^2 + 0.01490theta omega + 0.00110omega^2
    Eq omega Phys: 0.000485*omega**2 + 0.000219*omega*theta - 0.002026*omega - 2.0e-6*theta**2 - 0.000212*theta + 0.002482
    Diffusion: theta=1.735421e-03, omega=2.616240e-05

--- Chunk 94095 (156/220) | Start: 2025-07-17 20:20:00 ---
    RMSE omega (GP): 0.011608 | RMSE omega (Sim): 0.098670
    Loss: 9.8934 | Epoch: 2175
    Eq omega: -0.011381 + -0.00021theta + 0.00198omega + 0.00007theta^2 + -0.00042theta omega + 0.00241omega^2
    Eq omega Phys: 0.001158*omega**2 - 7.0e-6*omega*theta - 4.5e-5*omega + 1.0e-6*theta - 2.0e-5
    Diffusion: theta=4.548561e-04, omega=3.343317e-05

--- Chunk 94096 (157/220) | Start: 2025-07-17 20:25:00 ---
    RMSE omega (GP): 0.012061 | RMSE omega (Sim): 0.092349
    Loss: 21.8889 | Epoch: 1131
    Eq omega: -0.004081 + -1.08222theta + -0.01432omega + 0.03102theta^2 + -0.28923theta omega + -0.00110omega^2
    Eq omega Phys: -0.000663*omega**2 - 0.005815*omega*theta + 0.014366*omega + 2.1e-5*theta**2 - 0.001309*theta + 0.003197
    Diffusion: theta=1.678615e-03, omega=3.505752e-05

--- Chunk 94097 (158/220) | Start: 2025-07-17 20:30:00 ---
    RMSE omega (GP): nan | RMSE omega (Sim): nan
    Loss: 346.1738 | Epoch: 52
    Eq omega: nan1 + nantheta + nanomega + nantheta^2 + nantheta omega + nanomega^2
    Eq omega Phys: N/A
    Diffusion: theta=nan, omega=nan

--- Chunk 94098 (159/220) | Start: 2025-07-17 20:35:00 ---
    RMSE omega (GP): 0.030910 | RMSE omega (Sim): 0.082719
    Loss: 169.2203 | Epoch: 53
    Eq omega: 0.010321 + -0.00227theta + -0.00196omega + 0.00011theta^2 + 0.00067theta omega + 0.00641omega^2
    Eq omega Phys: 0.003403*omega**2 + 1.2e-5*omega*theta + 0.000114*omega - 0.e-6*theta - 2.0e-6
    Diffusion: theta=nan, omega=nan

--- Chunk 94099 (160/220) | Start: 2025-07-17 20:40:00 ---
    RMSE omega (GP): 0.010461 | RMSE omega (Sim): 0.431208
    Loss: 26.8728 | Epoch: 1579
    Eq omega: -0.001431 + -0.00215theta + 0.00891omega + -0.01714theta^2 + 0.00366theta omega + 0.00067omega^2
    Eq omega Phys: 0.000512*omega**2 + 9.3e-5*omega*theta + 0.000518*omega - 1.5e-5*theta**2 - 7.1e-5*theta - 8.9e-5
    Diffusion: theta=1.142248e-03, omega=1.942645e-05

--- Chunk 94100 (161/220) | Start: 2025-07-17 20:45:00 ---
    RMSE omega (GP): 0.009487 | RMSE omega (Sim): 0.083657
    Loss: 4.3049 | Epoch: 1513
    Eq omega: -0.000831 + -0.00023theta + 0.00227omega + 0.00002theta^2 + -0.00100theta omega + 0.00052omega^2
    Eq omega Phys: 0.000229*omega**2 - 1.5e-5*omega*theta + 0.000186*omega
    Diffusion: theta=1.206252e-03, omega=2.035178e-05

--- Chunk 94101 (162/220) | Start: 2025-07-17 20:50:00 ---
    RMSE omega (GP): 0.020618 | RMSE omega (Sim): 0.132410
    Loss: 83.4276 | Epoch: 137
    Eq omega: 0.001521 + -0.00095theta + 0.00129omega + -0.00157theta^2 + 0.00176theta omega + 0.00048omega^2
    Eq omega Phys: 0.000301*omega**2 + 3.7e-5*omega*theta + 0.000728*omega - 1.0e-6*theta**2 - 4.2e-5*theta - 0.000396
    Diffusion: theta=2.654992e-03, omega=6.663992e-06

--- Chunk 94102 (163/220) | Start: 2025-07-17 20:55:00 ---
    RMSE omega (GP): 0.013791 | RMSE omega (Sim): 0.083493
    Loss: 33.5099 | Epoch: 1428
    Eq omega: 0.000011 + -0.00006theta + 0.00323omega + 0.00017theta^2 + 0.00023theta omega + -0.00014omega^2
    Eq omega Phys: -9.0e-5*omega**2 + 5.0e-6*omega*theta + 0.000154*omega + 2.0e-6*theta + 1.0e-5
    Diffusion: theta=1.363595e-03, omega=3.197513e-05

--- Chunk 94103 (164/220) | Start: 2025-07-17 21:00:00 ---
    RMSE omega (GP): 0.041634 | RMSE omega (Sim): 0.076693
    Loss: 305.6867 | Epoch: 140
    Eq omega: -0.004891 + -0.03761theta + 0.02218omega + 0.00116theta^2 + 0.01264theta omega + -0.00276omega^2
    Eq omega Phys: -0.001611*omega**2 + 0.000246*omega*theta + 0.004976*omega + 1.0e-6*theta**2 - 1.6e-5*theta - 0.000506
    Diffusion: theta=1.668237e-03, omega=1.592616e-06

--- Chunk 94104 (165/220) | Start: 2025-07-17 21:05:00 ---
    RMSE omega (GP): 0.044461 | RMSE omega (Sim): 0.076386
    Loss: 289.3629 | Epoch: 35
    Eq omega: -0.000671 + -0.00058theta + 0.00145omega + -0.00073theta^2 + 0.00174theta omega + -0.00158omega^2
    Eq omega Phys: -0.000808*omega**2 + 3.0e-5*omega*theta + 0.000271*omega - 7.0e-6*theta - 3.0e-5
    Diffusion: theta=4.996731e-03, omega=7.591027e-06

--- Chunk 94105 (166/220) | Start: 2025-07-17 21:10:00 ---
    RMSE omega (GP): 0.011487 | RMSE omega (Sim): 0.080679
    Loss: 9.7555 | Epoch: 1669
    Eq omega: 0.018141 + -1.39764theta + 0.00356omega + 0.00413theta^2 + -0.00570theta omega + -0.01571omega^2
    Eq omega Phys: -0.007281*omega**2 - 8.8e-5*omega*theta + 7.9e-5*omega + 2.0e-6*theta**2 - 0.001551*theta - 0.000659
    Diffusion: theta=6.405078e-04, omega=4.386854e-05

--- Chunk 94106 (167/220) | Start: 2025-07-17 21:15:00 ---
    RMSE omega (GP): 0.010274 | RMSE omega (Sim): 0.150130
    Loss: 10.6500 | Epoch: 1137
    Eq omega: 0.001571 + 0.00084theta + -0.00297omega + -0.00030theta^2 + 0.00579theta omega + -0.00017omega^2
    Eq omega Phys: -9.1e-5*omega**2 + 0.000103*omega*theta - 2.0e-5*omega + 1.0e-6*theta + 4.0e-6
    Diffusion: theta=1.810202e-04, omega=3.210263e-05

--- Chunk 94107 (168/220) | Start: 2025-07-17 21:20:00 ---
    RMSE omega (GP): 0.009436 | RMSE omega (Sim): 0.117502
    Loss: 8.3517 | Epoch: 1248
    Eq omega: 0.002981 + 0.00051theta + 0.00122omega + 0.00022theta^2 + 0.00074theta omega + 0.00151omega^2
    Eq omega Phys: 0.000788*omega**2 + 1.3e-5*omega*theta + 0.0001*omega + 2.0e-6*theta + 1.2e-5
    Diffusion: theta=1.903512e-04, omega=3.730424e-05

--- Chunk 94108 (169/220) | Start: 2025-07-17 21:25:00 ---
    RMSE omega (GP): nan | RMSE omega (Sim): nan
    Loss: 102.6453 | Epoch: 46
    Eq omega: nan1 + nantheta + nanomega + nantheta^2 + nantheta omega + nanomega^2
    Eq omega Phys: N/A
    Diffusion: theta=nan, omega=nan

--- Chunk 94109 (170/220) | Start: 2025-07-17 21:30:00 ---
    RMSE omega (GP): 0.010568 | RMSE omega (Sim): 0.086429
    Loss: 7.0754 | Epoch: 1629
    Eq omega: -0.001381 + -0.00115theta + -0.00167omega + 0.00177theta^2 + 0.00004theta omega + -0.00164omega^2
    Eq omega Phys: -0.000738*omega**2 + 1.0e-6*omega*theta - 6.1e-5*omega + 1.0e-6*theta**2 - 1.8e-5*theta + 8.7e-5
    Diffusion: theta=4.104050e-04, omega=2.751593e-05

--- Chunk 94110 (171/220) | Start: 2025-07-17 21:35:00 ---
    RMSE omega (GP): 0.011741 | RMSE omega (Sim): 0.072257
    Loss: 6.3547 | Epoch: 1644
    Eq omega: -0.003671 + -1.51410theta + 0.06061omega + 0.08051theta^2 + -0.00853theta omega + -0.01151omega^2
    Eq omega Phys: -0.00456*omega**2 - 0.000113*omega*theta + 0.00212*omega + 3.5e-5*theta**2 - 0.001745*theta + 0.001508
    Diffusion: theta=1.285539e-03, omega=3.763354e-05

--- Chunk 94111 (172/220) | Start: 2025-07-17 21:40:00 ---
    RMSE omega (GP): nan | RMSE omega (Sim): nan
    Loss: 437.2926 | Epoch: 72
    Eq omega: nan1 + nantheta + nanomega + nantheta^2 + nantheta omega + nanomega^2
    Eq omega Phys: N/A
    Diffusion: theta=nan, omega=nan

--- Chunk 94112 (173/220) | Start: 2025-07-17 21:45:00 ---
    RMSE omega (GP): nan | RMSE omega (Sim): nan
    Loss: 20.7488 | Epoch: 86
    Eq omega: nan1 + nantheta + nanomega + nantheta^2 + nantheta omega + nanomega^2
    Eq omega Phys: N/A
    Diffusion: theta=nan, omega=nan

--- Chunk 94113 (174/220) | Start: 2025-07-17 21:50:00 ---
    RMSE omega (GP): 0.031496 | RMSE omega (Sim): 0.051379
    Loss: 119.9494 | Epoch: 1009
    Eq omega: 0.001021 + -0.61890theta + 0.00699omega + -0.06040theta^2 + -0.00620theta omega + 0.04406omega^2
    Eq omega Phys: 0.022736*omega**2 - 0.000107*omega*theta + 0.000265*omega - 3.5e-5*theta**2 - 0.000667*theta + 0.000206
    Diffusion: theta=2.173749e-03, omega=8.650900e-06

--- Chunk 94114 (175/220) | Start: 2025-07-17 21:55:00 ---
    RMSE omega (GP): 0.039151 | RMSE omega (Sim): 0.069890
    Loss: 196.4199 | Epoch: 63
    Eq omega: -0.011411 + -0.00202theta + 0.01707omega + -0.00031theta^2 + 0.00168theta omega + -0.00150omega^2
    Eq omega Phys: -0.000771*omega**2 + 2.9e-5*omega*theta + 0.000636*omega - 3.0e-6*theta - 3.1e-5
    Diffusion: theta=nan, omega=nan

--- Chunk 94115 (176/220) | Start: 2025-07-17 22:00:00 ---
    RMSE omega (GP): nan | RMSE omega (Sim): nan
    Loss: 362.8218 | Epoch: 97
    Eq omega: nan1 + nantheta + nanomega + nantheta^2 + nantheta omega + nanomega^2
    Eq omega Phys: N/A
    Diffusion: theta=nan, omega=nan

--- Chunk 94116 (177/220) | Start: 2025-07-17 22:05:00 ---
    RMSE omega (GP): 0.008856 | RMSE omega (Sim): 0.114669
    Loss: -0.0124 | Epoch: 1904
    Eq omega: -0.000921 + -0.00131theta + -0.00169omega + 0.00021theta^2 + -0.00037theta omega + 0.00019omega^2
    Eq omega Phys: 6.0e-5*omega**2 - 4.0e-6*omega*theta - 5.5e-5*omega - 2.0e-6*theta - 3.0e-6
    Diffusion: theta=4.063775e-04, omega=4.097598e-05

--- Chunk 94117 (178/220) | Start: 2025-07-17 22:10:00 ---
    RMSE omega (GP): 0.009406 | RMSE omega (Sim): 0.150523
    Loss: 8.3221 | Epoch: 1389
    Eq omega: -0.001331 + 0.00198theta + 0.00432omega + 0.00245theta^2 + -0.00107theta omega + -0.00147omega^2
    Eq omega Phys: -0.000804*omega**2 - 1.9e-5*omega*theta + 0.000292*omega + 1.0e-6*theta**2 - 2.0e-5*theta + 6.7e-5
    Diffusion: theta=2.327161e-04, omega=2.787245e-05

--- Chunk 94118 (179/220) | Start: 2025-07-17 22:15:00 ---
    RMSE omega (GP): nan | RMSE omega (Sim): nan
    Loss: 15.6560 | Epoch: 86
    Eq omega: nan1 + nantheta + nanomega + nantheta^2 + nantheta omega + nanomega^2
    Eq omega Phys: N/A
    Diffusion: theta=nan, omega=nan

--- Chunk 94119 (180/220) | Start: 2025-07-17 22:20:00 ---
    RMSE omega (GP): 0.037799 | RMSE omega (Sim): 0.154579
    Loss: 95.0199 | Epoch: 47
    Eq omega: -0.002161 + -0.04378theta + 0.02600omega + -0.00526theta^2 + -0.00058theta omega + -0.01026omega^2
    Eq omega Phys: -0.003431*omega**2 - 6.0e-6*omega*theta + 0.000893*omega - 2.0e-6*theta**2 - 3.3e-5*theta + 0.000159
    Diffusion: theta=nan, omega=nan

--- Chunk 94120 (181/220) | Start: 2025-07-17 22:25:00 ---
    RMSE omega (GP): 0.009591 | RMSE omega (Sim): 0.058309
    Loss: 0.1712 | Epoch: 2382
    Eq omega: -0.019851 + -0.14046theta + -0.01425omega + 0.05229theta^2 + 0.01955theta omega + -0.00323omega^2
    Eq omega Phys: -0.000957*omega**2 + 0.000193*omega*theta + 0.001585*omega + 1.7e-5*theta**2 + 0.000211*theta + 0.00022
    Diffusion: theta=2.274546e-03, omega=3.541514e-05

--- Chunk 94121 (182/220) | Start: 2025-07-17 22:30:00 ---
    RMSE omega (GP): 0.010822 | RMSE omega (Sim): 0.065876
    Loss: 0.7457 | Epoch: 1393
    Eq omega: 0.000491 + -0.17375theta + 0.00002omega + -0.00035theta^2 + -0.00176theta omega + 0.00733omega^2
    Eq omega Phys: 0.00206*omega**2 - 1.6e-5*omega*theta + 0.000214*omega - 0.00019*theta + 0.002476
    Diffusion: theta=4.587536e-04, omega=6.179770e-05

--- Chunk 94122 (183/220) | Start: 2025-07-17 22:35:00 ---
    RMSE omega (GP): 0.013266 | RMSE omega (Sim): 0.156251
    Loss: 13.2621 | Epoch: 1655
    Eq omega: 0.000361 + -0.00019theta + 0.00183omega + 0.00006theta^2 + 0.00035theta omega + 0.00334omega^2
    Eq omega Phys: 0.001508*omega**2 + 5.0e-6*omega*theta + 2.2e-5*omega - 0.e-6*theta + 4.0e-6
    Diffusion: theta=1.844119e-04, omega=2.444643e-05

--- Chunk 94123 (184/220) | Start: 2025-07-17 22:40:00 ---
    RMSE omega (GP): nan | RMSE omega (Sim): nan
    Loss: 391.8583 | Epoch: 18
    Eq omega: nan1 + nantheta + nanomega + nantheta^2 + nantheta omega + nanomega^2
    Eq omega Phys: N/A
    Diffusion: theta=nan, omega=nan

--- Chunk 94124 (185/220) | Start: 2025-07-17 22:45:00 ---
    RMSE omega (GP): 0.009116 | RMSE omega (Sim): 0.158699
    Loss: 9.9944 | Epoch: 1253
    Eq omega: 0.002231 + -0.00108theta + -0.00057omega + 0.00165theta^2 + -0.00084theta omega + 0.00013omega^2
    Eq omega Phys: 7.6e-5*omega**2 - 1.6e-5*omega*theta + 4.0e-5*omega + 1.0e-6*theta**2 - 9.0e-6*theta + 2.3e-5
    Diffusion: theta=2.205961e-04, omega=3.002067e-05

--- Chunk 94125 (186/220) | Start: 2025-07-17 22:50:00 ---
    RMSE omega (GP): nan | RMSE omega (Sim): nan
    Loss: 224.5351 | Epoch: 77
    Eq omega: nan1 + nantheta + nanomega + nantheta^2 + nantheta omega + nanomega^2
    Eq omega Phys: N/A
    Diffusion: theta=nan, omega=nan

--- Chunk 94126 (187/220) | Start: 2025-07-17 22:55:00 ---
    RMSE omega (GP): 0.012697 | RMSE omega (Sim): 0.090149
    Loss: 9.3267 | Epoch: 635
    Eq omega: -0.005421 + -0.02354theta + 0.00400omega + -0.00064theta^2 + -0.00482theta omega + -0.00098omega^2
    Eq omega Phys: -0.0004*omega**2 - 6.5e-5*omega*theta + 0.000259*omega - 2.5e-5*theta + 3.4e-5
    Diffusion: theta=1.293529e-03, omega=3.751311e-05

--- Chunk 94127 (188/220) | Start: 2025-07-17 23:00:00 ---
    RMSE omega (GP): 0.008990 | RMSE omega (Sim): 0.188732
    Loss: 4.5100 | Epoch: 1850
    Eq omega: -0.000651 + 0.00208theta + -0.00145omega + -0.00005theta^2 + -0.00104theta omega + -0.00131omega^2
    Eq omega Phys: -0.000597*omega**2 - 1.6e-5*omega*theta - 0.000293*omega + 2.0e-6*theta + 2.8e-5
    Diffusion: theta=3.172832e-04, omega=3.544106e-05

--- Chunk 94128 (189/220) | Start: 2025-07-17 23:05:00 ---
    RMSE omega (GP): 0.007929 | RMSE omega (Sim): 0.137634
    Loss: 5.7867 | Epoch: 1122
    Eq omega: 0.000011 + 0.00058theta + -0.00168omega + -0.00041theta^2 + -0.00334theta omega + -0.00101omega^2
    Eq omega Phys: -0.00055*omega**2 - 6.1e-5*omega*theta - 0.000104*omega
    Diffusion: theta=8.835561e-04, omega=3.771652e-05

--- Chunk 94129 (190/220) | Start: 2025-07-17 23:10:00 ---
    RMSE omega (GP): 0.008231 | RMSE omega (Sim): 0.069186
    Loss: 6.9543 | Epoch: 1657
    Eq omega: 0.002221 + 0.00080theta + 0.00198omega + -0.00011theta^2 + -0.00097theta omega + 0.00753omega^2
    Eq omega Phys: 0.004128*omega**2 - 1.8e-5*omega*theta - 7.8e-5*omega + 7.0e-6
    Diffusion: theta=1.231913e-03, omega=2.595260e-05

--- Chunk 94130 (191/220) | Start: 2025-07-17 23:15:00 ---
    RMSE omega (GP): nan | RMSE omega (Sim): nan
    Loss: 5513.1211 | Epoch: 5
    Eq omega: nan1 + nantheta + nanomega + nantheta^2 + nantheta omega + nanomega^2
    Eq omega Phys: N/A
    Diffusion: theta=nan, omega=nan

--- Chunk 94131 (192/220) | Start: 2025-07-17 23:20:00 ---
    RMSE omega (GP): 0.008001 | RMSE omega (Sim): 0.100307
    Loss: -0.0127 | Epoch: 2305
    Eq omega: -0.002511 + -0.00317theta + 0.00304omega + 0.00018theta^2 + 0.00199theta omega + -0.00024omega^2
    Eq omega Phys: -8.5e-5*omega**2 + 2.4e-5*omega*theta - 0.000185*omega - 5.0e-6*theta + 4.6e-5
    Diffusion: theta=1.749040e-04, omega=2.410634e-05

--- Chunk 94132 (193/220) | Start: 2025-07-17 23:25:00 ---
    RMSE omega (GP): 0.015362 | RMSE omega (Sim): 0.034134
    Loss: 98.4594 | Epoch: 1268
    Eq omega: -0.000471 + 0.00005theta + -0.00116omega + 0.00000theta^2 + 0.00000theta omega + 0.00004omega^2
    Eq omega Phys: 3.9e-5*omega**2 - 3.9e-5*omega + 1.0e-6
    Diffusion: theta=4.663817e-04, omega=5.192748e-06

--- Chunk 94133 (194/220) | Start: 2025-07-17 23:30:00 ---
    RMSE omega (GP): 0.009216 | RMSE omega (Sim): 0.040492
    Loss: 26.7025 | Epoch: 2299
    Eq omega: 0.010451 + -0.00083theta + -0.00004omega + 0.00002theta^2 + 0.00003theta omega + -0.00024omega^2
    Eq omega Phys: -0.000204*omega**2 + 1.0e-6*omega*theta + 1.4e-5*omega + 3.0e-6
    Diffusion: theta=2.134798e-04, omega=1.264985e-05

--- Chunk 94134 (195/220) | Start: 2025-07-17 23:35:00 ---
    RMSE omega (GP): 0.032306 | RMSE omega (Sim): 0.053828
    Loss: 290.8143 | Epoch: 29
    Eq omega: 0.003241 + -0.00010theta + -0.00558omega + 0.00003theta^2 + 0.00020theta omega + 0.00211omega^2
    Eq omega Phys: 0.001336*omega**2 + 4.0e-6*omega*theta - 0.00014*omega + 7.0e-6
    Diffusion: theta=nan, omega=nan

--- Chunk 94135 (196/220) | Start: 2025-07-17 23:40:00 ---
    RMSE omega (GP): 0.027905 | RMSE omega (Sim): 0.075258
    Loss: 85.2699 | Epoch: 93
    Eq omega: -0.005081 + -0.02787theta + 0.01073omega + 0.01453theta^2 + -0.00170theta omega + 0.00400omega^2
    Eq omega Phys: 0.001942*omega**2 - 2.8e-5*omega*theta + 0.000516*omega + 8.0e-6*theta**2 - 0.000121*theta + 0.000428
    Diffusion: theta=nan, omega=nan

--- Chunk 94136 (197/220) | Start: 2025-07-17 23:45:00 ---
    RMSE omega (GP): 0.008744 | RMSE omega (Sim): 0.069133
    Loss: 5.9212 | Epoch: 1322
    Eq omega: 0.003071 + -0.00242theta + 0.00748omega + 0.00012theta^2 + 0.00003theta omega + -0.00144omega^2
    Eq omega Phys: -0.000723*omega**2 + 1.0e-6*omega*theta + 0.000246*omega - 4.0e-6*theta + 2.9e-5
    Diffusion: theta=2.993957e-04, omega=3.601751e-05

--- Chunk 94137 (198/220) | Start: 2025-07-17 23:50:00 ---
    RMSE omega (GP): nan | RMSE omega (Sim): nan
    Loss: 544.0923 | Epoch: 16
    Eq omega: nan1 + nantheta + nanomega + nantheta^2 + nantheta omega + nanomega^2
    Eq omega Phys: N/A
    Diffusion: theta=nan, omega=nan

--- Chunk 94138 (199/220) | Start: 2025-07-17 23:55:00 ---
    RMSE omega (GP): 0.010152 | RMSE omega (Sim): 0.055869
    Loss: 23.9437 | Epoch: 1072
    Eq omega: -0.006881 + 0.00013theta + 0.00073omega + -0.00013theta^2 + -0.00009theta omega + 0.00004omega^2
    Eq omega Phys: 3.0e-5*omega**2 - 2.0e-6*omega*theta + 5.4e-5*omega + 3.0e-6*theta - 3.0e-5
    Diffusion: theta=4.585902e-04, omega=1.532609e-05

--- Chunk 94139 (200/220) | Start: 2025-07-18 00:00:00 ---
    RMSE omega (GP): 0.009463 | RMSE omega (Sim): 0.095017
    Loss: 8.8534 | Epoch: 1532
    Eq omega: -0.005221 + 0.00224theta + -0.00147omega + 0.00095theta^2 + -0.00093theta omega + 0.00068omega^2
    Eq omega Phys: 0.000369*omega**2 - 1.7e-5*omega*theta + 1.0e-6*theta**2 - 0.e-6*theta - 1.3e-5
    Diffusion: theta=2.433389e-04, omega=2.472150e-05

  [Progress 200/220] Mean RMSE omega (GP): 0.014888 | (Sim): 0.095711 | Mean loss: 265.6053 | Valid GP: 151/200 | Valid Sim: 150/200 | Elapsed: 68.5min | ETA: 6.8min

--- Chunk 94140 (201/220) | Start: 2025-07-18 00:05:00 ---
    RMSE omega (GP): 0.031072 | RMSE omega (Sim): 0.062897
    Loss: 239.8821 | Epoch: 721
    Eq omega: -0.013901 + -0.00255theta + 0.00160omega + -0.00023theta^2 + -0.00002theta omega + 0.00152omega^2
    Eq omega Phys: 0.00092*omega**2 + 5.8e-5*omega + 1.0e-6*theta - 1.3e-5
    Diffusion: theta=2.899326e-02, omega=3.477088e-05

--- Chunk 94141 (202/220) | Start: 2025-07-18 00:10:00 ---
    RMSE omega (GP): 0.009344 | RMSE omega (Sim): 0.058020
    Loss: 21.0223 | Epoch: 1230
    Eq omega: 0.008511 + -0.03041theta + -0.00976omega + 0.00257theta^2 + -0.00027theta omega + -0.00158omega^2
    Eq omega Phys: -0.001222*omega**2 - 7.0e-6*omega*theta - 0.000231*omega + 2.0e-6*theta**2 - 9.4e-5*theta + 0.000877
    Diffusion: theta=nan, omega=nan

--- Chunk 94142 (203/220) | Start: 2025-07-18 00:15:00 ---
    RMSE omega (GP): 0.007899 | RMSE omega (Sim): 0.094746
    Loss: 10.5963 | Epoch: 3454
    Eq omega: 0.001381 + -0.00018theta + -0.00209omega + -0.00007theta^2 + 0.00007theta omega + 0.00000omega^2
    Eq omega Phys: 2.0e-6*omega*theta - 9.7e-5*omega + 2.0e-6*theta - 1.0e-5
    Diffusion: theta=6.620488e-04, omega=1.888210e-05

--- Chunk 94143 (204/220) | Start: 2025-07-18 00:20:00 ---
    RMSE omega (GP): 0.009163 | RMSE omega (Sim): 0.089206
    Loss: 8.2354 | Epoch: 1622
    Eq omega: 0.000301 + 0.00026theta + -0.00225omega + 0.00015theta^2 + -0.00021theta omega + -0.00008omega^2
    Eq omega Phys: -4.8e-5*omega**2 - 4.0e-6*omega*theta - 7.0e-6*omega - 3.0e-6*theta + 2.2e-5
    Diffusion: theta=5.644700e-04, omega=1.842723e-05

--- Chunk 94144 (205/220) | Start: 2025-07-18 00:25:00 ---
    RMSE omega (GP): 0.026690 | RMSE omega (Sim): 1.719324
    Loss: 122.1962 | Epoch: 674
    Eq omega: -0.000641 + -0.00681theta + 0.00787omega + 0.01026theta^2 + -0.00110theta omega + 0.00012omega^2
    Eq omega Phys: 7.2e-5*omega**2 - 2.2e-5*omega*theta + 0.00016*omega + 7.0e-6*theta**2 + 5.6e-5*theta + 0.000113
    Diffusion: theta=2.288590e-01, omega=2.235938e-04

--- Chunk 94145 (206/220) | Start: 2025-07-18 00:30:00 ---
    RMSE omega (GP): nan | RMSE omega (Sim): nan
    Loss: 169.1333 | Epoch: 34
    Eq omega: nan1 + nantheta + nanomega + nantheta^2 + nantheta omega + nanomega^2
    Eq omega Phys: N/A
    Diffusion: theta=nan, omega=nan

--- Chunk 94146 (207/220) | Start: 2025-07-18 00:35:00 ---
    RMSE omega (GP): nan | RMSE omega (Sim): nan
    Loss: 217.8038 | Epoch: 1615
    Eq omega: nan1 + nantheta + nanomega + nantheta^2 + nantheta omega + nanomega^2
    Eq omega Phys: N/A
    Diffusion: theta=nan, omega=nan

--- Chunk 94147 (208/220) | Start: 2025-07-18 00:40:00 ---
    RMSE omega (GP): 0.021862 | RMSE omega (Sim): 0.037926
    Loss: -33011.7852 | Epoch: 807
    Eq omega: 0.000341 + 0.00004theta + -0.00035omega + 0.00001theta^2 + -0.00000theta omega + -0.00029omega^2
    Eq omega Phys: -0.000318*omega**2 - 1.2e-5*omega + 5.0e-6
    Diffusion: theta=nan, omega=nan

--- Chunk 94148 (209/220) | Start: 2025-07-18 00:45:00 ---
    RMSE omega (GP): 0.008796 | RMSE omega (Sim): 0.082097
    Loss: 5.1254 | Epoch: 819
    Eq omega: 0.017741 + -0.86657theta + -0.00515omega + 0.04758theta^2 + -0.01991theta omega + -0.00443omega^2
    Eq omega Phys: -0.002146*omega**2 - 0.000322*omega*theta + 0.000291*omega + 2.6e-5*theta**2 - 0.001037*theta + 0.00148
    Diffusion: theta=1.126589e-03, omega=1.972142e-05

--- Chunk 94149 (210/220) | Start: 2025-07-18 00:50:00 ---
    RMSE omega (GP): 0.008683 | RMSE omega (Sim): 0.068316
    Loss: 12.8415 | Epoch: 1612
    Eq omega: 0.000911 + -0.00115theta + -0.00275omega + 0.00012theta^2 + 0.00094theta omega + -0.00080omega^2
    Eq omega Phys: -0.000544*omega**2 + 2.1e-5*omega*theta - 0.000238*omega - 3.0e-6*theta + 1.5e-5
    Diffusion: theta=5.983944e-04, omega=1.630927e-05

--- Chunk 94150 (211/220) | Start: 2025-07-18 00:55:00 ---
    RMSE omega (GP): 0.007965 | RMSE omega (Sim): 0.048988
    Loss: 14.1493 | Epoch: 1746
    Eq omega: -0.000611 + -0.06222theta + -0.00041omega + -0.00035theta^2 + -0.00050theta omega + 0.00186omega^2
    Eq omega Phys: 0.001424*omega**2 - 1.3e-5*omega*theta - 0.00013*omega - 7.5e-5*theta - 0.000656
    Diffusion: theta=1.960036e-04, omega=1.758796e-05

--- Chunk 94151 (212/220) | Start: 2025-07-18 01:00:00 ---
    RMSE omega (GP): 0.009166 | RMSE omega (Sim): 0.060052
    Loss: 8.9633 | Epoch: 1300
    Eq omega: 0.001871 + -0.00036theta + -0.00051omega + -0.00005theta^2 + 0.00230theta omega + 0.00294omega^2
    Eq omega Phys: 0.001634*omega**2 + 4.3e-5*omega*theta + 0.000414*omega - 1.0e-6*theta - 3.0e-6
    Diffusion: theta=1.644630e-04, omega=2.891288e-05

--- Chunk 94152 (213/220) | Start: 2025-07-18 01:05:00 ---
    RMSE omega (GP): 0.006692 | RMSE omega (Sim): 0.062553
    Loss: 2.4677 | Epoch: 1070
    Eq omega: 0.003681 + -1.09637theta + -0.00437omega + 0.00973theta^2 + -0.01679theta omega + 0.00217omega^2
    Eq omega Phys: 0.001086*omega**2 - 0.00028*omega*theta + 0.000116*omega + 5.0e-6*theta**2 - 0.001228*theta + 0.001151
    Diffusion: theta=1.917379e-03, omega=3.289207e-05

--- Chunk 94153 (214/220) | Start: 2025-07-18 01:10:00 ---
    RMSE omega (GP): 0.022745 | RMSE omega (Sim): 0.082457
    Loss: 34.4679 | Epoch: 177
    Eq omega: -0.000021 + -0.00002theta + 0.00321omega + 0.00003theta^2 + -0.00003theta omega + -0.00417omega^2
    Eq omega Phys: -0.001626*omega**2 + 0.0001*omega + 4.0e-6
    Diffusion: theta=1.124953e-03, omega=6.204003e-06

--- Chunk 94154 (215/220) | Start: 2025-07-18 01:15:00 ---
    RMSE omega (GP): nan | RMSE omega (Sim): nan
    Loss: 38328.2305 | Epoch: 16
    Eq omega: nan1 + nantheta + nanomega + nantheta^2 + nantheta omega + nanomega^2
    Eq omega Phys: N/A
    Diffusion: theta=nan, omega=nan

--- Chunk 94155 (216/220) | Start: 2025-07-18 01:20:00 ---
    RMSE omega (GP): 0.008950 | RMSE omega (Sim): 0.032370
    Loss: 38.8953 | Epoch: 2376
    Eq omega: 0.002681 + 0.00019theta + 0.00071omega + 0.00000theta^2 + 0.00031theta omega + 0.00091omega^2
    Eq omega Phys: 0.000978*omega**2 + 1.1e-5*omega*theta + 0.000187*omega + 6.0e-6
    Diffusion: theta=2.295534e-04, omega=1.190423e-05

--- Chunk 94156 (217/220) | Start: 2025-07-18 01:25:00 ---
    RMSE omega (GP): nan | RMSE omega (Sim): nan
    Loss: 429.2719 | Epoch: 36
    Eq omega: nan1 + nantheta + nanomega + nantheta^2 + nantheta omega + nanomega^2
    Eq omega Phys: N/A
    Diffusion: theta=nan, omega=nan

--- Chunk 94157 (218/220) | Start: 2025-07-18 01:30:00 ---
    RMSE omega (GP): 0.010252 | RMSE omega (Sim): 0.054617
    Loss: 18.3284 | Epoch: 1566
    Eq omega: -0.003851 + -0.00032theta + -0.00015omega + -0.00005theta^2 + -0.00038theta omega + 0.00030omega^2
    Eq omega Phys: 0.000204*omega**2 - 9.0e-6*omega*theta - 0.000105*omega - 1.0e-6*theta - 1.5e-5
    Diffusion: theta=8.608854e-04, omega=3.678971e-05

--- Chunk 94158 (219/220) | Start: 2025-07-18 01:35:00 ---
    RMSE omega (GP): 0.025135 | RMSE omega (Sim): 0.058537
    Loss: -362.0322 | Epoch: 546
    Eq omega: 0.009431 + -0.11261theta + -0.00463omega + -0.00394theta^2 + 0.00222theta omega + 0.00390omega^2
    Eq omega Phys: 0.002203*omega**2 + 4.2e-5*omega*theta - 9.2e-5*omega - 2.0e-6*theta**2 - 0.000132*theta - 0.000172
    Diffusion: theta=1.950296e+00, omega=2.228998e-03

--- Chunk 94159 (220/220) | Start: 2025-07-18 01:40:00 ---
    RMSE omega (GP): nan | RMSE omega (Sim): nan
    Loss: 292.4750 | Epoch: 209
    Eq omega: nan1 + nantheta + nanomega + nantheta^2 + nantheta omega + nanomega^2
    Eq omega Phys: N/A
    Diffusion: theta=nan, omega=nan

  [Progress 220/220] Mean RMSE omega (GP): 0.014834 | (Sim): 0.102841 | Mean loss: 271.4606 | Valid GP: 166/220 | Valid Sim: 165/220 | Elapsed: 75.6min | ETA: 0.0min

============================================================
EVALUATION COMPLETE — Chunks [93940, 94159]
============================================================
Chunks processed: 220
Chunks succeeded GP:  166 (75.5%)
Chunks succeeded Sim: 165 (75.0%)
Mean GP RMSE omega:   0.014834 ± 0.008395
Mean SIM RMSE omega:  0.102841 ± 0.135147
Mean Loss:            271.4606 ± 3840.9769
Elapsed time:     75.6 minutes

Per-chunk CSV: /pfs/data6/home/ka/ka_iai/ka_bj2362/dsr/svise/results_5min_all_chunks/run_SLURM_3733209_combo38/chunks_93940_to_94159_20260323_050927.csv
Summary JSON:  /pfs/data6/home/ka/ka_iai/ka_bj2362/dsr/svise/results_5min_all_chunks/run_SLURM_3733209_combo38/summary_93940_to_94159_20260323_050927.json
============================================================

============================= JOB FEEDBACK =============================

NodeName=uc3n018
Job ID: 3733727
Array Job ID: 3733209_427
Cluster: uc3
User/Group: ka_bj2362/ka_iai
State: COMPLETED (exit code 0)
Nodes: 1
Cores per node: 4
CPU Utilized: 01:15:15
CPU Efficiency: 24.76% of 05:03:56 core-walltime
Job Wall-clock time: 01:15:59
Memory Utilized: 3.46 GB
Memory Efficiency: 28.85% of 12.00 GB (12.00 GB/node)
