Array task 151: processing chunks 33220 to 33439
Loading data from /pfs/data6/home/ka/ka_iai/ka_bj2362/dsr/svise/../dataset/South_Korea_2024-08-15_2025-08-31_1s.parquet...
Finding all valid 5-minute chunks in the dataset...
Found 107059 valid 5-minute chunks in total.

============================================================
SVISE FINAL EVALUATION — ALL CHUNKS
============================================================
Hyperparameters: {
  "model": "integrator",
  "sigma": 0,
  "degree": 2,
  "tau": 1e-05,
  "lr": 0.1,
  "n_tau": 50,
  "measurement_noise": 0.001,
  "n_reparam_samples": 15
}
Total valid chunks in dataset: 107059
Processing chunk range: [33220, 33439] (220 chunks)
Early stopping: patience=300, max_epochs=10000
============================================================


--- Chunk 33220 (1/220) | Start: 2024-12-17 21:20:00 ---
/pfs/data6/home/ka/ka_iai/ka_bj2362/dsr/svise/svise/sde_learning/_marginal_sde.py:284: UserWarning: torch.triangular_solve is deprecated in favor of torch.linalg.solve_triangularand will be removed in a future PyTorch release.
torch.linalg.solve_triangular has its arguments reversed and does not return a copy of one of the inputs.
X = torch.triangular_solve(B, A).solution
should be replaced with
X = torch.linalg.solve_triangular(A, B). (Triggered internally at ../aten/src/ATen/native/BatchLinearAlgebra.cpp:2192.)
  return torch.triangular_solve(self.raw_w, self.C.t()).solution
/pfs/data6/home/ka/ka_iai/ka_bj2362/dsr/svise/svise/quadrature/_unbiased_quadrature.py:196: UserWarning: Interp is nan, reducing interp degree.
  warnings.warn("Interp is nan, reducing interp degree.")
/pfs/data6/home/ka/ka_iai/ka_bj2362/dsr/svise/svise/quadrature/_unbiased_quadrature.py:174: UserWarning: NaN detected in fxq (quadrature node evaluations). Clamping to 0.
  warnings.warn("NaN detected in fxq (quadrature node evaluations). Clamping to 0.")
/pfs/data6/home/ka/ka_iai/ka_bj2362/dsr/svise/svise/quadrature/_unbiased_quadrature.py:177: UserWarning: NaN detected in fmc (Monte-Carlo node evaluations). Clamping to 0.
  warnings.warn("NaN detected in fmc (Monte-Carlo node evaluations). Clamping to 0.")
    RMSE omega (GP): 0.016674 | RMSE omega (Sim): 0.094441
    Loss: 52.9873 | Epoch: 955
    Eq omega: -0.000041 + 0.00064theta + 0.00322omega + -0.00003theta^2 + 0.00005theta omega + 0.00009omega^2
    Eq omega Phys: 5.9e-5*omega**2 + 1.0e-6*omega*theta + 0.000127*omega + 6.0e-6

--- Chunk 33221 (2/220) | Start: 2024-12-17 21:25:00 ---
    RMSE omega (GP): nan | RMSE omega (Sim): nan
    Loss: 96052.1406 | Epoch: 16
    Eq omega: nan1 + nantheta + nanomega + nantheta^2 + nantheta omega + nanomega^2
    Eq omega Phys: N/A

--- Chunk 33222 (3/220) | Start: 2024-12-17 21:30:00 ---
    RMSE omega (GP): nan | RMSE omega (Sim): nan
    Loss: 1032.4802 | Epoch: 33
    Eq omega: nan1 + nantheta + nanomega + nantheta^2 + nantheta omega + nanomega^2
    Eq omega Phys: N/A

--- Chunk 33223 (4/220) | Start: 2024-12-17 21:35:00 ---
    RMSE omega (GP): nan | RMSE omega (Sim): nan
    Loss: 16.5405 | Epoch: 164
    Eq omega: nan1 + nantheta + nanomega + nantheta^2 + nantheta omega + nanomega^2
    Eq omega Phys: N/A

--- Chunk 33224 (5/220) | Start: 2024-12-17 21:40:00 ---
    RMSE omega (GP): 0.026372 | RMSE omega (Sim): 0.061893
    Loss: 136.3888 | Epoch: 743
    Eq omega: -0.004061 + -0.00258theta + 0.00056omega + 0.00003theta^2 + -0.00205theta omega + 0.00005omega^2
    Eq omega Phys: 3.1e-5*omega**2 - 4.2e-5*omega*theta + 0.001622*omega - 4.0e-6*theta + 0.000132

--- Chunk 33225 (6/220) | Start: 2024-12-17 21:45:00 ---
    RMSE omega (GP): nan | RMSE omega (Sim): nan
    Loss: 658.8489 | Epoch: 50
    Eq omega: nan1 + nantheta + nanomega + nantheta^2 + nantheta omega + nanomega^2
    Eq omega Phys: N/A

--- Chunk 33226 (7/220) | Start: 2024-12-17 21:50:00 ---
    RMSE omega (GP): 0.028662 | RMSE omega (Sim): 0.074357
    Loss: 97.0468 | Epoch: 104
    Eq omega: -0.000901 + -0.00086theta + 0.00079omega + -0.00091theta^2 + -0.00892theta omega + -0.00258omega^2
    Eq omega Phys: -0.001308*omega**2 - 0.000151*omega*theta + 0.001687*omega - 0.e-6*theta**2 + 1.0e-5*theta - 5.4e-5

--- Chunk 33227 (8/220) | Start: 2024-12-17 21:55:00 ---
    RMSE omega (GP): nan | RMSE omega (Sim): nan
    Loss: 461.2533 | Epoch: 37
    Eq omega: nan1 + nantheta + nanomega + nantheta^2 + nantheta omega + nanomega^2
    Eq omega Phys: N/A

--- Chunk 33228 (9/220) | Start: 2024-12-17 22:00:00 ---
    RMSE omega (GP): 0.008261 | RMSE omega (Sim): 0.090442
    Loss: 6.2065 | Epoch: 1536
    Eq omega: -0.000931 + -0.00083theta + 0.00063omega + -0.00110theta^2 + 0.00048theta omega + 0.00286omega^2
    Eq omega Phys: 0.001516*omega**2 + 8.0e-6*omega*theta - 5.4e-5*omega - 0.e-6*theta**2 + 1.1e-5*theta - 4.5e-5

--- Chunk 33229 (10/220) | Start: 2024-12-17 22:05:00 ---
    RMSE omega (GP): nan | RMSE omega (Sim): nan
    Loss: 657.9182 | Epoch: 27
    Eq omega: nan1 + nantheta + nanomega + nantheta^2 + nantheta omega + nanomega^2
    Eq omega Phys: N/A

--- Chunk 33230 (11/220) | Start: 2024-12-17 22:10:00 ---
    RMSE omega (GP): 0.042235 | RMSE omega (Sim): 0.070385
    Loss: 268.5957 | Epoch: 116
    Eq omega: -0.003401 + -0.00428theta + -0.00684omega + 0.00055theta^2 + -0.00368theta omega + -0.00107omega^2
    Eq omega Phys: -0.000549*omega**2 - 6.3e-5*omega*theta + 0.001351*omega - 2.0e-5*theta + 0.000309

--- Chunk 33231 (12/220) | Start: 2024-12-17 22:15:00 ---
    RMSE omega (GP): 0.008909 | RMSE omega (Sim): 0.113942
    Loss: 4.7840 | Epoch: 3028
    Eq omega: -0.004941 + -0.03682theta + -0.00044omega + -0.00059theta^2 + 0.00003theta omega + -0.00070omega^2
    Eq omega Phys: -0.000326*omega**2 - 9.0e-6*omega - 4.8e-5*theta - 0.000532

--- Chunk 33232 (13/220) | Start: 2024-12-17 22:20:00 ---
    RMSE omega (GP): nan | RMSE omega (Sim): nan
    Loss: 505.4585 | Epoch: 40
    Eq omega: nan1 + nantheta + nanomega + nantheta^2 + nantheta omega + nanomega^2
    Eq omega Phys: N/A

--- Chunk 33233 (14/220) | Start: 2024-12-17 22:25:00 ---
    RMSE omega (GP): nan | RMSE omega (Sim): nan
    Loss: 289.8754 | Epoch: 73
    Eq omega: nan1 + nantheta + nanomega + nantheta^2 + nantheta omega + nanomega^2
    Eq omega Phys: N/A

--- Chunk 33234 (15/220) | Start: 2024-12-17 22:30:00 ---
    RMSE omega (GP): 0.009762 | RMSE omega (Sim): 0.090718
    Loss: 8.6766 | Epoch: 1937
    Eq omega: -0.002921 + -0.00019theta + -0.00093omega + 0.00003theta^2 + -0.00009theta omega + -0.00015omega^2
    Eq omega Phys: -7.6e-5*omega**2 - 2.0e-6*omega*theta + 9.0e-6*omega - 1.0e-6*theta + 1.1e-5

--- Chunk 33235 (16/220) | Start: 2024-12-17 22:35:00 ---
    RMSE omega (GP): 0.020684 | RMSE omega (Sim): 0.050161
    Loss: 69.2901 | Epoch: 190
    Eq omega: -0.017341 + -0.10428theta + 0.00561omega + -0.00028theta^2 + -0.00088theta omega + -0.00259omega^2
    Eq omega Phys: -0.001543*omega**2 - 1.7e-5*omega*theta - 0.000124*omega - 0.000122*theta - 0.002153

--- Chunk 33236 (17/220) | Start: 2024-12-17 22:40:00 ---
    RMSE omega (GP): nan | RMSE omega (Sim): nan
    Loss: 1180.5548 | Epoch: 27
    Eq omega: nan1 + nantheta + nanomega + nantheta^2 + nantheta omega + nanomega^2
    Eq omega Phys: N/A

--- Chunk 33237 (18/220) | Start: 2024-12-17 22:45:00 ---
    RMSE omega (GP): nan | RMSE omega (Sim): nan
    Loss: 4006.0303 | Epoch: 17
    Eq omega: nan1 + nantheta + nanomega + nantheta^2 + nantheta omega + nanomega^2
    Eq omega Phys: N/A

--- Chunk 33238 (19/220) | Start: 2024-12-17 22:50:00 ---
    RMSE omega (GP): 0.007324 | RMSE omega (Sim): 0.047783
    Loss: 10.3597 | Epoch: 1645
    Eq omega: 0.002161 + -0.00021theta + 0.00037omega + 0.00014theta^2 + 0.00006theta omega + 0.00052omega^2
    Eq omega Phys: 0.000372*omega**2 + 1.0e-6*omega*theta + 2.5e-5*omega + 2.0e-6*theta + 1.0e-5

--- Chunk 33239 (20/220) | Start: 2024-12-17 22:55:00 ---
    RMSE omega (GP): nan | RMSE omega (Sim): nan
    Loss: 435.2308 | Epoch: 17
    Eq omega: nan1 + nantheta + nanomega + nantheta^2 + nantheta omega + nanomega^2
    Eq omega Phys: N/A

--- Chunk 33240 (21/220) | Start: 2024-12-17 23:00:00 ---
    RMSE omega (GP): 0.007662 | RMSE omega (Sim): 0.083072
    Loss: 3.0127 | Epoch: 1026
    Eq omega: 0.009951 + -0.28572theta + -0.01271omega + 0.01745theta^2 + -0.00069theta omega + -0.00007omega^2
    Eq omega Phys: -3.4e-5*omega**2 - 1.1e-5*omega*theta - 0.000389*omega + 9.0e-6*theta**2 - 0.000376*theta + 0.00111

--- Chunk 33241 (22/220) | Start: 2024-12-17 23:05:00 ---
    RMSE omega (GP): 0.008736 | RMSE omega (Sim): 0.111687
    Loss: 5.5527 | Epoch: 1851
    Eq omega: -0.000841 + 0.00059theta + 0.00052omega + -0.00064theta^2 + 0.00117theta omega + -0.00034omega^2
    Eq omega Phys: -0.000169*omega**2 + 1.9e-5*omega*theta + 9.5e-5*omega - 2.0e-6*theta - 5.0e-6

--- Chunk 33242 (23/220) | Start: 2024-12-17 23:10:00 ---
    RMSE omega (GP): nan | RMSE omega (Sim): nan
    Loss: 243.5766 | Epoch: 102
    Eq omega: nan1 + nantheta + nanomega + nantheta^2 + nantheta omega + nanomega^2
    Eq omega Phys: N/A

--- Chunk 33243 (24/220) | Start: 2024-12-17 23:15:00 ---
    RMSE omega (GP): 0.008434 | RMSE omega (Sim): 0.097700
    Loss: 0.6436 | Epoch: 1285
    Eq omega: -0.002411 + -0.00876theta + 0.00083omega + -0.00056theta^2 + -0.01127theta omega + 0.00440omega^2
    Eq omega Phys: 0.001516*omega**2 - 0.000129*omega*theta - 0.00091*omega - 1.3e-5*theta - 9.0e-5

--- Chunk 33244 (25/220) | Start: 2024-12-17 23:20:00 ---
    RMSE omega (GP): nan | RMSE omega (Sim): nan
    Loss: 450.8167 | Epoch: 54
    Eq omega: nan1 + nantheta + nanomega + nantheta^2 + nantheta omega + nanomega^2
    Eq omega Phys: N/A

--- Chunk 33245 (26/220) | Start: 2024-12-17 23:25:00 ---
    RMSE omega (GP): 0.012296 | RMSE omega (Sim): 0.093866
    Loss: -12004.4287 | Epoch: 692
    Eq omega: -0.000471 + 0.00010theta + -0.00247omega + 0.00061theta^2 + -0.00046theta omega + -0.00271omega^2
    Eq omega Phys: -0.001159*omega**2 - 7.0e-6*omega*theta - 2.3e-5*omega - 5.0e-6*theta + 2.2e-5

--- Chunk 33246 (27/220) | Start: 2024-12-17 23:30:00 ---
    RMSE omega (GP): 0.009954 | RMSE omega (Sim): 0.051147
    Loss: 16.7275 | Epoch: 2649
    Eq omega: -0.000061 + 0.00040theta + -0.00103omega + -0.00001theta^2 + -0.00029theta omega + -0.00257omega^2
    Eq omega Phys: -0.001676*omega**2 - 6.0e-6*omega*theta + 3.8e-5*omega + 1.0e-6*theta - 6.0e-6

--- Chunk 33247 (28/220) | Start: 2024-12-17 23:35:00 ---
    RMSE omega (GP): nan | RMSE omega (Sim): nan
    Loss: 157.3526 | Epoch: 54
    Eq omega: nan1 + nantheta + nanomega + nantheta^2 + nantheta omega + nanomega^2
    Eq omega Phys: N/A

--- Chunk 33248 (29/220) | Start: 2024-12-17 23:40:00 ---
    RMSE omega (GP): 0.020840 | RMSE omega (Sim): 0.077770
    Loss: 288.6588 | Epoch: 347
    Eq omega: 0.000571 + -0.00018theta + -0.00006omega + 0.00002theta^2 + -0.00006theta omega + -0.00004omega^2
    Eq omega Phys: -2.9e-5*omega**2 - 1.0e-6*omega*theta + 3.5e-5*omega - 1.0e-6*theta + 1.7e-5

--- Chunk 33249 (30/220) | Start: 2024-12-17 23:45:00 ---
    RMSE omega (GP): 0.013289 | RMSE omega (Sim): 0.028022
    Loss: 166.0457 | Epoch: 192
    Eq omega: 0.002361 + -0.00577theta + -0.00012omega + 0.00023theta^2 + -0.00091theta omega + 0.00027omega^2
    Eq omega Phys: 0.000333*omega**2 - 3.7e-5*omega*theta + 0.000957*omega - 2.3e-5*theta + 0.000375

--- Chunk 33250 (31/220) | Start: 2024-12-17 23:50:00 ---
    RMSE omega (GP): 0.007599 | RMSE omega (Sim): 0.198513
    Loss: -1.4859 | Epoch: 1887
    Eq omega: 0.000321 + -0.00132theta + 0.02596omega + 0.00030theta^2 + 0.00009theta omega + 0.00394omega^2
    Eq omega Phys: 0.001082*omega**2 + 1.0e-6*omega*theta + 0.000853*omega - 4.0e-6*theta + 4.6e-5

--- Chunk 33251 (32/220) | Start: 2024-12-17 23:55:00 ---
    RMSE omega (GP): 0.006453 | RMSE omega (Sim): 0.144693
    Loss: -1.4237 | Epoch: 2012
    Eq omega: 0.000411 + -0.00027theta + -0.00069omega + -0.00042theta^2 + 0.00060theta omega + 0.00247omega^2
    Eq omega Phys: 0.00085*omega**2 + 7.0e-6*omega*theta - 4.5e-5*omega + 1.0e-6*theta + 1.0e-6

--- Chunk 33252 (33/220) | Start: 2024-12-18 00:00:00 ---
    RMSE omega (GP): 0.012491 | RMSE omega (Sim): 0.072259
    Loss: 15.7950 | Epoch: 2667
    Eq omega: 0.000661 + -0.00001theta + -0.00009omega + -0.00001theta^2 + -0.00002theta omega + -0.00051omega^2
    Eq omega Phys: -0.000277*omega**2 + 1.3e-5*omega + 1.0e-6*theta - 1.0e-5

--- Chunk 33253 (34/220) | Start: 2024-12-18 00:05:00 ---
    RMSE omega (GP): nan | RMSE omega (Sim): nan
    Loss: 890.4955 | Epoch: 29
    Eq omega: nan1 + nantheta + nanomega + nantheta^2 + nantheta omega + nanomega^2
    Eq omega Phys: N/A

--- Chunk 33254 (35/220) | Start: 2024-12-18 00:10:00 ---
    RMSE omega (GP): 0.007617 | RMSE omega (Sim): 0.062498
    Loss: 19.1223 | Epoch: 2105
    Eq omega: -0.003651 + 0.00013theta + 0.00017omega + -0.00001theta^2 + 0.00005theta omega + 0.00123omega^2
    Eq omega Phys: 0.001085*omega**2 + 1.0e-6*omega*theta - 2.3e-5*omega + 1.0e-6*theta - 1.1e-5

--- Chunk 33255 (36/220) | Start: 2024-12-18 00:15:00 ---
    RMSE omega (GP): 0.022859 | RMSE omega (Sim): 0.044567
    Loss: 308.6086 | Epoch: 730
    Eq omega: -0.000921 + 0.00019theta + -0.00714omega + 0.00008theta^2 + 0.00007theta omega + -0.00258omega^2
    Eq omega Phys: -0.001944*omega**2 + 2.0e-6*omega*theta - 0.00027*omega - 2.0e-6*theta + 1.7e-5

--- Chunk 33256 (37/220) | Start: 2024-12-18 00:20:00 ---
    RMSE omega (GP): 0.027953 | RMSE omega (Sim): 0.062863
    Loss: 289.6196 | Epoch: 353
    Eq omega: 0.002351 + -0.00033theta + 0.00179omega + -0.00001theta^2 + -0.00011theta omega + 0.00015omega^2
    Eq omega Phys: 0.000106*omega**2 - 3.0e-6*omega*theta + 0.000105*omega + 8.0e-6

--- Chunk 33257 (38/220) | Start: 2024-12-18 00:25:00 ---
    RMSE omega (GP): 0.011668 | RMSE omega (Sim): 0.075369
    Loss: 20.8917 | Epoch: 1067
    Eq omega: 0.000491 + 0.00015theta + 0.00026omega + 0.00002theta^2 + -0.00000theta omega + -0.00026omega^2
    Eq omega Phys: -0.000191*omega**2 + 9.0e-6*omega - 0.e-6*theta + 6.0e-6

--- Chunk 33258 (39/220) | Start: 2024-12-18 00:30:00 ---
    RMSE omega (GP): nan | RMSE omega (Sim): nan
    Loss: 227.6541 | Epoch: 19
    Eq omega: nan1 + nantheta + nanomega + nantheta^2 + nantheta omega + nanomega^2
    Eq omega Phys: N/A

--- Chunk 33259 (40/220) | Start: 2024-12-18 00:35:00 ---
    RMSE omega (GP): nan | RMSE omega (Sim): nan
    Loss: 777.5707 | Epoch: 33
    Eq omega: nan1 + nantheta + nanomega + nantheta^2 + nantheta omega + nanomega^2
    Eq omega Phys: N/A

--- Chunk 33260 (41/220) | Start: 2024-12-18 00:40:00 ---
    RMSE omega (GP): 0.027632 | RMSE omega (Sim): 0.043481
    Loss: 602.8660 | Epoch: 70
    Eq omega: 0.000381 + -0.00001theta + -0.00063omega + -0.00000theta^2 + -0.00015theta omega + -0.00003omega^2
    Eq omega Phys: -3.3e-5*omega**2 - 5.0e-6*omega*theta + 0.000107*omega + 1.0e-6

--- Chunk 33261 (42/220) | Start: 2024-12-18 00:45:00 ---
    RMSE omega (GP): nan | RMSE omega (Sim): nan
    Loss: 320.8402 | Epoch: 54
    Eq omega: nan1 + nantheta + nanomega + nantheta^2 + nantheta omega + nanomega^2
    Eq omega Phys: N/A

--- Chunk 33262 (43/220) | Start: 2024-12-18 00:50:00 ---
    RMSE omega (GP): 0.006694 | RMSE omega (Sim): 0.040961
    Loss: 0.8824 | Epoch: 2046
    Eq omega: -0.008531 + -0.11852theta + -0.00631omega + 0.02557theta^2 + -0.00011theta omega + -0.01272omega^2
    Eq omega Phys: -0.006051*omega**2 - 2.0e-6*omega*theta - 0.000231*omega + 1.4e-5*theta**2 + 0.000191*theta + 0.000336

--- Chunk 33263 (44/220) | Start: 2024-12-18 00:55:00 ---
    RMSE omega (GP): 0.018330 | RMSE omega (Sim): 0.052365
    Loss: 155.5149 | Epoch: 823
    Eq omega: -0.004611 + -0.00100theta + 0.00280omega + -0.00224theta^2 + -0.01153theta omega + 0.00065omega^2
    Eq omega Phys: 0.000602*omega**2 - 0.000356*omega*theta + 0.008148*omega - 2.0e-6*theta**2 + 0.000103*theta - 0.00116

--- Chunk 33264 (45/220) | Start: 2024-12-18 01:00:00 ---
    RMSE omega (GP): 0.028459 | RMSE omega (Sim): 0.071587
    Loss: 349.2062 | Epoch: 55
    Eq omega: -0.001721 + -0.00010theta + -0.00054omega + 0.00001theta^2 + -0.00006theta omega + -0.00006omega^2
    Eq omega Phys: -5.1e-5*omega**2 - 2.0e-6*omega*theta + 1.0e-5*omega + 2.0e-6

--- Chunk 33265 (46/220) | Start: 2024-12-18 01:05:00 ---
    RMSE omega (GP): nan | RMSE omega (Sim): nan
    Loss: 31217.0605 | Epoch: 15
    Eq omega: nan1 + nantheta + nanomega + nantheta^2 + nantheta omega + nanomega^2
    Eq omega Phys: N/A

--- Chunk 33266 (47/220) | Start: 2024-12-18 01:10:00 ---
    RMSE omega (GP): 0.006965 | RMSE omega (Sim): 0.130258
    Loss: 2.7241 | Epoch: 1578
    Eq omega: -0.000361 + -0.00084theta + -0.00025omega + -0.00012theta^2 + 0.00042theta omega + 0.00120omega^2
    Eq omega Phys: 0.00063*omega**2 + 7.0e-6*omega*theta - 0.000112*omega + 1.0e-6*theta - 2.0e-6

--- Chunk 33267 (48/220) | Start: 2024-12-18 01:15:00 ---
    RMSE omega (GP): 0.011963 | RMSE omega (Sim): 0.060078
    Loss: 5.1921 | Epoch: 2311
    Eq omega: -0.001591 + -0.09509theta + -0.00387omega + -0.00006theta^2 + -0.00147theta omega + 0.00254omega^2
    Eq omega Phys: 0.000923*omega**2 - 1.8e-5*omega*theta - 0.000404*omega - 0.000106*theta - 0.00164

--- Chunk 33268 (49/220) | Start: 2024-12-18 01:20:00 ---
    RMSE omega (GP): nan | RMSE omega (Sim): nan
    Loss: 152.0234 | Epoch: 70
    Eq omega: nan1 + nantheta + nanomega + nantheta^2 + nantheta omega + nanomega^2
    Eq omega Phys: N/A

--- Chunk 33269 (50/220) | Start: 2024-12-18 01:25:00 ---
    RMSE omega (GP): nan | RMSE omega (Sim): nan
    Loss: 2312.4233 | Epoch: 49
    Eq omega: nan1 + nantheta + nanomega + nantheta^2 + nantheta omega + nanomega^2
    Eq omega Phys: N/A

  [Progress 50/220] Mean RMSE omega (GP): 0.015406 | (Sim): 0.079203 | Mean loss: 2658.8841 | Valid GP: 29/50 | Valid Sim: 29/50 | Elapsed: 12.8min | ETA: 43.4min

--- Chunk 33270 (51/220) | Start: 2024-12-18 01:30:00 ---
    RMSE omega (GP): nan | RMSE omega (Sim): nan
    Loss: 3700.9385 | Epoch: 17
    Eq omega: nan1 + nantheta + nanomega + nantheta^2 + nantheta omega + nanomega^2
    Eq omega Phys: N/A

--- Chunk 33271 (52/220) | Start: 2024-12-18 01:35:00 ---
    RMSE omega (GP): 0.007891 | RMSE omega (Sim): 0.086784
    Loss: 9.4892 | Epoch: 1518
    Eq omega: -0.011841 + 0.01178theta + 0.00796omega + 0.00040theta^2 + -0.00092theta omega + 0.01055omega^2
    Eq omega Phys: 0.00698*omega**2 - 2.0e-5*omega*theta + 0.000447*omega + 8.0e-6*theta - 0.000113

--- Chunk 33272 (53/220) | Start: 2024-12-18 01:40:00 ---
    RMSE omega (GP): 0.005966 | RMSE omega (Sim): 0.074525
    Loss: 1.0278 | Epoch: 1093
    Eq omega: -0.001481 + -0.00190theta + -0.00006omega + -0.00450theta^2 + 0.00165theta omega + 0.00079omega^2
    Eq omega Phys: 0.000402*omega**2 + 2.8e-5*omega*theta - 0.000115*omega - 3.0e-6*theta**2 + 1.9e-5*theta - 3.7e-5

--- Chunk 33273 (54/220) | Start: 2024-12-18 01:45:00 ---
    RMSE omega (GP): nan | RMSE omega (Sim): nan
    Loss: 492.8521 | Epoch: 51
    Eq omega: nan1 + nantheta + nanomega + nantheta^2 + nantheta omega + nanomega^2
    Eq omega Phys: N/A

--- Chunk 33274 (55/220) | Start: 2024-12-18 01:50:00 ---
    RMSE omega (GP): 0.008505 | RMSE omega (Sim): 0.058752
    Loss: 6.9664 | Epoch: 950
    Eq omega: 0.001101 + 0.00020theta + -0.00338omega + 0.00002theta^2 + 0.00011theta omega + 0.00018omega^2
    Eq omega Phys: 0.000103*omega**2 + 2.0e-6*omega*theta - 8.0e-5*omega + 1.0e-6*theta + 9.0e-6

--- Chunk 33275 (56/220) | Start: 2024-12-18 01:55:00 ---
    RMSE omega (GP): nan | RMSE omega (Sim): nan
    Loss: 53.8651 | Epoch: 35
    Eq omega: nan1 + nantheta + nanomega + nantheta^2 + nantheta omega + nanomega^2
    Eq omega Phys: N/A

--- Chunk 33276 (57/220) | Start: 2024-12-18 02:00:00 ---
    RMSE omega (GP): 0.015967 | RMSE omega (Sim): 0.109491
    Loss: 12.6011 | Epoch: 654
    Eq omega: -0.016781 + -0.00390theta + -0.01482omega + -0.01386theta^2 + 0.00449theta omega + -0.00851omega^2
    Eq omega Phys: -0.00314*omega**2 + 5.5e-5*omega*theta - 0.000847*omega - 6.0e-6*theta**2 + 6.8e-5*theta - 0.000255

--- Chunk 33277 (58/220) | Start: 2024-12-18 02:05:00 ---
    RMSE omega (GP): 0.007228 | RMSE omega (Sim): 0.166343
    Loss: 4.5730 | Epoch: 1197
    Eq omega: 0.000991 + 0.00012theta + 0.00016omega + -0.00013theta^2 + -0.00002theta omega + 0.00107omega^2
    Eq omega Phys: 0.000585*omega**2 + 7.0e-6*omega + 1.0e-6*theta - 0.e-6

--- Chunk 33278 (59/220) | Start: 2024-12-18 02:20:00 ---
    RMSE omega (GP): 0.027666 | RMSE omega (Sim): 0.043897
    Loss: 331.1667 | Epoch: 102
    Eq omega: -0.000761 + -0.00112theta + -0.00237omega + 0.00000theta^2 + -0.00094theta omega + -0.00310omega^2
    Eq omega Phys: -0.002795*omega**2 - 2.8e-5*omega*theta + 0.000299*omega - 1.0e-6*theta + 1.6e-5

--- Chunk 33279 (60/220) | Start: 2024-12-18 02:25:00 ---
    RMSE omega (GP): 0.022394 | RMSE omega (Sim): 0.100857
    Loss: -185.5708 | Epoch: 438
    Eq omega: -0.016431 + -0.00363theta + -0.00454omega + -0.06198theta^2 + -0.00161theta omega + -0.00138omega^2
    Eq omega Phys: -0.000403*omega**2 - 1.6e-5*omega*theta - 0.000116*omega - 2.0e-5*theta**2 + 8.6e-5*theta - 0.000154

--- Chunk 33280 (61/220) | Start: 2024-12-18 02:30:00 ---
    RMSE omega (GP): 0.007916 | RMSE omega (Sim): 0.186923
    Loss: -2.5304 | Epoch: 1560
    Eq omega: 0.153951 + 0.00296theta + -0.01037omega + 0.00093theta^2 + 0.00053theta omega + -0.02163omega^2
    Eq omega Phys: -0.004921*omega**2 + 4.0e-6*omega*theta - 0.000348*omega + 3.0e-6*theta + 0.00075

--- Chunk 33281 (62/220) | Start: 2024-12-18 02:35:00 ---
    RMSE omega (GP): 0.008972 | RMSE omega (Sim): 0.114994
    Loss: 11.5832 | Epoch: 2930
    Eq omega: 0.002701 + 0.00024theta + -0.00590omega + 0.00003theta^2 + 0.00018theta omega + -0.00023omega^2
    Eq omega Phys: -0.00014*omega**2 + 4.0e-6*omega*theta - 0.000271*omega - 0.e-6*theta + 8.0e-6

--- Chunk 33282 (63/220) | Start: 2024-12-18 02:40:00 ---
    RMSE omega (GP): 0.006869 | RMSE omega (Sim): 0.050614
    Loss: 13.5259 | Epoch: 2792
    Eq omega: 0.000851 + -0.00006theta + -0.00112omega + 0.00006theta^2 + -0.00006theta omega + -0.00004omega^2
    Eq omega Phys: -3.3e-5*omega**2 - 2.0e-6*omega*theta - 6.0e-6*omega - 2.0e-6*theta + 2.3e-5

--- Chunk 33283 (64/220) | Start: 2024-12-18 02:45:00 ---
    RMSE omega (GP): nan | RMSE omega (Sim): nan
    Loss: 1309.1383 | Epoch: 40
    Eq omega: nan1 + nantheta + nanomega + nantheta^2 + nantheta omega + nanomega^2
    Eq omega Phys: N/A

--- Chunk 33284 (65/220) | Start: 2024-12-18 02:50:00 ---
    RMSE omega (GP): 0.011157 | RMSE omega (Sim): 0.039188
    Loss: 77.9534 | Epoch: 2443
    Eq omega: 0.001731 + -0.00004theta + 0.00451omega + 0.00000theta^2 + -0.00000theta omega + -0.00004omega^2
    Eq omega Phys: -4.8e-5*omega**2 + 0.00015*omega + 3.0e-6

--- Chunk 33285 (66/220) | Start: 2024-12-18 02:55:00 ---
    RMSE omega (GP): 0.009120 | RMSE omega (Sim): 0.053061
    Loss: 18.4470 | Epoch: 3103
    Eq omega: 0.002351 + -0.00016theta + -0.00086omega + -0.00001theta^2 + 0.00003theta omega + 0.00039omega^2
    Eq omega Phys: 0.000281*omega**2 + 1.0e-6*omega*theta - 5.2e-5*omega + 1.0e-6

--- Chunk 33286 (67/220) | Start: 2024-12-18 03:00:00 ---
    RMSE omega (GP): nan | RMSE omega (Sim): nan
    Loss: 159.9542 | Epoch: 66
    Eq omega: nan1 + nantheta + nanomega + nantheta^2 + nantheta omega + nanomega^2
    Eq omega Phys: N/A

--- Chunk 33287 (68/220) | Start: 2024-12-18 03:05:00 ---
    RMSE omega (GP): 0.007296 | RMSE omega (Sim): 0.096799
    Loss: -0.6714 | Epoch: 2006
    Eq omega: 0.003941 + -0.00161theta + 0.00313omega + -0.00012theta^2 + 0.00037theta omega + -0.00079omega^2
    Eq omega Phys: -0.000275*omega**2 + 4.0e-6*omega*theta + 0.000102*omega - 2.0e-6*theta + 1.4e-5

--- Chunk 33288 (69/220) | Start: 2024-12-18 03:10:00 ---
    RMSE omega (GP): 0.007543 | RMSE omega (Sim): 0.070303
    Loss: 6.3479 | Epoch: 2008
    Eq omega: 0.007401 + -0.00038theta + -0.00027omega + -0.00010theta^2 + 0.00017theta omega + 0.00035omega^2
    Eq omega Phys: 0.000217*omega**2 + 4.0e-6*omega*theta - 9.5e-5*omega + 3.0e-6*theta - 1.8e-5

--- Chunk 33289 (70/220) | Start: 2024-12-18 03:15:00 ---
    RMSE omega (GP): nan | RMSE omega (Sim): nan
    Loss: 4093.9778 | Epoch: 17
    Eq omega: nan1 + nantheta + nanomega + nantheta^2 + nantheta omega + nanomega^2
    Eq omega Phys: N/A

--- Chunk 33290 (71/220) | Start: 2024-12-18 03:20:00 ---
    RMSE omega (GP): 0.013103 | RMSE omega (Sim): 0.046269
    Loss: 266.7281 | Epoch: 816
    Eq omega: -0.006521 + -0.00015theta + -0.04322omega + 0.00128theta^2 + 0.00111theta omega + 0.00000omega^2
    Eq omega Phys: 6.4e-5*omega*theta - 0.003231*omega + 2.0e-6*theta**2 - 0.000138*theta + 0.00193

--- Chunk 33291 (72/220) | Start: 2024-12-18 03:25:00 ---
    RMSE omega (GP): 0.014644 | RMSE omega (Sim): 0.044043
    Loss: 92.1149 | Epoch: 1472
    Eq omega: 0.000581 + 0.00020theta + 0.00262omega + 0.00017theta^2 + 0.00001theta omega + 0.00010omega^2
    Eq omega Phys: 9.9e-5*omega**2 + 7.7e-5*omega - 1.2e-5*theta + 0.000178

--- Chunk 33292 (73/220) | Start: 2024-12-18 03:30:00 ---
    RMSE omega (GP): 0.037956 | RMSE omega (Sim): 0.092317
    Loss: 295.8943 | Epoch: 56
    Eq omega: -0.008001 + -0.00070theta + -0.01056omega + -0.00023theta^2 + -0.00011theta omega + -0.00110omega^2
    Eq omega Phys: -0.000427*omega**2 - 1.0e-6*omega*theta - 0.000301*omega + 6.0e-6*theta - 0.000123

--- Chunk 33293 (74/220) | Start: 2024-12-18 03:35:00 ---
    RMSE omega (GP): 0.009221 | RMSE omega (Sim): 0.093251
    Loss: 12.2970 | Epoch: 1253
    Eq omega: 0.001911 + -0.00270theta + 0.00193omega + -0.00018theta^2 + -0.00015theta omega + 0.00053omega^2
    Eq omega Phys: 0.000329*omega**2 - 3.0e-6*omega*theta + 0.000109*omega + 1.0e-6*theta + 2.1e-5

--- Chunk 33294 (75/220) | Start: 2024-12-18 03:40:00 ---
    RMSE omega (GP): nan | RMSE omega (Sim): nan
    Loss: 1133.2811 | Epoch: 49
    Eq omega: nan1 + nantheta + nanomega + nantheta^2 + nantheta omega + nanomega^2
    Eq omega Phys: N/A

--- Chunk 33295 (76/220) | Start: 2024-12-18 03:45:00 ---
    RMSE omega (GP): 0.016367 | RMSE omega (Sim): 0.087136
    Loss: 26.2806 | Epoch: 852
    Eq omega: -0.008651 + 0.00006theta + 0.00328omega + -0.00009theta^2 + -0.00097theta omega + -0.00103omega^2
    Eq omega Phys: -0.000504*omega**2 - 1.6e-5*omega*theta + 0.000412*omega + 2.0e-6*theta - 3.9e-5

--- Chunk 33296 (77/220) | Start: 2024-12-18 03:50:00 ---
    RMSE omega (GP): 0.006458 | RMSE omega (Sim): 0.059420
    Loss: 3.3430 | Epoch: 985
    Eq omega: 0.002471 + -0.01161theta + -0.00338omega + -0.00098theta^2 + 0.00017theta omega + -0.00059omega^2
    Eq omega Phys: -0.000332*omega**2 + 3.0e-6*omega*theta - 0.000118*omega - 0.e-6*theta**2 - 1.1e-5*theta + 2.3e-5

--- Chunk 33297 (78/220) | Start: 2024-12-18 03:55:00 ---
    RMSE omega (GP): 0.008176 | RMSE omega (Sim): 0.075538
    Loss: 6.9011 | Epoch: 1139
    Eq omega: -0.047361 + -2.02663theta + 0.00163omega + 0.87611theta^2 + 0.02966theta omega + 0.00358omega^2
    Eq omega Phys: 0.002052*omega**2 + 0.000567*omega*theta + 0.000231*omega + 0.000558*theta**2 - 0.001904*theta - 0.00074

--- Chunk 33298 (79/220) | Start: 2024-12-18 04:00:00 ---
    RMSE omega (GP): 0.025363 | RMSE omega (Sim): 0.072260
    Loss: -5066.0425 | Epoch: 550
    Eq omega: 0.000011 + 0.00070theta + 0.00302omega + 0.00017theta^2 + -0.00337theta omega + 0.00017omega^2
    Eq omega Phys: 8.3e-5*omega**2 - 5.5e-5*omega*theta + 0.000585*omega - 0.e-6*theta

--- Chunk 33299 (80/220) | Start: 2024-12-18 04:05:00 ---
    RMSE omega (GP): nan | RMSE omega (Sim): nan
    Loss: 18.7769 | Epoch: 42
    Eq omega: nan1 + nantheta + nanomega + nantheta^2 + nantheta omega + nanomega^2
    Eq omega Phys: N/A

--- Chunk 33300 (81/220) | Start: 2024-12-18 04:10:00 ---
    RMSE omega (GP): nan | RMSE omega (Sim): nan
    Loss: 110.7240 | Epoch: 21
    Eq omega: nan1 + nantheta + nanomega + nantheta^2 + nantheta omega + nanomega^2
    Eq omega Phys: N/A

--- Chunk 33301 (82/220) | Start: 2024-12-18 04:15:00 ---
    RMSE omega (GP): 0.007724 | RMSE omega (Sim): 0.127320
    Loss: -0.0876 | Epoch: 2045
    Eq omega: 0.000031 + -0.00008theta + 0.00016omega + -0.00002theta^2 + -0.00008theta omega + 0.00075omega^2
    Eq omega Phys: 0.000262*omega**2 - 0.e-6*omega*theta + 2.0e-5*omega

--- Chunk 33302 (83/220) | Start: 2024-12-18 04:20:00 ---
    RMSE omega (GP): 0.007677 | RMSE omega (Sim): 0.067147
    Loss: 19.1957 | Epoch: 2207
    Eq omega: -0.001291 + -0.00004theta + 0.00047omega + -0.00000theta^2 + 0.00001theta omega + 0.00003omega^2
    Eq omega Phys: 2.6e-5*omega**2 + 1.0e-5*omega - 0.e-6

--- Chunk 33303 (84/220) | Start: 2024-12-18 04:25:00 ---
    RMSE omega (GP): 0.033651 | RMSE omega (Sim): 0.086666
    Loss: 73.0694 | Epoch: 63
    Eq omega: -0.002581 + -0.02110theta + -0.01218omega + -0.00081theta^2 + -0.00079theta omega + -0.00239omega^2
    Eq omega Phys: -0.00082*omega**2 - 9.0e-6*omega*theta - 0.000215*omega - 1.0e-5*theta + 0.00035

--- Chunk 33304 (85/220) | Start: 2024-12-18 04:30:00 ---
    RMSE omega (GP): 0.007595 | RMSE omega (Sim): 0.049847
    Loss: 27.3799 | Epoch: 2153
    Eq omega: -0.000721 + 0.00002theta + -0.00000omega + 0.00001theta^2 + -0.00000theta omega + 0.00026omega^2
    Eq omega Phys: 0.000278*omega**2 + 4.0e-6

--- Chunk 33305 (86/220) | Start: 2024-12-18 04:35:00 ---
    RMSE omega (GP): nan | RMSE omega (Sim): nan
    Loss: 65.4422 | Epoch: 60
    Eq omega: nan1 + nantheta + nanomega + nantheta^2 + nantheta omega + nanomega^2
    Eq omega Phys: N/A

--- Chunk 33306 (87/220) | Start: 2024-12-18 04:40:00 ---
    RMSE omega (GP): 0.006950 | RMSE omega (Sim): 0.063662
    Loss: 6.3522 | Epoch: 1044
    Eq omega: 0.003181 + -0.00208theta + 0.00595omega + 0.00022theta^2 + 0.00166theta omega + 0.00759omega^2
    Eq omega Phys: 0.004995*omega**2 + 3.6e-5*omega*theta - 4.3e-5*omega - 4.0e-6*theta + 2.8e-5

--- Chunk 33307 (88/220) | Start: 2024-12-18 04:45:00 ---
    RMSE omega (GP): 0.009661 | RMSE omega (Sim): 0.068036
    Loss: 6.9489 | Epoch: 1803
    Eq omega: 0.000311 + -0.00006theta + -0.00082omega + -0.00003theta^2 + -0.00013theta omega + -0.00017omega^2
    Eq omega Phys: -0.000104*omega**2 - 3.0e-6*omega*theta + 1.6e-5*omega + 1.0e-6*theta - 4.0e-6

--- Chunk 33308 (89/220) | Start: 2024-12-18 04:50:00 ---
    RMSE omega (GP): 0.032014 | RMSE omega (Sim): 0.119901
    Loss: 102.4655 | Epoch: 66
    Eq omega: 0.005551 + -0.00051theta + -0.00182omega + -0.00010theta^2 + 0.00008theta omega + -0.00051omega^2
    Eq omega Phys: -0.000215*omega**2 + 1.0e-6*omega*theta - 7.9e-5*omega + 1.0e-6*theta + 1.1e-5

--- Chunk 33309 (90/220) | Start: 2024-12-18 04:55:00 ---
    RMSE omega (GP): 0.008342 | RMSE omega (Sim): 0.058486
    Loss: 9.3382 | Epoch: 1026
    Eq omega: -0.002521 + 0.00112theta + 0.00213omega + 0.00008theta^2 + 0.00067theta omega + -0.00157omega^2
    Eq omega Phys: -0.000925*omega**2 + 1.3e-5*omega*theta - 7.8e-5*omega - 1.2e-5

--- Chunk 33310 (91/220) | Start: 2024-12-18 05:00:00 ---
    RMSE omega (GP): 0.023954 | RMSE omega (Sim): 0.126047
    Loss: 38.4040 | Epoch: 420
    Eq omega: 0.000671 + -0.00281theta + -0.00076omega + 0.00012theta^2 + 0.00006theta omega + 0.00097omega^2
    Eq omega Phys: 0.000362*omega**2 + 1.0e-6*omega*theta - 3.5e-5*omega - 4.0e-6*theta + 5.1e-5

--- Chunk 33311 (92/220) | Start: 2024-12-18 05:05:00 ---
    RMSE omega (GP): 0.006816 | RMSE omega (Sim): 0.068531
    Loss: 4.0630 | Epoch: 2257
    Eq omega: 0.016711 + -0.00065theta + 0.00101omega + 0.01360theta^2 + 0.00005theta omega + -0.00191omega^2
    Eq omega Phys: -0.001077*omega**2 + 1.0e-6*omega*theta + 2.2e-5*omega + 9.0e-6*theta**2 - 0.000221*theta + 0.001459

--- Chunk 33312 (93/220) | Start: 2024-12-18 05:10:00 ---
    RMSE omega (GP): 0.008388 | RMSE omega (Sim): 0.117657
    Loss: 4.0162 | Epoch: 1101
    Eq omega: 0.000441 + -1.49156theta + 0.00501omega + -0.53741theta^2 + -0.02918theta omega + -0.01318omega^2
    Eq omega Phys: -0.0064*omega**2 - 0.000472*omega*theta + 0.000298*omega - 0.00029*theta**2 - 0.001497*theta + 0.000438

--- Chunk 33313 (94/220) | Start: 2024-12-18 05:15:00 ---
    RMSE omega (GP): 0.008279 | RMSE omega (Sim): 0.050479
    Loss: 10.5717 | Epoch: 2314
    Eq omega: 0.003451 + 0.00058theta + -0.00055omega + -0.00002theta^2 + -0.00002theta omega + 0.00053omega^2
    Eq omega Phys: 0.000354*omega**2 - 1.0e-5*omega + 1.0e-6*theta - 1.2e-5

--- Chunk 33314 (95/220) | Start: 2024-12-18 05:20:00 ---
    RMSE omega (GP): 0.008700 | RMSE omega (Sim): 0.075679
    Loss: 8.4733 | Epoch: 1440
    Eq omega: -0.000821 + -0.00019theta + 0.00179omega + -0.00014theta^2 + 0.00004theta omega + -0.00123omega^2
    Eq omega Phys: -0.000688*omega**2 + 1.0e-6*omega*theta + 5.1e-5*omega + 2.0e-6*theta - 1.0e-5

--- Chunk 33315 (96/220) | Start: 2024-12-18 05:25:00 ---
    RMSE omega (GP): 0.007068 | RMSE omega (Sim): 0.044364
    Loss: 27.6641 | Epoch: 2623
    Eq omega: 0.000031 + 0.00018theta + 0.00358omega + -0.00005theta^2 + 0.00002theta omega + -0.00017omega^2
    Eq omega Phys: -0.000195*omega**2 + 1.0e-6*omega*theta + 0.000107*omega + 2.0e-6*theta - 2.0e-5

--- Chunk 33316 (97/220) | Start: 2024-12-18 05:30:00 ---
    RMSE omega (GP): nan | RMSE omega (Sim): nan
    Loss: 70.2591 | Epoch: 46
    Eq omega: nan1 + nantheta + nanomega + nantheta^2 + nantheta omega + nanomega^2
    Eq omega Phys: N/A

--- Chunk 33317 (98/220) | Start: 2024-12-18 05:35:00 ---
    RMSE omega (GP): 0.007351 | RMSE omega (Sim): 0.061703
    Loss: 4.9797 | Epoch: 1541
    Eq omega: -0.000151 + -0.00002theta + 0.00008omega + -0.00010theta^2 + -0.00145theta omega + 0.00041omega^2
    Eq omega Phys: 0.000225*omega**2 - 2.7e-5*omega*theta + 0.000128*omega + 1.0e-6*theta - 2.0e-6

--- Chunk 33318 (99/220) | Start: 2024-12-18 05:40:00 ---
    RMSE omega (GP): 0.007935 | RMSE omega (Sim): 0.103552
    Loss: 8.1952 | Epoch: 1243
    Eq omega: -0.002181 + 0.00038theta + -0.00334omega + 0.00091theta^2 + 0.00158theta omega + -0.00409omega^2
    Eq omega Phys: -0.002616*omega**2 + 3.4e-5*omega*theta - 0.000303*omega + 1.0e-6*theta**2 - 7.0e-6*theta + 1.5e-5

--- Chunk 33319 (100/220) | Start: 2024-12-18 05:45:00 ---
    RMSE omega (GP): nan | RMSE omega (Sim): nan
    Loss: 290.0538 | Epoch: 20
    Eq omega: nan1 + nantheta + nanomega + nantheta^2 + nantheta omega + nanomega^2
    Eq omega Phys: N/A

  [Progress 100/220] Mean RMSE omega (GP): 0.013801 | (Sim): 0.080727 | Mean loss: 1407.3692 | Valid GP: 67/100 | Valid Sim: 67/100 | Elapsed: 31.2min | ETA: 37.5min

--- Chunk 33320 (101/220) | Start: 2024-12-18 05:50:00 ---
    RMSE omega (GP): 0.008529 | RMSE omega (Sim): 0.163514
    Loss: 1.3126 | Epoch: 859
    Eq omega: -0.002291 + -0.00158theta + 0.00086omega + -0.00146theta^2 + -0.00103theta omega + -0.00247omega^2
    Eq omega Phys: -0.000947*omega**2 - 1.3e-5*omega*theta + 7.7e-5*omega - 0.e-6*theta**2 + 3.0e-6*theta - 9.0e-6

--- Chunk 33321 (102/220) | Start: 2024-12-18 05:55:00 ---
    RMSE omega (GP): 0.008013 | RMSE omega (Sim): 0.094729
    Loss: 5.3349 | Epoch: 1217
    Eq omega: 0.055911 + -1.43805theta + -0.00688omega + 0.01202theta^2 + -0.06195theta omega + 0.00789omega^2
    Eq omega Phys: 0.00428*omega**2 - 0.00112*omega*theta + 0.000616*omega + 7.0e-6*theta**2 - 0.001609*theta + 0.001325

--- Chunk 33322 (103/220) | Start: 2024-12-18 06:00:00 ---
    RMSE omega (GP): 0.035601 | RMSE omega (Sim): 0.043102
    Loss: 496.1440 | Epoch: 58
    Eq omega: -0.003331 + -0.00307theta + -0.00267omega + -0.00002theta^2 + -0.00155theta omega + -0.00042omega^2
    Eq omega Phys: -0.000356*omega**2 - 4.4e-5*omega*theta + 0.000658*omega - 3.0e-6*theta + 4.8e-5

--- Chunk 33323 (104/220) | Start: 2024-12-18 06:05:00 ---
    RMSE omega (GP): 0.010013 | RMSE omega (Sim): 0.104929
    Loss: 8.5559 | Epoch: 1558
    Eq omega: -0.004931 + -0.00010theta + -0.00108omega + -0.00017theta^2 + -0.00008theta omega + 0.00025omega^2
    Eq omega Phys: 0.000125*omega**2 - 1.0e-6*omega*theta - 1.8e-5*omega + 2.0e-6*theta - 2.6e-5

--- Chunk 33324 (105/220) | Start: 2024-12-18 06:10:00 ---
    RMSE omega (GP): 0.007717 | RMSE omega (Sim): 0.093078
    Loss: 0.0074 | Epoch: 632
    Eq omega: 0.002541 + -0.07040theta + -0.00498omega + -0.00089theta^2 + 0.04404theta omega + -0.00113omega^2
    Eq omega Phys: -0.000406*omega**2 + 0.000528*omega*theta - 0.003353*omega - 7.4e-5*theta + 0.000467

--- Chunk 33325 (106/220) | Start: 2024-12-18 06:15:00 ---
    RMSE omega (GP): nan | RMSE omega (Sim): nan
    Loss: 54624.0820 | Epoch: 16
    Eq omega: nan1 + nantheta + nanomega + nantheta^2 + nantheta omega + nanomega^2
    Eq omega Phys: N/A

--- Chunk 33326 (107/220) | Start: 2024-12-18 06:20:00 ---
    RMSE omega (GP): nan | RMSE omega (Sim): nan
    Loss: 216.9420 | Epoch: 16
    Eq omega: nan1 + nantheta + nanomega + nantheta^2 + nantheta omega + nanomega^2
    Eq omega Phys: N/A

--- Chunk 33327 (108/220) | Start: 2024-12-18 06:25:00 ---
    RMSE omega (GP): nan | RMSE omega (Sim): nan
    Loss: 71.4289 | Epoch: 136
    Eq omega: nan1 + nantheta + nanomega + nantheta^2 + nantheta omega + nanomega^2
    Eq omega Phys: N/A

--- Chunk 33328 (109/220) | Start: 2024-12-18 06:30:00 ---
    RMSE omega (GP): 0.032048 | RMSE omega (Sim): 0.075296
    Loss: 78.2265 | Epoch: 97
    Eq omega: 0.035011 + -0.01098theta + 0.00194omega + 0.00083theta^2 + -0.00236theta omega + 0.03901omega^2
    Eq omega Phys: 0.015381*omega**2 - 3.1e-5*omega*theta - 0.000414*omega - 0.e-6*theta - 3.0e-6

--- Chunk 33329 (110/220) | Start: 2024-12-18 06:35:00 ---
    RMSE omega (GP): 0.081580 | RMSE omega (Sim): 0.099537
    Loss: 860.7673 | Epoch: 22
    Eq omega: 0.001031 + -0.00070theta + 0.00072omega + -0.00078theta^2 + -0.00083theta omega + 0.00054omega^2
    Eq omega Phys: 0.000233*omega**2 - 1.2e-5*omega*theta + 0.000197*omega + 1.0e-5*theta - 6.4e-5

--- Chunk 33330 (111/220) | Start: 2024-12-18 06:40:00 ---
    RMSE omega (GP): 0.010741 | RMSE omega (Sim): 0.074817
    Loss: 8.1557 | Epoch: 1633
    Eq omega: 0.014671 + -0.11648theta + -0.00196omega + 0.00681theta^2 + -0.00108theta omega + 0.00662omega^2
    Eq omega Phys: 0.003069*omega**2 - 1.7e-5*omega*theta - 0.000442*omega + 4.0e-6*theta**2 + 2.9e-5*theta - 0.001099

--- Chunk 33331 (112/220) | Start: 2024-12-18 06:45:00 ---
    RMSE omega (GP): 0.020596 | RMSE omega (Sim): 0.118477
    Loss: 26.7423 | Epoch: 78
    Eq omega: -0.003091 + -0.00534theta + -0.00704omega + -0.00192theta^2 + -0.01129theta omega + -0.00183omega^2
    Eq omega Phys: -0.000654*omega**2 - 0.000135*omega*theta + 0.000999*omega - 0.e-6*theta**2 + 8.0e-6*theta - 1.9e-5

--- Chunk 33332 (113/220) | Start: 2024-12-18 06:50:00 ---
    RMSE omega (GP): 0.006975 | RMSE omega (Sim): 0.090933
    Loss: 2.9667 | Epoch: 874
    Eq omega: 0.002841 + -0.47931theta + -0.01075omega + 0.01381theta^2 + -0.00135theta omega + 0.02147omega^2
    Eq omega Phys: 0.011216*omega**2 - 2.4e-5*omega*theta - 0.000492*omega + 8.0e-6*theta**2 - 0.000442*theta - 0.00276

--- Chunk 33333 (114/220) | Start: 2024-12-18 06:55:00 ---
    RMSE omega (GP): 0.017947 | RMSE omega (Sim): 0.085563
    Loss: 131.5948 | Epoch: 402
    Eq omega: 0.000401 + -0.00039theta + 0.00200omega + 0.00023theta^2 + -0.00005theta omega + -0.00085omega^2
    Eq omega Phys: -0.000769*omega**2 - 2.0e-6*omega*theta + 9.2e-5*omega - 8.0e-6*theta + 7.4e-5

--- Chunk 33334 (115/220) | Start: 2024-12-18 07:00:00 ---
    RMSE omega (GP): nan | RMSE omega (Sim): nan
    Loss: 4019.9902 | Epoch: 17
    Eq omega: nan1 + nantheta + nanomega + nantheta^2 + nantheta omega + nanomega^2
    Eq omega Phys: N/A

--- Chunk 33335 (116/220) | Start: 2024-12-18 07:05:00 ---
    RMSE omega (GP): nan | RMSE omega (Sim): nan
    Loss: 61.0393 | Epoch: 59
    Eq omega: nan1 + nantheta + nanomega + nantheta^2 + nantheta omega + nanomega^2
    Eq omega Phys: N/A

--- Chunk 33336 (117/220) | Start: 2024-12-18 07:10:00 ---
    RMSE omega (GP): 0.019022 | RMSE omega (Sim): 0.153839
    Loss: -40.1785 | Epoch: 522
    Eq omega: -0.001341 + -0.00049theta + -0.00011omega + -0.00142theta^2 + -0.00032theta omega + 0.00162omega^2
    Eq omega Phys: 0.000641*omega**2 - 4.0e-6*omega*theta + 1.2e-5*omega - 0.e-6*theta**2 + 4.0e-6*theta - 1.0e-5

--- Chunk 33337 (118/220) | Start: 2024-12-18 07:15:00 ---
    RMSE omega (GP): 0.009595 | RMSE omega (Sim): 0.049037
    Loss: 6.8714 | Epoch: 1027
    Eq omega: 0.016961 + -0.09865theta + 0.00316omega + 0.00037theta^2 + 0.00116theta omega + -0.00250omega^2
    Eq omega Phys: -0.001214*omega**2 + 1.9e-5*omega*theta - 1.3e-5*omega - 0.000112*theta + 0.00074

--- Chunk 33338 (119/220) | Start: 2024-12-18 07:20:00 ---
    RMSE omega (GP): nan | RMSE omega (Sim): nan
    Loss: 210.1080 | Epoch: 178
    Eq omega: nan1 + nantheta + nanomega + nantheta^2 + nantheta omega + nanomega^2
    Eq omega Phys: N/A

--- Chunk 33339 (120/220) | Start: 2024-12-18 07:25:00 ---
    RMSE omega (GP): 0.007420 | RMSE omega (Sim): 0.087381
    Loss: 3.1023 | Epoch: 1325
    Eq omega: -0.000261 + 0.00049theta + -0.00172omega + 0.00008theta^2 + 0.00017theta omega + 0.00025omega^2
    Eq omega Phys: 0.00012*omega**2 + 3.0e-6*omega*theta - 9.7e-5*omega - 0.e-6*theta

--- Chunk 33340 (121/220) | Start: 2024-12-18 07:30:00 ---
    RMSE omega (GP): 0.015885 | RMSE omega (Sim): 0.113986
    Loss: 28.1752 | Epoch: 77
    Eq omega: -0.001951 + -0.00923theta + 0.00968omega + -0.00440theta^2 + 0.00200theta omega + -0.00162omega^2
    Eq omega Phys: -0.00082*omega**2 + 3.4e-5*omega*theta + 0.000103*omega - 2.0e-6*theta**2 + 2.2e-5*theta - 4.2e-5

--- Chunk 33341 (122/220) | Start: 2024-12-18 07:35:00 ---
    RMSE omega (GP): nan | RMSE omega (Sim): nan
    Loss: 122.3065 | Epoch: 52
    Eq omega: nan1 + nantheta + nanomega + nantheta^2 + nantheta omega + nanomega^2
    Eq omega Phys: N/A

--- Chunk 33342 (123/220) | Start: 2024-12-18 07:40:00 ---
    RMSE omega (GP): 0.008002 | RMSE omega (Sim): 0.051828
    Loss: 18.9472 | Epoch: 2196
    Eq omega: -0.000751 + 0.00033theta + -0.00389omega + 0.00002theta^2 + -0.00003theta omega + 0.00082omega^2
    Eq omega Phys: 0.000666*omega**2 - 0.e-6*omega*theta - 0.000147*omega + 1.0e-6*theta + 1.5e-5

--- Chunk 33343 (124/220) | Start: 2024-12-18 07:45:00 ---
    RMSE omega (GP): nan | RMSE omega (Sim): nan
    Loss: 186.2318 | Epoch: 22
    Eq omega: nan1 + nantheta + nanomega + nantheta^2 + nantheta omega + nanomega^2
    Eq omega Phys: N/A

--- Chunk 33344 (125/220) | Start: 2024-12-18 07:50:00 ---
    RMSE omega (GP): 0.011232 | RMSE omega (Sim): 0.057548
    Loss: 34.7122 | Epoch: 1335
    Eq omega: -0.000561 + -0.00027theta + -0.00194omega + 0.00009theta^2 + 0.00007theta omega + 0.00041omega^2
    Eq omega Phys: 0.000352*omega**2 + 2.0e-6*omega*theta - 0.000105*omega - 4.0e-6*theta + 4.0e-5

--- Chunk 33345 (126/220) | Start: 2024-12-18 07:55:00 ---
    RMSE omega (GP): 0.031211 | RMSE omega (Sim): 0.054602
    Loss: 387.9753 | Epoch: 99
    Eq omega: -0.002881 + -0.00215theta + -0.00234omega + -0.00005theta^2 + -0.00063theta omega + -0.00011omega^2
    Eq omega Phys: -8.6e-5*omega**2 - 1.6e-5*omega*theta + 0.000332*omega + 2.8e-5

--- Chunk 33346 (127/220) | Start: 2024-12-18 08:00:00 ---
    RMSE omega (GP): nan | RMSE omega (Sim): nan
    Loss: 1273.4308 | Epoch: 45
    Eq omega: nan1 + nantheta + nanomega + nantheta^2 + nantheta omega + nanomega^2
    Eq omega Phys: N/A

--- Chunk 33347 (128/220) | Start: 2024-12-18 08:05:00 ---
    RMSE omega (GP): 0.007178 | RMSE omega (Sim): 0.117481
    Loss: 4.0471 | Epoch: 1510
    Eq omega: 0.007171 + -0.00118theta + -0.00308omega + -0.00011theta^2 + 0.00029theta omega + -0.00071omega^2
    Eq omega Phys: -0.000369*omega**2 + 5.0e-6*omega*theta - 7.9e-5*omega - 2.0e-6*theta + 8.0e-6

--- Chunk 33348 (129/220) | Start: 2024-12-18 08:10:00 ---
    RMSE omega (GP): 0.007564 | RMSE omega (Sim): 0.083461
    Loss: 2.6965 | Epoch: 823
    Eq omega: 0.003051 + -0.43932theta + 0.01607omega + 0.04038theta^2 + -0.03393theta omega + 0.00829omega^2
    Eq omega Phys: 0.003867*omega**2 - 0.000528*omega*theta - 0.001709*omega + 2.1e-5*theta**2 - 0.00031*theta - 0.001691

--- Chunk 33349 (130/220) | Start: 2024-12-18 08:15:00 ---
    RMSE omega (GP): 0.042454 | RMSE omega (Sim): 0.073255
    Loss: 401.6303 | Epoch: 20
    Eq omega: 0.013921 + -0.00989theta + 0.01172omega + -0.00214theta^2 + 0.00292theta omega + -0.00443omega^2
    Eq omega Phys: -0.002263*omega**2 + 5.0e-5*omega*theta + 0.000205*omega - 1.0e-6*theta**2 - 2.0e-6*theta + 5.4e-5

--- Chunk 33350 (131/220) | Start: 2024-12-18 08:20:00 ---
    RMSE omega (GP): 0.006828 | RMSE omega (Sim): 0.093309
    Loss: 0.5340 | Epoch: 1005
    Eq omega: -0.005991 + -0.00527theta + -0.00026omega + 0.00556theta^2 + -0.00248theta omega + 0.00287omega^2
    Eq omega Phys: 0.001116*omega**2 - 3.2e-5*omega*theta - 0.000204*omega + 2.0e-6*theta**2 + 2.3e-5*theta + 3.6e-5

--- Chunk 33351 (132/220) | Start: 2024-12-18 08:25:00 ---
    RMSE omega (GP): nan | RMSE omega (Sim): nan
    Loss: 1382.6755 | Epoch: 15
    Eq omega: nan1 + nantheta + nanomega + nantheta^2 + nantheta omega + nanomega^2
    Eq omega Phys: N/A

--- Chunk 33352 (133/220) | Start: 2024-12-18 08:30:00 ---
    RMSE omega (GP): 0.005960 | RMSE omega (Sim): nan
    Loss: 1.8309 | Epoch: 1504
    Eq omega: 0.046481 + -1.65431theta + 0.01925omega + -1.15390theta^2 + -0.02233theta omega + 0.05726omega^2
    Eq omega Phys: 0.032535*omega**2 - 0.000423*omega*theta - 0.000204*omega - 0.000728*theta**2 - 0.00475*theta - 0.006492

--- Chunk 33353 (134/220) | Start: 2024-12-18 08:35:00 ---
    RMSE omega (GP): 0.007705 | RMSE omega (Sim): 0.136065
    Loss: 3.5845 | Epoch: 2268
    Eq omega: -0.004411 + -0.00042theta + -0.00053omega + 0.00016theta^2 + 0.00089theta omega + -0.00157omega^2
    Eq omega Phys: -0.000752*omega**2 + 1.4e-5*omega*theta - 9.3e-5*omega - 1.0e-6*theta - 5.0e-6

--- Chunk 33354 (135/220) | Start: 2024-12-18 08:40:00 ---
    RMSE omega (GP): 0.031695 | RMSE omega (Sim): 0.083407
    Loss: 414.1960 | Epoch: 82
    Eq omega: -0.001921 + -0.00191theta + -0.00010omega + -0.00030theta^2 + -0.00053theta omega + -0.00140omega^2
    Eq omega Phys: -0.001193*omega**2 - 1.5e-5*omega*theta + 0.000155*omega + 4.0e-6*theta - 1.2e-5

--- Chunk 33355 (136/220) | Start: 2024-12-18 08:45:00 ---
    RMSE omega (GP): 0.009831 | RMSE omega (Sim): 0.069711
    Loss: 7.6315 | Epoch: 760
    Eq omega: 0.001401 + -0.00059theta + 0.00708omega + -0.00178theta^2 + 0.00294theta omega + 0.00201omega^2
    Eq omega Phys: 0.000966*omega**2 + 4.7e-5*omega*theta + 1.4e-5*omega - 0.e-6*theta**2 + 8.0e-6*theta - 1.5e-5

--- Chunk 33356 (137/220) | Start: 2024-12-18 08:50:00 ---
    RMSE omega (GP): 0.011528 | RMSE omega (Sim): 0.063247
    Loss: 6.3494 | Epoch: 1398
    Eq omega: 0.000701 + 0.00153theta + -0.00058omega + -0.00046theta^2 + 0.00043theta omega + -0.00056omega^2
    Eq omega Phys: -0.000298*omega**2 + 8.0e-6*omega*theta - 7.8e-5*omega + 6.0e-6*theta - 2.7e-5

--- Chunk 33357 (138/220) | Start: 2024-12-18 08:55:00 ---
    RMSE omega (GP): nan | RMSE omega (Sim): nan
    Loss: 606.1141 | Epoch: 16
    Eq omega: nan1 + nantheta + nanomega + nantheta^2 + nantheta omega + nanomega^2
    Eq omega Phys: N/A

--- Chunk 33358 (139/220) | Start: 2024-12-18 09:00:00 ---
    RMSE omega (GP): 0.013160 | RMSE omega (Sim): 0.041629
    Loss: 57.3760 | Epoch: 1717
    Eq omega: 0.001731 + 0.00010theta + 0.00186omega + 0.00001theta^2 + -0.00000theta omega + -0.00004omega^2
    Eq omega Phys: -3.5e-5*omega**2 + 6.2e-5*omega + 4.0e-6

--- Chunk 33359 (140/220) | Start: 2024-12-18 09:05:00 ---
    RMSE omega (GP): 0.008282 | RMSE omega (Sim): 0.113023
    Loss: 0.3230 | Epoch: 1498
    Eq omega: -0.030261 + -0.56329theta + -0.00013omega + -0.00625theta^2 + 0.00091theta omega + 0.02759omega^2
    Eq omega Phys: 0.009618*omega**2 + 1.1e-5*omega*theta + 2.0e-6*omega - 2.0e-6*theta**2 - 0.000629*theta - 0.000502

--- Chunk 33360 (141/220) | Start: 2024-12-18 09:10:00 ---
    RMSE omega (GP): 0.042324 | RMSE omega (Sim): 0.176520
    Loss: 629.2319 | Epoch: 27
    Eq omega: -0.009961 + 0.00028theta + -0.00886omega + -0.00092theta^2 + 0.00060theta omega + -0.00342omega^2
    Eq omega Phys: -0.002149*omega**2 + 1.3e-5*omega*theta - 0.000517*omega - 0.e-6*theta**2 + 2.3e-5*theta - 0.000223

--- Chunk 33361 (142/220) | Start: 2024-12-18 09:15:00 ---
    RMSE omega (GP): 0.008364 | RMSE omega (Sim): 0.116100
    Loss: 5.9584 | Epoch: 1172
    Eq omega: -0.005611 + 0.00074theta + 0.00051omega + -0.00012theta^2 + -0.00026theta omega + 0.00049omega^2
    Eq omega Phys: 0.000264*omega**2 - 5.0e-6*omega*theta + 7.0e-5*omega + 2.0e-6*theta - 3.0e-5

--- Chunk 33362 (143/220) | Start: 2024-12-18 09:20:00 ---
    RMSE omega (GP): 0.029784 | RMSE omega (Sim): 0.055567
    Loss: 616.5857 | Epoch: 80
    Eq omega: -0.001231 + 0.00003theta + 0.00017omega + -0.00001theta^2 + 0.00002theta omega + -0.00015omega^2
    Eq omega Phys: -0.000159*omega**2 + 1.0e-6*omega*theta - 6.0e-6*omega - 5.0e-6

--- Chunk 33363 (144/220) | Start: 2024-12-18 09:25:00 ---
    RMSE omega (GP): 0.007284 | RMSE omega (Sim): 0.050631
    Loss: 9.6911 | Epoch: 1266
    Eq omega: 0.001791 + 0.00020theta + 0.00155omega + 0.00014theta^2 + -0.00042theta omega + -0.00002omega^2
    Eq omega Phys: -1.4e-5*omega**2 - 1.0e-5*omega*theta + 0.000183*omega - 3.0e-6*theta + 2.0e-5

--- Chunk 33364 (145/220) | Start: 2024-12-18 09:30:00 ---
    RMSE omega (GP): nan | RMSE omega (Sim): nan
    Loss: 526.3248 | Epoch: 38
    Eq omega: nan1 + nantheta + nanomega + nantheta^2 + nantheta omega + nanomega^2
    Eq omega Phys: N/A

--- Chunk 33365 (146/220) | Start: 2024-12-18 09:35:00 ---
    RMSE omega (GP): 0.008628 | RMSE omega (Sim): 0.044743
    Loss: 17.3163 | Epoch: 3550
    Eq omega: -0.000101 + -0.00031theta + 0.00032omega + -0.00000theta^2 + 0.00008theta omega + -0.00081omega^2
    Eq omega Phys: -0.000606*omega**2 + 2.0e-6*omega*theta - 1.8e-5*omega + 5.0e-6

--- Chunk 33366 (147/220) | Start: 2024-12-18 09:40:00 ---
    RMSE omega (GP): nan | RMSE omega (Sim): nan
    Loss: 420.4272 | Epoch: 55
    Eq omega: nan1 + nantheta + nanomega + nantheta^2 + nantheta omega + nanomega^2
    Eq omega Phys: N/A

--- Chunk 33367 (148/220) | Start: 2024-12-18 09:45:00 ---
    RMSE omega (GP): 0.007818 | RMSE omega (Sim): 0.082247
    Loss: 5.8587 | Epoch: 1622
    Eq omega: -0.001191 + -0.00043theta + 0.00320omega + -0.00011theta^2 + -0.00012theta omega + 0.00126omega^2
    Eq omega Phys: 0.000673*omega**2 - 2.0e-6*omega*theta + 0.000147*omega + 2.0e-6*theta - 1.7e-5

--- Chunk 33368 (149/220) | Start: 2024-12-18 09:50:00 ---
    RMSE omega (GP): 0.008728 | RMSE omega (Sim): 0.049086
    Loss: 12.5614 | Epoch: 1538
    Eq omega: 0.001191 + -0.00004theta + -0.00121omega + 0.00002theta^2 + 0.00023theta omega + -0.00001omega^2
    Eq omega Phys: -7.0e-6*omega**2 + 6.0e-6*omega*theta - 0.000117*omega + 6.0e-6

--- Chunk 33369 (150/220) | Start: 2024-12-18 09:55:00 ---
    RMSE omega (GP): 0.008370 | RMSE omega (Sim): 0.090487
    Loss: 3.5397 | Epoch: 2146
    Eq omega: 0.001061 + -0.00057theta + -0.00114omega + -0.00002theta^2 + -0.00022theta omega + 0.00008omega^2
    Eq omega Phys: 4.9e-5*omega**2 - 4.0e-6*omega*theta + 1.2e-5*omega + 7.0e-6

  [Progress 150/220] Mean RMSE omega (GP): 0.014810 | (Sim): 0.083115 | Mean loss: 1391.4559 | Valid GP: 104/150 | Valid Sim: 103/150 | Elapsed: 44.6min | ETA: 20.8min

--- Chunk 33370 (151/220) | Start: 2024-12-18 10:00:00 ---
    RMSE omega (GP): 0.010111 | RMSE omega (Sim): 0.080040
    Loss: 5.0893 | Epoch: 1514
    Eq omega: 0.001151 + 0.00023theta + 0.00010omega + 0.00079theta^2 + -0.00058theta omega + -0.00080omega^2
    Eq omega Phys: -0.000335*omega**2 - 8.0e-6*omega*theta + 3.9e-5*omega - 3.0e-6*theta + 9.0e-6

--- Chunk 33371 (152/220) | Start: 2024-12-18 10:05:00 ---
    RMSE omega (GP): nan | RMSE omega (Sim): nan
    Loss: 591.7981 | Epoch: 112
    Eq omega: nan1 + nantheta + nanomega + nantheta^2 + nantheta omega + nanomega^2
    Eq omega Phys: N/A

--- Chunk 33372 (153/220) | Start: 2024-12-18 10:10:00 ---
    RMSE omega (GP): 0.050128 | RMSE omega (Sim): 0.054623
    Loss: 444.0459 | Epoch: 59
    Eq omega: -0.064541 + 0.00030theta + -0.01331omega + -0.00054theta^2 + 0.00103theta omega + -0.00362omega^2
    Eq omega Phys: -0.002035*omega**2 + 1.9e-5*omega*theta - 0.000656*omega + 8.0e-6*theta - 0.000172

--- Chunk 33373 (154/220) | Start: 2024-12-18 10:15:00 ---
    RMSE omega (GP): 0.008290 | RMSE omega (Sim): 0.136281
    Loss: 2.6895 | Epoch: 1221
    Eq omega: -0.007041 + -0.00247theta + 0.00150omega + -0.00012theta^2 + -0.00264theta omega + -0.00119omega^2
    Eq omega Phys: -0.000529*omega**2 - 3.9e-5*omega*theta - 4.1e-5*omega - 3.0e-6*theta - 2.4e-5

--- Chunk 33374 (155/220) | Start: 2024-12-18 10:20:00 ---
    RMSE omega (GP): 0.037923 | RMSE omega (Sim): 0.117635
    Loss: 238.5717 | Epoch: 644
    Eq omega: 0.020571 + -0.00103theta + -0.00226omega + -0.00096theta^2 + 0.00178theta omega + 0.00314omega^2
    Eq omega Phys: 0.001768*omega**2 + 3.3e-5*omega*theta + 0.000191*omega - 0.e-6*theta**2 - 1.1e-5*theta - 7.0e-6

--- Chunk 33375 (156/220) | Start: 2024-12-18 10:25:00 ---
    RMSE omega (GP): 0.009173 | RMSE omega (Sim): 0.068819
    Loss: 5.4848 | Epoch: 2454
    Eq omega: 0.007071 + -1.72246theta + -0.00026omega + -0.00849theta^2 + 0.00976theta omega + -0.00889omega^2
    Eq omega Phys: -0.004189*omega**2 + 0.000153*omega*theta - 0.00021*omega - 4.0e-6*theta**2 - 0.001902*theta + 0.002524

--- Chunk 33376 (157/220) | Start: 2024-12-18 10:30:00 ---
    RMSE omega (GP): 0.007664 | RMSE omega (Sim): 0.108870
    Loss: 3.3014 | Epoch: 643
    Eq omega: -0.015641 + -1.16307theta + -0.03314omega + -0.00755theta^2 + -0.00336theta omega + -0.01795omega^2
    Eq omega Phys: -0.008713*omega**2 - 5.4e-5*omega*theta - 0.001258*omega - 4.0e-6*theta**2 - 0.001315*theta - 0.003705

--- Chunk 33377 (158/220) | Start: 2024-12-18 10:35:00 ---
    RMSE omega (GP): 0.008434 | RMSE omega (Sim): 0.058115
    Loss: 8.1959 | Epoch: 558
    Eq omega: -0.004431 + -0.06135theta + -0.00075omega + 0.00654theta^2 + 0.00327theta omega + -0.00080omega^2
    Eq omega Phys: -0.000475*omega**2 + 6.5e-5*omega*theta + 8.0e-6*omega + 4.0e-6*theta**2 - 6.4e-5*theta - 4.2e-5

--- Chunk 33378 (159/220) | Start: 2024-12-18 10:40:00 ---
    RMSE omega (GP): 0.008445 | RMSE omega (Sim): 0.155625
    Loss: 1.1809 | Epoch: 843
    Eq omega: -0.002171 + -1.03104theta + 0.00252omega + 0.00311theta^2 + 0.00396theta omega + 0.00920omega^2
    Eq omega Phys: 0.003389*omega**2 + 4.9e-5*omega*theta - 0.000117*omega + 1.0e-6*theta**2 - 0.001156*theta + 0.004755

--- Chunk 33379 (160/220) | Start: 2024-12-18 10:45:00 ---
    RMSE omega (GP): 0.008987 | RMSE omega (Sim): 0.063602
    Loss: 6.3725 | Epoch: 668
    Eq omega: -0.011711 + -0.43959theta + 0.00037omega + 0.00268theta^2 + 0.01097theta omega + -0.00318omega^2
    Eq omega Phys: -0.001605*omega**2 + 0.000185*omega*theta + 0.000262*omega + 2.0e-6*theta**2 - 0.000484*theta - 0.000682

--- Chunk 33380 (161/220) | Start: 2024-12-18 10:50:00 ---
    RMSE omega (GP): 0.007850 | RMSE omega (Sim): 0.069750
    Loss: 3.7334 | Epoch: 1078
    Eq omega: 0.000471 + -0.00183theta + 0.00244omega + 0.00058theta^2 + 0.00105theta omega + 0.00031omega^2
    Eq omega Phys: 0.000159*omega**2 + 1.8e-5*omega*theta - 1.0e-6*omega - 5.0e-6*theta + 1.7e-5

--- Chunk 33381 (162/220) | Start: 2024-12-18 10:55:00 ---
    RMSE omega (GP): nan | RMSE omega (Sim): nan
    Loss: 17.3065 | Epoch: 57
    Eq omega: nan1 + nantheta + nanomega + nantheta^2 + nantheta omega + nanomega^2
    Eq omega Phys: N/A

--- Chunk 33382 (163/220) | Start: 2024-12-18 11:00:00 ---
    RMSE omega (GP): 0.009291 | RMSE omega (Sim): 0.078065
    Loss: 6.2399 | Epoch: 1094
    Eq omega: 0.003301 + -1.56478theta + -0.02647omega + 0.19206theta^2 + -0.02447theta omega + -0.12456omega^2
    Eq omega Phys: -0.060804*omega**2 - 0.000398*omega*theta - 0.001128*omega + 0.000104*theta**2 - 0.00161*theta - 0.001026

--- Chunk 33383 (164/220) | Start: 2024-12-18 11:05:00 ---
    RMSE omega (GP): 0.006747 | RMSE omega (Sim): 0.129237
    Loss: 0.9818 | Epoch: 1976
    Eq omega: 0.001271 + -0.00041theta + -0.00174omega + 0.00011theta^2 + 0.00015theta omega + -0.00043omega^2
    Eq omega Phys: -0.000183*omega**2 + 2.0e-6*omega*theta - 4.2e-5*omega + 3.0e-6

--- Chunk 33384 (165/220) | Start: 2024-12-18 11:10:00 ---
    RMSE omega (GP): 0.009495 | RMSE omega (Sim): 0.242156
    Loss: 8.4215 | Epoch: 776
    Eq omega: -0.186101 + -2.57058theta + 0.33673omega + 1.82673theta^2 + -1.46195theta omega + -0.18743omega^2
    Eq omega Phys: -0.098447*omega**2 - 0.025596*omega*theta + 0.039893*omega + 0.001066*theta**2 - 0.005244*theta + 0.004143

--- Chunk 33385 (166/220) | Start: 2024-12-18 11:15:00 ---
    RMSE omega (GP): 0.008096 | RMSE omega (Sim): 0.106219
    Loss: 3.7892 | Epoch: 1186
    Eq omega: 0.036481 + -2.75427theta + -0.02503omega + 0.09929theta^2 + -0.02582theta omega + 0.02895omega^2
    Eq omega Phys: 0.01376*omega**2 - 0.000409*omega*theta - 0.001413*omega + 5.2e-5*theta**2 - 0.002912*theta - 0.004142

--- Chunk 33386 (167/220) | Start: 2024-12-18 11:20:00 ---
    RMSE omega (GP): 0.007690 | RMSE omega (Sim): 0.172773
    Loss: 5.0307 | Epoch: 1107
    Eq omega: -0.001961 + -0.00460theta + -0.00438omega + 0.00176theta^2 + -0.00268theta omega + 0.00334omega^2
    Eq omega Phys: 0.001839*omega**2 - 4.9e-5*omega*theta - 9.4e-5*omega + 1.0e-6*theta**2 - 7.0e-6*theta + 3.0e-6

--- Chunk 33387 (168/220) | Start: 2024-12-18 11:25:00 ---
    RMSE omega (GP): nan | RMSE omega (Sim): nan
    Loss: 15.0454 | Epoch: 214
    Eq omega: nan1 + nantheta + nanomega + nantheta^2 + nantheta omega + nanomega^2
    Eq omega Phys: N/A

--- Chunk 33388 (169/220) | Start: 2024-12-18 11:30:00 ---
    RMSE omega (GP): 0.007460 | RMSE omega (Sim): 0.058565
    Loss: 4.4986 | Epoch: 1242
    Eq omega: -0.002611 + -3.26807theta + -0.00305omega + -0.08500theta^2 + -0.22092theta omega + -0.01547omega^2
    Eq omega Phys: -0.008621*omega**2 - 0.004104*omega*theta - 0.001089*omega - 5.3e-5*theta**2 - 0.003657*theta - 0.000882

--- Chunk 33389 (170/220) | Start: 2024-12-18 11:35:00 ---
    RMSE omega (GP): nan | RMSE omega (Sim): nan
    Loss: 510.3027 | Epoch: 74
    Eq omega: nan1 + nantheta + nanomega + nantheta^2 + nantheta omega + nanomega^2
    Eq omega Phys: N/A

--- Chunk 33390 (171/220) | Start: 2024-12-18 11:40:00 ---
    RMSE omega (GP): 0.007856 | RMSE omega (Sim): 0.071864
    Loss: 3.6825 | Epoch: 1746
    Eq omega: -0.005031 + -0.00726theta + 0.03702omega + 0.00178theta^2 + 0.00032theta omega + -0.00413omega^2
    Eq omega Phys: -0.002017*omega**2 + 5.0e-6*omega*theta + 0.00121*omega + 1.0e-6*theta**2 - 1.7e-5*theta + 4.5e-5

--- Chunk 33391 (172/220) | Start: 2024-12-18 11:45:00 ---
    RMSE omega (GP): nan | RMSE omega (Sim): nan
    Loss: 88.8216 | Epoch: 39
    Eq omega: nan1 + nantheta + nanomega + nantheta^2 + nantheta omega + nanomega^2
    Eq omega Phys: N/A

--- Chunk 33392 (173/220) | Start: 2024-12-18 11:50:00 ---
    RMSE omega (GP): 0.007374 | RMSE omega (Sim): 0.130092
    Loss: 2.1070 | Epoch: 779
    Eq omega: -0.001771 + -0.00600theta + -0.00123omega + 0.00138theta^2 + 0.00037theta omega + -0.00052omega^2
    Eq omega Phys: -0.000229*omega**2 + 5.0e-6*omega*theta - 4.8e-5*omega + 1.0e-6*theta**2 - 8.0e-6*theta + 6.0e-6

--- Chunk 33393 (174/220) | Start: 2024-12-18 11:55:00 ---
    RMSE omega (GP): 0.007434 | RMSE omega (Sim): 0.113759
    Loss: 5.7469 | Epoch: 1505
    Eq omega: -0.002451 + -1.19713theta + 0.02012omega + 0.03483theta^2 + 0.00053theta omega + -0.00511omega^2
    Eq omega Phys: -0.003026*omega**2 + 1.0e-5*omega*theta + 0.000636*omega + 2.3e-5*theta**2 - 0.001484*theta + 0.004726

--- Chunk 33394 (175/220) | Start: 2024-12-18 12:00:00 ---
    RMSE omega (GP): 0.008855 | RMSE omega (Sim): 0.125260
    Loss: 5.3545 | Epoch: 1470
    Eq omega: -0.002561 + 0.00134theta + 0.00105omega + -0.00198theta^2 + 0.00068theta omega + -0.00310omega^2
    Eq omega Phys: -0.001491*omega**2 + 1.1e-5*omega*theta + 1.1e-5*omega - 1.0e-6*theta**2 + 6.0e-6*theta - 1.4e-5

--- Chunk 33395 (176/220) | Start: 2024-12-18 12:05:00 ---
    RMSE omega (GP): nan | RMSE omega (Sim): nan
    Loss: 363.0879 | Epoch: 61
    Eq omega: nan1 + nantheta + nanomega + nantheta^2 + nantheta omega + nanomega^2
    Eq omega Phys: N/A

--- Chunk 33396 (177/220) | Start: 2024-12-18 12:10:00 ---
    RMSE omega (GP): 0.006804 | RMSE omega (Sim): 0.097968
    Loss: 0.6029 | Epoch: 1462
    Eq omega: -0.001951 + -0.00278theta + 0.00315omega + 0.00093theta^2 + -0.00109theta omega + -0.00361omega^2
    Eq omega Phys: -0.00146*omega**2 - 1.5e-5*omega*theta + 0.000216*omega - 9.0e-6*theta + 4.2e-5

--- Chunk 33397 (178/220) | Start: 2024-12-18 12:15:00 ---
    RMSE omega (GP): 0.034329 | RMSE omega (Sim): 0.094571
    Loss: -82.0622 | Epoch: 607
    Eq omega: -0.002601 + 0.00063theta + -0.00037omega + 0.00178theta^2 + -0.00595theta omega + 0.00103omega^2
    Eq omega Phys: 0.000569*omega**2 - 0.00011*omega*theta - 0.000359*omega + 1.0e-6*theta**2 + 8.0e-6*theta + 8.0e-6

--- Chunk 33398 (179/220) | Start: 2024-12-18 12:20:00 ---
    RMSE omega (GP): 0.009831 | RMSE omega (Sim): 0.072488
    Loss: 8.9730 | Epoch: 178
    Eq omega: 0.000261 + -0.00459theta + 0.00148omega + 0.00041theta^2 + -0.00079theta omega + -0.00079omega^2
    Eq omega Phys: -0.000406*omega**2 - 1.4e-5*omega*theta + 5.6e-5*omega - 5.0e-6*theta + 3.0e-6

--- Chunk 33399 (180/220) | Start: 2024-12-18 12:25:00 ---
    RMSE omega (GP): 0.008563 | RMSE omega (Sim): 0.133854
    Loss: 4.1584 | Epoch: 812
    Eq omega: -0.011341 + -2.24519theta + -0.01375omega + 0.02589theta^2 + 0.00036theta omega + 0.01017omega^2
    Eq omega Phys: 0.004683*omega**2 + 6.0e-6*omega*theta - 0.000443*omega + 1.3e-5*theta**2 - 0.002422*theta - 0.006782

--- Chunk 33400 (181/220) | Start: 2024-12-18 12:30:00 ---
    RMSE omega (GP): nan | RMSE omega (Sim): nan
    Loss: 305.7968 | Epoch: 311
    Eq omega: nan1 + nantheta + nanomega + nantheta^2 + nantheta omega + nanomega^2
    Eq omega Phys: N/A

--- Chunk 33401 (182/220) | Start: 2024-12-18 12:35:00 ---
    RMSE omega (GP): 0.008089 | RMSE omega (Sim): 0.158774
    Loss: 5.6295 | Epoch: 977
    Eq omega: 0.000081 + -0.00338theta + 0.00194omega + 0.00061theta^2 + 0.00674theta omega + 0.00125omega^2
    Eq omega Phys: 0.000684*omega**2 + 0.000123*omega*theta + 2.2e-5*omega - 4.0e-6*theta + 2.0e-6

--- Chunk 33402 (183/220) | Start: 2024-12-18 12:40:00 ---
    RMSE omega (GP): 0.008271 | RMSE omega (Sim): 0.077158
    Loss: 4.1925 | Epoch: 1642
    Eq omega: 0.000831 + -0.00313theta + -0.00104omega + 0.00019theta^2 + 0.00262theta omega + -0.00039omega^2
    Eq omega Phys: -0.000189*omega**2 + 4.2e-5*omega*theta + 2.5e-5*omega - 3.0e-6*theta - 3.0e-6

--- Chunk 33403 (184/220) | Start: 2024-12-18 12:45:00 ---
    RMSE omega (GP): 0.008004 | RMSE omega (Sim): 0.187799
    Loss: 0.0760 | Epoch: 1301
    Eq omega: -0.002581 + -0.00203theta + -0.00140omega + -0.00033theta^2 + 0.00275theta omega + -0.00133omega^2
    Eq omega Phys: -0.00047*omega**2 + 3.2e-5*omega*theta + 4.4e-5*omega - 3.0e-6*theta - 1.5e-5

--- Chunk 33404 (185/220) | Start: 2024-12-18 12:50:00 ---
    RMSE omega (GP): 0.007836 | RMSE omega (Sim): 0.122626
    Loss: 4.3068 | Epoch: 1249
    Eq omega: 0.006121 + -0.01574theta + -0.00682omega + 0.00136theta^2 + -0.00030theta omega + 0.00268omega^2
    Eq omega Phys: 0.001381*omega**2 - 5.0e-6*omega*theta - 0.0002*omega + 1.0e-6*theta**2 - 2.6e-5*theta + 0.000128

--- Chunk 33405 (186/220) | Start: 2024-12-18 12:55:00 ---
    RMSE omega (GP): 0.015581 | RMSE omega (Sim): 0.108595
    Loss: 10.0809 | Epoch: 426
    Eq omega: -0.004141 + -0.33820theta + 0.00106omega + -0.00175theta^2 + 0.00427theta omega + -0.00227omega^2
    Eq omega Phys: -0.000767*omega**2 + 4.8e-5*omega*theta + 0.000336*omega - 0.e-6*theta**2 - 0.000384*theta - 0.002388

--- Chunk 33406 (187/220) | Start: 2024-12-18 13:00:00 ---
    RMSE omega (GP): 0.012457 | RMSE omega (Sim): 0.069990
    Loss: 41.3390 | Epoch: 1888
    Eq omega: -0.001281 + 0.00005theta + -0.00033omega + -0.00001theta^2 + 0.00002theta omega + -0.00028omega^2
    Eq omega Phys: -0.000224*omega**2 + 1.0e-6*omega*theta + 4.0e-6*omega - 7.0e-6

--- Chunk 33407 (188/220) | Start: 2024-12-18 13:05:00 ---
    RMSE omega (GP): nan | RMSE omega (Sim): nan
    Loss: 69238.8984 | Epoch: 16
    Eq omega: nan1 + nantheta + nanomega + nantheta^2 + nantheta omega + nanomega^2
    Eq omega Phys: N/A

--- Chunk 33408 (189/220) | Start: 2024-12-18 13:10:00 ---
    RMSE omega (GP): nan | RMSE omega (Sim): nan
    Loss: 213.6225 | Epoch: 38
    Eq omega: nan1 + nantheta + nanomega + nantheta^2 + nantheta omega + nanomega^2
    Eq omega Phys: N/A

--- Chunk 33409 (190/220) | Start: 2024-12-18 13:15:00 ---
    RMSE omega (GP): 0.008506 | RMSE omega (Sim): 0.063471
    Loss: 9.4560 | Epoch: 1181
    Eq omega: 0.001751 + -0.00104theta + -0.00029omega + 0.00008theta^2 + -0.00003theta omega + -0.00067omega^2
    Eq omega Phys: -0.000406*omega**2 - 0.e-6*omega*theta - 4.0e-6*omega - 2.0e-6*theta + 2.0e-5

--- Chunk 33410 (191/220) | Start: 2024-12-18 13:20:00 ---
    RMSE omega (GP): nan | RMSE omega (Sim): nan
    Loss: 289.6095 | Epoch: 152
    Eq omega: nan1 + nantheta + nanomega + nantheta^2 + nantheta omega + nanomega^2
    Eq omega Phys: N/A

--- Chunk 33411 (192/220) | Start: 2024-12-18 13:25:00 ---
    RMSE omega (GP): 0.009788 | RMSE omega (Sim): 0.056648
    Loss: 13.5456 | Epoch: 2169
    Eq omega: 0.000251 + -0.00017theta + 0.00260omega + 0.00008theta^2 + -0.00017theta omega + 0.00055omega^2
    Eq omega Phys: 0.000345*omega**2 - 4.0e-6*omega*theta + 0.00013*omega - 2.0e-6*theta + 1.1e-5

--- Chunk 33412 (193/220) | Start: 2024-12-18 13:30:00 ---
    RMSE omega (GP): nan | RMSE omega (Sim): nan
    Loss: 6.3962 | Epoch: 339
    Eq omega: nan1 + nantheta + nanomega + nantheta^2 + nantheta omega + nanomega^2
    Eq omega Phys: N/A

--- Chunk 33413 (194/220) | Start: 2024-12-18 13:35:00 ---
    RMSE omega (GP): 0.007206 | RMSE omega (Sim): 0.090665
    Loss: 0.8943 | Epoch: 1149
    Eq omega: 0.004721 + -1.52224theta + -0.01068omega + -0.04380theta^2 + -0.02394theta omega + 0.01630omega^2
    Eq omega Phys: 0.006918*omega**2 - 0.000339*omega*theta - 0.001563*omega - 2.1e-5*theta**2 - 0.001839*theta - 0.006278

--- Chunk 33414 (195/220) | Start: 2024-12-18 13:40:00 ---
    RMSE omega (GP): 0.006044 | RMSE omega (Sim): 0.073549
    Loss: 1.9260 | Epoch: 1128
    Eq omega: 0.000741 + 0.00371theta + 0.00117omega + -0.00009theta^2 + -0.00060theta omega + 0.00246omega^2
    Eq omega Phys: 0.001249*omega**2 - 1.0e-5*omega*theta - 6.0e-5*omega + 3.0e-6*theta + 3.7e-5

--- Chunk 33415 (196/220) | Start: 2024-12-18 13:45:00 ---
    RMSE omega (GP): nan | RMSE omega (Sim): nan
    Loss: 52.3752 | Epoch: 106
    Eq omega: nan1 + nantheta + nanomega + nantheta^2 + nantheta omega + nanomega^2
    Eq omega Phys: N/A

--- Chunk 33416 (197/220) | Start: 2024-12-18 13:50:00 ---
    RMSE omega (GP): 0.007054 | RMSE omega (Sim): 0.104309
    Loss: 15.2918 | Epoch: 2360
    Eq omega: 0.003821 + -0.00037theta + -0.01499omega + 0.00612theta^2 + 0.00004theta omega + -0.00179omega^2
    Eq omega Phys: -0.001465*omega**2 + 1.0e-6*omega*theta - 0.000473*omega + 6.0e-6*theta**2 + 0.000268*theta + 0.003238

--- Chunk 33417 (198/220) | Start: 2024-12-18 13:55:00 ---
    RMSE omega (GP): 0.036586 | RMSE omega (Sim): 0.136865
    Loss: 102.8294 | Epoch: 52
    Eq omega: -0.004401 + 0.00035theta + 0.01727omega + -0.00232theta^2 + -0.00174theta omega + -0.01363omega^2
    Eq omega Phys: -0.005112*omega**2 - 2.2e-5*omega*theta + 0.000336*omega - 0.e-6*theta**2 - 2.1e-5*theta - 0.000126

--- Chunk 33418 (199/220) | Start: 2024-12-18 14:00:00 ---
    RMSE omega (GP): nan | RMSE omega (Sim): nan
    Loss: 890.7316 | Epoch: 56
    Eq omega: nan1 + nantheta + nanomega + nantheta^2 + nantheta omega + nanomega^2
    Eq omega Phys: N/A

--- Chunk 33419 (200/220) | Start: 2024-12-18 14:05:00 ---
    RMSE omega (GP): 0.009424 | RMSE omega (Sim): 0.169270
    Loss: 4.0319 | Epoch: 896
    Eq omega: -0.003021 + 0.00171theta + -0.00193omega + 0.00177theta^2 + 0.00049theta omega + 0.00195omega^2
    Eq omega Phys: 0.000823*omega**2 + 7.0e-6*omega*theta - 7.0e-6*omega + 1.0e-6*theta**2 + 1.6e-5*theta + 6.4e-5

  [Progress 200/220] Mean RMSE omega (GP): 0.014056 | (Sim): 0.089435 | Mean loss: 1411.0598 | Valid GP: 141/200 | Valid Sim: 140/200 | Elapsed: 59.7min | ETA: 6.0min

--- Chunk 33420 (201/220) | Start: 2024-12-18 14:10:00 ---
    RMSE omega (GP): 0.011975 | RMSE omega (Sim): 0.081833
    Loss: 21.0734 | Epoch: 954
    Eq omega: 0.001361 + 0.00005theta + -0.00055omega + 0.00007theta^2 + 0.00003theta omega + 0.00269omega^2
    Eq omega Phys: 0.001621*omega**2 + 1.0e-6*omega*theta - 1.0e-5*omega + 1.0e-6*theta + 1.3e-5

--- Chunk 33421 (202/220) | Start: 2024-12-18 14:15:00 ---
    RMSE omega (GP): 0.006412 | RMSE omega (Sim): 0.080637
    Loss: 1.2260 | Epoch: 1240
    Eq omega: 0.002781 + -0.00076theta + 0.00116omega + 0.00491theta^2 + -0.00073theta omega + 0.00526omega^2
    Eq omega Phys: 0.0025*omega**2 - 1.2e-5*omega*theta + 5.1e-5*omega + 3.0e-6*theta**2 - 6.0e-6*theta + 1.0e-5

--- Chunk 33422 (203/220) | Start: 2024-12-18 14:20:00 ---
    RMSE omega (GP): nan | RMSE omega (Sim): nan
    Loss: 735.5720 | Epoch: 34
    Eq omega: nan1 + nantheta + nanomega + nantheta^2 + nantheta omega + nanomega^2
    Eq omega Phys: N/A

--- Chunk 33423 (204/220) | Start: 2024-12-18 14:25:00 ---
    RMSE omega (GP): 0.044502 | RMSE omega (Sim): nan
    Loss: 158.9663 | Epoch: 209
    Eq omega: 0.006921 + -0.29785theta + 0.42947omega + 0.11709theta^2 + -0.12979theta omega + 0.02961omega^2
    Eq omega Phys: 0.012228*omega**2 - 0.001787*omega*theta + 0.007401*omega + 5.4e-5*theta**2 + 8.5e-5*theta - 0.000457

--- Chunk 33424 (205/220) | Start: 2024-12-18 14:30:00 ---
    RMSE omega (GP): 0.007469 | RMSE omega (Sim): 0.120928
    Loss: 0.5160 | Epoch: 900
    Eq omega: -0.011991 + -1.47693theta + 0.02843omega + -0.07343theta^2 + -0.66653theta omega + 0.00111omega^2
    Eq omega Phys: 0.000418*omega**2 - 0.008366*omega*theta + 0.009014*omega - 3.1e-5*theta**2 - 0.001582*theta + 0.001518

--- Chunk 33425 (206/220) | Start: 2024-12-18 14:35:00 ---
    RMSE omega (GP): nan | RMSE omega (Sim): nan
    Loss: 1819.3105 | Epoch: 65
    Eq omega: nan1 + nantheta + nanomega + nantheta^2 + nantheta omega + nanomega^2
    Eq omega Phys: N/A

--- Chunk 33426 (207/220) | Start: 2024-12-18 14:40:00 ---
    RMSE omega (GP): 0.009221 | RMSE omega (Sim): 0.119103
    Loss: 6.6198 | Epoch: 959
    Eq omega: -0.000561 + 0.00205theta + 0.00113omega + -0.00073theta^2 + 0.00181theta omega + 0.00364omega^2
    Eq omega Phys: 0.001798*omega**2 + 3.0e-5*omega*theta + 0.000321*omega - 5.0e-6*theta - 1.6e-5

--- Chunk 33427 (208/220) | Start: 2024-12-18 14:45:00 ---
    RMSE omega (GP): nan | RMSE omega (Sim): nan
    Loss: 423.3477 | Epoch: 81
    Eq omega: nan1 + nantheta + nanomega + nantheta^2 + nantheta omega + nanomega^2
    Eq omega Phys: N/A

--- Chunk 33428 (209/220) | Start: 2024-12-18 14:50:00 ---
    RMSE omega (GP): 0.006535 | RMSE omega (Sim): 0.092698
    Loss: 8.0319 | Epoch: 1417
    Eq omega: 0.004011 + -0.00123theta + -0.00110omega + -0.00010theta^2 + -0.00021theta omega + 0.00040omega^2
    Eq omega Phys: 0.000296*omega**2 - 5.0e-6*omega*theta + 1.0e-5*omega + 1.2e-5

--- Chunk 33429 (210/220) | Start: 2024-12-18 14:55:00 ---
    RMSE omega (GP): 0.006226 | RMSE omega (Sim): 0.092939
    Loss: 0.5780 | Epoch: 1315
    Eq omega: 0.050371 + -1.72325theta + 0.05416omega + 1.18682theta^2 + -0.05747theta omega + -0.78242omega^2
    Eq omega Phys: -0.322958*omega**2 - 0.000791*omega*theta + 0.003489*omega + 0.000544*theta**2 - 0.004233*theta + 0.00668

--- Chunk 33430 (211/220) | Start: 2024-12-18 15:00:00 ---
    RMSE omega (GP): nan | RMSE omega (Sim): nan
    Loss: 10.9237 | Epoch: 469
    Eq omega: nan1 + nantheta + nanomega + nantheta^2 + nantheta omega + nanomega^2
    Eq omega Phys: N/A

--- Chunk 33431 (212/220) | Start: 2024-12-18 15:05:00 ---
    RMSE omega (GP): nan | RMSE omega (Sim): nan
    Loss: 238.6931 | Epoch: 39
    Eq omega: nan1 + nantheta + nanomega + nantheta^2 + nantheta omega + nanomega^2
    Eq omega Phys: N/A

--- Chunk 33432 (213/220) | Start: 2024-12-18 15:10:00 ---
    RMSE omega (GP): nan | RMSE omega (Sim): nan
    Loss: 215.6978 | Epoch: 25
    Eq omega: nan1 + nantheta + nanomega + nantheta^2 + nantheta omega + nanomega^2
    Eq omega Phys: N/A

--- Chunk 33433 (214/220) | Start: 2024-12-18 15:15:00 ---
    RMSE omega (GP): 0.006985 | RMSE omega (Sim): 0.096386
    Loss: 0.3696 | Epoch: 743
    Eq omega: -0.007531 + -0.01121theta + 0.00783omega + -0.00509theta^2 + -0.00377theta omega + -0.00859omega^2
    Eq omega Phys: -0.003338*omega**2 - 4.9e-5*omega*theta + 0.000402*omega - 2.0e-6*theta**2 - 4.0e-6

--- Chunk 33434 (215/220) | Start: 2024-12-18 15:20:00 ---
    RMSE omega (GP): 0.019634 | RMSE omega (Sim): 0.074792
    Loss: 33.7121 | Epoch: 80
    Eq omega: 0.000601 + -0.00194theta + 0.00012omega + 0.01847theta^2 + -0.00015theta omega + -0.00033omega^2
    Eq omega Phys: -0.000137*omega**2 - 2.0e-6*omega*theta - 1.5e-5*omega + 9.0e-6*theta**2 + 0.000157*theta + 0.000724

--- Chunk 33435 (216/220) | Start: 2024-12-18 15:25:00 ---
    RMSE omega (GP): 0.005898 | RMSE omega (Sim): 0.068972
    Loss: 0.4721 | Epoch: 2116
    Eq omega: 0.005761 + -0.04370theta + 0.00101omega + 0.00054theta^2 + 0.00059theta omega + -0.00041omega^2
    Eq omega Phys: -0.000184*omega**2 + 9.0e-6*omega*theta + 0.000142*omega - 4.2e-5*theta - 0.000542

--- Chunk 33436 (217/220) | Start: 2024-12-18 15:30:00 ---
    RMSE omega (GP): nan | RMSE omega (Sim): nan
    Loss: 193.4923 | Epoch: 19
    Eq omega: nan1 + nantheta + nanomega + nantheta^2 + nantheta omega + nanomega^2
    Eq omega Phys: N/A

--- Chunk 33437 (218/220) | Start: 2024-12-18 15:35:00 ---
    RMSE omega (GP): 0.006793 | RMSE omega (Sim): 0.087716
    Loss: 3.4585 | Epoch: 1191
    Eq omega: -0.001851 + -0.00625theta + -0.00079omega + -0.00017theta^2 + -0.00009theta omega + 0.00173omega^2
    Eq omega Phys: 0.000959*omega**2 - 2.0e-6*omega*theta - 4.1e-5*omega - 9.0e-6*theta - 7.5e-5

--- Chunk 33438 (219/220) | Start: 2024-12-18 15:40:00 ---
    RMSE omega (GP): nan | RMSE omega (Sim): nan
    Loss: 3362.4712 | Epoch: 16
    Eq omega: nan1 + nantheta + nanomega + nantheta^2 + nantheta omega + nanomega^2
    Eq omega Phys: N/A

--- Chunk 33439 (220/220) | Start: 2024-12-18 15:45:00 ---
    RMSE omega (GP): 0.032978 | RMSE omega (Sim): 0.051816
    Loss: -7384.4360 | Epoch: 893
    Eq omega: -0.000881 + 0.00034theta + 0.00290omega + 0.00038theta^2 + 0.00006theta omega + 0.00040omega^2
    Eq omega Phys: 0.000274*omega**2 + 1.0e-6*omega*theta + 0.000115*omega + 8.0e-6*theta + 5.5e-5

  [Progress 220/220] Mean RMSE omega (GP): 0.014030 | (Sim): 0.089329 | Mean loss: 1282.1003 | Valid GP: 153/220 | Valid Sim: 151/220 | Elapsed: 64.1min | ETA: 0.0min

============================================================
EVALUATION COMPLETE — Chunks [33220, 33439]
============================================================
Chunks processed: 220
Chunks succeeded GP:  153 (69.5%)
Chunks succeeded Sim: 151 (68.6%)
Mean GP RMSE omega:   0.014030 ± 0.011306
Mean SIM RMSE omega:  0.089329 ± 0.037038
Mean Loss:            1282.1003 ± 9031.2346
Elapsed time:     64.1 minutes

Per-chunk CSV: /pfs/data6/home/ka/ka_iai/ka_bj2362/dsr/svise/results_5min_all_chunks/run_SLURM_3718868_combo38/chunks_33220_to_33439_20260321_112218.csv
Summary JSON:  /pfs/data6/home/ka/ka_iai/ka_bj2362/dsr/svise/results_5min_all_chunks/run_SLURM_3718868_combo38/summary_33220_to_33439_20260321_112218.json
============================================================

============================= JOB FEEDBACK =============================

NodeName=uc3n013
Job ID: 3720649
Array Job ID: 3718868_151
Cluster: uc3
User/Group: ka_bj2362/ka_iai
State: COMPLETED (exit code 0)
Nodes: 1
Cores per node: 4
CPU Utilized: 01:03:47
CPU Efficiency: 24.74% of 04:17:52 core-walltime
Job Wall-clock time: 01:04:28
Memory Utilized: 3.90 GB
Memory Efficiency: 32.48% of 12.00 GB (12.00 GB/node)
