Array task 12: processing chunks 2640 to 2859
Loading data from /pfs/data6/home/ka/ka_iai/ka_bj2362/dsr/svise/../dataset/South_Korea_2024-08-15_2025-08-31_1s.parquet...
Finding all valid 5-minute chunks in the dataset...
Found 107059 valid 5-minute chunks in total.

============================================================
SVISE FINAL EVALUATION — ALL CHUNKS
============================================================
Hyperparameters: {
  "model": "integrator",
  "sigma": 0,
  "degree": 2,
  "tau": 1e-05,
  "lr": 0.1,
  "n_tau": 50,
  "measurement_noise": 0.001,
  "n_reparam_samples": 15
}
Total valid chunks in dataset: 107059
Processing chunk range: [2640, 2859] (220 chunks)
Early stopping: patience=300, max_epochs=10000
============================================================


--- Chunk 2640 (1/220) | Start: 2024-08-24 06:15:00 ---
/pfs/data6/home/ka/ka_iai/ka_bj2362/dsr/svise/svise/sde_learning/_marginal_sde.py:284: UserWarning: torch.triangular_solve is deprecated in favor of torch.linalg.solve_triangularand will be removed in a future PyTorch release.
torch.linalg.solve_triangular has its arguments reversed and does not return a copy of one of the inputs.
X = torch.triangular_solve(B, A).solution
should be replaced with
X = torch.linalg.solve_triangular(A, B). (Triggered internally at ../aten/src/ATen/native/BatchLinearAlgebra.cpp:2192.)
  return torch.triangular_solve(self.raw_w, self.C.t()).solution
/pfs/data6/home/ka/ka_iai/ka_bj2362/dsr/svise/svise/quadrature/_unbiased_quadrature.py:196: UserWarning: Interp is nan, reducing interp degree.
  warnings.warn("Interp is nan, reducing interp degree.")
    RMSE omega (GP): 0.013749 | RMSE omega (Sim): 0.120134
    Loss: 8.8056 | Epoch: 1204
    Eq omega: -0.000461 + -0.00090theta + 0.00049omega + 0.00022theta^2 + -0.00011theta omega + 0.00013omega^2
    Eq omega Phys: 5.3e-5*omega**2 - 1.0e-6*omega*theta - 8.0e-6*omega + 2.0e-6*theta + 8.0e-6
    Diffusion: theta=1.356460e-03, omega=3.809573e-05

--- Chunk 2641 (2/220) | Start: 2024-08-24 06:20:00 ---
    RMSE omega (GP): 0.013856 | RMSE omega (Sim): 0.090200
    Loss: 11.4973 | Epoch: 1481
    Eq omega: 0.000481 + -0.00222theta + 0.00396omega + 0.00834theta^2 + -0.00863theta omega + -0.00348omega^2
    Eq omega Phys: -0.001404*omega**2 - 0.000116*omega*theta + 0.001014*omega + 4.0e-6*theta**2 - 5.9e-5*theta + 0.000236
    Diffusion: theta=3.151765e-03, omega=3.434989e-05

--- Chunk 2642 (3/220) | Start: 2024-08-24 06:25:00 ---
/pfs/data6/home/ka/ka_iai/ka_bj2362/dsr/svise/svise/quadrature/_unbiased_quadrature.py:174: UserWarning: NaN detected in fxq (quadrature node evaluations). Clamping to 0.
  warnings.warn("NaN detected in fxq (quadrature node evaluations). Clamping to 0.")
/pfs/data6/home/ka/ka_iai/ka_bj2362/dsr/svise/svise/quadrature/_unbiased_quadrature.py:177: UserWarning: NaN detected in fmc (Monte-Carlo node evaluations). Clamping to 0.
  warnings.warn("NaN detected in fmc (Monte-Carlo node evaluations). Clamping to 0.")
    RMSE omega (GP): 0.012893 | RMSE omega (Sim): 0.128637
    Loss: 4.5246 | Epoch: 303
    Eq omega: -0.028091 + -0.52781theta + -0.02238omega + 0.00085theta^2 + 0.00375theta omega + 0.00335omega^2
    Eq omega Phys: 0.001013*omega**2 + 3.8e-5*omega*theta - 0.000548*omega - 0.000583*theta - 0.003167
    Diffusion: theta=3.148582e-03, omega=4.010133e-05

--- Chunk 2643 (4/220) | Start: 2024-08-24 06:30:00 ---
    RMSE omega (GP): 0.009832 | RMSE omega (Sim): 0.054845
    Loss: 19.1548 | Epoch: 2233
    Eq omega: -0.003611 + -0.00042theta + 0.00088omega + 0.00007theta^2 + -0.00017theta omega + -0.00199omega^2
    Eq omega Phys: -0.001395*omega**2 - 4.0e-6*omega*theta - 7.0e-6*omega + 1.0e-6*theta - 5.0e-6
    Diffusion: theta=2.337115e-04, omega=2.454428e-05

--- Chunk 2644 (5/220) | Start: 2024-08-24 06:35:00 ---
    RMSE omega (GP): 0.023452 | RMSE omega (Sim): 0.062644
    Loss: -110419.5781 | Epoch: 802
    Eq omega: -0.005741 + 0.00018theta + 0.02057omega + -0.00000theta^2 + 0.00140theta omega + 0.00018omega^2
    Eq omega Phys: 0.000127*omega**2 + 3.3e-5*omega*theta + 0.001866*omega - 2.0e-6
    Diffusion: theta=1.387279e+00, omega=6.021875e-03

--- Chunk 2645 (6/220) | Start: 2024-08-24 06:40:00 ---
    RMSE omega (GP): nan | RMSE omega (Sim): nan
    Loss: 5008.4336 | Epoch: 16
    Eq omega: nan1 + nantheta + nanomega + nantheta^2 + nantheta omega + nanomega^2
    Eq omega Phys: N/A
    Diffusion: theta=nan, omega=nan

--- Chunk 2646 (7/220) | Start: 2024-08-24 06:45:00 ---
    RMSE omega (GP): 0.019016 | RMSE omega (Sim): 0.234592
    Loss: 160.6424 | Epoch: 1117
    Eq omega: 0.011851 + 0.00068theta + -0.01249omega + -0.00247theta^2 + -0.00020theta omega + 0.00075omega^2
    Eq omega Phys: 0.000754*omega**2 - 7.0e-6*omega*theta - 0.0006*omega - 3.0e-6*theta**2 - 0.00015*theta - 0.002033
    Diffusion: theta=6.718587e-04, omega=3.214319e-06

--- Chunk 2647 (8/220) | Start: 2024-08-24 06:50:00 ---
    RMSE omega (GP): 0.012792 | RMSE omega (Sim): 0.108140
    Loss: 7.8851 | Epoch: 2260
    Eq omega: -0.001201 + 0.00009theta + -0.00001omega + 0.00007theta^2 + 0.00009theta omega + 0.00050omega^2
    Eq omega Phys: 0.000207*omega**2 + 1.0e-6*omega*theta + 3.0e-5*omega + 2.0e-6*theta + 1.8e-5
    Diffusion: theta=1.295967e-03, omega=3.130078e-05

--- Chunk 2648 (9/220) | Start: 2024-08-24 06:55:00 ---
    RMSE omega (GP): nan | RMSE omega (Sim): nan
    Loss: 53.8900 | Epoch: 98
    Eq omega: nan1 + nantheta + nanomega + nantheta^2 + nantheta omega + nanomega^2
    Eq omega Phys: N/A
    Diffusion: theta=nan, omega=nan

--- Chunk 2649 (10/220) | Start: 2024-08-24 07:00:00 ---
    RMSE omega (GP): 0.010626 | RMSE omega (Sim): 0.131564
    Loss: 0.4902 | Epoch: 2126
    Eq omega: -0.001071 + -0.00046theta + -0.00307omega + -0.00002theta^2 + -0.00005theta omega + 0.00193omega^2
    Eq omega Phys: 0.000549*omega**2 - 0.000106*omega - 0.e-6*theta - 8.0e-6
    Diffusion: theta=5.398873e-04, omega=5.069946e-05

--- Chunk 2650 (11/220) | Start: 2024-08-24 07:05:00 ---
    RMSE omega (GP): nan | RMSE omega (Sim): nan
    Loss: 1456.9552 | Epoch: 16
    Eq omega: nan1 + nantheta + nanomega + nantheta^2 + nantheta omega + nanomega^2
    Eq omega Phys: N/A
    Diffusion: theta=nan, omega=nan

--- Chunk 2651 (12/220) | Start: 2024-08-24 07:10:00 ---
    RMSE omega (GP): 0.009988 | RMSE omega (Sim): 0.106684
    Loss: 4.8642 | Epoch: 1033
    Eq omega: -0.000201 + -0.00159theta + 0.00270omega + 0.00228theta^2 + 0.00070theta omega + 0.00332omega^2
    Eq omega Phys: 0.001416*omega**2 + 1.0e-5*omega*theta + 0.000169*omega + 1.0e-6*theta**2 + 1.5e-5*theta + 5.4e-5
    Diffusion: theta=2.245289e-04, omega=2.990324e-05

--- Chunk 2652 (13/220) | Start: 2024-08-24 07:15:00 ---
    RMSE omega (GP): 0.010145 | RMSE omega (Sim): 0.132532
    Loss: 17.8667 | Epoch: 1396
    Eq omega: 0.003671 + -0.00234theta + -0.00224omega + -0.00003theta^2 + 0.00009theta omega + 0.00135omega^2
    Eq omega Phys: 0.000882*omega**2 + 2.0e-6*omega*theta - 4.9e-5*omega - 3.0e-6*theta - 3.1e-5
    Diffusion: theta=5.150516e-04, omega=2.956487e-05

--- Chunk 2653 (14/220) | Start: 2024-08-24 07:20:00 ---
    RMSE omega (GP): 0.012264 | RMSE omega (Sim): 0.050688
    Loss: 28.2448 | Epoch: 2109
    Eq omega: -0.001291 + 0.00028theta + -0.00143omega + 0.00000theta^2 + 0.00005theta omega + 0.00022omega^2
    Eq omega Phys: 0.000148*omega**2 + 1.0e-6*omega*theta - 3.1e-5*omega + 2.0e-6
    Diffusion: theta=1.359098e-03, omega=2.321150e-05

--- Chunk 2654 (15/220) | Start: 2024-08-24 07:25:00 ---
    RMSE omega (GP): 0.010560 | RMSE omega (Sim): 0.047373
    Loss: 3.3368 | Epoch: 1203
    Eq omega: 0.008851 + -0.23292theta + -0.00892omega + 0.00171theta^2 + 0.00414theta omega + -0.00192omega^2
    Eq omega Phys: -0.000696*omega**2 + 5.0e-5*omega*theta - 0.000675*omega + 1.0e-6*theta**2 - 0.000269*theta + 0.002021
    Diffusion: theta=2.327095e-04, omega=3.998209e-05

--- Chunk 2655 (16/220) | Start: 2024-08-24 07:30:00 ---
    RMSE omega (GP): 0.020611 | RMSE omega (Sim): 0.035628
    Loss: 501.0928 | Epoch: 74
    Eq omega: 0.001761 + -0.00001theta + -0.00291omega + -0.00003theta^2 + 0.00003theta omega + 0.00012omega^2
    Eq omega Phys: 0.000134*omega**2 + 1.0e-6*omega*theta - 6.8e-5*omega - 2.0e-6*theta - 2.4e-5
    Diffusion: theta=2.588490e-03, omega=1.344755e-06

--- Chunk 2656 (17/220) | Start: 2024-08-24 07:35:00 ---
    RMSE omega (GP): nan | RMSE omega (Sim): nan
    Loss: 16221.4463 | Epoch: 16
    Eq omega: nan1 + nantheta + nanomega + nantheta^2 + nantheta omega + nanomega^2
    Eq omega Phys: N/A
    Diffusion: theta=nan, omega=nan

--- Chunk 2657 (18/220) | Start: 2024-08-24 07:40:00 ---
    RMSE omega (GP): nan | RMSE omega (Sim): nan
    Loss: 8333.6494 | Epoch: 17
    Eq omega: nan1 + nantheta + nanomega + nantheta^2 + nantheta omega + nanomega^2
    Eq omega Phys: N/A
    Diffusion: theta=nan, omega=nan

--- Chunk 2658 (19/220) | Start: 2024-08-24 07:45:00 ---
    RMSE omega (GP): 0.008266 | RMSE omega (Sim): 0.129576
    Loss: -0.5272 | Epoch: 873
    Eq omega: -0.004811 + -0.03827theta + -0.00143omega + 0.00048theta^2 + -0.01355theta omega + -0.00906omega^2
    Eq omega Phys: -0.002777*omega**2 - 0.000138*omega*theta - 0.00185*omega - 3.8e-5*theta - 0.000543
    Diffusion: theta=1.933146e-03, omega=4.082182e-05

--- Chunk 2659 (20/220) | Start: 2024-08-24 07:50:00 ---
    RMSE omega (GP): 0.010468 | RMSE omega (Sim): 0.082876
    Loss: 6.2687 | Epoch: 2091
    Eq omega: -0.003781 + -0.00010theta + -0.00006omega + -0.00009theta^2 + 0.00017theta omega + 0.00966omega^2
    Eq omega Phys: 0.004053*omega**2 + 2.0e-6*omega*theta + 2.0e-5*omega - 0.e-6*theta - 1.5e-5
    Diffusion: theta=1.620954e-03, omega=2.821988e-05

--- Chunk 2660 (21/220) | Start: 2024-08-24 07:55:00 ---
    RMSE omega (GP): 0.033428 | RMSE omega (Sim): 0.056948
    Loss: 105.1455 | Epoch: 96
    Eq omega: 0.001511 + -0.07930theta + -0.00220omega + -0.00028theta^2 + -0.05475theta omega + -0.00330omega^2
    Eq omega Phys: -0.001414*omega**2 - 0.000782*omega*theta + 0.006488*omega - 8.6e-5*theta + 0.000734
    Diffusion: theta=nan, omega=nan

--- Chunk 2661 (22/220) | Start: 2024-08-24 08:00:00 ---
    RMSE omega (GP): 0.011540 | RMSE omega (Sim): 0.093855
    Loss: 11.7338 | Epoch: 796
    Eq omega: 0.011501 + -0.15265theta + -0.00079omega + -0.00052theta^2 + -0.00172theta omega + -0.00483omega^2
    Eq omega Phys: -0.002322*omega**2 - 2.8e-5*omega*theta + 0.000218*omega - 0.000165*theta + 0.001505
    Diffusion: theta=6.355822e-02, omega=5.994139e-05

--- Chunk 2662 (23/220) | Start: 2024-08-24 08:05:00 ---
    RMSE omega (GP): 0.022005 | RMSE omega (Sim): 0.095567
    Loss: -74.2400 | Epoch: 738
    Eq omega: 0.002731 + -0.22890theta + 0.00373omega + 0.00720theta^2 + -0.00814theta omega + -0.02472omega^2
    Eq omega Phys: -0.006367*omega**2 - 7.0e-5*omega*theta + 0.000354*omega + 2.0e-6*theta**2 - 0.000268*theta + 0.00087
    Diffusion: theta=4.427323e-01, omega=5.386162e-04

--- Chunk 2663 (24/220) | Start: 2024-08-24 08:10:00 ---
    RMSE omega (GP): 0.009265 | RMSE omega (Sim): 0.086799
    Loss: -0.3924 | Epoch: 1063
    Eq omega: 0.002101 + -0.12215theta + 0.00001omega + 0.00426theta^2 + -0.00022theta omega + 0.01790omega^2
    Eq omega Phys: 0.005256*omega**2 - 2.0e-6*omega*theta - 1.6e-5*omega + 1.0e-6*theta**2 - 0.000114*theta - 0.000959
    Diffusion: theta=3.407279e-04, omega=6.127873e-05

--- Chunk 2664 (25/220) | Start: 2024-08-24 08:15:00 ---
    RMSE omega (GP): 0.010150 | RMSE omega (Sim): 0.054643
    Loss: 20.9059 | Epoch: 1520
    Eq omega: -0.002101 + -0.00010theta + -0.00144omega + -0.00001theta^2 + 0.00009theta omega + 0.00272omega^2
    Eq omega Phys: 0.001884*omega**2 + 2.0e-6*omega*theta - 8.0e-5*omega - 3.0e-6
    Diffusion: theta=4.203870e-04, omega=2.836181e-05

--- Chunk 2665 (26/220) | Start: 2024-08-24 08:20:00 ---
    RMSE omega (GP): 0.010291 | RMSE omega (Sim): 0.085709
    Loss: 6.3948 | Epoch: 1004
    Eq omega: -0.000171 + 0.00002theta + -0.00098omega + 0.00019theta^2 + 0.00148theta omega + -0.00041omega^2
    Eq omega Phys: -0.000177*omega**2 + 2.1e-5*omega*theta - 0.000258*omega - 2.0e-6*theta + 9.0e-6
    Diffusion: theta=1.798367e-03, omega=3.426068e-05

--- Chunk 2666 (27/220) | Start: 2024-08-24 08:25:00 ---
    RMSE omega (GP): 0.040957 | RMSE omega (Sim): 0.091817
    Loss: -19961.2363 | Epoch: 664
    Eq omega: 0.004131 + 0.00005theta + 0.00105omega + 0.00004theta^2 + -0.00035theta omega + -0.00005omega^2
    Eq omega Phys: -3.6e-5*omega**2 - 8.0e-6*omega*theta + 0.000173*omega - 0.e-6*theta + 1.4e-5
    Diffusion: theta=3.069289e-01, omega=1.658608e-04

--- Chunk 2667 (28/220) | Start: 2024-08-24 08:30:00 ---
    RMSE omega (GP): nan | RMSE omega (Sim): nan
    Loss: 472.0949 | Epoch: 28
    Eq omega: nan1 + nantheta + nanomega + nantheta^2 + nantheta omega + nanomega^2
    Eq omega Phys: N/A
    Diffusion: theta=nan, omega=nan

--- Chunk 2668 (29/220) | Start: 2024-08-24 08:35:00 ---
    RMSE omega (GP): 0.009930 | RMSE omega (Sim): 0.084194
    Loss: 5.7092 | Epoch: 1118
    Eq omega: -0.001731 + -0.15789theta + 0.00732omega + 0.00052theta^2 + 0.00069theta omega + 0.00133omega^2
    Eq omega Phys: 0.00059*omega**2 + 1.0e-5*omega*theta + 0.000186*omega - 0.000178*theta + 0.001008
    Diffusion: theta=2.592331e-04, omega=3.565502e-05

--- Chunk 2669 (30/220) | Start: 2024-08-24 08:40:00 ---
    RMSE omega (GP): nan | RMSE omega (Sim): nan
    Loss: 323.4735 | Epoch: 18
    Eq omega: nan1 + nantheta + nanomega + nantheta^2 + nantheta omega + nanomega^2
    Eq omega Phys: N/A
    Diffusion: theta=nan, omega=nan

--- Chunk 2670 (31/220) | Start: 2024-08-24 08:45:00 ---
    RMSE omega (GP): 0.011070 | RMSE omega (Sim): 0.087585
    Loss: 7.8984 | Epoch: 1223
    Eq omega: -0.010841 + -0.00128theta + -0.00299omega + 0.00114theta^2 + -0.00153theta omega + -0.00058omega^2
    Eq omega Phys: -0.000254*omega**2 - 2.2e-5*omega*theta + 9.2e-5*omega + 1.0e-6*theta**2 - 1.1e-5*theta + 2.5e-5
    Diffusion: theta=3.729012e-04, omega=4.646887e-05

--- Chunk 2671 (32/220) | Start: 2024-08-24 08:50:00 ---
    RMSE omega (GP): 0.010224 | RMSE omega (Sim): 0.098294
    Loss: 8.3445 | Epoch: 1301
    Eq omega: -0.001131 + -0.00439theta + -0.00053omega + 0.00014theta^2 + 0.00079theta omega + 0.00334omega^2
    Eq omega Phys: 0.001599*omega**2 + 1.3e-5*omega*theta - 9.2e-5*omega - 6.0e-6*theta + 2.9e-5
    Diffusion: theta=1.919220e-04, omega=5.982763e-05

--- Chunk 2672 (33/220) | Start: 2024-08-24 08:55:00 ---
    RMSE omega (GP): 0.009142 | RMSE omega (Sim): 0.086962
    Loss: 6.7151 | Epoch: 2130
    Eq omega: -0.011011 + -1.08168theta + -0.00258omega + 0.04246theta^2 + 0.00759theta omega + -0.00728omega^2
    Eq omega Phys: -0.003644*omega**2 + 0.000127*omega*theta + 0.000337*omega + 2.4e-5*theta**2 - 0.001044*theta - 0.003778
    Diffusion: theta=nan, omega=nan

--- Chunk 2673 (34/220) | Start: 2024-08-24 09:00:00 ---
    RMSE omega (GP): 0.009007 | RMSE omega (Sim): 0.161751
    Loss: 5.4290 | Epoch: 1071
    Eq omega: 0.001951 + 0.00029theta + 0.00124omega + 0.00021theta^2 + 0.00291theta omega + 0.00249omega^2
    Eq omega Phys: 0.001141*omega**2 + 4.4e-5*omega*theta + 0.000463*omega + 2.0e-6*theta + 1.7e-5
    Diffusion: theta=3.094001e-04, omega=6.054969e-05

--- Chunk 2674 (35/220) | Start: 2024-08-24 09:05:00 ---
    RMSE omega (GP): 0.012685 | RMSE omega (Sim): 0.076956
    Loss: 13.0373 | Epoch: 132
    Eq omega: -0.001381 + -0.01957theta + 0.00054omega + -0.00624theta^2 + -0.00079theta omega + 0.00215omega^2
    Eq omega Phys: 0.000934*omega**2 - 1.1e-5*omega*theta + 1.1e-5*omega - 3.0e-6*theta**2 - 2.5e-5*theta - 1.8e-5
    Diffusion: theta=nan, omega=nan

--- Chunk 2675 (36/220) | Start: 2024-08-24 09:10:00 ---
    RMSE omega (GP): 0.020035 | RMSE omega (Sim): 0.069567
    Loss: -1437.8530 | Epoch: 616
    Eq omega: 0.000651 + -0.01454theta + 0.00010omega + 0.00090theta^2 + -0.00043theta omega + 0.00712omega^2
    Eq omega Phys: 0.003443*omega**2 - 7.0e-6*omega*theta - 4.5e-5*omega - 9.0e-6*theta - 8.7e-5
    Diffusion: theta=2.701850e-02, omega=3.964470e-05

--- Chunk 2676 (37/220) | Start: 2024-08-24 09:15:00 ---
    RMSE omega (GP): 0.010747 | RMSE omega (Sim): 0.068109
    Loss: 16.1866 | Epoch: 702
    Eq omega: -0.000921 + -0.00016theta + -0.00022omega + -0.00011theta^2 + 0.00043theta omega + -0.00018omega^2
    Eq omega Phys: -0.000108*omega**2 + 9.0e-6*omega*theta - 4.9e-5*omega + 1.0e-6*theta - 3.0e-6
    Diffusion: theta=1.400497e-03, omega=2.118684e-05

--- Chunk 2677 (38/220) | Start: 2024-08-24 09:20:00 ---
    RMSE omega (GP): 0.010643 | RMSE omega (Sim): 0.066635
    Loss: 10.3360 | Epoch: 1073
    Eq omega: -0.001021 + 0.00027theta + 0.00172omega + -0.00100theta^2 + 0.00037theta omega + 0.00029omega^2
    Eq omega Phys: 0.000146*omega**2 + 6.0e-6*omega*theta + 0.0001*omega - 0.e-6*theta**2 - 7.0e-6*theta - 2.7e-5
    Diffusion: theta=1.787634e-04, omega=4.480379e-05

--- Chunk 2678 (39/220) | Start: 2024-08-24 09:25:00 ---
    RMSE omega (GP): 0.009124 | RMSE omega (Sim): 0.123867
    Loss: 5.4016 | Epoch: 995
    Eq omega: -0.004151 + -0.00059theta + -0.00043omega + 0.00047theta^2 + -0.00013theta omega + 0.00007omega^2
    Eq omega Phys: 3.3e-5*omega**2 - 2.0e-6*omega*theta - 8.0e-6*omega - 2.0e-6*theta - 6.0e-6
    Diffusion: theta=1.503528e-03, omega=3.203109e-05

--- Chunk 2679 (40/220) | Start: 2024-08-24 09:30:00 ---
    RMSE omega (GP): nan | RMSE omega (Sim): nan
    Loss: 26.1998 | Epoch: 59
    Eq omega: nan1 + nantheta + nanomega + nantheta^2 + nantheta omega + nanomega^2
    Eq omega Phys: N/A
    Diffusion: theta=nan, omega=nan

--- Chunk 2680 (41/220) | Start: 2024-08-24 09:35:00 ---
    RMSE omega (GP): nan | RMSE omega (Sim): nan
    Loss: 148.6399 | Epoch: 63
    Eq omega: nan1 + nantheta + nanomega + nantheta^2 + nantheta omega + nanomega^2
    Eq omega Phys: N/A
    Diffusion: theta=nan, omega=nan

--- Chunk 2681 (42/220) | Start: 2024-08-24 09:40:00 ---
    RMSE omega (GP): 0.011481 | RMSE omega (Sim): 0.055027
    Loss: 19.0785 | Epoch: 1273
    Eq omega: -0.000681 + -0.00555theta + 0.00212omega + 0.00055theta^2 + 0.00030theta omega + 0.01766omega^2
    Eq omega Phys: 0.010564*omega**2 + 6.0e-6*omega*theta + 3.2e-5*omega - 1.1e-5*theta + 5.4e-5
    Diffusion: theta=1.401639e-04, omega=3.689421e-05

--- Chunk 2682 (43/220) | Start: 2024-08-24 09:45:00 ---
    RMSE omega (GP): 0.009389 | RMSE omega (Sim): 0.058645
    Loss: 11.2526 | Epoch: 1270
    Eq omega: -0.000341 + 0.00052theta + -0.00233omega + -0.00075theta^2 + -0.00228theta omega + -0.00316omega^2
    Eq omega Phys: -0.001848*omega**2 - 4.4e-5*omega*theta + 0.000162*omega + 6.0e-6*theta - 1.8e-5
    Diffusion: theta=1.734782e-04, omega=4.590091e-05

--- Chunk 2683 (44/220) | Start: 2024-08-24 09:50:00 ---
    RMSE omega (GP): 0.029979 | RMSE omega (Sim): 0.051888
    Loss: 213.7716 | Epoch: 70
    Eq omega: 0.000161 + -0.00023theta + 0.00106omega + -0.00293theta^2 + -0.00056theta omega + 0.00010omega^2
    Eq omega Phys: 6.8e-5*omega**2 - 1.3e-5*omega*theta + 0.000144*omega - 2.0e-6*theta**2 + 3.8e-5*theta - 0.000159
    Diffusion: theta=1.922576e-03, omega=5.759749e-06

--- Chunk 2684 (45/220) | Start: 2024-08-24 09:55:00 ---
    RMSE omega (GP): 0.010316 | RMSE omega (Sim): 0.109060
    Loss: 2.4730 | Epoch: 1630
    Eq omega: -0.004861 + -1.43811theta + 0.00416omega + -0.00805theta^2 + -0.02667theta omega + -0.04203omega^2
    Eq omega Phys: -0.014535*omega**2 - 0.000307*omega*theta + 0.001636*omega - 3.0e-6*theta**2 - 0.001568*theta + 0.007692
    Diffusion: theta=8.888649e-04, omega=3.396682e-05

--- Chunk 2685 (46/220) | Start: 2024-08-24 10:00:00 ---
    RMSE omega (GP): nan | RMSE omega (Sim): nan
    Loss: 91.1842 | Epoch: 22
    Eq omega: nan1 + nantheta + nanomega + nantheta^2 + nantheta omega + nanomega^2
    Eq omega Phys: N/A
    Diffusion: theta=nan, omega=nan

--- Chunk 2686 (47/220) | Start: 2024-08-24 10:05:00 ---
    RMSE omega (GP): 0.010136 | RMSE omega (Sim): 0.125183
    Loss: 11.1687 | Epoch: 1296
    Eq omega: 0.006661 + 0.00020theta + 0.00514omega + 0.00010theta^2 + -0.00030theta omega + 0.00257omega^2
    Eq omega Phys: 0.001387*omega**2 - 5.0e-6*omega*theta + 0.000221*omega - 0.e-6*theta + 1.7e-5
    Diffusion: theta=4.057627e-04, omega=4.064991e-05

--- Chunk 2687 (48/220) | Start: 2024-08-24 10:10:00 ---
    RMSE omega (GP): 0.009848 | RMSE omega (Sim): 0.089828
    Loss: 2.8055 | Epoch: 1365
    Eq omega: -0.007781 + -0.11333theta + -0.00213omega + -0.00082theta^2 + 0.00088theta omega + 0.01135omega^2
    Eq omega Phys: 0.004337*omega**2 + 1.1e-5*omega*theta - 0.000114*omega - 0.000123*theta + 0.000457
    Diffusion: theta=6.779578e-04, omega=5.250417e-05

--- Chunk 2688 (49/220) | Start: 2024-08-24 10:15:00 ---
    RMSE omega (GP): nan | RMSE omega (Sim): nan
    Loss: 78.9842 | Epoch: 84
    Eq omega: nan1 + nantheta + nanomega + nantheta^2 + nantheta omega + nanomega^2
    Eq omega Phys: N/A
    Diffusion: theta=nan, omega=nan

--- Chunk 2689 (50/220) | Start: 2024-08-24 10:20:00 ---
    RMSE omega (GP): nan | RMSE omega (Sim): nan
    Loss: 75.4915 | Epoch: 76
    Eq omega: nan1 + nantheta + nanomega + nantheta^2 + nantheta omega + nanomega^2
    Eq omega Phys: N/A
    Diffusion: theta=nan, omega=nan

  [Progress 50/220] Mean RMSE omega (GP): 0.013945 | (Sim): 0.091974 | Mean loss: -1966.8985 | Valid GP: 38/50 | Valid Sim: 38/50 | Elapsed: 14.5min | ETA: 49.3min

--- Chunk 2690 (51/220) | Start: 2024-08-24 10:25:00 ---
    RMSE omega (GP): 0.010331 | RMSE omega (Sim): 0.159493
    Loss: 5.2139 | Epoch: 1264
    Eq omega: -0.005061 + 0.00038theta + 0.00052omega + -0.00020theta^2 + -0.00024theta omega + 0.00041omega^2
    Eq omega Phys: 0.000169*omega**2 - 3.0e-6*omega*theta + 4.2e-5*omega + 2.0e-6*theta - 2.2e-5
    Diffusion: theta=2.810558e-04, omega=5.308308e-05

--- Chunk 2691 (52/220) | Start: 2024-08-24 10:30:00 ---
    RMSE omega (GP): 0.036019 | RMSE omega (Sim): 0.052921
    Loss: 652.7903 | Epoch: 43
    Eq omega: 0.003771 + -0.02849theta + 0.00409omega + -0.00014theta^2 + -0.00164theta omega + 0.01058omega^2
    Eq omega Phys: 0.008333*omega**2 - 4.3e-5*omega*theta + 0.000683*omega - 2.9e-5*theta + 0.000387
    Diffusion: theta=nan, omega=nan

--- Chunk 2692 (53/220) | Start: 2024-08-24 10:35:00 ---
    RMSE omega (GP): 0.010984 | RMSE omega (Sim): 0.058296
    Loss: 20.8154 | Epoch: 1641
    Eq omega: -0.001591 + -0.00088theta + 0.00722omega + 0.00028theta^2 + -0.00138theta omega + 0.00024omega^2
    Eq omega Phys: 0.000157*omega**2 - 3.0e-5*omega*theta + 0.00042*omega - 3.0e-6*theta + 1.0e-5
    Diffusion: theta=5.969237e-04, omega=2.443479e-05

--- Chunk 2693 (54/220) | Start: 2024-08-24 10:40:00 ---
    RMSE omega (GP): 0.013602 | RMSE omega (Sim): 0.083841
    Loss: 17.6309 | Epoch: 2153
    Eq omega: -0.000291 + 0.00029theta + -0.00157omega + 0.00010theta^2 + -0.00035theta omega + 0.00062omega^2
    Eq omega Phys: 0.000348*omega**2 - 7.0e-6*omega*theta + 1.5e-5*omega - 0.e-6*theta + 3.0e-6
    Diffusion: theta=3.355927e-04, omega=3.716552e-05

--- Chunk 2694 (55/220) | Start: 2024-08-24 10:45:00 ---
    RMSE omega (GP): 0.011562 | RMSE omega (Sim): 0.068227
    Loss: 20.6294 | Epoch: 919
    Eq omega: 0.002751 + -0.00007theta + 0.00874omega + 0.00010theta^2 + 0.00045theta omega + -0.00040omega^2
    Eq omega Phys: -0.000246*omega**2 + 9.0e-6*omega*theta + 0.000208*omega - 1.0e-6*theta + 1.1e-5
    Diffusion: theta=1.234045e-03, omega=2.189221e-05

--- Chunk 2695 (56/220) | Start: 2024-08-24 10:50:00 ---
    RMSE omega (GP): 0.019377 | RMSE omega (Sim): 0.076047
    Loss: 2.3741 | Epoch: 474
    Eq omega: 0.004431 + 0.00041theta + -0.00247omega + 0.00011theta^2 + 0.00007theta omega + 0.00032omega^2
    Eq omega Phys: 0.000226*omega**2 + 2.0e-6*omega*theta - 9.6e-5*omega - 0.e-6*theta + 9.0e-6
    Diffusion: theta=2.539282e-01, omega=1.492656e-04

--- Chunk 2696 (57/220) | Start: 2024-08-24 10:55:00 ---
    RMSE omega (GP): 0.007508 | RMSE omega (Sim): 0.075449
    Loss: 2.4176 | Epoch: 877
    Eq omega: 0.000371 + -0.00030theta + -0.00129omega + -0.00037theta^2 + -0.00031theta omega + -0.00002omega^2
    Eq omega Phys: -9.0e-6*omega**2 - 5.0e-6*omega*theta - 3.0e-5*omega + 1.0e-6*theta
    Diffusion: theta=1.854651e-03, omega=3.181698e-05

--- Chunk 2697 (58/220) | Start: 2024-08-24 11:00:00 ---
    RMSE omega (GP): nan | RMSE omega (Sim): nan
    Loss: 1498.7594 | Epoch: 16
    Eq omega: nan1 + nantheta + nanomega + nantheta^2 + nantheta omega + nanomega^2
    Eq omega Phys: N/A
    Diffusion: theta=nan, omega=nan

--- Chunk 2698 (59/220) | Start: 2024-08-24 11:05:00 ---
    RMSE omega (GP): 0.011117 | RMSE omega (Sim): 0.072059
    Loss: 10.3266 | Epoch: 963
    Eq omega: 0.000191 + -0.00247theta + -0.00208omega + 0.00018theta^2 + 0.00067theta omega + -0.00142omega^2
    Eq omega Phys: -0.000698*omega**2 + 1.1e-5*omega*theta - 0.000138*omega - 4.0e-6*theta + 2.1e-5
    Diffusion: theta=1.435868e-03, omega=4.111473e-05

--- Chunk 2699 (60/220) | Start: 2024-08-24 11:10:00 ---
    RMSE omega (GP): 0.007735 | RMSE omega (Sim): 0.090113
    Loss: 8.6330 | Epoch: 2030
    Eq omega: -0.000661 + -0.00004theta + 0.00257omega + -0.00022theta^2 + -0.00011theta omega + 0.00013omega^2
    Eq omega Phys: 8.3e-5*omega**2 - 2.0e-6*omega*theta + 0.00012*omega + 5.0e-6*theta - 3.4e-5
    Diffusion: theta=2.798428e-04, omega=2.724724e-05

--- Chunk 2700 (61/220) | Start: 2024-08-24 11:15:00 ---
    RMSE omega (GP): 0.008110 | RMSE omega (Sim): 0.109434
    Loss: 10.4768 | Epoch: 1975
    Eq omega: -0.000581 + -0.00011theta + -0.00043omega + 0.00004theta^2 + -0.00003theta omega + -0.00056omega^2
    Eq omega Phys: -0.000384*omega**2 - 0.e-6*omega*theta - 5.0e-6*omega - 0.e-6*theta + 7.0e-6
    Diffusion: theta=4.212780e-04, omega=1.971755e-05

--- Chunk 2701 (62/220) | Start: 2024-08-24 11:20:00 ---
    RMSE omega (GP): 0.009470 | RMSE omega (Sim): 0.092164
    Loss: 1.7358 | Epoch: 1779
    Eq omega: 0.010301 + -0.19386theta + 0.00461omega + 0.00128theta^2 + 0.00147theta omega + 0.00034omega^2
    Eq omega Phys: 0.000119*omega**2 + 1.7e-5*omega*theta + 0.00016*omega - 0.000215*theta - 5.2e-5
    Diffusion: theta=5.841283e-04, omega=5.420068e-05

--- Chunk 2702 (63/220) | Start: 2024-08-24 11:25:00 ---
    RMSE omega (GP): 0.050833 | RMSE omega (Sim): 0.128816
    Loss: 410.8539 | Epoch: 47
    Eq omega: 0.001381 + -0.00398theta + 0.00025omega + -0.00011theta^2 + -0.00337theta omega + 0.00136omega^2
    Eq omega Phys: 0.000663*omega**2 - 5.5e-5*omega*theta + 0.000671*omega - 3.0e-6*theta + 4.8e-5
    Diffusion: theta=nan, omega=nan

--- Chunk 2703 (64/220) | Start: 2024-08-24 11:30:00 ---
    RMSE omega (GP): nan | RMSE omega (Sim): nan
    Loss: 128.4491 | Epoch: 26
    Eq omega: nan1 + nantheta + nanomega + nantheta^2 + nantheta omega + nanomega^2
    Eq omega Phys: N/A
    Diffusion: theta=nan, omega=nan

--- Chunk 2704 (65/220) | Start: 2024-08-24 11:35:00 ---
    RMSE omega (GP): 0.007464 | RMSE omega (Sim): 0.068808
    Loss: -0.4582 | Epoch: 1212
    Eq omega: 0.006861 + -0.56786theta + -0.00073omega + -0.00633theta^2 + 0.00316theta omega + 0.00341omega^2
    Eq omega Phys: 0.001191*omega**2 + 3.7e-5*omega*theta - 0.000282*omega - 2.0e-6*theta**2 - 0.000597*theta + 0.004324
    Diffusion: theta=1.685898e-04, omega=3.753375e-05

--- Chunk 2705 (66/220) | Start: 2024-08-24 11:40:00 ---
    RMSE omega (GP): 0.008885 | RMSE omega (Sim): 0.092185
    Loss: 1.8012 | Epoch: 1243
    Eq omega: -0.002661 + -0.05192theta + -0.00504omega + -0.01170theta^2 + 0.00665theta omega + 0.00174omega^2
    Eq omega Phys: 0.00065*omega**2 + 8.3e-5*omega*theta - 0.000548*omega - 5.0e-6*theta**2 - 1.3e-5*theta + 0.000155
    Diffusion: theta=8.554796e-04, omega=5.172052e-05

--- Chunk 2706 (67/220) | Start: 2024-08-24 11:45:00 ---
    RMSE omega (GP): 0.007412 | RMSE omega (Sim): 0.037913
    Loss: 2.1973 | Epoch: 2065
    Eq omega: 0.006351 + -0.14150theta + -0.00054omega + -0.00012theta^2 + -0.00085theta omega + 0.00497omega^2
    Eq omega Phys: 0.002226*omega**2 - 1.3e-5*omega*theta + 8.6e-5*omega - 0.000156*theta + 0.001304
    Diffusion: theta=1.078604e-04, omega=1.891583e-05

--- Chunk 2707 (68/220) | Start: 2024-08-24 11:50:00 ---
    RMSE omega (GP): 0.010762 | RMSE omega (Sim): 0.085760
    Loss: 11.3370 | Epoch: 1350
    Eq omega: -0.004511 + 0.00149theta + 0.00168omega + 0.00172theta^2 + -0.00274theta omega + 0.00077omega^2
    Eq omega Phys: 0.000395*omega**2 - 4.7e-5*omega*theta + 0.000258*omega + 1.0e-6*theta**2 - 7.0e-6*theta + 1.0e-6
    Diffusion: theta=1.214733e-03, omega=3.577689e-05

--- Chunk 2708 (69/220) | Start: 2024-08-24 11:55:00 ---
    RMSE omega (GP): 0.010938 | RMSE omega (Sim): 0.128306
    Loss: 10.1243 | Epoch: 2047
    Eq omega: -0.001961 + 0.00139theta + -0.00238omega + -0.00012theta^2 + 0.00034theta omega + -0.00004omega^2
    Eq omega Phys: -2.0e-5*omega**2 + 6.0e-6*omega*theta - 4.2e-5*omega + 1.0e-6*theta + 3.0e-6
    Diffusion: theta=1.812795e-04, omega=3.883052e-05

--- Chunk 2709 (70/220) | Start: 2024-08-24 12:00:00 ---
    RMSE omega (GP): 0.053874 | RMSE omega (Sim): 0.213679
    Loss: 120.4542 | Epoch: 344
    Eq omega: 0.000801 + 0.00002theta + 0.00043omega + 0.00012theta^2 + 0.00006theta omega + 0.00112omega^2
    Eq omega Phys: 0.00038*omega**2 + 1.0e-6*omega*theta + 1.0e-5*omega + 4.0e-6
    Diffusion: theta=8.576123e-04, omega=1.997007e-07

--- Chunk 2710 (71/220) | Start: 2024-08-24 12:05:00 ---
    RMSE omega (GP): 0.011277 | RMSE omega (Sim): 0.032533
    Loss: 55.3611 | Epoch: 2228
    Eq omega: -0.001271 + 0.00006theta + -0.00064omega + -0.00000theta^2 + 0.00001theta omega + -0.00003omega^2
    Eq omega Phys: -3.1e-5*omega**2 - 2.9e-5*omega - 3.0e-6
    Diffusion: theta=6.476730e-04, omega=1.357571e-05

--- Chunk 2711 (72/220) | Start: 2024-08-24 12:10:00 ---
    RMSE omega (GP): 0.017921 | RMSE omega (Sim): 0.063629
    Loss: 62.7322 | Epoch: 1667
    Eq omega: 0.001251 + 0.00001theta + -0.00031omega + -0.00001theta^2 + -0.00011theta omega + -0.00010omega^2
    Eq omega Phys: -6.7e-5*omega**2 - 2.0e-6*omega*theta + 4.8e-5*omega - 2.0e-6
    Diffusion: theta=8.974051e-04, omega=1.056985e-05

--- Chunk 2712 (73/220) | Start: 2024-08-24 12:15:00 ---
    RMSE omega (GP): 0.009830 | RMSE omega (Sim): 0.071315
    Loss: 12.2407 | Epoch: 2366
    Eq omega: 0.002961 + 0.00031theta + 0.00124omega + 0.00002theta^2 + -0.00025theta omega + 0.00052omega^2
    Eq omega Phys: 0.000297*omega**2 - 5.0e-6*omega*theta + 0.000107*omega + 3.0e-6
    Diffusion: theta=6.707280e-04, omega=3.771635e-05

--- Chunk 2713 (74/220) | Start: 2024-08-24 12:20:00 ---
    RMSE omega (GP): nan | RMSE omega (Sim): nan
    Loss: 85.8236 | Epoch: 57
    Eq omega: nan1 + nantheta + nanomega + nantheta^2 + nantheta omega + nanomega^2
    Eq omega Phys: N/A
    Diffusion: theta=nan, omega=nan

--- Chunk 2714 (75/220) | Start: 2024-08-24 12:25:00 ---
    RMSE omega (GP): 0.010663 | RMSE omega (Sim): 0.081638
    Loss: 6.0390 | Epoch: 774
    Eq omega: 0.003051 + -0.13321theta + -0.00014omega + 0.00076theta^2 + 0.00167theta omega + 0.00791omega^2
    Eq omega Phys: 0.003306*omega**2 + 2.3e-5*omega*theta - 6.4e-5*omega - 0.00015*theta + 0.000387
    Diffusion: theta=3.749421e-04, omega=4.142530e-05

--- Chunk 2715 (76/220) | Start: 2024-08-24 12:30:00 ---
    RMSE omega (GP): nan | RMSE omega (Sim): nan
    Loss: 276.3313 | Epoch: 41
    Eq omega: nan1 + nantheta + nanomega + nantheta^2 + nantheta omega + nanomega^2
    Eq omega Phys: N/A
    Diffusion: theta=nan, omega=nan

--- Chunk 2716 (77/220) | Start: 2024-08-24 12:35:00 ---
    RMSE omega (GP): nan | RMSE omega (Sim): nan
    Loss: 728.3995 | Epoch: 17
    Eq omega: nan1 + nantheta + nanomega + nantheta^2 + nantheta omega + nanomega^2
    Eq omega Phys: N/A
    Diffusion: theta=nan, omega=nan

--- Chunk 2717 (78/220) | Start: 2024-08-24 12:40:00 ---
    RMSE omega (GP): 0.008977 | RMSE omega (Sim): 0.091871
    Loss: 2.9383 | Epoch: 1547
    Eq omega: 0.000181 + 0.00002theta + -0.00078omega + 0.00029theta^2 + 0.00023theta omega + 0.00250omega^2
    Eq omega Phys: 0.001011*omega**2 + 3.0e-6*omega*theta - 7.4e-5*omega - 4.0e-6*theta + 3.1e-5
    Diffusion: theta=1.329881e-03, omega=3.567700e-05

--- Chunk 2718 (79/220) | Start: 2024-08-24 12:45:00 ---
    RMSE omega (GP): 0.010081 | RMSE omega (Sim): 0.097040
    Loss: 5.3298 | Epoch: 1419
    Eq omega: 0.000361 + -0.00002theta + 0.00139omega + 0.00018theta^2 + 0.00060theta omega + -0.00003omega^2
    Eq omega Phys: -1.3e-5*omega**2 + 9.0e-6*omega*theta - 8.3e-5*omega - 3.0e-6*theta + 2.1e-5
    Diffusion: theta=7.608833e-04, omega=2.793924e-05

--- Chunk 2719 (80/220) | Start: 2024-08-24 12:50:00 ---
    RMSE omega (GP): 0.010418 | RMSE omega (Sim): 0.082499
    Loss: 10.0327 | Epoch: 1298
    Eq omega: 0.008121 + 0.00308theta + -0.00201omega + 0.00066theta^2 + -0.00149theta omega + 0.00170omega^2
    Eq omega Phys: 0.000873*omega**2 - 2.6e-5*omega*theta - 0.000233*omega + 8.0e-6*theta + 5.6e-5
    Diffusion: theta=1.180854e-04, omega=3.454455e-05

--- Chunk 2720 (81/220) | Start: 2024-08-24 12:55:00 ---
    RMSE omega (GP): 0.014190 | RMSE omega (Sim): 0.092049
    Loss: 16.2552 | Epoch: 1565
    Eq omega: 0.006021 + -0.18120theta + -0.00866omega + 0.00163theta^2 + 0.00375theta omega + -0.04941omega^2
    Eq omega Phys: -0.022519*omega**2 + 5.7e-5*omega*theta - 0.001131*omega + 1.0e-6*theta**2 - 0.000226*theta + 0.00317
    Diffusion: theta=1.035500e-03, omega=4.665579e-05

--- Chunk 2721 (82/220) | Start: 2024-08-24 13:00:00 ---
    RMSE omega (GP): 0.009008 | RMSE omega (Sim): 0.099711
    Loss: 2.5539 | Epoch: 1437
    Eq omega: 0.015181 + -0.18667theta + -0.01182omega + -0.00382theta^2 + -0.00372theta omega + -0.00950omega^2
    Eq omega Phys: -0.003705*omega**2 - 4.8e-5*omega*theta - 0.000176*omega - 2.0e-6*theta**2 - 0.000192*theta + 0.000945
    Diffusion: theta=1.853357e-04, omega=5.482151e-05

--- Chunk 2722 (83/220) | Start: 2024-08-24 13:05:00 ---
    RMSE omega (GP): 0.009470 | RMSE omega (Sim): 0.069006
    Loss: 5.8577 | Epoch: 2059
    Eq omega: 0.025251 + -0.10198theta + 0.01244omega + 0.01828theta^2 + 0.00144theta omega + -0.00288omega^2
    Eq omega Phys: -0.001377*omega**2 + 2.3e-5*omega*theta + 0.000247*omega + 1.0e-5*theta**2 - 0.000255*theta + 0.001408
    Diffusion: theta=5.540706e-04, omega=2.579804e-05

--- Chunk 2723 (84/220) | Start: 2024-08-24 13:10:00 ---
    RMSE omega (GP): 0.010693 | RMSE omega (Sim): 0.131147
    Loss: 6.3175 | Epoch: 966
    Eq omega: -0.004891 + -0.34526theta + -0.00161omega + -0.01199theta^2 + -0.00076theta omega + -0.01265omega^2
    Eq omega Phys: -0.005471*omega**2 - 1.1e-5*omega*theta + 1.6e-5*omega - 6.0e-6*theta**2 - 0.00031*theta + 0.002206
    Diffusion: theta=4.747352e-04, omega=4.655843e-05

--- Chunk 2724 (85/220) | Start: 2024-08-24 13:15:00 ---
    RMSE omega (GP): 0.016952 | RMSE omega (Sim): 0.081787
    Loss: 7.9676 | Epoch: 2020
    Eq omega: -0.006651 + 0.00115theta + -0.01466omega + 0.00015theta^2 + 0.00024theta omega + 0.00006omega^2
    Eq omega Phys: 3.0e-5*omega**2 + 4.0e-6*omega*theta - 0.000443*omega + 3.0e-6*theta + 1.1e-5
    Diffusion: theta=4.277661e-04, omega=5.518824e-05

--- Chunk 2725 (86/220) | Start: 2024-08-24 13:20:00 ---
    RMSE omega (GP): 0.010176 | RMSE omega (Sim): 0.079358
    Loss: 4.9715 | Epoch: 1092
    Eq omega: -0.003881 + -0.00136theta + 0.00023omega + -0.00021theta^2 + 0.00141theta omega + 0.00272omega^2
    Eq omega Phys: 0.001152*omega**2 + 2.0e-5*omega*theta + 0.000146*omega - 3.0e-6*theta - 2.5e-5
    Diffusion: theta=7.701349e-04, omega=4.984118e-05

--- Chunk 2726 (87/220) | Start: 2024-08-24 13:25:00 ---
    RMSE omega (GP): 0.013014 | RMSE omega (Sim): 0.059309
    Loss: 11.0908 | Epoch: 1484
    Eq omega: -0.001631 + -0.07915theta + 0.00452omega + -0.00001theta^2 + 0.00025theta omega + 0.00106omega^2
    Eq omega Phys: 0.000477*omega**2 + 4.0e-6*omega*theta + 7.5e-5*omega - 8.8e-5*theta + 0.001767
    Diffusion: theta=1.034294e-03, omega=2.471463e-05

--- Chunk 2727 (88/220) | Start: 2024-08-24 13:30:00 ---
    RMSE omega (GP): 0.010340 | RMSE omega (Sim): 0.095069
    Loss: 3.2612 | Epoch: 1335
    Eq omega: 0.000571 + -0.00072theta + 0.00306omega + 0.00042theta^2 + -0.00194theta omega + -0.00031omega^2
    Eq omega Phys: -0.000111*omega**2 - 2.3e-5*omega*theta + 0.000169*omega - 2.0e-6*theta + 5.0e-6
    Diffusion: theta=2.338412e-03, omega=4.365551e-05

--- Chunk 2728 (89/220) | Start: 2024-08-24 13:35:00 ---
    RMSE omega (GP): 0.017587 | RMSE omega (Sim): 0.040827
    Loss: 108.4303 | Epoch: 1936
    Eq omega: 0.000731 + 0.00000theta + 0.00777omega + 0.00000theta^2 + -0.00002theta omega + 0.00012omega^2
    Eq omega Phys: 0.000106*omega**2 - 0.e-6*omega*theta + 0.000274*omega + 1.0e-6
    Diffusion: theta=4.883141e-04, omega=6.098313e-06

--- Chunk 2729 (90/220) | Start: 2024-08-24 13:40:00 ---
    RMSE omega (GP): 0.010036 | RMSE omega (Sim): 0.060052
    Loss: 14.0185 | Epoch: 1068
    Eq omega: 0.001161 + -0.00021theta + -0.00722omega + 0.00007theta^2 + 0.00045theta omega + -0.00195omega^2
    Eq omega Phys: -0.001177*omega**2 + 9.0e-6*omega*theta - 0.000339*omega - 1.0e-6*theta + 1.0e-5
    Diffusion: theta=2.804980e-03, omega=5.137457e-05

--- Chunk 2730 (91/220) | Start: 2024-08-24 13:45:00 ---
    RMSE omega (GP): 0.029959 | RMSE omega (Sim): 0.091520
    Loss: 78.7234 | Epoch: 93
    Eq omega: 0.000421 + -0.01553theta + -0.00009omega + -0.00012theta^2 + 0.00110theta omega + 0.00594omega^2
    Eq omega Phys: 0.002614*omega**2 + 1.6e-5*omega*theta - 0.000107*omega - 1.6e-5*theta + 0.00011
    Diffusion: theta=nan, omega=nan

--- Chunk 2731 (92/220) | Start: 2024-08-24 13:50:00 ---
    RMSE omega (GP): 0.012911 | RMSE omega (Sim): 0.056403
    Loss: 28.2358 | Epoch: 2103
    Eq omega: -0.001221 + -0.00159theta + -0.00385omega + 0.00023theta^2 + -0.00008theta omega + -0.00084omega^2
    Eq omega Phys: -0.000541*omega**2 - 2.0e-6*omega*theta - 0.000106*omega - 6.0e-6*theta + 5.0e-5
    Diffusion: theta=2.420481e-04, omega=2.145284e-05

--- Chunk 2732 (93/220) | Start: 2024-08-24 13:55:00 ---
    RMSE omega (GP): nan | RMSE omega (Sim): nan
    Loss: 1237.9596 | Epoch: 34
    Eq omega: nan1 + nantheta + nanomega + nantheta^2 + nantheta omega + nanomega^2
    Eq omega Phys: N/A
    Diffusion: theta=nan, omega=nan

--- Chunk 2733 (94/220) | Start: 2024-08-24 14:00:00 ---
    RMSE omega (GP): 0.012241 | RMSE omega (Sim): 0.099821
    Loss: 6.9474 | Epoch: 2478
    Eq omega: 0.001781 + -0.00076theta + 0.00142omega + 0.00002theta^2 + 0.00008theta omega + 0.00006omega^2
    Eq omega Phys: 2.4e-5*omega**2 + 1.0e-6*omega*theta + 2.5e-5*omega - 1.0e-6*theta + 2.7e-5
    Diffusion: theta=7.283786e-04, omega=3.621330e-05

--- Chunk 2734 (95/220) | Start: 2024-08-24 14:05:00 ---
    RMSE omega (GP): nan | RMSE omega (Sim): nan
    Loss: 386.9266 | Epoch: 60
    Eq omega: nan1 + nantheta + nanomega + nantheta^2 + nantheta omega + nanomega^2
    Eq omega Phys: N/A
    Diffusion: theta=nan, omega=nan

--- Chunk 2735 (96/220) | Start: 2024-08-24 14:10:00 ---
    RMSE omega (GP): 0.011389 | RMSE omega (Sim): 0.083754
    Loss: 28.0667 | Epoch: 1164
    Eq omega: 0.002601 + -0.00013theta + -0.00087omega + -0.00013theta^2 + 0.00062theta omega + 0.00122omega^2
    Eq omega Phys: 0.000877*omega**2 + 1.5e-5*omega*theta - 0.000222*omega + 3.0e-6*theta - 1.2e-5
    Diffusion: theta=3.359698e-04, omega=2.709823e-05

--- Chunk 2736 (97/220) | Start: 2024-08-24 14:15:00 ---
    RMSE omega (GP): 0.012544 | RMSE omega (Sim): 0.156644
    Loss: 10.5173 | Epoch: 1337
    Eq omega: -0.002231 + -0.00925theta + -0.00034omega + 0.00092theta^2 + 0.00025theta omega + -0.00113omega^2
    Eq omega Phys: -0.00049*omega**2 + 4.0e-6*omega*theta - 2.2e-5*omega - 1.3e-5*theta + 2.7e-5
    Diffusion: theta=5.979159e-04, omega=4.051002e-05

--- Chunk 2737 (98/220) | Start: 2024-08-24 14:20:00 ---
    RMSE omega (GP): 0.011730 | RMSE omega (Sim): 0.099739
    Loss: 11.1313 | Epoch: 1346
    Eq omega: -0.001271 + -0.00139theta + -0.00229omega + 0.00076theta^2 + 0.00384theta omega + 0.00115omega^2
    Eq omega Phys: 0.000544*omega**2 + 6.1e-5*omega*theta - 0.00014*omega - 2.0e-6*theta - 0.e-6
    Diffusion: theta=3.299896e-04, omega=5.159118e-05

--- Chunk 2738 (99/220) | Start: 2024-08-24 14:25:00 ---
    RMSE omega (GP): 0.010654 | RMSE omega (Sim): 0.064382
    Loss: 14.1871 | Epoch: 1995
    Eq omega: 0.002611 + -0.00045theta + 0.00095omega + -0.00081theta^2 + 0.00060theta omega + 0.00013omega^2
    Eq omega Phys: 7.5e-5*omega**2 + 1.1e-5*omega*theta + 0.000118*omega - 0.e-6*theta**2 - 8.0e-6*theta - 2.8e-5
    Diffusion: theta=3.198529e-04, omega=3.392419e-05

--- Chunk 2739 (100/220) | Start: 2024-08-24 14:30:00 ---
    RMSE omega (GP): 0.012990 | RMSE omega (Sim): 0.078990
    Loss: 11.5622 | Epoch: 1424
    Eq omega: 0.006681 + -0.00051theta + -0.00254omega + -0.00002theta^2 + 0.00073theta omega + -0.00100omega^2
    Eq omega Phys: -0.000431*omega**2 + 1.0e-5*omega*theta + 7.7e-5*omega - 0.e-6*theta + 6.0e-6
    Diffusion: theta=1.804133e-04, omega=5.671988e-05

  [Progress 100/220] Mean RMSE omega (GP): 0.014086 | (Sim): 0.089489 | Mean loss: -921.6815 | Valid GP: 81/100 | Valid Sim: 81/100 | Elapsed: 34.3min | ETA: 41.2min

--- Chunk 2740 (101/220) | Start: 2024-08-24 14:35:00 ---
    RMSE omega (GP): 0.011015 | RMSE omega (Sim): 0.100388
    Loss: 12.2262 | Epoch: 962
    Eq omega: 0.001181 + 0.00036theta + 0.01757omega + -0.00170theta^2 + -0.00061theta omega + 0.00158omega^2
    Eq omega Phys: 0.000821*omega**2 - 1.1e-5*omega*theta + 0.000632*omega - 0.e-6*theta**2 + 9.0e-6*theta - 1.8e-5
    Diffusion: theta=2.634957e-04, omega=4.802840e-05

--- Chunk 2741 (102/220) | Start: 2024-08-24 14:40:00 ---
    RMSE omega (GP): nan | RMSE omega (Sim): nan
    Loss: 149.1235 | Epoch: 52
    Eq omega: nan1 + nantheta + nanomega + nantheta^2 + nantheta omega + nanomega^2
    Eq omega Phys: N/A
    Diffusion: theta=nan, omega=nan

--- Chunk 2742 (103/220) | Start: 2024-08-24 14:45:00 ---
    RMSE omega (GP): 0.026463 | RMSE omega (Sim): 0.063216
    Loss: 64.7674 | Epoch: 196
    Eq omega: 0.009621 + -1.33145theta + -0.00253omega + -0.02492theta^2 + 0.54820theta omega + 0.00875omega^2
    Eq omega Phys: 0.003912*omega**2 + 0.00817*omega*theta + 0.01393*omega - 1.2e-5*theta**2 - 0.001522*theta - 0.00255
    Diffusion: theta=4.686146e-03, omega=8.951514e-06

--- Chunk 2743 (104/220) | Start: 2024-08-24 14:50:00 ---
    RMSE omega (GP): 0.008968 | RMSE omega (Sim): 0.063130
    Loss: 10.9727 | Epoch: 663
    Eq omega: -0.013471 + -1.83476theta + -0.02019omega + -0.02021theta^2 + 0.00443theta omega + 0.00818omega^2
    Eq omega Phys: 0.004805*omega**2 + 8.7e-5*omega*theta - 0.000521*omega - 1.3e-5*theta**2 - 0.002085*theta - 0.003642
    Diffusion: theta=2.007632e-03, omega=4.267935e-05

--- Chunk 2744 (105/220) | Start: 2024-08-24 14:55:00 ---
    RMSE omega (GP): 0.010014 | RMSE omega (Sim): 0.090733
    Loss: 6.3877 | Epoch: 1474
    Eq omega: -0.021031 + -0.00073theta + 0.00123omega + 0.00019theta^2 + -0.00013theta omega + 0.00042omega^2
    Eq omega Phys: 0.000189*omega**2 - 2.0e-6*omega*theta + 2.2e-5*omega + 1.0e-6*theta - 5.1e-5
    Diffusion: theta=1.712467e-03, omega=3.094310e-05

--- Chunk 2745 (106/220) | Start: 2024-08-24 15:00:00 ---
    RMSE omega (GP): nan | RMSE omega (Sim): nan
    Loss: 140.3704 | Epoch: 74
    Eq omega: nan1 + nantheta + nanomega + nantheta^2 + nantheta omega + nanomega^2
    Eq omega Phys: N/A
    Diffusion: theta=nan, omega=nan

--- Chunk 2746 (107/220) | Start: 2024-08-24 15:05:00 ---
    RMSE omega (GP): 0.013303 | RMSE omega (Sim): 0.099116
    Loss: 15.3624 | Epoch: 1642
    Eq omega: -0.002181 + -0.00060theta + 0.00536omega + -0.00134theta^2 + -0.00034theta omega + -0.00305omega^2
    Eq omega Phys: -0.001454*omega**2 - 5.0e-6*omega*theta + 0.000248*omega - 0.e-6*theta**2 + 1.8e-5*theta - 0.000114
    Diffusion: theta=2.115874e-04, omega=3.859487e-05

--- Chunk 2747 (108/220) | Start: 2024-08-24 15:10:00 ---
    RMSE omega (GP): 0.011445 | RMSE omega (Sim): 0.108053
    Loss: 19.0266 | Epoch: 1998
    Eq omega: 0.001721 + 0.00020theta + -0.00367omega + 0.00000theta^2 + 0.00023theta omega + -0.00017omega^2
    Eq omega Phys: -0.000104*omega**2 + 5.0e-6*omega*theta - 0.000185*omega
    Diffusion: theta=1.204281e-03, omega=3.930217e-05

--- Chunk 2748 (109/220) | Start: 2024-08-24 15:15:00 ---
    RMSE omega (GP): 0.012479 | RMSE omega (Sim): 0.138848
    Loss: 2.3681 | Epoch: 1451
    Eq omega: 0.000191 + 0.00141theta + -0.00556omega + -0.00038theta^2 + 0.00060theta omega + -0.00413omega^2
    Eq omega Phys: -0.001332*omega**2 + 6.0e-6*omega*theta - 0.000285*omega + 6.0e-6*theta - 5.6e-5
    Diffusion: theta=2.110297e-03, omega=4.527871e-05

--- Chunk 2749 (110/220) | Start: 2024-08-24 15:20:00 ---
    RMSE omega (GP): 0.009928 | RMSE omega (Sim): 0.058818
    Loss: 12.0529 | Epoch: 984
    Eq omega: 0.000201 + -0.00076theta + 0.00136omega + 0.00067theta^2 + 0.00033theta omega + -0.00042omega^2
    Eq omega Phys: -0.000239*omega**2 + 6.0e-6*omega*theta + 0.000102*omega + 7.0e-6*theta + 2.8e-5
    Diffusion: theta=2.923829e-04, omega=4.413116e-05

--- Chunk 2750 (111/220) | Start: 2024-08-24 15:25:00 ---
    RMSE omega (GP): nan | RMSE omega (Sim): nan
    Loss: 9109.7676 | Epoch: 19
    Eq omega: nan1 + nantheta + nanomega + nantheta^2 + nantheta omega + nanomega^2
    Eq omega Phys: N/A
    Diffusion: theta=nan, omega=nan

--- Chunk 2751 (112/220) | Start: 2024-08-24 15:30:00 ---
    RMSE omega (GP): 0.013070 | RMSE omega (Sim): 0.073209
    Loss: 16.9105 | Epoch: 823
    Eq omega: 0.001681 + -0.00423theta + 0.00903omega + 0.02008theta^2 + 0.00092theta omega + 0.00271omega^2
    Eq omega Phys: 0.001373*omega**2 + 1.6e-5*omega*theta + 0.000234*omega + 1.1e-5*theta**2 - 0.000102*theta + 0.000233
    Diffusion: theta=1.417072e-03, omega=2.472748e-05

--- Chunk 2752 (113/220) | Start: 2024-08-24 15:35:00 ---
    RMSE omega (GP): 0.013149 | RMSE omega (Sim): 0.107773
    Loss: 22.3109 | Epoch: 1190
    Eq omega: 0.000051 + 0.00280theta + 0.00187omega + 0.00132theta^2 + -0.00494theta omega + -0.00110omega^2
    Eq omega Phys: -0.000618*omega**2 - 9.3e-5*omega*theta + 0.000173*omega + 1.0e-6*theta**2 + 1.0e-6*theta - 2.0e-6
    Diffusion: theta=4.624198e-04, omega=4.590609e-05

--- Chunk 2753 (114/220) | Start: 2024-08-24 15:40:00 ---
    RMSE omega (GP): 0.010241 | RMSE omega (Sim): 0.069702
    Loss: 7.7851 | Epoch: 1317
    Eq omega: 0.051541 + -1.00018theta + -0.01069omega + 0.00789theta^2 + -0.00156theta omega + 0.00507omega^2
    Eq omega Phys: 0.00244*omega**2 - 2.5e-5*omega*theta - 0.000361*omega + 4.0e-6*theta**2 - 0.00111*theta - 9.8e-5
    Diffusion: theta=nan, omega=nan

--- Chunk 2754 (115/220) | Start: 2024-08-24 15:45:00 ---
    RMSE omega (GP): 0.012278 | RMSE omega (Sim): 0.070953
    Loss: 2.1319 | Epoch: 1584
    Eq omega: -0.062621 + -0.61147theta + -0.66106omega + -0.14456theta^2 + -0.40865theta omega + 0.00624omega^2
    Eq omega Phys: 0.001767*omega**2 - 0.003857*omega*theta - 0.094744*omega - 4.5e-5*theta**2 - 0.002394*theta - 0.029215
    Diffusion: theta=1.109428e-03, omega=3.315990e-05

--- Chunk 2755 (116/220) | Start: 2024-08-24 15:50:00 ---
    RMSE omega (GP): 0.010087 | RMSE omega (Sim): 0.144592
    Loss: 0.4683 | Epoch: 2043
    Eq omega: 0.000471 + 0.00373theta + 0.00385omega + -0.00002theta^2 + -0.00084theta omega + 0.00106omega^2
    Eq omega Phys: 0.000314*omega**2 - 8.0e-6*omega*theta + 0.000115*omega + 4.0e-6*theta + 9.0e-6
    Diffusion: theta=3.647094e-04, omega=3.869629e-05

--- Chunk 2756 (117/220) | Start: 2024-08-24 15:55:00 ---
    RMSE omega (GP): 0.012082 | RMSE omega (Sim): 0.146272
    Loss: 11.3843 | Epoch: 1576
    Eq omega: -0.000151 + 0.00031theta + -0.00225omega + 0.00004theta^2 + -0.00005theta omega + -0.00027omega^2
    Eq omega Phys: -0.000127*omega**2 - 0.e-6*omega*theta - 8.9e-5*omega + 1.0e-6*theta + 1.2e-5
    Diffusion: theta=1.400496e-03, omega=3.010812e-05

--- Chunk 2757 (118/220) | Start: 2024-08-24 16:00:00 ---
    RMSE omega (GP): 0.011803 | RMSE omega (Sim): 0.113620
    Loss: 2.7888 | Epoch: 1890
    Eq omega: -0.000171 + -0.21407theta + -0.01400omega + -0.00053theta^2 + -0.00301theta omega + 0.00877omega^2
    Eq omega Phys: 0.002775*omega**2 - 3.2e-5*omega*theta - 0.000763*omega - 0.000241*theta - 0.002235
    Diffusion: theta=3.410130e-04, omega=4.751806e-05

--- Chunk 2758 (119/220) | Start: 2024-08-24 16:05:00 ---
    RMSE omega (GP): 0.013493 | RMSE omega (Sim): 0.111755
    Loss: 9.9637 | Epoch: 1089
    Eq omega: 0.001151 + 0.00006theta + -0.00154omega + 0.00005theta^2 + -0.00030theta omega + 0.00060omega^2
    Eq omega Phys: 0.000238*omega**2 - 4.0e-6*omega*theta - 6.2e-5*omega + 4.0e-6
    Diffusion: theta=2.271564e-03, omega=3.877685e-05

--- Chunk 2759 (120/220) | Start: 2024-08-24 16:10:00 ---
    RMSE omega (GP): 0.011145 | RMSE omega (Sim): 0.163728
    Loss: 3.0043 | Epoch: 967
    Eq omega: -0.001421 + -0.45414theta + -0.01589omega + -0.00175theta^2 + 0.00494theta omega + 0.01365omega^2
    Eq omega Phys: 0.004529*omega**2 + 5.5e-5*omega*theta + 1.2e-5*omega - 0.e-6*theta**2 - 0.000517*theta - 0.005075
    Diffusion: theta=1.276460e-03, omega=3.893073e-05

--- Chunk 2760 (121/220) | Start: 2024-08-24 16:15:00 ---
    RMSE omega (GP): 0.011304 | RMSE omega (Sim): 0.134858
    Loss: 3.0196 | Epoch: 780
    Eq omega: -0.014451 + -1.26678theta + -0.00861omega + 0.00061theta^2 + 0.00241theta omega + -0.00265omega^2
    Eq omega Phys: -0.000885*omega**2 + 2.7e-5*omega*theta - 0.000128*omega - 0.001405*theta - 0.008355
    Diffusion: theta=1.154248e-03, omega=3.378033e-05

--- Chunk 2761 (122/220) | Start: 2024-08-24 16:20:00 ---
    RMSE omega (GP): 0.009961 | RMSE omega (Sim): 0.130563
    Loss: 1.9537 | Epoch: 1885
    Eq omega: -0.043521 + -0.91905theta + -0.02138omega + 0.25687theta^2 + -0.01431theta omega + -0.08878omega^2
    Eq omega Phys: -0.030656*omega**2 - 0.000165*omega*theta - 0.001261*omega + 9.9e-5*theta**2 - 0.000365*theta - 0.002446
    Diffusion: theta=8.763674e-04, omega=3.872320e-05

--- Chunk 2762 (123/220) | Start: 2024-08-24 16:25:00 ---
    RMSE omega (GP): 0.014084 | RMSE omega (Sim): 0.066867
    Loss: 20.3258 | Epoch: 1527
    Eq omega: 0.000071 + -0.00337theta + 0.00500omega + 0.00011theta^2 + -0.00020theta omega + 0.00092omega^2
    Eq omega Phys: 0.000463*omega**2 - 3.0e-6*omega*theta + 0.000128*omega - 2.0e-6*theta - 3.5e-5
    Diffusion: theta=4.200853e-04, omega=5.046199e-05

--- Chunk 2763 (124/220) | Start: 2024-08-24 16:30:00 ---
    RMSE omega (GP): 0.013074 | RMSE omega (Sim): 0.094651
    Loss: 13.7390 | Epoch: 1224
    Eq omega: -0.088581 + -1.26321theta + -0.12108omega + 0.01088theta^2 + -0.12361theta omega + 0.02526omega^2
    Eq omega Phys: 0.011708*omega**2 - 0.00191*omega*theta - 0.010944*omega + 6.0e-6*theta**2 - 0.001363*theta - 0.005216
    Diffusion: theta=4.939890e-04, omega=4.088012e-05

--- Chunk 2764 (125/220) | Start: 2024-08-24 16:35:00 ---
    RMSE omega (GP): 0.011859 | RMSE omega (Sim): nan
    Loss: 12.0892 | Epoch: 1050
    Eq omega: 1.264291 + -0.78687theta + -0.00397omega + -0.91300theta^2 + 0.00710theta omega + 0.05806omega^2
    Eq omega Phys: 0.028137*omega**2 + 0.000115*omega*theta - 0.000444*omega - 0.000492*theta**2 + 0.0018*theta + 0.00164
    Diffusion: theta=7.065785e-04, omega=3.471605e-05

--- Chunk 2765 (126/220) | Start: 2024-08-24 16:40:00 ---
    RMSE omega (GP): 0.013259 | RMSE omega (Sim): 0.124899
    Loss: 8.5195 | Epoch: 1488
    Eq omega: 0.008521 + -1.28489theta + -0.02917omega + -0.14904theta^2 + 0.10329theta omega + 0.03910omega^2
    Eq omega Phys: 0.014838*omega**2 + 0.001307*omega*theta - 0.006851*omega - 6.3e-5*theta**2 - 0.000862*theta + 0.005176
    Diffusion: theta=6.620360e-04, omega=6.126394e-05

--- Chunk 2766 (127/220) | Start: 2024-08-24 16:45:00 ---
    RMSE omega (GP): nan | RMSE omega (Sim): nan
    Loss: 228.5381 | Epoch: 45
    Eq omega: nan1 + nantheta + nanomega + nantheta^2 + nantheta omega + nanomega^2
    Eq omega Phys: N/A
    Diffusion: theta=nan, omega=nan

--- Chunk 2767 (128/220) | Start: 2024-08-24 16:50:00 ---
    RMSE omega (GP): 0.013883 | RMSE omega (Sim): 0.105228
    Loss: 5.7737 | Epoch: 1026
    Eq omega: -0.001941 + -0.00023theta + -0.00415omega + -0.00006theta^2 + 0.00016theta omega + -0.00175omega^2
    Eq omega Phys: -0.000555*omega**2 + 2.0e-6*omega*theta - 0.000104*omega - 1.0e-6*theta - 2.1e-5
    Diffusion: theta=9.044592e-04, omega=5.217961e-05

--- Chunk 2768 (129/220) | Start: 2024-08-24 16:55:00 ---
    RMSE omega (GP): 0.011256 | RMSE omega (Sim): 0.102659
    Loss: 3.9580 | Epoch: 893
    Eq omega: 0.000101 + 0.00059theta + 0.00227omega + -0.00062theta^2 + -0.00048theta omega + -0.00515omega^2
    Eq omega Phys: -0.001826*omega**2 - 6.0e-6*omega*theta + 7.3e-5*omega + 1.0e-6
    Diffusion: theta=2.279848e-04, omega=5.847207e-05

--- Chunk 2769 (130/220) | Start: 2024-08-24 17:00:00 ---
    RMSE omega (GP): 0.012078 | RMSE omega (Sim): 0.089030
    Loss: 9.2772 | Epoch: 847
    Eq omega: 0.015221 + -1.20461theta + -0.04703omega + 0.01802theta^2 + -0.03878theta omega + -0.04619omega^2
    Eq omega Phys: -0.020148*omega**2 - 0.000564*omega*theta - 0.002918*omega + 9.0e-6*theta**2 - 0.001297*theta - 0.003117
    Diffusion: theta=2.130069e-04, omega=3.850031e-05

--- Chunk 2770 (131/220) | Start: 2024-08-24 17:05:00 ---
    RMSE omega (GP): nan | RMSE omega (Sim): nan
    Loss: 30.9127 | Epoch: 95
    Eq omega: nan1 + nantheta + nanomega + nantheta^2 + nantheta omega + nanomega^2
    Eq omega Phys: N/A
    Diffusion: theta=nan, omega=nan

--- Chunk 2771 (132/220) | Start: 2024-08-24 17:10:00 ---
    RMSE omega (GP): 0.010781 | RMSE omega (Sim): 0.105228
    Loss: 2.9797 | Epoch: 1641
    Eq omega: -0.005221 + 0.00036theta + -0.01555omega + 0.00059theta^2 + 0.00036theta omega + 0.00046omega^2
    Eq omega Phys: 0.000154*omega**2 + 4.0e-6*omega*theta - 0.000475*omega + 5.0e-6*theta + 1.3e-5
    Diffusion: theta=7.265370e-04, omega=8.447310e-05

--- Chunk 2772 (133/220) | Start: 2024-08-24 17:15:00 ---
    RMSE omega (GP): 0.012434 | RMSE omega (Sim): 0.111960
    Loss: 7.5783 | Epoch: 1007
    Eq omega: -0.003481 + -0.85849theta + 0.01015omega + -0.04612theta^2 + 0.23559theta omega + -0.01052omega^2
    Eq omega Phys: -0.004095*omega**2 + 0.003057*omega*theta - 0.012442*omega - 2.0e-5*theta**2 - 0.000787*theta + 0.003629
    Diffusion: theta=2.072851e-03, omega=4.953309e-05

--- Chunk 2773 (134/220) | Start: 2024-08-24 17:20:00 ---
    RMSE omega (GP): 0.011041 | RMSE omega (Sim): 0.093279
    Loss: 5.6291 | Epoch: 1232
    Eq omega: -0.000561 + -0.00481theta + -0.00017omega + 0.00076theta^2 + 0.00110theta omega + -0.00263omega^2
    Eq omega Phys: -0.001056*omega**2 + 1.5e-5*omega*theta + 0.000146*omega + 2.0e-6*theta - 2.1e-5
    Diffusion: theta=1.686407e-03, omega=4.765422e-05

--- Chunk 2774 (135/220) | Start: 2024-08-24 17:25:00 ---
    RMSE omega (GP): 0.012215 | RMSE omega (Sim): 0.069613
    Loss: 15.4116 | Epoch: 1109
    Eq omega: -0.000221 + -0.00032theta + -0.00079omega + -0.00011theta^2 + 0.00045theta omega + 0.00010omega^2
    Eq omega Phys: 5.2e-5*omega**2 + 8.0e-6*omega*theta + 2.1e-5*omega - 1.0e-6*theta - 5.0e-6
    Diffusion: theta=9.757283e-05, omega=2.847839e-05

--- Chunk 2775 (136/220) | Start: 2024-08-24 17:30:00 ---
    RMSE omega (GP): 0.012874 | RMSE omega (Sim): 0.096945
    Loss: 7.1761 | Epoch: 689
    Eq omega: -0.010571 + -0.08670theta + 0.00062omega + 0.00252theta^2 + -0.00563theta omega + 0.00245omega^2
    Eq omega Phys: 0.000901*omega**2 - 6.9e-5*omega*theta + 0.000383*omega + 1.0e-6*theta**2 - 0.000107*theta + 0.000502
    Diffusion: theta=3.197734e-03, omega=4.934819e-05

--- Chunk 2776 (137/220) | Start: 2024-08-24 17:35:00 ---
    RMSE omega (GP): 0.010723 | RMSE omega (Sim): 0.072528
    Loss: 6.6279 | Epoch: 853
    Eq omega: 0.007061 + -0.00141theta + 0.00420omega + -0.03602theta^2 + -0.00046theta omega + 0.02029omega^2
    Eq omega Phys: 0.008655*omega**2 - 7.0e-6*omega*theta + 0.000158*omega - 1.7e-5*theta**2 + 9.0e-5*theta - 0.0001
    Diffusion: theta=nan, omega=nan

--- Chunk 2777 (138/220) | Start: 2024-08-24 17:40:00 ---
    RMSE omega (GP): 0.039085 | RMSE omega (Sim): 0.046932
    Loss: 160.7648 | Epoch: 139
    Eq omega: 0.184831 + -0.00445theta + 0.00249omega + 0.00009theta^2 + 0.00005theta omega + -0.00094omega^2
    Eq omega Phys: -0.000437*omega**2 + 1.0e-6*omega*theta + 9.5e-5*omega - 3.0e-6*theta + 0.000376
    Diffusion: theta=1.155484e-03, omega=2.174253e-06

--- Chunk 2778 (139/220) | Start: 2024-08-24 17:45:00 ---
    RMSE omega (GP): 0.011229 | RMSE omega (Sim): 0.084817
    Loss: 6.7562 | Epoch: 1625
    Eq omega: -0.001661 + -0.00122theta + -0.00073omega + 0.00013theta^2 + -0.00004theta omega + -0.00038omega^2
    Eq omega Phys: -0.000156*omega**2 - 0.e-6*omega*theta - 2.5e-5*omega - 1.0e-6*theta - 7.0e-6
    Diffusion: theta=5.566325e-04, omega=4.399384e-05

--- Chunk 2779 (140/220) | Start: 2024-08-24 17:50:00 ---
    RMSE omega (GP): 0.012582 | RMSE omega (Sim): 0.066965
    Loss: 8.2271 | Epoch: 979
    Eq omega: -0.004451 + -0.31674theta + -0.00458omega + -0.00055theta^2 + -0.01534theta omega + 0.00088omega^2
    Eq omega Phys: 0.000351*omega**2 - 0.000204*omega*theta + 0.000807*omega - 0.00035*theta + 0.001637
    Diffusion: theta=7.549861e-04, omega=4.445698e-05

--- Chunk 2780 (141/220) | Start: 2024-08-24 17:55:00 ---
    RMSE omega (GP): 0.012082 | RMSE omega (Sim): 0.126922
    Loss: 4.6383 | Epoch: 1838
    Eq omega: 0.001941 + -0.00104theta + -0.00084omega + 0.00116theta^2 + -0.00043theta omega + -0.00066omega^2
    Eq omega Phys: -0.000224*omega**2 - 5.0e-6*omega*theta - 8.7e-5*omega + 1.0e-5*theta + 5.7e-5
    Diffusion: theta=1.026327e-03, omega=6.769111e-05

--- Chunk 2781 (142/220) | Start: 2024-08-24 18:00:00 ---
    RMSE omega (GP): 0.012805 | RMSE omega (Sim): 0.060858
    Loss: 2.3887 | Epoch: 2140
    Eq omega: 0.001531 + -0.12344theta + 0.00761omega + 0.00051theta^2 + -0.00061theta omega + -0.00310omega^2
    Eq omega Phys: -0.000868*omega**2 - 6.0e-6*omega*theta + 0.000162*omega - 0.000132*theta - 0.002171
    Diffusion: theta=3.770212e-04, omega=5.497992e-05

--- Chunk 2782 (143/220) | Start: 2024-08-24 18:05:00 ---
    RMSE omega (GP): nan | RMSE omega (Sim): nan
    Loss: 19364.6270 | Epoch: 5
    Eq omega: nan1 + nantheta + nanomega + nantheta^2 + nantheta omega + nanomega^2
    Eq omega Phys: N/A
    Diffusion: theta=nan, omega=nan

--- Chunk 2783 (144/220) | Start: 2024-08-24 18:10:00 ---
    RMSE omega (GP): 0.017410 | RMSE omega (Sim): 0.150083
    Loss: 5.3294 | Epoch: 1559
    Eq omega: -0.002301 + -0.00010theta + -0.00443omega + -0.00015theta^2 + 0.00123theta omega + 0.00058omega^2
    Eq omega Phys: 0.000233*omega**2 + 1.6e-5*omega*theta - 0.000304*omega + 1.0e-6*theta - 1.1e-5
    Diffusion: theta=3.900293e-04, omega=5.139115e-05

--- Chunk 2784 (145/220) | Start: 2024-08-24 18:15:00 ---
    RMSE omega (GP): 0.014653 | RMSE omega (Sim): 0.123585
    Loss: 13.8885 | Epoch: 878
    Eq omega: 0.004081 + -0.93984theta + 0.00633omega + 0.01061theta^2 + 0.00053theta omega + 0.00049omega^2
    Eq omega Phys: 0.000203*omega**2 + 7.0e-6*omega*theta + 0.00019*omega + 5.0e-6*theta**2 - 0.001073*theta + 0.003077
    Diffusion: theta=7.421064e-04, omega=6.064591e-05

--- Chunk 2785 (146/220) | Start: 2024-08-24 18:20:00 ---
    RMSE omega (GP): 0.014730 | RMSE omega (Sim): 0.161363
    Loss: 3.7877 | Epoch: 1368
    Eq omega: 0.001461 + -0.29988theta + 0.00470omega + 0.01485theta^2 + -0.00224theta omega + -0.00177omega^2
    Eq omega Phys: -0.000508*omega**2 - 2.1e-5*omega*theta + 6.1e-5*omega + 5.0e-6*theta**2 - 0.000291*theta - 0.001382
    Diffusion: theta=3.537738e-04, omega=5.071504e-05

--- Chunk 2786 (147/220) | Start: 2024-08-24 18:25:00 ---
    RMSE omega (GP): 0.013094 | RMSE omega (Sim): 0.127185
    Loss: 8.1529 | Epoch: 1214
    Eq omega: -0.002661 + -0.00065theta + -0.00062omega + -0.00123theta^2 + 0.00095theta omega + -0.00050omega^2
    Eq omega Phys: -0.000193*omega**2 + 1.2e-5*omega*theta - 0.000127*omega - 0.e-6*theta**2 + 8.0e-6*theta - 4.1e-5
    Diffusion: theta=2.332276e-04, omega=3.287587e-05

--- Chunk 2787 (148/220) | Start: 2024-08-24 18:30:00 ---
    RMSE omega (GP): nan | RMSE omega (Sim): nan
    Loss: 1215.2466 | Epoch: 17
    Eq omega: nan1 + nantheta + nanomega + nantheta^2 + nantheta omega + nanomega^2
    Eq omega Phys: N/A
    Diffusion: theta=nan, omega=nan

--- Chunk 2788 (149/220) | Start: 2024-08-24 18:35:00 ---
    RMSE omega (GP): 0.011997 | RMSE omega (Sim): 0.105372
    Loss: 13.7374 | Epoch: 1244
    Eq omega: 0.001931 + 0.00102theta + 0.00062omega + 0.00157theta^2 + 0.00002theta omega + -0.00454omega^2
    Eq omega Phys: -0.002302*omega**2 + 2.0e-5*omega + 1.0e-6*theta**2 - 0.e-6*theta + 4.0e-6
    Diffusion: theta=1.436489e-03, omega=3.514946e-05

--- Chunk 2789 (150/220) | Start: 2024-08-24 18:40:00 ---
    RMSE omega (GP): 0.009181 | RMSE omega (Sim): 0.105403
    Loss: 1.0770 | Epoch: 786
    Eq omega: -0.010641 + -0.02340theta + 0.00196omega + -0.00202theta^2 + 0.00312theta omega + 0.00582omega^2
    Eq omega Phys: 0.001968*omega**2 + 3.5e-5*omega*theta + 0.00014*omega - 0.e-6*theta**2 - 2.9e-5*theta - 9.4e-5
    Diffusion: theta=5.901047e-04, omega=5.889088e-05

  [Progress 150/220] Mean RMSE omega (GP): 0.013722 | (Sim): 0.093742 | Mean loss: -409.0456 | Valid GP: 124/150 | Valid Sim: 123/150 | Elapsed: 51.7min | ETA: 24.1min

--- Chunk 2790 (151/220) | Start: 2024-08-24 18:45:00 ---
    RMSE omega (GP): 0.011453 | RMSE omega (Sim): 0.125724
    Loss: 5.6347 | Epoch: 1431
    Eq omega: -0.003181 + -0.00330theta + 0.00973omega + -0.00482theta^2 + -0.00419theta omega + -0.00755omega^2
    Eq omega Phys: -0.002858*omega**2 - 5.3e-5*omega*theta + 0.000644*omega - 2.0e-6*theta**2 + 2.1e-5*theta - 6.1e-5
    Diffusion: theta=2.266996e-03, omega=4.619294e-05

--- Chunk 2791 (152/220) | Start: 2024-08-24 18:50:00 ---
    RMSE omega (GP): nan | RMSE omega (Sim): nan
    Loss: 86.6075 | Epoch: 63
    Eq omega: nan1 + nantheta + nanomega + nantheta^2 + nantheta omega + nanomega^2
    Eq omega Phys: N/A
    Diffusion: theta=nan, omega=nan

--- Chunk 2792 (153/220) | Start: 2024-08-24 18:55:00 ---
    RMSE omega (GP): 0.009900 | RMSE omega (Sim): 0.203194
    Loss: 1.7316 | Epoch: 1392
    Eq omega: -0.025531 + -0.47809theta + 0.01117omega + 0.19383theta^2 + -0.00217theta omega + 0.00941omega^2
    Eq omega Phys: 0.003285*omega**2 - 2.5e-5*omega*theta + 0.000101*omega + 7.5e-5*theta**2 + 0.001082*theta + 0.002871
    Diffusion: theta=1.919825e-04, omega=3.362144e-05

--- Chunk 2793 (154/220) | Start: 2024-08-24 19:00:00 ---
    RMSE omega (GP): 0.012309 | RMSE omega (Sim): 0.100467
    Loss: 13.3406 | Epoch: 1036
    Eq omega: -0.000431 + 0.00041theta + -0.00309omega + 0.00001theta^2 + -0.00032theta omega + 0.00073omega^2
    Eq omega Phys: 0.000346*omega**2 - 5.0e-6*omega*theta - 6.0e-5*omega - 5.0e-6
    Diffusion: theta=3.527960e-04, omega=7.383827e-05

--- Chunk 2794 (155/220) | Start: 2024-08-24 19:05:00 ---
    RMSE omega (GP): 0.012408 | RMSE omega (Sim): 0.160599
    Loss: 8.7995 | Epoch: 1436
    Eq omega: 0.010411 + 0.00065theta + 0.00240omega + -0.00065theta^2 + 0.00372theta omega + -0.00000omega^2
    Eq omega Phys: 5.1e-5*omega*theta - 0.000248*omega + 5.0e-6*theta + 1.1e-5
    Diffusion: theta=3.484656e-04, omega=6.457653e-05

--- Chunk 2795 (156/220) | Start: 2024-08-24 19:10:00 ---
    RMSE omega (GP): 0.009971 | RMSE omega (Sim): 0.113737
    Loss: 2.9737 | Epoch: 1586
    Eq omega: 0.002161 + -1.54385theta + -0.01069omega + 0.10925theta^2 + -0.18062theta omega + -0.04187omega^2
    Eq omega Phys: -0.015288*omega**2 - 0.002198*omega*theta - 0.009027*omega + 4.4e-5*theta**2 - 0.001366*theta - 0.00607
    Diffusion: theta=1.261378e-03, omega=3.317586e-05

--- Chunk 2796 (157/220) | Start: 2024-08-24 19:15:00 ---
    RMSE omega (GP): 0.035657 | RMSE omega (Sim): 0.186241
    Loss: 113.9872 | Epoch: 28
    Eq omega: 0.000721 + -0.01049theta + -0.00284omega + -0.00582theta^2 + 0.00516theta omega + 0.00123omega^2
    Eq omega Phys: 0.000525*omega**2 + 7.3e-5*omega*theta - 7.7e-5*omega - 3.0e-6*theta**2 - 1.3e-5*theta - 1.0e-6
    Diffusion: theta=2.060508e-03, omega=2.005629e-05

--- Chunk 2797 (158/220) | Start: 2024-08-24 19:20:00 ---
    RMSE omega (GP): 0.015807 | RMSE omega (Sim): 0.139854
    Loss: 17.2408 | Epoch: 1283
    Eq omega: -0.004361 + -1.76630theta + -0.00941omega + -0.01195theta^2 + -0.00194theta omega + 0.16292omega^2
    Eq omega Phys: 0.068783*omega**2 - 2.7e-5*omega*theta - 0.000242*omega - 6.0e-6*theta**2 - 0.001933*theta + 0.005136
    Diffusion: theta=7.352829e-04, omega=4.953046e-05

--- Chunk 2798 (159/220) | Start: 2024-08-24 19:25:00 ---
    RMSE omega (GP): nan | RMSE omega (Sim): nan
    Loss: 306.2812 | Epoch: 22
    Eq omega: nan1 + nantheta + nanomega + nantheta^2 + nantheta omega + nanomega^2
    Eq omega Phys: N/A
    Diffusion: theta=nan, omega=nan

--- Chunk 2799 (160/220) | Start: 2024-08-24 19:30:00 ---
    RMSE omega (GP): 0.011969 | RMSE omega (Sim): 0.056208
    Loss: 33.6121 | Epoch: 2485
    Eq omega: -0.012011 + -2.55135theta + 0.04286omega + 0.09595theta^2 + 0.01047theta omega + 0.04544omega^2
    Eq omega Phys: 0.033779*omega**2 + 0.000259*omega*theta + 0.001268*omega + 7.9e-5*theta**2 - 0.002933*theta + 0.001767
    Diffusion: theta=1.561478e-03, omega=1.685072e-05

--- Chunk 2800 (161/220) | Start: 2024-08-24 19:35:00 ---
    RMSE omega (GP): nan | RMSE omega (Sim): nan
    Loss: 186.8376 | Epoch: 26
    Eq omega: nan1 + nantheta + nanomega + nantheta^2 + nantheta omega + nanomega^2
    Eq omega Phys: N/A
    Diffusion: theta=nan, omega=nan

--- Chunk 2801 (162/220) | Start: 2024-08-24 19:40:00 ---
    RMSE omega (GP): 0.011272 | RMSE omega (Sim): 0.095386
    Loss: 5.9917 | Epoch: 1209
    Eq omega: 0.008991 + -0.74480theta + 0.04363omega + 0.00528theta^2 + -0.00850theta omega + -0.01358omega^2
    Eq omega Phys: -0.005539*omega**2 - 0.000116*omega*theta + 0.001469*omega + 2.0e-6*theta**2 - 0.000828*theta + 0.000132
    Diffusion: theta=1.129724e-03, omega=4.159728e-05

--- Chunk 2802 (163/220) | Start: 2024-08-24 19:45:00 ---
    RMSE omega (GP): nan | RMSE omega (Sim): nan
    Loss: 494.7142 | Epoch: 21
    Eq omega: nan1 + nantheta + nanomega + nantheta^2 + nantheta omega + nanomega^2
    Eq omega Phys: N/A
    Diffusion: theta=nan, omega=nan

--- Chunk 2803 (164/220) | Start: 2024-08-24 19:50:00 ---
    RMSE omega (GP): 0.016553 | RMSE omega (Sim): 0.130927
    Loss: 2.5127 | Epoch: 1005
    Eq omega: 0.003271 + -0.00040theta + -0.00094omega + 0.00037theta^2 + 0.00023theta omega + -0.00014omega^2
    Eq omega Phys: -4.5e-5*omega**2 + 2.0e-6*omega*theta - 6.3e-5*omega - 4.0e-6*theta + 3.8e-5
    Diffusion: theta=4.622846e-04, omega=5.094606e-05

--- Chunk 2804 (165/220) | Start: 2024-08-24 19:55:00 ---
    RMSE omega (GP): 0.012214 | RMSE omega (Sim): 0.083964
    Loss: 10.4222 | Epoch: 1574
    Eq omega: 0.004111 + -0.55531theta + 0.01342omega + -0.00516theta^2 + 0.00208theta omega + -0.00055omega^2
    Eq omega Phys: -0.000246*omega**2 + 3.1e-5*omega*theta + 0.00048*omega - 3.0e-6*theta**2 - 0.000622*theta - 0.000638
    Diffusion: theta=3.792387e-04, omega=4.408286e-05

--- Chunk 2805 (166/220) | Start: 2024-08-24 20:00:00 ---
    RMSE omega (GP): 0.040681 | RMSE omega (Sim): 0.108408
    Loss: 85.4548 | Epoch: 49
    Eq omega: -0.014961 + -0.03798theta + 0.00491omega + 0.00012theta^2 + -0.01460theta omega + -0.00226omega^2
    Eq omega Phys: -0.000696*omega**2 - 0.00015*omega*theta + 0.001928*omega - 4.3e-5*theta + 0.000449
    Diffusion: theta=9.899120e-03, omega=1.263102e-05

--- Chunk 2806 (167/220) | Start: 2024-08-24 20:05:00 ---
    RMSE omega (GP): 0.041043 | RMSE omega (Sim): 0.054597
    Loss: 95.4690 | Epoch: 557
    Eq omega: -0.000451 + -0.18659theta + 0.00375omega + -0.00100theta^2 + 0.00289theta omega + 0.01984omega^2
    Eq omega Phys: 0.006669*omega**2 + 3.2e-5*omega*theta - 8.2e-5*omega - 0.000203*theta + 0.00131
    Diffusion: theta=1.381189e-01, omega=1.670168e-04

--- Chunk 2807 (168/220) | Start: 2024-08-24 20:10:00 ---
    RMSE omega (GP): 0.011291 | RMSE omega (Sim): 0.109785
    Loss: 7.3943 | Epoch: 2097
    Eq omega: -0.003091 + -0.00103theta + 0.00078omega + 0.00003theta^2 + -0.00024theta omega + 0.00150omega^2
    Eq omega Phys: 0.00064*omega**2 - 3.0e-6*omega*theta - 2.3e-5*omega - 0.e-6*theta - 2.1e-5
    Diffusion: theta=2.568176e-04, omega=3.512999e-05

--- Chunk 2808 (169/220) | Start: 2024-08-24 20:15:00 ---
    RMSE omega (GP): nan | RMSE omega (Sim): nan
    Loss: 207.4447 | Epoch: 20
    Eq omega: nan1 + nantheta + nanomega + nantheta^2 + nantheta omega + nanomega^2
    Eq omega Phys: N/A
    Diffusion: theta=nan, omega=nan

--- Chunk 2809 (170/220) | Start: 2024-08-24 20:20:00 ---
    RMSE omega (GP): 0.036944 | RMSE omega (Sim): 0.135233
    Loss: 58.9884 | Epoch: 30
    Eq omega: -0.001801 + -0.00472theta + 0.00415omega + -0.00086theta^2 + 0.00008theta omega + -0.00095omega^2
    Eq omega Phys: -0.000263*omega**2 + 1.0e-6*omega*theta + 0.000133*omega - 1.0e-6*theta + 1.7e-5
    Diffusion: theta=nan, omega=nan

--- Chunk 2810 (171/220) | Start: 2024-08-24 20:25:00 ---
    RMSE omega (GP): 0.012304 | RMSE omega (Sim): 0.197542
    Loss: 4.2058 | Epoch: 1366
    Eq omega: 0.000651 + -0.00094theta + 0.00081omega + -0.00019theta^2 + 0.00101theta omega + 0.00203omega^2
    Eq omega Phys: 0.000669*omega**2 + 1.1e-5*omega*theta + 0.000182*omega - 3.0e-6*theta - 2.6e-5
    Diffusion: theta=1.620841e-03, omega=5.989306e-05

--- Chunk 2811 (172/220) | Start: 2024-08-24 20:30:00 ---
    RMSE omega (GP): 0.013026 | RMSE omega (Sim): 0.117220
    Loss: 5.1399 | Epoch: 1188
    Eq omega: 0.002361 + -0.00769theta + -0.00141omega + -0.00179theta^2 + -0.00668theta omega + -0.00340omega^2
    Eq omega Phys: -0.001115*omega**2 - 7.3e-5*omega*theta - 0.000233*omega - 0.e-6*theta**2 - 1.2e-5*theta - 1.8e-5
    Diffusion: theta=1.123455e-03, omega=7.405240e-05

--- Chunk 2812 (173/220) | Start: 2024-08-24 20:35:00 ---
    RMSE omega (GP): nan | RMSE omega (Sim): nan
    Loss: 100.9153 | Epoch: 176
    Eq omega: nan1 + nantheta + nanomega + nantheta^2 + nantheta omega + nanomega^2
    Eq omega Phys: N/A
    Diffusion: theta=nan, omega=nan

--- Chunk 2813 (174/220) | Start: 2024-08-24 20:40:00 ---
    RMSE omega (GP): 0.013394 | RMSE omega (Sim): 0.191733
    Loss: 5.5031 | Epoch: 1323
    Eq omega: -0.000821 + -0.00004theta + 0.00305omega + 0.00065theta^2 + -0.00048theta omega + 0.00045omega^2
    Eq omega Phys: 0.000149*omega**2 - 5.0e-6*omega*theta + 0.000136*omega - 3.0e-6*theta + 8.0e-6
    Diffusion: theta=1.490804e-03, omega=4.430223e-05

--- Chunk 2814 (175/220) | Start: 2024-08-24 20:45:00 ---
    RMSE omega (GP): nan | RMSE omega (Sim): nan
    Loss: 33.3396 | Epoch: 109
    Eq omega: nan1 + nantheta + nanomega + nantheta^2 + nantheta omega + nanomega^2
    Eq omega Phys: N/A
    Diffusion: theta=nan, omega=nan

--- Chunk 2815 (176/220) | Start: 2024-08-24 20:50:00 ---
    RMSE omega (GP): 0.012462 | RMSE omega (Sim): 0.123732
    Loss: 3.5426 | Epoch: 1462
    Eq omega: -0.001001 + -1.43907theta + -0.00921omega + -0.01778theta^2 + 0.00297theta omega + 0.00751omega^2
    Eq omega Phys: 0.002346*omega**2 + 3.1e-5*omega*theta - 0.000416*omega - 6.0e-6*theta**2 - 0.001555*theta + 0.005559
    Diffusion: theta=1.324428e-03, omega=6.051808e-05

--- Chunk 2816 (177/220) | Start: 2024-08-24 20:55:00 ---
    RMSE omega (GP): nan | RMSE omega (Sim): nan
    Loss: 253.3555 | Epoch: 19
    Eq omega: nan1 + nantheta + nanomega + nantheta^2 + nantheta omega + nanomega^2
    Eq omega Phys: N/A
    Diffusion: theta=nan, omega=nan

--- Chunk 2817 (178/220) | Start: 2024-08-24 21:00:00 ---
    RMSE omega (GP): 0.032883 | RMSE omega (Sim): 0.091744
    Loss: 111.4393 | Epoch: 47
    Eq omega: 0.000581 + -0.02188theta + 0.00027omega + 0.00028theta^2 + 0.00191theta omega + 0.00077omega^2
    Eq omega Phys: 0.000357*omega**2 + 3.0e-5*omega*theta + 0.000295*omega - 2.2e-5*theta - 0.00022
    Diffusion: theta=nan, omega=nan

--- Chunk 2818 (179/220) | Start: 2024-08-24 21:05:00 ---
    RMSE omega (GP): 0.041572 | RMSE omega (Sim): nan
    Loss: 44.1234 | Epoch: 185
    Eq omega: -0.135021 + -0.41122theta + 0.00065omega + 0.23157theta^2 + -0.02871theta omega + -0.01516omega^2
    Eq omega Phys: -0.00361*omega**2 - 0.000228*omega*theta - 0.001556*omega + 6.1e-5*theta**2 + 0.000391*theta - 0.000858
    Diffusion: theta=nan, omega=nan

--- Chunk 2819 (180/220) | Start: 2024-08-24 21:10:00 ---
    RMSE omega (GP): 0.013246 | RMSE omega (Sim): 0.250776
    Loss: 3.0374 | Epoch: 1591
    Eq omega: -0.009091 + -0.00110theta + 0.00276omega + -0.00108theta^2 + 0.00411theta omega + -0.00750omega^2
    Eq omega Phys: -0.002138*omega**2 + 3.9e-5*omega*theta - 2.0e-5*omega + 1.0e-6*theta - 3.5e-5
    Diffusion: theta=5.869378e-04, omega=7.979897e-05

--- Chunk 2820 (181/220) | Start: 2024-08-24 21:15:00 ---
    RMSE omega (GP): 0.013915 | RMSE omega (Sim): 0.217441
    Loss: 2.2147 | Epoch: 1086
    Eq omega: 0.004831 + -0.18786theta + -0.02191omega + 0.14691theta^2 + 0.00474theta omega + 0.00046omega^2
    Eq omega Phys: 0.000119*omega**2 + 4.1e-5*omega*theta - 0.000259*omega + 4.2e-5*theta**2 + 0.000765*theta + 0.00322
    Diffusion: theta=5.675657e-04, omega=6.540045e-05

--- Chunk 2821 (182/220) | Start: 2024-08-24 21:20:00 ---
    RMSE omega (GP): 0.012882 | RMSE omega (Sim): 0.191024
    Loss: 1.1118 | Epoch: 1221
    Eq omega: -0.005381 + -0.20599theta + -0.00114omega + 0.00052theta^2 + -0.00479theta omega + 0.00387omega^2
    Eq omega Phys: 0.000937*omega**2 - 3.9e-5*omega*theta - 2.1e-5*omega - 0.000229*theta + 7.6e-5
    Diffusion: theta=8.857661e-04, omega=5.145459e-05

--- Chunk 2822 (183/220) | Start: 2024-08-24 21:25:00 ---
    RMSE omega (GP): 0.012974 | RMSE omega (Sim): 0.129277
    Loss: 8.8455 | Epoch: 1972
    Eq omega: -0.002151 + -0.00010theta + 0.00275omega + -0.00062theta^2 + 0.00039theta omega + -0.00081omega^2
    Eq omega Phys: -0.00032*omega**2 + 5.0e-6*omega*theta + 0.000126*omega - 4.0e-6*theta - 1.9e-5
    Diffusion: theta=2.525263e-04, omega=6.371176e-05

--- Chunk 2823 (184/220) | Start: 2024-08-24 21:30:00 ---
    RMSE omega (GP): nan | RMSE omega (Sim): nan
    Loss: 1610.7042 | Epoch: 15
    Eq omega: nan1 + nantheta + nanomega + nantheta^2 + nantheta omega + nanomega^2
    Eq omega Phys: N/A
    Diffusion: theta=nan, omega=nan

--- Chunk 2824 (185/220) | Start: 2024-08-24 21:35:00 ---
    RMSE omega (GP): 0.016154 | RMSE omega (Sim): 0.136767
    Loss: 13.6663 | Epoch: 1069
    Eq omega: -0.000481 + -0.00019theta + -0.00462omega + -0.00099theta^2 + 0.00065theta omega + 0.00330omega^2
    Eq omega Phys: 0.001235*omega**2 + 8.0e-6*omega*theta - 0.000255*omega + 1.0e-5*theta - 6.2e-5
    Diffusion: theta=5.669812e-04, omega=6.555768e-05

--- Chunk 2825 (186/220) | Start: 2024-08-24 21:40:00 ---
    RMSE omega (GP): 0.012288 | RMSE omega (Sim): 0.160246
    Loss: 3.9250 | Epoch: 935
    Eq omega: 0.001361 + -0.00010theta + -0.00045omega + 0.00082theta^2 + -0.00208theta omega + 0.00357omega^2
    Eq omega Phys: 0.001126*omega**2 - 2.2e-5*omega*theta + 0.000118*omega - 4.0e-6*theta + 1.6e-5
    Diffusion: theta=4.547568e-04, omega=8.158109e-05

--- Chunk 2826 (187/220) | Start: 2024-08-24 21:45:00 ---
    RMSE omega (GP): 0.011510 | RMSE omega (Sim): 0.083798
    Loss: 11.3796 | Epoch: 949
    Eq omega: 0.000771 + 0.00022theta + 0.00140omega + 0.00026theta^2 + 0.00005theta omega + 0.00151omega^2
    Eq omega Phys: 0.000723*omega**2 + 1.0e-6*omega*theta + 3.6e-5*omega - 4.0e-6*theta + 2.4e-5
    Diffusion: theta=4.689800e-04, omega=3.737206e-05

--- Chunk 2827 (188/220) | Start: 2024-08-24 21:50:00 ---
    RMSE omega (GP): nan | RMSE omega (Sim): nan
    Loss: 539.7300 | Epoch: 15
    Eq omega: nan1 + nantheta + nanomega + nantheta^2 + nantheta omega + nanomega^2
    Eq omega Phys: N/A
    Diffusion: theta=nan, omega=nan

--- Chunk 2828 (189/220) | Start: 2024-08-24 21:55:00 ---
    RMSE omega (GP): 0.013118 | RMSE omega (Sim): 0.158448
    Loss: 12.1436 | Epoch: 2613
    Eq omega: -0.000631 + -0.00006theta + 0.00327omega + 0.00006theta^2 + -0.00099theta omega + -0.00068omega^2
    Eq omega Phys: -0.000325*omega**2 - 1.6e-5*omega*theta - 0.000138*omega + 1.0e-6*theta + 5.0e-6
    Diffusion: theta=3.991386e-03, omega=5.444782e-05

--- Chunk 2829 (190/220) | Start: 2024-08-24 22:00:00 ---
    RMSE omega (GP): 0.036229 | RMSE omega (Sim): 0.059048
    Loss: 193.5661 | Epoch: 163
    Eq omega: -0.001941 + -0.00223theta + 0.00378omega + 0.00001theta^2 + 0.00016theta omega + -0.00083omega^2
    Eq omega Phys: -0.000466*omega**2 + 3.0e-6*omega*theta + 0.000191*omega - 2.0e-6*theta - 5.5e-5
    Diffusion: theta=nan, omega=nan

--- Chunk 2830 (191/220) | Start: 2024-08-24 22:05:00 ---
/pfs/data6/home/ka/ka_iai/ka_bj2362/dsr/svise/run_analysis_5min_all_chunks_combo38.py:212: ODEintWarning: Excess work done on this call (perhaps wrong Dfun type). Run with full_output = 1 to get quantitative information.
  sol_scaled = odeint(drift, x0_scaled, t_scaled, full_output=False)
    RMSE omega (GP): 0.012755 | RMSE omega (Sim): nan
    Loss: 9.1808 | Epoch: 542
    Eq omega: 0.011611 + -0.58916theta + -0.03605omega + -0.30565theta^2 + -0.29104theta omega + -0.00543omega^2
    Eq omega Phys: -0.002191*omega**2 - 0.003915*omega*theta - 0.02738*omega - 0.000137*theta**2 - 0.002487*theta - 0.010474
    Diffusion: theta=nan, omega=nan

--- Chunk 2831 (192/220) | Start: 2024-08-24 22:10:00 ---
    RMSE omega (GP): nan | RMSE omega (Sim): nan
    Loss: 190.2070 | Epoch: 26
    Eq omega: nan1 + nantheta + nanomega + nantheta^2 + nantheta omega + nanomega^2
    Eq omega Phys: N/A
    Diffusion: theta=nan, omega=nan

--- Chunk 2832 (193/220) | Start: 2024-08-24 22:15:00 ---
    RMSE omega (GP): 0.015665 | RMSE omega (Sim): 0.175698
    Loss: 0.7562 | Epoch: 2107
    Eq omega: -0.002021 + -0.00111theta + 0.00026omega + -0.00075theta^2 + 0.00136theta omega + 0.00233omega^2
    Eq omega Phys: 0.000445*omega**2 + 9.0e-6*omega*theta + 5.8e-5*omega - 3.0e-6*theta - 2.4e-5
    Diffusion: theta=6.687821e-04, omega=1.398813e-04

--- Chunk 2833 (194/220) | Start: 2024-08-24 22:20:00 ---
    RMSE omega (GP): 0.014432 | RMSE omega (Sim): 0.228942
    Loss: 1.5898 | Epoch: 1139
    Eq omega: 0.002691 + 0.00648theta + 0.00137omega + 0.00071theta^2 + 0.00051theta omega + 0.00956omega^2
    Eq omega Phys: 0.00232*omega**2 + 4.0e-6*omega*theta + 8.8e-5*omega + 1.1e-5*theta + 0.000106
    Diffusion: theta=1.360905e-03, omega=3.440767e-05

--- Chunk 2834 (195/220) | Start: 2024-08-24 22:25:00 ---
    RMSE omega (GP): 0.017808 | RMSE omega (Sim): 0.104394
    Loss: 33.2957 | Epoch: 1133
    Eq omega: -0.000821 + -0.00005theta + -0.00034omega + 0.00012theta^2 + -0.00013theta omega + -0.00089omega^2
    Eq omega Phys: -0.000442*omega**2 - 2.0e-6*omega*theta + 1.9e-5*omega - 2.0e-6*theta + 1.3e-5
    Diffusion: theta=2.000689e-03, omega=2.677041e-05

--- Chunk 2835 (196/220) | Start: 2024-08-24 22:30:00 ---
    RMSE omega (GP): 0.010129 | RMSE omega (Sim): 0.131524
    Loss: 5.6975 | Epoch: 2017
    Eq omega: 0.007831 + 0.00033theta + 0.00501omega + -0.00045theta^2 + 0.00005theta omega + -0.00110omega^2
    Eq omega Phys: -0.00046*omega**2 + 1.0e-6*omega*theta + 0.000156*omega + 7.0e-6*theta - 3.3e-5
    Diffusion: theta=3.019091e-03, omega=4.683874e-05

--- Chunk 2836 (197/220) | Start: 2024-08-24 22:35:00 ---
    RMSE omega (GP): 0.020540 | RMSE omega (Sim): 0.058377
    Loss: 86.2498 | Epoch: 1768
    Eq omega: 0.004441 + -0.00523theta + 0.00386omega + -0.00015theta^2 + -0.00027theta omega + -0.00013omega^2
    Eq omega Phys: -8.7e-5*omega**2 - 6.0e-6*omega*theta + 0.000217*omega - 3.0e-6*theta + 6.9e-5
    Diffusion: theta=3.194113e-03, omega=1.633054e-05

--- Chunk 2837 (198/220) | Start: 2024-08-24 22:40:00 ---
    RMSE omega (GP): nan | RMSE omega (Sim): nan
    Loss: 134.3554 | Epoch: 39
    Eq omega: nan1 + nantheta + nanomega + nantheta^2 + nantheta omega + nanomega^2
    Eq omega Phys: N/A
    Diffusion: theta=nan, omega=nan

--- Chunk 2838 (199/220) | Start: 2024-08-24 22:45:00 ---
    RMSE omega (GP): nan | RMSE omega (Sim): nan
    Loss: 63.9329 | Epoch: 90
    Eq omega: nan1 + nantheta + nanomega + nantheta^2 + nantheta omega + nanomega^2
    Eq omega Phys: N/A
    Diffusion: theta=nan, omega=nan

--- Chunk 2839 (200/220) | Start: 2024-08-24 22:50:00 ---
    RMSE omega (GP): nan | RMSE omega (Sim): nan
    Loss: 662.9923 | Epoch: 38
    Eq omega: nan1 + nantheta + nanomega + nantheta^2 + nantheta omega + nanomega^2
    Eq omega Phys: N/A
    Diffusion: theta=nan, omega=nan

  [Progress 200/220] Mean RMSE omega (GP): 0.014690 | (Sim): 0.102818 | Mean loss: -277.3063 | Valid GP: 160/200 | Valid Sim: 157/200 | Elapsed: 66.1min | ETA: 6.6min

--- Chunk 2840 (201/220) | Start: 2024-08-24 22:55:00 ---
    RMSE omega (GP): nan | RMSE omega (Sim): nan
    Loss: 201.5500 | Epoch: 89
    Eq omega: nan1 + nantheta + nanomega + nantheta^2 + nantheta omega + nanomega^2
    Eq omega Phys: N/A
    Diffusion: theta=nan, omega=nan

--- Chunk 2841 (202/220) | Start: 2024-08-24 23:00:00 ---
    RMSE omega (GP): 0.011421 | RMSE omega (Sim): 0.106629
    Loss: 8.1866 | Epoch: 1220
    Eq omega: 0.001191 + 0.00019theta + -0.00164omega + -0.00031theta^2 + 0.00053theta omega + -0.00062omega^2
    Eq omega Phys: -0.00028*omega**2 + 8.0e-6*omega*theta - 0.000125*omega + 3.0e-6*theta - 1.1e-5
    Diffusion: theta=9.168694e-04, omega=4.243428e-05

--- Chunk 2842 (203/220) | Start: 2024-08-24 23:05:00 ---
    RMSE omega (GP): 0.010069 | RMSE omega (Sim): 0.189994
    Loss: 1.5192 | Epoch: 1779
    Eq omega: 0.000491 + -0.00216theta + -0.00279omega + -0.00054theta^2 + -0.00056theta omega + 0.00038omega^2
    Eq omega Phys: 0.000127*omega**2 - 6.0e-6*omega*theta - 8.2e-5*omega - 2.0e-6*theta + 5.0e-6
    Diffusion: theta=3.668578e-04, omega=4.388619e-05

--- Chunk 2843 (204/220) | Start: 2024-08-24 23:10:00 ---
    RMSE omega (GP): 0.013464 | RMSE omega (Sim): 0.071278
    Loss: 30.6112 | Epoch: 1129
    Eq omega: 0.001051 + 0.00038theta + -0.00176omega + -0.00003theta^2 + -0.00010theta omega + -0.00030omega^2
    Eq omega Phys: -0.000189*omega**2 - 2.0e-6*omega*theta - 9.8e-5*omega + 2.0e-6
    Diffusion: theta=1.238904e-03, omega=1.673984e-05

--- Chunk 2844 (205/220) | Start: 2024-08-24 23:15:00 ---
    RMSE omega (GP): nan | RMSE omega (Sim): nan
    Loss: 92.2360 | Epoch: 47
    Eq omega: nan1 + nantheta + nanomega + nantheta^2 + nantheta omega + nanomega^2
    Eq omega Phys: N/A
    Diffusion: theta=nan, omega=nan

--- Chunk 2845 (206/220) | Start: 2024-08-24 23:20:00 ---
    RMSE omega (GP): 0.015804 | RMSE omega (Sim): 0.099610
    Loss: 8.8129 | Epoch: 1022
    Eq omega: -0.007751 + -0.48516theta + 0.00508omega + 0.00689theta^2 + -0.01486theta omega + -0.01145omega^2
    Eq omega Phys: -0.003728*omega**2 - 0.000161*omega*theta + 0.000258*omega + 2.0e-6*theta**2 - 0.000542*theta + 0.00027
    Diffusion: theta=1.590028e-03, omega=4.401541e-05

--- Chunk 2846 (207/220) | Start: 2024-08-24 23:25:00 ---
    RMSE omega (GP): nan | RMSE omega (Sim): nan
    Loss: 42.2127 | Epoch: 129
    Eq omega: nan1 + nantheta + nanomega + nantheta^2 + nantheta omega + nanomega^2
    Eq omega Phys: N/A
    Diffusion: theta=nan, omega=nan

--- Chunk 2847 (208/220) | Start: 2024-08-24 23:30:00 ---
    RMSE omega (GP): 0.010380 | RMSE omega (Sim): 0.104548
    Loss: 2.4008 | Epoch: 961
    Eq omega: -0.006301 + -1.58501theta + 0.00205omega + 0.00883theta^2 + 0.00288theta omega + -0.00554omega^2
    Eq omega Phys: -0.001914*omega**2 + 3.3e-5*omega*theta + 7.4e-5*omega + 3.0e-6*theta**2 - 0.00176*theta - 0.000297
    Diffusion: theta=1.770777e-04, omega=4.497352e-05

--- Chunk 2848 (209/220) | Start: 2024-08-24 23:35:00 ---
    RMSE omega (GP): 0.012193 | RMSE omega (Sim): 0.095304
    Loss: 10.6379 | Epoch: 1556
    Eq omega: 0.028001 + -0.30795theta + 0.00151omega + 0.00066theta^2 + -0.12116theta omega + -0.00004omega^2
    Eq omega Phys: -1.7e-5*omega**2 - 0.001728*omega*theta - 0.036069*omega - 0.000329*theta - 0.006941
    Diffusion: theta=4.714030e-04, omega=3.936204e-05

--- Chunk 2849 (210/220) | Start: 2024-08-24 23:40:00 ---
    RMSE omega (GP): 0.015618 | RMSE omega (Sim): 0.069230
    Loss: 27.1136 | Epoch: 1999
    Eq omega: -0.001791 + -0.00005theta + 0.00113omega + 0.00023theta^2 + 0.00000theta omega + -0.00021omega^2
    Eq omega Phys: -0.000108*omega**2 + 3.8e-5*omega - 5.0e-6*theta + 4.5e-5
    Diffusion: theta=1.962905e-03, omega=2.343727e-05

--- Chunk 2850 (211/220) | Start: 2024-08-24 23:45:00 ---
    RMSE omega (GP): 0.011523 | RMSE omega (Sim): 0.144642
    Loss: 0.6906 | Epoch: 1831
    Eq omega: -0.000331 + -0.00086theta + -0.00781omega + -0.00007theta^2 + -0.00131theta omega + -0.00091omega^2
    Eq omega Phys: -0.000233*omega**2 - 1.1e-5*omega*theta - 2.4e-5*omega + 1.0e-5
    Diffusion: theta=5.331709e-04, omega=7.297792e-05

--- Chunk 2851 (212/220) | Start: 2024-08-24 23:50:00 ---
    RMSE omega (GP): 0.204696 | RMSE omega (Sim): 0.072983
    Loss: 6849.5342 | Epoch: 20
    Eq omega: 0.001291 + -0.00165theta + 0.00387omega + -0.00036theta^2 + -0.00010theta omega + -0.00022omega^2
    Eq omega Phys: -0.000121*omega**2 - 2.0e-6*omega*theta + 7.4e-5*omega - 1.5e-5*theta - 0.000253
    Diffusion: theta=nan, omega=nan

--- Chunk 2852 (213/220) | Start: 2024-08-24 23:55:00 ---
    RMSE omega (GP): nan | RMSE omega (Sim): nan
    Loss: 376.7696 | Epoch: 36
    Eq omega: nan1 + nantheta + nanomega + nantheta^2 + nantheta omega + nanomega^2
    Eq omega Phys: N/A
    Diffusion: theta=nan, omega=nan

--- Chunk 2853 (214/220) | Start: 2024-08-25 00:00:00 ---
    RMSE omega (GP): nan | RMSE omega (Sim): nan
    Loss: 177.1566 | Epoch: 157
    Eq omega: nan1 + nantheta + nanomega + nantheta^2 + nantheta omega + nanomega^2
    Eq omega Phys: N/A
    Diffusion: theta=nan, omega=nan

--- Chunk 2854 (215/220) | Start: 2024-08-25 00:05:00 ---
    RMSE omega (GP): 0.013313 | RMSE omega (Sim): 0.077848
    Loss: 14.2006 | Epoch: 1960
    Eq omega: -0.003881 + -0.00461theta + -0.00126omega + -0.00003theta^2 + 0.00016theta omega + 0.00006omega^2
    Eq omega Phys: 2.7e-5*omega**2 + 2.0e-6*omega*theta - 9.2e-5*omega - 4.0e-6*theta + 9.1e-5
    Diffusion: theta=1.577317e-03, omega=2.114164e-05

--- Chunk 2855 (216/220) | Start: 2024-08-25 00:10:00 ---
    RMSE omega (GP): 0.013721 | RMSE omega (Sim): 0.182830
    Loss: 16.7639 | Epoch: 1063
    Eq omega: 0.008731 + -0.00168theta + -0.00922omega + -0.00122theta^2 + -0.00055theta omega + 0.00380omega^2
    Eq omega Phys: 0.001789*omega**2 - 9.0e-6*omega*theta - 0.000269*omega - 0.e-6*theta**2 + 4.0e-6*theta + 1.6e-5
    Diffusion: theta=1.247941e-03, omega=4.664416e-05

--- Chunk 2856 (217/220) | Start: 2024-08-25 00:15:00 ---
    RMSE omega (GP): 0.011643 | RMSE omega (Sim): 0.079788
    Loss: 7.4447 | Epoch: 1071
    Eq omega: 0.003121 + -0.00034theta + 0.00329omega + -0.00016theta^2 + -0.00019theta omega + 0.02097omega^2
    Eq omega Phys: 0.008647*omega**2 - 3.0e-6*omega*theta + 0.000112*omega + 9.0e-6
    Diffusion: theta=2.400303e-03, omega=3.475393e-05

--- Chunk 2857 (218/220) | Start: 2024-08-25 00:20:00 ---
    RMSE omega (GP): 0.013295 | RMSE omega (Sim): 0.091279
    Loss: 2.8565 | Epoch: 1431
    Eq omega: -0.008721 + -0.28924theta + 0.00086omega + -0.00252theta^2 + 0.00406theta omega + -0.02975omega^2
    Eq omega Phys: -0.008128*omega**2 + 3.7e-5*omega*theta - 0.000331*omega - 0.e-6*theta**2 - 0.000306*theta + 0.003019
    Diffusion: theta=1.831699e-03, omega=6.020053e-05

--- Chunk 2858 (219/220) | Start: 2024-08-25 00:25:00 ---
    RMSE omega (GP): nan | RMSE omega (Sim): nan
    Loss: 278.4796 | Epoch: 23
    Eq omega: nan1 + nantheta + nanomega + nantheta^2 + nantheta omega + nanomega^2
    Eq omega Phys: N/A
    Diffusion: theta=nan, omega=nan

--- Chunk 2859 (220/220) | Start: 2024-08-25 00:30:00 ---
    RMSE omega (GP): 0.040828 | RMSE omega (Sim): 0.057882
    Loss: 482.4147 | Epoch: 77
    Eq omega: -0.001051 + -0.00261theta + 0.00073omega + -0.00004theta^2 + 0.00029theta omega + 0.00004omega^2
    Eq omega Phys: 2.5e-5*omega**2 + 6.0e-6*omega*theta + 0.000247*omega - 5.0e-6*theta - 0.000144
    Diffusion: theta=nan, omega=nan

  [Progress 220/220] Mean RMSE omega (GP): 0.015795 | (Sim): 0.102843 | Mean loss: -212.8621 | Valid GP: 174/220 | Valid Sim: 171/220 | Elapsed: 71.9min | ETA: 0.0min

============================================================
EVALUATION COMPLETE — Chunks [2640, 2859]
============================================================
Chunks processed: 220
Chunks succeeded GP:  174 (79.1%)
Chunks succeeded Sim: 171 (77.7%)
Mean GP RMSE omega:   0.015795 ± 0.016633
Mean SIM RMSE omega:  0.102843 ± 0.041808
Mean Loss:            -212.8621 ± 7821.8098
Elapsed time:     71.9 minutes

Per-chunk CSV: /pfs/data6/home/ka/ka_iai/ka_bj2362/dsr/svise/results_5min_all_chunks/run_SLURM_3733209_combo38/chunks_02640_to_02859_20260323_023843.csv
Summary JSON:  /pfs/data6/home/ka/ka_iai/ka_bj2362/dsr/svise/results_5min_all_chunks/run_SLURM_3733209_combo38/summary_02640_to_02859_20260323_023843.json
============================================================

============================= JOB FEEDBACK =============================

NodeName=uc3n018
Job ID: 3733223
Array Job ID: 3733209_12
Cluster: uc3
User/Group: ka_bj2362/ka_iai
State: COMPLETED (exit code 0)
Nodes: 1
Cores per node: 4
CPU Utilized: 01:11:31
CPU Efficiency: 24.75% of 04:48:56 core-walltime
Job Wall-clock time: 01:12:14
Memory Utilized: 1.90 GB
Memory Efficiency: 15.79% of 12.00 GB (12.00 GB/node)
