Array task 143: processing chunks 31460 to 31679
Loading data from /pfs/data6/home/ka/ka_iai/ka_bj2362/dsr/svise/../dataset/South_Korea_2024-08-15_2025-08-31_1s.parquet...
Finding all valid 5-minute chunks in the dataset...
Found 107059 valid 5-minute chunks in total.

============================================================
SVISE FINAL EVALUATION — ALL CHUNKS
============================================================
Hyperparameters: {
  "model": "integrator",
  "sigma": 0,
  "degree": 2,
  "tau": 1e-05,
  "lr": 0.1,
  "n_tau": 50,
  "measurement_noise": 0.001,
  "n_reparam_samples": 15
}
Total valid chunks in dataset: 107059
Processing chunk range: [31460, 31679] (220 chunks)
Early stopping: patience=300, max_epochs=10000
============================================================


--- Chunk 31460 (1/220) | Start: 2024-12-07 11:10:00 ---
/pfs/data6/home/ka/ka_iai/ka_bj2362/dsr/svise/svise/sde_learning/_marginal_sde.py:284: UserWarning: torch.triangular_solve is deprecated in favor of torch.linalg.solve_triangularand will be removed in a future PyTorch release.
torch.linalg.solve_triangular has its arguments reversed and does not return a copy of one of the inputs.
X = torch.triangular_solve(B, A).solution
should be replaced with
X = torch.linalg.solve_triangular(A, B). (Triggered internally at ../aten/src/ATen/native/BatchLinearAlgebra.cpp:2192.)
  return torch.triangular_solve(self.raw_w, self.C.t()).solution
/pfs/data6/home/ka/ka_iai/ka_bj2362/dsr/svise/svise/quadrature/_unbiased_quadrature.py:196: UserWarning: Interp is nan, reducing interp degree.
  warnings.warn("Interp is nan, reducing interp degree.")
    RMSE omega (GP): 0.013718 | RMSE omega (Sim): 0.079251
    Loss: 12.2904 | Epoch: 529
    Eq omega: -0.000841 + -0.00034theta + -0.00163omega + 0.00061theta^2 + 0.00047theta omega + -0.00004omega^2
    Eq omega Phys: -2.3e-5*omega**2 + 9.0e-6*omega*theta + 3.0e-6*omega + 5.0e-6*theta + 1.1e-5

--- Chunk 31461 (2/220) | Start: 2024-12-07 11:15:00 ---
/pfs/data6/home/ka/ka_iai/ka_bj2362/dsr/svise/svise/quadrature/_unbiased_quadrature.py:174: UserWarning: NaN detected in fxq (quadrature node evaluations). Clamping to 0.
  warnings.warn("NaN detected in fxq (quadrature node evaluations). Clamping to 0.")
/pfs/data6/home/ka/ka_iai/ka_bj2362/dsr/svise/svise/quadrature/_unbiased_quadrature.py:177: UserWarning: NaN detected in fmc (Monte-Carlo node evaluations). Clamping to 0.
  warnings.warn("NaN detected in fmc (Monte-Carlo node evaluations). Clamping to 0.")
    RMSE omega (GP): nan | RMSE omega (Sim): nan
    Loss: 513.2736 | Epoch: 50
    Eq omega: nan1 + nantheta + nanomega + nantheta^2 + nantheta omega + nanomega^2
    Eq omega Phys: N/A

--- Chunk 31462 (3/220) | Start: 2024-12-07 11:20:00 ---
    RMSE omega (GP): 0.012723 | RMSE omega (Sim): 0.093552
    Loss: 14.5602 | Epoch: 1486
    Eq omega: 0.001091 + -0.02185theta + 0.00085omega + -0.01611theta^2 + -0.01374theta omega + -0.00904omega^2
    Eq omega Phys: -0.004367*omega**2 - 0.000221*omega*theta - 0.000795*omega - 9.0e-6*theta**2 - 8.9e-5*theta - 0.000208

--- Chunk 31463 (4/220) | Start: 2024-12-07 11:25:00 ---
    RMSE omega (GP): nan | RMSE omega (Sim): nan
    Loss: 24.6210 | Epoch: 122
    Eq omega: nan1 + nantheta + nanomega + nantheta^2 + nantheta omega + nanomega^2
    Eq omega Phys: N/A

--- Chunk 31464 (5/220) | Start: 2024-12-07 11:30:00 ---
    RMSE omega (GP): 0.010495 | RMSE omega (Sim): 0.061271
    Loss: 4.9821 | Epoch: 1125
    Eq omega: 0.003101 + -0.29925theta + 0.00145omega + 0.00082theta^2 + 0.00033theta omega + 0.00109omega^2
    Eq omega Phys: 0.000438*omega**2 + 4.0e-6*omega*theta + 3.8e-5*omega - 0.000334*theta + 0.000758

--- Chunk 31465 (6/220) | Start: 2024-12-07 11:35:00 ---
    RMSE omega (GP): 0.012469 | RMSE omega (Sim): 0.120078
    Loss: 14.2472 | Epoch: 1756
    Eq omega: -0.002321 + -0.64132theta + -0.03376omega + 0.00222theta^2 + -0.00094theta omega + -0.00261omega^2
    Eq omega Phys: -0.001284*omega**2 - 1.5e-5*omega*theta - 0.001012*omega + 1.0e-6*theta**2 - 0.00073*theta + 0.005286

--- Chunk 31466 (7/220) | Start: 2024-12-07 11:40:00 ---
    RMSE omega (GP): 0.024845 | RMSE omega (Sim): 0.085206
    Loss: 75.0267 | Epoch: 49
    Eq omega: 0.007431 + -0.04484theta + 0.00087omega + 0.01304theta^2 + 0.00410theta omega + -0.00524omega^2
    Eq omega Phys: -0.00254*omega**2 + 6.6e-5*omega*theta + 0.000407*omega + 7.0e-6*theta**2 + 3.0e-5*theta - 3.8e-5

--- Chunk 31467 (8/220) | Start: 2024-12-07 11:45:00 ---
    RMSE omega (GP): nan | RMSE omega (Sim): nan
    Loss: 261.7105 | Epoch: 24
    Eq omega: nan1 + nantheta + nanomega + nantheta^2 + nantheta omega + nanomega^2
    Eq omega Phys: N/A

--- Chunk 31468 (9/220) | Start: 2024-12-07 11:50:00 ---
    RMSE omega (GP): nan | RMSE omega (Sim): nan
    Loss: 521.9048 | Epoch: 23
    Eq omega: nan1 + nantheta + nanomega + nantheta^2 + nantheta omega + nanomega^2
    Eq omega Phys: N/A

--- Chunk 31469 (10/220) | Start: 2024-12-07 11:55:00 ---
    RMSE omega (GP): 0.011552 | RMSE omega (Sim): 0.068025
    Loss: 13.6767 | Epoch: 1267
    Eq omega: 0.000551 + -0.00414theta + -0.00150omega + -0.00122theta^2 + 0.00185theta omega + -0.00036omega^2
    Eq omega Phys: -0.000189*omega**2 + 3.2e-5*omega*theta + 4.0e-5*omega - 0.e-6*theta**2 - 9.0e-6*theta - 1.7e-5

--- Chunk 31470 (11/220) | Start: 2024-12-07 12:00:00 ---
    RMSE omega (GP): 0.062945 | RMSE omega (Sim): 0.274247
    Loss: -1182.2137 | Epoch: 487
    Eq omega: 0.012011 + 0.01572theta + 0.01274omega + -0.00016theta^2 + 0.00396theta omega + -0.00346omega^2
    Eq omega Phys: -0.001302*omega**2 + 5.0e-5*omega*theta + 0.000128*omega + 1.8e-5*theta - 7.1e-5

--- Chunk 31471 (12/220) | Start: 2024-12-07 12:05:00 ---
    RMSE omega (GP): 0.011932 | RMSE omega (Sim): 0.128933
    Loss: 8.4552 | Epoch: 1694
    Eq omega: 0.000941 + 0.00377theta + -0.00061omega + -0.00194theta^2 + -0.00123theta omega + -0.00060omega^2
    Eq omega Phys: -0.000251*omega**2 - 1.7e-5*omega*theta - 0.000106*omega - 0.e-6*theta**2 - 5.0e-6*theta + 1.0e-6

--- Chunk 31472 (13/220) | Start: 2024-12-07 12:10:00 ---
    RMSE omega (GP): nan | RMSE omega (Sim): nan
    Loss: 461.7031 | Epoch: 24
    Eq omega: nan1 + nantheta + nanomega + nantheta^2 + nantheta omega + nanomega^2
    Eq omega Phys: N/A

--- Chunk 31473 (14/220) | Start: 2024-12-07 12:15:00 ---
    RMSE omega (GP): 0.032826 | RMSE omega (Sim): 0.123325
    Loss: -131594.6250 | Epoch: 908
    Eq omega: 0.003161 + -0.00883theta + -0.00522omega + -0.00107theta^2 + 0.00025theta omega + 0.00302omega^2
    Eq omega Phys: 0.001092*omega**2 + 3.0e-6*omega*theta - 0.000211*omega + 1.0e-6*theta + 6.5e-5

--- Chunk 31474 (15/220) | Start: 2024-12-07 12:20:00 ---
    RMSE omega (GP): 0.048900 | RMSE omega (Sim): 0.181063
    Loss: 192.4189 | Epoch: 27
    Eq omega: 0.000901 + -0.00566theta + -0.00120omega + -0.00049theta^2 + -0.00382theta omega + 0.00021omega^2
    Eq omega Phys: 7.5e-5*omega**2 - 4.5e-5*omega*theta - 0.000106*omega - 7.0e-6*theta - 7.0e-6

--- Chunk 31475 (16/220) | Start: 2024-12-07 12:25:00 ---
    RMSE omega (GP): 0.012068 | RMSE omega (Sim): 0.109043
    Loss: 21.6738 | Epoch: 1170
    Eq omega: 0.000621 + -0.00085theta + 0.00023omega + -0.00011theta^2 + -0.00018theta omega + -0.00067omega^2
    Eq omega Phys: -0.000406*omega**2 - 4.0e-6*omega*theta - 2.5e-5*omega - 2.0e-6*theta - 1.3e-5

--- Chunk 31476 (17/220) | Start: 2024-12-07 12:30:00 ---
    RMSE omega (GP): 0.012830 | RMSE omega (Sim): 0.126982
    Loss: 7.2191 | Epoch: 1071
    Eq omega: 0.010451 + -0.63968theta + -0.00177omega + 0.02170theta^2 + -0.08322theta omega + 0.00812omega^2
    Eq omega Phys: 0.003067*omega**2 - 0.001048*omega*theta - 0.004286*omega + 9.0e-6*theta**2 - 0.000637*theta - 0.002688

--- Chunk 31477 (18/220) | Start: 2024-12-07 12:35:00 ---
    RMSE omega (GP): 0.012748 | RMSE omega (Sim): 0.087535
    Loss: 4.8132 | Epoch: 1721
    Eq omega: -0.003381 + -0.30413theta + 0.00078omega + -0.00442theta^2 + -0.02690theta omega + -0.00565omega^2
    Eq omega Phys: -0.00185*omega**2 - 0.000294*omega*theta + 0.00203*omega - 2.0e-6*theta**2 - 0.000316*theta + 0.00222

--- Chunk 31478 (19/220) | Start: 2024-12-07 12:40:00 ---
    RMSE omega (GP): 0.009707 | RMSE omega (Sim): 0.115168
    Loss: 3.1399 | Epoch: 1636
    Eq omega: -0.000901 + -0.00309theta + 0.00117omega + -0.00023theta^2 + -0.00019theta omega + 0.00019omega^2
    Eq omega Phys: 7.2e-5*omega**2 - 2.0e-6*omega*theta + 9.0e-6*omega - 6.0e-6*theta - 6.0e-5

--- Chunk 31479 (20/220) | Start: 2024-12-07 12:45:00 ---
    RMSE omega (GP): 0.012057 | RMSE omega (Sim): nan
    Loss: 8.3293 | Epoch: 1483
    Eq omega: -0.019771 + -0.42696theta + 0.00743omega + 0.45108theta^2 + -0.00703theta omega + -0.07624omega^2
    Eq omega Phys: -0.031445*omega**2 - 9.7e-5*omega*theta - 3.9e-5*omega + 0.000207*theta**2 + 0.000754*theta + 0.000362

--- Chunk 31480 (21/220) | Start: 2024-12-07 12:50:00 ---
    RMSE omega (GP): 0.014795 | RMSE omega (Sim): 0.097808
    Loss: 15.1115 | Epoch: 1111
    Eq omega: 0.004831 + 0.00039theta + -0.00072omega + 0.00031theta^2 + -0.00003theta omega + -0.00021omega^2
    Eq omega Phys: -9.1e-5*omega**2 - 1.7e-5*omega - 4.0e-6*theta + 4.1e-5

--- Chunk 31481 (22/220) | Start: 2024-12-07 12:55:00 ---
    RMSE omega (GP): nan | RMSE omega (Sim): nan
    Loss: 245.9863 | Epoch: 55
    Eq omega: nan1 + nantheta + nanomega + nantheta^2 + nantheta omega + nanomega^2
    Eq omega Phys: N/A

--- Chunk 31482 (23/220) | Start: 2024-12-07 13:00:00 ---
    RMSE omega (GP): nan | RMSE omega (Sim): nan
    Loss: 1581.2161 | Epoch: 16
    Eq omega: nan1 + nantheta + nanomega + nantheta^2 + nantheta omega + nanomega^2
    Eq omega Phys: N/A

--- Chunk 31483 (24/220) | Start: 2024-12-07 13:05:00 ---
    RMSE omega (GP): nan | RMSE omega (Sim): nan
    Loss: 70.0681 | Epoch: 106
    Eq omega: nan1 + nantheta + nanomega + nantheta^2 + nantheta omega + nanomega^2
    Eq omega Phys: N/A

--- Chunk 31484 (25/220) | Start: 2024-12-07 13:10:00 ---
    RMSE omega (GP): 0.039408 | RMSE omega (Sim): 0.062480
    Loss: 421.0359 | Epoch: 63
    Eq omega: 0.000811 + -0.00028theta + -0.00445omega + 0.00002theta^2 + 0.00012theta omega + -0.00023omega^2
    Eq omega Phys: -0.00014*omega**2 + 2.0e-6*omega*theta - 0.0001*omega + 1.0e-6

--- Chunk 31485 (26/220) | Start: 2024-12-07 13:15:00 ---
    RMSE omega (GP): nan | RMSE omega (Sim): nan
    Loss: 46.6574 | Epoch: 50
    Eq omega: nan1 + nantheta + nanomega + nantheta^2 + nantheta omega + nanomega^2
    Eq omega Phys: N/A

--- Chunk 31486 (27/220) | Start: 2024-12-07 13:20:00 ---
    RMSE omega (GP): 0.013185 | RMSE omega (Sim): 0.069029
    Loss: 11.8572 | Epoch: 149
    Eq omega: -0.009321 + -0.37250theta + 0.00055omega + -0.00299theta^2 + -0.00765theta omega + -0.00430omega^2
    Eq omega Phys: -0.001818*omega**2 - 0.000108*omega*theta - 3.2e-5*omega - 1.0e-6*theta**2 - 0.000415*theta - 0.000218

--- Chunk 31487 (28/220) | Start: 2024-12-07 13:25:00 ---
    RMSE omega (GP): nan | RMSE omega (Sim): nan
    Loss: 455.8519 | Epoch: 15
    Eq omega: nan1 + nantheta + nanomega + nantheta^2 + nantheta omega + nanomega^2
    Eq omega Phys: N/A

--- Chunk 31488 (29/220) | Start: 2024-12-07 13:30:00 ---
    RMSE omega (GP): 0.011206 | RMSE omega (Sim): 0.068264
    Loss: 11.2570 | Epoch: 1997
    Eq omega: 0.000811 + -0.00034theta + -0.01192omega + -0.00036theta^2 + 0.00030theta omega + -0.00571omega^2
    Eq omega Phys: -0.002795*omega**2 + 5.0e-6*omega*theta - 0.000342*omega - 5.0e-6*theta - 2.7e-5

--- Chunk 31489 (30/220) | Start: 2024-12-07 13:35:00 ---
    RMSE omega (GP): 0.012966 | RMSE omega (Sim): 0.171836
    Loss: 6.0951 | Epoch: 1277
    Eq omega: 0.001191 + -0.00093theta + 0.00025omega + -0.00101theta^2 + -0.00258theta omega + 0.00130omega^2
    Eq omega Phys: 0.000448*omega**2 - 3.0e-5*omega*theta - 0.000194*omega - 6.0e-6*theta - 2.1e-5

--- Chunk 31490 (31/220) | Start: 2024-12-07 13:40:00 ---
    RMSE omega (GP): 0.012058 | RMSE omega (Sim): 0.111448
    Loss: 10.2886 | Epoch: 1315
    Eq omega: -0.004761 + -0.00128theta + 0.00179omega + 0.00018theta^2 + 0.00042theta omega + -0.00173omega^2
    Eq omega Phys: -0.000764*omega**2 + 6.0e-6*omega*theta + 0.000157*omega + 1.0e-6*theta - 1.2e-5

--- Chunk 31491 (32/220) | Start: 2024-12-07 13:45:00 ---
    RMSE omega (GP): 0.010239 | RMSE omega (Sim): 0.061344
    Loss: 12.6718 | Epoch: 2606
    Eq omega: -0.002741 + -0.00021theta + 0.00146omega + -0.00013theta^2 + -0.00020theta omega + 0.00012omega^2
    Eq omega Phys: 6.7e-5*omega**2 - 4.0e-6*omega*theta - 1.8e-5*omega - 3.0e-6*theta - 3.5e-5

--- Chunk 31492 (33/220) | Start: 2024-12-07 13:50:00 ---
    RMSE omega (GP): 0.041842 | RMSE omega (Sim): 0.088335
    Loss: 160.4565 | Epoch: 71
    Eq omega: -0.001801 + -0.00587theta + -0.00092omega + -0.00010theta^2 + 0.00396theta omega + -0.00057omega^2
    Eq omega Phys: -0.000245*omega**2 + 5.7e-5*omega*theta + 0.000741*omega - 8.0e-6*theta - 0.000102

--- Chunk 31493 (34/220) | Start: 2024-12-07 13:55:00 ---
    RMSE omega (GP): nan | RMSE omega (Sim): nan
    Loss: 153.4619 | Epoch: 34
    Eq omega: nan1 + nantheta + nanomega + nantheta^2 + nantheta omega + nanomega^2
    Eq omega Phys: N/A

--- Chunk 31494 (35/220) | Start: 2024-12-07 14:00:00 ---
    RMSE omega (GP): 0.012030 | RMSE omega (Sim): 0.125374
    Loss: 8.9194 | Epoch: 2530
    Eq omega: -0.001581 + -0.00013theta + -0.00003omega + 0.00005theta^2 + 0.00002theta omega + 0.00033omega^2
    Eq omega Phys: 0.000136*omega**2 + 4.0e-6*omega + 1.0e-6*theta + 2.0e-6

--- Chunk 31495 (36/220) | Start: 2024-12-07 14:05:00 ---
    RMSE omega (GP): 0.011181 | RMSE omega (Sim): 0.130438
    Loss: 5.8906 | Epoch: 2230
    Eq omega: 0.000241 + -0.00162theta + 0.00048omega + 0.00179theta^2 + -0.00322theta omega + 0.00196omega^2
    Eq omega Phys: 0.000766*omega**2 - 4.2e-5*omega*theta - 0.000309*omega + 1.0e-6*theta**2 + 1.0e-5*theta + 3.4e-5

--- Chunk 31496 (37/220) | Start: 2024-12-07 14:10:00 ---
    RMSE omega (GP): 0.012105 | RMSE omega (Sim): 0.166456
    Loss: 7.7028 | Epoch: 869
    Eq omega: -0.001151 + 0.00159theta + 0.00026omega + -0.00015theta^2 + 0.00143theta omega + -0.00163omega^2
    Eq omega Phys: -0.000657*omega**2 + 1.9e-5*omega*theta - 4.8e-5*omega + 2.0e-6*theta - 9.0e-6

--- Chunk 31497 (38/220) | Start: 2024-12-07 14:15:00 ---
    RMSE omega (GP): 0.010514 | RMSE omega (Sim): 0.144011
    Loss: 3.3170 | Epoch: 768
    Eq omega: 0.004831 + -0.42248theta + 0.01058omega + -0.00283theta^2 + 0.00187theta omega + 0.00550omega^2
    Eq omega Phys: 0.001946*omega**2 + 2.2e-5*omega*theta + 0.000239*omega - 1.0e-6*theta**2 - 0.000458*theta + 0.002394

--- Chunk 31498 (39/220) | Start: 2024-12-07 14:20:00 ---
    RMSE omega (GP): 0.011375 | RMSE omega (Sim): 0.154769
    Loss: 0.5094 | Epoch: 858
    Eq omega: 0.025001 + -1.12104theta + 0.00457omega + -0.01729theta^2 + -0.01502theta omega + 0.02689omega^2
    Eq omega Phys: 0.007055*omega**2 - 0.000131*omega*theta - 0.000148*omega - 5.0e-6*theta**2 - 0.001269*theta - 0.002769

--- Chunk 31499 (40/220) | Start: 2024-12-07 14:25:00 ---
    RMSE omega (GP): 0.026751 | RMSE omega (Sim): 0.117414
    Loss: 39.1701 | Epoch: 606
    Eq omega: 0.003991 + -0.22949theta + -0.01815omega + -0.01784theta^2 + -0.00577theta omega + -0.00686omega^2
    Eq omega Phys: -0.002326*omega**2 - 6.5e-5*omega*theta - 0.001165*omega - 7.0e-6*theta**2 - 0.00037*theta - 0.00267

--- Chunk 31500 (41/220) | Start: 2024-12-07 14:30:00 ---
    RMSE omega (GP): 0.010972 | RMSE omega (Sim): 0.154460
    Loss: 6.1731 | Epoch: 1453
    Eq omega: 0.000131 + 0.00124theta + 0.00197omega + 0.00025theta^2 + 0.00095theta omega + 0.00184omega^2
    Eq omega Phys: 0.000746*omega**2 + 1.3e-5*omega*theta - 0.e-6*omega - 4.0e-6

--- Chunk 31501 (42/220) | Start: 2024-12-07 14:35:00 ---
    RMSE omega (GP): 0.010854 | RMSE omega (Sim): 0.090997
    Loss: 4.7267 | Epoch: 899
    Eq omega: 0.003021 + -0.50658theta + -0.00093omega + -0.00599theta^2 + 0.00029theta omega + -0.00863omega^2
    Eq omega Phys: -0.003301*omega**2 + 4.0e-6*omega*theta - 2.4e-5*omega - 3.0e-6*theta**2 - 0.000572*theta - 0.001055

--- Chunk 31502 (43/220) | Start: 2024-12-07 14:40:00 ---
    RMSE omega (GP): 0.010212 | RMSE omega (Sim): 0.100298
    Loss: 2.3170 | Epoch: 1512
    Eq omega: -0.000621 + -0.00008theta + 0.00242omega + -0.00068theta^2 + 0.00188theta omega + 0.00009omega^2
    Eq omega Phys: 3.1e-5*omega**2 + 2.1e-5*omega*theta + 1.0e-6*omega + 2.0e-6*theta - 5.0e-6

--- Chunk 31503 (44/220) | Start: 2024-12-07 14:45:00 ---
    RMSE omega (GP): 0.012592 | RMSE omega (Sim): 0.089426
    Loss: 7.0752 | Epoch: 876
    Eq omega: -0.002761 + -0.02215theta + -0.00803omega + 0.01600theta^2 + 0.00031theta omega + -0.00237omega^2
    Eq omega Phys: -0.000886*omega**2 + 4.0e-6*omega*theta - 0.000275*omega + 7.0e-6*theta**2 - 4.9e-5*theta + 5.8e-5

--- Chunk 31504 (45/220) | Start: 2024-12-07 14:50:00 ---
    RMSE omega (GP): 0.009976 | RMSE omega (Sim): 0.114528
    Loss: -0.2418 | Epoch: 1249
    Eq omega: -0.001841 + -0.49138theta + -0.00011omega + -0.00274theta^2 + 0.00062theta omega + 0.00133omega^2
    Eq omega Phys: 0.000358*omega**2 + 6.0e-6*omega*theta - 2.6e-5*omega - 0.e-6*theta**2 - 0.00054*theta + 0.002129

--- Chunk 31505 (46/220) | Start: 2024-12-07 14:55:00 ---
    RMSE omega (GP): 0.010539 | RMSE omega (Sim): 0.080066
    Loss: 0.9117 | Epoch: 748
    Eq omega: -0.015811 + -2.43424theta + -0.02211omega + -0.25779theta^2 + 0.00619theta omega + 0.00771omega^2
    Eq omega Phys: 0.002307*omega**2 + 6.2e-5*omega*theta - 0.000651*omega - 8.6e-5*theta**2 - 0.002945*theta - 0.004011

--- Chunk 31506 (47/220) | Start: 2024-12-07 15:00:00 ---
    RMSE omega (GP): nan | RMSE omega (Sim): nan
    Loss: 515.4236 | Epoch: 18
    Eq omega: nan1 + nantheta + nanomega + nantheta^2 + nantheta omega + nanomega^2
    Eq omega Phys: N/A

--- Chunk 31507 (48/220) | Start: 2024-12-07 15:05:00 ---
    RMSE omega (GP): 0.009268 | RMSE omega (Sim): 0.092206
    Loss: 1.0054 | Epoch: 1836
    Eq omega: -0.036191 + -0.93889theta + -0.22026omega + 0.01881theta^2 + -0.10234theta omega + 0.02844omega^2
    Eq omega Phys: 0.009347*omega**2 - 0.001121*omega*theta - 0.018614*omega + 7.0e-6*theta**2 - 0.000905*theta - 0.009916

--- Chunk 31508 (49/220) | Start: 2024-12-07 15:10:00 ---
    RMSE omega (GP): nan | RMSE omega (Sim): nan
    Loss: 1061.1451 | Epoch: 20
    Eq omega: nan1 + nantheta + nanomega + nantheta^2 + nantheta omega + nanomega^2
    Eq omega Phys: N/A

--- Chunk 31509 (50/220) | Start: 2024-12-07 15:15:00 ---
    RMSE omega (GP): 0.013870 | RMSE omega (Sim): 0.107236
    Loss: 11.4612 | Epoch: 391
    Eq omega: -0.003191 + -0.06748theta + -0.00557omega + 0.00007theta^2 + -0.00073theta omega + 0.00040omega^2
    Eq omega Phys: 0.000155*omega**2 - 9.0e-6*omega*theta - 0.000181*omega - 7.5e-5*theta + 2.4e-5

  [Progress 50/220] Mean RMSE omega (GP): 0.017020 | (Sim): 0.112553 | Mean loss: -2514.7054 | Valid GP: 37/50 | Valid Sim: 36/50 | Elapsed: 14.7min | ETA: 49.8min

--- Chunk 31510 (51/220) | Start: 2024-12-07 15:20:00 ---
    RMSE omega (GP): 0.010112 | RMSE omega (Sim): 0.090992
    Loss: 3.2973 | Epoch: 1204
    Eq omega: -0.000581 + -0.00152theta + -0.00184omega + 0.00189theta^2 + -0.00510theta omega + 0.00102omega^2
    Eq omega Phys: 0.000375*omega**2 - 6.2e-5*omega*theta + 0.000215*omega + 1.0e-6*theta**2 - 9.0e-6*theta + 2.1e-5

--- Chunk 31511 (52/220) | Start: 2024-12-07 15:25:00 ---
    RMSE omega (GP): 0.012088 | RMSE omega (Sim): 0.111889
    Loss: 6.3419 | Epoch: 1357
    Eq omega: -0.000721 + -0.00010theta + 0.00018omega + 0.00002theta^2 + 0.00011theta omega + 0.00052omega^2
    Eq omega Phys: 0.000203*omega**2 + 1.0e-6*omega*theta - 2.4e-5*omega + 4.0e-6

--- Chunk 31512 (53/220) | Start: 2024-12-07 15:30:00 ---
    RMSE omega (GP): 0.012045 | RMSE omega (Sim): 0.163113
    Loss: 4.2337 | Epoch: 961
    Eq omega: 0.007081 + -0.96659theta + -0.00978omega + -0.03044theta^2 + -0.03431theta omega + 0.01685omega^2
    Eq omega Phys: 0.005648*omega**2 - 0.000383*omega*theta + 0.001193*omega - 1.1e-5*theta**2 - 0.000984*theta + 0.004101

--- Chunk 31513 (54/220) | Start: 2024-12-07 15:35:00 ---
    RMSE omega (GP): nan | RMSE omega (Sim): nan
    Loss: 480.0851 | Epoch: 19
    Eq omega: nan1 + nantheta + nanomega + nantheta^2 + nantheta omega + nanomega^2
    Eq omega Phys: N/A

--- Chunk 31514 (55/220) | Start: 2024-12-07 15:40:00 ---
    RMSE omega (GP): 0.012062 | RMSE omega (Sim): 0.088485
    Loss: 6.7358 | Epoch: 1040
    Eq omega: -0.001891 + -3.38568theta + 0.01835omega + 0.01502theta^2 + -0.04535theta omega + -0.00798omega^2
    Eq omega Phys: -0.00305*omega**2 - 0.000578*omega*theta + 0.001177*omega + 6.0e-6*theta**2 - 0.003774*theta + 0.003684

--- Chunk 31515 (56/220) | Start: 2024-12-07 15:45:00 ---
    RMSE omega (GP): 0.011378 | RMSE omega (Sim): 0.075397
    Loss: 1.8558 | Epoch: 4080
    Eq omega: 0.012521 + -0.17998theta + -0.01340omega + 0.00008theta^2 + 0.00045theta omega + 0.00192omega^2
    Eq omega Phys: 0.000585*omega**2 + 5.0e-6*omega*theta - 0.00039*omega - 0.000199*theta - 0.002424

--- Chunk 31516 (57/220) | Start: 2024-12-07 15:50:00 ---
    RMSE omega (GP): nan | RMSE omega (Sim): nan
    Loss: 395.1153 | Epoch: 17
    Eq omega: nan1 + nantheta + nanomega + nantheta^2 + nantheta omega + nanomega^2
    Eq omega Phys: N/A

--- Chunk 31517 (58/220) | Start: 2024-12-07 15:55:00 ---
    RMSE omega (GP): 0.011198 | RMSE omega (Sim): 0.121503
    Loss: 10.1040 | Epoch: 1631
    Eq omega: 0.000961 + -0.00151theta + 0.00022omega + 0.00023theta^2 + -0.00032theta omega + 0.00050omega^2
    Eq omega Phys: 0.000236*omega**2 - 5.0e-6*omega*theta + 3.0e-5*omega - 3.0e-6*theta + 1.2e-5

--- Chunk 31518 (59/220) | Start: 2024-12-07 16:00:00 ---
    RMSE omega (GP): nan | RMSE omega (Sim): nan
    Loss: 41.0036 | Epoch: 77
    Eq omega: nan1 + nantheta + nanomega + nantheta^2 + nantheta omega + nanomega^2
    Eq omega Phys: N/A

--- Chunk 31519 (60/220) | Start: 2024-12-07 16:05:00 ---
    RMSE omega (GP): 0.010766 | RMSE omega (Sim): 0.111026
    Loss: 1.2636 | Epoch: 2267
    Eq omega: 0.020691 + -0.00312theta + -0.00190omega + -0.00006theta^2 + 0.00196theta omega + 0.00322omega^2
    Eq omega Phys: 0.001015*omega**2 + 2.1e-5*omega*theta + 0.000222*omega - 4.0e-6*theta + 2.1e-5

--- Chunk 31520 (61/220) | Start: 2024-12-07 16:10:00 ---
    RMSE omega (GP): 0.011467 | RMSE omega (Sim): 0.159381
    Loss: 5.7360 | Epoch: 937
    Eq omega: 0.005981 + -0.99133theta + -0.01679omega + -0.00081theta^2 + 0.04184theta omega + 0.00969omega^2
    Eq omega Phys: 0.003749*omega**2 + 0.00054*omega*theta - 0.00291*omega - 0.001098*theta + 0.004809

--- Chunk 31521 (62/220) | Start: 2024-12-07 16:15:00 ---
    RMSE omega (GP): 0.013113 | RMSE omega (Sim): 0.122458
    Loss: 3.1423 | Epoch: 130
    Eq omega: -0.000841 + -0.00140theta + -0.00026omega + 0.00150theta^2 + -0.00055theta omega + -0.00059omega^2
    Eq omega Phys: -0.000169*omega**2 - 5.0e-6*omega*theta - 3.0e-6*theta + 1.0e-6

--- Chunk 31522 (63/220) | Start: 2024-12-07 16:20:00 ---
    RMSE omega (GP): 0.012276 | RMSE omega (Sim): 0.165443
    Loss: 3.0691 | Epoch: 1396
    Eq omega: 0.000041 + -0.00263theta + -0.01619omega + 0.00231theta^2 + 0.00083theta omega + 0.00069omega^2
    Eq omega Phys: 0.000212*omega**2 + 9.0e-6*omega*theta - 0.000446*omega + 1.0e-6*theta**2 + 1.4e-5*theta + 6.4e-5

--- Chunk 31523 (64/220) | Start: 2024-12-07 16:25:00 ---
    RMSE omega (GP): nan | RMSE omega (Sim): nan
    Loss: 27.2763 | Epoch: 78
    Eq omega: nan1 + nantheta + nanomega + nantheta^2 + nantheta omega + nanomega^2
    Eq omega Phys: N/A

--- Chunk 31524 (65/220) | Start: 2024-12-07 16:30:00 ---
    RMSE omega (GP): 0.027099 | RMSE omega (Sim): 0.088843
    Loss: 49.0799 | Epoch: 61
    Eq omega: -0.000161 + -0.00796theta + 0.00820omega + 0.00690theta^2 + 0.01820theta omega + -0.00638omega^2
    Eq omega Phys: -0.002447*omega**2 + 0.000233*omega*theta + 0.000948*omega + 3.0e-6*theta**2 + 8.0e-6*theta - 1.0e-6

--- Chunk 31525 (66/220) | Start: 2024-12-07 16:35:00 ---
    RMSE omega (GP): nan | RMSE omega (Sim): nan
    Loss: 352.2797 | Epoch: 147
    Eq omega: nan1 + nantheta + nanomega + nantheta^2 + nantheta omega + nanomega^2
    Eq omega Phys: N/A

--- Chunk 31526 (67/220) | Start: 2024-12-07 16:40:00 ---
    RMSE omega (GP): 0.014646 | RMSE omega (Sim): nan
    Loss: 3.2872 | Epoch: 1488
    Eq omega: 0.008131 + -0.78447theta + 0.00896omega + -0.44481theta^2 + 0.13280theta omega + 0.00845omega^2
    Eq omega Phys: 0.002198*omega**2 + 0.001151*omega*theta + 0.003423*omega - 0.000129*theta**2 - 0.001569*theta - 0.003277

--- Chunk 31527 (68/220) | Start: 2024-12-07 16:45:00 ---
    RMSE omega (GP): nan | RMSE omega (Sim): nan
    Loss: 45.4586 | Epoch: 66
    Eq omega: nan1 + nantheta + nanomega + nantheta^2 + nantheta omega + nanomega^2
    Eq omega Phys: N/A

--- Chunk 31528 (69/220) | Start: 2024-12-07 16:50:00 ---
    RMSE omega (GP): 0.009247 | RMSE omega (Sim): 0.141648
    Loss: 0.7248 | Epoch: 1692
    Eq omega: -0.004551 + 0.00153theta + -0.00067omega + 0.00006theta^2 + 0.00115theta omega + 0.00256omega^2
    Eq omega Phys: 0.0008*omega**2 + 1.2e-5*omega*theta + 0.000203*omega + 2.0e-6*theta + 2.3e-5

--- Chunk 31529 (70/220) | Start: 2024-12-07 16:55:00 ---
    RMSE omega (GP): 0.013750 | RMSE omega (Sim): 0.105734
    Loss: 9.9697 | Epoch: 1464
    Eq omega: -0.009571 + -0.07956theta + 0.00584omega + 0.02077theta^2 + 0.00287theta omega + -0.01540omega^2
    Eq omega Phys: -0.005905*omega**2 + 3.7e-5*omega*theta - 0.000275*omega + 9.0e-6*theta**2 - 0.000315*theta + 0.002558

--- Chunk 31530 (71/220) | Start: 2024-12-07 17:00:00 ---
    RMSE omega (GP): 0.010044 | RMSE omega (Sim): 0.171312
    Loss: 4.9268 | Epoch: 1904
    Eq omega: -0.001411 + -0.00146theta + 0.00222omega + 0.00001theta^2 + 0.00024theta omega + 0.00066omega^2
    Eq omega Phys: 0.000274*omega**2 + 3.0e-6*omega*theta + 0.000114*omega - 2.0e-6*theta - 2.3e-5

--- Chunk 31531 (72/220) | Start: 2024-12-07 17:05:00 ---
    RMSE omega (GP): 0.011932 | RMSE omega (Sim): 0.100339
    Loss: 3.5710 | Epoch: 2544
    Eq omega: 0.004051 + -0.16775theta + -0.00599omega + -0.00276theta^2 + -0.00186theta omega + 0.00180omega^2
    Eq omega Phys: 0.000576*omega**2 - 2.0e-5*omega*theta - 0.000331*omega - 0.e-6*theta**2 - 0.000199*theta - 0.001269

--- Chunk 31532 (73/220) | Start: 2024-12-07 17:10:00 ---
    RMSE omega (GP): 0.016795 | RMSE omega (Sim): 0.120844
    Loss: 28.0499 | Epoch: 1177
    Eq omega: 0.001391 + -0.24361theta + 0.00249omega + 0.00045theta^2 + -0.00117theta omega + 0.00030omega^2
    Eq omega Phys: 9.7e-5*omega**2 - 1.3e-5*omega*theta + 4.4e-5*omega - 0.00027*theta - 0.000826

--- Chunk 31533 (74/220) | Start: 2024-12-07 17:15:00 ---
    RMSE omega (GP): 0.012074 | RMSE omega (Sim): 0.112741
    Loss: 4.9192 | Epoch: 1645
    Eq omega: 0.003651 + -0.80264theta + -0.01875omega + 0.00273theta^2 + -0.02146theta omega + 0.00676omega^2
    Eq omega Phys: 0.002372*omega**2 - 0.000251*omega*theta - 0.002401*omega + 1.0e-6*theta**2 - 0.000877*theta - 0.006245

--- Chunk 31534 (75/220) | Start: 2024-12-07 17:20:00 ---
    RMSE omega (GP): 0.012157 | RMSE omega (Sim): 0.067013
    Loss: 4.0650 | Epoch: 1130
    Eq omega: -0.007601 + -1.57702theta + -0.01386omega + 0.05892theta^2 + -0.01045theta omega + -0.00652omega^2
    Eq omega Phys: -0.002128*omega**2 - 0.000114*omega*theta - 0.000758*omega + 2.1e-5*theta**2 - 0.001641*theta - 0.004445

--- Chunk 31535 (76/220) | Start: 2024-12-07 17:25:00 ---
    RMSE omega (GP): 0.012307 | RMSE omega (Sim): 0.087225
    Loss: 3.1156 | Epoch: 999
    Eq omega: 0.000471 + -0.28113theta + -0.00666omega + 0.00238theta^2 + 0.00645theta omega + 0.02414omega^2
    Eq omega Phys: 0.007438*omega**2 + 6.6e-5*omega*theta + 0.000343*omega + 1.0e-6*theta**2 - 0.000298*theta - 0.002602

--- Chunk 31536 (77/220) | Start: 2024-12-07 17:30:00 ---
    RMSE omega (GP): nan | RMSE omega (Sim): nan
    Loss: 578.9780 | Epoch: 16
    Eq omega: nan1 + nantheta + nanomega + nantheta^2 + nantheta omega + nanomega^2
    Eq omega Phys: N/A

--- Chunk 31537 (78/220) | Start: 2024-12-07 17:35:00 ---
    RMSE omega (GP): 0.009609 | RMSE omega (Sim): 0.095815
    Loss: 1.4162 | Epoch: 2633
    Eq omega: -0.010541 + -0.13405theta + -0.00705omega + 0.00060theta^2 + 0.00150theta omega + -0.01948omega^2
    Eq omega Phys: -0.006365*omega**2 + 1.6e-5*omega*theta - 0.000544*omega - 0.000157*theta + 0.002863

--- Chunk 31538 (79/220) | Start: 2024-12-07 17:40:00 ---
    RMSE omega (GP): 0.038213 | RMSE omega (Sim): 0.242248
    Loss: -13900.9521 | Epoch: 532
    Eq omega: 0.013971 + -0.00356theta + -0.00097omega + 0.00007theta^2 + -0.00810theta omega + 0.00063omega^2
    Eq omega Phys: 0.000309*omega**2 - 0.000133*omega*theta + 0.002024*omega - 5.0e-6*theta + 0.000102

--- Chunk 31539 (80/220) | Start: 2024-12-07 17:45:00 ---
    RMSE omega (GP): 0.009671 | RMSE omega (Sim): 0.145915
    Loss: -0.6603 | Epoch: 1048
    Eq omega: 0.015041 + -1.36693theta + 0.02540omega + -0.02431theta^2 + 0.38032theta omega + 0.03917omega^2
    Eq omega Phys: 0.011269*omega**2 + 0.003647*omega*theta - 0.004664*omega - 8.0e-6*theta**2 - 0.001495*theta + 0.002335

--- Chunk 31540 (81/220) | Start: 2024-12-07 17:50:00 ---
    RMSE omega (GP): 0.024255 | RMSE omega (Sim): 0.093722
    Loss: 75.7073 | Epoch: 995
    Eq omega: 0.002551 + -0.00099theta + -0.00273omega + -0.00412theta^2 + 0.00015theta omega + 0.00106omega^2
    Eq omega Phys: 0.000676*omega**2 + 3.0e-6*omega*theta - 0.000166*omega - 3.0e-6*theta**2 + 0.000137*theta - 0.001596

--- Chunk 31541 (82/220) | Start: 2024-12-07 17:55:00 ---
    RMSE omega (GP): 0.011165 | RMSE omega (Sim): 0.124312
    Loss: 0.5633 | Epoch: 782
    Eq omega: -0.000411 + -0.86325theta + -0.00580omega + 0.00087theta^2 + 0.02564theta omega + -0.02459omega^2
    Eq omega Phys: -0.006453*omega**2 + 0.000224*omega*theta - 0.000125*omega - 0.000959*theta - 0.000296

--- Chunk 31542 (83/220) | Start: 2024-12-07 18:00:00 ---
    RMSE omega (GP): 0.033117 | RMSE omega (Sim): 0.080101
    Loss: 139.2624 | Epoch: 393
    Eq omega: -0.016121 + -0.00092theta + -0.00317omega + -0.00009theta^2 + -0.00011theta omega + 0.00034omega^2
    Eq omega Phys: 0.000148*omega**2 - 2.0e-6*omega*theta - 6.5e-5*omega + 1.0e-6*theta - 4.3e-5

--- Chunk 31543 (84/220) | Start: 2024-12-07 18:05:00 ---
    RMSE omega (GP): 0.045404 | RMSE omega (Sim): 0.117220
    Loss: 275.9185 | Epoch: 239
    Eq omega: -0.002811 + -0.01393theta + -0.00134omega + -0.00014theta^2 + -0.00084theta omega + 0.00015omega^2
    Eq omega Phys: 7.0e-5*omega**2 - 1.3e-5*omega*theta + 0.00031*omega - 1.2e-5*theta + 0.000358

--- Chunk 31544 (85/220) | Start: 2024-12-07 18:10:00 ---
    RMSE omega (GP): 0.012724 | RMSE omega (Sim): 0.150208
    Loss: 3.6679 | Epoch: 2381
    Eq omega: -0.007111 + -0.62642theta + -0.01805omega + -0.14968theta^2 + 0.01139theta omega + -0.00670omega^2
    Eq omega Phys: -0.002097*omega**2 + 0.000119*omega*theta - 0.001279*omega - 5.2e-5*theta**2 - 0.000103*theta + 0.002251

--- Chunk 31545 (86/220) | Start: 2024-12-07 18:15:00 ---
    RMSE omega (GP): 0.015080 | RMSE omega (Sim): 0.115154
    Loss: 22.7201 | Epoch: 1636
    Eq omega: 0.003391 + -0.00550theta + 0.00025omega + 0.00498theta^2 + 0.00019theta omega + -0.00102omega^2
    Eq omega Phys: -0.000508*omega**2 + 3.0e-6*omega*theta - 3.2e-5*omega + 3.0e-6*theta**2 - 7.7e-5*theta + 0.000536

--- Chunk 31546 (87/220) | Start: 2024-12-07 18:20:00 ---
    RMSE omega (GP): 0.036240 | RMSE omega (Sim): 0.136525
    Loss: 34.3354 | Epoch: 276
    Eq omega: -0.001071 + -0.43477theta + -0.01611omega + 0.00009theta^2 + 0.22458theta omega + -0.00064omega^2
    Eq omega Phys: -0.000155*omega**2 + 0.001816*omega*theta - 0.026016*omega - 0.000484*theta + 0.006777

--- Chunk 31547 (88/220) | Start: 2024-12-07 18:25:00 ---
    RMSE omega (GP): 0.011328 | RMSE omega (Sim): 0.108125
    Loss: 2.6333 | Epoch: 1299
    Eq omega: 0.000061 + -0.00419theta + 0.00051omega + 0.00001theta^2 + 0.00038theta omega + 0.00212omega^2
    Eq omega Phys: 0.000658*omega**2 + 4.0e-6*omega*theta - 2.0e-6*omega - 5.0e-6*theta + 2.2e-5

--- Chunk 31548 (89/220) | Start: 2024-12-07 18:30:00 ---
    RMSE omega (GP): 0.011060 | RMSE omega (Sim): 0.085080
    Loss: 8.7865 | Epoch: 1568
    Eq omega: 0.023551 + -0.02139theta + 0.00235omega + 0.00706theta^2 + -0.00383theta omega + 0.00112omega^2
    Eq omega Phys: 0.000517*omega**2 - 5.9e-5*omega*theta + 0.001009*omega + 4.0e-6*theta**2 - 0.000138*theta + 0.001335

--- Chunk 31549 (90/220) | Start: 2024-12-07 18:35:00 ---
/pfs/data6/home/ka/ka_iai/ka_bj2362/dsr/svise/run_analysis_5min_all_chunks_combo38.py:212: ODEintWarning: Excess work done on this call (perhaps wrong Dfun type). Run with full_output = 1 to get quantitative information.
  sol_scaled = odeint(drift, x0_scaled, t_scaled, full_output=False)
    RMSE omega (GP): 0.023862 | RMSE omega (Sim): nan
    Loss: 183.2750 | Epoch: 1792
    Eq omega: 0.020671 + -0.40917theta + 0.08069omega + -0.00743theta^2 + 0.10172theta omega + 0.00530omega^2
    Eq omega Phys: 0.004398*omega**2 + 0.002814*omega*theta - 0.062491*omega - 7.0e-6*theta**2 - 0.000137*theta + 0.006883

--- Chunk 31550 (91/220) | Start: 2024-12-07 18:40:00 ---
    RMSE omega (GP): nan | RMSE omega (Sim): nan
    Loss: 514.8867 | Epoch: 65
    Eq omega: nan1 + nantheta + nanomega + nantheta^2 + nantheta omega + nanomega^2
    Eq omega Phys: N/A

--- Chunk 31551 (92/220) | Start: 2024-12-07 18:45:00 ---
    RMSE omega (GP): 0.013145 | RMSE omega (Sim): 0.112426
    Loss: 3.9454 | Epoch: 1509
    Eq omega: 0.017711 + -0.00153theta + 0.00042omega + -0.00008theta^2 + 0.00033theta omega + -0.00068omega^2
    Eq omega Phys: -0.000211*omega**2 + 3.0e-6*omega*theta - 2.8e-5*omega - 1.0e-6*theta + 8.0e-5

--- Chunk 31552 (93/220) | Start: 2024-12-07 18:50:00 ---
    RMSE omega (GP): 0.011306 | RMSE omega (Sim): 0.106471
    Loss: 10.6042 | Epoch: 2232
    Eq omega: 0.004351 + -0.04577theta + 0.00736omega + 0.00008theta^2 + -0.00008theta omega + 0.00048omega^2
    Eq omega Phys: 0.000214*omega**2 - 1.0e-6*omega*theta + 0.000289*omega - 5.4e-5*theta + 0.001915

--- Chunk 31553 (94/220) | Start: 2024-12-07 18:55:00 ---
    RMSE omega (GP): 0.010045 | RMSE omega (Sim): 0.137198
    Loss: 1.3050 | Epoch: 1336
    Eq omega: 0.044501 + -0.97858theta + -0.00023omega + 0.03236theta^2 + -0.00070theta omega + -0.02929omega^2
    Eq omega Phys: -0.009418*omega**2 - 8.0e-6*omega*theta + 2.0e-6*omega + 1.2e-5*theta**2 - 0.001116*theta + 0.001542

--- Chunk 31554 (95/220) | Start: 2024-12-07 19:00:00 ---
    RMSE omega (GP): 0.007750 | RMSE omega (Sim): 0.169576
    Loss: -1.1903 | Epoch: 931
    Eq omega: 0.010911 + -1.19127theta + -0.00034omega + -0.02206theta^2 + 0.18386theta omega + 0.01335omega^2
    Eq omega Phys: 0.003889*omega**2 + 0.001785*omega*theta - 0.00734*omega - 7.0e-6*theta**2 - 0.001265*theta + 0.005354

--- Chunk 31555 (96/220) | Start: 2024-12-07 19:05:00 ---
    RMSE omega (GP): 0.010555 | RMSE omega (Sim): 0.213458
    Loss: -0.1540 | Epoch: 1306
    Eq omega: -0.001361 + -0.00149theta + -0.00215omega + -0.00082theta^2 + 0.00166theta omega + 0.00331omega^2
    Eq omega Phys: 0.000864*omega**2 + 1.4e-5*omega*theta - 0.00013*omega - 3.0e-6

--- Chunk 31556 (97/220) | Start: 2024-12-07 19:10:00 ---
    RMSE omega (GP): nan | RMSE omega (Sim): nan
    Loss: 24.8431 | Epoch: 67
    Eq omega: nan1 + nantheta + nanomega + nantheta^2 + nantheta omega + nanomega^2
    Eq omega Phys: N/A

--- Chunk 31557 (98/220) | Start: 2024-12-07 19:15:00 ---
    RMSE omega (GP): 0.011528 | RMSE omega (Sim): 0.214745
    Loss: 2.3521 | Epoch: 895
    Eq omega: -0.018681 + -0.57819theta + -0.01088omega + -0.01738theta^2 + 0.00385theta omega + -0.00974omega^2
    Eq omega Phys: -0.003021*omega**2 + 4.0e-5*omega*theta - 0.000627*omega - 6.0e-6*theta**2 - 0.000563*theta + 0.003932

--- Chunk 31558 (99/220) | Start: 2024-12-07 19:20:00 ---
    RMSE omega (GP): 0.012551 | RMSE omega (Sim): 0.118565
    Loss: 2.4728 | Epoch: 1143
    Eq omega: -0.000411 + -0.99799theta + -0.00086omega + 0.00266theta^2 + 0.01171theta omega + 0.00098omega^2
    Eq omega Phys: 0.000285*omega**2 + 0.000113*omega*theta + 0.000115*omega + 1.0e-6*theta**2 - 0.001107*theta - 0.001405

--- Chunk 31559 (100/220) | Start: 2024-12-07 19:25:00 ---
    RMSE omega (GP): 0.009026 | RMSE omega (Sim): 0.115728
    Loss: 1.6544 | Epoch: 1252
    Eq omega: -0.007921 + 0.00020theta + -0.00307omega + -0.00009theta^2 + -0.00021theta omega + 0.00164omega^2
    Eq omega Phys: 0.00059*omega**2 - 3.0e-6*omega*theta - 7.2e-5*omega + 1.0e-6*theta - 3.2e-5

  [Progress 100/220] Mean RMSE omega (GP): 0.016076 | (Sim): 0.119198 | Mean loss: -1362.5019 | Valid GP: 78/100 | Valid Sim: 75/100 | Elapsed: 33.1min | ETA: 39.7min

--- Chunk 31560 (101/220) | Start: 2024-12-07 19:30:00 ---
    RMSE omega (GP): 0.014238 | RMSE omega (Sim): 0.068291
    Loss: -31990.6934 | Epoch: 1165
    Eq omega: -0.020431 + 0.00056theta + -0.00468omega + -0.00003theta^2 + 0.00040theta omega + 0.00018omega^2
    Eq omega Phys: 0.00012*omega**2 + 9.0e-6*omega*theta - 5.4e-5*omega - 3.0e-5

--- Chunk 31561 (102/220) | Start: 2024-12-07 19:35:00 ---
    RMSE omega (GP): 0.011582 | RMSE omega (Sim): 0.136787
    Loss: 6.1747 | Epoch: 883
    Eq omega: -0.000321 + -0.00289theta + -0.00032omega + -0.00135theta^2 + -0.00082theta omega + 0.00544omega^2
    Eq omega Phys: 0.002134*omega**2 - 1.1e-5*omega*theta - 3.1e-5*omega - 0.e-6*theta**2 - 5.0e-6*theta - 9.0e-6

--- Chunk 31562 (103/220) | Start: 2024-12-07 19:40:00 ---
    RMSE omega (GP): 0.010764 | RMSE omega (Sim): 0.157758
    Loss: 0.4953 | Epoch: 1108
    Eq omega: -0.000841 + -0.19239theta + -0.00091omega + 0.02769theta^2 + 0.00285theta omega + -0.01182omega^2
    Eq omega Phys: -0.003374*omega**2 + 2.7e-5*omega*theta + 0.000102*omega + 9.0e-6*theta**2 - 0.000128*theta - 0.000838

--- Chunk 31563 (104/220) | Start: 2024-12-07 19:45:00 ---
    RMSE omega (GP): 0.011271 | RMSE omega (Sim): 0.131118
    Loss: 0.7401 | Epoch: 1657
    Eq omega: 0.000631 + -0.00407theta + 0.00241omega + -0.00050theta^2 + -0.00001theta omega + 0.00074omega^2
    Eq omega Phys: 0.000194*omega**2 + 8.1e-5*omega - 3.0e-6*theta + 1.9e-5

--- Chunk 31564 (105/220) | Start: 2024-12-07 19:50:00 ---
    RMSE omega (GP): 0.009695 | RMSE omega (Sim): 0.264485
    Loss: -0.2425 | Epoch: 1088
    Eq omega: 0.008711 + 0.00022theta + 0.01433omega + -0.00017theta^2 + 0.00039theta omega + -0.00003omega^2
    Eq omega Phys: -8.0e-6*omega**2 + 4.0e-6*omega*theta + 0.000483*omega + 3.6e-5

--- Chunk 31565 (106/220) | Start: 2024-12-07 19:55:00 ---
    RMSE omega (GP): nan | RMSE omega (Sim): nan
    Loss: 56.8959 | Epoch: 69
    Eq omega: nan1 + nantheta + nanomega + nantheta^2 + nantheta omega + nanomega^2
    Eq omega Phys: N/A

--- Chunk 31566 (107/220) | Start: 2024-12-07 20:00:00 ---
    RMSE omega (GP): 0.011003 | RMSE omega (Sim): nan
    Loss: 0.8249 | Epoch: 1233
    Eq omega: -0.001251 + -0.43485theta + 0.00757omega + -0.16836theta^2 + 0.00632theta omega + 0.01247omega^2
    Eq omega Phys: 0.003525*omega**2 + 6.0e-5*omega*theta + 0.000594*omega - 5.3e-5*theta**2 - 0.00109*theta - 0.004521

--- Chunk 31567 (108/220) | Start: 2024-12-07 20:05:00 ---
    RMSE omega (GP): 0.012735 | RMSE omega (Sim): 0.056477
    Loss: 3.7939 | Epoch: 1612
    Eq omega: 0.000601 + -0.16300theta + 0.00399omega + 0.00035theta^2 + -0.00138theta omega + -0.00310omega^2
    Eq omega Phys: -0.000986*omega**2 - 1.5e-5*omega*theta + 0.000159*omega - 0.000182*theta + 0.000328

--- Chunk 31568 (109/220) | Start: 2024-12-07 20:10:00 ---
    RMSE omega (GP): 0.011014 | RMSE omega (Sim): 0.100333
    Loss: 5.8017 | Epoch: 1694
    Eq omega: -0.018851 + -0.04428theta + -0.00853omega + -0.00085theta^2 + 0.00016theta omega + -0.00513omega^2
    Eq omega Phys: -0.002008*omega**2 + 2.0e-6*omega*theta - 0.000255*omega - 6.0e-5*theta - 0.000819

--- Chunk 31569 (110/220) | Start: 2024-12-07 20:15:00 ---
    RMSE omega (GP): nan | RMSE omega (Sim): nan
    Loss: 23.2405 | Epoch: 41
    Eq omega: nan1 + nantheta + nanomega + nantheta^2 + nantheta omega + nanomega^2
    Eq omega Phys: N/A

--- Chunk 31570 (111/220) | Start: 2024-12-09 08:00:00 ---
    RMSE omega (GP): 0.010134 | RMSE omega (Sim): 0.198467
    Loss: 1.9381 | Epoch: 706
    Eq omega: 0.003051 + -0.88779theta + -0.01467omega + 0.00637theta^2 + -0.00341theta omega + -0.03280omega^2
    Eq omega Phys: -0.010771*omega**2 - 3.7e-5*omega*theta - 0.000211*omega + 2.0e-6*theta**2 - 0.001021*theta + 0.007477

--- Chunk 31571 (112/220) | Start: 2024-12-09 08:05:00 ---
    RMSE omega (GP): 0.011210 | RMSE omega (Sim): 0.118124
    Loss: 5.7430 | Epoch: 1122
    Eq omega: 0.006191 + 0.00046theta + -0.00614omega + 0.00005theta^2 + -0.00125theta omega + -0.00980omega^2
    Eq omega Phys: -0.003863*omega**2 - 1.6e-5*omega*theta - 0.000238*omega + 1.0e-6*theta + 1.9e-5

--- Chunk 31572 (113/220) | Start: 2024-12-09 08:10:00 ---
    RMSE omega (GP): 0.012070 | RMSE omega (Sim): 0.051776
    Loss: 26.2030 | Epoch: 2741
    Eq omega: 0.000191 + -0.00035theta + -0.00229omega + -0.00006theta^2 + 0.00009theta omega + -0.00017omega^2
    Eq omega Phys: -0.000111*omega**2 + 2.0e-6*omega*theta - 0.000118*omega + 1.0e-6*theta - 1.1e-5

--- Chunk 31573 (114/220) | Start: 2024-12-09 08:15:00 ---
    RMSE omega (GP): nan | RMSE omega (Sim): nan
    Loss: 390.2411 | Epoch: 22
    Eq omega: nan1 + nantheta + nanomega + nantheta^2 + nantheta omega + nanomega^2
    Eq omega Phys: N/A

--- Chunk 31574 (115/220) | Start: 2024-12-09 08:20:00 ---
    RMSE omega (GP): 0.019703 | RMSE omega (Sim): 0.080879
    Loss: 32.7769 | Epoch: 95
    Eq omega: -0.001421 + -0.00001theta + 0.00186omega + -0.00078theta^2 + -0.00031theta omega + 0.00271omega^2
    Eq omega Phys: 0.001192*omega**2 - 5.0e-6*omega*theta + 5.7e-5*omega - 0.e-6*theta - 4.0e-6

--- Chunk 31575 (116/220) | Start: 2024-12-09 08:25:00 ---
    RMSE omega (GP): 0.036926 | RMSE omega (Sim): 0.188308
    Loss: 148.9818 | Epoch: 59
    Eq omega: 0.017321 + -0.00094theta + 0.00066omega + 0.00058theta^2 + 0.00001theta omega + 0.00024omega^2
    Eq omega Phys: 0.000111*omega**2 + 2.0e-5*omega - 7.0e-6*theta + 8.5e-5

--- Chunk 31576 (117/220) | Start: 2024-12-09 08:30:00 ---
    RMSE omega (GP): nan | RMSE omega (Sim): nan
    Loss: 1074.9309 | Epoch: 24
    Eq omega: nan1 + nantheta + nanomega + nantheta^2 + nantheta omega + nanomega^2
    Eq omega Phys: N/A

--- Chunk 31577 (118/220) | Start: 2024-12-09 08:35:00 ---
    RMSE omega (GP): 0.009740 | RMSE omega (Sim): 0.066688
    Loss: 8.2390 | Epoch: 1227
    Eq omega: 0.000051 + -0.00158theta + 0.00130omega + 0.00255theta^2 + -0.00030theta omega + -0.00340omega^2
    Eq omega Phys: -0.001726*omega**2 - 5.0e-6*omega*theta + 6.7e-5*omega + 1.0e-6*theta**2 - 1.5e-5*theta + 4.0e-5

--- Chunk 31578 (119/220) | Start: 2024-12-09 08:40:00 ---
    RMSE omega (GP): 0.034909 | RMSE omega (Sim): 0.062596
    Loss: 291.5496 | Epoch: 45
    Eq omega: -0.000141 + -0.00388theta + 0.00044omega + -0.00008theta^2 + -0.00769theta omega + 0.00007omega^2
    Eq omega Phys: 4.5e-5*omega**2 - 0.000166*omega*theta + 0.002081*omega - 3.0e-6*theta + 4.4e-5

--- Chunk 31579 (120/220) | Start: 2024-12-09 08:45:00 ---
    RMSE omega (GP): 0.009240 | RMSE omega (Sim): 0.068783
    Loss: 12.4549 | Epoch: 1117
    Eq omega: 0.002221 + -0.00037theta + 0.00369omega + -0.00009theta^2 + -0.00003theta omega + -0.00034omega^2
    Eq omega Phys: -0.000208*omega**2 - 0.e-6*omega*theta + 0.00013*omega + 1.0e-6*theta

--- Chunk 31580 (121/220) | Start: 2024-12-09 08:50:00 ---
    RMSE omega (GP): 0.036200 | RMSE omega (Sim): 0.062779
    Loss: 361.0825 | Epoch: 378
    Eq omega: 0.005881 + -0.00015theta + 0.00169omega + 0.00034theta^2 + 0.00004theta omega + 0.00329omega^2
    Eq omega Phys: 0.002426*omega**2 + 1.0e-6*omega*theta + 4.0e-5*omega - 9.0e-6*theta + 8.7e-5

--- Chunk 31581 (122/220) | Start: 2024-12-09 08:55:00 ---
    RMSE omega (GP): 0.011945 | RMSE omega (Sim): 0.062702
    Loss: 23.7762 | Epoch: 2758
    Eq omega: -0.001231 + 0.00009theta + 0.00031omega + 0.00000theta^2 + 0.00007theta omega + -0.00008omega^2
    Eq omega Phys: -5.1e-5*omega**2 + 1.0e-6*omega*theta - 2.4e-5*omega - 4.0e-6

--- Chunk 31582 (123/220) | Start: 2024-12-09 09:00:00 ---
    RMSE omega (GP): nan | RMSE omega (Sim): nan
    Loss: 46637.9492 | Epoch: 19
    Eq omega: nan1 + nantheta + nanomega + nantheta^2 + nantheta omega + nanomega^2
    Eq omega Phys: N/A

--- Chunk 31583 (124/220) | Start: 2024-12-09 09:05:00 ---
    RMSE omega (GP): 0.008601 | RMSE omega (Sim): 0.147163
    Loss: 1.1777 | Epoch: 878
    Eq omega: -0.074901 + -0.68568theta + -0.00063omega + 0.00014theta^2 + -0.36357theta omega + -0.05106omega^2
    Eq omega Phys: -0.018637*omega**2 - 0.004423*omega*theta + 0.024221*omega - 0.000762*theta + 0.003949

--- Chunk 31584 (125/220) | Start: 2024-12-09 09:10:00 ---
    RMSE omega (GP): nan | RMSE omega (Sim): nan
    Loss: 129.4335 | Epoch: 16
    Eq omega: nan1 + nantheta + nanomega + nantheta^2 + nantheta omega + nanomega^2
    Eq omega Phys: N/A

--- Chunk 31585 (126/220) | Start: 2024-12-09 09:15:00 ---
    RMSE omega (GP): 0.010287 | RMSE omega (Sim): 0.045775
    Loss: 29.8951 | Epoch: 1127
    Eq omega: 0.002381 + -0.00025theta + -0.00101omega + -0.00009theta^2 + -0.00033theta omega + 0.00070omega^2
    Eq omega Phys: 0.000567*omega**2 - 9.0e-6*omega*theta + 8.7e-5*omega + 2.0e-6*theta - 8.0e-6

--- Chunk 31586 (127/220) | Start: 2024-12-09 09:20:00 ---
    RMSE omega (GP): 0.009503 | RMSE omega (Sim): 0.077823
    Loss: 4.2777 | Epoch: 2178
    Eq omega: -0.000821 + -0.00056theta + 0.00148omega + 0.00000theta^2 + 0.00042theta omega + -0.00716omega^2
    Eq omega Phys: -0.003092*omega**2 + 6.0e-6*omega*theta - 3.4e-5*omega - 0.e-6*theta + 6.0e-6

--- Chunk 31587 (128/220) | Start: 2024-12-09 09:25:00 ---
    RMSE omega (GP): nan | RMSE omega (Sim): nan
    Loss: 43.1815 | Epoch: 49
    Eq omega: nan1 + nantheta + nanomega + nantheta^2 + nantheta omega + nanomega^2
    Eq omega Phys: N/A

--- Chunk 31588 (129/220) | Start: 2024-12-09 09:30:00 ---
    RMSE omega (GP): 0.008406 | RMSE omega (Sim): 0.050464
    Loss: 11.5657 | Epoch: 1295
    Eq omega: 0.003261 + 0.00116theta + 0.00045omega + 0.00001theta^2 + -0.00017theta omega + 0.00102omega^2
    Eq omega Phys: 0.000681*omega**2 - 4.0e-6*omega*theta + 6.7e-5*omega + 1.0e-6*theta - 1.1e-5

--- Chunk 31589 (130/220) | Start: 2024-12-09 09:35:00 ---
    RMSE omega (GP): 0.009604 | RMSE omega (Sim): 0.116159
    Loss: 4.2981 | Epoch: 934
    Eq omega: -0.001631 + -0.00041theta + -0.00339omega + 0.00043theta^2 + 0.00034theta omega + 0.00041omega^2
    Eq omega Phys: 0.000175*omega**2 + 5.0e-6*omega*theta - 0.000152*omega - 4.0e-6*theta + 1.2e-5

--- Chunk 31590 (131/220) | Start: 2024-12-09 09:40:00 ---
    RMSE omega (GP): 0.010132 | RMSE omega (Sim): 0.052152
    Loss: 22.5696 | Epoch: 1434
    Eq omega: -0.000671 + 0.00005theta + -0.00033omega + -0.00002theta^2 + 0.00005theta omega + 0.00111omega^2
    Eq omega Phys: 0.000807*omega**2 + 1.0e-6*omega*theta - 2.6e-5*omega - 4.0e-6

--- Chunk 31591 (132/220) | Start: 2024-12-09 09:45:00 ---
    RMSE omega (GP): 0.011789 | RMSE omega (Sim): 0.063592
    Loss: 18.1554 | Epoch: 1333
    Eq omega: -0.001581 + 0.00903theta + -0.00649omega + -0.00029theta^2 + -0.00002theta omega + 0.00011omega^2
    Eq omega Phys: 6.3e-5*omega**2 - 0.000212*omega + 1.4e-5*theta - 0.000129

--- Chunk 31592 (133/220) | Start: 2024-12-09 09:50:00 ---
    RMSE omega (GP): 0.009217 | RMSE omega (Sim): 0.081804
    Loss: 10.3214 | Epoch: 1507
    Eq omega: 0.000961 + -0.00114theta + -0.00660omega + 0.00109theta^2 + 0.00113theta omega + 0.00181omega^2
    Eq omega Phys: 0.001043*omega**2 + 2.2e-5*omega*theta - 0.000372*omega + 1.0e-6*theta**2 - 1.1e-5*theta + 4.5e-5

--- Chunk 31593 (134/220) | Start: 2024-12-09 09:55:00 ---
    RMSE omega (GP): 0.007872 | RMSE omega (Sim): 0.086590
    Loss: 3.5050 | Epoch: 741
    Eq omega: -0.000761 + -0.01267theta + 0.00195omega + -0.00148theta^2 + -0.00036theta omega + 0.00076omega^2
    Eq omega Phys: 0.000359*omega**2 - 6.0e-6*omega*theta + 0.000109*omega - 0.e-6*theta**2 - 2.0e-6*theta + 6.1e-5

--- Chunk 31594 (135/220) | Start: 2024-12-09 10:00:00 ---
    RMSE omega (GP): nan | RMSE omega (Sim): nan
    Loss: 69.6958 | Epoch: 27
    Eq omega: nan1 + nantheta + nanomega + nantheta^2 + nantheta omega + nanomega^2
    Eq omega Phys: N/A

--- Chunk 31595 (136/220) | Start: 2024-12-09 10:05:00 ---
    RMSE omega (GP): nan | RMSE omega (Sim): nan
    Loss: 179.1183 | Epoch: 111
    Eq omega: nan1 + nantheta + nanomega + nantheta^2 + nantheta omega + nanomega^2
    Eq omega Phys: N/A

--- Chunk 31596 (137/220) | Start: 2024-12-09 10:10:00 ---
    RMSE omega (GP): 0.046299 | RMSE omega (Sim): 0.077727
    Loss: 673.3513 | Epoch: 115
    Eq omega: -0.001191 + 0.00009theta + -0.00114omega + -0.00001theta^2 + 0.00006theta omega + -0.00177omega^2
    Eq omega Phys: -0.001157*omega**2 + 1.0e-6*omega*theta - 6.1e-5*omega - 6.0e-6

--- Chunk 31597 (138/220) | Start: 2024-12-09 10:15:00 ---
    RMSE omega (GP): nan | RMSE omega (Sim): nan
    Loss: 160.4258 | Epoch: 21
    Eq omega: nan1 + nantheta + nanomega + nantheta^2 + nantheta omega + nanomega^2
    Eq omega Phys: N/A

--- Chunk 31598 (139/220) | Start: 2024-12-09 10:20:00 ---
    RMSE omega (GP): 0.013871 | RMSE omega (Sim): 0.045875
    Loss: 1.0255 | Epoch: 2137
    Eq omega: -0.006201 + -0.30403theta + 0.02236omega + -0.00041theta^2 + -0.04367theta omega + -0.11211omega^2
    Eq omega Phys: -0.029482*omega**2 - 0.000383*omega*theta + 0.003793*omega - 0.000336*theta + 0.002656

--- Chunk 31599 (140/220) | Start: 2024-12-09 10:25:00 ---
    RMSE omega (GP): 0.009817 | RMSE omega (Sim): 0.147673
    Loss: 2.3285 | Epoch: 1656
    Eq omega: 0.000011 + -0.00378theta + 0.00301omega + -0.00035theta^2 + -0.00052theta omega + -0.00117omega^2
    Eq omega Phys: -0.000417*omega**2 - 6.0e-6*omega*theta - 5.0e-6*omega - 9.0e-6*theta - 0.000112

--- Chunk 31600 (141/220) | Start: 2024-12-09 10:30:00 ---
    RMSE omega (GP): nan | RMSE omega (Sim): nan
    Loss: 7340.0830 | Epoch: 15
    Eq omega: nan1 + nantheta + nanomega + nantheta^2 + nantheta omega + nanomega^2
    Eq omega Phys: N/A

--- Chunk 31601 (142/220) | Start: 2024-12-09 10:35:00 ---
    RMSE omega (GP): 0.007040 | RMSE omega (Sim): 0.068297
    Loss: 4.8265 | Epoch: 1652
    Eq omega: -0.000851 + 0.00041theta + -0.00429omega + 0.00006theta^2 + -0.00010theta omega + -0.00098omega^2
    Eq omega Phys: -0.00056*omega**2 - 2.0e-6*omega*theta - 0.000113*omega - 0.e-6*theta + 1.0e-6

--- Chunk 31602 (143/220) | Start: 2024-12-09 10:40:00 ---
    RMSE omega (GP): 0.010624 | RMSE omega (Sim): 0.073669
    Loss: 11.9781 | Epoch: 1979
    Eq omega: -0.004681 + -2.27394theta + -0.00517omega + 0.01878theta^2 + -0.05148theta omega + -0.01187omega^2
    Eq omega Phys: -0.00644*omega**2 - 0.000931*omega*theta - 0.002698*omega + 1.1e-5*theta**2 - 0.002465*theta - 0.00678

--- Chunk 31603 (144/220) | Start: 2024-12-09 10:45:00 ---
    RMSE omega (GP): nan | RMSE omega (Sim): nan
    Loss: 103.4356 | Epoch: 34
    Eq omega: nan1 + nantheta + nanomega + nantheta^2 + nantheta omega + nanomega^2
    Eq omega Phys: N/A

--- Chunk 31604 (145/220) | Start: 2024-12-09 10:50:00 ---
    RMSE omega (GP): nan | RMSE omega (Sim): nan
    Loss: 560.4420 | Epoch: 49
    Eq omega: nan1 + nantheta + nanomega + nantheta^2 + nantheta omega + nanomega^2
    Eq omega Phys: N/A

--- Chunk 31605 (146/220) | Start: 2024-12-09 10:55:00 ---
    RMSE omega (GP): 0.013943 | RMSE omega (Sim): 0.104252
    Loss: 24.8512 | Epoch: 1078
    Eq omega: 0.000061 + -0.00139theta + -0.00172omega + 0.00028theta^2 + 0.00048theta omega + -0.00064omega^2
    Eq omega Phys: -0.000358*omega**2 + 9.0e-6*omega*theta - 0.000152*omega - 5.0e-6*theta + 3.6e-5

--- Chunk 31606 (147/220) | Start: 2024-12-09 11:00:00 ---
    RMSE omega (GP): nan | RMSE omega (Sim): nan
    Loss: 76.1368 | Epoch: 85
    Eq omega: nan1 + nantheta + nanomega + nantheta^2 + nantheta omega + nanomega^2
    Eq omega Phys: N/A

--- Chunk 31607 (148/220) | Start: 2024-12-09 11:05:00 ---
    RMSE omega (GP): nan | RMSE omega (Sim): nan
    Loss: 95.6304 | Epoch: 39
    Eq omega: nan1 + nantheta + nanomega + nantheta^2 + nantheta omega + nanomega^2
    Eq omega Phys: N/A

--- Chunk 31608 (149/220) | Start: 2024-12-09 11:10:00 ---
    RMSE omega (GP): 0.009756 | RMSE omega (Sim): 0.055664
    Loss: 4.8843 | Epoch: 1114
    Eq omega: 0.005311 + -0.32233theta + -0.01064omega + -0.00322theta^2 + 0.00748theta omega + -0.00445omega^2
    Eq omega Phys: -0.001917*omega**2 + 0.000107*omega*theta - 0.000396*omega - 2.0e-6*theta**2 - 0.000357*theta + 0.000151

--- Chunk 31609 (150/220) | Start: 2024-12-09 11:15:00 ---
    RMSE omega (GP): 0.008502 | RMSE omega (Sim): 0.041619
    Loss: 35.5250 | Epoch: 3646
    Eq omega: 0.001511 + -0.00009theta + 0.00184omega + -0.00001theta^2 + -0.00003theta omega + 0.00053omega^2
    Eq omega Phys: 0.000572*omega**2 - 1.0e-6*omega*theta + 8.4e-5*omega - 2.0e-6

  [Progress 150/220] Mean RMSE omega (GP): 0.015430 | (Sim): 0.111491 | Mean loss: -730.0345 | Valid GP: 113/150 | Valid Sim: 109/150 | Elapsed: 48.3min | ETA: 22.5min

--- Chunk 31610 (151/220) | Start: 2024-12-09 11:20:00 ---
    RMSE omega (GP): 0.008632 | RMSE omega (Sim): 0.084596
    Loss: 4.6461 | Epoch: 805
    Eq omega: -0.000871 + -0.00049theta + 0.00140omega + 0.00021theta^2 + -0.00024theta omega + -0.00017omega^2
    Eq omega Phys: -8.0e-5*omega**2 - 4.0e-6*omega*theta + 7.6e-5*omega - 2.0e-6*theta + 9.0e-6

--- Chunk 31611 (152/220) | Start: 2024-12-09 11:25:00 ---
    RMSE omega (GP): 0.009467 | RMSE omega (Sim): 0.153806
    Loss: 1.5195 | Epoch: 1328
    Eq omega: 0.002141 + -0.00034theta + 0.00507omega + 0.00025theta^2 + -0.00037theta omega + -0.00179omega^2
    Eq omega Phys: -0.00064*omega**2 - 4.0e-6*omega*theta + 0.000188*omega - 1.0e-6*theta + 1.0e-5

--- Chunk 31612 (153/220) | Start: 2024-12-09 11:30:00 ---
    RMSE omega (GP): 0.017534 | RMSE omega (Sim): 0.089140
    Loss: 32.8575 | Epoch: 721
    Eq omega: 0.001121 + -0.00052theta + 0.00065omega + 0.00015theta^2 + -0.00035theta omega + 0.00029omega^2
    Eq omega Phys: 0.000138*omega**2 - 6.0e-6*omega*theta + 8.5e-5*omega - 2.0e-6*theta + 1.9e-5

--- Chunk 31613 (154/220) | Start: 2024-12-09 11:35:00 ---
    RMSE omega (GP): 0.010405 | RMSE omega (Sim): 0.109740
    Loss: 6.1658 | Epoch: 1064
    Eq omega: 0.000461 + -0.00077theta + -0.00086omega + -0.00003theta^2 + 0.00004theta omega + -0.00011omega^2
    Eq omega Phys: -4.7e-5*omega**2 + 1.0e-6*omega*theta - 3.3e-5*omega - 0.e-6*theta + 7.0e-6

--- Chunk 31614 (155/220) | Start: 2024-12-09 11:40:00 ---
    RMSE omega (GP): 0.010774 | RMSE omega (Sim): 0.087346
    Loss: 14.8686 | Epoch: 1323
    Eq omega: 0.011321 + -0.91864theta + -0.02353omega + 0.00217theta^2 + 0.01804theta omega + 0.00311omega^2
    Eq omega Phys: 0.001801*omega**2 + 0.000348*omega*theta - 0.00023*omega + 1.0e-6*theta**2 - 0.001016*theta - 0.0016

--- Chunk 31615 (156/220) | Start: 2024-12-09 11:45:00 ---
    RMSE omega (GP): 0.015219 | RMSE omega (Sim): 0.112646
    Loss: 13.4394 | Epoch: 1109
    Eq omega: 0.012981 + -1.06360theta + -0.00940omega + -0.30789theta^2 + 0.02617theta omega + -0.00343omega^2
    Eq omega Phys: -0.00139*omega**2 + 0.000354*omega*theta - 0.002445*omega - 0.000139*theta**2 + 0.00049*theta + 0.002121

--- Chunk 31616 (157/220) | Start: 2024-12-09 11:50:00 ---
    RMSE omega (GP): nan | RMSE omega (Sim): nan
    Loss: 94.1905 | Epoch: 53
    Eq omega: nan1 + nantheta + nanomega + nantheta^2 + nantheta omega + nanomega^2
    Eq omega Phys: N/A

--- Chunk 31617 (158/220) | Start: 2024-12-09 11:55:00 ---
    RMSE omega (GP): 0.011132 | RMSE omega (Sim): 0.052641
    Loss: 20.4601 | Epoch: 968
    Eq omega: -0.000201 + -0.00055theta + 0.00069omega + -0.00003theta^2 + 0.00110theta omega + 0.00005omega^2
    Eq omega Phys: 3.2e-5*omega**2 + 2.3e-5*omega*theta - 0.000213*omega + 4.0e-6

--- Chunk 31618 (159/220) | Start: 2024-12-09 12:00:00 ---
    RMSE omega (GP): 0.008228 | RMSE omega (Sim): 0.071929
    Loss: 3.9384 | Epoch: 1393
    Eq omega: -0.003731 + -0.00207theta + 0.00002omega + 0.00033theta^2 + 0.00130theta omega + -0.00148omega^2
    Eq omega Phys: -0.000737*omega**2 + 2.2e-5*omega*theta - 0.000232*omega - 6.0e-6*theta + 3.8e-5

--- Chunk 31619 (160/220) | Start: 2024-12-09 12:05:00 ---
    RMSE omega (GP): nan | RMSE omega (Sim): nan
    Loss: 266.4008 | Epoch: 24
    Eq omega: nan1 + nantheta + nanomega + nantheta^2 + nantheta omega + nanomega^2
    Eq omega Phys: N/A

--- Chunk 31620 (161/220) | Start: 2024-12-09 12:10:00 ---
    RMSE omega (GP): 0.010632 | RMSE omega (Sim): 0.067299
    Loss: 9.0347 | Epoch: 1407
    Eq omega: 0.001451 + -0.00078theta + -0.00167omega + 0.00010theta^2 + -0.00280theta omega + 0.00651omega^2
    Eq omega Phys: 0.003123*omega**2 - 4.5e-5*omega*theta - 0.000756*omega + 1.0e-6*theta + 3.0e-6

--- Chunk 31621 (162/220) | Start: 2024-12-09 12:15:00 ---
    RMSE omega (GP): 0.034604 | RMSE omega (Sim): 0.146814
    Loss: 1075.0006 | Epoch: 61
    Eq omega: -0.000351 + 0.00020theta + 0.00515omega + 0.00011theta^2 + 0.00005theta omega + 0.00033omega^2
    Eq omega Phys: 0.000288*omega**2 + 1.0e-6*omega*theta + 0.000152*omega - 3.0e-6*theta + 1.6e-5

--- Chunk 31622 (163/220) | Start: 2024-12-09 12:20:00 ---
    RMSE omega (GP): 0.011731 | RMSE omega (Sim): 0.109282
    Loss: 10.1221 | Epoch: 3062
    Eq omega: 0.002191 + -0.00017theta + 0.00204omega + 0.00013theta^2 + -0.00010theta omega + -0.00147omega^2
    Eq omega Phys: -0.000671*omega**2 - 2.0e-6*omega*theta + 9.3e-5*omega - 2.0e-6*theta + 2.7e-5

--- Chunk 31623 (164/220) | Start: 2024-12-09 12:25:00 ---
    RMSE omega (GP): 0.011367 | RMSE omega (Sim): 0.052454
    Loss: 30.2758 | Epoch: 2100
    Eq omega: -0.000781 + -0.00027theta + 0.00013omega + -0.00002theta^2 + -0.00001theta omega + 0.00012omega^2
    Eq omega Phys: 9.0e-5*omega**2 + 9.0e-6*omega - 1.0e-6

--- Chunk 31624 (165/220) | Start: 2024-12-09 12:30:00 ---
    RMSE omega (GP): 0.009258 | RMSE omega (Sim): 0.045613
    Loss: 28.7212 | Epoch: 3346
    Eq omega: 0.000611 + 0.00008theta + 0.00122omega + 0.00001theta^2 + -0.00001theta omega + 0.00055omega^2
    Eq omega Phys: 0.0005*omega**2 + 4.8e-5*omega + 4.0e-6

--- Chunk 31625 (166/220) | Start: 2024-12-09 12:35:00 ---
    RMSE omega (GP): 0.020637 | RMSE omega (Sim): 0.095434
    Loss: 87.9142 | Epoch: 645
    Eq omega: -0.002301 + -0.00080theta + -0.00008omega + 0.00012theta^2 + 0.00010theta omega + 0.00054omega^2
    Eq omega Phys: 0.000202*omega**2 + 1.0e-6*omega*theta - 3.3e-5*omega - 3.0e-6*theta + 4.4e-5

--- Chunk 31626 (167/220) | Start: 2024-12-09 12:40:00 ---
    RMSE omega (GP): 0.011011 | RMSE omega (Sim): 0.107566
    Loss: 5.3963 | Epoch: 2714
    Eq omega: 0.000851 + 0.00036theta + 0.00360omega + -0.00007theta^2 + -0.00024theta omega + 0.00245omega^2
    Eq omega Phys: 0.000996*omega**2 - 3.0e-6*omega*theta + 0.000147*omega + 1.0e-6*theta - 3.0e-6

--- Chunk 31627 (168/220) | Start: 2024-12-09 12:45:00 ---
    RMSE omega (GP): nan | RMSE omega (Sim): nan
    Loss: 15836.0918 | Epoch: 19
    Eq omega: nan1 + nantheta + nanomega + nantheta^2 + nantheta omega + nanomega^2
    Eq omega Phys: N/A

--- Chunk 31628 (169/220) | Start: 2024-12-09 12:50:00 ---
    RMSE omega (GP): 0.015281 | RMSE omega (Sim): 0.029383
    Loss: 46.9845 | Epoch: 1513
    Eq omega: 0.006171 + -0.06087theta + -0.01515omega + 0.00296theta^2 + 0.00001theta omega + -0.01313omega^2
    Eq omega Phys: -0.009672*omega**2 - 0.000511*omega + 2.0e-6*theta**2 - 0.00018*theta + 0.00288

--- Chunk 31629 (170/220) | Start: 2024-12-09 12:55:00 ---
    RMSE omega (GP): 0.027010 | RMSE omega (Sim): 0.081549
    Loss: 64.7863 | Epoch: 99
    Eq omega: -0.000221 + -0.00151theta + 0.00161omega + 0.00004theta^2 + 0.00023theta omega + 0.00072omega^2
    Eq omega Phys: 0.000294*omega**2 + 3.0e-6*omega*theta + 2.5e-5*omega - 2.0e-6*theta + 1.7e-5

--- Chunk 31630 (171/220) | Start: 2024-12-09 13:00:00 ---
    RMSE omega (GP): nan | RMSE omega (Sim): nan
    Loss: 306.8949 | Epoch: 20
    Eq omega: nan1 + nantheta + nanomega + nantheta^2 + nantheta omega + nanomega^2
    Eq omega Phys: N/A

--- Chunk 31631 (172/220) | Start: 2024-12-09 13:05:00 ---
    RMSE omega (GP): nan | RMSE omega (Sim): nan
    Loss: 346.5381 | Epoch: 16
    Eq omega: nan1 + nantheta + nanomega + nantheta^2 + nantheta omega + nanomega^2
    Eq omega Phys: N/A

--- Chunk 31632 (173/220) | Start: 2024-12-09 13:10:00 ---
    RMSE omega (GP): 0.009051 | RMSE omega (Sim): 0.239287
    Loss: 2.7229 | Epoch: 1978
    Eq omega: -0.005581 + 0.00041theta + -0.00317omega + 0.00077theta^2 + -0.00037theta omega + -0.00079omega^2
    Eq omega Phys: -0.000306*omega**2 - 5.0e-6*omega*theta - 0.000159*omega + 8.0e-6*theta + 3.0e-5

--- Chunk 31633 (174/220) | Start: 2024-12-09 13:15:00 ---
    RMSE omega (GP): 0.013761 | RMSE omega (Sim): 0.115048
    Loss: 9.1777 | Epoch: 2271
    Eq omega: -0.014811 + -0.40653theta + -0.00977omega + 0.00066theta^2 + -0.00356theta omega + 0.06706omega^2
    Eq omega Phys: 0.026076*omega**2 - 4.6e-5*omega*theta - 0.000812*omega - 0.000446*theta - 0.004767

--- Chunk 31634 (175/220) | Start: 2024-12-09 13:20:00 ---
    RMSE omega (GP): 0.019891 | RMSE omega (Sim): 0.061031
    Loss: 73.7013 | Epoch: 92
    Eq omega: -0.001721 + 0.00052theta + 0.00870omega + -0.00128theta^2 + -0.00082theta omega + 0.00262omega^2
    Eq omega Phys: 0.001592*omega**2 - 1.7e-5*omega*theta + 0.000439*omega - 0.e-6*theta**2 + 1.6e-5*theta - 7.8e-5

--- Chunk 31635 (176/220) | Start: 2024-12-09 13:25:00 ---
    RMSE omega (GP): 0.012749 | RMSE omega (Sim): 0.175235
    Loss: 14.8179 | Epoch: 1156
    Eq omega: -0.002621 + 0.00199theta + 0.00012omega + 0.00016theta^2 + 0.00166theta omega + -0.00319omega^2
    Eq omega Phys: -0.001553*omega**2 + 2.7e-5*omega*theta + 7.0e-6*omega + 2.0e-6*theta - 6.0e-6

--- Chunk 31636 (177/220) | Start: 2024-12-09 13:30:00 ---
    RMSE omega (GP): 0.009959 | RMSE omega (Sim): 0.161099
    Loss: 3.1121 | Epoch: 1166
    Eq omega: -0.002541 + 0.00232theta + -0.00905omega + -0.00028theta^2 + 0.00173theta omega + 0.00206omega^2
    Eq omega Phys: 0.000764*omega**2 + 2.1e-5*omega*theta - 0.000335*omega + 3.0e-6*theta - 1.2e-5

--- Chunk 31637 (178/220) | Start: 2024-12-09 13:35:00 ---
    RMSE omega (GP): nan | RMSE omega (Sim): nan
    Loss: 190.6277 | Epoch: 18
    Eq omega: nan1 + nantheta + nanomega + nantheta^2 + nantheta omega + nanomega^2
    Eq omega Phys: N/A

--- Chunk 31638 (179/220) | Start: 2024-12-09 13:40:00 ---
    RMSE omega (GP): 0.010657 | RMSE omega (Sim): 0.067985
    Loss: 3.2055 | Epoch: 1310
    Eq omega: 0.001221 + -0.09846theta + 0.00639omega + 0.00250theta^2 + 0.00035theta omega + 0.00258omega^2
    Eq omega Phys: 0.000923*omega**2 + 4.0e-6*omega*theta + 0.000188*omega + 1.0e-6*theta**2 - 0.000121*theta + 0.000695

--- Chunk 31639 (180/220) | Start: 2024-12-09 13:45:00 ---
    RMSE omega (GP): 0.008527 | RMSE omega (Sim): 0.098924
    Loss: 5.4641 | Epoch: 892
    Eq omega: 0.000361 + -0.00135theta + -0.00002omega + -0.00012theta^2 + -0.00008theta omega + -0.00042omega^2
    Eq omega Phys: -0.000209*omega**2 - 1.0e-6*omega*theta + 7.0e-6*omega - 0.e-6*theta + 7.0e-6

--- Chunk 31640 (181/220) | Start: 2024-12-09 13:50:00 ---
    RMSE omega (GP): nan | RMSE omega (Sim): nan
    Loss: 60.2047 | Epoch: 65
    Eq omega: nan1 + nantheta + nanomega + nantheta^2 + nantheta omega + nanomega^2
    Eq omega Phys: N/A

--- Chunk 31641 (182/220) | Start: 2024-12-09 13:55:00 ---
    RMSE omega (GP): nan | RMSE omega (Sim): nan
    Loss: 192.0669 | Epoch: 34
    Eq omega: nan1 + nantheta + nanomega + nantheta^2 + nantheta omega + nanomega^2
    Eq omega Phys: N/A

--- Chunk 31642 (183/220) | Start: 2024-12-09 14:00:00 ---
    RMSE omega (GP): 0.016043 | RMSE omega (Sim): 0.096663
    Loss: 12.1504 | Epoch: 2381
    Eq omega: 0.000141 + -0.00010theta + 0.00131omega + 0.00003theta^2 + 0.00105theta omega + 0.00084omega^2
    Eq omega Phys: 0.000321*omega**2 + 1.3e-5*omega*theta + 0.00045*omega + 1.0e-6*theta + 9.0e-6

--- Chunk 31643 (184/220) | Start: 2024-12-09 14:05:00 ---
    RMSE omega (GP): 0.009151 | RMSE omega (Sim): 0.092455
    Loss: 3.9705 | Epoch: 1193
    Eq omega: 0.002051 + -0.21866theta + 0.00658omega + -0.00062theta^2 + 0.00340theta omega + 0.00102omega^2
    Eq omega Phys: 0.000444*omega**2 + 4.9e-5*omega*theta - 0.000149*omega - 0.000238*theta + 0.001803

--- Chunk 31644 (185/220) | Start: 2024-12-09 14:10:00 ---
    RMSE omega (GP): 0.011840 | RMSE omega (Sim): 0.070011
    Loss: 11.6025 | Epoch: 2572
    Eq omega: -0.005811 + -0.70749theta + -0.00085omega + 0.01305theta^2 + -0.00134theta omega + 0.02613omega^2
    Eq omega Phys: 0.012426*omega**2 - 2.1e-5*omega*theta - 0.00013*omega + 7.0e-6*theta**2 - 0.00072*theta - 0.003602

--- Chunk 31645 (186/220) | Start: 2024-12-09 14:15:00 ---
    RMSE omega (GP): 0.030412 | RMSE omega (Sim): 0.061334
    Loss: 100.9198 | Epoch: 61
    Eq omega: -0.002501 + -0.20386theta + -0.00095omega + 0.00346theta^2 + 0.02444theta omega + 0.00425omega^2
    Eq omega Phys: 0.002044*omega**2 + 0.000392*omega*theta + 0.001226*omega + 2.0e-6*theta**2 - 0.000215*theta - 0.000714

--- Chunk 31646 (187/220) | Start: 2024-12-09 14:20:00 ---
    RMSE omega (GP): 0.009438 | RMSE omega (Sim): 0.070979
    Loss: 6.9651 | Epoch: 1920
    Eq omega: -0.016661 + -1.63906theta + 0.01496omega + -0.03585theta^2 + -0.00591theta omega + -0.00708omega^2
    Eq omega Phys: -0.003505*omega**2 - 9.8e-5*omega*theta + 0.000325*omega - 2.0e-5*theta**2 - 0.001892*theta - 0.003347

--- Chunk 31647 (188/220) | Start: 2024-12-09 14:30:00 ---
    RMSE omega (GP): nan | RMSE omega (Sim): nan
    Loss: 134.7403 | Epoch: 60
    Eq omega: nan1 + nantheta + nanomega + nantheta^2 + nantheta omega + nanomega^2
    Eq omega Phys: N/A

--- Chunk 31648 (189/220) | Start: 2024-12-09 14:35:00 ---
    RMSE omega (GP): 0.008553 | RMSE omega (Sim): 0.088578
    Loss: 2.2935 | Epoch: 1036
    Eq omega: -0.004541 + 0.00562theta + 0.00042omega + -0.00069theta^2 + 0.00277theta omega + 0.00042omega^2
    Eq omega Phys: 0.000172*omega**2 + 3.8e-5*omega*theta - 0.000161*omega + 9.0e-6*theta - 4.8e-5

--- Chunk 31649 (190/220) | Start: 2024-12-09 14:40:00 ---
    RMSE omega (GP): nan | RMSE omega (Sim): nan
    Loss: 139.0181 | Epoch: 28
    Eq omega: nan1 + nantheta + nanomega + nantheta^2 + nantheta omega + nanomega^2
    Eq omega Phys: N/A

--- Chunk 31650 (191/220) | Start: 2024-12-09 14:45:00 ---
    RMSE omega (GP): 0.008355 | RMSE omega (Sim): 0.054081
    Loss: 9.4708 | Epoch: 950
    Eq omega: -0.005721 + -3.66162theta + 0.02032omega + 0.04708theta^2 + 0.15974theta omega + -0.02053omega^2
    Eq omega Phys: -0.012693*omega**2 + 0.003292*omega*theta + 0.001551*omega + 3.2e-5*theta**2 - 0.004051*theta - 0.001088

--- Chunk 31651 (192/220) | Start: 2024-12-09 14:50:00 ---
    RMSE omega (GP): 0.011521 | RMSE omega (Sim): 0.083757
    Loss: 13.0055 | Epoch: 1482
    Eq omega: -0.001191 + -0.00056theta + 0.00596omega + -0.00004theta^2 + -0.00056theta omega + -0.00145omega^2
    Eq omega Phys: -0.000734*omega**2 - 9.0e-6*omega*theta + 0.000272*omega + 1.0e-6

--- Chunk 31652 (193/220) | Start: 2024-12-09 14:55:00 ---
    RMSE omega (GP): nan | RMSE omega (Sim): nan
    Loss: 1301.4821 | Epoch: 36
    Eq omega: nan1 + nantheta + nanomega + nantheta^2 + nantheta omega + nanomega^2
    Eq omega Phys: N/A

--- Chunk 31653 (194/220) | Start: 2024-12-09 15:00:00 ---
    RMSE omega (GP): 0.010858 | RMSE omega (Sim): 0.109261
    Loss: 7.5319 | Epoch: 835
    Eq omega: -0.023901 + -0.51670theta + -0.01592omega + -0.00273theta^2 + 0.01073theta omega + 0.00149omega^2
    Eq omega Phys: 0.000661*omega**2 + 0.000159*omega*theta - 0.001177*omega - 1.0e-6*theta**2 - 0.000563*theta + 0.002258

--- Chunk 31654 (195/220) | Start: 2024-12-09 15:05:00 ---
    RMSE omega (GP): 0.011212 | RMSE omega (Sim): 0.054684
    Loss: 18.4812 | Epoch: 1374
    Eq omega: -0.000711 + 0.00152theta + 0.00087omega + 0.00039theta^2 + -0.00044theta omega + -0.00055omega^2
    Eq omega Phys: -0.000335*omega**2 - 9.0e-6*omega*theta + 8.1e-5*omega - 1.0e-6*theta - 2.0e-6

--- Chunk 31655 (196/220) | Start: 2024-12-09 15:10:00 ---
    RMSE omega (GP): nan | RMSE omega (Sim): nan
    Loss: 115.0900 | Epoch: 50
    Eq omega: nan1 + nantheta + nanomega + nantheta^2 + nantheta omega + nanomega^2
    Eq omega Phys: N/A

--- Chunk 31656 (197/220) | Start: 2024-12-09 15:15:00 ---
    RMSE omega (GP): 0.011627 | RMSE omega (Sim): 0.069478
    Loss: 2.8061 | Epoch: 4073
    Eq omega: -0.001561 + -0.12488theta + 0.02800omega + -0.00228theta^2 + 0.00016theta omega + 0.00083omega^2
    Eq omega Phys: 0.000265*omega**2 + 2.0e-6*omega*theta + 0.000908*omega - 0.e-6*theta**2 - 0.000115*theta + 0.001858

--- Chunk 31657 (198/220) | Start: 2024-12-09 15:20:00 ---
    RMSE omega (GP): 0.029307 | RMSE omega (Sim): 0.089806
    Loss: 100.5155 | Epoch: 342
    Eq omega: 0.000141 + 0.00119theta + -0.03662omega + 0.00305theta^2 + -0.00012theta omega + 0.00222omega^2
    Eq omega Phys: 0.001082*omega**2 - 2.0e-6*omega*theta - 0.00124*omega + 2.0e-6*theta**2 + 3.3e-5*theta + 0.000169

--- Chunk 31658 (199/220) | Start: 2024-12-09 15:25:00 ---
    RMSE omega (GP): 0.009735 | RMSE omega (Sim): 0.097030
    Loss: 6.1578 | Epoch: 1506
    Eq omega: 0.000851 + -0.00153theta + 0.00002omega + -0.00128theta^2 + -0.00012theta omega + 0.00014omega^2
    Eq omega Phys: 6.5e-5*omega**2 - 2.0e-6*omega*theta - 0.e-6*theta**2 - 2.0e-6*theta + 2.0e-6

--- Chunk 31659 (200/220) | Start: 2024-12-09 15:30:00 ---
    RMSE omega (GP): 0.011305 | RMSE omega (Sim): 0.081202
    Loss: 12.6954 | Epoch: 2153
    Eq omega: -0.030271 + 0.00010theta + 0.00380omega + 0.00194theta^2 + 0.00653theta omega + -0.00673omega^2
    Eq omega Phys: -0.003485*omega**2 + 0.000113*omega*theta - 0.000329*omega + 1.0e-6*theta**2 - 9.0e-6*theta - 4.7e-5

  [Progress 200/220] Mean RMSE omega (GP): 0.014970 | (Sim): 0.106719 | Mean loss: -443.2247 | Valid GP: 151/200 | Valid Sim: 147/200 | Elapsed: 66.4min | ETA: 6.6min

--- Chunk 31660 (201/220) | Start: 2024-12-09 15:35:00 ---
    RMSE omega (GP): nan | RMSE omega (Sim): nan
    Loss: 444.2541 | Epoch: 46
    Eq omega: nan1 + nantheta + nanomega + nantheta^2 + nantheta omega + nanomega^2
    Eq omega Phys: N/A

--- Chunk 31661 (202/220) | Start: 2024-12-09 15:40:00 ---
    RMSE omega (GP): 0.011395 | RMSE omega (Sim): 0.167336
    Loss: 0.1847 | Epoch: 2076
    Eq omega: -0.001061 + 0.00052theta + -0.00282omega + -0.00054theta^2 + 0.00005theta omega + -0.00047omega^2
    Eq omega Phys: -0.000143*omega**2 + 1.0e-6*omega*theta - 9.1e-5*omega - 1.0e-6*theta - 6.0e-6

--- Chunk 31662 (203/220) | Start: 2024-12-09 15:45:00 ---
    RMSE omega (GP): 0.012458 | RMSE omega (Sim): 0.064495
    Loss: 5.8490 | Epoch: 3257
    Eq omega: -0.001351 + -0.00071theta + -0.00060omega + 0.04390theta^2 + 0.00129theta omega + 0.00698omega^2
    Eq omega Phys: 0.00254*omega**2 + 1.6e-5*omega*theta + 0.000135*omega + 1.8e-5*theta**2 + 0.000351*theta + 0.001736

--- Chunk 31663 (204/220) | Start: 2024-12-09 15:50:00 ---
    RMSE omega (GP): 0.021648 | RMSE omega (Sim): 0.090820
    Loss: 26.3578 | Epoch: 71
    Eq omega: -0.006571 + -0.04306theta + 0.00940omega + -0.00054theta^2 + 0.00189theta omega + 0.00128omega^2
    Eq omega Phys: 0.000475*omega**2 + 2.3e-5*omega*theta + 0.000257*omega - 4.7e-5*theta + 9.5e-5

--- Chunk 31664 (205/220) | Start: 2024-12-09 15:55:00 ---
    RMSE omega (GP): 0.014015 | RMSE omega (Sim): 0.136226
    Loss: 11.1196 | Epoch: 2723
    Eq omega: -0.002061 + -0.00165theta + 0.00107omega + 0.00004theta^2 + 0.00180theta omega + 0.00120omega^2
    Eq omega Phys: 0.000489*omega**2 + 2.4e-5*omega*theta + 0.000407*omega - 1.0e-6*theta - 2.9e-5

--- Chunk 31665 (206/220) | Start: 2024-12-09 16:00:00 ---
    RMSE omega (GP): 0.011313 | RMSE omega (Sim): 0.093721
    Loss: 11.3857 | Epoch: 2126
    Eq omega: 0.002021 + -0.00210theta + 0.00214omega + -0.00030theta^2 + 0.00062theta omega + -0.00678omega^2
    Eq omega Phys: -0.003375*omega**2 + 1.0e-5*omega*theta + 9.2e-5*omega - 3.0e-6*theta - 0.e-6

--- Chunk 31666 (207/220) | Start: 2024-12-09 16:05:00 ---
    RMSE omega (GP): 0.015228 | RMSE omega (Sim): 0.074978
    Loss: 26.7394 | Epoch: 2551
    Eq omega: 0.006291 + -0.05120theta + -0.01004omega + 0.00772theta^2 + 0.00124theta omega + 0.00807omega^2
    Eq omega Phys: 0.004304*omega**2 + 2.2e-5*omega*theta - 0.000214*omega + 5.0e-6*theta**2 - 7.0e-6*theta - 0.000161

--- Chunk 31667 (208/220) | Start: 2024-12-09 16:10:00 ---
    RMSE omega (GP): 0.009796 | RMSE omega (Sim): 0.060211
    Loss: 12.4961 | Epoch: 1558
    Eq omega: 0.004961 + -0.00069theta + -0.00416omega + -0.00005theta^2 + 0.00070theta omega + -0.00216omega^2
    Eq omega Phys: -0.001277*omega**2 + 1.4e-5*omega*theta + 7.7e-5*omega - 2.0e-6*theta - 1.1e-5

--- Chunk 31668 (209/220) | Start: 2024-12-09 16:15:00 ---
    RMSE omega (GP): 0.021258 | RMSE omega (Sim): 0.080946
    Loss: -157.9730 | Epoch: 642
    Eq omega: -0.000291 + -0.08732theta + -0.00061omega + 0.00083theta^2 + 0.00001theta omega + -0.00249omega^2
    Eq omega Phys: -0.001027*omega**2 - 2.0e-5*omega - 9.5e-5*theta - 0.000257

--- Chunk 31669 (210/220) | Start: 2024-12-09 16:20:00 ---
    RMSE omega (GP): 0.012683 | RMSE omega (Sim): 0.057271
    Loss: 21.4552 | Epoch: 1610
    Eq omega: 0.013451 + 0.00020theta + 0.00346omega + 0.00014theta^2 + -0.00005theta omega + 0.00049omega^2
    Eq omega Phys: 0.000281*omega**2 - 0.e-6*omega*theta + 0.000123*omega - 1.0e-6*theta + 3.1e-5

--- Chunk 31670 (211/220) | Start: 2024-12-09 16:25:00 ---
    RMSE omega (GP): 0.024866 | RMSE omega (Sim): 0.078492
    Loss: 23.1622 | Epoch: 104
    Eq omega: -0.003321 + -0.13996theta + 0.00258omega + -0.07233theta^2 + 0.00153theta omega + 0.00158omega^2
    Eq omega Phys: 0.000474*omega**2 + 1.5e-5*omega*theta - 5.4e-5*omega - 2.4e-5*theta**2 + 0.000285*theta - 0.000603

--- Chunk 31671 (212/220) | Start: 2024-12-09 16:30:00 ---
    RMSE omega (GP): 0.011182 | RMSE omega (Sim): 1.048098
    Loss: 3.1787 | Epoch: 961
    Eq omega: 0.001611 + -0.44043theta + -0.02421omega + 0.16287theta^2 + 0.00396theta omega + 0.01313omega^2
    Eq omega Phys: 0.004554*omega**2 + 4.6e-5*omega*theta - 0.00058*omega + 6.3e-5*theta**2 + 0.000132*theta - 0.000879

--- Chunk 31672 (213/220) | Start: 2024-12-09 16:35:00 ---
    RMSE omega (GP): 0.012423 | RMSE omega (Sim): 0.488089
    Loss: 16.0773 | Epoch: 1906
    Eq omega: -0.007101 + -0.07284theta + -0.00476omega + 0.02070theta^2 + 0.01190theta omega + -0.01285omega^2
    Eq omega Phys: -0.006704*omega**2 + 0.000207*omega*theta - 0.000692*omega + 1.2e-5*theta**2 - 0.000143*theta + 0.000273

--- Chunk 31673 (214/220) | Start: 2024-12-09 16:40:00 ---
    RMSE omega (GP): nan | RMSE omega (Sim): nan
    Loss: 150.9139 | Epoch: 62
    Eq omega: nan1 + nantheta + nanomega + nantheta^2 + nantheta omega + nanomega^2
    Eq omega Phys: N/A

--- Chunk 31674 (215/220) | Start: 2024-12-09 16:45:00 ---
    RMSE omega (GP): nan | RMSE omega (Sim): nan
    Loss: 37.1975 | Epoch: 40
    Eq omega: nan1 + nantheta + nanomega + nantheta^2 + nantheta omega + nanomega^2
    Eq omega Phys: N/A

--- Chunk 31675 (216/220) | Start: 2024-12-09 16:50:00 ---
    RMSE omega (GP): nan | RMSE omega (Sim): nan
    Loss: 509.2160 | Epoch: 111
    Eq omega: nan1 + nantheta + nanomega + nantheta^2 + nantheta omega + nanomega^2
    Eq omega Phys: N/A

--- Chunk 31676 (217/220) | Start: 2024-12-09 16:55:00 ---
    RMSE omega (GP): 0.010732 | RMSE omega (Sim): 0.044933
    Loss: 26.6810 | Epoch: 3148
    Eq omega: 0.001191 + 0.00002theta + 0.00159omega + -0.00000theta^2 + 0.00002theta omega + -0.00006omega^2
    Eq omega Phys: -4.5e-5*omega**2 + 6.4e-5*omega + 2.0e-6

--- Chunk 31677 (218/220) | Start: 2024-12-09 17:00:00 ---
    RMSE omega (GP): nan | RMSE omega (Sim): nan
    Loss: 33.1663 | Epoch: 116
    Eq omega: nan1 + nantheta + nanomega + nantheta^2 + nantheta omega + nanomega^2
    Eq omega Phys: N/A

--- Chunk 31678 (219/220) | Start: 2024-12-09 17:05:00 ---
    RMSE omega (GP): nan | RMSE omega (Sim): nan
    Loss: 151.1080 | Epoch: 34
    Eq omega: nan1 + nantheta + nanomega + nantheta^2 + nantheta omega + nanomega^2
    Eq omega Phys: N/A

--- Chunk 31679 (220/220) | Start: 2024-12-09 17:10:00 ---
    RMSE omega (GP): nan | RMSE omega (Sim): nan
    Loss: 934.5824 | Epoch: 18
    Eq omega: nan1 + nantheta + nanomega + nantheta^2 + nantheta omega + nanomega^2
    Eq omega Phys: N/A

  [Progress 220/220] Mean RMSE omega (GP): 0.014936 | (Sim): 0.113583 | Mean loss: -392.5354 | Valid GP: 164/220 | Valid Sim: 160/220 | Elapsed: 74.0min | ETA: 0.0min

============================================================
EVALUATION COMPLETE — Chunks [31460, 31679]
============================================================
Chunks processed: 220
Chunks succeeded GP:  164 (74.5%)
Chunks succeeded Sim: 160 (72.7%)
Mean GP RMSE omega:   0.014936 ± 0.009145
Mean SIM RMSE omega:  0.113583 ± 0.091401
Mean Loss:            -392.5354 ± 9768.8540
Elapsed time:     74.0 minutes

Per-chunk CSV: /pfs/data6/home/ka/ka_iai/ka_bj2362/dsr/svise/results_5min_all_chunks/run_SLURM_3718868_combo38/chunks_31460_to_31679_20260321_111814.csv
Summary JSON:  /pfs/data6/home/ka/ka_iai/ka_bj2362/dsr/svise/results_5min_all_chunks/run_SLURM_3718868_combo38/summary_31460_to_31679_20260321_111814.json
============================================================

============================= JOB FEEDBACK =============================

NodeName=uc3n052
Job ID: 3720624
Array Job ID: 3718868_143
Cluster: uc3
User/Group: ka_bj2362/ka_iai
State: COMPLETED (exit code 0)
Nodes: 1
Cores per node: 4
CPU Utilized: 01:13:38
CPU Efficiency: 24.74% of 04:57:36 core-walltime
Job Wall-clock time: 01:14:24
Memory Utilized: 3.51 GB
Memory Efficiency: 29.24% of 12.00 GB (12.00 GB/node)
