Array task 258: processing chunks 56760 to 56979
Loading data from /pfs/data6/home/ka/ka_iai/ka_bj2362/dsr/svise/../dataset/South_Korea_2024-08-15_2025-08-31_1s.parquet...
Finding all valid 5-minute chunks in the dataset...
Found 107059 valid 5-minute chunks in total.

============================================================
SVISE FINAL EVALUATION — ALL CHUNKS
============================================================
Hyperparameters: {
  "model": "integrator",
  "sigma": 0,
  "degree": 2,
  "tau": 1e-05,
  "lr": 0.1,
  "n_tau": 50,
  "measurement_noise": 0.001,
  "n_reparam_samples": 15
}
Total valid chunks in dataset: 107059
Processing chunk range: [56760, 56979] (220 chunks)
Early stopping: patience=300, max_epochs=10000
============================================================


--- Chunk 56760 (1/220) | Start: 2025-03-09 19:05:00 ---
/pfs/data6/home/ka/ka_iai/ka_bj2362/dsr/svise/svise/sde_learning/_marginal_sde.py:284: UserWarning: torch.triangular_solve is deprecated in favor of torch.linalg.solve_triangularand will be removed in a future PyTorch release.
torch.linalg.solve_triangular has its arguments reversed and does not return a copy of one of the inputs.
X = torch.triangular_solve(B, A).solution
should be replaced with
X = torch.linalg.solve_triangular(A, B). (Triggered internally at ../aten/src/ATen/native/BatchLinearAlgebra.cpp:2192.)
  return torch.triangular_solve(self.raw_w, self.C.t()).solution
/pfs/data6/home/ka/ka_iai/ka_bj2362/dsr/svise/svise/quadrature/_unbiased_quadrature.py:196: UserWarning: Interp is nan, reducing interp degree.
  warnings.warn("Interp is nan, reducing interp degree.")
/pfs/data6/home/ka/ka_iai/ka_bj2362/dsr/svise/svise/quadrature/_unbiased_quadrature.py:174: UserWarning: NaN detected in fxq (quadrature node evaluations). Clamping to 0.
  warnings.warn("NaN detected in fxq (quadrature node evaluations). Clamping to 0.")
/pfs/data6/home/ka/ka_iai/ka_bj2362/dsr/svise/svise/quadrature/_unbiased_quadrature.py:177: UserWarning: NaN detected in fmc (Monte-Carlo node evaluations). Clamping to 0.
  warnings.warn("NaN detected in fmc (Monte-Carlo node evaluations). Clamping to 0.")
    RMSE omega (GP): nan | RMSE omega (Sim): nan
    Loss: 69.5989 | Epoch: 38
    Eq omega: nan1 + nantheta + nanomega + nantheta^2 + nantheta omega + nanomega^2
    Eq omega Phys: N/A
    Diffusion: theta=nan, omega=nan

--- Chunk 56761 (2/220) | Start: 2025-03-09 19:10:00 ---
    RMSE omega (GP): 0.010878 | RMSE omega (Sim): 0.086178
    Loss: 7.5512 | Epoch: 1107
    Eq omega: -0.001241 + -0.00039theta + 0.00867omega + -0.00012theta^2 + 0.00490theta omega + -0.00144omega^2
    Eq omega Phys: -0.000623*omega**2 + 7.1e-5*omega*theta + 0.00067*omega - 1.0e-6*theta - 7.0e-6
    Diffusion: theta=2.515019e-03, omega=3.977994e-05

--- Chunk 56762 (3/220) | Start: 2025-03-09 19:15:00 ---
    RMSE omega (GP): 0.013601 | RMSE omega (Sim): 0.104355
    Loss: 11.3338 | Epoch: 1602
    Eq omega: 0.000071 + -0.00003theta + -0.00186omega + -0.00038theta^2 + -0.00160theta omega + 0.00599omega^2
    Eq omega Phys: 0.002454*omega**2 - 2.2e-5*omega*theta - 0.000254*omega - 3.0e-6*theta - 1.3e-5
    Diffusion: theta=1.957645e-03, omega=4.406700e-05

--- Chunk 56763 (4/220) | Start: 2025-03-09 19:20:00 ---
    RMSE omega (GP): nan | RMSE omega (Sim): nan
    Loss: 1237.1299 | Epoch: 25
    Eq omega: nan1 + nantheta + nanomega + nantheta^2 + nantheta omega + nanomega^2
    Eq omega Phys: N/A
    Diffusion: theta=nan, omega=nan

--- Chunk 56764 (5/220) | Start: 2025-03-09 19:25:00 ---
    RMSE omega (GP): 0.011007 | RMSE omega (Sim): 0.087027
    Loss: 5.0283 | Epoch: 813
    Eq omega: 0.020331 + -0.89167theta + -0.00195omega + 0.00531theta^2 + 0.00403theta omega + -0.00314omega^2
    Eq omega Phys: -0.001199*omega**2 + 5.1e-5*omega*theta - 0.000182*omega + 2.0e-6*theta**2 - 0.001001*theta + 0.002326
    Diffusion: theta=5.844117e-04, omega=6.473116e-05

--- Chunk 56765 (6/220) | Start: 2025-03-09 19:30:00 ---
    RMSE omega (GP): 0.013614 | RMSE omega (Sim): 0.065945
    Loss: 5.2635 | Epoch: 2142
    Eq omega: 0.029531 + -0.03521theta + 0.03281omega + -0.01297theta^2 + 0.00220theta omega + 0.01130omega^2
    Eq omega Phys: 0.005196*omega**2 + 3.4e-5*omega*theta + 0.000387*omega - 7.0e-6*theta**2 + 0.000239*theta - 0.002018
    Diffusion: theta=1.895120e-03, omega=2.427741e-05

--- Chunk 56766 (7/220) | Start: 2025-03-09 19:35:00 ---
    RMSE omega (GP): 0.009910 | RMSE omega (Sim): 0.086519
    Loss: 4.0376 | Epoch: 1204
    Eq omega: 0.002561 + -0.72641theta + 0.01555omega + -0.00239theta^2 + 0.01825theta omega + 0.01113omega^2
    Eq omega Phys: 0.004431*omega**2 + 0.000242*omega*theta + 0.001403*omega - 1.0e-6*theta**2 - 0.000815*theta - 0.002956
    Diffusion: theta=1.479887e-03, omega=4.024842e-05

--- Chunk 56767 (8/220) | Start: 2025-03-09 19:40:00 ---
    RMSE omega (GP): 0.010972 | RMSE omega (Sim): 0.150844
    Loss: -0.0347 | Epoch: 2291
    Eq omega: 0.016401 + -0.00032theta + -0.01116omega + -0.00011theta^2 + 0.00028theta omega + 0.00128omega^2
    Eq omega Phys: 0.000329*omega**2 + 2.0e-6*omega*theta - 0.000388*omega + 7.2e-5
    Diffusion: theta=3.106633e-04, omega=5.907409e-05

--- Chunk 56768 (9/220) | Start: 2025-03-09 19:45:00 ---
    RMSE omega (GP): nan | RMSE omega (Sim): nan
    Loss: 358.1568 | Epoch: 32
    Eq omega: nan1 + nantheta + nanomega + nantheta^2 + nantheta omega + nanomega^2
    Eq omega Phys: N/A
    Diffusion: theta=nan, omega=nan

--- Chunk 56769 (10/220) | Start: 2025-03-09 19:50:00 ---
    RMSE omega (GP): 0.029600 | RMSE omega (Sim): nan
    Loss: 71.9606 | Epoch: 374
    Eq omega: -0.000171 + -0.00640theta + -0.00154omega + 0.00190theta^2 + 0.02942theta omega + -0.00052omega^2
    Eq omega Phys: -0.000223*omega**2 + 0.00042*omega*theta + 0.002621*omega + 1.0e-6*theta**2 + 4.0e-6*theta - 9.0e-6
    Diffusion: theta=1.344962e+00, omega=1.013507e-03

--- Chunk 56770 (11/220) | Start: 2025-03-09 19:55:00 ---
    RMSE omega (GP): 0.041003 | RMSE omega (Sim): 0.070649
    Loss: 365.4966 | Epoch: 945
    Eq omega: 0.000371 + -0.00038theta + 0.00617omega + 0.00308theta^2 + 0.00005theta omega + -0.00021omega^2
    Eq omega Phys: -0.000135*omega**2 + 1.0e-6*omega*theta + 0.000184*omega + 2.0e-6*theta**2 - 8.8e-5*theta + 0.00088
    Diffusion: theta=2.704591e-02, omega=2.749090e-05

--- Chunk 56771 (12/220) | Start: 2025-03-09 20:00:00 ---
    RMSE omega (GP): 0.014115 | RMSE omega (Sim): 0.153329
    Loss: 10.3801 | Epoch: 2010
    Eq omega: 0.002971 + -0.00105theta + 0.01202omega + 0.00013theta^2 + -0.00053theta omega + 0.00033omega^2
    Eq omega Phys: 0.000152*omega**2 - 8.0e-6*omega*theta + 0.000524*omega - 3.0e-6*theta + 4.0e-5
    Diffusion: theta=5.239501e-04, omega=4.081095e-05

--- Chunk 56772 (13/220) | Start: 2025-03-09 20:05:00 ---
    RMSE omega (GP): 0.024330 | RMSE omega (Sim): 0.118412
    Loss: 22.0072 | Epoch: 117
    Eq omega: 0.004541 + -0.01511theta + -0.00420omega + 0.00005theta^2 + -0.00174theta omega + -0.00297omega^2
    Eq omega Phys: -0.000887*omega**2 - 1.7e-5*omega*theta + 0.000135*omega - 1.7e-5*theta + 0.000287
    Diffusion: theta=3.067277e-03, omega=2.512903e-05

--- Chunk 56773 (14/220) | Start: 2025-03-09 20:10:00 ---
    RMSE omega (GP): 0.021367 | RMSE omega (Sim): 0.086679
    Loss: -2676.3210 | Epoch: 717
    Eq omega: 0.003351 + -0.03534theta + -0.01049omega + -0.00113theta^2 + -0.00452theta omega + -0.00175omega^2
    Eq omega Phys: -0.000697*omega**2 - 6.0e-5*omega*theta - 0.000652*omega - 4.4e-5*theta - 0.000201
    Diffusion: theta=2.024881e-01, omega=1.200158e-04

--- Chunk 56774 (15/220) | Start: 2025-03-09 20:15:00 ---
    RMSE omega (GP): nan | RMSE omega (Sim): nan
    Loss: 437.4842 | Epoch: 22
    Eq omega: nan1 + nantheta + nanomega + nantheta^2 + nantheta omega + nanomega^2
    Eq omega Phys: N/A
    Diffusion: theta=nan, omega=nan

--- Chunk 56775 (16/220) | Start: 2025-03-09 20:20:00 ---
    RMSE omega (GP): nan | RMSE omega (Sim): nan
    Loss: 17.8515 | Epoch: 163
    Eq omega: nan1 + nantheta + nanomega + nantheta^2 + nantheta omega + nanomega^2
    Eq omega Phys: N/A
    Diffusion: theta=nan, omega=nan

--- Chunk 56776 (17/220) | Start: 2025-03-09 20:25:00 ---
    RMSE omega (GP): 0.010440 | RMSE omega (Sim): 0.090263
    Loss: 3.4413 | Epoch: 1323
    Eq omega: -0.001021 + -0.00059theta + -0.00241omega + -0.00106theta^2 + -0.00110theta omega + -0.00285omega^2
    Eq omega Phys: -0.001048*omega**2 - 1.3e-5*omega*theta + 7.5e-5*omega + 9.0e-6*theta - 5.3e-5
    Diffusion: theta=7.086993e-04, omega=5.327215e-05

--- Chunk 56777 (18/220) | Start: 2025-03-09 20:30:00 ---
    RMSE omega (GP): 0.011601 | RMSE omega (Sim): 0.109663
    Loss: 6.7245 | Epoch: 1447
    Eq omega: 0.000251 + -0.00032theta + -0.00105omega + 0.00040theta^2 + -0.00000theta omega + 0.00645omega^2
    Eq omega Phys: 0.002538*omega**2 - 3.5e-5*omega + 3.0e-6*theta + 1.0e-5
    Diffusion: theta=3.871076e-04, omega=6.435229e-05

--- Chunk 56778 (19/220) | Start: 2025-03-09 20:35:00 ---
    RMSE omega (GP): 0.010587 | RMSE omega (Sim): 0.085195
    Loss: 10.5376 | Epoch: 2959
    Eq omega: -0.000281 + -0.00028theta + 0.00323omega + 0.00002theta^2 + -0.00001theta omega + 0.00073omega^2
    Eq omega Phys: 0.000364*omega**2 + 0.000104*omega - 2.0e-6
    Diffusion: theta=2.964865e-03, omega=3.394671e-05

--- Chunk 56779 (20/220) | Start: 2025-03-09 20:40:00 ---
    RMSE omega (GP): 0.010061 | RMSE omega (Sim): 0.112825
    Loss: 0.0424 | Epoch: 1117
    Eq omega: -0.009871 + -0.30082theta + 0.02712omega + 0.06059theta^2 + 0.01687theta omega + 0.01875omega^2
    Eq omega Phys: 0.00511*omega**2 + 0.000153*omega*theta + 0.001538*omega + 1.8e-5*theta**2 - 0.000182*theta - 0.00111
    Diffusion: theta=4.558158e-04, omega=7.227381e-05

--- Chunk 56780 (21/220) | Start: 2025-03-09 20:45:00 ---
    RMSE omega (GP): 0.025227 | RMSE omega (Sim): 0.125029
    Loss: 23.8447 | Epoch: 95
    Eq omega: -0.004781 + -0.00468theta + 0.00340omega + 0.00002theta^2 + -0.00093theta omega + -0.00307omega^2
    Eq omega Phys: -0.000858*omega**2 - 9.0e-6*omega*theta + 0.000322*omega - 5.0e-6*theta + 0.00011
    Diffusion: theta=nan, omega=nan

--- Chunk 56781 (22/220) | Start: 2025-03-09 20:50:00 ---
    RMSE omega (GP): 0.011607 | RMSE omega (Sim): 0.164499
    Loss: 3.8193 | Epoch: 1864
    Eq omega: -0.008151 + -0.28359theta + -0.00149omega + -0.00255theta^2 + 0.00379theta omega + -0.00368omega^2
    Eq omega Phys: -0.001241*omega**2 + 4.3e-5*omega*theta - 0.000465*omega - 0.e-6*theta**2 - 0.000296*theta + 0.002952
    Diffusion: theta=6.155481e-04, omega=6.352530e-05

--- Chunk 56782 (23/220) | Start: 2025-03-09 20:55:00 ---
    RMSE omega (GP): 0.011262 | RMSE omega (Sim): 0.134231
    Loss: 1.6869 | Epoch: 1047
    Eq omega: 0.001241 + 0.00016theta + 0.00194omega + -0.00078theta^2 + -0.00011theta omega + 0.00001omega^2
    Eq omega Phys: 3.0e-6*omega**2 - 1.0e-6*omega*theta + 6.1e-5*omega - 1.0e-6*theta + 3.0e-6
    Diffusion: theta=5.225600e-04, omega=7.972410e-05

--- Chunk 56783 (24/220) | Start: 2025-03-09 21:00:00 ---
    RMSE omega (GP): 0.051401 | RMSE omega (Sim): 0.237773
    Loss: 357.1372 | Epoch: 28
    Eq omega: -0.001431 + -0.00085theta + -0.00210omega + -0.00025theta^2 + 0.00014theta omega + -0.00171omega^2
    Eq omega Phys: -0.000675*omega**2 + 2.0e-6*omega*theta - 3.7e-5*omega - 5.0e-6*theta - 5.5e-5
    Diffusion: theta=nan, omega=nan

--- Chunk 56784 (25/220) | Start: 2025-03-09 21:05:00 ---
    RMSE omega (GP): 0.038311 | RMSE omega (Sim): 0.100926
    Loss: 147.9182 | Epoch: 243
    Eq omega: 0.001731 + -0.00130theta + -0.00024omega + 0.00018theta^2 + 0.00046theta omega + 0.00055omega^2
    Eq omega Phys: 0.000231*omega**2 + 6.0e-6*omega*theta + 0.000101*omega + 1.0e-6*theta + 4.0e-6
    Diffusion: theta=nan, omega=nan

--- Chunk 56785 (26/220) | Start: 2025-03-09 21:10:00 ---
    RMSE omega (GP): 0.011685 | RMSE omega (Sim): 0.083546
    Loss: -0.3818 | Epoch: 2107
    Eq omega: -0.023701 + -0.19102theta + -0.00150omega + 0.06585theta^2 + 0.00474theta omega + -0.02157omega^2
    Eq omega Phys: -0.004854*omega**2 + 3.6e-5*omega*theta + 0.000583*omega + 1.6e-5*theta**2 + 0.000374*theta + 0.001326
    Diffusion: theta=3.076820e-03, omega=5.131904e-05

--- Chunk 56786 (27/220) | Start: 2025-03-09 21:15:00 ---
    RMSE omega (GP): 0.011632 | RMSE omega (Sim): 0.091501
    Loss: 0.5408 | Epoch: 2691
    Eq omega: 0.021711 + -0.25942theta + -0.06307omega + -0.03464theta^2 + 0.00608theta omega + -0.01501omega^2
    Eq omega Phys: -0.003891*omega**2 + 5.3e-5*omega*theta - 0.002864*omega - 1.0e-5*theta**2 + 1.0e-6*theta + 0.002175
    Diffusion: theta=1.874161e-03, omega=3.524214e-05

--- Chunk 56787 (28/220) | Start: 2025-03-09 21:20:00 ---
    RMSE omega (GP): nan | RMSE omega (Sim): nan
    Loss: 58.5793 | Epoch: 41
    Eq omega: nan1 + nantheta + nanomega + nantheta^2 + nantheta omega + nanomega^2
    Eq omega Phys: N/A
    Diffusion: theta=nan, omega=nan

--- Chunk 56788 (29/220) | Start: 2025-03-09 21:25:00 ---
    RMSE omega (GP): 0.036728 | RMSE omega (Sim): 0.140454
    Loss: 63.8875 | Epoch: 591
    Eq omega: 0.001091 + 0.00120theta + 0.00573omega + 0.00035theta^2 + 0.00098theta omega + -0.01260omega^2
    Eq omega Phys: -0.00378*omega**2 + 1.0e-5*omega*theta + 1.7e-5*omega - 3.0e-6*theta + 1.7e-5
    Diffusion: theta=4.476763e-01, omega=4.419694e-04

--- Chunk 56789 (30/220) | Start: 2025-03-09 21:30:00 ---
    RMSE omega (GP): 0.008788 | RMSE omega (Sim): 0.198125
    Loss: -1.5839 | Epoch: 1380
    Eq omega: 0.012331 + -1.53095theta + 0.01142omega + 0.31167theta^2 + -0.06460theta omega + -0.06488omega^2
    Eq omega Phys: -0.015664*omega**2 - 0.00052*omega*theta - 0.001329*omega + 8.4e-5*theta**2 - 0.001151*theta - 0.004633
    Diffusion: theta=1.993995e-03, omega=5.701055e-05

--- Chunk 56790 (31/220) | Start: 2025-03-09 21:35:00 ---
    RMSE omega (GP): 0.011139 | RMSE omega (Sim): 0.136670
    Loss: 2.7020 | Epoch: 1332
    Eq omega: 0.001921 + -0.21499theta + 0.01636omega + 0.00121theta^2 + 0.00068theta omega + -0.00276omega^2
    Eq omega Phys: -0.000878*omega**2 + 7.0e-6*omega*theta + 0.000624*omega - 0.00023*theta - 0.002539
    Diffusion: theta=7.543884e-04, omega=6.597184e-05

--- Chunk 56791 (32/220) | Start: 2025-03-09 21:40:00 ---
    RMSE omega (GP): 0.011988 | RMSE omega (Sim): 0.067577
    Loss: 17.1035 | Epoch: 2982
    Eq omega: -0.001451 + 0.00056theta + 0.00155omega + -0.00003theta^2 + 0.00022theta omega + -0.00022omega^2
    Eq omega Phys: -0.000116*omega**2 + 4.0e-6*omega*theta - 4.1e-5*omega + 1.0e-6*theta - 2.8e-5
    Diffusion: theta=5.015757e-04, omega=2.054393e-05

--- Chunk 56792 (33/220) | Start: 2025-03-09 21:45:00 ---
    RMSE omega (GP): nan | RMSE omega (Sim): nan
    Loss: 57.7789 | Epoch: 55
    Eq omega: nan1 + nantheta + nanomega + nantheta^2 + nantheta omega + nanomega^2
    Eq omega Phys: N/A
    Diffusion: theta=nan, omega=nan

--- Chunk 56793 (34/220) | Start: 2025-03-09 21:50:00 ---
    RMSE omega (GP): 0.011653 | RMSE omega (Sim): 0.153138
    Loss: 2.4334 | Epoch: 1146
    Eq omega: 0.007891 + -0.92528theta + -0.00896omega + -0.00278theta^2 + -0.01494theta omega + 0.00539omega^2
    Eq omega Phys: 0.001623*omega**2 - 0.00015*omega*theta - 0.000102*omega - 0.e-6*theta**2 - 0.001026*theta + 0.001378
    Diffusion: theta=4.677486e-04, omega=9.301998e-05

--- Chunk 56794 (35/220) | Start: 2025-03-09 21:55:00 ---
    RMSE omega (GP): 0.021586 | RMSE omega (Sim): 0.149083
    Loss: 1.8650 | Epoch: 418
    Eq omega: -0.004091 + -0.01304theta + -0.00259omega + 0.00008theta^2 + 0.00149theta omega + -0.00734omega^2
    Eq omega Phys: -0.002377*omega**2 + 1.6e-5*omega*theta - 0.000162*omega - 1.5e-5*theta + 5.5e-5
    Diffusion: theta=2.518502e-01, omega=2.921045e-04

--- Chunk 56795 (36/220) | Start: 2025-03-09 22:00:00 ---
    RMSE omega (GP): 0.011015 | RMSE omega (Sim): 0.177652
    Loss: 1.1924 | Epoch: 1225
    Eq omega: 0.004911 + -0.25656theta + -0.00107omega + -0.00286theta^2 + 0.02085theta omega + 0.00944omega^2
    Eq omega Phys: 0.002697*omega**2 + 0.000199*omega*theta - 0.00182*omega - 0.e-6*theta**2 - 0.000269*theta + 0.002509
    Diffusion: theta=2.314861e-04, omega=6.225138e-05

--- Chunk 56796 (37/220) | Start: 2025-03-09 22:05:00 ---
    RMSE omega (GP): 0.009136 | RMSE omega (Sim): 0.287352
    Loss: 5.3232 | Epoch: 2037
    Eq omega: -0.004671 + -0.00021theta + -0.00004omega + -0.00005theta^2 + -0.00017theta omega + 0.00239omega^2
    Eq omega Phys: 0.001104*omega**2 - 3.0e-6*omega*theta - 3.7e-5*omega - 0.e-6*theta - 1.9e-5
    Diffusion: theta=3.839075e-04, omega=5.406614e-05

--- Chunk 56797 (38/220) | Start: 2025-03-09 22:10:00 ---
    RMSE omega (GP): nan | RMSE omega (Sim): nan
    Loss: 9787.8330 | Epoch: 16
    Eq omega: nan1 + nantheta + nanomega + nantheta^2 + nantheta omega + nanomega^2
    Eq omega Phys: N/A
    Diffusion: theta=nan, omega=nan

--- Chunk 56798 (39/220) | Start: 2025-03-09 22:15:00 ---
    RMSE omega (GP): nan | RMSE omega (Sim): nan
    Loss: 1339.1432 | Epoch: 16
    Eq omega: nan1 + nantheta + nanomega + nantheta^2 + nantheta omega + nanomega^2
    Eq omega Phys: N/A
    Diffusion: theta=nan, omega=nan

--- Chunk 56799 (40/220) | Start: 2025-03-09 22:20:00 ---
    RMSE omega (GP): nan | RMSE omega (Sim): nan
    Loss: 24.2576 | Epoch: 62
    Eq omega: nan1 + nantheta + nanomega + nantheta^2 + nantheta omega + nanomega^2
    Eq omega Phys: N/A
    Diffusion: theta=nan, omega=nan

--- Chunk 56800 (41/220) | Start: 2025-03-09 22:25:00 ---
    RMSE omega (GP): 0.019863 | RMSE omega (Sim): 0.138836
    Loss: -3555.7163 | Epoch: 612
    Eq omega: 0.004031 + -0.38557theta + 0.00467omega + -0.00486theta^2 + 0.00008theta omega + 0.00490omega^2
    Eq omega Phys: 0.001757*omega**2 + 1.0e-6*omega*theta + 0.000149*omega - 2.0e-6*theta**2 - 0.000403*theta + 0.002771
    Diffusion: theta=1.403434e-01, omega=5.713631e-05

--- Chunk 56801 (42/220) | Start: 2025-03-09 22:30:00 ---
    RMSE omega (GP): 0.009659 | RMSE omega (Sim): 0.075614
    Loss: 3.5373 | Epoch: 949
    Eq omega: -0.001151 + -0.00218theta + -0.00119omega + 0.00009theta^2 + 0.00021theta omega + -0.00085omega^2
    Eq omega Phys: -0.000375*omega**2 + 3.0e-6*omega*theta - 2.4e-5*omega - 2.0e-6*theta - 1.4e-5
    Diffusion: theta=2.424150e-04, omega=3.938285e-05

--- Chunk 56802 (43/220) | Start: 2025-03-09 22:35:00 ---
    RMSE omega (GP): 0.020414 | RMSE omega (Sim): 0.053477
    Loss: 14.4880 | Epoch: 2278
    Eq omega: -0.002111 + 0.00016theta + 0.00100omega + -0.00004theta^2 + 0.00004theta omega + 0.00018omega^2
    Eq omega Phys: 0.000113*omega**2 + 1.0e-6*omega*theta + 4.9e-5*omega - 0.e-6*theta - 1.0e-5
    Diffusion: theta=7.588084e-04, omega=2.787857e-05

--- Chunk 56803 (44/220) | Start: 2025-03-09 22:40:00 ---
    RMSE omega (GP): nan | RMSE omega (Sim): nan
    Loss: 319.9311 | Epoch: 16
    Eq omega: nan1 + nantheta + nanomega + nantheta^2 + nantheta omega + nanomega^2
    Eq omega Phys: N/A
    Diffusion: theta=nan, omega=nan

--- Chunk 56804 (45/220) | Start: 2025-03-09 22:45:00 ---
    RMSE omega (GP): nan | RMSE omega (Sim): nan
    Loss: 321.9030 | Epoch: 26
    Eq omega: nan1 + nantheta + nanomega + nantheta^2 + nantheta omega + nanomega^2
    Eq omega Phys: N/A
    Diffusion: theta=nan, omega=nan

--- Chunk 56805 (46/220) | Start: 2025-03-09 22:50:00 ---
    RMSE omega (GP): 0.015674 | RMSE omega (Sim): 0.114371
    Loss: 11.1865 | Epoch: 1171
    Eq omega: -0.014681 + -1.08226theta + -0.00099omega + -0.00456theta^2 + -0.01160theta omega + -0.00888omega^2
    Eq omega Phys: -0.002946*omega**2 - 0.000128*omega*theta - 0.000164*omega - 2.0e-6*theta**2 - 0.001206*theta - 0.001282
    Diffusion: theta=8.385918e-03, omega=3.668857e-05

--- Chunk 56806 (47/220) | Start: 2025-03-09 22:55:00 ---
    RMSE omega (GP): 0.010623 | RMSE omega (Sim): 0.087433
    Loss: 4.7352 | Epoch: 876
    Eq omega: 0.000991 + -0.00142theta + 0.00258omega + -0.00136theta^2 + 0.00008theta omega + -0.00088omega^2
    Eq omega Phys: -0.000337*omega**2 + 1.0e-6*omega*theta + 7.6e-5*omega - 0.e-6*theta**2 + 1.0e-5*theta - 3.9e-5
    Diffusion: theta=2.059326e-03, omega=4.716796e-05

--- Chunk 56807 (48/220) | Start: 2025-03-09 23:00:00 ---
    RMSE omega (GP): nan | RMSE omega (Sim): nan
    Loss: 238.0025 | Epoch: 18
    Eq omega: nan1 + nantheta + nanomega + nantheta^2 + nantheta omega + nanomega^2
    Eq omega Phys: N/A
    Diffusion: theta=nan, omega=nan

--- Chunk 56808 (49/220) | Start: 2025-03-09 23:05:00 ---
    RMSE omega (GP): 0.010310 | RMSE omega (Sim): 0.155979
    Loss: 1.4569 | Epoch: 1036
    Eq omega: -0.003241 + -0.01383theta + 0.00038omega + -0.00224theta^2 + -0.00739theta omega + 0.00140omega^2
    Eq omega Phys: 0.000435*omega**2 - 7.7e-5*omega*theta + 0.000202*omega - 0.e-6*theta**2 - 1.2e-5*theta + 2.2e-5
    Diffusion: theta=5.118506e-04, omega=7.126112e-05

--- Chunk 56809 (50/220) | Start: 2025-03-09 23:10:00 ---
    RMSE omega (GP): 0.009490 | RMSE omega (Sim): 0.138749
    Loss: 2.8130 | Epoch: 1135
    Eq omega: -0.002481 + -0.00236theta + -0.00081omega + 0.00015theta^2 + 0.00284theta omega + 0.01253omega^2
    Eq omega Phys: 0.004644*omega**2 + 3.5e-5*omega*theta - 0.000185*omega - 3.0e-6*theta + 6.0e-6
    Diffusion: theta=1.883071e-03, omega=2.750251e-05

  [Progress 50/220] Mean RMSE omega (GP): 0.016818 | (Sim): 0.122775 | Mean loss: 184.5018 | Valid GP: 37/50 | Valid Sim: 36/50 | Elapsed: 16.3min | ETA: 55.4min

--- Chunk 56810 (51/220) | Start: 2025-03-09 23:15:00 ---
    RMSE omega (GP): 0.011110 | RMSE omega (Sim): 0.121530
    Loss: 4.0313 | Epoch: 1382
    Eq omega: 0.003871 + 0.00120theta + -0.00166omega + -0.00669theta^2 + 0.00035theta omega + -0.00129omega^2
    Eq omega Phys: -0.000464*omega**2 + 4.0e-6*omega*theta - 7.0e-5*omega - 3.0e-6*theta**2 + 2.0e-5*theta - 2.4e-5
    Diffusion: theta=3.401739e-04, omega=5.758272e-05

--- Chunk 56811 (52/220) | Start: 2025-03-09 23:20:00 ---
    RMSE omega (GP): 0.010699 | RMSE omega (Sim): 0.093199
    Loss: 13.0703 | Epoch: 1429
    Eq omega: -0.001171 + 0.00006theta + -0.00149omega + -0.00004theta^2 + 0.00009theta omega + -0.00005omega^2
    Eq omega Phys: -2.7e-5*omega**2 + 2.0e-6*omega*theta - 8.3e-5*omega + 1.0e-6*theta - 1.4e-5
    Diffusion: theta=7.545456e-04, omega=3.379683e-05

--- Chunk 56812 (53/220) | Start: 2025-03-09 23:25:00 ---
    RMSE omega (GP): 0.008482 | RMSE omega (Sim): 0.147874
    Loss: 0.9940 | Epoch: 1422
    Eq omega: 0.079031 + -0.46073theta + -0.00339omega + -0.24100theta^2 + -0.00611theta omega + 0.00992omega^2
    Eq omega Phys: 0.003484*omega**2 - 7.2e-5*omega*theta + 0.000603*omega - 9.4e-5*theta**2 + 0.001372*theta - 0.004058
    Diffusion: theta=2.028183e-03, omega=4.725136e-05

--- Chunk 56813 (54/220) | Start: 2025-03-09 23:30:00 ---
    RMSE omega (GP): 0.008079 | RMSE omega (Sim): nan
    Loss: 4.3725 | Epoch: 1504
    Eq omega: -0.003441 + -0.00176theta + 0.00435omega + 0.08845theta^2 + 0.00041theta omega + -0.00386omega^2
    Eq omega Phys: -0.001868*omega**2 + 7.0e-6*omega*theta + 7.0e-5*omega + 4.8e-5*theta**2 - 0.001078*theta + 0.006104
    Diffusion: theta=6.988234e-04, omega=2.623496e-05

--- Chunk 56814 (55/220) | Start: 2025-03-09 23:35:00 ---
    RMSE omega (GP): 0.009793 | RMSE omega (Sim): 0.098019
    Loss: 4.8523 | Epoch: 1928
    Eq omega: 0.004901 + 0.00030theta + 0.00099omega + 0.00003theta^2 + 0.00089theta omega + -0.00214omega^2
    Eq omega Phys: -0.000844*omega**2 + 1.2e-5*omega*theta - 0.000152*omega + 1.2e-5
    Diffusion: theta=9.152868e-04, omega=4.107643e-05

--- Chunk 56815 (56/220) | Start: 2025-03-09 23:40:00 ---
    RMSE omega (GP): 0.010257 | RMSE omega (Sim): 0.063922
    Loss: 6.3456 | Epoch: 1656
    Eq omega: 0.006081 + -0.00115theta + 0.00301omega + 0.00011theta^2 + -0.00041theta omega + -0.00085omega^2
    Eq omega Phys: -0.000465*omega**2 - 7.0e-6*omega*theta + 0.000198*omega - 3.0e-6*theta + 4.0e-5
    Diffusion: theta=1.933347e-03, omega=1.676786e-05

--- Chunk 56816 (57/220) | Start: 2025-03-09 23:45:00 ---
    RMSE omega (GP): nan | RMSE omega (Sim): nan
    Loss: 48.0270 | Epoch: 205
    Eq omega: nan1 + nantheta + nanomega + nantheta^2 + nantheta omega + nanomega^2
    Eq omega Phys: N/A
    Diffusion: theta=nan, omega=nan

--- Chunk 56817 (58/220) | Start: 2025-03-09 23:50:00 ---
    RMSE omega (GP): nan | RMSE omega (Sim): nan
    Loss: 402.9933 | Epoch: 53
    Eq omega: nan1 + nantheta + nanomega + nantheta^2 + nantheta omega + nanomega^2
    Eq omega Phys: N/A
    Diffusion: theta=nan, omega=nan

--- Chunk 56818 (59/220) | Start: 2025-03-09 23:55:00 ---
    RMSE omega (GP): nan | RMSE omega (Sim): nan
    Loss: 90.6022 | Epoch: 67
    Eq omega: nan1 + nantheta + nanomega + nantheta^2 + nantheta omega + nanomega^2
    Eq omega Phys: N/A
    Diffusion: theta=nan, omega=nan

--- Chunk 56819 (60/220) | Start: 2025-03-10 00:00:00 ---
    RMSE omega (GP): 0.009537 | RMSE omega (Sim): 0.115074
    Loss: 6.9666 | Epoch: 2342
    Eq omega: 0.002201 + -0.00030theta + -0.00127omega + -0.00002theta^2 + 0.00020theta omega + 0.00377omega^2
    Eq omega Phys: 0.001758*omega**2 + 3.0e-6*omega*theta - 0.000106*omega + 8.0e-6
    Diffusion: theta=5.854815e-04, omega=3.631517e-05

--- Chunk 56820 (61/220) | Start: 2025-03-10 00:05:00 ---
    RMSE omega (GP): 0.008668 | RMSE omega (Sim): 0.054565
    Loss: 14.6670 | Epoch: 2811
    Eq omega: -0.000921 + 0.00010theta + 0.00093omega + -0.00000theta^2 + -0.00001theta omega + -0.00034omega^2
    Eq omega Phys: -0.000241*omega**2 + 3.7e-5*omega - 4.0e-6
    Diffusion: theta=1.836606e-03, omega=1.448316e-05

--- Chunk 56821 (62/220) | Start: 2025-03-10 00:10:00 ---
    RMSE omega (GP): nan | RMSE omega (Sim): nan
    Loss: 1249.4010 | Epoch: 51
    Eq omega: nan1 + nantheta + nanomega + nantheta^2 + nantheta omega + nanomega^2
    Eq omega Phys: N/A
    Diffusion: theta=nan, omega=nan

--- Chunk 56822 (63/220) | Start: 2025-03-10 00:15:00 ---
    RMSE omega (GP): 0.009884 | RMSE omega (Sim): 0.171273
    Loss: 1.6149 | Epoch: 1417
    Eq omega: -0.000541 + -0.00122theta + -0.00006omega + -0.00001theta^2 + 0.00013theta omega + 0.00168omega^2
    Eq omega Phys: 0.000541*omega**2 + 1.0e-6*omega*theta + 7.0e-6*omega - 1.0e-6*theta - 1.1e-5
    Diffusion: theta=7.419717e-04, omega=5.517461e-05

--- Chunk 56823 (64/220) | Start: 2025-03-10 00:20:00 ---
    RMSE omega (GP): 0.028289 | RMSE omega (Sim): 0.107447
    Loss: 54.1543 | Epoch: 105
    Eq omega: 0.027171 + -0.00818theta + -0.03257omega + -0.00293theta^2 + -0.00188theta omega + -0.00480omega^2
    Eq omega Phys: -0.001826*omega**2 - 2.4e-5*omega*theta - 0.001495*omega - 1.0e-6*theta**2 - 5.2e-5*theta - 0.000442
    Diffusion: theta=5.073083e-03, omega=2.784776e-05

--- Chunk 56824 (65/220) | Start: 2025-03-10 00:25:00 ---
    RMSE omega (GP): 0.034879 | RMSE omega (Sim): 0.087620
    Loss: 91.4977 | Epoch: 2744
    Eq omega: -0.001171 + -0.00187theta + 0.00536omega + 0.00084theta^2 + -0.00110theta omega + 0.00009omega^2
    Eq omega Phys: 3.9e-5*omega**2 - 1.6e-5*omega*theta + 0.000326*omega - 1.0e-5*theta + 5.2e-5
    Diffusion: theta=6.811040e-03, omega=1.785400e-05

--- Chunk 56825 (66/220) | Start: 2025-03-10 00:30:00 ---
    RMSE omega (GP): 0.061812 | RMSE omega (Sim): 0.142291
    Loss: 912.1447 | Epoch: 25
    Eq omega: 0.000871 + 0.00296theta + 0.01055omega + 0.00057theta^2 + -0.00003theta omega + 0.00174omega^2
    Eq omega Phys: 0.000833*omega**2 + 0.000356*omega - 3.0e-6*theta - 2.0e-6
    Diffusion: theta=nan, omega=nan

--- Chunk 56826 (67/220) | Start: 2025-03-10 00:35:00 ---
    RMSE omega (GP): 0.008847 | RMSE omega (Sim): 0.111018
    Loss: 1.9471 | Epoch: 1842
    Eq omega: -0.003151 + -0.00016theta + 0.00072omega + 0.00010theta^2 + -0.00001theta omega + 0.00291omega^2
    Eq omega Phys: 0.001103*omega**2 + 2.6e-5*omega - 1.0e-6*theta + 1.0e-6
    Diffusion: theta=3.967244e-04, omega=3.898943e-05

--- Chunk 56827 (68/220) | Start: 2025-03-10 00:40:00 ---
    RMSE omega (GP): 0.011822 | RMSE omega (Sim): 0.161152
    Loss: 9.0926 | Epoch: 942
    Eq omega: -0.002571 + -0.00528theta + 0.00409omega + -0.00105theta^2 + 0.00091theta omega + -0.00131omega^2
    Eq omega Phys: -0.000578*omega**2 + 1.3e-5*omega*theta + 7.4e-5*omega - 0.e-6*theta**2 - 1.0e-6*theta + 1.0e-5
    Diffusion: theta=1.482861e-03, omega=4.242815e-05

--- Chunk 56828 (69/220) | Start: 2025-03-10 00:45:00 ---
    RMSE omega (GP): 0.012308 | RMSE omega (Sim): 0.099746
    Loss: 7.3947 | Epoch: 135
    Eq omega: -0.004151 + -2.30221theta + 0.01487omega + 0.08879theta^2 + -0.00696theta omega + -0.00526omega^2
    Eq omega Phys: -0.001962*omega**2 - 8.7e-5*omega*theta + 0.000604*omega + 3.7e-5*theta**2 - 0.00265*theta + 0.003251
    Diffusion: theta=nan, omega=nan

--- Chunk 56829 (70/220) | Start: 2025-03-10 00:50:00 ---
    RMSE omega (GP): 0.020318 | RMSE omega (Sim): 0.085238
    Loss: 28.2182 | Epoch: 79
    Eq omega: 0.001701 + 0.00184theta + -0.00714omega + 0.00139theta^2 + 0.00083theta omega + 0.00165omega^2
    Eq omega Phys: 0.000641*omega**2 + 1.1e-5*omega*theta - 0.000271*omega + 1.0e-6*theta**2 - 2.0e-6*theta + 4.0e-6
    Diffusion: theta=2.964971e-03, omega=3.050341e-05

--- Chunk 56830 (71/220) | Start: 2025-03-10 00:55:00 ---
    RMSE omega (GP): 0.009737 | RMSE omega (Sim): 0.079923
    Loss: 4.7021 | Epoch: 1955
    Eq omega: 0.001951 + 0.00007theta + -0.01454omega + 0.00002theta^2 + 0.00020theta omega + -0.00231omega^2
    Eq omega Phys: -0.000965*omega**2 + 3.0e-6*omega*theta - 0.000519*omega + 6.0e-6
    Diffusion: theta=1.508072e-03, omega=3.121609e-05

--- Chunk 56831 (72/220) | Start: 2025-03-10 01:00:00 ---
    RMSE omega (GP): 0.009035 | RMSE omega (Sim): 0.097234
    Loss: 1.6199 | Epoch: 1744
    Eq omega: 0.004721 + -0.38374theta + -0.38707omega + -0.08573theta^2 + -0.21720theta omega + 0.01087omega^2
    Eq omega Phys: 0.003688*omega**2 - 0.002456*omega*theta - 0.069545*omega - 3.2e-5*theta**2 - 0.001917*theta - 0.027004
    Diffusion: theta=5.372288e-04, omega=5.204299e-05

--- Chunk 56832 (73/220) | Start: 2025-03-10 01:05:00 ---
    RMSE omega (GP): 0.008514 | RMSE omega (Sim): 0.073340
    Loss: 4.0833 | Epoch: 1142
    Eq omega: -0.001641 + -0.00645theta + -0.00423omega + -0.00054theta^2 + -0.00015theta omega + -0.00072omega^2
    Eq omega Phys: -0.000328*omega**2 - 2.0e-6*omega*theta - 0.00014*omega - 7.0e-6*theta - 2.0e-6
    Diffusion: theta=2.166412e-04, omega=4.735938e-05

--- Chunk 56833 (74/220) | Start: 2025-03-10 01:10:00 ---
    RMSE omega (GP): nan | RMSE omega (Sim): nan
    Loss: 181.8479 | Epoch: 37
    Eq omega: nan1 + nantheta + nanomega + nantheta^2 + nantheta omega + nanomega^2
    Eq omega Phys: N/A
    Diffusion: theta=nan, omega=nan

--- Chunk 56834 (75/220) | Start: 2025-03-10 01:15:00 ---
    RMSE omega (GP): 0.058167 | RMSE omega (Sim): 0.086186
    Loss: 231.1148 | Epoch: 566
    Eq omega: -0.000571 + 0.00574theta + -0.01903omega + 0.00024theta^2 + -0.00203theta omega + 0.00324omega^2
    Eq omega Phys: 0.001613*omega**2 - 3.4e-5*omega*theta - 0.00147*omega + 1.3e-5*theta + 0.000239
    Diffusion: theta=nan, omega=nan

--- Chunk 56835 (76/220) | Start: 2025-03-10 01:20:00 ---
    RMSE omega (GP): 0.044866 | RMSE omega (Sim): 0.248161
    Loss: 181.5553 | Epoch: 54
    Eq omega: -0.000861 + -0.00351theta + 0.00027omega + -0.00235theta^2 + -0.00040theta omega + 0.00019omega^2
    Eq omega Phys: 7.7e-5*omega**2 - 5.0e-6*omega*theta + 7.5e-5*omega - 1.0e-6*theta**2 + 2.2e-5*theta - 0.000111
    Diffusion: theta=8.373055e-03, omega=1.302233e-05

--- Chunk 56836 (77/220) | Start: 2025-03-10 01:25:00 ---
    RMSE omega (GP): nan | RMSE omega (Sim): nan
    Loss: 487.6700 | Epoch: 21
    Eq omega: nan1 + nantheta + nanomega + nantheta^2 + nantheta omega + nanomega^2
    Eq omega Phys: N/A
    Diffusion: theta=nan, omega=nan

--- Chunk 56837 (78/220) | Start: 2025-03-10 01:30:00 ---
    RMSE omega (GP): nan | RMSE omega (Sim): nan
    Loss: 70.8647 | Epoch: 60
    Eq omega: nan1 + nantheta + nanomega + nantheta^2 + nantheta omega + nanomega^2
    Eq omega Phys: N/A
    Diffusion: theta=nan, omega=nan

--- Chunk 56838 (79/220) | Start: 2025-03-10 01:35:00 ---
    RMSE omega (GP): 0.011371 | RMSE omega (Sim): 0.129918
    Loss: 5.0066 | Epoch: 1712
    Eq omega: -0.000231 + -0.00156theta + -0.00104omega + 0.00052theta^2 + 0.00051theta omega + -0.00132omega^2
    Eq omega Phys: -0.00048*omega**2 + 6.0e-6*omega*theta - 8.8e-5*omega - 5.0e-6*theta + 3.0e-5
    Diffusion: theta=3.074443e-04, omega=7.066035e-05

--- Chunk 56839 (80/220) | Start: 2025-03-10 01:40:00 ---
    RMSE omega (GP): 0.011895 | RMSE omega (Sim): 0.093041
    Loss: 8.9997 | Epoch: 1263
    Eq omega: -0.001251 + -0.00012theta + -0.00381omega + -0.00159theta^2 + -0.00279theta omega + -0.00386omega^2
    Eq omega Phys: -0.001664*omega**2 - 4.0e-5*omega*theta + 0.00018*omega - 0.e-6*theta**2 + 1.2e-5*theta - 4.7e-5
    Diffusion: theta=2.164452e-04, omega=4.437760e-05

--- Chunk 56840 (81/220) | Start: 2025-03-10 01:45:00 ---
    RMSE omega (GP): 0.010994 | RMSE omega (Sim): 0.150577
    Loss: 7.4235 | Epoch: 1357
    Eq omega: 0.005761 + -0.00012theta + -0.00117omega + 0.00016theta^2 + -0.00002theta omega + 0.00023omega^2
    Eq omega Phys: 9.7e-5*omega**2 - 4.4e-5*omega + 2.0e-6*theta + 3.4e-5
    Diffusion: theta=1.284560e-03, omega=5.180912e-05

--- Chunk 56841 (82/220) | Start: 2025-03-10 01:50:00 ---
    RMSE omega (GP): 0.009526 | RMSE omega (Sim): 0.133152
    Loss: 3.7605 | Epoch: 784
    Eq omega: 0.001991 + -1.56556theta + -0.00097omega + -0.00754theta^2 + 0.01109theta omega + 0.00729omega^2
    Eq omega Phys: 0.002971*omega**2 + 0.000151*omega*theta - 9.0e-5*omega - 3.0e-6*theta**2 - 0.001737*theta + 0.000665
    Diffusion: theta=1.855148e-03, omega=4.124564e-05

--- Chunk 56842 (83/220) | Start: 2025-03-10 01:55:00 ---
    RMSE omega (GP): 0.010347 | RMSE omega (Sim): 0.165199
    Loss: 3.5517 | Epoch: 747
    Eq omega: -0.002141 + -0.00240theta + 0.00692omega + 0.00007theta^2 + -0.00042theta omega + 0.00410omega^2
    Eq omega Phys: 0.001446*omega**2 - 5.0e-6*omega*theta + 0.000273*omega - 3.0e-6*theta + 1.8e-5
    Diffusion: theta=1.011609e-03, omega=8.559469e-05

--- Chunk 56843 (84/220) | Start: 2025-03-10 02:00:00 ---
    RMSE omega (GP): 0.013480 | RMSE omega (Sim): 0.080734
    Loss: 13.9965 | Epoch: 1651
    Eq omega: -0.009291 + -0.00005theta + 0.00218omega + 0.00006theta^2 + -0.00015theta omega + 0.00020omega^2
    Eq omega Phys: 9.1e-5*omega**2 - 2.0e-6*omega*theta + 0.00014*omega - 2.0e-6*theta + 5.0e-6
    Diffusion: theta=2.086420e-03, omega=2.155019e-05

--- Chunk 56844 (85/220) | Start: 2025-03-10 02:05:00 ---
    RMSE omega (GP): 0.009704 | RMSE omega (Sim): 0.116279
    Loss: 4.0879 | Epoch: 943
    Eq omega: -0.010631 + -0.93494theta + -0.00140omega + 0.00066theta^2 + 0.01366theta omega + 0.08427omega^2
    Eq omega Phys: 0.034927*omega**2 + 0.000189*omega*theta + 0.000701*omega - 0.001036*theta - 0.004142
    Diffusion: theta=5.020305e-04, omega=5.305307e-05

--- Chunk 56845 (86/220) | Start: 2025-03-10 02:10:00 ---
    RMSE omega (GP): 0.010579 | RMSE omega (Sim): 0.058839
    Loss: 6.5817 | Epoch: 1466
    Eq omega: 0.002271 + -0.60548theta + -0.00547omega + -0.02031theta^2 + -0.01729theta omega + 0.00217omega^2
    Eq omega Phys: 0.000976*omega**2 - 0.000259*omega*theta + 0.000882*omega - 1.0e-5*theta**2 - 0.000589*theta + 0.002595
    Diffusion: theta=5.405569e-04, omega=3.478999e-05

--- Chunk 56846 (87/220) | Start: 2025-03-10 02:15:00 ---
    RMSE omega (GP): 0.007306 | RMSE omega (Sim): 0.097377
    Loss: -0.8022 | Epoch: 1695
    Eq omega: -0.003991 + -0.39802theta + 0.01988omega + 0.00503theta^2 + 0.00257theta omega + 0.00336omega^2
    Eq omega Phys: 0.00108*omega**2 + 2.8e-5*omega*theta + 0.000658*omega + 2.0e-6*theta**2 - 0.000443*theta + 6.6e-5
    Diffusion: theta=5.186734e-04, omega=5.637148e-05

--- Chunk 56847 (88/220) | Start: 2025-03-10 02:20:00 ---
    RMSE omega (GP): nan | RMSE omega (Sim): nan
    Loss: 264.8555 | Epoch: 84
    Eq omega: nan1 + nantheta + nanomega + nantheta^2 + nantheta omega + nanomega^2
    Eq omega Phys: N/A
    Diffusion: theta=nan, omega=nan

--- Chunk 56848 (89/220) | Start: 2025-03-10 02:25:00 ---
    RMSE omega (GP): 0.010689 | RMSE omega (Sim): 0.137835
    Loss: 1.9970 | Epoch: 1223
    Eq omega: 0.004051 + -0.66035theta + 0.04072omega + -0.00752theta^2 + 0.01509theta omega + 0.03887omega^2
    Eq omega Phys: 0.012015*omega**2 + 0.000155*omega*theta + 0.001114*omega - 3.0e-6*theta**2 - 0.000726*theta + 0.001158
    Diffusion: theta=1.355520e-02, omega=6.689863e-05

--- Chunk 56849 (90/220) | Start: 2025-03-10 02:30:00 ---
    RMSE omega (GP): nan | RMSE omega (Sim): nan
    Loss: 588.0681 | Epoch: 18
    Eq omega: nan1 + nantheta + nanomega + nantheta^2 + nantheta omega + nanomega^2
    Eq omega Phys: N/A
    Diffusion: theta=nan, omega=nan

--- Chunk 56850 (91/220) | Start: 2025-03-10 02:35:00 ---
    RMSE omega (GP): 0.010868 | RMSE omega (Sim): 0.132979
    Loss: 1.9349 | Epoch: 1145
    Eq omega: -0.005561 + -0.00048theta + -0.00157omega + -0.00310theta^2 + 0.00100theta omega + 0.00045omega^2
    Eq omega Phys: 0.000136*omega**2 + 1.0e-5*omega*theta - 9.5e-5*omega - 1.0e-6*theta**2 + 8.0e-6*theta - 3.7e-5
    Diffusion: theta=3.845460e-03, omega=7.857060e-05

--- Chunk 56851 (92/220) | Start: 2025-03-10 02:40:00 ---
    RMSE omega (GP): nan | RMSE omega (Sim): nan
    Loss: 177.5369 | Epoch: 28
    Eq omega: nan1 + nantheta + nanomega + nantheta^2 + nantheta omega + nanomega^2
    Eq omega Phys: N/A
    Diffusion: theta=nan, omega=nan

--- Chunk 56852 (93/220) | Start: 2025-03-10 02:45:00 ---
    RMSE omega (GP): 0.014431 | RMSE omega (Sim): 0.100039
    Loss: 6.5901 | Epoch: 1539
    Eq omega: 0.000251 + 0.00007theta + 0.00040omega + 0.00004theta^2 + 0.00037theta omega + -0.00049omega^2
    Eq omega Phys: -0.000172*omega**2 + 4.0e-6*omega*theta - 9.0e-5*omega - 0.e-6*theta + 8.0e-6
    Diffusion: theta=8.390583e-04, omega=4.541236e-05

--- Chunk 56853 (94/220) | Start: 2025-03-10 02:50:00 ---
    RMSE omega (GP): 0.050491 | RMSE omega (Sim): 0.071895
    Loss: 480.9754 | Epoch: 183
    Eq omega: 0.006861 + -0.00027theta + 0.00288omega + -0.00002theta^2 + -0.00012theta omega + 0.00173omega^2
    Eq omega Phys: 0.001021*omega**2 - 2.0e-6*omega*theta + 0.000139*omega + 1.4e-5
    Diffusion: theta=nan, omega=nan

--- Chunk 56854 (95/220) | Start: 2025-03-10 02:55:00 ---
    RMSE omega (GP): 0.011654 | RMSE omega (Sim): 0.075894
    Loss: 9.3417 | Epoch: 2333
    Eq omega: 0.004821 + 0.00013theta + -0.00017omega + 0.00012theta^2 + 0.00069theta omega + 0.00318omega^2
    Eq omega Phys: 0.001408*omega**2 + 1.0e-5*omega*theta - 0.000134*omega - 1.0e-6*theta + 2.0e-5
    Diffusion: theta=2.841160e-04, omega=3.505108e-05

--- Chunk 56855 (96/220) | Start: 2025-03-10 03:00:00 ---
    RMSE omega (GP): nan | RMSE omega (Sim): nan
    Loss: 11584.5557 | Epoch: 18
    Eq omega: nan1 + nantheta + nanomega + nantheta^2 + nantheta omega + nanomega^2
    Eq omega Phys: N/A
    Diffusion: theta=nan, omega=nan

--- Chunk 56856 (97/220) | Start: 2025-03-10 03:05:00 ---
    RMSE omega (GP): nan | RMSE omega (Sim): nan
    Loss: 142.0365 | Epoch: 36
    Eq omega: nan1 + nantheta + nanomega + nantheta^2 + nantheta omega + nanomega^2
    Eq omega Phys: N/A
    Diffusion: theta=nan, omega=nan

--- Chunk 56857 (98/220) | Start: 2025-03-10 03:10:00 ---
    RMSE omega (GP): 0.012692 | RMSE omega (Sim): 0.118928
    Loss: 15.7005 | Epoch: 2344
    Eq omega: -0.000081 + -0.00021theta + -0.00060omega + 0.00001theta^2 + 0.00004theta omega + -0.00002omega^2
    Eq omega Phys: -1.0e-5*omega**2 + 1.0e-6*omega*theta - 0.e-6*omega - 2.0e-6
    Diffusion: theta=1.242365e-03, omega=1.423332e-05

--- Chunk 56858 (99/220) | Start: 2025-03-10 03:15:00 ---
    RMSE omega (GP): 0.010761 | RMSE omega (Sim): 0.090842
    Loss: 14.6453 | Epoch: 1844
    Eq omega: 0.004361 + -0.00005theta + -0.00108omega + 0.00004theta^2 + 0.00058theta omega + -0.00009omega^2
    Eq omega Phys: -5.1e-5*omega**2 + 1.1e-5*omega*theta + 0.000302*omega + 1.0e-6*theta + 3.0e-5
    Diffusion: theta=2.830825e-03, omega=1.654537e-05

--- Chunk 56859 (100/220) | Start: 2025-03-10 03:20:00 ---
    RMSE omega (GP): nan | RMSE omega (Sim): nan
    Loss: 18995.2773 | Epoch: 16
    Eq omega: nan1 + nantheta + nanomega + nantheta^2 + nantheta omega + nanomega^2
    Eq omega Phys: N/A
    Diffusion: theta=nan, omega=nan

  [Progress 100/220] Mean RMSE omega (GP): 0.016678 | (Sim): 0.116920 | Mean loss: 456.7705 | Valid GP: 74/100 | Valid Sim: 72/100 | Elapsed: 33.2min | ETA: 39.8min

--- Chunk 56860 (101/220) | Start: 2025-03-10 03:25:00 ---
    RMSE omega (GP): nan | RMSE omega (Sim): nan
    Loss: 295.5302 | Epoch: 42
    Eq omega: nan1 + nantheta + nanomega + nantheta^2 + nantheta omega + nanomega^2
    Eq omega Phys: N/A
    Diffusion: theta=nan, omega=nan

--- Chunk 56861 (102/220) | Start: 2025-03-10 03:30:00 ---
    RMSE omega (GP): 0.008206 | RMSE omega (Sim): 0.111696
    Loss: -0.3187 | Epoch: 1287
    Eq omega: -0.003141 + 0.00091theta + -0.00081omega + -0.00104theta^2 + 0.00065theta omega + 0.00229omega^2
    Eq omega Phys: 0.000704*omega**2 + 7.0e-6*omega*theta + 5.9e-5*omega - 8.0e-6*theta - 5.8e-5
    Diffusion: theta=4.563885e-04, omega=6.057421e-05

--- Chunk 56862 (103/220) | Start: 2025-03-10 03:35:00 ---
    RMSE omega (GP): 0.015797 | RMSE omega (Sim): 0.074103
    Loss: 1.4252 | Epoch: 1689
    Eq omega: -0.004581 + -0.10118theta + 0.01307omega + -0.00187theta^2 + -0.00091theta omega + 0.00117omega^2
    Eq omega Phys: 0.000386*omega**2 - 1.0e-5*omega*theta + 0.000245*omega - 0.e-6*theta**2 - 0.000139*theta - 0.002414
    Diffusion: theta=6.777795e-04, omega=3.563560e-05

--- Chunk 56863 (104/220) | Start: 2025-03-10 03:40:00 ---
    RMSE omega (GP): 0.029409 | RMSE omega (Sim): 0.042229
    Loss: 31.0404 | Epoch: 2954
    Eq omega: 0.001481 + 0.00021theta + -0.00602omega + 0.00002theta^2 + -0.00003theta omega + -0.00007omega^2
    Eq omega Phys: -5.7e-5*omega**2 - 0.e-6*omega*theta - 0.000223*omega + 1.0e-6*theta + 2.3e-5
    Diffusion: theta=3.796351e-04, omega=1.493297e-05

--- Chunk 56864 (105/220) | Start: 2025-03-10 03:45:00 ---
    RMSE omega (GP): nan | RMSE omega (Sim): nan
    Loss: 514.6275 | Epoch: 171
    Eq omega: nan1 + nantheta + nanomega + nantheta^2 + nantheta omega + nanomega^2
    Eq omega Phys: N/A
    Diffusion: theta=nan, omega=nan

--- Chunk 56865 (106/220) | Start: 2025-03-10 03:50:00 ---
    RMSE omega (GP): 0.010313 | RMSE omega (Sim): 0.057756
    Loss: 32.7618 | Epoch: 4787
    Eq omega: -0.000011 + -0.00001theta + -0.00225omega + -0.00000theta^2 + -0.00000theta omega + 0.00008omega^2
    Eq omega Phys: 6.9e-5*omega**2 - 7.5e-5*omega
    Diffusion: theta=5.923184e-04, omega=1.210993e-05

--- Chunk 56866 (107/220) | Start: 2025-03-10 03:55:00 ---
    RMSE omega (GP): 0.028122 | RMSE omega (Sim): 0.041321
    Loss: 216.6392 | Epoch: 164
    Eq omega: -0.010091 + 0.00236theta + 0.01591omega + -0.00000theta^2 + -0.00060theta omega + -0.00252omega^2
    Eq omega Phys: -0.001676*omega**2 - 1.3e-5*omega*theta + 0.0001*omega + 3.0e-6*theta + 6.8e-5
    Diffusion: theta=nan, omega=nan

--- Chunk 56867 (108/220) | Start: 2025-03-10 04:00:00 ---
    RMSE omega (GP): 0.011229 | RMSE omega (Sim): 0.151249
    Loss: 4.6756 | Epoch: 3371
    Eq omega: -0.001121 + 0.00011theta + 0.00162omega + 0.00001theta^2 + -0.00001theta omega + -0.00077omega^2
    Eq omega Phys: -0.000239*omega**2 + 5.0e-5*omega + 5.0e-6
    Diffusion: theta=1.104072e-03, omega=6.630505e-05

--- Chunk 56868 (109/220) | Start: 2025-03-10 04:05:00 ---
    RMSE omega (GP): 0.018885 | RMSE omega (Sim): 0.064464
    Loss: 52.3064 | Epoch: 836
    Eq omega: -0.000081 + -0.00016theta + -0.00159omega + -0.00003theta^2 + -0.00002theta omega + 0.00024omega^2
    Eq omega Phys: 0.000137*omega**2 - 6.5e-5*omega - 1.0e-6*theta - 2.6e-5
    Diffusion: theta=1.351820e-03, omega=1.572429e-05

--- Chunk 56869 (110/220) | Start: 2025-03-10 04:10:00 ---
    RMSE omega (GP): 0.013932 | RMSE omega (Sim): 0.186555
    Loss: 0.2225 | Epoch: 1440
    Eq omega: 0.009471 + 0.00096theta + 0.00056omega + -0.00002theta^2 + -0.00297theta omega + -0.00286omega^2
    Eq omega Phys: -0.000628*omega**2 - 2.2e-5*omega*theta - 0.000551*omega + 1.0e-6*theta + 7.2e-5
    Diffusion: theta=1.785856e-03, omega=6.830112e-05

--- Chunk 56870 (111/220) | Start: 2025-03-10 04:15:00 ---
    RMSE omega (GP): 0.018503 | RMSE omega (Sim): 0.219878
    Loss: -23919.5293 | Epoch: 887
    Eq omega: -0.004511 + -0.00940theta + 0.00027omega + -0.00196theta^2 + -0.00086theta omega + -0.00193omega^2
    Eq omega Phys: -0.000443*omega**2 - 7.0e-6*omega*theta + 9.1e-5*omega + 2.0e-6*theta + 3.1e-5
    Diffusion: theta=1.241920e-01, omega=1.016773e-04

--- Chunk 56871 (112/220) | Start: 2025-03-10 04:20:00 ---
    RMSE omega (GP): nan | RMSE omega (Sim): nan
    Loss: 318.8261 | Epoch: 18
    Eq omega: nan1 + nantheta + nanomega + nantheta^2 + nantheta omega + nanomega^2
    Eq omega Phys: N/A
    Diffusion: theta=nan, omega=nan

--- Chunk 56872 (113/220) | Start: 2025-03-10 04:25:00 ---
    RMSE omega (GP): 0.036132 | RMSE omega (Sim): 0.158669
    Loss: 23.6543 | Epoch: 405
    Eq omega: 0.011411 + -0.12279theta + -0.00424omega + 0.02027theta^2 + 0.00232theta omega + 0.00631omega^2
    Eq omega Phys: 0.00215*omega**2 + 2.6e-5*omega*theta + 0.000237*omega + 8.0e-6*theta**2 + 8.4e-5*theta - 0.000339
    Diffusion: theta=1.061134e-01, omega=8.820944e-05

--- Chunk 56873 (114/220) | Start: 2025-03-10 04:30:00 ---
    RMSE omega (GP): 0.010091 | RMSE omega (Sim): 0.140492
    Loss: 6.5674 | Epoch: 1778
    Eq omega: 0.001051 + -0.00374theta + -0.00901omega + -0.00013theta^2 + -0.00241theta omega + 0.00148omega^2
    Eq omega Phys: 0.000654*omega**2 - 3.5e-5*omega*theta - 0.000715*omega - 6.0e-6*theta - 5.5e-5
    Diffusion: theta=2.128912e-03, omega=1.045785e-04

--- Chunk 56874 (115/220) | Start: 2025-03-10 04:35:00 ---
    RMSE omega (GP): 0.010014 | RMSE omega (Sim): 0.092488
    Loss: 3.7422 | Epoch: 1238
    Eq omega: 0.002711 + -0.00153theta + -0.00511omega + -0.00060theta^2 + -0.00177theta omega + 0.00075omega^2
    Eq omega Phys: 0.000286*omega**2 - 2.3e-5*omega*theta - 0.000308*omega - 5.0e-6*theta - 1.2e-5
    Diffusion: theta=4.935704e-04, omega=4.609483e-05

--- Chunk 56875 (116/220) | Start: 2025-03-10 04:40:00 ---
    RMSE omega (GP): nan | RMSE omega (Sim): nan
    Loss: 337.4645 | Epoch: 41
    Eq omega: nan1 + nantheta + nanomega + nantheta^2 + nantheta omega + nanomega^2
    Eq omega Phys: N/A
    Diffusion: theta=nan, omega=nan

--- Chunk 56876 (117/220) | Start: 2025-03-10 04:45:00 ---
    RMSE omega (GP): 0.031448 | RMSE omega (Sim): 0.092253
    Loss: 153.3177 | Epoch: 724
    Eq omega: -0.003191 + 0.00422theta + 0.00551omega + -0.00016theta^2 + -0.00130theta omega + -0.00099omega^2
    Eq omega Phys: -0.000539*omega**2 - 2.4e-5*omega*theta - 0.000134*omega + 2.0e-6*theta + 3.9e-5
    Diffusion: theta=4.225415e-01, omega=4.317166e-04

--- Chunk 56877 (118/220) | Start: 2025-03-10 04:50:00 ---
    RMSE omega (GP): 0.007961 | RMSE omega (Sim): 0.154731
    Loss: -0.4974 | Epoch: 1667
    Eq omega: 0.000721 + 0.00267theta + 0.00022omega + 0.00045theta^2 + -0.00027theta omega + -0.00079omega^2
    Eq omega Phys: -0.000237*omega**2 - 3.0e-6*omega*theta + 1.6e-5*omega + 2.0e-6*theta - 5.0e-6
    Diffusion: theta=1.967671e-03, omega=4.939335e-05

--- Chunk 56878 (119/220) | Start: 2025-03-10 04:55:00 ---
    RMSE omega (GP): 0.040795 | RMSE omega (Sim): 0.135681
    Loss: -64.1385 | Epoch: 347
    Eq omega: 0.003521 + -0.05802theta + 0.00445omega + 0.00013theta^2 + 0.00191theta omega + 0.00120omega^2
    Eq omega Phys: 0.000291*omega**2 + 1.5e-5*omega*theta + 0.000224*omega - 6.4e-5*theta - 0.0003
    Diffusion: theta=4.232409e-02, omega=4.700380e-05

--- Chunk 56879 (120/220) | Start: 2025-03-10 05:00:00 ---
    RMSE omega (GP): 0.024114 | RMSE omega (Sim): 0.119012
    Loss: 109.8779 | Epoch: 237
    Eq omega: -0.000121 + 0.00020theta + 0.00045omega + 0.00006theta^2 + -0.00011theta omega + -0.00011omega^2
    Eq omega Phys: -7.0e-5*omega**2 - 2.0e-6*omega*theta + 6.5e-5*omega - 2.0e-6*theta + 1.5e-5
    Diffusion: theta=nan, omega=nan

--- Chunk 56880 (121/220) | Start: 2025-03-10 05:05:00 ---
    RMSE omega (GP): 0.054043 | RMSE omega (Sim): 0.079844
    Loss: 286.9176 | Epoch: 58
    Eq omega: -0.004191 + -0.01023theta + -0.01281omega + -0.00017theta^2 + -0.00358theta omega + -0.00086omega^2
    Eq omega Phys: -0.000346*omega**2 - 4.8e-5*omega*theta + 0.000529*omega - 8.0e-6*theta + 0.000185
    Diffusion: theta=nan, omega=nan

--- Chunk 56881 (122/220) | Start: 2025-03-10 05:10:00 ---
    RMSE omega (GP): nan | RMSE omega (Sim): nan
    Loss: 271.3607 | Epoch: 27
    Eq omega: nan1 + nantheta + nanomega + nantheta^2 + nantheta omega + nanomega^2
    Eq omega Phys: N/A
    Diffusion: theta=nan, omega=nan

--- Chunk 56882 (123/220) | Start: 2025-03-10 05:15:00 ---
    RMSE omega (GP): 0.010960 | RMSE omega (Sim): 0.095510
    Loss: 4.3315 | Epoch: 1110
    Eq omega: -0.000991 + -0.00034theta + -0.00025omega + 0.00019theta^2 + 0.00042theta omega + -0.00074omega^2
    Eq omega Phys: -0.000272*omega**2 + 5.0e-6*omega*theta - 5.8e-5*omega - 2.0e-6*theta + 8.0e-6
    Diffusion: theta=1.676722e-03, omega=3.428480e-05

--- Chunk 56883 (124/220) | Start: 2025-03-10 05:20:00 ---
    RMSE omega (GP): 0.012974 | RMSE omega (Sim): 0.086450
    Loss: 8.0061 | Epoch: 2184
    Eq omega: -0.002851 + -0.00025theta + -0.00168omega + -0.00057theta^2 + -0.00272theta omega + 0.00648omega^2
    Eq omega Phys: 0.002591*omega**2 - 3.6e-5*omega*theta + 0.00037*omega + 6.0e-6*theta - 4.0e-5
    Diffusion: theta=6.428948e-04, omega=2.995895e-05

--- Chunk 56884 (125/220) | Start: 2025-03-10 05:25:00 ---
    RMSE omega (GP): 0.010333 | RMSE omega (Sim): 0.091554
    Loss: 17.5774 | Epoch: 3023
    Eq omega: -0.003731 + -0.00015theta + -0.00110omega + 0.00001theta^2 + -0.00001theta omega + -0.00023omega^2
    Eq omega Phys: -0.000152*omega**2 - 3.2e-5*omega
    Diffusion: theta=5.850619e-04, omega=2.116374e-05

--- Chunk 56885 (126/220) | Start: 2025-03-10 05:30:00 ---
    RMSE omega (GP): nan | RMSE omega (Sim): nan
    Loss: 98.0503 | Epoch: 92
    Eq omega: nan1 + nantheta + nanomega + nantheta^2 + nantheta omega + nanomega^2
    Eq omega Phys: N/A
    Diffusion: theta=nan, omega=nan

--- Chunk 56886 (127/220) | Start: 2025-03-10 05:35:00 ---
    RMSE omega (GP): 0.009434 | RMSE omega (Sim): nan
    Loss: -0.0813 | Epoch: 1004
    Eq omega: 0.029081 + -0.13180theta + 0.00569omega + 0.43230theta^2 + 0.00448theta omega + -0.02439omega^2
    Eq omega Phys: -0.006824*omega**2 + 4.2e-5*omega*theta + 0.00055*omega + 0.000134*theta**2 + 0.002169*theta + 0.008828
    Diffusion: theta=2.344453e-03, omega=4.558187e-05

--- Chunk 56887 (128/220) | Start: 2025-03-10 05:40:00 ---
    RMSE omega (GP): nan | RMSE omega (Sim): nan
    Loss: 25.4976 | Epoch: 58
    Eq omega: nan1 + nantheta + nanomega + nantheta^2 + nantheta omega + nanomega^2
    Eq omega Phys: N/A
    Diffusion: theta=nan, omega=nan

--- Chunk 56888 (129/220) | Start: 2025-03-10 05:45:00 ---
    RMSE omega (GP): nan | RMSE omega (Sim): nan
    Loss: 546.9551 | Epoch: 16
    Eq omega: nan1 + nantheta + nanomega + nantheta^2 + nantheta omega + nanomega^2
    Eq omega Phys: N/A
    Diffusion: theta=nan, omega=nan

--- Chunk 56889 (130/220) | Start: 2025-03-10 05:50:00 ---
    RMSE omega (GP): nan | RMSE omega (Sim): nan
    Loss: 315.6449 | Epoch: 59
    Eq omega: nan1 + nantheta + nanomega + nantheta^2 + nantheta omega + nanomega^2
    Eq omega Phys: N/A
    Diffusion: theta=nan, omega=nan

--- Chunk 56890 (131/220) | Start: 2025-03-10 05:55:00 ---
    RMSE omega (GP): 0.011526 | RMSE omega (Sim): 0.144654
    Loss: 1.8069 | Epoch: 1035
    Eq omega: -0.000481 + -0.00205theta + -0.00389omega + 0.00185theta^2 + -0.00103theta omega + 0.01054omega^2
    Eq omega Phys: 0.003079*omega**2 - 1.0e-5*omega*theta - 9.0e-5*omega + 1.0e-6*theta**2 - 7.0e-6*theta + 1.7e-5
    Diffusion: theta=8.257904e-04, omega=5.572381e-05

--- Chunk 56891 (132/220) | Start: 2025-03-10 06:00:00 ---
    RMSE omega (GP): nan | RMSE omega (Sim): nan
    Loss: 505.7606 | Epoch: 35
    Eq omega: nan1 + nantheta + nanomega + nantheta^2 + nantheta omega + nanomega^2
    Eq omega Phys: N/A
    Diffusion: theta=nan, omega=nan

--- Chunk 56892 (133/220) | Start: 2025-03-10 06:05:00 ---
    RMSE omega (GP): 0.019543 | RMSE omega (Sim): 0.057837
    Loss: -48.7878 | Epoch: 1065
    Eq omega: 0.000201 + -0.00014theta + 0.00654omega + -0.00001theta^2 + 0.00024theta omega + 0.00043omega^2
    Eq omega Phys: 0.000306*omega**2 + 6.0e-6*omega*theta + 8.8e-5*omega
    Diffusion: theta=3.021267e-03, omega=9.911001e-06

--- Chunk 56893 (134/220) | Start: 2025-03-10 06:10:00 ---
    RMSE omega (GP): 0.011606 | RMSE omega (Sim): 0.184517
    Loss: 1.5764 | Epoch: 1404
    Eq omega: -0.000901 + -0.00056theta + 0.00043omega + -0.00004theta^2 + 0.00033theta omega + 0.00013omega^2
    Eq omega Phys: 3.7e-5*omega**2 + 3.0e-6*omega*theta - 5.6e-5*omega + 4.0e-6
    Diffusion: theta=5.811527e-04, omega=4.981868e-05

--- Chunk 56894 (135/220) | Start: 2025-03-10 06:15:00 ---
    RMSE omega (GP): nan | RMSE omega (Sim): nan
    Loss: 6467.8291 | Epoch: 15
    Eq omega: nan1 + nantheta + nanomega + nantheta^2 + nantheta omega + nanomega^2
    Eq omega Phys: N/A
    Diffusion: theta=nan, omega=nan

--- Chunk 56895 (136/220) | Start: 2025-03-10 06:20:00 ---
    RMSE omega (GP): nan | RMSE omega (Sim): nan
    Loss: 901.9936 | Epoch: 26
    Eq omega: nan1 + nantheta + nanomega + nantheta^2 + nantheta omega + nanomega^2
    Eq omega Phys: N/A
    Diffusion: theta=nan, omega=nan

--- Chunk 56896 (137/220) | Start: 2025-03-10 06:25:00 ---
    RMSE omega (GP): 0.009164 | RMSE omega (Sim): 0.118869
    Loss: 1.0348 | Epoch: 2312
    Eq omega: -0.006001 + 0.00018theta + 0.00094omega + -0.00128theta^2 + -0.00006theta omega + -0.00357omega^2
    Eq omega Phys: -0.001185*omega**2 - 0.e-6*omega*theta + 4.1e-5*omega + 1.5e-5*theta - 0.000133
    Diffusion: theta=5.357899e-04, omega=5.067462e-05

--- Chunk 56897 (138/220) | Start: 2025-03-10 06:30:00 ---
    RMSE omega (GP): 0.008308 | RMSE omega (Sim): 0.111860
    Loss: 0.9746 | Epoch: 1786
    Eq omega: -0.000041 + 0.00017theta + -0.00109omega + -0.00006theta^2 + 0.00018theta omega + -0.00003omega^2
    Eq omega Phys: -1.1e-5*omega**2 + 2.0e-6*omega*theta + 3.0e-6*omega - 0.e-6*theta - 5.0e-6
    Diffusion: theta=5.347233e-04, omega=5.674304e-05

--- Chunk 56898 (139/220) | Start: 2025-03-10 06:35:00 ---
    RMSE omega (GP): 0.009589 | RMSE omega (Sim): 0.225278
    Loss: -0.1875 | Epoch: 2013
    Eq omega: 0.006411 + -0.00036theta + -0.00598omega + -0.00251theta^2 + -0.00050theta omega + 0.00191omega^2
    Eq omega Phys: 0.000538*omega**2 - 5.0e-6*omega*theta - 0.000274*omega - 0.e-6*theta**2 - 2.5e-5*theta - 0.000181
    Diffusion: theta=6.817802e-04, omega=5.904585e-05

--- Chunk 56899 (140/220) | Start: 2025-03-10 06:40:00 ---
    RMSE omega (GP): nan | RMSE omega (Sim): nan
    Loss: 1993.6392 | Epoch: 16
    Eq omega: nan1 + nantheta + nanomega + nantheta^2 + nantheta omega + nanomega^2
    Eq omega Phys: N/A
    Diffusion: theta=nan, omega=nan

--- Chunk 56900 (141/220) | Start: 2025-03-10 06:45:00 ---
    RMSE omega (GP): 0.010149 | RMSE omega (Sim): 0.083168
    Loss: 5.1655 | Epoch: 1022
    Eq omega: 0.001311 + -0.00538theta + 0.00564omega + 0.00222theta^2 + 0.00068theta omega + 0.00111omega^2
    Eq omega Phys: 0.000453*omega**2 + 9.0e-6*omega*theta + 0.000268*omega + 1.0e-6*theta**2 + 1.1e-5*theta + 2.7e-5
    Diffusion: theta=4.692784e-04, omega=6.321302e-05

--- Chunk 56901 (142/220) | Start: 2025-03-10 06:50:00 ---
    RMSE omega (GP): 0.009634 | RMSE omega (Sim): 0.200580
    Loss: 3.8305 | Epoch: 1871
    Eq omega: 0.002921 + -1.51563theta + -0.01100omega + 0.00563theta^2 + -0.01582theta omega + 0.00728omega^2
    Eq omega Phys: 0.002825*omega**2 - 0.000205*omega*theta - 0.0015*omega + 2.0e-6*theta**2 - 0.001657*theta - 0.00924
    Diffusion: theta=1.744285e-03, omega=4.852398e-05

--- Chunk 56902 (143/220) | Start: 2025-03-10 06:55:00 ---
    RMSE omega (GP): 0.012109 | RMSE omega (Sim): 0.110899
    Loss: 4.9457 | Epoch: 1355
    Eq omega: 0.000101 + 0.00082theta + -0.00650omega + -0.00006theta^2 + 0.00150theta omega + -0.00024omega^2
    Eq omega Phys: -8.2e-5*omega**2 + 1.7e-5*omega*theta + 1.9e-5*omega + 9.0e-6
    Diffusion: theta=4.688726e-04, omega=5.094202e-05

--- Chunk 56903 (144/220) | Start: 2025-03-10 07:00:00 ---
    RMSE omega (GP): 0.010242 | RMSE omega (Sim): 0.123092
    Loss: 6.5307 | Epoch: 2122
    Eq omega: -0.003191 + 0.00027theta + -0.00067omega + -0.00054theta^2 + -0.00068theta omega + 0.00122omega^2
    Eq omega Phys: 0.000527*omega**2 - 1.0e-5*omega*theta + 0.000199*omega + 1.2e-5*theta - 0.000147
    Diffusion: theta=4.269535e-04, omega=3.702048e-05

--- Chunk 56904 (145/220) | Start: 2025-03-10 07:05:00 ---
    RMSE omega (GP): 0.058873 | RMSE omega (Sim): 0.077036
    Loss: 345.0863 | Epoch: 43
    Eq omega: 0.000831 + -0.00169theta + -0.00921omega + -0.00016theta^2 + -0.00248theta omega + 0.00021omega^2
    Eq omega Phys: 9.2e-5*omega**2 - 3.6e-5*omega*theta + 0.000227*omega + 1.3e-5
    Diffusion: theta=2.080441e-03, omega=7.317859e-06

--- Chunk 56905 (146/220) | Start: 2025-03-10 07:10:00 ---
    RMSE omega (GP): 0.010597 | RMSE omega (Sim): 0.096369
    Loss: 3.1626 | Epoch: 1516
    Eq omega: -0.003621 + -0.01233theta + -0.00898omega + -0.00070theta^2 + 0.00118theta omega + 0.00353omega^2
    Eq omega Phys: 0.001257*omega**2 + 1.4e-5*omega*theta - 0.000332*omega - 1.2e-5*theta + 1.9e-5
    Diffusion: theta=4.419376e-04, omega=4.867885e-05

--- Chunk 56906 (147/220) | Start: 2025-03-10 07:15:00 ---
    RMSE omega (GP): 0.008321 | RMSE omega (Sim): 0.183230
    Loss: -0.8345 | Epoch: 1305
    Eq omega: -0.000111 + 0.00001theta + -0.00026omega + 0.00090theta^2 + 0.00077theta omega + -0.00067omega^2
    Eq omega Phys: -0.000197*omega**2 + 8.0e-6*omega*theta + 4.5e-5*omega + 4.0e-6*theta + 1.5e-5
    Diffusion: theta=4.646580e-04, omega=3.785178e-05

--- Chunk 56907 (148/220) | Start: 2025-03-10 07:20:00 ---
    RMSE omega (GP): 0.009155 | RMSE omega (Sim): 0.074006
    Loss: -1.9462 | Epoch: 1321
    Eq omega: -0.006031 + -0.30392theta + 0.01671omega + 0.00225theta^2 + -0.00030theta omega + 0.00601omega^2
    Eq omega Phys: 0.001544*omega**2 - 3.0e-6*omega*theta + 0.000556*omega + 1.0e-6*theta**2 - 0.000337*theta - 0.000103
    Diffusion: theta=5.309135e-04, omega=5.864094e-05

--- Chunk 56908 (149/220) | Start: 2025-03-10 07:25:00 ---
    RMSE omega (GP): nan | RMSE omega (Sim): nan
    Loss: 3706.1599 | Epoch: 16
    Eq omega: nan1 + nantheta + nanomega + nantheta^2 + nantheta omega + nanomega^2
    Eq omega Phys: N/A
    Diffusion: theta=nan, omega=nan

--- Chunk 56909 (150/220) | Start: 2025-03-10 07:30:00 ---
    RMSE omega (GP): 0.009766 | RMSE omega (Sim): 0.168350
    Loss: 4.4906 | Epoch: 1087
    Eq omega: 0.002961 + 0.00090theta + 0.00285omega + 0.00133theta^2 + 0.00848theta omega + 0.00173omega^2
    Eq omega Phys: 0.000723*omega**2 + 0.000118*omega*theta - 0.000534*omega + 1.0e-6*theta**2 - 6.0e-6*theta + 2.0e-5
    Diffusion: theta=7.726128e-04, omega=5.130804e-05

  [Progress 150/220] Mean RMSE omega (GP): 0.016868 | (Sim): 0.117513 | Mean loss: 261.8116 | Valid GP: 110/150 | Valid Sim: 107/150 | Elapsed: 51.0min | ETA: 23.8min

--- Chunk 56910 (151/220) | Start: 2025-03-10 07:35:00 ---
    RMSE omega (GP): 0.008536 | RMSE omega (Sim): 0.157097
    Loss: -0.3859 | Epoch: 1128
    Eq omega: 0.004081 + -0.02924theta + 0.00157omega + 0.00020theta^2 + -0.00103theta omega + 0.00188omega^2
    Eq omega Phys: 0.000576*omega**2 - 1.1e-5*omega*theta + 2.8e-5*omega - 3.2e-5*theta - 6.0e-5
    Diffusion: theta=3.168075e-04, omega=5.365536e-05

--- Chunk 56911 (152/220) | Start: 2025-03-10 07:40:00 ---
    RMSE omega (GP): 0.010389 | RMSE omega (Sim): 0.501169
    Loss: 2.7637 | Epoch: 2099
    Eq omega: -0.005921 + -0.20095theta + -0.19637omega + -0.07721theta^2 + -0.05873theta omega + 0.41626omega^2
    Eq omega Phys: 0.144944*omega**2 - 0.000682*omega*theta - 9.3e-5*omega - 3.0e-5*theta**2 + 0.000342*theta - 0.000582
    Diffusion: theta=6.303682e-04, omega=5.669691e-05

--- Chunk 56912 (153/220) | Start: 2025-03-10 07:45:00 ---
    RMSE omega (GP): nan | RMSE omega (Sim): nan
    Loss: 171.3537 | Epoch: 41
    Eq omega: nan1 + nantheta + nanomega + nantheta^2 + nantheta omega + nanomega^2
    Eq omega Phys: N/A
    Diffusion: theta=nan, omega=nan

--- Chunk 56913 (154/220) | Start: 2025-03-10 07:50:00 ---
    RMSE omega (GP): 0.008946 | RMSE omega (Sim): 0.081260
    Loss: 3.3894 | Epoch: 1717
    Eq omega: -0.000091 + -0.09817theta + 0.00237omega + -0.00009theta^2 + -0.00148theta omega + -0.00163omega^2
    Eq omega Phys: -0.000675*omega**2 - 2.0e-5*omega*theta + 0.000365*omega - 0.000108*theta + 0.001521
    Diffusion: theta=4.474758e-04, omega=3.504773e-05

--- Chunk 56914 (155/220) | Start: 2025-03-10 07:55:00 ---
    RMSE omega (GP): nan | RMSE omega (Sim): nan
    Loss: 52.2412 | Epoch: 50
    Eq omega: nan1 + nantheta + nanomega + nantheta^2 + nantheta omega + nanomega^2
    Eq omega Phys: N/A
    Diffusion: theta=nan, omega=nan

--- Chunk 56915 (156/220) | Start: 2025-03-10 08:00:00 ---
    RMSE omega (GP): 0.009229 | RMSE omega (Sim): 0.318311
    Loss: 16.2961 | Epoch: 2025
    Eq omega: -0.033191 + -0.00388theta + -0.06669omega + 0.00885theta^2 + 0.00053theta omega + -0.00060omega^2
    Eq omega Phys: -0.000398*omega**2 + 1.2e-5*omega*theta - 0.002536*omega + 7.0e-6*theta**2 - 0.000353*theta + 0.004702
    Diffusion: theta=4.735475e-04, omega=1.722127e-05

--- Chunk 56916 (157/220) | Start: 2025-03-10 08:05:00 ---
    RMSE omega (GP): 0.010267 | RMSE omega (Sim): 0.073456
    Loss: 0.3717 | Epoch: 1437
    Eq omega: 0.004701 + -0.03587theta + 0.00257omega + -0.07824theta^2 + -0.00252theta omega + -0.00301omega^2
    Eq omega Phys: -0.000875*omega**2 - 2.4e-5*omega*theta + 0.00039*omega - 2.5e-5*theta**2 + 0.00059*theta - 0.003405
    Diffusion: theta=3.451182e-04, omega=5.551751e-05

--- Chunk 56917 (158/220) | Start: 2025-03-10 08:10:00 ---
    RMSE omega (GP): 0.008642 | RMSE omega (Sim): 0.087088
    Loss: -0.4584 | Epoch: 2357
    Eq omega: 0.010811 + -0.09046theta + 0.01459omega + 0.00161theta^2 + 0.00094theta omega + 0.01578omega^2
    Eq omega Phys: 0.004772*omega**2 + 9.0e-6*omega*theta + 0.000377*omega + 1.0e-6*theta**2 - 0.000113*theta + 0.001277
    Diffusion: theta=1.861905e-03, omega=3.570588e-05

--- Chunk 56918 (159/220) | Start: 2025-03-10 08:15:00 ---
    RMSE omega (GP): 0.012496 | RMSE omega (Sim): 0.108949
    Loss: 3.3941 | Epoch: 1210
    Eq omega: 0.001731 + 0.00007theta + 0.00187omega + -0.00004theta^2 + -0.00007theta omega + -0.00005omega^2
    Eq omega Phys: -2.0e-5*omega**2 - 0.e-6*omega*theta + 7.8e-5*omega + 1.0e-6*theta - 2.0e-6
    Diffusion: theta=2.081771e-03, omega=3.526506e-05

--- Chunk 56919 (160/220) | Start: 2025-03-10 08:20:00 ---
    RMSE omega (GP): 0.059469 | RMSE omega (Sim): 0.104445
    Loss: 227.4606 | Epoch: 57
    Eq omega: -0.103411 + -0.00347theta + -0.00562omega + -0.00543theta^2 + -0.01608theta omega + 0.00071omega^2
    Eq omega Phys: 0.000249*omega**2 - 0.000188*omega*theta - 0.000692*omega - 2.0e-6*theta**2 - 1.5e-5*theta - 0.000353
    Diffusion: theta=1.975539e-03, omega=4.462467e-06

--- Chunk 56920 (161/220) | Start: 2025-03-10 08:25:00 ---
    RMSE omega (GP): 0.011659 | RMSE omega (Sim): 0.112443
    Loss: 3.6572 | Epoch: 1778
    Eq omega: 0.005971 + 0.00062theta + 0.00171omega + 0.00018theta^2 + 0.00180theta omega + -0.02225omega^2
    Eq omega Phys: -0.008842*omega**2 + 2.4e-5*omega*theta + 0.00057*omega + 4.0e-6*theta + 6.8e-5
    Diffusion: theta=4.579385e-04, omega=4.725051e-05

--- Chunk 56921 (162/220) | Start: 2025-03-10 08:30:00 ---
    RMSE omega (GP): 0.029600 | RMSE omega (Sim): 0.114845
    Loss: -8191.3584 | Epoch: 610
    Eq omega: 0.006791 + -0.00062theta + -0.00055omega + 0.00056theta^2 + -0.00811theta omega + 0.00259omega^2
    Eq omega Phys: 0.000837*omega**2 - 8.7e-5*omega*theta + 0.0013*omega - 7.0e-6*theta + 8.0e-5
    Diffusion: theta=1.196559e-02, omega=2.185890e-05

--- Chunk 56922 (163/220) | Start: 2025-03-10 08:35:00 ---
    RMSE omega (GP): nan | RMSE omega (Sim): nan
    Loss: 92.9770 | Epoch: 40
    Eq omega: nan1 + nantheta + nanomega + nantheta^2 + nantheta omega + nanomega^2
    Eq omega Phys: N/A
    Diffusion: theta=nan, omega=nan

--- Chunk 56923 (164/220) | Start: 2025-03-10 08:40:00 ---
    RMSE omega (GP): 0.010795 | RMSE omega (Sim): 0.204063
    Loss: 1.2304 | Epoch: 1140
    Eq omega: -0.000421 + 0.00008theta + 0.00274omega + -0.00035theta^2 + -0.00022theta omega + 0.00083omega^2
    Eq omega Phys: 0.000238*omega**2 - 2.0e-6*omega*theta + 0.000114*omega + 3.0e-6*theta - 1.6e-5
    Diffusion: theta=4.821258e-04, omega=5.513522e-05

--- Chunk 56924 (165/220) | Start: 2025-03-10 08:45:00 ---
    RMSE omega (GP): nan | RMSE omega (Sim): nan
    Loss: 315.0117 | Epoch: 16
    Eq omega: nan1 + nantheta + nanomega + nantheta^2 + nantheta omega + nanomega^2
    Eq omega Phys: N/A
    Diffusion: theta=nan, omega=nan

--- Chunk 56925 (166/220) | Start: 2025-03-10 08:50:00 ---
    RMSE omega (GP): 0.010548 | RMSE omega (Sim): 0.084339
    Loss: 4.9089 | Epoch: 1290
    Eq omega: 0.001281 + -0.00019theta + 0.00223omega + 0.00122theta^2 + -0.00098theta omega + 0.00110omega^2
    Eq omega Phys: 0.000438*omega**2 - 1.3e-5*omega*theta + 0.000171*omega + 1.0e-6*theta**2 - 8.0e-6*theta + 3.5e-5
    Diffusion: theta=2.435956e-04, omega=4.088485e-05

--- Chunk 56926 (167/220) | Start: 2025-03-10 08:55:00 ---
    RMSE omega (GP): 0.020371 | RMSE omega (Sim): 0.113838
    Loss: 28.0950 | Epoch: 1529
    Eq omega: -0.001011 + -0.00087theta + 0.00187omega + -0.00035theta^2 + 0.00008theta omega + -0.00371omega^2
    Eq omega Phys: -0.001572*omega**2 + 1.0e-6*omega*theta + 4.8e-5*omega + 3.0e-6*theta - 1.6e-5
    Diffusion: theta=9.958445e-03, omega=2.882038e-05

--- Chunk 56927 (168/220) | Start: 2025-03-10 09:00:00 ---
    RMSE omega (GP): 0.010110 | RMSE omega (Sim): 0.165240
    Loss: -0.0135 | Epoch: 1018
    Eq omega: -0.000911 + 0.00158theta + 0.00676omega + -0.00072theta^2 + -0.00037theta omega + -0.00857omega^2
    Eq omega Phys: -0.002484*omega**2 - 4.0e-6*omega*theta + 0.000227*omega + 2.0e-6*theta - 4.0e-6
    Diffusion: theta=2.072208e-03, omega=5.629387e-05

--- Chunk 56928 (169/220) | Start: 2025-03-10 09:05:00 ---
    RMSE omega (GP): nan | RMSE omega (Sim): nan
    Loss: 213.8851 | Epoch: 32
    Eq omega: nan1 + nantheta + nanomega + nantheta^2 + nantheta omega + nanomega^2
    Eq omega Phys: N/A
    Diffusion: theta=nan, omega=nan

--- Chunk 56929 (170/220) | Start: 2025-03-10 09:10:00 ---
    RMSE omega (GP): 0.009704 | RMSE omega (Sim): 0.108125
    Loss: 0.9445 | Epoch: 895
    Eq omega: 0.001241 + -0.00048theta + 0.00145omega + 0.00530theta^2 + 0.00095theta omega + 0.00223omega^2
    Eq omega Phys: 0.000681*omega**2 + 1.0e-5*omega*theta + 3.5e-5*omega + 2.0e-6*theta**2 - 5.0e-6*theta + 8.0e-6
    Diffusion: theta=2.581692e-03, omega=4.936493e-05

--- Chunk 56930 (171/220) | Start: 2025-03-10 09:15:00 ---
    RMSE omega (GP): nan | RMSE omega (Sim): nan
    Loss: 461.2292 | Epoch: 88
    Eq omega: nan1 + nantheta + nanomega + nantheta^2 + nantheta omega + nanomega^2
    Eq omega Phys: N/A
    Diffusion: theta=nan, omega=nan

--- Chunk 56931 (172/220) | Start: 2025-03-10 09:20:00 ---
    RMSE omega (GP): 0.009984 | RMSE omega (Sim): 0.139289
    Loss: 9.1158 | Epoch: 1226
    Eq omega: 0.001191 + 0.00005theta + -0.00133omega + 0.00019theta^2 + 0.00046theta omega + 0.00001omega^2
    Eq omega Phys: 5.0e-6*omega**2 + 8.0e-6*omega*theta - 0.000132*omega - 2.0e-6*theta + 1.5e-5
    Diffusion: theta=9.835804e-04, omega=3.397301e-05

--- Chunk 56932 (173/220) | Start: 2025-03-10 09:25:00 ---
    RMSE omega (GP): 0.012944 | RMSE omega (Sim): 0.112451
    Loss: 15.7209 | Epoch: 2279
    Eq omega: 0.013721 + 0.00061theta + -0.00085omega + 0.00017theta^2 + -0.00013theta omega + 0.00056omega^2
    Eq omega Phys: 0.000289*omega**2 - 2.0e-6*omega*theta + 1.1e-5*omega - 3.0e-6*theta + 4.8e-5
    Diffusion: theta=1.956871e-03, omega=1.864988e-05

--- Chunk 56933 (174/220) | Start: 2025-03-10 09:30:00 ---
    RMSE omega (GP): 0.038235 | RMSE omega (Sim): 0.218480
    Loss: 90.7753 | Epoch: 70
    Eq omega: -0.000231 + -0.00453theta + -0.00116omega + -0.00022theta^2 + 0.00161theta omega + -0.00093omega^2
    Eq omega Phys: -0.000327*omega**2 + 1.9e-5*omega*theta - 5.0e-6*theta - 1.1e-5
    Diffusion: theta=4.047611e-03, omega=1.532217e-05

--- Chunk 56934 (175/220) | Start: 2025-03-10 09:35:00 ---
    RMSE omega (GP): 0.033005 | RMSE omega (Sim): 0.099320
    Loss: 194.0600 | Epoch: 48
    Eq omega: -0.012911 + -0.00239theta + 0.00519omega + -0.00004theta^2 + 0.00094theta omega + -0.00500omega^2
    Eq omega Phys: -0.002676*omega**2 + 1.7e-5*omega*theta + 0.000398*omega - 3.0e-6*theta - 6.7e-5
    Diffusion: theta=nan, omega=nan

--- Chunk 56935 (176/220) | Start: 2025-03-10 09:40:00 ---
    RMSE omega (GP): nan | RMSE omega (Sim): nan
    Loss: 21116.0586 | Epoch: 16
    Eq omega: nan1 + nantheta + nanomega + nantheta^2 + nantheta omega + nanomega^2
    Eq omega Phys: N/A
    Diffusion: theta=nan, omega=nan

--- Chunk 56936 (177/220) | Start: 2025-03-10 09:45:00 ---
    RMSE omega (GP): 0.008922 | RMSE omega (Sim): 0.169401
    Loss: 1.5851 | Epoch: 1032
    Eq omega: 0.009611 + -3.50571theta + 0.00498omega + 0.06233theta^2 + -0.13044theta omega + 0.01038omega^2
    Eq omega Phys: 0.003748*omega**2 - 0.00157*omega*theta - 0.004327*omega + 2.5e-5*theta**2 - 0.003752*theta - 0.010913
    Diffusion: theta=2.988955e-04, omega=5.854666e-05

--- Chunk 56937 (178/220) | Start: 2025-03-10 09:50:00 ---
    RMSE omega (GP): nan | RMSE omega (Sim): nan
    Loss: 577.0261 | Epoch: 53
    Eq omega: nan1 + nantheta + nanomega + nantheta^2 + nantheta omega + nanomega^2
    Eq omega Phys: N/A
    Diffusion: theta=nan, omega=nan

--- Chunk 56938 (179/220) | Start: 2025-03-10 09:55:00 ---
    RMSE omega (GP): 0.010863 | RMSE omega (Sim): 0.159622
    Loss: 9.8288 | Epoch: 1599
    Eq omega: -0.000221 + 0.00055theta + 0.00009omega + 0.00002theta^2 + 0.00004theta omega + 0.00010omega^2
    Eq omega Phys: 4.8e-5*omega**2 + 1.0e-6*omega*theta - 6.0e-6*omega - 7.0e-6
    Diffusion: theta=8.208776e-04, omega=5.228312e-05

--- Chunk 56939 (180/220) | Start: 2025-03-10 10:00:00 ---
    RMSE omega (GP): nan | RMSE omega (Sim): nan
    Loss: 620.9076 | Epoch: 16
    Eq omega: nan1 + nantheta + nanomega + nantheta^2 + nantheta omega + nanomega^2
    Eq omega Phys: N/A
    Diffusion: theta=nan, omega=nan

--- Chunk 56940 (181/220) | Start: 2025-03-10 10:05:00 ---
    RMSE omega (GP): 0.007819 | RMSE omega (Sim): 0.066919
    Loss: 3.6444 | Epoch: 1156
    Eq omega: 0.044351 + -0.00021theta + -0.00264omega + -0.00002theta^2 + -0.00005theta omega + -0.00021omega^2
    Eq omega Phys: -0.0001*omega**2 - 0.e-6*omega*theta - 8.2e-5*omega + 0.000105
    Diffusion: theta=5.783098e-04, omega=5.269692e-05

--- Chunk 56941 (182/220) | Start: 2025-03-10 10:10:00 ---
    RMSE omega (GP): nan | RMSE omega (Sim): nan
    Loss: 330.0784 | Epoch: 89
    Eq omega: nan1 + nantheta + nanomega + nantheta^2 + nantheta omega + nanomega^2
    Eq omega Phys: N/A
    Diffusion: theta=nan, omega=nan

--- Chunk 56942 (183/220) | Start: 2025-03-10 10:15:00 ---
    RMSE omega (GP): 0.008482 | RMSE omega (Sim): 0.104503
    Loss: 2.7534 | Epoch: 904
    Eq omega: 0.019161 + -0.46247theta + -0.01561omega + -0.00911theta^2 + -0.01553theta omega + -0.08157omega^2
    Eq omega Phys: -0.032998*omega**2 - 0.000209*omega*theta + 0.000658*omega - 4.0e-6*theta**2 - 0.000468*theta + 0.002815
    Diffusion: theta=7.287750e-04, omega=6.179473e-05

--- Chunk 56943 (184/220) | Start: 2025-03-10 10:20:00 ---
    RMSE omega (GP): 0.010186 | RMSE omega (Sim): 0.099865
    Loss: 3.3266 | Epoch: 1542
    Eq omega: -0.000031 + -1.75406theta + 0.00952omega + 0.01171theta^2 + 0.02737theta omega + -0.01241omega^2
    Eq omega Phys: -0.004563*omega**2 + 0.000335*omega*theta + 0.000924*omega + 5.0e-6*theta**2 - 0.001932*theta - 0.00351
    Diffusion: theta=6.741944e-04, omega=6.074794e-05

--- Chunk 56944 (185/220) | Start: 2025-03-10 10:25:00 ---
    RMSE omega (GP): 0.009106 | RMSE omega (Sim): 0.105910
    Loss: 7.7384 | Epoch: 1015
    Eq omega: -0.008321 + -0.68465theta + 0.00203omega + -0.00653theta^2 + -0.03699theta omega + 0.00304omega^2
    Eq omega Phys: 0.001625*omega**2 - 0.000659*omega*theta - 0.002081*omega - 4.0e-6*theta**2 - 0.000786*theta - 0.002539
    Diffusion: theta=1.748636e-04, omega=2.697435e-05

--- Chunk 56945 (186/220) | Start: 2025-03-10 10:30:00 ---
    RMSE omega (GP): 0.007449 | RMSE omega (Sim): 0.077337
    Loss: 3.4894 | Epoch: 1499
    Eq omega: 0.002531 + 0.00059theta + -0.00205omega + -0.00021theta^2 + 0.00049theta omega + -0.00042omega^2
    Eq omega Phys: -0.000209*omega**2 + 8.0e-6*omega*theta - 0.000121*omega + 2.0e-6*theta - 4.0e-6
    Diffusion: theta=3.359909e-04, omega=5.090240e-05

--- Chunk 56946 (187/220) | Start: 2025-03-10 10:35:00 ---
    RMSE omega (GP): nan | RMSE omega (Sim): nan
    Loss: 401.6652 | Epoch: 32
    Eq omega: nan1 + nantheta + nanomega + nantheta^2 + nantheta omega + nanomega^2
    Eq omega Phys: N/A
    Diffusion: theta=nan, omega=nan

--- Chunk 56947 (188/220) | Start: 2025-03-10 10:40:00 ---
    RMSE omega (GP): 0.011074 | RMSE omega (Sim): 0.151115
    Loss: 2.6267 | Epoch: 1004
    Eq omega: 0.004411 + -0.86487theta + -0.00158omega + -0.06958theta^2 + -0.00046theta omega + -0.00237omega^2
    Eq omega Phys: -0.00079*omega**2 - 5.0e-6*omega*theta - 3.1e-5*omega - 2.6e-5*theta**2 - 0.000741*theta + 0.003647
    Diffusion: theta=1.266470e-03, omega=4.612018e-05

--- Chunk 56948 (189/220) | Start: 2025-03-10 10:45:00 ---
    RMSE omega (GP): 0.029340 | RMSE omega (Sim): 0.099878
    Loss: 118.6289 | Epoch: 40
    Eq omega: -0.002901 + -0.06325theta + 0.00132omega + -0.00370theta^2 + 0.00227theta omega + -0.00460omega^2
    Eq omega Phys: -0.002387*omega**2 + 3.9e-5*omega*theta + 0.000102*omega - 2.0e-6*theta**2 - 7.7e-5*theta - 0.000115
    Diffusion: theta=4.335398e-03, omega=1.298311e-05

--- Chunk 56949 (190/220) | Start: 2025-03-10 10:50:00 ---
    RMSE omega (GP): 0.010861 | RMSE omega (Sim): 0.149910
    Loss: 3.9133 | Epoch: 1414
    Eq omega: 0.001181 + -0.00184theta + -0.00224omega + -0.00040theta^2 + -0.00745theta omega + 0.01030omega^2
    Eq omega Phys: 0.003712*omega**2 - 8.9e-5*omega*theta - 0.000623*omega - 4.0e-6*theta - 1.5e-5
    Diffusion: theta=5.978869e-04, omega=5.993369e-05

--- Chunk 56950 (191/220) | Start: 2025-03-10 10:55:00 ---
    RMSE omega (GP): 0.010604 | RMSE omega (Sim): 0.107038
    Loss: 3.4751 | Epoch: 1205
    Eq omega: -0.006611 + -0.00072theta + -0.00266omega + -0.00001theta^2 + 0.00057theta omega + -0.00004omega^2
    Eq omega Phys: -1.4e-5*omega**2 + 7.0e-6*omega*theta - 0.000138*omega - 0.e-6*theta - 1.5e-5
    Diffusion: theta=4.286215e-04, omega=6.383749e-05

--- Chunk 56951 (192/220) | Start: 2025-03-10 11:00:00 ---
    RMSE omega (GP): nan | RMSE omega (Sim): nan
    Loss: 655.7828 | Epoch: 54
    Eq omega: nan1 + nantheta + nanomega + nantheta^2 + nantheta omega + nanomega^2
    Eq omega Phys: N/A
    Diffusion: theta=nan, omega=nan

--- Chunk 56952 (193/220) | Start: 2025-03-10 11:05:00 ---
    RMSE omega (GP): 0.010254 | RMSE omega (Sim): 0.121960
    Loss: 9.7088 | Epoch: 1262
    Eq omega: 0.001271 + 0.00047theta + 0.00164omega + -0.00086theta^2 + 0.00011theta omega + -0.00111omega^2
    Eq omega Phys: -0.000558*omega**2 + 2.0e-6*omega*theta + 3.4e-5*omega + 1.1e-5*theta - 6.1e-5
    Diffusion: theta=1.154644e-03, omega=5.071833e-05

--- Chunk 56953 (194/220) | Start: 2025-03-10 11:10:00 ---
    RMSE omega (GP): 0.009859 | RMSE omega (Sim): 0.089861
    Loss: 6.3127 | Epoch: 1115
    Eq omega: 0.008951 + -0.50712theta + -0.00036omega + 0.01083theta^2 + 0.00848theta omega + -0.03705omega^2
    Eq omega Phys: -0.016909*omega**2 + 0.000129*omega*theta + 0.000412*omega + 5.0e-6*theta**2 - 0.000527*theta - 0.001771
    Diffusion: theta=2.385959e-04, omega=3.599223e-05

--- Chunk 56954 (195/220) | Start: 2025-03-10 11:15:00 ---
    RMSE omega (GP): 0.020939 | RMSE omega (Sim): 0.237405
    Loss: -188093.1406 | Epoch: 662
    Eq omega: -0.000471 + -0.02394theta + -0.00218omega + 0.06496theta^2 + -0.00556theta omega + -0.00105omega^2
    Eq omega Phys: -0.000387*omega**2 - 6.8e-5*omega*theta + 0.000357*omega + 2.7e-5*theta**2 - 0.000361*theta + 0.001217
    Diffusion: theta=3.010750e-01, omega=3.400407e-04

--- Chunk 56955 (196/220) | Start: 2025-03-10 11:20:00 ---
    RMSE omega (GP): 0.008375 | RMSE omega (Sim): 0.192069
    Loss: 3.1916 | Epoch: 971
    Eq omega: 0.007751 + -0.00100theta + -0.00113omega + -0.00019theta^2 + 0.00251theta omega + 0.00136omega^2
    Eq omega Phys: 0.000606*omega**2 + 3.7e-5*omega*theta + 9.1e-5*omega - 2.0e-6*theta + 1.4e-5
    Diffusion: theta=1.275886e-03, omega=4.348642e-05

--- Chunk 56956 (197/220) | Start: 2025-03-10 11:25:00 ---
    RMSE omega (GP): 0.007450 | RMSE omega (Sim): 0.197343
    Loss: 0.3237 | Epoch: 1015
    Eq omega: -0.000291 + 0.00082theta + -0.00096omega + 0.00004theta^2 + 0.00041theta omega + -0.00123omega^2
    Eq omega Phys: -0.000447*omega**2 + 5.0e-6*omega*theta - 5.9e-5*omega + 1.0e-6*theta - 5.0e-6
    Diffusion: theta=2.554343e-04, omega=5.905753e-05

--- Chunk 56957 (198/220) | Start: 2025-03-10 11:30:00 ---
    RMSE omega (GP): 0.010334 | RMSE omega (Sim): 0.073524
    Loss: 6.7810 | Epoch: 1152
    Eq omega: 0.005041 + -0.00236theta + 0.00320omega + -0.00099theta^2 + 0.00108theta omega + -0.00008omega^2
    Eq omega Phys: -3.6e-5*omega**2 + 1.6e-5*omega*theta + 6.0e-6*omega + 4.0e-6*theta + 1.0e-5
    Diffusion: theta=3.824238e-04, omega=6.599769e-05

--- Chunk 56958 (199/220) | Start: 2025-03-10 11:35:00 ---
    RMSE omega (GP): 0.019354 | RMSE omega (Sim): 0.097068
    Loss: -441.5850 | Epoch: 601
    Eq omega: 0.013531 + -0.01313theta + -0.00243omega + -0.03799theta^2 + 0.00175theta omega + 0.00234omega^2
    Eq omega Phys: 0.000973*omega**2 + 2.4e-5*omega*theta - 0.000209*omega - 1.8e-5*theta**2 + 0.00017*theta - 0.000373
    Diffusion: theta=6.425951e-02, omega=6.269865e-05

--- Chunk 56959 (200/220) | Start: 2025-03-10 11:40:00 ---
    RMSE omega (GP): 0.013903 | RMSE omega (Sim): 0.071865
    Loss: 16.9330 | Epoch: 1750
    Eq omega: 0.002101 + -0.00209theta + 0.00197omega + 0.00020theta^2 + -0.00013theta omega + -0.00016omega^2
    Eq omega Phys: -7.5e-5*omega**2 - 2.0e-6*omega*theta + 7.4e-5*omega - 3.0e-6*theta + 1.7e-5
    Diffusion: theta=3.506780e-04, omega=5.302201e-05

  [Progress 200/220] Mean RMSE omega (GP): 0.016254 | (Sim): 0.123108 | Mean loss: -658.2027 | Valid GP: 148/200 | Valid Sim: 145/200 | Elapsed: 66.4min | ETA: 6.6min

--- Chunk 56960 (201/220) | Start: 2025-03-10 11:45:00 ---
    RMSE omega (GP): 0.011926 | RMSE omega (Sim): 0.166185
    Loss: 6.3028 | Epoch: 1341
    Eq omega: -0.000201 + 0.00227theta + 0.00067omega + -0.00035theta^2 + 0.00230theta omega + 0.00048omega^2
    Eq omega Phys: 0.000181*omega**2 + 2.9e-5*omega*theta - 0.000123*omega + 4.0e-6*theta - 1.7e-5
    Diffusion: theta=2.411321e-03, omega=6.453894e-05

--- Chunk 56961 (202/220) | Start: 2025-03-10 11:50:00 ---
    RMSE omega (GP): 0.011347 | RMSE omega (Sim): 0.111606
    Loss: 2.5609 | Epoch: 1788
    Eq omega: -0.001341 + 0.00159theta + -0.00344omega + 0.00087theta^2 + -0.00257theta omega + 0.00137omega^2
    Eq omega Phys: 0.000425*omega**2 - 2.7e-5*omega*theta - 0.000194*omega + 4.0e-6*theta + 3.0e-6
    Diffusion: theta=4.012593e-03, omega=4.809440e-05

--- Chunk 56962 (203/220) | Start: 2025-03-10 11:55:00 ---
    RMSE omega (GP): 0.010595 | RMSE omega (Sim): 0.093494
    Loss: 8.7073 | Epoch: 1159
    Eq omega: 0.004611 + -0.00139theta + 0.00030omega + 0.00021theta^2 + -0.00185theta omega + -0.00168omega^2
    Eq omega Phys: -0.000784*omega**2 - 2.9e-5*omega*theta + 0.000196*omega - 3.0e-6*theta + 2.5e-5
    Diffusion: theta=1.815648e-03, omega=4.275714e-05

--- Chunk 56963 (204/220) | Start: 2025-03-10 12:00:00 ---
    RMSE omega (GP): 0.010586 | RMSE omega (Sim): 0.051581
    Loss: 16.8344 | Epoch: 1167
    Eq omega: 0.000621 + -0.00196theta + 0.00037omega + 0.00010theta^2 + -0.00127theta omega + 0.00003omega^2
    Eq omega Phys: 2.0e-5*omega**2 - 2.8e-5*omega*theta + 0.000311*omega - 4.0e-6*theta + 3.3e-5
    Diffusion: theta=3.902075e-04, omega=3.577087e-05

--- Chunk 56964 (205/220) | Start: 2025-03-10 12:05:00 ---
    RMSE omega (GP): 0.011415 | RMSE omega (Sim): 0.140205
    Loss: 7.5883 | Epoch: 1632
    Eq omega: -0.001011 + -1.81668theta + -0.01317omega + -0.03823theta^2 + 0.04612theta omega + -0.28263omega^2
    Eq omega Phys: -0.118013*omega**2 + 0.000642*omega*theta - 0.00217*omega - 1.8e-5*theta**2 - 0.001923*theta + 0.005312
    Diffusion: theta=2.518706e-03, omega=3.975828e-05

--- Chunk 56965 (206/220) | Start: 2025-03-10 12:10:00 ---
    RMSE omega (GP): 0.009967 | RMSE omega (Sim): 0.076214
    Loss: 6.4707 | Epoch: 702
    Eq omega: 0.000691 + -0.00416theta + -0.00038omega + 0.00048theta^2 + 0.00194theta omega + -0.00215omega^2
    Eq omega Phys: -0.000961*omega**2 + 2.9e-5*omega*theta + 0.000144*omega - 2.0e-6*theta - 1.6e-5
    Diffusion: theta=1.673074e-03, omega=3.110207e-05

--- Chunk 56966 (207/220) | Start: 2025-03-10 12:15:00 ---
    RMSE omega (GP): nan | RMSE omega (Sim): nan
    Loss: 223.9449 | Epoch: 30
    Eq omega: nan1 + nantheta + nanomega + nantheta^2 + nantheta omega + nanomega^2
    Eq omega Phys: N/A
    Diffusion: theta=nan, omega=nan

--- Chunk 56967 (208/220) | Start: 2025-03-10 12:20:00 ---
    RMSE omega (GP): 0.008586 | RMSE omega (Sim): 0.085413
    Loss: 2.4081 | Epoch: 1593
    Eq omega: 0.000681 + 0.00280theta + 0.00229omega + -0.00427theta^2 + -0.00436theta omega + -0.00149omega^2
    Eq omega Phys: -0.000609*omega**2 - 5.9e-5*omega*theta + 0.000384*omega - 2.0e-6*theta**2 + 2.3e-5*theta - 6.6e-5
    Diffusion: theta=5.716481e-04, omega=6.134626e-05

--- Chunk 56968 (209/220) | Start: 2025-03-10 12:25:00 ---
    RMSE omega (GP): 0.057731 | RMSE omega (Sim): 0.112494
    Loss: -1607.7345 | Epoch: 541
    Eq omega: -0.000081 + 0.00038theta + 0.00047omega + -0.00078theta^2 + -0.00047theta omega + 0.00127omega^2
    Eq omega Phys: 0.000528*omega**2 - 7.0e-6*omega*theta + 0.000101*omega + 1.0e-5*theta - 6.8e-5
    Diffusion: theta=1.359535e-02, omega=1.447602e-05

--- Chunk 56969 (210/220) | Start: 2025-03-10 12:30:00 ---
    RMSE omega (GP): nan | RMSE omega (Sim): nan
    Loss: 513.3400 | Epoch: 61
    Eq omega: nan1 + nantheta + nanomega + nantheta^2 + nantheta omega + nanomega^2
    Eq omega Phys: N/A
    Diffusion: theta=nan, omega=nan

--- Chunk 56970 (211/220) | Start: 2025-03-10 12:35:00 ---
    RMSE omega (GP): nan | RMSE omega (Sim): nan
    Loss: 425.0798 | Epoch: 48
    Eq omega: nan1 + nantheta + nanomega + nantheta^2 + nantheta omega + nanomega^2
    Eq omega Phys: N/A
    Diffusion: theta=nan, omega=nan

--- Chunk 56971 (212/220) | Start: 2025-03-10 12:40:00 ---
    RMSE omega (GP): 0.009900 | RMSE omega (Sim): 0.067335
    Loss: 8.8531 | Epoch: 2055
    Eq omega: -0.001621 + -0.00152theta + -0.00112omega + 0.00018theta^2 + 0.00109theta omega + 0.00012omega^2
    Eq omega Phys: 6.0e-5*omega**2 + 1.8e-5*omega*theta - 0.000237*omega - 4.0e-6*theta + 2.7e-5
    Diffusion: theta=1.233133e-03, omega=4.413977e-05

--- Chunk 56972 (213/220) | Start: 2025-03-10 12:45:00 ---
    RMSE omega (GP): 0.012675 | RMSE omega (Sim): 0.153289
    Loss: 15.3186 | Epoch: 1789
    Eq omega: -0.000731 + 0.00039theta + -0.00213omega + -0.00002theta^2 + 0.00005theta omega + -0.00056omega^2
    Eq omega Phys: -0.000275*omega**2 + 1.0e-6*omega*theta - 8.5e-5*omega + 1.0e-6*theta - 1.3e-5
    Diffusion: theta=1.125260e-03, omega=4.150475e-05

--- Chunk 56973 (214/220) | Start: 2025-03-10 12:50:00 ---
    RMSE omega (GP): 0.042626 | RMSE omega (Sim): 0.069643
    Loss: 411.0999 | Epoch: 343
    Eq omega: -0.004921 + 0.00062theta + -0.00211omega + -0.00002theta^2 + 0.00016theta omega + -0.00168omega^2
    Eq omega Phys: -0.001056*omega**2 + 3.0e-6*omega*theta - 0.000128*omega + 1.0e-6*theta - 2.5e-5
    Diffusion: theta=1.037506e-01, omega=1.128756e-04

--- Chunk 56974 (215/220) | Start: 2025-03-10 12:55:00 ---
    RMSE omega (GP): nan | RMSE omega (Sim): nan
    Loss: 486.9824 | Epoch: 17
    Eq omega: nan1 + nantheta + nanomega + nantheta^2 + nantheta omega + nanomega^2
    Eq omega Phys: N/A
    Diffusion: theta=nan, omega=nan

--- Chunk 56975 (216/220) | Start: 2025-03-10 13:00:00 ---
    RMSE omega (GP): 0.011013 | RMSE omega (Sim): 0.059513
    Loss: 15.2206 | Epoch: 3435
    Eq omega: 0.000481 + -0.00011theta + -0.00214omega + -0.00002theta^2 + -0.00000theta omega + 0.00049omega^2
    Eq omega Phys: 0.000282*omega**2 - 7.1e-5*omega - 1.0e-6*theta - 1.9e-5
    Diffusion: theta=1.773555e-03, omega=2.001861e-05

--- Chunk 56976 (217/220) | Start: 2025-03-10 13:05:00 ---
    RMSE omega (GP): 0.010921 | RMSE omega (Sim): 0.167825
    Loss: 7.0918 | Epoch: 1229
    Eq omega: 0.002021 + 0.00090theta + -0.00160omega + -0.00310theta^2 + 0.00011theta omega + -0.00086omega^2
    Eq omega Phys: -0.000374*omega**2 + 2.0e-6*omega*theta - 4.6e-5*omega - 1.0e-6*theta**2 - 1.3e-5*theta - 2.5e-5
    Diffusion: theta=3.339132e-04, omega=5.356003e-05

--- Chunk 56977 (218/220) | Start: 2025-03-10 13:10:00 ---
    RMSE omega (GP): 0.012097 | RMSE omega (Sim): 0.117271
    Loss: 7.7389 | Epoch: 1411
    Eq omega: -0.000281 + 0.00029theta + -0.00556omega + -0.00139theta^2 + 0.00114theta omega + 0.00185omega^2
    Eq omega Phys: 0.00075*omega**2 + 1.5e-5*omega*theta - 1.3e-5*omega - 0.e-6*theta**2 - 1.4e-5*theta - 7.5e-5
    Diffusion: theta=4.584561e-04, omega=4.519974e-05

--- Chunk 56978 (219/220) | Start: 2025-03-10 13:15:00 ---
    RMSE omega (GP): 0.012843 | RMSE omega (Sim): 0.085396
    Loss: 8.7257 | Epoch: 1491
    Eq omega: -0.003841 + -0.00053theta + -0.00275omega + -0.00025theta^2 + 0.00113theta omega + 0.00004omega^2
    Eq omega Phys: 1.6e-5*omega**2 + 1.5e-5*omega*theta - 1.2e-5*omega - 2.0e-6*theta - 1.7e-5
    Diffusion: theta=3.090243e-03, omega=2.099199e-05

--- Chunk 56979 (220/220) | Start: 2025-03-10 13:20:00 ---
    RMSE omega (GP): nan | RMSE omega (Sim): nan
    Loss: 127.8595 | Epoch: 45
    Eq omega: nan1 + nantheta + nanomega + nantheta^2 + nantheta omega + nanomega^2
    Eq omega Phys: N/A
    Diffusion: theta=nan, omega=nan

  [Progress 220/220] Mean RMSE omega (GP): 0.016256 | (Sim): 0.121301 | Mean loss: -595.2098 | Valid GP: 163/220 | Valid Sim: 160/220 | Elapsed: 73.7min | ETA: 0.0min

============================================================
EVALUATION COMPLETE — Chunks [56760, 56979]
============================================================
Chunks processed: 220
Chunks succeeded GP:  163 (74.1%)
Chunks succeeded Sim: 160 (72.7%)
Mean GP RMSE omega:   0.016256 ± 0.012171
Mean SIM RMSE omega:  0.121301 ± 0.056127
Mean Loss:            -595.2098 ± 12981.1562
Elapsed time:     73.7 minutes

Per-chunk CSV: /pfs/data6/home/ka/ka_iai/ka_bj2362/dsr/svise/results_5min_all_chunks/run_SLURM_3733209_combo38/chunks_56760_to_56979_20260323_035505.csv
Summary JSON:  /pfs/data6/home/ka/ka_iai/ka_bj2362/dsr/svise/results_5min_all_chunks/run_SLURM_3733209_combo38/summary_56760_to_56979_20260323_035505.json
============================================================

============================= JOB FEEDBACK =============================

NodeName=uc3n041
Job ID: 3733524
Array Job ID: 3733209_258
Cluster: uc3
User/Group: ka_bj2362/ka_iai
State: COMPLETED (exit code 0)
Nodes: 1
Cores per node: 4
CPU Utilized: 01:13:19
CPU Efficiency: 24.74% of 04:56:20 core-walltime
Job Wall-clock time: 01:14:05
Memory Utilized: 3.45 GB
Memory Efficiency: 28.79% of 12.00 GB (12.00 GB/node)
