Array task 288: processing chunks 63360 to 63579
Loading data from /pfs/data6/home/ka/ka_iai/ka_bj2362/dsr/svise/../dataset/South_Korea_2024-08-15_2025-08-31_1s.parquet...
Finding all valid 5-minute chunks in the dataset...
Found 107059 valid 5-minute chunks in total.

============================================================
SVISE FINAL EVALUATION — ALL CHUNKS
============================================================
Hyperparameters: {
  "model": "integrator",
  "sigma": 0,
  "degree": 2,
  "tau": 1e-05,
  "lr": 0.1,
  "n_tau": 50,
  "measurement_noise": 0.001,
  "n_reparam_samples": 15
}
Total valid chunks in dataset: 107059
Processing chunk range: [63360, 63579] (220 chunks)
Early stopping: patience=300, max_epochs=10000
============================================================


--- Chunk 63360 (1/220) | Start: 2025-04-01 18:20:00 ---
/pfs/data6/home/ka/ka_iai/ka_bj2362/dsr/svise/svise/sde_learning/_marginal_sde.py:284: UserWarning: torch.triangular_solve is deprecated in favor of torch.linalg.solve_triangularand will be removed in a future PyTorch release.
torch.linalg.solve_triangular has its arguments reversed and does not return a copy of one of the inputs.
X = torch.triangular_solve(B, A).solution
should be replaced with
X = torch.linalg.solve_triangular(A, B). (Triggered internally at ../aten/src/ATen/native/BatchLinearAlgebra.cpp:2192.)
  return torch.triangular_solve(self.raw_w, self.C.t()).solution
/pfs/data6/home/ka/ka_iai/ka_bj2362/dsr/svise/svise/quadrature/_unbiased_quadrature.py:196: UserWarning: Interp is nan, reducing interp degree.
  warnings.warn("Interp is nan, reducing interp degree.")
/pfs/data6/home/ka/ka_iai/ka_bj2362/dsr/svise/svise/quadrature/_unbiased_quadrature.py:174: UserWarning: NaN detected in fxq (quadrature node evaluations). Clamping to 0.
  warnings.warn("NaN detected in fxq (quadrature node evaluations). Clamping to 0.")
/pfs/data6/home/ka/ka_iai/ka_bj2362/dsr/svise/svise/quadrature/_unbiased_quadrature.py:177: UserWarning: NaN detected in fmc (Monte-Carlo node evaluations). Clamping to 0.
  warnings.warn("NaN detected in fmc (Monte-Carlo node evaluations). Clamping to 0.")
    RMSE omega (GP): nan | RMSE omega (Sim): nan
    Loss: 163.4178 | Epoch: 16
    Eq omega: nan1 + nantheta + nanomega + nantheta^2 + nantheta omega + nanomega^2
    Eq omega Phys: N/A

--- Chunk 63361 (2/220) | Start: 2025-04-01 18:25:00 ---
    RMSE omega (GP): 0.035984 | RMSE omega (Sim): 0.144749
    Loss: -2501.3608 | Epoch: 553
    Eq omega: 0.023831 + -0.00046theta + 0.00065omega + 0.00373theta^2 + -0.00116theta omega + -0.00456omega^2
    Eq omega Phys: -0.001509*omega**2 - 1.3e-5*omega*theta - 5.3e-5*omega + 1.0e-6*theta**2 + 1.6e-5*theta + 0.000124

--- Chunk 63362 (3/220) | Start: 2025-04-01 18:30:00 ---
    RMSE omega (GP): 0.009184 | RMSE omega (Sim): 0.105996
    Loss: 1.9996 | Epoch: 1239
    Eq omega: 0.002801 + 0.00093theta + 0.00164omega + 0.00029theta^2 + -0.00011theta omega + -0.00339omega^2
    Eq omega Phys: -0.001212*omega**2 - 1.0e-6*omega*theta + 7.3e-5*omega - 2.0e-6*theta + 1.6e-5

--- Chunk 63363 (4/220) | Start: 2025-04-01 18:35:00 ---
    RMSE omega (GP): 0.009965 | RMSE omega (Sim): 0.096371
    Loss: 2.1440 | Epoch: 1426
    Eq omega: 0.001791 + -0.00018theta + -0.00144omega + -0.00000theta^2 + -0.00033theta omega + 0.00063omega^2
    Eq omega Phys: 0.000218*omega**2 - 4.0e-6*omega*theta + 2.6e-5*omega + 1.0e-5

--- Chunk 63364 (5/220) | Start: 2025-04-01 18:40:00 ---
    RMSE omega (GP): 0.029348 | RMSE omega (Sim): 0.214031
    Loss: -2004.6151 | Epoch: 523
    Eq omega: -0.002241 + -0.00178theta + 0.00070omega + -0.00020theta^2 + 0.00066theta omega + -0.00084omega^2
    Eq omega Phys: -0.00034*omega**2 + 9.0e-6*omega*theta + 5.8e-5*omega - 3.0e-6*theta - 1.5e-5

--- Chunk 63365 (6/220) | Start: 2025-04-01 18:45:00 ---
    RMSE omega (GP): 0.044397 | RMSE omega (Sim): 0.229065
    Loss: 252.4946 | Epoch: 361
    Eq omega: 0.000911 + -0.00030theta + 0.00623omega + 0.00003theta^2 + 0.00024theta omega + 0.00049omega^2
    Eq omega Phys: 0.000247*omega**2 + 4.0e-6*omega*theta + 0.000146*omega - 0.e-6*theta + 1.1e-5

--- Chunk 63366 (7/220) | Start: 2025-04-01 18:50:00 ---
    RMSE omega (GP): 0.034711 | RMSE omega (Sim): 0.061340
    Loss: 753.5361 | Epoch: 54
    Eq omega: -0.001251 + -0.00551theta + -0.00184omega + -0.00057theta^2 + 0.00008theta omega + -0.00023omega^2
    Eq omega Phys: -0.000179*omega**2 + 2.0e-6*omega*theta - 0.000103*omega + 1.4e-5*theta - 7.5e-5

--- Chunk 63367 (8/220) | Start: 2025-04-01 18:55:00 ---
    RMSE omega (GP): 0.009695 | RMSE omega (Sim): 0.124105
    Loss: 4.6498 | Epoch: 967
    Eq omega: -0.001381 + -0.00139theta + -0.00396omega + 0.00114theta^2 + 0.00210theta omega + 0.00508omega^2
    Eq omega Phys: 0.002084*omega**2 + 2.9e-5*omega*theta - 2.4e-5*omega + 1.0e-6*theta**2 + 2.0e-6*theta - 2.0e-6

--- Chunk 63368 (9/220) | Start: 2025-04-01 19:00:00 ---
    RMSE omega (GP): 0.012257 | RMSE omega (Sim): 0.229618
    Loss: 17.4278 | Epoch: 1612
    Eq omega: 0.000101 + 0.00183theta + -0.00161omega + 0.00030theta^2 + 0.00000theta omega + 0.00016omega^2
    Eq omega Phys: 8.7e-5*omega**2 - 5.4e-5*omega - 4.0e-6*theta + 1.5e-5

--- Chunk 63369 (10/220) | Start: 2025-04-01 19:05:00 ---
    RMSE omega (GP): 0.067573 | RMSE omega (Sim): 0.081264
    Loss: 717.9429 | Epoch: 20
    Eq omega: -0.000171 + -0.00168theta + -0.00320omega + 0.00105theta^2 + -0.00131theta omega + 0.00076omega^2
    Eq omega Phys: 0.000321*omega**2 - 1.8e-5*omega*theta + 7.4e-5*omega - 1.2e-5*theta + 6.5e-5

--- Chunk 63370 (11/220) | Start: 2025-04-01 19:10:00 ---
    RMSE omega (GP): 0.011347 | RMSE omega (Sim): 0.101741
    Loss: 6.5077 | Epoch: 1408
    Eq omega: 0.005421 + -1.01741theta + -0.02771omega + 0.00032theta^2 + 0.02455theta omega + -0.03447omega^2
    Eq omega Phys: -0.014087*omega**2 + 0.000334*omega*theta - 0.002796*omega - 0.001132*theta + 0.006349

--- Chunk 63371 (12/220) | Start: 2025-04-01 19:15:00 ---
    RMSE omega (GP): 0.029156 | RMSE omega (Sim): 0.129309
    Loss: -895.6984 | Epoch: 611
    Eq omega: -0.000811 + -0.00174theta + 0.00156omega + -0.00052theta^2 + 0.00042theta omega + 0.00223omega^2
    Eq omega Phys: 0.00096*omega**2 + 6.0e-6*omega*theta - 2.4e-5*omega + 4.0e-6*theta - 1.7e-5

--- Chunk 63372 (13/220) | Start: 2025-04-01 19:20:00 ---
    RMSE omega (GP): 0.012951 | RMSE omega (Sim): 0.164457
    Loss: 6.3306 | Epoch: 1026
    Eq omega: -0.005511 + -0.83781theta + 0.00464omega + -0.00189theta^2 + 0.00077theta omega + 0.00576omega^2
    Eq omega Phys: 0.002019*omega**2 + 9.0e-6*omega*theta + 0.00011*omega - 0.e-6*theta**2 - 0.000924*theta + 0.004621

--- Chunk 63373 (14/220) | Start: 2025-04-01 19:25:00 ---
    RMSE omega (GP): 0.010253 | RMSE omega (Sim): 0.076928
    Loss: 3.4896 | Epoch: 1956
    Eq omega: 0.008721 + -0.09176theta + 0.00248omega + 0.00010theta^2 + -0.00012theta omega + 0.00287omega^2
    Eq omega Phys: 0.00105*omega**2 - 1.0e-6*omega*theta + 9.6e-5*omega - 0.000103*theta + 0.00099

--- Chunk 63374 (15/220) | Start: 2025-04-01 19:30:00 ---
    RMSE omega (GP): 0.013808 | RMSE omega (Sim): 0.104116
    Loss: 8.1604 | Epoch: 1460
    Eq omega: -0.000731 + -0.00122theta + 0.00153omega + 0.00172theta^2 + 0.00384theta omega + 0.00045omega^2
    Eq omega Phys: 0.000165*omega**2 + 4.7e-5*omega*theta + 5.9e-5*omega + 1.0e-6*theta**2 - 1.0e-6*theta - 2.0e-6

--- Chunk 63375 (16/220) | Start: 2025-04-01 19:35:00 ---
    RMSE omega (GP): nan | RMSE omega (Sim): nan
    Loss: 1287.3549 | Epoch: 27
    Eq omega: nan1 + nantheta + nanomega + nantheta^2 + nantheta omega + nanomega^2
    Eq omega Phys: N/A

--- Chunk 63376 (17/220) | Start: 2025-04-01 19:40:00 ---
    RMSE omega (GP): 0.009844 | RMSE omega (Sim): 0.077829
    Loss: 5.4156 | Epoch: 2092
    Eq omega: -0.004451 + 0.00132theta + -0.00036omega + 0.00044theta^2 + -0.00034theta omega + -0.00409omega^2
    Eq omega Phys: -0.001794*omega**2 - 5.0e-6*omega*theta + 3.3e-5*omega - 2.0e-6*theta - 7.0e-6

--- Chunk 63377 (18/220) | Start: 2025-04-01 19:45:00 ---
    RMSE omega (GP): 0.010806 | RMSE omega (Sim): 0.127545
    Loss: 0.1348 | Epoch: 1345
    Eq omega: 0.000341 + -0.00142theta + 0.00010omega + 0.00020theta^2 + 0.00124theta omega + -0.00039omega^2
    Eq omega Phys: -0.000102*omega**2 + 1.1e-5*omega*theta - 3.3e-5*omega - 2.0e-6*theta + 8.0e-6

--- Chunk 63378 (19/220) | Start: 2025-04-01 19:50:00 ---
    RMSE omega (GP): 0.010807 | RMSE omega (Sim): 0.045886
    Loss: 25.3128 | Epoch: 2627
    Eq omega: 0.000991 + 0.00012theta + 0.00134omega + -0.00003theta^2 + 0.00000theta omega + 0.00016omega^2
    Eq omega Phys: 0.000116*omega**2 + 4.5e-5*omega + 1.0e-6*theta - 9.0e-6

--- Chunk 63379 (20/220) | Start: 2025-04-01 19:55:00 ---
    RMSE omega (GP): 0.010727 | RMSE omega (Sim): 0.091522
    Loss: 7.7907 | Epoch: 1882
    Eq omega: -0.000311 + -0.00009theta + 0.00051omega + 0.00022theta^2 + -0.00111theta omega + -0.00781omega^2
    Eq omega Phys: -0.00354*omega**2 - 1.7e-5*omega*theta + 0.000278*omega - 4.0e-6*theta + 2.8e-5

--- Chunk 63380 (21/220) | Start: 2025-04-01 20:00:00 ---
    RMSE omega (GP): 0.006574 | RMSE omega (Sim): 0.128875
    Loss: 1.2670 | Epoch: 1077
    Eq omega: 0.000951 + -0.45758theta + -0.02033omega + 0.00525theta^2 + -0.00297theta omega + 0.01276omega^2
    Eq omega Phys: 0.005924*omega**2 - 4.6e-5*omega*theta - 0.000994*omega + 3.0e-6*theta**2 - 0.000471*theta - 0.003371

--- Chunk 63381 (22/220) | Start: 2025-04-01 20:05:00 ---
    RMSE omega (GP): 0.008234 | RMSE omega (Sim): 0.126659
    Loss: 0.5807 | Epoch: 671
    Eq omega: 0.004711 + -0.40886theta + 0.00170omega + 0.09715theta^2 + 0.01446theta omega + -0.03853omega^2
    Eq omega Phys: -0.01387*omega**2 + 0.000174*omega*theta - 9.8e-5*omega + 3.9e-5*theta**2 - 0.000523*theta + 0.000449

--- Chunk 63382 (23/220) | Start: 2025-04-01 20:10:00 ---
    RMSE omega (GP): 0.011307 | RMSE omega (Sim): 0.107582
    Loss: 5.3254 | Epoch: 1507
    Eq omega: -0.001721 + -0.00270theta + -0.00081omega + 0.00424theta^2 + -0.00023theta omega + 0.00042omega^2
    Eq omega Phys: 0.000161*omega**2 - 3.0e-6*omega*theta - 8.0e-6*omega + 2.0e-6*theta**2 - 2.6e-5*theta + 8.8e-5

--- Chunk 63383 (24/220) | Start: 2025-04-01 20:15:00 ---
    RMSE omega (GP): 0.013090 | RMSE omega (Sim): 0.070952
    Loss: 20.0661 | Epoch: 2400
    Eq omega: 0.002461 + -0.00028theta + 0.00314omega + -0.00003theta^2 + -0.00008theta omega + 0.00022omega^2
    Eq omega Phys: 0.000119*omega**2 - 1.0e-6*omega*theta + 0.000131*omega + 5.0e-6

--- Chunk 63384 (25/220) | Start: 2025-04-01 20:20:00 ---
    RMSE omega (GP): 0.010587 | RMSE omega (Sim): 0.160935
    Loss: 0.9687 | Epoch: 1635
    Eq omega: 0.000521 + -0.00010theta + -0.00352omega + 0.00050theta^2 + 0.00088theta omega + 0.00178omega^2
    Eq omega Phys: 0.000506*omega**2 + 8.0e-6*omega*theta - 3.2e-5*omega + 3.0e-6*theta + 1.7e-5

--- Chunk 63385 (26/220) | Start: 2025-04-01 20:25:00 ---
    RMSE omega (GP): 0.011165 | RMSE omega (Sim): 0.163466
    Loss: 4.2906 | Epoch: 1139
    Eq omega: 0.051941 + -0.28057theta + -0.00136omega + -0.00136theta^2 + 0.02136theta omega + 0.00452omega^2
    Eq omega Phys: 0.001671*omega**2 + 0.000263*omega*theta + 0.00265*omega - 0.e-6*theta**2 - 0.000323*theta - 0.003096

--- Chunk 63386 (27/220) | Start: 2025-04-01 20:30:00 ---
    RMSE omega (GP): 0.011194 | RMSE omega (Sim): 0.131754
    Loss: 0.4580 | Epoch: 908
    Eq omega: -0.075411 + -1.78349theta + -0.19637omega + -0.03809theta^2 + -0.34574theta omega + -0.01037omega^2
    Eq omega Phys: -0.002671*omega**2 - 0.002968*omega*theta - 0.029395*omega - 1.1e-5*theta**2 - 0.002149*theta - 0.016227

--- Chunk 63387 (28/220) | Start: 2025-04-01 20:35:00 ---
    RMSE omega (GP): 0.014381 | RMSE omega (Sim): 0.131721
    Loss: 3.9131 | Epoch: 699
    Eq omega: -0.020151 + -1.60645theta + 0.02322omega + 0.00679theta^2 + -0.02921theta omega + 0.01692omega^2
    Eq omega Phys: 0.004711*omega**2 - 0.000271*omega*theta - 0.000369*omega + 2.0e-6*theta**2 - 0.001767*theta - 0.00757

--- Chunk 63388 (29/220) | Start: 2025-04-01 20:40:00 ---
    RMSE omega (GP): 0.010638 | RMSE omega (Sim): 0.118582
    Loss: 0.9403 | Epoch: 2308
    Eq omega: -0.000071 + -0.00007theta + 0.00027omega + 0.00097theta^2 + 0.00021theta omega + -0.00515omega^2
    Eq omega Phys: -0.001448*omega**2 + 2.0e-6*omega*theta + 2.9e-5*omega + 6.0e-6*theta + 2.9e-5

--- Chunk 63389 (30/220) | Start: 2025-04-01 20:45:00 ---
    RMSE omega (GP): 0.009533 | RMSE omega (Sim): 0.096320
    Loss: -1.0669 | Epoch: 1451
    Eq omega: -0.004871 + -2.27170theta + 0.01112omega + 0.00374theta^2 + -0.01348theta omega + 0.00567omega^2
    Eq omega Phys: 0.001416*omega**2 - 0.000112*omega*theta + 0.000583*omega + 1.0e-6*theta**2 - 0.002528*theta + 0.004749

--- Chunk 63390 (31/220) | Start: 2025-04-01 20:50:00 ---
    RMSE omega (GP): 0.009738 | RMSE omega (Sim): 0.081299
    Loss: 2.0175 | Epoch: 1702
    Eq omega: 0.002401 + -0.11585theta + 0.00578omega + 0.00042theta^2 + 0.00550theta omega + -0.01019omega^2
    Eq omega Phys: -0.003433*omega**2 + 6.2e-5*omega*theta - 0.000502*omega - 0.000132*theta + 0.001476

--- Chunk 63391 (32/220) | Start: 2025-04-01 20:55:00 ---
    RMSE omega (GP): 0.010718 | RMSE omega (Sim): 0.099067
    Loss: 6.8641 | Epoch: 837
    Eq omega: 0.002021 + -0.31207theta + -0.00050omega + 0.00198theta^2 + -0.00080theta omega + -0.00263omega^2
    Eq omega Phys: -0.001119*omega**2 - 1.1e-5*omega*theta + 2.0e-5*omega + 1.0e-6*theta**2 - 0.000353*theta + 0.001132

--- Chunk 63392 (33/220) | Start: 2025-04-01 21:00:00 ---
    RMSE omega (GP): 0.009767 | RMSE omega (Sim): 0.116840
    Loss: 1.2316 | Epoch: 907
    Eq omega: -0.002221 + -0.00761theta + -0.00133omega + -0.00072theta^2 + -0.00319theta omega + 0.00044omega^2
    Eq omega Phys: 0.000141*omega**2 - 3.4e-5*omega*theta + 9.8e-5*omega - 6.0e-6*theta + 2.3e-5

--- Chunk 63393 (34/220) | Start: 2025-04-01 21:05:00 ---
    RMSE omega (GP): 0.010110 | RMSE omega (Sim): 0.081429
    Loss: 4.8263 | Epoch: 2846
    Eq omega: -0.000141 + -0.00096theta + -0.00699omega + 0.00005theta^2 + 0.00017theta omega + -0.00113omega^2
    Eq omega Phys: -0.000474*omega**2 + 2.0e-6*omega*theta - 0.000207*omega - 0.e-6*theta - 9.0e-6

--- Chunk 63394 (35/220) | Start: 2025-04-01 21:10:00 ---
    RMSE omega (GP): 0.009687 | RMSE omega (Sim): 0.121461
    Loss: 0.5626 | Epoch: 2435
    Eq omega: 0.002711 + 0.00059theta + 0.00188omega + -0.00009theta^2 + -0.00012theta omega + 0.00019omega^2
    Eq omega Phys: 5.5e-5*omega**2 - 1.0e-6*omega*theta + 3.5e-5*omega - 0.e-6*theta + 9.0e-6

--- Chunk 63395 (36/220) | Start: 2025-04-01 21:15:00 ---
    RMSE omega (GP): 0.008899 | RMSE omega (Sim): 0.105189
    Loss: 1.4075 | Epoch: 1163
    Eq omega: -0.000321 + -0.03176theta + -0.00163omega + -0.00003theta^2 + 0.00193theta omega + -0.00007omega^2
    Eq omega Phys: -2.4e-5*omega**2 + 2.2e-5*omega*theta - 0.e-6*omega - 3.5e-5*theta - 8.6e-5

--- Chunk 63396 (37/220) | Start: 2025-04-01 21:20:00 ---
    RMSE omega (GP): 0.010200 | RMSE omega (Sim): 0.145386
    Loss: 2.5416 | Epoch: 902
    Eq omega: -0.004251 + -0.00518theta + 0.00538omega + -0.00332theta^2 + 0.00096theta omega + 0.00504omega^2
    Eq omega Phys: 0.00173*omega**2 + 1.1e-5*omega*theta + 0.000148*omega - 1.0e-6*theta**2 + 1.0e-6*theta - 8.0e-6

--- Chunk 63397 (38/220) | Start: 2025-04-01 21:25:00 ---
    RMSE omega (GP): nan | RMSE omega (Sim): nan
    Loss: 527.0717 | Epoch: 43
    Eq omega: nan1 + nantheta + nanomega + nantheta^2 + nantheta omega + nanomega^2
    Eq omega Phys: N/A

--- Chunk 63398 (39/220) | Start: 2025-04-01 21:30:00 ---
    RMSE omega (GP): nan | RMSE omega (Sim): nan
    Loss: 843.5368 | Epoch: 42
    Eq omega: nan1 + nantheta + nanomega + nantheta^2 + nantheta omega + nanomega^2
    Eq omega Phys: N/A

--- Chunk 63399 (40/220) | Start: 2025-04-01 21:35:00 ---
    RMSE omega (GP): nan | RMSE omega (Sim): nan
    Loss: 242.9833 | Epoch: 20
    Eq omega: nan1 + nantheta + nanomega + nantheta^2 + nantheta omega + nanomega^2
    Eq omega Phys: N/A

--- Chunk 63400 (41/220) | Start: 2025-04-01 21:40:00 ---
    RMSE omega (GP): 0.011081 | RMSE omega (Sim): 0.097760
    Loss: 4.6898 | Epoch: 2606
    Eq omega: 0.000891 + 0.00060theta + -0.00128omega + 0.00002theta^2 + -0.00022theta omega + 0.00587omega^2
    Eq omega Phys: 0.002271*omega**2 - 3.0e-6*omega*theta + 1.5e-5*omega - 7.0e-6

--- Chunk 63401 (42/220) | Start: 2025-04-01 21:45:00 ---
    RMSE omega (GP): 0.009293 | RMSE omega (Sim): 0.172504
    Loss: 1.0905 | Epoch: 1575
    Eq omega: 0.005131 + 0.00979theta + 0.00658omega + 0.00078theta^2 + -0.00051theta omega + -0.00243omega^2
    Eq omega Phys: -0.000756*omega**2 - 5.0e-6*omega*theta + 0.000341*omega - 2.0e-6*theta - 8.9e-5

--- Chunk 63402 (43/220) | Start: 2025-04-01 21:50:00 ---
    RMSE omega (GP): 0.011525 | RMSE omega (Sim): 0.124219
    Loss: 1.5615 | Epoch: 649
    Eq omega: -0.033541 + -1.74890theta + -0.02100omega + -0.21428theta^2 + -0.01564theta omega + 0.17085omega^2
    Eq omega Phys: 0.050453*omega**2 - 0.000154*omega*theta - 0.000319*omega - 7.0e-5*theta**2 - 0.001595*theta + 0.004253

--- Chunk 63403 (44/220) | Start: 2025-04-01 21:55:00 ---
    RMSE omega (GP): 0.012695 | RMSE omega (Sim): 0.143009
    Loss: 4.0848 | Epoch: 1529
    Eq omega: -0.006511 + -0.84060theta + 0.00318omega + 0.00193theta^2 + -0.00198theta omega + -0.00857omega^2
    Eq omega Phys: -0.002707*omega**2 - 2.1e-5*omega*theta + 6.7e-5*omega + 1.0e-6*theta**2 - 0.000931*theta - 0.001781

--- Chunk 63404 (45/220) | Start: 2025-04-01 22:00:00 ---
    RMSE omega (GP): 0.012416 | RMSE omega (Sim): 0.232488
    Loss: 3.0465 | Epoch: 1552
    Eq omega: -0.012371 + -0.29803theta + 0.00160omega + -0.00005theta^2 + -0.00296theta omega + -0.01724omega^2
    Eq omega Phys: -0.005077*omega**2 - 2.9e-5*omega*theta - 0.000218*omega - 0.000331*theta - 0.003145

--- Chunk 63405 (46/220) | Start: 2025-04-01 22:05:00 ---
    RMSE omega (GP): 0.014249 | RMSE omega (Sim): 0.087793
    Loss: 19.8340 | Epoch: 1791
    Eq omega: -0.000731 + -0.00004theta + 0.00039omega + 0.00005theta^2 + -0.00061theta omega + -0.00011omega^2
    Eq omega Phys: -5.3e-5*omega**2 - 1.0e-5*omega*theta + 0.000208*omega - 1.0e-6*theta + 1.0e-5

--- Chunk 63406 (47/220) | Start: 2025-04-01 22:10:00 ---
    RMSE omega (GP): 0.077821 | RMSE omega (Sim): 0.095613
    Loss: 617.4673 | Epoch: 38
    Eq omega: 0.001211 + 0.00125theta + 0.00540omega + 0.00026theta^2 + 0.00015theta omega + 0.00414omega^2
    Eq omega Phys: 0.001621*omega**2 + 2.0e-6*omega*theta + 0.00015*omega - 2.0e-6*theta + 9.0e-6

--- Chunk 63407 (48/220) | Start: 2025-04-01 22:15:00 ---
    RMSE omega (GP): 0.039954 | RMSE omega (Sim): 0.087693
    Loss: 515.6496 | Epoch: 60
    Eq omega: -0.001031 + -0.00016theta + -0.00207omega + -0.00004theta^2 + -0.00005theta omega + 0.00080omega^2
    Eq omega Phys: 0.000571*omega**2 - 1.0e-6*omega*theta - 4.1e-5*omega + 1.0e-6*theta - 1.5e-5

--- Chunk 63408 (49/220) | Start: 2025-04-01 22:20:00 ---
    RMSE omega (GP): nan | RMSE omega (Sim): nan
    Loss: 259.8670 | Epoch: 72
    Eq omega: nan1 + nantheta + nanomega + nantheta^2 + nantheta omega + nanomega^2
    Eq omega Phys: N/A

--- Chunk 63409 (50/220) | Start: 2025-04-01 22:25:00 ---
    RMSE omega (GP): 0.010502 | RMSE omega (Sim): nan
    Loss: 4.8531 | Epoch: 1318
    Eq omega: -0.010861 + -0.00359theta + -0.00872omega + 0.05450theta^2 + 0.00184theta omega + -0.00303omega^2
    Eq omega Phys: -0.001154*omega**2 + 2.3e-5*omega*theta - 0.000576*omega + 2.3e-5*theta**2 - 0.000568*theta + 0.003463

  [Progress 50/220] Mean RMSE omega (GP): 0.017004 | (Sim): 0.121732 | Mean loss: 19.2873 | Valid GP: 44/50 | Valid Sim: 43/50 | Elapsed: 19.4min | ETA: 65.8min

--- Chunk 63410 (51/220) | Start: 2025-04-01 22:30:00 ---
    RMSE omega (GP): 0.008614 | RMSE omega (Sim): 0.230476
    Loss: -0.3312 | Epoch: 1697
    Eq omega: 0.009961 + -0.00054theta + 0.00762omega + 0.00312theta^2 + 0.00389theta omega + -0.00274omega^2
    Eq omega Phys: -0.000789*omega**2 + 3.7e-5*omega*theta - 0.000136*omega + 1.0e-6*theta**2 - 2.1e-5*theta + 0.000154

--- Chunk 63411 (52/220) | Start: 2025-04-01 22:35:00 ---
    RMSE omega (GP): nan | RMSE omega (Sim): nan
    Loss: 285.4645 | Epoch: 28
    Eq omega: nan1 + nantheta + nanomega + nantheta^2 + nantheta omega + nanomega^2
    Eq omega Phys: N/A

--- Chunk 63412 (53/220) | Start: 2025-04-01 22:40:00 ---
    RMSE omega (GP): nan | RMSE omega (Sim): nan
    Loss: 933.8221 | Epoch: 16
    Eq omega: nan1 + nantheta + nanomega + nantheta^2 + nantheta omega + nanomega^2
    Eq omega Phys: N/A

--- Chunk 63413 (54/220) | Start: 2025-04-01 22:45:00 ---
    RMSE omega (GP): 0.010911 | RMSE omega (Sim): 0.163565
    Loss: 1.8359 | Epoch: 1460
    Eq omega: -0.000071 + -2.52111theta + 0.01412omega + 0.03553theta^2 + 0.00834theta omega + -0.00341omega^2
    Eq omega Phys: -0.001063*omega**2 + 8.7e-5*omega*theta + 0.000548*omega + 1.2e-5*theta**2 - 0.002779*theta - 0.002491

--- Chunk 63414 (55/220) | Start: 2025-04-01 22:50:00 ---
    RMSE omega (GP): 0.010312 | RMSE omega (Sim): 0.173874
    Loss: -0.2249 | Epoch: 1940
    Eq omega: -0.002301 + -1.62021theta + -0.00164omega + -0.03521theta^2 + -0.01309theta omega + 0.02560omega^2
    Eq omega Phys: 0.006555*omega**2 - 0.000112*omega*theta + 0.00041*omega - 1.0e-5*theta**2 - 0.001717*theta + 0.007303

--- Chunk 63415 (56/220) | Start: 2025-04-01 22:55:00 ---
    RMSE omega (GP): 0.009185 | RMSE omega (Sim): 0.122961
    Loss: 1.2047 | Epoch: 1199
    Eq omega: -0.001131 + -0.00171theta + 0.00142omega + 0.00011theta^2 + -0.00008theta omega + 0.00008omega^2
    Eq omega Phys: 2.6e-5*omega**2 - 0.e-6*omega*theta + 3.8e-5*omega - 1.0e-6*theta - 1.9e-5

--- Chunk 63416 (57/220) | Start: 2025-04-01 23:00:00 ---
    RMSE omega (GP): 0.009755 | RMSE omega (Sim): 0.142092
    Loss: 1.6761 | Epoch: 1209
    Eq omega: 0.009951 + -1.37075theta + -0.01466omega + 0.09806theta^2 + -0.01023theta omega + -0.00814omega^2
    Eq omega Phys: -0.002721*omega**2 - 0.000114*omega*theta + 8.6e-5*omega + 3.6e-5*theta**2 - 0.00189*theta + 0.008632

--- Chunk 63417 (58/220) | Start: 2025-04-01 23:05:00 ---
    RMSE omega (GP): 0.008865 | RMSE omega (Sim): 0.143689
    Loss: 0.7461 | Epoch: 1266
    Eq omega: -0.013861 + -0.63317theta + -0.00286omega + 0.00774theta^2 + 0.02765theta omega + 0.00033omega^2
    Eq omega Phys: 0.0001*omega**2 + 0.000279*omega*theta - 0.000311*omega + 3.0e-6*theta**2 - 0.000708*theta + 0.000496

--- Chunk 63418 (59/220) | Start: 2025-04-01 23:10:00 ---
    RMSE omega (GP): nan | RMSE omega (Sim): nan
    Loss: 413.7076 | Epoch: 25
    Eq omega: nan1 + nantheta + nanomega + nantheta^2 + nantheta omega + nanomega^2
    Eq omega Phys: N/A

--- Chunk 63419 (60/220) | Start: 2025-04-01 23:15:00 ---
    RMSE omega (GP): 0.009530 | RMSE omega (Sim): 0.084670
    Loss: 8.5897 | Epoch: 1623
    Eq omega: 0.000781 + -0.00075theta + 0.00424omega + -0.00011theta^2 + 0.00007theta omega + 0.00001omega^2
    Eq omega Phys: 5.0e-6*omega**2 + 1.0e-6*omega*theta + 0.000124*omega + 1.0e-6*theta

--- Chunk 63420 (61/220) | Start: 2025-04-01 23:20:00 ---
    RMSE omega (GP): 0.010159 | RMSE omega (Sim): 0.051130
    Loss: 18.6361 | Epoch: 2744
    Eq omega: -0.003761 + 0.00032theta + 0.00127omega + 0.00002theta^2 + -0.00007theta omega + 0.00105omega^2
    Eq omega Phys: 0.0007*omega**2 - 2.0e-6*omega*theta + 7.1e-5*omega - 8.0e-6

--- Chunk 63421 (62/220) | Start: 2025-04-01 23:25:00 ---
    RMSE omega (GP): 0.011372 | RMSE omega (Sim): 0.094509
    Loss: 5.8812 | Epoch: 1439
    Eq omega: -0.002741 + -0.00014theta + 0.00016omega + 0.00004theta^2 + 0.00122theta omega + 0.00086omega^2
    Eq omega Phys: 0.000325*omega**2 + 1.5e-5*omega*theta - 0.00016*omega - 0.e-6*theta - 4.0e-6

--- Chunk 63422 (63/220) | Start: 2025-04-01 23:30:00 ---
    RMSE omega (GP): 0.009749 | RMSE omega (Sim): 0.163398
    Loss: 2.2501 | Epoch: 841
    Eq omega: 0.003241 + -0.00055theta + -0.00095omega + -0.00093theta^2 + -0.00050theta omega + 0.00003omega^2
    Eq omega Phys: 1.0e-5*omega**2 - 6.0e-6*omega*theta - 2.8e-5*omega + 1.1e-5

--- Chunk 63423 (64/220) | Start: 2025-04-01 23:35:00 ---
    RMSE omega (GP): nan | RMSE omega (Sim): nan
    Loss: 277.6131 | Epoch: 20
    Eq omega: nan1 + nantheta + nanomega + nantheta^2 + nantheta omega + nanomega^2
    Eq omega Phys: N/A

--- Chunk 63424 (65/220) | Start: 2025-04-01 23:40:00 ---
    RMSE omega (GP): nan | RMSE omega (Sim): nan
    Loss: 41.5616 | Epoch: 96
    Eq omega: nan1 + nantheta + nanomega + nantheta^2 + nantheta omega + nanomega^2
    Eq omega Phys: N/A

--- Chunk 63425 (66/220) | Start: 2025-04-01 23:45:00 ---
    RMSE omega (GP): 0.011482 | RMSE omega (Sim): 0.115057
    Loss: 50.1781 | Epoch: 1951
    Eq omega: -0.001121 + -0.00001theta + 0.00116omega + 0.00000theta^2 + -0.00003theta omega + 0.00014omega^2
    Eq omega Phys: 0.00014*omega**2 - 0.e-6*omega*theta + 6.2e-5*omega - 0.e-6

--- Chunk 63426 (67/220) | Start: 2025-04-01 23:50:00 ---
    RMSE omega (GP): 0.010966 | RMSE omega (Sim): 0.116552
    Loss: 0.5442 | Epoch: 1341
    Eq omega: -0.009271 + -0.17664theta + 0.00994omega + -0.00003theta^2 + 0.00290theta omega + -0.00328omega^2
    Eq omega Phys: -0.00084*omega**2 + 2.5e-5*omega*theta + 0.000507*omega - 0.000196*theta - 0.00143

--- Chunk 63427 (68/220) | Start: 2025-04-01 23:55:00 ---
    RMSE omega (GP): 0.010303 | RMSE omega (Sim): 0.198502
    Loss: 1.5300 | Epoch: 1755
    Eq omega: 0.000631 + -0.00007theta + 0.00295omega + 0.00010theta^2 + 0.00003theta omega + 0.00025omega^2
    Eq omega Phys: 7.9e-5*omega**2 + 9.5e-5*omega - 0.e-6*theta + 6.0e-6

--- Chunk 63428 (69/220) | Start: 2025-04-02 00:00:00 ---
    RMSE omega (GP): nan | RMSE omega (Sim): nan
    Loss: 184.3539 | Epoch: 80
    Eq omega: nan1 + nantheta + nanomega + nantheta^2 + nantheta omega + nanomega^2
    Eq omega Phys: N/A

--- Chunk 63429 (70/220) | Start: 2025-04-02 00:05:00 ---
    RMSE omega (GP): nan | RMSE omega (Sim): nan
    Loss: 45.6022 | Epoch: 48
    Eq omega: nan1 + nantheta + nanomega + nantheta^2 + nantheta omega + nanomega^2
    Eq omega Phys: N/A

--- Chunk 63430 (71/220) | Start: 2025-04-02 00:10:00 ---
    RMSE omega (GP): 0.013372 | RMSE omega (Sim): 0.169944
    Loss: 7.6147 | Epoch: 2055
    Eq omega: 0.002591 + -0.00047theta + -0.01040omega + 0.00002theta^2 + -0.00025theta omega + 0.00043omega^2
    Eq omega Phys: 0.000183*omega**2 - 4.0e-6*omega*theta - 0.000295*omega - 0.e-6*theta + 1.6e-5

--- Chunk 63431 (72/220) | Start: 2025-04-02 00:15:00 ---
    RMSE omega (GP): 0.009999 | RMSE omega (Sim): 0.092770
    Loss: 4.1561 | Epoch: 1551
    Eq omega: -0.012781 + 0.00081theta + 0.00014omega + 0.00031theta^2 + 0.00027theta omega + 0.00232omega^2
    Eq omega Phys: 0.000889*omega**2 + 3.0e-6*omega*theta - 2.5e-5*omega - 1.0e-6*theta - 3.5e-5

--- Chunk 63432 (73/220) | Start: 2025-04-02 00:20:00 ---
    RMSE omega (GP): 0.009846 | RMSE omega (Sim): 0.050208
    Loss: 16.5462 | Epoch: 3410
    Eq omega: -0.001241 + 0.00018theta + 0.00115omega + -0.00002theta^2 + -0.00002theta omega + -0.00012omega^2
    Eq omega Phys: -8.0e-5*omega**2 + 5.0e-5*omega + 1.0e-6*theta - 1.7e-5

--- Chunk 63433 (74/220) | Start: 2025-04-02 00:25:00 ---
    RMSE omega (GP): 0.023702 | RMSE omega (Sim): 0.089568
    Loss: 73.4890 | Epoch: 131
    Eq omega: -0.002741 + -0.00052theta + 0.00052omega + 0.00008theta^2 + -0.00035theta omega + 0.00030omega^2
    Eq omega Phys: 0.000146*omega**2 - 6.0e-6*omega*theta + 0.000163*omega - 3.0e-6*theta + 3.7e-5

--- Chunk 63434 (75/220) | Start: 2025-04-02 00:30:00 ---
    RMSE omega (GP): 0.008322 | RMSE omega (Sim): 0.100550
    Loss: -0.3978 | Epoch: 1104
    Eq omega: -0.006571 + -0.35758theta + -0.01056omega + -0.00645theta^2 + 0.01375theta omega + 0.00804omega^2
    Eq omega Phys: 0.002386*omega**2 + 0.000136*omega*theta + 0.000222*omega - 2.0e-6*theta**2 - 0.000415*theta - 0.001738

--- Chunk 63435 (76/220) | Start: 2025-04-02 00:35:00 ---
    RMSE omega (GP): 0.010501 | RMSE omega (Sim): 0.283120
    Loss: -0.7890 | Epoch: 1766
    Eq omega: 0.003311 + -0.00125theta + -0.00399omega + 0.00027theta^2 + -0.00096theta omega + -0.00038omega^2
    Eq omega Phys: -9.7e-5*omega**2 - 8.0e-6*omega*theta - 8.3e-5*omega - 2.0e-6*theta + 2.6e-5

--- Chunk 63436 (77/220) | Start: 2025-04-02 00:40:00 ---
    RMSE omega (GP): nan | RMSE omega (Sim): nan
    Loss: 5917.1982 | Epoch: 24
    Eq omega: nan1 + nantheta + nanomega + nantheta^2 + nantheta omega + nanomega^2
    Eq omega Phys: N/A

--- Chunk 63437 (78/220) | Start: 2025-04-02 00:45:00 ---
    RMSE omega (GP): 0.024550 | RMSE omega (Sim): 0.104266
    Loss: 251.5824 | Epoch: 2477
    Eq omega: -0.012021 + -0.00003theta + 0.00279omega + 0.00159theta^2 + 0.00025theta omega + 0.00012omega^2
    Eq omega Phys: 0.000122*omega**2 + 8.0e-6*omega*theta - 0.000173*omega + 2.0e-6*theta**2 - 0.000113*theta + 0.001762

--- Chunk 63438 (79/220) | Start: 2025-04-02 00:50:00 ---
    RMSE omega (GP): nan | RMSE omega (Sim): nan
    Loss: 1363.0793 | Epoch: 49
    Eq omega: nan1 + nantheta + nanomega + nantheta^2 + nantheta omega + nanomega^2
    Eq omega Phys: N/A

--- Chunk 63439 (80/220) | Start: 2025-04-02 00:55:00 ---
    RMSE omega (GP): nan | RMSE omega (Sim): nan
    Loss: 1113.0865 | Epoch: 60
    Eq omega: nan1 + nantheta + nanomega + nantheta^2 + nantheta omega + nanomega^2
    Eq omega Phys: N/A

--- Chunk 63440 (81/220) | Start: 2025-04-02 01:00:00 ---
    RMSE omega (GP): 0.010486 | RMSE omega (Sim): 0.179683
    Loss: 3.1744 | Epoch: 2134
    Eq omega: 0.006361 + -0.08198theta + -0.04241omega + -0.01525theta^2 + 0.00047theta omega + 0.01083omega^2
    Eq omega Phys: 0.003738*omega**2 + 5.0e-6*omega*theta - 0.001271*omega - 6.0e-6*theta**2 - 0.0004*theta - 0.006477

--- Chunk 63441 (82/220) | Start: 2025-04-02 01:05:00 ---
    RMSE omega (GP): 0.010248 | RMSE omega (Sim): 0.164822
    Loss: 0.2693 | Epoch: 2604
    Eq omega: -0.000441 + -0.00075theta + -0.00595omega + 0.00007theta^2 + 0.00114theta omega + 0.00159omega^2
    Eq omega Phys: 0.000428*omega**2 + 1.0e-5*omega*theta + 6.5e-5*omega - 9.0e-6

--- Chunk 63442 (83/220) | Start: 2025-04-02 01:10:00 ---
    RMSE omega (GP): 0.009342 | RMSE omega (Sim): 0.128647
    Loss: 2.5717 | Epoch: 2194
    Eq omega: 0.009881 + 0.00288theta + -0.00198omega + 0.00019theta^2 + -0.00156theta omega + -0.00047omega^2
    Eq omega Phys: -0.000177*omega**2 - 2.0e-5*omega*theta + 0.00029*omega - 3.0e-6

--- Chunk 63443 (84/220) | Start: 2025-04-02 01:15:00 ---
    RMSE omega (GP): 0.011642 | RMSE omega (Sim): 0.077137
    Loss: 11.9741 | Epoch: 1467
    Eq omega: 0.001631 + 0.00002theta + -0.00384omega + 0.00006theta^2 + 0.00021theta omega + 0.00014omega^2
    Eq omega Phys: 6.8e-5*omega**2 + 3.0e-6*omega*theta - 4.9e-5*omega + 2.0e-6*theta + 2.2e-5

--- Chunk 63444 (85/220) | Start: 2025-04-02 01:20:00 ---
    RMSE omega (GP): 0.007071 | RMSE omega (Sim): 0.128822
    Loss: -1.3678 | Epoch: 1174
    Eq omega: -0.004121 + -0.96670theta + 0.01795omega + 0.00534theta^2 + -0.09784theta omega + -0.00818omega^2
    Eq omega Phys: -0.002525*omega**2 - 0.001007*omega*theta - 0.004619*omega + 2.0e-6*theta**2 - 0.001055*theta - 0.005532

--- Chunk 63445 (86/220) | Start: 2025-04-02 01:25:00 ---
    RMSE omega (GP): 0.008193 | RMSE omega (Sim): 0.093816
    Loss: 1.1477 | Epoch: 1801
    Eq omega: 0.002321 + 0.00040theta + 0.00224omega + -0.00043theta^2 + -0.00010theta omega + -0.00046omega^2
    Eq omega Phys: -0.000164*omega**2 - 1.0e-6*omega*theta + 5.1e-5*omega - 6.0e-6*theta - 5.1e-5

--- Chunk 63446 (87/220) | Start: 2025-04-02 01:30:00 ---
    RMSE omega (GP): nan | RMSE omega (Sim): nan
    Loss: 323.3093 | Epoch: 19
    Eq omega: nan1 + nantheta + nanomega + nantheta^2 + nantheta omega + nanomega^2
    Eq omega Phys: N/A

--- Chunk 63447 (88/220) | Start: 2025-04-02 01:35:00 ---
    RMSE omega (GP): 0.008719 | RMSE omega (Sim): 0.105888
    Loss: 1.6060 | Epoch: 1053
    Eq omega: 0.001141 + -0.00029theta + -0.00340omega + 0.00001theta^2 + 0.00141theta omega + -0.00151omega^2
    Eq omega Phys: -0.000556*omega**2 + 1.7e-5*omega*theta - 0.000264*omega + 7.0e-6

--- Chunk 63448 (89/220) | Start: 2025-04-02 01:40:00 ---
    RMSE omega (GP): 0.084067 | RMSE omega (Sim): 0.183095
    Loss: 483.7669 | Epoch: 40
    Eq omega: -0.008691 + 0.00258theta + 0.00984omega + -0.00054theta^2 + -0.00046theta omega + -0.00836omega^2
    Eq omega Phys: -0.002999*omega**2 - 6.0e-6*omega*theta + 0.000297*omega - 1.8e-5

--- Chunk 63449 (90/220) | Start: 2025-04-02 01:45:00 ---
    RMSE omega (GP): 0.009527 | RMSE omega (Sim): 0.084381
    Loss: 4.7980 | Epoch: 1383
    Eq omega: 0.000731 + 0.00103theta + 0.00411omega + -0.00023theta^2 + -0.00033theta omega + -0.00076omega^2
    Eq omega Phys: -0.000322*omega**2 - 5.0e-6*omega*theta + 8.0e-5*omega - 1.0e-6*theta

--- Chunk 63450 (91/220) | Start: 2025-04-02 01:50:00 ---
    RMSE omega (GP): 0.008687 | RMSE omega (Sim): 0.095074
    Loss: 1.5603 | Epoch: 1265
    Eq omega: 0.007641 + -0.13828theta + -0.00237omega + -0.00008theta^2 + 0.00129theta omega + -0.00185omega^2
    Eq omega Phys: -0.000673*omega**2 + 1.6e-5*omega*theta - 0.000155*omega - 0.000153*theta + 0.000772

--- Chunk 63451 (92/220) | Start: 2025-04-02 01:55:00 ---
    RMSE omega (GP): nan | RMSE omega (Sim): nan
    Loss: 163.6278 | Epoch: 109
    Eq omega: nan1 + nantheta + nanomega + nantheta^2 + nantheta omega + nanomega^2
    Eq omega Phys: N/A

--- Chunk 63452 (93/220) | Start: 2025-04-02 02:00:00 ---
    RMSE omega (GP): 0.010614 | RMSE omega (Sim): 0.382184
    Loss: 5.2940 | Epoch: 3533
    Eq omega: -0.010251 + -0.01902theta + -0.01873omega + 0.01372theta^2 + -0.00236theta omega + -0.03483omega^2
    Eq omega Phys: -0.012681*omega**2 - 2.9e-5*omega*theta + 0.000668*omega + 6.0e-6*theta**2 - 0.000522*theta + 0.012228

--- Chunk 63453 (94/220) | Start: 2025-04-02 02:05:00 ---
    RMSE omega (GP): 0.011504 | RMSE omega (Sim): 0.043567
    Loss: 41.9512 | Epoch: 2821
    Eq omega: -0.000281 + 0.00005theta + -0.00030omega + 0.00000theta^2 + 0.00000theta omega + -0.00008omega^2
    Eq omega Phys: -6.5e-5*omega**2 - 1.0e-5*omega - 2.0e-6

--- Chunk 63454 (95/220) | Start: 2025-04-02 02:10:00 ---
    RMSE omega (GP): 0.010956 | RMSE omega (Sim): 0.265873
    Loss: -2.9517 | Epoch: 2685
    Eq omega: 0.001371 + -0.00738theta + 0.00115omega + -0.00076theta^2 + -0.00185theta omega + 0.00113omega^2
    Eq omega Phys: 0.000195*omega**2 - 1.1e-5*omega*theta + 0.000147*omega - 5.0e-6*theta + 7.7e-5

--- Chunk 63455 (96/220) | Start: 2025-04-02 02:15:00 ---
    RMSE omega (GP): nan | RMSE omega (Sim): nan
    Loss: 396.1396 | Epoch: 75
    Eq omega: nan1 + nantheta + nanomega + nantheta^2 + nantheta omega + nanomega^2
    Eq omega Phys: N/A

--- Chunk 63456 (97/220) | Start: 2025-04-02 02:20:00 ---
    RMSE omega (GP): 0.009621 | RMSE omega (Sim): 0.212895
    Loss: 1.0629 | Epoch: 1329
    Eq omega: -0.010691 + -0.38317theta + -0.04244omega + 0.00035theta^2 + -0.00273theta omega + 0.01879omega^2
    Eq omega Phys: 0.006066*omega**2 - 2.9e-5*omega*theta - 0.001897*omega - 0.000422*theta - 0.006986

--- Chunk 63457 (98/220) | Start: 2025-04-02 02:25:00 ---
    RMSE omega (GP): 0.008941 | RMSE omega (Sim): 0.216994
    Loss: 1.8807 | Epoch: 1550
    Eq omega: -0.000521 + -0.26542theta + -0.00580omega + -0.00319theta^2 + -0.00138theta omega + 0.00201omega^2
    Eq omega Phys: 0.000701*omega**2 - 1.6e-5*omega*theta - 0.000476*omega - 1.0e-6*theta**2 - 0.000339*theta - 0.005584

--- Chunk 63458 (99/220) | Start: 2025-04-02 02:30:00 ---
    RMSE omega (GP): 0.009563 | RMSE omega (Sim): 0.107341
    Loss: 2.3311 | Epoch: 2914
    Eq omega: -0.000251 + -0.05836theta + 0.00100omega + 0.00016theta^2 + -0.00084theta omega + 0.00016omega^2
    Eq omega Phys: 5.5e-5*omega**2 - 1.0e-5*omega*theta + 0.000248*omega - 6.8e-5*theta + 0.001485

--- Chunk 63459 (100/220) | Start: 2025-04-02 02:35:00 ---
    RMSE omega (GP): 0.009171 | RMSE omega (Sim): 0.139818
    Loss: 1.6334 | Epoch: 1995
    Eq omega: 0.001111 + -0.00022theta + 0.00089omega + 0.00010theta^2 + -0.00017theta omega + -0.00104omega^2
    Eq omega Phys: -0.000353*omega**2 - 2.0e-6*omega*theta + 1.6e-5*omega + 4.0e-6

  [Progress 100/220] Mean RMSE omega (GP): 0.015037 | (Sim): 0.131693 | Mean loss: 134.2835 | Valid GP: 81/100 | Valid Sim: 80/100 | Elapsed: 41.3min | ETA: 49.5min

--- Chunk 63460 (101/220) | Start: 2025-04-02 02:40:00 ---
    RMSE omega (GP): 0.009457 | RMSE omega (Sim): 0.129297
    Loss: 0.2501 | Epoch: 1428
    Eq omega: -0.002541 + -0.43137theta + 0.01270omega + -0.01168theta^2 + -0.00552theta omega + 0.02621omega^2
    Eq omega Phys: 0.007755*omega**2 - 5.4e-5*omega*theta + 0.000416*omega - 4.0e-6*theta**2 - 0.00048*theta - 7.2e-5

--- Chunk 63461 (102/220) | Start: 2025-04-02 02:45:00 ---
    RMSE omega (GP): 0.013979 | RMSE omega (Sim): 0.091943
    Loss: 12.8773 | Epoch: 993
    Eq omega: -0.001171 + -0.00018theta + 0.00069omega + 0.00001theta^2 + -0.00032theta omega + -0.00021omega^2
    Eq omega Phys: -8.8e-5*omega**2 - 4.0e-6*omega*theta + 0.000111*omega + 3.0e-6

--- Chunk 63462 (103/220) | Start: 2025-04-02 02:50:00 ---
    RMSE omega (GP): 0.013222 | RMSE omega (Sim): 0.054430
    Loss: 35.4268 | Epoch: 1806
    Eq omega: 0.004071 + 0.00030theta + -0.00302omega + -0.00003theta^2 + -0.00002theta omega + -0.00015omega^2
    Eq omega Phys: -0.000104*omega**2 - 8.8e-5*omega + 2.0e-6*theta - 1.8e-5

--- Chunk 63463 (104/220) | Start: 2025-04-02 02:55:00 ---
    RMSE omega (GP): nan | RMSE omega (Sim): nan
    Loss: 207.5545 | Epoch: 60
    Eq omega: nan1 + nantheta + nanomega + nantheta^2 + nantheta omega + nanomega^2
    Eq omega Phys: N/A

--- Chunk 63464 (105/220) | Start: 2025-04-02 03:00:00 ---
    RMSE omega (GP): 0.011901 | RMSE omega (Sim): 0.137262
    Loss: 8.4606 | Epoch: 1137
    Eq omega: 0.000341 + -0.00068theta + 0.00106omega + -0.00004theta^2 + 0.00038theta omega + -0.00015omega^2
    Eq omega Phys: -6.5e-5*omega**2 + 5.0e-6*omega*theta - 8.2e-5*omega + 8.0e-6

--- Chunk 63465 (106/220) | Start: 2025-04-02 03:05:00 ---
    RMSE omega (GP): nan | RMSE omega (Sim): nan
    Loss: 155.5867 | Epoch: 18
    Eq omega: nan1 + nantheta + nanomega + nantheta^2 + nantheta omega + nanomega^2
    Eq omega Phys: N/A

--- Chunk 63466 (107/220) | Start: 2025-04-02 03:10:00 ---
    RMSE omega (GP): 0.009635 | RMSE omega (Sim): 0.062570
    Loss: 10.6999 | Epoch: 2016
    Eq omega: -0.002491 + -0.00016theta + 0.00107omega + 0.00005theta^2 + -0.00004theta omega + -0.00089omega^2
    Eq omega Phys: -0.000479*omega**2 - 0.e-6*omega*theta + 5.2e-5*omega - 2.0e-6*theta + 1.4e-5

--- Chunk 63467 (108/220) | Start: 2025-04-02 03:15:00 ---
    RMSE omega (GP): 0.008480 | RMSE omega (Sim): 0.052722
    Loss: 13.0272 | Epoch: 1502
    Eq omega: 0.001731 + -0.00000theta + 0.00014omega + -0.00000theta^2 + -0.00004theta omega + 0.00084omega^2
    Eq omega Phys: 0.000558*omega**2 - 0.e-6*omega*theta + 2.6e-5*omega + 3.0e-6

--- Chunk 63468 (109/220) | Start: 2025-04-02 03:20:00 ---
    RMSE omega (GP): 0.010056 | RMSE omega (Sim): 0.140308
    Loss: 4.5888 | Epoch: 2376
    Eq omega: -0.025381 + -0.39404theta + 0.00128omega + -0.00076theta^2 + -0.00834theta omega + -0.01997omega^2
    Eq omega Phys: -0.008075*omega**2 - 0.000112*omega*theta + 0.000954*omega - 0.000432*theta + 0.003457

--- Chunk 63469 (110/220) | Start: 2025-04-02 03:25:00 ---
    RMSE omega (GP): 0.045348 | RMSE omega (Sim): 0.080432
    Loss: 20.7702 | Epoch: 520
    Eq omega: 0.019331 + -0.08076theta + 0.00480omega + 0.00210theta^2 + 0.00030theta omega + 0.00113omega^2
    Eq omega Phys: 0.000359*omega**2 + 3.0e-6*omega*theta + 6.5e-5*omega + 1.0e-6*theta**2 - 0.000134*theta + 0.003408

--- Chunk 63470 (111/220) | Start: 2025-04-02 03:30:00 ---
    RMSE omega (GP): nan | RMSE omega (Sim): nan
    Loss: 50674.9023 | Epoch: 16
    Eq omega: nan1 + nantheta + nanomega + nantheta^2 + nantheta omega + nanomega^2
    Eq omega Phys: N/A

--- Chunk 63471 (112/220) | Start: 2025-04-02 03:35:00 ---
    RMSE omega (GP): 0.046309 | RMSE omega (Sim): 0.046598
    Loss: 1159.4545 | Epoch: 90
    Eq omega: -0.000501 + 0.00005theta + 0.00044omega + -0.00000theta^2 + 0.00000theta omega + 0.00007omega^2
    Eq omega Phys: 5.1e-5*omega**2 + 1.5e-5*omega - 3.0e-6

--- Chunk 63472 (113/220) | Start: 2025-04-02 03:40:00 ---
    RMSE omega (GP): 0.034846 | RMSE omega (Sim): 0.085546
    Loss: 468.8745 | Epoch: 778
    Eq omega: -0.001761 + -0.00014theta + -0.00176omega + -0.00001theta^2 + -0.00011theta omega + -0.00007omega^2
    Eq omega Phys: -3.8e-5*omega**2 - 2.0e-6*omega*theta + 1.9e-5*omega - 7.0e-6

--- Chunk 63473 (114/220) | Start: 2025-04-02 03:45:00 ---
    RMSE omega (GP): 0.007840 | RMSE omega (Sim): 0.160943
    Loss: -0.7112 | Epoch: 962
    Eq omega: 0.001121 + -0.01004theta + 0.00268omega + -0.02429theta^2 + 0.00397theta omega + -0.00324omega^2
    Eq omega Phys: -0.000985*omega**2 + 4.0e-5*omega*theta - 4.2e-5*omega - 8.0e-6*theta**2 + 4.2e-5*theta - 4.7e-5

--- Chunk 63474 (115/220) | Start: 2025-04-02 03:50:00 ---
    RMSE omega (GP): 0.012494 | RMSE omega (Sim): 0.155836
    Loss: 3.5656 | Epoch: 2310
    Eq omega: -0.002631 + 0.00042theta + 0.00189omega + -0.00006theta^2 + -0.00029theta omega + 0.00200omega^2
    Eq omega Phys: 0.000601*omega**2 - 3.0e-6*omega*theta + 4.0e-6*omega - 8.0e-6

--- Chunk 63475 (116/220) | Start: 2025-04-02 03:55:00 ---
    RMSE omega (GP): nan | RMSE omega (Sim): nan
    Loss: 125.3340 | Epoch: 39
    Eq omega: nan1 + nantheta + nanomega + nantheta^2 + nantheta omega + nanomega^2
    Eq omega Phys: N/A

--- Chunk 63476 (117/220) | Start: 2025-04-02 04:00:00 ---
    RMSE omega (GP): nan | RMSE omega (Sim): nan
    Loss: 5565.0444 | Epoch: 16
    Eq omega: nan1 + nantheta + nanomega + nantheta^2 + nantheta omega + nanomega^2
    Eq omega Phys: N/A

--- Chunk 63477 (118/220) | Start: 2025-04-02 04:05:00 ---
    RMSE omega (GP): 0.010934 | RMSE omega (Sim): 0.857687
    Loss: 10.2051 | Epoch: 1619
    Eq omega: -0.001691 + -0.04230theta + -0.12587omega + -0.02825theta^2 + 0.00038theta omega + 0.00084omega^2
    Eq omega Phys: 0.000428*omega**2 + 6.0e-6*omega*theta - 0.00408*omega - 1.6e-5*theta**2 - 0.000619*theta - 0.005959

--- Chunk 63478 (119/220) | Start: 2025-04-02 04:10:00 ---
    RMSE omega (GP): 0.038197 | RMSE omega (Sim): 0.070612
    Loss: 37.2443 | Epoch: 165
    Eq omega: 0.025961 + -0.13790theta + -0.10253omega + 0.00441theta^2 + 0.00012theta omega + -0.00124omega^2
    Eq omega Phys: -0.000298*omega**2 + 1.0e-6*omega*theta - 0.003396*omega + 1.0e-6*theta**2 - 0.0001*theta - 0.002733

--- Chunk 63479 (120/220) | Start: 2025-04-02 04:15:00 ---
    RMSE omega (GP): nan | RMSE omega (Sim): nan
    Loss: 2124.9597 | Epoch: 15
    Eq omega: nan1 + nantheta + nanomega + nantheta^2 + nantheta omega + nanomega^2
    Eq omega Phys: N/A

--- Chunk 63480 (121/220) | Start: 2025-04-02 04:20:00 ---
    RMSE omega (GP): 0.010310 | RMSE omega (Sim): 0.157829
    Loss: 0.6488 | Epoch: 1297
    Eq omega: -0.004291 + -0.72687theta + 0.00335omega + -0.00257theta^2 + -0.00845theta omega + 0.01225omega^2
    Eq omega Phys: 0.00365*omega**2 - 8.4e-5*omega*theta - 0.00025*omega - 0.e-6*theta**2 - 0.000815*theta - 0.003513

--- Chunk 63481 (122/220) | Start: 2025-04-02 04:25:00 ---
    RMSE omega (GP): 0.009942 | RMSE omega (Sim): 0.062538
    Loss: 6.7179 | Epoch: 1531
    Eq omega: 0.005971 + -0.06375theta + 0.01404omega + 0.00487theta^2 + 0.00013theta omega + 0.00556omega^2
    Eq omega Phys: 0.002534*omega**2 + 2.0e-6*omega*theta + 0.000509*omega + 2.0e-6*theta**2 + 3.3e-5*theta - 0.000386

--- Chunk 63482 (123/220) | Start: 2025-04-02 04:30:00 ---
    RMSE omega (GP): 0.011552 | RMSE omega (Sim): 0.131613
    Loss: 8.0476 | Epoch: 1435
    Eq omega: 0.030591 + -1.48549theta + -0.00940omega + 0.02750theta^2 + 0.01826theta omega + 0.00330omega^2
    Eq omega Phys: 0.001411*omega**2 + 0.00026*omega*theta - 0.00075*omega + 1.3e-5*theta**2 - 0.001694*theta + 0.002885

--- Chunk 63483 (124/220) | Start: 2025-04-02 04:35:00 ---
    RMSE omega (GP): 0.007658 | RMSE omega (Sim): 0.129267
    Loss: -1.5942 | Epoch: 1525
    Eq omega: 0.001961 + 0.00078theta + -0.00091omega + -0.00014theta^2 + 0.00136theta omega + -0.00114omega^2
    Eq omega Phys: -0.000294*omega**2 + 1.2e-5*omega*theta + 5.7e-5*omega + 1.3e-5

--- Chunk 63484 (125/220) | Start: 2025-04-02 04:40:00 ---
    RMSE omega (GP): 0.009782 | RMSE omega (Sim): 0.099890
    Loss: 2.6814 | Epoch: 1078
    Eq omega: 0.000981 + -0.00057theta + -0.00372omega + -0.00020theta^2 + -0.00009theta omega + -0.00384omega^2
    Eq omega Phys: -0.001346*omega**2 - 1.0e-6*omega*theta - 0.000133*omega - 2.0e-6*theta - 8.0e-6

--- Chunk 63485 (126/220) | Start: 2025-04-02 04:45:00 ---
    RMSE omega (GP): 0.010245 | RMSE omega (Sim): 0.089040
    Loss: 5.2994 | Epoch: 1896
    Eq omega: 0.000761 + 0.00010theta + -0.00142omega + 0.00002theta^2 + 0.00009theta omega + -0.00040omega^2
    Eq omega Phys: -0.000158*omega**2 + 1.0e-6*omega*theta - 1.5e-5*omega + 1.0e-6*theta + 1.2e-5

--- Chunk 63486 (127/220) | Start: 2025-04-02 04:50:00 ---
    RMSE omega (GP): 0.020076 | RMSE omega (Sim): 0.107235
    Loss: 29.7508 | Epoch: 3090
    Eq omega: -0.001241 + -0.06522theta + -0.00735omega + 0.00167theta^2 + -0.00119theta omega + 0.00079omega^2
    Eq omega Phys: 0.000321*omega**2 - 1.6e-5*omega*theta - 6.8e-5*omega + 1.0e-6*theta**2 - 8.9e-5*theta + 0.00088

--- Chunk 63487 (128/220) | Start: 2025-04-02 04:55:00 ---
    RMSE omega (GP): 0.011904 | RMSE omega (Sim): 0.071801
    Loss: 11.5967 | Epoch: 1063
    Eq omega: 0.002111 + 0.00039theta + -0.00066omega + -0.00084theta^2 + -0.00220theta omega + -0.00598omega^2
    Eq omega Phys: -0.00286*omega**2 - 3.5e-5*omega*theta + 0.000238*omega + 7.0e-6*theta - 2.3e-5

--- Chunk 63488 (129/220) | Start: 2025-04-02 05:00:00 ---
    RMSE omega (GP): 0.044501 | RMSE omega (Sim): 0.096307
    Loss: 100.0526 | Epoch: 88
    Eq omega: -0.053561 + -0.04647theta + -0.00336omega + -0.00063theta^2 + -0.00190theta omega + -0.00012omega^2
    Eq omega Phys: -3.6e-5*omega**2 - 1.9e-5*omega*theta + 0.000256*omega - 4.3e-5*theta + 0.000719

--- Chunk 63489 (130/220) | Start: 2025-04-02 05:05:00 ---
    RMSE omega (GP): 0.040262 | RMSE omega (Sim): 0.105342
    Loss: -2490.5049 | Epoch: 425
    Eq omega: 0.000971 + -0.00079theta + 0.00042omega + -0.00001theta^2 + 0.01386theta omega + -0.00131omega^2
    Eq omega Phys: -0.000662*omega**2 + 0.000233*omega*theta + 0.002515*omega - 0.e-6*theta - 8.0e-6

--- Chunk 63490 (131/220) | Start: 2025-04-02 05:10:00 ---
    RMSE omega (GP): 0.008162 | RMSE omega (Sim): 0.090053
    Loss: 12.7341 | Epoch: 2471
    Eq omega: 0.003001 + -0.00014theta + 0.00014omega + 0.00001theta^2 + 0.00072theta omega + 0.00135omega^2
    Eq omega Phys: 0.000902*omega**2 + 1.6e-5*omega*theta - 0.000339*omega + 1.2e-5

--- Chunk 63491 (132/220) | Start: 2025-04-02 05:15:00 ---
    RMSE omega (GP): 0.019219 | RMSE omega (Sim): 0.157727
    Loss: 10.7266 | Epoch: 71
    Eq omega: -0.003411 + -0.04485theta + 0.00056omega + -0.00005theta^2 + -0.00080theta omega + -0.00101omega^2
    Eq omega Phys: -0.00027*omega**2 - 7.0e-6*omega*theta + 3.9e-5*omega - 5.0e-5*theta + 0.000125

--- Chunk 63492 (133/220) | Start: 2025-04-02 05:20:00 ---
    RMSE omega (GP): 0.010931 | RMSE omega (Sim): 0.124039
    Loss: 1.8800 | Epoch: 1003
    Eq omega: 0.000541 + -0.00223theta + -0.00446omega + 0.00272theta^2 + 0.00407theta omega + -0.00370omega^2
    Eq omega Phys: -0.001154*omega**2 + 4.2e-5*omega*theta - 7.2e-5*omega + 1.0e-6*theta**2 + 1.0e-6*theta + 1.0e-6

--- Chunk 63493 (134/220) | Start: 2025-04-02 05:25:00 ---
    RMSE omega (GP): 0.010328 | RMSE omega (Sim): 0.105527
    Loss: 4.8465 | Epoch: 1097
    Eq omega: -0.000301 + -0.00017theta + 0.00208omega + 0.00032theta^2 + 0.00009theta omega + -0.00060omega^2
    Eq omega Phys: -0.000239*omega**2 + 1.0e-6*omega*theta + 8.2e-5*omega + 3.0e-6*theta + 1.3e-5

--- Chunk 63494 (135/220) | Start: 2025-04-02 05:30:00 ---
    RMSE omega (GP): 0.011044 | RMSE omega (Sim): 0.172515
    Loss: 10.9242 | Epoch: 2275
    Eq omega: 0.014791 + -0.44516theta + -0.03780omega + 0.01316theta^2 + 0.16093theta omega + -0.08735omega^2
    Eq omega Phys: -0.043949*omega**2 + 0.002699*omega*theta - 0.055806*omega + 7.0e-6*theta**2 - 0.000792*theta + 0.013034

--- Chunk 63495 (136/220) | Start: 2025-04-02 05:35:00 ---
    RMSE omega (GP): 0.027151 | RMSE omega (Sim): 0.160527
    Loss: 18.9978 | Epoch: 97
    Eq omega: -0.022941 + -0.00291theta + -0.00700omega + 0.00049theta^2 + -0.00361theta omega + -0.00039omega^2
    Eq omega Phys: -9.7e-5*omega**2 - 3.0e-5*omega*theta + 0.000441*omega - 9.0e-6*theta + 3.9e-5

--- Chunk 63496 (137/220) | Start: 2025-04-02 05:40:00 ---
    RMSE omega (GP): 0.011473 | RMSE omega (Sim): 0.079261
    Loss: 8.3448 | Epoch: 2237
    Eq omega: -0.000321 + 0.00029theta + -0.00148omega + 0.00007theta^2 + 0.00024theta omega + -0.00037omega^2
    Eq omega Phys: -0.00016*omega**2 + 3.0e-6*omega*theta + 2.4e-5*omega + 2.0e-6*theta + 2.1e-5

--- Chunk 63497 (138/220) | Start: 2025-04-02 05:45:00 ---
    RMSE omega (GP): nan | RMSE omega (Sim): nan
    Loss: 17.4942 | Epoch: 800
    Eq omega: nan1 + nantheta + nanomega + nantheta^2 + nantheta omega + nanomega^2
    Eq omega Phys: N/A

--- Chunk 63498 (139/220) | Start: 2025-04-02 05:50:00 ---
    RMSE omega (GP): 0.009443 | RMSE omega (Sim): 0.095114
    Loss: 2.5916 | Epoch: 1368
    Eq omega: -0.017741 + -0.20064theta + 0.00185omega + -0.00362theta^2 + -0.00369theta omega + 0.00060omega^2
    Eq omega Phys: 0.000221*omega**2 - 4.5e-5*omega*theta - 0.000367*omega - 1.0e-6*theta**2 - 0.000251*theta - 0.002299

--- Chunk 63499 (140/220) | Start: 2025-04-02 05:55:00 ---
    RMSE omega (GP): nan | RMSE omega (Sim): nan
    Loss: 0.9373 | Epoch: 674
    Eq omega: nan1 + nantheta + nanomega + nantheta^2 + nantheta omega + nanomega^2
    Eq omega Phys: N/A

--- Chunk 63500 (141/220) | Start: 2025-04-02 06:00:00 ---
    RMSE omega (GP): 0.008956 | RMSE omega (Sim): 0.093150
    Loss: 2.4644 | Epoch: 1713
    Eq omega: -0.000261 + -0.00008theta + -0.00016omega + 0.00005theta^2 + -0.00012theta omega + 0.00049omega^2
    Eq omega Phys: 0.000194*omega**2 - 2.0e-6*omega*theta + 5.0e-6*omega + 1.0e-6

--- Chunk 63501 (142/220) | Start: 2025-04-02 06:05:00 ---
    RMSE omega (GP): 0.011887 | RMSE omega (Sim): 0.127923
    Loss: 2.7536 | Epoch: 1387
    Eq omega: -0.002471 + 0.00031theta + 0.00047omega + -0.00035theta^2 + 0.00032theta omega + -0.00313omega^2
    Eq omega Phys: -0.000971*omega**2 + 3.0e-6*omega*theta - 3.5e-5*omega + 4.0e-6*theta - 4.2e-5

--- Chunk 63502 (143/220) | Start: 2025-04-02 06:10:00 ---
    RMSE omega (GP): 0.010279 | RMSE omega (Sim): 0.099781
    Loss: 4.5036 | Epoch: 1622
    Eq omega: 0.003171 + 0.00114theta + -0.00551omega + 0.00032theta^2 + 0.00037theta omega + 0.00105omega^2
    Eq omega Phys: 0.000406*omega**2 + 5.0e-6*omega*theta - 0.000122*omega + 5.0e-6*theta + 4.9e-5

--- Chunk 63503 (144/220) | Start: 2025-04-02 06:15:00 ---
    RMSE omega (GP): 0.010426 | RMSE omega (Sim): 0.058900
    Loss: -39225.4922 | Epoch: 1122
    Eq omega: -0.007481 + -0.00032theta + 0.00113omega + -0.00020theta^2 + 0.00208theta omega + 0.00068omega^2
    Eq omega Phys: 0.000387*omega**2 + 3.9e-5*omega*theta + 0.000644*omega - 4.0e-6*theta - 5.0e-5

--- Chunk 63504 (145/220) | Start: 2025-04-02 06:20:00 ---
    RMSE omega (GP): 0.007023 | RMSE omega (Sim): 0.075031
    Loss: 1.5102 | Epoch: 2344
    Eq omega: -0.005541 + -0.00002theta + 0.00208omega + 0.00015theta^2 + 0.00016theta omega + -0.00148omega^2
    Eq omega Phys: -0.000656*omega**2 + 2.0e-6*omega*theta + 9.3e-5*omega + 1.0e-6*theta - 7.0e-6

--- Chunk 63505 (146/220) | Start: 2025-04-02 06:25:00 ---
    RMSE omega (GP): 0.011070 | RMSE omega (Sim): 0.149703
    Loss: 0.5424 | Epoch: 1306
    Eq omega: -0.002261 + 0.00037theta + -0.00193omega + 0.00003theta^2 + -0.00034theta omega + 0.00017omega^2
    Eq omega Phys: 4.8e-5*omega**2 - 3.0e-6*omega*theta - 5.6e-5*omega - 1.0e-5

--- Chunk 63506 (147/220) | Start: 2025-04-02 06:30:00 ---
    RMSE omega (GP): nan | RMSE omega (Sim): nan
    Loss: 590.7823 | Epoch: 22
    Eq omega: nan1 + nantheta + nanomega + nantheta^2 + nantheta omega + nanomega^2
    Eq omega Phys: N/A

--- Chunk 63507 (148/220) | Start: 2025-04-02 06:35:00 ---
    RMSE omega (GP): 0.008295 | RMSE omega (Sim): 0.083679
    Loss: 2.4408 | Epoch: 1018
    Eq omega: -0.002651 + -0.00004theta + 0.00329omega + 0.00004theta^2 + -0.00035theta omega + 0.00628omega^2
    Eq omega Phys: 0.0025*omega**2 - 5.0e-6*omega*theta + 7.2e-5*omega - 7.0e-6

--- Chunk 63508 (149/220) | Start: 2025-04-02 06:40:00 ---
    RMSE omega (GP): 0.008180 | RMSE omega (Sim): 0.137023
    Loss: -1.0693 | Epoch: 1071
    Eq omega: -0.000411 + -0.00122theta + 0.00152omega + -0.00009theta^2 + 0.00018theta omega + 0.00272omega^2
    Eq omega Phys: 0.000714*omega**2 + 2.0e-6*omega*theta + 5.5e-5*omega - 1.0e-6*theta - 6.0e-6

--- Chunk 63509 (150/220) | Start: 2025-04-02 06:45:00 ---
    RMSE omega (GP): 0.008749 | RMSE omega (Sim): 0.111655
    Loss: 0.7954 | Epoch: 1604
    Eq omega: 0.004681 + -0.00057theta + 0.00166omega + -0.00007theta^2 + 0.00016theta omega + -0.00266omega^2
    Eq omega Phys: -0.00088*omega**2 + 2.0e-6*omega*theta + 2.5e-5*omega + 1.9e-5

  [Progress 150/220] Mean RMSE omega (GP): 0.015242 | (Sim): 0.129207 | Mean loss: 221.3858 | Valid GP: 122/150 | Valid Sim: 121/150 | Elapsed: 60.2min | ETA: 28.1min

--- Chunk 63510 (151/220) | Start: 2025-04-02 06:50:00 ---
    RMSE omega (GP): nan | RMSE omega (Sim): nan
    Loss: 295.6626 | Epoch: 18
    Eq omega: nan1 + nantheta + nanomega + nantheta^2 + nantheta omega + nanomega^2
    Eq omega Phys: N/A

--- Chunk 63511 (152/220) | Start: 2025-04-02 06:55:00 ---
    RMSE omega (GP): nan | RMSE omega (Sim): nan
    Loss: 422.9931 | Epoch: 78
    Eq omega: nan1 + nantheta + nanomega + nantheta^2 + nantheta omega + nanomega^2
    Eq omega Phys: N/A

--- Chunk 63512 (153/220) | Start: 2025-04-02 07:00:00 ---
    RMSE omega (GP): 0.009671 | RMSE omega (Sim): 0.190810
    Loss: 1.7461 | Epoch: 1483
    Eq omega: -0.012321 + -0.51903theta + 0.00005omega + -0.00189theta^2 + 0.00514theta omega + 0.02186omega^2
    Eq omega Phys: 0.007266*omega**2 + 5.7e-5*omega*theta - 0.000418*omega - 0.e-6*theta**2 - 0.000566*theta + 0.00417

--- Chunk 63513 (154/220) | Start: 2025-04-02 07:05:00 ---
    RMSE omega (GP): nan | RMSE omega (Sim): nan
    Loss: 532.0063 | Epoch: 20
    Eq omega: nan1 + nantheta + nanomega + nantheta^2 + nantheta omega + nanomega^2
    Eq omega Phys: N/A

--- Chunk 63514 (155/220) | Start: 2025-04-02 07:10:00 ---
    RMSE omega (GP): 0.009661 | RMSE omega (Sim): 0.045606
    Loss: 22.2158 | Epoch: 3319
    Eq omega: -0.000371 + 0.00010theta + -0.00010omega + -0.00006theta^2 + -0.00023theta omega + 0.00059omega^2
    Eq omega Phys: 0.000453*omega**2 - 6.0e-6*omega*theta + 0.000158*omega + 3.0e-6*theta - 4.2e-5

--- Chunk 63515 (156/220) | Start: 2025-04-02 07:15:00 ---
    RMSE omega (GP): 0.054932 | RMSE omega (Sim): 0.085261
    Loss: 2580.1467 | Epoch: 25
    Eq omega: 0.000191 + -0.00012theta + -0.00135omega + -0.00005theta^2 + -0.00006theta omega + -0.00032omega^2
    Eq omega Phys: -0.000199*omega**2 - 1.0e-6*omega*theta - 2.2e-5*omega + 1.0e-6*theta - 9.0e-6

--- Chunk 63516 (157/220) | Start: 2025-04-02 07:20:00 ---
    RMSE omega (GP): nan | RMSE omega (Sim): nan
    Loss: 553.2006 | Epoch: 16
    Eq omega: nan1 + nantheta + nanomega + nantheta^2 + nantheta omega + nanomega^2
    Eq omega Phys: N/A

--- Chunk 63517 (158/220) | Start: 2025-04-02 07:25:00 ---
    RMSE omega (GP): 0.008615 | RMSE omega (Sim): 0.090467
    Loss: 10.6870 | Epoch: 1324
    Eq omega: 0.001921 + 0.00136theta + 0.00216omega + -0.00075theta^2 + -0.00055theta omega + -0.00018omega^2
    Eq omega Phys: -0.00011*omega**2 - 1.1e-5*omega*theta + 0.000238*omega - 0.e-6*theta**2 + 1.7e-5*theta - 0.00013

--- Chunk 63518 (159/220) | Start: 2025-04-02 07:30:00 ---
    RMSE omega (GP): 0.008280 | RMSE omega (Sim): 0.071983
    Loss: 2.9855 | Epoch: 2226
    Eq omega: 0.001951 + -0.00015theta + 0.00428omega + -0.00018theta^2 + -0.00005theta omega + 0.00087omega^2
    Eq omega Phys: 0.000401*omega**2 - 0.e-6*omega*theta + 0.000153*omega + 2.0e-6*theta - 1.1e-5

--- Chunk 63519 (160/220) | Start: 2025-04-02 07:35:00 ---
    RMSE omega (GP): 0.011414 | RMSE omega (Sim): 0.079765
    Loss: 7.6476 | Epoch: 1061
    Eq omega: -0.000941 + -0.00128theta + 0.00288omega + 0.00024theta^2 + 0.00076theta omega + 0.00016omega^2
    Eq omega Phys: 6.7e-5*omega**2 + 1.1e-5*omega*theta - 2.0e-5*omega - 4.0e-6*theta + 2.6e-5

--- Chunk 63520 (161/220) | Start: 2025-04-02 07:40:00 ---
    RMSE omega (GP): 0.009900 | RMSE omega (Sim): 0.056753
    Loss: 16.4783 | Epoch: 2037
    Eq omega: 0.003411 + -0.00057theta + -0.00250omega + -0.00032theta^2 + 0.00006theta omega + -0.00415omega^2
    Eq omega Phys: -0.002595*omega**2 + 1.0e-6*omega*theta - 0.000115*omega + 1.1e-5*theta - 0.000121

--- Chunk 63521 (162/220) | Start: 2025-04-02 07:45:00 ---
    RMSE omega (GP): 0.010798 | RMSE omega (Sim): 0.046355
    Loss: 26.7270 | Epoch: 2155
    Eq omega: 0.001241 + 0.00010theta + 0.00229omega + 0.00003theta^2 + 0.00019theta omega + 0.00035omega^2
    Eq omega Phys: 0.000271*omega**2 + 5.0e-6*omega*theta - 2.0e-5*omega - 0.e-6*theta + 9.0e-6

--- Chunk 63522 (163/220) | Start: 2025-04-02 07:50:00 ---
    RMSE omega (GP): 0.010641 | RMSE omega (Sim): 0.043561
    Loss: 43.5484 | Epoch: 3211
    Eq omega: -0.001101 + 0.00002theta + -0.00203omega + -0.00002theta^2 + -0.00016theta omega + -0.00044omega^2
    Eq omega Phys: -0.000433*omega**2 - 5.0e-6*omega*theta + 7.2e-5*omega + 1.0e-6*theta - 1.7e-5

--- Chunk 63523 (164/220) | Start: 2025-04-02 07:55:00 ---
    RMSE omega (GP): nan | RMSE omega (Sim): nan
    Loss: 24.0858 | Epoch: 1850
    Eq omega: nan1 + nantheta + nanomega + nantheta^2 + nantheta omega + nanomega^2
    Eq omega Phys: N/A

--- Chunk 63524 (165/220) | Start: 2025-04-02 11:20:00 ---
    RMSE omega (GP): 0.043344 | RMSE omega (Sim): 0.053072
    Loss: 2039.7889 | Epoch: 29
    Eq omega: 0.001521 + 0.00002theta + 0.00228omega + 0.00002theta^2 + -0.00001theta omega + 0.00007omega^2
    Eq omega Phys: 5.3e-5*omega**2 + 8.1e-5*omega - 0.e-6*theta + 8.0e-6

--- Chunk 63525 (166/220) | Start: 2025-04-02 11:25:00 ---
    RMSE omega (GP): 0.010983 | RMSE omega (Sim): 0.076773
    Loss: 10.8864 | Epoch: 1887
    Eq omega: 0.001391 + -0.00009theta + -0.00275omega + 0.00092theta^2 + 0.00025theta omega + -0.00048omega^2
    Eq omega Phys: -0.000234*omega**2 + 4.0e-6*omega*theta - 0.00015*omega - 1.4e-5*theta + 0.000108

--- Chunk 63526 (167/220) | Start: 2025-04-02 11:30:00 ---
    RMSE omega (GP): 0.011560 | RMSE omega (Sim): 0.187185
    Loss: 2.4885 | Epoch: 1155
    Eq omega: -0.013841 + -2.29433theta + -0.00735omega + 0.03780theta^2 + 0.01043theta omega + -0.00469omega^2
    Eq omega Phys: -0.001475*omega**2 + 0.000109*omega*theta - 0.00059*omega + 1.3e-5*theta**2 - 0.002633*theta + 0.008126

--- Chunk 63527 (168/220) | Start: 2025-04-02 11:35:00 ---
    RMSE omega (GP): nan | RMSE omega (Sim): nan
    Loss: 3951.9121 | Epoch: 19
    Eq omega: nan1 + nantheta + nanomega + nantheta^2 + nantheta omega + nanomega^2
    Eq omega Phys: N/A

--- Chunk 63528 (169/220) | Start: 2025-04-02 11:40:00 ---
    RMSE omega (GP): 0.027047 | RMSE omega (Sim): 0.054576
    Loss: 155.8894 | Epoch: 1208
    Eq omega: -0.001941 + -0.00103theta + -0.00850omega + 0.00000theta^2 + 0.01065theta omega + -0.00055omega^2
    Eq omega Phys: -0.000376*omega**2 + 0.000243*omega*theta - 0.009107*omega - 1.0e-6*theta + 3.8e-5

--- Chunk 63529 (170/220) | Start: 2025-04-02 11:45:00 ---
    RMSE omega (GP): 0.008571 | RMSE omega (Sim): 0.089276
    Loss: 14.7434 | Epoch: 2989
    Eq omega: 0.009751 + 0.00039theta + 0.00030omega + -0.00000theta^2 + 0.00018theta omega + -0.00016omega^2
    Eq omega Phys: -0.000113*omega**2 + 4.0e-6*omega*theta - 8.5e-5*omega + 6.0e-6

--- Chunk 63530 (171/220) | Start: 2025-04-02 11:50:00 ---
    RMSE omega (GP): 0.010744 | RMSE omega (Sim): 0.091719
    Loss: 10.8928 | Epoch: 3480
    Eq omega: 0.005431 + -0.00030theta + 0.00185omega + 0.00006theta^2 + -0.00005theta omega + -0.00230omega^2
    Eq omega Phys: -0.001156*omega**2 - 0.e-6*omega*theta + 7.8e-5*omega - 2.0e-6*theta + 3.2e-5

--- Chunk 63531 (172/220) | Start: 2025-04-02 11:55:00 ---
    RMSE omega (GP): 0.011704 | RMSE omega (Sim): 0.072983
    Loss: 15.6702 | Epoch: 2084
    Eq omega: -0.000111 + 0.00010theta + 0.00062omega + 0.00005theta^2 + -0.00041theta omega + -0.00025omega^2
    Eq omega Phys: -0.000135*omega**2 - 7.0e-6*omega*theta + 0.000121*omega - 0.e-6*theta + 4.0e-6

--- Chunk 63532 (173/220) | Start: 2025-04-02 12:00:00 ---
    RMSE omega (GP): 0.012041 | RMSE omega (Sim): 0.039461
    Loss: 44.3211 | Epoch: 2434
    Eq omega: 0.000311 + 0.00019theta + 0.00573omega + 0.00002theta^2 + 0.00003theta omega + -0.00023omega^2
    Eq omega Phys: -0.000198*omega**2 + 1.0e-6*omega*theta + 0.000175*omega + 3.0e-6

--- Chunk 63533 (174/220) | Start: 2025-04-02 12:05:00 ---
    RMSE omega (GP): 0.051607 | RMSE omega (Sim): 0.079398
    Loss: 2012.8875 | Epoch: 24
    Eq omega: -0.002271 + -0.00608theta + -0.00123omega + 0.00032theta^2 + -0.00062theta omega + -0.00233omega^2
    Eq omega Phys: -0.001675*omega**2 - 1.5e-5*omega*theta + 0.000211*omega - 1.5e-5*theta + 0.000185

--- Chunk 63534 (175/220) | Start: 2025-04-02 12:10:00 ---
    RMSE omega (GP): 0.010506 | RMSE omega (Sim): 0.087360
    Loss: 4.6123 | Epoch: 1673
    Eq omega: -0.004041 + -0.00072theta + 0.00001omega + 0.00785theta^2 + -0.00006theta omega + 0.00449omega^2
    Eq omega Phys: 0.001707*omega**2 - 0.e-6*omega*theta + 4.0e-6*omega + 3.0e-6*theta**2 - 3.4e-5*theta + 7.7e-5

--- Chunk 63535 (176/220) | Start: 2025-04-02 12:15:00 ---
    RMSE omega (GP): 0.009224 | RMSE omega (Sim): 0.141112
    Loss: 1.6122 | Epoch: 741
    Eq omega: -0.013331 + -0.48827theta + -0.00489omega + 0.00195theta^2 + -0.00154theta omega + -0.01247omega^2
    Eq omega Phys: -0.004372*omega**2 - 1.8e-5*omega*theta - 0.000173*omega + 1.0e-6*theta**2 - 0.000542*theta - 0.000354

--- Chunk 63536 (177/220) | Start: 2025-04-02 12:20:00 ---
    RMSE omega (GP): 0.008522 | RMSE omega (Sim): nan
    Loss: 1.5639 | Epoch: 1163
    Eq omega: -0.033911 + -1.49269theta + -0.04374omega + 0.71153theta^2 + 0.55734theta omega + -0.11911omega^2
    Eq omega Phys: -0.044116*omega**2 + 0.006881*omega*theta - 0.039577*omega + 0.000293*theta**2 - 0.004903*theta + 0.018073

--- Chunk 63537 (178/220) | Start: 2025-04-02 12:25:00 ---
    RMSE omega (GP): 0.009409 | RMSE omega (Sim): 0.240030
    Loss: 2.5846 | Epoch: 994
    Eq omega: 0.000221 + -0.00183theta + -0.00260omega + 0.00036theta^2 + 0.00050theta omega + 0.00111omega^2
    Eq omega Phys: 0.000388*omega**2 + 6.0e-6*omega*theta - 4.7e-5*omega - 7.0e-6

--- Chunk 63538 (179/220) | Start: 2025-04-02 12:30:00 ---
    RMSE omega (GP): 0.010016 | RMSE omega (Sim): 0.086148
    Loss: 4.5162 | Epoch: 1092
    Eq omega: -0.003421 + 0.00218theta + -0.00026omega + 0.00022theta^2 + 0.00127theta omega + 0.00430omega^2
    Eq omega Phys: 0.001717*omega**2 + 1.7e-5*omega*theta + 8.3e-5*omega + 3.0e-6*theta + 6.0e-6

--- Chunk 63539 (180/220) | Start: 2025-04-02 12:35:00 ---
    RMSE omega (GP): 0.009081 | RMSE omega (Sim): 0.105831
    Loss: 0.4773 | Epoch: 681
    Eq omega: 0.018141 + -0.38831theta + -0.00154omega + -0.01850theta^2 + 0.00418theta omega + 0.01117omega^2
    Eq omega Phys: 0.003336*omega**2 + 4.2e-5*omega*theta + 0.000108*omega - 6.0e-6*theta**2 - 0.000479*theta - 0.001676

--- Chunk 63540 (181/220) | Start: 2025-04-02 12:40:00 ---
    RMSE omega (GP): 0.009809 | RMSE omega (Sim): 0.103737
    Loss: 2.1909 | Epoch: 1019
    Eq omega: -0.003601 + -1.85377theta + 0.00427omega + 0.01450theta^2 + -0.00968theta omega + 0.00339omega^2
    Eq omega Phys: 0.001172*omega**2 - 0.000112*omega*theta + 0.000294*omega + 6.0e-6*theta**2 - 0.002075*theta + 0.00279

--- Chunk 63541 (182/220) | Start: 2025-04-02 12:45:00 ---
    RMSE omega (GP): 0.010225 | RMSE omega (Sim): 0.225060
    Loss: 5.2237 | Epoch: 1198
    Eq omega: -0.001421 + 0.00224theta + 0.00380omega + -0.00062theta^2 + -0.00084theta omega + -0.00024omega^2
    Eq omega Phys: -9.7e-5*omega**2 - 1.1e-5*omega*theta + 0.000212*omega + 7.0e-6*theta - 3.8e-5

--- Chunk 63542 (183/220) | Start: 2025-04-02 12:50:00 ---
    RMSE omega (GP): 0.012612 | RMSE omega (Sim): 0.078158
    Loss: 6.3378 | Epoch: 1308
    Eq omega: -0.010701 + -0.00039theta + -0.00103omega + -0.00021theta^2 + -0.00041theta omega + 0.00018omega^2
    Eq omega Phys: 8.4e-5*omega**2 - 6.0e-6*omega*theta + 6.6e-5*omega + 3.0e-6*theta - 4.5e-5

--- Chunk 63543 (184/220) | Start: 2025-04-02 12:55:00 ---
    RMSE omega (GP): 0.012365 | RMSE omega (Sim): 0.122153
    Loss: 3.2036 | Epoch: 580
    Eq omega: 0.001541 + -0.00283theta + -0.00754omega + -0.01250theta^2 + 0.00050theta omega + 0.00782omega^2
    Eq omega Phys: 0.002276*omega**2 + 5.0e-6*omega*theta - 0.000268*omega - 4.0e-6*theta**2 + 2.5e-5*theta - 3.1e-5

--- Chunk 63544 (185/220) | Start: 2025-04-02 13:00:00 ---
    RMSE omega (GP): 0.022685 | RMSE omega (Sim): 0.101376
    Loss: -60.9058 | Epoch: 451
    Eq omega: 0.000611 + -0.00225theta + 0.00193omega + 0.00388theta^2 + -0.00046theta omega + 0.00470omega^2
    Eq omega Phys: 0.001692*omega**2 - 6.0e-6*omega*theta - 1.6e-5*omega + 2.0e-6*theta**2 + 4.3e-5*theta + 0.000294

--- Chunk 63545 (186/220) | Start: 2025-04-02 13:05:00 ---
    RMSE omega (GP): 0.011053 | RMSE omega (Sim): 0.257739
    Loss: 3.3180 | Epoch: 1279
    Eq omega: -0.000661 + -0.01375theta + -0.00116omega + -0.00175theta^2 + 0.02290theta omega + -0.00051omega^2
    Eq omega Phys: -0.00017*omega**2 + 0.000255*omega*theta - 9.3e-5*omega - 0.e-6*theta**2 - 1.5e-5*theta + 1.0e-6

--- Chunk 63546 (187/220) | Start: 2025-04-02 13:10:00 ---
    RMSE omega (GP): nan | RMSE omega (Sim): nan
    Loss: 299.6211 | Epoch: 23
    Eq omega: nan1 + nantheta + nanomega + nantheta^2 + nantheta omega + nanomega^2
    Eq omega Phys: N/A

--- Chunk 63547 (188/220) | Start: 2025-04-02 13:15:00 ---
    RMSE omega (GP): 0.008730 | RMSE omega (Sim): 0.076606
    Loss: 0.4267 | Epoch: 1398
    Eq omega: -0.004991 + -0.12630theta + -0.00190omega + -0.00027theta^2 + -0.00094theta omega + -0.00178omega^2
    Eq omega Phys: -0.000532*omega**2 - 9.0e-6*omega*theta - 0.000238*omega - 0.000144*theta - 0.002669

--- Chunk 63548 (189/220) | Start: 2025-04-02 13:20:00 ---
    RMSE omega (GP): 0.011637 | RMSE omega (Sim): 0.113138
    Loss: 8.6098 | Epoch: 1467
    Eq omega: 0.000721 + -0.00115theta + 0.00027omega + -0.00030theta^2 + -0.00028theta omega + -0.00052omega^2
    Eq omega Phys: -0.000225*omega**2 - 4.0e-6*omega*theta + 5.2e-5*omega + 2.0e-6*theta - 1.0e-6

--- Chunk 63549 (190/220) | Start: 2025-04-02 13:25:00 ---
    RMSE omega (GP): 0.011855 | RMSE omega (Sim): 0.110242
    Loss: 11.7735 | Epoch: 1633
    Eq omega: -0.001201 + 0.00014theta + -0.00011omega + -0.00000theta^2 + 0.00001theta omega + 0.00022omega^2
    Eq omega Phys: 0.000104*omega**2 - 6.0e-6*omega - 5.0e-6

--- Chunk 63550 (191/220) | Start: 2025-04-02 13:30:00 ---
    RMSE omega (GP): 0.009180 | RMSE omega (Sim): 0.148469
    Loss: 0.7545 | Epoch: 1994
    Eq omega: -0.001991 + -0.00100theta + 0.00107omega + -0.00058theta^2 + -0.00077theta omega + 0.00385omega^2
    Eq omega Phys: 0.001247*omega**2 - 8.0e-6*omega*theta + 0.000171*omega + 6.0e-6*theta - 4.4e-5

--- Chunk 63551 (192/220) | Start: 2025-04-02 13:35:00 ---
    RMSE omega (GP): 0.009693 | RMSE omega (Sim): 0.111295
    Loss: 1.8015 | Epoch: 1420
    Eq omega: 0.001721 + -0.00199theta + -0.00062omega + -0.00005theta^2 + 0.00078theta omega + 0.00033omega^2
    Eq omega Phys: 0.000112*omega**2 + 9.0e-6*omega*theta - 0.000104*omega - 2.0e-6*theta + 2.5e-5

--- Chunk 63552 (193/220) | Start: 2025-04-02 13:40:00 ---
    RMSE omega (GP): 0.012175 | RMSE omega (Sim): 0.121257
    Loss: 9.6760 | Epoch: 874
    Eq omega: 0.003951 + -0.00125theta + 0.00019omega + -0.00040theta^2 + 0.00071theta omega + -0.00052omega^2
    Eq omega Phys: -0.000216*omega**2 + 1.0e-5*omega*theta - 0.0001*omega + 3.0e-6*theta + 4.0e-6

--- Chunk 63553 (194/220) | Start: 2025-04-02 13:45:00 ---
    RMSE omega (GP): nan | RMSE omega (Sim): nan
    Loss: 484.0795 | Epoch: 41
    Eq omega: nan1 + nantheta + nanomega + nantheta^2 + nantheta omega + nanomega^2
    Eq omega Phys: N/A

--- Chunk 63554 (195/220) | Start: 2025-04-02 13:50:00 ---
    RMSE omega (GP): 0.012620 | RMSE omega (Sim): 0.117840
    Loss: 4.6852 | Epoch: 3254
    Eq omega: 0.001921 + 0.00116theta + -0.00781omega + -0.00001theta^2 + -0.00005theta omega + 0.00079omega^2
    Eq omega Phys: 0.00026*omega**2 - 0.e-6*omega*theta - 0.000258*omega + 1.0e-6*theta + 1.0e-6

--- Chunk 63555 (196/220) | Start: 2025-04-02 13:55:00 ---
/pfs/data6/home/ka/ka_iai/ka_bj2362/dsr/svise/run_analysis_5min_all_chunks_combo38.py:212: ODEintWarning: Repeated convergence failures (perhaps bad Jacobian or tolerances). Run with full_output = 1 to get quantitative information.
  sol_scaled = odeint(drift, x0_scaled, t_scaled, full_output=False)
    RMSE omega (GP): 0.009221 | RMSE omega (Sim): nan
    Loss: 1.0916 | Epoch: 955
    Eq omega: -0.004091 + -0.98791theta + 0.00521omega + -1.38607theta^2 + 0.02614theta omega + 0.00082omega^2
    Eq omega Phys: 0.000276*omega**2 + 0.000294*omega*theta - 0.000738*omega - 0.000519*theta**2 + 0.002123*theta - 0.001605

--- Chunk 63556 (197/220) | Start: 2025-04-02 14:00:00 ---
    RMSE omega (GP): nan | RMSE omega (Sim): nan
    Loss: 920.4703 | Epoch: 16
    Eq omega: nan1 + nantheta + nanomega + nantheta^2 + nantheta omega + nanomega^2
    Eq omega Phys: N/A

--- Chunk 63557 (198/220) | Start: 2025-04-02 14:05:00 ---
    RMSE omega (GP): 0.011899 | RMSE omega (Sim): 0.124597
    Loss: 1.1636 | Epoch: 1133
    Eq omega: 0.003841 + -0.01383theta + -0.00114omega + 0.00004theta^2 + 0.00005theta omega + 0.00466omega^2
    Eq omega Phys: 0.001269*omega**2 - 3.6e-5*omega - 1.5e-5*theta - 4.8e-5

--- Chunk 63558 (199/220) | Start: 2025-04-02 14:10:00 ---
    RMSE omega (GP): 0.022767 | RMSE omega (Sim): 0.070674
    Loss: 91.9397 | Epoch: 972
    Eq omega: 0.002111 + 0.00028theta + 0.00127omega + -0.00002theta^2 + -0.00003theta omega + 0.00001omega^2
    Eq omega Phys: 6.0e-6*omega**2 - 0.e-6*omega*theta + 5.7e-5*omega + 1.0e-6*theta - 1.2e-5

--- Chunk 63559 (200/220) | Start: 2025-04-02 14:15:00 ---
    RMSE omega (GP): nan | RMSE omega (Sim): nan
    Loss: 1157.6246 | Epoch: 41
    Eq omega: nan1 + nantheta + nanomega + nantheta^2 + nantheta omega + nanomega^2
    Eq omega Phys: N/A

  [Progress 200/220] Mean RMSE omega (GP): 0.015039 | (Sim): 0.123471 | Mean loss: 244.8797 | Valid GP: 162/200 | Valid Sim: 159/200 | Elapsed: 80.6min | ETA: 8.1min

--- Chunk 63560 (201/220) | Start: 2025-04-02 14:20:00 ---
    RMSE omega (GP): 0.011220 | RMSE omega (Sim): 0.078761
    Loss: 15.1217 | Epoch: 2163
    Eq omega: 0.012411 + -0.00464theta + -0.01903omega + -0.00020theta^2 + -0.00052theta omega + -0.00068omega^2
    Eq omega Phys: -0.000379*omega**2 - 1.0e-5*omega*theta - 0.000498*omega - 2.0e-6*theta + 7.3e-5

--- Chunk 63561 (202/220) | Start: 2025-04-02 14:25:00 ---
    RMSE omega (GP): 0.049956 | RMSE omega (Sim): 0.155422
    Loss: 221.0005 | Epoch: 29
    Eq omega: 0.021551 + -0.55388theta + 0.02726omega + -0.05723theta^2 + -0.01249theta omega + 0.01298omega^2
    Eq omega Phys: 0.004773*omega**2 - 0.000153*omega*theta + 0.002093*omega - 2.3e-5*theta**2 - 0.000254*theta + 0.003428

--- Chunk 63562 (203/220) | Start: 2025-04-02 14:30:00 ---
    RMSE omega (GP): 0.011796 | RMSE omega (Sim): 0.070768
    Loss: 0.4614 | Epoch: 2082
    Eq omega: 0.001281 + -0.21428theta + -0.00204omega + 0.00174theta^2 + 0.00084theta omega + -0.00823omega^2
    Eq omega Phys: -0.002048*omega**2 + 7.0e-6*omega*theta - 0.00011*omega - 0.000244*theta + 0.00147

--- Chunk 63563 (204/220) | Start: 2025-04-02 14:35:00 ---
    RMSE omega (GP): 0.021123 | RMSE omega (Sim): 0.133451
    Loss: -8932.1025 | Epoch: 585
    Eq omega: 0.008491 + -0.01340theta + 0.00534omega + 0.00664theta^2 + -0.00079theta omega + 0.00297omega^2
    Eq omega Phys: 0.000843*omega**2 - 7.0e-6*omega*theta + 0.000157*omega + 2.0e-6*theta**2 - 3.0e-6*theta + 8.0e-6

--- Chunk 63564 (205/220) | Start: 2025-04-02 14:40:00 ---
    RMSE omega (GP): 0.010752 | RMSE omega (Sim): 0.077255
    Loss: 8.8587 | Epoch: 1887
    Eq omega: 0.006671 + -0.00209theta + -0.00491omega + -0.00030theta^2 + 0.00092theta omega + 0.00060omega^2
    Eq omega Phys: 0.000269*omega**2 + 1.4e-5*omega*theta - 0.000328*omega + 1.0e-6*theta + 2.3e-5

--- Chunk 63565 (206/220) | Start: 2025-04-02 14:45:00 ---
    RMSE omega (GP): 0.010458 | RMSE omega (Sim): 0.140555
    Loss: 4.0858 | Epoch: 1936
    Eq omega: -0.003441 + 0.00191theta + -0.00110omega + -0.00018theta^2 + 0.00025theta omega + -0.00433omega^2
    Eq omega Phys: -0.00174*omega**2 + 3.0e-6*omega*theta - 7.4e-5*omega + 4.0e-6*theta - 4.3e-5

--- Chunk 63566 (207/220) | Start: 2025-04-02 14:50:00 ---
    RMSE omega (GP): 0.012792 | RMSE omega (Sim): 0.062996
    Loss: -0.1049 | Epoch: 1950
    Eq omega: 0.001501 + -0.22451theta + -0.02822omega + -0.00393theta^2 + 0.00515theta omega + 0.00032omega^2
    Eq omega Phys: 0.0001*omega**2 + 5.4e-5*omega*theta - 0.001644*omega - 1.0e-6*theta**2 - 0.000214*theta + 0.003037

--- Chunk 63567 (208/220) | Start: 2025-04-02 14:55:00 ---
    RMSE omega (GP): nan | RMSE omega (Sim): nan
    Loss: 109.8700 | Epoch: 81
    Eq omega: nan1 + nantheta + nanomega + nantheta^2 + nantheta omega + nanomega^2
    Eq omega Phys: N/A

--- Chunk 63568 (209/220) | Start: 2025-04-02 15:00:00 ---
    RMSE omega (GP): 0.010380 | RMSE omega (Sim): 0.114087
    Loss: 2.2736 | Epoch: 1565
    Eq omega: 0.003981 + -0.00032theta + 0.00136omega + 0.00007theta^2 + -0.00060theta omega + 0.00190omega^2
    Eq omega Phys: 0.000634*omega**2 - 7.0e-6*omega*theta + 8.6e-5*omega - 0.e-6*theta + 1.6e-5

--- Chunk 63569 (210/220) | Start: 2025-04-02 15:05:00 ---
/pfs/data6/home/ka/ka_iai/ka_bj2362/dsr/svise/run_analysis_5min_all_chunks_combo38.py:212: ODEintWarning: Excess work done on this call (perhaps wrong Dfun type). Run with full_output = 1 to get quantitative information.
  sol_scaled = odeint(drift, x0_scaled, t_scaled, full_output=False)
    RMSE omega (GP): 0.008489 | RMSE omega (Sim): nan
    Loss: 0.3364 | Epoch: 1175
    Eq omega: -1.267021 + -3.19762theta + 0.05667omega + 2.64824theta^2 + -0.04008theta omega + 0.37361omega^2
    Eq omega Phys: 0.125456*omega**2 - 0.000449*omega*theta + 0.000905*omega + 0.000988*theta**2 + 0.000782*theta - 0.007232

--- Chunk 63570 (211/220) | Start: 2025-04-02 15:10:00 ---
    RMSE omega (GP): 0.019507 | RMSE omega (Sim): 0.074272
    Loss: 59.1538 | Epoch: 752
    Eq omega: -0.003251 + -0.00080theta + 0.00664omega + 0.00001theta^2 + -0.00099theta omega + -0.00023omega^2
    Eq omega Phys: -0.000127*omega**2 - 1.8e-5*omega*theta + 0.00047*omega - 1.0e-6*theta + 7.0e-6

--- Chunk 63571 (212/220) | Start: 2025-04-02 15:15:00 ---
    RMSE omega (GP): 0.041271 | RMSE omega (Sim): 0.109590
    Loss: 51.8879 | Epoch: 53
    Eq omega: -0.004431 + -0.03062theta + -0.00102omega + -0.01357theta^2 + -0.00009theta omega + 0.00488omega^2
    Eq omega Phys: 0.001235*omega**2 - 0.e-6*omega*theta - 3.0e-5*omega - 4.0e-6*theta**2 + 3.0e-6*theta + 5.6e-5

--- Chunk 63572 (213/220) | Start: 2025-04-02 15:20:00 ---
    RMSE omega (GP): 0.009400 | RMSE omega (Sim): 0.119831
    Loss: 2.0121 | Epoch: 1431
    Eq omega: -0.002791 + -0.13991theta + -0.00274omega + -0.00241theta^2 + 0.00186theta omega + -0.00360omega^2
    Eq omega Phys: -0.001227*omega**2 + 2.1e-5*omega*theta - 0.000201*omega - 0.e-6*theta**2 - 0.000146*theta + 0.000776

--- Chunk 63573 (214/220) | Start: 2025-04-02 15:25:00 ---
    RMSE omega (GP): 0.010063 | RMSE omega (Sim): 0.146102
    Loss: 1.0581 | Epoch: 828
    Eq omega: 0.013861 + -0.82177theta + -0.00021omega + -0.02179theta^2 + -0.00916theta omega + 0.02081omega^2
    Eq omega Phys: 0.006409*omega**2 - 9.4e-5*omega*theta + 0.000281*omega - 7.0e-6*theta**2 - 0.000867*theta + 0.002774

--- Chunk 63574 (215/220) | Start: 2025-04-02 15:30:00 ---
    RMSE omega (GP): 0.015451 | RMSE omega (Sim): 0.126884
    Loss: 6.4978 | Epoch: 948
    Eq omega: 0.002651 + -0.00198theta + -0.00343omega + -0.00552theta^2 + -0.00140theta omega + -0.00213omega^2
    Eq omega Phys: -0.000632*omega**2 - 1.4e-5*omega*theta - 0.000158*omega - 2.0e-6*theta**2 - 1.4e-5*theta - 1.6e-5

--- Chunk 63575 (216/220) | Start: 2025-04-02 15:35:00 ---
    RMSE omega (GP): nan | RMSE omega (Sim): nan
    Loss: 279.2938 | Epoch: 22
    Eq omega: nan1 + nantheta + nanomega + nantheta^2 + nantheta omega + nanomega^2
    Eq omega Phys: N/A

--- Chunk 63576 (217/220) | Start: 2025-04-02 15:40:00 ---
    RMSE omega (GP): nan | RMSE omega (Sim): nan
    Loss: 388.0332 | Epoch: 61
    Eq omega: nan1 + nantheta + nanomega + nantheta^2 + nantheta omega + nanomega^2
    Eq omega Phys: N/A

--- Chunk 63577 (218/220) | Start: 2025-04-02 15:45:00 ---
    RMSE omega (GP): 0.011775 | RMSE omega (Sim): 0.163202
    Loss: 2.9898 | Epoch: 1265
    Eq omega: -0.003461 + -0.00172theta + -0.00304omega + -0.00119theta^2 + 0.00247theta omega + 0.00339omega^2
    Eq omega Phys: 0.00113*omega**2 + 2.7e-5*omega*theta - 0.000324*omega + 5.0e-6*theta - 2.5e-5

--- Chunk 63578 (219/220) | Start: 2025-04-02 15:50:00 ---
    RMSE omega (GP): nan | RMSE omega (Sim): nan
    Loss: 9.3576 | Epoch: 268
    Eq omega: nan1 + nantheta + nanomega + nantheta^2 + nantheta omega + nanomega^2
    Eq omega Phys: N/A

--- Chunk 63579 (220/220) | Start: 2025-04-02 15:55:00 ---
    RMSE omega (GP): 0.009325 | RMSE omega (Sim): 0.061997
    Loss: 19.1626 | Epoch: 2224
    Eq omega: -0.004321 + -0.00042theta + 0.00916omega + -0.00007theta^2 + 0.00010theta omega + -0.00015omega^2
    Eq omega Phys: -0.000107*omega**2 + 2.0e-6*omega*theta + 0.000358*omega - 3.0e-6*theta - 4.4e-5

  [Progress 220/220] Mean RMSE omega (GP): 0.015169 | (Sim): 0.122224 | Mean loss: 187.3872 | Valid GP: 178/220 | Valid Sim: 174/220 | Elapsed: 87.8min | ETA: 0.0min

============================================================
EVALUATION COMPLETE — Chunks [63360, 63579]
============================================================
Chunks processed: 220
Chunks succeeded GP:  178 (80.9%)
Chunks succeeded Sim: 174 (79.1%)
Mean GP RMSE omega:   0.015169 ± 0.012620
Mean SIM RMSE omega:  0.122224 ± 0.076273
Mean Loss:            187.3872 ± 4427.2692
Elapsed time:     87.8 minutes

Per-chunk CSV: /pfs/data6/home/ka/ka_iai/ka_bj2362/dsr/svise/results_5min_all_chunks/run_SLURM_3718868_combo38/chunks_63360_to_63579_20260321_121525.csv
Summary JSON:  /pfs/data6/home/ka/ka_iai/ka_bj2362/dsr/svise/results_5min_all_chunks/run_SLURM_3718868_combo38/summary_63360_to_63579_20260321_121525.json
============================================================
 lsoda--  at t (=r1) and step size h (=r2), the      
       corrector convergence failed repeatedly       
       or with abs(h) = hmin    l
      in above,  r1 =  0.7798059441158D+01   r2 =  0.8276979029998D-10

============================= JOB FEEDBACK =============================

NodeName=uc3n056
Job ID: 3722303
Array Job ID: 3718868_288
Cluster: uc3
User/Group: ka_bj2362/ka_iai
State: COMPLETED (exit code 0)
Nodes: 1
Cores per node: 4
CPU Utilized: 01:27:21
CPU Efficiency: 24.73% of 05:53:12 core-walltime
Job Wall-clock time: 01:28:18
Memory Utilized: 3.87 GB
Memory Efficiency: 32.28% of 12.00 GB (12.00 GB/node)
