Array task 310: processing chunks 68200 to 68419
Loading data from /pfs/data6/home/ka/ka_iai/ka_bj2362/dsr/svise/../dataset/South_Korea_2024-08-15_2025-08-31_1s.parquet...
Finding all valid 5-minute chunks in the dataset...
Found 107059 valid 5-minute chunks in total.

============================================================
SVISE FINAL EVALUATION — ALL CHUNKS
============================================================
Hyperparameters: {
  "model": "integrator",
  "sigma": 0,
  "degree": 2,
  "tau": 1e-05,
  "lr": 0.1,
  "n_tau": 50,
  "measurement_noise": 0.001,
  "n_reparam_samples": 15
}
Total valid chunks in dataset: 107059
Processing chunk range: [68200, 68419] (220 chunks)
Early stopping: patience=300, max_epochs=10000
============================================================


--- Chunk 68200 (1/220) | Start: 2025-04-18 17:45:00 ---
/pfs/data6/home/ka/ka_iai/ka_bj2362/dsr/svise/svise/sde_learning/_marginal_sde.py:284: UserWarning: torch.triangular_solve is deprecated in favor of torch.linalg.solve_triangularand will be removed in a future PyTorch release.
torch.linalg.solve_triangular has its arguments reversed and does not return a copy of one of the inputs.
X = torch.triangular_solve(B, A).solution
should be replaced with
X = torch.linalg.solve_triangular(A, B). (Triggered internally at ../aten/src/ATen/native/BatchLinearAlgebra.cpp:2192.)
  return torch.triangular_solve(self.raw_w, self.C.t()).solution
/pfs/data6/home/ka/ka_iai/ka_bj2362/dsr/svise/svise/quadrature/_unbiased_quadrature.py:196: UserWarning: Interp is nan, reducing interp degree.
  warnings.warn("Interp is nan, reducing interp degree.")
    RMSE omega (GP): 0.012081 | RMSE omega (Sim): 0.083101
    Loss: 9.7300 | Epoch: 1652
    Eq omega: 0.002601 + 0.00032theta + -0.00049omega + -0.00017theta^2 + 0.00008theta omega + -0.00066omega^2
    Eq omega Phys: -0.000296*omega**2 + 1.0e-6*omega*theta - 3.7e-5*omega + 3.0e-6*theta - 2.6e-5
    Diffusion: theta=4.484769e-04, omega=3.242386e-05

--- Chunk 68201 (2/220) | Start: 2025-04-18 17:50:00 ---
    RMSE omega (GP): 0.013102 | RMSE omega (Sim): 0.130945
    Loss: 1.6747 | Epoch: 1229
    Eq omega: -0.026411 + -0.19062theta + 0.00150omega + -0.00814theta^2 + -0.00572theta omega + 0.00513omega^2
    Eq omega Phys: 0.001291*omega**2 - 4.8e-5*omega*theta + 0.000605*omega - 2.0e-6*theta**2 - 0.000159*theta + 0.002027
    Diffusion: theta=1.860054e-03, omega=6.950724e-05

--- Chunk 68202 (3/220) | Start: 2025-04-18 17:55:00 ---
/pfs/data6/home/ka/ka_iai/ka_bj2362/dsr/svise/svise/quadrature/_unbiased_quadrature.py:174: UserWarning: NaN detected in fxq (quadrature node evaluations). Clamping to 0.
  warnings.warn("NaN detected in fxq (quadrature node evaluations). Clamping to 0.")
/pfs/data6/home/ka/ka_iai/ka_bj2362/dsr/svise/svise/quadrature/_unbiased_quadrature.py:177: UserWarning: NaN detected in fmc (Monte-Carlo node evaluations). Clamping to 0.
  warnings.warn("NaN detected in fmc (Monte-Carlo node evaluations). Clamping to 0.")
    RMSE omega (GP): nan | RMSE omega (Sim): nan
    Loss: 148.0174 | Epoch: 36
    Eq omega: nan1 + nantheta + nanomega + nantheta^2 + nantheta omega + nanomega^2
    Eq omega Phys: N/A
    Diffusion: theta=nan, omega=nan

--- Chunk 68203 (4/220) | Start: 2025-04-18 18:00:00 ---
    RMSE omega (GP): 0.014798 | RMSE omega (Sim): 0.204460
    Loss: 5.4133 | Epoch: 1250
    Eq omega: -0.001241 + -0.56854theta + 0.00035omega + -0.00076theta^2 + 0.00058theta omega + 0.01432omega^2
    Eq omega Phys: 0.004219*omega**2 + 6.0e-6*omega*theta + 5.2e-5*omega - 0.000635*theta - 0.004449
    Diffusion: theta=3.436615e-04, omega=6.483387e-05

--- Chunk 68204 (5/220) | Start: 2025-04-18 18:05:00 ---
    RMSE omega (GP): nan | RMSE omega (Sim): nan
    Loss: 92.1866 | Epoch: 135
    Eq omega: nan1 + nantheta + nanomega + nantheta^2 + nantheta omega + nanomega^2
    Eq omega Phys: N/A
    Diffusion: theta=nan, omega=nan

--- Chunk 68205 (6/220) | Start: 2025-04-18 18:10:00 ---
    RMSE omega (GP): 0.014079 | RMSE omega (Sim): 0.192139
    Loss: 7.1237 | Epoch: 864
    Eq omega: -0.007081 + -1.18143theta + -0.02057omega + -0.06037theta^2 + 0.11843theta omega + -0.01629omega^2
    Eq omega Phys: -0.005472*omega**2 + 0.001326*omega*theta - 0.006345*omega - 2.3e-5*theta**2 - 0.00112*theta + 0.005168
    Diffusion: theta=1.956445e-03, omega=7.461048e-05

--- Chunk 68206 (7/220) | Start: 2025-04-18 18:15:00 ---
    RMSE omega (GP): 0.018517 | RMSE omega (Sim): 0.120101
    Loss: 3.8363 | Epoch: 2721
    Eq omega: -0.001261 + 0.00090theta + -0.00074omega + 0.00002theta^2 + -0.00086theta omega + 0.00019omega^2
    Eq omega Phys: 5.8e-5*omega**2 - 9.0e-6*omega*theta + 0.000171*omega + 1.0e-6*theta - 2.4e-5
    Diffusion: theta=2.902533e-04, omega=4.042118e-05

--- Chunk 68207 (8/220) | Start: 2025-04-18 18:20:00 ---
    RMSE omega (GP): 0.014100 | RMSE omega (Sim): 0.147163
    Loss: 4.0995 | Epoch: 1051
    Eq omega: 0.000141 + -0.00148theta + -0.00211omega + -0.00039theta^2 + -0.00137theta omega + -0.00310omega^2
    Eq omega Phys: -0.000891*omega**2 - 1.3e-5*omega*theta - 0.000122*omega - 3.0e-6*theta - 8.0e-6
    Diffusion: theta=8.456515e-04, omega=5.683213e-05

--- Chunk 68208 (9/220) | Start: 2025-04-18 18:25:00 ---
    RMSE omega (GP): nan | RMSE omega (Sim): nan
    Loss: 221.3838 | Epoch: 74
    Eq omega: nan1 + nantheta + nanomega + nantheta^2 + nantheta omega + nanomega^2
    Eq omega Phys: N/A
    Diffusion: theta=nan, omega=nan

--- Chunk 68209 (10/220) | Start: 2025-04-18 18:30:00 ---
    RMSE omega (GP): 0.013044 | RMSE omega (Sim): 0.207970
    Loss: 9.8529 | Epoch: 1465
    Eq omega: 0.004581 + 0.00062theta + -0.00027omega + -0.00003theta^2 + 0.00064theta omega + -0.00021omega^2
    Eq omega Phys: -8.4e-5*omega**2 + 9.0e-6*omega*theta - 0.000133*omega + 1.0e-6*theta
    Diffusion: theta=1.533531e-03, omega=4.481538e-05

--- Chunk 68210 (11/220) | Start: 2025-04-18 18:35:00 ---
    RMSE omega (GP): 0.012663 | RMSE omega (Sim): 0.100688
    Loss: 6.2527 | Epoch: 1960
    Eq omega: 0.004581 + -0.00161theta + 0.00013omega + -0.00007theta^2 + -0.00057theta omega + 0.00720omega^2
    Eq omega Phys: 0.002573*omega**2 - 7.0e-6*omega*theta + 4.4e-5*omega - 1.0e-6*theta + 2.4e-5
    Diffusion: theta=4.394674e-04, omega=5.675246e-05

--- Chunk 68211 (12/220) | Start: 2025-04-18 18:40:00 ---
    RMSE omega (GP): 0.042309 | RMSE omega (Sim): 0.059901
    Loss: 437.3044 | Epoch: 88
    Eq omega: 0.006761 + 0.00766theta + 0.01766omega + 0.00024theta^2 + 0.00142theta omega + 0.00089omega^2
    Eq omega Phys: 0.000607*omega**2 + 3.2e-5*omega*theta + 0.000134*omega + 3.0e-6*theta - 7.3e-5
    Diffusion: theta=nan, omega=nan

--- Chunk 68212 (13/220) | Start: 2025-04-18 18:45:00 ---
    RMSE omega (GP): 0.011980 | RMSE omega (Sim): 0.116657
    Loss: 7.2110 | Epoch: 1853
    Eq omega: -0.004831 + 0.00047theta + 0.00174omega + -0.00073theta^2 + 0.00071theta omega + -0.00070omega^2
    Eq omega Phys: -0.000271*omega**2 + 9.0e-6*omega*theta - 0.000103*omega + 1.2e-5*theta - 0.00012
    Diffusion: theta=2.862375e-03, omega=3.504392e-05

--- Chunk 68213 (14/220) | Start: 2025-04-18 18:50:00 ---
    RMSE omega (GP): 0.037514 | RMSE omega (Sim): 0.186910
    Loss: 110.4540 | Epoch: 74
    Eq omega: -0.001611 + -0.00859theta + -0.00456omega + 0.00047theta^2 + -0.00232theta omega + -0.00049omega^2
    Eq omega Phys: -0.000182*omega**2 - 2.9e-5*omega*theta + 0.000376*omega - 1.7e-5*theta + 0.000236
    Diffusion: theta=nan, omega=nan

--- Chunk 68214 (15/220) | Start: 2025-04-18 18:55:00 ---
    RMSE omega (GP): 0.012667 | RMSE omega (Sim): 0.208082
    Loss: 3.9756 | Epoch: 1438
    Eq omega: 0.002801 + -0.00600theta + -0.00040omega + 0.00088theta^2 + 0.00069theta omega + 0.00046omega^2
    Eq omega Phys: 0.000162*omega**2 + 8.0e-6*omega*theta - 7.0e-5*omega - 1.1e-5*theta + 7.3e-5
    Diffusion: theta=4.345883e-04, omega=4.713398e-05

--- Chunk 68215 (16/220) | Start: 2025-04-18 19:00:00 ---
    RMSE omega (GP): 0.036453 | RMSE omega (Sim): 0.135154
    Loss: 47.8747 | Epoch: 65
    Eq omega: -0.033491 + -0.03116theta + 0.00343omega + -0.00037theta^2 + -0.00222theta omega + -0.00162omega^2
    Eq omega Phys: -0.000396*omega**2 - 1.8e-5*omega*theta + 0.0005*omega - 3.0e-5*theta + 0.000541
    Diffusion: theta=nan, omega=nan

--- Chunk 68216 (17/220) | Start: 2025-04-18 19:05:00 ---
    RMSE omega (GP): 0.012411 | RMSE omega (Sim): 0.185826
    Loss: 3.0303 | Epoch: 988
    Eq omega: -0.008511 + -0.95900theta + -0.03387omega + 0.08424theta^2 + 0.00968theta omega + 0.02288omega^2
    Eq omega Phys: 0.006796*omega**2 + 9.6e-5*omega*theta - 0.000617*omega + 2.8e-5*theta**2 - 0.000769*theta - 0.004929
    Diffusion: theta=3.189008e-04, omega=7.863667e-05

--- Chunk 68217 (18/220) | Start: 2025-04-18 19:10:00 ---
    RMSE omega (GP): 0.013784 | RMSE omega (Sim): 0.102645
    Loss: 9.8948 | Epoch: 1452
    Eq omega: 0.001661 + 0.00004theta + 0.00952omega + 0.00006theta^2 + -0.00002theta omega + -0.00069omega^2
    Eq omega Phys: -0.000267*omega**2 + 0.000323*omega - 1.0e-6*theta + 1.6e-5
    Diffusion: theta=7.415431e-04, omega=4.888326e-05

--- Chunk 68218 (19/220) | Start: 2025-04-18 19:15:00 ---
    RMSE omega (GP): 0.013029 | RMSE omega (Sim): 0.059969
    Loss: 26.2626 | Epoch: 1630
    Eq omega: 0.002951 + 0.00009theta + -0.01082omega + 0.00002theta^2 + -0.00006theta omega + -0.00030omega^2
    Eq omega Phys: -0.000183*omega**2 - 1.0e-6*omega*theta - 0.000334*omega - 0.e-6*theta + 1.0e-5
    Diffusion: theta=3.655053e-04, omega=2.413158e-05

--- Chunk 68219 (20/220) | Start: 2025-04-18 19:20:00 ---
    RMSE omega (GP): 0.012608 | RMSE omega (Sim): 0.112179
    Loss: 6.2215 | Epoch: 1504
    Eq omega: 0.000101 + 0.00016theta + -0.00008omega + 0.00086theta^2 + -0.00130theta omega + 0.00109omega^2
    Eq omega Phys: 0.000384*omega**2 - 1.5e-5*omega*theta + 3.7e-5*omega - 2.0e-6*theta + 2.0e-6
    Diffusion: theta=2.516635e-03, omega=4.029113e-05

--- Chunk 68220 (21/220) | Start: 2025-04-18 19:25:00 ---
    RMSE omega (GP): 0.024135 | RMSE omega (Sim): 0.100936
    Loss: 58.0711 | Epoch: 767
    Eq omega: 0.005961 + -0.00112theta + 0.00455omega + -0.00005theta^2 + -0.00010theta omega + -0.00049omega^2
    Eq omega Phys: -0.000222*omega**2 - 2.0e-6*omega*theta + 0.000178*omega + 2.9e-5
    Diffusion: theta=2.244563e-01, omega=2.286644e-04

--- Chunk 68221 (22/220) | Start: 2025-04-18 19:30:00 ---
    RMSE omega (GP): 0.010216 | RMSE omega (Sim): 0.110835
    Loss: 4.2335 | Epoch: 2310
    Eq omega: 0.000351 + -0.00095theta + -0.02052omega + -0.00127theta^2 + -0.00025theta omega + -0.00246omega^2
    Eq omega Phys: -0.000997*omega**2 - 3.0e-6*omega*theta - 0.000625*omega - 0.e-6*theta**2 + 1.9e-5*theta - 0.000154
    Diffusion: theta=9.226328e-04, omega=3.210364e-05

--- Chunk 68222 (23/220) | Start: 2025-04-18 19:35:00 ---
    RMSE omega (GP): 0.011206 | RMSE omega (Sim): 0.135530
    Loss: 33.8251 | Epoch: 3138
    Eq omega: 0.001311 + 0.00001theta + 0.00484omega + 0.00006theta^2 + 0.00002theta omega + 0.00082omega^2
    Eq omega Phys: 0.000641*omega**2 + 1.0e-6*omega*theta + 0.000152*omega - 2.0e-6*theta + 1.8e-5
    Diffusion: theta=3.475238e-04, omega=1.722877e-05

--- Chunk 68223 (24/220) | Start: 2025-04-18 19:40:00 ---
    RMSE omega (GP): 0.012184 | RMSE omega (Sim): 0.095434
    Loss: 5.3411 | Epoch: 1316
    Eq omega: -0.003281 + -0.00178theta + -0.00535omega + -0.00067theta^2 + -0.00102theta omega + 0.00246omega^2
    Eq omega Phys: 0.000873*omega**2 - 1.2e-5*omega*theta - 4.4e-5*omega + 4.0e-6*theta - 2.1e-5
    Diffusion: theta=3.300278e-04, omega=6.330154e-05

--- Chunk 68224 (25/220) | Start: 2025-04-18 19:45:00 ---
    RMSE omega (GP): 0.013428 | RMSE omega (Sim): 0.173451
    Loss: 12.2664 | Epoch: 1589
    Eq omega: -0.001671 + -0.00247theta + 0.00507omega + -0.00016theta^2 + -0.00072theta omega + -0.00054omega^2
    Eq omega Phys: -0.000231*omega**2 - 1.0e-5*omega*theta + 0.000285*omega - 1.0e-6*theta + 1.7e-5
    Diffusion: theta=4.908480e-04, omega=5.126150e-05

--- Chunk 68225 (26/220) | Start: 2025-04-18 19:50:00 ---
    RMSE omega (GP): nan | RMSE omega (Sim): nan
    Loss: 34.9211 | Epoch: 60
    Eq omega: nan1 + nantheta + nanomega + nantheta^2 + nantheta omega + nanomega^2
    Eq omega Phys: N/A
    Diffusion: theta=nan, omega=nan

--- Chunk 68226 (27/220) | Start: 2025-04-18 19:55:00 ---
    RMSE omega (GP): 0.013326 | RMSE omega (Sim): 0.108577
    Loss: 5.9211 | Epoch: 1187
    Eq omega: 0.002281 + -0.00184theta + -0.00329omega + -0.00100theta^2 + 0.00149theta omega + -0.00689omega^2
    Eq omega Phys: -0.002319*omega**2 + 1.7e-5*omega*theta - 0.000104*omega - 2.0e-6*theta + 7.0e-6
    Diffusion: theta=9.540329e-04, omega=6.471677e-05

--- Chunk 68227 (28/220) | Start: 2025-04-18 20:00:00 ---
    RMSE omega (GP): 0.031102 | RMSE omega (Sim): 0.146455
    Loss: -149.6390 | Epoch: 593
    Eq omega: -0.013411 + 0.00058theta + -0.00185omega + 0.00155theta^2 + 0.00162theta omega + 0.00299omega^2
    Eq omega Phys: 0.000997*omega**2 + 1.8e-5*omega*theta + 0.000176*omega + 1.0e-6*theta**2 + 1.6e-5*theta + 6.4e-5
    Diffusion: theta=2.954061e-02, omega=3.186969e-05

--- Chunk 68228 (29/220) | Start: 2025-04-18 20:05:00 ---
    RMSE omega (GP): 0.012097 | RMSE omega (Sim): 0.089128
    Loss: 6.4220 | Epoch: 836
    Eq omega: 0.002051 + -1.12430theta + 0.03389omega + 0.03072theta^2 + 0.01012theta omega + -0.01060omega^2
    Eq omega Phys: -0.003962*omega**2 + 0.000126*omega*theta + 0.000854*omega + 1.3e-5*theta**2 - 0.001305*theta + 0.002795
    Diffusion: theta=2.862458e-03, omega=5.999757e-05

--- Chunk 68229 (30/220) | Start: 2025-04-18 20:10:00 ---
    RMSE omega (GP): 0.013888 | RMSE omega (Sim): 0.079565
    Loss: 17.8154 | Epoch: 2876
    Eq omega: 0.004601 + 0.00016theta + -0.00020omega + -0.00003theta^2 + 0.00020theta omega + 0.00030omega^2
    Eq omega Phys: 0.000148*omega**2 + 3.0e-6*omega*theta - 7.0e-5*omega + 1.0e-6*theta + 1.0e-6
    Diffusion: theta=8.688755e-04, omega=3.699533e-05

--- Chunk 68230 (31/220) | Start: 2025-04-18 20:15:00 ---
    RMSE omega (GP): nan | RMSE omega (Sim): nan
    Loss: 212.3678 | Epoch: 44
    Eq omega: nan1 + nantheta + nanomega + nantheta^2 + nantheta omega + nanomega^2
    Eq omega Phys: N/A
    Diffusion: theta=nan, omega=nan

--- Chunk 68231 (32/220) | Start: 2025-04-18 20:20:00 ---
    RMSE omega (GP): 0.014041 | RMSE omega (Sim): 0.080386
    Loss: 13.2964 | Epoch: 1871
    Eq omega: -0.002281 + -0.00003theta + 0.00008omega + -0.00020theta^2 + 0.00311theta omega + -0.00197omega^2
    Eq omega Phys: -0.000838*omega**2 + 4.4e-5*omega*theta + 0.000352*omega - 2.0e-6*theta - 1.2e-5
    Diffusion: theta=2.981375e-04, omega=5.968036e-05

--- Chunk 68232 (33/220) | Start: 2025-04-18 20:25:00 ---
    RMSE omega (GP): 0.062278 | RMSE omega (Sim): 0.084205
    Loss: 419.7266 | Epoch: 31
    Eq omega: 0.000581 + 0.00038theta + -0.00288omega + 0.00025theta^2 + 0.00022theta omega + 0.00417omega^2
    Eq omega Phys: 0.001652*omega**2 + 3.0e-6*omega*theta - 6.2e-5*omega + 3.0e-6*theta + 2.1e-5
    Diffusion: theta=1.481892e-02, omega=1.317637e-05

--- Chunk 68233 (34/220) | Start: 2025-04-18 20:30:00 ---
    RMSE omega (GP): 0.036616 | RMSE omega (Sim): 0.142157
    Loss: 47.5454 | Epoch: 835
    Eq omega: -0.000611 + -0.00549theta + 0.00509omega + 0.00040theta^2 + 0.04779theta omega + 0.00027omega^2
    Eq omega Phys: 7.4e-5*omega**2 + 0.000435*omega*theta + 0.002879*omega - 5.0e-6*theta - 3.6e-5
    Diffusion: theta=1.608938e+00, omega=1.814622e-03

--- Chunk 68234 (35/220) | Start: 2025-04-18 20:35:00 ---
    RMSE omega (GP): nan | RMSE omega (Sim): nan
    Loss: 119.7244 | Epoch: 103
    Eq omega: nan1 + nantheta + nanomega + nantheta^2 + nantheta omega + nanomega^2
    Eq omega Phys: N/A
    Diffusion: theta=nan, omega=nan

--- Chunk 68235 (36/220) | Start: 2025-04-18 20:40:00 ---
    RMSE omega (GP): 0.043811 | RMSE omega (Sim): 0.070521
    Loss: 170.9383 | Epoch: 201
    Eq omega: -0.006961 + -0.05976theta + -0.02895omega + 0.00767theta^2 + 0.00023theta omega + -0.01033omega^2
    Eq omega Phys: -0.004351*omega**2 + 3.0e-6*omega*theta - 0.001059*omega + 4.0e-6*theta**2 - 0.000275*theta + 0.004924
    Diffusion: theta=nan, omega=nan

--- Chunk 68236 (37/220) | Start: 2025-04-18 20:45:00 ---
    RMSE omega (GP): 0.011087 | RMSE omega (Sim): 0.232026
    Loss: 1.0220 | Epoch: 2172
    Eq omega: -0.000611 + 0.00026theta + -0.00110omega + 0.00008theta^2 + -0.00002theta omega + -0.00382omega^2
    Eq omega Phys: -0.001061*omega**2 - 3.5e-5*omega - 3.0e-6
    Diffusion: theta=1.779251e-03, omega=4.363823e-05

--- Chunk 68237 (38/220) | Start: 2025-04-18 20:50:00 ---
    RMSE omega (GP): 0.012687 | RMSE omega (Sim): 1.029771
    Loss: 6.9787 | Epoch: 1140
    Eq omega: 0.000631 + -0.00421theta + -0.00226omega + -0.00630theta^2 + -0.00337theta omega + 0.00171omega^2
    Eq omega Phys: 0.000618*omega**2 - 4.1e-5*omega*theta - 0.0001*omega - 3.0e-6*theta**2 - 8.0e-6*theta - 2.0e-6
    Diffusion: theta=1.570132e-03, omega=7.460269e-05

--- Chunk 68238 (39/220) | Start: 2025-04-18 20:55:00 ---
    RMSE omega (GP): 0.013929 | RMSE omega (Sim): 0.104746
    Loss: 12.6746 | Epoch: 1381
    Eq omega: 0.000321 + -0.00014theta + 0.00856omega + -0.00019theta^2 + 0.00018theta omega + 0.00050omega^2
    Eq omega Phys: 0.000214*omega**2 + 3.0e-6*omega*theta + 0.000247*omega + 3.0e-6*theta - 1.7e-5
    Diffusion: theta=2.746604e-04, omega=5.322988e-05

--- Chunk 68239 (40/220) | Start: 2025-04-18 21:00:00 ---
    RMSE omega (GP): nan | RMSE omega (Sim): nan
    Loss: 365.4335 | Epoch: 39
    Eq omega: nan1 + nantheta + nanomega + nantheta^2 + nantheta omega + nanomega^2
    Eq omega Phys: N/A
    Diffusion: theta=nan, omega=nan

--- Chunk 68240 (41/220) | Start: 2025-04-18 21:05:00 ---
    RMSE omega (GP): 0.021818 | RMSE omega (Sim): 0.210413
    Loss: -51099.7773 | Epoch: 674
    Eq omega: -0.015521 + -2.43933theta + 0.07444omega + 0.09491theta^2 + 0.06443theta omega + 0.23236omega^2
    Eq omega Phys: 0.054769*omega**2 + 0.000506*omega*theta + 0.00112*omega + 2.5e-5*theta**2 - 0.002844*theta + 0.007394
    Diffusion: theta=1.722567e-02, omega=7.114055e-05

--- Chunk 68241 (42/220) | Start: 2025-04-18 21:10:00 ---
    RMSE omega (GP): 0.013934 | RMSE omega (Sim): 0.168192
    Loss: 10.6284 | Epoch: 579
    Eq omega: 0.000521 + -0.00003theta + 0.00410omega + -0.00352theta^2 + -0.00384theta omega + -0.00080omega^2
    Eq omega Phys: -0.000313*omega**2 - 5.0e-5*omega*theta + 0.000808*omega - 2.0e-6*theta**2 + 4.1e-5*theta - 0.000273
    Diffusion: theta=nan, omega=nan

--- Chunk 68242 (43/220) | Start: 2025-04-18 21:15:00 ---
    RMSE omega (GP): 0.012215 | RMSE omega (Sim): 0.185665
    Loss: -0.8543 | Epoch: 2661
    Eq omega: 0.012561 + -0.00236theta + -0.00133omega + -0.00073theta^2 + 0.00103theta omega + 0.00010omega^2
    Eq omega Phys: 2.1e-5*omega**2 + 7.0e-6*omega*theta - 7.2e-5*omega - 1.0e-6*theta + 7.5e-5
    Diffusion: theta=3.700346e-03, omega=5.596138e-05

--- Chunk 68243 (44/220) | Start: 2025-04-18 21:20:00 ---
    RMSE omega (GP): 0.016795 | RMSE omega (Sim): 0.090570
    Loss: 21.8354 | Epoch: 1756
    Eq omega: -0.001551 + 0.00043theta + -0.00173omega + 0.00004theta^2 + -0.00002theta omega + 0.00021omega^2
    Eq omega Phys: 9.2e-5*omega**2 - 6.4e-5*omega + 1.0e-6*theta + 1.6e-5
    Diffusion: theta=9.694708e-04, omega=6.540377e-05

--- Chunk 68244 (45/220) | Start: 2025-04-18 21:25:00 ---
    RMSE omega (GP): 0.010591 | RMSE omega (Sim): 0.077916
    Loss: 7.0789 | Epoch: 1033
    Eq omega: 0.002791 + 0.00047theta + -0.00226omega + 0.00088theta^2 + -0.00041theta omega + -0.00984omega^2
    Eq omega Phys: -0.004206*omega**2 - 6.0e-6*omega*theta - 3.3e-5*omega - 6.0e-6*theta + 2.6e-5
    Diffusion: theta=1.468717e-03, omega=5.692743e-05

--- Chunk 68245 (46/220) | Start: 2025-04-18 21:30:00 ---
    RMSE omega (GP): 0.012509 | RMSE omega (Sim): 0.123854
    Loss: 0.5423 | Epoch: 1405
    Eq omega: -0.002721 + -0.07033theta + 0.00681omega + -0.00068theta^2 + -0.00210theta omega + 0.00299omega^2
    Eq omega Phys: 0.000825*omega**2 - 1.9e-5*omega*theta + 0.000444*omega - 7.3e-5*theta + 0.000839
    Diffusion: theta=1.702977e-03, omega=4.500004e-05

--- Chunk 68246 (47/220) | Start: 2025-04-18 21:35:00 ---
    RMSE omega (GP): 0.043482 | RMSE omega (Sim): 0.132466
    Loss: 115.0589 | Epoch: 579
    Eq omega: -0.001761 + -0.00731theta + 0.00166omega + -0.00029theta^2 + 0.00306theta omega + -0.00080omega^2
    Eq omega Phys: -0.000263*omega**2 + 3.4e-5*omega*theta + 0.000413*omega - 1.0e-5*theta - 0.000104
    Diffusion: theta=5.886772e-02, omega=5.798771e-05

--- Chunk 68247 (48/220) | Start: 2025-04-18 21:40:00 ---
/pfs/data6/home/ka/ka_iai/ka_bj2362/dsr/svise/run_analysis_5min_all_chunks_combo38.py:212: ODEintWarning: Excess work done on this call (perhaps wrong Dfun type). Run with full_output = 1 to get quantitative information.
  sol_scaled = odeint(drift, x0_scaled, t_scaled, full_output=False)
    RMSE omega (GP): 0.010829 | RMSE omega (Sim): nan
    Loss: 7.4120 | Epoch: 965
    Eq omega: -0.000531 + -0.00557theta + 0.00560omega + 0.02276theta^2 + 0.00137theta omega + 0.00090omega^2
    Eq omega Phys: 0.000388*omega**2 + 2.0e-5*omega*theta + 0.000242*omega + 1.1e-5*theta**2 + 5.5e-5*theta + 6.8e-5
    Diffusion: theta=1.634457e-03, omega=4.461897e-05

--- Chunk 68248 (49/220) | Start: 2025-04-18 21:45:00 ---
    RMSE omega (GP): 0.015624 | RMSE omega (Sim): 0.170113
    Loss: 4.3035 | Epoch: 1311
    Eq omega: -0.011071 + -0.01249theta + 0.00091omega + 0.00479theta^2 + 0.02351theta omega + -0.01680omega^2
    Eq omega Phys: -0.004357*omega**2 + 0.000203*omega*theta + 0.000468*omega + 1.0e-6*theta**2 - 8.0e-6*theta - 7.1e-5
    Diffusion: theta=3.735870e-03, omega=6.672739e-05

--- Chunk 68249 (50/220) | Start: 2025-04-18 21:50:00 ---
    RMSE omega (GP): nan | RMSE omega (Sim): nan
    Loss: 12282.3994 | Epoch: 15
    Eq omega: nan1 + nantheta + nanomega + nantheta^2 + nantheta omega + nanomega^2
    Eq omega Phys: N/A
    Diffusion: theta=nan, omega=nan

  [Progress 50/220] Mean RMSE omega (GP): 0.019023 | (Sim): 0.153581 | Mean loss: -721.8138 | Valid GP: 42/50 | Valid Sim: 41/50 | Elapsed: 18.6min | ETA: 63.2min

--- Chunk 68250 (51/220) | Start: 2025-04-18 21:55:00 ---
    RMSE omega (GP): nan | RMSE omega (Sim): nan
    Loss: 47.0558 | Epoch: 56
    Eq omega: nan1 + nantheta + nanomega + nantheta^2 + nantheta omega + nanomega^2
    Eq omega Phys: N/A
    Diffusion: theta=nan, omega=nan

--- Chunk 68251 (52/220) | Start: 2025-04-18 22:00:00 ---
    RMSE omega (GP): nan | RMSE omega (Sim): nan
    Loss: 219.9168 | Epoch: 36
    Eq omega: nan1 + nantheta + nanomega + nantheta^2 + nantheta omega + nanomega^2
    Eq omega Phys: N/A
    Diffusion: theta=nan, omega=nan

--- Chunk 68252 (53/220) | Start: 2025-04-18 22:05:00 ---
    RMSE omega (GP): 0.012749 | RMSE omega (Sim): 0.087896
    Loss: 12.5017 | Epoch: 1725
    Eq omega: 0.000031 + -0.00037theta + -0.00018omega + -0.00005theta^2 + -0.00009theta omega + 0.00037omega^2
    Eq omega Phys: 0.000165*omega**2 - 1.0e-6*omega*theta - 2.8e-5*omega - 1.0e-6*theta - 1.4e-5
    Diffusion: theta=7.486158e-04, omega=4.342932e-05

--- Chunk 68253 (54/220) | Start: 2025-04-18 22:10:00 ---
    RMSE omega (GP): 0.013106 | RMSE omega (Sim): 0.114683
    Loss: 6.4990 | Epoch: 1218
    Eq omega: 0.005111 + 0.00002theta + -0.00513omega + 0.00090theta^2 + -0.00119theta omega + 0.00009omega^2
    Eq omega Phys: 3.1e-5*omega**2 - 1.4e-5*omega*theta - 1.4e-5*omega - 8.0e-6*theta + 6.1e-5
    Diffusion: theta=4.251914e-04, omega=5.981143e-05

--- Chunk 68254 (55/220) | Start: 2025-04-18 22:15:00 ---
    RMSE omega (GP): 0.012163 | RMSE omega (Sim): 0.214150
    Loss: 1.5791 | Epoch: 1664
    Eq omega: -0.003041 + 0.00083theta + 0.00581omega + 0.00052theta^2 + -0.00069theta omega + -0.00003omega^2
    Eq omega Phys: -8.0e-6*omega**2 - 6.0e-6*omega*theta + 0.000279*omega - 3.0e-6*theta + 4.0e-6
    Diffusion: theta=3.907251e-04, omega=7.743931e-05

--- Chunk 68255 (56/220) | Start: 2025-04-18 22:20:00 ---
    RMSE omega (GP): 0.011540 | RMSE omega (Sim): 0.078113
    Loss: 8.1312 | Epoch: 1528
    Eq omega: -0.003221 + -0.00001theta + -0.00023omega + 0.00009theta^2 + -0.00007theta omega + -0.00045omega^2
    Eq omega Phys: -0.000196*omega**2 - 1.0e-6*omega*theta + 1.5e-5*omega - 2.0e-6*theta + 1.4e-5
    Diffusion: theta=6.208731e-04, omega=3.686719e-05

--- Chunk 68256 (57/220) | Start: 2025-04-18 22:25:00 ---
    RMSE omega (GP): 0.011928 | RMSE omega (Sim): 0.170363
    Loss: 3.9880 | Epoch: 1038
    Eq omega: 0.000021 + -0.00062theta + -0.00110omega + -0.00389theta^2 + 0.00538theta omega + -0.00108omega^2
    Eq omega Phys: -0.000371*omega**2 + 6.2e-5*omega*theta + 8.2e-5*omega - 1.0e-6*theta**2 - 6.0e-6*theta - 7.0e-6
    Diffusion: theta=7.468932e-04, omega=6.988976e-05

--- Chunk 68257 (58/220) | Start: 2025-04-18 22:30:00 ---
    RMSE omega (GP): 0.031485 | RMSE omega (Sim): 0.134468
    Loss: 22.7941 | Epoch: 404
    Eq omega: -0.000031 + -0.02412theta + 0.00129omega + -0.00110theta^2 + 0.00145theta omega + 0.00021omega^2
    Eq omega Phys: 6.1e-5*omega**2 + 1.4e-5*omega*theta - 0.000118*omega - 1.9e-5*theta + 0.000259
    Diffusion: theta=1.136744e-01, omega=7.516555e-05

--- Chunk 68258 (59/220) | Start: 2025-04-18 22:35:00 ---
    RMSE omega (GP): nan | RMSE omega (Sim): nan
    Loss: 67.7915 | Epoch: 50
    Eq omega: nan1 + nantheta + nanomega + nantheta^2 + nantheta omega + nanomega^2
    Eq omega Phys: N/A
    Diffusion: theta=nan, omega=nan

--- Chunk 68259 (60/220) | Start: 2025-04-18 22:40:00 ---
    RMSE omega (GP): 0.012442 | RMSE omega (Sim): 0.090966
    Loss: 8.3626 | Epoch: 1935
    Eq omega: 0.000061 + -0.00031theta + -0.00125omega + -0.00002theta^2 + 0.00006theta omega + -0.00114omega^2
    Eq omega Phys: -0.000491*omega**2 + 1.0e-6*omega*theta - 5.8e-5*omega + 3.0e-6
    Diffusion: theta=6.282721e-04, omega=4.706855e-05

--- Chunk 68260 (61/220) | Start: 2025-04-18 22:45:00 ---
    RMSE omega (GP): 0.010544 | RMSE omega (Sim): 0.189427
    Loss: 0.9411 | Epoch: 1021
    Eq omega: -0.008151 + -1.00304theta + -0.00271omega + -0.27782theta^2 + 0.06501theta omega + 0.36401omega^2
    Eq omega Phys: 0.106998*omega**2 + 0.000637*omega*theta - 0.002594*omega - 9.1e-5*theta**2 - 0.000401*theta + 0.002948
    Diffusion: theta=4.219856e-04, omega=6.147467e-05

--- Chunk 68261 (62/220) | Start: 2025-04-18 22:50:00 ---
    RMSE omega (GP): nan | RMSE omega (Sim): nan
    Loss: 823.7274 | Epoch: 22
    Eq omega: nan1 + nantheta + nanomega + nantheta^2 + nantheta omega + nanomega^2
    Eq omega Phys: N/A
    Diffusion: theta=nan, omega=nan

--- Chunk 68262 (63/220) | Start: 2025-04-18 22:55:00 ---
    RMSE omega (GP): nan | RMSE omega (Sim): nan
    Loss: 65.2391 | Epoch: 30
    Eq omega: nan1 + nantheta + nanomega + nantheta^2 + nantheta omega + nanomega^2
    Eq omega Phys: N/A
    Diffusion: theta=nan, omega=nan

--- Chunk 68263 (64/220) | Start: 2025-04-18 23:00:00 ---
    RMSE omega (GP): 0.023207 | RMSE omega (Sim): 0.125317
    Loss: -244.7568 | Epoch: 1173
    Eq omega: 0.003671 + 0.00051theta + -0.00435omega + 0.00029theta^2 + 0.00153theta omega + 0.00082omega^2
    Eq omega Phys: 0.000258*omega**2 + 1.6e-5*omega*theta + 0.000145*omega + 4.0e-6*theta + 5.6e-5
    Diffusion: theta=6.287936e-01, omega=6.418591e-04

--- Chunk 68264 (65/220) | Start: 2025-04-18 23:05:00 ---
    RMSE omega (GP): 0.014803 | RMSE omega (Sim): 0.083391
    Loss: 14.1975 | Epoch: 1522
    Eq omega: 0.006161 + -0.00114theta + 0.00154omega + -0.00029theta^2 + -0.00038theta omega + 0.00074omega^2
    Eq omega Phys: 0.000299*omega**2 - 5.0e-6*omega*theta + 0.000128*omega + 3.0e-6*theta + 7.0e-6
    Diffusion: theta=7.519386e-04, omega=9.778082e-05

--- Chunk 68265 (66/220) | Start: 2025-04-18 23:10:00 ---
    RMSE omega (GP): 0.013771 | RMSE omega (Sim): 0.094671
    Loss: -42342940453560647680.0000 | Epoch: 1862
    Eq omega: 0.004811 + -0.13463theta + -0.00629omega + -0.00045theta^2 + -0.00129theta omega + 0.00121omega^2
    Eq omega Phys: 0.000382*omega**2 - 1.4e-5*omega*theta - 0.000151*omega - 0.000148*theta + 0.000656
    Diffusion: theta=1.549712e+03, omega=1.483892e-03

--- Chunk 68266 (67/220) | Start: 2025-04-18 23:15:00 ---
    RMSE omega (GP): 0.013646 | RMSE omega (Sim): 0.138067
    Loss: 3.9770 | Epoch: 1397
    Eq omega: 0.002671 + -0.00060theta + 0.00167omega + -0.00036theta^2 + -0.00094theta omega + 0.00234omega^2
    Eq omega Phys: 0.000664*omega**2 - 9.0e-6*omega*theta + 0.000104*omega + 1.0e-6*theta + 1.1e-5
    Diffusion: theta=7.230658e-04, omega=9.109073e-05

--- Chunk 68267 (68/220) | Start: 2025-04-18 23:20:00 ---
    RMSE omega (GP): nan | RMSE omega (Sim): nan
    Loss: 247.4156 | Epoch: 26
    Eq omega: nan1 + nantheta + nanomega + nantheta^2 + nantheta omega + nanomega^2
    Eq omega Phys: N/A
    Diffusion: theta=nan, omega=nan

--- Chunk 68268 (69/220) | Start: 2025-04-18 23:25:00 ---
    RMSE omega (GP): 0.016467 | RMSE omega (Sim): 0.167742
    Loss: 21.6247 | Epoch: 1720
    Eq omega: -0.001521 + -0.00025theta + -0.00516omega + 0.00003theta^2 + 0.00020theta omega + 0.00027omega^2
    Eq omega Phys: 0.000121*omega**2 + 3.0e-6*omega*theta - 0.000112*omega - 3.0e-6
    Diffusion: theta=2.463737e-03, omega=4.525606e-05

--- Chunk 68269 (70/220) | Start: 2025-04-18 23:30:00 ---
    RMSE omega (GP): 0.045419 | RMSE omega (Sim): 0.183214
    Loss: 65.8761 | Epoch: 634
    Eq omega: 0.003361 + -0.00068theta + -0.00004omega + -0.00004theta^2 + -0.00051theta omega + 0.00137omega^2
    Eq omega Phys: 0.000324*omega**2 - 4.0e-6*omega*theta - 8.4e-5*omega - 1.0e-6*theta - 4.0e-6
    Diffusion: theta=1.912186e+00, omega=2.224240e-03

--- Chunk 68270 (71/220) | Start: 2025-04-18 23:35:00 ---
    RMSE omega (GP): 0.019794 | RMSE omega (Sim): 0.141008
    Loss: 2.0972 | Epoch: 2349
    Eq omega: -0.006211 + -0.15330theta + 0.00312omega + 0.00036theta^2 + 0.00232theta omega + 0.00613omega^2
    Eq omega Phys: 0.001519*omega**2 + 1.9e-5*omega*theta + 0.000687*omega - 0.000164*theta - 0.005121
    Diffusion: theta=7.146322e-04, omega=5.839572e-05

--- Chunk 68271 (72/220) | Start: 2025-04-18 23:40:00 ---
    RMSE omega (GP): 0.012130 | RMSE omega (Sim): 0.127204
    Loss: 3.9613 | Epoch: 1005
    Eq omega: -0.001561 + -0.55862theta + -0.00887omega + 0.01016theta^2 + 0.02142theta omega + -0.00677omega^2
    Eq omega Phys: -0.002152*omega**2 + 0.000227*omega*theta - 0.001106*omega + 4.0e-6*theta**2 - 0.000646*theta + 0.002256
    Diffusion: theta=8.751789e-03, omega=8.192483e-05

--- Chunk 68272 (73/220) | Start: 2025-04-18 23:45:00 ---
    RMSE omega (GP): 0.015217 | RMSE omega (Sim): 0.103128
    Loss: 8.2161 | Epoch: 685
    Eq omega: -0.002931 + 0.00414theta + -0.00045omega + -0.00142theta^2 + -0.00378theta omega + -0.00042omega^2
    Eq omega Phys: -0.000137*omega**2 - 4.1e-5*omega*theta + 0.000154*omega - 0.e-6*theta**2 + 9.0e-6*theta - 3.8e-5
    Diffusion: theta=8.725564e-04, omega=7.805631e-05

--- Chunk 68273 (74/220) | Start: 2025-04-18 23:50:00 ---
    RMSE omega (GP): 0.014627 | RMSE omega (Sim): 0.188960
    Loss: 1.9016 | Epoch: 1830
    Eq omega: -0.001631 + -0.00146theta + 0.00064omega + 0.00040theta^2 + -0.00044theta omega + -0.00063omega^2
    Eq omega Phys: -0.000147*omega**2 - 3.0e-6*omega*theta + 2.8e-5*omega - 2.0e-6*theta - 4.0e-6
    Diffusion: theta=8.793886e-04, omega=1.431098e-04

--- Chunk 68274 (75/220) | Start: 2025-04-18 23:55:00 ---
    RMSE omega (GP): 0.011714 | RMSE omega (Sim): 0.096639
    Loss: 4.6311 | Epoch: 832
    Eq omega: -0.003131 + -0.02108theta + 0.00309omega + -0.00750theta^2 + 0.01229theta omega + 0.00014omega^2
    Eq omega Phys: 5.0e-5*omega**2 + 0.000145*omega*theta + 0.000413*omega - 3.0e-6*theta**2 - 3.6e-5*theta - 7.3e-5
    Diffusion: theta=2.769963e-04, omega=4.962354e-05

--- Chunk 68275 (76/220) | Start: 2025-04-19 00:00:00 ---
    RMSE omega (GP): nan | RMSE omega (Sim): nan
    Loss: 459.4913 | Epoch: 17
    Eq omega: nan1 + nantheta + nanomega + nantheta^2 + nantheta omega + nanomega^2
    Eq omega Phys: N/A
    Diffusion: theta=nan, omega=nan

--- Chunk 68276 (77/220) | Start: 2025-04-19 00:05:00 ---
    RMSE omega (GP): 0.030623 | RMSE omega (Sim): 0.120300
    Loss: 33.3427 | Epoch: 115
    Eq omega: 0.002581 + -0.00366theta + -0.00156omega + -0.00402theta^2 + 0.00179theta omega + -0.01047omega^2
    Eq omega Phys: -0.00303*omega**2 + 1.7e-5*omega*theta + 8.7e-5*omega - 1.0e-6*theta**2 - 2.5e-5*theta - 0.000106
    Diffusion: theta=2.195726e-03, omega=2.078197e-05

--- Chunk 68277 (78/220) | Start: 2025-04-19 00:10:00 ---
    RMSE omega (GP): 0.011925 | RMSE omega (Sim): 0.088475
    Loss: 6.3128 | Epoch: 835
    Eq omega: -0.000581 + -0.00086theta + 0.00353omega + -0.00144theta^2 + -0.00268theta omega + 0.00284omega^2
    Eq omega Phys: 0.001071*omega**2 - 3.4e-5*omega*theta + 0.000467*omega - 0.e-6*theta**2 + 1.2e-5*theta - 5.7e-5
    Diffusion: theta=4.823770e-04, omega=8.122129e-05

--- Chunk 68278 (79/220) | Start: 2025-04-19 00:15:00 ---
    RMSE omega (GP): 0.013937 | RMSE omega (Sim): 0.120156
    Loss: 11.8850 | Epoch: 1849
    Eq omega: 0.000041 + -0.00012theta + 0.00126omega + 0.00116theta^2 + 0.00044theta omega + 0.00192omega^2
    Eq omega Phys: 0.00078*omega**2 + 6.0e-6*omega*theta + 2.1e-5*omega + 1.0e-6*theta**2 - 4.0e-6*theta + 7.0e-6
    Diffusion: theta=1.029883e-03, omega=7.392478e-05

--- Chunk 68279 (80/220) | Start: 2025-04-19 00:20:00 ---
    RMSE omega (GP): 0.014419 | RMSE omega (Sim): 0.118247
    Loss: 11.9432 | Epoch: 1227
    Eq omega: -0.000801 + 0.00100theta + -0.00144omega + 0.00061theta^2 + -0.00103theta omega + 0.00191omega^2
    Eq omega Phys: 0.00075*omega**2 - 1.3e-5*omega*theta + 3.8e-5*omega - 2.0e-6*theta + 1.0e-6
    Diffusion: theta=6.145913e-04, omega=8.546439e-05

--- Chunk 68280 (81/220) | Start: 2025-04-19 00:25:00 ---
    RMSE omega (GP): 0.014875 | RMSE omega (Sim): 0.119937
    Loss: 4.1629 | Epoch: 1892
    Eq omega: 0.000661 + -0.00078theta + 0.00015omega + 0.00025theta^2 + 0.00007theta omega + -0.00387omega^2
    Eq omega Phys: -0.001084*omega**2 + 1.0e-6*omega*theta - 8.0e-6*omega - 4.0e-6*theta + 5.0e-5
    Diffusion: theta=1.608043e-03, omega=4.177075e-05

--- Chunk 68281 (82/220) | Start: 2025-04-19 00:30:00 ---
    RMSE omega (GP): 0.014071 | RMSE omega (Sim): 0.066378
    Loss: 19.5427 | Epoch: 1936
    Eq omega: -0.000281 + -0.00140theta + -0.00084omega + -0.00004theta^2 + 0.00066theta omega + 0.00077omega^2
    Eq omega Phys: 0.000389*omega**2 + 1.1e-5*omega*theta + 0.000131*omega - 2.0e-6*theta - 2.7e-5
    Diffusion: theta=2.616246e-03, omega=4.017511e-05

--- Chunk 68282 (83/220) | Start: 2025-04-19 00:35:00 ---
    RMSE omega (GP): 0.013207 | RMSE omega (Sim): 0.113705
    Loss: 5.0483 | Epoch: 2087
    Eq omega: -0.001231 + -0.00036theta + -0.00084omega + -0.00006theta^2 + 0.00052theta omega + -0.00234omega^2
    Eq omega Phys: -0.000786*omega**2 + 6.0e-6*omega*theta + 6.3e-5*omega - 1.0e-6*theta - 1.6e-5
    Diffusion: theta=3.686512e-04, omega=6.895213e-05

--- Chunk 68283 (84/220) | Start: 2025-04-19 00:40:00 ---
    RMSE omega (GP): nan | RMSE omega (Sim): nan
    Loss: 207.2975 | Epoch: 45
    Eq omega: nan1 + nantheta + nanomega + nantheta^2 + nantheta omega + nanomega^2
    Eq omega Phys: N/A
    Diffusion: theta=nan, omega=nan

--- Chunk 68284 (85/220) | Start: 2025-04-19 00:45:00 ---
    RMSE omega (GP): 0.011322 | RMSE omega (Sim): 0.089503
    Loss: 8.1327 | Epoch: 990
    Eq omega: 0.002211 + -0.01753theta + 0.00092omega + 0.05961theta^2 + -0.00539theta omega + -0.00258omega^2
    Eq omega Phys: -0.001117*omega**2 - 7.8e-5*omega*theta - 6.3e-5*omega + 2.9e-5*theta**2 + 5.0e-5*theta + 2.4e-5
    Diffusion: theta=4.284289e-04, omega=6.788455e-05

--- Chunk 68285 (86/220) | Start: 2025-04-19 00:50:00 ---
    RMSE omega (GP): nan | RMSE omega (Sim): nan
    Loss: 143.7435 | Epoch: 45
    Eq omega: nan1 + nantheta + nanomega + nantheta^2 + nantheta omega + nanomega^2
    Eq omega Phys: N/A
    Diffusion: theta=nan, omega=nan

--- Chunk 68286 (87/220) | Start: 2025-04-19 00:55:00 ---
    RMSE omega (GP): 0.011312 | RMSE omega (Sim): 0.089159
    Loss: 25.0882 | Epoch: 1789
    Eq omega: 0.003061 + 0.00043theta + 0.00104omega + -0.00001theta^2 + 0.00012theta omega + -0.00008omega^2
    Eq omega Phys: -5.2e-5*omega**2 + 3.0e-6*omega*theta - 2.1e-5*omega + 1.0e-6*theta - 8.0e-6
    Diffusion: theta=2.282996e-03, omega=2.450536e-05

--- Chunk 68287 (88/220) | Start: 2025-04-19 01:00:00 ---
    RMSE omega (GP): nan | RMSE omega (Sim): nan
    Loss: 681.8273 | Epoch: 20
    Eq omega: nan1 + nantheta + nanomega + nantheta^2 + nantheta omega + nanomega^2
    Eq omega Phys: N/A
    Diffusion: theta=nan, omega=nan

--- Chunk 68288 (89/220) | Start: 2025-04-19 01:05:00 ---
    RMSE omega (GP): nan | RMSE omega (Sim): nan
    Loss: 1157.7054 | Epoch: 43
    Eq omega: nan1 + nantheta + nanomega + nantheta^2 + nantheta omega + nanomega^2
    Eq omega Phys: N/A
    Diffusion: theta=nan, omega=nan

--- Chunk 68289 (90/220) | Start: 2025-04-19 01:10:00 ---
    RMSE omega (GP): nan | RMSE omega (Sim): nan
    Loss: 434.2579 | Epoch: 27
    Eq omega: nan1 + nantheta + nanomega + nantheta^2 + nantheta omega + nanomega^2
    Eq omega Phys: N/A
    Diffusion: theta=nan, omega=nan

--- Chunk 68290 (91/220) | Start: 2025-04-19 01:15:00 ---
    RMSE omega (GP): 0.014617 | RMSE omega (Sim): 0.177789
    Loss: 0.7291 | Epoch: 1887
    Eq omega: -0.000231 + 0.00035theta + -0.00094omega + 0.00002theta^2 + -0.00007theta omega + 0.00169omega^2
    Eq omega Phys: 0.000344*omega**2 - 4.1e-5*omega + 1.0e-6*theta + 8.0e-6
    Diffusion: theta=1.015719e-02, omega=8.320622e-05

--- Chunk 68291 (92/220) | Start: 2025-04-19 01:20:00 ---
    RMSE omega (GP): 0.031583 | RMSE omega (Sim): 0.077676
    Loss: 102.3188 | Epoch: 671
    Eq omega: 0.004681 + -0.00117theta + -0.02951omega + 0.00049theta^2 + -0.00012theta omega + 0.00036omega^2
    Eq omega Phys: 0.000154*omega**2 - 2.0e-6*omega*theta - 0.001069*omega + 2.2e-5*theta + 0.000521
    Diffusion: theta=7.543875e-02, omega=6.554194e-05

--- Chunk 68292 (93/220) | Start: 2025-04-19 01:25:00 ---
    RMSE omega (GP): 0.010926 | RMSE omega (Sim): 0.115702
    Loss: 2.4728 | Epoch: 1956
    Eq omega: 0.000991 + -0.00424theta + -0.01043omega + 0.00043theta^2 + -0.00012theta omega + -0.00113omega^2
    Eq omega Phys: -0.000363*omega**2 - 1.0e-6*omega*theta - 0.000372*omega + 1.0e-6*theta - 3.0e-5
    Diffusion: theta=1.188341e-03, omega=6.983351e-05

--- Chunk 68293 (94/220) | Start: 2025-04-19 01:30:00 ---
    RMSE omega (GP): 0.012981 | RMSE omega (Sim): 0.136186
    Loss: 1.2019 | Epoch: 1040
    Eq omega: -0.001571 + -0.00019theta + 0.00381omega + -0.00375theta^2 + -0.00127theta omega + 0.00072omega^2
    Eq omega Phys: 0.0002*omega**2 - 1.2e-5*omega*theta + 0.000216*omega - 1.0e-6*theta**2 + 1.7e-5*theta - 7.1e-5
    Diffusion: theta=5.204588e-03, omega=9.309301e-05

--- Chunk 68294 (95/220) | Start: 2025-04-19 01:35:00 ---
    RMSE omega (GP): 0.013005 | RMSE omega (Sim): 0.052903
    Loss: 30.3848 | Epoch: 3431
    Eq omega: -0.000591 + 0.00004theta + 0.00079omega + 0.00001theta^2 + -0.00002theta omega + 0.00006omega^2
    Eq omega Phys: 3.8e-5*omega**2 + 1.4e-5*omega + 6.0e-6
    Diffusion: theta=7.747232e-04, omega=2.241051e-05

--- Chunk 68295 (96/220) | Start: 2025-04-19 01:40:00 ---
    RMSE omega (GP): nan | RMSE omega (Sim): nan
    Loss: 636.8109 | Epoch: 67
    Eq omega: nan1 + nantheta + nanomega + nantheta^2 + nantheta omega + nanomega^2
    Eq omega Phys: N/A
    Diffusion: theta=nan, omega=nan

--- Chunk 68296 (97/220) | Start: 2025-04-19 01:45:00 ---
    RMSE omega (GP): 0.015079 | RMSE omega (Sim): 0.302598
    Loss: 18.5375 | Epoch: 3321
    Eq omega: -0.008191 + -0.00310theta + -0.00233omega + -0.00862theta^2 + 0.00008theta omega + 0.00159omega^2
    Eq omega Phys: 0.000715*omega**2 + 1.0e-6*omega*theta - 4.3e-5*omega - 4.0e-6*theta**2 - 0.000254*theta - 0.003774
    Diffusion: theta=8.480998e-04, omega=3.614090e-05

--- Chunk 68297 (98/220) | Start: 2025-04-19 01:50:00 ---
    RMSE omega (GP): 0.013785 | RMSE omega (Sim): 0.136513
    Loss: 16.2381 | Epoch: 2117
    Eq omega: -0.004321 + 0.00003theta + 0.00214omega + -0.00005theta^2 + -0.00063theta omega + 0.00084omega^2
    Eq omega Phys: 0.000397*omega**2 - 1.0e-5*omega*theta - 0.000119*omega - 0.e-6*theta - 1.9e-5
    Diffusion: theta=1.115997e-03, omega=4.299597e-05

--- Chunk 68298 (99/220) | Start: 2025-04-19 01:55:00 ---
    RMSE omega (GP): 0.015111 | RMSE omega (Sim): 0.126256
    Loss: 8.8596 | Epoch: 1559
    Eq omega: 0.001491 + 0.00007theta + 0.00274omega + 0.00012theta^2 + -0.00006theta omega + 0.00027omega^2
    Eq omega Phys: 8.9e-5*omega**2 - 0.e-6*omega*theta + 8.1e-5*omega + 1.0e-6*theta + 1.6e-5
    Diffusion: theta=1.051113e-03, omega=5.842446e-05

--- Chunk 68299 (100/220) | Start: 2025-04-19 02:00:00 ---
    RMSE omega (GP): nan | RMSE omega (Sim): nan
    Loss: 204.9207 | Epoch: 40
    Eq omega: nan1 + nantheta + nanomega + nantheta^2 + nantheta omega + nanomega^2
    Eq omega Phys: N/A
    Diffusion: theta=nan, omega=nan

  [Progress 100/220] Mean RMSE omega (GP): 0.017673 | (Sim): 0.141269 | Mean loss: -423429404535606784.0000 | Valid GP: 78/100 | Valid Sim: 77/100 | Elapsed: 37.0min | ETA: 44.4min

--- Chunk 68300 (101/220) | Start: 2025-04-19 02:05:00 ---
    RMSE omega (GP): 0.014020 | RMSE omega (Sim): 0.120134
    Loss: 8.1770 | Epoch: 2086
    Eq omega: 0.013091 + -1.50175theta + -0.01172omega + -0.02157theta^2 + -0.02027theta omega + -0.01859omega^2
    Eq omega Phys: -0.006538*omega**2 - 0.000238*omega*theta + 0.0006*omega - 8.0e-6*theta**2 - 0.001598*theta + 0.006852
    Diffusion: theta=6.811995e-04, omega=6.784342e-05

--- Chunk 68301 (102/220) | Start: 2025-04-19 02:10:00 ---
    RMSE omega (GP): 0.014591 | RMSE omega (Sim): 0.122567
    Loss: 8.0201 | Epoch: 838
    Eq omega: -0.000911 + 0.00043theta + -0.00181omega + -0.00019theta^2 + 0.00016theta omega + -0.00264omega^2
    Eq omega Phys: -0.000868*omega**2 + 2.0e-6*omega*theta - 4.4e-5*omega - 0.e-6*theta - 5.0e-6
    Diffusion: theta=3.623542e-03, omega=7.391712e-05

--- Chunk 68302 (103/220) | Start: 2025-04-19 02:15:00 ---
    RMSE omega (GP): 0.012441 | RMSE omega (Sim): 0.202332
    Loss: 3.1590 | Epoch: 741
    Eq omega: -0.000441 + -0.64097theta + 0.00145omega + 0.00064theta^2 + 0.03980theta omega + 0.00616omega^2
    Eq omega Phys: 0.001873*omega**2 + 0.000403*omega*theta - 0.002279*omega - 0.000715*theta + 0.004115
    Diffusion: theta=5.374195e-04, omega=5.210270e-05

--- Chunk 68303 (104/220) | Start: 2025-04-19 02:20:00 ---
    RMSE omega (GP): nan | RMSE omega (Sim): nan
    Loss: 26.7638 | Epoch: 82
    Eq omega: nan1 + nantheta + nanomega + nantheta^2 + nantheta omega + nanomega^2
    Eq omega Phys: N/A
    Diffusion: theta=nan, omega=nan

--- Chunk 68304 (105/220) | Start: 2025-04-19 02:25:00 ---
    RMSE omega (GP): 0.013268 | RMSE omega (Sim): 0.156492
    Loss: 3.0531 | Epoch: 1706
    Eq omega: 0.003751 + -1.04794theta + -0.00242omega + 0.02368theta^2 + -0.03293theta omega + -0.01097omega^2
    Eq omega Phys: -0.003042*omega**2 - 0.000304*omega*theta - 0.000569*omega + 7.0e-6*theta**2 - 0.001141*theta - 0.001833
    Diffusion: theta=2.603403e-03, omega=8.068264e-05

--- Chunk 68305 (106/220) | Start: 2025-04-19 02:30:00 ---
    RMSE omega (GP): 0.045698 | RMSE omega (Sim): 0.149444
    Loss: 83.9096 | Epoch: 49
    Eq omega: 0.021191 + 0.00020theta + -0.00001omega + 0.00018theta^2 + 0.00082theta omega + -0.00029omega^2
    Eq omega Phys: -7.5e-5*omega**2 + 7.0e-6*omega*theta + 0.000136*omega + 2.0e-6*theta + 0.000115
    Diffusion: theta=6.119549e-03, omega=7.930411e-06

--- Chunk 68306 (107/220) | Start: 2025-04-19 02:35:00 ---
    RMSE omega (GP): 0.013991 | RMSE omega (Sim): 0.170728
    Loss: 5.5143 | Epoch: 2331
    Eq omega: 0.001301 + 0.00017theta + -0.00230omega + -0.00129theta^2 + -0.00487theta omega + 0.00373omega^2
    Eq omega Phys: 0.001186*omega**2 - 5.2e-5*omega*theta + 0.000296*omega + 7.0e-6*theta - 2.1e-5
    Diffusion: theta=3.110159e-04, omega=7.118496e-05

--- Chunk 68307 (108/220) | Start: 2025-04-19 02:40:00 ---
    RMSE omega (GP): nan | RMSE omega (Sim): nan
    Loss: 272.9627 | Epoch: 27
    Eq omega: nan1 + nantheta + nanomega + nantheta^2 + nantheta omega + nanomega^2
    Eq omega Phys: N/A
    Diffusion: theta=nan, omega=nan

--- Chunk 68308 (109/220) | Start: 2025-04-19 02:45:00 ---
    RMSE omega (GP): 0.014958 | RMSE omega (Sim): 0.156336
    Loss: 18.2860 | Epoch: 1515
    Eq omega: 0.005831 + -0.00096theta + 0.00294omega + -0.00039theta^2 + 0.00018theta omega + -0.00357omega^2
    Eq omega Phys: -0.001613*omega**2 + 3.0e-6*omega*theta + 0.000129*omega - 6.0e-6*theta - 2.3e-5
    Diffusion: theta=1.011150e-03, omega=5.795788e-05

--- Chunk 68309 (110/220) | Start: 2025-04-19 02:50:00 ---
    RMSE omega (GP): 0.014641 | RMSE omega (Sim): 0.137702
    Loss: 7.2727 | Epoch: 2166
    Eq omega: 0.003841 + 0.00030theta + 0.00201omega + 0.00005theta^2 + -0.00024theta omega + -0.00062omega^2
    Eq omega Phys: -0.000198*omega**2 - 3.0e-6*omega*theta + 1.8e-5*omega + 1.0e-6*theta + 2.6e-5
    Diffusion: theta=9.711552e-04, omega=7.558702e-05

--- Chunk 68310 (111/220) | Start: 2025-04-19 02:55:00 ---
    RMSE omega (GP): 0.023754 | RMSE omega (Sim): 0.079014
    Loss: 63.0779 | Epoch: 532
    Eq omega: -0.001071 + -0.00004theta + 0.00112omega + 0.00003theta^2 + -0.00006theta omega + 0.00040omega^2
    Eq omega Phys: 0.000199*omega**2 - 0.e-6*omega*theta + 2.0e-5*omega + 1.0e-6*theta + 2.0e-6
    Diffusion: theta=1.069183e+01, omega=1.626469e-02

--- Chunk 68311 (112/220) | Start: 2025-04-19 03:00:00 ---
    RMSE omega (GP): 0.023219 | RMSE omega (Sim): 0.076386
    Loss: 49.0581 | Epoch: 1655
    Eq omega: -0.000191 + -0.00033theta + -0.00153omega + -0.00003theta^2 + -0.00004theta omega + -0.00002omega^2
    Eq omega Phys: -9.0e-6*omega**2 - 0.e-6*omega*theta - 6.9e-5*omega - 1.0e-6*theta - 2.5e-5
    Diffusion: theta=1.635580e-02, omega=1.410790e-05

--- Chunk 68312 (113/220) | Start: 2025-04-19 03:05:00 ---
    RMSE omega (GP): 0.031919 | RMSE omega (Sim): 0.172361
    Loss: 33.9893 | Epoch: 640
    Eq omega: 0.002461 + -0.00019theta + -0.00134omega + -0.00001theta^2 + 0.00013theta omega + -0.00105omega^2
    Eq omega Phys: -0.000267*omega**2 + 1.0e-6*omega*theta - 1.8e-5*omega + 4.0e-6
    Diffusion: theta=5.506443e-01, omega=5.944952e-04

--- Chunk 68313 (114/220) | Start: 2025-04-19 03:10:00 ---
    RMSE omega (GP): 0.081802 | RMSE omega (Sim): 0.092225
    Loss: 4524.8555 | Epoch: 34
    Eq omega: 0.000391 + -0.00007theta + -0.00071omega + -0.00001theta^2 + 0.00004theta omega + -0.00009omega^2
    Eq omega Phys: -4.5e-5*omega**2 + 1.0e-6*omega*theta + 3.0e-6*omega - 0.e-6*theta - 1.1e-5
    Diffusion: theta=6.454530e-02, omega=3.340060e-05

--- Chunk 68314 (115/220) | Start: 2025-04-19 03:15:00 ---
    RMSE omega (GP): nan | RMSE omega (Sim): nan
    Loss: 378.8440 | Epoch: 52
    Eq omega: nan1 + nantheta + nanomega + nantheta^2 + nantheta omega + nanomega^2
    Eq omega Phys: N/A
    Diffusion: theta=nan, omega=nan

--- Chunk 68315 (116/220) | Start: 2025-04-19 03:20:00 ---
    RMSE omega (GP): 0.028509 | RMSE omega (Sim): 0.059805
    Loss: 234.2734 | Epoch: 651
    Eq omega: -0.001541 + -0.00025theta + 0.00144omega + 0.00015theta^2 + 0.00022theta omega + 0.00036omega^2
    Eq omega Phys: 0.000253*omega**2 + 5.0e-6*omega*theta + 0.000176*omega + 6.0e-6*theta + 6.3e-5
    Diffusion: theta=1.170597e+00, omega=1.342931e-03

--- Chunk 68316 (117/220) | Start: 2025-04-19 03:25:00 ---
    RMSE omega (GP): 0.035498 | RMSE omega (Sim): 0.123201
    Loss: 53.0180 | Epoch: 114
    Eq omega: -0.005231 + -0.00337theta + -0.00206omega + -0.01904theta^2 + 0.00167theta omega + -0.00065omega^2
    Eq omega Phys: -0.000202*omega**2 + 1.7e-5*omega*theta + 0.000235*omega - 7.0e-6*theta**2 - 0.000235*theta - 0.00212
    Diffusion: theta=3.644282e-03, omega=1.986818e-05

--- Chunk 68317 (118/220) | Start: 2025-04-19 03:30:00 ---
    RMSE omega (GP): 0.012077 | RMSE omega (Sim): 0.120206
    Loss: 10.5612 | Epoch: 1920
    Eq omega: 0.000421 + 0.00041theta + -0.00037omega + -0.00001theta^2 + -0.00014theta omega + 0.00051omega^2
    Eq omega Phys: 0.000229*omega**2 - 2.0e-6*omega*theta - 6.2e-5*omega + 9.0e-6
    Diffusion: theta=2.535497e-03, omega=3.277021e-05

--- Chunk 68318 (119/220) | Start: 2025-04-19 03:35:00 ---
    RMSE omega (GP): 0.029030 | RMSE omega (Sim): 0.153107
    Loss: 27.4270 | Epoch: 479
    Eq omega: 0.018821 + -0.48601theta + -0.23595omega + 0.05214theta^2 + 0.14115theta omega + -0.01554omega^2
    Eq omega Phys: -0.004349*omega**2 + 0.001317*omega*theta - 0.031482*omega + 1.6e-5*theta**2 - 0.001122*theta + 0.014976
    Diffusion: theta=2.946762e-03, omega=3.969310e-05

--- Chunk 68319 (120/220) | Start: 2025-04-19 03:40:00 ---
    RMSE omega (GP): 0.011735 | RMSE omega (Sim): 0.200257
    Loss: 3.4751 | Epoch: 1299
    Eq omega: -0.005561 + -0.29404theta + -0.00295omega + -0.02301theta^2 + -0.00294theta omega + 0.00373omega^2
    Eq omega Phys: 0.001216*omega**2 - 3.2e-5*omega*theta - 0.000357*omega - 8.0e-6*theta**2 - 0.000461*theta - 0.003205
    Diffusion: theta=3.414154e-04, omega=5.992965e-05

--- Chunk 68320 (121/220) | Start: 2025-04-19 03:45:00 ---
    RMSE omega (GP): 0.059871 | RMSE omega (Sim): 0.174149
    Loss: 252.3025 | Epoch: 45
    Eq omega: -0.000191 + -0.01136theta + -0.00909omega + -0.00122theta^2 + 0.00063theta omega + 0.00014omega^2
    Eq omega Phys: 5.0e-5*omega**2 + 8.0e-6*omega*theta - 0.000199*omega - 2.6e-5*theta - 0.000268
    Diffusion: theta=4.571865e-03, omega=1.138264e-05

--- Chunk 68321 (122/220) | Start: 2025-04-19 03:50:00 ---
    RMSE omega (GP): 0.013318 | RMSE omega (Sim): 0.075070
    Loss: 13.7689 | Epoch: 1043
    Eq omega: 0.000391 + -0.00034theta + 0.00384omega + -0.00025theta^2 + 0.00011theta omega + 0.00085omega^2
    Eq omega Phys: 0.000378*omega**2 + 2.0e-6*omega*theta + 0.00015*omega - 4.0e-6*theta - 2.6e-5
    Diffusion: theta=8.939545e-04, omega=6.952128e-05

--- Chunk 68322 (123/220) | Start: 2025-04-19 03:55:00 ---
    RMSE omega (GP): 0.018965 | RMSE omega (Sim): 0.112526
    Loss: 16.0730 | Epoch: 1579
    Eq omega: -0.000451 + 0.00017theta + 0.00104omega + -0.00023theta^2 + 0.00006theta omega + 0.00143omega^2
    Eq omega Phys: 0.00049*omega**2 + 1.0e-6*omega*theta + 4.1e-5*omega - 1.0e-6*theta - 7.0e-6
    Diffusion: theta=7.615982e-04, omega=6.791552e-05

--- Chunk 68323 (124/220) | Start: 2025-04-19 04:00:00 ---
    RMSE omega (GP): nan | RMSE omega (Sim): nan
    Loss: 224.5777 | Epoch: 25
    Eq omega: nan1 + nantheta + nanomega + nantheta^2 + nantheta omega + nanomega^2
    Eq omega Phys: N/A
    Diffusion: theta=nan, omega=nan

--- Chunk 68324 (125/220) | Start: 2025-04-19 04:05:00 ---
    RMSE omega (GP): 0.067200 | RMSE omega (Sim): 0.153341
    Loss: 241.8148 | Epoch: 24
    Eq omega: -0.001411 + -0.00065theta + -0.00287omega + 0.00103theta^2 + 0.00437theta omega + -0.00008omega^2
    Eq omega Phys: -2.3e-5*omega**2 + 4.2e-5*omega*theta + 0.000202*omega + 4.0e-6*theta + 6.0e-6
    Diffusion: theta=nan, omega=nan

--- Chunk 68325 (126/220) | Start: 2025-04-19 04:10:00 ---
    RMSE omega (GP): nan | RMSE omega (Sim): nan
    Loss: 355.1230 | Epoch: 25
    Eq omega: nan1 + nantheta + nanomega + nantheta^2 + nantheta omega + nanomega^2
    Eq omega Phys: N/A
    Diffusion: theta=nan, omega=nan

--- Chunk 68326 (127/220) | Start: 2025-04-19 04:15:00 ---
    RMSE omega (GP): 0.015019 | RMSE omega (Sim): 0.120095
    Loss: 5.9205 | Epoch: 1442
    Eq omega: 0.000551 + -0.01302theta + -0.00383omega + 0.00248theta^2 + 0.00276theta omega + -0.00347omega^2
    Eq omega Phys: -0.001026*omega**2 + 2.7e-5*omega*theta + 0.000137*omega + 1.0e-6*theta**2 + 1.0e-6*theta - 6.2e-5
    Diffusion: theta=3.340589e-03, omega=5.859778e-05

--- Chunk 68327 (128/220) | Start: 2025-04-19 04:20:00 ---
    RMSE omega (GP): 0.016120 | RMSE omega (Sim): 0.141439
    Loss: 4.0501 | Epoch: 1938
    Eq omega: 0.002291 + -0.17841theta + 0.00630omega + 0.01584theta^2 + -0.00089theta omega + -0.01481omega^2
    Eq omega Phys: -0.003968*omega**2 - 8.0e-6*omega*theta + 7.6e-5*omega + 5.0e-6*theta**2 - 3.9e-5*theta - 0.001991
    Diffusion: theta=2.741975e-04, omega=5.558147e-05

--- Chunk 68328 (129/220) | Start: 2025-04-19 04:25:00 ---
    RMSE omega (GP): 0.016591 | RMSE omega (Sim): 0.116049
    Loss: 9.0331 | Epoch: 897
    Eq omega: 0.000491 + -0.00131theta + -0.00164omega + 0.00031theta^2 + -0.01079theta omega + 0.00344omega^2
    Eq omega Phys: 0.001051*omega**2 - 0.00011*omega*theta + 0.001526*omega - 4.0e-6*theta + 4.5e-5
    Diffusion: theta=6.832501e-03, omega=8.278908e-05

--- Chunk 68329 (130/220) | Start: 2025-04-19 04:30:00 ---
    RMSE omega (GP): 0.024912 | RMSE omega (Sim): 0.100849
    Loss: 12.9302 | Epoch: 402
    Eq omega: -0.000701 + 0.00030theta + -0.00015omega + -0.00015theta^2 + 0.00036theta omega + 0.00391omega^2
    Eq omega Phys: 0.001339*omega**2 + 4.0e-6*omega*theta - 7.6e-5*omega + 2.0e-6*theta - 2.5e-5
    Diffusion: theta=nan, omega=nan

--- Chunk 68330 (131/220) | Start: 2025-04-19 04:35:00 ---
    RMSE omega (GP): 0.018034 | RMSE omega (Sim): 0.087108
    Loss: 14.0654 | Epoch: 3583
    Eq omega: 0.006951 + -0.10475theta + -0.00667omega + 0.00042theta^2 + -0.00026theta omega + 0.00301omega^2
    Eq omega Phys: 0.001021*omega**2 - 3.0e-6*omega*theta - 0.000249*omega - 0.000113*theta - 0.001035
    Diffusion: theta=1.039589e-03, omega=6.062790e-05

--- Chunk 68331 (132/220) | Start: 2025-04-19 04:40:00 ---
    RMSE omega (GP): nan | RMSE omega (Sim): nan
    Loss: 358.0686 | Epoch: 51
    Eq omega: nan1 + nantheta + nanomega + nantheta^2 + nantheta omega + nanomega^2
    Eq omega Phys: N/A
    Diffusion: theta=nan, omega=nan

--- Chunk 68332 (133/220) | Start: 2025-04-19 04:45:00 ---
    RMSE omega (GP): 0.017650 | RMSE omega (Sim): 0.100750
    Loss: 17.1055 | Epoch: 1992
    Eq omega: 0.000601 + 0.00009theta + -0.00004omega + -0.00007theta^2 + 0.00032theta omega + 0.00050omega^2
    Eq omega Phys: 0.000184*omega**2 + 4.0e-6*omega*theta + 0.000105*omega - 1.0e-6*theta - 1.7e-5
    Diffusion: theta=8.014422e-04, omega=4.425899e-05

--- Chunk 68333 (134/220) | Start: 2025-04-19 04:50:00 ---
    RMSE omega (GP): nan | RMSE omega (Sim): nan
    Loss: 1615.6453 | Epoch: 21
    Eq omega: nan1 + nantheta + nanomega + nantheta^2 + nantheta omega + nanomega^2
    Eq omega Phys: N/A
    Diffusion: theta=nan, omega=nan

--- Chunk 68334 (135/220) | Start: 2025-04-19 04:55:00 ---
    RMSE omega (GP): 0.035467 | RMSE omega (Sim): 0.187582
    Loss: 88.6272 | Epoch: 42
    Eq omega: 0.001301 + -0.00574theta + 0.00070omega + 0.00041theta^2 + 0.00060theta omega + -0.00078omega^2
    Eq omega Phys: -0.000199*omega**2 + 5.0e-6*omega*theta + 0.000128*omega - 2.0e-6*theta - 7.6e-5
    Diffusion: theta=6.008698e-03, omega=1.369401e-05

--- Chunk 68335 (136/220) | Start: 2025-04-19 05:00:00 ---
    RMSE omega (GP): 0.011720 | RMSE omega (Sim): 0.197539
    Loss: 2.4384 | Epoch: 965
    Eq omega: -0.002351 + 0.00202theta + 0.00011omega + 0.00004theta^2 + -0.00267theta omega + 0.00094omega^2
    Eq omega Phys: 0.000275*omega**2 - 2.6e-5*omega*theta - 7.2e-5*omega + 2.0e-6*theta - 2.0e-6
    Diffusion: theta=2.934727e-03, omega=7.398579e-05

--- Chunk 68336 (137/220) | Start: 2025-04-19 05:05:00 ---
    RMSE omega (GP): 0.018558 | RMSE omega (Sim): 0.062074
    Loss: 28.0890 | Epoch: 2583
    Eq omega: 0.003061 + -0.00152theta + -0.06746omega + -0.00364theta^2 + 0.00150theta omega + 0.00264omega^2
    Eq omega Phys: 0.00118*omega**2 + 2.2e-5*omega*theta - 0.001187*omega - 2.0e-6*theta**2 - 0.000173*theta - 0.004152
    Diffusion: theta=2.620184e-03, omega=2.671261e-05

--- Chunk 68337 (138/220) | Start: 2025-04-19 05:10:00 ---
    RMSE omega (GP): 0.044480 | RMSE omega (Sim): 0.074875
    Loss: 721.4487 | Epoch: 503
    Eq omega: -0.003061 + -0.00033theta + 0.00549omega + -0.00001theta^2 + 0.00024theta omega + 0.00084omega^2
    Eq omega Phys: 0.000579*omega**2 + 6.0e-6*omega*theta + 0.000379*omega - 0.e-6*theta - 2.8e-5
    Diffusion: theta=2.241670e+00, omega=2.522922e-03

--- Chunk 68338 (139/220) | Start: 2025-04-19 05:15:00 ---
    RMSE omega (GP): 0.033521 | RMSE omega (Sim): 0.146769
    Loss: 344.1075 | Epoch: 710
    Eq omega: 0.547201 + 0.00010theta + 0.00017omega + 0.00021theta^2 + 0.00122theta omega + 0.00136omega^2
    Eq omega Phys: 0.000814*omega**2 + 2.4e-5*omega*theta + 0.000772*omega + 9.0e-6*theta + 0.001158
    Diffusion: theta=6.998855e-01, omega=8.741373e-04

--- Chunk 68339 (140/220) | Start: 2025-04-19 05:20:00 ---
    RMSE omega (GP): 0.016155 | RMSE omega (Sim): 0.132987
    Loss: 9.2019 | Epoch: 1671
    Eq omega: 0.001711 + -0.80824theta + -0.03562omega + 0.00217theta^2 + -0.00984theta omega + 0.00162omega^2
    Eq omega Phys: 0.000517*omega**2 - 0.000105*omega*theta - 0.001649*omega + 1.0e-6*theta**2 - 0.000891*theta - 0.003936
    Diffusion: theta=1.690056e-03, omega=9.478967e-05

--- Chunk 68340 (141/220) | Start: 2025-04-19 05:25:00 ---
    RMSE omega (GP): 0.016051 | RMSE omega (Sim): 0.109406
    Loss: 10.6962 | Epoch: 1126
    Eq omega: 0.001081 + -0.01282theta + -0.00285omega + 0.00009theta^2 + -0.00440theta omega + -0.00808omega^2
    Eq omega Phys: -0.002718*omega**2 - 4.9e-5*omega*theta - 0.000349*omega - 1.4e-5*theta - 6.9e-5
    Diffusion: theta=2.950118e-03, omega=8.265225e-05

--- Chunk 68341 (142/220) | Start: 2025-04-19 05:30:00 ---
    RMSE omega (GP): 0.015316 | RMSE omega (Sim): 0.105679
    Loss: 9.2065 | Epoch: 1610
    Eq omega: -0.001551 + -0.00017theta + 0.00218omega + -0.00004theta^2 + -0.00001theta omega + -0.00186omega^2
    Eq omega Phys: -0.000623*omega**2 + 7.1e-5*omega - 0.e-6*theta - 9.0e-6
    Diffusion: theta=2.475211e-03, omega=5.364202e-05

--- Chunk 68342 (143/220) | Start: 2025-04-19 05:35:00 ---
    RMSE omega (GP): 0.022349 | RMSE omega (Sim): 0.155933
    Loss: 14.5688 | Epoch: 310
    Eq omega: 0.007631 + -0.00015theta + -0.00120omega + 0.00117theta^2 + -0.00050theta omega + -0.00055omega^2
    Eq omega Phys: -0.000148*omega**2 - 4.0e-6*omega*theta - 0.00015*omega + 1.7e-5*theta + 0.000237
    Diffusion: theta=nan, omega=nan

--- Chunk 68343 (144/220) | Start: 2025-04-19 05:40:00 ---
    RMSE omega (GP): 0.016117 | RMSE omega (Sim): 0.125614
    Loss: 4.7535 | Epoch: 1313
    Eq omega: 0.000131 + -0.00874theta + -0.03080omega + -0.02369theta^2 + -0.00313theta omega + -0.00068omega^2
    Eq omega Phys: -0.000179*omega**2 - 2.8e-5*omega*theta - 0.000919*omega - 7.0e-6*theta**2 + 4.5e-5*theta - 6.7e-5
    Diffusion: theta=4.954856e-04, omega=6.626048e-05

--- Chunk 68344 (145/220) | Start: 2025-04-19 05:45:00 ---
    RMSE omega (GP): nan | RMSE omega (Sim): nan
    Loss: 59.0897 | Epoch: 59
    Eq omega: nan1 + nantheta + nanomega + nantheta^2 + nantheta omega + nanomega^2
    Eq omega Phys: N/A
    Diffusion: theta=nan, omega=nan

--- Chunk 68345 (146/220) | Start: 2025-04-19 05:50:00 ---
    RMSE omega (GP): nan | RMSE omega (Sim): nan
    Loss: 120.7194 | Epoch: 37
    Eq omega: nan1 + nantheta + nanomega + nantheta^2 + nantheta omega + nanomega^2
    Eq omega Phys: N/A
    Diffusion: theta=nan, omega=nan

--- Chunk 68346 (147/220) | Start: 2025-04-19 05:55:00 ---
    RMSE omega (GP): 0.026196 | RMSE omega (Sim): 0.104092
    Loss: 14.8362 | Epoch: 92
    Eq omega: 0.008471 + -0.40768theta + -0.00682omega + 0.00986theta^2 + -0.00596theta omega + 0.00043omega^2
    Eq omega Phys: 0.000103*omega**2 - 4.7e-5*omega*theta - 0.000412*omega + 3.0e-6*theta**2 - 0.000433*theta - 0.001686
    Diffusion: theta=4.344192e-03, omega=3.135106e-05

--- Chunk 68347 (148/220) | Start: 2025-04-19 06:00:00 ---
    RMSE omega (GP): nan | RMSE omega (Sim): nan
    Loss: 147.6093 | Epoch: 37
    Eq omega: nan1 + nantheta + nanomega + nantheta^2 + nantheta omega + nanomega^2
    Eq omega Phys: N/A
    Diffusion: theta=nan, omega=nan

--- Chunk 68348 (149/220) | Start: 2025-04-19 06:05:00 ---
    RMSE omega (GP): 0.012259 | RMSE omega (Sim): 0.150007
    Loss: 1.4176 | Epoch: 1141
    Eq omega: -0.003631 + -0.27524theta + -0.00119omega + 0.00001theta^2 + -0.00059theta omega + -0.00322omega^2
    Eq omega Phys: -0.000851*omega**2 - 5.0e-6*omega*theta - 5.1e-5*omega - 0.000306*theta - 0.000654
    Diffusion: theta=6.673848e-04, omega=8.763511e-05

--- Chunk 68349 (150/220) | Start: 2025-04-19 06:10:00 ---
    RMSE omega (GP): 0.023640 | RMSE omega (Sim): 0.066917
    Loss: 87.1962 | Epoch: 2181
    Eq omega: -0.001001 + -0.00025theta + -0.00404omega + -0.00003theta^2 + 0.00004theta omega + -0.00061omega^2
    Eq omega Phys: -0.000354*omega**2 + 1.0e-6*omega*theta - 0.00011*omega - 2.0e-6*theta - 3.1e-5
    Diffusion: theta=1.968920e-03, omega=1.190181e-05

  [Progress 150/220] Mean RMSE omega (GP): 0.019993 | (Sim): 0.136503 | Mean loss: -282286269690404416.0000 | Valid GP: 118/150 | Valid Sim: 117/150 | Elapsed: 52.6min | ETA: 24.6min

--- Chunk 68350 (151/220) | Start: 2025-04-19 06:15:00 ---
    RMSE omega (GP): 0.043411 | RMSE omega (Sim): 0.061590
    Loss: 647.4814 | Epoch: 355
    Eq omega: 0.000421 + -0.00489theta + 0.00284omega + 0.00175theta^2 + 0.00014theta omega + -0.00083omega^2
    Eq omega Phys: -0.000461*omega**2 + 3.0e-6*omega*theta + 0.000146*omega + 1.0e-6*theta**2 + 3.8e-5*theta + 0.000322
    Diffusion: theta=1.761562e+00, omega=1.870853e-03

--- Chunk 68351 (152/220) | Start: 2025-04-19 06:20:00 ---
    RMSE omega (GP): 0.015323 | RMSE omega (Sim): 0.164186
    Loss: 8.1809 | Epoch: 2438
    Eq omega: -0.022531 + -0.88717theta + -0.00892omega + 0.00092theta^2 + -0.02634theta omega + 0.00281omega^2
    Eq omega Phys: 0.000913*omega**2 - 0.000285*omega*theta - 0.001801*omega - 0.000982*theta - 0.005264
    Diffusion: theta=1.879276e-03, omega=1.099604e-04

--- Chunk 68352 (153/220) | Start: 2025-04-19 06:25:00 ---
    RMSE omega (GP): 0.017383 | RMSE omega (Sim): 0.099254
    Loss: 23.1032 | Epoch: 1098
    Eq omega: 0.000481 + 0.00054theta + 0.00005omega + 0.00040theta^2 + -0.00146theta omega + -0.00193omega^2
    Eq omega Phys: -0.00085*omega**2 - 2.1e-5*omega*theta - 0.000201*omega + 4.0e-6*theta + 2.4e-5
    Diffusion: theta=1.553740e-03, omega=5.502576e-05

--- Chunk 68353 (154/220) | Start: 2025-04-19 06:30:00 ---
    RMSE omega (GP): 0.013771 | RMSE omega (Sim): 0.161536
    Loss: 5.1232 | Epoch: 1165
    Eq omega: -0.002721 + -0.00786theta + -0.00324omega + 0.00118theta^2 + -0.00007theta omega + 0.00347omega^2
    Eq omega Phys: 0.001078*omega**2 - 0.e-6*omega*theta - 0.000112*omega - 5.0e-6*theta - 4.4e-5
    Diffusion: theta=5.155651e-04, omega=6.303685e-05

--- Chunk 68354 (155/220) | Start: 2025-04-19 06:35:00 ---
    RMSE omega (GP): 0.013109 | RMSE omega (Sim): 0.136770
    Loss: 6.7268 | Epoch: 793
    Eq omega: -0.001731 + -0.56564theta + 0.00968omega + -0.00855theta^2 + -0.00633theta omega + -0.00764omega^2
    Eq omega Phys: -0.002733*omega**2 - 7.5e-5*omega*theta + 0.000684*omega - 3.0e-6*theta**2 - 0.000596*theta + 0.002922
    Diffusion: theta=6.128959e-04, omega=5.259002e-05

--- Chunk 68355 (156/220) | Start: 2025-04-19 06:40:00 ---
    RMSE omega (GP): 0.014363 | RMSE omega (Sim): 0.173134
    Loss: 6.7426 | Epoch: 1399
    Eq omega: -0.011071 + 0.00069theta + 0.00136omega + -0.00029theta^2 + -0.00243theta omega + 0.00385omega^2
    Eq omega Phys: 0.001267*omega**2 - 2.7e-5*omega*theta - 0.00012*omega - 0.e-6*theta - 3.7e-5
    Diffusion: theta=7.519458e-03, omega=4.747687e-05

--- Chunk 68356 (157/220) | Start: 2025-04-19 06:45:00 ---
    RMSE omega (GP): 0.012781 | RMSE omega (Sim): 0.158711
    Loss: 7.1385 | Epoch: 958
    Eq omega: 0.009351 + -0.70429theta + -0.00889omega + 0.00164theta^2 + 0.00212theta omega + -0.00901omega^2
    Eq omega Phys: -0.003356*omega**2 + 2.6e-5*omega*theta - 0.000499*omega + 1.0e-6*theta**2 - 0.000793*theta + 0.006108
    Diffusion: theta=1.672525e-03, omega=3.315921e-05

--- Chunk 68357 (158/220) | Start: 2025-04-19 06:50:00 ---
    RMSE omega (GP): 0.012605 | RMSE omega (Sim): 0.146482
    Loss: 0.6149 | Epoch: 2570
    Eq omega: -0.016131 + -0.23558theta + 0.02069omega + 0.02248theta^2 + -0.08321theta omega + -0.12824omega^2
    Eq omega Phys: -0.030235*omega**2 - 0.000654*omega*theta + 0.005711*omega + 6.0e-6*theta**2 - 0.000352*theta + 0.002281
    Diffusion: theta=1.429699e-03, omega=6.610749e-05

--- Chunk 68358 (159/220) | Start: 2025-04-19 06:55:00 ---
    RMSE omega (GP): 0.010645 | RMSE omega (Sim): 0.148202
    Loss: 1.5960 | Epoch: 986
    Eq omega: -0.007761 + -0.83341theta + 0.00559omega + 0.00641theta^2 + 0.00981theta omega + 0.00584omega^2
    Eq omega Phys: 0.00182*omega**2 + 0.000102*omega*theta + 0.00036*omega + 2.0e-6*theta**2 - 0.000918*theta - 0.001602
    Diffusion: theta=3.574817e-04, omega=6.731039e-05

--- Chunk 68359 (160/220) | Start: 2025-04-19 07:00:00 ---
    RMSE omega (GP): 0.015460 | RMSE omega (Sim): 0.138677
    Loss: 20.4243 | Epoch: 2041
    Eq omega: -0.005471 + -0.00024theta + 0.00182omega + -0.00005theta^2 + -0.00024theta omega + 0.00124omega^2
    Eq omega Phys: 0.000565*omega**2 - 4.0e-6*omega*theta + 0.000103*omega - 1.4e-5
    Diffusion: theta=2.119849e-03, omega=5.112025e-05

--- Chunk 68360 (161/220) | Start: 2025-04-19 07:05:00 ---
    RMSE omega (GP): 0.014027 | RMSE omega (Sim): 0.101487
    Loss: 11.5683 | Epoch: 1167
    Eq omega: 0.018361 + -1.16967theta + -0.00691omega + -0.00739theta^2 + -0.01033theta omega + -0.00100omega^2
    Eq omega Phys: -0.000405*omega**2 - 0.00014*omega*theta - 8.0e-6*omega - 3.0e-6*theta**2 - 0.001289*theta + 0.002117
    Diffusion: theta=3.247112e-04, omega=6.280920e-05

--- Chunk 68361 (162/220) | Start: 2025-04-19 07:10:00 ---
    RMSE omega (GP): 0.035143 | RMSE omega (Sim): 0.094471
    Loss: 73.1673 | Epoch: 32
    Eq omega: -0.001841 + -0.02690theta + 0.00087omega + 0.00191theta^2 + 0.02121theta omega + 0.00053omega^2
    Eq omega Phys: 0.000187*omega**2 + 0.000249*omega*theta + 0.000297*omega + 1.0e-6*theta**2 - 2.8e-5*theta - 3.7e-5
    Diffusion: theta=3.214978e-03, omega=2.498936e-05

--- Chunk 68362 (163/220) | Start: 2025-04-19 07:15:00 ---
    RMSE omega (GP): 0.022691 | RMSE omega (Sim): 0.098768
    Loss: 3.7828 | Epoch: 656
    Eq omega: -0.007891 + -0.08453theta + 0.00355omega + -0.21046theta^2 + 0.00232theta omega + 0.00288omega^2
    Eq omega Phys: 0.000972*omega**2 + 2.6e-5*omega*theta + 6.7e-5*omega - 7.9e-5*theta**2 + 0.000219*theta - 0.00015
    Diffusion: theta=2.099469e-01, omega=2.700483e-04

--- Chunk 68363 (164/220) | Start: 2025-04-19 07:20:00 ---
    RMSE omega (GP): 0.010333 | RMSE omega (Sim): 0.108599
    Loss: 3.4600 | Epoch: 1594
    Eq omega: 0.000111 + 0.00228theta + 0.01704omega + -0.00014theta^2 + 0.00133theta omega + 0.00257omega^2
    Eq omega Phys: 0.00091*omega**2 + 1.6e-5*omega*theta + 0.000638*omega + 2.0e-6*theta + 1.1e-5
    Diffusion: theta=4.763011e-04, omega=7.986968e-05

--- Chunk 68364 (165/220) | Start: 2025-04-19 07:25:00 ---
    RMSE omega (GP): 0.012463 | RMSE omega (Sim): 0.171430
    Loss: 8.5868 | Epoch: 1576
    Eq omega: 0.024891 + -1.65563theta + -0.00362omega + -0.01502theta^2 + -0.92973theta omega + 0.00458omega^2
    Eq omega Phys: 0.001831*omega**2 - 0.012391*omega*theta - 0.068729*omega - 7.0e-6*theta**2 - 0.001913*theta - 0.010321
    Diffusion: theta=2.078984e-03, omega=5.226435e-05

--- Chunk 68365 (166/220) | Start: 2025-04-19 07:30:00 ---
    RMSE omega (GP): 0.014273 | RMSE omega (Sim): 0.110304
    Loss: 10.7195 | Epoch: 1765
    Eq omega: -0.000311 + -0.00107theta + -0.00459omega + 0.00035theta^2 + -0.00113theta omega + -0.00234omega^2
    Eq omega Phys: -0.000903*omega**2 - 1.5e-5*omega*theta - 0.000194*omega - 3.0e-6
    Diffusion: theta=4.064766e-04, omega=7.369043e-05

--- Chunk 68366 (167/220) | Start: 2025-04-19 07:35:00 ---
    RMSE omega (GP): 0.021428 | RMSE omega (Sim): 0.113157
    Loss: 28.1266 | Epoch: 1604
    Eq omega: 0.003111 + -0.65104theta + -0.00948omega + 0.05680theta^2 + -0.00987theta omega + -0.00866omega^2
    Eq omega Phys: -0.003343*omega**2 - 0.000127*omega*theta - 0.001041*omega + 2.4e-5*theta**2 - 0.000445*theta - 0.003327
    Diffusion: theta=1.209151e-03, omega=6.790292e-05

--- Chunk 68367 (168/220) | Start: 2025-04-19 07:40:00 ---
    RMSE omega (GP): 0.012458 | RMSE omega (Sim): 0.209541
    Loss: 9.0013 | Epoch: 2294
    Eq omega: -0.004121 + -0.00001theta + -0.00045omega + 0.00033theta^2 + 0.00253theta omega + -0.00027omega^2
    Eq omega Phys: -0.000111*omega**2 + 3.5e-5*omega*theta + 4.7e-5*omega + 1.0e-6*theta - 1.1e-5
    Diffusion: theta=3.359985e-04, omega=6.430100e-05

--- Chunk 68368 (169/220) | Start: 2025-04-19 07:45:00 ---
    RMSE omega (GP): nan | RMSE omega (Sim): nan
    Loss: 32.0645 | Epoch: 89
    Eq omega: nan1 + nantheta + nanomega + nantheta^2 + nantheta omega + nanomega^2
    Eq omega Phys: N/A
    Diffusion: theta=nan, omega=nan

--- Chunk 68369 (170/220) | Start: 2025-04-19 07:50:00 ---
    RMSE omega (GP): 0.012914 | RMSE omega (Sim): 0.098583
    Loss: 8.8929 | Epoch: 1175
    Eq omega: -0.000081 + 0.00052theta + -0.00011omega + -0.00057theta^2 + -0.00039theta omega + 0.00111omega^2
    Eq omega Phys: 0.000427*omega**2 - 5.0e-6*omega*theta - 6.9e-5*omega - 6.0e-6*theta - 3.4e-5
    Diffusion: theta=4.596275e-03, omega=5.366374e-05

--- Chunk 68370 (171/220) | Start: 2025-04-19 07:55:00 ---
    RMSE omega (GP): 0.013301 | RMSE omega (Sim): 0.088442
    Loss: 8.6759 | Epoch: 802
    Eq omega: 0.000861 + -0.00199theta + 0.00119omega + 0.00654theta^2 + -0.00141theta omega + -0.00102omega^2
    Eq omega Phys: -0.000388*omega**2 - 1.8e-5*omega*theta - 5.0e-6*omega + 3.0e-6*theta**2 + 1.2e-5*theta + 1.4e-5
    Diffusion: theta=7.019212e-04, omega=5.040075e-05

--- Chunk 68371 (172/220) | Start: 2025-04-19 08:00:00 ---
    RMSE omega (GP): 0.015879 | RMSE omega (Sim): 0.111211
    Loss: 20.2631 | Epoch: 2287
    Eq omega: -0.020041 + -0.04203theta + -0.01638omega + 0.00955theta^2 + 0.00046theta omega + -0.02599omega^2
    Eq omega Phys: -0.011534*omega**2 + 7.0e-6*omega*theta - 0.000748*omega + 5.0e-6*theta**2 - 0.000327*theta + 0.005506
    Diffusion: theta=6.597730e-04, omega=2.952474e-05

--- Chunk 68372 (173/220) | Start: 2025-04-19 08:05:00 ---
    RMSE omega (GP): 0.013811 | RMSE omega (Sim): 0.116826
    Loss: 7.3990 | Epoch: 2037
    Eq omega: -0.001381 + -0.65003theta + 0.00314omega + -0.00197theta^2 + -0.02251theta omega + -0.00023omega^2
    Eq omega Phys: -8.0e-5*omega**2 - 0.00026*omega*theta - 0.000358*omega - 0.e-6*theta**2 - 0.000725*theta - 0.001293
    Diffusion: theta=4.187805e-04, omega=5.751259e-05

--- Chunk 68373 (174/220) | Start: 2025-04-19 08:10:00 ---
    RMSE omega (GP): nan | RMSE omega (Sim): nan
    Loss: 193.2247 | Epoch: 31
    Eq omega: nan1 + nantheta + nanomega + nantheta^2 + nantheta omega + nanomega^2
    Eq omega Phys: N/A
    Diffusion: theta=nan, omega=nan

--- Chunk 68374 (175/220) | Start: 2025-04-19 08:15:00 ---
    RMSE omega (GP): 0.014601 | RMSE omega (Sim): 0.116661
    Loss: 8.9672 | Epoch: 956
    Eq omega: -0.011461 + -2.77205theta + -0.00141omega + -0.01819theta^2 + 0.01362theta omega + 0.00921omega^2
    Eq omega Phys: 0.003283*omega**2 + 0.000162*omega*theta - 0.000226*omega - 7.0e-6*theta**2 - 0.003064*theta + 0.00336
    Diffusion: theta=2.202179e-03, omega=3.366487e-05

--- Chunk 68375 (176/220) | Start: 2025-04-19 08:20:00 ---
    RMSE omega (GP): 0.014333 | RMSE omega (Sim): 0.101371
    Loss: 11.0622 | Epoch: 1030
    Eq omega: -0.000651 + -0.00056theta + -0.00156omega + -0.00229theta^2 + 0.00081theta omega + -0.00079omega^2
    Eq omega Phys: -0.000308*omega**2 + 1.1e-5*omega*theta - 9.6e-5*omega - 0.e-6*theta**2 + 8.0e-6*theta - 1.6e-5
    Diffusion: theta=2.495685e-04, omega=5.676183e-05

--- Chunk 68376 (177/220) | Start: 2025-04-19 08:25:00 ---
    RMSE omega (GP): nan | RMSE omega (Sim): nan
    Loss: 34.5136 | Epoch: 88
    Eq omega: nan1 + nantheta + nanomega + nantheta^2 + nantheta omega + nanomega^2
    Eq omega Phys: N/A
    Diffusion: theta=nan, omega=nan

--- Chunk 68377 (178/220) | Start: 2025-04-19 08:30:00 ---
    RMSE omega (GP): 0.016189 | RMSE omega (Sim): 0.163204
    Loss: 12.9739 | Epoch: 937
    Eq omega: 0.003631 + -0.00178theta + 0.00157omega + -0.00099theta^2 + 0.00159theta omega + -0.00139omega^2
    Eq omega Phys: -0.000503*omega**2 + 1.9e-5*omega*theta + 0.000168*omega - 7.0e-6*theta - 1.5e-5
    Diffusion: theta=nan, omega=nan

--- Chunk 68378 (179/220) | Start: 2025-04-19 08:35:00 ---
    RMSE omega (GP): 0.010855 | RMSE omega (Sim): 0.081958
    Loss: 10.2082 | Epoch: 1435
    Eq omega: 0.001061 + -0.00098theta + -0.00024omega + -0.00001theta^2 + 0.00191theta omega + 0.00060omega^2
    Eq omega Phys: 0.000292*omega**2 + 3.1e-5*omega*theta + 0.000285*omega - 1.0e-6*theta - 8.0e-6
    Diffusion: theta=2.100597e-03, omega=6.510974e-05

--- Chunk 68379 (180/220) | Start: 2025-04-19 08:40:00 ---
    RMSE omega (GP): 0.015117 | RMSE omega (Sim): 0.120351
    Loss: 13.0356 | Epoch: 2069
    Eq omega: -0.001921 + -0.00153theta + 0.00132omega + -0.00012theta^2 + 0.00044theta omega + 0.00049omega^2
    Eq omega Phys: 0.00019*omega**2 + 6.0e-6*omega*theta + 7.5e-5*omega - 2.0e-6*theta - 1.6e-5
    Diffusion: theta=1.672945e-03, omega=1.022063e-04

--- Chunk 68380 (181/220) | Start: 2025-04-19 08:45:00 ---
    RMSE omega (GP): 0.012727 | RMSE omega (Sim): 0.091292
    Loss: 7.3105 | Epoch: 1301
    Eq omega: 0.003781 + 0.00002theta + -0.00025omega + -0.00089theta^2 + 0.00062theta omega + 0.00036omega^2
    Eq omega Phys: 0.000132*omega**2 + 8.0e-6*omega*theta - 2.0e-5*omega + 1.0e-6*theta + 1.1e-5
    Diffusion: theta=1.697989e-03, omega=7.011965e-05

--- Chunk 68381 (182/220) | Start: 2025-04-19 08:50:00 ---
    RMSE omega (GP): 0.014179 | RMSE omega (Sim): 0.138146
    Loss: 9.7406 | Epoch: 1838
    Eq omega: -0.000871 + -0.00190theta + 0.00088omega + 0.00053theta^2 + 0.00055theta omega + -0.00037omega^2
    Eq omega Phys: -0.000139*omega**2 + 7.0e-6*omega*theta + 7.4e-5*omega + 1.0e-6*theta - 7.0e-6
    Diffusion: theta=6.269130e-04, omega=6.881997e-05

--- Chunk 68382 (183/220) | Start: 2025-04-19 08:55:00 ---
    RMSE omega (GP): 0.012495 | RMSE omega (Sim): 0.071674
    Loss: 12.5052 | Epoch: 1944
    Eq omega: -0.005281 + -0.00354theta + 0.00073omega + -0.00192theta^2 + -0.00004theta omega + -0.00832omega^2
    Eq omega Phys: -0.003893*omega**2 - 0.e-6*omega*theta + 2.2e-5*omega - 0.e-6*theta**2 - 1.2e-5*theta - 4.6e-5
    Diffusion: theta=3.982008e-04, omega=5.275946e-05

--- Chunk 68383 (184/220) | Start: 2025-04-19 09:00:00 ---
    RMSE omega (GP): 0.015810 | RMSE omega (Sim): 0.084722
    Loss: 26.9170 | Epoch: 863
    Eq omega: 0.000771 + 0.00097theta + 0.00114omega + -0.00053theta^2 + 0.00138theta omega + 0.00079omega^2
    Eq omega Phys: 0.000397*omega**2 + 2.3e-5*omega*theta + 0.000208*omega - 3.0e-6*theta - 6.0e-6
    Diffusion: theta=4.331077e-03, omega=7.023376e-05

--- Chunk 68384 (185/220) | Start: 2025-04-19 09:05:00 ---
    RMSE omega (GP): 0.016095 | RMSE omega (Sim): 0.093715
    Loss: 12.6397 | Epoch: 2663
    Eq omega: 0.001371 + 0.00072theta + -0.00235omega + -0.00184theta^2 + 0.00076theta omega + -0.00192omega^2
    Eq omega Phys: -0.000695*omega**2 + 9.0e-6*omega*theta - 0.000134*omega - 0.e-6*theta**2 + 1.0e-5*theta - 2.8e-5
    Diffusion: theta=8.195742e-04, omega=8.498523e-05

--- Chunk 68385 (186/220) | Start: 2025-04-19 09:10:00 ---
    RMSE omega (GP): 0.015745 | RMSE omega (Sim): 0.140935
    Loss: 12.2204 | Epoch: 1173
    Eq omega: 0.000471 + -0.00095theta + 0.00098omega + 0.00027theta^2 + 0.00019theta omega + -0.00059omega^2
    Eq omega Phys: -0.000221*omega**2 + 2.0e-6*omega*theta + 5.9e-5*omega + 1.0e-6*theta + 3.0e-6
    Diffusion: theta=4.007955e-04, omega=6.887960e-05

--- Chunk 68386 (187/220) | Start: 2025-04-19 09:15:00 ---
    RMSE omega (GP): 0.015054 | RMSE omega (Sim): 0.118796
    Loss: 9.4722 | Epoch: 914
    Eq omega: 0.002861 + -2.62859theta + 0.01236omega + 0.05484theta^2 + 0.02993theta omega + -0.18862omega^2
    Eq omega Phys: -0.065938*omega**2 + 0.000349*omega*theta + 0.000616*omega + 2.1e-5*theta**2 - 0.002896*theta - 0.001691
    Diffusion: theta=1.524545e-03, omega=6.903443e-05

--- Chunk 68387 (188/220) | Start: 2025-04-19 09:20:00 ---
    RMSE omega (GP): 0.017302 | RMSE omega (Sim): 0.107456
    Loss: 11.4842 | Epoch: 1155
    Eq omega: 0.005361 + -0.14216theta + 0.01046omega + -0.00367theta^2 + -0.00001theta omega + -0.00226omega^2
    Eq omega Phys: -0.000728*omega**2 + 0.000348*omega - 1.0e-6*theta**2 - 0.00018*theta - 0.001403
    Diffusion: theta=3.735140e-03, omega=7.243993e-05

--- Chunk 68388 (189/220) | Start: 2025-04-19 09:25:00 ---
    RMSE omega (GP): nan | RMSE omega (Sim): nan
    Loss: 336.0699 | Epoch: 75
    Eq omega: nan1 + nantheta + nanomega + nantheta^2 + nantheta omega + nanomega^2
    Eq omega Phys: N/A
    Diffusion: theta=nan, omega=nan

--- Chunk 68389 (190/220) | Start: 2025-04-19 09:30:00 ---
    RMSE omega (GP): nan | RMSE omega (Sim): nan
    Loss: 485.4671 | Epoch: 21
    Eq omega: nan1 + nantheta + nanomega + nantheta^2 + nantheta omega + nanomega^2
    Eq omega Phys: N/A
    Diffusion: theta=nan, omega=nan

--- Chunk 68390 (191/220) | Start: 2025-04-19 09:35:00 ---
    RMSE omega (GP): 0.010675 | RMSE omega (Sim): 0.121180
    Loss: 11.0070 | Epoch: 656
    Eq omega: 0.009041 + -1.70234theta + 0.01889omega + 0.29813theta^2 + 0.01636theta omega + -0.00238omega^2
    Eq omega Phys: -0.001225*omega**2 + 0.000281*omega*theta + 0.001331*omega + 0.000171*theta**2 - 0.001039*theta - 0.003642
    Diffusion: theta=5.516215e-04, omega=4.149263e-05

--- Chunk 68391 (192/220) | Start: 2025-04-19 09:40:00 ---
    RMSE omega (GP): nan | RMSE omega (Sim): nan
    Loss: 291.2986 | Epoch: 23
    Eq omega: nan1 + nantheta + nanomega + nantheta^2 + nantheta omega + nanomega^2
    Eq omega Phys: N/A
    Diffusion: theta=nan, omega=nan

--- Chunk 68392 (193/220) | Start: 2025-04-19 09:45:00 ---
    RMSE omega (GP): 0.013289 | RMSE omega (Sim): 0.103011
    Loss: 12.9265 | Epoch: 2557
    Eq omega: -0.001511 + -0.00052theta + -0.00684omega + -0.00003theta^2 + 0.00039theta omega + -0.00024omega^2
    Eq omega Phys: -0.000105*omega**2 + 6.0e-6*omega*theta - 0.000366*omega + 2.0e-6
    Diffusion: theta=5.278329e-04, omega=4.951584e-05

--- Chunk 68393 (194/220) | Start: 2025-04-19 09:50:00 ---
    RMSE omega (GP): 0.012586 | RMSE omega (Sim): 0.088530
    Loss: 8.2172 | Epoch: 1231
    Eq omega: -0.097771 + -1.55826theta + 0.05795omega + 2.12518theta^2 + -0.07547theta omega + -0.65802omega^2
    Eq omega Phys: -0.252286*omega**2 - 0.000965*omega*theta + 0.002785*omega + 0.000905*theta**2 - 0.003333*theta + 0.001957
    Diffusion: theta=1.026865e-03, omega=7.683135e-05

--- Chunk 68394 (195/220) | Start: 2025-04-19 09:55:00 ---
    RMSE omega (GP): 0.069181 | RMSE omega (Sim): 0.120097
    Loss: 453.3244 | Epoch: 35
    Eq omega: -0.001751 + -0.01067theta + -0.00197omega + -0.00567theta^2 + 0.01552theta omega + -0.00950omega^2
    Eq omega Phys: -0.004148*omega**2 + 0.000226*omega*theta + 0.000978*omega - 3.0e-6*theta**2 - 3.7e-5*theta - 0.000118
    Diffusion: theta=nan, omega=nan

--- Chunk 68395 (196/220) | Start: 2025-04-19 10:00:00 ---
    RMSE omega (GP): 0.015453 | RMSE omega (Sim): 0.097855
    Loss: 13.6266 | Epoch: 152
    Eq omega: 0.008921 + -1.53805theta + 0.00521omega + 0.04744theta^2 + -0.02601theta omega + 0.00570omega^2
    Eq omega Phys: 0.002177*omega**2 - 0.000331*omega*theta - 1.8e-5*omega + 2.0e-5*theta**2 - 0.001686*theta - 0.000957
    Diffusion: theta=nan, omega=nan

--- Chunk 68396 (197/220) | Start: 2025-04-19 10:05:00 ---
    RMSE omega (GP): 0.010845 | RMSE omega (Sim): 0.105229
    Loss: 4.9052 | Epoch: 984
    Eq omega: -0.003861 + -0.02455theta + -0.00266omega + 0.00469theta^2 + 0.01296theta omega + 0.00071omega^2
    Eq omega Phys: 0.000272*omega**2 + 0.000166*omega*theta + 0.000476*omega + 2.0e-6*theta**2 - 1.4e-5*theta - 8.1e-5
    Diffusion: theta=6.232306e-04, omega=7.948806e-05

--- Chunk 68397 (198/220) | Start: 2025-04-19 10:10:00 ---
    RMSE omega (GP): nan | RMSE omega (Sim): nan
    Loss: 349.3573 | Epoch: 31
    Eq omega: nan1 + nantheta + nanomega + nantheta^2 + nantheta omega + nanomega^2
    Eq omega Phys: N/A
    Diffusion: theta=nan, omega=nan

--- Chunk 68398 (199/220) | Start: 2025-04-19 10:15:00 ---
    RMSE omega (GP): 0.012441 | RMSE omega (Sim): 0.088315
    Loss: 7.5488 | Epoch: 815
    Eq omega: 0.024281 + -5.62265theta + -0.01024omega + -1.70280theta^2 + 0.62721theta omega + -0.02241omega^2
    Eq omega Phys: -0.00855*omega**2 + 0.007976*omega*theta - 0.001833*omega - 0.000722*theta**2 - 0.005977*theta + 0.001214
    Diffusion: theta=5.551817e-04, omega=7.394671e-05

--- Chunk 68399 (200/220) | Start: 2025-04-19 10:20:00 ---
    RMSE omega (GP): 0.012409 | RMSE omega (Sim): 0.146035
    Loss: 5.0208 | Epoch: 1044
    Eq omega: 0.009771 + -0.95478theta + -0.01072omega + -0.00298theta^2 + -0.00029theta omega + 0.00285omega^2
    Eq omega Phys: 0.000965*omega**2 - 3.0e-6*omega*theta - 0.000377*omega - 1.0e-6*theta**2 - 0.001074*theta - 0.006345
    Diffusion: theta=5.472095e-04, omega=7.691323e-05

  [Progress 200/220] Mean RMSE omega (GP): 0.019094 | (Sim): 0.131767 | Mean loss: -211714702267803328.0000 | Valid GP: 161/200 | Valid Sim: 160/200 | Elapsed: 71.9min | ETA: 7.2min

--- Chunk 68400 (201/220) | Start: 2025-04-19 10:25:00 ---
    RMSE omega (GP): 0.010938 | RMSE omega (Sim): 0.179939
    Loss: 5.0182 | Epoch: 1299
    Eq omega: 0.001041 + -0.00018theta + 0.00157omega + 0.00027theta^2 + -0.00036theta omega + -0.00051omega^2
    Eq omega Phys: -0.000209*omega**2 - 5.0e-6*omega*theta + 5.0e-5*omega + 3.0e-6
    Diffusion: theta=1.096324e-03, omega=3.855281e-05

--- Chunk 68401 (202/220) | Start: 2025-04-19 10:30:00 ---
    RMSE omega (GP): 0.014952 | RMSE omega (Sim): nan
    Loss: 17.0946 | Epoch: 1171
    Eq omega: 0.025181 + -1.88029theta + -0.02675omega + 0.44114theta^2 + -0.01021theta omega + -1.04648omega^2
    Eq omega Phys: -0.455661*omega**2 - 0.000148*omega*theta - 0.001326*omega + 0.000213*theta**2 - 0.000839*theta - 0.004224
    Diffusion: theta=3.131828e-03, omega=5.879899e-05

--- Chunk 68402 (203/220) | Start: 2025-04-19 10:35:00 ---
    RMSE omega (GP): 0.014841 | RMSE omega (Sim): 0.108181
    Loss: 9.9954 | Epoch: 1412
    Eq omega: 0.001271 + 0.00231theta + 0.00297omega + 0.00091theta^2 + 0.00127theta omega + -0.00295omega^2
    Eq omega Phys: -0.001051*omega**2 + 1.5e-5*omega*theta + 0.000108*omega + 3.0e-6*theta + 6.0e-6
    Diffusion: theta=2.213357e-03, omega=7.675392e-05

--- Chunk 68403 (204/220) | Start: 2025-04-19 10:40:00 ---
    RMSE omega (GP): 0.042954 | RMSE omega (Sim): 0.089048
    Loss: 358.8350 | Epoch: 42
    Eq omega: 0.000701 + -0.00042theta + 0.00040omega + 0.00003theta^2 + 0.00031theta omega + -0.00003omega^2
    Eq omega Phys: -1.1e-5*omega**2 + 4.0e-6*omega*theta + 0.000146*omega + 1.0e-6
    Diffusion: theta=nan, omega=nan

--- Chunk 68404 (205/220) | Start: 2025-04-19 10:45:00 ---
    RMSE omega (GP): 0.015305 | RMSE omega (Sim): 0.106863
    Loss: 33.1986 | Epoch: 1734
    Eq omega: 0.001901 + -0.00023theta + -0.00097omega + 0.00003theta^2 + -0.00027theta omega + 0.00027omega^2
    Eq omega Phys: 0.000156*omega**2 - 5.0e-6*omega*theta - 6.1e-5*omega + 3.0e-6
    Diffusion: theta=2.552058e-03, omega=2.968875e-05

--- Chunk 68405 (206/220) | Start: 2025-04-19 10:50:00 ---
    RMSE omega (GP): 0.010549 | RMSE omega (Sim): 0.082504
    Loss: 5.4443 | Epoch: 840
    Eq omega: 0.001591 + -0.00052theta + 0.00058omega + 0.00225theta^2 + -0.00013theta omega + -0.00011omega^2
    Eq omega Phys: -4.4e-5*omega**2 - 2.0e-6*omega*theta + 2.8e-5*omega + 1.0e-6*theta**2 - 1.1e-5*theta + 3.4e-5
    Diffusion: theta=1.803515e-03, omega=5.454049e-05

--- Chunk 68406 (207/220) | Start: 2025-04-19 10:55:00 ---
    RMSE omega (GP): 0.016568 | RMSE omega (Sim): 0.199319
    Loss: 7.5136 | Epoch: 1661
    Eq omega: -0.000751 + -0.00279theta + -0.00085omega + 0.00087theta^2 + 0.00207theta omega + -0.00821omega^2
    Eq omega Phys: -0.002437*omega**2 + 2.0e-5*omega*theta - 0.000187*omega - 8.0e-6*theta + 3.9e-5
    Diffusion: theta=3.012669e-04, omega=7.211194e-05

--- Chunk 68407 (208/220) | Start: 2025-04-19 11:00:00 ---
    RMSE omega (GP): 0.013553 | RMSE omega (Sim): 0.086781
    Loss: 11.9221 | Epoch: 1151
    Eq omega: 0.000121 + -0.00493theta + -0.00545omega + -0.00656theta^2 + 0.00000theta omega + 0.00141omega^2
    Eq omega Phys: 0.00058*omega**2 - 0.000182*omega - 3.0e-6*theta**2 - 3.2e-5*theta - 8.2e-5
    Diffusion: theta=2.072208e-03, omega=5.509078e-05

--- Chunk 68408 (209/220) | Start: 2025-04-19 11:05:00 ---
    RMSE omega (GP): 0.024572 | RMSE omega (Sim): 0.100583
    Loss: 40.6312 | Epoch: 45
    Eq omega: -0.005561 + -0.16291theta + -0.00605omega + -0.02986theta^2 + 0.02054theta omega + -0.00235omega^2
    Eq omega Phys: -0.000881*omega**2 + 0.000257*omega*theta + 0.000925*omega - 1.2e-5*theta**2 - 0.00029*theta - 0.00105
    Diffusion: theta=3.902121e-03, omega=3.592663e-05

--- Chunk 68409 (210/220) | Start: 2025-04-19 11:10:00 ---
    RMSE omega (GP): 0.014794 | RMSE omega (Sim): 0.098653
    Loss: 11.8827 | Epoch: 1906
    Eq omega: -0.005251 + -0.00093theta + 0.00286omega + -0.00016theta^2 + 0.00032theta omega + -0.00056omega^2
    Eq omega Phys: -0.000212*omega**2 + 4.0e-6*omega*theta + 0.000159*omega - 3.0e-6*theta - 4.8e-5
    Diffusion: theta=7.204966e-04, omega=8.202273e-05

--- Chunk 68410 (211/220) | Start: 2025-04-19 11:15:00 ---
    RMSE omega (GP): 0.010417 | RMSE omega (Sim): 0.121020
    Loss: 4.8812 | Epoch: 875
    Eq omega: 0.052291 + -2.27993theta + -0.00125omega + -0.57612theta^2 + -0.04280theta omega + 0.05485omega^2
    Eq omega Phys: 0.021842*omega**2 - 0.000568*omega*theta - 0.00064*omega - 0.000255*theta**2 - 0.00307*theta - 0.002804
    Diffusion: theta=nan, omega=nan

--- Chunk 68411 (212/220) | Start: 2025-04-19 11:20:00 ---
    RMSE omega (GP): 0.013351 | RMSE omega (Sim): 0.070556
    Loss: 22.9089 | Epoch: 799
    Eq omega: -0.002001 + -0.00270theta + -0.00307omega + -0.00035theta^2 + -0.00061theta omega + 0.00030omega^2
    Eq omega Phys: 0.000167*omega**2 - 1.1e-5*omega*theta - 2.7e-5*omega + 6.0e-6
    Diffusion: theta=4.162997e-04, omega=5.619774e-05

--- Chunk 68412 (213/220) | Start: 2025-04-19 11:25:00 ---
    RMSE omega (GP): nan | RMSE omega (Sim): nan
    Loss: 29.8701 | Epoch: 84
    Eq omega: nan1 + nantheta + nanomega + nantheta^2 + nantheta omega + nanomega^2
    Eq omega Phys: N/A
    Diffusion: theta=nan, omega=nan

--- Chunk 68413 (214/220) | Start: 2025-04-19 11:30:00 ---
    RMSE omega (GP): 0.014834 | RMSE omega (Sim): 0.145193
    Loss: 10.9142 | Epoch: 1134
    Eq omega: -0.000651 + -0.00213theta + -0.00001omega + 0.01074theta^2 + -0.00135theta omega + -0.00114omega^2
    Eq omega Phys: -0.000427*omega**2 - 1.7e-5*omega*theta + 3.3e-5*omega + 4.0e-6*theta**2 - 2.0e-5*theta + 2.0e-5
    Diffusion: theta=5.209472e-04, omega=7.594487e-05

--- Chunk 68414 (215/220) | Start: 2025-04-19 11:35:00 ---
    RMSE omega (GP): nan | RMSE omega (Sim): nan
    Loss: 135.8781 | Epoch: 34
    Eq omega: nan1 + nantheta + nanomega + nantheta^2 + nantheta omega + nanomega^2
    Eq omega Phys: N/A
    Diffusion: theta=nan, omega=nan

--- Chunk 68415 (216/220) | Start: 2025-04-19 11:40:00 ---
    RMSE omega (GP): nan | RMSE omega (Sim): nan
    Loss: 232.6119 | Epoch: 16
    Eq omega: nan1 + nantheta + nanomega + nantheta^2 + nantheta omega + nanomega^2
    Eq omega Phys: N/A
    Diffusion: theta=nan, omega=nan

--- Chunk 68416 (217/220) | Start: 2025-04-19 11:45:00 ---
    RMSE omega (GP): 0.012946 | RMSE omega (Sim): 0.101157
    Loss: 6.3209 | Epoch: 1514
    Eq omega: 0.000141 + -0.00982theta + 0.00030omega + 0.00168theta^2 + 0.00134theta omega + -0.00112omega^2
    Eq omega Phys: -0.000387*omega**2 + 1.5e-5*omega*theta + 0.000147*omega + 1.0e-6*theta**2 + 1.0e-6*theta - 4.6e-5
    Diffusion: theta=1.628592e-03, omega=8.215546e-05

--- Chunk 68417 (218/220) | Start: 2025-04-19 11:50:00 ---
    RMSE omega (GP): 0.018754 | RMSE omega (Sim): 0.092817
    Loss: 22.6061 | Epoch: 60
    Eq omega: 0.001421 + -0.31982theta + 0.01299omega + -0.00964theta^2 + -0.00042theta omega + 0.00041omega^2
    Eq omega Phys: 0.000157*omega**2 - 5.0e-6*omega*theta + 0.000444*omega - 4.0e-6*theta**2 - 0.000338*theta + 0.000723
    Diffusion: theta=nan, omega=nan

--- Chunk 68418 (219/220) | Start: 2025-04-19 11:55:00 ---
    RMSE omega (GP): nan | RMSE omega (Sim): nan
    Loss: 13.6357 | Epoch: 445
    Eq omega: nan1 + nantheta + nanomega + nantheta^2 + nantheta omega + nanomega^2
    Eq omega Phys: N/A
    Diffusion: theta=nan, omega=nan

--- Chunk 68419 (220/220) | Start: 2025-04-19 12:00:00 ---
    RMSE omega (GP): 0.011930 | RMSE omega (Sim): 0.088728
    Loss: 9.2236 | Epoch: 1114
    Eq omega: -0.006971 + -0.88640theta + 0.00305omega + -0.00341theta^2 + -0.00671theta omega + -0.06516omega^2
    Eq omega Phys: -0.028322*omega**2 - 9.7e-5*omega*theta + 1.2e-5*omega - 2.0e-6*theta**2 - 0.000988*theta - 0.000924
    Diffusion: theta=9.930057e-04, omega=3.591179e-05

  [Progress 220/220] Mean RMSE omega (GP): 0.018844 | (Sim): 0.130023 | Mean loss: -192467911152548480.0000 | Valid GP: 177/220 | Valid Sim: 175/220 | Elapsed: 77.7min | ETA: 0.0min

============================================================
EVALUATION COMPLETE — Chunks [68200, 68419]
============================================================
Chunks processed: 220
Chunks succeeded GP:  177 (80.5%)
Chunks succeeded Sim: 175 (79.5%)
Mean GP RMSE omega:   0.018844 ± 0.011851
Mean SIM RMSE omega:  0.130023 ± 0.079671
Mean Loss:            -192467911152548480.0000 ± 2848264981410636288.0000
Elapsed time:     77.7 minutes

Per-chunk CSV: /pfs/data6/home/ka/ka_iai/ka_bj2362/dsr/svise/results_5min_all_chunks/run_SLURM_3733209_combo38/chunks_68200_to_68419_20260323_035907.csv
Summary JSON:  /pfs/data6/home/ka/ka_iai/ka_bj2362/dsr/svise/results_5min_all_chunks/run_SLURM_3733209_combo38/summary_68200_to_68419_20260323_035907.json
============================================================

============================= JOB FEEDBACK =============================

NodeName=uc3n063
Job ID: 3733577
Array Job ID: 3733209_310
Cluster: uc3
User/Group: ka_bj2362/ka_iai
State: COMPLETED (exit code 0)
Nodes: 1
Cores per node: 4
CPU Utilized: 01:17:18
CPU Efficiency: 24.75% of 05:12:20 core-walltime
Job Wall-clock time: 01:18:05
Memory Utilized: 3.91 GB
Memory Efficiency: 32.60% of 12.00 GB (12.00 GB/node)
