Array task 441: processing chunks 97020 to 97239
Loading data from /pfs/data6/home/ka/ka_iai/ka_bj2362/dsr/svise/../dataset/South_Korea_2024-08-15_2025-08-31_1s.parquet...
Finding all valid 5-minute chunks in the dataset...
Found 107059 valid 5-minute chunks in total.

============================================================
SVISE FINAL EVALUATION — ALL CHUNKS
============================================================
Hyperparameters: {
  "model": "integrator",
  "sigma": 0,
  "degree": 2,
  "tau": 1e-05,
  "lr": 0.1,
  "n_tau": 50,
  "measurement_noise": 0.001,
  "n_reparam_samples": 15
}
Total valid chunks in dataset: 107059
Processing chunk range: [97020, 97239] (220 chunks)
Early stopping: patience=300, max_epochs=10000
============================================================


--- Chunk 97020 (1/220) | Start: 2025-07-28 01:00:00 ---
/pfs/data6/home/ka/ka_iai/ka_bj2362/dsr/svise/svise/sde_learning/_marginal_sde.py:284: UserWarning: torch.triangular_solve is deprecated in favor of torch.linalg.solve_triangularand will be removed in a future PyTorch release.
torch.linalg.solve_triangular has its arguments reversed and does not return a copy of one of the inputs.
X = torch.triangular_solve(B, A).solution
should be replaced with
X = torch.linalg.solve_triangular(A, B). (Triggered internally at ../aten/src/ATen/native/BatchLinearAlgebra.cpp:2192.)
  return torch.triangular_solve(self.raw_w, self.C.t()).solution
/pfs/data6/home/ka/ka_iai/ka_bj2362/dsr/svise/svise/quadrature/_unbiased_quadrature.py:196: UserWarning: Interp is nan, reducing interp degree.
  warnings.warn("Interp is nan, reducing interp degree.")
    RMSE omega (GP): 0.010416 | RMSE omega (Sim): 0.058272
    Loss: 3.3080 | Epoch: 878
    Eq omega: 0.005521 + -0.19258theta + -0.01627omega + -0.12061theta^2 + -0.00698theta omega + 0.00053omega^2
    Eq omega Phys: 0.000196*omega**2 - 8.6e-5*omega*theta + 0.00032*omega - 4.9e-5*theta**2 + 0.000779*theta - 0.002819
    Diffusion: theta=1.415290e-03, omega=2.444734e-05

--- Chunk 97021 (2/220) | Start: 2025-07-28 01:05:00 ---
    RMSE omega (GP): 0.010510 | RMSE omega (Sim): 0.112085
    Loss: 12.4412 | Epoch: 2642
    Eq omega: 0.000601 + -0.00017theta + 0.00150omega + -0.00001theta^2 + 0.00001theta omega + -0.00010omega^2
    Eq omega Phys: -5.4e-5*omega**2 + 4.7e-5*omega + 3.0e-6
    Diffusion: theta=9.604743e-04, omega=2.495425e-05

--- Chunk 97022 (3/220) | Start: 2025-07-28 01:10:00 ---
    RMSE omega (GP): 0.016935 | RMSE omega (Sim): 0.097557
    Loss: 17.9625 | Epoch: 2098
    Eq omega: -0.000591 + 0.00358theta + -0.02624omega + 0.00019theta^2 + -0.00008theta omega + 0.00089omega^2
    Eq omega Phys: 0.000519*omega**2 - 2.0e-6*omega*theta - 0.000856*omega + 1.0e-6*theta - 3.1e-5
    Diffusion: theta=1.885723e-04, omega=2.594154e-05

--- Chunk 97023 (4/220) | Start: 2025-07-28 01:15:00 ---
    RMSE omega (GP): 0.007611 | RMSE omega (Sim): 0.066751
    Loss: 7.2095 | Epoch: 2018
    Eq omega: 0.001991 + 0.00280theta + -0.01020omega + -0.00176theta^2 + -0.00535theta omega + 0.00167omega^2
    Eq omega Phys: 0.001011*omega**2 - 0.000108*omega*theta - 0.000824*omega - 1.0e-6*theta**2 - 8.0e-6*theta - 6.0e-6
    Diffusion: theta=2.300255e-04, omega=3.852025e-05

--- Chunk 97024 (5/220) | Start: 2025-07-28 01:20:00 ---
    RMSE omega (GP): 0.007769 | RMSE omega (Sim): 0.071464
    Loss: 8.5387 | Epoch: 1054
    Eq omega: -0.002871 + -1.05588theta + -0.01651omega + -0.00941theta^2 + 0.01206theta omega + -0.00466omega^2
    Eq omega Phys: -0.002909*omega**2 + 0.000251*omega*theta - 0.000357*omega - 7.0e-6*theta**2 - 0.001183*theta - 0.000912
    Diffusion: theta=1.338447e-03, omega=2.179695e-05

--- Chunk 97025 (6/220) | Start: 2025-07-28 01:25:00 ---
    RMSE omega (GP): 0.006612 | RMSE omega (Sim): 0.081226
    Loss: -0.0489 | Epoch: 904
    Eq omega: 0.001001 + -0.00296theta + -0.00142omega + -0.00373theta^2 + -0.01797theta omega + 0.00176omega^2
    Eq omega Phys: 0.000746*omega**2 - 0.000254*omega*theta - 0.001149*omega - 2.0e-6*theta**2 - 1.9e-5*theta - 4.5e-5
    Diffusion: theta=2.912814e-04, omega=2.907709e-05

--- Chunk 97026 (7/220) | Start: 2025-07-28 01:30:00 ---
    RMSE omega (GP): 0.010832 | RMSE omega (Sim): 0.087662
    Loss: 17.4510 | Epoch: 1841
    Eq omega: -0.000621 + 0.00086theta + 0.00277omega + -0.00013theta^2 + 0.00011theta omega + -0.00030omega^2
    Eq omega Phys: -0.000186*omega**2 + 2.0e-6*omega*theta + 6.5e-5*omega + 3.0e-6*theta - 2.6e-5
    Diffusion: theta=1.923620e-04, omega=2.496574e-05

--- Chunk 97027 (8/220) | Start: 2025-07-28 01:35:00 ---
/pfs/data6/home/ka/ka_iai/ka_bj2362/dsr/svise/svise/quadrature/_unbiased_quadrature.py:174: UserWarning: NaN detected in fxq (quadrature node evaluations). Clamping to 0.
  warnings.warn("NaN detected in fxq (quadrature node evaluations). Clamping to 0.")
/pfs/data6/home/ka/ka_iai/ka_bj2362/dsr/svise/svise/quadrature/_unbiased_quadrature.py:177: UserWarning: NaN detected in fmc (Monte-Carlo node evaluations). Clamping to 0.
  warnings.warn("NaN detected in fmc (Monte-Carlo node evaluations). Clamping to 0.")
    RMSE omega (GP): 0.015286 | RMSE omega (Sim): 0.082889
    Loss: 49.0842 | Epoch: 132
    Eq omega: 0.002311 + -0.00569theta + -0.00290omega + -0.00014theta^2 + -0.00228theta omega + 0.00024omega^2
    Eq omega Phys: 0.00016*omega**2 - 5.1e-5*omega*theta + 0.000221*omega - 5.0e-6*theta + 3.9e-5
    Diffusion: theta=2.761465e-03, omega=8.588144e-06

--- Chunk 97028 (9/220) | Start: 2025-07-28 01:40:00 ---
    RMSE omega (GP): 0.011243 | RMSE omega (Sim): 0.101507
    Loss: -22.1446 | Epoch: 728
    Eq omega: 0.001081 + -1.33826theta + -0.03250omega + 0.00099theta^2 + -0.08108theta omega + 0.01070omega^2
    Eq omega Phys: 0.006327*omega**2 - 0.001598*omega*theta - 0.007406*omega + 1.0e-6*theta**2 - 0.001482*theta - 0.005871
    Diffusion: theta=2.304608e-02, omega=4.786190e-05

--- Chunk 97029 (10/220) | Start: 2025-07-28 01:45:00 ---
    RMSE omega (GP): 0.015011 | RMSE omega (Sim): 0.065890
    Loss: -21328656384.0000 | Epoch: 1039
    Eq omega: -0.000291 + -0.00008theta + -0.00188omega + -0.00001theta^2 + 0.00003theta omega + 0.00042omega^2
    Eq omega Phys: 0.000348*omega**2 + 1.0e-6*omega*theta - 7.5e-5*omega - 1.0e-6
    Diffusion: theta=8.092939e-01, omega=1.002382e-03

--- Chunk 97030 (11/220) | Start: 2025-07-28 01:50:00 ---
    RMSE omega (GP): 0.007638 | RMSE omega (Sim): 0.058841
    Loss: 10.8900 | Epoch: 1809
    Eq omega: 0.002631 + 0.00035theta + -0.00243omega + -0.00001theta^2 + 0.00064theta omega + -0.00026omega^2
    Eq omega Phys: -0.000182*omega**2 + 1.5e-5*omega*theta - 0.000201*omega + 1.0e-6*theta + 1.0e-6
    Diffusion: theta=2.590948e-04, omega=2.614608e-05

--- Chunk 97031 (12/220) | Start: 2025-07-28 01:55:00 ---
    RMSE omega (GP): nan | RMSE omega (Sim): nan
    Loss: 320.7790 | Epoch: 46
    Eq omega: nan1 + nantheta + nanomega + nantheta^2 + nantheta omega + nanomega^2
    Eq omega Phys: N/A
    Diffusion: theta=nan, omega=nan

--- Chunk 97032 (13/220) | Start: 2025-07-28 02:00:00 ---
    RMSE omega (GP): 0.012198 | RMSE omega (Sim): 0.070002
    Loss: 16.3979 | Epoch: 1365
    Eq omega: -0.000491 + 0.00002theta + 0.00018omega + 0.00011theta^2 + 0.00008theta omega + 0.00000omega^2
    Eq omega Phys: 2.0e-6*omega*theta - 2.4e-5*omega - 3.0e-6*theta + 2.4e-5
    Diffusion: theta=5.437352e-04, omega=2.156937e-05

--- Chunk 97033 (14/220) | Start: 2025-07-28 02:05:00 ---
    RMSE omega (GP): nan | RMSE omega (Sim): nan
    Loss: 25814.4648 | Epoch: 15
    Eq omega: nan1 + nantheta + nanomega + nantheta^2 + nantheta omega + nanomega^2
    Eq omega Phys: N/A
    Diffusion: theta=nan, omega=nan

--- Chunk 97034 (15/220) | Start: 2025-07-28 02:10:00 ---
    RMSE omega (GP): 0.010741 | RMSE omega (Sim): 0.079507
    Loss: 7.2416 | Epoch: 1108
    Eq omega: -0.006311 + -0.05173theta + 0.00405omega + 0.00914theta^2 + -0.01186theta omega + 0.00243omega^2
    Eq omega Phys: 0.001051*omega**2 - 0.000171*omega*theta + 0.001161*omega + 4.0e-6*theta**2 - 0.00011*theta + 0.000487
    Diffusion: theta=1.233114e-03, omega=3.546396e-05

--- Chunk 97035 (16/220) | Start: 2025-07-28 02:15:00 ---
    RMSE omega (GP): 0.009128 | RMSE omega (Sim): 0.079180
    Loss: 9.6989 | Epoch: 2283
    Eq omega: -0.000271 + -0.00047theta + 0.00038omega + 0.00004theta^2 + -0.00022theta omega + 0.00016omega^2
    Eq omega Phys: 9.0e-5*omega**2 - 4.0e-6*omega*theta - 4.3e-5*omega - 3.0e-6
    Diffusion: theta=1.940007e-04, omega=2.874139e-05

--- Chunk 97036 (17/220) | Start: 2025-07-28 02:20:00 ---
    RMSE omega (GP): 0.009352 | RMSE omega (Sim): 0.139759
    Loss: 5.6940 | Epoch: 2818
    Eq omega: 0.000511 + -0.00053theta + -0.00003omega + -0.00004theta^2 + -0.00055theta omega + -0.00075omega^2
    Eq omega Phys: -0.000348*omega**2 - 9.0e-6*omega*theta - 0.0001*omega - 1.0e-6*theta - 8.0e-6
    Diffusion: theta=3.398323e-03, omega=2.228128e-05

--- Chunk 97037 (18/220) | Start: 2025-07-28 02:25:00 ---
    RMSE omega (GP): 0.017784 | RMSE omega (Sim): 0.244880
    Loss: 27.2492 | Epoch: 639
    Eq omega: 0.008551 + -0.05233theta + -0.00215omega + 0.10174theta^2 + 0.00167theta omega + -0.00442omega^2
    Eq omega Phys: -0.001878*omega**2 + 2.4e-5*omega*theta + 6.2e-5*omega + 4.8e-5*theta**2 + 0.000486*theta + 0.001234
    Diffusion: theta=1.063149e-01, omega=1.241481e-04

--- Chunk 97038 (19/220) | Start: 2025-07-28 02:30:00 ---
    RMSE omega (GP): 0.007901 | RMSE omega (Sim): 0.061395
    Loss: 5.9341 | Epoch: 1964
    Eq omega: 0.013941 + 0.00052theta + 0.01040omega + -0.00081theta^2 + -0.00040theta omega + 0.00273omega^2
    Eq omega Phys: 0.001491*omega**2 - 7.0e-6*omega*theta + 0.000418*omega + 1.0e-5*theta - 2.4e-5
    Diffusion: theta=3.429815e-04, omega=3.130576e-05

--- Chunk 97039 (20/220) | Start: 2025-07-28 02:35:00 ---
    RMSE omega (GP): 0.008788 | RMSE omega (Sim): 0.084027
    Loss: 13.1145 | Epoch: 2055
    Eq omega: -0.003291 + -0.00013theta + -0.00437omega + -0.00005theta^2 + 0.00004theta omega + -0.00028omega^2
    Eq omega Phys: -0.000192*omega**2 + 1.0e-6*omega*theta - 0.000158*omega + 1.0e-6*theta - 1.0e-5
    Diffusion: theta=6.364622e-04, omega=1.553313e-05

--- Chunk 97040 (21/220) | Start: 2025-07-28 02:40:00 ---
    RMSE omega (GP): nan | RMSE omega (Sim): nan
    Loss: 9830.3770 | Epoch: 37
    Eq omega: nan1 + nantheta + nanomega + nantheta^2 + nantheta omega + nanomega^2
    Eq omega Phys: N/A
    Diffusion: theta=nan, omega=nan

--- Chunk 97041 (22/220) | Start: 2025-07-28 02:45:00 ---
    RMSE omega (GP): 0.025234 | RMSE omega (Sim): 0.031591
    Loss: 768.1279 | Epoch: 460
    Eq omega: -0.001981 + 0.00187theta + 0.00141omega + 0.00001theta^2 + 0.00002theta omega + 0.00004omega^2
    Eq omega Phys: 4.2e-5*omega**2 + 1.0e-6*omega*theta + 3.2e-5*omega + 2.0e-6*theta - 4.0e-5
    Diffusion: theta=6.138335e+00, omega=6.365651e-03

--- Chunk 97042 (23/220) | Start: 2025-07-28 02:50:00 ---
    RMSE omega (GP): 0.023328 | RMSE omega (Sim): 0.038466
    Loss: 124.9958 | Epoch: 1198
    Eq omega: 0.005971 + -0.01258theta + 0.01716omega + -0.00003theta^2 + -0.00006theta omega + 0.00225omega^2
    Eq omega Phys: 0.001483*omega**2 - 1.0e-6*omega*theta + 0.000613*omega - 1.3e-5*theta + 0.00042
    Diffusion: theta=nan, omega=nan

--- Chunk 97043 (24/220) | Start: 2025-07-28 02:55:00 ---
    RMSE omega (GP): nan | RMSE omega (Sim): nan
    Loss: 252.7485 | Epoch: 74
    Eq omega: nan1 + nantheta + nanomega + nantheta^2 + nantheta omega + nanomega^2
    Eq omega Phys: N/A
    Diffusion: theta=nan, omega=nan

--- Chunk 97044 (25/220) | Start: 2025-07-28 03:00:00 ---
    RMSE omega (GP): nan | RMSE omega (Sim): nan
    Loss: 49.3535 | Epoch: 117
    Eq omega: nan1 + nantheta + nanomega + nantheta^2 + nantheta omega + nanomega^2
    Eq omega Phys: N/A
    Diffusion: theta=nan, omega=nan

--- Chunk 97045 (26/220) | Start: 2025-07-28 03:05:00 ---
    RMSE omega (GP): nan | RMSE omega (Sim): nan
    Loss: 777.7798 | Epoch: 24
    Eq omega: nan1 + nantheta + nanomega + nantheta^2 + nantheta omega + nanomega^2
    Eq omega Phys: N/A
    Diffusion: theta=nan, omega=nan

--- Chunk 97046 (27/220) | Start: 2025-07-28 03:10:00 ---
    RMSE omega (GP): 0.008795 | RMSE omega (Sim): 0.118961
    Loss: 3.4075 | Epoch: 1339
    Eq omega: -0.003861 + -0.00246theta + -0.00766omega + 0.00169theta^2 + 0.00087theta omega + -0.00151omega^2
    Eq omega Phys: -0.000666*omega**2 + 1.3e-5*omega*theta - 0.000131*omega + 1.0e-6*theta**2 + 1.3e-5*theta + 4.2e-5
    Diffusion: theta=1.613478e-04, omega=2.927753e-05

--- Chunk 97047 (28/220) | Start: 2025-07-28 03:15:00 ---
    RMSE omega (GP): 0.008741 | RMSE omega (Sim): 0.105091
    Loss: 0.0900 | Epoch: 1209
    Eq omega: -0.001251 + -0.00113theta + 0.00065omega + 0.00003theta^2 + -0.00002theta omega + 0.00203omega^2
    Eq omega Phys: 0.000647*omega**2 + 2.3e-5*omega - 1.0e-6*theta + 1.0e-6
    Diffusion: theta=3.812419e-04, omega=6.159334e-05

--- Chunk 97048 (29/220) | Start: 2025-07-28 03:20:00 ---
    RMSE omega (GP): nan | RMSE omega (Sim): nan
    Loss: 181.2578 | Epoch: 82
    Eq omega: nan1 + nantheta + nanomega + nantheta^2 + nantheta omega + nanomega^2
    Eq omega Phys: N/A
    Diffusion: theta=nan, omega=nan

--- Chunk 97049 (30/220) | Start: 2025-07-28 03:25:00 ---
    RMSE omega (GP): 0.025391 | RMSE omega (Sim): 0.091585
    Loss: 68.8284 | Epoch: 341
    Eq omega: 0.001661 + -0.00623theta + -0.00273omega + 0.00034theta^2 + -0.00046theta omega + 0.00103omega^2
    Eq omega Phys: 0.000468*omega**2 - 7.0e-6*omega*theta - 0.000128*omega - 5.0e-6*theta - 2.8e-5
    Diffusion: theta=1.308174e-01, omega=1.686588e-04

--- Chunk 97050 (31/220) | Start: 2025-07-28 03:30:00 ---
    RMSE omega (GP): 0.024059 | RMSE omega (Sim): 0.076659
    Loss: 193.3540 | Epoch: 82
    Eq omega: 0.001241 + -0.00085theta + 0.00079omega + 0.01167theta^2 + 0.00036theta omega + 0.00735omega^2
    Eq omega Phys: 0.006171*omega**2 + 1.0e-5*omega*theta - 7.1e-5*omega + 1.1e-5*theta**2 - 0.000212*theta + 0.00103
    Diffusion: theta=nan, omega=nan

--- Chunk 97051 (32/220) | Start: 2025-07-28 03:35:00 ---
    RMSE omega (GP): nan | RMSE omega (Sim): nan
    Loss: 762.7358 | Epoch: 32
    Eq omega: nan1 + nantheta + nanomega + nantheta^2 + nantheta omega + nanomega^2
    Eq omega Phys: N/A
    Diffusion: theta=nan, omega=nan

--- Chunk 97052 (33/220) | Start: 2025-07-28 03:40:00 ---
    RMSE omega (GP): 0.009104 | RMSE omega (Sim): 0.054094
    Loss: 15.5079 | Epoch: 1564
    Eq omega: -0.002901 + 0.00018theta + -0.00000omega + -0.00007theta^2 + -0.00009theta omega + -0.00074omega^2
    Eq omega Phys: -0.00051*omega**2 - 2.0e-6*omega*theta + 3.2e-5*omega + 2.0e-6*theta - 2.1e-5
    Diffusion: theta=1.071406e-03, omega=3.906680e-05

--- Chunk 97053 (34/220) | Start: 2025-07-28 03:45:00 ---
    RMSE omega (GP): 0.025875 | RMSE omega (Sim): 0.067999
    Loss: 283.5663 | Epoch: 450
    Eq omega: -0.000051 + 0.00016theta + -0.00074omega + -0.00001theta^2 + -0.00010theta omega + 0.00022omega^2
    Eq omega Phys: 0.000192*omega**2 - 3.0e-6*omega*theta + 1.7e-5*omega - 5.0e-6
    Diffusion: theta=1.248752e+00, omega=1.408920e-03

--- Chunk 97054 (35/220) | Start: 2025-07-28 03:50:00 ---
    RMSE omega (GP): nan | RMSE omega (Sim): nan
    Loss: 170.1438 | Epoch: 137
    Eq omega: nan1 + nantheta + nanomega + nantheta^2 + nantheta omega + nanomega^2
    Eq omega Phys: N/A
    Diffusion: theta=nan, omega=nan

--- Chunk 97055 (36/220) | Start: 2025-07-28 03:55:00 ---
    RMSE omega (GP): nan | RMSE omega (Sim): nan
    Loss: 127.8340 | Epoch: 47
    Eq omega: nan1 + nantheta + nanomega + nantheta^2 + nantheta omega + nanomega^2
    Eq omega Phys: N/A
    Diffusion: theta=nan, omega=nan

--- Chunk 97056 (37/220) | Start: 2025-07-28 04:00:00 ---
    RMSE omega (GP): 0.009699 | RMSE omega (Sim): 0.106980
    Loss: 6.3603 | Epoch: 1010
    Eq omega: 0.000021 + -0.00012theta + -0.00014omega + 0.00040theta^2 + 0.00065theta omega + 0.00025omega^2
    Eq omega Phys: 0.000113*omega**2 + 1.0e-5*omega*theta + 3.3e-5*omega + 1.0e-6*theta + 2.0e-6
    Diffusion: theta=1.551697e-03, omega=3.888924e-05

--- Chunk 97057 (38/220) | Start: 2025-07-28 04:05:00 ---
    RMSE omega (GP): 0.007850 | RMSE omega (Sim): 0.103577
    Loss: 3.4624 | Epoch: 778
    Eq omega: -0.000791 + -0.00057theta + -0.00442omega + 0.00213theta^2 + -0.00029theta omega + 0.00101omega^2
    Eq omega Phys: 0.00047*omega**2 - 4.0e-6*omega*theta - 0.00017*omega + 1.0e-6*theta**2 + 1.0e-5*theta + 2.2e-5
    Diffusion: theta=1.863438e-03, omega=3.605455e-05

--- Chunk 97058 (39/220) | Start: 2025-07-28 04:10:00 ---
    RMSE omega (GP): 0.009971 | RMSE omega (Sim): 0.090517
    Loss: 9.9755 | Epoch: 2355
    Eq omega: 0.002441 + 0.00008theta + -0.00021omega + 0.00006theta^2 + -0.00044theta omega + 0.00100omega^2
    Eq omega Phys: 0.000526*omega**2 - 8.0e-6*omega*theta + 0.000127*omega - 1.0e-6*theta + 1.4e-5
    Diffusion: theta=1.337447e-04, omega=2.467437e-05

--- Chunk 97059 (40/220) | Start: 2025-07-28 04:15:00 ---
    RMSE omega (GP): nan | RMSE omega (Sim): nan
    Loss: 3553.7605 | Epoch: 16
    Eq omega: nan1 + nantheta + nanomega + nantheta^2 + nantheta omega + nanomega^2
    Eq omega Phys: N/A
    Diffusion: theta=nan, omega=nan

--- Chunk 97060 (41/220) | Start: 2025-07-28 04:20:00 ---
    RMSE omega (GP): 0.008858 | RMSE omega (Sim): 0.080136
    Loss: 10.8981 | Epoch: 1641
    Eq omega: -0.001551 + 0.00076theta + -0.00957omega + -0.00019theta^2 + -0.00010theta omega + -0.00081omega^2
    Eq omega Phys: -0.000502*omega**2 - 2.0e-6*omega*theta - 0.000296*omega + 4.0e-6*theta - 2.8e-5
    Diffusion: theta=1.751865e-04, omega=2.489477e-05

--- Chunk 97061 (42/220) | Start: 2025-07-28 04:25:00 ---
    RMSE omega (GP): 0.019851 | RMSE omega (Sim): 0.074534
    Loss: 64.9554 | Epoch: 1769
    Eq omega: -0.006781 + -0.03658theta + 0.00325omega + 0.00031theta^2 + -0.00223theta omega + -0.00027omega^2
    Eq omega Phys: -0.000167*omega**2 - 4.6e-5*omega*theta + 0.000518*omega - 4.4e-5*theta + 0.000367
    Diffusion: theta=9.464275e-04, omega=6.384908e-06

--- Chunk 97062 (43/220) | Start: 2025-07-28 04:30:00 ---
    RMSE omega (GP): 0.008866 | RMSE omega (Sim): 0.062062
    Loss: 14.4077 | Epoch: 882
    Eq omega: 0.011791 + -1.49584theta + 0.01749omega + 0.01874theta^2 + 0.06142theta omega + -0.00482omega^2
    Eq omega Phys: -0.003324*omega**2 + 0.001412*omega*theta + 0.001809*omega + 1.4e-5*theta**2 - 0.001637*theta - 0.001413
    Diffusion: theta=2.547200e-04, omega=3.059482e-05

--- Chunk 97063 (44/220) | Start: 2025-07-28 04:35:00 ---
    RMSE omega (GP): nan | RMSE omega (Sim): nan
    Loss: 431.7177 | Epoch: 66
    Eq omega: nan1 + nantheta + nanomega + nantheta^2 + nantheta omega + nanomega^2
    Eq omega Phys: N/A
    Diffusion: theta=nan, omega=nan

--- Chunk 97064 (45/220) | Start: 2025-07-28 04:40:00 ---
    RMSE omega (GP): 0.008114 | RMSE omega (Sim): 0.061248
    Loss: 6.2010 | Epoch: 956
    Eq omega: -0.001121 + 0.00135theta + 0.00074omega + 0.00144theta^2 + 0.00133theta omega + 0.00617omega^2
    Eq omega Phys: 0.003363*omega**2 + 2.4e-5*omega*theta - 0.000168*omega + 1.0e-6*theta**2 - 1.2e-5*theta + 4.1e-5
    Diffusion: theta=3.145277e-04, omega=3.765716e-05

--- Chunk 97065 (46/220) | Start: 2025-07-28 04:45:00 ---
    RMSE omega (GP): 0.018088 | RMSE omega (Sim): 0.115631
    Loss: 26.1779 | Epoch: 1063
    Eq omega: -0.000071 + -0.00098theta + -0.00102omega + 0.00003theta^2 + -0.00088theta omega + -0.00161omega^2
    Eq omega Phys: -0.001049*omega**2 - 1.9e-5*omega*theta + 0.000177*omega - 2.0e-6*theta + 1.5e-5
    Diffusion: theta=1.149876e-03, omega=2.078007e-05

--- Chunk 97066 (47/220) | Start: 2025-07-28 04:50:00 ---
    RMSE omega (GP): nan | RMSE omega (Sim): nan
    Loss: 60.1928 | Epoch: 61
    Eq omega: nan1 + nantheta + nanomega + nantheta^2 + nantheta omega + nanomega^2
    Eq omega Phys: N/A
    Diffusion: theta=nan, omega=nan

--- Chunk 97067 (48/220) | Start: 2025-07-28 04:55:00 ---
    RMSE omega (GP): 0.009845 | RMSE omega (Sim): 0.086948
    Loss: 3.8312 | Epoch: 1598
    Eq omega: -0.001281 + -0.00162theta + 0.00041omega + 0.00130theta^2 + 0.00059theta omega + 0.00246omega^2
    Eq omega Phys: 0.000978*omega**2 + 8.0e-6*omega*theta + 4.8e-5*omega + 1.0e-6*theta**2 + 3.0e-6*theta
    Diffusion: theta=4.171874e-04, omega=4.337039e-05

--- Chunk 97068 (49/220) | Start: 2025-07-28 05:00:00 ---
    RMSE omega (GP): nan | RMSE omega (Sim): nan
    Loss: 2671.8027 | Epoch: 17
    Eq omega: nan1 + nantheta + nanomega + nantheta^2 + nantheta omega + nanomega^2
    Eq omega Phys: N/A
    Diffusion: theta=nan, omega=nan

--- Chunk 97069 (50/220) | Start: 2025-07-28 05:05:00 ---
    RMSE omega (GP): 0.009738 | RMSE omega (Sim): 0.079512
    Loss: 8.5406 | Epoch: 1607
    Eq omega: -0.017291 + -1.88685theta + -0.00694omega + 1.30172theta^2 + -0.00507theta omega + -0.23748omega^2
    Eq omega Phys: -0.124023*omega**2 - 8.8e-5*omega*theta - 0.000144*omega + 0.000755*theta**2 - 0.00359*theta + 0.002775
    Diffusion: theta=1.937980e-04, omega=2.451262e-05

  [Progress 50/220] Mean RMSE omega (GP): 0.012699 | (Sim): 0.085791 | Mean loss: -426572191.5268 | Valid GP: 36/50 | Valid Sim: 36/50 | Elapsed: 16.5min | ETA: 56.3min

--- Chunk 97070 (51/220) | Start: 2025-07-28 05:10:00 ---
    RMSE omega (GP): nan | RMSE omega (Sim): nan
    Loss: 2314.8630 | Epoch: 18
    Eq omega: nan1 + nantheta + nanomega + nantheta^2 + nantheta omega + nanomega^2
    Eq omega Phys: N/A
    Diffusion: theta=nan, omega=nan

--- Chunk 97071 (52/220) | Start: 2025-07-28 05:15:00 ---
    RMSE omega (GP): 0.041884 | RMSE omega (Sim): 0.054273
    Loss: 682.8085 | Epoch: 37
    Eq omega: 0.001361 + -0.00044theta + 0.00434omega + 0.00011theta^2 + -0.00017theta omega + 0.00155omega^2
    Eq omega Phys: 0.001133*omega**2 - 4.0e-6*omega*theta + 0.0002*omega - 3.0e-6*theta + 2.4e-5
    Diffusion: theta=nan, omega=nan

--- Chunk 97072 (53/220) | Start: 2025-07-28 05:20:00 ---
    RMSE omega (GP): 0.009734 | RMSE omega (Sim): 0.038315
    Loss: 30.1514 | Epoch: 2613
    Eq omega: -0.000961 + -0.00036theta + 0.00073omega + 0.00001theta^2 + 0.00004theta omega + 0.00010omega^2
    Eq omega Phys: 8.9e-5*omega**2 + 1.0e-6*omega*theta + 4.0e-6*omega - 0.e-6*theta + 9.0e-6
    Diffusion: theta=4.182539e-04, omega=1.458810e-05

--- Chunk 97073 (54/220) | Start: 2025-07-28 05:25:00 ---
    RMSE omega (GP): 0.010831 | RMSE omega (Sim): 0.070179
    Loss: 39.9642 | Epoch: 4070
    Eq omega: -0.001131 + -0.00041theta + 0.00129omega + -0.00001theta^2 + -0.00002theta omega + 0.00028omega^2
    Eq omega Phys: 0.00025*omega**2 - 0.e-6*omega*theta + 5.4e-5*omega + 4.0e-6
    Diffusion: theta=2.125099e-03, omega=1.146058e-05

--- Chunk 97074 (55/220) | Start: 2025-07-28 05:30:00 ---
    RMSE omega (GP): nan | RMSE omega (Sim): nan
    Loss: 218.5929 | Epoch: 80
    Eq omega: nan1 + nantheta + nanomega + nantheta^2 + nantheta omega + nanomega^2
    Eq omega Phys: N/A
    Diffusion: theta=nan, omega=nan

--- Chunk 97075 (56/220) | Start: 2025-07-28 05:35:00 ---
    RMSE omega (GP): 0.041308 | RMSE omega (Sim): 0.127692
    Loss: 1274.1949 | Epoch: 42
    Eq omega: -0.000751 + -0.00048theta + 0.00103omega + -0.00002theta^2 + -0.00006theta omega + -0.00018omega^2
    Eq omega Phys: -0.000158*omega**2 - 2.0e-6*omega*theta + 6.4e-5*omega + 3.0e-6
    Diffusion: theta=nan, omega=nan

--- Chunk 97076 (57/220) | Start: 2025-07-28 05:40:00 ---
    RMSE omega (GP): 0.015200 | RMSE omega (Sim): 0.035248
    Loss: 126.9994 | Epoch: 298
    Eq omega: -0.000151 + -0.00005theta + -0.00055omega + -0.00002theta^2 + -0.00000theta omega + 0.00004omega^2
    Eq omega Phys: 4.2e-5*omega**2 - 1.8e-5*omega + 1.0e-6*theta - 9.0e-6
    Diffusion: theta=nan, omega=nan

--- Chunk 97077 (58/220) | Start: 2025-07-28 05:45:00 ---
    RMSE omega (GP): 0.008847 | RMSE omega (Sim): 0.063065
    Loss: 28.5737 | Epoch: 3066
    Eq omega: -0.000511 + 0.00002theta + 0.00041omega + 0.00001theta^2 + -0.00003theta omega + -0.00039omega^2
    Eq omega Phys: -0.000372*omega**2 - 0.e-6*omega*theta + 3.1e-5*omega + 2.0e-6
    Diffusion: theta=7.764416e-04, omega=8.940958e-06

--- Chunk 97078 (59/220) | Start: 2025-07-28 05:50:00 ---
    RMSE omega (GP): 0.037713 | RMSE omega (Sim): 0.065048
    Loss: 431.2919 | Epoch: 70
    Eq omega: -0.012291 + -0.00007theta + -0.00503omega + -0.00154theta^2 + 0.00008theta omega + -0.00034omega^2
    Eq omega Phys: -0.000226*omega**2 + 2.0e-6*omega*theta - 0.000198*omega - 1.0e-6*theta**2 + 3.8e-5*theta - 0.000344
    Diffusion: theta=nan, omega=nan

--- Chunk 97079 (60/220) | Start: 2025-07-28 05:55:00 ---
    RMSE omega (GP): nan | RMSE omega (Sim): nan
    Loss: 746.2731 | Epoch: 58
    Eq omega: nan1 + nantheta + nanomega + nantheta^2 + nantheta omega + nanomega^2
    Eq omega Phys: N/A
    Diffusion: theta=nan, omega=nan

--- Chunk 97080 (61/220) | Start: 2025-07-28 06:00:00 ---
    RMSE omega (GP): nan | RMSE omega (Sim): nan
    Loss: 24339.8574 | Epoch: 16
    Eq omega: nan1 + nantheta + nanomega + nantheta^2 + nantheta omega + nanomega^2
    Eq omega Phys: N/A
    Diffusion: theta=nan, omega=nan

--- Chunk 97081 (62/220) | Start: 2025-07-28 06:05:00 ---
    RMSE omega (GP): 0.007739 | RMSE omega (Sim): 0.049342
    Loss: 13.8415 | Epoch: 4130
    Eq omega: 0.003711 + 0.00005theta + -0.00681omega + 0.00002theta^2 + -0.00020theta omega + -0.00044omega^2
    Eq omega Phys: -0.000336*omega**2 - 5.0e-6*omega*theta - 0.000134*omega - 0.e-6*theta + 1.0e-5
    Diffusion: theta=2.899383e-04, omega=1.705265e-05

--- Chunk 97082 (63/220) | Start: 2025-07-28 06:10:00 ---
    RMSE omega (GP): 0.034545 | RMSE omega (Sim): 0.059426
    Loss: 494.2261 | Epoch: 342
    Eq omega: -0.004801 + -0.00373theta + -0.00328omega + -0.00002theta^2 + 0.00012theta omega + -0.00226omega^2
    Eq omega Phys: -0.001967*omega**2 + 3.0e-6*omega*theta - 0.000157*omega - 4.0e-6*theta + 4.7e-5
    Diffusion: theta=4.000539e-02, omega=4.329956e-05

--- Chunk 97083 (64/220) | Start: 2025-07-28 06:15:00 ---
    RMSE omega (GP): 0.011221 | RMSE omega (Sim): 0.071048
    Loss: 10.5051 | Epoch: 2452
    Eq omega: -0.007371 + -0.12258theta + 0.00047omega + 0.00030theta^2 + -0.00005theta omega + -0.00372omega^2
    Eq omega Phys: -0.001819*omega**2 - 0.e-6*omega*theta + 3.4e-5*omega - 0.000143*theta + 0.003061
    Diffusion: theta=3.610805e-04, omega=2.118231e-05

--- Chunk 97084 (65/220) | Start: 2025-07-28 06:20:00 ---
    RMSE omega (GP): 0.009703 | RMSE omega (Sim): 0.093049
    Loss: 12.4148 | Epoch: 1700
    Eq omega: 0.000661 + -0.01386theta + 0.00702omega + 0.00308theta^2 + -0.00174theta omega + 0.00039omega^2
    Eq omega Phys: 0.000233*omega**2 - 3.5e-5*omega*theta + 0.000668*omega + 2.0e-6*theta**2 - 6.7e-5*theta + 0.000515
    Diffusion: theta=5.565731e-04, omega=2.294692e-05

--- Chunk 97085 (66/220) | Start: 2025-07-28 06:25:00 ---
    RMSE omega (GP): 0.008467 | RMSE omega (Sim): 0.070592
    Loss: 5.4855 | Epoch: 2350
    Eq omega: 0.002611 + -0.00084theta + 0.00191omega + 0.00057theta^2 + -0.00045theta omega + 0.00080omega^2
    Eq omega Phys: 0.000405*omega**2 - 8.0e-6*omega*theta + 0.000157*omega - 9.0e-6*theta + 6.6e-5
    Diffusion: theta=7.162548e-04, omega=2.446214e-05

--- Chunk 97086 (67/220) | Start: 2025-07-28 06:30:00 ---
    RMSE omega (GP): 0.009845 | RMSE omega (Sim): 0.035457
    Loss: 44.7496 | Epoch: 1351
    Eq omega: -0.004881 + -0.00063theta + -0.00329omega + -0.00074theta^2 + 0.00018theta omega + -0.00095omega^2
    Eq omega Phys: -0.000951*omega**2 + 6.0e-6*omega*theta - 0.000208*omega - 0.e-6*theta**2 + 2.6e-5*theta - 0.000217
    Diffusion: theta=8.043195e-04, omega=1.403534e-05

--- Chunk 97087 (68/220) | Start: 2025-07-28 06:35:00 ---
    RMSE omega (GP): 0.008904 | RMSE omega (Sim): 0.060638
    Loss: 9.8879 | Epoch: 1362
    Eq omega: -0.000181 + 0.00185theta + -0.00645omega + 0.00048theta^2 + -0.00175theta omega + 0.00035omega^2
    Eq omega Phys: 0.000208*omega**2 - 3.5e-5*omega*theta + 3.0e-6*omega - 2.0e-6*theta - 0.e-6
    Diffusion: theta=2.747061e-04, omega=2.914844e-05

--- Chunk 97088 (69/220) | Start: 2025-07-28 06:40:00 ---
    RMSE omega (GP): 0.051967 | RMSE omega (Sim): 0.072635
    Loss: 557.2704 | Epoch: 28
    Eq omega: 0.001311 + 0.00314theta + -0.00614omega + 0.00089theta^2 + -0.00157theta omega + -0.00036omega^2
    Eq omega Phys: -0.000212*omega**2 - 3.1e-5*omega*theta - 0.000407*omega + 1.0e-6*theta**2 + 1.1e-5*theta + 5.0e-5
    Diffusion: theta=3.984330e-03, omega=3.339392e-06

--- Chunk 97089 (70/220) | Start: 2025-07-28 06:45:00 ---
    RMSE omega (GP): 0.008833 | RMSE omega (Sim): 0.085647
    Loss: 5.3169 | Epoch: 2219
    Eq omega: 0.000201 + 0.00115theta + -0.00036omega + -0.00014theta^2 + 0.00023theta omega + -0.00163omega^2
    Eq omega Phys: -0.000805*omega**2 + 4.0e-6*omega*theta + 1.4e-5*omega + 6.0e-6
    Diffusion: theta=1.805889e-04, omega=3.706111e-05

--- Chunk 97090 (71/220) | Start: 2025-07-28 06:50:00 ---
    RMSE omega (GP): nan | RMSE omega (Sim): nan
    Loss: 479.9984 | Epoch: 40
    Eq omega: nan1 + nantheta + nanomega + nantheta^2 + nantheta omega + nanomega^2
    Eq omega Phys: N/A
    Diffusion: theta=nan, omega=nan

--- Chunk 97091 (72/220) | Start: 2025-07-28 06:55:00 ---
    RMSE omega (GP): 0.009174 | RMSE omega (Sim): 0.133406
    Loss: 3.7582 | Epoch: 1251
    Eq omega: -0.001131 + -0.93724theta + 0.00557omega + -0.00745theta^2 + -0.00473theta omega + -0.05611omega^2
    Eq omega Phys: -0.024155*omega**2 - 6.8e-5*omega*theta - 7.0e-6*omega - 4.0e-6*theta**2 - 0.001062*theta - 0.002982
    Diffusion: theta=1.121690e-04, omega=3.706945e-05

--- Chunk 97092 (73/220) | Start: 2025-07-28 07:00:00 ---
    RMSE omega (GP): 0.009658 | RMSE omega (Sim): 0.092114
    Loss: 5.2380 | Epoch: 2067
    Eq omega: -0.009731 + -0.17753theta + -0.01322omega + 0.00041theta^2 + 0.00048theta omega + -0.00048omega^2
    Eq omega Phys: -0.000212*omega**2 + 7.0e-6*omega*theta - 0.000565*omega - 0.000204*theta + 0.003519
    Diffusion: theta=2.062318e-04, omega=2.332893e-05

--- Chunk 97093 (74/220) | Start: 2025-07-28 07:05:00 ---
    RMSE omega (GP): nan | RMSE omega (Sim): nan
    Loss: 523.1938 | Epoch: 71
    Eq omega: nan1 + nantheta + nanomega + nantheta^2 + nantheta omega + nanomega^2
    Eq omega Phys: N/A
    Diffusion: theta=nan, omega=nan

--- Chunk 97094 (75/220) | Start: 2025-07-28 07:10:00 ---
    RMSE omega (GP): 0.006366 | RMSE omega (Sim): 0.042565
    Loss: 9.4097 | Epoch: 1823
    Eq omega: -0.001301 + 0.00028theta + -0.00347omega + 0.00033theta^2 + 0.00101theta omega + 0.00136omega^2
    Eq omega Phys: 0.001067*omega**2 + 2.6e-5*omega*theta + 9.0e-6*omega + 3.0e-6*theta + 6.0e-6
    Diffusion: theta=5.850921e-04, omega=2.111139e-05

--- Chunk 97095 (76/220) | Start: 2025-07-28 07:15:00 ---
    RMSE omega (GP): 0.006359 | RMSE omega (Sim): 0.106885
    Loss: 0.9986 | Epoch: 1490
    Eq omega: 0.009121 + -0.00055theta + 0.00205omega + -0.00234theta^2 + 0.00302theta omega + 0.00760omega^2
    Eq omega Phys: 0.003624*omega**2 + 4.8e-5*omega*theta - 2.3e-5*omega - 1.0e-6*theta**2 + 4.0e-6*theta + 1.8e-5
    Diffusion: theta=2.133930e-04, omega=2.444102e-05

--- Chunk 97096 (77/220) | Start: 2025-07-28 07:20:00 ---
    RMSE omega (GP): 0.008214 | RMSE omega (Sim): 0.084138
    Loss: 3.6490 | Epoch: 1383
    Eq omega: -0.002301 + 0.00046theta + 0.00238omega + -0.00142theta^2 + 0.00231theta omega + 0.00991omega^2
    Eq omega Phys: 0.004556*omega**2 + 3.5e-5*omega*theta + 0.000383*omega - 0.e-6*theta**2 - 1.2e-5*theta - 5.5e-5
    Diffusion: theta=3.385219e-04, omega=4.520805e-05

--- Chunk 97097 (78/220) | Start: 2025-07-28 07:25:00 ---
    RMSE omega (GP): 0.018900 | RMSE omega (Sim): 0.084224
    Loss: -57.9556 | Epoch: 553
    Eq omega: 0.005511 + -0.01710theta + -0.00088omega + 0.00669theta^2 + -0.00125theta omega + 0.00102omega^2
    Eq omega Phys: 0.000632*omega**2 - 2.6e-5*omega*theta - 0.000104*omega + 5.0e-6*theta**2 + 8.0e-6*theta - 6.0e-6
    Diffusion: theta=3.871052e-02, omega=4.269590e-05

--- Chunk 97098 (79/220) | Start: 2025-07-28 07:30:00 ---
    RMSE omega (GP): nan | RMSE omega (Sim): nan
    Loss: 359.8978 | Epoch: 36
    Eq omega: nan1 + nantheta + nanomega + nantheta^2 + nantheta omega + nanomega^2
    Eq omega Phys: N/A
    Diffusion: theta=nan, omega=nan

--- Chunk 97099 (80/220) | Start: 2025-07-28 07:35:00 ---
    RMSE omega (GP): nan | RMSE omega (Sim): nan
    Loss: 56.6819 | Epoch: 70
    Eq omega: nan1 + nantheta + nanomega + nantheta^2 + nantheta omega + nanomega^2
    Eq omega Phys: N/A
    Diffusion: theta=nan, omega=nan

--- Chunk 97100 (81/220) | Start: 2025-07-28 07:40:00 ---
    RMSE omega (GP): 0.021323 | RMSE omega (Sim): 0.100250
    Loss: 42.5510 | Epoch: 394
    Eq omega: 0.000021 + -0.01944theta + 0.00028omega + -0.00016theta^2 + -0.00461theta omega + 0.00243omega^2
    Eq omega Phys: 0.001189*omega**2 - 7.5e-5*omega*theta + 0.000176*omega - 2.1e-5*theta + 4.8e-5
    Diffusion: theta=2.072969e-02, omega=1.493835e-05

--- Chunk 97101 (82/220) | Start: 2025-07-28 07:45:00 ---
    RMSE omega (GP): nan | RMSE omega (Sim): nan
    Loss: 484.3367 | Epoch: 55
    Eq omega: nan1 + nantheta + nanomega + nantheta^2 + nantheta omega + nanomega^2
    Eq omega Phys: N/A
    Diffusion: theta=nan, omega=nan

--- Chunk 97102 (83/220) | Start: 2025-07-28 07:50:00 ---
    RMSE omega (GP): 0.008009 | RMSE omega (Sim): 0.050692
    Loss: 10.9837 | Epoch: 1565
    Eq omega: -0.000781 + -0.00254theta + -0.00041omega + -0.00000theta^2 + 0.00021theta omega + 0.00100omega^2
    Eq omega Phys: 0.000692*omega**2 + 5.0e-6*omega*theta - 6.0e-5*omega - 3.0e-6*theta + 2.6e-5
    Diffusion: theta=3.851094e-04, omega=2.060603e-05

--- Chunk 97103 (84/220) | Start: 2025-07-28 07:55:00 ---
    RMSE omega (GP): 0.005520 | RMSE omega (Sim): 0.069964
    Loss: 0.3970 | Epoch: 2562
    Eq omega: 0.000051 + -0.00021theta + 0.00208omega + 0.00019theta^2 + -0.00103theta omega + 0.00063omega^2
    Eq omega Phys: 0.000299*omega**2 - 1.6e-5*omega*theta + 0.000286*omega - 3.0e-6*theta + 2.1e-5
    Diffusion: theta=5.128382e-04, omega=2.536053e-05

--- Chunk 97104 (85/220) | Start: 2025-07-28 08:00:00 ---
    RMSE omega (GP): 0.010595 | RMSE omega (Sim): 0.040290
    Loss: 3.8950 | Epoch: 1553
    Eq omega: -0.000421 + -0.31362theta + 0.00544omega + -0.00315theta^2 + -0.04440theta omega + -0.00043omega^2
    Eq omega Phys: -0.000171*omega**2 - 0.00059*omega*theta + 0.002153*omega - 1.0e-6*theta**2 - 0.000339*theta + 0.001148
    Diffusion: theta=9.843035e-04, omega=1.942308e-05

--- Chunk 97105 (86/220) | Start: 2025-07-28 08:05:00 ---
    RMSE omega (GP): 0.008515 | RMSE omega (Sim): 0.072841
    Loss: 9.4835 | Epoch: 1378
    Eq omega: 0.000411 + 0.00061theta + -0.00124omega + 0.00013theta^2 + 0.00019theta omega + 0.00034omega^2
    Eq omega Phys: 0.000208*omega**2 + 4.0e-6*omega*theta - 7.4e-5*omega - 0.e-6*theta + 1.0e-6
    Diffusion: theta=1.549224e-04, omega=2.093427e-05

--- Chunk 97106 (87/220) | Start: 2025-07-28 08:10:00 ---
    RMSE omega (GP): nan | RMSE omega (Sim): nan
    Loss: 94.1657 | Epoch: 55
    Eq omega: nan1 + nantheta + nanomega + nantheta^2 + nantheta omega + nanomega^2
    Eq omega Phys: N/A
    Diffusion: theta=nan, omega=nan

--- Chunk 97107 (88/220) | Start: 2025-07-28 08:15:00 ---
    RMSE omega (GP): nan | RMSE omega (Sim): nan
    Loss: 107.3921 | Epoch: 31
    Eq omega: nan1 + nantheta + nanomega + nantheta^2 + nantheta omega + nanomega^2
    Eq omega Phys: N/A
    Diffusion: theta=nan, omega=nan

--- Chunk 97108 (89/220) | Start: 2025-07-28 08:20:00 ---
    RMSE omega (GP): 0.015682 | RMSE omega (Sim): 0.065738
    Loss: 13.8328 | Epoch: 1247
    Eq omega: 0.003621 + -0.08802theta + 0.01195omega + 0.00119theta^2 + -0.00150theta omega + -0.00058omega^2
    Eq omega Phys: -0.000225*omega**2 - 1.9e-5*omega*theta + 0.000646*omega + 1.0e-6*theta**2 - 0.000111*theta + 0.001345
    Diffusion: theta=1.286431e-03, omega=1.158240e-05

--- Chunk 97109 (90/220) | Start: 2025-07-28 08:25:00 ---
    RMSE omega (GP): 0.008057 | RMSE omega (Sim): 0.072395
    Loss: 2.2763 | Epoch: 1982
    Eq omega: -0.002361 + 0.00081theta + 0.00171omega + -0.00031theta^2 + -0.00196theta omega + 0.02444omega^2
    Eq omega Phys: 0.010832*omega**2 - 2.9e-5*omega*theta + 0.000255*omega + 3.0e-6*theta - 1.9e-5
    Diffusion: theta=9.675520e-04, omega=2.221608e-05

--- Chunk 97110 (91/220) | Start: 2025-07-28 08:30:00 ---
    RMSE omega (GP): 0.022503 | RMSE omega (Sim): 0.030551
    Loss: 335.8514 | Epoch: 348
    Eq omega: 0.001221 + -0.00054theta + 0.00144omega + -0.00015theta^2 + -0.00054theta omega + -0.00030omega^2
    Eq omega Phys: -0.000318*omega**2 - 1.9e-5*omega*theta + 0.000415*omega + 6.0e-6*theta - 5.2e-5
    Diffusion: theta=8.316619e-01, omega=6.762427e-04

--- Chunk 97111 (92/220) | Start: 2025-07-28 08:35:00 ---
    RMSE omega (GP): 0.029631 | RMSE omega (Sim): 0.038223
    Loss: 647.4525 | Epoch: 57
    Eq omega: -0.001251 + 0.00024theta + -0.00259omega + -0.00002theta^2 + -0.00001theta omega + -0.00096omega^2
    Eq omega Phys: -0.000913*omega**2 - 8.1e-5*omega + 1.0e-6*theta - 1.2e-5
    Diffusion: theta=nan, omega=nan

--- Chunk 97112 (93/220) | Start: 2025-07-28 08:40:00 ---
    RMSE omega (GP): 0.006813 | RMSE omega (Sim): 0.049513
    Loss: 1.8571 | Epoch: 973
    Eq omega: 0.004191 + -0.41960theta + 0.00085omega + 0.00278theta^2 + -0.00640theta omega + -0.00443omega^2
    Eq omega Phys: -0.002147*omega**2 - 0.000103*omega*theta + 8.0e-5*omega + 1.0e-6*theta**2 - 0.000468*theta + 0.000241
    Diffusion: theta=2.344584e-04, omega=3.134557e-05

--- Chunk 97113 (94/220) | Start: 2025-07-28 08:45:00 ---
    RMSE omega (GP): nan | RMSE omega (Sim): nan
    Loss: 37.0050 | Epoch: 71
    Eq omega: nan1 + nantheta + nanomega + nantheta^2 + nantheta omega + nanomega^2
    Eq omega Phys: N/A
    Diffusion: theta=nan, omega=nan

--- Chunk 97114 (95/220) | Start: 2025-07-28 08:50:00 ---
    RMSE omega (GP): 0.008264 | RMSE omega (Sim): 0.050836
    Loss: 11.6492 | Epoch: 1187
    Eq omega: -0.000231 + -0.00056theta + 0.00555omega + -0.00001theta^2 + 0.00210theta omega + -0.00145omega^2
    Eq omega Phys: -0.000977*omega**2 + 4.7e-5*omega*theta - 0.000254*omega + 5.0e-6
    Diffusion: theta=3.209223e-04, omega=2.218167e-05

--- Chunk 97115 (96/220) | Start: 2025-07-28 08:55:00 ---
    RMSE omega (GP): nan | RMSE omega (Sim): nan
    Loss: 324.7596 | Epoch: 35
    Eq omega: nan1 + nantheta + nanomega + nantheta^2 + nantheta omega + nanomega^2
    Eq omega Phys: N/A
    Diffusion: theta=nan, omega=nan

--- Chunk 97116 (97/220) | Start: 2025-07-28 09:00:00 ---
    RMSE omega (GP): 0.008433 | RMSE omega (Sim): 0.051170
    Loss: 29.1112 | Epoch: 1917
    Eq omega: 0.002231 + -0.03246theta + -0.09727omega + 0.00839theta^2 + 0.00034theta omega + -0.00284omega^2
    Eq omega Phys: -0.00283*omega**2 + 1.1e-5*omega*theta - 0.003441*omega + 9.0e-6*theta**2 - 0.000363*theta + 0.003518
    Diffusion: theta=6.650477e-04, omega=1.234340e-05

--- Chunk 97117 (98/220) | Start: 2025-07-28 09:05:00 ---
    RMSE omega (GP): 0.008810 | RMSE omega (Sim): 0.029631
    Loss: 18.8659 | Epoch: 4028
    Eq omega: 0.041571 + -0.03581theta + 0.00576omega + -0.00515theta^2 + -0.00075theta omega + -0.00454omega^2
    Eq omega Phys: -0.003517*omega**2 - 1.9e-5*omega*theta + 0.00057*omega - 4.0e-6*theta**2 + 0.000133*theta - 0.000853
    Diffusion: theta=2.867230e-03, omega=1.132051e-05

--- Chunk 97118 (99/220) | Start: 2025-07-28 09:10:00 ---
    RMSE omega (GP): nan | RMSE omega (Sim): nan
    Loss: 497.1560 | Epoch: 70
    Eq omega: nan1 + nantheta + nanomega + nantheta^2 + nantheta omega + nanomega^2
    Eq omega Phys: N/A
    Diffusion: theta=nan, omega=nan

--- Chunk 97119 (100/220) | Start: 2025-07-28 09:15:00 ---
    RMSE omega (GP): 0.034517 | RMSE omega (Sim): 0.196216
    Loss: 153.3261 | Epoch: 37
    Eq omega: 0.000541 + -0.00370theta + 0.00191omega + -0.00002theta^2 + -0.00046theta omega + -0.00012omega^2
    Eq omega Phys: -5.4e-5*omega**2 - 7.0e-6*omega*theta + 0.000107*omega - 4.0e-6*theta + 2.7e-5
    Diffusion: theta=nan, omega=nan

  [Progress 100/220] Mean RMSE omega (GP): 0.014295 | (Sim): 0.077802 | Mean loss: -213285739.7786 | Valid GP: 72/100 | Valid Sim: 72/100 | Elapsed: 35.0min | ETA: 41.9min

--- Chunk 97120 (101/220) | Start: 2025-07-28 09:20:00 ---
    RMSE omega (GP): 0.010860 | RMSE omega (Sim): 0.064722
    Loss: 6.0503 | Epoch: 1966
    Eq omega: -0.011161 + -0.07524theta + -0.00148omega + -0.00173theta^2 + 0.00323theta omega + -0.00600omega^2
    Eq omega Phys: -0.002522*omega**2 + 4.5e-5*omega*theta + 0.000265*omega - 0.e-6*theta**2 - 9.5e-5*theta - 0.000649
    Diffusion: theta=1.104999e-04, omega=1.895958e-05

--- Chunk 97121 (102/220) | Start: 2025-07-28 09:25:00 ---
    RMSE omega (GP): 0.010059 | RMSE omega (Sim): 0.048437
    Loss: 17.2656 | Epoch: 1589
    Eq omega: -0.001231 + -0.00042theta + -0.00205omega + -0.00001theta^2 + 0.00005theta omega + 0.00017omega^2
    Eq omega Phys: 0.000119*omega**2 + 1.0e-6*omega*theta - 5.3e-5*omega - 0.e-6*theta - 9.0e-6
    Diffusion: theta=2.783562e-04, omega=1.424366e-05

--- Chunk 97122 (103/220) | Start: 2025-07-28 09:30:00 ---
    RMSE omega (GP): nan | RMSE omega (Sim): nan
    Loss: 21.2458 | Epoch: 217
    Eq omega: nan1 + nantheta + nanomega + nantheta^2 + nantheta omega + nanomega^2
    Eq omega Phys: N/A
    Diffusion: theta=nan, omega=nan

--- Chunk 97123 (104/220) | Start: 2025-07-28 09:35:00 ---
    RMSE omega (GP): 0.032374 | RMSE omega (Sim): 0.048243
    Loss: 239.0842 | Epoch: 97
    Eq omega: -0.002271 + 0.00010theta + 0.00193omega + 0.00012theta^2 + -0.00020theta omega + -0.00017omega^2
    Eq omega Phys: -0.000117*omega**2 - 5.0e-6*omega*theta + 2.7e-5*omega + 2.0e-6*theta + 3.0e-6
    Diffusion: theta=nan, omega=nan

--- Chunk 97124 (105/220) | Start: 2025-07-28 09:40:00 ---
    RMSE omega (GP): nan | RMSE omega (Sim): nan
    Loss: 56.5684 | Epoch: 228
    Eq omega: nan1 + nantheta + nanomega + nantheta^2 + nantheta omega + nanomega^2
    Eq omega Phys: N/A
    Diffusion: theta=nan, omega=nan

--- Chunk 97125 (106/220) | Start: 2025-07-28 09:45:00 ---
    RMSE omega (GP): 0.009713 | RMSE omega (Sim): 0.106500
    Loss: 11.6186 | Epoch: 821
    Eq omega: -0.003921 + 0.00526theta + -0.00180omega + -0.00105theta^2 + -0.00235theta omega + 0.03201omega^2
    Eq omega Phys: 0.018526*omega**2 - 4.5e-5*omega*theta - 4.1e-5*omega - 0.e-6*theta**2 + 6.0e-6*theta - 1.0e-5
    Diffusion: theta=2.175850e-03, omega=2.285981e-05

--- Chunk 97126 (107/220) | Start: 2025-07-28 09:50:00 ---
    RMSE omega (GP): nan | RMSE omega (Sim): nan
    Loss: 329.4136 | Epoch: 16
    Eq omega: nan1 + nantheta + nanomega + nantheta^2 + nantheta omega + nanomega^2
    Eq omega Phys: N/A
    Diffusion: theta=nan, omega=nan

--- Chunk 97127 (108/220) | Start: 2025-07-28 09:55:00 ---
    RMSE omega (GP): nan | RMSE omega (Sim): nan
    Loss: 116.7487 | Epoch: 45
    Eq omega: nan1 + nantheta + nanomega + nantheta^2 + nantheta omega + nanomega^2
    Eq omega Phys: N/A
    Diffusion: theta=nan, omega=nan

--- Chunk 97128 (109/220) | Start: 2025-07-28 10:00:00 ---
    RMSE omega (GP): 0.010483 | RMSE omega (Sim): 0.050277
    Loss: 25.1515 | Epoch: 1337
    Eq omega: -0.000031 + 0.00020theta + 0.00035omega + -0.00035theta^2 + -0.00041theta omega + -0.00015omega^2
    Eq omega Phys: -0.000111*omega**2 - 1.0e-5*omega*theta + 7.4e-5*omega + 4.0e-6*theta - 1.2e-5
    Diffusion: theta=2.522599e-04, omega=2.311316e-05

--- Chunk 97129 (110/220) | Start: 2025-07-28 10:05:00 ---
    RMSE omega (GP): 0.011331 | RMSE omega (Sim): 0.050560
    Loss: 15.8022 | Epoch: 1719
    Eq omega: -0.011111 + -1.32411theta + -0.06915omega + 0.19374theta^2 + 0.02850theta omega + -0.01912omega^2
    Eq omega Phys: -0.010954*omega**2 + 0.000544*omega*theta - 0.00101*omega + 0.000123*theta**2 - 0.000884*theta - 0.002823
    Diffusion: theta=1.602561e-04, omega=2.072955e-05

--- Chunk 97130 (111/220) | Start: 2025-07-28 10:10:00 ---
    RMSE omega (GP): 0.007933 | RMSE omega (Sim): 0.044142
    Loss: 14.9450 | Epoch: 1706
    Eq omega: 0.002541 + -0.00067theta + 0.01669omega + 0.00005theta^2 + 0.00012theta omega + -0.00117omega^2
    Eq omega Phys: -0.000904*omega**2 + 3.0e-6*omega*theta + 0.000582*omega
    Diffusion: theta=2.232573e-04, omega=2.569552e-05

--- Chunk 97131 (112/220) | Start: 2025-07-28 10:15:00 ---
    RMSE omega (GP): nan | RMSE omega (Sim): nan
    Loss: 502.3334 | Epoch: 27
    Eq omega: nan1 + nantheta + nanomega + nantheta^2 + nantheta omega + nanomega^2
    Eq omega Phys: N/A
    Diffusion: theta=nan, omega=nan

--- Chunk 97132 (113/220) | Start: 2025-07-28 10:20:00 ---
    RMSE omega (GP): 0.028947 | RMSE omega (Sim): 0.049433
    Loss: 155.4147 | Epoch: 85
    Eq omega: 0.000021 + -0.04196theta + 0.00348omega + 0.00079theta^2 + 0.00098theta omega + -0.00291omega^2
    Eq omega Phys: -0.00181*omega**2 + 2.0e-5*omega*theta + 0.000315*omega + 1.0e-6*theta**2 - 3.6e-5*theta - 0.000404
    Diffusion: theta=1.854785e-03, omega=6.219093e-06

--- Chunk 97133 (114/220) | Start: 2025-07-28 10:25:00 ---
    RMSE omega (GP): nan | RMSE omega (Sim): nan
    Loss: 1868.6028 | Epoch: 20
    Eq omega: nan1 + nantheta + nanomega + nantheta^2 + nantheta omega + nanomega^2
    Eq omega Phys: N/A
    Diffusion: theta=nan, omega=nan

--- Chunk 97134 (115/220) | Start: 2025-07-28 10:30:00 ---
    RMSE omega (GP): 0.009913 | RMSE omega (Sim): 0.080045
    Loss: 13.3296 | Epoch: 1155
    Eq omega: -0.000291 + 0.00233theta + 0.00007omega + 0.00008theta^2 + -0.00007theta omega + 0.00038omega^2
    Eq omega Phys: 0.000228*omega**2 - 1.0e-6*omega*theta + 9.0e-6*omega + 2.0e-6*theta - 1.1e-5
    Diffusion: theta=1.552867e-04, omega=2.401396e-05

--- Chunk 97135 (116/220) | Start: 2025-07-28 10:35:00 ---
    RMSE omega (GP): 0.009266 | RMSE omega (Sim): 0.075262
    Loss: 13.8330 | Epoch: 1009
    Eq omega: -0.011671 + 0.00024theta + -0.00673omega + -0.00016theta^2 + -0.00000theta omega + 0.00003omega^2
    Eq omega Phys: 2.0e-5*omega**2 - 0.000224*omega + 2.0e-6*theta - 3.1e-5
    Diffusion: theta=2.370002e-04, omega=2.448046e-05

--- Chunk 97136 (117/220) | Start: 2025-07-28 10:40:00 ---
    RMSE omega (GP): 0.008980 | RMSE omega (Sim): 0.091896
    Loss: 4.1167 | Epoch: 1018
    Eq omega: 0.008311 + -0.47169theta + 0.00936omega + 0.00427theta^2 + -0.03965theta omega + 0.01988omega^2
    Eq omega Phys: 0.009019*omega**2 - 0.0006*omega*theta + 6.4e-5*omega + 2.0e-6*theta**2 - 0.000522*theta - 0.000196
    Diffusion: theta=1.073396e-04, omega=3.043690e-05

--- Chunk 97137 (118/220) | Start: 2025-07-28 10:45:00 ---
    RMSE omega (GP): 0.011568 | RMSE omega (Sim): 0.154128
    Loss: 11.0429 | Epoch: 3067
    Eq omega: 0.003521 + -0.00114theta + 0.00318omega + 0.00002theta^2 + 0.00047theta omega + -0.00069omega^2
    Eq omega Phys: -0.000337*omega**2 + 8.0e-6*omega*theta + 0.00016*omega - 1.0e-6*theta
    Diffusion: theta=1.249339e-04, omega=2.643833e-05

--- Chunk 97138 (119/220) | Start: 2025-07-28 10:50:00 ---
    RMSE omega (GP): nan | RMSE omega (Sim): nan
    Loss: 156.9106 | Epoch: 17
    Eq omega: nan1 + nantheta + nanomega + nantheta^2 + nantheta omega + nanomega^2
    Eq omega Phys: N/A
    Diffusion: theta=nan, omega=nan

--- Chunk 97139 (120/220) | Start: 2025-07-28 10:55:00 ---
    RMSE omega (GP): 0.011393 | RMSE omega (Sim): 0.042916
    Loss: 31.8092 | Epoch: 1418
    Eq omega: 0.083571 + -1.01190theta + 0.00296omega + -0.00562theta^2 + 0.03929theta omega + -0.00204omega^2
    Eq omega Phys: -0.001568*omega**2 + 0.001006*omega*theta - 0.001676*omega - 5.0e-6*theta**2 - 0.001107*theta + 0.002088
    Diffusion: theta=4.798608e-04, omega=1.849518e-05

--- Chunk 97140 (121/220) | Start: 2025-07-28 11:00:00 ---
    RMSE omega (GP): 0.010266 | RMSE omega (Sim): 0.066839
    Loss: 13.2940 | Epoch: 1542
    Eq omega: 0.004461 + -0.34192theta + 0.01149omega + 0.00897theta^2 + -0.00241theta omega + 0.00435omega^2
    Eq omega Phys: 0.00251*omega**2 - 4.6e-5*omega*theta + 0.000452*omega + 6.0e-6*theta**2 - 0.000397*theta + 0.000591
    Diffusion: theta=8.267053e-04, omega=2.551545e-05

--- Chunk 97141 (122/220) | Start: 2025-07-28 11:05:00 ---
    RMSE omega (GP): 0.012580 | RMSE omega (Sim): 0.090603
    Loss: 10.1566 | Epoch: 2189
    Eq omega: -0.002141 + -0.00044theta + 0.00103omega + -0.00013theta^2 + 0.00035theta omega + -0.00234omega^2
    Eq omega Phys: -0.000989*omega**2 + 5.0e-6*omega*theta - 3.8e-5*omega + 1.0e-6*theta - 1.2e-5
    Diffusion: theta=1.218785e-03, omega=2.065585e-05

--- Chunk 97142 (123/220) | Start: 2025-07-28 11:10:00 ---
    RMSE omega (GP): 0.009463 | RMSE omega (Sim): 0.059290
    Loss: 15.0490 | Epoch: 1445
    Eq omega: -1.025221 + -3.75756theta + -0.00640omega + -0.99886theta^2 + -0.08294theta omega + 0.96820omega^2
    Eq omega Phys: 0.630789*omega**2 - 0.001801*omega*theta + 0.000446*omega - 0.000723*theta**2 - 0.003646*theta - 0.000317
    Diffusion: theta=1.285517e-03, omega=2.201992e-05

--- Chunk 97143 (124/220) | Start: 2025-07-28 11:15:00 ---
    RMSE omega (GP): nan | RMSE omega (Sim): nan
    Loss: 40.5282 | Epoch: 113
    Eq omega: nan1 + nantheta + nanomega + nantheta^2 + nantheta omega + nanomega^2
    Eq omega Phys: N/A
    Diffusion: theta=nan, omega=nan

--- Chunk 97144 (125/220) | Start: 2025-07-28 11:20:00 ---
    RMSE omega (GP): 0.017042 | RMSE omega (Sim): 0.074429
    Loss: -15820.9619 | Epoch: 731
    Eq omega: -0.015941 + -0.00107theta + 0.00435omega + -0.00361theta^2 + -0.01075theta omega + 0.00054omega^2
    Eq omega Phys: 0.000259*omega**2 - 0.000172*omega*theta + 0.000244*omega - 2.0e-6*theta**2 + 1.0e-6*theta - 3.7e-5
    Diffusion: theta=2.948930e-02, omega=4.325480e-05

--- Chunk 97145 (126/220) | Start: 2025-07-28 11:25:00 ---
    RMSE omega (GP): nan | RMSE omega (Sim): nan
    Loss: 183.7769 | Epoch: 45
    Eq omega: nan1 + nantheta + nanomega + nantheta^2 + nantheta omega + nanomega^2
    Eq omega Phys: N/A
    Diffusion: theta=nan, omega=nan

--- Chunk 97146 (127/220) | Start: 2025-07-28 11:30:00 ---
    RMSE omega (GP): 0.009654 | RMSE omega (Sim): 0.102614
    Loss: 9.3541 | Epoch: 2108
    Eq omega: -0.001761 + 0.00196theta + -0.00485omega + 0.00027theta^2 + 0.00319theta omega + 0.00467omega^2
    Eq omega Phys: 0.002502*omega**2 + 5.7e-5*omega*theta - 0.000587*omega - 1.1e-5
    Diffusion: theta=2.425721e-04, omega=2.751379e-05

--- Chunk 97147 (128/220) | Start: 2025-07-28 11:35:00 ---
    RMSE omega (GP): 0.012102 | RMSE omega (Sim): 0.080221
    Loss: 10.5321 | Epoch: 1745
    Eq omega: -0.001151 + -0.00195theta + -0.00036omega + -0.00080theta^2 + 0.00036theta omega + 0.00115omega^2
    Eq omega Phys: 0.000523*omega**2 + 5.0e-6*omega*theta - 4.9e-5*omega + 3.0e-6*theta - 7.0e-6
    Diffusion: theta=2.730866e-04, omega=3.265300e-05

--- Chunk 97148 (129/220) | Start: 2025-07-28 11:40:00 ---
    RMSE omega (GP): 0.010851 | RMSE omega (Sim): 0.056058
    Loss: 16.9274 | Epoch: 1699
    Eq omega: -0.000361 + -0.00090theta + 0.00260omega + 0.00013theta^2 + -0.00018theta omega + 0.00208omega^2
    Eq omega Phys: 0.001237*omega**2 - 4.0e-6*omega*theta + 5.9e-5*omega - 3.0e-6
    Diffusion: theta=1.385004e-03, omega=2.973878e-05

--- Chunk 97149 (130/220) | Start: 2025-07-28 11:45:00 ---
    RMSE omega (GP): 0.012277 | RMSE omega (Sim): 0.105191
    Loss: 46.4310 | Epoch: 3440
    Eq omega: -0.003841 + -0.00011theta + -0.00070omega + 0.00002theta^2 + -0.00005theta omega + 0.00002omega^2
    Eq omega Phys: 1.7e-5*omega**2 - 1.0e-6*omega*theta - 0.e-6*omega - 0.e-6*theta + 2.0e-6
    Diffusion: theta=1.625266e-03, omega=9.668275e-06

--- Chunk 97150 (131/220) | Start: 2025-07-28 11:50:00 ---
    RMSE omega (GP): nan | RMSE omega (Sim): nan
    Loss: 119.7781 | Epoch: 48
    Eq omega: nan1 + nantheta + nanomega + nantheta^2 + nantheta omega + nanomega^2
    Eq omega Phys: N/A
    Diffusion: theta=nan, omega=nan

--- Chunk 97151 (132/220) | Start: 2025-07-28 11:55:00 ---
    RMSE omega (GP): 0.011669 | RMSE omega (Sim): 0.076676
    Loss: 6.4528 | Epoch: 1288
    Eq omega: 0.000311 + -0.00857theta + 0.00056omega + -0.02036theta^2 + 0.00127theta omega + -0.00120omega^2
    Eq omega Phys: -0.000477*omega**2 + 1.7e-5*omega*theta - 0.00013*omega - 9.0e-6*theta**2 + 0.000149*theta - 0.000613
    Diffusion: theta=3.529386e-04, omega=2.903259e-05

--- Chunk 97152 (133/220) | Start: 2025-07-28 12:00:00 ---
    RMSE omega (GP): 0.012484 | RMSE omega (Sim): 0.088984
    Loss: 15.5724 | Epoch: 1010
    Eq omega: -0.002131 + 0.00045theta + -0.00191omega + -0.00069theta^2 + 0.00154theta omega + 0.00168omega^2
    Eq omega Phys: 0.00086*omega**2 + 2.6e-5*omega*theta + 0.000122*omega - 5.0e-6*theta - 2.1e-5
    Diffusion: theta=5.304474e-04, omega=3.056585e-05

--- Chunk 97153 (134/220) | Start: 2025-07-28 12:05:00 ---
    RMSE omega (GP): 0.009697 | RMSE omega (Sim): 0.111447
    Loss: 4.1187 | Epoch: 1883
    Eq omega: 0.002921 + -0.00317theta + 0.00351omega + 0.00014theta^2 + -0.00117theta omega + 0.00528omega^2
    Eq omega Phys: 0.002163*omega**2 - 1.6e-5*omega*theta + 0.000132*omega - 4.0e-6*theta + 1.1e-5
    Diffusion: theta=6.997871e-04, omega=1.798449e-05

--- Chunk 97154 (135/220) | Start: 2025-07-28 12:10:00 ---
    RMSE omega (GP): nan | RMSE omega (Sim): nan
    Loss: 141.6403 | Epoch: 37
    Eq omega: nan1 + nantheta + nanomega + nantheta^2 + nantheta omega + nanomega^2
    Eq omega Phys: N/A
    Diffusion: theta=nan, omega=nan

--- Chunk 97155 (136/220) | Start: 2025-07-28 12:15:00 ---
    RMSE omega (GP): 0.009826 | RMSE omega (Sim): 0.148753
    Loss: 8.4351 | Epoch: 1301
    Eq omega: 0.000011 + -0.00152theta + 0.00013omega + 0.00083theta^2 + -0.00007theta omega + 0.00111omega^2
    Eq omega Phys: 0.000564*omega**2 - 1.0e-6*omega*theta + 4.0e-6*omega - 2.0e-6*theta
    Diffusion: theta=3.391109e-04, omega=3.856171e-05

--- Chunk 97156 (137/220) | Start: 2025-07-28 12:20:00 ---
    RMSE omega (GP): 0.009959 | RMSE omega (Sim): 0.113105
    Loss: 4.4951 | Epoch: 1098
    Eq omega: 0.001221 + 0.00074theta + 0.00042omega + 0.00122theta^2 + -0.00040theta omega + 0.00061omega^2
    Eq omega Phys: 0.000256*omega**2 - 6.0e-6*omega*theta + 1.5e-5*omega + 1.0e-6*theta**2 + 1.0e-6*theta + 3.0e-6
    Diffusion: theta=1.878717e-03, omega=3.039740e-05

--- Chunk 97157 (138/220) | Start: 2025-07-28 12:25:00 ---
    RMSE omega (GP): 0.010526 | RMSE omega (Sim): 0.087938
    Loss: 15.9906 | Epoch: 1645
    Eq omega: 0.001851 + -0.00141theta + -0.00009omega + -0.00020theta^2 + 0.00016theta omega + 0.00172omega^2
    Eq omega Phys: 0.001048*omega**2 + 3.0e-6*omega*theta - 2.9e-5*omega + 1.0e-6*theta + 7.0e-6
    Diffusion: theta=2.635089e-04, omega=2.955732e-05

--- Chunk 97158 (139/220) | Start: 2025-07-28 12:30:00 ---
    RMSE omega (GP): nan | RMSE omega (Sim): nan
    Loss: 94.4201 | Epoch: 72
    Eq omega: nan1 + nantheta + nanomega + nantheta^2 + nantheta omega + nanomega^2
    Eq omega Phys: N/A
    Diffusion: theta=nan, omega=nan

--- Chunk 97159 (140/220) | Start: 2025-07-28 12:35:00 ---
    RMSE omega (GP): 0.011927 | RMSE omega (Sim): 0.052641
    Loss: 23.4231 | Epoch: 1213
    Eq omega: -0.003051 + -0.01132theta + 0.00010omega + 0.00072theta^2 + -0.00211theta omega + 0.01079omega^2
    Eq omega Phys: 0.006847*omega**2 - 4.5e-5*omega*theta + 4.6e-5*omega + 1.0e-6*theta**2 - 1.4e-5*theta + 7.0e-6
    Diffusion: theta=1.414529e-03, omega=2.626747e-05

--- Chunk 97160 (141/220) | Start: 2025-07-28 12:40:00 ---
    RMSE omega (GP): 0.016404 | RMSE omega (Sim): 0.082868
    Loss: 35.8425 | Epoch: 428
    Eq omega: 0.002841 + -0.00997theta + -0.00315omega + -0.00065theta^2 + -0.00194theta omega + 0.00075omega^2
    Eq omega Phys: 0.000397*omega**2 - 3.4e-5*omega*theta + 1.1e-5*omega - 8.0e-6*theta + 3.9e-5
    Diffusion: theta=1.268321e-01, omega=1.188915e-04

--- Chunk 97161 (142/220) | Start: 2025-07-28 12:45:00 ---
    RMSE omega (GP): 0.011977 | RMSE omega (Sim): 0.067671
    Loss: 19.7277 | Epoch: 1212
    Eq omega: -0.000541 + -0.00175theta + 0.00279omega + 0.00047theta^2 + 0.00055theta omega + -0.00020omega^2
    Eq omega Phys: -0.000117*omega**2 + 1.1e-5*omega*theta + 4.7e-5*omega - 5.0e-6*theta + 1.3e-5
    Diffusion: theta=1.175615e-03, omega=3.185002e-05

--- Chunk 97162 (143/220) | Start: 2025-07-28 12:50:00 ---
    RMSE omega (GP): 0.011691 | RMSE omega (Sim): 0.077560
    Loss: 7.8524 | Epoch: 1614
    Eq omega: 0.003941 + -0.00018theta + -0.00046omega + 0.00150theta^2 + -0.00189theta omega + -0.00045omega^2
    Eq omega Phys: -0.00019*omega**2 - 2.7e-5*omega*theta + 1.1e-5*omega + 1.0e-6*theta**2 - 2.0e-6*theta + 1.1e-5
    Diffusion: theta=3.772635e-04, omega=3.840802e-05

--- Chunk 97163 (144/220) | Start: 2025-07-28 12:55:00 ---
    RMSE omega (GP): nan | RMSE omega (Sim): nan
    Loss: 3317.8159 | Epoch: 37
    Eq omega: nan1 + nantheta + nanomega + nantheta^2 + nantheta omega + nanomega^2
    Eq omega Phys: N/A
    Diffusion: theta=nan, omega=nan

--- Chunk 97164 (145/220) | Start: 2025-07-28 13:00:00 ---
    RMSE omega (GP): 0.011371 | RMSE omega (Sim): 0.113989
    Loss: 16.5706 | Epoch: 1384
    Eq omega: 0.000091 + -0.00032theta + -0.00021omega + -0.00006theta^2 + -0.00063theta omega + 0.00034omega^2
    Eq omega Phys: 0.000196*omega**2 - 1.2e-5*omega*theta + 7.7e-5*omega + 1.0e-6
    Diffusion: theta=3.431560e-04, omega=4.217488e-05

--- Chunk 97165 (146/220) | Start: 2025-07-28 13:05:00 ---
    RMSE omega (GP): 0.008600 | RMSE omega (Sim): 0.070752
    Loss: 8.0239 | Epoch: 1862
    Eq omega: 0.008261 + -0.00231theta + -0.00138omega + 0.00162theta^2 + 0.00597theta omega + 0.00378omega^2
    Eq omega Phys: 0.00214*omega**2 + 0.000113*omega*theta - 0.000635*omega + 1.0e-6*theta**2 - 1.3e-5*theta + 5.7e-5
    Diffusion: theta=2.124982e-04, omega=3.507973e-05

--- Chunk 97166 (147/220) | Start: 2025-07-28 13:10:00 ---
    RMSE omega (GP): 0.011280 | RMSE omega (Sim): 0.182510
    Loss: 6.2770 | Epoch: 2215
    Eq omega: 0.002491 + -0.00055theta + -0.00091omega + -0.00011theta^2 + -0.00084theta omega + -0.00362omega^2
    Eq omega Phys: -0.001414*omega**2 - 1.1e-5*omega*theta + 7.1e-5*omega + 9.0e-6
    Diffusion: theta=1.505595e-03, omega=3.397923e-05

--- Chunk 97167 (148/220) | Start: 2025-07-28 13:15:00 ---
    RMSE omega (GP): nan | RMSE omega (Sim): nan
    Loss: 28.7308 | Epoch: 77
    Eq omega: nan1 + nantheta + nanomega + nantheta^2 + nantheta omega + nanomega^2
    Eq omega Phys: N/A
    Diffusion: theta=nan, omega=nan

--- Chunk 97168 (149/220) | Start: 2025-07-28 13:20:00 ---
    RMSE omega (GP): nan | RMSE omega (Sim): nan
    Loss: 69.8588 | Epoch: 45
    Eq omega: nan1 + nantheta + nanomega + nantheta^2 + nantheta omega + nanomega^2
    Eq omega Phys: N/A
    Diffusion: theta=nan, omega=nan

--- Chunk 97169 (150/220) | Start: 2025-07-28 13:25:00 ---
    RMSE omega (GP): 0.020801 | RMSE omega (Sim): 0.076526
    Loss: 40.9941 | Epoch: 157
    Eq omega: -0.004031 + 0.00022theta + 0.00502omega + -0.00014theta^2 + -0.00012theta omega + -0.00292omega^2
    Eq omega Phys: -0.001375*omega**2 - 2.0e-6*omega*theta + 0.000186*omega + 2.0e-6*theta - 1.9e-5
    Diffusion: theta=2.639896e-03, omega=1.674307e-05

  [Progress 150/220] Mean RMSE omega (GP): 0.013687 | (Sim): 0.079393 | Mean loss: -142190545.7031 | Valid GP: 107/150 | Valid Sim: 107/150 | Elapsed: 52.2min | ETA: 24.4min

--- Chunk 97170 (151/220) | Start: 2025-07-28 13:30:00 ---
    RMSE omega (GP): nan | RMSE omega (Sim): nan
    Loss: 327.2864 | Epoch: 27
    Eq omega: nan1 + nantheta + nanomega + nantheta^2 + nantheta omega + nanomega^2
    Eq omega Phys: N/A
    Diffusion: theta=nan, omega=nan

--- Chunk 97171 (152/220) | Start: 2025-07-28 13:35:00 ---
    RMSE omega (GP): 0.009943 | RMSE omega (Sim): 0.084986
    Loss: 11.2086 | Epoch: 1466
    Eq omega: -0.001691 + 0.00165theta + -0.00251omega + 0.00176theta^2 + -0.00003theta omega + -0.00066omega^2
    Eq omega Phys: -0.000373*omega**2 - 0.e-6*omega*theta - 8.1e-5*omega + 1.0e-6*theta**2 - 8.0e-6*theta + 1.1e-5
    Diffusion: theta=4.100816e-04, omega=2.927259e-05

--- Chunk 97172 (153/220) | Start: 2025-07-28 13:40:00 ---
    RMSE omega (GP): nan | RMSE omega (Sim): nan
    Loss: 584.1683 | Epoch: 50
    Eq omega: nan1 + nantheta + nanomega + nantheta^2 + nantheta omega + nanomega^2
    Eq omega Phys: N/A
    Diffusion: theta=nan, omega=nan

--- Chunk 97173 (154/220) | Start: 2025-07-28 13:45:00 ---
    RMSE omega (GP): 0.012763 | RMSE omega (Sim): 0.147084
    Loss: 8.4068 | Epoch: 889
    Eq omega: -0.003031 + -0.00448theta + 0.00272omega + -0.00040theta^2 + 0.00182theta omega + -0.00258omega^2
    Eq omega Phys: -0.001014*omega**2 + 2.4e-5*omega*theta + 4.0e-5*omega - 4.0e-6*theta + 1.0e-6
    Diffusion: theta=1.625071e-03, omega=4.202522e-05

--- Chunk 97174 (155/220) | Start: 2025-07-28 13:50:00 ---
    RMSE omega (GP): nan | RMSE omega (Sim): nan
    Loss: 437.6046 | Epoch: 23
    Eq omega: nan1 + nantheta + nanomega + nantheta^2 + nantheta omega + nanomega^2
    Eq omega Phys: N/A
    Diffusion: theta=nan, omega=nan

--- Chunk 97175 (156/220) | Start: 2025-07-28 13:55:00 ---
    RMSE omega (GP): nan | RMSE omega (Sim): nan
    Loss: 110.7661 | Epoch: 91
    Eq omega: nan1 + nantheta + nanomega + nantheta^2 + nantheta omega + nanomega^2
    Eq omega Phys: N/A
    Diffusion: theta=nan, omega=nan

--- Chunk 97176 (157/220) | Start: 2025-07-28 14:00:00 ---
    RMSE omega (GP): nan | RMSE omega (Sim): nan
    Loss: 297.5755 | Epoch: 15
    Eq omega: nan1 + nantheta + nanomega + nantheta^2 + nantheta omega + nanomega^2
    Eq omega Phys: N/A
    Diffusion: theta=nan, omega=nan

--- Chunk 97177 (158/220) | Start: 2025-07-28 14:05:00 ---
    RMSE omega (GP): 0.011909 | RMSE omega (Sim): 0.030428
    Loss: 103.5662 | Epoch: 2821
    Eq omega: -0.002471 + -0.01986theta + -0.00161omega + 0.00001theta^2 + -0.00002theta omega + -0.00017omega^2
    Eq omega Phys: -0.000214*omega**2 - 0.e-6*omega*theta - 3.4e-5*omega - 2.3e-5*theta + 0.000528
    Diffusion: theta=4.486704e-04, omega=5.104815e-06

--- Chunk 97178 (159/220) | Start: 2025-07-28 14:10:00 ---
    RMSE omega (GP): 0.015979 | RMSE omega (Sim): 0.035830
    Loss: 109.8330 | Epoch: 1580
    Eq omega: 0.000471 + -0.00020theta + -0.00014omega + 0.00001theta^2 + 0.00000theta omega + 0.00004omega^2
    Eq omega Phys: 4.0e-5*omega**2 - 5.0e-6*omega - 0.e-6*theta + 8.0e-6
    Diffusion: theta=6.852717e-04, omega=7.827492e-06

--- Chunk 97179 (160/220) | Start: 2025-07-28 14:15:00 ---
    RMSE omega (GP): 0.016408 | RMSE omega (Sim): 0.029633
    Loss: 230.1580 | Epoch: 849
    Eq omega: 0.000631 + -0.03143theta + -0.00145omega + 0.00000theta^2 + -0.00004theta omega + -0.00021omega^2
    Eq omega Phys: -0.00028*omega**2 - 2.0e-6*omega*theta - 4.0e-6*omega - 3.5e-5*theta + 0.000876
    Diffusion: theta=3.824995e-04, omega=1.066663e-06

--- Chunk 97180 (161/220) | Start: 2025-07-28 14:20:00 ---
    RMSE omega (GP): 0.010395 | RMSE omega (Sim): 0.079231
    Loss: 6.6041 | Epoch: 1454
    Eq omega: -0.023341 + 0.00112theta + 0.00188omega + -0.00048theta^2 + -0.00054theta omega + -0.00182omega^2
    Eq omega Phys: -0.000813*omega**2 - 8.0e-6*omega*theta + 0.000134*omega + 5.0e-6*theta - 8.8e-5
    Diffusion: theta=5.673562e-04, omega=3.224534e-05

--- Chunk 97181 (162/220) | Start: 2025-07-28 14:25:00 ---
    RMSE omega (GP): nan | RMSE omega (Sim): nan
    Loss: 30983.0781 | Epoch: 16
    Eq omega: nan1 + nantheta + nanomega + nantheta^2 + nantheta omega + nanomega^2
    Eq omega Phys: N/A
    Diffusion: theta=nan, omega=nan

--- Chunk 97182 (163/220) | Start: 2025-07-28 14:30:00 ---
    RMSE omega (GP): 0.012008 | RMSE omega (Sim): 0.120603
    Loss: 12.0875 | Epoch: 3849
    Eq omega: -0.001651 + 0.00153theta + 0.00079omega + 0.00008theta^2 + -0.00000theta omega + -0.00073omega^2
    Eq omega Phys: -0.000351*omega**2 + 2.6e-5*omega - 2.0e-5
    Diffusion: theta=4.593004e-04, omega=2.464182e-05

--- Chunk 97183 (164/220) | Start: 2025-07-28 14:35:00 ---
    RMSE omega (GP): 0.014611 | RMSE omega (Sim): 0.033785
    Loss: 115.8417 | Epoch: 1809
    Eq omega: -0.000221 + -0.00008theta + 0.00036omega + 0.00000theta^2 + -0.00001theta omega + -0.00011omega^2
    Eq omega Phys: -0.00012*omega**2 + 2.1e-5*omega + 2.0e-6
    Diffusion: theta=6.866373e-04, omega=2.977201e-06

--- Chunk 97184 (165/220) | Start: 2025-07-28 14:40:00 ---
    RMSE omega (GP): 0.013733 | RMSE omega (Sim): 0.065017
    Loss: 1.9254 | Epoch: 1942
    Eq omega: 0.134801 + -0.53786theta + -0.17981omega + 0.00334theta^2 + 0.38860theta omega + 0.01437omega^2
    Eq omega Phys: 0.003779*omega**2 + 0.003406*omega*theta - 0.04974*omega + 1.0e-6*theta**2 - 0.000623*theta + 0.008406
    Diffusion: theta=2.659409e-04, omega=3.652042e-05

--- Chunk 97185 (166/220) | Start: 2025-07-28 14:45:00 ---
    RMSE omega (GP): 0.018911 | RMSE omega (Sim): 0.047803
    Loss: 42.6272 | Epoch: 3629
    Eq omega: 0.000961 + -0.00004theta + -0.00652omega + 0.00002theta^2 + 0.00001theta omega + 0.00036omega^2
    Eq omega Phys: 0.000304*omega**2 - 0.000223*omega - 0.e-6*theta + 9.0e-6
    Diffusion: theta=4.581237e-04, omega=1.142967e-05

--- Chunk 97186 (167/220) | Start: 2025-07-28 14:50:00 ---
    RMSE omega (GP): 0.012426 | RMSE omega (Sim): 0.092891
    Loss: 24.0147 | Epoch: 2270
    Eq omega: -0.000991 + 0.00095theta + -0.00151omega + -0.00024theta^2 + 0.00008theta omega + 0.00012omega^2
    Eq omega Phys: 7.5e-5*omega**2 + 2.0e-6*omega*theta - 7.9e-5*omega + 7.0e-6*theta - 7.0e-5
    Diffusion: theta=2.690145e-03, omega=3.771221e-05

--- Chunk 97187 (168/220) | Start: 2025-07-28 14:55:00 ---
    RMSE omega (GP): 0.017901 | RMSE omega (Sim): 0.109111
    Loss: 35.6189 | Epoch: 965
    Eq omega: -0.000181 + -0.00004theta + -0.00120omega + 0.00003theta^2 + -0.00011theta omega + 0.00005omega^2
    Eq omega Phys: 2.7e-5*omega**2 - 2.0e-6*omega*theta - 1.3e-5*omega - 0.e-6*theta + 4.0e-6
    Diffusion: theta=1.137593e-03, omega=5.321805e-06

--- Chunk 97188 (169/220) | Start: 2025-07-28 15:00:00 ---
    RMSE omega (GP): 0.011265 | RMSE omega (Sim): 0.113431
    Loss: 23.0316 | Epoch: 2547
    Eq omega: -0.000071 + 0.00064theta + -0.00098omega + -0.00003theta^2 + 0.00022theta omega + -0.00003omega^2
    Eq omega Phys: -2.0e-5*omega**2 + 5.0e-6*omega*theta - 0.000103*omega + 1.0e-6*theta - 1.5e-5
    Diffusion: theta=2.849482e-04, omega=2.986456e-05

--- Chunk 97189 (170/220) | Start: 2025-07-28 15:05:00 ---
    RMSE omega (GP): 0.012439 | RMSE omega (Sim): 0.042617
    Loss: 50.5235 | Epoch: 2638
    Eq omega: -0.003051 + -0.04594theta + 0.00113omega + -0.00001theta^2 + 0.00008theta omega + -0.00163omega^2
    Eq omega Phys: -0.001433*omega**2 + 2.0e-6*omega*theta - 2.0e-5*omega - 5.1e-5*theta + 0.001238
    Diffusion: theta=6.091998e-04, omega=6.132544e-06

--- Chunk 97190 (171/220) | Start: 2025-07-28 15:10:00 ---
    RMSE omega (GP): 0.034555 | RMSE omega (Sim): 0.051339
    Loss: 340.7264 | Epoch: 545
    Eq omega: -0.000981 + -0.00126theta + 0.00012omega + -0.00001theta^2 + -0.00032theta omega + -0.00296omega^2
    Eq omega Phys: -0.002144*omega**2 - 8.0e-6*omega*theta + 9.1e-5*omega - 1.0e-6*theta + 1.3e-5
    Diffusion: theta=2.633487e-02, omega=4.426226e-05

--- Chunk 97191 (172/220) | Start: 2025-07-28 15:15:00 ---
    RMSE omega (GP): 0.011729 | RMSE omega (Sim): 0.062094
    Loss: 32.4583 | Epoch: 3204
    Eq omega: -0.002371 + 0.00038theta + -0.00078omega + -0.00011theta^2 + -0.00038theta omega + -0.00012omega^2
    Eq omega Phys: -9.2e-5*omega**2 - 1.0e-5*omega*theta + 0.000143*omega + 4.0e-6*theta - 3.9e-5
    Diffusion: theta=1.718563e-03, omega=9.000065e-06

--- Chunk 97192 (173/220) | Start: 2025-07-28 15:20:00 ---
    RMSE omega (GP): 0.012546 | RMSE omega (Sim): 0.080936
    Loss: 17.4371 | Epoch: 2376
    Eq omega: 0.001931 + 0.00304theta + 0.00482omega + -0.00088theta^2 + -0.01721theta omega + 0.00404omega^2
    Eq omega Phys: 0.002151*omega**2 - 0.000305*omega*theta + 0.002647*omega - 0.e-6*theta**2 + 1.2e-5*theta - 5.8e-5
    Diffusion: theta=3.358953e-04, omega=2.678398e-05

--- Chunk 97193 (174/220) | Start: 2025-07-28 15:25:00 ---
    RMSE omega (GP): 0.019620 | RMSE omega (Sim): 0.031467
    Loss: 77.8413 | Epoch: 753
    Eq omega: 0.003011 + -0.05076theta + 0.00887omega + 0.00071theta^2 + 0.00006theta omega + 0.00022omega^2
    Eq omega Phys: 0.000166*omega**2 + 2.0e-6*omega*theta + 0.000263*omega + 1.0e-6*theta**2 - 8.2e-5*theta + 0.00148
    Diffusion: theta=7.593370e-04, omega=1.913294e-06

--- Chunk 97194 (175/220) | Start: 2025-07-28 15:30:00 ---
    RMSE omega (GP): 0.013404 | RMSE omega (Sim): 0.065977
    Loss: 42.2861 | Epoch: 1367
    Eq omega: 0.004421 + 0.00010theta + -0.00476omega + -0.00100theta^2 + -0.00060theta omega + -0.00086omega^2
    Eq omega Phys: -0.000635*omega**2 - 1.5e-5*omega*theta - 1.3e-5*omega - 0.e-6*theta**2 + 1.6e-5*theta - 7.4e-5
    Diffusion: theta=9.392943e-04, omega=1.984267e-05

--- Chunk 97195 (176/220) | Start: 2025-07-28 15:35:00 ---
    RMSE omega (GP): nan | RMSE omega (Sim): nan
    Loss: 193.2651 | Epoch: 16
    Eq omega: nan1 + nantheta + nanomega + nantheta^2 + nantheta omega + nanomega^2
    Eq omega Phys: N/A
    Diffusion: theta=nan, omega=nan

--- Chunk 97196 (177/220) | Start: 2025-07-28 15:40:00 ---
    RMSE omega (GP): nan | RMSE omega (Sim): nan
    Loss: 3243.1165 | Epoch: 16
    Eq omega: nan1 + nantheta + nanomega + nantheta^2 + nantheta omega + nanomega^2
    Eq omega Phys: N/A
    Diffusion: theta=nan, omega=nan

--- Chunk 97197 (178/220) | Start: 2025-07-28 15:45:00 ---
    RMSE omega (GP): 0.012660 | RMSE omega (Sim): 0.087281
    Loss: 6.2617 | Epoch: 1654
    Eq omega: 0.003561 + -0.00139theta + -0.00585omega + 0.00276theta^2 + 0.00023theta omega + 0.00156omega^2
    Eq omega Phys: 0.00057*omega**2 + 3.0e-6*omega*theta - 0.000186*omega + 1.0e-6*theta**2 + 6.0e-6*theta + 1.8e-5
    Diffusion: theta=7.045975e-04, omega=3.735270e-05

--- Chunk 97198 (179/220) | Start: 2025-07-28 15:50:00 ---
    RMSE omega (GP): 0.036063 | RMSE omega (Sim): 0.112531
    Loss: 72.8832 | Epoch: 72
    Eq omega: -0.070571 + -0.00096theta + -0.00049omega + -0.00005theta^2 + -0.00047theta omega + 0.00016omega^2
    Eq omega Phys: 5.0e-5*omega**2 - 5.0e-6*omega*theta + 0.000104*omega - 0.000235
    Diffusion: theta=nan, omega=nan

--- Chunk 97199 (180/220) | Start: 2025-07-28 15:55:00 ---
    RMSE omega (GP): 0.012881 | RMSE omega (Sim): 0.116898
    Loss: 5.9384 | Epoch: 2364
    Eq omega: 0.000061 + 0.00058theta + -0.00512omega + 0.00036theta^2 + 0.00036theta omega + 0.00094omega^2
    Eq omega Phys: 0.000333*omega**2 + 4.0e-6*omega*theta - 0.000101*omega + 5.0e-6*theta + 4.9e-5
    Diffusion: theta=1.661090e-03, omega=2.638439e-05

--- Chunk 97200 (181/220) | Start: 2025-07-28 16:00:00 ---
    RMSE omega (GP): 0.010123 | RMSE omega (Sim): 0.069164
    Loss: 7.9509 | Epoch: 979
    Eq omega: -0.008731 + -0.21406theta + 0.00080omega + 0.00295theta^2 + -0.00448theta omega + -0.00344omega^2
    Eq omega Phys: -0.001656*omega**2 - 7.2e-5*omega*theta - 0.000252*omega + 2.0e-6*theta**2 - 0.000226*theta - 0.000919
    Diffusion: theta=2.790300e-04, omega=3.716780e-05

--- Chunk 97201 (182/220) | Start: 2025-07-28 16:05:00 ---
    RMSE omega (GP): 0.029824 | RMSE omega (Sim): 0.072255
    Loss: 109.4824 | Epoch: 432
    Eq omega: -0.009451 + 0.00001theta + -0.00955omega + -0.00317theta^2 + 0.00023theta omega + -0.00590omega^2
    Eq omega Phys: -0.003011*omega**2 + 4.0e-6*omega*theta - 0.00036*omega - 2.0e-6*theta**2 + 3.9e-5*theta - 0.000228
    Diffusion: theta=2.212093e-02, omega=1.958218e-05

--- Chunk 97202 (183/220) | Start: 2025-07-28 16:10:00 ---
    RMSE omega (GP): 0.011551 | RMSE omega (Sim): 0.084038
    Loss: 13.3136 | Epoch: 999
    Eq omega: 0.000321 + 0.00181theta + 0.00071omega + -0.00058theta^2 + -0.00162theta omega + 0.00022omega^2
    Eq omega Phys: 0.000114*omega**2 - 2.8e-5*omega*theta + 6.7e-5*omega + 3.0e-6*theta - 3.0e-6
    Diffusion: theta=1.504229e-03, omega=3.573999e-05

--- Chunk 97203 (184/220) | Start: 2025-07-28 16:15:00 ---
    RMSE omega (GP): nan | RMSE omega (Sim): nan
    Loss: 194.8485 | Epoch: 79
    Eq omega: nan1 + nantheta + nanomega + nantheta^2 + nantheta omega + nanomega^2
    Eq omega Phys: N/A
    Diffusion: theta=nan, omega=nan

--- Chunk 97204 (185/220) | Start: 2025-07-28 16:20:00 ---
    RMSE omega (GP): 0.013003 | RMSE omega (Sim): 0.043534
    Loss: 11.1714 | Epoch: 2046
    Eq omega: 0.004821 + -0.11101theta + -0.03440omega + 0.00027theta^2 + -0.00023theta omega + 0.00059omega^2
    Eq omega Phys: 0.000255*omega**2 - 3.0e-6*omega*theta - 0.001101*omega - 0.000127*theta + 0.001753
    Diffusion: theta=1.152309e-03, omega=2.385262e-05

--- Chunk 97205 (186/220) | Start: 2025-07-28 16:25:00 ---
    RMSE omega (GP): 0.028735 | RMSE omega (Sim): 0.072839
    Loss: 80.1283 | Epoch: 146
    Eq omega: -0.000231 + -0.00631theta + -0.00322omega + 0.00097theta^2 + 0.00212theta omega + 0.00250omega^2
    Eq omega Phys: 0.001188*omega**2 + 3.4e-5*omega*theta + 7.0e-5*omega + 1.0e-6*theta**2 - 2.0e-6*theta - 2.3e-5
    Diffusion: theta=nan, omega=nan

--- Chunk 97206 (187/220) | Start: 2025-07-28 16:30:00 ---
    RMSE omega (GP): nan | RMSE omega (Sim): nan
    Loss: 62.8389 | Epoch: 37
    Eq omega: nan1 + nantheta + nanomega + nantheta^2 + nantheta omega + nanomega^2
    Eq omega Phys: N/A
    Diffusion: theta=nan, omega=nan

--- Chunk 97207 (188/220) | Start: 2025-07-28 16:35:00 ---
    RMSE omega (GP): 0.013308 | RMSE omega (Sim): 0.057358
    Loss: 19.2777 | Epoch: 2928
    Eq omega: 0.002251 + 0.00017theta + -0.00539omega + 0.00047theta^2 + -0.00010theta omega + 0.00061omega^2
    Eq omega Phys: 0.000349*omega**2 - 2.0e-6*omega*theta - 0.000211*omega + 1.0e-5*theta + 8.8e-5
    Diffusion: theta=5.123258e-04, omega=3.081763e-05

--- Chunk 97208 (189/220) | Start: 2025-07-28 16:40:00 ---
    RMSE omega (GP): 0.011875 | RMSE omega (Sim): 0.064947
    Loss: 12.6439 | Epoch: 1004
    Eq omega: -0.006481 + -0.34707theta + -0.00864omega + -0.00202theta^2 + -0.01516theta omega + -0.00726omega^2
    Eq omega Phys: -0.003644*omega**2 - 0.000254*omega*theta - 0.001498*omega - 1.0e-6*theta**2 - 0.000396*theta - 0.001879
    Diffusion: theta=1.681470e-04, omega=2.395685e-05

--- Chunk 97209 (190/220) | Start: 2025-07-28 16:45:00 ---
    RMSE omega (GP): 0.021261 | RMSE omega (Sim): 0.070976
    Loss: 67.0853 | Epoch: 1598
    Eq omega: -0.000931 + -0.00008theta + 0.00490omega + -0.00001theta^2 + 0.00004theta omega + -0.00036omega^2
    Eq omega Phys: -0.000212*omega**2 + 1.0e-6*omega*theta + 0.000179*omega - 6.0e-6
    Diffusion: theta=9.443754e-04, omega=4.628949e-06

--- Chunk 97210 (191/220) | Start: 2025-07-28 16:50:00 ---
    RMSE omega (GP): 0.023798 | RMSE omega (Sim): 0.031847
    Loss: 317.4918 | Epoch: 59
    Eq omega: -0.001431 + -0.00325theta + 0.00009omega + 0.00001theta^2 + 0.00696theta omega + 0.00021omega^2
    Eq omega Phys: 0.000188*omega**2 + 0.000208*omega*theta + 0.003772*omega - 3.0e-6*theta - 6.4e-5
    Diffusion: theta=nan, omega=nan

--- Chunk 97211 (192/220) | Start: 2025-07-28 16:55:00 ---
    RMSE omega (GP): nan | RMSE omega (Sim): nan
    Loss: 1195.7595 | Epoch: 23
    Eq omega: nan1 + nantheta + nanomega + nantheta^2 + nantheta omega + nanomega^2
    Eq omega Phys: N/A
    Diffusion: theta=nan, omega=nan

--- Chunk 97212 (193/220) | Start: 2025-07-28 17:00:00 ---
    RMSE omega (GP): nan | RMSE omega (Sim): nan
    Loss: 45.7137 | Epoch: 51
    Eq omega: nan1 + nantheta + nanomega + nantheta^2 + nantheta omega + nanomega^2
    Eq omega Phys: N/A
    Diffusion: theta=nan, omega=nan

--- Chunk 97213 (194/220) | Start: 2025-07-28 17:05:00 ---
    RMSE omega (GP): 0.021115 | RMSE omega (Sim): 0.051472
    Loss: 98.1491 | Epoch: 539
    Eq omega: -0.000601 + -0.02349theta + 0.00259omega + 0.00004theta^2 + -0.00026theta omega + 0.00016omega^2
    Eq omega Phys: 0.00011*omega**2 - 6.0e-6*omega*theta + 0.000187*omega - 2.7e-5*theta + 0.000451
    Diffusion: theta=8.227314e-04, omega=3.114954e-06

--- Chunk 97214 (195/220) | Start: 2025-07-28 17:10:00 ---
    RMSE omega (GP): 0.035812 | RMSE omega (Sim): 0.090313
    Loss: 317.9282 | Epoch: 56
    Eq omega: -0.001431 + -0.00140theta + -0.00755omega + 0.00005theta^2 + 0.00002theta omega + -0.00215omega^2
    Eq omega Phys: -0.001425*omega**2 - 0.000257*omega - 2.0e-6*theta + 2.3e-5
    Diffusion: theta=nan, omega=nan

--- Chunk 97215 (196/220) | Start: 2025-07-28 17:15:00 ---
    RMSE omega (GP): 0.011006 | RMSE omega (Sim): 0.050056
    Loss: 11.0339 | Epoch: 1800
    Eq omega: -0.002001 + -0.19006theta + -0.00167omega + -0.00138theta^2 + -0.00298theta omega + 0.00038omega^2
    Eq omega Phys: 0.000191*omega**2 - 5.0e-5*omega*theta + 0.000119*omega - 0.e-6*theta**2 - 0.000206*theta + 0.000724
    Diffusion: theta=2.786045e-04, omega=3.018027e-05

--- Chunk 97216 (197/220) | Start: 2025-07-28 17:20:00 ---
    RMSE omega (GP): 0.010177 | RMSE omega (Sim): 0.124428
    Loss: 2.2332 | Epoch: 1937
    Eq omega: 0.000611 + -0.00259theta + 0.00062omega + -0.00093theta^2 + 0.00042theta omega + -0.00215omega^2
    Eq omega Phys: -0.000757*omega**2 + 5.0e-6*omega*theta + 8.5e-5*omega - 1.2e-5*theta - 9.8e-5
    Diffusion: theta=6.910996e-04, omega=2.982077e-05

--- Chunk 97217 (198/220) | Start: 2025-07-28 17:25:00 ---
    RMSE omega (GP): 0.044568 | RMSE omega (Sim): 0.222341
    Loss: 201.9497 | Epoch: 29
    Eq omega: -0.001011 + -0.00072theta + 0.00185omega + -0.00037theta^2 + -0.00031theta omega + -0.00039omega^2
    Eq omega Phys: -0.000128*omega**2 - 3.0e-6*omega*theta + 3.7e-5*omega - 3.0e-6*theta - 1.7e-5
    Diffusion: theta=5.897206e-03, omega=7.136663e-06

--- Chunk 97218 (199/220) | Start: 2025-07-28 17:30:00 ---
    RMSE omega (GP): 0.034609 | RMSE omega (Sim): 0.120715
    Loss: 122.3725 | Epoch: 30
    Eq omega: 0.013971 + -0.01543theta + -0.00811omega + 0.00168theta^2 + 0.00005theta omega + 0.01538omega^2
    Eq omega Phys: 0.006746*omega**2 + 1.0e-6*omega*theta - 0.000267*omega + 1.0e-6*theta**2 - 1.0e-5*theta - 2.2e-5
    Diffusion: theta=3.470707e-03, omega=7.208992e-06

--- Chunk 97219 (200/220) | Start: 2025-07-28 17:35:00 ---
    RMSE omega (GP): 0.011638 | RMSE omega (Sim): 0.060607
    Loss: 15.8251 | Epoch: 1643
    Eq omega: 0.000351 + -0.00108theta + 0.00148omega + -0.00251theta^2 + 0.00333theta omega + 0.00123omega^2
    Eq omega Phys: 0.000677*omega**2 + 6.1e-5*omega*theta - 0.000277*omega - 2.0e-6*theta**2 + 1.5e-5*theta - 3.7e-5
    Diffusion: theta=2.113466e-04, omega=3.479405e-05

  [Progress 200/220] Mean RMSE omega (GP): 0.014766 | (Sim): 0.078778 | Mean loss: -106642707.0006 | Valid GP: 145/200 | Valid Sim: 145/200 | Elapsed: 71.7min | ETA: 7.2min

--- Chunk 97220 (201/220) | Start: 2025-07-28 17:40:00 ---
    RMSE omega (GP): 0.010102 | RMSE omega (Sim): 0.064906
    Loss: 10.7280 | Epoch: 1570
    Eq omega: 0.002741 + -0.37552theta + -0.01395omega + -0.00323theta^2 + -0.02312theta omega + 0.00090omega^2
    Eq omega Phys: 0.000485*omega**2 - 0.000416*omega*theta - 0.000824*omega - 2.0e-6*theta**2 - 0.000421*theta - 0.000356
    Diffusion: theta=4.930760e-04, omega=4.679278e-05

--- Chunk 97221 (202/220) | Start: 2025-07-28 17:45:00 ---
    RMSE omega (GP): 0.012443 | RMSE omega (Sim): 0.130595
    Loss: 1.2300 | Epoch: 1880
    Eq omega: -0.002071 + -0.02807theta + -0.00604omega + -0.00224theta^2 + 0.00051theta omega + 0.00792omega^2
    Eq omega Phys: 0.002184*omega**2 + 5.0e-6*omega*theta - 0.000264*omega - 0.e-6*theta**2 - 1.3e-5*theta + 0.000286
    Diffusion: theta=2.834683e-04, omega=3.769749e-05

--- Chunk 97222 (203/220) | Start: 2025-07-28 17:50:00 ---
    RMSE omega (GP): 0.041607 | RMSE omega (Sim): 0.086863
    Loss: 158.2423 | Epoch: 34
    Eq omega: 0.006331 + -0.00079theta + -0.00058omega + 0.00001theta^2 + 0.00032theta omega + 0.00155omega^2
    Eq omega Phys: 0.000687*omega**2 + 5.0e-6*omega*theta + 9.0e-5*omega - 0.e-6*theta - 2.0e-6
    Diffusion: theta=nan, omega=nan

--- Chunk 97223 (204/220) | Start: 2025-07-28 17:55:00 ---
    RMSE omega (GP): 0.021469 | RMSE omega (Sim): 0.030197
    Loss: 47.5302 | Epoch: 956
    Eq omega: -0.002451 + -0.18197theta + 0.00240omega + -0.00425theta^2 + 0.03892theta omega + -0.00034omega^2
    Eq omega Phys: -0.00017*omega**2 + 0.000648*omega*theta - 0.011178*omega - 2.0e-6*theta**2 - 0.00012*theta + 0.002794
    Diffusion: theta=3.845837e-04, omega=2.957032e-06

--- Chunk 97224 (205/220) | Start: 2025-07-28 18:00:00 ---
    RMSE omega (GP): 0.010922 | RMSE omega (Sim): 0.087546
    Loss: 9.8973 | Epoch: 1484
    Eq omega: 0.018691 + -0.09356theta + -0.00191omega + -0.00504theta^2 + -0.00011theta omega + 0.00962omega^2
    Eq omega Phys: 0.004719*omega**2 - 2.0e-6*omega*theta - 6.8e-5*omega - 3.0e-6*theta**2 - 0.000118*theta - 0.000236
    Diffusion: theta=9.780168e-04, omega=2.358656e-05

--- Chunk 97225 (206/220) | Start: 2025-07-28 18:05:00 ---
    RMSE omega (GP): 0.010540 | RMSE omega (Sim): 0.092231
    Loss: 13.0529 | Epoch: 3658
    Eq omega: -0.007431 + -0.00071theta + -0.00063omega + -0.00007theta^2 + 0.00003theta omega + 0.00103omega^2
    Eq omega Phys: 0.000574*omega**2 + 1.0e-6*omega*theta - 1.3e-5*omega - 2.0e-6*theta - 3.4e-5
    Diffusion: theta=1.975836e-03, omega=3.713243e-05

--- Chunk 97226 (207/220) | Start: 2025-07-28 18:10:00 ---
    RMSE omega (GP): 0.011986 | RMSE omega (Sim): 0.049533
    Loss: 8.3375 | Epoch: 1292
    Eq omega: -0.004401 + -0.26918theta + 0.00200omega + -0.00246theta^2 + -0.00408theta omega + 0.00242omega^2
    Eq omega Phys: 0.001014*omega**2 - 5.7e-5*omega*theta + 0.000266*omega - 1.0e-6*theta**2 - 0.000291*theta + 0.001021
    Diffusion: theta=5.142342e-04, omega=3.159778e-05

--- Chunk 97227 (208/220) | Start: 2025-07-28 18:15:00 ---
    RMSE omega (GP): nan | RMSE omega (Sim): nan
    Loss: 34.9853 | Epoch: 109
    Eq omega: nan1 + nantheta + nanomega + nantheta^2 + nantheta omega + nanomega^2
    Eq omega Phys: N/A
    Diffusion: theta=nan, omega=nan

--- Chunk 97228 (209/220) | Start: 2025-07-28 18:20:00 ---
    RMSE omega (GP): 0.019856 | RMSE omega (Sim): 0.137744
    Loss: 17.7323 | Epoch: 61
    Eq omega: 0.003121 + -0.02502theta + -0.00455omega + -0.00008theta^2 + 0.00297theta omega + -0.00278omega^2
    Eq omega Phys: -0.000886*omega**2 + 3.2e-5*omega*theta - 0.000672*omega - 2.7e-5*theta + 0.000462
    Diffusion: theta=nan, omega=nan

--- Chunk 97229 (210/220) | Start: 2025-07-28 18:25:00 ---
    RMSE omega (GP): 0.013945 | RMSE omega (Sim): 0.100841
    Loss: 15.1345 | Epoch: 1895
    Eq omega: -0.001311 + -0.00016theta + 0.00039omega + 0.00000theta^2 + -0.00028theta omega + 0.00042omega^2
    Eq omega Phys: 0.000191*omega**2 - 4.0e-6*omega*theta - 1.2e-5*omega - 4.0e-6
    Diffusion: theta=1.058201e-02, omega=2.746727e-05

--- Chunk 97230 (211/220) | Start: 2025-07-28 18:30:00 ---
    RMSE omega (GP): nan | RMSE omega (Sim): nan
    Loss: 591.8289 | Epoch: 18
    Eq omega: nan1 + nantheta + nanomega + nantheta^2 + nantheta omega + nanomega^2
    Eq omega Phys: N/A
    Diffusion: theta=nan, omega=nan

--- Chunk 97231 (212/220) | Start: 2025-07-28 18:35:00 ---
    RMSE omega (GP): 0.011354 | RMSE omega (Sim): 0.196734
    Loss: 11.1171 | Epoch: 1554
    Eq omega: -0.000301 + -0.00060theta + -0.00068omega + -0.00036theta^2 + 0.00070theta omega + -0.00323omega^2
    Eq omega Phys: -0.001576*omega**2 + 1.1e-5*omega*theta - 9.2e-5*omega + 2.0e-6*theta - 4.0e-6
    Diffusion: theta=3.334740e-04, omega=3.234525e-05

--- Chunk 97232 (213/220) | Start: 2025-07-28 18:40:00 ---
    RMSE omega (GP): 0.013976 | RMSE omega (Sim): 0.285760
    Loss: 2.0023 | Epoch: 1812
    Eq omega: -0.000621 + 0.00212theta + -0.00289omega + 0.00032theta^2 + 0.00022theta omega + 0.00146omega^2
    Eq omega Phys: 0.000354*omega**2 + 2.0e-6*omega*theta - 8.4e-5*omega + 4.0e-6*theta + 1.8e-5
    Diffusion: theta=1.357444e-03, omega=4.283099e-05

--- Chunk 97233 (214/220) | Start: 2025-07-28 18:45:00 ---
    RMSE omega (GP): nan | RMSE omega (Sim): nan
    Loss: 36.3944 | Epoch: 43
    Eq omega: nan1 + nantheta + nanomega + nantheta^2 + nantheta omega + nanomega^2
    Eq omega Phys: N/A
    Diffusion: theta=nan, omega=nan

--- Chunk 97234 (215/220) | Start: 2025-07-28 18:50:00 ---
    RMSE omega (GP): nan | RMSE omega (Sim): nan
    Loss: 121.8542 | Epoch: 53
    Eq omega: nan1 + nantheta + nanomega + nantheta^2 + nantheta omega + nanomega^2
    Eq omega Phys: N/A
    Diffusion: theta=nan, omega=nan

--- Chunk 97235 (216/220) | Start: 2025-07-28 18:55:00 ---
    RMSE omega (GP): nan | RMSE omega (Sim): nan
    Loss: 141.0799 | Epoch: 55
    Eq omega: nan1 + nantheta + nanomega + nantheta^2 + nantheta omega + nanomega^2
    Eq omega Phys: N/A
    Diffusion: theta=nan, omega=nan

--- Chunk 97236 (217/220) | Start: 2025-07-28 19:00:00 ---
    RMSE omega (GP): 0.011988 | RMSE omega (Sim): 0.085610
    Loss: 12.2574 | Epoch: 1805
    Eq omega: -0.002811 + -0.00208theta + 0.00229omega + 0.00004theta^2 + -0.00091theta omega + 0.00079omega^2
    Eq omega Phys: 0.000383*omega**2 - 1.5e-5*omega*theta + 0.000115*omega - 2.0e-6*theta
    Diffusion: theta=nan, omega=nan

--- Chunk 97237 (218/220) | Start: 2025-07-28 19:05:00 ---
    RMSE omega (GP): 0.012443 | RMSE omega (Sim): 0.021442
    Loss: 166.1204 | Epoch: 1396
    Eq omega: -0.002531 + -0.00039theta + -0.00127omega + 0.00003theta^2 + 0.00000theta omega + 0.00001omega^2
    Eq omega Phys: 1.6e-5*omega**2 - 4.2e-5*omega - 3.0e-6*theta + 3.2e-5
    Diffusion: theta=5.959968e-04, omega=4.005931e-06

--- Chunk 97238 (219/220) | Start: 2025-07-28 19:10:00 ---
    RMSE omega (GP): 0.013601 | RMSE omega (Sim): 0.109646
    Loss: 20.3330 | Epoch: 2060
    Eq omega: 0.000111 + 0.00029theta + -0.00064omega + -0.00001theta^2 + -0.00038theta omega + 0.00112omega^2
    Eq omega Phys: 0.000586*omega**2 - 7.0e-6*omega*theta + 0.000102*omega + 1.0e-6*theta - 8.0e-6
    Diffusion: theta=7.961613e-04, omega=3.481514e-05

--- Chunk 97239 (220/220) | Start: 2025-07-28 19:15:00 ---
    RMSE omega (GP): 0.013344 | RMSE omega (Sim): 0.081003
    Loss: 37.9647 | Epoch: 3364
    Eq omega: -0.000081 + -0.00061theta + -0.00151omega + -0.00013theta^2 + 0.00010theta omega + -0.00011omega^2
    Eq omega Phys: -7.7e-5*omega**2 + 2.0e-6*omega*theta - 7.1e-5*omega + 1.0e-6*theta - 2.0e-6
    Diffusion: theta=1.311157e-03, omega=2.146272e-05

  [Progress 220/220] Mean RMSE omega (GP): 0.014817 | (Sim): 0.081147 | Mean loss: -96947908.8286 | Valid GP: 160/220 | Valid Sim: 160/220 | Elapsed: 80.1min | ETA: 0.0min

============================================================
EVALUATION COMPLETE — Chunks [97020, 97239]
============================================================
Chunks processed: 220
Chunks succeeded GP:  160 (72.7%)
Chunks succeeded Sim: 160 (72.7%)
Mean GP RMSE omega:   0.014817 ± 0.008732
Mean SIM RMSE omega:  0.081147 ± 0.039617
Mean Loss:            -96947908.8286 ± 1434705902.3995
Elapsed time:     80.1 minutes

Per-chunk CSV: /pfs/data6/home/ka/ka_iai/ka_bj2362/dsr/svise/results_5min_all_chunks/run_SLURM_3733209_combo38/chunks_97020_to_97239_20260323_051135.csv
Summary JSON:  /pfs/data6/home/ka/ka_iai/ka_bj2362/dsr/svise/results_5min_all_chunks/run_SLURM_3733209_combo38/summary_97020_to_97239_20260323_051135.json
============================================================

============================= JOB FEEDBACK =============================

NodeName=uc3n017
Job ID: 3733743
Array Job ID: 3733209_441
Cluster: uc3
User/Group: ka_bj2362/ka_iai
State: COMPLETED (exit code 0)
Nodes: 1
Cores per node: 4
CPU Utilized: 01:19:38
CPU Efficiency: 24.71% of 05:22:20 core-walltime
Job Wall-clock time: 01:20:35
Memory Utilized: 3.62 GB
Memory Efficiency: 30.17% of 12.00 GB (12.00 GB/node)
