Array task 260: processing chunks 57200 to 57419
Loading data from /pfs/data6/home/ka/ka_iai/ka_bj2362/dsr/svise/../dataset/South_Korea_2024-08-15_2025-08-31_1s.parquet...
Finding all valid 5-minute chunks in the dataset...
Found 107059 valid 5-minute chunks in total.

============================================================
SVISE FINAL EVALUATION — ALL CHUNKS
============================================================
Hyperparameters: {
  "model": "integrator",
  "sigma": 0,
  "degree": 2,
  "tau": 1e-05,
  "lr": 0.1,
  "n_tau": 50,
  "measurement_noise": 0.001,
  "n_reparam_samples": 15
}
Total valid chunks in dataset: 107059
Processing chunk range: [57200, 57419] (220 chunks)
Early stopping: patience=300, max_epochs=10000
============================================================


--- Chunk 57200 (1/220) | Start: 2025-03-11 07:45:00 ---
/pfs/data6/home/ka/ka_iai/ka_bj2362/dsr/svise/svise/sde_learning/_marginal_sde.py:284: UserWarning: torch.triangular_solve is deprecated in favor of torch.linalg.solve_triangularand will be removed in a future PyTorch release.
torch.linalg.solve_triangular has its arguments reversed and does not return a copy of one of the inputs.
X = torch.triangular_solve(B, A).solution
should be replaced with
X = torch.linalg.solve_triangular(A, B). (Triggered internally at ../aten/src/ATen/native/BatchLinearAlgebra.cpp:2192.)
  return torch.triangular_solve(self.raw_w, self.C.t()).solution
/pfs/data6/home/ka/ka_iai/ka_bj2362/dsr/svise/svise/quadrature/_unbiased_quadrature.py:196: UserWarning: Interp is nan, reducing interp degree.
  warnings.warn("Interp is nan, reducing interp degree.")
    RMSE omega (GP): 0.009773 | RMSE omega (Sim): 0.525551
    Loss: 0.6341 | Epoch: 1214
    Eq omega: -0.010511 + -0.65390theta + -0.00135omega + 0.31061theta^2 + 0.04107theta omega + -0.00968omega^2
    Eq omega Phys: -0.002924*omega**2 + 0.000413*omega*theta + 0.002625*omega + 0.000104*theta**2 + 0.000619*theta - 0.000385

--- Chunk 57201 (2/220) | Start: 2025-03-11 07:50:00 ---
    RMSE omega (GP): 0.011925 | RMSE omega (Sim): 0.078122
    Loss: 11.0954 | Epoch: 2540
    Eq omega: 0.000251 + -0.00063theta + -0.00357omega + 0.00003theta^2 + -0.00034theta omega + 0.00004omega^2
    Eq omega Phys: 1.9e-5*omega**2 - 5.0e-6*omega*theta - 2.5e-5*omega - 1.0e-6*theta + 1.8e-5

--- Chunk 57202 (3/220) | Start: 2025-03-11 07:55:00 ---
/pfs/data6/home/ka/ka_iai/ka_bj2362/dsr/svise/svise/quadrature/_unbiased_quadrature.py:174: UserWarning: NaN detected in fxq (quadrature node evaluations). Clamping to 0.
  warnings.warn("NaN detected in fxq (quadrature node evaluations). Clamping to 0.")
/pfs/data6/home/ka/ka_iai/ka_bj2362/dsr/svise/svise/quadrature/_unbiased_quadrature.py:177: UserWarning: NaN detected in fmc (Monte-Carlo node evaluations). Clamping to 0.
  warnings.warn("NaN detected in fmc (Monte-Carlo node evaluations). Clamping to 0.")
    RMSE omega (GP): nan | RMSE omega (Sim): nan
    Loss: 1682.7949 | Epoch: 15
    Eq omega: nan1 + nantheta + nanomega + nantheta^2 + nantheta omega + nanomega^2
    Eq omega Phys: N/A

--- Chunk 57203 (4/220) | Start: 2025-03-11 08:00:00 ---
    RMSE omega (GP): 0.012664 | RMSE omega (Sim): 0.078227
    Loss: 28.9257 | Epoch: 2442
    Eq omega: -0.061281 + -0.00104theta + -0.22580omega + 0.01009theta^2 + 0.00009theta omega + -0.00057omega^2
    Eq omega Phys: -0.000372*omega**2 + 2.0e-6*omega*theta - 0.007576*omega + 7.0e-6*theta**2 - 0.00037*theta + 0.004573

--- Chunk 57204 (5/220) | Start: 2025-03-11 08:05:00 ---
    RMSE omega (GP): 0.010385 | RMSE omega (Sim): 0.135546
    Loss: 2.6680 | Epoch: 1022
    Eq omega: -0.002551 + -0.00071theta + 0.00126omega + -0.00105theta^2 + -0.00027theta omega + 0.00119omega^2
    Eq omega Phys: 0.000393*omega**2 - 3.0e-6*omega*theta + 8.3e-5*omega + 1.0e-5*theta - 7.2e-5

--- Chunk 57205 (6/220) | Start: 2025-03-11 08:10:00 ---
    RMSE omega (GP): 0.010066 | RMSE omega (Sim): 0.134100
    Loss: 0.4670 | Epoch: 685
    Eq omega: 0.909431 + -1.41544theta + -0.04643omega + -0.88806theta^2 + 0.01205theta omega + 0.04653omega^2
    Eq omega Phys: 0.013332*omega**2 + 0.000115*omega*theta - 0.001915*omega - 0.000283*theta**2 + 0.00023*theta + 0.005667

--- Chunk 57206 (7/220) | Start: 2025-03-11 08:15:00 ---
    RMSE omega (GP): 0.040564 | RMSE omega (Sim): 0.155159
    Loss: 71.1613 | Epoch: 51
    Eq omega: -0.006581 + -0.00018theta + 0.00794omega + 0.00004theta^2 + 0.00254theta omega + -0.00063omega^2
    Eq omega Phys: -0.000177*omega**2 + 2.4e-5*omega*theta + 0.000435*omega - 2.7e-5

--- Chunk 57207 (8/220) | Start: 2025-03-11 08:20:00 ---
    RMSE omega (GP): 0.008433 | RMSE omega (Sim): 0.183242
    Loss: -0.7480 | Epoch: 964
    Eq omega: 0.007771 + -0.00285theta + -0.00614omega + 0.00064theta^2 + 0.00030theta omega + 0.00119omega^2
    Eq omega Phys: 0.000339*omega**2 + 3.0e-6*omega*theta - 0.000196*omega - 2.0e-6*theta + 2.2e-5

--- Chunk 57208 (9/220) | Start: 2025-03-11 08:25:00 ---
    RMSE omega (GP): 0.010515 | RMSE omega (Sim): 0.132925
    Loss: 2.5258 | Epoch: 1547
    Eq omega: -0.000181 + -0.00299theta + -0.01341omega + -0.00256theta^2 + -0.00179theta omega + 0.00088omega^2
    Eq omega Phys: 0.000296*omega**2 - 2.0e-5*omega*theta - 0.000278*omega - 0.e-6*theta**2 + 1.3e-5*theta - 4.1e-5

--- Chunk 57209 (10/220) | Start: 2025-03-11 08:30:00 ---
    RMSE omega (GP): 0.016584 | RMSE omega (Sim): 0.109385
    Loss: 13.9318 | Epoch: 83
    Eq omega: 0.003721 + -0.03555theta + -0.00657omega + 0.00238theta^2 + 0.01168theta omega + -0.00099omega^2
    Eq omega Phys: -0.000351*omega**2 + 0.000138*omega*theta + 0.000536*omega + 1.0e-6*theta**2 - 2.9e-5*theta - 0.000176

--- Chunk 57210 (11/220) | Start: 2025-03-11 08:35:00 ---
    RMSE omega (GP): 0.009748 | RMSE omega (Sim): 0.137756
    Loss: 4.7415 | Epoch: 639
    Eq omega: 0.002861 + -0.00086theta + 0.00146omega + 0.00631theta^2 + 0.00090theta omega + -0.00131omega^2
    Eq omega Phys: -0.000562*omega**2 + 1.3e-5*omega*theta + 1.0e-5*omega + 3.0e-6*theta**2 - 1.9e-5*theta + 3.7e-5

--- Chunk 57211 (12/220) | Start: 2025-03-11 08:40:00 ---
    RMSE omega (GP): 0.011108 | RMSE omega (Sim): 0.158366
    Loss: 0.3588 | Epoch: 982
    Eq omega: -0.000511 + -0.01634theta + 0.00088omega + 0.00218theta^2 + 0.00021theta omega + 0.00181omega^2
    Eq omega Phys: 0.000454*omega**2 + 2.0e-6*omega*theta + 3.2e-5*omega + 1.0e-6*theta**2 - 1.7e-5*theta - 2.5e-5

--- Chunk 57212 (13/220) | Start: 2025-03-11 08:45:00 ---
    RMSE omega (GP): nan | RMSE omega (Sim): nan
    Loss: 84.8694 | Epoch: 62
    Eq omega: nan1 + nantheta + nanomega + nantheta^2 + nantheta omega + nanomega^2
    Eq omega Phys: N/A

--- Chunk 57213 (14/220) | Start: 2025-03-11 08:50:00 ---
    RMSE omega (GP): 0.010795 | RMSE omega (Sim): 0.127727
    Loss: 2.1600 | Epoch: 977
    Eq omega: -0.011391 + -1.08016theta + 0.00180omega + 0.00968theta^2 + -0.00105theta omega + 0.03607omega^2
    Eq omega Phys: 0.011501*omega**2 - 1.1e-5*omega*theta + 4.0e-6*omega + 3.0e-6*theta**2 - 0.001166*theta - 0.005979

--- Chunk 57214 (15/220) | Start: 2025-03-11 08:55:00 ---
    RMSE omega (GP): 0.010577 | RMSE omega (Sim): 0.102204
    Loss: 8.2410 | Epoch: 1675
    Eq omega: -0.000541 + -0.00051theta + -0.00306omega + 0.00003theta^2 + 0.00029theta omega + -0.00116omega^2
    Eq omega Phys: -0.000549*omega**2 + 5.0e-6*omega*theta - 0.000178*omega - 1.0e-6*theta + 1.2e-5

--- Chunk 57215 (16/220) | Start: 2025-03-11 09:00:00 ---
    RMSE omega (GP): 0.011418 | RMSE omega (Sim): 0.211939
    Loss: 2.4626 | Epoch: 992
    Eq omega: -0.001101 + -0.00101theta + 0.00095omega + -0.00185theta^2 + -0.00324theta omega + -0.00211omega^2
    Eq omega Phys: -0.000642*omega**2 - 3.3e-5*omega*theta + 0.000187*omega - 0.e-6*theta**2 + 5.0e-6*theta - 1.3e-5

--- Chunk 57216 (17/220) | Start: 2025-03-11 09:05:00 ---
    RMSE omega (GP): 0.010917 | RMSE omega (Sim): 0.105016
    Loss: 4.2590 | Epoch: 1797
    Eq omega: 0.003471 + -0.00008theta + 0.00005omega + 0.00155theta^2 + -0.00051theta omega + -0.00337omega^2
    Eq omega Phys: -0.001214*omega**2 - 6.0e-6*omega*theta + 3.3e-5*omega + 1.0e-6*theta**2 - 6.0e-6*theta + 2.8e-5

--- Chunk 57217 (18/220) | Start: 2025-03-11 09:10:00 ---
    RMSE omega (GP): nan | RMSE omega (Sim): nan
    Loss: 101.3348 | Epoch: 58
    Eq omega: nan1 + nantheta + nanomega + nantheta^2 + nantheta omega + nanomega^2
    Eq omega Phys: N/A

--- Chunk 57218 (19/220) | Start: 2025-03-11 09:15:00 ---
    RMSE omega (GP): 0.011887 | RMSE omega (Sim): 0.192478
    Loss: 0.3838 | Epoch: 1206
    Eq omega: 0.017321 + -1.12550theta + -0.02080omega + 0.00247theta^2 + 0.00998theta omega + 0.00977omega^2
    Eq omega Phys: 0.002631*omega**2 + 9.0e-5*omega*theta - 0.00024*omega + 1.0e-6*theta**2 - 0.001243*theta - 0.006237

--- Chunk 57219 (20/220) | Start: 2025-03-11 09:20:00 ---
    RMSE omega (GP): 0.011537 | RMSE omega (Sim): 0.107356
    Loss: 4.5695 | Epoch: 1508
    Eq omega: -0.000431 + -0.07643theta + 0.00137omega + 0.00309theta^2 + 0.00073theta omega + 0.00302omega^2
    Eq omega Phys: 0.001042*omega**2 + 8.0e-6*omega*theta + 1.0e-6*omega + 1.0e-6*theta**2 - 9.7e-5*theta + 0.000478

--- Chunk 57220 (21/220) | Start: 2025-03-11 09:25:00 ---
    RMSE omega (GP): 0.009408 | RMSE omega (Sim): 0.099798
    Loss: 2.9463 | Epoch: 980
    Eq omega: -0.002751 + -0.00090theta + -0.00229omega + -0.00054theta^2 + -0.00032theta omega + 0.00073omega^2
    Eq omega Phys: 0.000274*omega**2 - 4.0e-6*omega*theta - 5.4e-5*omega + 2.0e-6*theta - 1.0e-5

--- Chunk 57221 (22/220) | Start: 2025-03-11 09:30:00 ---
    RMSE omega (GP): 0.012511 | RMSE omega (Sim): 0.155235
    Loss: -145.1609 | Epoch: 1045
    Eq omega: -0.001391 + -0.00181theta + 0.00050omega + -0.00113theta^2 + -0.00099theta omega + -0.00059omega^2
    Eq omega Phys: -0.000168*omega**2 - 9.0e-6*omega*theta + 8.7e-5*omega + 3.0e-6*theta - 1.0e-5

--- Chunk 57222 (23/220) | Start: 2025-03-11 09:35:00 ---
    RMSE omega (GP): nan | RMSE omega (Sim): nan
    Loss: 504.9838 | Epoch: 26
    Eq omega: nan1 + nantheta + nanomega + nantheta^2 + nantheta omega + nanomega^2
    Eq omega Phys: N/A

--- Chunk 57223 (24/220) | Start: 2025-03-11 09:40:00 ---
    RMSE omega (GP): 0.011652 | RMSE omega (Sim): 0.075870
    Loss: 20.9763 | Epoch: 2014
    Eq omega: -0.002611 + -0.00003theta + -0.00019omega + -0.00006theta^2 + -0.00004theta omega + -0.00036omega^2
    Eq omega Phys: -0.000222*omega**2 - 0.e-6*omega*theta + 1.1e-5*omega + 2.0e-6*theta - 2.1e-5

--- Chunk 57224 (25/220) | Start: 2025-03-11 09:45:00 ---
    RMSE omega (GP): 0.053591 | RMSE omega (Sim): 0.101300
    Loss: 188.8669 | Epoch: 60
    Eq omega: 0.002561 + -0.00602theta + -0.00191omega + -0.00005theta^2 + -0.00368theta omega + -0.00111omega^2
    Eq omega Phys: -0.000409*omega**2 - 4.5e-5*omega*theta + 0.000345*omega - 6.0e-6*theta + 6.7e-5

--- Chunk 57225 (26/220) | Start: 2025-03-11 09:50:00 ---
    RMSE omega (GP): 0.009292 | RMSE omega (Sim): 0.097224
    Loss: 2.4016 | Epoch: 1463
    Eq omega: 0.001031 + -0.00063theta + -0.00309omega + 0.00004theta^2 + -0.00024theta omega + 0.00110omega^2
    Eq omega Phys: 0.000394*omega**2 - 3.0e-6*omega*theta - 5.9e-5*omega - 1.0e-6*theta + 1.8e-5

--- Chunk 57226 (27/220) | Start: 2025-03-11 09:55:00 ---
    RMSE omega (GP): 0.060090 | RMSE omega (Sim): 0.091597
    Loss: 84.4355 | Epoch: 538
    Eq omega: -0.000761 + -0.00239theta + 0.00483omega + -0.00089theta^2 + -0.00091theta omega + 0.00404omega^2
    Eq omega Phys: 0.001497*omega**2 - 1.1e-5*omega*theta + 0.000289*omega + 6.0e-6*theta - 1.9e-5

--- Chunk 57227 (28/220) | Start: 2025-03-11 10:00:00 ---
    RMSE omega (GP): 0.010421 | RMSE omega (Sim): 0.193189
    Loss: 2.0269 | Epoch: 902
    Eq omega: -0.014001 + -1.65888theta + -0.12688omega + 0.28320theta^2 + 0.07744theta omega + -0.04952omega^2
    Eq omega Phys: -0.015497*omega**2 + 0.000808*omega*theta - 0.008605*omega + 9.8e-5*theta**2 - 0.00291*theta + 0.012823

--- Chunk 57228 (29/220) | Start: 2025-03-11 10:05:00 ---
    RMSE omega (GP): 0.016960 | RMSE omega (Sim): 0.098488
    Loss: 13.1311 | Epoch: 104
    Eq omega: 0.002181 + -0.42969theta + 0.00090omega + 0.00063theta^2 + -0.00381theta omega + 0.00094omega^2
    Eq omega Phys: 0.000316*omega**2 - 4.3e-5*omega*theta - 4.0e-6*omega - 0.000477*theta - 0.000375

--- Chunk 57229 (30/220) | Start: 2025-03-11 10:10:00 ---
    RMSE omega (GP): 0.011725 | RMSE omega (Sim): 0.150264
    Loss: 3.4540 | Epoch: 791
    Eq omega: 0.008531 + -0.03354theta + -0.00061omega + 0.00395theta^2 + -0.00638theta omega + 0.00016omega^2
    Eq omega Phys: 5.1e-5*omega**2 - 6.7e-5*omega*theta + 0.000284*omega + 1.0e-6*theta**2 - 5.0e-5*theta + 0.000227

--- Chunk 57230 (31/220) | Start: 2025-03-11 10:15:00 ---
    RMSE omega (GP): nan | RMSE omega (Sim): nan
    Loss: 680.4067 | Epoch: 62
    Eq omega: nan1 + nantheta + nanomega + nantheta^2 + nantheta omega + nanomega^2
    Eq omega Phys: N/A

--- Chunk 57231 (32/220) | Start: 2025-03-11 10:20:00 ---
    RMSE omega (GP): 0.010555 | RMSE omega (Sim): 0.117540
    Loss: 2.4496 | Epoch: 1099
    Eq omega: 0.000941 + 0.00163theta + 0.00091omega + -0.00007theta^2 + 0.00311theta omega + -0.00272omega^2
    Eq omega Phys: -0.000922*omega**2 + 3.5e-5*omega*theta - 0.00021*omega + 2.0e-6*theta - 1.1e-5

--- Chunk 57232 (33/220) | Start: 2025-03-11 10:25:00 ---
    RMSE omega (GP): 0.027146 | RMSE omega (Sim): 0.052501
    Loss: 174.3755 | Epoch: 410
    Eq omega: -0.003271 + -0.00003theta + -0.00108omega + 0.00003theta^2 + -0.00004theta omega + 0.00112omega^2
    Eq omega Phys: 0.00072*omega**2 - 0.e-6*omega*theta - 1.5e-5*omega - 1.0e-6*theta + 8.0e-6

--- Chunk 57233 (34/220) | Start: 2025-03-11 10:30:00 ---
    RMSE omega (GP): nan | RMSE omega (Sim): nan
    Loss: 761.7474 | Epoch: 17
    Eq omega: nan1 + nantheta + nanomega + nantheta^2 + nantheta omega + nanomega^2
    Eq omega Phys: N/A

--- Chunk 57234 (35/220) | Start: 2025-03-11 10:35:00 ---
    RMSE omega (GP): nan | RMSE omega (Sim): nan
    Loss: 1021.8074 | Epoch: 19
    Eq omega: nan1 + nantheta + nanomega + nantheta^2 + nantheta omega + nanomega^2
    Eq omega Phys: N/A

--- Chunk 57235 (36/220) | Start: 2025-03-11 10:40:00 ---
    RMSE omega (GP): 0.059553 | RMSE omega (Sim): 0.078079
    Loss: 430.6991 | Epoch: 338
    Eq omega: -0.001441 + 0.00043theta + -0.00373omega + -0.00003theta^2 + 0.00003theta omega + 0.00032omega^2
    Eq omega Phys: 0.000152*omega**2 - 0.00013*omega + 1.0e-6*theta - 1.2e-5

--- Chunk 57236 (37/220) | Start: 2025-03-11 10:45:00 ---
    RMSE omega (GP): 0.008709 | RMSE omega (Sim): 0.142324
    Loss: 0.8867 | Epoch: 1261
    Eq omega: -0.002571 + 0.00155theta + -0.00018omega + -0.00016theta^2 + 0.00080theta omega + -0.00248omega^2
    Eq omega Phys: -0.000864*omega**2 + 9.0e-6*omega*theta - 0.000125*omega + 3.0e-6*theta - 4.0e-5

--- Chunk 57237 (38/220) | Start: 2025-03-11 10:50:00 ---
    RMSE omega (GP): 0.011247 | RMSE omega (Sim): 0.099128
    Loss: 4.6769 | Epoch: 655
    Eq omega: 0.000751 + -0.00077theta + -0.00064omega + -0.00004theta^2 + -0.00083theta omega + -0.00119omega^2
    Eq omega Phys: -0.000429*omega**2 - 1.0e-5*omega*theta + 5.7e-5*omega - 0.e-6*theta + 8.0e-6

--- Chunk 57238 (39/220) | Start: 2025-03-11 10:55:00 ---
    RMSE omega (GP): 0.009698 | RMSE omega (Sim): 0.124780
    Loss: 4.3129 | Epoch: 1098
    Eq omega: -0.000251 + 0.00039theta + -0.00023omega + -0.00003theta^2 + -0.00119theta omega + 0.00042omega^2
    Eq omega Phys: 0.000172*omega**2 - 1.6e-5*omega*theta + 0.000186*omega + 1.0e-6*theta - 8.0e-6

--- Chunk 57239 (40/220) | Start: 2025-03-11 11:00:00 ---
    RMSE omega (GP): 0.084204 | RMSE omega (Sim): 0.104917
    Loss: 491.5254 | Epoch: 41
    Eq omega: -0.002641 + -0.00039theta + -0.00438omega + -0.00037theta^2 + 0.00026theta omega + -0.01053omega^2
    Eq omega Phys: -0.003826*omega**2 + 3.0e-6*omega*theta - 0.00019*omega + 4.0e-6*theta - 3.1e-5

--- Chunk 57240 (41/220) | Start: 2025-03-11 11:05:00 ---
    RMSE omega (GP): 0.012774 | RMSE omega (Sim): 0.138599
    Loss: 6.6370 | Epoch: 2041
    Eq omega: -0.000661 + -0.00279theta + -0.00116omega + 0.00204theta^2 + -0.00332theta omega + 0.00076omega^2
    Eq omega Phys: 0.000266*omega**2 - 3.9e-5*omega*theta + 0.000139*omega + 1.0e-6*theta**2 - 1.0e-5*theta + 2.9e-5

--- Chunk 57241 (42/220) | Start: 2025-03-11 11:10:00 ---
    RMSE omega (GP): nan | RMSE omega (Sim): nan
    Loss: 374.5974 | Epoch: 20
    Eq omega: nan1 + nantheta + nanomega + nantheta^2 + nantheta omega + nanomega^2
    Eq omega Phys: N/A

--- Chunk 57242 (43/220) | Start: 2025-03-11 11:15:00 ---
    RMSE omega (GP): 0.010037 | RMSE omega (Sim): 0.142886
    Loss: 3.0579 | Epoch: 1202
    Eq omega: -0.005861 + -0.00262theta + 0.00023omega + 0.00148theta^2 + -0.00191theta omega + 0.00023omega^2
    Eq omega Phys: 8.2e-5*omega**2 - 2.3e-5*omega*theta + 0.000124*omega + 1.0e-6*theta**2 - 9.0e-6*theta + 1.2e-5

--- Chunk 57243 (44/220) | Start: 2025-03-11 11:20:00 ---
    RMSE omega (GP): 0.011186 | RMSE omega (Sim): 0.151225
    Loss: 5.4285 | Epoch: 1068
    Eq omega: -0.002281 + -0.00025theta + -0.00056omega + -0.00144theta^2 + -0.00511theta omega + 0.00841omega^2
    Eq omega Phys: 0.003094*omega**2 - 6.3e-5*omega*theta - 0.00059*omega - 0.e-6*theta**2 - 1.1e-5*theta - 5.8e-5

--- Chunk 57244 (45/220) | Start: 2025-03-11 11:25:00 ---
    RMSE omega (GP): 0.010602 | RMSE omega (Sim): 0.118092
    Loss: 2.0411 | Epoch: 922
    Eq omega: 0.005701 + -0.04115theta + -0.00018omega + -0.01842theta^2 + -0.00986theta omega + -0.00965omega^2
    Eq omega Phys: -0.003036*omega**2 - 0.000103*omega*theta + 0.000195*omega - 6.0e-6*theta**2 - 2.1e-5*theta + 8.5e-5

--- Chunk 57245 (46/220) | Start: 2025-03-11 11:30:00 ---
    RMSE omega (GP): 0.010451 | RMSE omega (Sim): 0.139077
    Loss: 3.4117 | Epoch: 1658
    Eq omega: -0.002771 + -0.00215theta + -0.00441omega + 0.00782theta^2 + 0.00158theta omega + -0.00116omega^2
    Eq omega Phys: -0.000426*omega**2 + 1.9e-5*omega*theta - 2.6e-5*omega + 3.0e-6*theta**2 + 3.7e-5*theta + 0.000101

--- Chunk 57246 (47/220) | Start: 2025-03-11 11:35:00 ---
    RMSE omega (GP): 0.012508 | RMSE omega (Sim): 0.122603
    Loss: 6.1665 | Epoch: 2029
    Eq omega: 0.003111 + 0.00027theta + 0.01255omega + 0.00001theta^2 + 0.00124theta omega + 0.00440omega^2
    Eq omega Phys: 0.001566*omega**2 + 1.5e-5*omega*theta + 0.000202*omega + 6.0e-6

--- Chunk 57247 (48/220) | Start: 2025-03-11 11:40:00 ---
    RMSE omega (GP): 0.042148 | RMSE omega (Sim): 0.110138
    Loss: 144.7147 | Epoch: 47
    Eq omega: -0.002441 + -0.07215theta + -0.00653omega + -0.00336theta^2 + 0.00037theta omega + 0.00083omega^2
    Eq omega Phys: 0.000317*omega**2 + 5.0e-6*omega*theta - 0.000198*omega - 1.0e-6*theta**2 - 9.2e-5*theta - 0.00036

--- Chunk 57248 (49/220) | Start: 2025-03-11 11:45:00 ---
    RMSE omega (GP): 0.010903 | RMSE omega (Sim): 0.089241
    Loss: 6.3525 | Epoch: 1167
    Eq omega: -0.001871 + 0.00526theta + 0.00319omega + -0.00054theta^2 + -0.00272theta omega + 0.00181omega^2
    Eq omega Phys: 0.000757*omega**2 - 3.8e-5*omega*theta - 0.000266*omega + 1.0e-6*theta + 2.8e-5

--- Chunk 57249 (50/220) | Start: 2025-03-11 11:50:00 ---
    RMSE omega (GP): 0.011509 | RMSE omega (Sim): 0.145067
    Loss: 5.1505 | Epoch: 1269
    Eq omega: -0.000201 + -0.43320theta + -0.00968omega + 0.00473theta^2 + 0.00579theta omega + 0.01281omega^2
    Eq omega Phys: 0.004728*omega**2 + 7.1e-5*omega*theta - 0.000442*omega + 2.0e-6*theta**2 - 0.000488*theta + 0.000814

  [Progress 50/220] Mean RMSE omega (GP): 0.018042 | (Sim): 0.133673 | Mean loss: 136.7069 | Valid GP: 42/50 | Valid Sim: 42/50 | Elapsed: 17.4min | ETA: 59.1min

--- Chunk 57250 (51/220) | Start: 2025-03-11 11:55:00 ---
    RMSE omega (GP): 0.010614 | RMSE omega (Sim): 0.100449
    Loss: 2.4376 | Epoch: 1502
    Eq omega: -0.001071 + -1.47798theta + -0.00498omega + 0.05279theta^2 + 0.02955theta omega + 0.00939omega^2
    Eq omega Phys: 0.003051*omega**2 + 0.00032*omega*theta + 0.000363*omega + 1.9e-5*theta**2 - 0.001579*theta - 0.002666

--- Chunk 57251 (52/220) | Start: 2025-03-11 12:00:00 ---
    RMSE omega (GP): 0.010881 | RMSE omega (Sim): 0.116450
    Loss: 3.3243 | Epoch: 1296
    Eq omega: -0.001321 + 0.00003theta + -0.00022omega + -0.00015theta^2 + 0.00019theta omega + 0.00082omega^2
    Eq omega Phys: 0.000277*omega**2 + 2.0e-6*omega*theta + 1.6e-5*omega - 1.0e-6*theta - 1.1e-5

--- Chunk 57252 (53/220) | Start: 2025-03-11 12:05:00 ---
    RMSE omega (GP): nan | RMSE omega (Sim): nan
    Loss: 1392.8120 | Epoch: 27
    Eq omega: nan1 + nantheta + nanomega + nantheta^2 + nantheta omega + nanomega^2
    Eq omega Phys: N/A

--- Chunk 57253 (54/220) | Start: 2025-03-11 12:10:00 ---
    RMSE omega (GP): nan | RMSE omega (Sim): nan
    Loss: 22991.1641 | Epoch: 15
    Eq omega: nan1 + nantheta + nanomega + nantheta^2 + nantheta omega + nanomega^2
    Eq omega Phys: N/A

--- Chunk 57254 (55/220) | Start: 2025-03-11 12:15:00 ---
    RMSE omega (GP): 0.011324 | RMSE omega (Sim): 0.105960
    Loss: 8.5985 | Epoch: 988
    Eq omega: 0.000941 + 0.00361theta + 0.00107omega + 0.00130theta^2 + -0.00023theta omega + -0.00443omega^2
    Eq omega Phys: -0.001921*omega**2 - 3.0e-6*omega*theta - 1.0e-5*omega + 1.0e-6*theta**2 + 2.1e-5*theta + 0.000174

--- Chunk 57255 (56/220) | Start: 2025-03-11 12:20:00 ---
    RMSE omega (GP): 0.021391 | RMSE omega (Sim): 0.128897
    Loss: 34.2999 | Epoch: 119
    Eq omega: -0.004141 + 0.00073theta + -0.00013omega + 0.00073theta^2 + 0.00030theta omega + -0.00083omega^2
    Eq omega Phys: -0.000345*omega**2 + 4.0e-6*omega*theta + 2.5e-5*omega + 6.0e-6*theta + 1.1e-5

--- Chunk 57256 (57/220) | Start: 2025-03-11 12:25:00 ---
    RMSE omega (GP): 0.010778 | RMSE omega (Sim): 0.074138
    Loss: 24.7687 | Epoch: 2641
    Eq omega: 0.012431 + 0.00010theta + 0.00302omega + 0.00007theta^2 + 0.00006theta omega + 0.00026omega^2
    Eq omega Phys: 0.000187*omega**2 + 1.0e-6*omega*theta + 0.000128*omega + 2.0e-6*theta + 4.2e-5

--- Chunk 57257 (58/220) | Start: 2025-03-11 12:30:00 ---
    RMSE omega (GP): 0.010078 | RMSE omega (Sim): 0.113392
    Loss: 5.4651 | Epoch: 1036
    Eq omega: -0.001181 + -0.00038theta + 0.00060omega + 0.00050theta^2 + -0.00176theta omega + 0.00150omega^2
    Eq omega Phys: 0.000634*omega**2 - 2.5e-5*omega*theta + 7.4e-5*omega - 1.0e-6*theta - 1.0e-6

--- Chunk 57258 (59/220) | Start: 2025-03-11 12:35:00 ---
    RMSE omega (GP): 0.065255 | RMSE omega (Sim): 0.163650
    Loss: 462.5912 | Epoch: 303
    Eq omega: -0.002741 + 0.00154theta + 0.02127omega + 0.00012theta^2 + -0.00036theta omega + -0.00259omega^2
    Eq omega Phys: -0.001218*omega**2 - 6.0e-6*omega*theta + 0.000655*omega + 3.0e-6*theta + 1.6e-5

--- Chunk 57259 (60/220) | Start: 2025-03-11 12:40:00 ---
    RMSE omega (GP): nan | RMSE omega (Sim): nan
    Loss: 171.3690 | Epoch: 33
    Eq omega: nan1 + nantheta + nanomega + nantheta^2 + nantheta omega + nanomega^2
    Eq omega Phys: N/A

--- Chunk 57260 (61/220) | Start: 2025-03-11 12:45:00 ---
    RMSE omega (GP): 0.039899 | RMSE omega (Sim): 0.112976
    Loss: -16481390463811584.0000 | Epoch: 2284
    Eq omega: 0.002361 + -0.01971theta + 0.00218omega + 0.00022theta^2 + 0.00117theta omega + 0.00672omega^2
    Eq omega Phys: 0.002169*omega**2 + 1.3e-5*omega*theta + 9.5e-5*omega - 2.2e-5*theta - 3.0e-5

--- Chunk 57261 (62/220) | Start: 2025-03-11 12:50:00 ---
    RMSE omega (GP): 0.011693 | RMSE omega (Sim): 0.133882
    Loss: 5.3626 | Epoch: 1328
    Eq omega: 0.003821 + -0.00344theta + 0.00125omega + -0.00008theta^2 + 0.00114theta omega + 0.00514omega^2
    Eq omega Phys: 0.001861*omega**2 + 1.4e-5*omega*theta - 7.7e-5*omega - 3.0e-6*theta + 4.2e-5

--- Chunk 57262 (63/220) | Start: 2025-03-11 12:55:00 ---
    RMSE omega (GP): 0.010695 | RMSE omega (Sim): 0.111640
    Loss: 2.0782 | Epoch: 1090
    Eq omega: -0.000261 + -0.74288theta + -0.00479omega + 0.00454theta^2 + -0.04568theta omega + -0.00189omega^2
    Eq omega Phys: -0.000599*omega**2 - 0.000483*omega*theta - 0.001968*omega + 2.0e-6*theta**2 - 0.000813*theta - 0.003071

--- Chunk 57263 (64/220) | Start: 2025-03-11 13:00:00 ---
    RMSE omega (GP): 0.021928 | RMSE omega (Sim): 0.183509
    Loss: -1150.8878 | Epoch: 1078
    Eq omega: 0.001021 + 0.00466theta + -0.00109omega + 0.00023theta^2 + 0.00070theta omega + 0.00009omega^2
    Eq omega Phys: 3.0e-5*omega**2 + 8.0e-6*omega*theta + 6.0e-6*theta + 2.9e-5

--- Chunk 57264 (65/220) | Start: 2025-03-11 13:05:00 ---
    RMSE omega (GP): 0.011225 | RMSE omega (Sim): 0.079238
    Loss: 7.4484 | Epoch: 1034
    Eq omega: 0.001461 + 0.00030theta + 0.00248omega + 0.00006theta^2 + 0.00049theta omega + 0.00051omega^2
    Eq omega Phys: 0.000214*omega**2 + 7.0e-6*omega*theta + 0.000154*omega + 1.0e-6*theta + 1.0e-5

--- Chunk 57265 (66/220) | Start: 2025-03-11 13:10:00 ---
    RMSE omega (GP): nan | RMSE omega (Sim): nan
    Loss: 470.1628 | Epoch: 37
    Eq omega: nan1 + nantheta + nanomega + nantheta^2 + nantheta omega + nanomega^2
    Eq omega Phys: N/A

--- Chunk 57266 (67/220) | Start: 2025-03-11 13:15:00 ---
    RMSE omega (GP): 0.067088 | RMSE omega (Sim): 0.109121
    Loss: 457.3198 | Epoch: 35
    Eq omega: 0.002761 + -0.00050theta + -0.00304omega + 0.00027theta^2 + 0.00029theta omega + 0.00291omega^2
    Eq omega Phys: 0.001248*omega**2 + 4.0e-6*omega*theta - 3.9e-5*omega + 3.0e-6*theta + 2.8e-5

--- Chunk 57267 (68/220) | Start: 2025-03-11 13:20:00 ---
    RMSE omega (GP): 0.011946 | RMSE omega (Sim): 0.105716
    Loss: 3.6580 | Epoch: 822
    Eq omega: 0.003531 + -0.00015theta + -0.00156omega + 0.00063theta^2 + 0.00278theta omega + 0.00398omega^2
    Eq omega Phys: 0.00129*omega**2 + 3.0e-5*omega*theta + 9.8e-5*omega + 2.0e-6*theta + 1.7e-5

--- Chunk 57268 (69/220) | Start: 2025-03-11 13:25:00 ---
    RMSE omega (GP): 0.012583 | RMSE omega (Sim): 0.172856
    Loss: 4.0424 | Epoch: 1156
    Eq omega: 0.004791 + 0.00020theta + -0.00078omega + -0.00062theta^2 + -0.00033theta omega + -0.00032omega^2
    Eq omega Phys: -0.0001*omega**2 - 3.0e-6*omega*theta - 2.2e-5*omega + 1.0e-6*theta + 1.6e-5

--- Chunk 57269 (70/220) | Start: 2025-03-11 13:30:00 ---
    RMSE omega (GP): 0.014957 | RMSE omega (Sim): 0.161759
    Loss: 2.1588 | Epoch: 1039
    Eq omega: 0.002731 + -0.00502theta + 0.00735omega + 0.00070theta^2 + -0.00203theta omega + -0.00262omega^2
    Eq omega Phys: -0.000616*omega**2 - 1.6e-5*omega*theta + 0.000208*omega - 5.0e-6*theta + 1.0e-6

--- Chunk 57270 (71/220) | Start: 2025-03-11 13:35:00 ---
    RMSE omega (GP): 0.010034 | RMSE omega (Sim): 0.370575
    Loss: 2.4165 | Epoch: 2338
    Eq omega: -0.002571 + 0.00608theta + 0.00272omega + -0.00457theta^2 + 0.00006theta omega + 0.00957omega^2
    Eq omega Phys: 0.003302*omega**2 + 1.0e-6*omega*theta + 9.9e-5*omega - 2.0e-6*theta**2 - 3.5e-5*theta - 0.000175

--- Chunk 57271 (72/220) | Start: 2025-03-11 13:40:00 ---
    RMSE omega (GP): nan | RMSE omega (Sim): nan
    Loss: 20.5231 | Epoch: 59
    Eq omega: nan1 + nantheta + nanomega + nantheta^2 + nantheta omega + nanomega^2
    Eq omega Phys: N/A

--- Chunk 57272 (73/220) | Start: 2025-03-11 13:45:00 ---
    RMSE omega (GP): 0.011298 | RMSE omega (Sim): 0.183502
    Loss: 3.3448 | Epoch: 774
    Eq omega: -0.002731 + -1.92572theta + 0.00334omega + 0.00848theta^2 + 0.00911theta omega + 0.00666omega^2
    Eq omega Phys: 0.002242*omega**2 + 0.000102*omega*theta + 3.5e-5*omega + 3.0e-6*theta**2 - 0.002144*theta + 0.00158

--- Chunk 57273 (74/220) | Start: 2025-03-11 13:50:00 ---
    RMSE omega (GP): 0.010067 | RMSE omega (Sim): 0.090188
    Loss: 5.3692 | Epoch: 1478
    Eq omega: -0.001221 + 0.00036theta + -0.00252omega + -0.00070theta^2 + -0.00132theta omega + -0.00330omega^2
    Eq omega Phys: -0.001393*omega**2 - 1.9e-5*omega*theta + 0.000102*omega + 7.0e-6*theta - 4.0e-5

--- Chunk 57274 (75/220) | Start: 2025-03-11 13:55:00 ---
    RMSE omega (GP): 0.011314 | RMSE omega (Sim): 0.210796
    Loss: 0.7503 | Epoch: 1048
    Eq omega: -0.015391 + -0.80243theta + 0.03363omega + -0.00328theta^2 + 0.21709theta omega + 0.00795omega^2
    Eq omega Phys: 0.002081*omega**2 + 0.001894*omega*theta + 0.00666*omega - 0.e-6*theta**2 - 0.000897*theta - 0.002681

--- Chunk 57275 (76/220) | Start: 2025-03-11 14:00:00 ---
    RMSE omega (GP): 0.009934 | RMSE omega (Sim): 0.152622
    Loss: -0.2506 | Epoch: 1344
    Eq omega: -0.001871 + -0.50995theta + -0.06634omega + 0.10167theta^2 + -0.00860theta omega + 0.01511omega^2
    Eq omega Phys: 0.003945*omega**2 - 7.5e-5*omega*theta - 0.003082*omega + 2.9e-5*theta**2 + 0.000119*theta - 0.002609

--- Chunk 57276 (77/220) | Start: 2025-03-11 14:05:00 ---
    RMSE omega (GP): 0.011841 | RMSE omega (Sim): 0.102361
    Loss: 3.6006 | Epoch: 776
    Eq omega: 0.000211 + -1.75356theta + -0.00092omega + -0.02064theta^2 + 0.01318theta omega + 0.01462omega^2
    Eq omega Phys: 0.004743*omega**2 + 0.000143*omega*theta - 7.9e-5*omega - 7.0e-6*theta**2 - 0.001943*theta + 0.000658

--- Chunk 57277 (78/220) | Start: 2025-03-11 14:10:00 ---
    RMSE omega (GP): 0.018588 | RMSE omega (Sim): 0.146485
    Loss: -59.8273 | Epoch: 1256
    Eq omega: 0.001871 + -0.08135theta + 0.00078omega + 0.01691theta^2 + -0.00176theta omega + -0.00066omega^2
    Eq omega Phys: -0.000197*omega**2 - 1.7e-5*omega*theta + 3.7e-5*omega + 6.0e-6*theta**2 - 9.7e-5*theta + 6.6e-5

--- Chunk 57278 (79/220) | Start: 2025-03-11 14:15:00 ---
    RMSE omega (GP): 0.011793 | RMSE omega (Sim): 0.161300
    Loss: 1.5512 | Epoch: 1526
    Eq omega: 0.000091 + 0.00316theta + 0.00009omega + -0.00018theta^2 + -0.00280theta omega + -0.00516omega^2
    Eq omega Phys: -0.001483*omega**2 - 2.7e-5*omega*theta + 0.000197*omega + 4.0e-6*theta - 2.8e-5

--- Chunk 57279 (80/220) | Start: 2025-03-11 14:20:00 ---
    RMSE omega (GP): 0.008361 | RMSE omega (Sim): 0.148078
    Loss: -0.8697 | Epoch: 2425
    Eq omega: -0.012071 + -1.09227theta + 0.00285omega + 0.18067theta^2 + 0.01856theta omega + -0.07874omega^2
    Eq omega Phys: -0.021894*omega**2 + 0.000172*omega*theta - 0.000328*omega + 5.6e-5*theta**2 - 0.001488*theta + 0.003276

--- Chunk 57280 (81/220) | Start: 2025-03-11 14:25:00 ---
    RMSE omega (GP): 0.011467 | RMSE omega (Sim): 0.070190
    Loss: 7.3488 | Epoch: 1518
    Eq omega: 0.004561 + -0.09032theta + 0.00273omega + -0.00116theta^2 + 0.00056theta omega + 0.00212omega^2
    Eq omega Phys: 0.000855*omega**2 + 8.0e-6*omega*theta - 3.4e-5*omega - 0.e-6*theta**2 - 8.3e-5*theta + 0.001541

--- Chunk 57281 (82/220) | Start: 2025-03-11 14:30:00 ---
    RMSE omega (GP): 0.008771 | RMSE omega (Sim): 0.133107
    Loss: 1.8243 | Epoch: 956
    Eq omega: 0.005441 + -1.69415theta + -0.00847omega + 0.01484theta^2 + -0.00983theta omega + 0.00313omega^2
    Eq omega Phys: 0.001174*omega**2 - 0.000123*omega*theta - 0.000692*omega + 6.0e-6*theta**2 - 0.001841*theta - 0.00619

--- Chunk 57282 (83/220) | Start: 2025-03-11 14:35:00 ---
    RMSE omega (GP): 0.009526 | RMSE omega (Sim): 0.136493
    Loss: 0.9417 | Epoch: 999
    Eq omega: 0.036641 + -2.39971theta + 0.05584omega + -1.26112theta^2 + -0.14121theta omega + -0.00707omega^2
    Eq omega Phys: -0.002243*omega**2 - 0.001494*omega*theta + 0.001771*omega - 0.000445*theta**2 - 0.00272*theta - 3.5e-5

--- Chunk 57283 (84/220) | Start: 2025-03-11 14:40:00 ---
    RMSE omega (GP): 0.010496 | RMSE omega (Sim): 0.148742
    Loss: 2.8814 | Epoch: 739
    Eq omega: -0.008511 + -2.11516theta + 0.02084omega + -0.00472theta^2 + 0.00972theta omega + -0.02825omega^2
    Eq omega Phys: -0.009666*omega**2 + 0.000111*omega*theta + 0.000944*omega - 2.0e-6*theta**2 - 0.002358*theta - 0.005316

--- Chunk 57284 (85/220) | Start: 2025-03-11 14:45:00 ---
    RMSE omega (GP): 0.008702 | RMSE omega (Sim): 0.152385
    Loss: 1.2119 | Epoch: 1190
    Eq omega: 0.021081 + -0.69954theta + 0.00877omega + -0.03386theta^2 + 0.02265theta omega + 0.03127omega^2
    Eq omega Phys: 0.011154*omega**2 + 0.000269*omega*theta + 0.000632*omega - 1.3e-5*theta**2 - 0.000811*theta - 0.000935

--- Chunk 57285 (86/220) | Start: 2025-03-11 14:50:00 ---
    RMSE omega (GP): 0.010893 | RMSE omega (Sim): 0.095846
    Loss: 5.3336 | Epoch: 1352
    Eq omega: 0.001311 + 0.00011theta + 0.00081omega + -0.00012theta^2 + -0.00011theta omega + -0.00148omega^2
    Eq omega Phys: -0.000577*omega**2 - 1.0e-6*omega*theta + 4.0e-5*omega + 1.0e-6*theta - 1.0e-6

--- Chunk 57286 (87/220) | Start: 2025-03-11 14:55:00 ---
    RMSE omega (GP): 0.011882 | RMSE omega (Sim): 0.177703
    Loss: -229.7237 | Epoch: 1037
    Eq omega: -0.000381 + -0.45219theta + -0.00376omega + 0.00991theta^2 + -0.00939theta omega + -0.00006omega^2
    Eq omega Phys: -2.2e-5*omega**2 - 0.000114*omega*theta + 0.000462*omega + 4.0e-6*theta**2 - 0.000544*theta + 0.002695

--- Chunk 57287 (88/220) | Start: 2025-03-11 15:00:00 ---
    RMSE omega (GP): 0.010007 | RMSE omega (Sim): 0.115192
    Loss: 0.7122 | Epoch: 2314
    Eq omega: 0.001051 + 0.00060theta + 0.00059omega + -0.00000theta^2 + -0.00354theta omega + 0.00117omega^2
    Eq omega Phys: 0.000347*omega**2 - 3.5e-5*omega*theta + 0.000129*omega + 1.0e-6*theta + 2.0e-6

--- Chunk 57288 (89/220) | Start: 2025-03-11 15:05:00 ---
    RMSE omega (GP): 0.011049 | RMSE omega (Sim): 0.085791
    Loss: 7.1231 | Epoch: 1376
    Eq omega: 0.001471 + 0.00015theta + -0.00017omega + -0.00012theta^2 + 0.00014theta omega + -0.00015omega^2
    Eq omega Phys: -6.2e-5*omega**2 + 2.0e-6*omega*theta - 3.1e-5*omega + 2.0e-6*theta - 8.0e-6

--- Chunk 57289 (90/220) | Start: 2025-03-11 15:10:00 ---
    RMSE omega (GP): 0.027020 | RMSE omega (Sim): 0.083518
    Loss: 74.6564 | Epoch: 74
    Eq omega: 0.008581 + -0.03864theta + -0.00968omega + -0.00169theta^2 + 0.00579theta omega + -0.00315omega^2
    Eq omega Phys: -0.001419*omega**2 + 8.7e-5*omega*theta - 0.001361*omega - 0.e-6*theta**2 - 2.3e-5*theta + 0.000413

--- Chunk 57290 (91/220) | Start: 2025-03-11 15:15:00 ---
    RMSE omega (GP): 0.009533 | RMSE omega (Sim): 0.075855
    Loss: 4.6326 | Epoch: 1375
    Eq omega: -0.007451 + -1.57690theta + 0.05107omega + 0.00175theta^2 + -0.01398theta omega + 0.02918omega^2
    Eq omega Phys: 0.012928*omega**2 - 0.000206*omega*theta + 0.001543*omega + 1.0e-6*theta**2 - 0.001751*theta - 0.001371

--- Chunk 57291 (92/220) | Start: 2025-03-11 15:20:00 ---
    RMSE omega (GP): 0.012102 | RMSE omega (Sim): 0.112383
    Loss: 5.8746 | Epoch: 1673
    Eq omega: 0.000861 + -1.94949theta + 0.00614omega + -0.03069theta^2 + -0.07211theta omega + 0.00212omega^2
    Eq omega Phys: 0.000779*omega**2 - 0.000883*omega*theta - 0.001731*omega - 1.3e-5*theta**2 - 0.002221*theta - 0.004805

--- Chunk 57292 (93/220) | Start: 2025-03-11 15:25:00 ---
    RMSE omega (GP): 0.021699 | RMSE omega (Sim): 0.087387
    Loss: 40.1911 | Epoch: 44
    Eq omega: -0.000351 + -0.00023theta + 0.00376omega + -0.00214theta^2 + -0.00037theta omega + -0.00043omega^2
    Eq omega Phys: -0.000164*omega**2 - 5.0e-6*omega*theta + 0.000152*omega - 0.e-6*theta**2 + 1.0e-5*theta - 2.9e-5

--- Chunk 57293 (94/220) | Start: 2025-03-11 15:30:00 ---
    RMSE omega (GP): 0.010711 | RMSE omega (Sim): 0.173290
    Loss: 2.7476 | Epoch: 1854
    Eq omega: -0.005011 + -0.64722theta + -0.00186omega + -0.00076theta^2 + 0.00144theta omega + -0.00344omega^2
    Eq omega Phys: -0.001172*omega**2 + 1.6e-5*omega*theta - 0.00018*omega - 0.000715*theta + 0.005155

--- Chunk 57294 (95/220) | Start: 2025-03-11 15:35:00 ---
    RMSE omega (GP): 0.010544 | RMSE omega (Sim): 0.078475
    Loss: 6.1266 | Epoch: 1398
    Eq omega: 0.000341 + -0.00011theta + -0.00083omega + -0.00041theta^2 + -0.00109theta omega + -0.00029omega^2
    Eq omega Phys: -0.000125*omega**2 - 1.6e-5*omega*theta - 0.000211*omega - 5.0e-6*theta - 2.7e-5

--- Chunk 57295 (96/220) | Start: 2025-03-11 15:40:00 ---
    RMSE omega (GP): 0.010353 | RMSE omega (Sim): 0.167230
    Loss: 2.2696 | Epoch: 1138
    Eq omega: 0.031501 + -2.32681theta + 0.02572omega + 0.01536theta^2 + -0.78621theta omega + -0.00502omega^2
    Eq omega Phys: -0.001721*omega**2 - 0.008983*omega*theta - 0.033927*omega + 6.0e-6*theta**2 - 0.00254*theta - 0.009821

--- Chunk 57296 (97/220) | Start: 2025-03-11 15:45:00 ---
    RMSE omega (GP): nan | RMSE omega (Sim): nan
    Loss: 71.8653 | Epoch: 37
    Eq omega: nan1 + nantheta + nanomega + nantheta^2 + nantheta omega + nanomega^2
    Eq omega Phys: N/A

--- Chunk 57297 (98/220) | Start: 2025-03-11 15:50:00 ---
    RMSE omega (GP): 0.049815 | RMSE omega (Sim): 0.171772
    Loss: 154.9403 | Epoch: 367
    Eq omega: -0.003021 + -0.00066theta + 0.00116omega + 0.00061theta^2 + -0.00274theta omega + 0.00090omega^2
    Eq omega Phys: 0.000315*omega**2 - 3.2e-5*omega*theta - 1.3e-5*omega - 1.0e-5

--- Chunk 57298 (99/220) | Start: 2025-03-11 15:55:00 ---
    RMSE omega (GP): nan | RMSE omega (Sim): nan
    Loss: 198.7195 | Epoch: 44
    Eq omega: nan1 + nantheta + nanomega + nantheta^2 + nantheta omega + nanomega^2
    Eq omega Phys: N/A

--- Chunk 57299 (100/220) | Start: 2025-03-11 16:00:00 ---
    RMSE omega (GP): nan | RMSE omega (Sim): nan
    Loss: 54.2425 | Epoch: 42
    Eq omega: nan1 + nantheta + nanomega + nantheta^2 + nantheta omega + nanomega^2
    Eq omega Phys: N/A

  [Progress 100/220] Mean RMSE omega (GP): 0.017237 | (Sim): 0.133561 | Mean loss: -164813904637794.5938 | Valid GP: 84/100 | Valid Sim: 84/100 | Elapsed: 36.8min | ETA: 44.2min

--- Chunk 57300 (101/220) | Start: 2025-03-11 16:05:00 ---
    RMSE omega (GP): 0.010684 | RMSE omega (Sim): 0.950970
    Loss: 0.8726 | Epoch: 1058
    Eq omega: -0.040301 + -0.67036theta + -0.02202omega + 0.23830theta^2 + 0.00477theta omega + -0.02069omega^2
    Eq omega Phys: -0.006354*omega**2 + 4.9e-5*omega*theta - 0.000359*omega + 8.1e-5*theta**2 + 0.000504*theta - 0.001071

--- Chunk 57301 (102/220) | Start: 2025-03-11 16:10:00 ---
    RMSE omega (GP): nan | RMSE omega (Sim): nan
    Loss: 33.7383 | Epoch: 96
    Eq omega: nan1 + nantheta + nanomega + nantheta^2 + nantheta omega + nanomega^2
    Eq omega Phys: N/A

--- Chunk 57302 (103/220) | Start: 2025-03-11 16:15:00 ---
    RMSE omega (GP): nan | RMSE omega (Sim): nan
    Loss: 11.2600 | Epoch: 69
    Eq omega: nan1 + nantheta + nanomega + nantheta^2 + nantheta omega + nanomega^2
    Eq omega Phys: N/A

--- Chunk 57303 (104/220) | Start: 2025-03-11 16:20:00 ---
    RMSE omega (GP): 0.009077 | RMSE omega (Sim): 0.190935
    Loss: -0.0040 | Epoch: 948
    Eq omega: -0.002731 + -0.90662theta + -0.00947omega + -0.28528theta^2 + 0.05646theta omega + 0.00902omega^2
    Eq omega Phys: 0.002647*omega**2 + 0.000552*omega*theta - 0.001857*omega - 9.3e-5*theta**2 - 0.000488*theta + 0.002077

--- Chunk 57304 (105/220) | Start: 2025-03-11 16:25:00 ---
    RMSE omega (GP): 0.010026 | RMSE omega (Sim): 0.117507
    Loss: 0.7103 | Epoch: 1263
    Eq omega: 0.003711 + -0.84488theta + 0.01276omega + 0.03642theta^2 + -0.00441theta omega + -0.00825omega^2
    Eq omega Phys: -0.002396*omega**2 - 4.3e-5*omega*theta + 0.000419*omega + 1.2e-5*theta**2 - 0.000935*theta - 0.000133

--- Chunk 57305 (106/220) | Start: 2025-03-11 16:30:00 ---
    RMSE omega (GP): 0.054810 | RMSE omega (Sim): 0.136030
    Loss: 386.1531 | Epoch: 25
    Eq omega: -0.004851 + -0.00079theta + -0.00046omega + -0.00060theta^2 + -0.00030theta omega + 0.00042omega^2
    Eq omega Phys: 0.000176*omega**2 - 4.0e-6*omega*theta - 5.0e-5*omega - 6.0e-6*theta - 3.9e-5

--- Chunk 57306 (107/220) | Start: 2025-03-11 16:35:00 ---
    RMSE omega (GP): 0.010494 | RMSE omega (Sim): 0.094546
    Loss: 4.9848 | Epoch: 1153
    Eq omega: 0.001481 + -0.05445theta + -0.00838omega + -0.00153theta^2 + -0.00084theta omega + 0.00220omega^2
    Eq omega Phys: 0.00086*omega**2 - 1.1e-5*omega*theta - 0.000386*omega - 0.e-6*theta**2 - 7.3e-5*theta - 0.000646

--- Chunk 57307 (108/220) | Start: 2025-03-11 16:40:00 ---
    RMSE omega (GP): 0.011640 | RMSE omega (Sim): 0.082051
    Loss: 8.6422 | Epoch: 889
    Eq omega: -0.003821 + -0.01167theta + 0.00228omega + -0.00085theta^2 + -0.00628theta omega + 0.00773omega^2
    Eq omega Phys: 0.003338*omega**2 - 9.0e-5*omega*theta - 0.000345*omega - 1.7e-5*theta - 7.9e-5

--- Chunk 57308 (109/220) | Start: 2025-03-11 16:45:00 ---
    RMSE omega (GP): 0.010670 | RMSE omega (Sim): 0.093200
    Loss: 4.1977 | Epoch: 1450
    Eq omega: -0.001101 + 0.00005theta + -0.00222omega + -0.00103theta^2 + 0.00146theta omega + 0.00114omega^2
    Eq omega Phys: 0.00042*omega**2 + 1.8e-5*omega*theta + 7.5e-5*omega - 7.0e-6*theta - 3.2e-5

--- Chunk 57309 (110/220) | Start: 2025-03-11 16:50:00 ---
    RMSE omega (GP): 0.011852 | RMSE omega (Sim): 0.136476
    Loss: 0.3123 | Epoch: 1536
    Eq omega: 0.001481 + -0.00106theta + 0.00059omega + -0.00007theta^2 + 0.00032theta omega + -0.00061omega^2
    Eq omega Phys: -0.000165*omega**2 + 3.0e-6*omega*theta + 1.7e-5*omega - 1.0e-6*theta + 7.0e-6

--- Chunk 57310 (111/220) | Start: 2025-03-11 16:55:00 ---
    RMSE omega (GP): 0.010675 | RMSE omega (Sim): 0.144428
    Loss: 1.5212 | Epoch: 2233
    Eq omega: 0.001441 + -0.00095theta + 0.00135omega + -0.00004theta^2 + -0.00089theta omega + 0.00051omega^2
    Eq omega Phys: 0.000143*omega**2 - 8.0e-6*omega*theta - 0.000158*omega - 2.0e-6*theta - 2.8e-5

--- Chunk 57311 (112/220) | Start: 2025-03-11 17:00:00 ---
    RMSE omega (GP): 0.012012 | RMSE omega (Sim): 0.209527
    Loss: 12.1018 | Epoch: 1683
    Eq omega: -0.003361 + 0.00071theta + 0.00443omega + -0.00001theta^2 + -0.00046theta omega + 0.00023omega^2
    Eq omega Phys: 0.00011*omega**2 - 7.0e-6*omega*theta + 2.6e-5*omega + 1.0e-6*theta + 4.0e-6

--- Chunk 57312 (113/220) | Start: 2025-03-11 17:05:00 ---
    RMSE omega (GP): 0.016388 | RMSE omega (Sim): nan
    Loss: 9.9856 | Epoch: 201
    Eq omega: 0.000771 + -0.11523theta + -0.03027omega + 0.21086theta^2 + 0.00785theta omega + 0.00106omega^2
    Eq omega Phys: 0.000337*omega**2 + 8.3e-5*omega*theta - 0.000755*omega + 7.5e-5*theta**2 + 0.000327*theta + 0.000305

--- Chunk 57313 (114/220) | Start: 2025-03-11 17:10:00 ---
    RMSE omega (GP): 0.011772 | RMSE omega (Sim): 0.116287
    Loss: 2.2972 | Epoch: 1424
    Eq omega: 0.001441 + 0.01068theta + 0.00148omega + -0.00003theta^2 + -0.00085theta omega + -0.00169omega^2
    Eq omega Phys: -0.000517*omega**2 - 9.0e-6*omega*theta + 2.2e-5*omega + 1.2e-5*theta + 4.2e-5

--- Chunk 57314 (115/220) | Start: 2025-03-11 17:15:00 ---
    RMSE omega (GP): 0.010409 | RMSE omega (Sim): 0.255186
    Loss: 1.6491 | Epoch: 1144
    Eq omega: -0.000461 + -0.00596theta + -0.00106omega + -0.00435theta^2 + 0.00193theta omega + 0.00050omega^2
    Eq omega Phys: 0.00016*omega**2 + 2.1e-5*omega*theta - 7.4e-5*omega - 2.0e-6*theta**2 - 0.e-6*theta + 5.0e-6

--- Chunk 57315 (116/220) | Start: 2025-03-11 17:20:00 ---
    RMSE omega (GP): 0.012046 | RMSE omega (Sim): 0.125422
    Loss: 7.4039 | Epoch: 684
    Eq omega: 0.013211 + -2.62019theta + -0.06049omega + -0.01622theta^2 + 0.14738theta omega + -0.01995omega^2
    Eq omega Phys: -0.007952*omega**2 + 0.001958*omega*theta - 0.008562*omega - 7.0e-6*theta**2 - 0.002863*theta + 0.009688

--- Chunk 57316 (117/220) | Start: 2025-03-11 17:25:00 ---
    RMSE omega (GP): 0.011585 | RMSE omega (Sim): 0.122007
    Loss: 2.0982 | Epoch: 1047
    Eq omega: 0.003731 + -0.00779theta + -0.00278omega + -0.00024theta^2 + 0.00033theta omega + -0.00322omega^2
    Eq omega Phys: -0.000956*omega**2 + 3.0e-6*omega*theta - 5.8e-5*omega - 1.0e-5*theta - 8.8e-5

--- Chunk 57317 (118/220) | Start: 2025-03-11 17:30:00 ---
    RMSE omega (GP): 0.013600 | RMSE omega (Sim): 0.077669
    Loss: 4.2596 | Epoch: 1279
    Eq omega: 0.017341 + -0.24721theta + -0.06173omega + -0.04010theta^2 + 0.00369theta omega + 0.00057omega^2
    Eq omega Phys: 0.000168*omega**2 + 3.6e-5*omega*theta - 0.00248*omega - 1.3e-5*theta**2 + 3.1e-5*theta + 0.001478

--- Chunk 57318 (119/220) | Start: 2025-03-11 17:35:00 ---
    RMSE omega (GP): nan | RMSE omega (Sim): nan
    Loss: 308.4198 | Epoch: 52
    Eq omega: nan1 + nantheta + nanomega + nantheta^2 + nantheta omega + nanomega^2
    Eq omega Phys: N/A

--- Chunk 57319 (120/220) | Start: 2025-03-11 17:40:00 ---
    RMSE omega (GP): 0.010137 | RMSE omega (Sim): 0.105366
    Loss: 1.8371 | Epoch: 455
    Eq omega: -0.003451 + -0.03287theta + -0.00134omega + -0.00474theta^2 + 0.00247theta omega + 0.00088omega^2
    Eq omega Phys: 0.000283*omega**2 + 2.6e-5*omega*theta - 4.0e-6*omega - 2.0e-6*theta**2 - 4.2e-5*theta - 7.2e-5

--- Chunk 57320 (121/220) | Start: 2025-03-11 17:45:00 ---
    RMSE omega (GP): 0.023330 | RMSE omega (Sim): 0.104503
    Loss: 26.5099 | Epoch: 343
    Eq omega: -0.012921 + -0.04943theta + 0.00205omega + -0.00086theta^2 + 0.00041theta omega + -0.00145omega^2
    Eq omega Phys: -0.000469*omega**2 + 4.0e-6*omega*theta + 5.8e-5*omega - 5.3e-5*theta + 8.6e-5

--- Chunk 57321 (122/220) | Start: 2025-03-11 17:50:00 ---
    RMSE omega (GP): nan | RMSE omega (Sim): nan
    Loss: 74.9563 | Epoch: 38
    Eq omega: nan1 + nantheta + nanomega + nantheta^2 + nantheta omega + nanomega^2
    Eq omega Phys: N/A

--- Chunk 57322 (123/220) | Start: 2025-03-11 17:55:00 ---
    RMSE omega (GP): 0.010162 | RMSE omega (Sim): 0.146584
    Loss: 0.9937 | Epoch: 1478
    Eq omega: 0.001211 + -0.00167theta + 0.00137omega + 0.00015theta^2 + -0.00068theta omega + -0.00150omega^2
    Eq omega Phys: -0.000441*omega**2 - 7.0e-6*omega*theta + 4.9e-5*omega - 2.0e-6*theta + 6.0e-6

--- Chunk 57323 (124/220) | Start: 2025-03-11 18:00:00 ---
    RMSE omega (GP): 0.029440 | RMSE omega (Sim): 0.089658
    Loss: 97.7627 | Epoch: 239
    Eq omega: 0.000431 + -0.00009theta + 0.00512omega + -0.00026theta^2 + -0.00045theta omega + -0.00078omega^2
    Eq omega Phys: -0.000383*omega**2 - 7.0e-6*omega*theta + 9.8e-5*omega - 3.0e-6*theta - 1.4e-5

--- Chunk 57324 (125/220) | Start: 2025-03-11 18:05:00 ---
    RMSE omega (GP): 0.013944 | RMSE omega (Sim): 0.156801
    Loss: 4.2877 | Epoch: 1031
    Eq omega: -0.000391 + -0.00025theta + -0.00107omega + 0.00040theta^2 + 0.00077theta omega + 0.00069omega^2
    Eq omega Phys: 0.000206*omega**2 + 8.0e-6*omega*theta + 7.5e-5*omega + 4.0e-6*theta + 2.2e-5

--- Chunk 57325 (126/220) | Start: 2025-03-11 18:10:00 ---
    RMSE omega (GP): nan | RMSE omega (Sim): nan
    Loss: 104.6180 | Epoch: 41
    Eq omega: nan1 + nantheta + nanomega + nantheta^2 + nantheta omega + nanomega^2
    Eq omega Phys: N/A

--- Chunk 57326 (127/220) | Start: 2025-03-11 18:15:00 ---
    RMSE omega (GP): 0.023940 | RMSE omega (Sim): 0.102527
    Loss: 41.1875 | Epoch: 112
    Eq omega: -0.008361 + -0.00036theta + -0.00246omega + -0.00175theta^2 + 0.00087theta omega + -0.00086omega^2
    Eq omega Phys: -0.000344*omega**2 + 1.2e-5*omega*theta - 4.4e-5*omega - 0.e-6*theta**2 - 6.0e-6*theta - 3.3e-5

--- Chunk 57327 (128/220) | Start: 2025-03-11 18:20:00 ---
    RMSE omega (GP): nan | RMSE omega (Sim): nan
    Loss: 2.8727 | Epoch: 880
    Eq omega: nan1 + nantheta + nanomega + nantheta^2 + nantheta omega + nanomega^2
    Eq omega Phys: N/A

--- Chunk 57328 (129/220) | Start: 2025-03-11 18:25:00 ---
    RMSE omega (GP): 0.021960 | RMSE omega (Sim): 0.150285
    Loss: -27.5372 | Epoch: 452
    Eq omega: -0.002721 + -0.00925theta + 0.00088omega + -0.00017theta^2 + -0.00218theta omega + 0.00240omega^2
    Eq omega Phys: 0.000681*omega**2 - 2.1e-5*omega*theta + 0.000321*omega - 9.0e-6*theta + 0.000124

--- Chunk 57329 (130/220) | Start: 2025-03-11 18:30:00 ---
    RMSE omega (GP): 0.010777 | RMSE omega (Sim): 0.127392
    Loss: 8.2983 | Epoch: 894
    Eq omega: -0.002361 + -1.31138theta + 0.01386omega + -0.00461theta^2 + -0.03761theta omega + 0.00052omega^2
    Eq omega Phys: 0.000245*omega**2 - 0.00059*omega*theta - 0.001034*omega - 2.0e-6*theta**2 - 0.001469*theta - 0.003717

--- Chunk 57330 (131/220) | Start: 2025-03-11 18:35:00 ---
    RMSE omega (GP): 0.028793 | RMSE omega (Sim): 0.171808
    Loss: 37.3558 | Epoch: 36
    Eq omega: 0.001051 + -0.06949theta + -0.02054omega + 0.00261theta^2 + -0.00029theta omega + 0.00023omega^2
    Eq omega Phys: 7.1e-5*omega**2 - 3.0e-6*omega*theta - 0.000669*omega + 1.0e-6*theta**2 - 8.7e-5*theta + 0.00045

--- Chunk 57331 (132/220) | Start: 2025-03-11 18:40:00 ---
    RMSE omega (GP): 0.009573 | RMSE omega (Sim): 0.073210
    Loss: 2.6917 | Epoch: 1642
    Eq omega: -0.019411 + -0.10203theta + 0.01044omega + -0.01595theta^2 + 0.00317theta omega + 0.00630omega^2
    Eq omega Phys: 0.002333*omega**2 + 3.9e-5*omega*theta + 0.000454*omega - 7.0e-6*theta**2 - 0.000149*theta - 0.000415

--- Chunk 57332 (133/220) | Start: 2025-03-11 18:45:00 ---
    RMSE omega (GP): nan | RMSE omega (Sim): nan
    Loss: 33.3018 | Epoch: 84
    Eq omega: nan1 + nantheta + nanomega + nantheta^2 + nantheta omega + nanomega^2
    Eq omega Phys: N/A

--- Chunk 57333 (134/220) | Start: 2025-03-11 18:50:00 ---
    RMSE omega (GP): 0.009092 | RMSE omega (Sim): nan
    Loss: -0.3754 | Epoch: 1293
    Eq omega: 0.031601 + 0.00736theta + -0.00024omega + -0.76716theta^2 + 0.06862theta omega + 0.19681omega^2
    Eq omega Phys: 0.060574*omega**2 + 0.000704*omega*theta - 0.003485*omega - 0.000262*theta**2 + 0.002599*theta - 0.006324

--- Chunk 57334 (135/220) | Start: 2025-03-11 18:55:00 ---
    RMSE omega (GP): 0.009292 | RMSE omega (Sim): 0.106297
    Loss: 0.8458 | Epoch: 1301
    Eq omega: -0.012231 + -0.00945theta + 0.00424omega + 0.08024theta^2 + -0.00572theta omega + -0.02763omega^2
    Eq omega Phys: -0.008631*omega**2 - 6.0e-5*omega*theta - 0.000507*omega + 2.8e-5*theta**2 + 0.000596*theta + 0.003144

--- Chunk 57335 (136/220) | Start: 2025-03-11 19:00:00 ---
    RMSE omega (GP): 0.011332 | RMSE omega (Sim): 0.079679
    Loss: 7.4243 | Epoch: 1104
    Eq omega: -0.005091 + 0.00000theta + 0.00019omega + -0.00206theta^2 + 0.00059theta omega + 0.00333omega^2
    Eq omega Phys: 0.001411*omega**2 + 8.0e-6*omega*theta + 6.0e-5*omega - 0.e-6*theta**2 - 1.2e-5*theta - 5.3e-5

--- Chunk 57336 (137/220) | Start: 2025-03-11 19:05:00 ---
    RMSE omega (GP): 0.008893 | RMSE omega (Sim): 0.098944
    Loss: 1.9821 | Epoch: 1010
    Eq omega: 0.003851 + -0.12912theta + -0.00401omega + -0.01044theta^2 + -0.01252theta omega + 0.00256omega^2
    Eq omega Phys: 0.000985*omega**2 - 0.000161*omega*theta - 0.000436*omega - 4.0e-6*theta**2 - 0.00016*theta - 0.000275

--- Chunk 57337 (138/220) | Start: 2025-03-11 19:10:00 ---
    RMSE omega (GP): 0.010243 | RMSE omega (Sim): 0.111970
    Loss: 1.1509 | Epoch: 1748
    Eq omega: -0.000281 + -0.00039theta + -0.02353omega + 0.00186theta^2 + -0.00047theta omega + 0.00165omega^2
    Eq omega Phys: 0.000498*omega**2 - 5.0e-6*omega*theta - 0.000817*omega + 1.0e-6*theta**2 + 8.0e-6*theta + 2.6e-5

--- Chunk 57338 (139/220) | Start: 2025-03-11 19:15:00 ---
    RMSE omega (GP): 0.011911 | RMSE omega (Sim): 0.138664
    Loss: 8.5632 | Epoch: 843
    Eq omega: -0.018981 + -0.62099theta + -0.04078omega + 0.03305theta^2 + -0.01365theta omega + -0.00348omega^2
    Eq omega Phys: -0.001458*omega**2 - 0.000191*omega*theta - 0.000448*omega + 1.5e-5*theta**2 - 0.000837*theta + 0.0036

--- Chunk 57339 (140/220) | Start: 2025-03-11 19:20:00 ---
    RMSE omega (GP): nan | RMSE omega (Sim): nan
    Loss: 100.6824 | Epoch: 57
    Eq omega: nan1 + nantheta + nanomega + nantheta^2 + nantheta omega + nanomega^2
    Eq omega Phys: N/A

--- Chunk 57340 (141/220) | Start: 2025-03-11 19:25:00 ---
    RMSE omega (GP): nan | RMSE omega (Sim): nan
    Loss: 60.7625 | Epoch: 50
    Eq omega: nan1 + nantheta + nanomega + nantheta^2 + nantheta omega + nanomega^2
    Eq omega Phys: N/A

--- Chunk 57341 (142/220) | Start: 2025-03-11 19:30:00 ---
    RMSE omega (GP): 0.009294 | RMSE omega (Sim): 0.093114
    Loss: 4.4438 | Epoch: 1240
    Eq omega: -0.000621 + -0.00026theta + -0.00029omega + 0.00070theta^2 + -0.00023theta omega + -0.00119omega^2
    Eq omega Phys: -0.000514*omega**2 - 3.0e-6*omega*theta - 4.0e-5*omega + 6.0e-6*theta + 2.3e-5

--- Chunk 57342 (143/220) | Start: 2025-03-11 19:35:00 ---
    RMSE omega (GP): 0.012676 | RMSE omega (Sim): 0.127546
    Loss: 1.3498 | Epoch: 1819
    Eq omega: 0.013741 + -0.64341theta + 0.00504omega + -0.00557theta^2 + -0.00171theta omega + -0.00203omega^2
    Eq omega Phys: -0.000631*omega**2 - 1.8e-5*omega*theta + 0.000208*omega - 2.0e-6*theta**2 - 0.000706*theta + 0.001669

--- Chunk 57343 (144/220) | Start: 2025-03-11 19:40:00 ---
    RMSE omega (GP): 0.027078 | RMSE omega (Sim): 0.144075
    Loss: 31.8986 | Epoch: 46
    Eq omega: -0.006131 + -0.00821theta + -0.00030omega + -0.00355theta^2 + -0.00328theta omega + -0.01198omega^2
    Eq omega Phys: -0.003576*omega**2 - 3.3e-5*omega*theta + 8.8e-5*omega - 1.0e-6*theta**2 - 2.0e-6*theta - 6.0e-6

--- Chunk 57344 (145/220) | Start: 2025-03-11 19:45:00 ---
    RMSE omega (GP): 0.067030 | RMSE omega (Sim): 0.103963
    Loss: 369.1443 | Epoch: 52
    Eq omega: 0.003301 + -0.00009theta + -0.00680omega + 0.00018theta^2 + -0.00014theta omega + 0.00086omega^2
    Eq omega Phys: 0.000319*omega**2 - 2.0e-6*omega*theta - 0.000268*omega + 3.0e-6*theta + 4.9e-5

--- Chunk 57345 (146/220) | Start: 2025-03-11 19:50:00 ---
    RMSE omega (GP): 0.008924 | RMSE omega (Sim): 0.098590
    Loss: 0.6501 | Epoch: 912
    Eq omega: 0.001401 + -0.13625theta + -0.00161omega + 0.00192theta^2 + 0.01082theta omega + 0.00203omega^2
    Eq omega Phys: 0.000669*omega**2 + 0.000119*omega*theta - 0.000764*omega + 1.0e-6*theta**2 - 0.00016*theta + 0.000935

--- Chunk 57346 (147/220) | Start: 2025-03-11 19:55:00 ---
    RMSE omega (GP): 0.009119 | RMSE omega (Sim): 0.073193
    Loss: 2.0792 | Epoch: 944
    Eq omega: -0.025931 + -1.26460theta + 0.00438omega + -0.05407theta^2 + -0.03740theta omega + -0.04265omega^2
    Eq omega Phys: -0.01631*omega**2 - 0.000477*omega*theta + 0.001052*omega - 2.3e-5*theta**2 - 0.001318*theta + 0.002513

--- Chunk 57347 (148/220) | Start: 2025-03-11 20:00:00 ---
    RMSE omega (GP): 0.008318 | RMSE omega (Sim): 0.064209
    Loss: 4.7715 | Epoch: 2004
    Eq omega: -0.000991 + -0.05118theta + 0.00251omega + 0.00003theta^2 + -0.00022theta omega + 0.00260omega^2
    Eq omega Phys: 0.001259*omega**2 - 4.0e-6*omega*theta + 2.5e-5*omega - 5.6e-5*theta - 0.000929

--- Chunk 57348 (149/220) | Start: 2025-03-11 20:05:00 ---
    RMSE omega (GP): 0.009055 | RMSE omega (Sim): 0.079325
    Loss: 4.5450 | Epoch: 1158
    Eq omega: 0.000351 + -0.00003theta + 0.00264omega + -0.00007theta^2 + 0.00060theta omega + -0.00099omega^2
    Eq omega Phys: -0.00044*omega**2 + 9.0e-6*omega*theta + 7.8e-5*omega + 1.0e-6

--- Chunk 57349 (150/220) | Start: 2025-03-11 20:10:00 ---
    RMSE omega (GP): 0.011349 | RMSE omega (Sim): 0.101393
    Loss: 6.4056 | Epoch: 1026
    Eq omega: 0.004431 + -0.08220theta + 0.00722omega + -0.22367theta^2 + 0.00836theta omega + 0.00057omega^2
    Eq omega Phys: 0.000236*omega**2 + 0.000116*omega*theta - 0.000649*omega - 0.000103*theta**2 + 0.001496*theta - 0.005396

  [Progress 150/220] Mean RMSE omega (GP): 0.016650 | (Sim): 0.135939 | Mean loss: -109875936425184.2812 | Valid GP: 125/150 | Valid Sim: 123/150 | Elapsed: 53.0min | ETA: 24.7min

--- Chunk 57350 (151/220) | Start: 2025-03-11 20:15:00 ---
    RMSE omega (GP): 0.007988 | RMSE omega (Sim): 0.086635
    Loss: 1.4131 | Epoch: 1850
    Eq omega: 0.000241 + 0.00018theta + -0.00736omega + -0.00020theta^2 + -0.00009theta omega + 0.00356omega^2
    Eq omega Phys: 0.001377*omega**2 - 1.0e-6*omega*theta - 0.000261*omega - 2.0e-6*theta - 1.1e-5

--- Chunk 57351 (152/220) | Start: 2025-03-11 20:20:00 ---
    RMSE omega (GP): nan | RMSE omega (Sim): nan
    Loss: 36.3858 | Epoch: 71
    Eq omega: nan1 + nantheta + nanomega + nantheta^2 + nantheta omega + nanomega^2
    Eq omega Phys: N/A

--- Chunk 57352 (153/220) | Start: 2025-03-11 20:25:00 ---
    RMSE omega (GP): 0.009354 | RMSE omega (Sim): 0.123288
    Loss: 4.6659 | Epoch: 1230
    Eq omega: -0.001001 + -0.00153theta + -0.00159omega + -0.00039theta^2 + 0.00036theta omega + 0.00108omega^2
    Eq omega Phys: 0.000469*omega**2 + 5.0e-6*omega*theta - 0.000131*omega + 4.0e-6*theta - 1.9e-5

--- Chunk 57353 (154/220) | Start: 2025-03-11 20:30:00 ---
    RMSE omega (GP): 0.008599 | RMSE omega (Sim): 0.079356
    Loss: 4.5521 | Epoch: 1558
    Eq omega: 0.001141 + -0.00120theta + 0.00002omega + -0.00004theta^2 + 0.00057theta omega + -0.00118omega^2
    Eq omega Phys: -0.000523*omega**2 + 8.0e-6*omega*theta + 0.000106*omega - 2.0e-6*theta - 1.7e-5

--- Chunk 57354 (155/220) | Start: 2025-03-11 20:35:00 ---
    RMSE omega (GP): 0.010715 | RMSE omega (Sim): 0.211541
    Loss: -1.0980 | Epoch: 1769
    Eq omega: 0.009601 + -0.52032theta + 0.03931omega + 0.00154theta^2 + 0.00290theta omega + 0.00127omega^2
    Eq omega Phys: 0.000284*omega**2 + 2.2e-5*omega*theta + 0.001533*omega - 0.00057*theta - 0.005875

--- Chunk 57355 (156/220) | Start: 2025-03-11 20:40:00 ---
    RMSE omega (GP): 0.010154 | RMSE omega (Sim): 0.101969
    Loss: 0.9755 | Epoch: 881
    Eq omega: -0.010331 + -1.21315theta + -0.01006omega + -0.01314theta^2 + -0.02632theta omega + 0.00218omega^2
    Eq omega Phys: 0.000686*omega**2 - 0.000276*omega*theta + 0.000933*omega - 5.0e-6*theta**2 - 0.001306*theta + 0.006055

--- Chunk 57356 (157/220) | Start: 2025-03-11 20:45:00 ---
    RMSE omega (GP): nan | RMSE omega (Sim): nan
    Loss: 101.5836 | Epoch: 68
    Eq omega: nan1 + nantheta + nanomega + nantheta^2 + nantheta omega + nanomega^2
    Eq omega Phys: N/A

--- Chunk 57357 (158/220) | Start: 2025-03-11 20:50:00 ---
    RMSE omega (GP): 0.010956 | RMSE omega (Sim): 0.129034
    Loss: 3.0806 | Epoch: 2550
    Eq omega: -0.002781 + -0.53866theta + -0.00424omega + 0.00201theta^2 + 0.00937theta omega + -0.00063omega^2
    Eq omega Phys: -0.000214*omega**2 + 0.000106*omega*theta + 0.000393*omega + 1.0e-6*theta**2 - 0.000591*theta - 0.003

--- Chunk 57358 (159/220) | Start: 2025-03-11 20:55:00 ---
    RMSE omega (GP): nan | RMSE omega (Sim): nan
    Loss: 61.1026 | Epoch: 53
    Eq omega: nan1 + nantheta + nanomega + nantheta^2 + nantheta omega + nanomega^2
    Eq omega Phys: N/A

--- Chunk 57359 (160/220) | Start: 2025-03-11 21:00:00 ---
    RMSE omega (GP): 0.009453 | RMSE omega (Sim): 0.047155
    Loss: 25.0806 | Epoch: 2123
    Eq omega: -0.001611 + -0.00006theta + 0.00343omega + 0.00012theta^2 + 0.00006theta omega + -0.00141omega^2
    Eq omega Phys: -0.001074*omega**2 + 2.0e-6*omega*theta + 0.000151*omega + 5.0e-6*theta + 5.5e-5

--- Chunk 57360 (161/220) | Start: 2025-03-11 21:05:00 ---
    RMSE omega (GP): 0.010672 | RMSE omega (Sim): 0.181559
    Loss: -0.3732 | Epoch: 1485
    Eq omega: -0.019711 + -0.89300theta + -0.00481omega + 0.18143theta^2 + -0.41150theta omega + -0.01297omega^2
    Eq omega Phys: -0.003224*omega**2 - 0.003409*omega*theta - 0.025916*omega + 5.0e-5*theta**2 - 0.000235*theta - 0.004724

--- Chunk 57361 (162/220) | Start: 2025-03-11 21:10:00 ---
    RMSE omega (GP): 0.011840 | RMSE omega (Sim): 0.146047
    Loss: 0.4192 | Epoch: 1163
    Eq omega: -0.023201 + -0.53580theta + 0.00303omega + 0.20233theta^2 + -0.62732theta omega + -0.08159omega^2
    Eq omega Phys: -0.019867*omega**2 - 0.005092*omega*theta + 0.012863*omega + 5.5e-5*theta**2 - 0.00087*theta + 0.00173

--- Chunk 57362 (163/220) | Start: 2025-03-11 21:15:00 ---
    RMSE omega (GP): 0.010976 | RMSE omega (Sim): 0.140773
    Loss: 1.6172 | Epoch: 1373
    Eq omega: -0.016331 + -0.13182theta + 0.01505omega + -0.00125theta^2 + -0.00030theta omega + 0.00488omega^2
    Eq omega Phys: 0.001483*omega**2 - 3.0e-6*omega*theta + 0.000545*omega - 0.000135*theta + 0.001922

--- Chunk 57363 (164/220) | Start: 2025-03-11 21:20:00 ---
    RMSE omega (GP): 0.011044 | RMSE omega (Sim): 0.138472
    Loss: 1.0661 | Epoch: 2818
    Eq omega: -0.000931 + -0.41948theta + -0.00692omega + 0.00100theta^2 + -0.00416theta omega + 0.00139omega^2
    Eq omega Phys: 0.000389*omega**2 - 3.9e-5*omega*theta + 0.000192*omega - 0.000473*theta + 0.005114

--- Chunk 57364 (165/220) | Start: 2025-03-11 21:25:00 ---
    RMSE omega (GP): 0.009155 | RMSE omega (Sim): 0.130341
    Loss: 0.1021 | Epoch: 1228
    Eq omega: -0.017201 + -1.70961theta + -0.19804omega + 0.00901theta^2 + -0.69004theta omega + 0.00189omega^2
    Eq omega Phys: 0.000575*omega**2 - 0.006996*omega*theta - 0.064671*omega + 3.0e-6*theta**2 - 0.001849*theta - 0.015621

--- Chunk 57365 (166/220) | Start: 2025-03-11 21:30:00 ---
    RMSE omega (GP): nan | RMSE omega (Sim): nan
    Loss: 58.5334 | Epoch: 43
    Eq omega: nan1 + nantheta + nanomega + nantheta^2 + nantheta omega + nanomega^2
    Eq omega Phys: N/A

--- Chunk 57366 (167/220) | Start: 2025-03-11 21:35:00 ---
    RMSE omega (GP): 0.010587 | RMSE omega (Sim): 0.108302
    Loss: 4.6869 | Epoch: 1915
    Eq omega: -0.004021 + 0.00083theta + -0.00298omega + -0.00064theta^2 + 0.00114theta omega + -0.00466omega^2
    Eq omega Phys: -0.001801*omega**2 + 1.5e-5*omega*theta - 1.3e-5*omega - 2.0e-6*theta - 1.6e-5

--- Chunk 57367 (168/220) | Start: 2025-03-11 21:40:00 ---
    RMSE omega (GP): 0.008916 | RMSE omega (Sim): 0.131875
    Loss: 0.1500 | Epoch: 628
    Eq omega: -0.001281 + -0.28608theta + 0.01455omega + -0.00631theta^2 + -0.00053theta omega + -0.01790omega^2
    Eq omega Phys: -0.004967*omega**2 - 5.0e-6*omega*theta + 0.000503*omega - 2.0e-6*theta**2 - 0.000304*theta + 0.001117

--- Chunk 57368 (169/220) | Start: 2025-03-11 21:45:00 ---
    RMSE omega (GP): 0.009256 | RMSE omega (Sim): 0.165403
    Loss: 2.2857 | Epoch: 539
    Eq omega: 0.013661 + -1.59514theta + 0.00450omega + -0.01932theta^2 + -0.03317theta omega + 0.35000omega^2
    Eq omega Phys: 0.131804*omega**2 - 0.000416*omega*theta - 0.000597*omega - 8.0e-6*theta**2 - 0.001801*theta - 0.003165

--- Chunk 57369 (170/220) | Start: 2025-03-11 21:50:00 ---
    RMSE omega (GP): 0.010395 | RMSE omega (Sim): 0.100298
    Loss: 7.9459 | Epoch: 1280
    Eq omega: 0.020941 + -1.06763theta + 0.00636omega + -0.00079theta^2 + -0.01178theta omega + -0.02148omega^2
    Eq omega Phys: -0.010238*omega**2 - 0.000187*omega*theta - 0.000395*omega - 0.001189*theta - 0.003802

--- Chunk 57370 (171/220) | Start: 2025-03-11 21:55:00 ---
    RMSE omega (GP): 0.013649 | RMSE omega (Sim): 0.107914
    Loss: -0.5270 | Epoch: 1399
    Eq omega: -0.011331 + -0.07618theta + 0.00680omega + -0.02162theta^2 + -0.00122theta omega + -0.00898omega^2
    Eq omega Phys: -0.002542*omega**2 - 1.2e-5*omega*theta + 0.000299*omega - 7.0e-6*theta**2 + 0.000219

--- Chunk 57371 (172/220) | Start: 2025-03-11 22:00:00 ---
    RMSE omega (GP): 0.048160 | RMSE omega (Sim): 0.045296
    Loss: 873.6229 | Epoch: 57
    Eq omega: 0.001861 + -0.00026theta + -0.00839omega + 0.00018theta^2 + -0.00005theta omega + 0.00074omega^2
    Eq omega Phys: 0.000523*omega**2 - 1.0e-6*omega*theta - 0.000313*omega + 8.0e-6*theta + 0.000105

--- Chunk 57372 (173/220) | Start: 2025-03-11 22:05:00 ---
    RMSE omega (GP): 0.011002 | RMSE omega (Sim): 0.187132
    Loss: -0.1344 | Epoch: 1593
    Eq omega: -0.001271 + -0.00268theta + -0.00052omega + -0.00051theta^2 + 0.00012theta omega + 0.00252omega^2
    Eq omega Phys: 0.000669*omega**2 + 1.0e-6*omega*theta - 2.0e-6*omega - 7.0e-6*theta - 7.9e-5

--- Chunk 57373 (174/220) | Start: 2025-03-11 22:10:00 ---
    RMSE omega (GP): 0.010094 | RMSE omega (Sim): 0.144247
    Loss: -0.1827 | Epoch: 1532
    Eq omega: 0.000521 + -0.00263theta + -0.00018omega + 0.00532theta^2 + 0.00104theta omega + -0.00460omega^2
    Eq omega Phys: -0.001213*omega**2 + 9.0e-6*omega*theta - 2.1e-5*omega + 2.0e-6*theta**2 - 8.0e-6*theta + 1.1e-5

--- Chunk 57374 (175/220) | Start: 2025-03-11 22:15:00 ---
    RMSE omega (GP): 0.033999 | RMSE omega (Sim): 0.127089
    Loss: 220.6099 | Epoch: 63
    Eq omega: 0.000921 + 0.00047theta + -0.00054omega + -0.00014theta^2 + -0.00013theta omega + -0.00074omega^2
    Eq omega Phys: -0.000269*omega**2 - 2.0e-6*omega*theta + 2.3e-5*omega + 3.0e-6*theta - 5.0e-5

--- Chunk 57375 (176/220) | Start: 2025-03-11 22:20:00 ---
    RMSE omega (GP): 0.009143 | RMSE omega (Sim): 0.204484
    Loss: -0.9503 | Epoch: 1870
    Eq omega: 0.000161 + -0.00538theta + 0.00009omega + 0.00052theta^2 + -0.00134theta omega + 0.01810omega^2
    Eq omega Phys: 0.004626*omega**2 - 1.1e-5*omega*theta + 3.6e-5*omega - 7.0e-6*theta + 1.9e-5

--- Chunk 57376 (177/220) | Start: 2025-03-11 22:25:00 ---
    RMSE omega (GP): 0.008905 | RMSE omega (Sim): 1.211640
    Loss: 2.4466 | Epoch: 1733
    Eq omega: -0.002831 + 0.00195theta + 0.00143omega + 0.07420theta^2 + 0.00088theta omega + -0.06361omega^2
    Eq omega Phys: -0.025611*omega**2 + 1.2e-5*omega*theta - 8.3e-5*omega + 3.3e-5*theta**2 - 0.00073*theta + 0.004005

--- Chunk 57377 (178/220) | Start: 2025-03-11 22:30:00 ---
    RMSE omega (GP): 0.008219 | RMSE omega (Sim): 0.118346
    Loss: 8.8046 | Epoch: 1375
    Eq omega: -0.002201 + 0.00043theta + -0.00606omega + -0.00019theta^2 + 0.00090theta omega + -0.00110omega^2
    Eq omega Phys: -0.00065*omega**2 + 1.8e-5*omega*theta - 0.000452*omega + 4.0e-6*theta - 3.6e-5

--- Chunk 57378 (179/220) | Start: 2025-03-11 22:35:00 ---
    RMSE omega (GP): nan | RMSE omega (Sim): nan
    Loss: 759.3265 | Epoch: 30
    Eq omega: nan1 + nantheta + nanomega + nantheta^2 + nantheta omega + nanomega^2
    Eq omega Phys: N/A

--- Chunk 57379 (180/220) | Start: 2025-03-11 22:40:00 ---
    RMSE omega (GP): 0.008212 | RMSE omega (Sim): 0.130024
    Loss: -0.2710 | Epoch: 1438
    Eq omega: 0.001091 + -0.00162theta + 0.00292omega + 0.00431theta^2 + 0.00118theta omega + 0.00093omega^2
    Eq omega Phys: 0.000308*omega**2 + 1.3e-5*omega*theta + 7.7e-5*omega + 2.0e-6*theta**2 - 7.0e-6*theta + 1.0e-5

--- Chunk 57380 (181/220) | Start: 2025-03-11 22:45:00 ---
    RMSE omega (GP): 0.008566 | RMSE omega (Sim): 0.120652
    Loss: 1.7977 | Epoch: 949
    Eq omega: -0.004431 + -0.36631theta + -0.05122omega + 0.01618theta^2 + -0.05686theta omega + 0.01375omega^2
    Eq omega Phys: 0.005315*omega**2 - 0.000733*omega*theta - 0.005571*omega + 7.0e-6*theta**2 - 0.000334*theta - 0.001966

--- Chunk 57381 (182/220) | Start: 2025-03-11 22:50:00 ---
    RMSE omega (GP): 0.009522 | RMSE omega (Sim): 0.093888
    Loss: 3.4844 | Epoch: 728
    Eq omega: 0.004111 + -0.00062theta + 0.00109omega + 0.01366theta^2 + -0.00835theta omega + 0.00086omega^2
    Eq omega Phys: 0.000348*omega**2 - 0.000113*omega*theta - 0.000166*omega + 6.0e-6*theta**2 + 2.1e-5*theta + 3.0e-5

--- Chunk 57382 (183/220) | Start: 2025-03-11 22:55:00 ---
    RMSE omega (GP): nan | RMSE omega (Sim): nan
    Loss: 283.4453 | Epoch: 25
    Eq omega: nan1 + nantheta + nanomega + nantheta^2 + nantheta omega + nanomega^2
    Eq omega Phys: N/A

--- Chunk 57383 (184/220) | Start: 2025-03-11 23:00:00 ---
    RMSE omega (GP): 0.009086 | RMSE omega (Sim): 0.104662
    Loss: -0.2012 | Epoch: 1275
    Eq omega: 0.020541 + -0.99696theta + 0.00162omega + 0.00592theta^2 + 0.00644theta omega + 0.01077omega^2
    Eq omega Phys: 0.003124*omega**2 + 6.2e-5*omega*theta - 7.9e-5*omega + 2.0e-6*theta**2 - 0.001116*theta + 0.002448

--- Chunk 57384 (185/220) | Start: 2025-03-11 23:05:00 ---
    RMSE omega (GP): nan | RMSE omega (Sim): nan
    Loss: 2597.6743 | Epoch: 15
    Eq omega: nan1 + nantheta + nanomega + nantheta^2 + nantheta omega + nanomega^2
    Eq omega Phys: N/A

--- Chunk 57385 (186/220) | Start: 2025-03-11 23:10:00 ---
    RMSE omega (GP): 0.009261 | RMSE omega (Sim): 0.160293
    Loss: 0.0284 | Epoch: 5894
    Eq omega: 0.000761 + 0.00383theta + -0.00098omega + -0.00018theta^2 + 0.00041theta omega + -0.00194omega^2
    Eq omega Phys: -0.000579*omega**2 + 4.0e-6*omega*theta + 1.4e-5*omega + 3.0e-6*theta + 4.4e-5

--- Chunk 57386 (187/220) | Start: 2025-03-11 23:15:00 ---
    RMSE omega (GP): 0.009638 | RMSE omega (Sim): 0.159684
    Loss: 0.6933 | Epoch: 932
    Eq omega: -0.002141 + -1.46454theta + -0.02878omega + 0.01113theta^2 + -0.00202theta omega + 0.04811omega^2
    Eq omega Phys: 0.015252*omega**2 - 2.1e-5*omega*theta - 0.00108*omega + 4.0e-6*theta**2 - 0.001583*theta - 0.009069

--- Chunk 57387 (188/220) | Start: 2025-03-11 23:20:00 ---
    RMSE omega (GP): nan | RMSE omega (Sim): nan
    Loss: 30.3343 | Epoch: 47
    Eq omega: nan1 + nantheta + nanomega + nantheta^2 + nantheta omega + nanomega^2
    Eq omega Phys: N/A

--- Chunk 57388 (189/220) | Start: 2025-03-11 23:25:00 ---
    RMSE omega (GP): 0.006196 | RMSE omega (Sim): 0.136018
    Loss: -0.7729 | Epoch: 1231
    Eq omega: 0.025191 + -0.71938theta + -0.00604omega + 0.06944theta^2 + 0.01585theta omega + 0.00638omega^2
    Eq omega Phys: 0.002309*omega**2 + 0.000191*omega*theta - 0.000615*omega + 2.8e-5*theta**2 - 0.00092*theta + 0.001936

--- Chunk 57389 (190/220) | Start: 2025-03-11 23:30:00 ---
    RMSE omega (GP): 0.008939 | RMSE omega (Sim): 0.104775
    Loss: 2.4986 | Epoch: 957
    Eq omega: 0.008691 + 0.02351theta + 0.00868omega + 0.00052theta^2 + -0.09037theta omega + -0.00349omega^2
    Eq omega Phys: -0.001374*omega**2 - 0.001186*omega*theta - 0.006224*omega + 2.9e-5*theta + 0.000175

--- Chunk 57390 (191/220) | Start: 2025-03-11 23:35:00 ---
    RMSE omega (GP): 0.008958 | RMSE omega (Sim): 0.141074
    Loss: 2.2936 | Epoch: 889
    Eq omega: 0.011381 + -0.99769theta + -0.03229omega + 0.02570theta^2 + -0.03525theta omega + 0.05162omega^2
    Eq omega Phys: 0.019634*omega**2 - 0.000447*omega*theta - 0.003429*omega + 1.1e-5*theta**2 - 0.000994*theta - 0.005502

--- Chunk 57391 (192/220) | Start: 2025-03-11 23:40:00 ---
    RMSE omega (GP): nan | RMSE omega (Sim): nan
    Loss: 162.8787 | Epoch: 50
    Eq omega: nan1 + nantheta + nanomega + nantheta^2 + nantheta omega + nanomega^2
    Eq omega Phys: N/A

--- Chunk 57392 (193/220) | Start: 2025-03-11 23:45:00 ---
    RMSE omega (GP): 0.009985 | RMSE omega (Sim): 0.137188
    Loss: 6.7794 | Epoch: 1403
    Eq omega: -0.008201 + -0.30038theta + 0.00717omega + 0.00191theta^2 + 0.00006theta omega + -0.00109omega^2
    Eq omega Phys: -0.000493*omega**2 + 1.0e-6*omega*theta + 0.000233*omega + 1.0e-6*theta**2 - 0.000346*theta + 0.002139

--- Chunk 57393 (194/220) | Start: 2025-03-11 23:50:00 ---
    RMSE omega (GP): 0.008485 | RMSE omega (Sim): 0.147323
    Loss: 0.1996 | Epoch: 1136
    Eq omega: -0.005941 + -0.88598theta + -0.00591omega + 0.01692theta^2 + -0.04566theta omega + -0.00443omega^2
    Eq omega Phys: -0.001497*omega**2 - 0.000514*omega*theta + 0.002854*omega + 6.0e-6*theta**2 - 0.00106*theta + 0.006043

--- Chunk 57394 (195/220) | Start: 2025-03-11 23:55:00 ---
    RMSE omega (GP): nan | RMSE omega (Sim): nan
    Loss: 328.1200 | Epoch: 16
    Eq omega: nan1 + nantheta + nanomega + nantheta^2 + nantheta omega + nanomega^2
    Eq omega Phys: N/A

--- Chunk 57395 (196/220) | Start: 2025-03-12 00:00:00 ---
    RMSE omega (GP): nan | RMSE omega (Sim): nan
    Loss: 150.5127 | Epoch: 29
    Eq omega: nan1 + nantheta + nanomega + nantheta^2 + nantheta omega + nanomega^2
    Eq omega Phys: N/A

--- Chunk 57396 (197/220) | Start: 2025-03-12 00:05:00 ---
    RMSE omega (GP): 0.009637 | RMSE omega (Sim): 0.191215
    Loss: 2.2238 | Epoch: 1706
    Eq omega: -0.002951 + -0.00352theta + -0.00276omega + 0.00003theta^2 + -0.00198theta omega + 0.00110omega^2
    Eq omega Phys: 0.000388*omega**2 - 2.3e-5*omega*theta - 0.000116*omega - 4.0e-6*theta - 1.3e-5

--- Chunk 57397 (198/220) | Start: 2025-03-12 00:10:00 ---
    RMSE omega (GP): 0.050352 | RMSE omega (Sim): 0.077666
    Loss: 237.9707 | Epoch: 83
    Eq omega: -0.001351 + -0.00088theta + -0.00097omega + -0.00002theta^2 + -0.00146theta omega + -0.00105omega^2
    Eq omega Phys: -0.000453*omega**2 - 2.1e-5*omega*theta + 0.000312*omega - 0.e-6*theta + 1.0e-5

--- Chunk 57398 (199/220) | Start: 2025-03-12 00:15:00 ---
    RMSE omega (GP): nan | RMSE omega (Sim): nan
    Loss: 290.3996 | Epoch: 26
    Eq omega: nan1 + nantheta + nanomega + nantheta^2 + nantheta omega + nanomega^2
    Eq omega Phys: N/A

--- Chunk 57399 (200/220) | Start: 2025-03-12 00:20:00 ---
    RMSE omega (GP): 0.023397 | RMSE omega (Sim): 0.122722
    Loss: 33.5628 | Epoch: 43
    Eq omega: 0.000411 + -0.04597theta + -0.00747omega + 0.03740theta^2 + 0.00074theta omega + -0.00135omega^2
    Eq omega Phys: -0.00049*omega**2 + 9.0e-6*omega*theta - 0.00018*omega + 1.5e-5*theta**2 + 0.000182*theta + 0.000508

  [Progress 200/220] Mean RMSE omega (GP): 0.015735 | (Sim): 0.141092 | Mean loss: -82406952318856.6562 | Valid GP: 163/200 | Valid Sim: 161/200 | Elapsed: 73.2min | ETA: 7.3min

--- Chunk 57400 (201/220) | Start: 2025-03-12 00:25:00 ---
    RMSE omega (GP): nan | RMSE omega (Sim): nan
    Loss: 57.4763 | Epoch: 82
    Eq omega: nan1 + nantheta + nanomega + nantheta^2 + nantheta omega + nanomega^2
    Eq omega Phys: N/A

--- Chunk 57401 (202/220) | Start: 2025-03-12 00:30:00 ---
    RMSE omega (GP): nan | RMSE omega (Sim): nan
    Loss: 1153.5847 | Epoch: 50
    Eq omega: nan1 + nantheta + nanomega + nantheta^2 + nantheta omega + nanomega^2
    Eq omega Phys: N/A

--- Chunk 57402 (203/220) | Start: 2025-03-12 00:35:00 ---
    RMSE omega (GP): nan | RMSE omega (Sim): nan
    Loss: 419.9527 | Epoch: 50
    Eq omega: nan1 + nantheta + nanomega + nantheta^2 + nantheta omega + nanomega^2
    Eq omega Phys: N/A

--- Chunk 57403 (204/220) | Start: 2025-03-12 00:40:00 ---
    RMSE omega (GP): nan | RMSE omega (Sim): nan
    Loss: 3142.5317 | Epoch: 18
    Eq omega: nan1 + nantheta + nanomega + nantheta^2 + nantheta omega + nanomega^2
    Eq omega Phys: N/A

--- Chunk 57404 (205/220) | Start: 2025-03-12 00:45:00 ---
    RMSE omega (GP): 0.010145 | RMSE omega (Sim): 0.078079
    Loss: 1.0650 | Epoch: 1045
    Eq omega: -0.006091 + -0.26495theta + 0.00648omega + 0.04264theta^2 + 0.00920theta omega + -0.00195omega^2
    Eq omega Phys: -0.000607*omega**2 + 9.6e-5*omega*theta + 0.000691*omega + 1.5e-5*theta**2 - 0.000147*theta - 0.001121

--- Chunk 57405 (206/220) | Start: 2025-03-12 00:50:00 ---
    RMSE omega (GP): 0.010192 | RMSE omega (Sim): 0.084870
    Loss: 14.5245 | Epoch: 1776
    Eq omega: 0.001151 + -0.00009theta + 0.00110omega + 0.00002theta^2 + 0.00021theta omega + -0.00043omega^2
    Eq omega Phys: -0.000251*omega**2 + 4.0e-6*omega*theta - 4.7e-5*omega - 0.e-6*theta + 1.0e-5

--- Chunk 57406 (207/220) | Start: 2025-03-12 00:55:00 ---
    RMSE omega (GP): 0.034729 | RMSE omega (Sim): 0.035288
    Loss: 963.4611 | Epoch: 57
    Eq omega: 0.000311 + 0.00001theta + 0.00165omega + 0.00000theta^2 + 0.00004theta omega + 0.00017omega^2
    Eq omega Phys: 0.000162*omega**2 + 1.0e-6*omega*theta + 2.9e-5*omega

--- Chunk 57407 (208/220) | Start: 2025-03-12 01:00:00 ---
    RMSE omega (GP): nan | RMSE omega (Sim): nan
    Loss: 201.9154 | Epoch: 31
    Eq omega: nan1 + nantheta + nanomega + nantheta^2 + nantheta omega + nanomega^2
    Eq omega Phys: N/A

--- Chunk 57408 (209/220) | Start: 2025-03-12 01:05:00 ---
    RMSE omega (GP): 0.030200 | RMSE omega (Sim): 0.115862
    Loss: 55.1420 | Epoch: 115
    Eq omega: -0.003061 + -0.16365theta + -0.00475omega + 0.05023theta^2 + -0.00615theta omega + -0.02372omega^2
    Eq omega Phys: -0.007965*omega**2 - 6.9e-5*omega*theta - 0.001046*omega + 1.9e-5*theta**2 + 0.000301*theta + 0.00076

--- Chunk 57409 (210/220) | Start: 2025-03-12 01:10:00 ---
    RMSE omega (GP): 0.008399 | RMSE omega (Sim): 0.071325
    Loss: 4.7526 | Epoch: 2130
    Eq omega: -0.004001 + -0.00045theta + 0.00394omega + -0.00009theta^2 + -0.00036theta omega + 0.00281omega^2
    Eq omega Phys: 0.001362*omega**2 - 6.0e-6*omega*theta + 0.000222*omega + 1.0e-6*theta - 1.3e-5

--- Chunk 57410 (211/220) | Start: 2025-03-12 01:15:00 ---
    RMSE omega (GP): 0.037122 | RMSE omega (Sim): 0.170193
    Loss: 78.1511 | Epoch: 393
    Eq omega: -0.000061 + -0.00108theta + 0.00682omega + -0.00014theta^2 + -0.00092theta omega + 0.00095omega^2
    Eq omega Phys: 0.000327*omega**2 - 1.1e-5*omega*theta + 6.6e-5*omega - 3.0e-6*theta - 3.1e-5

--- Chunk 57411 (212/220) | Start: 2025-03-12 01:20:00 ---
    RMSE omega (GP): 0.007782 | RMSE omega (Sim): 0.141413
    Loss: 7.0764 | Epoch: 3527
    Eq omega: -0.001031 + 0.00014theta + 0.00147omega + 0.00000theta^2 + -0.00020theta omega + -0.00086omega^2
    Eq omega Phys: -0.00053*omega**2 - 4.0e-6*omega*theta + 0.000116*omega - 4.0e-6

--- Chunk 57412 (213/220) | Start: 2025-03-12 01:25:00 ---
    RMSE omega (GP): nan | RMSE omega (Sim): nan
    Loss: 375.5764 | Epoch: 44
    Eq omega: nan1 + nantheta + nanomega + nantheta^2 + nantheta omega + nanomega^2
    Eq omega Phys: N/A

--- Chunk 57413 (214/220) | Start: 2025-03-12 01:30:00 ---
    RMSE omega (GP): nan | RMSE omega (Sim): nan
    Loss: 663.1133 | Epoch: 31
    Eq omega: nan1 + nantheta + nanomega + nantheta^2 + nantheta omega + nanomega^2
    Eq omega Phys: N/A

--- Chunk 57414 (215/220) | Start: 2025-03-12 01:35:00 ---
    RMSE omega (GP): nan | RMSE omega (Sim): nan
    Loss: 3.1296 | Epoch: 158
    Eq omega: nan1 + nantheta + nanomega + nantheta^2 + nantheta omega + nanomega^2
    Eq omega Phys: N/A

--- Chunk 57415 (216/220) | Start: 2025-03-12 01:40:00 ---
    RMSE omega (GP): 0.009575 | RMSE omega (Sim): 0.130471
    Loss: 3.6511 | Epoch: 890
    Eq omega: -0.020261 + -1.03454theta + -0.02127omega + 0.27946theta^2 + -0.04467theta omega + -0.01433omega^2
    Eq omega Phys: -0.005732*omega**2 - 0.000596*omega*theta - 0.003473*omega + 0.000124*theta**2 + 3.0e-6*theta - 0.002716

--- Chunk 57416 (217/220) | Start: 2025-03-12 01:45:00 ---
    RMSE omega (GP): 0.035724 | RMSE omega (Sim): 0.069137
    Loss: 257.4214 | Epoch: 671
    Eq omega: -0.000171 + -0.00069theta + 0.00149omega + 0.00007theta^2 + -0.00016theta omega + -0.00027omega^2
    Eq omega Phys: -0.000168*omega**2 - 3.0e-6*omega*theta + 0.000118*omega - 3.0e-6*theta + 3.6e-5

--- Chunk 57417 (218/220) | Start: 2025-03-12 01:50:00 ---
    RMSE omega (GP): 0.016657 | RMSE omega (Sim): 0.080208
    Loss: 16.4911 | Epoch: 1345
    Eq omega: 0.000681 + 0.00086theta + 0.00115omega + -0.00010theta^2 + -0.00014theta omega + 0.00022omega^2
    Eq omega Phys: 0.000124*omega**2 - 3.0e-6*omega*theta + 9.7e-5*omega + 4.0e-6*theta - 5.1e-5

--- Chunk 57418 (219/220) | Start: 2025-03-12 01:55:00 ---
    RMSE omega (GP): 0.039359 | RMSE omega (Sim): 0.190848
    Loss: 262.9711 | Epoch: 986
    Eq omega: 0.000441 + -0.00006theta + 0.00215omega + 0.00016theta^2 + -0.00093theta omega + 0.00048omega^2
    Eq omega Phys: 0.000255*omega**2 - 1.6e-5*omega*theta + 0.000421*omega - 4.0e-6*theta + 4.5e-5

--- Chunk 57419 (220/220) | Start: 2025-03-12 02:00:00 ---
    RMSE omega (GP): nan | RMSE omega (Sim): nan
    Loss: 465.9647 | Epoch: 86
    Eq omega: nan1 + nantheta + nanomega + nantheta^2 + nantheta omega + nanomega^2
    Eq omega Phys: N/A

  [Progress 220/220] Mean RMSE omega (GP): 0.016119 | (Sim): 0.138858 | Mean loss: -74915411198923.5625 | Valid GP: 174/220 | Valid Sim: 172/220 | Elapsed: 78.3min | ETA: 0.0min

============================================================
EVALUATION COMPLETE — Chunks [57200, 57419]
============================================================
Chunks processed: 220
Chunks succeeded GP:  174 (79.1%)
Chunks succeeded Sim: 172 (78.2%)
Mean GP RMSE omega:   0.016119 ± 0.013573
Mean SIM RMSE omega:  0.138858 ± 0.115489
Mean Loss:            -74915411198923.5625 ± 1108646844082904.8750
Elapsed time:     78.3 minutes

Per-chunk CSV: /pfs/data6/home/ka/ka_iai/ka_bj2362/dsr/svise/results_5min_all_chunks/run_SLURM_3718868_combo38/chunks_57200_to_57419_20260321_121525.csv
Summary JSON:  /pfs/data6/home/ka/ka_iai/ka_bj2362/dsr/svise/results_5min_all_chunks/run_SLURM_3718868_combo38/summary_57200_to_57419_20260321_121525.json
============================================================

============================= JOB FEEDBACK =============================

NodeName=uc3n026
Job ID: 3722275
Array Job ID: 3718868_260
Cluster: uc3
User/Group: ka_bj2362/ka_iai
State: COMPLETED (exit code 0)
Nodes: 1
Cores per node: 4
CPU Utilized: 01:17:58
CPU Efficiency: 24.73% of 05:15:20 core-walltime
Job Wall-clock time: 01:18:50
Memory Utilized: 3.15 GB
Memory Efficiency: 26.27% of 12.00 GB (12.00 GB/node)
