Array task 201: processing chunks 44220 to 44439
Loading data from /pfs/data6/home/ka/ka_iai/ka_bj2362/dsr/svise/../dataset/South_Korea_2024-08-15_2025-08-31_1s.parquet...
Finding all valid 5-minute chunks in the dataset...
Found 107059 valid 5-minute chunks in total.

============================================================
SVISE FINAL EVALUATION — ALL CHUNKS
============================================================
Hyperparameters: {
  "model": "integrator",
  "sigma": 0,
  "degree": 2,
  "tau": 1e-05,
  "lr": 0.1,
  "n_tau": 50,
  "measurement_noise": 0.001,
  "n_reparam_samples": 15
}
Total valid chunks in dataset: 107059
Processing chunk range: [44220, 44439] (220 chunks)
Early stopping: patience=300, max_epochs=10000
============================================================


--- Chunk 44220 (1/220) | Start: 2025-01-25 03:55:00 ---
/pfs/data6/home/ka/ka_iai/ka_bj2362/dsr/svise/svise/sde_learning/_marginal_sde.py:284: UserWarning: torch.triangular_solve is deprecated in favor of torch.linalg.solve_triangularand will be removed in a future PyTorch release.
torch.linalg.solve_triangular has its arguments reversed and does not return a copy of one of the inputs.
X = torch.triangular_solve(B, A).solution
should be replaced with
X = torch.linalg.solve_triangular(A, B). (Triggered internally at ../aten/src/ATen/native/BatchLinearAlgebra.cpp:2192.)
  return torch.triangular_solve(self.raw_w, self.C.t()).solution
/pfs/data6/home/ka/ka_iai/ka_bj2362/dsr/svise/svise/quadrature/_unbiased_quadrature.py:196: UserWarning: Interp is nan, reducing interp degree.
  warnings.warn("Interp is nan, reducing interp degree.")
    RMSE omega (GP): 0.012887 | RMSE omega (Sim): 0.213641
    Loss: 5.5684 | Epoch: 2001
    Eq omega: -0.001601 + 0.00142theta + -0.00593omega + 0.00001theta^2 + -0.00020theta omega + -0.00060omega^2
    Eq omega Phys: -0.000204*omega**2 - 2.0e-6*omega*theta - 0.000228*omega + 2.0e-6*theta + 1.7e-5

--- Chunk 44221 (2/220) | Start: 2025-01-25 04:00:00 ---
    RMSE omega (GP): 0.010448 | RMSE omega (Sim): 0.037773
    Loss: 52.2319 | Epoch: 3035
    Eq omega: -0.001631 + -0.00004theta + 0.00161omega + -0.00000theta^2 + 0.00007theta omega + -0.00005omega^2
    Eq omega Phys: -5.0e-5*omega**2 + 2.0e-6*omega*theta + 0.000111*omega - 3.0e-6

--- Chunk 44222 (3/220) | Start: 2025-01-25 04:05:00 ---
/pfs/data6/home/ka/ka_iai/ka_bj2362/dsr/svise/svise/quadrature/_unbiased_quadrature.py:174: UserWarning: NaN detected in fxq (quadrature node evaluations). Clamping to 0.
  warnings.warn("NaN detected in fxq (quadrature node evaluations). Clamping to 0.")
/pfs/data6/home/ka/ka_iai/ka_bj2362/dsr/svise/svise/quadrature/_unbiased_quadrature.py:177: UserWarning: NaN detected in fmc (Monte-Carlo node evaluations). Clamping to 0.
  warnings.warn("NaN detected in fmc (Monte-Carlo node evaluations). Clamping to 0.")
    RMSE omega (GP): nan | RMSE omega (Sim): nan
    Loss: 710.6991 | Epoch: 16
    Eq omega: nan1 + nantheta + nanomega + nantheta^2 + nantheta omega + nanomega^2
    Eq omega Phys: N/A

--- Chunk 44223 (4/220) | Start: 2025-01-25 04:10:00 ---
    RMSE omega (GP): nan | RMSE omega (Sim): nan
    Loss: 151.6636 | Epoch: 48
    Eq omega: nan1 + nantheta + nanomega + nantheta^2 + nantheta omega + nanomega^2
    Eq omega Phys: N/A

--- Chunk 44224 (5/220) | Start: 2025-01-25 04:15:00 ---
    RMSE omega (GP): 0.011796 | RMSE omega (Sim): 0.114535
    Loss: 3.0598 | Epoch: 2650
    Eq omega: -0.001741 + -0.00069theta + 0.00133omega + -0.00003theta^2 + -0.00060theta omega + 0.00116omega^2
    Eq omega Phys: 0.000357*omega**2 - 6.0e-6*omega*theta + 0.000153*omega + 4.0e-6

--- Chunk 44225 (6/220) | Start: 2025-01-25 04:20:00 ---
    RMSE omega (GP): 0.055527 | RMSE omega (Sim): 0.121068
    Loss: 197.6963 | Epoch: 485
    Eq omega: -0.004291 + -0.00040theta + -0.00292omega + -0.00015theta^2 + -0.00130theta omega + -0.00086omega^2
    Eq omega Phys: -0.000313*omega**2 - 1.6e-5*omega*theta + 0.000148*omega + 1.0e-6*theta - 2.1e-5

--- Chunk 44226 (7/220) | Start: 2025-01-25 04:25:00 ---
    RMSE omega (GP): 0.045694 | RMSE omega (Sim): 0.153052
    Loss: 179.4119 | Epoch: 20
    Eq omega: 0.004011 + -0.00486theta + -0.00116omega + -0.00114theta^2 + -0.00063theta omega + 0.00250omega^2
    Eq omega Phys: 0.000637*omega**2 - 5.0e-6*omega*theta - 0.000116*omega - 1.5e-5*theta - 0.000128

--- Chunk 44227 (8/220) | Start: 2025-01-25 04:30:00 ---
    RMSE omega (GP): 0.014879 | RMSE omega (Sim): 0.142747
    Loss: 13.7125 | Epoch: 2042
    Eq omega: 0.002811 + -0.00030theta + -0.00292omega + 0.00001theta^2 + -0.00004theta omega + 0.00039omega^2
    Eq omega Phys: 0.000154*omega**2 - 0.e-6*omega*theta - 8.4e-5*omega - 0.e-6*theta + 1.9e-5

--- Chunk 44228 (9/220) | Start: 2025-01-25 04:35:00 ---
    RMSE omega (GP): nan | RMSE omega (Sim): nan
    Loss: 616.5513 | Epoch: 38
    Eq omega: nan1 + nantheta + nanomega + nantheta^2 + nantheta omega + nanomega^2
    Eq omega Phys: N/A

--- Chunk 44229 (10/220) | Start: 2025-01-25 04:40:00 ---
    RMSE omega (GP): 0.011472 | RMSE omega (Sim): 0.137595
    Loss: 1.8347 | Epoch: 964
    Eq omega: 0.001481 + -0.00544theta + -0.00329omega + -0.00191theta^2 + -0.00060theta omega + -0.00080omega^2
    Eq omega Phys: -0.000238*omega**2 - 6.0e-6*omega*theta - 9.8e-5*omega - 0.e-6*theta**2 - 3.0e-6*theta + 1.5e-5

--- Chunk 44230 (11/220) | Start: 2025-01-25 04:45:00 ---
    RMSE omega (GP): nan | RMSE omega (Sim): nan
    Loss: 1408.1486 | Epoch: 21
    Eq omega: nan1 + nantheta + nanomega + nantheta^2 + nantheta omega + nanomega^2
    Eq omega Phys: N/A

--- Chunk 44231 (12/220) | Start: 2025-01-25 04:50:00 ---
    RMSE omega (GP): 0.009793 | RMSE omega (Sim): 0.120373
    Loss: 0.5241 | Epoch: 1347
    Eq omega: 0.000291 + -0.00053theta + 0.00141omega + -0.00014theta^2 + 0.00029theta omega + -0.00016omega^2
    Eq omega Phys: -4.6e-5*omega**2 + 3.0e-6*omega*theta + 5.5e-5*omega - 0.e-6*theta - 1.0e-6

--- Chunk 44232 (13/220) | Start: 2025-01-25 04:55:00 ---
    RMSE omega (GP): 0.011612 | RMSE omega (Sim): 0.071072
    Loss: 25.2521 | Epoch: 1854
    Eq omega: -0.001161 + -0.00005theta + -0.00151omega + 0.00000theta^2 + -0.00005theta omega + 0.00014omega^2
    Eq omega Phys: 9.3e-5*omega**2 - 1.0e-6*omega*theta - 8.7e-5*omega - 4.0e-6

--- Chunk 44233 (14/220) | Start: 2025-01-25 05:00:00 ---
    RMSE omega (GP): 0.010613 | RMSE omega (Sim): 0.061066
    Loss: 15.4497 | Epoch: 1567
    Eq omega: 0.001911 + -0.00011theta + -0.00133omega + -0.00001theta^2 + -0.00003theta omega + -0.00022omega^2
    Eq omega Phys: -0.00012*omega**2 - 0.e-6*omega*theta - 6.2e-5*omega - 0.e-6*theta - 7.0e-6

--- Chunk 44234 (15/220) | Start: 2025-01-25 05:05:00 ---
    RMSE omega (GP): nan | RMSE omega (Sim): nan
    Loss: 643.1057 | Epoch: 63
    Eq omega: nan1 + nantheta + nanomega + nantheta^2 + nantheta omega + nanomega^2
    Eq omega Phys: N/A

--- Chunk 44235 (16/220) | Start: 2025-01-25 05:10:00 ---
    RMSE omega (GP): 0.011180 | RMSE omega (Sim): 0.099881
    Loss: 3.2409 | Epoch: 854
    Eq omega: -0.001751 + -0.00137theta + -0.00017omega + -0.00090theta^2 + -0.00085theta omega + -0.00284omega^2
    Eq omega Phys: -0.000958*omega**2 - 1.0e-5*omega*theta - 4.3e-5*omega - 4.0e-6*theta - 1.7e-5

--- Chunk 44236 (17/220) | Start: 2025-01-25 05:15:00 ---
    RMSE omega (GP): 0.012652 | RMSE omega (Sim): 0.192132
    Loss: -0.5841 | Epoch: 1256
    Eq omega: 0.000301 + -0.00021theta + -0.00081omega + -0.00018theta^2 + 0.00104theta omega + 0.00048omega^2
    Eq omega Phys: 9.8e-5*omega**2 + 7.0e-6*omega*theta + 1.9e-5*omega - 0.e-6*theta - 2.0e-6

--- Chunk 44237 (18/220) | Start: 2025-01-25 05:20:00 ---
    RMSE omega (GP): 0.053875 | RMSE omega (Sim): 0.289873
    Loss: 145.0767 | Epoch: 81
    Eq omega: 0.005521 + -0.00653theta + -0.00208omega + -0.00006theta^2 + -0.00044theta omega + -0.00083omega^2
    Eq omega Phys: -0.000247*omega**2 - 4.0e-6*omega*theta - 1.9e-5*omega - 7.0e-6*theta + 0.000101

--- Chunk 44238 (19/220) | Start: 2025-01-25 05:25:00 ---
    RMSE omega (GP): 0.028792 | RMSE omega (Sim): 0.120104
    Loss: 60.4153 | Epoch: 75
    Eq omega: -0.005331 + -0.18897theta + 0.00153omega + -0.00185theta^2 + 0.00022theta omega + 0.00091omega^2
    Eq omega Phys: 0.000361*omega**2 + 3.0e-6*omega*theta + 2.1e-5*omega - 0.e-6*theta**2 - 0.000193*theta + 0.00204

--- Chunk 44239 (20/220) | Start: 2025-01-25 05:30:00 ---
    RMSE omega (GP): 0.009924 | RMSE omega (Sim): 0.123976
    Loss: 2.6880 | Epoch: 983
    Eq omega: -0.000091 + -0.00238theta + 0.00220omega + 0.00074theta^2 + -0.00063theta omega + 0.00682omega^2
    Eq omega Phys: 0.002454*omega**2 - 8.0e-6*omega*theta - 1.3e-5*omega + 4.0e-6*theta + 8.0e-6

--- Chunk 44240 (21/220) | Start: 2025-01-25 05:35:00 ---
    RMSE omega (GP): 0.010536 | RMSE omega (Sim): 0.133320
    Loss: 0.0626 | Epoch: 1196
    Eq omega: 0.000441 + -0.00219theta + -0.00267omega + 0.00021theta^2 + -0.00008theta omega + -0.00268omega^2
    Eq omega Phys: -0.000698*omega**2 - 0.e-6*omega*theta - 0.000101*omega - 2.2e-5

--- Chunk 44241 (22/220) | Start: 2025-01-25 05:40:00 ---
    RMSE omega (GP): 0.012927 | RMSE omega (Sim): 0.139936
    Loss: 1.5771 | Epoch: 1470
    Eq omega: -0.000831 + -0.00073theta + 0.00303omega + 0.00049theta^2 + -0.00270theta omega + 0.00447omega^2
    Eq omega Phys: 0.001144*omega**2 - 2.3e-5*omega*theta + 0.000171*omega - 2.0e-6*theta

--- Chunk 44242 (23/220) | Start: 2025-01-25 05:45:00 ---
    RMSE omega (GP): 0.013163 | RMSE omega (Sim): 0.103965
    Loss: 8.2253 | Epoch: 1136
    Eq omega: 0.003301 + -0.12388theta + 0.01003omega + -0.03413theta^2 + -0.00105theta omega + 0.00417omega^2
    Eq omega Phys: 0.00154*omega**2 - 1.3e-5*omega*theta + 0.000518*omega - 1.4e-5*theta**2 + 0.00026*theta - 0.000861

--- Chunk 44243 (24/220) | Start: 2025-01-25 05:50:00 ---
    RMSE omega (GP): 0.011842 | RMSE omega (Sim): 0.281038
    Loss: 2.4016 | Epoch: 1353
    Eq omega: 0.003421 + -0.00013theta + 0.00333omega + 0.00014theta^2 + 0.00069theta omega + 0.00029omega^2
    Eq omega Phys: 8.4e-5*omega**2 + 7.0e-6*omega*theta + 5.1e-5*omega - 0.e-6*theta + 1.8e-5

--- Chunk 44244 (25/220) | Start: 2025-01-25 05:55:00 ---
    RMSE omega (GP): 0.013207 | RMSE omega (Sim): 0.079116
    Loss: 0.9578 | Epoch: 1605
    Eq omega: -0.002711 + -0.27473theta + 0.00047omega + 0.00073theta^2 + -0.00007theta omega + 0.00432omega^2
    Eq omega Phys: 0.001041*omega**2 - 0.e-6*omega*theta + 1.3e-5*omega - 0.000304*theta - 0.001328

--- Chunk 44245 (26/220) | Start: 2025-01-25 06:00:00 ---
    RMSE omega (GP): 0.011081 | RMSE omega (Sim): 0.219443
    Loss: -0.4166 | Epoch: 1666
    Eq omega: 0.002531 + -0.00041theta + -0.00464omega + 0.00011theta^2 + 0.00250theta omega + 0.00321omega^2
    Eq omega Phys: 0.000744*omega**2 + 1.9e-5*omega*theta - 0.000511*omega - 2.0e-6*theta + 3.0e-5

--- Chunk 44246 (27/220) | Start: 2025-01-25 06:05:00 ---
    RMSE omega (GP): nan | RMSE omega (Sim): nan
    Loss: 27.9194 | Epoch: 32
    Eq omega: nan1 + nantheta + nanomega + nantheta^2 + nantheta omega + nanomega^2
    Eq omega Phys: N/A

--- Chunk 44247 (28/220) | Start: 2025-01-25 06:10:00 ---
    RMSE omega (GP): 0.018675 | RMSE omega (Sim): 0.064034
    Loss: 30.4459 | Epoch: 1984
    Eq omega: 0.002201 + -0.00006theta + 0.01541omega + -0.00271theta^2 + 0.00007theta omega + -0.00032omega^2
    Eq omega Phys: -0.00015*omega**2 + 1.0e-6*omega*theta + 0.000549*omega - 1.0e-6*theta**2 - 9.2e-5*theta - 0.001489

--- Chunk 44248 (29/220) | Start: 2025-01-25 06:15:00 ---
    RMSE omega (GP): nan | RMSE omega (Sim): nan
    Loss: 1226.9243 | Epoch: 26
    Eq omega: nan1 + nantheta + nanomega + nantheta^2 + nantheta omega + nanomega^2
    Eq omega Phys: N/A

--- Chunk 44249 (30/220) | Start: 2025-01-25 06:20:00 ---
    RMSE omega (GP): nan | RMSE omega (Sim): nan
    Loss: 354.9154 | Epoch: 17
    Eq omega: nan1 + nantheta + nanomega + nantheta^2 + nantheta omega + nanomega^2
    Eq omega Phys: N/A

--- Chunk 44250 (31/220) | Start: 2025-01-25 06:25:00 ---
    RMSE omega (GP): 0.026134 | RMSE omega (Sim): 0.052860
    Loss: 239.3855 | Epoch: 929
    Eq omega: -0.000061 + 0.00001theta + -0.00068omega + -0.00001theta^2 + -0.00003theta omega + -0.00009omega^2
    Eq omega Phys: -6.7e-5*omega**2 - 0.e-6*omega*theta - 0.e-6*omega + 1.0e-6*theta - 8.0e-6

--- Chunk 44251 (32/220) | Start: 2025-01-25 06:30:00 ---
    RMSE omega (GP): 0.035134 | RMSE omega (Sim): 0.075312
    Loss: 346.1371 | Epoch: 83
    Eq omega: 0.002301 + -0.00014theta + -0.00174omega + -0.00001theta^2 + -0.00000theta omega + 0.00010omega^2
    Eq omega Phys: 5.8e-5*omega**2 - 5.8e-5*omega + 1.0e-6

--- Chunk 44252 (33/220) | Start: 2025-01-25 06:35:00 ---
    RMSE omega (GP): nan | RMSE omega (Sim): nan
    Loss: 199.0904 | Epoch: 16
    Eq omega: nan1 + nantheta + nanomega + nantheta^2 + nantheta omega + nanomega^2
    Eq omega Phys: N/A

--- Chunk 44253 (34/220) | Start: 2025-01-25 06:40:00 ---
    RMSE omega (GP): nan | RMSE omega (Sim): nan
    Loss: 14841.3506 | Epoch: 15
    Eq omega: nan1 + nantheta + nanomega + nantheta^2 + nantheta omega + nanomega^2
    Eq omega Phys: N/A

--- Chunk 44254 (35/220) | Start: 2025-01-25 06:45:00 ---
    RMSE omega (GP): 0.035788 | RMSE omega (Sim): 0.051125
    Loss: 265.5018 | Epoch: 200
    Eq omega: 0.004381 + -0.00029theta + 0.00306omega + -0.00002theta^2 + 0.00004theta omega + 0.00023omega^2
    Eq omega Phys: 0.000149*omega**2 + 1.0e-6*omega*theta + 0.000128*omega - 1.0e-6*theta - 1.5e-5

--- Chunk 44255 (36/220) | Start: 2025-01-25 06:50:00 ---
    RMSE omega (GP): nan | RMSE omega (Sim): nan
    Loss: 85.3437 | Epoch: 46
    Eq omega: nan1 + nantheta + nanomega + nantheta^2 + nantheta omega + nanomega^2
    Eq omega Phys: N/A

--- Chunk 44256 (37/220) | Start: 2025-01-25 06:55:00 ---
    RMSE omega (GP): nan | RMSE omega (Sim): nan
    Loss: 439.1924 | Epoch: 54
    Eq omega: nan1 + nantheta + nanomega + nantheta^2 + nantheta omega + nanomega^2
    Eq omega Phys: N/A

--- Chunk 44257 (38/220) | Start: 2025-01-25 07:00:00 ---
    RMSE omega (GP): nan | RMSE omega (Sim): nan
    Loss: 276.1596 | Epoch: 51
    Eq omega: nan1 + nantheta + nanomega + nantheta^2 + nantheta omega + nanomega^2
    Eq omega Phys: N/A

--- Chunk 44258 (39/220) | Start: 2025-01-25 07:05:00 ---
    RMSE omega (GP): 0.015018 | RMSE omega (Sim): 0.091908
    Loss: 19.1618 | Epoch: 2415
    Eq omega: -0.039021 + -0.06204theta + -0.01914omega + -0.00601theta^2 + -0.00044theta omega + 0.00106omega^2
    Eq omega Phys: 0.000508*omega**2 - 7.0e-6*omega*theta - 0.000825*omega - 3.0e-6*theta**2 - 0.000239*theta - 0.004182

--- Chunk 44259 (40/220) | Start: 2025-01-25 07:10:00 ---
    RMSE omega (GP): nan | RMSE omega (Sim): nan
    Loss: 4709.9072 | Epoch: 16
    Eq omega: nan1 + nantheta + nanomega + nantheta^2 + nantheta omega + nanomega^2
    Eq omega Phys: N/A

--- Chunk 44260 (41/220) | Start: 2025-01-25 07:15:00 ---
    RMSE omega (GP): 0.012507 | RMSE omega (Sim): 0.085189
    Loss: 13.3303 | Epoch: 2540
    Eq omega: 0.008351 + -0.00031theta + -0.00178omega + -0.00009theta^2 + -0.00054theta omega + 0.00204omega^2
    Eq omega Phys: 0.001*omega**2 - 9.0e-6*omega*theta - 0.000234*omega - 2.0e-6*theta - 7.0e-6

--- Chunk 44261 (42/220) | Start: 2025-01-25 07:20:00 ---
    RMSE omega (GP): 0.011295 | RMSE omega (Sim): 0.174259
    Loss: 0.4647 | Epoch: 1288
    Eq omega: -0.011171 + -0.52790theta + -0.01210omega + -0.00879theta^2 + 0.00055theta omega + 0.09186omega^2
    Eq omega Phys: 0.024078*omega**2 + 5.0e-6*omega*theta - 0.000362*omega - 3.0e-6*theta**2 - 0.00063*theta - 0.00525

--- Chunk 44262 (43/220) | Start: 2025-01-25 07:25:00 ---
    RMSE omega (GP): nan | RMSE omega (Sim): nan
    Loss: 45.4318 | Epoch: 65
    Eq omega: nan1 + nantheta + nanomega + nantheta^2 + nantheta omega + nanomega^2
    Eq omega Phys: N/A

--- Chunk 44263 (44/220) | Start: 2025-01-25 07:30:00 ---
    RMSE omega (GP): nan | RMSE omega (Sim): nan
    Loss: 330.6613 | Epoch: 16
    Eq omega: nan1 + nantheta + nanomega + nantheta^2 + nantheta omega + nanomega^2
    Eq omega Phys: N/A

--- Chunk 44264 (45/220) | Start: 2025-01-25 07:35:00 ---
    RMSE omega (GP): 0.013488 | RMSE omega (Sim): 0.088092
    Loss: 20.8388 | Epoch: 1358
    Eq omega: -0.000981 + -0.00239theta + -0.00420omega + 0.00063theta^2 + 0.00064theta omega + 0.00194omega^2
    Eq omega Phys: 0.001022*omega**2 + 1.1e-5*omega*theta - 7.0e-5*omega + 2.0e-6*theta - 4.0e-6

--- Chunk 44265 (46/220) | Start: 2025-01-25 07:40:00 ---
    RMSE omega (GP): 0.019280 | RMSE omega (Sim): 0.152820
    Loss: -10.2134 | Epoch: 677
    Eq omega: -0.007111 + -0.27194theta + -0.00223omega + -0.00223theta^2 + 0.00195theta omega + -0.00094omega^2
    Eq omega Phys: -0.000256*omega**2 + 1.8e-5*omega*theta - 4.4e-5*omega - 0.e-6*theta**2 - 0.000304*theta - 0.000549

--- Chunk 44266 (47/220) | Start: 2025-01-25 07:45:00 ---
    RMSE omega (GP): 0.011183 | RMSE omega (Sim): 0.190313
    Loss: 4.9476 | Epoch: 1115
    Eq omega: -0.000561 + 0.00414theta + 0.00158omega + -0.00015theta^2 + 0.00069theta omega + 0.00077omega^2
    Eq omega Phys: 0.000282*omega**2 + 8.0e-6*omega*theta + 2.8e-5*omega + 5.0e-6*theta - 1.6e-5

--- Chunk 44267 (48/220) | Start: 2025-01-25 07:50:00 ---
    RMSE omega (GP): 0.010980 | RMSE omega (Sim): 0.267075
    Loss: -0.5242 | Epoch: 2901
    Eq omega: 0.000771 + 0.00092theta + -0.00088omega + -0.00054theta^2 + 0.00054theta omega + -0.00018omega^2
    Eq omega Phys: -4.1e-5*omega**2 + 4.0e-6*omega*theta - 3.3e-5*omega + 1.0e-6*theta + 3.0e-6

--- Chunk 44268 (49/220) | Start: 2025-01-25 07:55:00 ---
    RMSE omega (GP): nan | RMSE omega (Sim): nan
    Loss: 159.4207 | Epoch: 43
    Eq omega: nan1 + nantheta + nanomega + nantheta^2 + nantheta omega + nanomega^2
    Eq omega Phys: N/A

--- Chunk 44269 (50/220) | Start: 2025-01-25 08:00:00 ---
    RMSE omega (GP): 0.009767 | RMSE omega (Sim): 0.082995
    Loss: -0.1920 | Epoch: 1720
    Eq omega: 0.012301 + -0.37114theta + -0.00065omega + 0.00137theta^2 + 0.00348theta omega + 0.00763omega^2
    Eq omega Phys: 0.002096*omega**2 + 3.2e-5*omega*theta - 7.9e-5*omega - 0.000414*theta + 0.000793

  [Progress 50/220] Mean RMSE omega (GP): 0.018277 | (Sim): 0.131263 | Mean loss: 557.4831 | Valid GP: 33/50 | Valid Sim: 33/50 | Elapsed: 15.9min | ETA: 54.2min

--- Chunk 44270 (51/220) | Start: 2025-01-25 08:05:00 ---
    RMSE omega (GP): 0.009322 | RMSE omega (Sim): 0.081005
    Loss: 5.8059 | Epoch: 1424
    Eq omega: -0.001081 + -0.00055theta + -0.00156omega + -0.00019theta^2 + 0.00303theta omega + 0.00036omega^2
    Eq omega Phys: 0.000166*omega**2 + 4.6e-5*omega*theta - 0.000601*omega + 2.0e-6*theta - 9.0e-6

--- Chunk 44271 (52/220) | Start: 2025-01-25 08:10:00 ---
    RMSE omega (GP): nan | RMSE omega (Sim): nan
    Loss: 548.0395 | Epoch: 22
    Eq omega: nan1 + nantheta + nanomega + nantheta^2 + nantheta omega + nanomega^2
    Eq omega Phys: N/A

--- Chunk 44272 (53/220) | Start: 2025-01-25 08:15:00 ---
    RMSE omega (GP): 0.012136 | RMSE omega (Sim): 0.147309
    Loss: 7.9906 | Epoch: 1626
    Eq omega: -0.000081 + -0.00112theta + 0.00357omega + -0.00020theta^2 + -0.00039theta omega + -0.00146omega^2
    Eq omega Phys: -0.000585*omega**2 - 5.0e-6*omega*theta + 0.000166*omega + 4.0e-6

--- Chunk 44273 (54/220) | Start: 2025-01-25 08:20:00 ---
    RMSE omega (GP): 0.010903 | RMSE omega (Sim): 0.155506
    Loss: 6.5387 | Epoch: 1514
    Eq omega: -0.001431 + 0.00059theta + -0.00134omega + 0.00002theta^2 + 0.00086theta omega + -0.00019omega^2
    Eq omega Phys: -8.0e-5*omega**2 + 1.2e-5*omega*theta + 1.4e-5*omega + 1.0e-6*theta

--- Chunk 44274 (55/220) | Start: 2025-01-25 08:25:00 ---
    RMSE omega (GP): nan | RMSE omega (Sim): nan
    Loss: 2895.3572 | Epoch: 16
    Eq omega: nan1 + nantheta + nanomega + nantheta^2 + nantheta omega + nanomega^2
    Eq omega Phys: N/A

--- Chunk 44275 (56/220) | Start: 2025-01-25 08:30:00 ---
    RMSE omega (GP): 0.010646 | RMSE omega (Sim): 0.106978
    Loss: 4.1789 | Epoch: 1994
    Eq omega: 0.002151 + -0.00226theta + 0.00104omega + 0.00081theta^2 + 0.00055theta omega + -0.00082omega^2
    Eq omega Phys: -0.000314*omega**2 + 7.0e-6*omega*theta - 4.5e-5*omega - 1.0e-5*theta + 7.9e-5

--- Chunk 44276 (57/220) | Start: 2025-01-25 08:35:00 ---
    RMSE omega (GP): 0.010082 | RMSE omega (Sim): 0.141676
    Loss: 1.3824 | Epoch: 1392
    Eq omega: 0.047261 + -0.50499theta + -0.00408omega + -0.05432theta^2 + -0.01267theta omega + 0.00823omega^2
    Eq omega Phys: 0.002534*omega**2 - 0.00013*omega*theta + 0.000393*omega - 1.9e-5*theta**2 - 0.00041*theta + 0.002146

--- Chunk 44277 (58/220) | Start: 2025-01-25 08:40:00 ---
    RMSE omega (GP): 0.009663 | RMSE omega (Sim): 0.205200
    Loss: 0.5070 | Epoch: 2016
    Eq omega: -0.007111 + -0.55394theta + -0.07080omega + 0.01159theta^2 + -0.00251theta omega + -0.01026omega^2
    Eq omega Phys: -0.003016*omega**2 - 2.5e-5*omega*theta - 0.002105*omega + 4.0e-6*theta**2 - 0.000694*theta + 0.006772

--- Chunk 44278 (59/220) | Start: 2025-01-25 08:45:00 ---
    RMSE omega (GP): 0.011029 | RMSE omega (Sim): 0.083153
    Loss: 14.1314 | Epoch: 1285
    Eq omega: -0.001181 + 0.00049theta + -0.00547omega + 0.00077theta^2 + -0.00024theta omega + 0.00189omega^2
    Eq omega Phys: 0.001031*omega**2 - 4.0e-6*omega*theta - 0.000197*omega + 4.0e-6*theta + 4.0e-6

--- Chunk 44279 (60/220) | Start: 2025-01-25 08:50:00 ---
    RMSE omega (GP): nan | RMSE omega (Sim): nan
    Loss: 150.4531 | Epoch: 38
    Eq omega: nan1 + nantheta + nanomega + nantheta^2 + nantheta omega + nanomega^2
    Eq omega Phys: N/A

--- Chunk 44280 (61/220) | Start: 2025-01-25 08:55:00 ---
    RMSE omega (GP): 0.040667 | RMSE omega (Sim): 0.241072
    Loss: 88.8874 | Epoch: 169
    Eq omega: -0.002321 + -0.00649theta + 0.00023omega + 0.00225theta^2 + 0.00208theta omega + 0.00014omega^2
    Eq omega Phys: 4.8e-5*omega**2 + 2.4e-5*omega*theta + 0.000166*omega + 1.0e-6*theta**2 + 4.0e-6*theta - 1.8e-5

--- Chunk 44281 (62/220) | Start: 2025-01-25 09:00:00 ---
    RMSE omega (GP): 0.010532 | RMSE omega (Sim): 0.125429
    Loss: 7.2473 | Epoch: 1466
    Eq omega: -0.002521 + 0.00006theta + 0.00098omega + 0.00069theta^2 + 0.00003theta omega + 0.00182omega^2
    Eq omega Phys: 0.000799*omega**2 + 3.7e-5*omega + 7.0e-6*theta + 3.2e-5

--- Chunk 44282 (63/220) | Start: 2025-01-25 09:05:00 ---
    RMSE omega (GP): 0.012772 | RMSE omega (Sim): 0.083548
    Loss: 2.3691 | Epoch: 996
    Eq omega: 0.011761 + -1.15706theta + 0.04212omega + 0.00640theta^2 + -0.15403theta omega + 0.12881omega^2
    Eq omega Phys: 0.045495*omega**2 - 0.001813*omega*theta - 0.001013*omega + 3.0e-6*theta**2 - 0.001279*theta - 0.001672

--- Chunk 44283 (64/220) | Start: 2025-01-25 09:10:00 ---
    RMSE omega (GP): 0.011995 | RMSE omega (Sim): 0.115839
    Loss: 11.5898 | Epoch: 1342
    Eq omega: 0.000451 + -0.00104theta + 0.00094omega + -0.00084theta^2 + 0.00028theta omega + 0.00017omega^2
    Eq omega Phys: 7.9e-5*omega**2 + 4.0e-6*omega*theta - 4.0e-6*omega + 6.0e-6*theta - 1.8e-5

--- Chunk 44284 (65/220) | Start: 2025-01-25 09:15:00 ---
    RMSE omega (GP): 0.010275 | RMSE omega (Sim): 0.131468
    Loss: 0.8667 | Epoch: 1267
    Eq omega: 0.002661 + -0.24711theta + -0.02255omega + -0.01437theta^2 + -0.01403theta omega + -0.00694omega^2
    Eq omega Phys: -0.002058*omega**2 - 0.000139*omega*theta - 0.000915*omega - 5.0e-6*theta**2 - 0.000286*theta - 0.000319

--- Chunk 44285 (66/220) | Start: 2025-01-25 09:20:00 ---
    RMSE omega (GP): 0.012565 | RMSE omega (Sim): 0.142719
    Loss: 4.5001 | Epoch: 1085
    Eq omega: 0.001001 + -1.36501theta + -0.00575omega + 0.00955theta^2 + 0.00032theta omega + -0.00534omega^2
    Eq omega Phys: -0.001778*omega**2 + 4.0e-6*omega*theta - 0.00017*omega + 4.0e-6*theta**2 - 0.001474*theta - 0.008931

--- Chunk 44286 (67/220) | Start: 2025-01-25 09:25:00 ---
    RMSE omega (GP): 0.009895 | RMSE omega (Sim): 0.148008
    Loss: 4.0891 | Epoch: 1267
    Eq omega: 0.003321 + -0.25250theta + -0.05147omega + -0.00107theta^2 + 0.00174theta omega + 0.00016omega^2
    Eq omega Phys: 6.5e-5*omega**2 + 2.3e-5*omega*theta - 0.001449*omega - 0.000291*theta - 0.003243

--- Chunk 44287 (68/220) | Start: 2025-01-25 09:30:00 ---
    RMSE omega (GP): 0.011275 | RMSE omega (Sim): 0.195421
    Loss: 3.2557 | Epoch: 790
    Eq omega: -0.001901 + -0.42264theta + -0.00148omega + -0.02202theta^2 + 0.00286theta omega + -0.00300omega^2
    Eq omega Phys: -0.000999*omega**2 + 3.2e-5*omega*theta - 0.000352*omega - 8.0e-6*theta**2 - 0.000314*theta + 0.003729

--- Chunk 44288 (69/220) | Start: 2025-01-25 09:35:00 ---
    RMSE omega (GP): nan | RMSE omega (Sim): nan
    Loss: 195.0799 | Epoch: 18
    Eq omega: nan1 + nantheta + nanomega + nantheta^2 + nantheta omega + nanomega^2
    Eq omega Phys: N/A

--- Chunk 44289 (70/220) | Start: 2025-01-25 09:40:00 ---
    RMSE omega (GP): 0.032610 | RMSE omega (Sim): 0.088026
    Loss: 88.5797 | Epoch: 338
    Eq omega: 0.001331 + -0.07634theta + 0.00278omega + 0.00010theta^2 + -0.01997theta omega + 0.00069omega^2
    Eq omega Phys: 0.000281*omega**2 - 0.000271*omega*theta + 0.00072*omega - 8.5e-5*theta + 0.0002

--- Chunk 44290 (71/220) | Start: 2025-01-25 09:45:00 ---
    RMSE omega (GP): 0.011279 | RMSE omega (Sim): 0.089733
    Loss: 2.2513 | Epoch: 1734
    Eq omega: -0.004791 + -0.55561theta + -0.00169omega + 0.00697theta^2 + -0.00609theta omega + -0.00765omega^2
    Eq omega Phys: -0.002451*omega**2 - 6.5e-5*omega*theta - 1.3e-5*omega + 2.0e-6*theta**2 - 0.000621*theta + 0.000394

--- Chunk 44291 (72/220) | Start: 2025-01-25 09:50:00 ---
    RMSE omega (GP): 0.008681 | RMSE omega (Sim): 0.092189
    Loss: 0.5529 | Epoch: 1517
    Eq omega: -0.008421 + -0.85853theta + 0.00293omega + -0.00089theta^2 + -0.01632theta omega + 0.01598omega^2
    Eq omega Phys: 0.005302*omega**2 - 0.00018*omega*theta + 0.000684*omega - 0.000952*theta + 0.003066

--- Chunk 44292 (73/220) | Start: 2025-01-25 09:55:00 ---
    RMSE omega (GP): nan | RMSE omega (Sim): nan
    Loss: 316.5160 | Epoch: 53
    Eq omega: nan1 + nantheta + nanomega + nantheta^2 + nantheta omega + nanomega^2
    Eq omega Phys: N/A

--- Chunk 44293 (74/220) | Start: 2025-01-25 10:00:00 ---
    RMSE omega (GP): 0.029904 | RMSE omega (Sim): 0.115645
    Loss: 67.2058 | Epoch: 85
    Eq omega: -0.010051 + 0.00180theta + 0.00047omega + -0.00038theta^2 + -0.00418theta omega + -0.00099omega^2
    Eq omega Phys: -0.000396*omega**2 - 5.6e-5*omega*theta + 0.00053*omega + 5.0e-6*theta - 6.1e-5

--- Chunk 44294 (75/220) | Start: 2025-01-25 10:05:00 ---
    RMSE omega (GP): 0.011199 | RMSE omega (Sim): 0.186043
    Loss: 3.6432 | Epoch: 1480
    Eq omega: -0.001351 + -0.00007theta + 0.00284omega + 0.00071theta^2 + 0.00011theta omega + 0.00743omega^2
    Eq omega Phys: 0.002533*omega**2 + 1.0e-6*omega*theta + 0.000101*omega + 2.0e-6*theta + 1.0e-6

--- Chunk 44295 (76/220) | Start: 2025-01-25 10:10:00 ---
    RMSE omega (GP): nan | RMSE omega (Sim): nan
    Loss: 205.7197 | Epoch: 39
    Eq omega: nan1 + nantheta + nanomega + nantheta^2 + nantheta omega + nanomega^2
    Eq omega Phys: N/A

--- Chunk 44296 (77/220) | Start: 2025-01-25 10:15:00 ---
    RMSE omega (GP): 0.011186 | RMSE omega (Sim): 0.063828
    Loss: 13.8010 | Epoch: 1291
    Eq omega: 0.000241 + 0.00001theta + 0.00051omega + 0.00012theta^2 + 0.00040theta omega + 0.00028omega^2
    Eq omega Phys: 0.000149*omega**2 + 7.0e-6*omega*theta - 9.0e-5*omega - 2.0e-6*theta + 1.6e-5

--- Chunk 44297 (78/220) | Start: 2025-01-25 10:20:00 ---
    RMSE omega (GP): 0.010469 | RMSE omega (Sim): 0.087352
    Loss: 5.9633 | Epoch: 953
    Eq omega: 0.007251 + -1.01015theta + -0.01097omega + 0.01307theta^2 + -0.01887theta omega + 0.01163omega^2
    Eq omega Phys: 0.004965*omega**2 - 0.000269*omega*theta - 0.000461*omega + 6.0e-6*theta**2 - 0.001118*theta - 0.000379

--- Chunk 44298 (79/220) | Start: 2025-01-25 10:25:00 ---
    RMSE omega (GP): nan | RMSE omega (Sim): nan
    Loss: 39.5660 | Epoch: 50
    Eq omega: nan1 + nantheta + nanomega + nantheta^2 + nantheta omega + nanomega^2
    Eq omega Phys: N/A

--- Chunk 44299 (80/220) | Start: 2025-01-25 10:30:00 ---
    RMSE omega (GP): 0.020320 | RMSE omega (Sim): 0.089582
    Loss: 24.0991 | Epoch: 659
    Eq omega: -0.005161 + -0.00783theta + -0.00322omega + -0.00042theta^2 + 0.00518theta omega + -0.00050omega^2
    Eq omega Phys: -0.000188*omega**2 + 6.5e-5*omega*theta - 0.000626*omega - 6.0e-6*theta + 4.3e-5

--- Chunk 44300 (81/220) | Start: 2025-01-25 10:35:00 ---
    RMSE omega (GP): 0.010498 | RMSE omega (Sim): 0.158632
    Loss: 5.3423 | Epoch: 1905
    Eq omega: -0.000181 + 0.00017theta + -0.00315omega + 0.00016theta^2 + 0.00116theta omega + 0.00128omega^2
    Eq omega Phys: 0.000518*omega**2 + 1.6e-5*omega*theta - 0.000243*omega - 1.0e-6*theta + 3.0e-6

--- Chunk 44301 (82/220) | Start: 2025-01-25 10:40:00 ---
    RMSE omega (GP): 0.036320 | RMSE omega (Sim): 0.109901
    Loss: -282.4700 | Epoch: 565
    Eq omega: -0.004991 + -0.00067theta + -0.00672omega + -0.00097theta^2 + 0.00029theta omega + 0.00095omega^2
    Eq omega Phys: 0.000439*omega**2 + 4.0e-6*omega*theta - 0.000301*omega + 1.6e-5*theta - 0.000147

--- Chunk 44302 (83/220) | Start: 2025-01-25 10:45:00 ---
    RMSE omega (GP): 0.008680 | RMSE omega (Sim): 0.138854
    Loss: 0.5742 | Epoch: 1104
    Eq omega: -0.000751 + 0.00103theta + 0.00066omega + 0.00009theta^2 + -0.00031theta omega + -0.00016omega^2
    Eq omega Phys: -5.2e-5*omega**2 - 3.0e-6*omega*theta + 6.1e-5*omega - 1.2e-5

--- Chunk 44303 (84/220) | Start: 2025-01-25 10:50:00 ---
    RMSE omega (GP): 0.010714 | RMSE omega (Sim): 0.167838
    Loss: 6.7012 | Epoch: 2056
    Eq omega: -0.001311 + -0.00032theta + -0.00123omega + 0.00172theta^2 + 0.00303theta omega + 0.00036omega^2
    Eq omega Phys: 0.000156*omega**2 + 4.4e-5*omega*theta - 0.000585*omega + 1.0e-6*theta**2 - 2.1e-5*theta + 0.000129

--- Chunk 44304 (85/220) | Start: 2025-01-25 10:55:00 ---
    RMSE omega (GP): 0.051083 | RMSE omega (Sim): 0.147570
    Loss: 172.4922 | Epoch: 21
    Eq omega: -0.000361 + -0.00271theta + 0.00264omega + -0.00156theta^2 + 0.01290theta omega + -0.00163omega^2
    Eq omega Phys: -0.000528*omega**2 + 0.000139*omega*theta - 6.4e-5*omega - 0.e-6*theta**2 - 2.0e-6*theta + 1.0e-6

--- Chunk 44305 (86/220) | Start: 2025-01-25 11:00:00 ---
    RMSE omega (GP): 0.010001 | RMSE omega (Sim): 0.140387
    Loss: 4.2324 | Epoch: 1488
    Eq omega: 0.002701 + 0.00230theta + -0.00319omega + 0.00396theta^2 + -0.00991theta omega + -0.00040omega^2
    Eq omega Phys: -0.000163*omega**2 - 0.000135*omega*theta - 0.000894*omega + 2.0e-6*theta**2 + 2.4e-5*theta + 8.4e-5

--- Chunk 44306 (87/220) | Start: 2025-01-25 11:05:00 ---
    RMSE omega (GP): 0.009999 | RMSE omega (Sim): nan
    Loss: 7.2434 | Epoch: 1559
    Eq omega: 1.016071 + -5.46082theta + 0.00014omega + -3.23089theta^2 + 0.09035theta omega + 0.06267omega^2
    Eq omega Phys: 0.029484*omega**2 + 0.001417*omega*theta - 0.006318*omega - 0.001689*theta**2 + 0.009005*theta - 0.004155

--- Chunk 44307 (88/220) | Start: 2025-01-25 11:10:00 ---
    RMSE omega (GP): 0.010724 | RMSE omega (Sim): 0.127243
    Loss: 3.9353 | Epoch: 1130
    Eq omega: -0.001631 + -0.00291theta + -0.00111omega + -0.00204theta^2 + 0.00030theta omega + -0.00064omega^2
    Eq omega Phys: -0.000229*omega**2 + 4.0e-6*omega*theta - 5.2e-5*omega - 0.e-6*theta**2 + 4.0e-6*theta - 6.0e-6

--- Chunk 44308 (89/220) | Start: 2025-01-25 11:15:00 ---
    RMSE omega (GP): 0.013171 | RMSE omega (Sim): 0.091891
    Loss: 7.3181 | Epoch: 1438
    Eq omega: -0.006281 + 0.01083theta + 0.00065omega + 0.00708theta^2 + 0.00287theta omega + -0.00346omega^2
    Eq omega Phys: -0.00126*omega**2 + 3.5e-5*omega*theta - 0.000233*omega + 3.0e-6*theta**2 - 3.0e-5*theta + 4.6e-5

--- Chunk 44309 (90/220) | Start: 2025-01-25 11:20:00 ---
    RMSE omega (GP): nan | RMSE omega (Sim): nan
    Loss: 284.9031 | Epoch: 48
    Eq omega: nan1 + nantheta + nanomega + nantheta^2 + nantheta omega + nanomega^2
    Eq omega Phys: N/A

--- Chunk 44310 (91/220) | Start: 2025-01-25 11:25:00 ---
    RMSE omega (GP): 0.012951 | RMSE omega (Sim): 0.107428
    Loss: 4.8256 | Epoch: 788
    Eq omega: -0.013111 + -0.99399theta + -0.01008omega + 0.01169theta^2 + 0.00909theta omega + -0.01643omega^2
    Eq omega Phys: -0.00535*omega**2 + 9.9e-5*omega*theta - 0.000388*omega + 4.0e-6*theta**2 - 0.001109*theta + 0.000538

--- Chunk 44311 (92/220) | Start: 2025-01-25 11:30:00 ---
    RMSE omega (GP): 0.011837 | RMSE omega (Sim): 0.159146
    Loss: 4.2169 | Epoch: 806
    Eq omega: 0.028181 + -1.91699theta + -0.01846omega + 0.04451theta^2 + -0.01162theta omega + 0.01042omega^2
    Eq omega Phys: 0.003584*omega**2 - 0.000133*omega*theta - 0.000965*omega + 1.7e-5*theta**2 - 0.002041*theta - 0.005384

--- Chunk 44312 (93/220) | Start: 2025-01-25 11:35:00 ---
    RMSE omega (GP): nan | RMSE omega (Sim): nan
    Loss: 67.7696 | Epoch: 127
    Eq omega: nan1 + nantheta + nanomega + nantheta^2 + nantheta omega + nanomega^2
    Eq omega Phys: N/A

--- Chunk 44313 (94/220) | Start: 2025-01-25 11:40:00 ---
    RMSE omega (GP): nan | RMSE omega (Sim): nan
    Loss: 27.5705 | Epoch: 71
    Eq omega: nan1 + nantheta + nanomega + nantheta^2 + nantheta omega + nanomega^2
    Eq omega Phys: N/A

--- Chunk 44314 (95/220) | Start: 2025-01-25 11:45:00 ---
    RMSE omega (GP): 0.012284 | RMSE omega (Sim): 0.162409
    Loss: 7.8812 | Epoch: 705
    Eq omega: 0.009111 + -0.00277theta + -0.01524omega + 0.00272theta^2 + 0.00220theta omega + 0.00247omega^2
    Eq omega Phys: 0.000986*omega**2 + 2.9e-5*omega*theta - 0.000475*omega + 1.0e-6*theta**2 + 2.3e-5

--- Chunk 44315 (96/220) | Start: 2025-01-25 11:50:00 ---
    RMSE omega (GP): 0.011804 | RMSE omega (Sim): 0.111906
    Loss: 2.1651 | Epoch: 1320
    Eq omega: 0.004041 + -0.00278theta + 0.00149omega + 0.00343theta^2 + 0.00039theta omega + 0.00737omega^2
    Eq omega Phys: 0.002215*omega**2 + 4.0e-6*omega*theta + 4.9e-5*omega + 1.0e-6*theta**2 - 3.0e-6*theta + 1.6e-5

--- Chunk 44316 (97/220) | Start: 2025-01-25 11:55:00 ---
    RMSE omega (GP): 0.012046 | RMSE omega (Sim): 0.153472
    Loss: 2.1217 | Epoch: 1342
    Eq omega: -0.005261 + -0.03140theta + 0.00230omega + -0.00265theta^2 + 0.00361theta omega + -0.00014omega^2
    Eq omega Phys: -3.9e-5*omega**2 + 3.3e-5*omega*theta + 0.000205*omega - 0.e-6*theta**2 - 4.1e-5*theta - 0.000168

--- Chunk 44317 (98/220) | Start: 2025-01-25 12:00:00 ---
    RMSE omega (GP): 0.012043 | RMSE omega (Sim): nan
    Loss: 4.9677 | Epoch: 224
    Eq omega: 0.026401 + -1.01624theta + -0.00148omega + -0.44663theta^2 + 0.01053theta omega + 0.00193omega^2
    Eq omega Phys: 0.000654*omega**2 + 0.000119*omega*theta - 0.000753*omega - 0.000168*theta**2 + 0.000861*theta + 0.000879

--- Chunk 44318 (99/220) | Start: 2025-01-25 12:05:00 ---
    RMSE omega (GP): 0.011406 | RMSE omega (Sim): 0.093078
    Loss: 9.7959 | Epoch: 1383
    Eq omega: -0.049831 + -1.30492theta + 0.00153omega + 0.51297theta^2 + 0.00321theta omega + -0.13276omega^2
    Eq omega Phys: -0.061237*omega**2 + 4.9e-5*omega*theta + 0.000134*omega + 0.000263*theta**2 - 0.000562*theta - 0.001818

--- Chunk 44319 (100/220) | Start: 2025-01-25 12:10:00 ---
    RMSE omega (GP): 0.015632 | RMSE omega (Sim): 0.076885
    Loss: 21.4134 | Epoch: 551
    Eq omega: 0.002141 + -0.00082theta + -0.00197omega + 0.00303theta^2 + -0.00195theta omega + -0.00019omega^2
    Eq omega Phys: -8.4e-5*omega**2 - 2.9e-5*omega*theta - 0.000186*omega + 1.0e-6*theta**2 + 1.2e-5*theta + 2.8e-5

  [Progress 100/220] Mean RMSE omega (GP): 0.016353 | (Sim): 0.129508 | Mean loss: 329.5732 | Valid GP: 73/100 | Valid Sim: 71/100 | Elapsed: 32.2min | ETA: 38.6min

--- Chunk 44320 (101/220) | Start: 2025-01-25 12:15:00 ---
    RMSE omega (GP): nan | RMSE omega (Sim): nan
    Loss: 30.2744 | Epoch: 69
    Eq omega: nan1 + nantheta + nanomega + nantheta^2 + nantheta omega + nanomega^2
    Eq omega Phys: N/A

--- Chunk 44321 (102/220) | Start: 2025-01-25 12:20:00 ---
    RMSE omega (GP): 0.010362 | RMSE omega (Sim): 0.160110
    Loss: 3.2932 | Epoch: 1018
    Eq omega: -0.000801 + -0.00061theta + 0.00002omega + 0.00098theta^2 + 0.00010theta omega + 0.00187omega^2
    Eq omega Phys: 0.000671*omega**2 + 1.0e-6*omega*theta - 5.0e-6*omega - 4.0e-6*theta + 1.0e-5

--- Chunk 44322 (103/220) | Start: 2025-01-25 12:25:00 ---
    RMSE omega (GP): 0.010894 | RMSE omega (Sim): 0.093750
    Loss: 5.3699 | Epoch: 1274
    Eq omega: -0.004921 + -1.12132theta + -0.00867omega + -0.01767theta^2 + 0.05077theta omega + 0.00647omega^2
    Eq omega Phys: 0.002555*omega**2 + 0.000668*omega*theta + 0.000154*omega - 8.0e-6*theta**2 - 0.001256*theta - 0.000842

--- Chunk 44323 (104/220) | Start: 2025-01-25 12:30:00 ---
    RMSE omega (GP): 0.024558 | RMSE omega (Sim): 0.071614
    Loss: 75.0785 | Epoch: 114
    Eq omega: 0.002631 + -0.00245theta + -0.00090omega + -0.00024theta^2 + -0.00025theta omega + -0.00062omega^2
    Eq omega Phys: -0.000317*omega**2 - 4.0e-6*omega*theta + 1.0e-5*omega + 1.9e-5

--- Chunk 44324 (105/220) | Start: 2025-01-25 12:35:00 ---
    RMSE omega (GP): nan | RMSE omega (Sim): nan
    Loss: 63.2547 | Epoch: 102
    Eq omega: nan1 + nantheta + nanomega + nantheta^2 + nantheta omega + nanomega^2
    Eq omega Phys: N/A

--- Chunk 44325 (106/220) | Start: 2025-01-25 12:40:00 ---
    RMSE omega (GP): 0.009219 | RMSE omega (Sim): 0.110296
    Loss: 3.0779 | Epoch: 1420
    Eq omega: 0.004251 + -0.52803theta + -0.00215omega + 0.00118theta^2 + 0.00323theta omega + 0.00090omega^2
    Eq omega Phys: 0.000346*omega**2 + 4.1e-5*omega*theta - 0.000101*omega + 1.0e-6*theta**2 - 0.000587*theta + 0.000428

--- Chunk 44326 (107/220) | Start: 2025-01-25 12:45:00 ---
    RMSE omega (GP): 0.033300 | RMSE omega (Sim): 0.083321
    Loss: 116.5538 | Epoch: 573
    Eq omega: 0.011171 + -0.04490theta + -0.01381omega + -0.00133theta^2 + 0.00264theta omega + 0.00366omega^2
    Eq omega Phys: 0.001684*omega**2 + 4.0e-5*omega*theta - 0.00069*omega - 0.e-6*theta**2 - 4.2e-5*theta + 0.000288

--- Chunk 44327 (108/220) | Start: 2025-01-25 12:50:00 ---
    RMSE omega (GP): 0.013342 | RMSE omega (Sim): 0.107915
    Loss: 10.6008 | Epoch: 1502
    Eq omega: -0.000661 + -0.00067theta + -0.00005omega + 0.00012theta^2 + 0.00001theta omega + 0.00190omega^2
    Eq omega Phys: 0.00078*omega**2 - 3.0e-6

--- Chunk 44328 (109/220) | Start: 2025-01-25 12:55:00 ---
    RMSE omega (GP): 0.033553 | RMSE omega (Sim): 0.095290
    Loss: 84.1717 | Epoch: 364
    Eq omega: -0.007421 + 0.00019theta + -0.00179omega + -0.00091theta^2 + 0.00004theta omega + 0.00196omega^2
    Eq omega Phys: 0.000698*omega**2 - 5.8e-5*omega - 2.0e-6*theta - 2.7e-5

--- Chunk 44329 (110/220) | Start: 2025-01-25 13:00:00 ---
    RMSE omega (GP): 0.012779 | RMSE omega (Sim): 0.182442
    Loss: 5.2054 | Epoch: 1006
    Eq omega: -0.000781 + 0.00459theta + 0.00084omega + -0.00029theta^2 + -0.00011theta omega + 0.00010omega^2
    Eq omega Phys: 3.4e-5*omega**2 - 1.0e-6*omega*theta + 1.7e-5*omega + 3.0e-6*theta + 3.4e-5

--- Chunk 44330 (111/220) | Start: 2025-01-25 13:05:00 ---
    RMSE omega (GP): 0.013093 | RMSE omega (Sim): 0.166647
    Loss: 6.9503 | Epoch: 989
    Eq omega: 0.015601 + -1.38913theta + -0.01977omega + 0.31939theta^2 + 0.00258theta omega + -0.10926omega^2
    Eq omega Phys: -0.039254*omega**2 + 3.1e-5*omega*theta - 0.000766*omega + 0.000127*theta**2 - 0.002423*theta + 0.006886

--- Chunk 44331 (112/220) | Start: 2025-01-25 13:10:00 ---
    RMSE omega (GP): 0.012289 | RMSE omega (Sim): 0.191065
    Loss: 7.8319 | Epoch: 1043
    Eq omega: 0.001621 + -0.00026theta + -0.00045omega + 0.00106theta^2 + -0.00112theta omega + 0.00119omega^2
    Eq omega Phys: 0.000466*omega**2 - 1.5e-5*omega*theta + 6.2e-5*omega - 5.0e-6*theta + 1.9e-5

--- Chunk 44332 (113/220) | Start: 2025-01-25 13:15:00 ---
    RMSE omega (GP): 0.011074 | RMSE omega (Sim): 0.087472
    Loss: 12.3017 | Epoch: 1280
    Eq omega: -0.001451 + -0.00014theta + -0.00140omega + -0.00033theta^2 + 0.00034theta omega + 0.00031omega^2
    Eq omega Phys: 0.000155*omega**2 + 6.0e-6*omega*theta - 0.000116*omega + 4.0e-6*theta - 2.8e-5

--- Chunk 44333 (114/220) | Start: 2025-01-25 13:20:00 ---
    RMSE omega (GP): nan | RMSE omega (Sim): nan
    Loss: 20.8443 | Epoch: 52
    Eq omega: nan1 + nantheta + nanomega + nantheta^2 + nantheta omega + nanomega^2
    Eq omega Phys: N/A

--- Chunk 44334 (115/220) | Start: 2025-01-25 13:25:00 ---
/pfs/data6/home/ka/ka_iai/ka_bj2362/dsr/svise/run_analysis_5min_all_chunks_combo38.py:212: ODEintWarning: Excess work done on this call (perhaps wrong Dfun type). Run with full_output = 1 to get quantitative information.
  sol_scaled = odeint(drift, x0_scaled, t_scaled, full_output=False)
    RMSE omega (GP): 0.009957 | RMSE omega (Sim): nan
    Loss: 2.1620 | Epoch: 1093
    Eq omega: -0.011141 + -0.97339theta + 0.00822omega + 0.71873theta^2 + -0.00682theta omega + 0.00445omega^2
    Eq omega Phys: 0.001555*omega**2 - 7.9e-5*omega*theta + 0.000479*omega + 0.000279*theta**2 - 0.002521*theta + 0.004609

--- Chunk 44335 (116/220) | Start: 2025-01-25 13:30:00 ---
    RMSE omega (GP): 0.010560 | RMSE omega (Sim): 0.135242
    Loss: 6.2448 | Epoch: 674
    Eq omega: -0.028381 + -0.00189theta + -0.00027omega + -0.00379theta^2 + 0.00531theta omega + -0.00207omega^2
    Eq omega Phys: -0.000877*omega**2 + 7.5e-5*omega*theta - 7.6e-5*omega - 2.0e-6*theta**2 + 1.0e-6*theta - 7.4e-5

--- Chunk 44336 (117/220) | Start: 2025-01-25 13:35:00 ---
    RMSE omega (GP): 0.011575 | RMSE omega (Sim): 0.088071
    Loss: 2.8469 | Epoch: 1374
    Eq omega: -0.002111 + -0.31173theta + -0.00770omega + 0.00016theta^2 + 0.02647theta omega + 0.01008omega^2
    Eq omega Phys: 0.003252*omega**2 + 0.000285*omega*theta + 0.000693*omega - 0.000346*theta - 0.001163

--- Chunk 44337 (118/220) | Start: 2025-01-25 13:40:00 ---
    RMSE omega (GP): 0.010987 | RMSE omega (Sim): 0.092936
    Loss: 10.3351 | Epoch: 1553
    Eq omega: -0.004791 + -1.83254theta + -0.01780omega + -0.05422theta^2 + 0.00371theta omega + 0.00273omega^2
    Eq omega Phys: 0.001347*omega**2 + 6.1e-5*omega*theta - 0.000782*omega - 3.0e-5*theta**2 - 0.001853*theta + 0.005994

--- Chunk 44338 (119/220) | Start: 2025-01-25 13:45:00 ---
    RMSE omega (GP): nan | RMSE omega (Sim): nan
    Loss: 133.9442 | Epoch: 41
    Eq omega: nan1 + nantheta + nanomega + nantheta^2 + nantheta omega + nanomega^2
    Eq omega Phys: N/A

--- Chunk 44339 (120/220) | Start: 2025-01-25 13:50:00 ---
    RMSE omega (GP): 0.011675 | RMSE omega (Sim): 0.163105
    Loss: 4.0742 | Epoch: 948
    Eq omega: -0.012961 + -0.46184theta + -0.00338omega + 0.00234theta^2 + 0.00231theta omega + 0.00031omega^2
    Eq omega Phys: 0.000105*omega**2 + 2.6e-5*omega*theta - 0.00021*omega + 1.0e-6*theta**2 - 0.00052*theta + 0.001888

--- Chunk 44340 (121/220) | Start: 2025-01-25 13:55:00 ---
    RMSE omega (GP): 0.009964 | RMSE omega (Sim): 0.126249
    Loss: 0.7028 | Epoch: 1257
    Eq omega: -0.021701 + -2.56355theta + 0.01696omega + 0.00505theta^2 + -0.00360theta omega + 0.02534omega^2
    Eq omega Phys: 0.007801*omega**2 - 3.7e-5*omega*theta + 0.000575*omega + 2.0e-6*theta**2 - 0.002849*theta + 0.000692

--- Chunk 44341 (122/220) | Start: 2025-01-25 14:00:00 ---
    RMSE omega (GP): 0.032197 | RMSE omega (Sim): 0.102276
    Loss: 56.1029 | Epoch: 399
    Eq omega: -0.001791 + -0.01281theta + -0.00044omega + -0.00054theta^2 + 0.00027theta omega + -0.00185omega^2
    Eq omega Phys: -0.000636*omega**2 + 3.0e-6*omega*theta + 4.0e-5*omega - 2.2e-5*theta - 0.000324

--- Chunk 44342 (123/220) | Start: 2025-01-25 14:05:00 ---
    RMSE omega (GP): 0.010337 | RMSE omega (Sim): 0.098058
    Loss: 5.2158 | Epoch: 1134
    Eq omega: 0.004671 + -0.00231theta + 0.00193omega + 0.00023theta^2 + 0.00143theta omega + -0.00025omega^2
    Eq omega Phys: -0.0001*omega**2 + 1.9e-5*omega*theta + 1.2e-5*omega - 3.0e-6*theta + 2.1e-5

--- Chunk 44343 (124/220) | Start: 2025-01-25 14:10:00 ---
    RMSE omega (GP): nan | RMSE omega (Sim): nan
    Loss: 85.8470 | Epoch: 32
    Eq omega: nan1 + nantheta + nanomega + nantheta^2 + nantheta omega + nanomega^2
    Eq omega Phys: N/A

--- Chunk 44344 (125/220) | Start: 2025-01-25 14:15:00 ---
    RMSE omega (GP): 0.011579 | RMSE omega (Sim): 0.098058
    Loss: 4.5076 | Epoch: 921
    Eq omega: -0.000651 + 0.00146theta + -0.00376omega + -0.00132theta^2 + -0.00814theta omega + 0.01376omega^2
    Eq omega Phys: 0.004904*omega**2 - 9.7e-5*omega*theta + 0.00101*omega - 0.e-6*theta**2 + 1.4e-5*theta - 9.3e-5

--- Chunk 44345 (126/220) | Start: 2025-01-25 14:20:00 ---
    RMSE omega (GP): nan | RMSE omega (Sim): nan
    Loss: 346.7654 | Epoch: 42
    Eq omega: nan1 + nantheta + nanomega + nantheta^2 + nantheta omega + nanomega^2
    Eq omega Phys: N/A

--- Chunk 44346 (127/220) | Start: 2025-01-25 14:25:00 ---
    RMSE omega (GP): 0.016362 | RMSE omega (Sim): 0.127153
    Loss: 3.9623 | Epoch: 1655
    Eq omega: -0.002621 + 0.00043theta + -0.00064omega + 0.00005theta^2 + 0.00143theta omega + 0.00125omega^2
    Eq omega Phys: 0.000421*omega**2 + 1.6e-5*omega*theta + 9.1e-5*omega + 1.0e-6*theta - 4.0e-6

--- Chunk 44347 (128/220) | Start: 2025-01-25 14:30:00 ---
    RMSE omega (GP): 0.012155 | RMSE omega (Sim): 0.162871
    Loss: 11.1499 | Epoch: 1916
    Eq omega: 0.003921 + -0.71645theta + -0.00189omega + 0.00092theta^2 + 0.00473theta omega + -0.00188omega^2
    Eq omega Phys: -0.000844*omega**2 + 7.1e-5*omega*theta - 0.00052*omega - 0.000802*theta + 0.00517

--- Chunk 44348 (129/220) | Start: 2025-01-25 14:35:00 ---
    RMSE omega (GP): nan | RMSE omega (Sim): nan
    Loss: 481.1075 | Epoch: 30
    Eq omega: nan1 + nantheta + nanomega + nantheta^2 + nantheta omega + nanomega^2
    Eq omega Phys: N/A

--- Chunk 44349 (130/220) | Start: 2025-01-25 14:40:00 ---
    RMSE omega (GP): 0.010143 | RMSE omega (Sim): 0.075994
    Loss: 4.3138 | Epoch: 859
    Eq omega: 0.000571 + -0.09280theta + 0.00396omega + -0.00041theta^2 + 0.00390theta omega + 0.00977omega^2
    Eq omega Phys: 0.00393*omega**2 + 5.2e-5*omega*theta + 0.000104*omega - 0.000103*theta + 5.6e-5

--- Chunk 44350 (131/220) | Start: 2025-01-25 14:45:00 ---
    RMSE omega (GP): 0.012326 | RMSE omega (Sim): 0.058712
    Loss: 8.2025 | Epoch: 845
    Eq omega: -0.021021 + -2.96258theta + 0.04439omega + 0.46208theta^2 + -0.11108theta omega + -0.07554omega^2
    Eq omega Phys: -0.030931*omega**2 - 0.001516*omega*theta + 0.003688*omega + 0.00021*theta**2 - 0.003904*theta + 0.005183

--- Chunk 44351 (132/220) | Start: 2025-01-25 14:50:00 ---
    RMSE omega (GP): 0.011592 | RMSE omega (Sim): 0.090624
    Loss: 0.4826 | Epoch: 1590
    Eq omega: 0.010301 + -0.06185theta + -0.00445omega + 0.00782theta^2 + 0.00366theta omega + 0.00574omega^2
    Eq omega Phys: 0.00163*omega**2 + 3.5e-5*omega*theta - 0.000179*omega + 2.0e-6*theta**2 - 7.3e-5*theta + 0.000104

--- Chunk 44352 (133/220) | Start: 2025-01-25 14:55:00 ---
    RMSE omega (GP): 0.013770 | RMSE omega (Sim): 0.168113
    Loss: 14.6023 | Epoch: 1184
    Eq omega: 0.002391 + -0.00197theta + 0.00698omega + 0.00053theta^2 + -0.00070theta omega + -0.00566omega^2
    Eq omega Phys: -0.002552*omega**2 - 1.1e-5*omega*theta + 0.000251*omega - 3.0e-6*theta + 1.1e-5

--- Chunk 44353 (134/220) | Start: 2025-01-25 15:00:00 ---
    RMSE omega (GP): 0.010037 | RMSE omega (Sim): 0.109047
    Loss: 2.7637 | Epoch: 799
    Eq omega: 0.003111 + -0.00369theta + -0.00006omega + 0.00349theta^2 + -0.00166theta omega + -0.00252omega^2
    Eq omega Phys: -0.000901*omega**2 - 2.0e-5*omega*theta + 0.000148*omega + 1.0e-6*theta**2 - 2.5e-5*theta + 0.000121

--- Chunk 44354 (135/220) | Start: 2025-01-25 15:05:00 ---
    RMSE omega (GP): nan | RMSE omega (Sim): nan
    Loss: 736.5128 | Epoch: 45
    Eq omega: nan1 + nantheta + nanomega + nantheta^2 + nantheta omega + nanomega^2
    Eq omega Phys: N/A

--- Chunk 44355 (136/220) | Start: 2025-01-25 15:10:00 ---
    RMSE omega (GP): 0.012322 | RMSE omega (Sim): 0.180585
    Loss: 0.4980 | Epoch: 1557
    Eq omega: 0.005881 + -0.36649theta + -0.02168omega + -0.15193theta^2 + 0.26473theta omega + 0.02897omega^2
    Eq omega Phys: 0.007225*omega**2 + 0.002201*omega*theta - 0.010996*omega - 4.2e-5*theta**2 - 1.4e-5*theta + 0.00101

--- Chunk 44356 (137/220) | Start: 2025-01-25 15:15:00 ---
    RMSE omega (GP): nan | RMSE omega (Sim): nan
    Loss: 542.5324 | Epoch: 20
    Eq omega: nan1 + nantheta + nanomega + nantheta^2 + nantheta omega + nanomega^2
    Eq omega Phys: N/A

--- Chunk 44357 (138/220) | Start: 2025-01-25 15:20:00 ---
    RMSE omega (GP): 0.009628 | RMSE omega (Sim): 0.132200
    Loss: 2.3025 | Epoch: 1533
    Eq omega: 0.000061 + -0.00343theta + -0.00297omega + -0.00073theta^2 + -0.00061theta omega + 0.00084omega^2
    Eq omega Phys: 0.000307*omega**2 - 7.0e-6*omega*theta - 0.000109*omega - 5.0e-6*theta - 6.0e-6

--- Chunk 44358 (139/220) | Start: 2025-01-25 15:25:00 ---
    RMSE omega (GP): nan | RMSE omega (Sim): nan
    Loss: 62.8288 | Epoch: 110
    Eq omega: nan1 + nantheta + nanomega + nantheta^2 + nantheta omega + nanomega^2
    Eq omega Phys: N/A

--- Chunk 44359 (140/220) | Start: 2025-01-25 15:30:00 ---
    RMSE omega (GP): 0.008693 | RMSE omega (Sim): 0.082303
    Loss: 0.5500 | Epoch: 906
    Eq omega: -0.003651 + -0.47218theta + -0.02659omega + 0.01722theta^2 + -0.01804theta omega + 0.00115omega^2
    Eq omega Phys: 0.000414*omega**2 - 0.000217*omega*theta - 0.002066*omega + 7.0e-6*theta**2 - 0.00045*theta - 0.002662

--- Chunk 44360 (141/220) | Start: 2025-01-25 15:35:00 ---
    RMSE omega (GP): 0.021692 | RMSE omega (Sim): 0.103969
    Loss: -55.5401 | Epoch: 425
    Eq omega: 0.001571 + -0.00840theta + 0.00018omega + 0.00011theta^2 + -0.00008theta omega + 0.00237omega^2
    Eq omega Phys: 0.000884*omega**2 - 0.e-6*omega*theta - 2.0e-6*omega - 9.0e-6*theta - 6.6e-5

--- Chunk 44361 (142/220) | Start: 2025-01-25 15:40:00 ---
    RMSE omega (GP): 0.011678 | RMSE omega (Sim): 0.083439
    Loss: 13.5583 | Epoch: 1925
    Eq omega: 0.001291 + -0.00012theta + 0.00184omega + 0.00025theta^2 + -0.00015theta omega + -0.00141omega^2
    Eq omega Phys: -0.000725*omega**2 - 3.0e-6*omega*theta + 8.1e-5*omega - 2.0e-6*theta + 1.2e-5

--- Chunk 44362 (143/220) | Start: 2025-01-25 15:45:00 ---
    RMSE omega (GP): 0.009618 | RMSE omega (Sim): 0.143695
    Loss: 1.9740 | Epoch: 1540
    Eq omega: -0.001331 + -0.00064theta + 0.00936omega + 0.00043theta^2 + -0.00049theta omega + -0.00068omega^2
    Eq omega Phys: -0.000242*omega**2 - 6.0e-6*omega*theta + 0.000342*omega - 2.0e-6*theta + 4.0e-6

--- Chunk 44363 (144/220) | Start: 2025-01-25 15:50:00 ---
    RMSE omega (GP): 0.027330 | RMSE omega (Sim): 0.133763
    Loss: 45.4697 | Epoch: 46
    Eq omega: 0.002771 + 0.00040theta + -0.00198omega + 0.00037theta^2 + -0.00102theta omega + 0.00219omega^2
    Eq omega Phys: 0.000799*omega**2 - 1.2e-5*omega*theta - 0.000197*omega + 4.0e-6*theta + 3.0e-5

--- Chunk 44364 (145/220) | Start: 2025-01-25 15:55:00 ---
    RMSE omega (GP): 0.009649 | RMSE omega (Sim): 0.050692
    Loss: 6.3392 | Epoch: 1096
    Eq omega: 0.003791 + -0.31779theta + -0.01340omega + -0.00033theta^2 + 0.00428theta omega + -0.00994omega^2
    Eq omega Phys: -0.00471*omega**2 + 6.8e-5*omega*theta - 0.000273*omega - 0.000354*theta - 0.000899

--- Chunk 44365 (146/220) | Start: 2025-01-25 16:00:00 ---
    RMSE omega (GP): 0.019393 | RMSE omega (Sim): 0.087379
    Loss: 39.5223 | Epoch: 373
    Eq omega: -0.000741 + 0.00127theta + -0.00034omega + 0.00008theta^2 + 0.00148theta omega + -0.00154omega^2
    Eq omega Phys: -0.000781*omega**2 + 2.5e-5*omega*theta + 8.8e-5*omega + 2.0e-6*theta + 5.0e-6

--- Chunk 44366 (147/220) | Start: 2025-01-25 16:05:00 ---
    RMSE omega (GP): 0.012266 | RMSE omega (Sim): 0.122360
    Loss: 16.2017 | Epoch: 853
    Eq omega: 0.065231 + -1.48208theta + -0.00736omega + 0.00211theta^2 + -0.01125theta omega + 0.00965omega^2
    Eq omega Phys: 0.005141*omega**2 - 0.0002*omega*theta + 0.000389*omega + 1.0e-6*theta**2 - 0.001655*theta + 0.005379

--- Chunk 44367 (148/220) | Start: 2025-01-25 16:10:00 ---
    RMSE omega (GP): 0.012400 | RMSE omega (Sim): 0.079507
    Loss: 16.0155 | Epoch: 1204
    Eq omega: -0.000241 + -0.01248theta + -0.00216omega + 0.00117theta^2 + 0.00040theta omega + 0.00916omega^2
    Eq omega Phys: 0.004733*omega**2 + 7.0e-6*omega*theta - 4.1e-5*omega + 1.0e-6*theta**2 - 8.0e-6*theta - 4.9e-5

--- Chunk 44368 (149/220) | Start: 2025-01-25 16:15:00 ---
    RMSE omega (GP): nan | RMSE omega (Sim): nan
    Loss: 1158.9325 | Epoch: 16
    Eq omega: nan1 + nantheta + nanomega + nantheta^2 + nantheta omega + nanomega^2
    Eq omega Phys: N/A

--- Chunk 44369 (150/220) | Start: 2025-01-25 16:20:00 ---
    RMSE omega (GP): 0.011443 | RMSE omega (Sim): 0.127604
    Loss: 3.0930 | Epoch: 1795
    Eq omega: -0.001961 + -0.00484theta + 0.00228omega + -0.00031theta^2 + -0.00004theta omega + -0.00929omega^2
    Eq omega Phys: -0.003081*omega**2 + 7.6e-5*omega - 6.0e-6*theta - 1.2e-5

  [Progress 150/220] Mean RMSE omega (GP): 0.015621 | (Sim): 0.124486 | Mean loss: 247.8550 | Valid GP: 112/150 | Valid Sim: 109/150 | Elapsed: 47.1min | ETA: 22.0min

--- Chunk 44370 (151/220) | Start: 2025-01-25 16:25:00 ---
    RMSE omega (GP): nan | RMSE omega (Sim): nan
    Loss: 120.8616 | Epoch: 33
    Eq omega: nan1 + nantheta + nanomega + nantheta^2 + nantheta omega + nanomega^2
    Eq omega Phys: N/A

--- Chunk 44371 (152/220) | Start: 2025-01-25 16:30:00 ---
    RMSE omega (GP): 0.009365 | RMSE omega (Sim): 0.096750
    Loss: 3.1242 | Epoch: 869
    Eq omega: -0.004121 + -0.66223theta + -0.00087omega + 0.15192theta^2 + 0.00395theta omega + -0.00627omega^2
    Eq omega Phys: -0.002482*omega**2 + 5.2e-5*omega*theta + 1.5e-5*omega + 6.7e-5*theta**2 - 0.000622*theta - 0.000588

--- Chunk 44372 (153/220) | Start: 2025-01-25 16:35:00 ---
    RMSE omega (GP): 0.035797 | RMSE omega (Sim): 0.126259
    Loss: 50.1177 | Epoch: 63
    Eq omega: 0.000891 + -0.00994theta + 0.00103omega + 0.00062theta^2 + -0.00022theta omega + 0.00326omega^2
    Eq omega Phys: 0.000907*omega**2 - 2.0e-6*omega*theta + 7.6e-5*omega - 1.9e-5*theta + 0.000311

--- Chunk 44373 (154/220) | Start: 2025-01-25 16:40:00 ---
    RMSE omega (GP): 0.013124 | RMSE omega (Sim): 0.237116
    Loss: 7.9773 | Epoch: 2028
    Eq omega: -0.000021 + 0.00023theta + 0.00376omega + -0.00016theta^2 + -0.00139theta omega + -0.00494omega^2
    Eq omega Phys: -0.001826*omega**2 - 1.7e-5*omega*theta + 0.00026*omega + 1.0e-6*theta - 6.0e-6

--- Chunk 44374 (155/220) | Start: 2025-01-25 16:45:00 ---
    RMSE omega (GP): 0.011493 | RMSE omega (Sim): 0.150576
    Loss: 1.5357 | Epoch: 1445
    Eq omega: 0.007531 + -1.21020theta + 0.01412omega + -0.05176theta^2 + -0.00911theta omega + 0.05050omega^2
    Eq omega Phys: 0.014527*omega**2 - 8.7e-5*omega*theta + 0.000806*omega - 1.7e-5*theta**2 - 0.001217*theta + 0.004954

--- Chunk 44375 (156/220) | Start: 2025-01-25 16:50:00 ---
    RMSE omega (GP): 0.009942 | RMSE omega (Sim): 0.103413
    Loss: 2.0721 | Epoch: 1445
    Eq omega: -0.000641 + -0.00112theta + 0.00220omega + -0.00003theta^2 + -0.00008theta omega + 0.00008omega^2
    Eq omega Phys: 2.8e-5*omega**2 - 0.e-6*omega*theta + 6.3e-5*omega - 2.0e-6*theta - 1.8e-5

--- Chunk 44376 (157/220) | Start: 2025-01-25 16:55:00 ---
    RMSE omega (GP): 0.011756 | RMSE omega (Sim): 0.108940
    Loss: 8.6185 | Epoch: 1407
    Eq omega: -0.002991 + -0.00112theta + -0.00418omega + -0.00195theta^2 + -0.00382theta omega + -0.00913omega^2
    Eq omega Phys: -0.003879*omega**2 - 5.4e-5*omega*theta - 0.000479*omega - 0.e-6*theta**2 - 1.3e-5*theta - 5.2e-5

--- Chunk 44377 (158/220) | Start: 2025-01-25 17:00:00 ---
    RMSE omega (GP): nan | RMSE omega (Sim): nan
    Loss: 531.7621 | Epoch: 28
    Eq omega: nan1 + nantheta + nanomega + nantheta^2 + nantheta omega + nanomega^2
    Eq omega Phys: N/A

--- Chunk 44378 (159/220) | Start: 2025-01-25 17:05:00 ---
    RMSE omega (GP): 0.016400 | RMSE omega (Sim): 0.114547
    Loss: -30.8566 | Epoch: 434
    Eq omega: -0.005281 + -0.01742theta + 0.00009omega + -0.03235theta^2 + -0.00477theta omega + -0.00050omega^2
    Eq omega Phys: -0.000172*omega**2 - 5.5e-5*omega*theta + 0.000324*omega - 1.2e-5*theta**2 + 0.000126*theta - 0.000329

--- Chunk 44379 (160/220) | Start: 2025-01-25 17:10:00 ---
    RMSE omega (GP): nan | RMSE omega (Sim): nan
    Loss: 25.7122 | Epoch: 88
    Eq omega: nan1 + nantheta + nanomega + nantheta^2 + nantheta omega + nanomega^2
    Eq omega Phys: N/A

--- Chunk 44380 (161/220) | Start: 2025-01-25 17:15:00 ---
    RMSE omega (GP): 0.013035 | RMSE omega (Sim): 0.077693
    Loss: 0.8347 | Epoch: 1610
    Eq omega: 0.010951 + -0.28279theta + 0.00258omega + -0.00033theta^2 + 0.00490theta omega + -0.00097omega^2
    Eq omega Phys: -0.000238*omega**2 + 4.0e-5*omega*theta + 0.000101*omega - 0.000314*theta - 6.8e-5

--- Chunk 44381 (162/220) | Start: 2025-01-25 17:20:00 ---
    RMSE omega (GP): nan | RMSE omega (Sim): nan
    Loss: 93.8439 | Epoch: 60
    Eq omega: nan1 + nantheta + nanomega + nantheta^2 + nantheta omega + nanomega^2
    Eq omega Phys: N/A

--- Chunk 44382 (163/220) | Start: 2025-01-25 17:25:00 ---
    RMSE omega (GP): 0.013657 | RMSE omega (Sim): 0.217640
    Loss: 2.7344 | Epoch: 1606
    Eq omega: -0.004451 + -0.00364theta + 0.00521omega + 0.00020theta^2 + -0.00223theta omega + 0.00417omega^2
    Eq omega Phys: 0.001109*omega**2 - 2.0e-5*omega*theta + 0.000238*omega - 4.0e-6*theta - 5.0e-6

--- Chunk 44383 (164/220) | Start: 2025-01-25 17:30:00 ---
    RMSE omega (GP): nan | RMSE omega (Sim): nan
    Loss: 66.8306 | Epoch: 33
    Eq omega: nan1 + nantheta + nanomega + nantheta^2 + nantheta omega + nanomega^2
    Eq omega Phys: N/A

--- Chunk 44384 (165/220) | Start: 2025-01-25 17:35:00 ---
    RMSE omega (GP): 0.010676 | RMSE omega (Sim): 0.072374
    Loss: -0.0318 | Epoch: 1542
    Eq omega: 0.016771 + -0.27123theta + 0.00571omega + -0.00279theta^2 + -0.00034theta omega + 0.03704omega^2
    Eq omega Phys: 0.010083*omega**2 - 3.0e-6*omega*theta + 0.00016*omega - 0.e-6*theta**2 - 0.000318*theta - 0.002925

--- Chunk 44385 (166/220) | Start: 2025-01-25 17:40:00 ---
    RMSE omega (GP): 0.012255 | RMSE omega (Sim): 0.112203
    Loss: 5.0005 | Epoch: 1040
    Eq omega: 0.005481 + -2.24153theta + -0.01773omega + -0.01960theta^2 + 0.09049theta omega + 0.00800omega^2
    Eq omega Phys: 0.002812*omega**2 + 0.00106*omega*theta + 0.00073*omega - 8.0e-6*theta**2 - 0.00251*theta - 0.003097

--- Chunk 44386 (167/220) | Start: 2025-01-25 17:45:00 ---
    RMSE omega (GP): 0.008773 | RMSE omega (Sim): 0.113145
    Loss: 1.9419 | Epoch: 1099
    Eq omega: 0.011631 + -0.90330theta + -0.02639omega + 0.01259theta^2 + 0.01362theta omega + 0.00813omega^2
    Eq omega Phys: 0.003178*omega**2 + 0.000177*omega*theta - 0.001222*omega + 5.0e-6*theta**2 - 0.001025*theta + 0.001989

--- Chunk 44387 (168/220) | Start: 2025-01-25 17:50:00 ---
    RMSE omega (GP): 0.012122 | RMSE omega (Sim): 0.048381
    Loss: -0.6080 | Epoch: 2224
    Eq omega: -0.003891 + -0.22360theta + -0.00591omega + -0.02197theta^2 + 0.01361theta omega + -0.01979omega^2
    Eq omega Phys: -0.00437*omega**2 + 0.0001*omega*theta - 0.001878*omega - 5.0e-6*theta**2 - 6.8e-5*theta + 0.002632

--- Chunk 44388 (169/220) | Start: 2025-01-25 17:55:00 ---
    RMSE omega (GP): nan | RMSE omega (Sim): nan
    Loss: 889.9362 | Epoch: 40
    Eq omega: nan1 + nantheta + nanomega + nantheta^2 + nantheta omega + nanomega^2
    Eq omega Phys: N/A

--- Chunk 44389 (170/220) | Start: 2025-01-25 18:00:00 ---
    RMSE omega (GP): 0.014890 | RMSE omega (Sim): 0.092426
    Loss: 24.2148 | Epoch: 1433
    Eq omega: 0.002811 + -0.00010theta + -0.00258omega + 0.00006theta^2 + 0.00012theta omega + 0.00021omega^2
    Eq omega Phys: 0.000106*omega**2 + 2.0e-6*omega*theta - 2.7e-5*omega + 2.0e-6*theta + 3.2e-5

--- Chunk 44390 (171/220) | Start: 2025-01-25 18:05:00 ---
    RMSE omega (GP): 0.014330 | RMSE omega (Sim): 0.098137
    Loss: 8.2586 | Epoch: 1632
    Eq omega: 0.003911 + -0.00111theta + -0.00914omega + 0.00008theta^2 + -0.00321theta omega + -0.00565omega^2
    Eq omega Phys: -0.001957*omega**2 - 3.7e-5*omega*theta - 0.000613*omega - 0.e-6*theta + 4.0e-6

--- Chunk 44391 (172/220) | Start: 2025-01-25 18:10:00 ---
    RMSE omega (GP): nan | RMSE omega (Sim): nan
    Loss: 211.9129 | Epoch: 50
    Eq omega: nan1 + nantheta + nanomega + nantheta^2 + nantheta omega + nanomega^2
    Eq omega Phys: N/A

--- Chunk 44392 (173/220) | Start: 2025-01-25 18:15:00 ---
    RMSE omega (GP): 0.014232 | RMSE omega (Sim): 0.079437
    Loss: 12.9529 | Epoch: 2094
    Eq omega: -0.002541 + -0.00024theta + 0.00284omega + 0.00021theta^2 + -0.00012theta omega + -0.00127omega^2
    Eq omega Phys: -0.000533*omega**2 - 2.0e-6*omega*theta + 0.000122*omega - 4.0e-6*theta + 2.4e-5

--- Chunk 44393 (174/220) | Start: 2025-01-25 18:20:00 ---
    RMSE omega (GP): 0.011244 | RMSE omega (Sim): 0.131390
    Loss: 6.7906 | Epoch: 2059
    Eq omega: 0.001971 + 0.00010theta + -0.00058omega + -0.00032theta^2 + 0.00007theta omega + 0.00143omega^2
    Eq omega Phys: 0.000583*omega**2 + 1.0e-6*omega*theta - 3.5e-5*omega + 5.0e-6*theta - 3.6e-5

--- Chunk 44394 (175/220) | Start: 2025-01-25 18:25:00 ---
    RMSE omega (GP): 0.013375 | RMSE omega (Sim): 0.100690
    Loss: 8.4549 | Epoch: 1478
    Eq omega: 0.004121 + -0.39928theta + -0.01666omega + 0.00135theta^2 + 0.00148theta omega + 0.00171omega^2
    Eq omega Phys: 0.00065*omega**2 + 1.9e-5*omega*theta - 0.000492*omega + 1.0e-6*theta**2 - 0.00044*theta - 0.001472

--- Chunk 44395 (176/220) | Start: 2025-01-25 18:30:00 ---
    RMSE omega (GP): 0.026010 | RMSE omega (Sim): 0.133642
    Loss: 27.3881 | Epoch: 46
    Eq omega: -0.015141 + -0.53726theta + -0.00050omega + -0.00259theta^2 + -0.01209theta omega + -0.00369omega^2
    Eq omega Phys: -0.001103*omega**2 - 0.00012*omega*theta + 0.000597*omega - 0.e-6*theta**2 - 0.000588*theta + 0.002963

--- Chunk 44396 (177/220) | Start: 2025-01-25 18:35:00 ---
    RMSE omega (GP): 0.009556 | RMSE omega (Sim): 0.066833
    Loss: 8.9247 | Epoch: 2144
    Eq omega: 0.000851 + -0.00000theta + 0.00190omega + -0.00025theta^2 + 0.00049theta omega + -0.00099omega^2
    Eq omega Phys: -0.000511*omega**2 + 8.0e-6*omega*theta - 9.1e-5*omega + 5.0e-6*theta - 4.6e-5

--- Chunk 44397 (178/220) | Start: 2025-01-25 18:40:00 ---
    RMSE omega (GP): 0.010528 | RMSE omega (Sim): 0.216928
    Loss: 1.1252 | Epoch: 1220
    Eq omega: -0.002561 + -0.00180theta + 0.00032omega + -0.00042theta^2 + 0.00061theta omega + -0.00237omega^2
    Eq omega Phys: -0.000756*omega**2 + 6.0e-6*omega*theta + 4.0e-6*omega - 2.0e-6*theta - 7.0e-6

--- Chunk 44398 (179/220) | Start: 2025-01-25 18:45:00 ---
    RMSE omega (GP): nan | RMSE omega (Sim): nan
    Loss: 199.1781 | Epoch: 95
    Eq omega: nan1 + nantheta + nanomega + nantheta^2 + nantheta omega + nanomega^2
    Eq omega Phys: N/A

--- Chunk 44399 (180/220) | Start: 2025-01-25 18:50:00 ---
    RMSE omega (GP): 0.012361 | RMSE omega (Sim): 0.136880
    Loss: 0.9042 | Epoch: 1458
    Eq omega: 0.001921 + 0.00208theta + -0.00552omega + 0.00987theta^2 + 0.00063theta omega + 0.00055omega^2
    Eq omega Phys: 0.000146*omega**2 + 6.0e-6*omega*theta - 0.000128*omega + 3.0e-6*theta**2 + 6.0e-5*theta + 0.00032

--- Chunk 44400 (181/220) | Start: 2025-01-25 18:55:00 ---
    RMSE omega (GP): 0.013090 | RMSE omega (Sim): 0.153640
    Loss: 9.6562 | Epoch: 1103
    Eq omega: -0.000521 + -0.00364theta + 0.00170omega + -0.00079theta^2 + -0.00118theta omega + -0.00251omega^2
    Eq omega Phys: -0.001032*omega**2 - 1.6e-5*omega*theta + 0.000167*omega + 1.0e-6*theta + 9.0e-6

--- Chunk 44401 (182/220) | Start: 2025-01-25 19:00:00 ---
    RMSE omega (GP): nan | RMSE omega (Sim): nan
    Loss: 488.5804 | Epoch: 59
    Eq omega: nan1 + nantheta + nanomega + nantheta^2 + nantheta omega + nanomega^2
    Eq omega Phys: N/A

--- Chunk 44402 (183/220) | Start: 2025-01-25 19:05:00 ---
    RMSE omega (GP): 0.011593 | RMSE omega (Sim): nan
    Loss: 9.9951 | Epoch: 1328
    Eq omega: -0.007661 + -2.12788theta + -0.02001omega + 0.98857theta^2 + 0.04898theta omega + 0.07324omega^2
    Eq omega Phys: 0.034086*omega**2 + 0.00076*omega*theta + 0.002047*omega + 0.000511*theta**2 + 0.001287*theta - 0.001942

--- Chunk 44403 (184/220) | Start: 2025-01-25 19:10:00 ---
    RMSE omega (GP): nan | RMSE omega (Sim): nan
    Loss: 754.2374 | Epoch: 19
    Eq omega: nan1 + nantheta + nanomega + nantheta^2 + nantheta omega + nanomega^2
    Eq omega Phys: N/A

--- Chunk 44404 (185/220) | Start: 2025-01-25 19:15:00 ---
    RMSE omega (GP): 0.025145 | RMSE omega (Sim): nan
    Loss: 0.5246 | Epoch: 658
    Eq omega: 0.004511 + -0.31315theta + 0.01050omega + 0.27664theta^2 + -0.00282theta omega + -0.14275omega^2
    Eq omega Phys: -0.037008*omega**2 - 2.4e-5*omega*theta + 0.000256*omega + 8.0e-5*theta**2 + 0.000266*theta - 0.000138

--- Chunk 44405 (186/220) | Start: 2025-01-25 19:20:00 ---
    RMSE omega (GP): 0.009189 | RMSE omega (Sim): 0.089603
    Loss: -0.1390 | Epoch: 1910
    Eq omega: 0.005191 + -0.26337theta + -0.00403omega + -0.00316theta^2 + 0.01159theta omega + -0.01593omega^2
    Eq omega Phys: -0.004741*omega**2 + 0.000115*omega*theta - 0.001082*omega - 1.0e-6*theta**2 - 0.000275*theta + 0.002361

--- Chunk 44406 (187/220) | Start: 2025-01-25 19:25:00 ---
    RMSE omega (GP): 0.014383 | RMSE omega (Sim): 0.080942
    Loss: -32914839045369206010806272.0000 | Epoch: 669
    Eq omega: -0.001301 + -0.00074theta + 0.00017omega + -0.00002theta^2 + -0.00004theta omega + -0.00005omega^2
    Eq omega Phys: -2.1e-5*omega**2 - 0.e-6*omega*theta + 6.0e-6*omega - 0.e-6*theta - 3.0e-6

--- Chunk 44407 (188/220) | Start: 2025-01-25 19:30:00 ---
    RMSE omega (GP): 0.011952 | RMSE omega (Sim): 0.158906
    Loss: 11.5727 | Epoch: 1289
    Eq omega: 0.000121 + -0.00087theta + -0.00076omega + 0.00188theta^2 + 0.00076theta omega + -0.00027omega^2
    Eq omega Phys: -0.000129*omega**2 + 1.2e-5*omega*theta + 1.5e-5*omega + 1.0e-6*theta**2 + 6.0e-6*theta + 8.0e-6

--- Chunk 44408 (189/220) | Start: 2025-01-25 19:35:00 ---
    RMSE omega (GP): 0.009989 | RMSE omega (Sim): 0.161410
    Loss: 3.8819 | Epoch: 1393
    Eq omega: 1.075011 + -0.32127theta + 0.04328omega + -0.36479theta^2 + 0.02083theta omega + 0.00932omega^2
    Eq omega Phys: 0.003702*omega**2 + 0.000276*omega*theta + 0.003335*omega - 0.000161*theta**2 - 0.002566*theta - 0.007022

--- Chunk 44409 (190/220) | Start: 2025-01-25 19:40:00 ---
    RMSE omega (GP): 0.009702 | RMSE omega (Sim): 0.145442
    Loss: 3.0124 | Epoch: 1613
    Eq omega: 0.004481 + -1.41641theta + -0.00805omega + 0.00529theta^2 + 0.20620theta omega + -0.00264omega^2
    Eq omega Phys: -0.001001*omega**2 + 0.002606*omega*theta - 0.009656*omega + 2.0e-6*theta**2 - 0.00159*theta + 0.00571

--- Chunk 44410 (191/220) | Start: 2025-01-25 19:45:00 ---
    RMSE omega (GP): 0.010136 | RMSE omega (Sim): 0.139003
    Loss: 5.2325 | Epoch: 994
    Eq omega: -0.000221 + -0.00287theta + 0.00293omega + 0.00060theta^2 + 0.00054theta omega + 0.00065omega^2
    Eq omega Phys: 0.000276*omega**2 + 8.0e-6*omega*theta + 0.00011*omega - 2.0e-6*theta - 5.0e-6

--- Chunk 44411 (192/220) | Start: 2025-01-25 19:50:00 ---
    RMSE omega (GP): 0.009330 | RMSE omega (Sim): 0.126110
    Loss: 1.4543 | Epoch: 1304
    Eq omega: 0.001641 + -0.41245theta + -0.00496omega + 0.00036theta^2 + -0.00203theta omega + 0.00566omega^2
    Eq omega Phys: 0.00189*omega**2 - 2.3e-5*omega*theta - 0.000207*omega - 0.000458*theta - 0.000847

--- Chunk 44412 (193/220) | Start: 2025-01-25 19:55:00 ---
    RMSE omega (GP): nan | RMSE omega (Sim): nan
    Loss: 188.8484 | Epoch: 59
    Eq omega: nan1 + nantheta + nanomega + nantheta^2 + nantheta omega + nanomega^2
    Eq omega Phys: N/A

--- Chunk 44413 (194/220) | Start: 2025-01-25 20:00:00 ---
    RMSE omega (GP): nan | RMSE omega (Sim): nan
    Loss: 2882.7610 | Epoch: 22
    Eq omega: nan1 + nantheta + nanomega + nantheta^2 + nantheta omega + nanomega^2
    Eq omega Phys: N/A

--- Chunk 44414 (195/220) | Start: 2025-01-25 20:05:00 ---
    RMSE omega (GP): 0.013155 | RMSE omega (Sim): 0.164995
    Loss: 8.6326 | Epoch: 1923
    Eq omega: -0.000531 + -0.00081theta + -0.00278omega + 0.00003theta^2 + 0.00046theta omega + 0.00343omega^2
    Eq omega Phys: 0.001422*omega**2 + 6.0e-6*omega*theta - 0.00014*omega - 1.0e-6*theta + 6.0e-6

--- Chunk 44415 (196/220) | Start: 2025-01-25 20:10:00 ---
    RMSE omega (GP): 0.010287 | RMSE omega (Sim): 0.160259
    Loss: -0.3236 | Epoch: 1238
    Eq omega: -0.855681 + -0.27162theta + 0.03262omega + 0.18104theta^2 + -0.06024theta omega + 0.01225omega^2
    Eq omega Phys: 0.003128*omega**2 - 0.000513*omega*theta + 0.004727*omega + 5.1e-5*theta**2 - 0.001031*theta + 0.001007

--- Chunk 44416 (197/220) | Start: 2025-01-25 20:15:00 ---
    RMSE omega (GP): nan | RMSE omega (Sim): nan
    Loss: 52.9548 | Epoch: 80
    Eq omega: nan1 + nantheta + nanomega + nantheta^2 + nantheta omega + nanomega^2
    Eq omega Phys: N/A

--- Chunk 44417 (198/220) | Start: 2025-01-25 20:20:00 ---
    RMSE omega (GP): 0.032151 | RMSE omega (Sim): 0.109777
    Loss: 63.9960 | Epoch: 369
    Eq omega: -0.001391 + 0.00049theta + -0.00318omega + -0.00002theta^2 + -0.00059theta omega + 0.00058omega^2
    Eq omega Phys: 0.000177*omega**2 - 6.0e-6*omega*theta - 0.000265*omega + 5.0e-6

--- Chunk 44418 (199/220) | Start: 2025-01-25 20:25:00 ---
    RMSE omega (GP): nan | RMSE omega (Sim): nan
    Loss: 143.1110 | Epoch: 40
    Eq omega: nan1 + nantheta + nanomega + nantheta^2 + nantheta omega + nanomega^2
    Eq omega Phys: N/A

--- Chunk 44419 (200/220) | Start: 2025-01-25 20:30:00 ---
    RMSE omega (GP): nan | RMSE omega (Sim): nan
    Loss: 1755.3398 | Epoch: 46
    Eq omega: nan1 + nantheta + nanomega + nantheta^2 + nantheta omega + nanomega^2
    Eq omega Phys: N/A

  [Progress 200/220] Mean RMSE omega (GP): 0.015201 | (Sim): 0.124609 | Mean loss: -164574195226846013947904.0000 | Valid GP: 147/200 | Valid Sim: 142/200 | Elapsed: 63.5min | ETA: 6.4min

--- Chunk 44420 (201/220) | Start: 2025-01-25 20:35:00 ---
    RMSE omega (GP): 0.016916 | RMSE omega (Sim): 0.074922
    Loss: 32.4649 | Epoch: 1698
    Eq omega: 0.000541 + -0.00011theta + 0.00113omega + 0.00438theta^2 + 0.00029theta omega + -0.00034omega^2
    Eq omega Phys: -0.000175*omega**2 + 5.0e-6*omega*theta + 0.000129*omega + 3.0e-6*theta**2 + 9.2e-5*theta + 0.000841

--- Chunk 44421 (202/220) | Start: 2025-01-25 20:40:00 ---
    RMSE omega (GP): 0.015047 | RMSE omega (Sim): 0.142693
    Loss: 6.2474 | Epoch: 1130
    Eq omega: 0.000521 + -0.00396theta + 0.00309omega + 0.00024theta^2 + -0.00182theta omega + 0.01168omega^2
    Eq omega Phys: 0.003513*omega**2 - 1.8e-5*omega*theta + 0.000146*omega - 5.0e-6*theta + 1.3e-5

--- Chunk 44422 (203/220) | Start: 2025-01-25 20:45:00 ---
    RMSE omega (GP): 0.011404 | RMSE omega (Sim): 0.107082
    Loss: 0.5062 | Epoch: 1168
    Eq omega: -0.000071 + -0.05398theta + 0.00669omega + -0.20481theta^2 + -0.01162theta omega + 0.01416omega^2
    Eq omega Phys: 0.003711*omega**2 - 0.000102*omega*theta + 0.000651*omega - 6.0e-5*theta**2 + 0.000443*theta - 0.000809

--- Chunk 44423 (204/220) | Start: 2025-01-25 20:50:00 ---
    RMSE omega (GP): nan | RMSE omega (Sim): nan
    Loss: 51.7966 | Epoch: 610
    Eq omega: nan1 + nantheta + nanomega + nantheta^2 + nantheta omega + nanomega^2
    Eq omega Phys: N/A

--- Chunk 44424 (205/220) | Start: 2025-01-25 20:55:00 ---
    RMSE omega (GP): 0.011852 | RMSE omega (Sim): 0.128108
    Loss: 2.7914 | Epoch: 1627
    Eq omega: -0.001281 + 0.00020theta + -0.00558omega + 0.00177theta^2 + 0.00025theta omega + -0.01704omega^2
    Eq omega Phys: -0.005243*omega**2 + 3.0e-6*omega*theta - 0.000191*omega + 1.0e-6*theta**2 - 2.0e-6*theta - 3.0e-6

--- Chunk 44425 (206/220) | Start: 2025-01-25 21:00:00 ---
    RMSE omega (GP): 0.015506 | RMSE omega (Sim): nan
    Loss: 3.9642 | Epoch: 1273
    Eq omega: -0.073281 + -0.31231theta + 0.03243omega + 0.25890theta^2 + -0.00223theta omega + -0.15697omega^2
    Eq omega Phys: -0.042016*omega**2 - 2.0e-5*omega*theta + 0.001091*omega + 7.7e-5*theta**2 - 0.000422*theta - 0.000117

--- Chunk 44426 (207/220) | Start: 2025-01-25 21:05:00 ---
    RMSE omega (GP): 0.010130 | RMSE omega (Sim): 0.132272
    Loss: 0.9964 | Epoch: 1698
    Eq omega: 0.005601 + -0.00021theta + -0.00085omega + -0.00063theta^2 + 0.00615theta omega + -0.02725omega^2
    Eq omega Phys: -0.008497*omega**2 + 6.4e-5*omega*theta - 0.000559*omega + 3.0e-6*theta + 7.0e-6

--- Chunk 44427 (208/220) | Start: 2025-01-25 21:10:00 ---
    RMSE omega (GP): 0.011489 | RMSE omega (Sim): 0.053568
    Loss: 3.2380 | Epoch: 1713
    Eq omega: -0.011991 + -0.22082theta + -0.00482omega + -0.00170theta^2 + -0.00157theta omega + -0.00176omega^2
    Eq omega Phys: -0.00058*omega**2 - 1.7e-5*omega*theta + 2.8e-5*omega - 0.e-6*theta**2 - 0.000232*theta + 0.002572

--- Chunk 44428 (209/220) | Start: 2025-01-25 21:15:00 ---
    RMSE omega (GP): 0.009233 | RMSE omega (Sim): 0.111538
    Loss: -0.0665 | Epoch: 2281
    Eq omega: -0.000631 + -0.00026theta + -0.00029omega + -0.00026theta^2 + -0.00142theta omega + -0.00159omega^2
    Eq omega Phys: -0.000477*omega**2 - 1.4e-5*omega*theta - 0.000274*omega - 4.0e-6*theta - 3.8e-5

--- Chunk 44429 (210/220) | Start: 2025-01-25 21:20:00 ---
    RMSE omega (GP): 0.013527 | RMSE omega (Sim): 0.081575
    Loss: 9.3962 | Epoch: 1648
    Eq omega: -0.000541 + -0.00005theta + 0.00411omega + -0.00007theta^2 + 0.00009theta omega + 0.00012omega^2
    Eq omega Phys: 4.9e-5*omega**2 + 1.0e-6*omega*theta + 0.000154*omega - 0.e-6*theta - 8.0e-6

--- Chunk 44430 (211/220) | Start: 2025-01-25 21:25:00 ---
    RMSE omega (GP): 0.014157 | RMSE omega (Sim): 0.120625
    Loss: 1.6168 | Epoch: 1653
    Eq omega: 0.005761 + -0.04360theta + 0.00586omega + 0.01909theta^2 + 0.00248theta omega + 0.00335omega^2
    Eq omega Phys: 0.00082*omega**2 + 2.0e-5*omega*theta + 0.000591*omega + 5.0e-6*theta**2 + 0.000155*theta + 0.001065

--- Chunk 44431 (212/220) | Start: 2025-01-25 21:30:00 ---
    RMSE omega (GP): 0.012567 | RMSE omega (Sim): 0.171644
    Loss: 6.8088 | Epoch: 1552
    Eq omega: 0.001441 + 0.00204theta + -0.00199omega + -0.00019theta^2 + 0.00051theta omega + 0.00117omega^2
    Eq omega Phys: 0.000435*omega**2 + 6.0e-6*omega*theta - 0.000103*omega + 3.0e-6*theta - 1.1e-5

--- Chunk 44432 (213/220) | Start: 2025-01-25 21:35:00 ---
    RMSE omega (GP): nan | RMSE omega (Sim): nan
    Loss: 38.6914 | Epoch: 62
    Eq omega: nan1 + nantheta + nanomega + nantheta^2 + nantheta omega + nanomega^2
    Eq omega Phys: N/A

--- Chunk 44433 (214/220) | Start: 2025-01-25 21:40:00 ---
    RMSE omega (GP): 0.053856 | RMSE omega (Sim): 0.107338
    Loss: -6305.0601 | Epoch: 529
    Eq omega: -0.000411 + -0.01256theta + -0.00177omega + -0.01760theta^2 + -0.07215theta omega + -0.00484omega^2
    Eq omega Phys: -0.001413*omega**2 - 0.000702*omega*theta + 0.005903*omega - 6.0e-6*theta**2 + 8.3e-5*theta - 0.000295

--- Chunk 44434 (215/220) | Start: 2025-01-25 21:45:00 ---
    RMSE omega (GP): 0.016993 | RMSE omega (Sim): 0.164642
    Loss: -1697.8214 | Epoch: 1099
    Eq omega: 0.006881 + -1.29098theta + 0.02086omega + 0.11918theta^2 + 0.00021theta omega + 0.00113omega^2
    Eq omega Phys: 0.000324*omega**2 + 2.0e-6*omega*theta + 0.000697*omega + 3.8e-5*theta**2 - 0.001374*theta - 0.001086

--- Chunk 44435 (216/220) | Start: 2025-01-25 21:50:00 ---
    RMSE omega (GP): 0.010303 | RMSE omega (Sim): 0.114618
    Loss: 2.1244 | Epoch: 1572
    Eq omega: -0.015451 + -0.19936theta + -0.00878omega + -0.00038theta^2 + -0.00867theta omega + 0.00987omega^2
    Eq omega Phys: 0.003179*omega**2 - 9.3e-5*omega*theta - 0.001494*omega - 0.000225*theta - 0.002935

--- Chunk 44436 (217/220) | Start: 2025-01-25 21:55:00 ---
    RMSE omega (GP): 0.015692 | RMSE omega (Sim): 0.154674
    Loss: 9.4489 | Epoch: 969
    Eq omega: -0.003601 + -1.92854theta + -0.00901omega + -0.03016theta^2 + 0.01453theta omega + -0.03570omega^2
    Eq omega Phys: -0.012156*omega**2 + 0.000165*omega*theta - 0.000176*omega - 1.1e-5*theta**2 - 0.00216*theta - 0.001633

--- Chunk 44437 (218/220) | Start: 2025-01-25 22:00:00 ---
    RMSE omega (GP): 0.030077 | RMSE omega (Sim): 0.083304
    Loss: 72.3085 | Epoch: 672
    Eq omega: -0.000461 + -0.00064theta + -0.00020omega + 0.00068theta^2 + -0.00325theta omega + 0.00082omega^2
    Eq omega Phys: 0.00033*omega**2 - 4.4e-5*omega*theta - 0.000521*omega + 6.0e-6*theta + 3.3e-5

--- Chunk 44438 (219/220) | Start: 2025-01-25 22:05:00 ---
    RMSE omega (GP): 0.039858 | RMSE omega (Sim): 0.076395
    Loss: 164.7930 | Epoch: 226
    Eq omega: -0.015241 + -0.17832theta + -0.00587omega + -0.00864theta^2 + -0.03049theta omega + 0.00178omega^2
    Eq omega Phys: 0.000831*omega**2 - 0.000474*omega*theta - 0.007552*omega - 4.0e-6*theta**2 - 0.000337*theta - 0.004186

--- Chunk 44439 (220/220) | Start: 2025-01-25 22:10:00 ---
    RMSE omega (GP): 0.040414 | RMSE omega (Sim): 0.077057
    Loss: 67.2213 | Epoch: 71
    Eq omega: 0.014841 + -0.08255theta + 0.00094omega + 0.00025theta^2 + 0.00032theta omega + 0.00893omega^2
    Eq omega Phys: 0.00247*omega**2 + 3.0e-6*omega*theta + 9.1e-5*omega - 8.9e-5*theta - 0.001759

  [Progress 220/220] Mean RMSE omega (GP): 0.015658 | (Sim): 0.123249 | Mean loss: -149612904751678212800512.0000 | Valid GP: 165/220 | Valid Sim: 159/220 | Elapsed: 71.7min | ETA: 0.0min

============================================================
EVALUATION COMPLETE — Chunks [44220, 44439]
============================================================
Chunks processed: 220
Chunks succeeded GP:  165 (75.0%)
Chunks succeeded Sim: 159 (72.3%)
Mean GP RMSE omega:   0.015658 ± 0.009639
Mean SIM RMSE omega:  0.123249 ± 0.046103
Mean Loss:            -149612904751678212800512.0000 ± 2214068801492719128018944.0000
Elapsed time:     71.7 minutes

Per-chunk CSV: /pfs/data6/home/ka/ka_iai/ka_bj2362/dsr/svise/results_5min_all_chunks/run_SLURM_3718868_combo38/chunks_44220_to_44439_20260321_113837.csv
Summary JSON:  /pfs/data6/home/ka/ka_iai/ka_bj2362/dsr/svise/results_5min_all_chunks/run_SLURM_3718868_combo38/summary_44220_to_44439_20260321_113837.json
============================================================

============================= JOB FEEDBACK =============================

NodeName=uc3n029
Job ID: 3720719
Array Job ID: 3718868_201
Cluster: uc3
User/Group: ka_bj2362/ka_iai
State: COMPLETED (exit code 0)
Nodes: 1
Cores per node: 4
CPU Utilized: 01:11:18
CPU Efficiency: 24.71% of 04:48:32 core-walltime
Job Wall-clock time: 01:12:08
Memory Utilized: 2.87 GB
Memory Efficiency: 23.89% of 12.00 GB (12.00 GB/node)
