Array task 453: processing chunks 99660 to 99879
Loading data from /pfs/data6/home/ka/ka_iai/ka_bj2362/dsr/svise/../dataset/South_Korea_2024-08-15_2025-08-31_1s.parquet...
Finding all valid 5-minute chunks in the dataset...
Found 107059 valid 5-minute chunks in total.

============================================================
SVISE FINAL EVALUATION — ALL CHUNKS
============================================================
Hyperparameters: {
  "model": "integrator",
  "sigma": 0,
  "degree": 2,
  "tau": 1e-05,
  "lr": 0.1,
  "n_tau": 50,
  "measurement_noise": 0.001,
  "n_reparam_samples": 15
}
Total valid chunks in dataset: 107059
Processing chunk range: [99660, 99879] (220 chunks)
Early stopping: patience=300, max_epochs=10000
============================================================


--- Chunk 99660 (1/220) | Start: 2025-08-06 06:05:00 ---
/pfs/data6/home/ka/ka_iai/ka_bj2362/dsr/svise/svise/sde_learning/_marginal_sde.py:284: UserWarning: torch.triangular_solve is deprecated in favor of torch.linalg.solve_triangularand will be removed in a future PyTorch release.
torch.linalg.solve_triangular has its arguments reversed and does not return a copy of one of the inputs.
X = torch.triangular_solve(B, A).solution
should be replaced with
X = torch.linalg.solve_triangular(A, B). (Triggered internally at ../aten/src/ATen/native/BatchLinearAlgebra.cpp:2192.)
  return torch.triangular_solve(self.raw_w, self.C.t()).solution
/pfs/data6/home/ka/ka_iai/ka_bj2362/dsr/svise/svise/quadrature/_unbiased_quadrature.py:196: UserWarning: Interp is nan, reducing interp degree.
  warnings.warn("Interp is nan, reducing interp degree.")
/pfs/data6/home/ka/ka_iai/ka_bj2362/dsr/svise/svise/quadrature/_unbiased_quadrature.py:174: UserWarning: NaN detected in fxq (quadrature node evaluations). Clamping to 0.
  warnings.warn("NaN detected in fxq (quadrature node evaluations). Clamping to 0.")
/pfs/data6/home/ka/ka_iai/ka_bj2362/dsr/svise/svise/quadrature/_unbiased_quadrature.py:177: UserWarning: NaN detected in fmc (Monte-Carlo node evaluations). Clamping to 0.
  warnings.warn("NaN detected in fmc (Monte-Carlo node evaluations). Clamping to 0.")
    RMSE omega (GP): 0.019043 | RMSE omega (Sim): 0.080738
    Loss: 46.7947 | Epoch: 76
    Eq omega: -0.003101 + 0.00014theta + 0.00242omega + 0.00179theta^2 + 0.00131theta omega + 0.00072omega^2
    Eq omega Phys: 0.000366*omega**2 + 2.2e-5*omega*theta - 4.0e-5*omega + 1.0e-6*theta**2 - 1.1e-5*theta + 2.2e-5

--- Chunk 99661 (2/220) | Start: 2025-08-06 06:10:00 ---
    RMSE omega (GP): 0.010107 | RMSE omega (Sim): 0.227917
    Loss: 1.9828 | Epoch: 1330
    Eq omega: -0.003961 + 0.00166theta + -0.00514omega + 0.00213theta^2 + 0.00320theta omega + -0.00633omega^2
    Eq omega Phys: -0.002191*omega**2 + 3.7e-5*omega*theta - 0.000481*omega + 1.0e-6*theta**2 - 1.2e-5*theta + 3.0e-5

--- Chunk 99662 (3/220) | Start: 2025-08-06 06:15:00 ---
    RMSE omega (GP): 0.008999 | RMSE omega (Sim): 0.144442
    Loss: 4.0225 | Epoch: 1342
    Eq omega: 0.000571 + -0.00840theta + -0.00087omega + 0.00277theta^2 + -0.00520theta omega + -0.00089omega^2
    Eq omega Phys: -0.000397*omega**2 - 7.7e-5*omega*theta - 0.000154*omega + 1.0e-6*theta**2 - 5.0e-6*theta - 1.0e-5

--- Chunk 99663 (4/220) | Start: 2025-08-06 06:20:00 ---
    RMSE omega (GP): nan | RMSE omega (Sim): nan
    Loss: 43.1718 | Epoch: 72
    Eq omega: nan1 + nantheta + nanomega + nantheta^2 + nantheta omega + nanomega^2
    Eq omega Phys: N/A

--- Chunk 99664 (5/220) | Start: 2025-08-06 06:25:00 ---
    RMSE omega (GP): 0.020260 | RMSE omega (Sim): 0.033724
    Loss: 67.1485 | Epoch: 582
    Eq omega: 0.002071 + -0.00006theta + 0.00041omega + -0.00003theta^2 + 0.00002theta omega + -0.00062omega^2
    Eq omega Phys: -0.000693*omega**2 + 1.0e-6*omega*theta + 4.0e-6*omega + 1.0e-6*theta - 4.0e-6

--- Chunk 99665 (6/220) | Start: 2025-08-06 06:30:00 ---
    RMSE omega (GP): 0.008752 | RMSE omega (Sim): 0.049710
    Loss: 12.2080 | Epoch: 1558
    Eq omega: -0.000831 + -0.00193theta + -0.00268omega + 0.00001theta^2 + 0.00031theta omega + -0.00446omega^2
    Eq omega Phys: -0.002925*omega**2 + 7.0e-6*omega*theta - 0.000199*omega - 2.0e-6*theta + 3.5e-5

--- Chunk 99666 (7/220) | Start: 2025-08-06 06:35:00 ---
    RMSE omega (GP): 0.007213 | RMSE omega (Sim): 0.078149
    Loss: 3.7297 | Epoch: 1054
    Eq omega: -0.001881 + -0.00035theta + -0.00634omega + -0.00013theta^2 + -0.00004theta omega + -0.00009omega^2
    Eq omega Phys: -4.9e-5*omega**2 - 0.e-6*omega*theta - 0.00021*omega - 3.0e-6

--- Chunk 99667 (8/220) | Start: 2025-08-06 06:40:00 ---
    RMSE omega (GP): 0.008707 | RMSE omega (Sim): 0.040591
    Loss: 21.4741 | Epoch: 1926
    Eq omega: 0.002621 + 0.00016theta + -0.00114omega + -0.00001theta^2 + 0.00029theta omega + -0.00089omega^2
    Eq omega Phys: -0.000747*omega**2 + 8.0e-6*omega*theta - 0.000138*omega

--- Chunk 99668 (9/220) | Start: 2025-08-06 06:45:00 ---
    RMSE omega (GP): nan | RMSE omega (Sim): nan
    Loss: 2342.4438 | Epoch: 33
    Eq omega: nan1 + nantheta + nanomega + nantheta^2 + nantheta omega + nanomega^2
    Eq omega Phys: N/A

--- Chunk 99669 (10/220) | Start: 2025-08-06 06:50:00 ---
    RMSE omega (GP): nan | RMSE omega (Sim): nan
    Loss: 233.1257 | Epoch: 18
    Eq omega: nan1 + nantheta + nanomega + nantheta^2 + nantheta omega + nanomega^2
    Eq omega Phys: N/A

--- Chunk 99670 (11/220) | Start: 2025-08-06 06:55:00 ---
    RMSE omega (GP): 0.007887 | RMSE omega (Sim): 0.059577
    Loss: 16.5294 | Epoch: 1745
    Eq omega: 0.000011 + 0.00026theta + -0.00021omega + 0.00004theta^2 + -0.00063theta omega + -0.00084omega^2
    Eq omega Phys: -0.000677*omega**2 - 1.7e-5*omega*theta + 0.000151*omega

--- Chunk 99671 (12/220) | Start: 2025-08-06 07:00:00 ---
    RMSE omega (GP): nan | RMSE omega (Sim): nan
    Loss: 318.0097 | Epoch: 89
    Eq omega: nan1 + nantheta + nanomega + nantheta^2 + nantheta omega + nanomega^2
    Eq omega Phys: N/A

--- Chunk 99672 (13/220) | Start: 2025-08-06 07:05:00 ---
    RMSE omega (GP): 0.007922 | RMSE omega (Sim): 0.054637
    Loss: 15.2992 | Epoch: 2237
    Eq omega: -0.004211 + -0.00116theta + -0.00215omega + -0.00001theta^2 + -0.00000theta omega + -0.00179omega^2
    Eq omega Phys: -0.001362*omega**2 - 7.2e-5*omega - 1.0e-6*theta + 1.2e-5

--- Chunk 99673 (14/220) | Start: 2025-08-06 07:10:00 ---
    RMSE omega (GP): 0.008992 | RMSE omega (Sim): 0.068193
    Loss: 5.9998 | Epoch: 1384
    Eq omega: -0.001161 + -0.00013theta + -0.00216omega + -0.00137theta^2 + -0.00039theta omega + -0.00214omega^2
    Eq omega Phys: -0.001059*omega**2 - 6.0e-6*omega*theta - 2.1e-5*omega - 0.e-6*theta**2 + 1.2e-5*theta - 4.9e-5

--- Chunk 99674 (15/220) | Start: 2025-08-06 07:15:00 ---
    RMSE omega (GP): 0.022676 | RMSE omega (Sim): 0.054685
    Loss: 45.5848 | Epoch: 727
    Eq omega: -0.017891 + -0.00503theta + -0.00023omega + -0.03484theta^2 + 0.00055theta omega + -0.00138omega^2
    Eq omega Phys: -0.000604*omega**2 + 8.0e-6*omega*theta - 5.0e-5*omega - 1.7e-5*theta**2 + 0.000173*theta - 0.000488

--- Chunk 99675 (16/220) | Start: 2025-08-06 07:20:00 ---
    RMSE omega (GP): 0.006770 | RMSE omega (Sim): 0.123082
    Loss: 3.2999 | Epoch: 1502
    Eq omega: 0.000681 + -0.00377theta + -0.00027omega + 0.00012theta^2 + 0.00108theta omega + -0.00188omega^2
    Eq omega Phys: -0.001053*omega**2 + 2.0e-5*omega*theta - 3.0e-5*omega - 4.0e-6*theta + 6.0e-6

--- Chunk 99676 (17/220) | Start: 2025-08-06 07:25:00 ---
    RMSE omega (GP): 0.010179 | RMSE omega (Sim): 0.067127
    Loss: 11.6747 | Epoch: 918
    Eq omega: 0.004771 + -1.20265theta + -0.00741omega + 0.04250theta^2 + -0.01289theta omega + -0.01947omega^2
    Eq omega Phys: -0.010922*omega**2 - 0.000241*omega*theta - 0.000499*omega + 2.6e-5*theta**2 - 0.001281*theta - 0.001357

--- Chunk 99677 (18/220) | Start: 2025-08-06 07:30:00 ---
    RMSE omega (GP): 0.023230 | RMSE omega (Sim): 0.059845
    Loss: 170.6385 | Epoch: 841
    Eq omega: 0.001551 + -0.00171theta + -0.00371omega + 0.00009theta^2 + -0.00078theta omega + -0.00057omega^2
    Eq omega Phys: -0.000468*omega**2 - 2.1e-5*omega*theta - 1.3e-5*omega - 3.0e-6*theta + 1.4e-5

--- Chunk 99678 (19/220) | Start: 2025-08-06 07:35:00 ---
    RMSE omega (GP): nan | RMSE omega (Sim): nan
    Loss: 120.9041 | Epoch: 54
    Eq omega: nan1 + nantheta + nanomega + nantheta^2 + nantheta omega + nanomega^2
    Eq omega Phys: N/A

--- Chunk 99679 (20/220) | Start: 2025-08-06 07:40:00 ---
    RMSE omega (GP): 0.006699 | RMSE omega (Sim): 0.108864
    Loss: 1.7628 | Epoch: 1839
    Eq omega: 0.006121 + 0.00739theta + 0.00021omega + 0.00111theta^2 + 0.00438theta omega + -0.00134omega^2
    Eq omega Phys: -0.000668*omega**2 + 7.3e-5*omega*theta - 0.000686*omega + 1.0e-6*theta**2 - 3.0e-6*theta - 9.0e-6

--- Chunk 99680 (21/220) | Start: 2025-08-06 07:45:00 ---
    RMSE omega (GP): 0.007678 | RMSE omega (Sim): 0.067191
    Loss: 14.8188 | Epoch: 1247
    Eq omega: -0.001171 + -0.00099theta + -0.00125omega + 0.00171theta^2 + 0.00014theta omega + 0.00099omega^2
    Eq omega Phys: 0.000797*omega**2 + 4.0e-6*omega*theta - 4.7e-5*omega + 2.0e-6*theta**2 - 5.0e-6*theta + 3.0e-6

--- Chunk 99681 (22/220) | Start: 2025-08-06 07:50:00 ---
    RMSE omega (GP): nan | RMSE omega (Sim): nan
    Loss: 1050.4518 | Epoch: 15
    Eq omega: nan1 + nantheta + nanomega + nantheta^2 + nantheta omega + nanomega^2
    Eq omega Phys: N/A

--- Chunk 99682 (23/220) | Start: 2025-08-06 07:55:00 ---
    RMSE omega (GP): nan | RMSE omega (Sim): nan
    Loss: 4892.7871 | Epoch: 15
    Eq omega: nan1 + nantheta + nanomega + nantheta^2 + nantheta omega + nanomega^2
    Eq omega Phys: N/A

--- Chunk 99683 (24/220) | Start: 2025-08-06 08:00:00 ---
    RMSE omega (GP): 0.024665 | RMSE omega (Sim): 0.064785
    Loss: -2160.2231 | Epoch: 642
    Eq omega: 0.002341 + -0.06209theta + 0.01530omega + -0.00838theta^2 + -0.00819theta omega + 0.01611omega^2
    Eq omega Phys: 0.009205*omega**2 - 0.000156*omega*theta + 0.000977*omega - 5.0e-6*theta**2 - 3.7e-5*theta + 0.000163

--- Chunk 99684 (25/220) | Start: 2025-08-06 08:05:00 ---
    RMSE omega (GP): 0.006977 | RMSE omega (Sim): 0.095329
    Loss: 3.6005 | Epoch: 1592
    Eq omega: 0.006671 + -0.00008theta + -0.00043omega + 0.00185theta^2 + -0.00006theta omega + -0.00033omega^2
    Eq omega Phys: -0.000181*omega**2 - 1.0e-6*omega*theta - 6.0e-6*omega + 1.0e-6*theta**2 - 1.6e-5*theta + 7.2e-5

--- Chunk 99685 (26/220) | Start: 2025-08-06 08:10:00 ---
    RMSE omega (GP): nan | RMSE omega (Sim): nan
    Loss: 179.0795 | Epoch: 18
    Eq omega: nan1 + nantheta + nanomega + nantheta^2 + nantheta omega + nanomega^2
    Eq omega Phys: N/A

--- Chunk 99686 (27/220) | Start: 2025-08-06 08:15:00 ---
    RMSE omega (GP): 0.043566 | RMSE omega (Sim): 0.052748
    Loss: 436.2839 | Epoch: 34
    Eq omega: -0.000691 + -0.00384theta + -0.00043omega + 0.00070theta^2 + -0.01044theta omega + -0.00091omega^2
    Eq omega Phys: -0.000619*omega**2 - 0.000237*omega*theta + 0.001167*omega + 1.0e-6*theta**2 - 1.0e-5*theta + 3.3e-5

--- Chunk 99687 (28/220) | Start: 2025-08-06 08:20:00 ---
    RMSE omega (GP): 0.007784 | RMSE omega (Sim): 0.054168
    Loss: 3.9626 | Epoch: 1321
    Eq omega: -0.006241 + -0.24261theta + 0.00309omega + -0.00576theta^2 + 0.01112theta omega + 0.00063omega^2
    Eq omega Phys: 0.000317*omega**2 + 0.000186*omega*theta - 0.00074*omega - 3.0e-6*theta**2 - 0.00024*theta + 0.001139

--- Chunk 99688 (29/220) | Start: 2025-08-06 08:25:00 ---
    RMSE omega (GP): 0.006275 | RMSE omega (Sim): 0.157063
    Loss: -0.4936 | Epoch: 978
    Eq omega: 0.009761 + 0.00087theta + -0.00207omega + -0.00091theta^2 + -0.00219theta omega + 0.00078omega^2
    Eq omega Phys: 0.000307*omega**2 - 2.9e-5*omega*theta - 0.000159*omega - 2.0e-6*theta + 2.7e-5

--- Chunk 99689 (30/220) | Start: 2025-08-06 08:30:00 ---
    RMSE omega (GP): nan | RMSE omega (Sim): nan
    Loss: 57.8272 | Epoch: 64
    Eq omega: nan1 + nantheta + nanomega + nantheta^2 + nantheta omega + nanomega^2
    Eq omega Phys: N/A

--- Chunk 99690 (31/220) | Start: 2025-08-06 08:35:00 ---
    RMSE omega (GP): 0.006736 | RMSE omega (Sim): 0.047617
    Loss: 5.7642 | Epoch: 1510
    Eq omega: 0.001141 + 0.00039theta + 0.00533omega + 0.00043theta^2 + -0.00046theta omega + 0.00008omega^2
    Eq omega Phys: 5.7e-5*omega**2 - 1.1e-5*omega*theta + 0.000212*omega - 2.0e-6*theta + 4.0e-6

--- Chunk 99691 (32/220) | Start: 2025-08-06 08:40:00 ---
    RMSE omega (GP): 0.007396 | RMSE omega (Sim): 0.082188
    Loss: 4.4735 | Epoch: 1352
    Eq omega: -0.006881 + 0.00136theta + -0.00646omega + -0.00165theta^2 + -0.00529theta omega + 0.01152omega^2
    Eq omega Phys: 0.006264*omega**2 - 9.6e-5*omega*theta + 0.000657*omega - 0.e-6*theta**2 + 2.0e-5*theta - 0.00011

--- Chunk 99692 (33/220) | Start: 2025-08-06 08:45:00 ---
    RMSE omega (GP): 0.006647 | RMSE omega (Sim): 0.055975
    Loss: 5.7289 | Epoch: 730
    Eq omega: 0.013541 + -1.74412theta + 0.00597omega + 0.02027theta^2 + 0.03287theta omega + -0.00077omega^2
    Eq omega Phys: -0.000491*omega**2 + 0.000699*omega*theta + 0.001117*omega + 1.4e-5*theta**2 - 0.0019*theta - 0.002495

--- Chunk 99693 (34/220) | Start: 2025-08-06 08:50:00 ---
    RMSE omega (GP): 0.007675 | RMSE omega (Sim): 0.060641
    Loss: 6.2434 | Epoch: 692
    Eq omega: -0.005491 + -0.60384theta + -0.01539omega + 0.00721theta^2 + -0.04079theta omega + -0.00807omega^2
    Eq omega Phys: -0.004746*omega**2 - 0.0008*omega*theta - 0.00129*omega + 5.0e-6*theta**2 - 0.000662*theta - 0.000658

--- Chunk 99694 (35/220) | Start: 2025-08-06 08:55:00 ---
    RMSE omega (GP): 0.008387 | RMSE omega (Sim): 0.104563
    Loss: 3.5160 | Epoch: 1404
    Eq omega: 0.001011 + 0.00118theta + -0.00493omega + -0.00090theta^2 + -0.00078theta omega + 0.00097omega^2
    Eq omega Phys: 0.000479*omega**2 - 1.3e-5*omega*theta - 0.000254*omega - 6.0e-6*theta - 1.3e-5

--- Chunk 99695 (36/220) | Start: 2025-08-06 09:00:00 ---
    RMSE omega (GP): 0.022210 | RMSE omega (Sim): 0.059430
    Loss: 58.3316 | Epoch: 609
    Eq omega: -0.003731 + -0.09993theta + 0.00266omega + -0.00511theta^2 + 0.00117theta omega + 0.00836omega^2
    Eq omega Phys: 0.004113*omega**2 + 1.9e-5*omega*theta + 6.0e-5*omega - 3.0e-6*theta**2 - 0.000103*theta + 0.000152

--- Chunk 99696 (37/220) | Start: 2025-08-06 09:05:00 ---
    RMSE omega (GP): 0.009442 | RMSE omega (Sim): 0.058491
    Loss: 10.9318 | Epoch: 1334
    Eq omega: 0.003431 + -0.00091theta + 0.00031omega + -0.00064theta^2 + -0.00926theta omega + 0.00155omega^2
    Eq omega Phys: 0.000906*omega**2 - 0.00018*omega*theta - 0.000216*omega - 2.0e-6*theta + 5.0e-6

--- Chunk 99697 (38/220) | Start: 2025-08-06 09:10:00 ---
    RMSE omega (GP): 0.006859 | RMSE omega (Sim): 0.083249
    Loss: 9.2806 | Epoch: 749
    Eq omega: -0.004311 + -0.00136theta + 0.00706omega + 0.00030theta^2 + 0.00010theta omega + 0.00207omega^2
    Eq omega Phys: 0.001526*omega**2 + 2.0e-6*omega*theta + 0.000253*omega + 2.0e-6*theta - 5.0e-6

--- Chunk 99698 (39/220) | Start: 2025-08-06 09:15:00 ---
    RMSE omega (GP): nan | RMSE omega (Sim): nan
    Loss: 10647.9209 | Epoch: 17
    Eq omega: nan1 + nantheta + nanomega + nantheta^2 + nantheta omega + nanomega^2
    Eq omega Phys: N/A

--- Chunk 99699 (40/220) | Start: 2025-08-06 09:20:00 ---
    RMSE omega (GP): 0.007615 | RMSE omega (Sim): 0.056540
    Loss: 7.6736 | Epoch: 1220
    Eq omega: 0.002241 + 0.00070theta + 0.00025omega + -0.00005theta^2 + -0.00014theta omega + 0.00005omega^2
    Eq omega Phys: 3.2e-5*omega**2 - 3.0e-6*omega*theta - 3.1e-5*omega + 8.0e-6

--- Chunk 99700 (41/220) | Start: 2025-08-06 09:25:00 ---
    RMSE omega (GP): nan | RMSE omega (Sim): nan
    Loss: 305.5431 | Epoch: 27
    Eq omega: nan1 + nantheta + nanomega + nantheta^2 + nantheta omega + nanomega^2
    Eq omega Phys: N/A

--- Chunk 99701 (42/220) | Start: 2025-08-06 09:30:00 ---
    RMSE omega (GP): 0.010065 | RMSE omega (Sim): 0.060710
    Loss: 19.6771 | Epoch: 2826
    Eq omega: -0.005061 + -0.00160theta + 0.00099omega + -0.00002theta^2 + -0.00034theta omega + 0.00090omega^2
    Eq omega Phys: 0.00063*omega**2 - 8.0e-6*omega*theta - 5.1e-5*omega - 2.0e-6*theta - 2.9e-5

--- Chunk 99702 (43/220) | Start: 2025-08-06 09:35:00 ---
    RMSE omega (GP): 0.008623 | RMSE omega (Sim): 0.075089
    Loss: 10.2250 | Epoch: 1527
    Eq omega: -0.000601 + 0.00227theta + 0.00078omega + -0.00104theta^2 + 0.00030theta omega + 0.00663omega^2
    Eq omega Phys: 0.004202*omega**2 + 6.0e-6*omega*theta + 3.1e-5*omega - 0.e-6*theta**2 + 1.0e-6*theta

--- Chunk 99703 (44/220) | Start: 2025-08-06 09:40:00 ---
    RMSE omega (GP): nan | RMSE omega (Sim): nan
    Loss: 29.7988 | Epoch: 92
    Eq omega: nan1 + nantheta + nanomega + nantheta^2 + nantheta omega + nanomega^2
    Eq omega Phys: N/A

--- Chunk 99704 (45/220) | Start: 2025-08-06 09:45:00 ---
    RMSE omega (GP): 0.008402 | RMSE omega (Sim): 0.062056
    Loss: 11.2429 | Epoch: 1021
    Eq omega: -0.000391 + -0.00090theta + -0.00160omega + -0.00011theta^2 + -0.00001theta omega + -0.00115omega^2
    Eq omega Phys: -0.000794*omega**2 - 5.6e-5*omega - 3.0e-6*theta - 2.1e-5

--- Chunk 99705 (46/220) | Start: 2025-08-06 09:50:00 ---
    RMSE omega (GP): 0.012581 | RMSE omega (Sim): 0.059259
    Loss: 24.0017 | Epoch: 1115
    Eq omega: 0.002861 + -0.00188theta + 0.00219omega + -0.00002theta^2 + -0.00013theta omega + 0.00071omega^2
    Eq omega Phys: 0.000444*omega**2 - 3.0e-6*omega*theta + 5.4e-5*omega - 2.0e-6*theta - 1.0e-5

--- Chunk 99706 (47/220) | Start: 2025-08-06 09:55:00 ---
    RMSE omega (GP): nan | RMSE omega (Sim): nan
    Loss: 139.4917 | Epoch: 416
    Eq omega: nan1 + nantheta + nanomega + nantheta^2 + nantheta omega + nanomega^2
    Eq omega Phys: N/A

--- Chunk 99707 (48/220) | Start: 2025-08-06 10:00:00 ---
    RMSE omega (GP): 0.006536 | RMSE omega (Sim): 0.074641
    Loss: 0.6327 | Epoch: 1467
    Eq omega: -0.009571 + -0.44104theta + -0.00507omega + -0.00102theta^2 + 0.00083theta omega + -0.00014omega^2
    Eq omega Phys: -6.2e-5*omega**2 + 1.2e-5*omega*theta - 0.000231*omega - 0.000485*theta + 0.002463

--- Chunk 99708 (49/220) | Start: 2025-08-06 10:05:00 ---
    RMSE omega (GP): 0.014169 | RMSE omega (Sim): 0.127833
    Loss: 22.6315 | Epoch: 936
    Eq omega: 0.001501 + -0.00319theta + 0.00016omega + 0.00032theta^2 + -0.00123theta omega + -0.00062omega^2
    Eq omega Phys: -0.000324*omega**2 - 2.1e-5*omega*theta + 2.3e-5*omega - 4.0e-6*theta + 6.0e-6

--- Chunk 99709 (50/220) | Start: 2025-08-06 10:10:00 ---
    RMSE omega (GP): 0.007349 | RMSE omega (Sim): 0.085766
    Loss: 9.1589 | Epoch: 934
    Eq omega: 0.005471 + 0.00117theta + -0.00749omega + -0.00036theta^2 + -0.00001theta omega + -0.00208omega^2
    Eq omega Phys: -0.001517*omega**2 - 0.000248*omega + 5.0e-6*theta - 8.0e-6

  [Progress 50/220] Mean RMSE omega (GP): 0.011488 | (Sim): 0.078287 | Mean loss: 385.9233 | Valid GP: 37/50 | Valid Sim: 37/50 | Elapsed: 15.4min | ETA: 52.3min

--- Chunk 99710 (51/220) | Start: 2025-08-06 10:15:00 ---
    RMSE omega (GP): nan | RMSE omega (Sim): nan
    Loss: 42.9954 | Epoch: 99
    Eq omega: nan1 + nantheta + nanomega + nantheta^2 + nantheta omega + nanomega^2
    Eq omega Phys: N/A

--- Chunk 99711 (52/220) | Start: 2025-08-06 10:20:00 ---
    RMSE omega (GP): 0.037847 | RMSE omega (Sim): 0.076375
    Loss: 834.7580 | Epoch: 32
    Eq omega: -0.000161 + -0.00005theta + 0.00162omega + 0.00000theta^2 + 0.00000theta omega + 0.00017omega^2
    Eq omega Phys: 0.000144*omega**2 + 5.4e-5*omega - 0.e-6

--- Chunk 99712 (53/220) | Start: 2025-08-06 10:25:00 ---
    RMSE omega (GP): nan | RMSE omega (Sim): nan
    Loss: 130.8166 | Epoch: 48
    Eq omega: nan1 + nantheta + nanomega + nantheta^2 + nantheta omega + nanomega^2
    Eq omega Phys: N/A

--- Chunk 99713 (54/220) | Start: 2025-08-06 10:30:00 ---
    RMSE omega (GP): 0.008723 | RMSE omega (Sim): 0.099318
    Loss: 10.1232 | Epoch: 1657
    Eq omega: 0.001681 + -0.00037theta + -0.00737omega + 0.00085theta^2 + -0.00117theta omega + 0.00021omega^2
    Eq omega Phys: 0.000129*omega**2 - 2.4e-5*omega*theta - 9.9e-5*omega + 1.0e-6*theta**2 - 8.0e-6*theta + 2.7e-5

--- Chunk 99714 (55/220) | Start: 2025-08-06 10:35:00 ---
    RMSE omega (GP): 0.009274 | RMSE omega (Sim): 0.089758
    Loss: 7.3964 | Epoch: 1537
    Eq omega: -0.001651 + -0.00247theta + -0.00043omega + -0.00035theta^2 + 0.00085theta omega + 0.00740omega^2
    Eq omega Phys: 0.00375*omega**2 + 1.4e-5*omega*theta + 4.5e-5*omega - 4.0e-6*theta - 1.8e-5

--- Chunk 99715 (56/220) | Start: 2025-08-06 10:40:00 ---
    RMSE omega (GP): nan | RMSE omega (Sim): nan
    Loss: 304.1765 | Epoch: 47
    Eq omega: nan1 + nantheta + nanomega + nantheta^2 + nantheta omega + nanomega^2
    Eq omega Phys: N/A

--- Chunk 99716 (57/220) | Start: 2025-08-06 10:45:00 ---
    RMSE omega (GP): 0.007681 | RMSE omega (Sim): 0.104262
    Loss: 6.2473 | Epoch: 1799
    Eq omega: -0.009881 + -1.06266theta + 0.00999omega + -0.00377theta^2 + -0.07091theta omega + 0.00587omega^2
    Eq omega Phys: 0.003465*omega**2 - 0.001395*omega*theta - 0.004023*omega - 2.0e-6*theta**2 - 0.001196*theta - 0.003728

--- Chunk 99717 (58/220) | Start: 2025-08-06 10:50:00 ---
/pfs/data6/home/ka/ka_iai/ka_bj2362/dsr/svise/run_analysis_5min_all_chunks_combo38.py:212: ODEintWarning: Excess work done on this call (perhaps wrong Dfun type). Run with full_output = 1 to get quantitative information.
  sol_scaled = odeint(drift, x0_scaled, t_scaled, full_output=False)
    RMSE omega (GP): 0.011385 | RMSE omega (Sim): nan
    Loss: 15.7241 | Epoch: 380
    Eq omega: 0.021791 + -1.21988theta + -0.01634omega + 1.07549theta^2 + -0.11335theta omega + 0.02864omega^2
    Eq omega Phys: 0.015312*omega**2 - 0.00202*omega*theta - 0.006366*omega + 0.000639*theta**2 + 0.002327*theta + 0.001446

--- Chunk 99718 (59/220) | Start: 2025-08-06 10:55:00 ---
    RMSE omega (GP): 0.007568 | RMSE omega (Sim): 0.190047
    Loss: 3.8747 | Epoch: 1145
    Eq omega: 0.001981 + -0.00362theta + 0.00145omega + 0.00066theta^2 + 0.00435theta omega + -0.00030omega^2
    Eq omega Phys: -0.000151*omega**2 + 7.3e-5*omega*theta + 0.00019*omega - 3.0e-6*theta - 2.0e-6

--- Chunk 99719 (60/220) | Start: 2025-08-06 11:00:00 ---
    RMSE omega (GP): nan | RMSE omega (Sim): nan
    Loss: 3302.1370 | Epoch: 21
    Eq omega: nan1 + nantheta + nanomega + nantheta^2 + nantheta omega + nanomega^2
    Eq omega Phys: N/A

--- Chunk 99720 (61/220) | Start: 2025-08-06 11:05:00 ---
    RMSE omega (GP): 0.007625 | RMSE omega (Sim): 0.137856
    Loss: 1.4811 | Epoch: 1205
    Eq omega: -0.000081 + 0.00027theta + -0.00003omega + -0.00021theta^2 + 0.00068theta omega + -0.00015omega^2
    Eq omega Phys: -6.5e-5*omega**2 + 1.0e-5*omega*theta - 0.000112*omega + 3.0e-6*theta - 1.6e-5

--- Chunk 99721 (62/220) | Start: 2025-08-06 11:10:00 ---
    RMSE omega (GP): 0.008768 | RMSE omega (Sim): 0.078305
    Loss: 9.4322 | Epoch: 686
    Eq omega: -0.001871 + 0.00114theta + 0.00051omega + 0.00049theta^2 + 0.00130theta omega + -0.00233omega^2
    Eq omega Phys: -0.001417*omega**2 + 2.6e-5*omega*theta + 0.000197*omega + 6.0e-6*theta + 2.1e-5

--- Chunk 99722 (63/220) | Start: 2025-08-06 11:15:00 ---
    RMSE omega (GP): 0.009468 | RMSE omega (Sim): 0.076302
    Loss: 10.1598 | Epoch: 1478
    Eq omega: 0.655401 + -3.46707theta + -0.00416omega + -3.30330theta^2 + -0.11186theta omega + -0.00999omega^2
    Eq omega Phys: -0.005667*omega**2 - 0.002115*omega*theta + 0.001736*omega - 0.002082*theta**2 - 0.000161*theta + 0.003062

--- Chunk 99723 (64/220) | Start: 2025-08-06 11:20:00 ---
    RMSE omega (GP): 0.009908 | RMSE omega (Sim): nan
    Loss: 10.1999 | Epoch: 1946
    Eq omega: -0.056551 + -0.85020theta + -0.07167omega + 0.62432theta^2 + 0.00354theta omega + -0.08057omega^2
    Eq omega Phys: -0.043879*omega**2 + 6.4e-5*omega*theta - 0.002022*omega + 0.000378*theta**2 + 0.003373*theta + 0.006821

--- Chunk 99724 (65/220) | Start: 2025-08-06 11:25:00 ---
    RMSE omega (GP): 0.009113 | RMSE omega (Sim): 0.064045
    Loss: 17.7089 | Epoch: 1650
    Eq omega: -0.003041 + -0.00172theta + 0.00550omega + 0.00066theta^2 + -0.00003theta omega + 0.00303omega^2
    Eq omega Phys: 0.002205*omega**2 - 0.e-6*omega*theta + 0.000191*omega + 1.0e-6*theta**2 - 1.3e-5*theta + 7.2e-5

--- Chunk 99725 (66/220) | Start: 2025-08-06 11:30:00 ---
    RMSE omega (GP): 0.009570 | RMSE omega (Sim): 0.092845
    Loss: 9.6318 | Epoch: 991
    Eq omega: 0.004351 + -0.00063theta + -0.00100omega + -0.00036theta^2 + 0.00054theta omega + 0.00056omega^2
    Eq omega Phys: 0.000302*omega**2 + 1.0e-5*omega*theta - 6.7e-5*omega + 1.0e-6*theta + 9.0e-6

--- Chunk 99726 (67/220) | Start: 2025-08-06 11:35:00 ---
    RMSE omega (GP): 0.010654 | RMSE omega (Sim): 0.045429
    Loss: 31.5619 | Epoch: 1088
    Eq omega: 0.007201 + -0.00012theta + -0.00083omega + -0.00004theta^2 + -0.00029theta omega + 0.00027omega^2
    Eq omega Phys: 0.000219*omega**2 - 8.0e-6*omega*theta + 6.7e-5*omega + 1.0e-6*theta + 6.0e-6

--- Chunk 99727 (68/220) | Start: 2025-08-06 11:40:00 ---
    RMSE omega (GP): nan | RMSE omega (Sim): nan
    Loss: 634.5113 | Epoch: 32
    Eq omega: nan1 + nantheta + nanomega + nantheta^2 + nantheta omega + nanomega^2
    Eq omega Phys: N/A

--- Chunk 99728 (69/220) | Start: 2025-08-06 11:45:00 ---
    RMSE omega (GP): 0.009397 | RMSE omega (Sim): 0.085018
    Loss: 5.6753 | Epoch: 1320
    Eq omega: 0.003261 + -0.63367theta + 0.00978omega + 0.00686theta^2 + -0.00097theta omega + -0.00588omega^2
    Eq omega Phys: -0.002758*omega**2 - 1.5e-5*omega*theta + 0.000353*omega + 4.0e-6*theta**2 - 0.000717*theta + 0.001254

--- Chunk 99729 (70/220) | Start: 2025-08-06 11:50:00 ---
    RMSE omega (GP): 0.008783 | RMSE omega (Sim): 0.059871
    Loss: 8.1196 | Epoch: 1532
    Eq omega: 0.001471 + -0.03664theta + -0.00505omega + 0.00391theta^2 + -0.00065theta omega + -0.00017omega^2
    Eq omega Phys: -9.7e-5*omega**2 - 1.2e-5*omega*theta - 0.000188*omega + 2.0e-6*theta**2 - 3.3e-5*theta - 5.7e-5

--- Chunk 99730 (71/220) | Start: 2025-08-06 11:55:00 ---
    RMSE omega (GP): 0.010065 | RMSE omega (Sim): 0.080129
    Loss: 10.0949 | Epoch: 1064
    Eq omega: 0.001801 + 0.00459theta + -0.00123omega + -0.00189theta^2 + 0.00414theta omega + -0.00184omega^2
    Eq omega Phys: -0.001035*omega**2 + 7.8e-5*omega*theta - 0.000544*omega - 1.0e-6*theta**2 + 2.0e-5*theta - 7.9e-5

--- Chunk 99731 (72/220) | Start: 2025-08-06 12:00:00 ---
    RMSE omega (GP): 0.017838 | RMSE omega (Sim): 0.073433
    Loss: 49.1024 | Epoch: 850
    Eq omega: 0.001981 + -0.09434theta + 0.00281omega + 0.00083theta^2 + -0.00087theta omega + 0.00327omega^2
    Eq omega Phys: 0.00192*omega**2 - 1.7e-5*omega*theta + 0.000145*omega + 1.0e-6*theta**2 - 0.000108*theta + 0.000322

--- Chunk 99732 (73/220) | Start: 2025-08-06 12:05:00 ---
    RMSE omega (GP): 0.010720 | RMSE omega (Sim): 0.065921
    Loss: 29.4121 | Epoch: 846
    Eq omega: 0.000511 + -0.00438theta + 0.00509omega + 0.00628theta^2 + -0.00226theta omega + 0.00191omega^2
    Eq omega Phys: 0.001482*omega**2 - 5.8e-5*omega*theta + 0.000457*omega + 5.0e-6*theta**2 - 5.8e-5*theta + 0.000155

--- Chunk 99733 (74/220) | Start: 2025-08-06 12:10:00 ---
    RMSE omega (GP): nan | RMSE omega (Sim): nan
    Loss: 85.9378 | Epoch: 46
    Eq omega: nan1 + nantheta + nanomega + nantheta^2 + nantheta omega + nanomega^2
    Eq omega Phys: N/A

--- Chunk 99734 (75/220) | Start: 2025-08-06 12:15:00 ---
    RMSE omega (GP): 0.008968 | RMSE omega (Sim): 0.070490
    Loss: 5.5920 | Epoch: 1519
    Eq omega: -0.000151 + -0.00135theta + -0.00603omega + 0.00050theta^2 + -0.00108theta omega + -0.00273omega^2
    Eq omega Phys: -0.001324*omega**2 - 1.7e-5*omega*theta - 3.9e-5*omega - 6.0e-6*theta + 3.7e-5

--- Chunk 99735 (76/220) | Start: 2025-08-06 12:20:00 ---
    RMSE omega (GP): 0.006865 | RMSE omega (Sim): 0.079190
    Loss: 6.6305 | Epoch: 1148
    Eq omega: -0.000931 + -0.18382theta + -0.00456omega + -0.00852theta^2 + 0.01692theta omega + 0.08281omega^2
    Eq omega Phys: 0.054552*omega**2 + 0.000372*omega*theta + 6.1e-5*omega - 6.0e-6*theta**2 - 0.000211*theta - 0.000121

--- Chunk 99736 (77/220) | Start: 2025-08-06 12:25:00 ---
    RMSE omega (GP): 0.008738 | RMSE omega (Sim): 0.076986
    Loss: 3.5303 | Epoch: 1095
    Eq omega: -0.002121 + -0.22364theta + -0.00382omega + -0.00707theta^2 + 0.00648theta omega + 0.01292omega^2
    Eq omega Phys: 0.00556*omega**2 + 9.3e-5*omega*theta - 0.000134*omega - 3.0e-6*theta**2 - 0.000248*theta + 1.2e-5

--- Chunk 99737 (78/220) | Start: 2025-08-06 12:30:00 ---
    RMSE omega (GP): 0.011921 | RMSE omega (Sim): 0.083439
    Loss: 28.5660 | Epoch: 1804
    Eq omega: 0.013351 + -0.00116theta + -0.00382omega + 0.00054theta^2 + -0.00126theta omega + -0.00116omega^2
    Eq omega Phys: -0.000811*omega**2 - 2.9e-5*omega*theta + 4.9e-5*omega - 6.0e-6*theta + 4.4e-5

--- Chunk 99738 (79/220) | Start: 2025-08-06 12:35:00 ---
    RMSE omega (GP): 0.008427 | RMSE omega (Sim): 0.059938
    Loss: 8.7358 | Epoch: 1341
    Eq omega: -0.000541 + 0.00019theta + 0.00026omega + -0.00035theta^2 + 0.00007theta omega + -0.00012omega^2
    Eq omega Phys: -7.2e-5*omega**2 + 1.0e-6*omega*theta - 6.0e-6*omega + 5.0e-6*theta - 3.1e-5

--- Chunk 99739 (80/220) | Start: 2025-08-06 12:40:00 ---
    RMSE omega (GP): nan | RMSE omega (Sim): nan
    Loss: 258.3735 | Epoch: 92
    Eq omega: nan1 + nantheta + nanomega + nantheta^2 + nantheta omega + nanomega^2
    Eq omega Phys: N/A

--- Chunk 99740 (81/220) | Start: 2025-08-06 12:45:00 ---
    RMSE omega (GP): 0.009133 | RMSE omega (Sim): 0.094538
    Loss: 6.1105 | Epoch: 1266
    Eq omega: 0.000551 + -0.00236theta + 0.00036omega + 0.00027theta^2 + 0.00549theta omega + -0.00168omega^2
    Eq omega Phys: -0.000848*omega**2 + 9.2e-5*omega*theta + 0.000159*omega - 2.0e-6*theta - 3.0e-6

--- Chunk 99741 (82/220) | Start: 2025-08-06 12:50:00 ---
    RMSE omega (GP): 0.015089 | RMSE omega (Sim): 0.081213
    Loss: 19.2727 | Epoch: 1478
    Eq omega: 0.002911 + -0.00008theta + -0.00302omega + -0.00019theta^2 + 0.00010theta omega + -0.00097omega^2
    Eq omega Phys: -0.000448*omega**2 + 2.0e-6*omega*theta - 0.000124*omega + 3.0e-6*theta - 1.4e-5

--- Chunk 99742 (83/220) | Start: 2025-08-06 12:55:00 ---
    RMSE omega (GP): 0.010369 | RMSE omega (Sim): 0.064424
    Loss: 11.3342 | Epoch: 1661
    Eq omega: 0.006051 + 0.00034theta + -0.01125omega + 0.00019theta^2 + 0.00040theta omega + -0.00069omega^2
    Eq omega Phys: -0.000376*omega**2 + 7.0e-6*omega*theta - 0.000359*omega + 1.0e-6*theta + 1.4e-5

--- Chunk 99743 (84/220) | Start: 2025-08-06 13:00:00 ---
    RMSE omega (GP): 0.025300 | RMSE omega (Sim): 0.042484
    Loss: 238.6770 | Epoch: 106
    Eq omega: 0.000501 + 0.00010theta + 0.00029omega + -0.00001theta^2 + -0.00002theta omega + -0.00001omega^2
    Eq omega Phys: -9.0e-6*omega**2 - 0.e-6*omega*theta - 1.0e-6*omega - 0.e-6

--- Chunk 99744 (85/220) | Start: 2025-08-06 13:05:00 ---
    RMSE omega (GP): 0.009733 | RMSE omega (Sim): 0.067216
    Loss: 14.3871 | Epoch: 1717
    Eq omega: -0.008301 + -0.88863theta + -0.01538omega + 0.00805theta^2 + -0.00452theta omega + 0.00172omega^2
    Eq omega Phys: 0.001086*omega**2 - 9.5e-5*omega*theta - 0.000474*omega + 6.0e-6*theta**2 - 0.000992*theta + 0.00039

--- Chunk 99745 (86/220) | Start: 2025-08-06 13:10:00 ---
    RMSE omega (GP): 0.008641 | RMSE omega (Sim): 0.068180
    Loss: 6.0874 | Epoch: 1634
    Eq omega: -0.000731 + -0.00071theta + -0.00120omega + 0.00056theta^2 + -0.00027theta omega + -0.00056omega^2
    Eq omega Phys: -0.000292*omega**2 - 5.0e-6*omega*theta - 6.1e-5*omega + 2.0e-6*theta + 2.0e-6

--- Chunk 99746 (87/220) | Start: 2025-08-06 13:15:00 ---
    RMSE omega (GP): nan | RMSE omega (Sim): nan
    Loss: 188.3954 | Epoch: 72
    Eq omega: nan1 + nantheta + nanomega + nantheta^2 + nantheta omega + nanomega^2
    Eq omega Phys: N/A

--- Chunk 99747 (88/220) | Start: 2025-08-06 13:20:00 ---
    RMSE omega (GP): 0.010329 | RMSE omega (Sim): 0.083251
    Loss: 8.1939 | Epoch: 783
    Eq omega: -0.015371 + -1.02566theta + -0.00627omega + -0.00617theta^2 + -0.01042theta omega + -0.00135omega^2
    Eq omega Phys: -0.000658*omega**2 - 0.000169*omega*theta + 1.9e-5*omega - 3.0e-6*theta**2 - 0.001131*theta + 0.001496

--- Chunk 99748 (89/220) | Start: 2025-08-06 13:25:00 ---
    RMSE omega (GP): 0.009212 | RMSE omega (Sim): 0.078230
    Loss: 8.6656 | Epoch: 689
    Eq omega: 0.000631 + -0.00039theta + -0.00069omega + -0.00190theta^2 + 0.00002theta omega + -0.00524omega^2
    Eq omega Phys: -0.002794*omega**2 - 2.3e-5*omega - 1.0e-6*theta**2 - 0.e-6*theta + 1.0e-6

--- Chunk 99749 (90/220) | Start: 2025-08-06 13:30:00 ---
    RMSE omega (GP): 0.009242 | RMSE omega (Sim): 0.104535
    Loss: 14.2789 | Epoch: 884
    Eq omega: 0.002071 + -0.01828theta + 0.00114omega + 0.00007theta^2 + -0.00217theta omega + 0.00154omega^2
    Eq omega Phys: 0.001026*omega**2 - 4.8e-5*omega*theta - 9.0e-6*omega - 2.0e-5*theta - 1.6e-5

--- Chunk 99750 (91/220) | Start: 2025-08-06 13:35:00 ---
    RMSE omega (GP): 0.010252 | RMSE omega (Sim): 0.068169
    Loss: 8.6938 | Epoch: 1011
    Eq omega: 0.000761 + -0.00562theta + 0.00623omega + 0.00080theta^2 + 0.00345theta omega + -0.00114omega^2
    Eq omega Phys: -0.000566*omega**2 + 5.7e-5*omega*theta + 0.000482*omega - 2.0e-6*theta - 1.8e-5

--- Chunk 99751 (92/220) | Start: 2025-08-06 13:40:00 ---
    RMSE omega (GP): 0.007356 | RMSE omega (Sim): 0.098772
    Loss: 0.5776 | Epoch: 1565
    Eq omega: -0.012851 + -0.38931theta + 0.02629omega + -0.12912theta^2 + 0.01858theta omega + 0.01263omega^2
    Eq omega Phys: 0.005225*omega**2 + 0.000256*omega*theta + 9.0e-6*omega - 5.9e-5*theta**2 - 3.1e-5*theta + 0.00075

--- Chunk 99752 (93/220) | Start: 2025-08-06 13:45:00 ---
    RMSE omega (GP): 0.009778 | RMSE omega (Sim): 0.057123
    Loss: 17.9843 | Epoch: 1616
    Eq omega: -0.000011 + -0.00152theta + 0.00012omega + 0.00191theta^2 + -0.00442theta omega + 0.00487omega^2
    Eq omega Phys: 0.003332*omega**2 - 0.000101*omega*theta - 0.000386*omega + 1.0e-6*theta**2 + 1.0e-5*theta + 1.5e-5

--- Chunk 99753 (94/220) | Start: 2025-08-06 13:50:00 ---
    RMSE omega (GP): nan | RMSE omega (Sim): nan
    Loss: 22.1958 | Epoch: 90
    Eq omega: nan1 + nantheta + nanomega + nantheta^2 + nantheta omega + nanomega^2
    Eq omega Phys: N/A

--- Chunk 99754 (95/220) | Start: 2025-08-06 13:55:00 ---
    RMSE omega (GP): 0.010219 | RMSE omega (Sim): 0.078664
    Loss: 11.0909 | Epoch: 1197
    Eq omega: -0.002771 + -0.00142theta + 0.00555omega + 0.00090theta^2 + -0.00416theta omega + 0.00010omega^2
    Eq omega Phys: 5.4e-5*omega**2 - 7.5e-5*omega*theta + 0.000134*omega + 1.0e-6*theta**2 - 0.e-6*theta - 7.0e-6

--- Chunk 99755 (96/220) | Start: 2025-08-06 14:00:00 ---
    RMSE omega (GP): nan | RMSE omega (Sim): nan
    Loss: 745.2474 | Epoch: 16
    Eq omega: nan1 + nantheta + nanomega + nantheta^2 + nantheta omega + nanomega^2
    Eq omega Phys: N/A

--- Chunk 99756 (97/220) | Start: 2025-08-06 14:05:00 ---
    RMSE omega (GP): 0.009662 | RMSE omega (Sim): 0.098516
    Loss: 8.5557 | Epoch: 1554
    Eq omega: 0.002001 + 0.00070theta + -0.00025omega + 0.00021theta^2 + 0.00016theta omega + -0.00135omega^2
    Eq omega Phys: -0.000685*omega**2 + 3.0e-6*omega*theta - 1.9e-5*omega + 3.0e-6

--- Chunk 99757 (98/220) | Start: 2025-08-06 14:10:00 ---
    RMSE omega (GP): nan | RMSE omega (Sim): nan
    Loss: 68.4890 | Epoch: 147
    Eq omega: nan1 + nantheta + nanomega + nantheta^2 + nantheta omega + nanomega^2
    Eq omega Phys: N/A

--- Chunk 99758 (99/220) | Start: 2025-08-06 14:15:00 ---
    RMSE omega (GP): 0.023723 | RMSE omega (Sim): 0.154729
    Loss: -141.6159 | Epoch: 409
    Eq omega: 0.000131 + 0.00041theta + 0.01414omega + -0.00033theta^2 + 0.00030theta omega + -0.00112omega^2
    Eq omega Phys: -0.000627*omega**2 + 6.0e-6*omega*theta + 0.000441*omega + 3.0e-6*theta - 8.0e-6

--- Chunk 99759 (100/220) | Start: 2025-08-06 14:20:00 ---
    RMSE omega (GP): nan | RMSE omega (Sim): nan
    Loss: 279.4099 | Epoch: 26
    Eq omega: nan1 + nantheta + nanomega + nantheta^2 + nantheta omega + nanomega^2
    Eq omega Phys: N/A

  [Progress 100/220] Mean RMSE omega (GP): 0.011366 | (Sim): 0.081173 | Mean loss: 267.1490 | Valid GP: 75/100 | Valid Sim: 73/100 | Elapsed: 31.2min | ETA: 37.4min

--- Chunk 99760 (101/220) | Start: 2025-08-06 14:25:00 ---
    RMSE omega (GP): nan | RMSE omega (Sim): nan
    Loss: 193.6529 | Epoch: 142
    Eq omega: nan1 + nantheta + nanomega + nantheta^2 + nantheta omega + nanomega^2
    Eq omega Phys: N/A

--- Chunk 99761 (102/220) | Start: 2025-08-06 14:30:00 ---
    RMSE omega (GP): 0.011576 | RMSE omega (Sim): 0.154398
    Loss: 9.0517 | Epoch: 1104
    Eq omega: 0.005731 + -0.00462theta + 0.00424omega + 0.00157theta^2 + -0.00141theta omega + 0.00649omega^2
    Eq omega Phys: 0.002943*omega**2 - 2.1e-5*omega*theta + 9.9e-5*omega + 1.0e-6*theta**2 - 2.0e-6*theta + 7.0e-6

--- Chunk 99762 (103/220) | Start: 2025-08-06 14:35:00 ---
    RMSE omega (GP): 0.010392 | RMSE omega (Sim): 0.105366
    Loss: 6.0007 | Epoch: 2427
    Eq omega: -0.001961 + 0.00387theta + 0.00210omega + 0.00016theta^2 + -0.00049theta omega + -0.00095omega^2
    Eq omega Phys: -0.000403*omega**2 - 7.0e-6*omega*theta + 0.000182*omega + 2.0e-6*theta - 5.5e-5

--- Chunk 99763 (104/220) | Start: 2025-08-06 14:40:00 ---
    RMSE omega (GP): 0.009244 | RMSE omega (Sim): 0.187620
    Loss: 9.8016 | Epoch: 1971
    Eq omega: -0.000511 + -0.00026theta + -0.00140omega + 0.00003theta^2 + -0.00111theta omega + -0.00072omega^2
    Eq omega Phys: -0.000407*omega**2 - 2.1e-5*omega*theta + 0.000136*omega - 0.e-6*theta + 3.0e-6

--- Chunk 99764 (105/220) | Start: 2025-08-06 14:45:00 ---
    RMSE omega (GP): 0.009063 | RMSE omega (Sim): 0.076615
    Loss: 14.7189 | Epoch: 1224
    Eq omega: -0.000731 + 0.00042theta + -0.00011omega + -0.00008theta^2 + -0.00007theta omega + -0.00028omega^2
    Eq omega Phys: -0.000188*omega**2 - 2.0e-6*omega*theta + 1.9e-5*omega + 2.0e-6*theta - 2.0e-5

--- Chunk 99765 (106/220) | Start: 2025-08-06 14:50:00 ---
    RMSE omega (GP): 0.013348 | RMSE omega (Sim): 0.071254
    Loss: 17.5627 | Epoch: 1994
    Eq omega: -0.001111 + -0.00055theta + 0.00025omega + -0.00120theta^2 + 0.00274theta omega + -0.00246omega^2
    Eq omega Phys: -0.001231*omega**2 + 4.6e-5*omega*theta - 0.000145*omega - 0.e-6*theta**2 + 4.0e-6*theta - 8.0e-6

--- Chunk 99766 (107/220) | Start: 2025-08-06 14:55:00 ---
    RMSE omega (GP): 0.016836 | RMSE omega (Sim): 0.066413
    Loss: -69.1111 | Epoch: 502
    Eq omega: 0.002151 + -0.32434theta + 0.00472omega + -0.06819theta^2 + -0.01659theta omega + -0.00023omega^2
    Eq omega Phys: -0.000144*omega**2 - 0.000345*omega*theta + 4.3e-5*omega - 4.7e-5*theta**2 - 0.000392*theta - 0.000121

--- Chunk 99767 (108/220) | Start: 2025-08-06 15:00:00 ---
    RMSE omega (GP): 0.010772 | RMSE omega (Sim): 0.077831
    Loss: 5.3799 | Epoch: 1098
    Eq omega: 0.008741 + -0.45823theta + -0.00715omega + 0.01273theta^2 + 0.00892theta omega + -0.15188omega^2
    Eq omega Phys: -0.063052*omega**2 + 0.000123*omega*theta - 0.000866*omega + 6.0e-6*theta**2 - 0.000569*theta + 0.002763

--- Chunk 99768 (109/220) | Start: 2025-08-06 15:05:00 ---
    RMSE omega (GP): 0.010652 | RMSE omega (Sim): 0.109934
    Loss: 12.9169 | Epoch: 2559
    Eq omega: -0.000361 + -0.00057theta + -0.00055omega + 0.00029theta^2 + 0.00067theta omega + 0.00080omega^2
    Eq omega Phys: 0.000438*omega**2 + 1.2e-5*omega*theta + 0.000114*omega + 3.0e-6*theta + 1.3e-5

--- Chunk 99769 (110/220) | Start: 2025-08-06 15:10:00 ---
    RMSE omega (GP): 0.021093 | RMSE omega (Sim): 0.079870
    Loss: 39.3529 | Epoch: 85
    Eq omega: -0.001291 + -0.00870theta + 0.00296omega + 0.00327theta^2 + -0.00129theta omega + -0.00178omega^2
    Eq omega Phys: -0.000799*omega**2 - 1.9e-5*omega*theta - 2.4e-5*omega + 2.0e-6*theta**2 + 1.1e-5*theta + 1.0e-6

--- Chunk 99770 (111/220) | Start: 2025-08-06 15:15:00 ---
    RMSE omega (GP): nan | RMSE omega (Sim): nan
    Loss: 206.8490 | Epoch: 25
    Eq omega: nan1 + nantheta + nanomega + nantheta^2 + nantheta omega + nanomega^2
    Eq omega Phys: N/A

--- Chunk 99771 (112/220) | Start: 2025-08-06 15:20:00 ---
    RMSE omega (GP): 0.010683 | RMSE omega (Sim): 0.082606
    Loss: 6.1958 | Epoch: 2862
    Eq omega: 0.000771 + -0.00062theta + 0.00117omega + -0.00014theta^2 + -0.00027theta omega + -0.00497omega^2
    Eq omega Phys: -0.002094*omega**2 - 4.0e-6*omega*theta + 0.000101*omega + 1.0e-6*theta - 4.0e-6

--- Chunk 99772 (113/220) | Start: 2025-08-06 15:25:00 ---
    RMSE omega (GP): nan | RMSE omega (Sim): nan
    Loss: 467.6123 | Epoch: 19
    Eq omega: nan1 + nantheta + nanomega + nantheta^2 + nantheta omega + nanomega^2
    Eq omega Phys: N/A

--- Chunk 99773 (114/220) | Start: 2025-08-06 15:30:00 ---
    RMSE omega (GP): 0.009636 | RMSE omega (Sim): 0.087562
    Loss: 5.5413 | Epoch: 1098
    Eq omega: 0.006471 + 0.00060theta + 0.00418omega + -0.00118theta^2 + -0.00000theta omega + 0.00172omega^2
    Eq omega Phys: 0.000776*omega**2 + 0.000139*omega - 0.e-6*theta**2 - 7.0e-6*theta - 5.0e-6

--- Chunk 99774 (115/220) | Start: 2025-08-06 15:35:00 ---
    RMSE omega (GP): 0.012255 | RMSE omega (Sim): 0.060085
    Loss: 37.3172 | Epoch: 2707
    Eq omega: 0.001011 + -0.00015theta + 0.00571omega + -0.00003theta^2 + 0.00011theta omega + 0.00283omega^2
    Eq omega Phys: 0.002168*omega**2 + 3.0e-6*omega*theta + 0.000228*omega - 0.e-6*theta - 6.0e-6

--- Chunk 99775 (116/220) | Start: 2025-08-06 15:40:00 ---
    RMSE omega (GP): 0.010996 | RMSE omega (Sim): 0.066066
    Loss: 5.0345 | Epoch: 849
    Eq omega: 0.009191 + -0.07066theta + 0.00796omega + -0.01605theta^2 + -0.00419theta omega + -0.01097omega^2
    Eq omega Phys: -0.004497*omega**2 - 5.7e-5*omega*theta + 0.000679*omega - 7.0e-6*theta**2 + 2.7e-5*theta + 0.000211

--- Chunk 99776 (117/220) | Start: 2025-08-06 15:45:00 ---
    RMSE omega (GP): 0.027637 | RMSE omega (Sim): 0.084338
    Loss: 81.0255 | Epoch: 630
    Eq omega: 0.004831 + -0.00052theta + -0.00152omega + 0.00025theta^2 + -0.00026theta omega + -0.00144omega^2
    Eq omega Phys: -0.000595*omega**2 - 4.0e-6*omega*theta - 0.000135*omega + 5.0e-6*theta + 6.3e-5

--- Chunk 99777 (118/220) | Start: 2025-08-06 15:50:00 ---
    RMSE omega (GP): 0.030018 | RMSE omega (Sim): 0.186666
    Loss: 57.8979 | Epoch: 95
    Eq omega: -0.020351 + -0.00551theta + 0.00127omega + 0.00004theta^2 + -0.00029theta omega + -0.00216omega^2
    Eq omega Phys: -0.000827*omega**2 - 4.0e-6*omega*theta + 2.7e-5*omega - 6.0e-6*theta - 8.3e-5

--- Chunk 99778 (119/220) | Start: 2025-08-06 15:55:00 ---
    RMSE omega (GP): 0.010325 | RMSE omega (Sim): 0.131192
    Loss: 10.5362 | Epoch: 2139
    Eq omega: 0.001101 + -0.00041theta + -0.00111omega + 0.00037theta^2 + 0.00036theta omega + 0.00183omega^2
    Eq omega Phys: 0.000953*omega**2 + 6.0e-6*omega*theta + 1.0e-6*omega + 2.0e-6*theta + 7.0e-6

--- Chunk 99779 (120/220) | Start: 2025-08-06 16:00:00 ---
    RMSE omega (GP): 0.011838 | RMSE omega (Sim): 0.050064
    Loss: 26.0117 | Epoch: 1942
    Eq omega: 0.000501 + 0.00003theta + 0.00039omega + 0.00001theta^2 + 0.00009theta omega + -0.00001omega^2
    Eq omega Phys: -7.0e-6*omega**2 + 2.0e-6*omega*theta + 3.6e-5*omega + 2.0e-6

--- Chunk 99780 (121/220) | Start: 2025-08-06 16:05:00 ---
    RMSE omega (GP): 0.009983 | RMSE omega (Sim): 0.089896
    Loss: 2.8909 | Epoch: 1231
    Eq omega: -0.000631 + -0.00077theta + 0.00029omega + 0.00022theta^2 + 0.00027theta omega + -0.00184omega^2
    Eq omega Phys: -0.000696*omega**2 + 3.0e-6*omega*theta + 2.0e-5*omega - 4.0e-6

--- Chunk 99781 (122/220) | Start: 2025-08-06 16:10:00 ---
    RMSE omega (GP): 0.011514 | RMSE omega (Sim): 0.085258
    Loss: 17.4609 | Epoch: 1873
    Eq omega: -0.000971 + -0.00202theta + -0.00567omega + 0.00061theta^2 + 0.00000theta omega + -0.00004omega^2
    Eq omega Phys: -2.4e-5*omega**2 - 0.000189*omega + 4.0e-6*theta + 5.0e-6

--- Chunk 99782 (123/220) | Start: 2025-08-06 16:15:00 ---
    RMSE omega (GP): 0.010558 | RMSE omega (Sim): 0.111645
    Loss: 8.0529 | Epoch: 1749
    Eq omega: -0.005271 + 0.00015theta + 0.00285omega + -0.00160theta^2 + -0.00122theta omega + -0.00056omega^2
    Eq omega Phys: -0.000262*omega**2 - 1.9e-5*omega*theta + 0.00011*omega - 0.e-6*theta**2 + 2.0e-6*theta - 1.3e-5

--- Chunk 99783 (124/220) | Start: 2025-08-06 16:20:00 ---
    RMSE omega (GP): 0.009801 | RMSE omega (Sim): 0.098979
    Loss: 3.5591 | Epoch: 1327
    Eq omega: 0.003781 + -0.55830theta + -0.05900omega + 0.02262theta^2 + -0.31198theta omega + -0.00086omega^2
    Eq omega Phys: -0.000342*omega**2 - 0.004141*omega*theta - 0.031841*omega + 1.0e-5*theta**2 - 0.000476*theta - 0.003944

--- Chunk 99784 (125/220) | Start: 2025-08-06 16:25:00 ---
    RMSE omega (GP): nan | RMSE omega (Sim): nan
    Loss: 277.1512 | Epoch: 42
    Eq omega: nan1 + nantheta + nanomega + nantheta^2 + nantheta omega + nanomega^2
    Eq omega Phys: N/A

--- Chunk 99785 (126/220) | Start: 2025-08-06 16:30:00 ---
    RMSE omega (GP): 0.008791 | RMSE omega (Sim): 0.034306
    Loss: 2.6745 | Epoch: 1794
    Eq omega: 0.005381 + -0.11253theta + -0.00039omega + 0.01644theta^2 + 0.00083theta omega + -0.00906omega^2
    Eq omega Phys: -0.003767*omega**2 + 1.2e-5*omega*theta - 0.000114*omega + 8.0e-6*theta**2 - 0.000258*theta + 0.001688

--- Chunk 99786 (127/220) | Start: 2025-08-06 16:35:00 ---
    RMSE omega (GP): nan | RMSE omega (Sim): nan
    Loss: 58.6982 | Epoch: 91
    Eq omega: nan1 + nantheta + nanomega + nantheta^2 + nantheta omega + nanomega^2
    Eq omega Phys: N/A

--- Chunk 99787 (128/220) | Start: 2025-08-06 16:40:00 ---
    RMSE omega (GP): 0.010203 | RMSE omega (Sim): 0.098510
    Loss: 16.0907 | Epoch: 2059
    Eq omega: 0.002371 + -0.00070theta + 0.00226omega + -0.00031theta^2 + 0.00026theta omega + 0.00400omega^2
    Eq omega Phys: 0.002507*omega**2 + 5.0e-6*omega*theta + 5.8e-5*omega + 1.0e-6*theta + 4.0e-6

--- Chunk 99788 (129/220) | Start: 2025-08-06 16:45:00 ---
    RMSE omega (GP): 0.012321 | RMSE omega (Sim): 0.082075
    Loss: 14.9949 | Epoch: 1661
    Eq omega: 0.000511 + -0.69743theta + 0.00905omega + 0.02425theta^2 + 0.03373theta omega + 0.01165omega^2
    Eq omega Phys: 0.005985*omega**2 + 0.000578*omega*theta + 0.001134*omega + 1.4e-5*theta**2 - 0.000735*theta - 0.001087

--- Chunk 99789 (130/220) | Start: 2025-08-06 16:50:00 ---
    RMSE omega (GP): 0.012666 | RMSE omega (Sim): 0.049668
    Loss: 6.4683 | Epoch: 2181
    Eq omega: -0.003571 + -0.15298theta + 0.00090omega + -0.00054theta^2 + -0.01523theta omega + -0.00030omega^2
    Eq omega Phys: -0.000111*omega**2 - 0.000188*omega*theta - 0.00097*omega - 0.000172*theta - 0.000921

--- Chunk 99790 (131/220) | Start: 2025-08-06 16:55:00 ---
    RMSE omega (GP): 0.012427 | RMSE omega (Sim): 0.056759
    Loss: 24.8334 | Epoch: 1440
    Eq omega: 0.006761 + -0.08286theta + 0.01972omega + 0.00012theta^2 + 0.00001theta omega + -0.00054omega^2
    Eq omega Phys: -0.000346*omega**2 + 0.000654*omega - 9.4e-5*theta + 0.001334

--- Chunk 99791 (132/220) | Start: 2025-08-06 17:00:00 ---
    RMSE omega (GP): 0.013440 | RMSE omega (Sim): 0.102778
    Loss: 24.1063 | Epoch: 2057
    Eq omega: 0.003781 + -0.00316theta + 0.00161omega + -0.00011theta^2 + -0.01109theta omega + 0.00090omega^2
    Eq omega Phys: 0.000517*omega**2 - 0.000212*omega*theta - 0.001166*omega - 4.0e-6*theta - 1.5e-5

--- Chunk 99792 (133/220) | Start: 2025-08-06 17:05:00 ---
    RMSE omega (GP): 0.021874 | RMSE omega (Sim): 0.075593
    Loss: 32.8973 | Epoch: 84
    Eq omega: 0.002191 + -0.05912theta + 0.00216omega + 0.00421theta^2 + 0.02562theta omega + -0.00133omega^2
    Eq omega Phys: -0.000533*omega**2 + 0.000342*omega*theta + 0.002098*omega + 2.0e-6*theta**2 - 4.3e-5*theta - 0.000317

--- Chunk 99793 (134/220) | Start: 2025-08-06 17:10:00 ---
    RMSE omega (GP): nan | RMSE omega (Sim): nan
    Loss: 2996.1875 | Epoch: 18
    Eq omega: nan1 + nantheta + nanomega + nantheta^2 + nantheta omega + nanomega^2
    Eq omega Phys: N/A

--- Chunk 99794 (135/220) | Start: 2025-08-06 17:15:00 ---
    RMSE omega (GP): 0.012167 | RMSE omega (Sim): 0.107656
    Loss: 2.2309 | Epoch: 1422
    Eq omega: -0.002521 + -0.00412theta + -0.00137omega + -0.00142theta^2 + -0.00483theta omega + 0.00039omega^2
    Eq omega Phys: 0.000122*omega**2 - 5.0e-5*omega*theta + 0.000695*omega + 1.0e-5*theta - 4.8e-5

--- Chunk 99795 (136/220) | Start: 2025-08-06 17:20:00 ---
    RMSE omega (GP): 0.010599 | RMSE omega (Sim): 0.083982
    Loss: 13.2968 | Epoch: 1021
    Eq omega: -0.012571 + -0.55098theta + 0.01292omega + -0.00543theta^2 + 0.00886theta omega + 0.00695omega^2
    Eq omega Phys: 0.00394*omega**2 + 0.000167*omega*theta - 7.4e-5*omega - 3.0e-6*theta**2 - 0.000592*theta + 0.001788

--- Chunk 99796 (137/220) | Start: 2025-08-06 17:25:00 ---
    RMSE omega (GP): 0.009498 | RMSE omega (Sim): 0.089822
    Loss: 11.7625 | Epoch: 2055
    Eq omega: -0.001971 + -0.03063theta + -0.00639omega + 0.00001theta^2 + 0.00001theta omega + -0.00011omega^2
    Eq omega Phys: -6.5e-5*omega**2 - 0.000217*omega - 3.4e-5*theta + 0.000627

--- Chunk 99797 (138/220) | Start: 2025-08-06 17:30:00 ---
    RMSE omega (GP): 0.010479 | RMSE omega (Sim): 0.065953
    Loss: 10.8532 | Epoch: 1898
    Eq omega: -0.004531 + 0.00059theta + -0.00234omega + -0.00061theta^2 + 0.00005theta omega + -0.00445omega^2
    Eq omega Phys: -0.002358*omega**2 + 1.0e-6*omega*theta - 8.4e-5*omega + 6.0e-6*theta - 3.1e-5

--- Chunk 99798 (139/220) | Start: 2025-08-06 17:35:00 ---
    RMSE omega (GP): 0.010309 | RMSE omega (Sim): 0.107856
    Loss: 10.0166 | Epoch: 2154
    Eq omega: -0.000591 + 0.00161theta + -0.00052omega + 0.00028theta^2 + 0.00020theta omega + 0.00127omega^2
    Eq omega Phys: 0.000687*omega**2 + 4.0e-6*omega*theta - 5.0e-5*omega - 1.0e-6*theta - 3.0e-6

--- Chunk 99799 (140/220) | Start: 2025-08-06 17:40:00 ---
    RMSE omega (GP): nan | RMSE omega (Sim): nan
    Loss: 39.8702 | Epoch: 60
    Eq omega: nan1 + nantheta + nanomega + nantheta^2 + nantheta omega + nanomega^2
    Eq omega Phys: N/A

--- Chunk 99800 (141/220) | Start: 2025-08-06 17:45:00 ---
    RMSE omega (GP): 0.011077 | RMSE omega (Sim): 0.104812
    Loss: 16.3805 | Epoch: 2433
    Eq omega: 0.001211 + 0.00119theta + -0.00081omega + 0.00013theta^2 + -0.00094theta omega + -0.00139omega^2
    Eq omega Phys: -0.00081*omega**2 - 1.8e-5*omega*theta + 0.000207*omega - 0.e-6*theta - 0.e-6

--- Chunk 99801 (142/220) | Start: 2025-08-06 17:50:00 ---
    RMSE omega (GP): nan | RMSE omega (Sim): nan
    Loss: 131.8857 | Epoch: 58
    Eq omega: nan1 + nantheta + nanomega + nantheta^2 + nantheta omega + nanomega^2
    Eq omega Phys: N/A

--- Chunk 99802 (143/220) | Start: 2025-08-06 17:55:00 ---
    RMSE omega (GP): 0.012089 | RMSE omega (Sim): 0.103517
    Loss: 24.9372 | Epoch: 1933
    Eq omega: 0.001011 + -0.00018theta + 0.00111omega + -0.00011theta^2 + -0.00026theta omega + 0.00116omega^2
    Eq omega Phys: 0.000746*omega**2 - 6.0e-6*omega*theta + 9.7e-5*omega + 1.0e-6*theta - 5.0e-6

--- Chunk 99803 (144/220) | Start: 2025-08-06 18:00:00 ---
    RMSE omega (GP): 0.033934 | RMSE omega (Sim): 0.091498
    Loss: -385.4828 | Epoch: 663
    Eq omega: 0.005401 + -0.05377theta + 0.00206omega + 0.00370theta^2 + -0.00171theta omega + 0.00110omega^2
    Eq omega Phys: 0.000453*omega**2 - 2.3e-5*omega*theta + 1.2e-5*omega + 2.0e-6*theta**2 - 5.2e-5*theta - 0.000119

--- Chunk 99804 (145/220) | Start: 2025-08-06 18:05:00 ---
    RMSE omega (GP): 0.037220 | RMSE omega (Sim): 0.162106
    Loss: 228.7658 | Epoch: 141
    Eq omega: 0.155221 + -0.05392theta + -0.01043omega + 0.00360theta^2 + 0.00000theta omega + 0.00312omega^2
    Eq omega Phys: 0.001725*omega**2 - 0.000348*omega + 2.0e-6*theta**2 + 2.3e-5*theta - 3.2e-5

--- Chunk 99805 (146/220) | Start: 2025-08-06 18:10:00 ---
    RMSE omega (GP): 0.011458 | RMSE omega (Sim): 0.071875
    Loss: 9.1644 | Epoch: 2419
    Eq omega: -0.009101 + -0.00099theta + -0.00093omega + -0.00026theta^2 + 0.00108theta omega + 0.00212omega^2
    Eq omega Phys: 0.000981*omega**2 + 1.7e-5*omega*theta - 0.000299*omega + 3.0e-6*theta - 3.9e-5

--- Chunk 99806 (147/220) | Start: 2025-08-06 18:15:00 ---
    RMSE omega (GP): 0.011381 | RMSE omega (Sim): 0.062841
    Loss: 8.4188 | Epoch: 1766
    Eq omega: 0.007001 + -0.00287theta + -0.00134omega + 0.18238theta^2 + -0.00470theta omega + -0.00200omega^2
    Eq omega Phys: -0.000892*omega**2 - 7.0e-5*omega*theta - 0.000287*omega + 9.0e-5*theta**2 + 0.000624*theta + 0.001093

--- Chunk 99807 (148/220) | Start: 2025-08-06 18:20:00 ---
    RMSE omega (GP): 0.021006 | RMSE omega (Sim): 0.063944
    Loss: 34.2591 | Epoch: 984
    Eq omega: 0.000961 + -0.20996theta + -0.00251omega + 0.00234theta^2 + 0.00057theta omega + -0.01571omega^2
    Eq omega Phys: -0.007327*omega**2 + 9.0e-6*omega*theta - 4.3e-5*omega + 1.0e-6*theta**2 - 0.000222*theta - 0.001054

--- Chunk 99808 (149/220) | Start: 2025-08-06 18:25:00 ---
    RMSE omega (GP): 0.011897 | RMSE omega (Sim): 0.080590
    Loss: 9.9113 | Epoch: 1411
    Eq omega: 0.000861 + -0.00698theta + 0.00073omega + 0.00376theta^2 + -0.00124theta omega + -0.00269omega^2
    Eq omega Phys: -0.001202*omega**2 - 1.8e-5*omega*theta + 0.00015*omega + 2.0e-6*theta**2 - 3.3e-5*theta + 0.000141

--- Chunk 99809 (150/220) | Start: 2025-08-06 18:30:00 ---
    RMSE omega (GP): 0.011989 | RMSE omega (Sim): 0.055300
    Loss: 21.1309 | Epoch: 1964
    Eq omega: -0.002321 + -0.00005theta + -0.00052omega + 0.00007theta^2 + 0.00000theta omega + 0.00020omega^2
    Eq omega Phys: 0.000123*omega**2 - 1.7e-5*omega - 1.0e-6*theta + 6.0e-6

  [Progress 150/220] Mean RMSE omega (GP): 0.012286 | (Sim): 0.084702 | Mean loss: 210.2115 | Valid GP: 117/150 | Valid Sim: 115/150 | Elapsed: 53.1min | ETA: 24.8min

--- Chunk 99810 (151/220) | Start: 2025-08-06 18:35:00 ---
    RMSE omega (GP): 0.030114 | RMSE omega (Sim): 0.041338
    Loss: 304.6787 | Epoch: 710
    Eq omega: -0.000571 + -0.00031theta + 0.00317omega + -0.00001theta^2 + -0.00029theta omega + 0.00012omega^2
    Eq omega Phys: 9.6e-5*omega**2 - 8.0e-6*omega*theta + 0.000235*omega + 2.0e-6

--- Chunk 99811 (152/220) | Start: 2025-08-06 18:40:00 ---
    RMSE omega (GP): 0.026317 | RMSE omega (Sim): 0.043996
    Loss: 360.6979 | Epoch: 78
    Eq omega: -0.001271 + 0.00009theta + 0.00390omega + -0.00002theta^2 + 0.00001theta omega + 0.00047omega^2
    Eq omega Phys: 0.000455*omega**2 + 0.000126*omega + 1.0e-6*theta - 6.0e-6

--- Chunk 99812 (153/220) | Start: 2025-08-06 18:45:00 ---
    RMSE omega (GP): 0.009394 | RMSE omega (Sim): 0.090696
    Loss: 10.1172 | Epoch: 1257
    Eq omega: 0.003381 + -0.00341theta + -0.00312omega + 0.00018theta^2 + -0.00035theta omega + -0.00125omega^2
    Eq omega Phys: -0.000711*omega**2 - 7.0e-6*omega*theta - 4.4e-5*omega - 6.0e-6*theta + 5.0e-5

--- Chunk 99813 (154/220) | Start: 2025-08-06 18:50:00 ---
    RMSE omega (GP): nan | RMSE omega (Sim): nan
    Loss: 40.6127 | Epoch: 482
    Eq omega: nan1 + nantheta + nanomega + nantheta^2 + nantheta omega + nanomega^2
    Eq omega Phys: N/A

--- Chunk 99814 (155/220) | Start: 2025-08-06 18:55:00 ---
    RMSE omega (GP): nan | RMSE omega (Sim): nan
    Loss: 194.7283 | Epoch: 55
    Eq omega: nan1 + nantheta + nanomega + nantheta^2 + nantheta omega + nanomega^2
    Eq omega Phys: N/A

--- Chunk 99815 (156/220) | Start: 2025-08-06 19:00:00 ---
    RMSE omega (GP): 0.011835 | RMSE omega (Sim): 0.115190
    Loss: 12.2566 | Epoch: 2339
    Eq omega: -0.001481 + 0.00108theta + 0.00054omega + -0.00065theta^2 + -0.00198theta omega + -0.00101omega^2
    Eq omega Phys: -0.000493*omega**2 - 3.2e-5*omega*theta + 0.000104*omega + 3.0e-6*theta - 9.0e-6

--- Chunk 99816 (157/220) | Start: 2025-08-06 19:05:00 ---
    RMSE omega (GP): 0.010249 | RMSE omega (Sim): 0.196640
    Loss: 25.2078 | Epoch: 2205
    Eq omega: 0.011591 + -0.00028theta + -0.00358omega + 0.01910theta^2 + 0.00136theta omega + -0.00504omega^2
    Eq omega Phys: -0.004007*omega**2 + 3.6e-5*omega*theta - 0.000527*omega + 1.7e-5*theta**2 - 0.000382*theta + 0.002181

--- Chunk 99817 (158/220) | Start: 2025-08-06 19:10:00 ---
    RMSE omega (GP): 0.030520 | RMSE omega (Sim): nan
    Loss: 181.9664 | Epoch: 71
    Eq omega: 0.008811 + 0.00895theta + 0.00041omega + 0.00455theta^2 + 0.00496theta omega + 0.01225omega^2
    Eq omega Phys: 0.007928*omega**2 + 0.000107*omega*theta - 0.000499*omega + 3.0e-6*theta**2 - 2.1e-5*theta + 4.3e-5

--- Chunk 99818 (159/220) | Start: 2025-08-06 19:15:00 ---
    RMSE omega (GP): nan | RMSE omega (Sim): nan
    Loss: 753.7239 | Epoch: 29
    Eq omega: nan1 + nantheta + nanomega + nantheta^2 + nantheta omega + nanomega^2
    Eq omega Phys: N/A

--- Chunk 99819 (160/220) | Start: 2025-08-06 19:20:00 ---
    RMSE omega (GP): 0.009629 | RMSE omega (Sim): 0.030287
    Loss: 21.9249 | Epoch: 1587
    Eq omega: 0.001381 + -0.04233theta + -0.00270omega + -0.00069theta^2 + -0.00169theta omega + 0.00012omega^2
    Eq omega Phys: 9.2e-5*omega**2 - 4.3e-5*omega*theta + 0.000592*omega - 0.e-6*theta**2 - 2.8e-5*theta + 0.000599

--- Chunk 99820 (161/220) | Start: 2025-08-06 19:25:00 ---
    RMSE omega (GP): 0.008698 | RMSE omega (Sim): 0.062564
    Loss: 13.5191 | Epoch: 2004
    Eq omega: -0.000371 + 0.00055theta + -0.00292omega + -0.00036theta^2 + -0.00005theta omega + 0.00901omega^2
    Eq omega Phys: 0.006073*omega**2 - 1.0e-6*omega*theta - 0.000105*omega - 3.0e-6*theta - 9.0e-6

--- Chunk 99821 (162/220) | Start: 2025-08-06 19:30:00 ---
    RMSE omega (GP): 0.019869 | RMSE omega (Sim): 0.168641
    Loss: 39.9104 | Epoch: 357
    Eq omega: 0.009211 + -0.00189theta + 0.00374omega + 0.00004theta^2 + -0.00163theta omega + 0.00006omega^2
    Eq omega Phys: 2.6e-5*omega**2 - 2.3e-5*omega*theta + 0.000476*omega - 3.0e-6*theta + 6.0e-5

--- Chunk 99822 (163/220) | Start: 2025-08-06 19:35:00 ---
    RMSE omega (GP): 0.011398 | RMSE omega (Sim): 0.076958
    Loss: 47.8052 | Epoch: 2428
    Eq omega: 0.001191 + -0.00007theta + -0.00517omega + 0.00008theta^2 + -0.00012theta omega + -0.00041omega^2
    Eq omega Phys: -0.000378*omega**2 - 4.0e-6*omega*theta - 0.000136*omega - 2.0e-6*theta + 1.0e-5

--- Chunk 99823 (164/220) | Start: 2025-08-06 19:40:00 ---
    RMSE omega (GP): nan | RMSE omega (Sim): nan
    Loss: 126.1106 | Epoch: 31
    Eq omega: nan1 + nantheta + nanomega + nantheta^2 + nantheta omega + nanomega^2
    Eq omega Phys: N/A

--- Chunk 99824 (165/220) | Start: 2025-08-06 19:45:00 ---
    RMSE omega (GP): 0.011153 | RMSE omega (Sim): 0.130463
    Loss: 36.7998 | Epoch: 2291
    Eq omega: -0.019691 + -0.46310theta + 0.04696omega + -0.02023theta^2 + 0.15959theta omega + 0.00125omega^2
    Eq omega Phys: 0.001032*omega**2 + 0.004392*omega*theta - 0.050622*omega - 1.9e-5*theta**2 - 7.4e-5*theta + 0.003468

--- Chunk 99825 (166/220) | Start: 2025-08-06 19:50:00 ---
    RMSE omega (GP): 0.028561 | RMSE omega (Sim): 0.089032
    Loss: 204.5450 | Epoch: 77
    Eq omega: 0.003161 + -0.01944theta + -0.00405omega + 0.00370theta^2 + -0.00144theta omega + -0.00977omega^2
    Eq omega Phys: -0.005436*omega**2 - 2.7e-5*omega*theta + 0.000217*omega + 2.0e-6*theta**2 - 8.2e-5*theta + 0.000689

--- Chunk 99826 (167/220) | Start: 2025-08-06 19:55:00 ---
    RMSE omega (GP): nan | RMSE omega (Sim): nan
    Loss: 189.2352 | Epoch: 111
    Eq omega: nan1 + nantheta + nanomega + nantheta^2 + nantheta omega + nanomega^2
    Eq omega Phys: N/A

--- Chunk 99827 (168/220) | Start: 2025-08-06 20:00:00 ---
    RMSE omega (GP): 0.011315 | RMSE omega (Sim): 0.065049
    Loss: 14.7668 | Epoch: 1220
    Eq omega: 0.000711 + -0.00070theta + 0.00690omega + -0.00143theta^2 + -0.00036theta omega + 0.00224omega^2
    Eq omega Phys: 0.001235*omega**2 - 7.0e-6*omega*theta + 0.000258*omega - 0.e-6*theta**2 + 7.0e-6*theta - 1.1e-5

--- Chunk 99828 (169/220) | Start: 2025-08-06 20:05:00 ---
    RMSE omega (GP): 0.010572 | RMSE omega (Sim): 0.071095
    Loss: 7.9963 | Epoch: 1620
    Eq omega: -0.001291 + -0.00042theta + -0.00188omega + -0.00019theta^2 + -0.00001theta omega + -0.00533omega^2
    Eq omega Phys: -0.002494*omega**2 - 6.1e-5*omega + 2.0e-6*theta - 1.1e-5

--- Chunk 99829 (170/220) | Start: 2025-08-06 20:10:00 ---
    RMSE omega (GP): 0.018438 | RMSE omega (Sim): 0.114147
    Loss: 157.6807 | Epoch: 730
    Eq omega: 0.004501 + -0.00102theta + -0.00095omega + -0.00000theta^2 + -0.00036theta omega + -0.00036omega^2
    Eq omega Phys: -0.000348*omega**2 - 1.2e-5*omega*theta + 0.000268*omega - 1.0e-6*theta + 3.4e-5

--- Chunk 99830 (171/220) | Start: 2025-08-06 20:15:00 ---
    RMSE omega (GP): 0.010599 | RMSE omega (Sim): 0.074308
    Loss: 15.8880 | Epoch: 2296
    Eq omega: -0.001611 + 0.00083theta + -0.00655omega + 0.00062theta^2 + -0.00033theta omega + 0.00375omega^2
    Eq omega Phys: 0.002245*omega**2 - 7.0e-6*omega*theta - 0.000147*omega - 8.0e-6*theta + 3.5e-5

--- Chunk 99831 (172/220) | Start: 2025-08-06 20:20:00 ---
    RMSE omega (GP): 0.011001 | RMSE omega (Sim): 0.080967
    Loss: 6.0932 | Epoch: 1076
    Eq omega: 0.000981 + -0.00046theta + 0.00009omega + 0.00016theta^2 + -0.00043theta omega + -0.00231omega^2
    Eq omega Phys: -0.000952*omega**2 - 6.0e-6*omega*theta + 8.3e-5*omega - 2.0e-6*theta + 2.3e-5

--- Chunk 99832 (173/220) | Start: 2025-08-06 20:25:00 ---
    RMSE omega (GP): 0.012587 | RMSE omega (Sim): 0.058007
    Loss: 32.4504 | Epoch: 2676
    Eq omega: -0.001811 + -0.00000theta + -0.00073omega + -0.00000theta^2 + 0.00002theta omega + -0.00004omega^2
    Eq omega Phys: -2.8e-5*omega**2 - 3.7e-5*omega - 3.0e-6

--- Chunk 99833 (174/220) | Start: 2025-08-06 20:30:00 ---
    RMSE omega (GP): 0.012337 | RMSE omega (Sim): 0.088924
    Loss: 7.5990 | Epoch: 1455
    Eq omega: 0.005081 + 0.00025theta + -0.00115omega + 0.00019theta^2 + -0.00280theta omega + -0.00084omega^2
    Eq omega Phys: -0.000346*omega**2 - 3.8e-5*omega*theta + 5.9e-5*omega + 1.4e-5

--- Chunk 99834 (175/220) | Start: 2025-08-06 20:35:00 ---
    RMSE omega (GP): 0.026664 | RMSE omega (Sim): 0.213314
    Loss: 62.9260 | Epoch: 322
    Eq omega: -0.003171 + -0.00334theta + -0.00046omega + 0.00019theta^2 + -0.00054theta omega + -0.01030omega^2
    Eq omega Phys: -0.004732*omega**2 - 8.0e-6*omega*theta - 6.9e-5*omega - 2.0e-6*theta - 2.8e-5

--- Chunk 99835 (176/220) | Start: 2025-08-06 20:40:00 ---
    RMSE omega (GP): 0.010720 | RMSE omega (Sim): 0.072659
    Loss: 10.2302 | Epoch: 2507
    Eq omega: -0.000941 + -0.00438theta + -0.00218omega + 0.00396theta^2 + -0.00132theta omega + -0.00147omega^2
    Eq omega Phys: -0.000733*omega**2 - 2.2e-5*omega*theta - 5.3e-5*omega + 2.0e-6*theta**2 - 9.0e-6*theta + 4.0e-6

--- Chunk 99836 (177/220) | Start: 2025-08-06 20:45:00 ---
    RMSE omega (GP): 0.012922 | RMSE omega (Sim): 0.053277
    Loss: 30.6394 | Epoch: 1088
    Eq omega: -0.000501 + -0.00012theta + 0.00064omega + -0.00003theta^2 + 0.00014theta omega + 0.00013omega^2
    Eq omega Phys: 8.6e-5*omega**2 + 3.0e-6*omega*theta + 5.8e-5*omega - 0.e-6*theta - 6.0e-6

--- Chunk 99837 (178/220) | Start: 2025-08-06 20:50:00 ---
    RMSE omega (GP): 0.009175 | RMSE omega (Sim): 0.104321
    Loss: 6.3587 | Epoch: 659
    Eq omega: 0.000891 + -0.00931theta + -0.00062omega + 0.00004theta^2 + -0.00014theta omega + 0.00090omega^2
    Eq omega Phys: 0.000445*omega**2 - 2.0e-6*omega*theta - 2.5e-5*omega - 1.0e-5*theta - 1.6e-5

--- Chunk 99838 (179/220) | Start: 2025-08-06 20:55:00 ---
    RMSE omega (GP): nan | RMSE omega (Sim): nan
    Loss: 114.7788 | Epoch: 75
    Eq omega: nan1 + nantheta + nanomega + nantheta^2 + nantheta omega + nanomega^2
    Eq omega Phys: N/A

--- Chunk 99839 (180/220) | Start: 2025-08-06 21:00:00 ---
    RMSE omega (GP): nan | RMSE omega (Sim): nan
    Loss: 45.8989 | Epoch: 69
    Eq omega: nan1 + nantheta + nanomega + nantheta^2 + nantheta omega + nanomega^2
    Eq omega Phys: N/A

--- Chunk 99840 (181/220) | Start: 2025-08-06 21:05:00 ---
    RMSE omega (GP): 0.012700 | RMSE omega (Sim): 0.105607
    Loss: 6.4370 | Epoch: 751
    Eq omega: 0.019781 + 0.00157theta + -0.01107omega + 0.00201theta^2 + -0.00631theta omega + 0.00240omega^2
    Eq omega Phys: 0.000873*omega**2 - 7.7e-5*omega*theta - 5.0e-6*omega + 1.0e-6*theta**2 - 6.0e-6*theta + 7.0e-5

--- Chunk 99841 (182/220) | Start: 2025-08-06 21:10:00 ---
    RMSE omega (GP): 0.012755 | RMSE omega (Sim): 0.145967
    Loss: 6.2246 | Epoch: 1281
    Eq omega: 0.000431 + 0.00334theta + -0.00217omega + -0.00029theta^2 + 0.00107theta omega + 0.00572omega^2
    Eq omega Phys: 0.002164*omega**2 + 1.3e-5*omega*theta - 0.000192*omega + 6.0e-6*theta - 4.1e-5

--- Chunk 99842 (183/220) | Start: 2025-08-06 21:15:00 ---
    RMSE omega (GP): 0.011026 | RMSE omega (Sim): 0.065470
    Loss: 15.3496 | Epoch: 801
    Eq omega: 0.001321 + -0.00024theta + -0.00229omega + 0.00088theta^2 + 0.00012theta omega + -0.00047omega^2
    Eq omega Phys: -0.000265*omega**2 + 2.0e-6*omega*theta - 6.1e-5*omega + 1.0e-6*theta**2 + 7.0e-6*theta + 2.6e-5

--- Chunk 99843 (184/220) | Start: 2025-08-06 21:20:00 ---
    RMSE omega (GP): 0.014356 | RMSE omega (Sim): 0.060188
    Loss: 12.2550 | Epoch: 957
    Eq omega: 0.008021 + -0.56741theta + -0.00797omega + 0.00242theta^2 + 0.02371theta omega + -0.00473omega^2
    Eq omega Phys: -0.00192*omega**2 + 0.000321*omega*theta - 0.002073*omega + 1.0e-6*theta**2 - 0.000643*theta + 0.00361

--- Chunk 99844 (185/220) | Start: 2025-08-06 21:25:00 ---
    RMSE omega (GP): 0.011984 | RMSE omega (Sim): 0.055782
    Loss: 21.4131 | Epoch: 1614
    Eq omega: 0.004821 + 0.00059theta + 0.00918omega + -0.00000theta^2 + -0.00003theta omega + 0.00050omega^2
    Eq omega Phys: 0.000302*omega**2 - 0.e-6*omega*theta + 0.000311*omega + 1.0e-6*theta + 3.0e-6

--- Chunk 99845 (186/220) | Start: 2025-08-06 21:30:00 ---
    RMSE omega (GP): 0.009253 | RMSE omega (Sim): 0.060318
    Loss: 15.6603 | Epoch: 3020
    Eq omega: -0.002791 + 0.00008theta + -0.00084omega + 0.00001theta^2 + -0.00007theta omega + -0.00006omega^2
    Eq omega Phys: -4.1e-5*omega**2 - 2.0e-6*omega*theta + 2.0e-6*omega - 4.0e-6

--- Chunk 99846 (187/220) | Start: 2025-08-06 21:35:00 ---
    RMSE omega (GP): 0.022753 | RMSE omega (Sim): 0.037882
    Loss: 206.9312 | Epoch: 373
    Eq omega: -0.000471 + 0.00803theta + 0.00697omega + 0.00009theta^2 + 0.00099theta omega + 0.00080omega^2
    Eq omega Phys: 0.000541*omega**2 + 2.2e-5*omega*theta - 0.000382*omega + 5.0e-6*theta - 0.000195

--- Chunk 99847 (188/220) | Start: 2025-08-06 21:40:00 ---
    RMSE omega (GP): nan | RMSE omega (Sim): nan
    Loss: 217.4264 | Epoch: 76
    Eq omega: nan1 + nantheta + nanomega + nantheta^2 + nantheta omega + nanomega^2
    Eq omega Phys: N/A

--- Chunk 99848 (189/220) | Start: 2025-08-06 21:45:00 ---
    RMSE omega (GP): 0.019773 | RMSE omega (Sim): 0.040599
    Loss: 114.9976 | Epoch: 152
    Eq omega: 0.000141 + 0.00069theta + -0.01505omega + -0.00544theta^2 + 0.00082theta omega + 0.00461omega^2
    Eq omega Phys: 0.003461*omega**2 + 2.1e-5*omega*theta - 0.000769*omega - 5.0e-6*theta**2 + 0.000119*theta - 0.000778

--- Chunk 99849 (190/220) | Start: 2025-08-06 21:50:00 ---
    RMSE omega (GP): 0.009487 | RMSE omega (Sim): 0.081107
    Loss: 10.9216 | Epoch: 3428
    Eq omega: -0.000391 + 0.00003theta + -0.00125omega + -0.00001theta^2 + 0.00018theta omega + -0.00064omega^2
    Eq omega Phys: -0.000369*omega**2 + 3.0e-6*omega*theta - 8.6e-5*omega - 2.0e-6

--- Chunk 99850 (191/220) | Start: 2025-08-06 21:55:00 ---
    RMSE omega (GP): nan | RMSE omega (Sim): nan
    Loss: 557.8598 | Epoch: 40
    Eq omega: nan1 + nantheta + nanomega + nantheta^2 + nantheta omega + nanomega^2
    Eq omega Phys: N/A

--- Chunk 99851 (192/220) | Start: 2025-08-06 22:00:00 ---
    RMSE omega (GP): 0.021373 | RMSE omega (Sim): 0.070915
    Loss: 248.5130 | Epoch: 366
    Eq omega: -0.000191 + -0.00063theta + 0.00443omega + -0.00001theta^2 + 0.00007theta omega + 0.00042omega^2
    Eq omega Phys: 0.000349*omega**2 + 2.0e-6*omega*theta + 0.000187*omega - 1.0e-6*theta - 1.8e-5

--- Chunk 99852 (193/220) | Start: 2025-08-06 22:05:00 ---
    RMSE omega (GP): 0.017297 | RMSE omega (Sim): 0.046536
    Loss: 109.9173 | Epoch: 357
    Eq omega: 0.010391 + 0.00018theta + -0.00131omega + 0.00216theta^2 + 0.00005theta omega + -0.00169omega^2
    Eq omega Phys: -0.001516*omega**2 + 1.0e-6*omega*theta - 1.4e-5*omega + 2.0e-6*theta**2 + 8.7e-5*theta + 0.000884

--- Chunk 99853 (194/220) | Start: 2025-08-06 22:10:00 ---
    RMSE omega (GP): 0.008898 | RMSE omega (Sim): 0.089031
    Loss: 2.8543 | Epoch: 1452
    Eq omega: 0.000521 + -0.00103theta + -0.00686omega + 0.00065theta^2 + 0.00085theta omega + -0.00018omega^2
    Eq omega Phys: -7.5e-5*omega**2 + 1.2e-5*omega*theta - 0.000128*omega + 4.0e-6*theta + 1.4e-5

--- Chunk 99854 (195/220) | Start: 2025-08-06 22:15:00 ---
    RMSE omega (GP): nan | RMSE omega (Sim): nan
    Loss: 1987.1736 | Epoch: 18
    Eq omega: nan1 + nantheta + nanomega + nantheta^2 + nantheta omega + nanomega^2
    Eq omega Phys: N/A

--- Chunk 99855 (196/220) | Start: 2025-08-06 22:20:00 ---
    RMSE omega (GP): 0.009404 | RMSE omega (Sim): 0.097482
    Loss: 5.6241 | Epoch: 1082
    Eq omega: 0.003131 + -0.03362theta + -0.00057omega + -0.00664theta^2 + -0.00022theta omega + 0.00877omega^2
    Eq omega Phys: 0.004092*omega**2 - 3.0e-6*omega*theta - 3.3e-5*omega - 3.0e-6*theta**2 - 6.5e-5*theta - 0.000197

--- Chunk 99856 (197/220) | Start: 2025-08-06 22:25:00 ---
    RMSE omega (GP): nan | RMSE omega (Sim): nan
    Loss: 27.9368 | Epoch: 66
    Eq omega: nan1 + nantheta + nanomega + nantheta^2 + nantheta omega + nanomega^2
    Eq omega Phys: N/A

--- Chunk 99857 (198/220) | Start: 2025-08-06 22:30:00 ---
    RMSE omega (GP): nan | RMSE omega (Sim): nan
    Loss: 493.9392 | Epoch: 51
    Eq omega: nan1 + nantheta + nanomega + nantheta^2 + nantheta omega + nanomega^2
    Eq omega Phys: N/A

--- Chunk 99858 (199/220) | Start: 2025-08-06 22:35:00 ---
    RMSE omega (GP): 0.010365 | RMSE omega (Sim): 0.060920
    Loss: 10.2983 | Epoch: 1349
    Eq omega: -0.000691 + -1.24018theta + -0.00157omega + 0.00112theta^2 + 0.01488theta omega + 0.02040omega^2
    Eq omega Phys: 0.010791*omega**2 + 0.000262*omega*theta + 0.000408*omega + 1.0e-6*theta**2 - 0.001376*theta - 0.002415

--- Chunk 99859 (200/220) | Start: 2025-08-06 22:40:00 ---
    RMSE omega (GP): 0.028828 | RMSE omega (Sim): 0.100358
    Loss: 43.9758 | Epoch: 439
    Eq omega: -0.002091 + 0.00041theta + 0.00496omega + -0.00296theta^2 + 0.00299theta omega + -0.00080omega^2
    Eq omega Phys: -0.000354*omega**2 + 4.4e-5*omega*theta + 5.0e-6*omega - 1.0e-6*theta**2 + 1.1e-5*theta - 2.6e-5

  [Progress 200/220] Mean RMSE omega (GP): 0.012979 | (Sim): 0.084873 | Mean loss: 193.6229 | Valid GP: 155/200 | Valid Sim: 152/200 | Elapsed: 69.8min | ETA: 7.0min

--- Chunk 99860 (201/220) | Start: 2025-08-06 22:45:00 ---
    RMSE omega (GP): 0.025657 | RMSE omega (Sim): 0.096019
    Loss: 59.8723 | Epoch: 36
    Eq omega: -0.000921 + -0.00092theta + -0.00091omega + 0.00016theta^2 + -0.00010theta omega + -0.00101omega^2
    Eq omega Phys: -0.000393*omega**2 - 1.0e-6*omega*theta - 4.9e-5*omega + 1.0e-6*theta - 3.0e-6

--- Chunk 99861 (202/220) | Start: 2025-08-06 22:50:00 ---
    RMSE omega (GP): 0.012318 | RMSE omega (Sim): 0.155069
    Loss: 10.8727 | Epoch: 2406
    Eq omega: -0.006781 + -0.28781theta + 0.00517omega + -0.00072theta^2 + -0.00018theta omega + -0.00274omega^2
    Eq omega Phys: -0.001231*omega**2 - 3.0e-6*omega*theta + 0.000205*omega - 0.000311*theta + 0.003775

--- Chunk 99862 (203/220) | Start: 2025-08-06 22:55:00 ---
    RMSE omega (GP): 0.010987 | RMSE omega (Sim): 0.102251
    Loss: 5.2058 | Epoch: 1052
    Eq omega: 0.004761 + -1.14558theta + -0.00422omega + 0.00580theta^2 + 0.00788theta omega + -0.00125omega^2
    Eq omega Phys: -0.000494*omega**2 + 0.000104*omega*theta + 0.000193*omega + 3.0e-6*theta**2 - 0.001257*theta - 0.004048

--- Chunk 99863 (204/220) | Start: 2025-08-06 23:00:00 ---
    RMSE omega (GP): 0.011839 | RMSE omega (Sim): 0.070377
    Loss: 16.1841 | Epoch: 1409
    Eq omega: -0.001281 + 0.00055theta + 0.00196omega + 0.00028theta^2 + -0.00057theta omega + -0.00085omega^2
    Eq omega Phys: -0.000461*omega**2 - 1.0e-5*omega*theta - 8.0e-6*omega + 3.0e-6*theta + 1.0e-5

--- Chunk 99864 (205/220) | Start: 2025-08-06 23:05:00 ---
    RMSE omega (GP): nan | RMSE omega (Sim): nan
    Loss: 982.6959 | Epoch: 25
    Eq omega: nan1 + nantheta + nanomega + nantheta^2 + nantheta omega + nanomega^2
    Eq omega Phys: N/A

--- Chunk 99865 (206/220) | Start: 2025-08-06 23:10:00 ---
    RMSE omega (GP): 0.029177 | RMSE omega (Sim): 0.041063
    Loss: 328.5760 | Epoch: 402
    Eq omega: -0.002581 + -0.02599theta + -0.00041omega + 0.00139theta^2 + -0.00002theta omega + -0.01142omega^2
    Eq omega Phys: -0.008575*omega**2 - 0.e-6*omega*theta - 3.3e-5*omega + 1.0e-6*theta**2 + 5.9e-5*theta + 0.000555

--- Chunk 99866 (207/220) | Start: 2025-08-06 23:15:00 ---
    RMSE omega (GP): nan | RMSE omega (Sim): nan
    Loss: 780.4725 | Epoch: 27
    Eq omega: nan1 + nantheta + nanomega + nantheta^2 + nantheta omega + nanomega^2
    Eq omega Phys: N/A

--- Chunk 99867 (208/220) | Start: 2025-08-06 23:20:00 ---
    RMSE omega (GP): 0.025284 | RMSE omega (Sim): 0.025806
    Loss: 444.9878 | Epoch: 226
    Eq omega: 0.003621 + -0.00066theta + -0.00188omega + -0.00024theta^2 + 0.00536theta omega + 0.00298omega^2
    Eq omega Phys: 0.003486*omega**2 + 0.000209*omega*theta + 0.004108*omega - 1.3e-5*theta - 0.000135

--- Chunk 99868 (209/220) | Start: 2025-08-06 23:25:00 ---
    RMSE omega (GP): 0.047175 | RMSE omega (Sim): 0.070698
    Loss: 817.4340 | Epoch: 42
    Eq omega: 0.004571 + -0.00080theta + -0.00544omega + 0.00142theta^2 + 0.00004theta omega + 0.00569omega^2
    Eq omega Phys: 0.00356*omega**2 + 1.0e-6*omega*theta - 0.000167*omega + 1.0e-6*theta**2 + 3.2e-5*theta + 0.000268

--- Chunk 99869 (210/220) | Start: 2025-08-06 23:30:00 ---
    RMSE omega (GP): 0.011366 | RMSE omega (Sim): 0.139021
    Loss: 8.6010 | Epoch: 1061
    Eq omega: 0.000961 + -0.00005theta + -0.00055omega + -0.00015theta^2 + 0.00060theta omega + 0.00067omega^2
    Eq omega Phys: 0.000299*omega**2 + 9.0e-6*omega*theta + 5.6e-5*omega - 1.0e-6*theta - 3.0e-6

--- Chunk 99870 (211/220) | Start: 2025-08-06 23:35:00 ---
    RMSE omega (GP): 0.011277 | RMSE omega (Sim): 0.043832
    Loss: 18.5248 | Epoch: 2099
    Eq omega: 0.005111 + 0.00002theta + 0.00206omega + -0.00003theta^2 + -0.01050theta omega + 0.00058omega^2
    Eq omega Phys: 0.000342*omega**2 - 0.000206*omega*theta + 0.005264*omega + 1.0e-6*theta - 3.0e-6

--- Chunk 99871 (212/220) | Start: 2025-08-06 23:40:00 ---
    RMSE omega (GP): nan | RMSE omega (Sim): nan
    Loss: 233.3874 | Epoch: 28
    Eq omega: nan1 + nantheta + nanomega + nantheta^2 + nantheta omega + nanomega^2
    Eq omega Phys: N/A

--- Chunk 99872 (213/220) | Start: 2025-08-06 23:45:00 ---
    RMSE omega (GP): 0.009400 | RMSE omega (Sim): 0.098064
    Loss: 3.4282 | Epoch: 1848
    Eq omega: 0.000941 + -0.14879theta + 0.00520omega + -0.00791theta^2 + -0.00745theta omega + 0.00629omega^2
    Eq omega Phys: 0.002565*omega**2 - 0.000101*omega*theta + 0.000293*omega - 4.0e-6*theta**2 - 0.000157*theta + 0.000192

--- Chunk 99873 (214/220) | Start: 2025-08-06 23:50:00 ---
    RMSE omega (GP): 0.030397 | RMSE omega (Sim): 0.053905
    Loss: 234.5886 | Epoch: 150
    Eq omega: -0.002291 + -0.00010theta + 0.00254omega + 0.00001theta^2 + 0.00007theta omega + -0.00027omega^2
    Eq omega Phys: -0.000194*omega**2 + 2.0e-6*omega*theta + 0.000119*omega - 2.0e-6

--- Chunk 99874 (215/220) | Start: 2025-08-06 23:55:00 ---
    RMSE omega (GP): 0.011714 | RMSE omega (Sim): 0.064630
    Loss: 34.0947 | Epoch: 778
    Eq omega: -0.001021 + 0.00019theta + -0.00237omega + 0.00006theta^2 + -0.00003theta omega + 0.00043omega^2
    Eq omega Phys: 0.000334*omega**2 - 0.e-6*omega*theta - 0.000101*omega + 3.0e-6*theta + 4.7e-5

--- Chunk 99875 (216/220) | Start: 2025-08-07 00:00:00 ---
    RMSE omega (GP): 0.017281 | RMSE omega (Sim): 0.050404
    Loss: 84.7600 | Epoch: 818
    Eq omega: 0.000321 + -0.00017theta + -0.00041omega + -0.00000theta^2 + 0.00003theta omega + 0.00003omega^2
    Eq omega Phys: 2.4e-5*omega**2 + 1.0e-6*omega*theta + 5.0e-6*omega - 4.0e-6

--- Chunk 99876 (217/220) | Start: 2025-08-07 00:05:00 ---
    RMSE omega (GP): nan | RMSE omega (Sim): nan
    Loss: 2001.0836 | Epoch: 18
    Eq omega: nan1 + nantheta + nanomega + nantheta^2 + nantheta omega + nanomega^2
    Eq omega Phys: N/A

--- Chunk 99877 (218/220) | Start: 2025-08-07 00:10:00 ---
    RMSE omega (GP): nan | RMSE omega (Sim): nan
    Loss: 41.6336 | Epoch: 96
    Eq omega: nan1 + nantheta + nanomega + nantheta^2 + nantheta omega + nanomega^2
    Eq omega Phys: N/A

--- Chunk 99878 (219/220) | Start: 2025-08-07 00:15:00 ---
    RMSE omega (GP): 0.009431 | RMSE omega (Sim): 0.073234
    Loss: 26.9439 | Epoch: 1898
    Eq omega: 0.001461 + -0.00069theta + -0.00045omega + 0.00001theta^2 + -0.00001theta omega + -0.00012omega^2
    Eq omega Phys: -0.000103*omega**2 - 1.9e-5*omega - 0.e-6*theta - 6.0e-6

--- Chunk 99879 (220/220) | Start: 2025-08-07 00:20:00 ---
    RMSE omega (GP): 0.009515 | RMSE omega (Sim): 0.134351
    Loss: 3.7271 | Epoch: 2000
    Eq omega: -0.003761 + -0.00196theta + 0.00056omega + 0.00039theta^2 + 0.00268theta omega + -0.00005omega^2
    Eq omega Phys: -2.1e-5*omega**2 + 3.7e-5*omega*theta + 0.000225*omega - 1.7e-5

  [Progress 220/220] Mean RMSE omega (GP): 0.013439 | (Sim): 0.084548 | Mean loss: 203.9166 | Valid GP: 170/220 | Valid Sim: 167/220 | Elapsed: 75.4min | ETA: 0.0min

============================================================
EVALUATION COMPLETE — Chunks [99660, 99879]
============================================================
Chunks processed: 220
Chunks succeeded GP:  170 (77.3%)
Chunks succeeded Sim: 167 (75.9%)
Mean GP RMSE omega:   0.013439 ± 0.007488
Mean SIM RMSE omega:  0.084548 ± 0.035786
Mean Loss:            203.9166 ± 891.6490
Elapsed time:     75.4 minutes

Per-chunk CSV: /pfs/data6/home/ka/ka_iai/ka_bj2362/dsr/svise/results_5min_all_chunks/run_SLURM_3718868_combo38/chunks_99660_to_99879_20260321_123352.csv
Summary JSON:  /pfs/data6/home/ka/ka_iai/ka_bj2362/dsr/svise/results_5min_all_chunks/run_SLURM_3718868_combo38/summary_99660_to_99879_20260321_123352.json
============================================================

============================= JOB FEEDBACK =============================

NodeName=uc3n102
Job ID: 3723005
Array Job ID: 3718868_453
Cluster: uc3
User/Group: ka_bj2362/ka_iai
State: COMPLETED (exit code 0)
Nodes: 1
Cores per node: 4
CPU Utilized: 01:14:56
CPU Efficiency: 24.74% of 05:02:56 core-walltime
Job Wall-clock time: 01:15:44
Memory Utilized: 3.40 GB
Memory Efficiency: 28.36% of 12.00 GB (12.00 GB/node)
