Array task 165: processing chunks 36300 to 36519
Loading data from /pfs/data6/home/ka/ka_iai/ka_bj2362/dsr/svise/../dataset/South_Korea_2024-08-15_2025-08-31_1s.parquet...
Finding all valid 5-minute chunks in the dataset...
Found 107059 valid 5-minute chunks in total.

============================================================
SVISE FINAL EVALUATION — ALL CHUNKS
============================================================
Hyperparameters: {
  "model": "integrator",
  "sigma": 0,
  "degree": 2,
  "tau": 1e-05,
  "lr": 0.1,
  "n_tau": 50,
  "measurement_noise": 0.001,
  "n_reparam_samples": 15
}
Total valid chunks in dataset: 107059
Processing chunk range: [36300, 36519] (220 chunks)
Early stopping: patience=300, max_epochs=10000
============================================================


--- Chunk 36300 (1/220) | Start: 2024-12-28 14:50:00 ---
/pfs/data6/home/ka/ka_iai/ka_bj2362/dsr/svise/svise/sde_learning/_marginal_sde.py:284: UserWarning: torch.triangular_solve is deprecated in favor of torch.linalg.solve_triangularand will be removed in a future PyTorch release.
torch.linalg.solve_triangular has its arguments reversed and does not return a copy of one of the inputs.
X = torch.triangular_solve(B, A).solution
should be replaced with
X = torch.linalg.solve_triangular(A, B). (Triggered internally at ../aten/src/ATen/native/BatchLinearAlgebra.cpp:2192.)
  return torch.triangular_solve(self.raw_w, self.C.t()).solution
/pfs/data6/home/ka/ka_iai/ka_bj2362/dsr/svise/svise/quadrature/_unbiased_quadrature.py:196: UserWarning: Interp is nan, reducing interp degree.
  warnings.warn("Interp is nan, reducing interp degree.")
/pfs/data6/home/ka/ka_iai/ka_bj2362/dsr/svise/svise/quadrature/_unbiased_quadrature.py:174: UserWarning: NaN detected in fxq (quadrature node evaluations). Clamping to 0.
  warnings.warn("NaN detected in fxq (quadrature node evaluations). Clamping to 0.")
/pfs/data6/home/ka/ka_iai/ka_bj2362/dsr/svise/svise/quadrature/_unbiased_quadrature.py:177: UserWarning: NaN detected in fmc (Monte-Carlo node evaluations). Clamping to 0.
  warnings.warn("NaN detected in fmc (Monte-Carlo node evaluations). Clamping to 0.")
    RMSE omega (GP): 0.008664 | RMSE omega (Sim): 0.103113
    Loss: 1.6513 | Epoch: 940
    Eq omega: -0.015201 + -2.56028theta + -0.00664omega + 0.01498theta^2 + 0.00863theta omega + 0.00448omega^2
    Eq omega Phys: 0.001707*omega**2 + 0.00011*omega*theta - 0.000334*omega + 6.0e-6*theta**2 - 0.002858*theta + 0.002875
    Diffusion: theta=8.114508e-04, omega=3.754951e-05

--- Chunk 36301 (2/220) | Start: 2024-12-28 14:55:00 ---
    RMSE omega (GP): 0.014089 | RMSE omega (Sim): 0.079308
    Loss: 12.5310 | Epoch: 1542
    Eq omega: 0.006051 + 0.00021theta + 0.00044omega + -0.00002theta^2 + 0.00104theta omega + -0.00105omega^2
    Eq omega Phys: -0.000442*omega**2 + 1.5e-5*omega*theta + 0.000209*omega + 1.7e-5
    Diffusion: theta=4.970658e-04, omega=3.740510e-05

--- Chunk 36302 (3/220) | Start: 2024-12-28 15:00:00 ---
    RMSE omega (GP): 0.009170 | RMSE omega (Sim): 0.148140
    Loss: -0.8362 | Epoch: 2269
    Eq omega: 0.000711 + -0.00077theta + 0.00365omega + -0.00017theta^2 + 0.00021theta omega + -0.00063omega^2
    Eq omega Phys: -0.000158*omega**2 + 2.0e-6*omega*theta + 0.000143*omega - 2.0e-6*theta - 1.5e-5
    Diffusion: theta=6.442782e-04, omega=8.393811e-05

--- Chunk 36303 (4/220) | Start: 2024-12-28 15:05:00 ---
    RMSE omega (GP): 0.035651 | RMSE omega (Sim): 0.208307
    Loss: 155.4142 | Epoch: 67
    Eq omega: -0.001381 + -0.00014theta + -0.00602omega + 0.00012theta^2 + -0.00004theta omega + 0.00036omega^2
    Eq omega Phys: 0.000141*omega**2 - 0.e-6*omega*theta - 0.000216*omega + 3.0e-6*theta + 3.6e-5
    Diffusion: theta=nan, omega=nan

--- Chunk 36304 (5/220) | Start: 2024-12-28 15:10:00 ---
    RMSE omega (GP): 0.010275 | RMSE omega (Sim): 0.089785
    Loss: 3.7683 | Epoch: 2942
    Eq omega: 0.000231 + 0.00004theta + 0.00009omega + -0.00002theta^2 + -0.00016theta omega + 0.00005omega^2
    Eq omega Phys: 1.9e-5*omega**2 - 2.0e-6*omega*theta - 3.5e-5*omega - 2.0e-6
    Diffusion: theta=3.852318e-04, omega=4.081555e-05

--- Chunk 36305 (6/220) | Start: 2024-12-28 15:15:00 ---
    RMSE omega (GP): nan | RMSE omega (Sim): nan
    Loss: 20.1418 | Epoch: 56
    Eq omega: nan1 + nantheta + nanomega + nantheta^2 + nantheta omega + nanomega^2
    Eq omega Phys: N/A
    Diffusion: theta=nan, omega=nan

--- Chunk 36306 (7/220) | Start: 2024-12-28 15:20:00 ---
    RMSE omega (GP): 0.015496 | RMSE omega (Sim): 0.058096
    Loss: 8.9418 | Epoch: 3095
    Eq omega: -0.009371 + -0.24438theta + -0.00009omega + -0.00037theta^2 + -0.09745theta omega + 0.00211omega^2
    Eq omega Phys: 0.000876*omega**2 - 0.001348*omega*theta - 0.035032*omega - 0.00028*theta - 0.007197
    Diffusion: theta=1.344929e-03, omega=3.338764e-05

--- Chunk 36307 (8/220) | Start: 2024-12-28 15:25:00 ---
    RMSE omega (GP): 0.012849 | RMSE omega (Sim): 0.106691
    Loss: 19.8635 | Epoch: 2237
    Eq omega: -0.000661 + 0.00035theta + -0.00008omega + 0.00005theta^2 + -0.00002theta omega + 0.00075omega^2
    Eq omega Phys: 0.000418*omega**2 - 1.3e-5*omega + 2.0e-6*theta + 3.5e-5
    Diffusion: theta=1.157811e-03, omega=2.462749e-05

--- Chunk 36308 (9/220) | Start: 2024-12-28 15:30:00 ---
    RMSE omega (GP): 0.026146 | RMSE omega (Sim): 0.096405
    Loss: 102.1838 | Epoch: 105
    Eq omega: -0.001991 + -0.00057theta + 0.00035omega + 0.00013theta^2 + 0.00009theta omega + 0.00098omega^2
    Eq omega Phys: 0.00054*omega**2 + 2.0e-6*omega*theta + 2.8e-5*omega + 1.0e-6*theta - 3.0e-6
    Diffusion: theta=nan, omega=nan

--- Chunk 36309 (10/220) | Start: 2024-12-28 15:35:00 ---
    RMSE omega (GP): 0.025798 | RMSE omega (Sim): 0.115459
    Loss: 36.2243 | Epoch: 61
    Eq omega: 0.000271 + -0.00267theta + -0.00383omega + 0.00003theta^2 + 0.00053theta omega + 0.00039omega^2
    Eq omega Phys: 0.000135*omega**2 + 6.0e-6*omega*theta - 5.3e-5*omega - 3.0e-6*theta - 3.4e-5
    Diffusion: theta=4.294804e-03, omega=1.382420e-05

--- Chunk 36310 (11/220) | Start: 2024-12-28 15:40:00 ---
    RMSE omega (GP): 0.010411 | RMSE omega (Sim): 0.072898
    Loss: -0.7498 | Epoch: 1085
    Eq omega: -0.014161 + -0.48142theta + -0.00367omega + -0.00722theta^2 + -0.00632theta omega + 0.00907omega^2
    Eq omega Phys: 0.002215*omega**2 - 5.1e-5*omega*theta - 0.000379*omega - 2.0e-6*theta**2 - 0.000554*theta - 0.002781
    Diffusion: theta=1.221422e-03, omega=6.833339e-05

--- Chunk 36311 (12/220) | Start: 2024-12-28 15:45:00 ---
    RMSE omega (GP): nan | RMSE omega (Sim): nan
    Loss: 121.7057 | Epoch: 27
    Eq omega: nan1 + nantheta + nanomega + nantheta^2 + nantheta omega + nanomega^2
    Eq omega Phys: N/A
    Diffusion: theta=nan, omega=nan

--- Chunk 36312 (13/220) | Start: 2024-12-28 15:50:00 ---
/pfs/data6/home/ka/ka_iai/ka_bj2362/dsr/svise/run_analysis_5min_all_chunks_combo38.py:212: ODEintWarning: Excess work done on this call (perhaps wrong Dfun type). Run with full_output = 1 to get quantitative information.
  sol_scaled = odeint(drift, x0_scaled, t_scaled, full_output=False)
    RMSE omega (GP): 0.010072 | RMSE omega (Sim): nan
    Loss: 3.0677 | Epoch: 1352
    Eq omega: 0.383211 + -1.26680theta + 0.00487omega + -0.57420theta^2 + 0.01358theta omega + -0.01170omega^2
    Eq omega Phys: -0.004268*omega**2 + 0.000165*omega*theta - 0.001482*omega - 0.000233*theta**2 + 0.003227*theta - 0.007894
    Diffusion: theta=8.582534e-04, omega=4.271265e-05

--- Chunk 36313 (14/220) | Start: 2024-12-28 15:55:00 ---
    RMSE omega (GP): 0.025865 | RMSE omega (Sim): 0.113222
    Loss: 24.1840 | Epoch: 399
    Eq omega: -0.001881 + -0.02614theta + 0.00562omega + 0.00755theta^2 + 0.00047theta omega + 0.00579omega^2
    Eq omega Phys: 0.001887*omega**2 + 5.0e-6*omega*theta + 0.000239*omega + 3.0e-6*theta**2 + 2.6e-5*theta - 2.2e-5
    Diffusion: theta=2.043771e-01, omega=2.396280e-04

--- Chunk 36314 (15/220) | Start: 2024-12-28 16:00:00 ---
    RMSE omega (GP): 0.011387 | RMSE omega (Sim): 0.076472
    Loss: 16.1275 | Epoch: 2053
    Eq omega: -0.026941 + -0.04572theta + 0.00530omega + -0.00038theta^2 + 0.00040theta omega + -0.00026omega^2
    Eq omega Phys: -0.000149*omega**2 + 8.0e-6*omega*theta + 0.000366*omega - 6.3e-5*theta - 0.001464
    Diffusion: theta=2.023165e-03, omega=2.044827e-05

--- Chunk 36315 (16/220) | Start: 2024-12-28 16:05:00 ---
    RMSE omega (GP): 0.010229 | RMSE omega (Sim): 0.166269
    Loss: 0.3157 | Epoch: 1414
    Eq omega: -0.000981 + -0.01060theta + 0.00285omega + 0.00179theta^2 + 0.00107theta omega + -0.00680omega^2
    Eq omega Phys: -0.001945*omega**2 + 1.0e-5*omega*theta + 0.000159*omega + 1.0e-6*theta**2 - 5.0e-6*theta - 5.5e-5
    Diffusion: theta=1.455260e-04, omega=4.654836e-05

--- Chunk 36316 (17/220) | Start: 2024-12-28 16:10:00 ---
    RMSE omega (GP): 0.037704 | RMSE omega (Sim): 0.219000
    Loss: 42.7845 | Epoch: 74
    Eq omega: -0.010691 + -0.00277theta + 0.00026omega + -0.00039theta^2 + 0.00063theta omega + 0.00100omega^2
    Eq omega Phys: 0.000235*omega**2 + 5.0e-6*omega*theta + 3.3e-5*omega - 4.0e-6*theta - 6.8e-5
    Diffusion: theta=1.265126e-02, omega=2.400806e-05

--- Chunk 36317 (18/220) | Start: 2024-12-28 16:15:00 ---
    RMSE omega (GP): 0.012042 | RMSE omega (Sim): 0.153374
    Loss: 3.4400 | Epoch: 2348
    Eq omega: -0.001201 + -0.00002theta + -0.00049omega + 0.00017theta^2 + -0.00009theta omega + 0.00020omega^2
    Eq omega Phys: 6.4e-5*omega**2 - 0.e-6*omega*theta - 3.8e-5*omega + 3.0e-6*theta + 2.6e-5
    Diffusion: theta=1.836137e-02, omega=2.689869e-05

--- Chunk 36318 (19/220) | Start: 2024-12-28 16:20:00 ---
    RMSE omega (GP): 0.009654 | RMSE omega (Sim): 0.194796
    Loss: 3.8134 | Epoch: 1720
    Eq omega: 0.000501 + -0.00000theta + 0.00107omega + -0.00013theta^2 + -0.00045theta omega + 0.00050omega^2
    Eq omega Phys: 0.000201*omega**2 - 6.0e-6*omega*theta + 9.3e-5*omega + 1.0e-6*theta - 4.0e-6
    Diffusion: theta=3.318003e-04, omega=3.911800e-05

--- Chunk 36319 (20/220) | Start: 2024-12-28 16:25:00 ---
    RMSE omega (GP): 0.009817 | RMSE omega (Sim): 0.090463
    Loss: 0.0889 | Epoch: 1878
    Eq omega: -0.001851 + -0.38615theta + -0.00531omega + 0.00113theta^2 + -0.00808theta omega + 0.00879omega^2
    Eq omega Phys: 0.002404*omega**2 - 7.4e-5*omega*theta - 0.000481*omega - 0.000426*theta - 0.001772
    Diffusion: theta=2.565541e-03, omega=4.100330e-05

--- Chunk 36320 (21/220) | Start: 2024-12-28 16:30:00 ---
    RMSE omega (GP): 0.029367 | RMSE omega (Sim): 0.032668
    Loss: 755.9464 | Epoch: 97
    Eq omega: 0.000161 + -0.00005theta + 0.00024omega + 0.00001theta^2 + -0.00000theta omega + 0.00011omega^2
    Eq omega Phys: 0.000112*omega**2 + 8.0e-6*omega - 0.e-6*theta + 1.0e-5
    Diffusion: theta=nan, omega=nan

--- Chunk 36321 (22/220) | Start: 2024-12-28 16:35:00 ---
    RMSE omega (GP): 0.010997 | RMSE omega (Sim): 0.185116
    Loss: -129.1239 | Epoch: 1521
    Eq omega: -0.004801 + -0.67579theta + -0.00217omega + -0.14225theta^2 + -0.01696theta omega + -0.01788omega^2
    Eq omega Phys: -0.005451*omega**2 - 0.000172*omega*theta + 0.000381*omega - 4.8e-5*theta**2 - 0.000498*theta + 0.001623
    Diffusion: theta=1.676799e-03, omega=3.970203e-05

--- Chunk 36322 (23/220) | Start: 2024-12-28 16:40:00 ---
    RMSE omega (GP): 0.011342 | RMSE omega (Sim): 0.103450
    Loss: 0.9690 | Epoch: 1022
    Eq omega: 0.018601 + -0.49050theta + 0.00400omega + 0.00617theta^2 + -0.02537theta omega + -0.13272omega^2
    Eq omega Phys: -0.037554*omega**2 - 0.000239*omega*theta + 0.001244*omega + 2.0e-6*theta**2 - 0.000563*theta + 0.002645
    Diffusion: theta=3.256765e-04, omega=4.770842e-05

--- Chunk 36323 (24/220) | Start: 2024-12-28 16:45:00 ---
    RMSE omega (GP): 0.012029 | RMSE omega (Sim): 0.253810
    Loss: 10.5214 | Epoch: 2031
    Eq omega: -0.000371 + 0.00040theta + -0.00867omega + 0.00018theta^2 + 0.00040theta omega + 0.00045omega^2
    Eq omega Phys: 0.000202*omega**2 + 6.0e-6*omega*theta - 0.000364*omega - 2.0e-6*theta + 8.0e-6
    Diffusion: theta=2.275513e-03, omega=3.291912e-05

--- Chunk 36324 (25/220) | Start: 2024-12-28 16:50:00 ---
    RMSE omega (GP): 0.013525 | RMSE omega (Sim): 0.084771
    Loss: 15.2535 | Epoch: 2281
    Eq omega: 0.012731 + -0.05517theta + -0.00716omega + 0.00020theta^2 + -0.00028theta omega + -0.00078omega^2
    Eq omega Phys: -0.000358*omega**2 - 4.0e-6*omega*theta - 0.000132*omega - 6.6e-5*theta + 0.001616
    Diffusion: theta=1.005705e-03, omega=2.585520e-05

--- Chunk 36325 (26/220) | Start: 2024-12-28 16:55:00 ---
    RMSE omega (GP): 0.010379 | RMSE omega (Sim): 0.209408
    Loss: 0.6138 | Epoch: 1863
    Eq omega: 0.005761 + -0.00036theta + 0.00028omega + 0.00035theta^2 + 0.00011theta omega + 0.01377omega^2
    Eq omega Phys: 0.003806*omega**2 + 1.0e-6*omega*theta + 2.6e-5*omega + 3.0e-6*theta + 4.5e-5
    Diffusion: theta=4.218263e-04, omega=6.720384e-05

--- Chunk 36326 (27/220) | Start: 2024-12-28 17:00:00 ---
    RMSE omega (GP): 0.012505 | RMSE omega (Sim): 0.086509
    Loss: 3.7396 | Epoch: 1430
    Eq omega: 0.002491 + -0.11034theta + 0.00132omega + 0.00020theta^2 + -0.00086theta omega + 0.01219omega^2
    Eq omega Phys: 0.003841*omega**2 - 9.0e-6*omega*theta + 0.000166*omega - 0.000124*theta + 0.001681
    Diffusion: theta=1.040612e-03, omega=4.198584e-05

--- Chunk 36327 (28/220) | Start: 2024-12-28 17:05:00 ---
    RMSE omega (GP): nan | RMSE omega (Sim): nan
    Loss: 382.9602 | Epoch: 16
    Eq omega: nan1 + nantheta + nanomega + nantheta^2 + nantheta omega + nanomega^2
    Eq omega Phys: N/A
    Diffusion: theta=nan, omega=nan

--- Chunk 36328 (29/220) | Start: 2024-12-28 17:10:00 ---
    RMSE omega (GP): nan | RMSE omega (Sim): nan
    Loss: 1696.4293 | Epoch: 39
    Eq omega: nan1 + nantheta + nanomega + nantheta^2 + nantheta omega + nanomega^2
    Eq omega Phys: N/A
    Diffusion: theta=nan, omega=nan

--- Chunk 36329 (30/220) | Start: 2024-12-28 17:15:00 ---
    RMSE omega (GP): nan | RMSE omega (Sim): nan
    Loss: 173.0723 | Epoch: 28
    Eq omega: nan1 + nantheta + nanomega + nantheta^2 + nantheta omega + nanomega^2
    Eq omega Phys: N/A
    Diffusion: theta=nan, omega=nan

--- Chunk 36330 (31/220) | Start: 2024-12-28 17:20:00 ---
    RMSE omega (GP): 0.010115 | RMSE omega (Sim): 0.050919
    Loss: 17.4000 | Epoch: 2277
    Eq omega: -0.003541 + -0.00010theta + -0.00128omega + 0.00002theta^2 + -0.00000theta omega + 0.00076omega^2
    Eq omega Phys: 0.000501*omega**2 - 4.3e-5*omega - 0.e-6*theta + 7.0e-6
    Diffusion: theta=1.730240e-03, omega=1.661690e-05

--- Chunk 36331 (32/220) | Start: 2024-12-28 17:25:00 ---
    RMSE omega (GP): 0.009264 | RMSE omega (Sim): nan
    Loss: -0.4109 | Epoch: 903
    Eq omega: 0.389031 + -0.73100theta + 0.01289omega + -0.53261theta^2 + -0.00217theta omega + 0.01811omega^2
    Eq omega Phys: 0.00492*omega**2 - 2.0e-5*omega*theta + 0.000638*omega - 0.000161*theta**2 + 0.002603*theta - 0.007916
    Diffusion: theta=1.796770e-03, omega=5.644007e-05

--- Chunk 36332 (33/220) | Start: 2024-12-28 17:30:00 ---
    RMSE omega (GP): 0.018351 | RMSE omega (Sim): 0.176453
    Loss: 8.1178 | Epoch: 117
    Eq omega: 0.004421 + -0.01331theta + -0.00227omega + 0.00368theta^2 + 0.00135theta omega + 0.00270omega^2
    Eq omega Phys: 0.000623*omega**2 + 1.0e-5*omega*theta - 0.000125*omega + 1.0e-6*theta**2 - 2.4e-5*theta + 0.000112
    Diffusion: theta=6.078575e-03, omega=4.024763e-05

--- Chunk 36333 (34/220) | Start: 2024-12-28 17:35:00 ---
    RMSE omega (GP): 0.012041 | RMSE omega (Sim): 0.080770
    Loss: 2.7328 | Epoch: 1939
    Eq omega: -0.006551 + -0.02137theta + 0.00447omega + -0.00899theta^2 + -0.00135theta omega + 0.00377omega^2
    Eq omega Phys: 0.001199*omega**2 - 1.4e-5*omega*theta + 0.000529*omega - 3.0e-6*theta**2 + 0.000145*theta - 0.001635
    Diffusion: theta=2.548983e-03, omega=2.705977e-05

--- Chunk 36334 (35/220) | Start: 2024-12-28 17:40:00 ---
    RMSE omega (GP): 0.010000 | RMSE omega (Sim): 0.159640
    Loss: 1.3136 | Epoch: 1377
    Eq omega: 0.001301 + 0.00058theta + 0.01304omega + 0.00293theta^2 + -0.00079theta omega + 0.01353omega^2
    Eq omega Phys: 0.004266*omega**2 - 8.0e-6*omega*theta + 0.000431*omega + 1.0e-6*theta**2 + 1.0e-6*theta + 5.0e-6
    Diffusion: theta=1.197335e-03, omega=4.682328e-05

--- Chunk 36335 (36/220) | Start: 2024-12-28 17:45:00 ---
    RMSE omega (GP): 0.033122 | RMSE omega (Sim): 0.119171
    Loss: 127.2780 | Epoch: 689
    Eq omega: 0.000741 + -0.01866theta + -0.00961omega + -0.00003theta^2 + 0.00206theta omega + -0.00358omega^2
    Eq omega Phys: -0.001651*omega**2 + 3.2e-5*omega*theta + 0.000145*omega - 2.1e-5*theta - 0.000306
    Diffusion: theta=1.762909e-01, omega=1.826003e-04

--- Chunk 36336 (37/220) | Start: 2024-12-28 17:50:00 ---
    RMSE omega (GP): 0.012291 | RMSE omega (Sim): 0.129356
    Loss: 13.0022 | Epoch: 1668
    Eq omega: 0.001211 + -0.00016theta + 0.00020omega + 0.00002theta^2 + 0.00032theta omega + -0.00076omega^2
    Eq omega Phys: -0.00035*omega**2 + 5.0e-6*omega*theta - 7.4e-5*omega - 0.e-6*theta + 9.0e-6
    Diffusion: theta=7.702593e-04, omega=4.266571e-05

--- Chunk 36337 (38/220) | Start: 2024-12-28 17:55:00 ---
    RMSE omega (GP): nan | RMSE omega (Sim): nan
    Loss: 253.5029 | Epoch: 56
    Eq omega: nan1 + nantheta + nanomega + nantheta^2 + nantheta omega + nanomega^2
    Eq omega Phys: N/A
    Diffusion: theta=nan, omega=nan

--- Chunk 36338 (39/220) | Start: 2024-12-28 18:00:00 ---
    RMSE omega (GP): 0.010679 | RMSE omega (Sim): 0.132877
    Loss: 6.0188 | Epoch: 1622
    Eq omega: -0.002421 + 0.00012theta + 0.00292omega + 0.00045theta^2 + -0.00068theta omega + -0.00004omega^2
    Eq omega Phys: -1.7e-5*omega**2 - 1.0e-5*omega*theta + 0.000176*omega - 3.0e-6*theta + 7.0e-6
    Diffusion: theta=1.811020e-04, omega=5.070353e-05

--- Chunk 36339 (40/220) | Start: 2024-12-28 18:05:00 ---
    RMSE omega (GP): 0.010987 | RMSE omega (Sim): 0.083100
    Loss: 3.4353 | Epoch: 1525
    Eq omega: -0.007261 + -0.20329theta + -0.00586omega + -0.00116theta^2 + -0.00107theta omega + 0.00830omega^2
    Eq omega Phys: 0.002896*omega**2 - 1.2e-5*omega*theta - 0.000366*omega - 0.000238*theta - 0.003215
    Diffusion: theta=9.601567e-04, omega=3.408937e-05

--- Chunk 36340 (41/220) | Start: 2024-12-28 18:10:00 ---
    RMSE omega (GP): 0.011419 | RMSE omega (Sim): 0.053177
    Loss: 27.6747 | Epoch: 2688
    Eq omega: -0.001971 + 0.00031theta + 0.00126omega + 0.00004theta^2 + 0.00015theta omega + 0.00032omega^2
    Eq omega Phys: 0.000224*omega**2 + 4.0e-6*omega*theta - 3.0e-5*omega - 0.e-6*theta + 3.0e-6
    Diffusion: theta=6.301283e-04, omega=2.223576e-05

--- Chunk 36341 (42/220) | Start: 2024-12-28 18:15:00 ---
    RMSE omega (GP): 0.011864 | RMSE omega (Sim): 0.166988
    Loss: 4.7146 | Epoch: 863
    Eq omega: 0.006301 + -0.00014theta + -0.00075omega + -0.00025theta^2 + -0.00025theta omega + -0.00034omega^2
    Eq omega Phys: -0.000122*omega**2 - 3.0e-6*omega*theta - 9.0e-6*omega + 1.0e-6*theta + 1.8e-5
    Diffusion: theta=2.946862e-04, omega=5.941313e-05

--- Chunk 36342 (43/220) | Start: 2024-12-28 18:20:00 ---
    RMSE omega (GP): nan | RMSE omega (Sim): nan
    Loss: 245.5232 | Epoch: 79
    Eq omega: nan1 + nantheta + nanomega + nantheta^2 + nantheta omega + nanomega^2
    Eq omega Phys: N/A
    Diffusion: theta=nan, omega=nan

--- Chunk 36343 (44/220) | Start: 2024-12-28 18:25:00 ---
    RMSE omega (GP): 0.050012 | RMSE omega (Sim): 0.161453
    Loss: 308.4664 | Epoch: 29
    Eq omega: -0.001211 + 0.00506theta + -0.00551omega + -0.00012theta^2 + 0.00129theta omega + -0.00198omega^2
    Eq omega Phys: -0.000927*omega**2 + 2.0e-5*omega*theta - 0.000561*omega + 8.0e-6*theta - 0.00013
    Diffusion: theta=nan, omega=nan

--- Chunk 36344 (45/220) | Start: 2024-12-28 18:30:00 ---
    RMSE omega (GP): nan | RMSE omega (Sim): nan
    Loss: 626.4275 | Epoch: 17
    Eq omega: nan1 + nantheta + nanomega + nantheta^2 + nantheta omega + nanomega^2
    Eq omega Phys: N/A
    Diffusion: theta=nan, omega=nan

--- Chunk 36345 (46/220) | Start: 2024-12-28 18:35:00 ---
    RMSE omega (GP): nan | RMSE omega (Sim): nan
    Loss: 529.4915 | Epoch: 54
    Eq omega: nan1 + nantheta + nanomega + nantheta^2 + nantheta omega + nanomega^2
    Eq omega Phys: N/A
    Diffusion: theta=nan, omega=nan

--- Chunk 36346 (47/220) | Start: 2024-12-28 18:40:00 ---
    RMSE omega (GP): nan | RMSE omega (Sim): nan
    Loss: 147.0413 | Epoch: 43
    Eq omega: nan1 + nantheta + nanomega + nantheta^2 + nantheta omega + nanomega^2
    Eq omega Phys: N/A
    Diffusion: theta=nan, omega=nan

--- Chunk 36347 (48/220) | Start: 2024-12-28 18:45:00 ---
    RMSE omega (GP): 0.011416 | RMSE omega (Sim): 0.123185
    Loss: 2.2382 | Epoch: 1561
    Eq omega: 0.005101 + -0.00138theta + 0.00374omega + 0.00007theta^2 + -0.00009theta omega + -0.00009omega^2
    Eq omega Phys: -2.9e-5*omega**2 - 0.e-6*omega*theta + 0.000127*omega - 2.0e-6*theta + 2.2e-5
    Diffusion: theta=1.557635e-03, omega=3.282752e-05

--- Chunk 36348 (49/220) | Start: 2024-12-28 18:50:00 ---
    RMSE omega (GP): nan | RMSE omega (Sim): nan
    Loss: 1990.5195 | Epoch: 17
    Eq omega: nan1 + nantheta + nanomega + nantheta^2 + nantheta omega + nanomega^2
    Eq omega Phys: N/A
    Diffusion: theta=nan, omega=nan

--- Chunk 36349 (50/220) | Start: 2024-12-28 18:55:00 ---
    RMSE omega (GP): 0.017109 | RMSE omega (Sim): 0.184734
    Loss: -106.8251 | Epoch: 588
    Eq omega: 0.002501 + -0.01688theta + 0.00059omega + -0.00095theta^2 + 0.00384theta omega + 0.00859omega^2
    Eq omega Phys: 0.002284*omega**2 + 3.4e-5*omega*theta - 6.6e-5*omega - 1.7e-5*theta + 5.6e-5
    Diffusion: theta=5.569601e-02, omega=5.850919e-05

  [Progress 50/220] Mean RMSE omega (GP): 0.016003 | (Sim): 0.126199 | Mean loss: 153.8541 | Valid GP: 39/50 | Valid Sim: 37/50 | Elapsed: 18.3min | ETA: 62.1min

--- Chunk 36350 (51/220) | Start: 2024-12-28 19:00:00 ---
    RMSE omega (GP): 0.012497 | RMSE omega (Sim): 0.138349
    Loss: 4.5484 | Epoch: 2913
    Eq omega: -0.001461 + 0.00067theta + -0.00299omega + -0.00096theta^2 + -0.00163theta omega + 0.00118omega^2
    Eq omega Phys: 0.000385*omega**2 - 1.8e-5*omega*theta + 0.000296*omega + 1.6e-5*theta - 0.000195
    Diffusion: theta=4.340930e-03, omega=4.330454e-05

--- Chunk 36351 (52/220) | Start: 2024-12-28 19:05:00 ---
    RMSE omega (GP): 0.031655 | RMSE omega (Sim): 0.131898
    Loss: -98.3855 | Epoch: 531
    Eq omega: 0.000131 + -0.00241theta + -0.00002omega + -0.00010theta^2 + 0.00009theta omega + -0.00045omega^2
    Eq omega Phys: -0.000252*omega**2 + 2.0e-6*omega*theta + 4.8e-5*omega - 6.0e-6*theta - 0.000129
    Diffusion: theta=2.206579e-01, omega=2.068564e-04

--- Chunk 36352 (53/220) | Start: 2024-12-28 19:10:00 ---
    RMSE omega (GP): 0.027191 | RMSE omega (Sim): 0.078273
    Loss: 165.6351 | Epoch: 657
    Eq omega: -0.004171 + -0.00065theta + 0.00112omega + 0.00000theta^2 + 0.00006theta omega + -0.00106omega^2
    Eq omega Phys: -0.000687*omega**2 + 1.0e-6*omega*theta + 7.8e-5*omega - 0.e-6*theta - 3.0e-5
    Diffusion: theta=7.620619e-01, omega=8.890296e-04

--- Chunk 36353 (54/220) | Start: 2024-12-28 19:15:00 ---
    RMSE omega (GP): nan | RMSE omega (Sim): nan
    Loss: 39.8009 | Epoch: 277
    Eq omega: nan1 + nantheta + nanomega + nantheta^2 + nantheta omega + nanomega^2
    Eq omega Phys: N/A
    Diffusion: theta=nan, omega=nan

--- Chunk 36354 (55/220) | Start: 2024-12-28 19:20:00 ---
    RMSE omega (GP): 0.020015 | RMSE omega (Sim): 0.136683
    Loss: 26.7593 | Epoch: 785
    Eq omega: -0.000471 + -0.00084theta + 0.00091omega + 0.00010theta^2 + -0.00070theta omega + -0.00049omega^2
    Eq omega Phys: -0.000195*omega**2 - 9.0e-6*omega*theta + 1.0e-6*omega - 0.e-6*theta - 4.0e-6
    Diffusion: theta=2.781390e-03, omega=3.181054e-05

--- Chunk 36355 (56/220) | Start: 2024-12-28 19:25:00 ---
    RMSE omega (GP): nan | RMSE omega (Sim): nan
    Loss: 48.3164 | Epoch: 789
    Eq omega: nan1 + nantheta + nanomega + nantheta^2 + nantheta omega + nanomega^2
    Eq omega Phys: N/A
    Diffusion: theta=nan, omega=nan

--- Chunk 36356 (57/220) | Start: 2024-12-28 19:30:00 ---
    RMSE omega (GP): 0.011794 | RMSE omega (Sim): 0.081045
    Loss: 6.6639 | Epoch: 725
    Eq omega: 0.003801 + -0.42873theta + -0.00030omega + -0.01434theta^2 + -0.00063theta omega + 0.01435omega^2
    Eq omega Phys: 0.005684*omega**2 - 8.0e-6*omega*theta + 3.5e-5*omega - 6.0e-6*theta**2 - 0.000408*theta + 0.002421
    Diffusion: theta=1.136563e-03, omega=3.072613e-05

--- Chunk 36357 (58/220) | Start: 2024-12-28 19:35:00 ---
    RMSE omega (GP): nan | RMSE omega (Sim): nan
    Loss: 18.1625 | Epoch: 126
    Eq omega: nan1 + nantheta + nanomega + nantheta^2 + nantheta omega + nanomega^2
    Eq omega Phys: N/A
    Diffusion: theta=nan, omega=nan

--- Chunk 36358 (59/220) | Start: 2024-12-28 19:40:00 ---
    RMSE omega (GP): nan | RMSE omega (Sim): nan
    Loss: 2091.6023 | Epoch: 5
    Eq omega: nan1 + nantheta + nanomega + nantheta^2 + nantheta omega + nanomega^2
    Eq omega Phys: N/A
    Diffusion: theta=nan, omega=nan

--- Chunk 36359 (60/220) | Start: 2024-12-28 19:45:00 ---
    RMSE omega (GP): 0.054972 | RMSE omega (Sim): 0.132103
    Loss: 163.9326 | Epoch: 22
    Eq omega: -0.000151 + -0.00377theta + -0.00120omega + -0.00009theta^2 + 0.00089theta omega + 0.00015omega^2
    Eq omega Phys: 4.7e-5*omega**2 + 9.0e-6*omega*theta - 2.0e-6*omega - 4.0e-6*theta - 1.8e-5
    Diffusion: theta=2.118680e-03, omega=6.980102e-06

--- Chunk 36360 (61/220) | Start: 2024-12-28 19:50:00 ---
    RMSE omega (GP): 0.010007 | RMSE omega (Sim): 0.152708
    Loss: -0.7058 | Epoch: 882
    Eq omega: 0.024491 + -0.51426theta + 0.00201omega + 0.00628theta^2 + 0.00359theta omega + 0.01022omega^2
    Eq omega Phys: 0.002542*omega**2 + 3.0e-5*omega*theta + 9.1e-5*omega + 2.0e-6*theta**2 - 0.000569*theta - 0.000352
    Diffusion: theta=2.722152e-04, omega=7.253241e-05

--- Chunk 36361 (62/220) | Start: 2024-12-28 19:55:00 ---
    RMSE omega (GP): nan | RMSE omega (Sim): nan
    Loss: 48.1438 | Epoch: 53
    Eq omega: nan1 + nantheta + nanomega + nantheta^2 + nantheta omega + nanomega^2
    Eq omega Phys: N/A
    Diffusion: theta=nan, omega=nan

--- Chunk 36362 (63/220) | Start: 2024-12-28 20:00:00 ---
    RMSE omega (GP): 0.009734 | RMSE omega (Sim): 0.113179
    Loss: 8.2483 | Epoch: 1754
    Eq omega: -0.017101 + -0.00042theta + -0.00048omega + 0.00059theta^2 + -0.00055theta omega + 0.00023omega^2
    Eq omega Phys: 0.000117*omega**2 - 9.0e-6*omega*theta + 0.000113*omega - 1.0e-5*theta + 3.3e-5
    Diffusion: theta=2.268107e-04, omega=3.059349e-05

--- Chunk 36363 (64/220) | Start: 2024-12-28 20:05:00 ---
    RMSE omega (GP): 0.013350 | RMSE omega (Sim): 0.068763
    Loss: 16.6276 | Epoch: 2131
    Eq omega: -0.000381 + 0.00242theta + -0.00829omega + -0.00049theta^2 + 0.00017theta omega + 0.00057omega^2
    Eq omega Phys: 0.000277*omega**2 + 3.0e-6*omega*theta - 0.000237*omega - 5.0e-6*theta - 1.7e-5
    Diffusion: theta=6.027331e-04, omega=3.146279e-05

--- Chunk 36364 (65/220) | Start: 2024-12-28 20:10:00 ---
    RMSE omega (GP): 0.037149 | RMSE omega (Sim): 0.199320
    Loss: -290.2067 | Epoch: 486
    Eq omega: 0.002391 + -0.00948theta + -0.00148omega + 0.00011theta^2 + -0.00160theta omega + 0.00288omega^2
    Eq omega Phys: 0.000919*omega**2 - 1.7e-5*omega*theta - 0.000139*omega - 1.0e-5*theta - 4.6e-5
    Diffusion: theta=5.002844e-03, omega=3.338529e-06

--- Chunk 36365 (66/220) | Start: 2024-12-28 20:15:00 ---
    RMSE omega (GP): 0.010610 | RMSE omega (Sim): 0.133115
    Loss: 4.1086 | Epoch: 1066
    Eq omega: -0.003571 + 0.00031theta + 0.00026omega + 0.00033theta^2 + 0.00142theta omega + 0.00233omega^2
    Eq omega Phys: 0.00085*omega**2 + 1.7e-5*omega*theta + 7.0e-6*omega - 1.1e-5
    Diffusion: theta=1.700547e-03, omega=4.859698e-05

--- Chunk 36366 (67/220) | Start: 2024-12-28 20:20:00 ---
    RMSE omega (GP): nan | RMSE omega (Sim): nan
    Loss: 98.0391 | Epoch: 26
    Eq omega: nan1 + nantheta + nanomega + nantheta^2 + nantheta omega + nanomega^2
    Eq omega Phys: N/A
    Diffusion: theta=nan, omega=nan

--- Chunk 36367 (68/220) | Start: 2024-12-28 20:25:00 ---
    RMSE omega (GP): 0.026351 | RMSE omega (Sim): 0.109954
    Loss: 35.0889 | Epoch: 358
    Eq omega: 0.000341 + -0.00031theta + 0.00144omega + -0.00013theta^2 + -0.00011theta omega + -0.00028omega^2
    Eq omega Phys: -9.4e-5*omega**2 - 1.0e-6*omega*theta + 2.9e-5*omega - 2.0e-6*theta - 1.5e-5
    Diffusion: theta=5.378346e-01, omega=7.259413e-04

--- Chunk 36368 (69/220) | Start: 2024-12-28 20:30:00 ---
    RMSE omega (GP): nan | RMSE omega (Sim): nan
    Loss: 6957.0430 | Epoch: 15
    Eq omega: nan1 + nantheta + nanomega + nantheta^2 + nantheta omega + nanomega^2
    Eq omega Phys: N/A
    Diffusion: theta=nan, omega=nan

--- Chunk 36369 (70/220) | Start: 2024-12-28 20:35:00 ---
    RMSE omega (GP): 0.011367 | RMSE omega (Sim): 0.186873
    Loss: 3.1687 | Epoch: 1890
    Eq omega: -0.003381 + -0.00336theta + 0.00784omega + 0.00043theta^2 + -0.00443theta omega + -0.01176omega^2
    Eq omega Phys: -0.003777*omega**2 - 4.7e-5*omega*theta + 0.00012*omega - 3.0e-6*theta - 2.1e-5
    Diffusion: theta=7.293433e-04, omega=6.346382e-05

--- Chunk 36370 (71/220) | Start: 2024-12-28 20:40:00 ---
    RMSE omega (GP): 0.012065 | RMSE omega (Sim): 0.111100
    Loss: 2.9731 | Epoch: 1081
    Eq omega: 0.000541 + -0.00021theta + -0.00097omega + 0.00058theta^2 + 0.00197theta omega + -0.00082omega^2
    Eq omega Phys: -0.000254*omega**2 + 2.0e-5*omega*theta + 0.00018*omega + 4.0e-6*theta + 2.1e-5
    Diffusion: theta=3.264570e-04, omega=7.848135e-05

--- Chunk 36371 (72/220) | Start: 2024-12-28 20:45:00 ---
    RMSE omega (GP): 0.024276 | RMSE omega (Sim): 0.183223
    Loss: 11.6475 | Epoch: 73
    Eq omega: -0.002191 + -0.00587theta + -0.00071omega + -0.00401theta^2 + -0.00035theta omega + -0.00021omega^2
    Eq omega Phys: -4.8e-5*omega**2 - 3.0e-6*omega*theta + 2.1e-5*omega - 1.0e-6*theta**2 + 2.8e-5*theta - 0.00019
    Diffusion: theta=6.945653e-03, omega=1.923305e-05

--- Chunk 36372 (73/220) | Start: 2024-12-28 20:50:00 ---
    RMSE omega (GP): 0.011958 | RMSE omega (Sim): 0.133294
    Loss: 0.6513 | Epoch: 1512
    Eq omega: 0.002791 + -0.00025theta + -0.00313omega + -0.00152theta^2 + 0.00100theta omega + 0.00123omega^2
    Eq omega Phys: 0.000315*omega**2 + 9.0e-6*omega*theta - 5.0e-6*omega - 1.0e-5*theta - 4.9e-5
    Diffusion: theta=3.170098e-03, omega=4.322996e-05

--- Chunk 36373 (74/220) | Start: 2024-12-28 20:55:00 ---
    RMSE omega (GP): 0.042445 | RMSE omega (Sim): 0.212408
    Loss: 62.9756 | Epoch: 71
    Eq omega: 0.032651 + -0.00360theta + -0.00114omega + 0.00002theta^2 + 0.00063theta omega + 0.00017omega^2
    Eq omega Phys: 4.0e-5*omega**2 + 5.0e-6*omega*theta + 8.9e-5*omega - 4.0e-6*theta + 5.6e-5
    Diffusion: theta=nan, omega=nan

--- Chunk 36374 (75/220) | Start: 2024-12-28 21:00:00 ---
    RMSE omega (GP): 0.013332 | RMSE omega (Sim): 0.139275
    Loss: 5.0795 | Epoch: 1557
    Eq omega: 0.001321 + 0.00004theta + -0.00281omega + -0.00089theta^2 + -0.00118theta omega + 0.00427omega^2
    Eq omega Phys: 0.001377*omega**2 - 1.3e-5*omega*theta - 0.000268*omega - 9.0e-6*theta - 5.5e-5
    Diffusion: theta=4.756307e-04, omega=6.718347e-05

--- Chunk 36375 (76/220) | Start: 2024-12-28 21:05:00 ---
    RMSE omega (GP): 0.011767 | RMSE omega (Sim): 0.140756
    Loss: 3.0100 | Epoch: 1303
    Eq omega: -0.000911 + 0.00027theta + 0.00061omega + -0.00028theta^2 + 0.00008theta omega + -0.00173omega^2
    Eq omega Phys: -0.000537*omega**2 + 1.0e-6*omega*theta + 2.8e-5*omega - 1.0e-6*theta - 8.0e-6
    Diffusion: theta=4.431070e-04, omega=6.377024e-05

--- Chunk 36376 (77/220) | Start: 2024-12-28 21:10:00 ---
    RMSE omega (GP): nan | RMSE omega (Sim): nan
    Loss: 107.8052 | Epoch: 35
    Eq omega: nan1 + nantheta + nanomega + nantheta^2 + nantheta omega + nanomega^2
    Eq omega Phys: N/A
    Diffusion: theta=nan, omega=nan

--- Chunk 36377 (78/220) | Start: 2024-12-28 21:15:00 ---
    RMSE omega (GP): 0.010990 | RMSE omega (Sim): 0.107219
    Loss: 6.1327 | Epoch: 2143
    Eq omega: -0.008761 + -0.06256theta + -0.00359omega + -0.00031theta^2 + 0.00032theta omega + -0.00437omega^2
    Eq omega Phys: -0.001781*omega**2 + 4.0e-6*omega*theta - 4.9e-5*omega - 7.4e-5*theta - 0.001192
    Diffusion: theta=7.395026e-04, omega=3.394166e-05

--- Chunk 36378 (79/220) | Start: 2024-12-28 21:20:00 ---
    RMSE omega (GP): 0.029749 | RMSE omega (Sim): 0.155256
    Loss: 48.1935 | Epoch: 64
    Eq omega: 0.000021 + -0.01848theta + 0.00342omega + 0.00394theta^2 + -0.00079theta omega + -0.00128omega^2
    Eq omega Phys: -0.000412*omega**2 - 8.0e-6*omega*theta + 0.000147*omega + 1.0e-6*theta**2 - 3.1e-5*theta + 0.000101
    Diffusion: theta=7.672175e-03, omega=3.943978e-05

--- Chunk 36379 (80/220) | Start: 2024-12-28 21:25:00 ---
    RMSE omega (GP): 0.012065 | RMSE omega (Sim): 0.131598
    Loss: 1.2732 | Epoch: 1598
    Eq omega: -0.001961 + -0.00382theta + -0.00122omega + 0.00060theta^2 + -0.00268theta omega + 0.00084omega^2
    Eq omega Phys: 0.000223*omega**2 - 2.4e-5*omega*theta + 6.6e-5*omega - 6.0e-6*theta + 1.4e-5
    Diffusion: theta=3.020935e-04, omega=6.757265e-05

--- Chunk 36380 (81/220) | Start: 2024-12-28 21:30:00 ---
    RMSE omega (GP): nan | RMSE omega (Sim): nan
    Loss: 3869.6582 | Epoch: 15
    Eq omega: nan1 + nantheta + nanomega + nantheta^2 + nantheta omega + nanomega^2
    Eq omega Phys: N/A
    Diffusion: theta=nan, omega=nan

--- Chunk 36381 (82/220) | Start: 2024-12-28 21:35:00 ---
    RMSE omega (GP): 0.016133 | RMSE omega (Sim): 0.254290
    Loss: 1.7304 | Epoch: 2015
    Eq omega: -0.001861 + -0.00045theta + 0.00006omega + 0.00012theta^2 + -0.00047theta omega + 0.00014omega^2
    Eq omega Phys: 3.3e-5*omega**2 - 4.0e-6*omega*theta - 4.5e-5*omega - 1.0e-5
    Diffusion: theta=3.455961e-02, omega=1.351860e-04

--- Chunk 36382 (83/220) | Start: 2024-12-28 21:40:00 ---
    RMSE omega (GP): 0.010692 | RMSE omega (Sim): 0.177759
    Loss: 1.8820 | Epoch: 2904
    Eq omega: -0.009971 + 0.00092theta + 0.00555omega + 0.00027theta^2 + -0.00085theta omega + 0.00029omega^2
    Eq omega Phys: 8.9e-5*omega**2 - 9.0e-6*omega*theta + 2.0e-6*omega + 5.0e-6*theta + 2.6e-5
    Diffusion: theta=3.962773e-04, omega=6.165484e-05

--- Chunk 36383 (84/220) | Start: 2024-12-28 21:45:00 ---
    RMSE omega (GP): 0.010960 | RMSE omega (Sim): 0.142416
    Loss: 2.3248 | Epoch: 1920
    Eq omega: -0.010291 + 0.00025theta + -0.00384omega + -0.00022theta^2 + -0.00103theta omega + -0.00419omega^2
    Eq omega Phys: -0.00133*omega**2 - 1.1e-5*omega*theta - 1.4e-5*omega + 2.0e-6*theta - 4.7e-5
    Diffusion: theta=3.392263e-03, omega=4.225488e-05

--- Chunk 36384 (85/220) | Start: 2024-12-28 21:50:00 ---
    RMSE omega (GP): nan | RMSE omega (Sim): nan
    Loss: 55.8121 | Epoch: 24
    Eq omega: nan1 + nantheta + nanomega + nantheta^2 + nantheta omega + nanomega^2
    Eq omega Phys: N/A
    Diffusion: theta=nan, omega=nan

--- Chunk 36385 (86/220) | Start: 2024-12-28 21:55:00 ---
    RMSE omega (GP): nan | RMSE omega (Sim): nan
    Loss: 42301.9180 | Epoch: 16
    Eq omega: nan1 + nantheta + nanomega + nantheta^2 + nantheta omega + nanomega^2
    Eq omega Phys: N/A
    Diffusion: theta=nan, omega=nan

--- Chunk 36386 (87/220) | Start: 2024-12-28 22:00:00 ---
    RMSE omega (GP): nan | RMSE omega (Sim): nan
    Loss: 202.5908 | Epoch: 1441
    Eq omega: nan1 + nantheta + nanomega + nantheta^2 + nantheta omega + nanomega^2
    Eq omega Phys: N/A
    Diffusion: theta=nan, omega=nan

--- Chunk 36387 (88/220) | Start: 2024-12-28 22:05:00 ---
    RMSE omega (GP): 0.012467 | RMSE omega (Sim): 0.157366
    Loss: 8.6000 | Epoch: 1133
    Eq omega: -0.002841 + -0.00788theta + 0.00947omega + 0.00008theta^2 + -0.00152theta omega + -0.00664omega^2
    Eq omega Phys: -0.002677*omega**2 - 2.0e-5*omega*theta + 0.00031*omega - 9.0e-6*theta - 1.0e-5
    Diffusion: theta=2.443194e-04, omega=6.018307e-05

--- Chunk 36388 (89/220) | Start: 2024-12-28 22:10:00 ---
    RMSE omega (GP): 0.012164 | RMSE omega (Sim): 0.071411
    Loss: 5.6221 | Epoch: 1193
    Eq omega: -0.002201 + -0.68901theta + -0.00201omega + 0.00390theta^2 + -0.00939theta omega + 0.01527omega^2
    Eq omega Phys: 0.005356*omega**2 - 0.00011*omega*theta - 0.000221*omega + 2.0e-6*theta**2 - 0.000761*theta - 0.001074
    Diffusion: theta=1.682963e-03, omega=6.712113e-05

--- Chunk 36389 (90/220) | Start: 2024-12-28 22:15:00 ---
    RMSE omega (GP): 0.008961 | RMSE omega (Sim): 0.200067
    Loss: 0.7165 | Epoch: 1707
    Eq omega: -0.000761 + -0.00020theta + -0.00064omega + -0.00023theta^2 + 0.00055theta omega + 0.00350omega^2
    Eq omega Phys: 0.001132*omega**2 + 6.0e-6*omega*theta - 4.7e-5*omega - 3.0e-6
    Diffusion: theta=8.966730e-04, omega=3.798792e-05

--- Chunk 36390 (91/220) | Start: 2024-12-28 22:20:00 ---
    RMSE omega (GP): nan | RMSE omega (Sim): nan
    Loss: 501.3191 | Epoch: 16
    Eq omega: nan1 + nantheta + nanomega + nantheta^2 + nantheta omega + nanomega^2
    Eq omega Phys: N/A
    Diffusion: theta=nan, omega=nan

--- Chunk 36391 (92/220) | Start: 2024-12-28 22:25:00 ---
    RMSE omega (GP): nan | RMSE omega (Sim): nan
    Loss: 410.7772 | Epoch: 23
    Eq omega: nan1 + nantheta + nanomega + nantheta^2 + nantheta omega + nanomega^2
    Eq omega Phys: N/A
    Diffusion: theta=nan, omega=nan

--- Chunk 36392 (93/220) | Start: 2024-12-28 22:30:00 ---
    RMSE omega (GP): 0.009590 | RMSE omega (Sim): 0.174658
    Loss: 0.5908 | Epoch: 987
    Eq omega: 0.001191 + -0.00088theta + -0.00135omega + -0.00026theta^2 + 0.00168theta omega + -0.00054omega^2
    Eq omega Phys: -0.000151*omega**2 + 1.6e-5*omega*theta + 7.6e-5*omega - 2.0e-6*theta - 8.0e-6
    Diffusion: theta=4.208940e-03, omega=6.785228e-05

--- Chunk 36393 (94/220) | Start: 2024-12-28 22:35:00 ---
    RMSE omega (GP): 0.009572 | RMSE omega (Sim): 0.116537
    Loss: 0.0235 | Epoch: 780
    Eq omega: -0.002051 + -0.01489theta + 0.00032omega + 0.00545theta^2 + -0.00221theta omega + -0.00039omega^2
    Eq omega Phys: -0.000114*omega**2 - 2.1e-5*omega*theta - 0.000152*omega + 2.0e-6*theta**2 + 1.0e-5*theta - 3.2e-5
    Diffusion: theta=1.078245e-03, omega=4.799247e-05

--- Chunk 36394 (95/220) | Start: 2024-12-28 22:40:00 ---
    RMSE omega (GP): 0.008980 | RMSE omega (Sim): 0.096913
    Loss: 4.5977 | Epoch: 1861
    Eq omega: 0.000771 + -0.00040theta + 0.00244omega + -0.00030theta^2 + -0.00098theta omega + -0.00017omega^2
    Eq omega Phys: -7.7e-5*omega**2 - 1.5e-5*omega*theta - 0.000107*omega - 4.0e-6*theta - 2.8e-5
    Diffusion: theta=1.854708e-03, omega=3.198968e-05

--- Chunk 36395 (96/220) | Start: 2024-12-28 22:45:00 ---
    RMSE omega (GP): 0.012915 | RMSE omega (Sim): 0.127293
    Loss: 4.1421 | Epoch: 1119
    Eq omega: -0.005771 + -1.59310theta + -0.00857omega + -0.01736theta^2 + 0.00986theta omega + 0.00531omega^2
    Eq omega Phys: 0.001678*omega**2 + 0.000104*omega*theta - 0.000203*omega - 6.0e-6*theta**2 - 0.00178*theta - 0.001436
    Diffusion: theta=1.324766e-03, omega=5.461168e-05

--- Chunk 36396 (97/220) | Start: 2024-12-28 22:50:00 ---
    RMSE omega (GP): 0.013216 | RMSE omega (Sim): 0.178810
    Loss: 3.8047 | Epoch: 256
    Eq omega: -0.012491 + -0.52209theta + 0.00325omega + 0.00357theta^2 + 0.00131theta omega + -0.00654omega^2
    Eq omega Phys: -0.001872*omega**2 + 1.3e-5*omega*theta + 2.1e-5*omega + 1.0e-6*theta**2 - 0.000596*theta + 0.004053
    Diffusion: theta=nan, omega=nan

--- Chunk 36397 (98/220) | Start: 2024-12-28 22:55:00 ---
    RMSE omega (GP): 0.056146 | RMSE omega (Sim): 0.109735
    Loss: 164.2389 | Epoch: 27
    Eq omega: -0.000601 + -0.00529theta + 0.00143omega + -0.00092theta^2 + 0.00041theta omega + -0.00762omega^2
    Eq omega Phys: -0.002396*omega**2 + 4.0e-6*omega*theta + 7.9e-5*omega - 1.1e-5*theta - 6.1e-5
    Diffusion: theta=nan, omega=nan

--- Chunk 36398 (99/220) | Start: 2024-12-28 23:00:00 ---
    RMSE omega (GP): 0.010306 | RMSE omega (Sim): 0.159741
    Loss: -0.4294 | Epoch: 2022
    Eq omega: 0.002741 + -0.94933theta + -0.02456omega + -0.00033theta^2 + -0.00491theta omega + -0.05928omega^2
    Eq omega Phys: -0.014984*omega**2 - 4.1e-5*omega*theta - 0.000378*omega - 0.001053*theta + 0.011235
    Diffusion: theta=1.562427e-03, omega=7.168223e-05

--- Chunk 36399 (100/220) | Start: 2024-12-28 23:05:00 ---
    RMSE omega (GP): 0.012088 | RMSE omega (Sim): 0.127533
    Loss: 1.3643 | Epoch: 1932
    Eq omega: 0.005221 + -0.00009theta + 0.00135omega + 0.00001theta^2 + -0.00014theta omega + -0.00198omega^2
    Eq omega Phys: -0.000718*omega**2 - 2.0e-6*omega*theta + 1.5e-5*omega + 1.6e-5
    Diffusion: theta=2.226134e-04, omega=4.639312e-05

  [Progress 100/220] Mean RMSE omega (GP): 0.016982 | (Sim): 0.133428 | Mean loss: 648.3032 | Valid GP: 75/100 | Valid Sim: 73/100 | Elapsed: 33.8min | ETA: 40.6min

--- Chunk 36400 (101/220) | Start: 2024-12-28 23:10:00 ---
    RMSE omega (GP): nan | RMSE omega (Sim): nan
    Loss: 181.5820 | Epoch: 25
    Eq omega: nan1 + nantheta + nanomega + nantheta^2 + nantheta omega + nanomega^2
    Eq omega Phys: N/A
    Diffusion: theta=nan, omega=nan

--- Chunk 36401 (102/220) | Start: 2024-12-28 23:15:00 ---
    RMSE omega (GP): 0.010450 | RMSE omega (Sim): 0.094103
    Loss: -0.1516 | Epoch: 1195
    Eq omega: 0.004771 + -0.26852theta + 0.00149omega + 0.00487theta^2 + 0.00556theta omega + 0.00721omega^2
    Eq omega Phys: 0.001885*omega**2 + 4.8e-5*omega*theta + 0.000385*omega + 1.0e-6*theta**2 - 0.000279*theta - 0.001979
    Diffusion: theta=8.568403e-04, omega=5.598734e-05

--- Chunk 36402 (103/220) | Start: 2024-12-28 23:20:00 ---
    RMSE omega (GP): 0.026768 | RMSE omega (Sim): 0.134911
    Loss: 27.4542 | Epoch: 87
    Eq omega: 0.001181 + -0.00015theta + 0.00079omega + 0.00008theta^2 + -0.00033theta omega + 0.00102omega^2
    Eq omega Phys: 0.000291*omega**2 - 3.0e-6*omega*theta - 6.0e-6*omega + 6.0e-6
    Diffusion: theta=nan, omega=nan

--- Chunk 36403 (104/220) | Start: 2024-12-28 23:25:00 ---
    RMSE omega (GP): 0.011067 | RMSE omega (Sim): 0.093708
    Loss: -0.6726 | Epoch: 1688
    Eq omega: 0.016241 + -0.16398theta + -0.00556omega + -0.00110theta^2 + -0.00241theta omega + 0.00084omega^2
    Eq omega Phys: 0.000197*omega**2 - 1.9e-5*omega*theta - 0.000435*omega - 0.00019*theta - 0.002395
    Diffusion: theta=2.660292e-04, omega=6.127873e-05

--- Chunk 36404 (105/220) | Start: 2024-12-28 23:30:00 ---
    RMSE omega (GP): 0.010865 | RMSE omega (Sim): 0.157375
    Loss: 5.8430 | Epoch: 1213
    Eq omega: 0.000821 + -0.00074theta + 0.00289omega + -0.00089theta^2 + 0.00085theta omega + -0.00044omega^2
    Eq omega Phys: -0.000176*omega**2 + 1.1e-5*omega*theta - 1.7e-5*omega + 7.0e-6*theta - 2.9e-5
    Diffusion: theta=9.419982e-04, omega=6.551467e-05

--- Chunk 36405 (106/220) | Start: 2024-12-28 23:35:00 ---
    RMSE omega (GP): 0.010605 | RMSE omega (Sim): 0.092856
    Loss: 3.9097 | Epoch: 1762
    Eq omega: 0.009121 + -1.05814theta + 0.00518omega + 0.00087theta^2 + 0.00611theta omega + -0.00182omega^2
    Eq omega Phys: -0.000668*omega**2 + 7.5e-5*omega*theta + 0.000339*omega - 0.001174*theta - 0.002593
    Diffusion: theta=4.578875e-04, omega=7.600030e-05

--- Chunk 36406 (107/220) | Start: 2024-12-28 23:40:00 ---
    RMSE omega (GP): 0.013197 | RMSE omega (Sim): 0.184267
    Loss: 2.2414 | Epoch: 1088
    Eq omega: -0.009861 + -0.84161theta + 0.00753omega + 0.00967theta^2 + 0.02659theta omega + 0.01204omega^2
    Eq omega Phys: 0.003144*omega**2 + 0.000231*omega*theta + 0.000592*omega + 3.0e-6*theta**2 - 0.000927*theta - 0.001414
    Diffusion: theta=8.570761e-04, omega=9.755942e-05

--- Chunk 36407 (108/220) | Start: 2024-12-28 23:45:00 ---
    RMSE omega (GP): nan | RMSE omega (Sim): nan
    Loss: 64.2593 | Epoch: 45
    Eq omega: nan1 + nantheta + nanomega + nantheta^2 + nantheta omega + nanomega^2
    Eq omega Phys: N/A
    Diffusion: theta=nan, omega=nan

--- Chunk 36408 (109/220) | Start: 2024-12-28 23:50:00 ---
    RMSE omega (GP): 0.012697 | RMSE omega (Sim): 0.103960
    Loss: 9.6118 | Epoch: 2065
    Eq omega: -0.000981 + -0.00127theta + -0.00049omega + -0.00047theta^2 + -0.00013theta omega + -0.00037omega^2
    Eq omega Phys: -0.000153*omega**2 - 2.0e-6*omega*theta - 8.0e-6*omega + 1.0e-6*theta - 0.e-6
    Diffusion: theta=2.434113e-03, omega=4.429100e-05

--- Chunk 36409 (110/220) | Start: 2024-12-28 23:55:00 ---
    RMSE omega (GP): 0.010520 | RMSE omega (Sim): 0.159415
    Loss: 0.5230 | Epoch: 1534
    Eq omega: 0.001051 + -0.00494theta + 0.00143omega + -0.00457theta^2 + -0.00012theta omega + 0.01274omega^2
    Eq omega Phys: 0.003438*omega**2 - 1.0e-6*omega*theta + 5.3e-5*omega - 1.0e-6*theta**2 + 9.0e-6*theta - 3.0e-6
    Diffusion: theta=3.690073e-03, omega=7.002545e-05

--- Chunk 36410 (111/220) | Start: 2024-12-29 00:00:00 ---
    RMSE omega (GP): 0.056191 | RMSE omega (Sim): 0.181907
    Loss: 908.4680 | Epoch: 67
    Eq omega: 0.000841 + -0.00015theta + 0.00026omega + 0.00005theta^2 + 0.00001theta omega + -0.00022omega^2
    Eq omega Phys: -0.000112*omega**2 + 3.0e-6*omega - 2.0e-6*theta + 3.9e-5
    Diffusion: theta=nan, omega=nan

--- Chunk 36411 (112/220) | Start: 2024-12-29 00:05:00 ---
    RMSE omega (GP): 0.011263 | RMSE omega (Sim): 0.086556
    Loss: 44.2184 | Epoch: 1980
    Eq omega: -0.001701 + -0.00002theta + 0.00216omega + 0.00010theta^2 + -0.00003theta omega + 0.00110omega^2
    Eq omega Phys: 0.001123*omega**2 - 1.0e-6*omega*theta + 9.6e-5*omega - 5.0e-6*theta + 6.2e-5
    Diffusion: theta=8.052582e-04, omega=1.585506e-05

--- Chunk 36412 (113/220) | Start: 2024-12-29 00:10:00 ---
    RMSE omega (GP): nan | RMSE omega (Sim): nan
    Loss: 4204.5684 | Epoch: 38
    Eq omega: nan1 + nantheta + nanomega + nantheta^2 + nantheta omega + nanomega^2
    Eq omega Phys: N/A
    Diffusion: theta=nan, omega=nan

--- Chunk 36413 (114/220) | Start: 2024-12-29 00:15:00 ---
    RMSE omega (GP): nan | RMSE omega (Sim): nan
    Loss: 886.9957 | Epoch: 22
    Eq omega: nan1 + nantheta + nanomega + nantheta^2 + nantheta omega + nanomega^2
    Eq omega Phys: N/A
    Diffusion: theta=nan, omega=nan

--- Chunk 36414 (115/220) | Start: 2024-12-29 00:20:00 ---
    RMSE omega (GP): 0.009054 | RMSE omega (Sim): 0.201828
    Loss: 1.5101 | Epoch: 1859
    Eq omega: 0.004451 + 0.00013theta + 0.00263omega + -0.00012theta^2 + -0.00083theta omega + 0.00125omega^2
    Eq omega Phys: 0.000417*omega**2 - 9.0e-6*omega*theta - 2.0e-5*omega - 0.e-6*theta + 1.0e-5
    Diffusion: theta=1.882847e-03, omega=6.695422e-05

--- Chunk 36415 (116/220) | Start: 2024-12-29 00:25:00 ---
    RMSE omega (GP): nan | RMSE omega (Sim): nan
    Loss: 370.6023 | Epoch: 46
    Eq omega: nan1 + nantheta + nanomega + nantheta^2 + nantheta omega + nanomega^2
    Eq omega Phys: N/A
    Diffusion: theta=nan, omega=nan

--- Chunk 36416 (117/220) | Start: 2024-12-29 00:30:00 ---
    RMSE omega (GP): nan | RMSE omega (Sim): nan
    Loss: 902.3035 | Epoch: 37
    Eq omega: nan1 + nantheta + nanomega + nantheta^2 + nantheta omega + nanomega^2
    Eq omega Phys: N/A
    Diffusion: theta=nan, omega=nan

--- Chunk 36417 (118/220) | Start: 2024-12-29 00:35:00 ---
    RMSE omega (GP): 0.013599 | RMSE omega (Sim): 0.135568
    Loss: 3.9611 | Epoch: 1092
    Eq omega: 0.010581 + 0.00014theta + 0.00221omega + -0.00031theta^2 + 0.00480theta omega + 0.00120omega^2
    Eq omega Phys: 0.000349*omega**2 + 4.6e-5*omega*theta - 3.3e-5*omega + 1.0e-6*theta + 4.0e-5
    Diffusion: theta=5.596072e-04, omega=8.631027e-05

--- Chunk 36418 (119/220) | Start: 2024-12-29 00:40:00 ---
    RMSE omega (GP): nan | RMSE omega (Sim): nan
    Loss: 99.3541 | Epoch: 35
    Eq omega: nan1 + nantheta + nanomega + nantheta^2 + nantheta omega + nanomega^2
    Eq omega Phys: N/A
    Diffusion: theta=nan, omega=nan

--- Chunk 36419 (120/220) | Start: 2024-12-29 00:45:00 ---
    RMSE omega (GP): 0.012193 | RMSE omega (Sim): 0.112268
    Loss: 2.9954 | Epoch: 1792
    Eq omega: -0.001551 + 0.00030theta + 0.00199omega + 0.00056theta^2 + 0.00001theta omega + 0.00125omega^2
    Eq omega Phys: 0.000382*omega**2 + 6.7e-5*omega + 5.0e-6*theta + 2.2e-5
    Diffusion: theta=3.237578e-04, omega=6.425093e-05

--- Chunk 36420 (121/220) | Start: 2024-12-29 00:50:00 ---
    RMSE omega (GP): 0.012101 | RMSE omega (Sim): 0.119323
    Loss: 4.5520 | Epoch: 1330
    Eq omega: -1.224841 + -3.67139theta + -0.01964omega + 3.59766theta^2 + 0.01094theta omega + -0.06362omega^2
    Eq omega Phys: -0.02182*omega**2 + 0.000125*omega*theta - 0.000382*omega + 0.001371*theta**2 + 0.00189*theta - 0.006351
    Diffusion: theta=2.148436e-03, omega=4.172379e-05

--- Chunk 36421 (122/220) | Start: 2024-12-29 00:55:00 ---
    RMSE omega (GP): 0.014151 | RMSE omega (Sim): 0.195694
    Loss: 2.8199 | Epoch: 742
    Eq omega: -0.001341 + -0.00166theta + -0.00119omega + -0.00026theta^2 + -0.00483theta omega + -0.00012omega^2
    Eq omega Phys: -3.2e-5*omega**2 - 4.3e-5*omega*theta - 0.000393*omega - 3.0e-6*theta - 2.6e-5
    Diffusion: theta=2.583154e-03, omega=7.003766e-05

--- Chunk 36422 (123/220) | Start: 2024-12-29 01:00:00 ---
    RMSE omega (GP): 0.010889 | RMSE omega (Sim): 0.130086
    Loss: 3.1363 | Epoch: 1776
    Eq omega: 0.000681 + 0.00014theta + -0.00505omega + 0.00032theta^2 + -0.00018theta omega + 0.00116omega^2
    Eq omega Phys: 0.000393*omega**2 - 2.0e-6*omega*theta - 0.000155*omega - 1.0e-6*theta + 6.0e-6
    Diffusion: theta=3.734540e-04, omega=6.429569e-05

--- Chunk 36423 (124/220) | Start: 2024-12-29 01:05:00 ---
    RMSE omega (GP): nan | RMSE omega (Sim): nan
    Loss: 50.3709 | Epoch: 61
    Eq omega: nan1 + nantheta + nanomega + nantheta^2 + nantheta omega + nanomega^2
    Eq omega Phys: N/A
    Diffusion: theta=nan, omega=nan

--- Chunk 36424 (125/220) | Start: 2024-12-29 01:10:00 ---
    RMSE omega (GP): nan | RMSE omega (Sim): nan
    Loss: 131.9639 | Epoch: 27
    Eq omega: nan1 + nantheta + nanomega + nantheta^2 + nantheta omega + nanomega^2
    Eq omega Phys: N/A
    Diffusion: theta=nan, omega=nan

--- Chunk 36425 (126/220) | Start: 2024-12-29 01:15:00 ---
    RMSE omega (GP): 0.010340 | RMSE omega (Sim): 0.232885
    Loss: -0.1653 | Epoch: 1188
    Eq omega: 0.008971 + 0.00023theta + -0.00076omega + 0.00022theta^2 + -0.00003theta omega + 0.00031omega^2
    Eq omega Phys: 7.9e-5*omega**2 - 2.5e-5*omega + 3.9e-5
    Diffusion: theta=8.289266e-04, omega=7.081975e-05

--- Chunk 36426 (127/220) | Start: 2024-12-29 01:20:00 ---
    RMSE omega (GP): 0.011462 | RMSE omega (Sim): 0.080323
    Loss: 7.6202 | Epoch: 1862
    Eq omega: 0.002151 + 0.00005theta + 0.00057omega + -0.00025theta^2 + -0.00008theta omega + 0.00044omega^2
    Eq omega Phys: 0.000183*omega**2 - 1.0e-6*omega*theta + 4.0e-5*omega + 4.0e-6*theta - 3.8e-5
    Diffusion: theta=4.465787e-04, omega=5.339838e-05

--- Chunk 36427 (128/220) | Start: 2024-12-29 01:25:00 ---
    RMSE omega (GP): 0.017634 | RMSE omega (Sim): 0.160703
    Loss: 8.4432 | Epoch: 1143
    Eq omega: -0.017321 + -0.73157theta + -0.00659omega + -0.00307theta^2 + 0.10159theta omega + 0.02226omega^2
    Eq omega Phys: 0.006428*omega**2 + 0.000978*omega*theta + 0.002123*omega - 0.e-6*theta**2 - 0.000818*theta - 0.00202
    Diffusion: theta=5.669291e-04, omega=7.264096e-05

--- Chunk 36428 (129/220) | Start: 2024-12-29 01:30:00 ---
    RMSE omega (GP): 0.014353 | RMSE omega (Sim): 0.140061
    Loss: 9.7741 | Epoch: 2198
    Eq omega: 0.001591 + 0.00037theta + 0.00088omega + -0.00003theta^2 + -0.00008theta omega + 0.00061omega^2
    Eq omega Phys: 0.000226*omega**2 - 0.e-6*omega*theta + 4.2e-5*omega + 1.0e-6*theta - 2.0e-6
    Diffusion: theta=2.626326e-03, omega=4.474355e-05

--- Chunk 36429 (130/220) | Start: 2024-12-29 01:35:00 ---
    RMSE omega (GP): 0.013553 | RMSE omega (Sim): 0.106827
    Loss: 3.9651 | Epoch: 2659
    Eq omega: 0.004691 + -0.84957theta + 0.00420omega + -0.16512theta^2 + 0.00595theta omega + -0.00105omega^2
    Eq omega Phys: -0.000312*omega**2 + 5.9e-5*omega*theta - 0.00023*omega - 5.5e-5*theta**2 - 0.000259*theta + 0.003791
    Diffusion: theta=2.610512e-03, omega=5.268396e-05

--- Chunk 36430 (131/220) | Start: 2024-12-29 01:40:00 ---
    RMSE omega (GP): 0.012857 | RMSE omega (Sim): 0.094858
    Loss: 7.0481 | Epoch: 2099
    Eq omega: 0.006631 + -0.00060theta + -0.00274omega + -0.00010theta^2 + 0.00030theta omega + 0.00103omega^2
    Eq omega Phys: 0.000372*omega**2 + 4.0e-6*omega*theta - 2.3e-5*omega - 2.0e-6*theta - 7.0e-6
    Diffusion: theta=9.165297e-04, omega=6.719150e-05

--- Chunk 36431 (132/220) | Start: 2024-12-29 01:45:00 ---
    RMSE omega (GP): nan | RMSE omega (Sim): nan
    Loss: 7924.9668 | Epoch: 16
    Eq omega: nan1 + nantheta + nanomega + nantheta^2 + nantheta omega + nanomega^2
    Eq omega Phys: N/A
    Diffusion: theta=nan, omega=nan

--- Chunk 36432 (133/220) | Start: 2024-12-29 01:50:00 ---
    RMSE omega (GP): 0.012683 | RMSE omega (Sim): 0.130625
    Loss: 9.2117 | Epoch: 1666
    Eq omega: 0.000221 + 0.00026theta + -0.00209omega + 0.00002theta^2 + -0.00056theta omega + 0.00032omega^2
    Eq omega Phys: 0.000132*omega**2 - 8.0e-6*omega*theta - 0.000172*omega + 1.0e-6*theta + 6.0e-6
    Diffusion: theta=3.479447e-04, omega=4.648363e-05

--- Chunk 36433 (134/220) | Start: 2024-12-29 01:55:00 ---
    RMSE omega (GP): 0.011872 | RMSE omega (Sim): 0.164901
    Loss: 2.0995 | Epoch: 1589
    Eq omega: -0.002081 + 0.00026theta + -0.00107omega + 0.00009theta^2 + -0.00020theta omega + -0.00032omega^2
    Eq omega Phys: -9.6e-5*omega**2 - 2.0e-6*omega*theta - 2.0e-5*omega - 8.0e-6
    Diffusion: theta=4.547029e-04, omega=8.569357e-05

--- Chunk 36434 (135/220) | Start: 2024-12-29 02:00:00 ---
    RMSE omega (GP): 0.012553 | RMSE omega (Sim): 0.146974
    Loss: 5.3841 | Epoch: 1715
    Eq omega: 0.000131 + 0.00086theta + -0.00025omega + 0.00223theta^2 + -0.00110theta omega + 0.00029omega^2
    Eq omega Phys: 9.6e-5*omega**2 - 1.2e-5*omega*theta + 4.7e-5*omega + 1.0e-6*theta**2 - 7.0e-6*theta + 1.3e-5
    Diffusion: theta=3.316031e-03, omega=4.683634e-05

--- Chunk 36435 (136/220) | Start: 2024-12-29 02:05:00 ---
    RMSE omega (GP): nan | RMSE omega (Sim): nan
    Loss: 100.9563 | Epoch: 31
    Eq omega: nan1 + nantheta + nanomega + nantheta^2 + nantheta omega + nanomega^2
    Eq omega Phys: N/A
    Diffusion: theta=nan, omega=nan

--- Chunk 36436 (137/220) | Start: 2024-12-29 02:10:00 ---
    RMSE omega (GP): 0.031044 | RMSE omega (Sim): 0.128029
    Loss: 35.6827 | Epoch: 614
    Eq omega: 0.003151 + 0.00092theta + 0.00386omega + 0.00012theta^2 + 0.00126theta omega + 0.00041omega^2
    Eq omega Phys: 0.000107*omega**2 + 1.1e-5*omega*theta + 0.000423*omega + 3.0e-6*theta + 6.6e-5
    Diffusion: theta=3.754381e-01, omega=3.487431e-04

--- Chunk 36437 (138/220) | Start: 2024-12-29 02:15:00 ---
    RMSE omega (GP): 0.012948 | RMSE omega (Sim): 0.120513
    Loss: 1.7405 | Epoch: 1012
    Eq omega: -0.007811 + -0.10253theta + -0.00413omega + 0.00500theta^2 + 0.00101theta omega + 0.00069omega^2
    Eq omega Phys: 0.000171*omega**2 + 8.0e-6*omega*theta - 0.000104*omega + 1.0e-6*theta**2 - 0.000103*theta - 0.000475
    Diffusion: theta=7.574175e-04, omega=1.480948e-04

--- Chunk 36438 (139/220) | Start: 2024-12-29 02:20:00 ---
    RMSE omega (GP): 0.045129 | RMSE omega (Sim): 0.106762
    Loss: 114.6356 | Epoch: 30
    Eq omega: 0.018081 + -0.00702theta + 0.00126omega + -0.00645theta^2 + 0.01865theta omega + 0.02227omega^2
    Eq omega Phys: 0.007153*omega**2 + 0.0002*omega*theta + 0.001568*omega - 2.0e-6*theta**2 - 4.3e-5*theta - 0.000131
    Diffusion: theta=1.117703e-02, omega=2.726675e-05

--- Chunk 36439 (140/220) | Start: 2024-12-29 02:25:00 ---
    RMSE omega (GP): 0.028150 | RMSE omega (Sim): 0.121335
    Loss: 32.5884 | Epoch: 825
    Eq omega: -0.004661 + -0.00769theta + 0.00187omega + -0.00426theta^2 + 0.00049theta omega + 0.00134omega^2
    Eq omega Phys: 0.000433*omega**2 + 5.0e-6*omega*theta + 3.3e-5*omega - 2.0e-6*theta**2 + 8.0e-6*theta - 1.5e-5
    Diffusion: theta=3.979801e-03, omega=4.072521e-05

--- Chunk 36440 (141/220) | Start: 2024-12-29 02:30:00 ---
    RMSE omega (GP): 0.013404 | RMSE omega (Sim): 0.177990
    Loss: 6.6331 | Epoch: 920
    Eq omega: 0.000531 + 0.00209theta + -0.00451omega + 0.00247theta^2 + -0.00425theta omega + 0.00511omega^2
    Eq omega Phys: 0.001723*omega**2 - 4.8e-5*omega*theta + 7.6e-5*omega + 1.0e-6*theta**2 - 6.0e-6*theta + 1.1e-5
    Diffusion: theta=1.239523e-03, omega=7.343054e-05

--- Chunk 36441 (142/220) | Start: 2024-12-29 02:35:00 ---
    RMSE omega (GP): nan | RMSE omega (Sim): nan
    Loss: 28.5623 | Epoch: 234
    Eq omega: nan1 + nantheta + nanomega + nantheta^2 + nantheta omega + nanomega^2
    Eq omega Phys: N/A
    Diffusion: theta=nan, omega=nan

--- Chunk 36442 (143/220) | Start: 2024-12-29 02:40:00 ---
    RMSE omega (GP): 0.011730 | RMSE omega (Sim): 0.115170
    Loss: 2.5035 | Epoch: 717
    Eq omega: -0.003071 + -0.63048theta + 0.00127omega + -0.00227theta^2 + -0.03055theta omega + -0.00457omega^2
    Eq omega Phys: -0.00139*omega**2 - 0.00031*omega*theta + 0.000186*omega - 0.e-6*theta**2 - 0.0007*theta + 0.000314
    Diffusion: theta=3.542764e-03, omega=5.997164e-05

--- Chunk 36443 (144/220) | Start: 2024-12-29 02:45:00 ---
    RMSE omega (GP): 0.030038 | RMSE omega (Sim): 0.096893
    Loss: 57.0204 | Epoch: 410
    Eq omega: -0.003871 + -0.36273theta + 0.00376omega + 0.00889theta^2 + -0.00253theta omega + -0.00493omega^2
    Eq omega Phys: -0.001834*omega**2 - 3.1e-5*omega*theta + 0.000109*omega + 4.0e-6*theta**2 - 0.000399*theta - 0.000223
    Diffusion: theta=1.690074e-02, omega=1.430875e-05

--- Chunk 36444 (145/220) | Start: 2024-12-29 02:50:00 ---
    RMSE omega (GP): 0.011016 | RMSE omega (Sim): 0.114894
    Loss: 1.7798 | Epoch: 1363
    Eq omega: 0.014841 + -0.00335theta + 0.00129omega + -0.00531theta^2 + -0.00135theta omega + 0.00402omega^2
    Eq omega Phys: 0.00116*omega**2 - 1.3e-5*omega*theta + 0.000257*omega - 2.0e-6*theta**2 + 5.2e-5*theta - 0.000343
    Diffusion: theta=3.751805e-03, omega=7.115705e-05

--- Chunk 36445 (146/220) | Start: 2024-12-29 02:55:00 ---
    RMSE omega (GP): 0.012572 | RMSE omega (Sim): 0.072863
    Loss: 11.1220 | Epoch: 2065
    Eq omega: -0.002191 + 0.00011theta + 0.00138omega + 0.00016theta^2 + -0.00253theta omega + 0.00130omega^2
    Eq omega Phys: 0.000594*omega**2 - 3.9e-5*omega*theta + 0.000595*omega - 2.0e-6*theta + 9.0e-6
    Diffusion: theta=5.652196e-04, omega=4.100310e-05

--- Chunk 36446 (147/220) | Start: 2024-12-29 03:00:00 ---
    RMSE omega (GP): 0.013023 | RMSE omega (Sim): 0.105885
    Loss: 5.5770 | Epoch: 853
    Eq omega: 0.035591 + -2.22196theta + 0.01062omega + 0.00378theta^2 + -0.02490theta omega + -0.01560omega^2
    Eq omega Phys: -0.005164*omega**2 - 0.000275*omega*theta + 0.000987*omega + 1.0e-6*theta**2 - 0.002475*theta + 0.005813
    Diffusion: theta=4.315773e-04, omega=9.007526e-05

--- Chunk 36447 (148/220) | Start: 2024-12-29 03:05:00 ---
    RMSE omega (GP): 0.013207 | RMSE omega (Sim): 0.100262
    Loss: 3.2536 | Epoch: 1400
    Eq omega: 0.005681 + -0.11955theta + -0.00667omega + -0.00180theta^2 + -0.00140theta omega + -0.00358omega^2
    Eq omega Phys: -0.001022*omega**2 - 1.3e-5*omega*theta - 0.000314*omega - 0.e-6*theta**2 - 0.000141*theta - 0.000914
    Diffusion: theta=7.076234e-04, omega=5.333525e-05

--- Chunk 36448 (149/220) | Start: 2024-12-29 03:10:00 ---
    RMSE omega (GP): 0.012229 | RMSE omega (Sim): 0.138215
    Loss: 4.8859 | Epoch: 1826
    Eq omega: -0.013291 + -2.20393theta + 0.00409omega + 0.01485theta^2 + -0.27383theta omega + 0.00063omega^2
    Eq omega Phys: 0.000211*omega**2 - 0.003059*omega*theta - 0.009654*omega + 6.0e-6*theta**2 - 0.002413*theta - 0.007825
    Diffusion: theta=2.189496e-03, omega=5.808198e-05

--- Chunk 36449 (150/220) | Start: 2024-12-29 03:15:00 ---
    RMSE omega (GP): 0.012909 | RMSE omega (Sim): 0.124635
    Loss: 5.7987 | Epoch: 2113
    Eq omega: -0.000771 + -0.00177theta + -0.00399omega + 0.00027theta^2 + -0.00225theta omega + 0.00232omega^2
    Eq omega Phys: 0.000781*omega**2 - 2.5e-5*omega*theta + 0.000152*omega - 4.0e-6*theta + 3.2e-5
    Diffusion: theta=5.269850e-04, omega=7.016039e-05

  [Progress 150/220] Mean RMSE omega (GP): 0.016672 | (Sim): 0.132484 | Mean loss: 540.8922 | Valid GP: 113/150 | Valid Sim: 111/150 | Elapsed: 51.4min | ETA: 24.0min

--- Chunk 36450 (151/220) | Start: 2024-12-29 03:20:00 ---
    RMSE omega (GP): 0.012654 | RMSE omega (Sim): nan
    Loss: 5.0639 | Epoch: 1662
    Eq omega: -0.023341 + -0.76036theta + 0.05803omega + -0.52939theta^2 + 0.00124theta omega + 0.04897omega^2
    Eq omega Phys: 0.016916*omega**2 + 1.4e-5*omega*theta + 0.001959*omega - 0.000203*theta**2 - 0.00156*theta - 0.002192
    Diffusion: theta=2.899246e-03, omega=5.169370e-05

--- Chunk 36451 (152/220) | Start: 2024-12-29 03:25:00 ---
    RMSE omega (GP): 0.011248 | RMSE omega (Sim): 0.122615
    Loss: 1.8201 | Epoch: 1428
    Eq omega: -0.001321 + -0.00059theta + -0.00062omega + 0.00013theta^2 + 0.00119theta omega + 0.00288omega^2
    Eq omega Phys: 0.000832*omega**2 + 1.1e-5*omega*theta + 0.000163*omega + 1.0e-6*theta - 5.0e-6
    Diffusion: theta=2.918507e-03, omega=5.228701e-05

--- Chunk 36452 (153/220) | Start: 2024-12-29 03:30:00 ---
    RMSE omega (GP): 0.011494 | RMSE omega (Sim): 0.086750
    Loss: 6.0617 | Epoch: 883
    Eq omega: -0.000151 + -0.00198theta + 0.00092omega + -0.00007theta^2 + 0.00119theta omega + 0.00000omega^2
    Eq omega Phys: 1.5e-5*omega*theta + 0.000172*omega - 3.0e-6*theta - 2.3e-5
    Diffusion: theta=3.207436e-04, omega=6.063994e-05

--- Chunk 36453 (154/220) | Start: 2024-12-29 03:35:00 ---
    RMSE omega (GP): 0.012863 | RMSE omega (Sim): 0.137699
    Loss: 5.3044 | Epoch: 751
    Eq omega: 0.005661 + -0.00319theta + -0.00101omega + 0.00474theta^2 + 0.00108theta omega + -0.00038omega^2
    Eq omega Phys: -0.000126*omega**2 + 1.2e-5*omega*theta - 5.0e-5*omega + 2.0e-6*theta**2 - 8.0e-6*theta + 2.7e-5
    Diffusion: theta=5.312642e-04, omega=7.610556e-05

--- Chunk 36454 (155/220) | Start: 2024-12-29 03:40:00 ---
    RMSE omega (GP): 0.012161 | RMSE omega (Sim): 0.169896
    Loss: 1.5907 | Epoch: 1543
    Eq omega: 0.006381 + -0.80378theta + 0.00726omega + -0.27306theta^2 + -0.01841theta omega + 0.02095omega^2
    Eq omega Phys: 0.005684*omega**2 - 0.000167*omega*theta + 0.000702*omega - 8.2e-5*theta**2 - 0.000439*theta + 0.001864
    Diffusion: theta=7.589193e-04, omega=6.318466e-05

--- Chunk 36455 (156/220) | Start: 2024-12-29 03:45:00 ---
    RMSE omega (GP): 0.015622 | RMSE omega (Sim): 0.197164
    Loss: 7.4752 | Epoch: 1555
    Eq omega: 0.000261 + -0.00031theta + 0.00131omega + -0.00078theta^2 + -0.00011theta omega + 0.00497omega^2
    Eq omega Phys: 0.001543*omega**2 - 1.0e-6*omega*theta + 5.0e-5*omega + 3.0e-6*theta - 6.0e-6
    Diffusion: theta=5.049910e-04, omega=6.551656e-05

--- Chunk 36456 (157/220) | Start: 2024-12-29 03:50:00 ---
    RMSE omega (GP): 0.014106 | RMSE omega (Sim): 0.251887
    Loss: 10.5725 | Epoch: 653
    Eq omega: -0.009601 + -0.00060theta + 0.00635omega + -0.00018theta^2 + 0.00990theta omega + -0.00156omega^2
    Eq omega Phys: -0.000602*omega**2 + 0.000127*omega*theta + 0.000659*omega - 1.0e-6*theta - 3.1e-5
    Diffusion: theta=1.458512e-03, omega=5.190719e-05

--- Chunk 36457 (158/220) | Start: 2024-12-29 03:55:00 ---
    RMSE omega (GP): 0.013666 | RMSE omega (Sim): 0.118597
    Loss: 12.6640 | Epoch: 1119
    Eq omega: 0.001011 + -0.00018theta + -0.00002omega + 0.00020theta^2 + 0.00063theta omega + 0.00037omega^2
    Eq omega Phys: 0.000159*omega**2 + 9.0e-6*omega*theta + 8.5e-5*omega + 2.0e-6*theta + 9.0e-6
    Diffusion: theta=6.552722e-04, omega=4.773428e-05

--- Chunk 36458 (159/220) | Start: 2024-12-29 04:00:00 ---
    RMSE omega (GP): 0.014290 | RMSE omega (Sim): 0.147431
    Loss: 23.3899 | Epoch: 1981
    Eq omega: 0.008411 + -0.00049theta + 0.00011omega + -0.00010theta^2 + -0.00003theta omega + 0.00081omega^2
    Eq omega Phys: 0.000417*omega**2 - 0.e-6*omega*theta - 7.0e-6*omega - 3.0e-6*theta - 1.5e-5
    Diffusion: theta=3.210299e-04, omega=4.149944e-05

--- Chunk 36459 (160/220) | Start: 2024-12-29 04:05:00 ---
    RMSE omega (GP): 0.012777 | RMSE omega (Sim): 0.101870
    Loss: 8.7144 | Epoch: 1131
    Eq omega: 0.001421 + -0.00178theta + 0.00046omega + -0.00042theta^2 + -0.00037theta omega + -0.00147omega^2
    Eq omega Phys: -0.000569*omega**2 - 5.0e-6*omega*theta - 4.8e-5*omega - 7.0e-6*theta - 5.4e-5
    Diffusion: theta=7.227770e-04, omega=6.835982e-05

--- Chunk 36460 (161/220) | Start: 2024-12-29 04:10:00 ---
    RMSE omega (GP): 0.057547 | RMSE omega (Sim): 0.194985
    Loss: 113.9838 | Epoch: 341
    Eq omega: 0.003041 + -0.11986theta + 0.00074omega + -0.00692theta^2 + -0.04649theta omega + 0.00918omega^2
    Eq omega Phys: 0.002443*omega**2 - 0.000412*omega*theta + 0.00101*omega - 2.0e-6*theta**2 - 0.000123*theta + 0.000319
    Diffusion: theta=1.496111e-01, omega=1.349426e-04

--- Chunk 36461 (162/220) | Start: 2024-12-29 04:15:00 ---
    RMSE omega (GP): 0.011059 | RMSE omega (Sim): 0.338543
    Loss: 4.2805 | Epoch: 1138
    Eq omega: 0.001151 + -0.01578theta + -0.00174omega + -0.01047theta^2 + 0.00452theta omega + -0.00006omega^2
    Eq omega Phys: -2.2e-5*omega**2 + 5.4e-5*omega*theta + 0.000218*omega - 4.0e-6*theta**2 - 6.0e-5*theta - 0.000194
    Diffusion: theta=8.431741e-04, omega=6.570489e-05

--- Chunk 36462 (163/220) | Start: 2024-12-29 04:20:00 ---
    RMSE omega (GP): nan | RMSE omega (Sim): nan
    Loss: 43.3932 | Epoch: 63
    Eq omega: nan1 + nantheta + nanomega + nantheta^2 + nantheta omega + nanomega^2
    Eq omega Phys: N/A
    Diffusion: theta=nan, omega=nan

--- Chunk 36463 (164/220) | Start: 2024-12-29 04:25:00 ---
    RMSE omega (GP): 0.011538 | RMSE omega (Sim): 0.165444
    Loss: 1.7383 | Epoch: 1726
    Eq omega: 0.019991 + -0.78093theta + 0.00202omega + -0.00086theta^2 + -0.01639theta omega + -0.00511omega^2
    Eq omega Phys: -0.001467*omega**2 - 0.000157*omega*theta + 0.000779*omega - 0.000865*theta + 0.004009
    Diffusion: theta=8.199026e-04, omega=8.651227e-05

--- Chunk 36464 (165/220) | Start: 2024-12-29 04:30:00 ---
    RMSE omega (GP): 0.010712 | RMSE omega (Sim): 0.207007
    Loss: 1.0684 | Epoch: 1653
    Eq omega: -0.004681 + -2.20612theta + 0.04512omega + 0.02826theta^2 + 0.18069theta omega + 0.03744omega^2
    Eq omega Phys: 0.010852*omega**2 + 0.001746*omega*theta + 0.007138*omega + 9.0e-6*theta**2 - 0.002393*theta - 0.007833
    Diffusion: theta=9.910006e-04, omega=7.680822e-05

--- Chunk 36465 (166/220) | Start: 2024-12-29 04:35:00 ---
    RMSE omega (GP): 0.012796 | RMSE omega (Sim): 0.223348
    Loss: 1.7258 | Epoch: 959
    Eq omega: 0.003091 + 0.00004theta + 0.00042omega + 0.00020theta^2 + -0.00183theta omega + -0.00124omega^2
    Eq omega Phys: -0.000321*omega**2 - 1.6e-5*omega*theta + 6.0e-5*omega + 1.4e-5
    Diffusion: theta=5.109301e-04, omega=9.352830e-05

--- Chunk 36466 (167/220) | Start: 2024-12-29 04:40:00 ---
    RMSE omega (GP): 0.015083 | RMSE omega (Sim): 0.099329
    Loss: 10.7531 | Epoch: 1747
    Eq omega: -0.003451 + -0.00051theta + 0.00011omega + -0.00010theta^2 + -0.00079theta omega + -0.00123omega^2
    Eq omega Phys: -0.00044*omega**2 - 9.0e-6*omega*theta + 0.000219*omega + 1.0e-6*theta - 1.8e-5
    Diffusion: theta=2.129154e-03, omega=3.580700e-05

--- Chunk 36467 (168/220) | Start: 2024-12-29 04:45:00 ---
    RMSE omega (GP): 0.012179 | RMSE omega (Sim): 0.177727
    Loss: 2.9949 | Epoch: 1077
    Eq omega: 0.000901 + 0.00048theta + -0.00083omega + -0.00006theta^2 + 0.00187theta omega + -0.00004omega^2
    Eq omega Phys: -1.2e-5*omega**2 + 1.8e-5*omega*theta + 0.000149*omega + 7.0e-6
    Diffusion: theta=2.843894e-03, omega=9.095255e-05

--- Chunk 36468 (169/220) | Start: 2024-12-29 04:50:00 ---
    RMSE omega (GP): 0.015792 | RMSE omega (Sim): 0.073191
    Loss: 22.0366 | Epoch: 2104
    Eq omega: 0.000201 + -0.00034theta + 0.00482omega + 0.00002theta^2 + 0.00017theta omega + 0.00102omega^2
    Eq omega Phys: 0.000493*omega**2 + 3.0e-6*omega*theta + 0.000246*omega - 0.e-6
    Diffusion: theta=4.043209e-03, omega=2.640037e-05

--- Chunk 36469 (170/220) | Start: 2024-12-29 04:55:00 ---
    RMSE omega (GP): 0.022843 | RMSE omega (Sim): 0.113482
    Loss: 19.3191 | Epoch: 1166
    Eq omega: -0.000611 + -0.00007theta + 0.00059omega + -0.00001theta^2 + 0.00008theta omega + 0.00251omega^2
    Eq omega Phys: 0.000759*omega**2 + 1.0e-6*omega*theta + 4.4e-5*omega - 8.0e-6
    Diffusion: theta=2.215242e-03, omega=2.839850e-05

--- Chunk 36470 (171/220) | Start: 2024-12-29 05:00:00 ---
    RMSE omega (GP): 0.011757 | RMSE omega (Sim): 0.177164
    Loss: 2.3590 | Epoch: 1377
    Eq omega: -0.005851 + -0.17480theta + -0.02258omega + -0.00092theta^2 + -0.00629theta omega + 0.01845omega^2
    Eq omega Phys: 0.00552*omega**2 - 6.3e-5*omega*theta - 0.001071*omega - 0.000197*theta - 0.001017
    Diffusion: theta=2.139713e-03, omega=5.217860e-05

--- Chunk 36471 (172/220) | Start: 2024-12-29 05:05:00 ---
    RMSE omega (GP): 0.015032 | RMSE omega (Sim): 0.110844
    Loss: 6.4282 | Epoch: 1667
    Eq omega: -0.001211 + -0.00040theta + -0.00230omega + -0.00011theta^2 + 0.00010theta omega + -0.00002omega^2
    Eq omega Phys: -6.0e-6*omega**2 + 1.0e-6*omega*theta - 0.000105*omega + 2.0e-6*theta - 2.1e-5
    Diffusion: theta=3.114726e-03, omega=4.025467e-05

--- Chunk 36472 (173/220) | Start: 2024-12-29 05:10:00 ---
    RMSE omega (GP): 0.014004 | RMSE omega (Sim): 0.176456
    Loss: 2.5230 | Epoch: 1510
    Eq omega: 0.002411 + 0.00009theta + 0.00100omega + -0.00137theta^2 + -0.00109theta omega + -0.00148omega^2
    Eq omega Phys: -0.000382*omega**2 - 9.0e-6*omega*theta + 6.0e-5*omega + 2.0e-6*theta + 7.0e-6
    Diffusion: theta=3.987438e-04, omega=9.749942e-05

--- Chunk 36473 (174/220) | Start: 2024-12-29 05:15:00 ---
    RMSE omega (GP): nan | RMSE omega (Sim): nan
    Loss: 240.7010 | Epoch: 31
    Eq omega: nan1 + nantheta + nanomega + nantheta^2 + nantheta omega + nanomega^2
    Eq omega Phys: N/A
    Diffusion: theta=nan, omega=nan

--- Chunk 36474 (175/220) | Start: 2024-12-29 05:20:00 ---
    RMSE omega (GP): 0.012037 | RMSE omega (Sim): 0.138691
    Loss: 2.3195 | Epoch: 1690
    Eq omega: -0.000081 + -0.00021theta + 0.00130omega + 0.00074theta^2 + 0.00036theta omega + 0.00125omega^2
    Eq omega Phys: 0.000337*omega**2 + 3.0e-6*omega*theta + 0.000136*omega + 1.2e-5*theta + 0.000175
    Diffusion: theta=1.934748e-03, omega=9.000950e-05

--- Chunk 36475 (176/220) | Start: 2024-12-29 05:25:00 ---
    RMSE omega (GP): nan | RMSE omega (Sim): nan
    Loss: 14232.9033 | Epoch: 19
    Eq omega: nan1 + nantheta + nanomega + nantheta^2 + nantheta omega + nanomega^2
    Eq omega Phys: N/A
    Diffusion: theta=nan, omega=nan

--- Chunk 36476 (177/220) | Start: 2024-12-29 05:30:00 ---
    RMSE omega (GP): 0.017333 | RMSE omega (Sim): 0.255110
    Loss: 1.4983 | Epoch: 1667
    Eq omega: 0.000341 + -0.00055theta + 0.00274omega + -0.00000theta^2 + -0.00248theta omega + -0.00112omega^2
    Eq omega Phys: -0.000248*omega**2 - 1.8e-5*omega*theta + 0.000144*omega - 0.e-6*theta + 3.0e-6
    Diffusion: theta=4.630351e-03, omega=1.033536e-04

--- Chunk 36477 (178/220) | Start: 2024-12-29 05:35:00 ---
    RMSE omega (GP): 0.020786 | RMSE omega (Sim): 0.058632
    Loss: 58.1107 | Epoch: 3628
    Eq omega: -0.003451 + -0.00055theta + -0.00077omega + -0.00006theta^2 + -0.00008theta omega + 0.00000omega^2
    Eq omega Phys: -1.0e-6*omega*theta + 2.4e-5*omega + 2.0e-6*theta - 2.8e-5
    Diffusion: theta=2.827152e-04, omega=1.006479e-05

--- Chunk 36478 (179/220) | Start: 2024-12-29 05:40:00 ---
    RMSE omega (GP): nan | RMSE omega (Sim): nan
    Loss: 576.0208 | Epoch: 17
    Eq omega: nan1 + nantheta + nanomega + nantheta^2 + nantheta omega + nanomega^2
    Eq omega Phys: N/A
    Diffusion: theta=nan, omega=nan

--- Chunk 36479 (180/220) | Start: 2024-12-29 05:45:00 ---
    RMSE omega (GP): nan | RMSE omega (Sim): nan
    Loss: 12.1456 | Epoch: 124
    Eq omega: nan1 + nantheta + nanomega + nantheta^2 + nantheta omega + nanomega^2
    Eq omega Phys: N/A
    Diffusion: theta=nan, omega=nan

--- Chunk 36480 (181/220) | Start: 2024-12-29 05:50:00 ---
    RMSE omega (GP): 0.013184 | RMSE omega (Sim): 0.141442
    Loss: 2.4625 | Epoch: 1228
    Eq omega: 0.005051 + -0.21869theta + -0.00203omega + -0.00220theta^2 + -0.00142theta omega + -0.00386omega^2
    Eq omega Phys: -0.001*omega**2 - 1.2e-5*omega*theta + 2.8e-5*omega - 0.e-6*theta**2 - 0.000233*theta + 0.001885
    Diffusion: theta=1.528125e-03, omega=1.167799e-04

--- Chunk 36481 (182/220) | Start: 2024-12-29 05:55:00 ---
    RMSE omega (GP): 0.014483 | RMSE omega (Sim): 0.102718
    Loss: 8.1400 | Epoch: 1962
    Eq omega: 0.003481 + -0.00021theta + 0.00021omega + 0.00024theta^2 + -0.00069theta omega + 0.00183omega^2
    Eq omega Phys: 0.000622*omega**2 - 8.0e-6*omega*theta - 0.000127*omega + 3.0e-6*theta + 3.4e-5
    Diffusion: theta=5.229385e-04, omega=5.641009e-05

--- Chunk 36482 (183/220) | Start: 2024-12-29 06:00:00 ---
    RMSE omega (GP): 0.014843 | RMSE omega (Sim): 0.119408
    Loss: 8.4763 | Epoch: 2218
    Eq omega: -0.006671 + -0.10171theta + 0.00122omega + 0.00019theta^2 + -0.00096theta omega + -0.00064omega^2
    Eq omega Phys: -0.000235*omega**2 - 1.2e-5*omega*theta + 0.000328*omega - 0.000117*theta + 0.002793
    Diffusion: theta=3.916659e-04, omega=3.846348e-05

--- Chunk 36483 (184/220) | Start: 2024-12-29 06:05:00 ---
    RMSE omega (GP): 0.010118 | RMSE omega (Sim): 0.156765
    Loss: -1.8257 | Epoch: 2307
    Eq omega: 0.008721 + -0.00202theta + 0.00045omega + 0.00244theta^2 + 0.00165theta omega + 0.00261omega^2
    Eq omega Phys: 0.000539*omega**2 + 1.1e-5*omega*theta + 0.00014*omega + 1.0e-6*theta**2 + 1.0e-5*theta + 9.0e-5
    Diffusion: theta=4.714061e-04, omega=6.287236e-05

--- Chunk 36484 (185/220) | Start: 2024-12-29 06:10:00 ---
    RMSE omega (GP): nan | RMSE omega (Sim): nan
    Loss: 39838.0430 | Epoch: 16
    Eq omega: nan1 + nantheta + nanomega + nantheta^2 + nantheta omega + nanomega^2
    Eq omega Phys: N/A
    Diffusion: theta=nan, omega=nan

--- Chunk 36485 (186/220) | Start: 2024-12-29 06:15:00 ---
    RMSE omega (GP): 0.011280 | RMSE omega (Sim): 0.181820
    Loss: 6.0040 | Epoch: 1130
    Eq omega: 0.001121 + 0.00078theta + -0.00137omega + 0.00030theta^2 + 0.00175theta omega + 0.00169omega^2
    Eq omega Phys: 0.000657*omega**2 + 2.3e-5*omega*theta + 6.4e-5*omega + 2.0e-6*theta + 1.0e-5
    Diffusion: theta=6.401656e-04, omega=5.399019e-05

--- Chunk 36486 (187/220) | Start: 2024-12-29 06:20:00 ---
    RMSE omega (GP): nan | RMSE omega (Sim): nan
    Loss: 98.0654 | Epoch: 52
    Eq omega: nan1 + nantheta + nanomega + nantheta^2 + nantheta omega + nanomega^2
    Eq omega Phys: N/A
    Diffusion: theta=nan, omega=nan

--- Chunk 36487 (188/220) | Start: 2024-12-29 06:25:00 ---
    RMSE omega (GP): 0.012102 | RMSE omega (Sim): 0.108409
    Loss: 4.0308 | Epoch: 1776
    Eq omega: -0.003411 + -0.16750theta + 0.00097omega + 0.00001theta^2 + 0.00848theta omega + 0.00497omega^2
    Eq omega Phys: 0.001621*omega**2 + 9.2e-5*omega*theta - 0.000449*omega - 0.000186*theta + 0.000961
    Diffusion: theta=5.813761e-04, omega=5.609020e-05

--- Chunk 36488 (189/220) | Start: 2024-12-29 06:30:00 ---
    RMSE omega (GP): nan | RMSE omega (Sim): nan
    Loss: 404.3247 | Epoch: 23
    Eq omega: nan1 + nantheta + nanomega + nantheta^2 + nantheta omega + nanomega^2
    Eq omega Phys: N/A
    Diffusion: theta=nan, omega=nan

--- Chunk 36489 (190/220) | Start: 2024-12-29 06:35:00 ---
    RMSE omega (GP): 0.013864 | RMSE omega (Sim): 0.123644
    Loss: 5.2284 | Epoch: 950
    Eq omega: -0.004891 + -1.09939theta + 0.01110omega + 0.00011theta^2 + 0.07277theta omega + 0.00230omega^2
    Eq omega Phys: 0.000731*omega**2 + 0.000771*omega*theta - 0.001809*omega - 0.001222*theta + 0.003434
    Diffusion: theta=1.953084e-03, omega=4.625308e-05

--- Chunk 36490 (191/220) | Start: 2024-12-29 06:40:00 ---
    RMSE omega (GP): nan | RMSE omega (Sim): nan
    Loss: 4.5675 | Epoch: 404
    Eq omega: nan1 + nantheta + nanomega + nantheta^2 + nantheta omega + nanomega^2
    Eq omega Phys: N/A
    Diffusion: theta=nan, omega=nan

--- Chunk 36491 (192/220) | Start: 2024-12-29 06:45:00 ---
    RMSE omega (GP): 0.022347 | RMSE omega (Sim): 0.162666
    Loss: 15.9706 | Epoch: 101
    Eq omega: 0.000601 + 0.00861theta + -0.00453omega + -0.00386theta^2 + 0.00098theta omega + 0.00170omega^2
    Eq omega Phys: 0.000461*omega**2 + 9.0e-6*omega*theta - 0.000279*omega - 1.0e-6*theta**2 + 4.3e-5*theta - 0.00038
    Diffusion: theta=nan, omega=nan

--- Chunk 36492 (193/220) | Start: 2024-12-29 06:50:00 ---
    RMSE omega (GP): nan | RMSE omega (Sim): nan
    Loss: 43.2817 | Epoch: 35
    Eq omega: nan1 + nantheta + nanomega + nantheta^2 + nantheta omega + nanomega^2
    Eq omega Phys: N/A
    Diffusion: theta=nan, omega=nan

--- Chunk 36493 (194/220) | Start: 2024-12-29 06:55:00 ---
    RMSE omega (GP): nan | RMSE omega (Sim): nan
    Loss: 1420.4998 | Epoch: 20
    Eq omega: nan1 + nantheta + nanomega + nantheta^2 + nantheta omega + nanomega^2
    Eq omega Phys: N/A
    Diffusion: theta=nan, omega=nan

--- Chunk 36494 (195/220) | Start: 2024-12-29 07:00:00 ---
    RMSE omega (GP): nan | RMSE omega (Sim): nan
    Loss: 232.1793 | Epoch: 35
    Eq omega: nan1 + nantheta + nanomega + nantheta^2 + nantheta omega + nanomega^2
    Eq omega Phys: N/A
    Diffusion: theta=nan, omega=nan

--- Chunk 36495 (196/220) | Start: 2024-12-29 07:05:00 ---
    RMSE omega (GP): 0.010085 | RMSE omega (Sim): 0.226748
    Loss: -1.6115 | Epoch: 1604
    Eq omega: -0.001601 + -0.00562theta + 0.00174omega + -0.00094theta^2 + 0.00052theta omega + -0.00332omega^2
    Eq omega Phys: -0.000658*omega**2 + 3.0e-6*omega*theta + 9.0e-6*omega + 3.8e-5
    Diffusion: theta=4.174741e-03, omega=8.328971e-05

--- Chunk 36496 (197/220) | Start: 2024-12-29 07:10:00 ---
    RMSE omega (GP): 0.011655 | RMSE omega (Sim): 0.090963
    Loss: 5.7396 | Epoch: 1957
    Eq omega: 0.001561 + 0.00002theta + 0.00057omega + 0.00001theta^2 + -0.00010theta omega + -0.00014omega^2
    Eq omega Phys: -5.2e-5*omega**2 - 1.0e-6*omega*theta - 4.0e-6*omega + 6.0e-6
    Diffusion: theta=9.115280e-04, omega=5.721324e-05

--- Chunk 36497 (198/220) | Start: 2024-12-29 07:15:00 ---
    RMSE omega (GP): 0.025259 | RMSE omega (Sim): 0.155249
    Loss: -228.4875 | Epoch: 398
    Eq omega: 0.013571 + -0.05204theta + -0.00832omega + 0.00573theta^2 + -0.00147theta omega + 0.00876omega^2
    Eq omega Phys: 0.002237*omega**2 - 1.3e-5*omega*theta - 0.000296*omega + 2.0e-6*theta**2 - 5.3e-5*theta - 2.6e-5
    Diffusion: theta=9.274673e-02, omega=8.808947e-05

--- Chunk 36498 (199/220) | Start: 2024-12-29 07:20:00 ---
    RMSE omega (GP): 0.012062 | RMSE omega (Sim): nan
    Loss: 2.0451 | Epoch: 1018
    Eq omega: 0.001201 + -1.44512theta + -0.04146omega + -0.60046theta^2 + -0.00376theta omega + -0.02442omega^2
    Eq omega Phys: -0.006742*omega**2 - 3.5e-5*omega*theta - 0.001126*omega - 0.000184*theta**2 + 0.001118*theta + 0.001806
    Diffusion: theta=2.301631e-03, omega=6.305180e-05

--- Chunk 36499 (200/220) | Start: 2024-12-29 07:25:00 ---
    RMSE omega (GP): 0.012301 | RMSE omega (Sim): 0.214641
    Loss: 6.9949 | Epoch: 1828
    Eq omega: -0.000281 + -0.00036theta + 0.00061omega + 0.00006theta^2 + -0.00021theta omega + 0.00135omega^2
    Eq omega Phys: 0.000509*omega**2 - 3.0e-6*omega*theta + 4.8e-5*omega - 0.e-6*theta + 6.0e-6
    Diffusion: theta=4.304106e-04, omega=5.077854e-05

  [Progress 200/220] Mean RMSE omega (GP): 0.016284 | (Sim): 0.138327 | Mean loss: 692.2346 | Valid GP: 151/200 | Valid Sim: 147/200 | Elapsed: 70.0min | ETA: 7.0min

--- Chunk 36500 (201/220) | Start: 2024-12-29 07:30:00 ---
    RMSE omega (GP): 0.011831 | RMSE omega (Sim): 0.150701
    Loss: 4.3239 | Epoch: 2056
    Eq omega: 0.005891 + -0.27761theta + 0.00202omega + -0.13495theta^2 + 0.00403theta omega + 0.02578omega^2
    Eq omega Phys: 0.008771*omega**2 + 4.6e-5*omega*theta - 0.000467*omega - 5.1e-5*theta**2 + 0.000885*theta - 0.003354
    Diffusion: theta=4.891641e-04, omega=4.997052e-05

--- Chunk 36501 (202/220) | Start: 2024-12-29 07:35:00 ---
    RMSE omega (GP): 0.011253 | RMSE omega (Sim): 0.132511
    Loss: 2.4840 | Epoch: 1217
    Eq omega: 0.017761 + -0.65865theta + 0.01316omega + 0.00529theta^2 + 0.00100theta omega + 0.01465omega^2
    Eq omega Phys: 0.004647*omega**2 + 1.1e-5*omega*theta + 0.000375*omega + 2.0e-6*theta**2 - 0.000754*theta + 0.004533
    Diffusion: theta=7.029901e-04, omega=5.123068e-05

--- Chunk 36502 (203/220) | Start: 2024-12-29 07:40:00 ---
    RMSE omega (GP): 0.011783 | RMSE omega (Sim): 0.177986
    Loss: 0.3592 | Epoch: 2236
    Eq omega: 0.000751 + -0.00002theta + -0.00338omega + -0.00035theta^2 + 0.00023theta omega + 0.00320omega^2
    Eq omega Phys: 0.000764*omega**2 + 2.0e-6*omega*theta - 0.000167*omega + 6.0e-6*theta - 7.9e-5
    Diffusion: theta=8.459424e-04, omega=7.375734e-05

--- Chunk 36503 (204/220) | Start: 2024-12-29 07:45:00 ---
    RMSE omega (GP): 0.012819 | RMSE omega (Sim): 0.166499
    Loss: 0.5338 | Epoch: 1886
    Eq omega: 0.000661 + -0.00563theta + -0.00387omega + -0.00025theta^2 + 0.00060theta omega + 0.00960omega^2
    Eq omega Phys: 0.002303*omega**2 + 5.0e-6*omega*theta - 0.000132*omega - 6.0e-6*theta + 7.0e-6
    Diffusion: theta=6.344086e-04, omega=6.132240e-05

--- Chunk 36504 (205/220) | Start: 2024-12-29 07:50:00 ---
    RMSE omega (GP): nan | RMSE omega (Sim): nan
    Loss: 31.4859 | Epoch: 63
    Eq omega: nan1 + nantheta + nanomega + nantheta^2 + nantheta omega + nanomega^2
    Eq omega Phys: N/A
    Diffusion: theta=nan, omega=nan

--- Chunk 36505 (206/220) | Start: 2024-12-29 07:55:00 ---
    RMSE omega (GP): 0.059091 | RMSE omega (Sim): 0.144987
    Loss: 58.8868 | Epoch: 438
    Eq omega: 0.025311 + -0.05678theta + 0.00428omega + 0.00905theta^2 + 0.00141theta omega + 0.00946omega^2
    Eq omega Phys: 0.002479*omega**2 + 1.2e-5*omega*theta + 0.000198*omega + 3.0e-6*theta**2 - 3.9e-5*theta - 0.000122
    Diffusion: theta=2.532576e-02, omega=3.270426e-05

--- Chunk 36506 (207/220) | Start: 2024-12-29 08:00:00 ---
    RMSE omega (GP): 0.045559 | RMSE omega (Sim): 0.043991
    Loss: 2406.5327 | Epoch: 34
    Eq omega: -0.000971 + -0.00037theta + 0.00041omega + -0.00003theta^2 + 0.00002theta omega + 0.00002omega^2
    Eq omega Phys: 1.6e-5*omega**2 + 1.0e-6*omega*theta + 1.0e-6*omega + 1.0e-6*theta - 7.0e-6
    Diffusion: theta=nan, omega=nan

--- Chunk 36507 (208/220) | Start: 2024-12-29 08:05:00 ---
    RMSE omega (GP): nan | RMSE omega (Sim): nan
    Loss: 54.6007 | Epoch: 52
    Eq omega: nan1 + nantheta + nanomega + nantheta^2 + nantheta omega + nanomega^2
    Eq omega Phys: N/A
    Diffusion: theta=nan, omega=nan

--- Chunk 36508 (209/220) | Start: 2024-12-29 08:10:00 ---
    RMSE omega (GP): 0.012423 | RMSE omega (Sim): 0.090741
    Loss: -0.6817 | Epoch: 2108
    Eq omega: 0.000661 + -0.19556theta + 0.00458omega + 0.00163theta^2 + -0.00273theta omega + 0.00055omega^2
    Eq omega Phys: 0.000144*omega**2 - 2.4e-5*omega*theta + 0.00013*omega - 0.000216*theta - 0.000208
    Diffusion: theta=3.491020e-04, omega=5.685779e-05

--- Chunk 36509 (210/220) | Start: 2024-12-29 08:15:00 ---
    RMSE omega (GP): 0.059594 | RMSE omega (Sim): 0.124630
    Loss: 384.8222 | Epoch: 497
    Eq omega: -0.002001 + 0.00027theta + -0.00045omega + -0.00012theta^2 + -0.00032theta omega + 0.00005omega^2
    Eq omega Phys: 2.1e-5*omega**2 - 5.0e-6*omega*theta + 9.3e-5*omega + 3.0e-6*theta - 4.5e-5
    Diffusion: theta=9.296114e-02, omega=1.094154e-04

--- Chunk 36510 (211/220) | Start: 2024-12-29 08:20:00 ---
    RMSE omega (GP): nan | RMSE omega (Sim): nan
    Loss: 325.7491 | Epoch: 19
    Eq omega: nan1 + nantheta + nanomega + nantheta^2 + nantheta omega + nanomega^2
    Eq omega Phys: N/A
    Diffusion: theta=nan, omega=nan

--- Chunk 36511 (212/220) | Start: 2024-12-29 08:25:00 ---
    RMSE omega (GP): 0.009708 | RMSE omega (Sim): 0.115147
    Loss: 4.1808 | Epoch: 983
    Eq omega: -0.003071 + -0.23669theta + 0.00875omega + -0.00446theta^2 + -0.00229theta omega + -0.00140omega^2
    Eq omega Phys: -0.000551*omega**2 - 3.0e-5*omega*theta + 1.4e-5*omega - 2.0e-6*theta**2 - 0.000299*theta - 0.00261
    Diffusion: theta=1.223490e-03, omega=5.341449e-05

--- Chunk 36512 (213/220) | Start: 2024-12-29 08:30:00 ---
    RMSE omega (GP): 0.010507 | RMSE omega (Sim): 0.154054
    Loss: 5.1882 | Epoch: 1438
    Eq omega: 0.000891 + -0.00017theta + -0.00109omega + 0.00023theta^2 + -0.00099theta omega + -0.00588omega^2
    Eq omega Phys: -0.002394*omega**2 - 1.3e-5*omega*theta + 8.1e-5*omega - 2.0e-6*theta + 1.2e-5
    Diffusion: theta=4.855403e-04, omega=4.776187e-05

--- Chunk 36513 (214/220) | Start: 2024-12-29 08:35:00 ---
    RMSE omega (GP): 0.011278 | RMSE omega (Sim): 0.088097
    Loss: 5.7916 | Epoch: 1219
    Eq omega: 0.003141 + -0.00045theta + -0.01317omega + -0.00006theta^2 + -0.00148theta omega + -0.00449omega^2
    Eq omega Phys: -0.001726*omega**2 - 1.9e-5*omega*theta - 0.000251*omega + 1.2e-5
    Diffusion: theta=1.450909e-03, omega=5.262896e-05

--- Chunk 36514 (215/220) | Start: 2024-12-29 08:40:00 ---
    RMSE omega (GP): 0.010017 | RMSE omega (Sim): 0.168969
    Loss: 9.2005 | Epoch: 1924
    Eq omega: -0.002521 + 0.00028theta + 0.01051omega + 0.00000theta^2 + 0.00010theta omega + -0.00006omega^2
    Eq omega Phys: -3.0e-5*omega**2 + 2.0e-6*omega*theta + 0.000325*omega - 1.0e-5
    Diffusion: theta=3.691441e-04, omega=4.966082e-05

--- Chunk 36515 (216/220) | Start: 2024-12-29 08:45:00 ---
    RMSE omega (GP): nan | RMSE omega (Sim): nan
    Loss: 180.0826 | Epoch: 76
    Eq omega: nan1 + nantheta + nanomega + nantheta^2 + nantheta omega + nanomega^2
    Eq omega Phys: N/A
    Diffusion: theta=nan, omega=nan

--- Chunk 36516 (217/220) | Start: 2024-12-29 08:50:00 ---
    RMSE omega (GP): nan | RMSE omega (Sim): nan
    Loss: 59.4970 | Epoch: 84
    Eq omega: nan1 + nantheta + nanomega + nantheta^2 + nantheta omega + nanomega^2
    Eq omega Phys: N/A
    Diffusion: theta=nan, omega=nan

--- Chunk 36517 (218/220) | Start: 2024-12-29 08:55:00 ---
    RMSE omega (GP): 0.046159 | RMSE omega (Sim): 0.150039
    Loss: 84.1117 | Epoch: 37
    Eq omega: 0.028141 + -0.04523theta + 0.02319omega + 0.00698theta^2 + -0.00298theta omega + 0.01142omega^2
    Eq omega Phys: 0.002689*omega**2 - 2.3e-5*omega*theta + 0.000755*omega + 2.0e-6*theta**2 - 4.7e-5*theta + 9.6e-5
    Diffusion: theta=1.367832e-02, omega=2.207295e-05

--- Chunk 36518 (219/220) | Start: 2024-12-29 09:00:00 ---
    RMSE omega (GP): 0.013751 | RMSE omega (Sim): 0.102547
    Loss: 12.2440 | Epoch: 1568
    Eq omega: -0.001011 + -0.00094theta + -0.00399omega + 0.00009theta^2 + -0.00017theta omega + -0.00119omega^2
    Eq omega Phys: -0.000499*omega**2 - 2.0e-6*omega*theta - 8.9e-5*omega - 3.0e-6*theta + 3.1e-5
    Diffusion: theta=5.774953e-04, omega=5.583896e-05

--- Chunk 36519 (220/220) | Start: 2024-12-29 09:05:00 ---
    RMSE omega (GP): 0.010934 | RMSE omega (Sim): 0.140415
    Loss: 4.6627 | Epoch: 1307
    Eq omega: 0.000681 + 0.00181theta + 0.00107omega + -0.00084theta^2 + -0.00114theta omega + 0.00105omega^2
    Eq omega Phys: 0.000393*omega**2 - 1.4e-5*omega*theta + 6.1e-5*omega + 3.0e-6*theta - 3.0e-6
    Diffusion: theta=2.067267e-03, omega=3.786182e-05

  [Progress 220/220] Mean RMSE omega (GP): 0.016841 | (Sim): 0.137564 | Mean loss: 645.8226 | Valid GP: 166/220 | Valid Sim: 162/220 | Elapsed: 76.5min | ETA: 0.0min

============================================================
EVALUATION COMPLETE — Chunks [36300, 36519]
============================================================
Chunks processed: 220
Chunks succeeded GP:  166 (75.5%)
Chunks succeeded Sim: 162 (73.6%)
Mean GP RMSE omega:   0.016841 ± 0.011195
Mean SIM RMSE omega:  0.137564 ± 0.047956
Mean Loss:            645.8226 ± 4076.7190
Elapsed time:     76.5 minutes

Per-chunk CSV: /pfs/data6/home/ka/ka_iai/ka_bj2362/dsr/svise/results_5min_all_chunks/run_SLURM_3733209_combo38/chunks_36300_to_36519_20260323_023843.csv
Summary JSON:  /pfs/data6/home/ka/ka_iai/ka_bj2362/dsr/svise/results_5min_all_chunks/run_SLURM_3733209_combo38/summary_36300_to_36519_20260323_023843.json
============================================================

============================= JOB FEEDBACK =============================

NodeName=uc3n094
Job ID: 3733376
Array Job ID: 3733209_165
Cluster: uc3
User/Group: ka_bj2362/ka_iai
State: COMPLETED (exit code 0)
Nodes: 1
Cores per node: 4
CPU Utilized: 01:16:06
CPU Efficiency: 24.77% of 05:07:16 core-walltime
Job Wall-clock time: 01:16:49
Memory Utilized: 3.27 GB
Memory Efficiency: 27.26% of 12.00 GB (12.00 GB/node)
