Array task 70: processing chunks 15400 to 15619
Loading data from /pfs/data6/home/ka/ka_iai/ka_bj2362/dsr/svise/../dataset/South_Korea_2024-08-15_2025-08-31_1s.parquet...
Finding all valid 5-minute chunks in the dataset...
Found 107059 valid 5-minute chunks in total.

============================================================
SVISE FINAL EVALUATION — ALL CHUNKS
============================================================
Hyperparameters: {
  "model": "integrator",
  "sigma": 0,
  "degree": 2,
  "tau": 1e-05,
  "lr": 0.1,
  "n_tau": 50,
  "measurement_noise": 0.001,
  "n_reparam_samples": 15
}
Total valid chunks in dataset: 107059
Processing chunk range: [15400, 15619] (220 chunks)
Early stopping: patience=300, max_epochs=10000
============================================================


--- Chunk 15400 (1/220) | Start: 2024-10-09 09:05:00 ---
/pfs/data6/home/ka/ka_iai/ka_bj2362/dsr/svise/svise/sde_learning/_marginal_sde.py:284: UserWarning: torch.triangular_solve is deprecated in favor of torch.linalg.solve_triangularand will be removed in a future PyTorch release.
torch.linalg.solve_triangular has its arguments reversed and does not return a copy of one of the inputs.
X = torch.triangular_solve(B, A).solution
should be replaced with
X = torch.linalg.solve_triangular(A, B). (Triggered internally at ../aten/src/ATen/native/BatchLinearAlgebra.cpp:2192.)
  return torch.triangular_solve(self.raw_w, self.C.t()).solution
/pfs/data6/home/ka/ka_iai/ka_bj2362/dsr/svise/svise/quadrature/_unbiased_quadrature.py:196: UserWarning: Interp is nan, reducing interp degree.
  warnings.warn("Interp is nan, reducing interp degree.")
    RMSE omega (GP): 0.010680 | RMSE omega (Sim): nan
    Loss: 5.6364 | Epoch: 1427
    Eq omega: -0.000601 + -0.00545theta + 0.00129omega + -0.32746theta^2 + 0.00270theta omega + 0.00708omega^2
    Eq omega Phys: 0.00295*omega**2 + 3.7e-5*omega*theta - 0.000196*omega - 0.000152*theta**2 + 0.001925*theta - 0.006113

--- Chunk 15401 (2/220) | Start: 2024-10-09 09:10:00 ---
/pfs/data6/home/ka/ka_iai/ka_bj2362/dsr/svise/svise/quadrature/_unbiased_quadrature.py:174: UserWarning: NaN detected in fxq (quadrature node evaluations). Clamping to 0.
  warnings.warn("NaN detected in fxq (quadrature node evaluations). Clamping to 0.")
/pfs/data6/home/ka/ka_iai/ka_bj2362/dsr/svise/svise/quadrature/_unbiased_quadrature.py:177: UserWarning: NaN detected in fmc (Monte-Carlo node evaluations). Clamping to 0.
  warnings.warn("NaN detected in fmc (Monte-Carlo node evaluations). Clamping to 0.")
    RMSE omega (GP): 0.026675 | RMSE omega (Sim): 0.207894
    Loss: 98.5809 | Epoch: 70
    Eq omega: 0.001121 + -0.00086theta + -0.00055omega + 0.00042theta^2 + 0.00027theta omega + 0.00185omega^2
    Eq omega Phys: 0.000908*omega**2 + 4.0e-6*omega*theta - 5.4e-5*omega - 5.0e-6*theta + 2.6e-5

--- Chunk 15402 (3/220) | Start: 2024-10-09 09:15:00 ---
    RMSE omega (GP): nan | RMSE omega (Sim): nan
    Loss: 797.7247 | Epoch: 45
    Eq omega: nan1 + nantheta + nanomega + nantheta^2 + nantheta omega + nanomega^2
    Eq omega Phys: N/A

--- Chunk 15403 (4/220) | Start: 2024-10-09 09:20:00 ---
    RMSE omega (GP): 0.041241 | RMSE omega (Sim): 0.086196
    Loss: 288.6198 | Epoch: 368
    Eq omega: -0.000331 + -0.00002theta + -0.00143omega + -0.00001theta^2 + 0.00011theta omega + -0.00063omega^2
    Eq omega Phys: -0.000357*omega**2 + 2.0e-6*omega*theta - 7.2e-5*omega - 1.0e-6

--- Chunk 15404 (5/220) | Start: 2024-10-09 09:25:00 ---
    RMSE omega (GP): 0.012901 | RMSE omega (Sim): 0.177734
    Loss: 10.9218 | Epoch: 897
    Eq omega: -0.002571 + -0.01649theta + 0.00192omega + -0.00010theta^2 + 0.00521theta omega + -0.00184omega^2
    Eq omega Phys: -0.000785*omega**2 + 7.4e-5*omega*theta - 0.000296*omega - 1.8e-5*theta + 8.1e-5

--- Chunk 15405 (6/220) | Start: 2024-10-09 09:30:00 ---
    RMSE omega (GP): 0.011362 | RMSE omega (Sim): 0.105476
    Loss: 2.8111 | Epoch: 1024
    Eq omega: 0.001961 + 0.00274theta + 0.00120omega + 0.00183theta^2 + 0.00262theta omega + -0.00110omega^2
    Eq omega Phys: -0.000345*omega**2 + 2.7e-5*omega*theta + 6.0e-5*omega + 1.0e-6*theta**2 + 4.0e-6*theta + 1.0e-5

--- Chunk 15406 (7/220) | Start: 2024-10-09 09:35:00 ---
    RMSE omega (GP): 0.015676 | RMSE omega (Sim): 0.103529
    Loss: 13.6655 | Epoch: 129
    Eq omega: -0.000761 + 0.00034theta + -0.00155omega + 0.00008theta^2 + -0.00443theta omega + -0.00141omega^2
    Eq omega Phys: -0.000518*omega**2 - 5.4e-5*omega*theta + 0.000221*omega - 3.0e-6

--- Chunk 15407 (8/220) | Start: 2024-10-09 09:40:00 ---
    RMSE omega (GP): nan | RMSE omega (Sim): nan
    Loss: 91.6523 | Epoch: 104
    Eq omega: nan1 + nantheta + nanomega + nantheta^2 + nantheta omega + nanomega^2
    Eq omega Phys: N/A

--- Chunk 15408 (9/220) | Start: 2024-10-09 09:45:00 ---
    RMSE omega (GP): nan | RMSE omega (Sim): nan
    Loss: 325.6142 | Epoch: 26
    Eq omega: nan1 + nantheta + nanomega + nantheta^2 + nantheta omega + nanomega^2
    Eq omega Phys: N/A

--- Chunk 15409 (10/220) | Start: 2024-10-09 09:50:00 ---
    RMSE omega (GP): nan | RMSE omega (Sim): nan
    Loss: 130.9112 | Epoch: 135
    Eq omega: nan1 + nantheta + nanomega + nantheta^2 + nantheta omega + nanomega^2
    Eq omega Phys: N/A

--- Chunk 15410 (11/220) | Start: 2024-10-09 09:55:00 ---
    RMSE omega (GP): 0.012421 | RMSE omega (Sim): 0.065963
    Loss: 30.8913 | Epoch: 1267
    Eq omega: -0.007851 + -0.00005theta + -0.00928omega + 0.00000theta^2 + -0.00002theta omega + -0.00018omega^2
    Eq omega Phys: -0.00012*omega**2 - 0.000302*omega - 1.2e-5

--- Chunk 15411 (12/220) | Start: 2024-10-09 10:00:00 ---
/pfs/data6/home/ka/ka_iai/ka_bj2362/dsr/svise/run_analysis_5min_all_chunks_combo38.py:212: ODEintWarning: Excess work done on this call (perhaps wrong Dfun type). Run with full_output = 1 to get quantitative information.
  sol_scaled = odeint(drift, x0_scaled, t_scaled, full_output=False)
    RMSE omega (GP): 0.040000 | RMSE omega (Sim): nan
    Loss: 124.2198 | Epoch: 863
    Eq omega: 0.001441 + 0.00169theta + -0.06866omega + 0.00110theta^2 + 0.00464theta omega + 0.15249omega^2
    Eq omega Phys: 0.071123*omega**2 + 7.2e-5*omega*theta - 0.003444*omega + 1.0e-6*theta**2 - 1.6e-5*theta + 0.00012

--- Chunk 15412 (13/220) | Start: 2024-10-09 10:05:00 ---
    RMSE omega (GP): 0.014920 | RMSE omega (Sim): 0.070778
    Loss: 22.5611 | Epoch: 1665
    Eq omega: 0.000661 + -0.00003theta + -0.00045omega + 0.00002theta^2 + 0.00007theta omega + 0.00113omega^2
    Eq omega Phys: 0.000564*omega**2 + 1.0e-6*omega*theta - 2.9e-5*omega + 3.0e-6

--- Chunk 15413 (14/220) | Start: 2024-10-09 10:10:00 ---
    RMSE omega (GP): nan | RMSE omega (Sim): nan
    Loss: 628.7250 | Epoch: 48
    Eq omega: nan1 + nantheta + nanomega + nantheta^2 + nantheta omega + nanomega^2
    Eq omega Phys: N/A

--- Chunk 15414 (15/220) | Start: 2024-10-09 10:15:00 ---
    RMSE omega (GP): nan | RMSE omega (Sim): nan
    Loss: 235.7433 | Epoch: 545
    Eq omega: nan1 + nantheta + nanomega + nantheta^2 + nantheta omega + nanomega^2
    Eq omega Phys: N/A

--- Chunk 15415 (16/220) | Start: 2024-10-09 10:20:00 ---
    RMSE omega (GP): 0.025361 | RMSE omega (Sim): 0.023343
    Loss: 2678.7156 | Epoch: 60
    Eq omega: 0.008051 + -0.00001theta + 0.00376omega + 0.00001theta^2 + 0.00003theta omega + 0.00013omega^2
    Eq omega Phys: 0.000193*omega**2 + 1.0e-6*omega*theta + 8.5e-5*omega - 0.e-6*theta + 1.8e-5

--- Chunk 15416 (17/220) | Start: 2024-10-09 10:25:00 ---
    RMSE omega (GP): 0.013418 | RMSE omega (Sim): 0.054087
    Loss: 60.5170 | Epoch: 2152
    Eq omega: 0.000061 + -0.00007theta + 0.00023omega + -0.00004theta^2 + 0.00002theta omega + -0.00036omega^2
    Eq omega Phys: -0.000317*omega**2 + 1.0e-6*omega*theta - 7.0e-6*omega + 2.0e-6*theta - 2.4e-5

--- Chunk 15417 (18/220) | Start: 2024-10-09 10:30:00 ---
    RMSE omega (GP): nan | RMSE omega (Sim): nan
    Loss: 2793.9192 | Epoch: 23
    Eq omega: nan1 + nantheta + nanomega + nantheta^2 + nantheta omega + nanomega^2
    Eq omega Phys: N/A

--- Chunk 15418 (19/220) | Start: 2024-10-09 10:35:00 ---
    RMSE omega (GP): nan | RMSE omega (Sim): nan
    Loss: 7876.4287 | Epoch: 16
    Eq omega: nan1 + nantheta + nanomega + nantheta^2 + nantheta omega + nanomega^2
    Eq omega Phys: N/A

--- Chunk 15419 (20/220) | Start: 2024-10-09 10:40:00 ---
    RMSE omega (GP): nan | RMSE omega (Sim): nan
    Loss: 63.0020 | Epoch: 64
    Eq omega: nan1 + nantheta + nanomega + nantheta^2 + nantheta omega + nanomega^2
    Eq omega Phys: N/A

--- Chunk 15420 (21/220) | Start: 2024-10-09 10:45:00 ---
    RMSE omega (GP): nan | RMSE omega (Sim): nan
    Loss: 476.7277 | Epoch: 43
    Eq omega: nan1 + nantheta + nanomega + nantheta^2 + nantheta omega + nanomega^2
    Eq omega Phys: N/A

--- Chunk 15421 (22/220) | Start: 2024-10-09 10:50:00 ---
    RMSE omega (GP): 0.012967 | RMSE omega (Sim): 0.122057
    Loss: 6.4289 | Epoch: 1038
    Eq omega: 0.001551 + -1.26527theta + -0.00038omega + 0.00139theta^2 + 0.01542theta omega + 0.00314omega^2
    Eq omega Phys: 0.001096*omega**2 + 0.000179*omega*theta + 0.00049*omega + 1.0e-6*theta**2 - 0.001403*theta - 0.003932

--- Chunk 15422 (23/220) | Start: 2024-10-09 10:55:00 ---
    RMSE omega (GP): 0.013872 | RMSE omega (Sim): 0.105375
    Loss: 13.0740 | Epoch: 1151
    Eq omega: 0.003121 + -2.34634theta + -0.00176omega + 0.00198theta^2 + -0.00944theta omega + 0.00276omega^2
    Eq omega Phys: 0.001185*omega**2 - 0.000135*omega*theta + 0.000239*omega + 1.0e-6*theta**2 - 0.002611*theta + 0.005758

--- Chunk 15423 (24/220) | Start: 2024-10-09 11:00:00 ---
    RMSE omega (GP): 0.010852 | RMSE omega (Sim): 0.078648
    Loss: 7.2060 | Epoch: 1642
    Eq omega: 0.009541 + 0.00067theta + -0.00196omega + 0.00455theta^2 + 0.00781theta omega + 0.00079omega^2
    Eq omega Phys: 0.000341*omega**2 + 0.000112*omega*theta + 0.000302*omega + 2.0e-6*theta**2 + 1.5e-5*theta + 5.0e-5

--- Chunk 15424 (25/220) | Start: 2024-10-09 11:05:00 ---
    RMSE omega (GP): 0.011888 | RMSE omega (Sim): 0.076999
    Loss: 16.4005 | Epoch: 1535
    Eq omega: -0.002661 + 0.00080theta + 0.00267omega + 0.00025theta^2 + 0.00031theta omega + -0.00114omega^2
    Eq omega Phys: -0.000618*omega**2 + 6.0e-6*omega*theta + 2.3e-5*omega - 3.0e-6*theta + 5.0e-6

--- Chunk 15425 (26/220) | Start: 2024-10-09 11:10:00 ---
    RMSE omega (GP): 0.015508 | RMSE omega (Sim): 0.085416
    Loss: 14.5937 | Epoch: 1305
    Eq omega: 0.006541 + -0.00038theta + 0.00235omega + -0.00061theta^2 + -0.00181theta omega + -0.00064omega^2
    Eq omega Phys: -0.000252*omega**2 - 2.4e-5*omega*theta + 0.000408*omega + 7.0e-6*theta - 2.7e-5

--- Chunk 15426 (27/220) | Start: 2024-10-09 11:15:00 ---
    RMSE omega (GP): 0.010824 | RMSE omega (Sim): 0.144290
    Loss: 5.7998 | Epoch: 1514
    Eq omega: 0.024081 + -0.56590theta + -0.00792omega + 0.00204theta^2 + 0.02955theta omega + 0.03096omega^2
    Eq omega Phys: 0.012319*omega**2 + 0.000392*omega*theta - 0.00113*omega + 1.0e-6*theta**2 - 0.000633*theta + 0.001461

--- Chunk 15427 (28/220) | Start: 2024-10-09 11:20:00 ---
    RMSE omega (GP): 0.014714 | RMSE omega (Sim): 0.218327
    Loss: 14.9850 | Epoch: 2548
    Eq omega: 0.027341 + -0.33676theta + 0.02198omega + 0.00016theta^2 + 0.10082theta omega + -0.00379omega^2
    Eq omega Phys: -0.001609*omega**2 + 0.001427*omega*theta - 0.018541*omega - 0.000376*theta + 0.005139

--- Chunk 15428 (29/220) | Start: 2024-10-09 11:25:00 ---
    RMSE omega (GP): nan | RMSE omega (Sim): nan
    Loss: 646.7283 | Epoch: 48
    Eq omega: nan1 + nantheta + nanomega + nantheta^2 + nantheta omega + nanomega^2
    Eq omega Phys: N/A

--- Chunk 15429 (30/220) | Start: 2024-10-09 11:30:00 ---
    RMSE omega (GP): 0.012404 | RMSE omega (Sim): 0.059327
    Loss: 21.2074 | Epoch: 1177
    Eq omega: 0.006841 + 0.00050theta + -0.00381omega + 0.00018theta^2 + -0.00088theta omega + 0.00068omega^2
    Eq omega Phys: 0.000392*omega**2 - 1.7e-5*omega*theta + 4.0e-5*omega - 2.0e-6*theta + 1.9e-5

--- Chunk 15430 (31/220) | Start: 2024-10-09 11:35:00 ---
    RMSE omega (GP): 0.058039 | RMSE omega (Sim): 0.117685
    Loss: 203.1970 | Epoch: 173
    Eq omega: -0.000561 + -0.00359theta + -0.00045omega + -0.00005theta^2 + -0.00044theta omega + -0.00388omega^2
    Eq omega Phys: -0.001396*omega**2 - 5.0e-6*omega*theta + 2.4e-5*omega - 4.0e-6*theta + 2.7e-5

--- Chunk 15431 (32/220) | Start: 2024-10-09 11:40:00 ---
    RMSE omega (GP): 0.013276 | RMSE omega (Sim): 0.062966
    Loss: 30.4352 | Epoch: 1745
    Eq omega: -0.001771 + 0.00014theta + 0.00088omega + 0.00006theta^2 + 0.00036theta omega + -0.00003omega^2
    Eq omega Phys: -1.9e-5*omega**2 + 8.0e-6*omega*theta - 0.000105*omega - 1.0e-6*theta + 7.0e-6

--- Chunk 15432 (33/220) | Start: 2024-10-09 11:45:00 ---
    RMSE omega (GP): nan | RMSE omega (Sim): nan
    Loss: 573.5464 | Epoch: 17
    Eq omega: nan1 + nantheta + nanomega + nantheta^2 + nantheta omega + nanomega^2
    Eq omega Phys: N/A

--- Chunk 15433 (34/220) | Start: 2024-10-09 11:50:00 ---
    RMSE omega (GP): 0.014049 | RMSE omega (Sim): 0.175921
    Loss: 16.8684 | Epoch: 1953
    Eq omega: -0.001351 + 0.00005theta + -0.00116omega + 0.00011theta^2 + -0.00009theta omega + 0.00024omega^2
    Eq omega Phys: 0.000112*omega**2 - 1.0e-6*omega*theta - 2.3e-5*omega - 1.0e-6*theta + 3.0e-6

--- Chunk 15434 (35/220) | Start: 2024-10-09 11:55:00 ---
    RMSE omega (GP): 0.026264 | RMSE omega (Sim): 0.078498
    Loss: 190.9485 | Epoch: 187
    Eq omega: 0.006311 + 0.00045theta + 0.01077omega + -0.01129theta^2 + 0.00056theta omega + -0.00075omega^2
    Eq omega Phys: -0.000561*omega**2 + 1.4e-5*omega*theta + 0.000133*omega - 9.0e-6*theta**2 + 0.000304*theta - 0.00246

--- Chunk 15435 (36/220) | Start: 2024-10-09 12:00:00 ---
    RMSE omega (GP): 0.027838 | RMSE omega (Sim): 0.217211
    Loss: 19.3937 | Epoch: 93
    Eq omega: 0.005671 + -0.03895theta + 0.00442omega + 0.03938theta^2 + 0.00554theta omega + 0.00192omega^2
    Eq omega Phys: 0.000481*omega**2 + 4.6e-5*omega*theta + 0.000114*omega + 1.1e-5*theta**2 - 5.9e-5*theta + 6.2e-5

--- Chunk 15436 (37/220) | Start: 2024-10-09 12:05:00 ---
    RMSE omega (GP): nan | RMSE omega (Sim): nan
    Loss: 12.0415 | Epoch: 272
    Eq omega: nan1 + nantheta + nanomega + nantheta^2 + nantheta omega + nanomega^2
    Eq omega Phys: N/A

--- Chunk 15437 (38/220) | Start: 2024-10-09 12:10:00 ---
    RMSE omega (GP): 0.010568 | RMSE omega (Sim): 0.135478
    Loss: 4.5912 | Epoch: 1514
    Eq omega: 0.000871 + 0.00064theta + -0.00402omega + -0.00021theta^2 + 0.00277theta omega + -0.00098omega^2
    Eq omega Phys: -0.00037*omega**2 + 3.5e-5*omega*theta - 0.000161*omega + 1.0e-6*theta + 2.0e-6

--- Chunk 15438 (39/220) | Start: 2024-10-09 12:15:00 ---
    RMSE omega (GP): nan | RMSE omega (Sim): nan
    Loss: 287.6478 | Epoch: 59
    Eq omega: nan1 + nantheta + nanomega + nantheta^2 + nantheta omega + nanomega^2
    Eq omega Phys: N/A

--- Chunk 15439 (40/220) | Start: 2024-10-09 12:20:00 ---
    RMSE omega (GP): 0.010273 | RMSE omega (Sim): 0.117595
    Loss: 4.7518 | Epoch: 734
    Eq omega: -0.002241 + 0.00237theta + -0.00415omega + -0.00348theta^2 + -0.00207theta omega + 0.00500omega^2
    Eq omega Phys: 0.002007*omega**2 - 2.8e-5*omega*theta - 0.000213*omega - 2.0e-6*theta**2 - 6.0e-6*theta - 1.0e-5

--- Chunk 15440 (41/220) | Start: 2024-10-09 12:25:00 ---
    RMSE omega (GP): 0.025918 | RMSE omega (Sim): 0.101504
    Loss: 53.0127 | Epoch: 373
    Eq omega: 0.005951 + -0.00424theta + -0.00612omega + 0.00440theta^2 + -0.00128theta omega + 0.00028omega^2
    Eq omega Phys: 0.000113*omega**2 - 1.7e-5*omega*theta - 0.000141*omega + 2.0e-6*theta**2 - 1.9e-5*theta + 6.0e-5

--- Chunk 15441 (42/220) | Start: 2024-10-09 12:30:00 ---
    RMSE omega (GP): 0.010782 | RMSE omega (Sim): 0.143303
    Loss: 8.3360 | Epoch: 805
    Eq omega: -0.000121 + -0.00034theta + -0.00129omega + -0.00008theta^2 + 0.00024theta omega + 0.00112omega^2
    Eq omega Phys: 0.00051*omega**2 + 4.0e-6*omega*theta - 6.1e-5*omega + 1.0e-6

--- Chunk 15442 (43/220) | Start: 2024-10-09 12:35:00 ---
    RMSE omega (GP): 0.014578 | RMSE omega (Sim): 0.082758
    Loss: 13.2755 | Epoch: 1722
    Eq omega: -0.001821 + -0.00105theta + 0.00430omega + 0.00534theta^2 + 0.00350theta omega + -0.00574omega^2
    Eq omega Phys: -0.002306*omega**2 + 4.7e-5*omega*theta - 0.000268*omega + 2.0e-6*theta**2 - 4.3e-5*theta + 0.000189

--- Chunk 15443 (44/220) | Start: 2024-10-09 12:40:00 ---
    RMSE omega (GP): 0.009545 | RMSE omega (Sim): 0.134945
    Loss: 0.8379 | Epoch: 824
    Eq omega: 0.019481 + -0.69618theta + -0.02560omega + -0.17007theta^2 + 0.00171theta omega + 0.01263omega^2
    Eq omega Phys: 0.004003*omega**2 + 1.8e-5*omega*theta - 0.000926*omega - 6.0e-5*theta**2 - 0.000291*theta + 0.002213

--- Chunk 15444 (45/220) | Start: 2024-10-09 12:45:00 ---
    RMSE omega (GP): 0.010565 | RMSE omega (Sim): 0.098374
    Loss: 3.6574 | Epoch: 788
    Eq omega: -0.028851 + -4.63126theta + 0.01956omega + 0.01527theta^2 + 0.00621theta omega + 0.24359omega^2
    Eq omega Phys: 0.088967*omega**2 + 7.6e-5*omega*theta + 0.000631*omega + 6.0e-6*theta**2 - 0.005149*theta + 0.001337

--- Chunk 15445 (46/220) | Start: 2024-10-09 12:50:00 ---
    RMSE omega (GP): 0.012870 | RMSE omega (Sim): 0.106465
    Loss: 13.3562 | Epoch: 869
    Eq omega: -0.019921 + -2.42832theta + 0.00316omega + -0.50048theta^2 + 0.01557theta omega + -0.00501omega^2
    Eq omega Phys: -0.002312*omega**2 + 0.000239*omega*theta + 0.00075*omega - 0.000257*theta**2 - 0.004079*theta - 0.009165

--- Chunk 15446 (47/220) | Start: 2024-10-09 12:55:00 ---
    RMSE omega (GP): nan | RMSE omega (Sim): nan
    Loss: 439.4987 | Epoch: 16
    Eq omega: nan1 + nantheta + nanomega + nantheta^2 + nantheta omega + nanomega^2
    Eq omega Phys: N/A

--- Chunk 15447 (48/220) | Start: 2024-10-09 13:00:00 ---
    RMSE omega (GP): 0.037718 | RMSE omega (Sim): 0.085604
    Loss: 82.4974 | Epoch: 1521
    Eq omega: 0.037921 + -0.27712theta + 0.06018omega + -0.11954theta^2 + 0.01259theta omega + 0.35366omega^2
    Eq omega Phys: 0.126382*omega**2 + 0.00015*omega*theta + 0.002062*omega - 4.7e-5*theta**2 - 0.000344*theta - 4.0e-6

--- Chunk 15448 (49/220) | Start: 2024-10-09 13:05:00 ---
    RMSE omega (GP): nan | RMSE omega (Sim): nan
    Loss: 99.8487 | Epoch: 39
    Eq omega: nan1 + nantheta + nanomega + nantheta^2 + nantheta omega + nanomega^2
    Eq omega Phys: N/A

--- Chunk 15449 (50/220) | Start: 2024-10-09 13:10:00 ---
    RMSE omega (GP): nan | RMSE omega (Sim): nan
    Loss: 124.7206 | Epoch: 52
    Eq omega: nan1 + nantheta + nanomega + nantheta^2 + nantheta omega + nanomega^2
    Eq omega Phys: N/A

  [Progress 50/220] Mean RMSE omega (GP): 0.018484 | (Sim): 0.111088 | Mean loss: 393.7295 | Valid GP: 33/50 | Valid Sim: 31/50 | Elapsed: 12.5min | ETA: 42.5min

--- Chunk 15450 (51/220) | Start: 2024-10-09 13:15:00 ---
    RMSE omega (GP): nan | RMSE omega (Sim): nan
    Loss: 45.1922 | Epoch: 59
    Eq omega: nan1 + nantheta + nanomega + nantheta^2 + nantheta omega + nanomega^2
    Eq omega Phys: N/A

--- Chunk 15451 (52/220) | Start: 2024-10-09 13:20:00 ---
    RMSE omega (GP): 0.010145 | RMSE omega (Sim): 0.139990
    Loss: 6.1242 | Epoch: 695
    Eq omega: 0.001101 + 0.00860theta + -0.00140omega + -0.00183theta^2 + 0.00027theta omega + 0.00001omega^2
    Eq omega Phys: 4.0e-6*omega**2 + 4.0e-6*omega*theta - 2.6e-5*omega - 0.e-6*theta**2 + 2.9e-5

--- Chunk 15452 (53/220) | Start: 2024-10-09 13:25:00 ---
    RMSE omega (GP): 0.013834 | RMSE omega (Sim): 0.149751
    Loss: 8.4741 | Epoch: 1623
    Eq omega: -0.007501 + -1.24628theta + -0.00862omega + 0.00213theta^2 + -0.00425theta omega + 0.02871omega^2
    Eq omega Phys: 0.010447*omega**2 - 5.2e-5*omega*theta - 0.000544*omega + 1.0e-6*theta**2 - 0.001376*theta - 0.006901

--- Chunk 15453 (54/220) | Start: 2024-10-09 13:30:00 ---
    RMSE omega (GP): 0.010327 | RMSE omega (Sim): 0.085443
    Loss: 4.8806 | Epoch: 1230
    Eq omega: 0.006811 + 0.00003theta + 0.00501omega + 0.00277theta^2 + -0.00444theta omega + -0.00062omega^2
    Eq omega Phys: -0.000244*omega**2 - 5.8e-5*omega*theta + 0.000457*omega + 1.0e-6*theta**2 - 1.2e-5*theta + 4.9e-5

--- Chunk 15454 (55/220) | Start: 2024-10-09 13:35:00 ---
    RMSE omega (GP): 0.013593 | RMSE omega (Sim): 0.134089
    Loss: -79.7899 | Epoch: 603
    Eq omega: -0.016591 + -1.17365theta + 0.06025omega + -0.23508theta^2 + -0.25249theta omega + -0.14721omega^2
    Eq omega Phys: -0.048084*omega**2 - 0.002749*omega*theta - 0.00134*omega - 8.5e-5*theta**2 - 0.001512*theta - 0.001771

--- Chunk 15455 (56/220) | Start: 2024-10-09 13:40:00 ---
    RMSE omega (GP): 0.012464 | RMSE omega (Sim): 0.144987
    Loss: 2.4047 | Epoch: 1591
    Eq omega: 0.002901 + -0.66911theta + 0.01170omega + -0.02361theta^2 + -0.01546theta omega + -0.00838omega^2
    Eq omega Phys: -0.00244*omega**2 - 0.00015*omega*theta + 0.001068*omega - 8.0e-6*theta**2 - 0.000674*theta + 0.003214

--- Chunk 15456 (57/220) | Start: 2024-10-09 13:45:00 ---
    RMSE omega (GP): 0.010058 | RMSE omega (Sim): nan
    Loss: 4.9568 | Epoch: 1331
    Eq omega: -0.060841 + -1.73092theta + 0.01262omega + 0.84205theta^2 + -0.09402theta omega + -0.03357omega^2
    Eq omega Phys: -0.013804*omega**2 - 0.001289*omega*theta - 0.005728*omega + 0.000385*theta**2 + 0.001748*theta - 0.000583

--- Chunk 15457 (58/220) | Start: 2024-10-09 13:50:00 ---
    RMSE omega (GP): 0.012859 | RMSE omega (Sim): 0.095610
    Loss: 3.1233 | Epoch: 1258
    Eq omega: 0.000261 + -1.26490theta + -0.05786omega + 0.00278theta^2 + -0.02760theta omega + 0.01565omega^2
    Eq omega Phys: 0.004602*omega**2 - 0.000271*omega*theta - 0.002969*omega + 1.0e-6*theta**2 - 0.001398*theta - 0.005391

--- Chunk 15458 (59/220) | Start: 2024-10-09 13:55:00 ---
    RMSE omega (GP): 0.012719 | RMSE omega (Sim): 0.109020
    Loss: 6.3562 | Epoch: 1716
    Eq omega: -0.002701 + -0.00135theta + 0.00012omega + -0.00328theta^2 + 0.00055theta omega + -0.00045omega^2
    Eq omega Phys: -0.000158*omega**2 + 6.0e-6*omega*theta - 3.4e-5*omega - 1.0e-6*theta**2 + 1.3e-5*theta - 4.3e-5

--- Chunk 15459 (60/220) | Start: 2024-10-09 14:00:00 ---
    RMSE omega (GP): 0.013523 | RMSE omega (Sim): 0.114343
    Loss: 4.4698 | Epoch: 1032
    Eq omega: 0.004081 + -0.01270theta + -0.00444omega + -0.00067theta^2 + 0.00120theta omega + 0.00023omega^2
    Eq omega Phys: 6.9e-5*omega**2 + 1.2e-5*omega*theta - 1.1e-5*omega - 1.9e-5*theta - 0.000175

--- Chunk 15460 (61/220) | Start: 2024-10-09 14:05:00 ---
    RMSE omega (GP): 0.010290 | RMSE omega (Sim): 0.114247
    Loss: 2.0339 | Epoch: 788
    Eq omega: -0.001101 + -2.97152theta + 0.00200omega + -0.00716theta^2 + 0.01826theta omega + 0.05269omega^2
    Eq omega Phys: 0.016896*omega**2 + 0.000195*omega*theta - 4.7e-5*omega - 3.0e-6*theta**2 - 0.003299*theta + 0.001918

--- Chunk 15461 (62/220) | Start: 2024-10-09 14:10:00 ---
    RMSE omega (GP): nan | RMSE omega (Sim): nan
    Loss: 217.5185 | Epoch: 17
    Eq omega: nan1 + nantheta + nanomega + nantheta^2 + nantheta omega + nanomega^2
    Eq omega Phys: N/A

--- Chunk 15462 (63/220) | Start: 2024-10-09 14:15:00 ---
    RMSE omega (GP): 0.014132 | RMSE omega (Sim): 0.234552
    Loss: 5.0563 | Epoch: 1299
    Eq omega: -0.001131 + 0.00088theta + 0.00086omega + 0.00026theta^2 + -0.00019theta omega + 0.00585omega^2
    Eq omega Phys: 0.001975*omega**2 - 2.0e-6*omega*theta + 5.2e-5*omega - 1.0e-6*theta - 3.0e-6

--- Chunk 15463 (64/220) | Start: 2024-10-09 14:20:00 ---
    RMSE omega (GP): 0.047954 | RMSE omega (Sim): 0.093561
    Loss: 224.7679 | Epoch: 64
    Eq omega: -0.000131 + -0.00065theta + -0.00045omega + -0.00630theta^2 + 0.00062theta omega + -0.00019omega^2
    Eq omega Phys: -8.4e-5*omega**2 + 9.0e-6*omega*theta - 0.000117*omega - 3.0e-6*theta**2 + 6.8e-5*theta - 0.000381

--- Chunk 15464 (65/220) | Start: 2024-10-09 14:25:00 ---
    RMSE omega (GP): 0.012229 | RMSE omega (Sim): 0.149501
    Loss: 3.7616 | Epoch: 1584
    Eq omega: -0.001051 + -0.00692theta + 0.00554omega + -0.00029theta^2 + -0.00015theta omega + -0.00031omega^2
    Eq omega Phys: -9.5e-5*omega**2 - 2.0e-6*omega*theta + 0.000188*omega - 7.0e-6*theta + 1.0e-5

--- Chunk 15465 (66/220) | Start: 2024-10-09 14:30:00 ---
    RMSE omega (GP): 0.011715 | RMSE omega (Sim): 0.168179
    Loss: 5.1715 | Epoch: 1850
    Eq omega: -0.000141 + -0.00053theta + 0.00029omega + 0.00007theta^2 + -0.00044theta omega + 0.00023omega^2
    Eq omega Phys: 8.0e-5*omega**2 - 5.0e-6*omega*theta + 6.6e-5*omega - 1.0e-6*theta + 9.0e-6

--- Chunk 15466 (67/220) | Start: 2024-10-09 14:35:00 ---
    RMSE omega (GP): 0.035615 | RMSE omega (Sim): 0.069514
    Loss: -60290.4531 | Epoch: 1655
    Eq omega: 0.003441 + 0.00010theta + 0.00075omega + 0.00001theta^2 + -0.00026theta omega + 0.00069omega^2
    Eq omega Phys: 0.00036*omega**2 - 5.0e-6*omega*theta + 8.6e-5*omega + 7.0e-6

--- Chunk 15467 (68/220) | Start: 2024-10-09 14:40:00 ---
    RMSE omega (GP): 0.022424 | RMSE omega (Sim): 0.136914
    Loss: 8.1951 | Epoch: 1781
    Eq omega: 0.009861 + -0.04320theta + 0.00012omega + 0.00126theta^2 + 0.00205theta omega + -0.00346omega^2
    Eq omega Phys: -0.001094*omega**2 + 2.2e-5*omega*theta - 0.000207*omega - 5.7e-5*theta + 0.000547

--- Chunk 15468 (69/220) | Start: 2024-10-09 14:45:00 ---
    RMSE omega (GP): 0.011566 | RMSE omega (Sim): 0.165349
    Loss: 0.2477 | Epoch: 1168
    Eq omega: 0.003181 + 0.00029theta + -0.00081omega + -0.00005theta^2 + -0.00027theta omega + 0.00234omega^2
    Eq omega Phys: 0.000596*omega**2 - 2.0e-6*omega*theta + 1.0e-5*omega + 1.0e-6*theta + 5.0e-6

--- Chunk 15469 (70/220) | Start: 2024-10-09 14:50:00 ---
    RMSE omega (GP): 0.012040 | RMSE omega (Sim): 0.075738
    Loss: 5.7223 | Epoch: 1102
    Eq omega: -0.000851 + -0.34107theta + 0.02353omega + -0.00436theta^2 + 0.01247theta omega + -0.00750omega^2
    Eq omega Phys: -0.00275*omega**2 + 0.000152*omega*theta + 0.001082*omega - 2.0e-6*theta**2 - 0.000386*theta - 0.000749

--- Chunk 15470 (71/220) | Start: 2024-10-09 14:55:00 ---
    RMSE omega (GP): 0.010415 | RMSE omega (Sim): 0.147488
    Loss: 6.4527 | Epoch: 964
    Eq omega: 0.002711 + -0.00028theta + 0.00420omega + 0.00034theta^2 + -0.00108theta omega + 0.00145omega^2
    Eq omega Phys: 0.000616*omega**2 - 1.5e-5*omega*theta + 0.000328*omega - 4.0e-6*theta + 3.5e-5

--- Chunk 15471 (72/220) | Start: 2024-10-09 15:00:00 ---
    RMSE omega (GP): 0.009520 | RMSE omega (Sim): 0.112629
    Loss: 0.6601 | Epoch: 1907
    Eq omega: -0.000641 + -0.00152theta + -0.00070omega + -0.00068theta^2 + -0.00249theta omega + -0.00028omega^2
    Eq omega Phys: -8.4e-5*omega**2 - 2.5e-5*omega*theta - 0.0001*omega - 3.0e-6*theta - 1.0e-5

--- Chunk 15472 (73/220) | Start: 2024-10-09 15:05:00 ---
    RMSE omega (GP): 0.014030 | RMSE omega (Sim): 0.075634
    Loss: 20.5203 | Epoch: 1303
    Eq omega: 0.003621 + 0.00054theta + 0.00393omega + -0.00020theta^2 + 0.00105theta omega + 0.00314omega^2
    Eq omega Phys: 0.00159*omega**2 + 1.8e-5*omega*theta - 3.7e-5*omega + 3.0e-6*theta - 8.0e-6

--- Chunk 15473 (74/220) | Start: 2024-10-09 15:10:00 ---
    RMSE omega (GP): 0.012393 | RMSE omega (Sim): 0.097728
    Loss: 5.3328 | Epoch: 1836
    Eq omega: 0.000351 + -0.00360theta + 0.00036omega + -0.00007theta^2 + -0.00048theta omega + 0.00228omega^2
    Eq omega Phys: 0.000782*omega**2 - 5.0e-6*omega*theta + 8.6e-5*omega - 3.0e-6*theta + 5.0e-5

--- Chunk 15474 (75/220) | Start: 2024-10-09 15:15:00 ---
    RMSE omega (GP): 0.009524 | RMSE omega (Sim): 0.135668
    Loss: 0.8405 | Epoch: 1314
    Eq omega: -0.007841 + -0.32816theta + 0.00372omega + -0.00007theta^2 + 0.00080theta omega + 0.00656omega^2
    Eq omega Phys: 0.002037*omega**2 + 8.0e-6*omega*theta + 0.000179*omega - 0.000365*theta - 0.002441

--- Chunk 15475 (76/220) | Start: 2024-10-09 15:20:00 ---
    RMSE omega (GP): 0.015015 | RMSE omega (Sim): 0.126917
    Loss: 4.3374 | Epoch: 1054
    Eq omega: -0.004801 + -0.00407theta + -0.00182omega + 0.00105theta^2 + -0.00245theta omega + 0.00113omega^2
    Eq omega Phys: 0.000312*omega**2 - 2.3e-5*omega*theta - 0.000114*omega - 3.0e-6*theta - 2.8e-5

--- Chunk 15476 (77/220) | Start: 2024-10-09 15:25:00 ---
    RMSE omega (GP): nan | RMSE omega (Sim): nan
    Loss: 149.9731 | Epoch: 23
    Eq omega: nan1 + nantheta + nanomega + nantheta^2 + nantheta omega + nanomega^2
    Eq omega Phys: N/A

--- Chunk 15477 (78/220) | Start: 2024-10-09 15:30:00 ---
    RMSE omega (GP): 0.057245 | RMSE omega (Sim): 0.348555
    Loss: 321.8920 | Epoch: 43
    Eq omega: 0.001141 + -0.00605theta + -0.00058omega + -0.00120theta^2 + -0.00423theta omega + -0.00012omega^2
    Eq omega Phys: -4.9e-5*omega**2 - 5.7e-5*omega*theta + 0.000722*omega - 0.e-6*theta**2 + 7.0e-6*theta - 0.e-6

--- Chunk 15478 (79/220) | Start: 2024-10-09 15:35:00 ---
    RMSE omega (GP): 0.015264 | RMSE omega (Sim): 0.109980
    Loss: 9.1967 | Epoch: 916
    Eq omega: 0.000841 + -0.40593theta + -0.03128omega + 0.00149theta^2 + -0.00437theta omega + 0.02332omega^2
    Eq omega Phys: 0.008045*omega**2 - 5.0e-5*omega*theta - 0.001438*omega + 1.0e-6*theta**2 - 0.000442*theta - 0.003511

--- Chunk 15479 (80/220) | Start: 2024-10-09 15:40:00 ---
    RMSE omega (GP): 0.023939 | RMSE omega (Sim): 0.115526
    Loss: 42.7270 | Epoch: 393
    Eq omega: 0.001681 + -0.00003theta + 0.00693omega + -0.00083theta^2 + -0.00135theta omega + -0.00082omega^2
    Eq omega Phys: -0.000316*omega**2 - 1.7e-5*omega*theta + 9.8e-5*omega - 5.0e-6*theta - 1.6e-5

--- Chunk 15480 (81/220) | Start: 2024-10-09 15:45:00 ---
    RMSE omega (GP): 0.010939 | RMSE omega (Sim): 0.152780
    Loss: 3.9384 | Epoch: 1318
    Eq omega: 0.000981 + -0.00234theta + 0.00058omega + 0.00055theta^2 + -0.00001theta omega + -0.00095omega^2
    Eq omega Phys: -0.000333*omega**2 + 1.8e-5*omega + 2.0e-6*theta - 1.0e-6

--- Chunk 15481 (82/220) | Start: 2024-10-09 15:50:00 ---
    RMSE omega (GP): 0.013165 | RMSE omega (Sim): 0.125599
    Loss: 2.9601 | Epoch: 708
    Eq omega: -0.032171 + -1.20341theta + -0.01791omega + 0.24509theta^2 + 0.01145theta omega + -0.00537omega^2
    Eq omega Phys: -0.001537*omega**2 + 0.000109*omega*theta - 6.4e-5*omega + 7.8e-5*theta**2 - 0.000576*theta - 0.004794

--- Chunk 15482 (83/220) | Start: 2024-10-09 15:55:00 ---
    RMSE omega (GP): 0.012439 | RMSE omega (Sim): 0.153289
    Loss: 4.6051 | Epoch: 1842
    Eq omega: 0.005191 + -0.41303theta + 0.00209omega + -0.00245theta^2 + -0.00151theta omega + 0.00472omega^2
    Eq omega Phys: 0.001569*omega**2 - 1.7e-5*omega*theta - 0.e-6*omega - 0.e-6*theta**2 - 0.000467*theta - 0.001925

--- Chunk 15483 (84/220) | Start: 2024-10-09 16:00:00 ---
    RMSE omega (GP): 0.014333 | RMSE omega (Sim): 0.119331
    Loss: 10.2367 | Epoch: 887
    Eq omega: -0.002971 + 0.00027theta + -0.00203omega + -0.00346theta^2 + -0.00381theta omega + 0.00621omega^2
    Eq omega Phys: 0.002317*omega**2 - 4.7e-5*omega*theta - 8.0e-6*omega - 1.0e-6*theta**2 + 4.0e-6*theta - 1.2e-5

--- Chunk 15484 (85/220) | Start: 2024-10-09 16:05:00 ---
    RMSE omega (GP): 0.014589 | RMSE omega (Sim): 0.110850
    Loss: 8.5384 | Epoch: 1462
    Eq omega: 0.013781 + -0.00105theta + -0.00161omega + -0.00009theta^2 + 0.00441theta omega + 0.00610omega^2
    Eq omega Phys: 0.002114*omega**2 + 5.1e-5*omega*theta + 0.00041*omega - 2.0e-6*theta + 3.1e-5

--- Chunk 15485 (86/220) | Start: 2024-10-09 16:10:00 ---
    RMSE omega (GP): 0.011585 | RMSE omega (Sim): 0.161224
    Loss: 6.0223 | Epoch: 972
    Eq omega: -0.000171 + 0.00128theta + -0.00026omega + -0.00018theta^2 + -0.00031theta omega + -0.00078omega^2
    Eq omega Phys: -0.000295*omega**2 - 4.0e-6*omega*theta + 3.1e-5*omega + 3.0e-6*theta - 2.3e-5

--- Chunk 15486 (87/220) | Start: 2024-10-09 16:15:00 ---
    RMSE omega (GP): nan | RMSE omega (Sim): nan
    Loss: -1052546129273926770218762240.0000 | Epoch: 516
    Eq omega: nan1 + nantheta + nanomega + nantheta^2 + nantheta omega + nanomega^2
    Eq omega Phys: N/A

--- Chunk 15487 (88/220) | Start: 2024-10-09 16:20:00 ---
    RMSE omega (GP): 0.013449 | RMSE omega (Sim): 0.121453
    Loss: 4.4985 | Epoch: 1313
    Eq omega: 0.030251 + -2.04030theta + -0.02807omega + 0.42433theta^2 + -0.10206theta omega + -0.30166omega^2
    Eq omega Phys: -0.091695*omega**2 - 0.001034*omega*theta + 0.002514*omega + 0.000143*theta**2 - 0.003223*theta + 0.009269

--- Chunk 15488 (89/220) | Start: 2024-10-09 16:25:00 ---
    RMSE omega (GP): 0.012825 | RMSE omega (Sim): 0.099778
    Loss: 7.1632 | Epoch: 1275
    Eq omega: 0.000251 + 0.00028theta + 0.00001omega + -0.00108theta^2 + -0.00499theta omega + 0.00154omega^2
    Eq omega Phys: 0.000567*omega**2 - 6.1e-5*omega*theta - 0.000352*omega - 5.0e-6*theta - 1.2e-5

--- Chunk 15489 (90/220) | Start: 2024-10-09 16:30:00 ---
    RMSE omega (GP): 0.014179 | RMSE omega (Sim): 0.148342
    Loss: 4.8571 | Epoch: 2447
    Eq omega: -0.015761 + -1.02660theta + 0.00499omega + 0.29939theta^2 + 0.01446theta omega + -0.00646omega^2
    Eq omega Phys: -0.001954*omega**2 + 0.000146*omega*theta + 0.001101*omega + 0.000101*theta**2 + 0.000149*theta - 0.003236

--- Chunk 15490 (91/220) | Start: 2024-10-09 16:35:00 ---
    RMSE omega (GP): 0.012300 | RMSE omega (Sim): 0.099144
    Loss: 7.0392 | Epoch: 1301
    Eq omega: -0.000771 + -0.02234theta + -0.00382omega + 0.00213theta^2 + 0.00274theta omega + -0.00130omega^2
    Eq omega Phys: -0.000496*omega**2 + 3.5e-5*omega*theta - 0.000237*omega + 1.0e-6*theta**2 - 3.1e-5*theta + 8.5e-5

--- Chunk 15491 (92/220) | Start: 2024-10-09 16:40:00 ---
    RMSE omega (GP): 0.036533 | RMSE omega (Sim): 0.140508
    Loss: 87.5842 | Epoch: 781
    Eq omega: 0.003121 + -0.00819theta + 0.00669omega + -0.00015theta^2 + 0.00536theta omega + 0.00047omega^2
    Eq omega Phys: 0.00014*omega**2 + 5.3e-5*omega*theta + 0.001294*omega - 1.1e-5*theta - 0.000191

--- Chunk 15492 (93/220) | Start: 2024-10-09 16:45:00 ---
    RMSE omega (GP): 0.015125 | RMSE omega (Sim): 0.245770
    Loss: 1.4162 | Epoch: 1164
    Eq omega: -0.006811 + -0.17369theta + 0.01254omega + -0.00292theta^2 + 0.00164theta omega + -0.00222omega^2
    Eq omega Phys: -0.000499*omega**2 + 1.2e-5*omega*theta + 0.000386*omega - 0.e-6*theta**2 - 0.000189*theta + 0.000469

--- Chunk 15493 (94/220) | Start: 2024-10-09 16:50:00 ---
    RMSE omega (GP): 0.012944 | RMSE omega (Sim): 0.141962
    Loss: 4.0654 | Epoch: 898
    Eq omega: 0.000021 + -0.01045theta + -0.00279omega + 0.00086theta^2 + 0.00075theta omega + 0.00239omega^2
    Eq omega Phys: 0.000735*omega**2 + 8.0e-6*omega*theta - 2.2e-5*omega - 6.0e-6*theta - 8.2e-5

--- Chunk 15494 (95/220) | Start: 2024-10-09 16:55:00 ---
    RMSE omega (GP): 0.013140 | RMSE omega (Sim): 0.130322
    Loss: 3.8807 | Epoch: 1272
    Eq omega: 0.000801 + 0.00073theta + 0.00156omega + 0.00109theta^2 + -0.01089theta omega + -0.00023omega^2
    Eq omega Phys: -6.9e-5*omega**2 - 0.000108*omega*theta + 0.000437*omega - 2.0e-6*theta + 5.0e-6

--- Chunk 15495 (96/220) | Start: 2024-10-09 17:00:00 ---
    RMSE omega (GP): 0.057399 | RMSE omega (Sim): 0.161940
    Loss: 210.7281 | Epoch: 63
    Eq omega: -0.000891 + -0.00162theta + 0.00213omega + -0.00076theta^2 + -0.00408theta omega + -0.00108omega^2
    Eq omega Phys: -0.000393*omega**2 - 5.0e-5*omega*theta + 0.000428*omega + 3.0e-6*theta - 6.0e-6

--- Chunk 15496 (97/220) | Start: 2024-10-09 17:05:00 ---
    RMSE omega (GP): 0.024336 | RMSE omega (Sim): 0.106174
    Loss: 6.4001 | Epoch: 185
    Eq omega: 0.004281 + -0.38781theta + 0.00662omega + -0.06214theta^2 + -0.00148theta omega + 0.00581omega^2
    Eq omega Phys: 0.001098*omega**2 - 9.0e-6*omega*theta + 0.000268*omega - 1.3e-5*theta**2 - 0.000298*theta + 0.001886

--- Chunk 15497 (98/220) | Start: 2024-10-09 17:10:00 ---
    RMSE omega (GP): nan | RMSE omega (Sim): nan
    Loss: 48.8734 | Epoch: 36
    Eq omega: nan1 + nantheta + nanomega + nantheta^2 + nantheta omega + nanomega^2
    Eq omega Phys: N/A

--- Chunk 15498 (99/220) | Start: 2024-10-09 17:15:00 ---
    RMSE omega (GP): 0.014060 | RMSE omega (Sim): 0.178198
    Loss: 4.2451 | Epoch: 1358
    Eq omega: 0.015521 + -0.45404theta + 0.00537omega + -0.00276theta^2 + -0.00123theta omega + -0.01047omega^2
    Eq omega Phys: -0.00313*omega**2 - 1.2e-5*omega*theta + 0.000201*omega - 0.e-6*theta**2 - 0.000501*theta + 0.000944

--- Chunk 15499 (100/220) | Start: 2024-10-09 17:20:00 ---
    RMSE omega (GP): 0.013339 | RMSE omega (Sim): 0.077611
    Loss: 20.0997 | Epoch: 1477
    Eq omega: 0.008841 + -0.00007theta + -0.00232omega + -0.00005theta^2 + -0.00008theta omega + -0.00005omega^2
    Eq omega Phys: -2.6e-5*omega**2 - 1.0e-6*omega*theta - 4.9e-5*omega + 1.0e-6*theta + 9.0e-6

  [Progress 100/220] Mean RMSE omega (GP): 0.017711 | (Sim): 0.124919 | Mean loss: -10525461292739268131684352.0000 | Valid GP: 78/100 | Valid Sim: 75/100 | Elapsed: 30.5min | ETA: 36.5min

--- Chunk 15500 (101/220) | Start: 2024-10-09 17:25:00 ---
    RMSE omega (GP): nan | RMSE omega (Sim): nan
    Loss: 46.7042 | Epoch: 76
    Eq omega: nan1 + nantheta + nanomega + nantheta^2 + nantheta omega + nanomega^2
    Eq omega Phys: N/A

--- Chunk 15501 (102/220) | Start: 2024-10-09 17:30:00 ---
    RMSE omega (GP): 0.011641 | RMSE omega (Sim): 0.078033
    Loss: 5.6687 | Epoch: 699
    Eq omega: 0.003561 + -0.67740theta + -0.00890omega + -0.00998theta^2 + -0.00730theta omega + 0.00341omega^2
    Eq omega Phys: 0.001268*omega**2 - 9.1e-5*omega*theta - 0.00041*omega - 4.0e-6*theta**2 - 0.000763*theta - 0.000942

--- Chunk 15502 (103/220) | Start: 2024-10-09 17:35:00 ---
    RMSE omega (GP): 0.011861 | RMSE omega (Sim): 0.121487
    Loss: 2.8788 | Epoch: 1615
    Eq omega: 0.002091 + 0.00097theta + 0.00043omega + 0.00026theta^2 + 0.00452theta omega + 0.00021omega^2
    Eq omega Phys: 6.6e-5*omega**2 + 4.7e-5*omega*theta + 0.00064*omega + 3.0e-6*theta + 3.8e-5

--- Chunk 15503 (104/220) | Start: 2024-10-09 17:40:00 ---
    RMSE omega (GP): 0.012269 | RMSE omega (Sim): 0.124226
    Loss: 8.5711 | Epoch: 1255
    Eq omega: 0.004651 + -0.00019theta + -0.00167omega + -0.00022theta^2 + -0.00049theta omega + 0.00102omega^2
    Eq omega Phys: 0.000407*omega**2 - 7.0e-6*omega*theta + 1.7e-5*omega + 2.0e-6*theta + 3.0e-6

--- Chunk 15504 (105/220) | Start: 2024-10-09 17:45:00 ---
    RMSE omega (GP): 0.014131 | RMSE omega (Sim): 0.085447
    Loss: 12.2420 | Epoch: 1829
    Eq omega: 0.000871 + -0.00012theta + -0.00069omega + 0.00004theta^2 + -0.00002theta omega + -0.00056omega^2
    Eq omega Phys: -0.000221*omega**2 - 1.9e-5*omega - 0.e-6*theta + 8.0e-6

--- Chunk 15505 (106/220) | Start: 2024-10-09 17:50:00 ---
    RMSE omega (GP): 0.010425 | RMSE omega (Sim): 0.119993
    Loss: 3.2769 | Epoch: 2204
    Eq omega: -0.000331 + -0.00030theta + 0.00200omega + 0.00024theta^2 + -0.00015theta omega + 0.00237omega^2
    Eq omega Phys: 0.000851*omega**2 - 2.0e-6*omega*theta + 9.4e-5*omega - 3.0e-6*theta + 2.7e-5

--- Chunk 15506 (107/220) | Start: 2024-10-09 17:55:00 ---
    RMSE omega (GP): 0.013649 | RMSE omega (Sim): 0.104929
    Loss: 8.8959 | Epoch: 1363
    Eq omega: -0.005711 + -0.00907theta + -0.01019omega + 0.00350theta^2 + 0.00288theta omega + -0.00094omega^2
    Eq omega Phys: -0.000351*omega**2 + 3.6e-5*omega*theta - 0.000256*omega + 1.0e-6*theta**2 - 3.0e-6*theta - 3.3e-5

--- Chunk 15507 (108/220) | Start: 2024-10-09 18:00:00 ---
    RMSE omega (GP): 0.015478 | RMSE omega (Sim): 0.110029
    Loss: 11.9867 | Epoch: 1170
    Eq omega: 0.000021 + 0.00107theta + -0.00305omega + -0.00219theta^2 + -0.00288theta omega + -0.00318omega^2
    Eq omega Phys: -0.001168*omega**2 - 3.5e-5*omega*theta + 9.6e-5*omega - 0.e-6*theta**2 + 1.1e-5*theta - 3.5e-5

--- Chunk 15508 (109/220) | Start: 2024-10-09 18:05:00 ---
    RMSE omega (GP): 0.011611 | RMSE omega (Sim): nan
    Loss: 3.4024 | Epoch: 1142
    Eq omega: 0.004761 + -0.79333theta + 0.08410omega + 0.39304theta^2 + -0.02155theta omega + -0.08113omega^2
    Eq omega Phys: -0.027124*omega**2 - 0.00024*omega*theta + 0.003525*omega + 0.000146*theta**2 - 0.001759*theta + 0.003986

--- Chunk 15509 (110/220) | Start: 2024-10-09 18:10:00 ---
    RMSE omega (GP): 0.012439 | RMSE omega (Sim): 0.182435
    Loss: 7.9742 | Epoch: 1241
    Eq omega: 0.004371 + 0.00220theta + 0.00223omega + 0.00103theta^2 + 0.00051theta omega + -0.00023omega^2
    Eq omega Phys: -9.1e-5*omega**2 + 7.0e-6*omega*theta + 4.8e-5*omega - 1.0e-6*theta + 1.0e-5

--- Chunk 15510 (111/220) | Start: 2024-10-09 18:15:00 ---
    RMSE omega (GP): 0.012771 | RMSE omega (Sim): 0.143645
    Loss: 11.5547 | Epoch: 1284
    Eq omega: -0.004251 + -0.07381theta + -0.00284omega + -0.00209theta^2 + 0.00621theta omega + -0.00447omega^2
    Eq omega Phys: -0.001983*omega**2 + 9.2e-5*omega*theta - 0.000217*omega - 1.0e-6*theta**2 - 7.9e-5*theta + 9.7e-5

--- Chunk 15511 (112/220) | Start: 2024-10-09 18:20:00 ---
    RMSE omega (GP): 0.014731 | RMSE omega (Sim): 0.134907
    Loss: 12.9677 | Epoch: 905
    Eq omega: -0.000311 + 0.00012theta + 0.00282omega + -0.00021theta^2 + 0.00009theta omega + 0.00009omega^2
    Eq omega Phys: 3.6e-5*omega**2 + 1.0e-6*omega*theta + 7.7e-5*omega + 3.0e-6*theta - 2.2e-5

--- Chunk 15512 (113/220) | Start: 2024-10-09 18:25:00 ---
    RMSE omega (GP): 0.021071 | RMSE omega (Sim): 0.099813
    Loss: 11.2184 | Epoch: 102
    Eq omega: -0.008511 + -0.24887theta + 0.00129omega + -0.09265theta^2 + 0.00081theta omega + -0.00172omega^2
    Eq omega Phys: -0.000438*omega**2 + 7.0e-6*omega*theta - 1.1e-5*omega - 2.6e-5*theta**2 + 0.000133*theta + 0.000522

--- Chunk 15513 (114/220) | Start: 2024-10-09 18:30:00 ---
    RMSE omega (GP): nan | RMSE omega (Sim): nan
    Loss: 38.3693 | Epoch: 74
    Eq omega: nan1 + nantheta + nanomega + nantheta^2 + nantheta omega + nanomega^2
    Eq omega Phys: N/A

--- Chunk 15514 (115/220) | Start: 2024-10-09 18:35:00 ---
    RMSE omega (GP): 0.044099 | RMSE omega (Sim): 0.147462
    Loss: 82.0487 | Epoch: 116
    Eq omega: -0.013251 + -0.01927theta + -0.00319omega + -0.00029theta^2 + -0.00032theta omega + -0.00412omega^2
    Eq omega Phys: -0.001147*omega**2 - 3.0e-6*omega*theta - 4.7e-5*omega - 1.8e-5*theta + 0.000337

--- Chunk 15515 (116/220) | Start: 2024-10-09 18:40:00 ---
    RMSE omega (GP): 0.044630 | RMSE omega (Sim): 0.170708
    Loss: 124.5439 | Epoch: 349
    Eq omega: 0.002051 + -0.01533theta + -0.00104omega + 0.00436theta^2 + 0.00206theta omega + -0.00064omega^2
    Eq omega Phys: -0.000209*omega**2 + 2.2e-5*omega*theta - 0.000251*omega + 2.0e-6*theta**2 - 4.7e-5*theta + 0.000317

--- Chunk 15516 (117/220) | Start: 2024-10-09 18:45:00 ---
    RMSE omega (GP): 0.041477 | RMSE omega (Sim): 0.091387
    Loss: 133.7410 | Epoch: 31
    Eq omega: 0.000481 + -0.02150theta + -0.00339omega + 0.01386theta^2 + 0.00342theta omega + 0.00423omega^2
    Eq omega Phys: 0.001637*omega**2 + 4.4e-5*omega*theta - 0.000169*omega + 6.0e-6*theta**2 - 3.9e-5*theta + 4.2e-5

--- Chunk 15517 (118/220) | Start: 2024-10-09 18:50:00 ---
    RMSE omega (GP): 0.012563 | RMSE omega (Sim): 0.073754
    Loss: 14.3078 | Epoch: 1479
    Eq omega: -0.000111 + -0.06402theta + 0.00185omega + 0.00025theta^2 + 0.00085theta omega + -0.00274omega^2
    Eq omega Phys: -0.001333*omega**2 + 1.4e-5*omega*theta + 0.000234*omega - 6.8e-5*theta - 0.000869

--- Chunk 15518 (119/220) | Start: 2024-10-09 18:55:00 ---
    RMSE omega (GP): 0.013346 | RMSE omega (Sim): 0.098313
    Loss: 6.4045 | Epoch: 2420
    Eq omega: -0.001961 + -0.00119theta + -0.00229omega + -0.00033theta^2 + -0.00101theta omega + -0.00046omega^2
    Eq omega Phys: -0.000158*omega**2 - 1.2e-5*omega*theta + 0.000101*omega + 3.0e-6*theta - 1.6e-5

--- Chunk 15519 (120/220) | Start: 2024-10-09 19:00:00 ---
    RMSE omega (GP): 0.011592 | RMSE omega (Sim): 0.158633
    Loss: 2.2319 | Epoch: 942
    Eq omega: 0.000651 + -0.41515theta + -0.16834omega + -0.00925theta^2 + 0.00167theta omega + 0.00522omega^2
    Eq omega Phys: 0.001562*omega**2 + 1.7e-5*omega*theta - 0.005352*omega - 3.0e-6*theta**2 - 0.000557*theta - 0.00793

--- Chunk 15520 (121/220) | Start: 2024-10-09 19:05:00 ---
    RMSE omega (GP): 0.011942 | RMSE omega (Sim): 0.080668
    Loss: 8.0551 | Epoch: 1630
    Eq omega: 0.001331 + -0.09426theta + -0.00371omega + -0.01097theta^2 + 0.00058theta omega + 0.00295omega^2
    Eq omega Phys: 0.001199*omega**2 + 8.0e-6*omega*theta - 0.000127*omega - 5.0e-6*theta**2 - 0.0001*theta + 5.2e-5

--- Chunk 15521 (122/220) | Start: 2024-10-09 19:10:00 ---
    RMSE omega (GP): 0.016167 | RMSE omega (Sim): 0.117395
    Loss: 15.1137 | Epoch: 1141
    Eq omega: -0.012301 + -0.95169theta + -0.01838omega + -0.00133theta^2 + -0.05584theta omega + 0.00568omega^2
    Eq omega Phys: 0.002226*omega**2 - 0.00073*omega*theta - 0.00091*omega - 0.e-6*theta**2 - 0.001058*theta - 0.000465

--- Chunk 15522 (123/220) | Start: 2024-10-09 19:15:00 ---
    RMSE omega (GP): nan | RMSE omega (Sim): nan
    Loss: 30.4160 | Epoch: 62
    Eq omega: nan1 + nantheta + nanomega + nantheta^2 + nantheta omega + nanomega^2
    Eq omega Phys: N/A

--- Chunk 15523 (124/220) | Start: 2024-10-09 19:20:00 ---
    RMSE omega (GP): 0.012294 | RMSE omega (Sim): 0.143332
    Loss: 9.7775 | Epoch: 1104
    Eq omega: -0.001111 + -0.79200theta + -0.00072omega + -0.00592theta^2 + 0.02658theta omega + 0.00174omega^2
    Eq omega Phys: 0.000745*omega**2 + 0.00038*omega*theta - 0.002063*omega - 3.0e-6*theta**2 - 0.00085*theta + 0.004644

--- Chunk 15524 (125/220) | Start: 2024-10-09 19:25:00 ---
    RMSE omega (GP): 0.013546 | RMSE omega (Sim): 0.087610
    Loss: 9.6709 | Epoch: 1277
    Eq omega: -0.003201 + -0.00023theta + 0.00274omega + 0.00008theta^2 + -0.00087theta omega + 0.00383omega^2
    Eq omega Phys: 0.001474*omega**2 - 1.1e-5*omega*theta + 0.000173*omega - 0.e-6*theta - 6.0e-6

--- Chunk 15525 (126/220) | Start: 2024-10-09 19:30:00 ---
    RMSE omega (GP): 0.014056 | RMSE omega (Sim): 0.107078
    Loss: 6.2031 | Epoch: 1765
    Eq omega: -0.001151 + -0.10548theta + -0.00372omega + 0.00240theta^2 + -0.00382theta omega + -0.00492omega^2
    Eq omega Phys: -0.001638*omega**2 - 4.2e-5*omega*theta - 0.000152*omega + 1.0e-6*theta**2 - 0.000116*theta - 8.1e-5

--- Chunk 15526 (127/220) | Start: 2024-10-09 19:35:00 ---
    RMSE omega (GP): 0.030547 | RMSE omega (Sim): 0.134846
    Loss: 33.0472 | Epoch: 377
    Eq omega: 0.000041 + -0.00289theta + -0.00310omega + -0.00381theta^2 + -0.00329theta omega + 0.00150omega^2
    Eq omega Phys: 0.000426*omega**2 - 3.1e-5*omega*theta - 0.000191*omega - 1.0e-6*theta**2 - 1.0e-5*theta - 1.8e-5

--- Chunk 15527 (128/220) | Start: 2024-10-09 19:40:00 ---
    RMSE omega (GP): 0.020608 | RMSE omega (Sim): 0.172495
    Loss: 16.5317 | Epoch: 362
    Eq omega: 0.006941 + -0.35113theta + -0.00145omega + 0.00786theta^2 + -0.03402theta omega + -0.00810omega^2
    Eq omega Phys: -0.002592*omega**2 - 0.000363*omega*theta + 0.000924*omega + 3.0e-6*theta**2 - 0.000405*theta + 0.001089

--- Chunk 15528 (129/220) | Start: 2024-10-09 19:45:00 ---
    RMSE omega (GP): 0.015632 | RMSE omega (Sim): 0.102082
    Loss: 10.1378 | Epoch: 1494
    Eq omega: 0.000391 + -0.03554theta + 0.00549omega + 0.00067theta^2 + 0.00127theta omega + 0.00881omega^2
    Eq omega Phys: 0.003029*omega**2 + 1.5e-5*omega*theta + 0.000248*omega - 3.7e-5*theta - 0.000171

--- Chunk 15529 (130/220) | Start: 2024-10-09 19:50:00 ---
    RMSE omega (GP): 0.010102 | RMSE omega (Sim): 0.106938
    Loss: 3.3452 | Epoch: 1537
    Eq omega: -0.002841 + -0.02930theta + -0.00124omega + -0.00322theta^2 + -0.00247theta omega + -0.00849omega^2
    Eq omega Phys: -0.003056*omega**2 - 3.0e-5*omega*theta + 3.7e-5*omega - 1.0e-6*theta**2 - 2.6e-5*theta + 6.9e-5

--- Chunk 15530 (131/220) | Start: 2024-10-09 19:55:00 ---
    RMSE omega (GP): 0.013724 | RMSE omega (Sim): 0.106018
    Loss: 10.1492 | Epoch: 1817
    Eq omega: 0.007141 + -0.00096theta + -0.00190omega + 0.00016theta^2 + 0.00008theta omega + 0.00068omega^2
    Eq omega Phys: 0.00027*omega**2 + 1.0e-6*omega*theta - 7.3e-5*omega - 2.0e-6*theta + 3.7e-5

--- Chunk 15531 (132/220) | Start: 2024-10-09 20:00:00 ---
    RMSE omega (GP): 0.013135 | RMSE omega (Sim): 0.065562
    Loss: 9.0432 | Epoch: 1366
    Eq omega: 0.002621 + -0.10553theta + 0.00039omega + -0.00035theta^2 + -0.00067theta omega + -0.00276omega^2
    Eq omega Phys: -0.001068*omega**2 - 9.0e-6*omega*theta - 6.3e-5*omega - 0.00012*theta - 0.001033

--- Chunk 15532 (133/220) | Start: 2024-10-09 20:05:00 ---
    RMSE omega (GP): 0.009824 | RMSE omega (Sim): 0.083788
    Loss: 4.5746 | Epoch: 1968
    Eq omega: -0.000351 + -0.00157theta + -0.00073omega + 0.00031theta^2 + -0.00125theta omega + -0.00054omega^2
    Eq omega Phys: -0.000221*omega**2 - 1.7e-5*omega*theta + 0.000155*omega - 5.0e-6*theta + 3.3e-5

--- Chunk 15533 (134/220) | Start: 2024-10-09 20:10:00 ---
    RMSE omega (GP): 0.014726 | RMSE omega (Sim): 0.112234
    Loss: 11.4394 | Epoch: 1110
    Eq omega: -0.052131 + 0.00093theta + 0.00707omega + 0.00302theta^2 + 0.00191theta omega + -0.01251omega^2
    Eq omega Phys: -0.004815*omega**2 + 2.5e-5*omega*theta + 3.7e-5*omega + 1.0e-6*theta**2 - 2.0e-5*theta - 7.4e-5

--- Chunk 15534 (135/220) | Start: 2024-10-09 20:15:00 ---
    RMSE omega (GP): 0.012478 | RMSE omega (Sim): 0.140519
    Loss: 2.7909 | Epoch: 767
    Eq omega: -0.002221 + -0.31656theta + -0.00794omega + 0.00307theta^2 + 0.00737theta omega + -0.02403omega^2
    Eq omega Phys: -0.006969*omega**2 + 7.1e-5*omega*theta - 0.000433*omega + 1.0e-6*theta**2 - 0.000356*theta + 0.000829

--- Chunk 15535 (136/220) | Start: 2024-10-09 20:20:00 ---
    RMSE omega (GP): 0.010170 | RMSE omega (Sim): 0.091103
    Loss: 1.6014 | Epoch: 1353
    Eq omega: -0.022161 + -0.52054theta + -0.03573omega + 0.48680theta^2 + -0.10546theta omega + -0.04912omega^2
    Eq omega Phys: -0.016142*omega**2 - 0.001155*omega*theta - 0.010283*omega + 0.000178*theta**2 + 0.00222*theta + 0.006384

--- Chunk 15536 (137/220) | Start: 2024-10-09 20:25:00 ---
    RMSE omega (GP): 0.013491 | RMSE omega (Sim): 0.082129
    Loss: 7.4515 | Epoch: 816
    Eq omega: -0.005261 + -0.59311theta + -0.00113omega + 0.04850theta^2 + 0.00052theta omega + -0.00936omega^2
    Eq omega Phys: -0.003357*omega**2 + 6.0e-6*omega*theta - 2.6e-5*omega + 1.9e-5*theta**2 - 0.000585*theta - 0.001201

--- Chunk 15537 (138/220) | Start: 2024-10-09 20:30:00 ---
    RMSE omega (GP): nan | RMSE omega (Sim): nan
    Loss: 1787.9989 | Epoch: 37
    Eq omega: nan1 + nantheta + nanomega + nantheta^2 + nantheta omega + nanomega^2
    Eq omega Phys: N/A

--- Chunk 15538 (139/220) | Start: 2024-10-09 20:35:00 ---
    RMSE omega (GP): 0.013588 | RMSE omega (Sim): 0.178277
    Loss: 11.1334 | Epoch: 1556
    Eq omega: -0.007371 + -0.00164theta + 0.00401omega + 0.00046theta^2 + -0.00053theta omega + -0.00198omega^2
    Eq omega Phys: -0.000804*omega**2 - 7.0e-6*omega*theta + 0.000205*omega - 6.0e-6*theta + 1.9e-5

--- Chunk 15539 (140/220) | Start: 2024-10-09 20:40:00 ---
    RMSE omega (GP): 0.013859 | RMSE omega (Sim): 0.116071
    Loss: 13.0141 | Epoch: 957
    Eq omega: -0.160731 + -6.31388theta + -0.01543omega + 4.48873theta^2 + 0.03593theta omega + -0.24374omega^2
    Eq omega Phys: -0.104308*omega**2 + 0.000513*omega*theta + 0.000824*omega + 0.002134*theta**2 + 0.004132*theta - 0.004182

--- Chunk 15540 (141/220) | Start: 2024-10-09 20:45:00 ---
    RMSE omega (GP): 0.039039 | RMSE omega (Sim): 0.126511
    Loss: 62.5149 | Epoch: 396
    Eq omega: -0.035321 + -0.02856theta + -0.00167omega + -0.00023theta^2 + 0.00094theta omega + -0.00240omega^2
    Eq omega Phys: -0.000785*omega**2 + 1.0e-5*omega*theta - 2.1e-5*omega - 3.2e-5*theta - 0.000229

--- Chunk 15541 (142/220) | Start: 2024-10-09 20:50:00 ---
    RMSE omega (GP): 0.012821 | RMSE omega (Sim): 0.188286
    Loss: 0.8244 | Epoch: 2160
    Eq omega: 0.000841 + -0.00030theta + 0.00152omega + 0.00004theta^2 + -0.00017theta omega + -0.00011omega^2
    Eq omega Phys: -2.6e-5*omega**2 - 1.0e-6*omega*theta + 6.5e-5*omega - 0.e-6*theta + 9.0e-6

--- Chunk 15542 (143/220) | Start: 2024-10-09 20:55:00 ---
    RMSE omega (GP): 0.011157 | RMSE omega (Sim): 0.104161
    Loss: 5.2639 | Epoch: 1353
    Eq omega: 0.000421 + -0.00154theta + -0.00521omega + -0.00079theta^2 + 0.00015theta omega + -0.00315omega^2
    Eq omega Phys: -0.00117*omega**2 + 2.0e-6*omega*theta - 0.000197*omega + 6.0e-6*theta - 2.9e-5

--- Chunk 15543 (144/220) | Start: 2024-10-09 21:00:00 ---
    RMSE omega (GP): 0.014417 | RMSE omega (Sim): 0.201145
    Loss: 5.5877 | Epoch: 1366
    Eq omega: -0.001241 + -0.00139theta + -0.00136omega + -0.00064theta^2 + -0.00048theta omega + 0.00065omega^2
    Eq omega Phys: 0.000195*omega**2 - 5.0e-6*omega*theta - 7.7e-5*omega - 4.0e-6*theta - 2.4e-5

--- Chunk 15544 (145/220) | Start: 2024-10-09 21:05:00 ---
    RMSE omega (GP): 0.012469 | RMSE omega (Sim): 0.600820
    Loss: 6.1264 | Epoch: 897
    Eq omega: 0.007791 + -0.25613theta + 0.00122omega + 0.08736theta^2 + 0.00349theta omega + -0.11360omega^2
    Eq omega Phys: -0.040957*omega**2 + 4.2e-5*omega*theta - 0.000383*omega + 3.5e-5*theta**2 - 0.000992*theta + 0.006471

--- Chunk 15545 (146/220) | Start: 2024-10-09 21:10:00 ---
    RMSE omega (GP): 0.012831 | RMSE omega (Sim): 0.078710
    Loss: 11.1478 | Epoch: 1281
    Eq omega: -0.036951 + -1.10365theta + -0.01037omega + 0.35473theta^2 + 0.37296theta omega + -0.00233omega^2
    Eq omega Phys: -0.001018*omega**2 + 0.005432*omega*theta + 0.006967*omega + 0.000172*theta**2 - 0.000763*theta - 0.001433

--- Chunk 15546 (147/220) | Start: 2024-10-09 21:15:00 ---
    RMSE omega (GP): 0.013595 | RMSE omega (Sim): 0.127591
    Loss: 7.2659 | Epoch: 1420
    Eq omega: 0.002701 + -0.00020theta + 0.00118omega + 0.00007theta^2 + -0.00002theta omega + -0.00112omega^2
    Eq omega Phys: -0.000384*omega**2 + 4.2e-5*omega - 0.e-6*theta + 1.4e-5

--- Chunk 15547 (148/220) | Start: 2024-10-09 21:20:00 ---
    RMSE omega (GP): 0.013398 | RMSE omega (Sim): 0.236168
    Loss: 3.6133 | Epoch: 1293
    Eq omega: -0.011321 + -0.22347theta + -0.00678omega + 0.00475theta^2 + -0.00918theta omega + -0.00169omega^2
    Eq omega Phys: -0.00051*omega**2 - 9.2e-5*omega*theta + 0.000537*omega + 2.0e-6*theta**2 - 0.000275*theta + 0.002117

--- Chunk 15548 (149/220) | Start: 2024-10-09 21:25:00 ---
    RMSE omega (GP): 0.014318 | RMSE omega (Sim): 0.104435
    Loss: 7.8330 | Epoch: 1038
    Eq omega: 0.003161 + -0.43775theta + -0.00574omega + -0.00102theta^2 + 0.02415theta omega + -0.00648omega^2
    Eq omega Phys: -0.002163*omega**2 + 0.000269*omega*theta - 0.001771*omega - 0.000482*theta + 0.002857

--- Chunk 15549 (150/220) | Start: 2024-10-09 21:30:00 ---
    RMSE omega (GP): 0.015186 | RMSE omega (Sim): 0.138724
    Loss: 10.1249 | Epoch: 804
    Eq omega: 0.002961 + -1.26172theta + 0.01649omega + 0.00431theta^2 + 0.01555theta omega + 0.05529omega^2
    Eq omega Phys: 0.020233*omega**2 + 0.00019*omega*theta + 0.000607*omega + 2.0e-6*theta**2 - 0.001401*theta - 0.000414

  [Progress 150/220] Mean RMSE omega (GP): 0.017181 | (Sim): 0.127907 | Mean loss: -7016974195159512087789568.0000 | Valid GP: 124/150 | Valid Sim: 120/150 | Elapsed: 49.0min | ETA: 22.9min

--- Chunk 15550 (151/220) | Start: 2024-10-09 21:35:00 ---
    RMSE omega (GP): 0.011142 | RMSE omega (Sim): 0.103424
    Loss: 8.2682 | Epoch: 1083
    Eq omega: 0.001661 + -0.00039theta + -0.00081omega + -0.00002theta^2 + -0.00096theta omega + -0.00088omega^2
    Eq omega Phys: -0.000384*omega**2 - 1.4e-5*omega*theta + 5.0e-5*omega + 6.0e-6

--- Chunk 15551 (152/220) | Start: 2024-10-09 21:40:00 ---
    RMSE omega (GP): 0.010349 | RMSE omega (Sim): nan
    Loss: 2.5310 | Epoch: 1207
    Eq omega: -0.009441 + -0.00590theta + 0.01110omega + 0.14327theta^2 + 0.01279theta omega + 0.00067omega^2
    Eq omega Phys: 0.000238*omega**2 + 0.000151*omega*theta + 0.000119*omega + 5.6e-5*theta**2 - 0.000194*theta + 0.000137

--- Chunk 15552 (153/220) | Start: 2024-10-09 21:45:00 ---
    RMSE omega (GP): nan | RMSE omega (Sim): nan
    Loss: 19.5510 | Epoch: 44
    Eq omega: nan1 + nantheta + nanomega + nantheta^2 + nantheta omega + nanomega^2
    Eq omega Phys: N/A

--- Chunk 15553 (154/220) | Start: 2024-10-09 21:50:00 ---
    RMSE omega (GP): nan | RMSE omega (Sim): nan
    Loss: 19.8181 | Epoch: 103
    Eq omega: nan1 + nantheta + nanomega + nantheta^2 + nantheta omega + nanomega^2
    Eq omega Phys: N/A

--- Chunk 15554 (155/220) | Start: 2024-10-09 21:55:00 ---
    RMSE omega (GP): 0.016925 | RMSE omega (Sim): 0.153053
    Loss: 12.3161 | Epoch: 56
    Eq omega: -0.001091 + -0.16664theta + -0.00759omega + -0.02209theta^2 + 0.00205theta omega + -0.00558omega^2
    Eq omega Phys: -0.001845*omega**2 + 2.3e-5*omega*theta - 0.000153*omega - 8.0e-6*theta**2 - 0.000257*theta - 0.00098

--- Chunk 15555 (156/220) | Start: 2024-10-09 22:00:00 ---
    RMSE omega (GP): 0.042073 | RMSE omega (Sim): 0.105648
    Loss: 92.4842 | Epoch: 40
    Eq omega: -0.000311 + -0.00001theta + -0.00111omega + -0.00018theta^2 + -0.00080theta omega + -0.00087omega^2
    Eq omega Phys: -0.00028*omega**2 - 9.0e-6*omega*theta - 8.7e-5*omega - 0.e-6*theta - 3.0e-6

--- Chunk 15556 (157/220) | Start: 2024-10-09 22:05:00 ---
    RMSE omega (GP): nan | RMSE omega (Sim): nan
    Loss: 84.2888 | Epoch: 63
    Eq omega: nan1 + nantheta + nanomega + nantheta^2 + nantheta omega + nanomega^2
    Eq omega Phys: N/A

--- Chunk 15557 (158/220) | Start: 2024-10-09 22:10:00 ---
    RMSE omega (GP): 0.014737 | RMSE omega (Sim): 0.069213
    Loss: 19.7056 | Epoch: 533
    Eq omega: -0.001621 + 0.00011theta + -0.00001omega + 0.00011theta^2 + -0.00013theta omega + 0.00068omega^2
    Eq omega Phys: 0.000363*omega**2 - 2.0e-6*omega*theta + 2.9e-5*omega - 2.0e-6*theta + 6.0e-6

--- Chunk 15558 (159/220) | Start: 2024-10-09 22:15:00 ---
    RMSE omega (GP): nan | RMSE omega (Sim): nan
    Loss: 140.1422 | Epoch: 32
    Eq omega: nan1 + nantheta + nanomega + nantheta^2 + nantheta omega + nanomega^2
    Eq omega Phys: N/A

--- Chunk 15559 (160/220) | Start: 2024-10-09 22:20:00 ---
    RMSE omega (GP): nan | RMSE omega (Sim): nan
    Loss: 655.9490 | Epoch: 19
    Eq omega: nan1 + nantheta + nanomega + nantheta^2 + nantheta omega + nanomega^2
    Eq omega Phys: N/A

--- Chunk 15560 (161/220) | Start: 2024-10-09 22:25:00 ---
    RMSE omega (GP): 0.014101 | RMSE omega (Sim): 0.053790
    Loss: 36.0074 | Epoch: 1548
    Eq omega: -0.000501 + 0.00010theta + -0.00304omega + -0.00009theta^2 + -0.00017theta omega + -0.00011omega^2
    Eq omega Phys: -7.0e-5*omega**2 - 4.0e-6*omega*theta - 1.1e-5*omega + 3.0e-6*theta - 4.4e-5

--- Chunk 15561 (162/220) | Start: 2024-10-09 22:30:00 ---
    RMSE omega (GP): nan | RMSE omega (Sim): nan
    Loss: 227.1093 | Epoch: 73
    Eq omega: nan1 + nantheta + nanomega + nantheta^2 + nantheta omega + nanomega^2
    Eq omega Phys: N/A

--- Chunk 15562 (163/220) | Start: 2024-10-09 22:35:00 ---
    RMSE omega (GP): 0.011470 | RMSE omega (Sim): 0.092989
    Loss: 7.2651 | Epoch: 1251
    Eq omega: 0.000021 + -0.00275theta + -0.00010omega + 0.00009theta^2 + 0.00052theta omega + -0.00002omega^2
    Eq omega Phys: -8.0e-6*omega**2 + 7.0e-6*omega*theta - 8.9e-5*omega - 4.0e-6*theta + 4.3e-5

--- Chunk 15563 (164/220) | Start: 2024-10-09 22:40:00 ---
    RMSE omega (GP): 0.037353 | RMSE omega (Sim): 0.097496
    Loss: 144.0214 | Epoch: 354
    Eq omega: 0.003421 + -0.00294theta + -0.00090omega + -0.00082theta^2 + -0.00056theta omega + 0.00058omega^2
    Eq omega Phys: 0.00026*omega**2 - 8.0e-6*omega*theta + 5.2e-5*omega + 5.0e-6*theta + 1.0e-6

--- Chunk 15564 (165/220) | Start: 2024-10-09 22:45:00 ---
    RMSE omega (GP): 0.010453 | RMSE omega (Sim): 0.097338
    Loss: 6.9514 | Epoch: 815
    Eq omega: -0.002941 + -0.06473theta + -0.01274omega + -0.01480theta^2 + -0.00320theta omega + -0.00904omega^2
    Eq omega Phys: -0.00407*omega**2 - 4.8e-5*omega*theta - 0.000644*omega - 7.0e-6*theta**2 - 0.00014*theta - 0.00049

--- Chunk 15565 (166/220) | Start: 2024-10-09 22:50:00 ---
    RMSE omega (GP): 0.009894 | RMSE omega (Sim): 0.218008
    Loss: 1.3318 | Epoch: 1943
    Eq omega: -0.001201 + 0.00093theta + -0.00213omega + 0.00020theta^2 + -0.00055theta omega + 0.00155omega^2
    Eq omega Phys: 0.000494*omega**2 - 6.0e-6*omega*theta - 4.3e-5*omega - 8.0e-6

--- Chunk 15566 (167/220) | Start: 2024-10-09 22:55:00 ---
    RMSE omega (GP): 0.012915 | RMSE omega (Sim): 0.095018
    Loss: 17.6265 | Epoch: 1199
    Eq omega: 0.000841 + 0.00024theta + -0.00465omega + 0.00017theta^2 + 0.00022theta omega + 0.00029omega^2
    Eq omega Phys: 0.000151*omega**2 + 4.0e-6*omega*theta - 0.000231*omega - 4.0e-6*theta + 3.6e-5

--- Chunk 15567 (168/220) | Start: 2024-10-09 23:00:00 ---
    RMSE omega (GP): 0.045353 | RMSE omega (Sim): 0.108796
    Loss: 289.0857 | Epoch: 627
    Eq omega: -0.000851 + -0.00108theta + 0.00097omega + 0.00000theta^2 + -0.00005theta omega + 0.00009omega^2
    Eq omega Phys: 4.7e-5*omega**2 - 0.e-6*omega*theta + 1.9e-5*omega - 1.0e-6*theta - 2.0e-5

--- Chunk 15568 (169/220) | Start: 2024-10-09 23:05:00 ---
    RMSE omega (GP): 0.010972 | RMSE omega (Sim): 0.229134
    Loss: 0.0501 | Epoch: 1652
    Eq omega: 0.000051 + -0.00018theta + 0.00146omega + -0.00285theta^2 + -0.00003theta omega + -0.00099omega^2
    Eq omega Phys: -0.000247*omega**2 + 4.9e-5*omega - 0.e-6*theta**2 + 3.0e-6*theta - 3.0e-6

--- Chunk 15569 (170/220) | Start: 2024-10-09 23:10:00 ---
    RMSE omega (GP): nan | RMSE omega (Sim): nan
    Loss: 248.6547 | Epoch: 22
    Eq omega: nan1 + nantheta + nanomega + nantheta^2 + nantheta omega + nanomega^2
    Eq omega Phys: N/A

--- Chunk 15570 (171/220) | Start: 2024-10-09 23:15:00 ---
    RMSE omega (GP): 0.036839 | RMSE omega (Sim): 0.199112
    Loss: -99.8331 | Epoch: 792
    Eq omega: -0.000041 + -0.00210theta + -0.00074omega + 0.00062theta^2 + -0.00024theta omega + 0.00033omega^2
    Eq omega Phys: 0.00014*omega**2 - 3.0e-6*omega*theta + 3.8e-5*omega - 1.3e-5*theta + 0.000144

--- Chunk 15571 (172/220) | Start: 2024-10-09 23:20:00 ---
    RMSE omega (GP): 0.010850 | RMSE omega (Sim): 0.095203
    Loss: 1.3083 | Epoch: 939
    Eq omega: 0.010861 + -0.30764theta + -0.00495omega + 0.00995theta^2 + -0.00059theta omega + 0.00751omega^2
    Eq omega Phys: 0.002306*omega**2 - 6.0e-6*omega*theta - 0.000146*omega + 3.0e-6*theta**2 - 0.000363*theta + 0.001128

--- Chunk 15572 (173/220) | Start: 2024-10-09 23:25:00 ---
    RMSE omega (GP): nan | RMSE omega (Sim): nan
    Loss: 5.8208 | Epoch: 336
    Eq omega: nan1 + nantheta + nanomega + nantheta^2 + nantheta omega + nanomega^2
    Eq omega Phys: N/A

--- Chunk 15573 (174/220) | Start: 2024-10-09 23:30:00 ---
    RMSE omega (GP): 0.009418 | RMSE omega (Sim): 0.088808
    Loss: -0.5372 | Epoch: 1562
    Eq omega: -0.005441 + -0.26339theta + 0.00391omega + 0.00194theta^2 + 0.00499theta omega + 0.00389omega^2
    Eq omega Phys: 0.001053*omega**2 + 4.5e-5*omega*theta + 0.000318*omega + 1.0e-6*theta**2 - 0.000288*theta - 0.001231

--- Chunk 15574 (175/220) | Start: 2024-10-09 23:35:00 ---
    RMSE omega (GP): 0.009933 | RMSE omega (Sim): 0.127146
    Loss: 4.6313 | Epoch: 1448
    Eq omega: -0.000201 + 0.00028theta + -0.00713omega + 0.00019theta^2 + 0.00058theta omega + -0.00051omega^2
    Eq omega Phys: -0.000206*omega**2 + 8.0e-6*omega*theta - 0.000315*omega - 1.0e-6*theta + 5.0e-6

--- Chunk 15575 (176/220) | Start: 2024-10-09 23:40:00 ---
    RMSE omega (GP): 0.009026 | RMSE omega (Sim): 0.102490
    Loss: 2.9598 | Epoch: 1255
    Eq omega: -0.000841 + -0.00043theta + -0.00077omega + 0.00002theta^2 + 0.00220theta omega + 0.00094omega^2
    Eq omega Phys: 0.000366*omega**2 + 2.9e-5*omega*theta - 0.000234*omega - 0.e-6*theta + 2.0e-6

--- Chunk 15576 (177/220) | Start: 2024-10-09 23:45:00 ---
    RMSE omega (GP): 0.009319 | RMSE omega (Sim): 0.120027
    Loss: 6.1340 | Epoch: 1105
    Eq omega: 0.000681 + -0.00023theta + -0.00162omega + -0.00050theta^2 + -0.00010theta omega + -0.00019omega^2
    Eq omega Phys: -8.7e-5*omega**2 - 2.0e-6*omega*theta - 3.8e-5*omega + 5.0e-6*theta - 2.3e-5

--- Chunk 15577 (178/220) | Start: 2024-10-09 23:50:00 ---
    RMSE omega (GP): 0.009457 | RMSE omega (Sim): 0.148218
    Loss: 2.8377 | Epoch: 1267
    Eq omega: -0.002961 + -0.00058theta + -0.00236omega + -0.00028theta^2 + -0.00061theta omega + 0.00549omega^2
    Eq omega Phys: 0.002051*omega**2 - 8.0e-6*omega*theta - 4.7e-5*omega - 8.0e-6

--- Chunk 15578 (179/220) | Start: 2024-10-09 23:55:00 ---
    RMSE omega (GP): 0.011020 | RMSE omega (Sim): 0.040059
    Loss: 52.0833 | Epoch: 3375
    Eq omega: -0.001281 + -0.00029theta + -0.00002omega + 0.00151theta^2 + -0.00001theta omega + -0.00071omega^2
    Eq omega Phys: -0.000699*omega**2 + 7.0e-6*omega + 2.0e-6*theta**2 - 8.1e-5*theta + 0.000997

--- Chunk 15579 (180/220) | Start: 2024-10-10 00:00:00 ---
    RMSE omega (GP): 0.044377 | RMSE omega (Sim): 0.107261
    Loss: 115.6293 | Epoch: 60
    Eq omega: -0.005411 + -0.01070theta + -0.01672omega + -0.00010theta^2 + -0.00796theta omega + -0.01209omega^2
    Eq omega Phys: -0.0036*omega**2 - 7.9e-5*omega*theta + 0.001343*omega - 1.0e-5*theta + 0.000247

--- Chunk 15580 (181/220) | Start: 2024-10-10 00:05:00 ---
    RMSE omega (GP): nan | RMSE omega (Sim): nan
    Loss: 337.5652 | Epoch: 117
    Eq omega: nan1 + nantheta + nanomega + nantheta^2 + nantheta omega + nanomega^2
    Eq omega Phys: N/A

--- Chunk 15581 (182/220) | Start: 2024-10-10 00:10:00 ---
    RMSE omega (GP): 0.012568 | RMSE omega (Sim): 0.041085
    Loss: 59.5861 | Epoch: 2960
    Eq omega: -0.001711 + -0.00000theta + 0.00153omega + -0.00004theta^2 + 0.00003theta omega + -0.00022omega^2
    Eq omega Phys: -0.000205*omega**2 + 1.0e-6*omega*theta + 3.2e-5*omega + 2.0e-6*theta - 1.9e-5

--- Chunk 15582 (183/220) | Start: 2024-10-10 00:15:00 ---
    RMSE omega (GP): nan | RMSE omega (Sim): nan
    Loss: 65.4183 | Epoch: 191
    Eq omega: nan1 + nantheta + nanomega + nantheta^2 + nantheta omega + nanomega^2
    Eq omega Phys: N/A

--- Chunk 15583 (184/220) | Start: 2024-10-10 00:20:00 ---
    RMSE omega (GP): 0.009828 | RMSE omega (Sim): 0.100352
    Loss: 4.9031 | Epoch: 2223
    Eq omega: -0.000831 + -0.00188theta + -0.00179omega + -0.00043theta^2 + 0.00002theta omega + 0.00013omega^2
    Eq omega Phys: 5.4e-5*omega**2 - 5.5e-5*omega - 9.0e-6*theta - 0.000107

--- Chunk 15584 (185/220) | Start: 2024-10-10 00:25:00 ---
    RMSE omega (GP): nan | RMSE omega (Sim): nan
    Loss: 1336.5453 | Epoch: 30
    Eq omega: nan1 + nantheta + nanomega + nantheta^2 + nantheta omega + nanomega^2
    Eq omega Phys: N/A

--- Chunk 15585 (186/220) | Start: 2024-10-10 00:30:00 ---
    RMSE omega (GP): 0.012143 | RMSE omega (Sim): 0.227151
    Loss: 0.3745 | Epoch: 1571
    Eq omega: -0.000151 + -0.00738theta + -0.00381omega + 0.00003theta^2 + 0.00187theta omega + 0.00063omega^2
    Eq omega Phys: 0.000163*omega**2 + 1.6e-5*omega*theta - 0.000309*omega - 8.0e-6*theta + 9.3e-5

--- Chunk 15586 (187/220) | Start: 2024-10-10 00:35:00 ---
    RMSE omega (GP): nan | RMSE omega (Sim): nan
    Loss: 264.7656 | Epoch: 104
    Eq omega: nan1 + nantheta + nanomega + nantheta^2 + nantheta omega + nanomega^2
    Eq omega Phys: N/A

--- Chunk 15587 (188/220) | Start: 2024-10-10 00:40:00 ---
    RMSE omega (GP): nan | RMSE omega (Sim): nan
    Loss: 650.0490 | Epoch: 130
    Eq omega: nan1 + nantheta + nanomega + nantheta^2 + nantheta omega + nanomega^2
    Eq omega Phys: N/A

--- Chunk 15588 (189/220) | Start: 2024-10-10 00:45:00 ---
    RMSE omega (GP): 0.069398 | RMSE omega (Sim): 0.039112
    Loss: 11360.9160 | Epoch: 25
    Eq omega: 0.003301 + -0.00047theta + 0.00250omega + -0.00001theta^2 + -0.00000theta omega + 0.00009omega^2
    Eq omega Phys: 7.8e-5*omega**2 + 8.3e-5*omega + 1.1e-5

--- Chunk 15589 (190/220) | Start: 2024-10-10 00:50:00 ---
    RMSE omega (GP): 0.013427 | RMSE omega (Sim): 0.085166
    Loss: 14.7950 | Epoch: 3013
    Eq omega: -0.002931 + -0.00040theta + -0.00206omega + -0.00002theta^2 + -0.00007theta omega + 0.00089omega^2
    Eq omega Phys: 0.000415*omega**2 - 1.0e-6*omega*theta - 2.9e-5*omega - 5.0e-6

--- Chunk 15590 (191/220) | Start: 2024-10-10 00:55:00 ---
    RMSE omega (GP): 0.010443 | RMSE omega (Sim): 0.107925
    Loss: 1.8244 | Epoch: 2343
    Eq omega: -0.001861 + -0.00054theta + -0.00608omega + -0.00112theta^2 + 0.00115theta omega + -0.00109omega^2
    Eq omega Phys: -0.000342*omega**2 + 1.2e-5*omega*theta - 0.000336*omega + 8.0e-6*theta - 4.8e-5

--- Chunk 15591 (192/220) | Start: 2024-10-10 01:00:00 ---
    RMSE omega (GP): nan | RMSE omega (Sim): nan
    Loss: 81.8707 | Epoch: 98
    Eq omega: nan1 + nantheta + nanomega + nantheta^2 + nantheta omega + nanomega^2
    Eq omega Phys: N/A

--- Chunk 15592 (193/220) | Start: 2024-10-10 01:05:00 ---
    RMSE omega (GP): 0.047348 | RMSE omega (Sim): 0.081682
    Loss: 157.8296 | Epoch: 1252
    Eq omega: -0.028441 + -0.05409theta + 0.11037omega + 0.00021theta^2 + 0.00009theta omega + -0.01455omega^2
    Eq omega Phys: -0.005669*omega**2 + 1.0e-6*omega*theta + 0.003695*omega - 5.8e-5*theta - 0.000888

--- Chunk 15593 (194/220) | Start: 2024-10-10 01:10:00 ---
    RMSE omega (GP): 0.021319 | RMSE omega (Sim): 0.057120
    Loss: 158.5243 | Epoch: 634
    Eq omega: 0.001271 + 0.00017theta + -0.00020omega + 0.00000theta^2 + 0.00001theta omega + -0.00009omega^2
    Eq omega Phys: -7.9e-5*omega**2 + 4.0e-6*omega + 9.0e-6

--- Chunk 15594 (195/220) | Start: 2024-10-10 01:15:00 ---
    RMSE omega (GP): 0.038955 | RMSE omega (Sim): 0.057854
    Loss: 153.7817 | Epoch: 111
    Eq omega: 0.004971 + -0.00009theta + -0.06467omega + 0.00000theta^2 + 0.00001theta omega + 0.00031omega^2
    Eq omega Phys: 0.000137*omega**2 - 0.002151*omega + 1.0e-5

--- Chunk 15595 (196/220) | Start: 2024-10-10 01:20:00 ---
    RMSE omega (GP): 0.009656 | RMSE omega (Sim): 0.099634
    Loss: 1.6252 | Epoch: 2172
    Eq omega: -0.003941 + -0.00033theta + -0.00509omega + 0.00080theta^2 + -0.00052theta omega + 0.00155omega^2
    Eq omega Phys: 0.000516*omega**2 - 6.0e-6*omega*theta - 8.7e-5*omega - 9.0e-6*theta + 5.2e-5

--- Chunk 15596 (197/220) | Start: 2024-10-10 01:25:00 ---
    RMSE omega (GP): 0.034108 | RMSE omega (Sim): 0.126856
    Loss: -23409.0859 | Epoch: 742
    Eq omega: 0.006181 + -0.00814theta + -0.00498omega + -0.00050theta^2 + 0.00130theta omega + -0.00259omega^2
    Eq omega Phys: -0.000726*omega**2 + 1.2e-5*omega*theta - 0.000153*omega - 9.0e-6*theta + 1.4e-5

--- Chunk 15597 (198/220) | Start: 2024-10-10 01:45:00 ---
    RMSE omega (GP): 0.012119 | RMSE omega (Sim): 0.080526
    Loss: 8.4391 | Epoch: 965
    Eq omega: -0.000821 + -0.00060theta + 0.00017omega + -0.00162theta^2 + 0.00307theta omega + -0.00645omega^2
    Eq omega Phys: -0.002677*omega**2 + 4.2e-5*omega*theta - 0.000175*omega - 0.e-6*theta**2 + 6.0e-6*theta - 1.3e-5

--- Chunk 15598 (199/220) | Start: 2024-10-10 01:50:00 ---
    RMSE omega (GP): 0.013695 | RMSE omega (Sim): 0.088076
    Loss: 7.3707 | Epoch: 1424
    Eq omega: 0.003121 + 0.00051theta + 0.00092omega + 0.00043theta^2 + 0.00057theta omega + -0.00071omega^2
    Eq omega Phys: -0.000316*omega**2 + 8.0e-6*omega*theta - 0.0001*omega - 6.0e-6*theta + 5.0e-5

--- Chunk 15599 (200/220) | Start: 2024-10-10 01:55:00 ---
    RMSE omega (GP): 0.048133 | RMSE omega (Sim): 0.071315
    Loss: 341.6331 | Epoch: 50
    Eq omega: 0.001991 + -0.00086theta + -0.00104omega + -0.00002theta^2 + -0.00038theta omega + 0.00158omega^2
    Eq omega Phys: 0.000737*omega**2 - 6.0e-6*omega*theta + 7.3e-5*omega - 0.e-6*theta + 1.9e-5

  [Progress 200/220] Mean RMSE omega (GP): 0.018009 | (Sim): 0.122999 | Mean loss: -5262730646369634065842176.0000 | Valid GP: 160/200 | Valid Sim: 155/200 | Elapsed: 64.3min | ETA: 6.4min

--- Chunk 15600 (201/220) | Start: 2024-10-10 02:00:00 ---
    RMSE omega (GP): 0.020192 | RMSE omega (Sim): 0.171849
    Loss: 91.9482 | Epoch: 193
    Eq omega: 0.000871 + -0.00227theta + 0.00316omega + 0.00030theta^2 + -0.00081theta omega + -0.00066omega^2
    Eq omega Phys: -0.00046*omega**2 - 1.9e-5*omega*theta + 0.000688*omega - 1.7e-5*theta + 0.000302

--- Chunk 15601 (202/220) | Start: 2024-10-10 02:05:00 ---
    RMSE omega (GP): nan | RMSE omega (Sim): nan
    Loss: 826.4255 | Epoch: 50
    Eq omega: nan1 + nantheta + nanomega + nantheta^2 + nantheta omega + nanomega^2
    Eq omega Phys: N/A

--- Chunk 15602 (203/220) | Start: 2024-10-10 02:10:00 ---
    RMSE omega (GP): 0.012168 | RMSE omega (Sim): 0.134291
    Loss: 7.5031 | Epoch: 59
    Eq omega: 0.000391 + 0.00058theta + 0.00212omega + -0.00053theta^2 + 0.00229theta omega + -0.00284omega^2
    Eq omega Phys: -0.001027*omega**2 + 2.8e-5*omega*theta + 8.6e-5*omega + 1.0e-6

--- Chunk 15603 (204/220) | Start: 2024-10-10 02:15:00 ---
    RMSE omega (GP): 0.009479 | RMSE omega (Sim): 0.084882
    Loss: 6.3897 | Epoch: 2158
    Eq omega: -0.001191 + 0.00001theta + -0.00021omega + -0.00004theta^2 + 0.00041theta omega + -0.00076omega^2
    Eq omega Phys: -0.000359*omega**2 + 6.0e-6*omega*theta - 0.000115*omega + 1.0e-6*theta - 9.0e-6

--- Chunk 15604 (205/220) | Start: 2024-10-10 02:20:00 ---
    RMSE omega (GP): nan | RMSE omega (Sim): nan
    Loss: 25.7935 | Epoch: 104
    Eq omega: nan1 + nantheta + nanomega + nantheta^2 + nantheta omega + nanomega^2
    Eq omega Phys: N/A

--- Chunk 15605 (206/220) | Start: 2024-10-10 02:25:00 ---
    RMSE omega (GP): 0.024862 | RMSE omega (Sim): 0.069994
    Loss: 71.6443 | Epoch: 85
    Eq omega: 0.001601 + 0.00023theta + 0.00348omega + 0.00058theta^2 + 0.00023theta omega + 0.00625omega^2
    Eq omega Phys: 0.002989*omega**2 + 4.0e-6*omega*theta + 6.5e-5*omega - 8.0e-6*theta + 5.9e-5

--- Chunk 15606 (207/220) | Start: 2024-10-10 02:30:00 ---
    RMSE omega (GP): 0.008884 | RMSE omega (Sim): 0.131210
    Loss: -2.2095 | Epoch: 2295
    Eq omega: -0.006581 + -0.21236theta + -0.00678omega + -0.00234theta^2 + 0.13940theta omega + 0.01055omega^2
    Eq omega Phys: 0.002496*omega**2 + 0.001099*omega*theta - 0.02051*omega - 0.e-6*theta**2 - 0.000213*theta + 0.004113

--- Chunk 15607 (208/220) | Start: 2024-10-10 02:35:00 ---
    RMSE omega (GP): nan | RMSE omega (Sim): nan
    Loss: 91.9572 | Epoch: 59
    Eq omega: nan1 + nantheta + nanomega + nantheta^2 + nantheta omega + nanomega^2
    Eq omega Phys: N/A

--- Chunk 15608 (209/220) | Start: 2024-10-10 02:40:00 ---
    RMSE omega (GP): nan | RMSE omega (Sim): nan
    Loss: 140.3182 | Epoch: 19
    Eq omega: nan1 + nantheta + nanomega + nantheta^2 + nantheta omega + nanomega^2
    Eq omega Phys: N/A

--- Chunk 15609 (210/220) | Start: 2024-10-10 02:45:00 ---
    RMSE omega (GP): nan | RMSE omega (Sim): nan
    Loss: 2065.2034 | Epoch: 31
    Eq omega: nan1 + nantheta + nanomega + nantheta^2 + nantheta omega + nanomega^2
    Eq omega Phys: N/A

--- Chunk 15610 (211/220) | Start: 2024-10-10 02:50:00 ---
    RMSE omega (GP): 0.020076 | RMSE omega (Sim): 0.049807
    Loss: 91.2501 | Epoch: 927
    Eq omega: 0.003281 + -0.02284theta + 0.00157omega + -0.00001theta^2 + 0.00002theta omega + -0.00003omega^2
    Eq omega Phys: -2.1e-5*omega**2 + 3.3e-5*omega - 2.5e-5*theta + 0.001043

--- Chunk 15611 (212/220) | Start: 2024-10-10 02:55:00 ---
    RMSE omega (GP): nan | RMSE omega (Sim): nan
    Loss: 153.5745 | Epoch: 87
    Eq omega: nan1 + nantheta + nanomega + nantheta^2 + nantheta omega + nanomega^2
    Eq omega Phys: N/A

--- Chunk 15612 (213/220) | Start: 2024-10-10 03:00:00 ---
    RMSE omega (GP): 0.011136 | RMSE omega (Sim): 0.174135
    Loss: 3.7971 | Epoch: 2062
    Eq omega: 0.000081 + 0.00003theta + -0.00013omega + -0.00000theta^2 + -0.00003theta omega + 0.00010omega^2
    Eq omega Phys: 3.4e-5*omega**2 - 1.8e-5*omega + 2.0e-6

--- Chunk 15613 (214/220) | Start: 2024-10-10 03:05:00 ---
    RMSE omega (GP): 0.013109 | RMSE omega (Sim): 0.132018
    Loss: 1.4392 | Epoch: 1414
    Eq omega: 0.000041 + 0.00011theta + -0.00160omega + -0.00116theta^2 + -0.00019theta omega + -0.00019omega^2
    Eq omega Phys: -5.1e-5*omega**2 - 2.0e-6*omega*theta - 6.1e-5*omega - 3.0e-6*theta - 6.0e-6

--- Chunk 15614 (215/220) | Start: 2024-10-10 03:10:00 ---
    RMSE omega (GP): 0.009357 | RMSE omega (Sim): 0.122283
    Loss: 2.6359 | Epoch: 878
    Eq omega: 0.001481 + -0.04386theta + -0.00926omega + -0.00219theta^2 + 0.00431theta omega + -0.00150omega^2
    Eq omega Phys: -0.000569*omega**2 + 5.5e-5*omega*theta + 7.0e-5*omega - 0.e-6*theta**2 - 6.2e-5*theta - 0.000379

--- Chunk 15615 (216/220) | Start: 2024-10-10 03:15:00 ---
    RMSE omega (GP): 0.014183 | RMSE omega (Sim): 0.074483
    Loss: 15.3481 | Epoch: 867
    Eq omega: -0.002321 + -0.00042theta + 0.00085omega + -0.00018theta^2 + -0.00001theta omega + 0.00079omega^2
    Eq omega Phys: 0.000353*omega**2 + 3.2e-5*omega + 4.0e-6*theta - 4.2e-5

--- Chunk 15616 (217/220) | Start: 2024-10-10 03:20:00 ---
    RMSE omega (GP): nan | RMSE omega (Sim): nan
    Loss: 664.5607 | Epoch: 16
    Eq omega: nan1 + nantheta + nanomega + nantheta^2 + nantheta omega + nanomega^2
    Eq omega Phys: N/A

--- Chunk 15617 (218/220) | Start: 2024-10-10 03:25:00 ---
    RMSE omega (GP): nan | RMSE omega (Sim): nan
    Loss: 289.6800 | Epoch: 33
    Eq omega: nan1 + nantheta + nanomega + nantheta^2 + nantheta omega + nanomega^2
    Eq omega Phys: N/A

--- Chunk 15618 (219/220) | Start: 2024-10-10 03:30:00 ---
    RMSE omega (GP): 0.011635 | RMSE omega (Sim): 0.163292
    Loss: 3.0298 | Epoch: 2084
    Eq omega: -0.001561 + -0.00099theta + 0.00571omega + 0.00016theta^2 + 0.00071theta omega + -0.00195omega^2
    Eq omega Phys: -0.000628*omega**2 + 8.0e-6*omega*theta - 5.0e-6*omega - 4.0e-6*theta + 6.0e-5

--- Chunk 15619 (220/220) | Start: 2024-10-10 03:35:00 ---
    RMSE omega (GP): 0.010156 | RMSE omega (Sim): 0.146049
    Loss: 6.1950 | Epoch: 1363
    Eq omega: -0.001741 + 0.00028theta + -0.00297omega + 0.00053theta^2 + -0.00037theta omega + 0.00735omega^2
    Eq omega Phys: 0.003263*omega**2 - 5.0e-6*omega*theta - 8.3e-5*omega - 1.0e-6*theta - 3.0e-6

  [Progress 220/220] Mean RMSE omega (GP): 0.017714 | (Sim): 0.122870 | Mean loss: -4784300587608758290481152.0000 | Valid GP: 172/220 | Valid Sim: 167/220 | Elapsed: 69.3min | ETA: 0.0min

============================================================
EVALUATION COMPLETE — Chunks [15400, 15619]
============================================================
Chunks processed: 220
Chunks succeeded GP:  172 (78.2%)
Chunks succeeded Sim: 167 (75.9%)
Mean GP RMSE omega:   0.017714 ± 0.011623
Mean SIM RMSE omega:  0.122870 ± 0.059220
Mean Loss:            -4784300587608758290481152.0000 ± 70801183130354386645024768.0000
Elapsed time:     69.3 minutes

Per-chunk CSV: /pfs/data6/home/ka/ka_iai/ka_bj2362/dsr/svise/results_5min_all_chunks/run_SLURM_3718868_combo38/chunks_15400_to_15619_20260321_111421.csv
Summary JSON:  /pfs/data6/home/ka/ka_iai/ka_bj2362/dsr/svise/results_5min_all_chunks/run_SLURM_3718868_combo38/summary_15400_to_15619_20260321_111421.json
============================================================

============================= JOB FEEDBACK =============================

NodeName=uc3n065
Job ID: 3720545
Array Job ID: 3718868_70
Cluster: uc3
User/Group: ka_bj2362/ka_iai
State: COMPLETED (exit code 0)
Nodes: 1
Cores per node: 4
CPU Utilized: 01:08:56
CPU Efficiency: 24.68% of 04:39:20 core-walltime
Job Wall-clock time: 01:09:50
Memory Utilized: 3.44 GB
Memory Efficiency: 28.66% of 12.00 GB (12.00 GB/node)
