Array task 50: processing chunks 11000 to 11219
Loading data from /pfs/data6/home/ka/ka_iai/ka_bj2362/dsr/svise/../dataset/South_Korea_2024-08-15_2025-08-31_1s.parquet...
Finding all valid 5-minute chunks in the dataset...
Found 107059 valid 5-minute chunks in total.

============================================================
SVISE FINAL EVALUATION — ALL CHUNKS
============================================================
Hyperparameters: {
  "model": "integrator",
  "sigma": 0,
  "degree": 2,
  "tau": 1e-05,
  "lr": 0.1,
  "n_tau": 50,
  "measurement_noise": 0.001,
  "n_reparam_samples": 15
}
Total valid chunks in dataset: 107059
Processing chunk range: [11000, 11219] (220 chunks)
Early stopping: patience=300, max_epochs=10000
============================================================


--- Chunk 11000 (1/220) | Start: 2024-09-22 08:10:00 ---
/pfs/data6/home/ka/ka_iai/ka_bj2362/dsr/svise/svise/sde_learning/_marginal_sde.py:284: UserWarning: torch.triangular_solve is deprecated in favor of torch.linalg.solve_triangularand will be removed in a future PyTorch release.
torch.linalg.solve_triangular has its arguments reversed and does not return a copy of one of the inputs.
X = torch.triangular_solve(B, A).solution
should be replaced with
X = torch.linalg.solve_triangular(A, B). (Triggered internally at ../aten/src/ATen/native/BatchLinearAlgebra.cpp:2192.)
  return torch.triangular_solve(self.raw_w, self.C.t()).solution
/pfs/data6/home/ka/ka_iai/ka_bj2362/dsr/svise/svise/quadrature/_unbiased_quadrature.py:196: UserWarning: Interp is nan, reducing interp degree.
  warnings.warn("Interp is nan, reducing interp degree.")
/pfs/data6/home/ka/ka_iai/ka_bj2362/dsr/svise/svise/quadrature/_unbiased_quadrature.py:174: UserWarning: NaN detected in fxq (quadrature node evaluations). Clamping to 0.
  warnings.warn("NaN detected in fxq (quadrature node evaluations). Clamping to 0.")
/pfs/data6/home/ka/ka_iai/ka_bj2362/dsr/svise/svise/quadrature/_unbiased_quadrature.py:177: UserWarning: NaN detected in fmc (Monte-Carlo node evaluations). Clamping to 0.
  warnings.warn("NaN detected in fmc (Monte-Carlo node evaluations). Clamping to 0.")
    RMSE omega (GP): nan | RMSE omega (Sim): nan
    Loss: 127.1195 | Epoch: 124
    Eq omega: nan1 + nantheta + nanomega + nantheta^2 + nantheta omega + nanomega^2
    Eq omega Phys: N/A

--- Chunk 11001 (2/220) | Start: 2024-09-22 08:15:00 ---
    RMSE omega (GP): 0.013037 | RMSE omega (Sim): 0.065013
    Loss: 26.7584 | Epoch: 2065
    Eq omega: -0.000341 + -0.00022theta + 0.00205omega + -0.00032theta^2 + 0.00023theta omega + -0.00058omega^2
    Eq omega Phys: -0.000354*omega**2 + 5.0e-6*omega*theta - 1.2e-5*omega + 7.0e-6*theta - 6.0e-5

--- Chunk 11002 (3/220) | Start: 2024-09-22 08:20:00 ---
    RMSE omega (GP): 0.011530 | RMSE omega (Sim): 0.156697
    Loss: 7.7183 | Epoch: 1770
    Eq omega: -0.000211 + 0.00025theta + 0.00094omega + 0.00006theta^2 + 0.00063theta omega + -0.00144omega^2
    Eq omega Phys: -0.000608*omega**2 + 9.0e-6*omega*theta + 7.1e-5*omega + 1.0e-6*theta + 1.0e-6

--- Chunk 11003 (4/220) | Start: 2024-09-22 08:25:00 ---
    RMSE omega (GP): 0.016413 | RMSE omega (Sim): 0.233495
    Loss: 6.5500 | Epoch: 1826
    Eq omega: 0.000571 + -0.00114theta + -0.00147omega + 0.00085theta^2 + 0.00028theta omega + 0.00393omega^2
    Eq omega Phys: 0.001133*omega**2 + 3.0e-6*omega*theta - 5.1e-5*omega - 2.0e-6*theta + 3.0e-6

--- Chunk 11004 (5/220) | Start: 2024-09-22 08:30:00 ---
    RMSE omega (GP): 0.012097 | RMSE omega (Sim): 0.120933
    Loss: 12.1431 | Epoch: 1234
    Eq omega: -0.000551 + -0.00067theta + -0.00104omega + -0.00057theta^2 + 0.00212theta omega + -0.00103omega^2
    Eq omega Phys: -0.000491*omega**2 + 3.4e-5*omega*theta + 2.9e-5*omega - 2.0e-6*theta - 4.0e-6

--- Chunk 11005 (6/220) | Start: 2024-09-22 08:35:00 ---
    RMSE omega (GP): 0.012433 | RMSE omega (Sim): 0.059238
    Loss: 19.5830 | Epoch: 3110
    Eq omega: -0.001901 + 0.00018theta + 0.00119omega + 0.00005theta^2 + -0.00010theta omega + -0.00040omega^2
    Eq omega Phys: -0.000231*omega**2 - 2.0e-6*omega*theta + 7.0e-6*omega + 1.0e-6*theta + 9.0e-6

--- Chunk 11006 (7/220) | Start: 2024-09-22 08:40:00 ---
    RMSE omega (GP): nan | RMSE omega (Sim): nan
    Loss: 103.2428 | Epoch: 26
    Eq omega: nan1 + nantheta + nanomega + nantheta^2 + nantheta omega + nanomega^2
    Eq omega Phys: N/A

--- Chunk 11007 (8/220) | Start: 2024-09-22 08:45:00 ---
    RMSE omega (GP): 0.015977 | RMSE omega (Sim): 0.123439
    Loss: 2.6630 | Epoch: 1747
    Eq omega: -0.000011 + -0.00042theta + 0.00096omega + -0.00033theta^2 + -0.00048theta omega + 0.00135omega^2
    Eq omega Phys: 0.000403*omega**2 - 5.0e-6*omega*theta + 0.000144*omega + 5.0e-6*theta - 5.0e-5

--- Chunk 11008 (9/220) | Start: 2024-09-22 08:50:00 ---
    RMSE omega (GP): 0.045320 | RMSE omega (Sim): 0.237403
    Loss: 141.7932 | Epoch: 40
    Eq omega: -0.001631 + -0.00204theta + 0.00010omega + 0.00009theta^2 + -0.00030theta omega + 0.00070omega^2
    Eq omega Phys: 0.00022*omega**2 - 3.0e-6*omega*theta + 4.9e-5*omega - 3.0e-6*theta + 3.4e-5

--- Chunk 11009 (10/220) | Start: 2024-09-22 08:55:00 ---
    RMSE omega (GP): nan | RMSE omega (Sim): nan
    Loss: 860.1385 | Epoch: 44
    Eq omega: nan1 + nantheta + nanomega + nantheta^2 + nantheta omega + nanomega^2
    Eq omega Phys: N/A

--- Chunk 11010 (11/220) | Start: 2024-09-22 09:00:00 ---
    RMSE omega (GP): nan | RMSE omega (Sim): nan
    Loss: 2879.2776 | Epoch: 38
    Eq omega: nan1 + nantheta + nanomega + nantheta^2 + nantheta omega + nanomega^2
    Eq omega Phys: N/A

--- Chunk 11011 (12/220) | Start: 2024-09-22 09:05:00 ---
    RMSE omega (GP): 0.023106 | RMSE omega (Sim): 0.068680
    Loss: 120.7927 | Epoch: 371
    Eq omega: -0.001521 + -0.00053theta + -0.00281omega + -0.00038theta^2 + -0.00014theta omega + -0.00055omega^2
    Eq omega Phys: -0.000371*omega**2 - 3.0e-6*omega*theta - 1.4e-5*omega + 1.4e-5*theta - 0.000171

--- Chunk 11012 (13/220) | Start: 2024-09-22 09:10:00 ---
    RMSE omega (GP): 0.032544 | RMSE omega (Sim): 0.115107
    Loss: 196.8948 | Epoch: 553
    Eq omega: 0.000201 + -0.00003theta + -0.00045omega + 0.00001theta^2 + 0.00005theta omega + -0.00038omega^2
    Eq omega Phys: -0.000219*omega**2 + 1.0e-6*omega*theta - 3.2e-5*omega + 3.0e-6

--- Chunk 11013 (14/220) | Start: 2024-09-22 09:15:00 ---
    RMSE omega (GP): 0.012669 | RMSE omega (Sim): 0.099349
    Loss: 12.6113 | Epoch: 1486
    Eq omega: -0.004381 + -0.00058theta + 0.00602omega + 0.00030theta^2 + 0.00360theta omega + 0.00187omega^2
    Eq omega Phys: 0.000861*omega**2 + 5.5e-5*omega*theta - 0.000298*omega - 3.0e-6*theta + 8.0e-6

--- Chunk 11014 (15/220) | Start: 2024-09-22 09:20:00 ---
    RMSE omega (GP): 0.026251 | RMSE omega (Sim): 0.163050
    Loss: 113.8638 | Epoch: 913
    Eq omega: -0.016461 + -0.00457theta + 0.08550omega + -0.00004theta^2 + 0.01160theta omega + -0.00101omega^2
    Eq omega Phys: -0.000613*omega**2 + 0.000235*omega*theta + 0.007759*omega - 6.0e-6*theta - 0.000148

--- Chunk 11015 (16/220) | Start: 2024-09-22 09:25:00 ---
    RMSE omega (GP): 0.030306 | RMSE omega (Sim): 0.083234
    Loss: 327.8749 | Epoch: 149
    Eq omega: 0.004221 + -0.00089theta + -0.00127omega + -0.00000theta^2 + 0.00007theta omega + 0.00003omega^2
    Eq omega Phys: 2.5e-5*omega**2 + 2.0e-6*omega*theta + 3.0e-5*omega - 0.e-6*theta - 3.1e-5

--- Chunk 11016 (17/220) | Start: 2024-09-22 09:30:00 ---
    RMSE omega (GP): 0.012386 | RMSE omega (Sim): 0.037709
    Loss: 56.1939 | Epoch: 4798
    Eq omega: 0.001631 + 0.00002theta + 0.00094omega + 0.00000theta^2 + 0.00002theta omega + 0.00014omega^2
    Eq omega Phys: 0.000124*omega**2 + 1.0e-6*omega*theta + 4.7e-5*omega + 3.0e-6

--- Chunk 11017 (18/220) | Start: 2024-09-22 09:35:00 ---
    RMSE omega (GP): 0.024030 | RMSE omega (Sim): 0.054436
    Loss: 126.7546 | Epoch: 748
    Eq omega: 0.000961 + -0.00021theta + -0.00106omega + 0.00000theta^2 + -0.00003theta omega + 0.00007omega^2
    Eq omega Phys: 4.5e-5*omega**2 - 0.e-6*omega*theta - 5.9e-5*omega - 7.0e-6

--- Chunk 11018 (19/220) | Start: 2024-09-22 09:40:00 ---
    RMSE omega (GP): 0.015003 | RMSE omega (Sim): 0.071116
    Loss: 27.2340 | Epoch: 1149
    Eq omega: 0.001141 + 0.00059theta + 0.00047omega + 0.00009theta^2 + -0.00010theta omega + 0.00025omega^2
    Eq omega Phys: 0.000134*omega**2 - 2.0e-6*omega*theta - 2.2e-5*omega + 3.0e-6*theta + 3.9e-5

--- Chunk 11019 (20/220) | Start: 2024-09-22 09:45:00 ---
    RMSE omega (GP): 0.014268 | RMSE omega (Sim): 0.086434
    Loss: 15.9990 | Epoch: 1193
    Eq omega: -0.001281 + 0.00038theta + -0.00008omega + -0.00007theta^2 + 0.00032theta omega + 0.00020omega^2
    Eq omega Phys: 9.5e-5*omega**2 + 5.0e-6*omega*theta - 4.5e-5*omega + 1.0e-6*theta - 9.0e-6

--- Chunk 11020 (21/220) | Start: 2024-09-22 09:50:00 ---
    RMSE omega (GP): nan | RMSE omega (Sim): nan
    Loss: 2866.5984 | Epoch: 33
    Eq omega: nan1 + nantheta + nanomega + nantheta^2 + nantheta omega + nanomega^2
    Eq omega Phys: N/A

--- Chunk 11021 (22/220) | Start: 2024-09-22 09:55:00 ---
    RMSE omega (GP): nan | RMSE omega (Sim): nan
    Loss: 290.1666 | Epoch: 26
    Eq omega: nan1 + nantheta + nanomega + nantheta^2 + nantheta omega + nanomega^2
    Eq omega Phys: N/A

--- Chunk 11022 (23/220) | Start: 2024-09-22 10:00:00 ---
    RMSE omega (GP): nan | RMSE omega (Sim): nan
    Loss: 277.7810 | Epoch: 51
    Eq omega: nan1 + nantheta + nanomega + nantheta^2 + nantheta omega + nanomega^2
    Eq omega Phys: N/A

--- Chunk 11023 (24/220) | Start: 2024-09-22 10:05:00 ---
    RMSE omega (GP): nan | RMSE omega (Sim): nan
    Loss: 371.2772 | Epoch: 25
    Eq omega: nan1 + nantheta + nanomega + nantheta^2 + nantheta omega + nanomega^2
    Eq omega Phys: N/A

--- Chunk 11024 (25/220) | Start: 2024-09-22 10:10:00 ---
    RMSE omega (GP): 0.013197 | RMSE omega (Sim): 0.090740
    Loss: 13.3848 | Epoch: 2184
    Eq omega: 0.000611 + -0.00036theta + -0.01141omega + -0.00019theta^2 + 0.00071theta omega + -0.00362omega^2
    Eq omega Phys: -0.001613*omega**2 + 1.1e-5*omega*theta - 0.00049*omega + 2.0e-6*theta - 4.0e-6

--- Chunk 11025 (26/220) | Start: 2024-09-22 10:15:00 ---
    RMSE omega (GP): 0.015371 | RMSE omega (Sim): 0.102637
    Loss: 7.2120 | Epoch: 1551
    Eq omega: -0.000441 + 0.00090theta + 0.00332omega + 0.00199theta^2 + 0.00048theta omega + -0.00016omega^2
    Eq omega Phys: -5.2e-5*omega**2 + 5.0e-6*omega*theta + 0.000119*omega + 1.0e-6*theta**2 + 3.0e-6*theta + 2.0e-6

--- Chunk 11026 (27/220) | Start: 2024-09-22 10:20:00 ---
    RMSE omega (GP): nan | RMSE omega (Sim): nan
    Loss: 672.4359 | Epoch: 31
    Eq omega: nan1 + nantheta + nanomega + nantheta^2 + nantheta omega + nanomega^2
    Eq omega Phys: N/A

--- Chunk 11027 (28/220) | Start: 2024-09-22 10:25:00 ---
    RMSE omega (GP): 0.011816 | RMSE omega (Sim): 0.105078
    Loss: 22.9221 | Epoch: 1689
    Eq omega: -0.001751 + -0.00060theta + 0.00165omega + 0.00005theta^2 + -0.00019theta omega + 0.00087omega^2
    Eq omega Phys: 0.000543*omega**2 - 4.0e-6*omega*theta + 0.000126*omega - 2.0e-6*theta + 2.0e-5

--- Chunk 11028 (29/220) | Start: 2024-09-22 10:30:00 ---
    RMSE omega (GP): 0.014176 | RMSE omega (Sim): 0.058309
    Loss: 27.6859 | Epoch: 1551
    Eq omega: -0.002621 + 0.00070theta + -0.00225omega + 0.00008theta^2 + 0.00003theta omega + 0.00106omega^2
    Eq omega Phys: 0.000605*omega**2 + 1.0e-6*omega*theta - 8.4e-5*omega - 0.e-6*theta - 5.0e-6

--- Chunk 11029 (30/220) | Start: 2024-09-22 10:35:00 ---
    RMSE omega (GP): nan | RMSE omega (Sim): nan
    Loss: 6080.3706 | Epoch: 23
    Eq omega: nan1 + nantheta + nanomega + nantheta^2 + nantheta omega + nanomega^2
    Eq omega Phys: N/A

--- Chunk 11030 (31/220) | Start: 2024-09-22 10:40:00 ---
    RMSE omega (GP): 0.013540 | RMSE omega (Sim): 0.061580
    Loss: 25.5827 | Epoch: 1673
    Eq omega: -0.005591 + 0.00002theta + -0.00489omega + 0.00010theta^2 + 0.00015theta omega + -0.00099omega^2
    Eq omega Phys: -0.000569*omega**2 + 3.0e-6*omega*theta - 0.000211*omega - 2.0e-6*theta + 7.0e-6

--- Chunk 11031 (32/220) | Start: 2024-09-22 10:45:00 ---
    RMSE omega (GP): nan | RMSE omega (Sim): nan
    Loss: 62.4798 | Epoch: 95
    Eq omega: nan1 + nantheta + nanomega + nantheta^2 + nantheta omega + nanomega^2
    Eq omega Phys: N/A

--- Chunk 11032 (33/220) | Start: 2024-09-22 10:50:00 ---
    RMSE omega (GP): 0.011426 | RMSE omega (Sim): 0.141463
    Loss: 1.8862 | Epoch: 1313
    Eq omega: -0.002431 + -0.00109theta + -0.00027omega + -0.00003theta^2 + 0.00082theta omega + 0.00485omega^2
    Eq omega Phys: 0.001443*omega**2 + 8.0e-6*omega*theta + 0.00013*omega - 2.0e-6*theta - 3.3e-5

--- Chunk 11033 (34/220) | Start: 2024-09-22 10:55:00 ---
    RMSE omega (GP): 0.011967 | RMSE omega (Sim): 0.086309
    Loss: 7.8011 | Epoch: 803
    Eq omega: 0.000341 + -0.00091theta + -0.00023omega + 0.00001theta^2 + 0.00017theta omega + -0.00024omega^2
    Eq omega Phys: -9.5e-5*omega**2 + 2.0e-6*omega*theta + 3.0e-6*omega - 0.e-6*theta - 4.0e-6

--- Chunk 11034 (35/220) | Start: 2024-09-22 11:00:00 ---
    RMSE omega (GP): 0.029573 | RMSE omega (Sim): 0.137316
    Loss: 40.5057 | Epoch: 51
    Eq omega: -0.006291 + -0.00118theta + 0.00169omega + -0.00678theta^2 + -0.00006theta omega + -0.00168omega^2
    Eq omega Phys: -0.000525*omega**2 - 0.e-6*omega*theta + 5.8e-5*omega - 2.0e-6*theta**2 + 1.1e-5*theta - 3.5e-5

--- Chunk 11035 (36/220) | Start: 2024-09-22 11:05:00 ---
    RMSE omega (GP): 0.011443 | RMSE omega (Sim): 0.215682
    Loss: 2.1135 | Epoch: 906
    Eq omega: -0.000511 + -0.00323theta + -0.00386omega + -0.00068theta^2 + 0.00039theta omega + 0.00386omega^2
    Eq omega Phys: 0.001165*omega**2 + 4.0e-6*omega*theta - 0.000115*omega - 5.0e-6*theta - 1.8e-5

--- Chunk 11036 (37/220) | Start: 2024-09-22 11:10:00 ---
    RMSE omega (GP): nan | RMSE omega (Sim): nan
    Loss: 169166.9688 | Epoch: 16
    Eq omega: nan1 + nantheta + nanomega + nantheta^2 + nantheta omega + nanomega^2
    Eq omega Phys: N/A

--- Chunk 11037 (38/220) | Start: 2024-09-22 11:15:00 ---
    RMSE omega (GP): 0.033951 | RMSE omega (Sim): 0.071160
    Loss: 413.7802 | Epoch: 118
    Eq omega: -0.000951 + -0.00035theta + 0.00097omega + 0.00000theta^2 + -0.00004theta omega + 0.00024omega^2
    Eq omega Phys: 0.000197*omega**2 - 1.0e-6*omega*theta + 5.5e-5*omega + 7.0e-6

--- Chunk 11038 (39/220) | Start: 2024-09-22 11:20:00 ---
    RMSE omega (GP): 0.015195 | RMSE omega (Sim): 0.103366
    Loss: 11.4305 | Epoch: 1323
    Eq omega: 0.001001 + -0.00054theta + 0.00231omega + -0.00197theta^2 + -0.00075theta omega + 0.00038omega^2
    Eq omega Phys: 0.000143*omega**2 - 9.0e-6*omega*theta + 0.00011*omega - 0.e-6*theta**2 + 5.0e-6*theta - 5.0e-6

--- Chunk 11039 (40/220) | Start: 2024-09-22 11:25:00 ---
    RMSE omega (GP): 0.035428 | RMSE omega (Sim): 0.073545
    Loss: 277.2115 | Epoch: 126
    Eq omega: 0.000571 + 0.00007theta + 0.00048omega + 0.00000theta^2 + -0.00009theta omega + -0.00003omega^2
    Eq omega Phys: -2.0e-5*omega**2 - 2.0e-6*omega*theta + 6.7e-5*omega - 1.0e-6

--- Chunk 11040 (41/220) | Start: 2024-09-22 11:30:00 ---
    RMSE omega (GP): 0.013304 | RMSE omega (Sim): 0.038716
    Loss: 72.2738 | Epoch: 6993
    Eq omega: -0.000641 + -0.00017theta + -0.00065omega + 0.00001theta^2 + -0.00000theta omega + -0.00056omega^2
    Eq omega Phys: -0.000551*omega**2 - 2.2e-5*omega - 0.e-6*theta + 1.3e-5

--- Chunk 11041 (42/220) | Start: 2024-09-22 11:35:00 ---
    RMSE omega (GP): 0.029400 | RMSE omega (Sim): 0.080148
    Loss: 160.7417 | Epoch: 132
    Eq omega: -0.005161 + 0.00533theta + -0.00362omega + -0.01931theta^2 + 0.00464theta omega + -0.00240omega^2
    Eq omega Phys: -0.001483*omega**2 + 9.6e-5*omega*theta - 0.001071*omega - 1.3e-5*theta**2 + 0.00027*theta - 0.00138

--- Chunk 11042 (43/220) | Start: 2024-09-22 11:40:00 ---
    RMSE omega (GP): 0.013745 | RMSE omega (Sim): 0.120581
    Loss: 5.9760 | Epoch: 1017
    Eq omega: -0.000381 + -0.00232theta + -0.01222omega + 0.00055theta^2 + 0.00288theta omega + -0.00135omega^2
    Eq omega Phys: -0.000442*omega**2 + 3.1e-5*omega*theta - 0.00069*omega - 6.0e-6*theta + 3.8e-5

--- Chunk 11043 (44/220) | Start: 2024-09-22 11:45:00 ---
    RMSE omega (GP): nan | RMSE omega (Sim): nan
    Loss: 48.8154 | Epoch: 84
    Eq omega: nan1 + nantheta + nanomega + nantheta^2 + nantheta omega + nanomega^2
    Eq omega Phys: N/A

--- Chunk 11044 (45/220) | Start: 2024-09-22 11:50:00 ---
    RMSE omega (GP): 0.013528 | RMSE omega (Sim): 0.095949
    Loss: 9.5344 | Epoch: 1161
    Eq omega: 0.003061 + -0.00118theta + -0.00492omega + 0.00042theta^2 + 0.00026theta omega + 0.00418omega^2
    Eq omega Phys: 0.001681*omega**2 + 3.0e-6*omega*theta - 0.000184*omega - 3.0e-6*theta + 2.2e-5

--- Chunk 11045 (46/220) | Start: 2024-09-22 11:55:00 ---
    RMSE omega (GP): 0.012001 | RMSE omega (Sim): 0.083431
    Loss: 19.4392 | Epoch: 2042
    Eq omega: -0.000461 + 0.00052theta + 0.00148omega + -0.00007theta^2 + 0.00003theta omega + 0.00117omega^2
    Eq omega Phys: 0.000689*omega**2 + 1.0e-6*omega*theta + 3.6e-5*omega + 3.0e-6*theta - 3.6e-5

--- Chunk 11046 (47/220) | Start: 2024-09-22 12:00:00 ---
    RMSE omega (GP): nan | RMSE omega (Sim): nan
    Loss: 179.7974 | Epoch: 95
    Eq omega: nan1 + nantheta + nanomega + nantheta^2 + nantheta omega + nanomega^2
    Eq omega Phys: N/A

--- Chunk 11047 (48/220) | Start: 2024-09-22 12:05:00 ---
    RMSE omega (GP): 0.017702 | RMSE omega (Sim): 0.044428
    Loss: 75.6381 | Epoch: 2579
    Eq omega: 0.001071 + 0.00014theta + 0.00128omega + 0.00001theta^2 + 0.00004theta omega + -0.00034omega^2
    Eq omega Phys: -0.000259*omega**2 + 1.0e-6*omega*theta + 6.0e-6*omega + 7.0e-6

--- Chunk 11048 (49/220) | Start: 2024-09-22 12:10:00 ---
    RMSE omega (GP): 0.017991 | RMSE omega (Sim): 0.099092
    Loss: 79.0259 | Epoch: 780
    Eq omega: -0.001781 + -0.00036theta + 0.00383omega + -0.00006theta^2 + -0.00016theta omega + 0.00125omega^2
    Eq omega Phys: 0.00095*omega**2 - 4.0e-6*omega*theta + 0.000224*omega + 2.0e-6*theta - 2.2e-5

--- Chunk 11049 (50/220) | Start: 2024-09-22 12:15:00 ---
    RMSE omega (GP): 0.011606 | RMSE omega (Sim): 0.088332
    Loss: 3.5165 | Epoch: 1376
    Eq omega: 0.004121 + -0.69926theta + 0.00831omega + -0.00393theta^2 + 0.00263theta omega + -0.01744omega^2
    Eq omega Phys: -0.005979*omega**2 + 3.0e-5*omega*theta + 0.000273*omega - 1.0e-6*theta**2 - 0.000777*theta + 0.000114

  [Progress 50/220] Mean RMSE omega (GP): 0.018437 | (Sim): 0.102033 | Mean loss: 3729.5912 | Valid GP: 36/50 | Valid Sim: 36/50 | Elapsed: 18.3min | ETA: 62.3min

--- Chunk 11050 (51/220) | Start: 2024-09-22 12:20:00 ---
    RMSE omega (GP): 0.011098 | RMSE omega (Sim): 0.068767
    Loss: 13.5938 | Epoch: 1691
    Eq omega: -0.001311 + 0.00027theta + -0.00057omega + -0.00022theta^2 + 0.00082theta omega + 0.00083omega^2
    Eq omega Phys: 0.000444*omega**2 + 1.5e-5*omega*theta - 0.000128*omega + 2.0e-6*theta - 1.2e-5

--- Chunk 11051 (52/220) | Start: 2024-09-22 12:25:00 ---
    RMSE omega (GP): 0.014702 | RMSE omega (Sim): 0.053576
    Loss: 64.2676 | Epoch: 1455
    Eq omega: 0.032831 + -0.27285theta + -0.00411omega + 0.00016theta^2 + 0.05380theta omega + -0.00079omega^2
    Eq omega Phys: -0.000652*omega**2 + 0.001479*omega*theta - 0.033365*omega - 0.00031*theta + 0.006929

--- Chunk 11052 (53/220) | Start: 2024-09-22 12:30:00 ---
    RMSE omega (GP): 0.013329 | RMSE omega (Sim): 0.129775
    Loss: 3.8398 | Epoch: 1779
    Eq omega: 0.000311 + -0.00083theta + 0.00146omega + -0.00026theta^2 + -0.00283theta omega + -0.00614omega^2
    Eq omega Phys: -0.001844*omega**2 - 2.8e-5*omega*theta + 0.000389*omega + 1.0e-6*theta

--- Chunk 11053 (54/220) | Start: 2024-09-22 12:35:00 ---
    RMSE omega (GP): 0.018693 | RMSE omega (Sim): 0.123161
    Loss: 30.8014 | Epoch: 2000
    Eq omega: 0.003961 + 0.00164theta + -0.00499omega + -0.00046theta^2 + -0.00011theta omega + 0.00054omega^2
    Eq omega Phys: 0.000248*omega**2 - 2.0e-6*omega*theta - 0.000186*omega - 4.0e-6*theta - 2.0e-6

--- Chunk 11054 (55/220) | Start: 2024-09-22 12:40:00 ---
    RMSE omega (GP): 0.013600 | RMSE omega (Sim): 0.069956
    Loss: 3.5732 | Epoch: 1012
    Eq omega: 0.008631 + -0.24911theta + -0.00492omega + -0.00232theta^2 + 0.01404theta omega + -0.00721omega^2
    Eq omega Phys: -0.002137*omega**2 + 0.000139*omega*theta - 0.001903*omega - 0.e-6*theta**2 - 0.000258*theta + 0.003383

--- Chunk 11055 (56/220) | Start: 2024-09-22 12:45:00 ---
    RMSE omega (GP): nan | RMSE omega (Sim): nan
    Loss: 38.4920 | Epoch: 138
    Eq omega: nan1 + nantheta + nanomega + nantheta^2 + nantheta omega + nanomega^2
    Eq omega Phys: N/A

--- Chunk 11056 (57/220) | Start: 2024-09-22 12:50:00 ---
    RMSE omega (GP): 0.012786 | RMSE omega (Sim): 0.263837
    Loss: 3.4182 | Epoch: 1620
    Eq omega: 0.000451 + 0.00152theta + -0.00355omega + 0.00052theta^2 + 0.00052theta omega + -0.00177omega^2
    Eq omega Phys: -0.000541*omega**2 + 5.0e-6*omega*theta - 0.000142*omega - 2.0e-6

--- Chunk 11057 (58/220) | Start: 2024-09-22 12:55:00 ---
    RMSE omega (GP): nan | RMSE omega (Sim): nan
    Loss: 535.2520 | Epoch: 18
    Eq omega: nan1 + nantheta + nanomega + nantheta^2 + nantheta omega + nanomega^2
    Eq omega Phys: N/A

--- Chunk 11058 (59/220) | Start: 2024-09-22 13:00:00 ---
    RMSE omega (GP): 0.018746 | RMSE omega (Sim): 0.099845
    Loss: 14.4731 | Epoch: 1241
    Eq omega: 0.003061 + -0.00077theta + 0.00019omega + -0.00170theta^2 + 0.00112theta omega + 0.00020omega^2
    Eq omega Phys: 6.7e-5*omega**2 + 1.2e-5*omega*theta - 0.00014*omega - 0.e-6*theta**2 + 1.4e-5*theta - 6.6e-5

--- Chunk 11059 (60/220) | Start: 2024-09-22 13:05:00 ---
    RMSE omega (GP): 0.012505 | RMSE omega (Sim): 0.059671
    Loss: 21.9755 | Epoch: 1870
    Eq omega: 0.001541 + -0.00008theta + -0.00152omega + 0.00001theta^2 + 0.00000theta omega + 0.00003omega^2
    Eq omega Phys: 1.7e-5*omega**2 - 5.1e-5*omega + 4.0e-6

--- Chunk 11060 (61/220) | Start: 2024-09-22 13:10:00 ---
    RMSE omega (GP): 0.016363 | RMSE omega (Sim): 0.067869
    Loss: 55.2939 | Epoch: 2794
    Eq omega: 0.000391 + -0.00006theta + -0.00175omega + 0.00001theta^2 + 0.00001theta omega + 0.00041omega^2
    Eq omega Phys: 0.000293*omega**2 - 5.2e-5*omega + 5.0e-6

--- Chunk 11061 (62/220) | Start: 2024-09-22 13:15:00 ---
    RMSE omega (GP): nan | RMSE omega (Sim): nan
    Loss: 173.0259 | Epoch: 51
    Eq omega: nan1 + nantheta + nanomega + nantheta^2 + nantheta omega + nanomega^2
    Eq omega Phys: N/A

--- Chunk 11062 (63/220) | Start: 2024-09-22 13:20:00 ---
    RMSE omega (GP): nan | RMSE omega (Sim): nan
    Loss: 129.3779 | Epoch: 77
    Eq omega: nan1 + nantheta + nanomega + nantheta^2 + nantheta omega + nanomega^2
    Eq omega Phys: N/A

--- Chunk 11063 (64/220) | Start: 2024-09-22 13:25:00 ---
    RMSE omega (GP): 0.025851 | RMSE omega (Sim): 0.232490
    Loss: 42.1350 | Epoch: 164
    Eq omega: -0.000251 + -0.00035theta + -0.00037omega + 0.00021theta^2 + -0.00119theta omega + 0.00059omega^2
    Eq omega Phys: 0.00022*omega**2 - 1.5e-5*omega*theta - 6.8e-5*omega - 0.e-6

--- Chunk 11064 (65/220) | Start: 2024-09-22 13:30:00 ---
    RMSE omega (GP): 0.015119 | RMSE omega (Sim): 0.087117
    Loss: 14.5519 | Epoch: 1741
    Eq omega: 0.001521 + 0.00022theta + -0.00382omega + 0.00050theta^2 + -0.00006theta omega + -0.00154omega^2
    Eq omega Phys: -0.000619*omega**2 - 0.e-6*omega*theta - 0.000138*omega + 6.0e-6*theta + 5.0e-5

--- Chunk 11065 (66/220) | Start: 2024-09-22 13:35:00 ---
    RMSE omega (GP): 0.014702 | RMSE omega (Sim): 0.131095
    Loss: 6.9849 | Epoch: 1117
    Eq omega: -0.001031 + 0.00003theta + 0.00430omega + 0.00005theta^2 + -0.00022theta omega + -0.00005omega^2
    Eq omega Phys: -1.6e-5*omega**2 - 2.0e-6*omega*theta + 0.000146*omega - 4.0e-6

--- Chunk 11066 (67/220) | Start: 2024-09-22 13:40:00 ---
    RMSE omega (GP): 0.012210 | RMSE omega (Sim): 0.082230
    Loss: 10.5490 | Epoch: 1617
    Eq omega: 0.000441 + 0.00048theta + 0.00313omega + 0.00003theta^2 + -0.00059theta omega + -0.00339omega^2
    Eq omega Phys: -0.001496*omega**2 - 9.0e-6*omega*theta + 0.000248*omega - 4.0e-6

--- Chunk 11067 (68/220) | Start: 2024-09-22 13:45:00 ---
    RMSE omega (GP): nan | RMSE omega (Sim): nan
    Loss: 111.9750 | Epoch: 37
    Eq omega: nan1 + nantheta + nanomega + nantheta^2 + nantheta omega + nanomega^2
    Eq omega Phys: N/A

--- Chunk 11068 (69/220) | Start: 2024-09-22 13:50:00 ---
    RMSE omega (GP): nan | RMSE omega (Sim): nan
    Loss: 428.2622 | Epoch: 71
    Eq omega: nan1 + nantheta + nanomega + nantheta^2 + nantheta omega + nanomega^2
    Eq omega Phys: N/A

--- Chunk 11069 (70/220) | Start: 2024-09-22 13:55:00 ---
    RMSE omega (GP): 0.012872 | RMSE omega (Sim): nan
    Loss: 10.7007 | Epoch: 1914
    Eq omega: 0.011461 + -0.00666theta + 0.03949omega + -0.02845theta^2 + -0.00014theta omega + 0.00862omega^2
    Eq omega Phys: 0.003616*omega**2 - 2.0e-6*omega*theta + 0.001356*omega - 1.3e-5*theta**2 + 0.000535*theta - 0.005367

--- Chunk 11070 (71/220) | Start: 2024-09-22 14:00:00 ---
    RMSE omega (GP): nan | RMSE omega (Sim): nan
    Loss: 543.7714 | Epoch: 44
    Eq omega: nan1 + nantheta + nanomega + nantheta^2 + nantheta omega + nanomega^2
    Eq omega Phys: N/A

--- Chunk 11071 (72/220) | Start: 2024-09-22 14:05:00 ---
    RMSE omega (GP): 0.014073 | RMSE omega (Sim): 0.080375
    Loss: 13.7456 | Epoch: 890
    Eq omega: 0.000651 + 0.00424theta + 0.00224omega + 0.00395theta^2 + 0.00181theta omega + -0.00080omega^2
    Eq omega Phys: -0.000343*omega**2 + 2.6e-5*omega*theta + 9.9e-5*omega + 2.0e-6*theta**2 + 8.0e-6*theta + 8.0e-6

--- Chunk 11072 (73/220) | Start: 2024-09-22 14:10:00 ---
    RMSE omega (GP): 0.013462 | RMSE omega (Sim): 0.104202
    Loss: 7.0772 | Epoch: 737
    Eq omega: 0.001911 + -0.01260theta + 0.00229omega + -0.00457theta^2 + -0.00629theta omega + -0.00593omega^2
    Eq omega Phys: -0.002076*omega**2 - 7.3e-5*omega*theta + 0.000595*omega - 2.0e-6*theta**2 + 1.1e-5*theta + 1.6e-5

--- Chunk 11073 (74/220) | Start: 2024-09-22 14:15:00 ---
    RMSE omega (GP): 0.054716 | RMSE omega (Sim): 0.121386
    Loss: -42451.7734 | Epoch: 484
    Eq omega: 0.005161 + -0.00370theta + -0.00186omega + 0.00702theta^2 + 0.00351theta omega + 0.00197omega^2
    Eq omega Phys: 0.0006*omega**2 + 3.6e-5*omega*theta + 0.000258*omega + 2.0e-6*theta**2 + 3.9e-5*theta + 0.000174

--- Chunk 11074 (75/220) | Start: 2024-09-22 14:20:00 ---
    RMSE omega (GP): nan | RMSE omega (Sim): nan
    Loss: 134.0600 | Epoch: 21
    Eq omega: nan1 + nantheta + nanomega + nantheta^2 + nantheta omega + nanomega^2
    Eq omega Phys: N/A

--- Chunk 11075 (76/220) | Start: 2024-09-22 14:25:00 ---
    RMSE omega (GP): 0.012352 | RMSE omega (Sim): 0.168425
    Loss: 2.7141 | Epoch: 1967
    Eq omega: 0.001831 + -0.00044theta + -0.00044omega + 0.00022theta^2 + -0.00048theta omega + -0.00163omega^2
    Eq omega Phys: -0.000492*omega**2 - 5.0e-6*omega*theta + 7.0e-6*omega - 1.0e-6*theta + 1.1e-5

--- Chunk 11076 (77/220) | Start: 2024-09-22 14:30:00 ---
    RMSE omega (GP): 0.011865 | RMSE omega (Sim): 0.083107
    Loss: 8.0524 | Epoch: 2271
    Eq omega: -0.002531 + -0.00008theta + 0.00177omega + 0.00051theta^2 + 0.00047theta omega + 0.00409omega^2
    Eq omega Phys: 0.001694*omega**2 + 6.0e-6*omega*theta - 2.6e-5*omega - 6.0e-6*theta + 3.4e-5

--- Chunk 11077 (78/220) | Start: 2024-09-22 14:35:00 ---
    RMSE omega (GP): 0.014308 | RMSE omega (Sim): 0.068779
    Loss: 30.6335 | Epoch: 2510
    Eq omega: -0.001461 + -0.00008theta + 0.00057omega + -0.00001theta^2 + 0.00002theta omega + -0.00072omega^2
    Eq omega Phys: -0.000429*omega**2 + 1.1e-5*omega - 3.0e-6

--- Chunk 11078 (79/220) | Start: 2024-09-22 14:40:00 ---
    RMSE omega (GP): nan | RMSE omega (Sim): nan
    Loss: 167.8644 | Epoch: 17
    Eq omega: nan1 + nantheta + nanomega + nantheta^2 + nantheta omega + nanomega^2
    Eq omega Phys: N/A

--- Chunk 11079 (80/220) | Start: 2024-09-22 14:45:00 ---
    RMSE omega (GP): nan | RMSE omega (Sim): nan
    Loss: 232.8157 | Epoch: 58
    Eq omega: nan1 + nantheta + nanomega + nantheta^2 + nantheta omega + nanomega^2
    Eq omega Phys: N/A

--- Chunk 11080 (81/220) | Start: 2024-09-22 14:50:00 ---
    RMSE omega (GP): nan | RMSE omega (Sim): nan
    Loss: 687.2692 | Epoch: 17
    Eq omega: nan1 + nantheta + nanomega + nantheta^2 + nantheta omega + nanomega^2
    Eq omega Phys: N/A

--- Chunk 11081 (82/220) | Start: 2024-09-22 14:55:00 ---
    RMSE omega (GP): nan | RMSE omega (Sim): nan
    Loss: 12672.1768 | Epoch: 26
    Eq omega: nan1 + nantheta + nanomega + nantheta^2 + nantheta omega + nanomega^2
    Eq omega Phys: N/A

--- Chunk 11082 (83/220) | Start: 2024-09-22 15:00:00 ---
    RMSE omega (GP): nan | RMSE omega (Sim): nan
    Loss: 351.2963 | Epoch: 54
    Eq omega: nan1 + nantheta + nanomega + nantheta^2 + nantheta omega + nanomega^2
    Eq omega Phys: N/A

--- Chunk 11083 (84/220) | Start: 2024-09-22 15:05:00 ---
    RMSE omega (GP): 0.016109 | RMSE omega (Sim): 0.119044
    Loss: 7.6901 | Epoch: 1229
    Eq omega: 0.002461 + -0.00709theta + -0.00295omega + 0.00444theta^2 + 0.00378theta omega + 0.00077omega^2
    Eq omega Phys: 0.000235*omega**2 + 3.8e-5*omega*theta + 4.5e-5*omega + 2.0e-6*theta**2 + 3.0e-6*theta

--- Chunk 11084 (85/220) | Start: 2024-09-22 15:10:00 ---
    RMSE omega (GP): nan | RMSE omega (Sim): nan
    Loss: 19130.4004 | Epoch: 16
    Eq omega: nan1 + nantheta + nanomega + nantheta^2 + nantheta omega + nanomega^2
    Eq omega Phys: N/A

--- Chunk 11085 (86/220) | Start: 2024-09-22 15:15:00 ---
    RMSE omega (GP): 0.021636 | RMSE omega (Sim): 0.081991
    Loss: 289.4815 | Epoch: 725
    Eq omega: 0.000441 + -0.00001theta + -0.00036omega + -0.00000theta^2 + 0.00002theta omega + -0.00009omega^2
    Eq omega Phys: -7.5e-5*omega**2 + 1.0e-6*omega*theta - 3.0e-5*omega + 1.0e-6

--- Chunk 11086 (87/220) | Start: 2024-09-22 15:20:00 ---
    RMSE omega (GP): nan | RMSE omega (Sim): nan
    Loss: 212.8468 | Epoch: 159
    Eq omega: nan1 + nantheta + nanomega + nantheta^2 + nantheta omega + nanomega^2
    Eq omega Phys: N/A

--- Chunk 11087 (88/220) | Start: 2024-09-22 15:25:00 ---
    RMSE omega (GP): 0.016089 | RMSE omega (Sim): 0.077727
    Loss: 44.4090 | Epoch: 2076
    Eq omega: 0.001301 + -0.00010theta + -0.00101omega + 0.00001theta^2 + -0.00009theta omega + 0.00010omega^2
    Eq omega Phys: 6.3e-5*omega**2 - 2.0e-6*omega*theta + 2.0e-6*omega + 7.0e-6

--- Chunk 11088 (89/220) | Start: 2024-09-22 15:30:00 ---
    RMSE omega (GP): nan | RMSE omega (Sim): nan
    Loss: 15475.1133 | Epoch: 16
    Eq omega: nan1 + nantheta + nanomega + nantheta^2 + nantheta omega + nanomega^2
    Eq omega Phys: N/A

--- Chunk 11089 (90/220) | Start: 2024-09-22 15:35:00 ---
    RMSE omega (GP): nan | RMSE omega (Sim): nan
    Loss: 2161.9407 | Epoch: 58
    Eq omega: nan1 + nantheta + nanomega + nantheta^2 + nantheta omega + nanomega^2
    Eq omega Phys: N/A

--- Chunk 11090 (91/220) | Start: 2024-09-22 15:40:00 ---
    RMSE omega (GP): 0.018677 | RMSE omega (Sim): 0.045125
    Loss: 124.1303 | Epoch: 1912
    Eq omega: -0.002171 + 0.00233theta + 0.00068omega + 0.00102theta^2 + 0.00010theta omega + 0.00012omega^2
    Eq omega Phys: 0.000107*omega**2 + 3.0e-6*omega*theta - 6.2e-5*omega + 1.0e-6*theta**2 - 5.5e-5*theta + 0.000741

--- Chunk 11091 (92/220) | Start: 2024-09-22 15:45:00 ---
    RMSE omega (GP): 0.023881 | RMSE omega (Sim): 0.039963
    Loss: 382.7147 | Epoch: 342
    Eq omega: -0.002981 + -0.00009theta + -0.02513omega + -0.00000theta^2 + -0.00003theta omega + -0.00007omega^2
    Eq omega Phys: -7.8e-5*omega**2 - 1.0e-6*omega*theta - 0.000802*omega

--- Chunk 11092 (93/220) | Start: 2024-09-22 15:50:00 ---
    RMSE omega (GP): 0.013266 | RMSE omega (Sim): 0.057441
    Loss: 33.2876 | Epoch: 2182
    Eq omega: 0.002961 + -0.00051theta + 0.00071omega + 0.00006theta^2 + -0.00017theta omega + -0.00168omega^2
    Eq omega Phys: -0.001119*omega**2 - 4.0e-6*omega*theta + 9.8e-5*omega - 2.0e-6*theta + 3.3e-5

--- Chunk 11093 (94/220) | Start: 2024-09-22 15:55:00 ---
    RMSE omega (GP): nan | RMSE omega (Sim): nan
    Loss: 58265.1406 | Epoch: 16
    Eq omega: nan1 + nantheta + nanomega + nantheta^2 + nantheta omega + nanomega^2
    Eq omega Phys: N/A

--- Chunk 11094 (95/220) | Start: 2024-09-22 16:00:00 ---
    RMSE omega (GP): 0.017660 | RMSE omega (Sim): 0.035737
    Loss: 70.3734 | Epoch: 2252
    Eq omega: 0.000061 + -0.00004theta + -0.00010omega + 0.00002theta^2 + 0.00000theta omega + 0.00061omega^2
    Eq omega Phys: 0.000567*omega**2 - 3.0e-6*omega - 0.e-6*theta + 1.2e-5

--- Chunk 11095 (96/220) | Start: 2024-09-22 16:05:00 ---
    RMSE omega (GP): nan | RMSE omega (Sim): nan
    Loss: 7016.3223 | Epoch: 36
    Eq omega: nan1 + nantheta + nanomega + nantheta^2 + nantheta omega + nanomega^2
    Eq omega Phys: N/A

--- Chunk 11096 (97/220) | Start: 2024-09-22 16:10:00 ---
    RMSE omega (GP): 0.014297 | RMSE omega (Sim): 0.189745
    Loss: 0.4423 | Epoch: 1745
    Eq omega: -0.006471 + -0.00222theta + -0.00069omega + 0.00129theta^2 + -0.00129theta omega + -0.00316omega^2
    Eq omega Phys: -0.000778*omega**2 - 1.1e-5*omega*theta + 0.000249*omega - 2.1e-5*theta + 0.000266

--- Chunk 11097 (98/220) | Start: 2024-09-22 16:15:00 ---
    RMSE omega (GP): 0.026124 | RMSE omega (Sim): 0.125613
    Loss: 36.8187 | Epoch: 158
    Eq omega: 0.006551 + -0.00076theta + 0.00059omega + 0.00817theta^2 + -0.00023theta omega + -0.00132omega^2
    Eq omega Phys: -0.000468*omega**2 - 3.0e-6*omega*theta + 2.6e-5*omega + 3.0e-6*theta**2 - 1.5e-5*theta + 3.7e-5

--- Chunk 11098 (99/220) | Start: 2024-09-22 16:20:00 ---
    RMSE omega (GP): 0.015662 | RMSE omega (Sim): 0.146826
    Loss: 5.0375 | Epoch: 1721
    Eq omega: 0.023071 + -0.25871theta + -0.00058omega + -0.13639theta^2 + 0.00279theta omega + 0.02362omega^2
    Eq omega Phys: 0.006959*omega**2 + 2.7e-5*omega*theta - 0.000312*omega - 4.5e-5*theta**2 + 0.000668*theta - 0.001948

--- Chunk 11099 (100/220) | Start: 2024-09-22 16:25:00 ---
    RMSE omega (GP): nan | RMSE omega (Sim): nan
    Loss: 60.4531 | Epoch: 57
    Eq omega: nan1 + nantheta + nanomega + nantheta^2 + nantheta omega + nanomega^2
    Eq omega Phys: N/A

  [Progress 100/220] Mean RMSE omega (GP): 0.017886 | (Sim): 0.102893 | Mean loss: 2639.0841 | Valid GP: 66/100 | Valid Sim: 65/100 | Elapsed: 34.0min | ETA: 40.8min

--- Chunk 11100 (101/220) | Start: 2024-09-22 16:30:00 ---
    RMSE omega (GP): 0.016377 | RMSE omega (Sim): 0.185903
    Loss: 12.2118 | Epoch: 2732
    Eq omega: 0.001261 + 0.00073theta + 0.00043omega + -0.00002theta^2 + 0.00022theta omega + -0.00021omega^2
    Eq omega Phys: -7.5e-5*omega**2 + 3.0e-6*omega*theta + 6.8e-5*omega + 1.7e-5

--- Chunk 11101 (102/220) | Start: 2024-09-22 16:35:00 ---
    RMSE omega (GP): 0.012937 | RMSE omega (Sim): 0.114681
    Loss: 6.2344 | Epoch: 992
    Eq omega: -0.002101 + 0.00132theta + -0.00963omega + -0.00060theta^2 + -0.06136theta omega + 0.00276omega^2
    Eq omega Phys: 0.000955*omega**2 - 0.000708*omega*theta + 0.000564*omega + 2.0e-6*theta - 9.0e-6

--- Chunk 11102 (103/220) | Start: 2024-09-22 16:40:00 ---
    RMSE omega (GP): 0.014292 | RMSE omega (Sim): 0.071184
    Loss: 0.6362 | Epoch: 2090
    Eq omega: 0.000711 + -0.21068theta + 0.00204omega + 0.00336theta^2 + -0.00201theta omega + -0.00012omega^2
    Eq omega Phys: -2.7e-5*omega**2 - 1.5e-5*omega*theta - 0.000159*omega + 1.0e-6*theta**2 - 0.000209*theta - 0.003361

--- Chunk 11103 (104/220) | Start: 2024-09-22 16:45:00 ---
    RMSE omega (GP): 0.013706 | RMSE omega (Sim): 0.068786
    Loss: 23.8551 | Epoch: 1388
    Eq omega: -0.000081 + 0.00119theta + -0.00050omega + 0.00007theta^2 + 0.00003theta omega + -0.00015omega^2
    Eq omega Phys: -8.3e-5*omega**2 + 1.0e-6*omega*theta - 2.4e-5*omega - 1.0e-5

--- Chunk 11104 (105/220) | Start: 2024-09-22 16:50:00 ---
    RMSE omega (GP): 0.036717 | RMSE omega (Sim): 0.101272
    Loss: -11701.9355 | Epoch: 665
    Eq omega: -0.028301 + -0.00947theta + 0.00019omega + -0.00126theta^2 + -0.00064theta omega + 0.00037omega^2
    Eq omega Phys: 0.00013*omega**2 - 8.0e-6*omega*theta + 0.000169*omega + 1.1e-5*theta - 9.2e-5

--- Chunk 11105 (106/220) | Start: 2024-09-22 16:55:00 ---
    RMSE omega (GP): 0.012597 | RMSE omega (Sim): 0.102289
    Loss: 20.5935 | Epoch: 4556
    Eq omega: 0.003221 + -0.06720theta + -0.04665omega + -0.00539theta^2 + -0.00002theta omega + -0.00074omega^2
    Eq omega Phys: -0.000423*omega**2 - 0.001566*omega - 3.0e-6*theta**2 - 0.00028*theta - 0.005329

--- Chunk 11106 (107/220) | Start: 2024-09-22 17:00:00 ---
    RMSE omega (GP): 0.021724 | RMSE omega (Sim): 0.072000
    Loss: 80.6177 | Epoch: 232
    Eq omega: -0.000121 + 0.00003theta + -0.00053omega + 0.00002theta^2 + -0.00005theta omega + 0.00058omega^2
    Eq omega Phys: 0.000353*omega**2 - 1.0e-6*omega*theta - 3.5e-5*omega + 1.0e-6*theta + 4.0e-6

--- Chunk 11107 (108/220) | Start: 2024-09-22 17:05:00 ---
    RMSE omega (GP): 0.033221 | RMSE omega (Sim): 0.189600
    Loss: 33.8051 | Epoch: 523
    Eq omega: 0.001211 + -0.01442theta + -0.00169omega + -0.00360theta^2 + 0.00342theta omega + 0.01081omega^2
    Eq omega Phys: 0.004078*omega**2 + 4.3e-5*omega*theta + 1.5e-5*omega - 2.0e-6*theta**2 - 2.1e-5*theta - 2.7e-5

--- Chunk 11108 (109/220) | Start: 2024-09-22 17:10:00 ---
    RMSE omega (GP): 0.034021 | RMSE omega (Sim): 0.098166
    Loss: 67.8432 | Epoch: 1234
    Eq omega: -0.001131 + -0.02429theta + -0.00643omega + -0.00040theta^2 + -0.00125theta omega + 0.00252omega^2
    Eq omega Phys: 0.000902*omega**2 - 1.5e-5*omega*theta - 1.8e-5*omega - 2.3e-5*theta + 0.000324

--- Chunk 11109 (110/220) | Start: 2024-09-22 17:15:00 ---
    RMSE omega (GP): nan | RMSE omega (Sim): nan
    Loss: 52.8524 | Epoch: 38
    Eq omega: nan1 + nantheta + nanomega + nantheta^2 + nantheta omega + nanomega^2
    Eq omega Phys: N/A

--- Chunk 11110 (111/220) | Start: 2024-09-22 17:20:00 ---
    RMSE omega (GP): 0.014678 | RMSE omega (Sim): 0.118644
    Loss: 1.9441 | Epoch: 3697
    Eq omega: 0.013991 + -0.05755theta + -0.00629omega + -0.00010theta^2 + -0.00111theta omega + -0.00325omega^2
    Eq omega Phys: -0.000865*omega**2 - 1.0e-5*omega*theta + 7.0e-6*omega - 6.3e-5*theta + 0.001449

--- Chunk 11111 (112/220) | Start: 2024-09-22 17:25:00 ---
    RMSE omega (GP): 0.013454 | RMSE omega (Sim): 0.124112
    Loss: 16.7772 | Epoch: 2673
    Eq omega: -0.002451 + -0.00094theta + 0.00547omega + -0.00013theta^2 + -0.00054theta omega + -0.00009omega^2
    Eq omega Phys: -4.4e-5*omega**2 - 9.0e-6*omega*theta + 3.1e-5*omega - 3.0e-6*theta - 4.5e-5

--- Chunk 11112 (113/220) | Start: 2024-09-22 17:30:00 ---
    RMSE omega (GP): 0.029526 | RMSE omega (Sim): 0.146580
    Loss: 55.6371 | Epoch: 646
    Eq omega: 0.003831 + -0.01812theta + 0.00141omega + 0.00102theta^2 + -0.01174theta omega + -0.00099omega^2
    Eq omega Phys: -0.000339*omega**2 - 0.000134*omega*theta + 0.000914*omega - 2.5e-5*theta + 0.000159

--- Chunk 11113 (114/220) | Start: 2024-09-22 17:35:00 ---
    RMSE omega (GP): 0.013734 | RMSE omega (Sim): 0.071827
    Loss: 72.9370 | Epoch: 2693
    Eq omega: 0.000181 + 0.00004theta + 0.00020omega + 0.00001theta^2 + 0.00002theta omega + 0.00017omega^2
    Eq omega Phys: 0.000156*omega**2 + 1.0e-6*omega*theta - 5.0e-6*omega + 3.0e-6

--- Chunk 11114 (115/220) | Start: 2024-09-22 17:40:00 ---
    RMSE omega (GP): nan | RMSE omega (Sim): nan
    Loss: 68043.6250 | Epoch: 5
    Eq omega: nan1 + nantheta + nanomega + nantheta^2 + nantheta omega + nanomega^2
    Eq omega Phys: N/A

--- Chunk 11115 (116/220) | Start: 2024-09-22 17:45:00 ---
    RMSE omega (GP): 0.013446 | RMSE omega (Sim): 0.093477
    Loss: 34.1542 | Epoch: 960
    Eq omega: -0.004301 + -0.00234theta + 0.00193omega + -0.00185theta^2 + 0.00318theta omega + -0.00143omega^2
    Eq omega Phys: -0.000957*omega**2 + 7.1e-5*omega*theta + 0.000254*omega - 1.0e-6*theta**2 - 1.0e-5*theta - 2.4e-5

--- Chunk 11116 (117/220) | Start: 2024-09-22 17:50:00 ---
    RMSE omega (GP): 0.025253 | RMSE omega (Sim): 0.048433
    Loss: 55.4912 | Epoch: 595
    Eq omega: -0.000251 + -0.06410theta + -0.00488omega + 0.00366theta^2 + -0.00020theta omega + -0.00023omega^2
    Eq omega Phys: -0.000105*omega**2 - 3.0e-6*omega*theta - 8.2e-5*omega + 2.0e-6*theta**2 - 0.00017*theta + 0.003199

--- Chunk 11117 (118/220) | Start: 2024-09-22 17:55:00 ---
    RMSE omega (GP): 0.012096 | RMSE omega (Sim): 0.042176
    Loss: 80.3093 | Epoch: 2717
    Eq omega: 0.000711 + -0.00003theta + 0.00010omega + -0.00000theta^2 + 0.00000theta omega + -0.00005omega^2
    Eq omega Phys: -5.4e-5*omega**2 + 3.0e-6*omega + 2.0e-6

--- Chunk 11118 (119/220) | Start: 2024-09-22 18:00:00 ---
    RMSE omega (GP): 0.010760 | RMSE omega (Sim): 0.170583
    Loss: 3.3310 | Epoch: 1330
    Eq omega: -0.000071 + 0.00223theta + 0.00383omega + 0.00012theta^2 + -0.00090theta omega + -0.00094omega^2
    Eq omega Phys: -0.000333*omega**2 - 1.1e-5*omega*theta + 0.000239*omega + 1.0e-6*theta - 2.1e-5

--- Chunk 11119 (120/220) | Start: 2024-09-22 18:05:00 ---
    RMSE omega (GP): 0.011164 | RMSE omega (Sim): 0.065845
    Loss: 8.2724 | Epoch: 1776
    Eq omega: -0.006971 + -0.19506theta + -0.00428omega + -0.00089theta^2 + -0.00192theta omega + -0.00266omega^2
    Eq omega Phys: -0.00119*omega**2 - 2.9e-5*omega*theta + 5.1e-5*omega - 0.000211*theta + 0.00143

--- Chunk 11120 (121/220) | Start: 2024-09-22 18:10:00 ---
    RMSE omega (GP): 0.013002 | RMSE omega (Sim): 0.079316
    Loss: 11.2868 | Epoch: 2293
    Eq omega: -0.001741 + -0.00032theta + 0.00117omega + -0.00001theta^2 + 0.00094theta omega + 0.00016omega^2
    Eq omega Phys: 7.0e-5*omega**2 + 1.4e-5*omega*theta + 0.00035*omega - 0.e-6*theta - 1.5e-5

--- Chunk 11121 (122/220) | Start: 2024-09-22 18:15:00 ---
    RMSE omega (GP): nan | RMSE omega (Sim): nan
    Loss: 72.0797 | Epoch: 113
    Eq omega: nan1 + nantheta + nanomega + nantheta^2 + nantheta omega + nanomega^2
    Eq omega Phys: N/A

--- Chunk 11122 (123/220) | Start: 2024-09-22 18:20:00 ---
    RMSE omega (GP): 0.012668 | RMSE omega (Sim): 0.048970
    Loss: 32.3447 | Epoch: 2750
    Eq omega: 0.000941 + -0.00031theta + -0.00214omega + 0.00002theta^2 + -0.00002theta omega + -0.00102omega^2
    Eq omega Phys: -0.00072*omega**2 - 6.2e-5*omega - 0.e-6*theta + 1.4e-5

--- Chunk 11123 (124/220) | Start: 2024-09-22 18:25:00 ---
    RMSE omega (GP): nan | RMSE omega (Sim): nan
    Loss: 6186.6963 | Epoch: 15
    Eq omega: nan1 + nantheta + nanomega + nantheta^2 + nantheta omega + nanomega^2
    Eq omega Phys: N/A

--- Chunk 11124 (125/220) | Start: 2024-09-22 18:30:00 ---
    RMSE omega (GP): 0.027214 | RMSE omega (Sim): 0.119241
    Loss: 30.0498 | Epoch: 656
    Eq omega: -0.007481 + -0.03302theta + -0.00064omega + -0.00113theta^2 + -0.00021theta omega + 0.00382omega^2
    Eq omega Phys: 0.001151*omega**2 - 2.0e-6*omega*theta - 6.0e-6*omega - 3.1e-5*theta + 0.000224

--- Chunk 11125 (126/220) | Start: 2024-09-22 18:35:00 ---
    RMSE omega (GP): 0.014911 | RMSE omega (Sim): 0.265221
    Loss: 9.4046 | Epoch: 2042
    Eq omega: 0.003401 + 0.00055theta + 0.00066omega + 0.00016theta^2 + 0.00002theta omega + -0.00010omega^2
    Eq omega Phys: -3.5e-5*omega**2 + 2.1e-5*omega + 9.0e-6

--- Chunk 11126 (127/220) | Start: 2024-09-22 18:40:00 ---
    RMSE omega (GP): 0.014183 | RMSE omega (Sim): 0.068940
    Loss: 1.2234 | Epoch: 1447
    Eq omega: 0.000711 + -0.19371theta + 0.00268omega + -0.01272theta^2 + -0.00483theta omega + 0.00489omega^2
    Eq omega Phys: 0.001133*omega**2 - 3.7e-5*omega*theta + 1.8e-5*omega - 3.0e-6*theta**2 - 0.000228*theta - 0.000423

--- Chunk 11127 (128/220) | Start: 2024-09-22 18:45:00 ---
    RMSE omega (GP): 0.034765 | RMSE omega (Sim): 0.105305
    Loss: 68.9992 | Epoch: 666
    Eq omega: 0.027711 + -0.14138theta + -0.00756omega + 0.02217theta^2 + -0.00241theta omega + 0.00064omega^2
    Eq omega Phys: 0.00023*omega**2 - 2.9e-5*omega*theta - 0.00078*omega + 9.0e-6*theta**2 + 0.000167*theta + 0.000176

--- Chunk 11128 (129/220) | Start: 2024-09-22 18:50:00 ---
    RMSE omega (GP): nan | RMSE omega (Sim): nan
    Loss: 48.4570 | Epoch: 59
    Eq omega: nan1 + nantheta + nanomega + nantheta^2 + nantheta omega + nanomega^2
    Eq omega Phys: N/A

--- Chunk 11129 (130/220) | Start: 2024-09-22 18:55:00 ---
    RMSE omega (GP): nan | RMSE omega (Sim): nan
    Loss: 130.2518 | Epoch: 163
    Eq omega: nan1 + nantheta + nanomega + nantheta^2 + nantheta omega + nanomega^2
    Eq omega Phys: N/A

--- Chunk 11130 (131/220) | Start: 2024-09-22 19:00:00 ---
    RMSE omega (GP): nan | RMSE omega (Sim): nan
    Loss: 94.4978 | Epoch: 28
    Eq omega: nan1 + nantheta + nanomega + nantheta^2 + nantheta omega + nanomega^2
    Eq omega Phys: N/A

--- Chunk 11131 (132/220) | Start: 2024-09-22 19:05:00 ---
    RMSE omega (GP): 0.029603 | RMSE omega (Sim): 0.106337
    Loss: 75.9715 | Epoch: 144
    Eq omega: 0.001491 + 0.00027theta + -0.00153omega + 0.00009theta^2 + -0.00015theta omega + 0.00055omega^2
    Eq omega Phys: 0.000237*omega**2 - 2.0e-6*omega*theta - 0.e-6*omega - 2.0e-6*theta + 2.0e-5

--- Chunk 11132 (133/220) | Start: 2024-09-22 19:10:00 ---
    RMSE omega (GP): 0.011167 | RMSE omega (Sim): 0.110139
    Loss: 7.7900 | Epoch: 2008
    Eq omega: 0.000061 + -0.00342theta + -0.00067omega + -0.00039theta^2 + 0.00108theta omega + -0.00372omega^2
    Eq omega Phys: -0.001579*omega**2 + 1.5e-5*omega*theta - 0.000188*omega + 2.0e-5

--- Chunk 11133 (134/220) | Start: 2024-09-22 19:15:00 ---
    RMSE omega (GP): nan | RMSE omega (Sim): nan
    Loss: 300.1658 | Epoch: 33
    Eq omega: nan1 + nantheta + nanomega + nantheta^2 + nantheta omega + nanomega^2
    Eq omega Phys: N/A

--- Chunk 11134 (135/220) | Start: 2024-09-22 19:20:00 ---
    RMSE omega (GP): 0.011807 | RMSE omega (Sim): 0.054435
    Loss: 38.6737 | Epoch: 4120
    Eq omega: -0.000191 + 0.00073theta + 0.00010omega + -0.00001theta^2 + -0.00003theta omega + 0.00014omega^2
    Eq omega Phys: 0.000109*omega**2 - 0.e-6*omega*theta + 2.1e-5*omega + 1.0e-6*theta - 2.3e-5

--- Chunk 11135 (136/220) | Start: 2024-09-22 19:25:00 ---
    RMSE omega (GP): 0.028982 | RMSE omega (Sim): 0.037811
    Loss: 333.8682 | Epoch: 156
    Eq omega: -0.002021 + -0.01256theta + -0.00118omega + -0.00019theta^2 + -0.00102theta omega + 0.00001omega^2
    Eq omega Phys: 9.0e-6*omega**2 - 2.9e-5*omega*theta + 0.000803*omega - 3.0e-6*theta + 0.000249

--- Chunk 11136 (137/220) | Start: 2024-09-22 19:30:00 ---
    RMSE omega (GP): 0.013275 | RMSE omega (Sim): 0.065467
    Loss: 18.8759 | Epoch: 849
    Eq omega: -0.001001 + 0.00013theta + -0.00352omega + 0.00003theta^2 + -0.00048theta omega + 0.00038omega^2
    Eq omega Phys: 0.000195*omega**2 - 8.0e-6*omega*theta + 9.0e-6*omega

--- Chunk 11137 (138/220) | Start: 2024-09-22 19:35:00 ---
    RMSE omega (GP): nan | RMSE omega (Sim): nan
    Loss: 179.3452 | Epoch: 60
    Eq omega: nan1 + nantheta + nanomega + nantheta^2 + nantheta omega + nanomega^2
    Eq omega Phys: N/A

--- Chunk 11138 (139/220) | Start: 2024-09-22 19:40:00 ---
    RMSE omega (GP): nan | RMSE omega (Sim): nan
    Loss: 43.0026 | Epoch: 149
    Eq omega: nan1 + nantheta + nanomega + nantheta^2 + nantheta omega + nanomega^2
    Eq omega Phys: N/A

--- Chunk 11139 (140/220) | Start: 2024-09-22 19:45:00 ---
    RMSE omega (GP): 0.064567 | RMSE omega (Sim): 0.041859
    Loss: 5038.7427 | Epoch: 27
    Eq omega: 0.002771 + -0.00066theta + 0.00022omega + -0.00005theta^2 + -0.00001theta omega + 0.00006omega^2
    Eq omega Phys: 4.8e-5*omega**2 + 1.4e-5*omega + 1.0e-6*theta - 5.0e-6

--- Chunk 11140 (141/220) | Start: 2024-09-22 19:50:00 ---
    RMSE omega (GP): 0.019095 | RMSE omega (Sim): 0.112775
    Loss: 45.0622 | Epoch: 1243
    Eq omega: -0.003281 + -0.10004theta + 0.00655omega + -0.00565theta^2 + 0.00160theta omega + -0.00157omega^2
    Eq omega Phys: -0.000818*omega**2 + 2.8e-5*omega*theta - 0.000546*omega - 3.0e-6*theta**2 + 6.9e-5*theta + 0.000577

--- Chunk 11141 (142/220) | Start: 2024-09-22 19:55:00 ---
    RMSE omega (GP): nan | RMSE omega (Sim): nan
    Loss: 141.4400 | Epoch: 45
    Eq omega: nan1 + nantheta + nanomega + nantheta^2 + nantheta omega + nanomega^2
    Eq omega Phys: N/A

--- Chunk 11142 (143/220) | Start: 2024-09-22 20:00:00 ---
    RMSE omega (GP): 0.012840 | RMSE omega (Sim): 0.122691
    Loss: 10.1132 | Epoch: 1789
    Eq omega: -0.005651 + -0.31494theta + -0.03574omega + -0.00058theta^2 + 0.00864theta omega + -0.00409omega^2
    Eq omega Phys: -0.001693*omega**2 + 0.000119*omega*theta - 0.002351*omega - 0.000345*theta + 0.003363

--- Chunk 11143 (144/220) | Start: 2024-09-22 20:05:00 ---
    RMSE omega (GP): 0.015529 | RMSE omega (Sim): 0.092244
    Loss: 14.3175 | Epoch: 1528
    Eq omega: 0.000371 + 0.00037theta + -0.00105omega + 0.00006theta^2 + 0.00001theta omega + 0.00002omega^2
    Eq omega Phys: 8.0e-6*omega**2 - 3.3e-5*omega + 1.0e-6*theta + 1.5e-5

--- Chunk 11144 (145/220) | Start: 2024-09-22 20:10:00 ---
    RMSE omega (GP): 0.014751 | RMSE omega (Sim): 0.067216
    Loss: 14.3927 | Epoch: 1039
    Eq omega: -0.000881 + -0.81886theta + -0.01538omega + -0.02126theta^2 + 0.01024theta omega + -0.00497omega^2
    Eq omega Phys: -0.002074*omega**2 + 0.000142*omega*theta - 0.000168*omega - 1.0e-5*theta**2 - 0.000958*theta - 0.00226

--- Chunk 11145 (146/220) | Start: 2024-09-22 20:15:00 ---
    RMSE omega (GP): 0.012622 | RMSE omega (Sim): 0.100165
    Loss: 3.0331 | Epoch: 1837
    Eq omega: 0.004651 + -0.11049theta + 0.00559omega + -0.00152theta^2 + -0.00106theta omega + 0.00413omega^2
    Eq omega Phys: 0.001247*omega**2 - 1.1e-5*omega*theta + 0.000174*omega - 0.e-6*theta**2 - 0.000124*theta - 0.000129

--- Chunk 11146 (147/220) | Start: 2024-09-22 20:20:00 ---
    RMSE omega (GP): 0.012073 | RMSE omega (Sim): 0.115003
    Loss: 17.2168 | Epoch: 2239
    Eq omega: 0.002471 + 0.00054theta + -0.00338omega + 0.00014theta^2 + -0.00011theta omega + -0.00014omega^2
    Eq omega Phys: -7.5e-5*omega**2 - 2.0e-6*omega*theta - 8.6e-5*omega - 2.0e-6*theta + 1.2e-5

--- Chunk 11147 (148/220) | Start: 2024-09-22 20:25:00 ---
    RMSE omega (GP): 0.023633 | RMSE omega (Sim): 0.032459
    Loss: 504.7990 | Epoch: 252
    Eq omega: 0.000031 + -0.00001theta + 0.00009omega + -0.00001theta^2 + -0.00000theta omega + -0.00001omega^2
    Eq omega Phys: -1.4e-5*omega**2 + 3.0e-6*omega + 1.0e-6*theta - 1.4e-5

--- Chunk 11148 (149/220) | Start: 2024-09-22 20:30:00 ---
    RMSE omega (GP): nan | RMSE omega (Sim): nan
    Loss: 391.3374 | Epoch: 77
    Eq omega: nan1 + nantheta + nanomega + nantheta^2 + nantheta omega + nanomega^2
    Eq omega Phys: N/A

--- Chunk 11149 (150/220) | Start: 2024-09-22 20:35:00 ---
    RMSE omega (GP): 0.040805 | RMSE omega (Sim): 0.104927
    Loss: 144.1660 | Epoch: 109
    Eq omega: -0.011271 + -0.00295theta + -0.00109omega + -0.00047theta^2 + -0.00191theta omega + -0.00102omega^2
    Eq omega Phys: -0.000399*omega**2 - 2.5e-5*omega*theta + 0.000423*omega + 4.0e-6*theta - 4.1e-5

  [Progress 150/220] Mean RMSE omega (GP): 0.018728 | (Sim): 0.101205 | Mean loss: 2232.5680 | Valid GP: 104/150 | Valid Sim: 103/150 | Elapsed: 53.8min | ETA: 25.1min

--- Chunk 11150 (151/220) | Start: 2024-09-22 20:40:00 ---
    RMSE omega (GP): 0.015157 | RMSE omega (Sim): 0.159382
    Loss: 14.2811 | Epoch: 1275
    Eq omega: -0.003071 + -0.00104theta + -0.00210omega + 0.00030theta^2 + 0.00044theta omega + -0.00172omega^2
    Eq omega Phys: -0.000689*omega**2 + 6.0e-6*omega*theta + 1.3e-5*omega + 3.0e-6*theta + 2.0e-6

--- Chunk 11151 (152/220) | Start: 2024-09-22 20:45:00 ---
    RMSE omega (GP): 0.007057 | RMSE omega (Sim): 0.080764
    Loss: 0.8335 | Epoch: 1165
    Eq omega: -0.004371 + -0.91745theta + -0.00101omega + 0.00195theta^2 + 0.01188theta omega + -0.00824omega^2
    Eq omega Phys: -0.003501*omega**2 + 0.000168*omega*theta + 0.000429*omega + 1.0e-6*theta**2 - 0.001014*theta - 0.002808

--- Chunk 11152 (153/220) | Start: 2024-09-22 20:50:00 ---
    RMSE omega (GP): 0.010816 | RMSE omega (Sim): 0.108002
    Loss: 3.1167 | Epoch: 996
    Eq omega: 0.010301 + -0.51862theta + 0.00277omega + 0.00413theta^2 + 0.01685theta omega + 0.00196omega^2
    Eq omega Phys: 0.000681*omega**2 + 0.000195*omega*theta - 0.000535*omega + 2.0e-6*theta**2 - 0.000586*theta + 0.0019

--- Chunk 11153 (154/220) | Start: 2024-09-22 20:55:00 ---
    RMSE omega (GP): nan | RMSE omega (Sim): nan
    Loss: 86.0206 | Epoch: 45
    Eq omega: nan1 + nantheta + nanomega + nantheta^2 + nantheta omega + nanomega^2
    Eq omega Phys: N/A

--- Chunk 11154 (155/220) | Start: 2024-09-22 21:00:00 ---
    RMSE omega (GP): nan | RMSE omega (Sim): nan
    Loss: 33.9671 | Epoch: 44
    Eq omega: nan1 + nantheta + nanomega + nantheta^2 + nantheta omega + nanomega^2
    Eq omega Phys: N/A

--- Chunk 11155 (156/220) | Start: 2024-09-22 21:05:00 ---
    RMSE omega (GP): 0.011149 | RMSE omega (Sim): 0.076930
    Loss: 9.0850 | Epoch: 1292
    Eq omega: -0.000611 + -0.00001theta + -0.00104omega + 0.00070theta^2 + -0.00028theta omega + 0.00133omega^2
    Eq omega Phys: 0.00061*omega**2 - 4.0e-6*omega*theta - 4.1e-5*omega + 1.0e-6*theta - 0.e-6

--- Chunk 11156 (157/220) | Start: 2024-09-22 21:10:00 ---
    RMSE omega (GP): 0.012042 | RMSE omega (Sim): 0.233285
    Loss: 2.5714 | Epoch: 1206
    Eq omega: 0.000891 + 0.00116theta + -0.00314omega + 0.00007theta^2 + 0.00012theta omega + -0.00118omega^2
    Eq omega Phys: -0.000363*omega**2 + 1.0e-6*omega*theta - 9.8e-5*omega + 2.0e-6*theta + 1.1e-5

--- Chunk 11157 (158/220) | Start: 2024-09-22 21:15:00 ---
    RMSE omega (GP): 0.011428 | RMSE omega (Sim): 0.172821
    Loss: 0.3508 | Epoch: 1997
    Eq omega: 0.000261 + 0.00005theta + -0.00049omega + 0.00009theta^2 + -0.00050theta omega + 0.00004omega^2
    Eq omega Phys: 1.1e-5*omega**2 - 4.0e-6*omega*theta - 9.8e-5*omega + 1.0e-6*theta + 1.1e-5

--- Chunk 11158 (159/220) | Start: 2024-09-22 21:20:00 ---
    RMSE omega (GP): 0.012135 | RMSE omega (Sim): 0.093444
    Loss: 9.6004 | Epoch: 2214
    Eq omega: -0.003651 + -0.00975theta + 0.00032omega + -0.00083theta^2 + -0.00018theta omega + 0.00076omega^2
    Eq omega Phys: 0.00033*omega**2 - 3.0e-6*omega*theta + 5.1e-5*omega + 2.0e-6*theta + 6.3e-5

--- Chunk 11159 (160/220) | Start: 2024-09-22 21:25:00 ---
    RMSE omega (GP): nan | RMSE omega (Sim): nan
    Loss: 876.3422 | Epoch: 31
    Eq omega: nan1 + nantheta + nanomega + nantheta^2 + nantheta omega + nanomega^2
    Eq omega Phys: N/A

--- Chunk 11160 (161/220) | Start: 2024-09-22 21:30:00 ---
    RMSE omega (GP): nan | RMSE omega (Sim): nan
    Loss: 1136.4082 | Epoch: 54
    Eq omega: nan1 + nantheta + nanomega + nantheta^2 + nantheta omega + nanomega^2
    Eq omega Phys: N/A

--- Chunk 11161 (162/220) | Start: 2024-09-22 21:35:00 ---
    RMSE omega (GP): nan | RMSE omega (Sim): nan
    Loss: 279.9538 | Epoch: 53
    Eq omega: nan1 + nantheta + nanomega + nantheta^2 + nantheta omega + nanomega^2
    Eq omega Phys: N/A

--- Chunk 11162 (163/220) | Start: 2024-09-22 21:40:00 ---
    RMSE omega (GP): 0.010713 | RMSE omega (Sim): 0.103028
    Loss: 6.4204 | Epoch: 1433
    Eq omega: 0.005441 + 0.00098theta + 0.00276omega + 0.00128theta^2 + 0.00067theta omega + 0.00419omega^2
    Eq omega Phys: 0.001739*omega**2 + 9.0e-6*omega*theta + 0.000125*omega + 1.0e-6*theta**2 + 5.0e-6*theta + 2.6e-5

--- Chunk 11163 (164/220) | Start: 2024-09-22 21:45:00 ---
    RMSE omega (GP): 0.010256 | RMSE omega (Sim): 0.159112
    Loss: -0.4970 | Epoch: 1474
    Eq omega: 0.000161 + -0.00660theta + 0.00022omega + -0.00004theta^2 + -0.00076theta omega + -0.00112omega^2
    Eq omega Phys: -0.000274*omega**2 - 6.0e-6*omega*theta - 4.0e-5*omega - 7.0e-6*theta - 5.6e-5

--- Chunk 11164 (165/220) | Start: 2024-09-22 21:50:00 ---
    RMSE omega (GP): nan | RMSE omega (Sim): nan
    Loss: 282.2236 | Epoch: 16
    Eq omega: nan1 + nantheta + nanomega + nantheta^2 + nantheta omega + nanomega^2
    Eq omega Phys: N/A

--- Chunk 11165 (166/220) | Start: 2024-09-22 21:55:00 ---
    RMSE omega (GP): 0.009104 | RMSE omega (Sim): 0.103999
    Loss: 0.4469 | Epoch: 1686
    Eq omega: 0.000861 + -0.00217theta + -0.00119omega + -0.00007theta^2 + 0.00063theta omega + 0.00111omega^2
    Eq omega Phys: 0.000363*omega**2 + 7.0e-6*omega*theta - 1.4e-5*omega - 3.0e-6*theta - 7.0e-6

--- Chunk 11166 (167/220) | Start: 2024-09-22 22:00:00 ---
    RMSE omega (GP): 0.012968 | RMSE omega (Sim): 0.096932
    Loss: 9.4691 | Epoch: 2566
    Eq omega: 0.001751 + -0.00133theta + 0.00120omega + -0.00081theta^2 + 0.00087theta omega + -0.00116omega^2
    Eq omega Phys: -0.000459*omega**2 + 1.1e-5*omega*theta + 0.000191*omega - 1.1e-5*theta - 7.6e-5

--- Chunk 11167 (168/220) | Start: 2024-09-22 22:05:00 ---
    RMSE omega (GP): 0.011043 | RMSE omega (Sim): 0.048629
    Loss: 26.9938 | Epoch: 2398
    Eq omega: -0.004331 + -0.00003theta + 0.01047omega + -0.00002theta^2 + 0.00010theta omega + 0.00038omega^2
    Eq omega Phys: 0.000279*omega**2 + 2.0e-6*omega*theta + 0.000408*omega - 0.e-6*theta - 1.7e-5

--- Chunk 11168 (169/220) | Start: 2024-09-22 22:10:00 ---
    RMSE omega (GP): nan | RMSE omega (Sim): nan
    Loss: 96.3773 | Epoch: 20
    Eq omega: nan1 + nantheta + nanomega + nantheta^2 + nantheta omega + nanomega^2
    Eq omega Phys: N/A

--- Chunk 11169 (170/220) | Start: 2024-09-22 22:15:00 ---
    RMSE omega (GP): 0.011088 | RMSE omega (Sim): 0.054531
    Loss: 18.4906 | Epoch: 1853
    Eq omega: -0.000281 + -0.00034theta + 0.00162omega + 0.00001theta^2 + 0.00007theta omega + 0.00055omega^2
    Eq omega Phys: 0.000343*omega**2 + 1.0e-6*omega*theta + 1.5e-5*omega - 0.e-6*theta + 1.5e-5

--- Chunk 11170 (171/220) | Start: 2024-09-22 22:20:00 ---
    RMSE omega (GP): 0.012480 | RMSE omega (Sim): 0.068861
    Loss: 17.4241 | Epoch: 1219
    Eq omega: 0.000501 + -0.00003theta + -0.00040omega + -0.00002theta^2 + -0.00001theta omega + 0.00065omega^2
    Eq omega Phys: 0.000345*omega**2 - 1.0e-5*omega - 3.0e-6

--- Chunk 11171 (172/220) | Start: 2024-09-22 22:25:00 ---
    RMSE omega (GP): nan | RMSE omega (Sim): nan
    Loss: 990.3539 | Epoch: 43
    Eq omega: nan1 + nantheta + nanomega + nantheta^2 + nantheta omega + nanomega^2
    Eq omega Phys: N/A

--- Chunk 11172 (173/220) | Start: 2024-09-22 22:45:00 ---
    RMSE omega (GP): 0.011840 | RMSE omega (Sim): 0.100704
    Loss: 6.7654 | Epoch: 1160
    Eq omega: 0.006701 + -0.00055theta + 0.00684omega + -0.00077theta^2 + 0.00091theta omega + 0.00285omega^2
    Eq omega Phys: 0.001146*omega**2 + 1.2e-5*omega*theta + 0.000119*omega + 6.0e-6*theta - 3.0e-6

--- Chunk 11173 (174/220) | Start: 2024-09-22 22:50:00 ---
    RMSE omega (GP): 0.010955 | RMSE omega (Sim): 0.129246
    Loss: 2.3596 | Epoch: 209
    Eq omega: -0.002521 + -0.18816theta + -0.00489omega + 0.00205theta^2 + 0.00507theta omega + -0.00211omega^2
    Eq omega Phys: -0.000671*omega**2 + 5.4e-5*omega*theta - 0.000272*omega + 1.0e-6*theta**2 - 0.000212*theta + 0.000417

--- Chunk 11174 (175/220) | Start: 2024-09-22 22:55:00 ---
    RMSE omega (GP): nan | RMSE omega (Sim): nan
    Loss: 2771.7544 | Epoch: 30
    Eq omega: nan1 + nantheta + nanomega + nantheta^2 + nantheta omega + nanomega^2
    Eq omega Phys: N/A

--- Chunk 11175 (176/220) | Start: 2024-09-22 23:00:00 ---
    RMSE omega (GP): 0.028825 | RMSE omega (Sim): 0.070725
    Loss: 42.9422 | Epoch: 422
    Eq omega: -0.102751 + -0.10681theta + 0.00212omega + -0.00205theta^2 + 0.00085theta omega + 0.00047omega^2
    Eq omega Phys: 0.000167*omega**2 + 1.0e-5*omega*theta + 0.000206*omega - 0.e-6*theta**2 - 0.00014*theta - 0.00206

--- Chunk 11176 (177/220) | Start: 2024-09-22 23:05:00 ---
    RMSE omega (GP): 0.011504 | RMSE omega (Sim): 0.137126
    Loss: 8.5317 | Epoch: 1900
    Eq omega: -0.000751 + -0.00417theta + -0.01094omega + -0.03274theta^2 + 0.00046theta omega + 0.00017omega^2
    Eq omega Phys: 7.5e-5*omega**2 + 7.0e-6*omega*theta - 0.000294*omega - 1.6e-5*theta**2 - 0.000339*theta - 0.001792

--- Chunk 11177 (178/220) | Start: 2024-09-22 23:10:00 ---
    RMSE omega (GP): nan | RMSE omega (Sim): nan
    Loss: 1369.8707 | Epoch: 46
    Eq omega: nan1 + nantheta + nanomega + nantheta^2 + nantheta omega + nanomega^2
    Eq omega Phys: N/A

--- Chunk 11178 (179/220) | Start: 2024-09-22 23:15:00 ---
    RMSE omega (GP): 0.008728 | RMSE omega (Sim): 0.085428
    Loss: 1.3748 | Epoch: 1222
    Eq omega: 0.000371 + -0.44301theta + 0.00123omega + -0.00103theta^2 + -0.00198theta omega + -0.01144omega^2
    Eq omega Phys: -0.004309*omega**2 - 2.5e-5*omega*theta + 0.000169*omega - 0.000488*theta + 0.002525

--- Chunk 11179 (180/220) | Start: 2024-09-22 23:20:00 ---
    RMSE omega (GP): 0.012105 | RMSE omega (Sim): 0.176795
    Loss: 8.1085 | Epoch: 1208
    Eq omega: 0.001281 + -0.00155theta + 0.00174omega + -0.00007theta^2 + -0.00002theta omega + 0.00101omega^2
    Eq omega Phys: 0.000414*omega**2 + 5.9e-5*omega - 1.0e-6*theta + 1.2e-5

--- Chunk 11180 (181/220) | Start: 2024-09-22 23:25:00 ---
    RMSE omega (GP): 0.009029 | RMSE omega (Sim): 0.106975
    Loss: 4.6528 | Epoch: 944
    Eq omega: 0.001511 + -0.00026theta + -0.00026omega + -0.00065theta^2 + -0.00011theta omega + 0.00009omega^2
    Eq omega Phys: 4.1e-5*omega**2 - 2.0e-6*omega*theta + 1.0e-5*omega + 7.0e-6*theta - 3.3e-5

--- Chunk 11181 (182/220) | Start: 2024-09-22 23:30:00 ---
    RMSE omega (GP): 0.008829 | RMSE omega (Sim): 0.156695
    Loss: 0.5415 | Epoch: 1914
    Eq omega: 0.001201 + -0.00030theta + 0.00238omega + 0.00003theta^2 + 0.00121theta omega + -0.00093omega^2
    Eq omega Phys: -0.000304*omega**2 + 1.3e-5*omega*theta + 0.000111*omega + 3.0e-6

--- Chunk 11182 (183/220) | Start: 2024-09-22 23:35:00 ---
    RMSE omega (GP): nan | RMSE omega (Sim): nan
    Loss: 233.6680 | Epoch: 42
    Eq omega: nan1 + nantheta + nanomega + nantheta^2 + nantheta omega + nanomega^2
    Eq omega Phys: N/A

--- Chunk 11183 (184/220) | Start: 2024-09-22 23:40:00 ---
    RMSE omega (GP): nan | RMSE omega (Sim): nan
    Loss: 580.0617 | Epoch: 167
    Eq omega: nan1 + nantheta + nanomega + nantheta^2 + nantheta omega + nanomega^2
    Eq omega Phys: N/A

--- Chunk 11184 (185/220) | Start: 2024-09-22 23:45:00 ---
    RMSE omega (GP): nan | RMSE omega (Sim): nan
    Loss: 1657.6381 | Epoch: 20
    Eq omega: nan1 + nantheta + nanomega + nantheta^2 + nantheta omega + nanomega^2
    Eq omega Phys: N/A

--- Chunk 11185 (186/220) | Start: 2024-09-22 23:50:00 ---
    RMSE omega (GP): 0.011371 | RMSE omega (Sim): 0.047666
    Loss: 16.6362 | Epoch: 2227
    Eq omega: -0.016911 + -0.07496theta + -0.00080omega + -0.00002theta^2 + -0.00047theta omega + 0.00231omega^2
    Eq omega Phys: 0.001312*omega**2 - 9.0e-6*omega*theta + 9.0e-5*omega - 8.3e-5*theta + 0.001054

--- Chunk 11186 (187/220) | Start: 2024-09-22 23:55:00 ---
    RMSE omega (GP): 0.008523 | RMSE omega (Sim): 0.064551
    Loss: 5.8797 | Epoch: 788
    Eq omega: 0.006061 + -0.04479theta + -0.00075omega + 0.00138theta^2 + -0.00229theta omega + -0.00447omega^2
    Eq omega Phys: -0.002315*omega**2 - 4.0e-5*omega*theta - 0.000142*omega + 1.0e-6*theta**2 - 4.5e-5*theta - 0.000127

--- Chunk 11187 (188/220) | Start: 2024-09-23 00:00:00 ---
    RMSE omega (GP): nan | RMSE omega (Sim): nan
    Loss: 289.9842 | Epoch: 85
    Eq omega: nan1 + nantheta + nanomega + nantheta^2 + nantheta omega + nanomega^2
    Eq omega Phys: N/A

--- Chunk 11188 (189/220) | Start: 2024-09-23 00:05:00 ---
    RMSE omega (GP): 0.011686 | RMSE omega (Sim): 0.158300
    Loss: 6.4170 | Epoch: 2342
    Eq omega: 0.003261 + 0.00118theta + 0.00089omega + 0.00137theta^2 + 0.00258theta omega + 0.00419omega^2
    Eq omega Phys: 0.00172*omega**2 + 3.5e-5*omega*theta - 0.0004*omega + 1.0e-6*theta**2 - 1.4e-5*theta + 8.6e-5

--- Chunk 11189 (190/220) | Start: 2024-09-23 00:10:00 ---
    RMSE omega (GP): 0.022474 | RMSE omega (Sim): 0.038568
    Loss: 174.5789 | Epoch: 675
    Eq omega: 0.000851 + -0.00937theta + -0.00025omega + 0.00000theta^2 + -0.00007theta omega + -0.00021omega^2
    Eq omega Phys: -0.000191*omega**2 - 2.0e-6*omega*theta + 4.5e-5*omega - 1.0e-5*theta + 0.000266

--- Chunk 11190 (191/220) | Start: 2024-09-23 00:15:00 ---
    RMSE omega (GP): 0.011141 | RMSE omega (Sim): 0.066026
    Loss: 14.3975 | Epoch: 1408
    Eq omega: -0.000231 + -0.00009theta + 0.00093omega + -0.00021theta^2 + -0.00023theta omega + 0.00059omega^2
    Eq omega Phys: 0.000345*omega**2 - 4.0e-6*omega*theta + 0.000104*omega + 4.0e-6*theta - 3.5e-5

--- Chunk 11191 (192/220) | Start: 2024-09-23 00:20:00 ---
    RMSE omega (GP): 0.013217 | RMSE omega (Sim): 0.035412
    Loss: 67.7232 | Epoch: 1478
    Eq omega: -0.000081 + -0.00002theta + -0.00083omega + 0.00001theta^2 + -0.00004theta omega + -0.00003omega^2
    Eq omega Phys: -2.9e-5*omega**2 - 1.0e-6*omega*theta + 7.0e-6*omega - 0.e-6*theta + 8.0e-6

--- Chunk 11192 (193/220) | Start: 2024-09-23 00:25:00 ---
    RMSE omega (GP): 0.015913 | RMSE omega (Sim): 0.033767
    Loss: 123.9151 | Epoch: 2094
    Eq omega: -0.006361 + -0.00489theta + -0.01844omega + 0.00106theta^2 + -0.00015theta omega + -0.00026omega^2
    Eq omega Phys: -0.000272*omega**2 - 5.0e-6*omega*theta - 0.000469*omega + 1.0e-6*theta**2 - 7.4e-5*theta + 0.0011

--- Chunk 11193 (194/220) | Start: 2024-09-23 00:30:00 ---
    RMSE omega (GP): nan | RMSE omega (Sim): nan
    Loss: 2301.8496 | Epoch: 41
    Eq omega: nan1 + nantheta + nanomega + nantheta^2 + nantheta omega + nanomega^2
    Eq omega Phys: N/A

--- Chunk 11194 (195/220) | Start: 2024-09-23 00:35:00 ---
    RMSE omega (GP): 0.031096 | RMSE omega (Sim): 0.081766
    Loss: 174.3576 | Epoch: 647
    Eq omega: -0.043601 + -0.00362theta + 0.00593omega + -0.00029theta^2 + 0.00025theta omega + 0.00041omega^2
    Eq omega Phys: 0.000243*omega**2 + 5.0e-6*omega*theta + 9.9e-5*omega + 4.0e-6*theta - 7.7e-5

--- Chunk 11195 (196/220) | Start: 2024-09-23 00:40:00 ---
    RMSE omega (GP): 0.011630 | RMSE omega (Sim): 0.111967
    Loss: 7.8437 | Epoch: 1479
    Eq omega: 0.001531 + -0.48521theta + -0.00208omega + 0.00210theta^2 + -0.00244theta omega + 0.00086omega^2
    Eq omega Phys: 0.000362*omega**2 - 3.4e-5*omega*theta - 1.0e-5*omega + 1.0e-6*theta**2 - 0.000543*theta + 0.000948

--- Chunk 11196 (197/220) | Start: 2024-09-23 00:45:00 ---
    RMSE omega (GP): nan | RMSE omega (Sim): nan
    Loss: 162.2668 | Epoch: 26
    Eq omega: nan1 + nantheta + nanomega + nantheta^2 + nantheta omega + nanomega^2
    Eq omega Phys: N/A

--- Chunk 11197 (198/220) | Start: 2024-09-23 00:50:00 ---
    RMSE omega (GP): nan | RMSE omega (Sim): nan
    Loss: 85.5047 | Epoch: 27
    Eq omega: nan1 + nantheta + nanomega + nantheta^2 + nantheta omega + nanomega^2
    Eq omega Phys: N/A

--- Chunk 11198 (199/220) | Start: 2024-09-23 00:55:00 ---
    RMSE omega (GP): 0.032436 | RMSE omega (Sim): 0.230337
    Loss: 58.4641 | Epoch: 593
    Eq omega: 0.026011 + -0.00154theta + 0.00102omega + 0.00058theta^2 + -0.00019theta omega + 0.00116omega^2
    Eq omega Phys: 0.000394*omega**2 - 2.0e-6*omega*theta + 5.3e-5*omega - 6.0e-6*theta + 0.000118

--- Chunk 11199 (200/220) | Start: 2024-09-23 01:00:00 ---
    RMSE omega (GP): nan | RMSE omega (Sim): nan
    Loss: 167.6925 | Epoch: 34
    Eq omega: nan1 + nantheta + nanomega + nantheta^2 + nantheta omega + nanomega^2
    Eq omega Phys: N/A

  [Progress 200/220] Mean RMSE omega (GP): 0.017474 | (Sim): 0.102340 | Mean loss: 1745.6561 | Valid GP: 136/200 | Valid Sim: 135/200 | Elapsed: 69.6min | ETA: 7.0min

--- Chunk 11200 (201/220) | Start: 2024-09-23 01:05:00 ---
    RMSE omega (GP): 0.010977 | RMSE omega (Sim): 0.083916
    Loss: 3.1194 | Epoch: 1463
    Eq omega: -0.004211 + -0.38221theta + 0.00102omega + 0.00159theta^2 + -0.00438theta omega + 0.00407omega^2
    Eq omega Phys: 0.001438*omega**2 - 5.2e-5*omega*theta + 0.000317*omega + 1.0e-6*theta**2 - 0.000432*theta + 0.002332

--- Chunk 11201 (202/220) | Start: 2024-09-23 01:10:00 ---
    RMSE omega (GP): nan | RMSE omega (Sim): nan
    Loss: 116.7551 | Epoch: 59
    Eq omega: nan1 + nantheta + nanomega + nantheta^2 + nantheta omega + nanomega^2
    Eq omega Phys: N/A

--- Chunk 11202 (203/220) | Start: 2024-09-23 01:15:00 ---
    RMSE omega (GP): 0.008315 | RMSE omega (Sim): 0.140939
    Loss: 10.3642 | Epoch: 2704
    Eq omega: -0.008091 + -0.00013theta + -0.00166omega + 0.00001theta^2 + 0.00003theta omega + 0.00040omega^2
    Eq omega Phys: 0.000258*omega**2 + 1.0e-6*omega*theta - 4.1e-5*omega - 1.4e-5

--- Chunk 11203 (204/220) | Start: 2024-09-23 01:20:00 ---
    RMSE omega (GP): nan | RMSE omega (Sim): nan
    Loss: 748.8206 | Epoch: 60
    Eq omega: nan1 + nantheta + nanomega + nantheta^2 + nantheta omega + nanomega^2
    Eq omega Phys: N/A

--- Chunk 11204 (205/220) | Start: 2024-09-23 01:25:00 ---
    RMSE omega (GP): nan | RMSE omega (Sim): nan
    Loss: 422.0006 | Epoch: 99
    Eq omega: nan1 + nantheta + nanomega + nantheta^2 + nantheta omega + nanomega^2
    Eq omega Phys: N/A

--- Chunk 11205 (206/220) | Start: 2024-09-23 01:30:00 ---
    RMSE omega (GP): nan | RMSE omega (Sim): nan
    Loss: 204.2522 | Epoch: 22
    Eq omega: nan1 + nantheta + nanomega + nantheta^2 + nantheta omega + nanomega^2
    Eq omega Phys: N/A

--- Chunk 11206 (207/220) | Start: 2024-09-23 01:35:00 ---
    RMSE omega (GP): nan | RMSE omega (Sim): nan
    Loss: 148.5004 | Epoch: 126
    Eq omega: nan1 + nantheta + nanomega + nantheta^2 + nantheta omega + nanomega^2
    Eq omega Phys: N/A

--- Chunk 11207 (208/220) | Start: 2024-09-23 01:40:00 ---
    RMSE omega (GP): 0.009930 | RMSE omega (Sim): 0.072483
    Loss: 3.8270 | Epoch: 1800
    Eq omega: -0.005811 + -0.54613theta + -0.01205omega + 0.00012theta^2 + 0.01297theta omega + -0.01025omega^2
    Eq omega Phys: -0.004194*omega**2 + 0.000177*omega*theta - 9.2e-5*omega - 0.000607*theta - 0.001078

--- Chunk 11208 (209/220) | Start: 2024-09-23 01:45:00 ---
    RMSE omega (GP): nan | RMSE omega (Sim): nan
    Loss: 627.1128 | Epoch: 32
    Eq omega: nan1 + nantheta + nanomega + nantheta^2 + nantheta omega + nanomega^2
    Eq omega Phys: N/A

--- Chunk 11209 (210/220) | Start: 2024-09-23 01:50:00 ---
    RMSE omega (GP): 0.010848 | RMSE omega (Sim): 0.099919
    Loss: 9.1207 | Epoch: 1246
    Eq omega: -0.000181 + 0.00065theta + 0.00020omega + 0.00011theta^2 + -0.00011theta omega + -0.00150omega^2
    Eq omega Phys: -0.000707*omega**2 - 2.0e-6*omega*theta + 2.7e-5*omega - 0.e-6*theta - 0.e-6

--- Chunk 11210 (211/220) | Start: 2024-09-23 01:55:00 ---
    RMSE omega (GP): nan | RMSE omega (Sim): nan
    Loss: 67.8014 | Epoch: 151
    Eq omega: nan1 + nantheta + nanomega + nantheta^2 + nantheta omega + nanomega^2
    Eq omega Phys: N/A

--- Chunk 11211 (212/220) | Start: 2024-09-23 02:00:00 ---
    RMSE omega (GP): nan | RMSE omega (Sim): nan
    Loss: 3705.9563 | Epoch: 34
    Eq omega: nan1 + nantheta + nanomega + nantheta^2 + nantheta omega + nanomega^2
    Eq omega Phys: N/A

--- Chunk 11212 (213/220) | Start: 2024-09-23 02:05:00 ---
    RMSE omega (GP): 0.028973 | RMSE omega (Sim): 0.029830
    Loss: 648.0637 | Epoch: 63
    Eq omega: -0.001461 + -0.00023theta + -0.00037omega + -0.00001theta^2 + -0.00003theta omega + -0.00018omega^2
    Eq omega Phys: -0.000206*omega**2 - 1.0e-6*omega*theta + 2.3e-5*omega + 1.0e-6*theta - 6.0e-6

--- Chunk 11213 (214/220) | Start: 2024-09-23 02:10:00 ---
    RMSE omega (GP): nan | RMSE omega (Sim): nan
    Loss: 221.6136 | Epoch: 53
    Eq omega: nan1 + nantheta + nanomega + nantheta^2 + nantheta omega + nanomega^2
    Eq omega Phys: N/A

--- Chunk 11214 (215/220) | Start: 2024-09-23 02:15:00 ---
    RMSE omega (GP): 0.012931 | RMSE omega (Sim): 0.078048
    Loss: 0.7154 | Epoch: 2722
    Eq omega: -0.009971 + -0.28507theta + -0.00006omega + -0.00627theta^2 + 0.00014theta omega + 0.00222omega^2
    Eq omega Phys: 0.00063*omega**2 + 1.0e-6*omega*theta + 5.0e-6*omega - 2.0e-6*theta**2 - 0.000338*theta - 0.001831

--- Chunk 11215 (216/220) | Start: 2024-09-23 02:20:00 ---
    RMSE omega (GP): 0.010880 | RMSE omega (Sim): 0.074278
    Loss: 3.7845 | Epoch: 1875
    Eq omega: 0.003511 + -0.20229theta + -0.00105omega + 0.00589theta^2 + 0.00080theta omega + 0.00207omega^2
    Eq omega Phys: 0.000765*omega**2 + 1.0e-5*omega*theta + 1.1e-5*omega + 2.0e-6*theta**2 - 0.000202*theta - 0.00098

--- Chunk 11216 (217/220) | Start: 2024-09-23 02:25:00 ---
    RMSE omega (GP): 0.031906 | RMSE omega (Sim): 0.172597
    Loss: 62.0158 | Epoch: 56
    Eq omega: -0.000631 + -0.00168theta + -0.00026omega + 0.00043theta^2 + 0.00740theta omega + -0.00014omega^2
    Eq omega Phys: -4.7e-5*omega**2 + 8.2e-5*omega*theta + 0.00127*omega + 3.0e-6*theta + 7.0e-6

--- Chunk 11217 (218/220) | Start: 2024-09-23 02:30:00 ---
    RMSE omega (GP): 0.009525 | RMSE omega (Sim): 0.117780
    Loss: 1.1132 | Epoch: 1446
    Eq omega: -0.001251 + -0.00238theta + -0.00012omega + -0.00015theta^2 + -0.00068theta omega + -0.00109omega^2
    Eq omega Phys: -0.000355*omega**2 - 7.0e-6*omega*theta - 1.9e-5*omega - 3.0e-6*theta - 1.0e-5

--- Chunk 11218 (219/220) | Start: 2024-09-23 02:35:00 ---
    RMSE omega (GP): nan | RMSE omega (Sim): nan
    Loss: 464.4494 | Epoch: 48
    Eq omega: nan1 + nantheta + nanomega + nantheta^2 + nantheta omega + nanomega^2
    Eq omega Phys: N/A

--- Chunk 11219 (220/220) | Start: 2024-09-23 02:40:00 ---
    RMSE omega (GP): 0.023572 | RMSE omega (Sim): 0.104653
    Loss: -228.1039 | Epoch: 697
    Eq omega: -0.000081 + -0.00008theta + -0.00175omega + -0.00014theta^2 + -0.00047theta omega + 0.00049omega^2
    Eq omega Phys: 0.000158*omega**2 - 5.0e-6*omega*theta - 7.6e-5*omega - 1.0e-6

  [Progress 220/220] Mean RMSE omega (GP): 0.017358 | (Sim): 0.102003 | Mean loss: 1619.8750 | Valid GP: 146/220 | Valid Sim: 145/220 | Elapsed: 74.8min | ETA: 0.0min

============================================================
EVALUATION COMPLETE — Chunks [11000, 11219]
============================================================
Chunks processed: 220
Chunks succeeded GP:  146 (66.4%)
Chunks succeeded Sim: 145 (65.9%)
Mean GP RMSE omega:   0.017358 ± 0.009122
Mean SIM RMSE omega:  0.102003 ± 0.049547
Mean Loss:            1619.8750 ± 13311.4663
Elapsed time:     74.8 minutes

Per-chunk CSV: /pfs/data6/home/ka/ka_iai/ka_bj2362/dsr/svise/results_5min_all_chunks/run_SLURM_3718868_combo38/chunks_11000_to_11219_20260321_111413.csv
Summary JSON:  /pfs/data6/home/ka/ka_iai/ka_bj2362/dsr/svise/results_5min_all_chunks/run_SLURM_3718868_combo38/summary_11000_to_11219_20260321_111413.json
============================================================

============================= JOB FEEDBACK =============================

NodeName=uc3n061
Job ID: 3720525
Array Job ID: 3718868_50
Cluster: uc3
User/Group: ka_bj2362/ka_iai
State: COMPLETED (exit code 0)
Nodes: 1
Cores per node: 4
CPU Utilized: 01:14:22
CPU Efficiency: 24.73% of 05:00:44 core-walltime
Job Wall-clock time: 01:15:11
Memory Utilized: 3.43 GB
Memory Efficiency: 28.60% of 12.00 GB (12.00 GB/node)
