Array task 431: processing chunks 94820 to 95039
Loading data from /pfs/data6/home/ka/ka_iai/ka_bj2362/dsr/svise/../dataset/South_Korea_2024-08-15_2025-08-31_1s.parquet...
Finding all valid 5-minute chunks in the dataset...
Found 107059 valid 5-minute chunks in total.

============================================================
SVISE FINAL EVALUATION — ALL CHUNKS
============================================================
Hyperparameters: {
  "model": "integrator",
  "sigma": 0,
  "degree": 2,
  "tau": 1e-05,
  "lr": 0.1,
  "n_tau": 50,
  "measurement_noise": 0.001,
  "n_reparam_samples": 15
}
Total valid chunks in dataset: 107059
Processing chunk range: [94820, 95039] (220 chunks)
Early stopping: patience=300, max_epochs=10000
============================================================


--- Chunk 94820 (1/220) | Start: 2025-07-20 09:05:00 ---
/pfs/data6/home/ka/ka_iai/ka_bj2362/dsr/svise/svise/sde_learning/_marginal_sde.py:284: UserWarning: torch.triangular_solve is deprecated in favor of torch.linalg.solve_triangularand will be removed in a future PyTorch release.
torch.linalg.solve_triangular has its arguments reversed and does not return a copy of one of the inputs.
X = torch.triangular_solve(B, A).solution
should be replaced with
X = torch.linalg.solve_triangular(A, B). (Triggered internally at ../aten/src/ATen/native/BatchLinearAlgebra.cpp:2192.)
  return torch.triangular_solve(self.raw_w, self.C.t()).solution
/pfs/data6/home/ka/ka_iai/ka_bj2362/dsr/svise/svise/quadrature/_unbiased_quadrature.py:196: UserWarning: Interp is nan, reducing interp degree.
  warnings.warn("Interp is nan, reducing interp degree.")
    RMSE omega (GP): 0.013579 | RMSE omega (Sim): 0.116223
    Loss: 18.1594 | Epoch: 945
    Eq omega: -0.017411 + -0.56883theta + 0.02945omega + -0.07581theta^2 + 0.28243theta omega + -0.01841omega^2
    Eq omega Phys: -0.009229*omega**2 + 0.00472*omega*theta - 0.016141*omega - 4.2e-5*theta**2 - 0.000326*theta + 0.001699
    Diffusion: theta=4.089462e-04, omega=3.413565e-05

--- Chunk 94821 (2/220) | Start: 2025-07-20 09:10:00 ---
    RMSE omega (GP): 0.011586 | RMSE omega (Sim): 0.112578
    Loss: 10.2466 | Epoch: 876
    Eq omega: 0.024461 + -1.20173theta + -0.20067omega + 0.00177theta^2 + 0.07125theta omega + -0.01210omega^2
    Eq omega Phys: -0.005662*omega**2 + 0.001111*omega*theta - 0.013195*omega + 1.0e-6*theta**2 - 0.001346*theta + 0.007905
    Diffusion: theta=9.631515e-04, omega=4.409734e-05

--- Chunk 94822 (3/220) | Start: 2025-07-20 09:15:00 ---
    RMSE omega (GP): 0.010509 | RMSE omega (Sim): 0.068516
    Loss: 7.0748 | Epoch: 1659
    Eq omega: 0.001781 + -0.51883theta + -0.03041omega + -0.01997theta^2 + -0.00767theta omega + -0.00390omega^2
    Eq omega Phys: -0.001741*omega**2 - 0.000114*omega*theta - 0.00144*omega - 1.0e-5*theta**2 - 0.00065*theta - 0.002287
    Diffusion: theta=4.783934e-04, omega=4.542840e-05

--- Chunk 94823 (4/220) | Start: 2025-07-20 09:20:00 ---
/pfs/data6/home/ka/ka_iai/ka_bj2362/dsr/svise/svise/quadrature/_unbiased_quadrature.py:174: UserWarning: NaN detected in fxq (quadrature node evaluations). Clamping to 0.
  warnings.warn("NaN detected in fxq (quadrature node evaluations). Clamping to 0.")
/pfs/data6/home/ka/ka_iai/ka_bj2362/dsr/svise/svise/quadrature/_unbiased_quadrature.py:177: UserWarning: NaN detected in fmc (Monte-Carlo node evaluations). Clamping to 0.
  warnings.warn("NaN detected in fmc (Monte-Carlo node evaluations). Clamping to 0.")
    RMSE omega (GP): nan | RMSE omega (Sim): nan
    Loss: 58.6132 | Epoch: 52
    Eq omega: nan1 + nantheta + nanomega + nantheta^2 + nantheta omega + nanomega^2
    Eq omega Phys: N/A
    Diffusion: theta=nan, omega=nan

--- Chunk 94824 (5/220) | Start: 2025-07-20 09:25:00 ---
    RMSE omega (GP): 0.009796 | RMSE omega (Sim): 0.132882
    Loss: 10.1698 | Epoch: 1768
    Eq omega: 0.008191 + -0.00140theta + -0.00228omega + 0.00024theta^2 + -0.00217theta omega + -0.00660omega^2
    Eq omega Phys: -0.003594*omega**2 - 3.9e-5*omega*theta - 0.000629*omega + 3.0e-6*theta + 2.4e-5
    Diffusion: theta=3.194551e-04, omega=3.502315e-05

--- Chunk 94825 (6/220) | Start: 2025-07-20 09:30:00 ---
    RMSE omega (GP): nan | RMSE omega (Sim): nan
    Loss: 231.2063 | Epoch: 15
    Eq omega: nan1 + nantheta + nanomega + nantheta^2 + nantheta omega + nanomega^2
    Eq omega Phys: N/A
    Diffusion: theta=nan, omega=nan

--- Chunk 94826 (7/220) | Start: 2025-07-20 09:35:00 ---
    RMSE omega (GP): nan | RMSE omega (Sim): nan
    Loss: 526.0178 | Epoch: 113
    Eq omega: nan1 + nantheta + nanomega + nantheta^2 + nantheta omega + nanomega^2
    Eq omega Phys: N/A
    Diffusion: theta=nan, omega=nan

--- Chunk 94827 (8/220) | Start: 2025-07-20 09:40:00 ---
    RMSE omega (GP): 0.010790 | RMSE omega (Sim): 0.093551
    Loss: 15.4794 | Epoch: 1787
    Eq omega: 0.000471 + 0.00118theta + -0.00383omega + 0.00099theta^2 + 0.00029theta omega + -0.00192omega^2
    Eq omega Phys: -0.001123*omega**2 + 6.0e-6*omega*theta - 0.000133*omega + 1.0e-6*theta**2
    Diffusion: theta=7.018019e-04, omega=3.357062e-05

--- Chunk 94828 (9/220) | Start: 2025-07-20 09:45:00 ---
    RMSE omega (GP): 0.010920 | RMSE omega (Sim): 0.092770
    Loss: 4.5124 | Epoch: 2164
    Eq omega: -0.000011 + 0.00063theta + 0.00087omega + 0.00006theta^2 + 0.00063theta omega + 0.00141omega^2
    Eq omega Phys: 0.000533*omega**2 + 8.0e-6*omega*theta + 7.0e-6*omega + 1.0e-6*theta - 2.0e-6
    Diffusion: theta=7.247644e-04, omega=4.593056e-05

--- Chunk 94829 (10/220) | Start: 2025-07-20 09:50:00 ---
    RMSE omega (GP): 0.021134 | RMSE omega (Sim): nan
    Loss: 54.8139 | Epoch: 514
    Eq omega: 0.017071 + 0.00004theta + 0.07029omega + -0.15544theta^2 + 0.04617theta omega + 0.06286omega^2
    Eq omega Phys: 0.035773*omega**2 + 0.000876*omega*theta - 0.004801*omega - 9.8e-5*theta**2 + 0.001603*theta - 0.006506
    Diffusion: theta=6.157240e-01, omega=6.464569e-04

--- Chunk 94830 (11/220) | Start: 2025-07-20 09:55:00 ---
    RMSE omega (GP): nan | RMSE omega (Sim): nan
    Loss: 70.0748 | Epoch: 59
    Eq omega: nan1 + nantheta + nanomega + nantheta^2 + nantheta omega + nanomega^2
    Eq omega Phys: N/A
    Diffusion: theta=nan, omega=nan

--- Chunk 94831 (12/220) | Start: 2025-07-20 10:00:00 ---
    RMSE omega (GP): 0.013833 | RMSE omega (Sim): 0.186008
    Loss: 8.8802 | Epoch: 1022
    Eq omega: -0.002621 + 0.00100theta + 0.00108omega + 0.00018theta^2 + 0.00040theta omega + 0.00142omega^2
    Eq omega Phys: 0.000534*omega**2 + 5.0e-6*omega*theta + 6.8e-5*omega + 2.0e-6*theta + 2.0e-6
    Diffusion: theta=1.661878e-03, omega=4.017867e-05

--- Chunk 94832 (13/220) | Start: 2025-07-20 10:05:00 ---
    RMSE omega (GP): 0.011907 | RMSE omega (Sim): 0.077577
    Loss: 9.3900 | Epoch: 1442
    Eq omega: 0.000551 + -0.00058theta + -0.00057omega + 0.00032theta^2 + 0.00053theta omega + 0.00058omega^2
    Eq omega Phys: 0.000251*omega**2 + 8.0e-6*omega*theta + 2.5e-5*omega + 1.0e-6*theta + 3.0e-6
    Diffusion: theta=4.990764e-04, omega=5.755252e-05

--- Chunk 94833 (14/220) | Start: 2025-07-20 10:10:00 ---
    RMSE omega (GP): 0.011323 | RMSE omega (Sim): 0.094552
    Loss: 21.3858 | Epoch: 1322
    Eq omega: 0.000501 + -0.00092theta + -0.00013omega + 0.00110theta^2 + -0.00076theta omega + -0.00052omega^2
    Eq omega Phys: -0.000333*omega**2 - 1.6e-5*omega*theta + 9.9e-5*omega + 1.0e-6*theta**2 - 1.1e-5*theta + 3.9e-5
    Diffusion: theta=7.324935e-04, omega=2.450282e-05

--- Chunk 94834 (15/220) | Start: 2025-07-20 10:15:00 ---
    RMSE omega (GP): 0.016422 | RMSE omega (Sim): 0.100104
    Loss: -6806.2954 | Epoch: 1797
    Eq omega: 0.028921 + -2.76635theta + 0.00676omega + -0.05273theta^2 + 0.07453theta omega + -0.00076omega^2
    Eq omega Phys: -0.000343*omega**2 + 0.001122*omega*theta - 0.002619*omega - 2.6e-5*theta**2 - 0.00294*theta + 0.007689
    Diffusion: theta=2.865769e-04, omega=3.443365e-05

--- Chunk 94835 (16/220) | Start: 2025-07-20 10:20:00 ---
    RMSE omega (GP): 0.012591 | RMSE omega (Sim): 0.062507
    Loss: 12.1262 | Epoch: 1044
    Eq omega: -0.068231 + -0.79452theta + 0.01547omega + 0.85753theta^2 + -0.00874theta omega + -0.10910omega^2
    Eq omega Phys: -0.050323*omega**2 - 0.000134*omega*theta + 8.7e-5*omega + 0.000439*theta**2 + 0.001921*theta + 0.001491
    Diffusion: theta=2.208336e-04, omega=3.162145e-05

--- Chunk 94836 (17/220) | Start: 2025-07-20 10:25:00 ---
    RMSE omega (GP): nan | RMSE omega (Sim): nan
    Loss: 43.4584 | Epoch: 63
    Eq omega: nan1 + nantheta + nanomega + nantheta^2 + nantheta omega + nanomega^2
    Eq omega Phys: N/A
    Diffusion: theta=nan, omega=nan

--- Chunk 94837 (18/220) | Start: 2025-07-20 10:30:00 ---
    RMSE omega (GP): 0.013696 | RMSE omega (Sim): 0.056632
    Loss: 51.5697 | Epoch: 2041
    Eq omega: 0.003211 + -0.00034theta + -0.00549omega + 0.00001theta^2 + 0.00004theta omega + 0.00516omega^2
    Eq omega Phys: 0.004103*omega**2 + 1.0e-6*omega*theta - 0.000195*omega - 0.e-6*theta + 1.0e-5
    Diffusion: theta=2.432430e-04, omega=2.155752e-05

--- Chunk 94838 (19/220) | Start: 2025-07-20 10:35:00 ---
    RMSE omega (GP): 0.034590 | RMSE omega (Sim): 0.062880
    Loss: 181.5173 | Epoch: 403
    Eq omega: 0.000381 + 0.00026theta + 0.00048omega + -0.00022theta^2 + -0.00002theta omega + -0.00017omega^2
    Eq omega Phys: -9.2e-5*omega**2 + 2.0e-5*omega + 3.0e-6*theta - 1.6e-5
    Diffusion: theta=4.394161e-01, omega=5.955146e-04

--- Chunk 94839 (20/220) | Start: 2025-07-20 10:40:00 ---
    RMSE omega (GP): 0.012449 | RMSE omega (Sim): 0.065414
    Loss: 26.2684 | Epoch: 1499
    Eq omega: 0.000741 + -0.00032theta + -0.00298omega + 0.00032theta^2 + 0.00043theta omega + 0.00164omega^2
    Eq omega Phys: 0.00105*omega**2 + 9.0e-6*omega*theta - 0.000218*omega - 6.0e-6*theta + 4.4e-5
    Diffusion: theta=2.600308e-04, omega=3.060822e-05

--- Chunk 94840 (21/220) | Start: 2025-07-20 10:45:00 ---
    RMSE omega (GP): 0.011294 | RMSE omega (Sim): 0.141042
    Loss: 8.7124 | Epoch: 1396
    Eq omega: -0.016651 + -0.60268theta + 0.00540omega + -0.01780theta^2 + 0.00256theta omega + -0.00512omega^2
    Eq omega Phys: -0.0023*omega**2 + 3.8e-5*omega*theta + 4.0e-6*omega - 9.0e-6*theta**2 - 0.000588*theta + 0.002843
    Diffusion: theta=5.355686e-04, omega=4.919155e-05

--- Chunk 94841 (22/220) | Start: 2025-07-20 10:50:00 ---
    RMSE omega (GP): 0.033527 | RMSE omega (Sim): 0.145202
    Loss: 230.9842 | Epoch: 57
    Eq omega: -0.000181 + -0.00318theta + -0.00239omega + -0.00008theta^2 + -0.00007theta omega + -0.00176omega^2
    Eq omega Phys: -0.001022*omega**2 - 1.0e-6*omega*theta - 5.8e-5*omega - 2.0e-6*theta + 4.2e-5
    Diffusion: theta=nan, omega=nan

--- Chunk 94842 (23/220) | Start: 2025-07-20 10:55:00 ---
    RMSE omega (GP): 0.010630 | RMSE omega (Sim): 0.094338
    Loss: 5.0348 | Epoch: 1166
    Eq omega: -0.001501 + -0.00386theta + -0.00012omega + 0.00032theta^2 + -0.00834theta omega + -0.00100omega^2
    Eq omega Phys: -0.000395*omega**2 - 0.00011*omega*theta + 0.00087*omega - 7.0e-6*theta + 3.9e-5
    Diffusion: theta=1.516636e-03, omega=3.339472e-05

--- Chunk 94843 (24/220) | Start: 2025-07-20 11:00:00 ---
    RMSE omega (GP): 0.010464 | RMSE omega (Sim): 0.042347
    Loss: 30.8312 | Epoch: 2638
    Eq omega: 0.006421 + -0.00013theta + -0.00120omega + -0.00003theta^2 + 0.00012theta omega + 0.00026omega^2
    Eq omega Phys: 0.000203*omega**2 + 3.0e-6*omega*theta - 9.6e-5*omega + 1.0e-6*theta + 3.0e-6
    Diffusion: theta=3.491533e-04, omega=2.219606e-05

--- Chunk 94844 (25/220) | Start: 2025-07-20 11:05:00 ---
    RMSE omega (GP): nan | RMSE omega (Sim): nan
    Loss: 364.0505 | Epoch: 36
    Eq omega: nan1 + nantheta + nanomega + nantheta^2 + nantheta omega + nanomega^2
    Eq omega Phys: N/A
    Diffusion: theta=nan, omega=nan

--- Chunk 94845 (26/220) | Start: 2025-07-20 11:10:00 ---
    RMSE omega (GP): nan | RMSE omega (Sim): nan
    Loss: 341.0410 | Epoch: 26
    Eq omega: nan1 + nantheta + nanomega + nantheta^2 + nantheta omega + nanomega^2
    Eq omega Phys: N/A
    Diffusion: theta=nan, omega=nan

--- Chunk 94846 (27/220) | Start: 2025-07-20 11:15:00 ---
    RMSE omega (GP): 0.012282 | RMSE omega (Sim): 0.109310
    Loss: 12.7527 | Epoch: 966
    Eq omega: 0.000681 + -0.00186theta + -0.00061omega + 0.00128theta^2 + -0.00096theta omega + 0.00155omega^2
    Eq omega Phys: 0.000757*omega**2 - 1.6e-5*omega*theta + 6.8e-5*omega + 1.0e-6*theta**2 - 1.0e-5*theta + 3.5e-5
    Diffusion: theta=4.672225e-04, omega=4.580219e-05

--- Chunk 94847 (28/220) | Start: 2025-07-20 11:20:00 ---
    RMSE omega (GP): 0.013582 | RMSE omega (Sim): 0.068106
    Loss: 32.7059 | Epoch: 3103
    Eq omega: -0.000031 + 0.00003theta + -0.00064omega + 0.00025theta^2 + -0.00030theta omega + -0.00064omega^2
    Eq omega Phys: -0.000421*omega**2 - 7.0e-6*omega*theta + 9.1e-5*omega - 6.0e-6*theta + 5.3e-5
    Diffusion: theta=1.334232e-03, omega=2.091535e-05

--- Chunk 94848 (29/220) | Start: 2025-07-20 11:25:00 ---
    RMSE omega (GP): 0.027404 | RMSE omega (Sim): 0.071830
    Loss: 78.2629 | Epoch: 374
    Eq omega: 0.001611 + 0.00002theta + -0.00090omega + 0.00015theta^2 + -0.00219theta omega + -0.00166omega^2
    Eq omega Phys: -0.00077*omega**2 - 3.4e-5*omega*theta + 0.000229*omega - 1.0e-6*theta + 8.0e-6
    Diffusion: theta=2.749825e-01, omega=3.752791e-04

--- Chunk 94849 (30/220) | Start: 2025-07-20 11:30:00 ---
    RMSE omega (GP): nan | RMSE omega (Sim): nan
    Loss: 363.2787 | Epoch: 26
    Eq omega: nan1 + nantheta + nanomega + nantheta^2 + nantheta omega + nanomega^2
    Eq omega Phys: N/A
    Diffusion: theta=nan, omega=nan

--- Chunk 94850 (31/220) | Start: 2025-07-20 11:35:00 ---
    RMSE omega (GP): 0.011490 | RMSE omega (Sim): 0.109305
    Loss: 6.8735 | Epoch: 1377
    Eq omega: 0.000641 + -0.00071theta + -0.00206omega + -0.00002theta^2 + 0.00064theta omega + 0.00111omega^2
    Eq omega Phys: 0.000476*omega**2 + 9.0e-6*omega*theta - 9.6e-5*omega - 0.e-6*theta + 4.0e-6
    Diffusion: theta=5.275439e-04, omega=5.753553e-05

--- Chunk 94851 (32/220) | Start: 2025-07-20 11:40:00 ---
    RMSE omega (GP): 0.013291 | RMSE omega (Sim): 0.088510
    Loss: 15.6268 | Epoch: 1640
    Eq omega: 0.002161 + 0.00058theta + 0.00006omega + -0.00020theta^2 + -0.00058theta omega + -0.00222omega^2
    Eq omega Phys: -0.001093*omega**2 - 1.0e-5*omega*theta + 0.00013*omega + 4.0e-6*theta - 2.4e-5
    Diffusion: theta=5.086576e-04, omega=3.078409e-05

--- Chunk 94852 (33/220) | Start: 2025-07-20 11:45:00 ---
    RMSE omega (GP): 0.009663 | RMSE omega (Sim): 0.075891
    Loss: 7.5137 | Epoch: 1439
    Eq omega: 0.004101 + -0.00091theta + 0.00053omega + 0.00011theta^2 + 0.00012theta omega + 0.00069omega^2
    Eq omega Phys: 0.000334*omega**2 + 2.0e-6*omega*theta - 2.0e-6*theta + 2.4e-5
    Diffusion: theta=3.616285e-04, omega=5.046311e-05

--- Chunk 94853 (34/220) | Start: 2025-07-20 11:50:00 ---
    RMSE omega (GP): 0.012848 | RMSE omega (Sim): 0.083720
    Loss: 10.9835 | Epoch: 2121
    Eq omega: -0.003381 + -0.00029theta + 0.00714omega + -0.00011theta^2 + -0.00008theta omega + -0.01201omega^2
    Eq omega Phys: -0.005191*omega**2 - 1.0e-6*omega*theta + 0.000246*omega - 9.0e-6
    Diffusion: theta=3.588265e-04, omega=3.725119e-05

--- Chunk 94854 (35/220) | Start: 2025-07-20 11:55:00 ---
    RMSE omega (GP): 0.011344 | RMSE omega (Sim): 0.059039
    Loss: 15.6319 | Epoch: 965
    Eq omega: -0.000731 + 0.00124theta + -0.00450omega + -0.00022theta^2 + -0.00153theta omega + -0.00142omega^2
    Eq omega Phys: -0.0008*omega**2 - 2.9e-5*omega*theta + 0.000111*omega + 4.0e-6*theta - 2.5e-5
    Diffusion: theta=1.248928e-03, omega=3.383344e-05

--- Chunk 94855 (36/220) | Start: 2025-07-20 12:00:00 ---
    RMSE omega (GP): 0.011632 | RMSE omega (Sim): 0.073714
    Loss: 7.4050 | Epoch: 1696
    Eq omega: 0.003081 + -0.00192theta + -0.00216omega + 0.00001theta^2 + -0.00038theta omega + 0.00022omega^2
    Eq omega Phys: 0.0001*omega**2 - 6.0e-6*omega*theta - 1.9e-5*omega - 2.0e-6*theta + 2.8e-5
    Diffusion: theta=4.048930e-04, omega=3.028475e-05

--- Chunk 94856 (37/220) | Start: 2025-07-20 12:05:00 ---
    RMSE omega (GP): nan | RMSE omega (Sim): nan
    Loss: 461.7800 | Epoch: 34
    Eq omega: nan1 + nantheta + nanomega + nantheta^2 + nantheta omega + nanomega^2
    Eq omega Phys: N/A
    Diffusion: theta=nan, omega=nan

--- Chunk 94857 (38/220) | Start: 2025-07-20 12:10:00 ---
    RMSE omega (GP): 0.013020 | RMSE omega (Sim): 0.133852
    Loss: 8.3536 | Epoch: 776
    Eq omega: -0.000891 + -0.00016theta + -0.00076omega + -0.00025theta^2 + -0.00060theta omega + 0.00082omega^2
    Eq omega Phys: 0.000317*omega**2 - 8.0e-6*omega*theta - 1.3e-5*omega - 3.0e-6
    Diffusion: theta=4.338072e-03, omega=3.166557e-05

--- Chunk 94858 (39/220) | Start: 2025-07-20 12:15:00 ---
    RMSE omega (GP): 0.012085 | RMSE omega (Sim): 0.104570
    Loss: 17.5394 | Epoch: 1051
    Eq omega: 0.000231 + 0.00203theta + 0.00063omega + 0.00007theta^2 + 0.00109theta omega + -0.00165omega^2
    Eq omega Phys: -0.000909*omega**2 + 2.0e-5*omega*theta + 0.00023*omega + 3.0e-6*theta + 2.9e-5
    Diffusion: theta=2.804236e-04, omega=4.598390e-05

--- Chunk 94859 (40/220) | Start: 2025-07-20 12:20:00 ---
    RMSE omega (GP): 0.010076 | RMSE omega (Sim): 0.091935
    Loss: 7.7920 | Epoch: 1703
    Eq omega: 0.000321 + 0.00005theta + 0.00068omega + -0.00009theta^2 + -0.00019theta omega + 0.00128omega^2
    Eq omega Phys: 0.000596*omega**2 - 3.0e-6*omega*theta + 5.1e-5*omega + 1.0e-6*theta - 4.0e-6
    Diffusion: theta=9.478508e-04, omega=4.097058e-05

--- Chunk 94860 (41/220) | Start: 2025-07-20 12:25:00 ---
    RMSE omega (GP): nan | RMSE omega (Sim): nan
    Loss: 587.5596 | Epoch: 22
    Eq omega: nan1 + nantheta + nanomega + nantheta^2 + nantheta omega + nanomega^2
    Eq omega Phys: N/A
    Diffusion: theta=nan, omega=nan

--- Chunk 94861 (42/220) | Start: 2025-07-20 12:30:00 ---
    RMSE omega (GP): nan | RMSE omega (Sim): nan
    Loss: 406.6567 | Epoch: 163
    Eq omega: nan1 + nantheta + nanomega + nantheta^2 + nantheta omega + nanomega^2
    Eq omega Phys: N/A
    Diffusion: theta=nan, omega=nan

--- Chunk 94862 (43/220) | Start: 2025-07-20 12:35:00 ---
    RMSE omega (GP): 0.011879 | RMSE omega (Sim): 0.104854
    Loss: 5.8011 | Epoch: 1895
    Eq omega: -0.001551 + 0.00049theta + 0.00140omega + 0.00038theta^2 + -0.00038theta omega + 0.00451omega^2
    Eq omega Phys: 0.001656*omega**2 - 5.0e-6*omega*theta + 1.9e-5*omega + 2.0e-6*theta + 4.0e-6
    Diffusion: theta=4.130068e-04, omega=4.209147e-05

--- Chunk 94863 (44/220) | Start: 2025-07-20 12:40:00 ---
    RMSE omega (GP): 0.032564 | RMSE omega (Sim): 0.129533
    Loss: 62.5336 | Epoch: 47
    Eq omega: 0.003481 + -0.00079theta + -0.00072omega + 0.00084theta^2 + -0.00125theta omega + 0.02073omega^2
    Eq omega Phys: 0.006861*omega**2 - 1.4e-5*omega*theta - 0.000224*omega + 8.0e-6*theta + 6.4e-5
    Diffusion: theta=nan, omega=nan

--- Chunk 94864 (45/220) | Start: 2025-07-20 12:45:00 ---
    RMSE omega (GP): 0.037646 | RMSE omega (Sim): 0.096598
    Loss: 155.1925 | Epoch: 43
    Eq omega: 0.007381 + -0.00097theta + 0.00209omega + -0.00018theta^2 + 0.00005theta omega + 0.00456omega^2
    Eq omega Phys: 0.00189*omega**2 + 1.0e-6*omega*theta + 5.9e-5*omega + 2.0e-6*theta + 1.6e-5
    Diffusion: theta=4.467874e-03, omega=7.060294e-06

--- Chunk 94865 (46/220) | Start: 2025-07-20 12:50:00 ---
    RMSE omega (GP): nan | RMSE omega (Sim): nan
    Loss: 854.6727 | Epoch: 77
    Eq omega: nan1 + nantheta + nanomega + nantheta^2 + nantheta omega + nanomega^2
    Eq omega Phys: N/A
    Diffusion: theta=nan, omega=nan

--- Chunk 94866 (47/220) | Start: 2025-07-20 12:55:00 ---
    RMSE omega (GP): nan | RMSE omega (Sim): nan
    Loss: 89.9471 | Epoch: 34
    Eq omega: nan1 + nantheta + nanomega + nantheta^2 + nantheta omega + nanomega^2
    Eq omega Phys: N/A
    Diffusion: theta=nan, omega=nan

--- Chunk 94867 (48/220) | Start: 2025-07-20 13:00:00 ---
    RMSE omega (GP): 0.013018 | RMSE omega (Sim): 0.083307
    Loss: 9.6318 | Epoch: 1619
    Eq omega: -0.000171 + -0.00017theta + 0.00044omega + -0.00019theta^2 + 0.00031theta omega + -0.00543omega^2
    Eq omega Phys: -0.002242*omega**2 + 4.0e-6*omega*theta + 6.4e-5*omega - 2.0e-6*theta - 1.4e-5
    Diffusion: theta=2.251859e-04, omega=3.039264e-05

--- Chunk 94868 (49/220) | Start: 2025-07-20 13:05:00 ---
    RMSE omega (GP): 0.010353 | RMSE omega (Sim): 0.090110
    Loss: 7.6818 | Epoch: 1358
    Eq omega: -0.015751 + -0.55216theta + -0.00147omega + 0.00186theta^2 + 0.00013theta omega + -0.00108omega^2
    Eq omega Phys: -0.000507*omega**2 + 2.0e-6*omega*theta - 4.9e-5*omega + 1.0e-6*theta**2 - 0.000613*theta - 0.000164
    Diffusion: theta=6.651647e-04, omega=2.866445e-05

--- Chunk 94869 (50/220) | Start: 2025-07-20 13:10:00 ---
    RMSE omega (GP): 0.013217 | RMSE omega (Sim): 0.075886
    Loss: 12.3159 | Epoch: 822
    Eq omega: 0.002931 + -0.01267theta + -0.00038omega + 0.00937theta^2 + 0.05019theta omega + 0.00441omega^2
    Eq omega Phys: 0.001932*omega**2 + 0.000733*omega*theta + 0.001899*omega + 5.0e-6*theta**2 + 1.0e-5*theta + 2.0e-6
    Diffusion: theta=9.589044e-04, omega=4.873582e-05

  [Progress 50/220] Mean RMSE omega (GP): 0.015093 | (Sim): 0.094311 | Mean loss: -24.5237 | Valid GP: 37/50 | Valid Sim: 36/50 | Elapsed: 16.9min | ETA: 57.4min

--- Chunk 94870 (51/220) | Start: 2025-07-20 13:15:00 ---
    RMSE omega (GP): 0.012687 | RMSE omega (Sim): 0.131045
    Loss: 8.2343 | Epoch: 922
    Eq omega: -0.009271 + -1.40788theta + -0.00440omega + 0.44611theta^2 + -0.00238theta omega + -0.02925omega^2
    Eq omega Phys: -0.011586*omega**2 - 3.1e-5*omega*theta - 0.000169*omega + 0.000196*theta**2 - 0.001284*theta - 0.001044
    Diffusion: theta=4.505866e-04, omega=5.562682e-05

--- Chunk 94871 (52/220) | Start: 2025-07-20 13:20:00 ---
    RMSE omega (GP): 0.014412 | RMSE omega (Sim): 0.101091
    Loss: 20.4876 | Epoch: 2072
    Eq omega: 0.005821 + 0.00061theta + 0.00015omega + -0.00514theta^2 + -0.00134theta omega + -0.00039omega^2
    Eq omega Phys: -0.000195*omega**2 - 2.2e-5*omega*theta - 3.6e-5*omega - 3.0e-6*theta**2 - 1.0e-5*theta + 5.0e-6
    Diffusion: theta=5.952446e-04, omega=2.781014e-05

--- Chunk 94872 (53/220) | Start: 2025-07-20 13:25:00 ---
    RMSE omega (GP): 0.012907 | RMSE omega (Sim): 0.095096
    Loss: 13.6532 | Epoch: 1361
    Eq omega: -0.000641 + -0.00013theta + 0.02151omega + -0.00030theta^2 + -0.00010theta omega + 0.00023omega^2
    Eq omega Phys: 0.000107*omega**2 - 2.0e-6*omega*theta + 0.00071*omega - 2.0e-6*theta - 5.0e-6
    Diffusion: theta=4.128436e-04, omega=4.131102e-05

--- Chunk 94873 (54/220) | Start: 2025-07-20 13:30:00 ---
    RMSE omega (GP): 0.012788 | RMSE omega (Sim): 0.252489
    Loss: 12.6138 | Epoch: 2361
    Eq omega: 0.002141 + 0.00000theta + -0.00071omega + -0.00021theta^2 + 0.00015theta omega + -0.00541omega^2
    Eq omega Phys: -0.002519*omega**2 + 2.0e-6*omega*theta - 4.1e-5*omega + 2.0e-6*theta - 1.0e-6
    Diffusion: theta=3.782044e-03, omega=3.955683e-05

--- Chunk 94874 (55/220) | Start: 2025-07-20 13:35:00 ---
    RMSE omega (GP): 0.012301 | RMSE omega (Sim): 0.144543
    Loss: 2.0676 | Epoch: 1128
    Eq omega: -0.028221 + -0.78709theta + -0.01208omega + 0.00830theta^2 + -0.00732theta omega + -0.03238omega^2
    Eq omega Phys: -0.009595*omega**2 - 7.2e-5*omega*theta - 8.3e-5*omega + 3.0e-6*theta**2 - 0.000899*theta + 0.003817
    Diffusion: theta=1.277634e-03, omega=2.976327e-05

--- Chunk 94875 (56/220) | Start: 2025-07-20 13:40:00 ---
    RMSE omega (GP): 0.027324 | RMSE omega (Sim): 0.089866
    Loss: 27.3918 | Epoch: 84
    Eq omega: -0.003491 + -0.17538theta + 0.00074omega + -0.00297theta^2 + -0.00241theta omega + -0.00201omega^2
    Eq omega Phys: -0.000586*omega**2 - 2.3e-5*omega*theta + 0.000184*omega - 0.e-6*theta**2 - 0.000182*theta + 0.00127
    Diffusion: theta=nan, omega=nan

--- Chunk 94876 (57/220) | Start: 2025-07-20 13:45:00 ---
    RMSE omega (GP): 0.025062 | RMSE omega (Sim): 0.118738
    Loss: 59.5283 | Epoch: 565
    Eq omega: 0.002581 + 0.00139theta + -0.00278omega + 0.00110theta^2 + 0.00000theta omega + -0.00003omega^2
    Eq omega Phys: -1.3e-5*omega**2 - 9.3e-5*omega + 1.0e-6*theta**2 + 1.4e-5*theta + 0.000101
    Diffusion: theta=7.293858e-02, omega=8.173329e-05

--- Chunk 94877 (58/220) | Start: 2025-07-20 13:50:00 ---
    RMSE omega (GP): 0.015279 | RMSE omega (Sim): 0.128525
    Loss: 18.5407 | Epoch: 1795
    Eq omega: 0.000631 + -0.00331theta + 0.00155omega + 0.00099theta^2 + -0.00302theta omega + 0.00034omega^2
    Eq omega Phys: 0.000154*omega**2 - 4.5e-5*omega*theta + 0.000115*omega - 5.0e-6*theta + 8.0e-6
    Diffusion: theta=6.972953e-04, omega=3.128087e-05

--- Chunk 94878 (59/220) | Start: 2025-07-20 13:55:00 ---
    RMSE omega (GP): 0.014800 | RMSE omega (Sim): 0.114752
    Loss: 19.4105 | Epoch: 1230
    Eq omega: -0.002811 + -0.00364theta + 0.05820omega + -0.00176theta^2 + -0.03549theta omega + -0.00076omega^2
    Eq omega Phys: -0.000359*omega**2 - 0.000559*omega*theta - 0.002744*omega - 0.e-6*theta**2 - 2.0e-5*theta - 0.000105
    Diffusion: theta=1.377072e-03, omega=4.532895e-05

--- Chunk 94879 (60/220) | Start: 2025-07-20 14:00:00 ---
    RMSE omega (GP): nan | RMSE omega (Sim): nan
    Loss: 58.7614 | Epoch: 45
    Eq omega: nan1 + nantheta + nanomega + nantheta^2 + nantheta omega + nanomega^2
    Eq omega Phys: N/A
    Diffusion: theta=nan, omega=nan

--- Chunk 94880 (61/220) | Start: 2025-07-20 14:05:00 ---
    RMSE omega (GP): nan | RMSE omega (Sim): nan
    Loss: 49.4795 | Epoch: 63
    Eq omega: nan1 + nantheta + nanomega + nantheta^2 + nantheta omega + nanomega^2
    Eq omega Phys: N/A
    Diffusion: theta=nan, omega=nan

--- Chunk 94881 (62/220) | Start: 2025-07-20 14:10:00 ---
    RMSE omega (GP): 0.014800 | RMSE omega (Sim): 0.074738
    Loss: 16.3623 | Epoch: 2168
    Eq omega: 0.002701 + 0.00034theta + 0.00109omega + 0.00017theta^2 + -0.00120theta omega + 0.00100omega^2
    Eq omega Phys: 0.000445*omega**2 - 1.8e-5*omega*theta + 0.000156*omega - 0.e-6*theta + 8.0e-6
    Diffusion: theta=3.396452e-04, omega=3.672732e-05

--- Chunk 94882 (63/220) | Start: 2025-07-20 14:15:00 ---
    RMSE omega (GP): 0.011298 | RMSE omega (Sim): 0.110308
    Loss: 6.4998 | Epoch: 1578
    Eq omega: -0.003921 + 0.00033theta + -0.00083omega + 0.00115theta^2 + -0.00065theta omega + -0.00037omega^2
    Eq omega Phys: -0.000149*omega**2 - 9.0e-6*omega*theta - 6.0e-6*omega + 1.0e-6*theta**2 - 2.0e-6*theta - 9.0e-6
    Diffusion: theta=2.018649e-03, omega=4.812137e-05

--- Chunk 94883 (64/220) | Start: 2025-07-20 14:20:00 ---
    RMSE omega (GP): 0.011873 | RMSE omega (Sim): 0.084559
    Loss: 21.7910 | Epoch: 797
    Eq omega: 0.002721 + -0.00055theta + -0.00067omega + 0.00001theta^2 + -0.00004theta omega + -0.00010omega^2
    Eq omega Phys: -6.1e-5*omega**2 - 0.e-6*omega*theta - 1.4e-5*omega - 0.e-6*theta + 1.2e-5
    Diffusion: theta=5.776974e-04, omega=5.189876e-05

--- Chunk 94884 (65/220) | Start: 2025-07-20 14:25:00 ---
    RMSE omega (GP): 0.010500 | RMSE omega (Sim): 0.076107
    Loss: 7.3686 | Epoch: 2048
    Eq omega: 0.004411 + -0.00114theta + 0.00149omega + -0.00002theta^2 + 0.00102theta omega + -0.00685omega^2
    Eq omega Phys: -0.003237*omega**2 + 1.6e-5*omega*theta - 0.000202*omega - 0.e-6*theta + 2.8e-5
    Diffusion: theta=2.042804e-04, omega=2.466105e-05

--- Chunk 94885 (66/220) | Start: 2025-07-20 14:30:00 ---
    RMSE omega (GP): 0.012979 | RMSE omega (Sim): 0.092767
    Loss: 13.7616 | Epoch: 1375
    Eq omega: -0.007641 + -0.18427theta + 0.00083omega + -0.00014theta^2 + -0.00209theta omega + -0.00087omega^2
    Eq omega Phys: -0.000401*omega**2 - 3.2e-5*omega*theta - 0.000282*omega - 0.000206*theta - 0.002
    Diffusion: theta=4.531505e-04, omega=3.888855e-05

--- Chunk 94886 (67/220) | Start: 2025-07-20 14:35:00 ---
    RMSE omega (GP): nan | RMSE omega (Sim): nan
    Loss: 474.1448 | Epoch: 27
    Eq omega: nan1 + nantheta + nanomega + nantheta^2 + nantheta omega + nanomega^2
    Eq omega Phys: N/A
    Diffusion: theta=nan, omega=nan

--- Chunk 94887 (68/220) | Start: 2025-07-20 14:40:00 ---
    RMSE omega (GP): 0.014333 | RMSE omega (Sim): 0.104474
    Loss: 14.9514 | Epoch: 1133
    Eq omega: 0.002891 + -0.00057theta + -0.00517omega + -0.00017theta^2 + 0.00028theta omega + 0.00033omega^2
    Eq omega Phys: 0.000143*omega**2 + 4.0e-6*omega*theta - 0.000211*omega + 1.0e-6*theta + 6.0e-6
    Diffusion: theta=2.856600e-04, omega=5.528341e-05

--- Chunk 94888 (69/220) | Start: 2025-07-20 14:45:00 ---
    RMSE omega (GP): nan | RMSE omega (Sim): nan
    Loss: 5706.6743 | Epoch: 16
    Eq omega: nan1 + nantheta + nanomega + nantheta^2 + nantheta omega + nanomega^2
    Eq omega Phys: N/A
    Diffusion: theta=nan, omega=nan

--- Chunk 94889 (70/220) | Start: 2025-07-20 14:50:00 ---
    RMSE omega (GP): nan | RMSE omega (Sim): nan
    Loss: 142.4802 | Epoch: 122
    Eq omega: nan1 + nantheta + nanomega + nantheta^2 + nantheta omega + nanomega^2
    Eq omega Phys: N/A
    Diffusion: theta=nan, omega=nan

--- Chunk 94890 (71/220) | Start: 2025-07-20 14:55:00 ---
    RMSE omega (GP): 0.013567 | RMSE omega (Sim): 0.046554
    Loss: 46.4059 | Epoch: 1756
    Eq omega: 0.006651 + -0.00034theta + -0.00004omega + -0.00001theta^2 + -0.00008theta omega + -0.00122omega^2
    Eq omega Phys: -0.000922*omega**2 - 2.0e-6*omega*theta + 3.8e-5*omega + 1.4e-5
    Diffusion: theta=4.737205e-04, omega=2.235006e-05

--- Chunk 94891 (72/220) | Start: 2025-07-20 15:00:00 ---
    RMSE omega (GP): 0.013965 | RMSE omega (Sim): 0.060561
    Loss: 9.0443 | Epoch: 1847
    Eq omega: -0.010951 + -0.23127theta + -0.00529omega + 0.00104theta^2 + -0.00318theta omega + 0.00095omega^2
    Eq omega Phys: 0.000354*omega**2 - 4.0e-5*omega*theta - 0.000483*omega - 0.00025*theta - 0.001998
    Diffusion: theta=1.354238e-03, omega=2.718158e-05

--- Chunk 94892 (73/220) | Start: 2025-07-20 15:05:00 ---
    RMSE omega (GP): 0.012539 | RMSE omega (Sim): 0.171312
    Loss: 7.9542 | Epoch: 1611
    Eq omega: 0.001591 + -0.00130theta + -0.00005omega + 0.00007theta^2 + 0.00261theta omega + 0.00078omega^2
    Eq omega Phys: 0.000307*omega**2 + 3.4e-5*omega*theta - 9.0e-6*omega - 1.0e-6*theta + 5.0e-6
    Diffusion: theta=1.289314e-03, omega=3.348662e-05

--- Chunk 94893 (74/220) | Start: 2025-07-20 15:10:00 ---
    RMSE omega (GP): 0.037813 | RMSE omega (Sim): 0.142767
    Loss: 117.1575 | Epoch: 60
    Eq omega: 0.019561 + -0.00526theta + -0.00053omega + 0.00009theta^2 + -0.00029theta omega + 0.00049omega^2
    Eq omega Phys: 0.000185*omega**2 - 4.0e-6*omega*theta + 1.4e-5*omega - 7.0e-6*theta + 0.000112
    Diffusion: theta=nan, omega=nan

--- Chunk 94894 (75/220) | Start: 2025-07-20 15:15:00 ---
    RMSE omega (GP): 0.013604 | RMSE omega (Sim): 0.150930
    Loss: 3.7979 | Epoch: 1830
    Eq omega: 0.002671 + -0.00034theta + 0.00039omega + -0.00010theta^2 + 0.00133theta omega + -0.00144omega^2
    Eq omega Phys: -0.000426*omega**2 + 1.3e-5*omega*theta - 0.000187*omega + 1.0e-6*theta + 8.0e-6
    Diffusion: theta=5.144759e-04, omega=5.222426e-05

--- Chunk 94895 (76/220) | Start: 2025-07-20 15:20:00 ---
    RMSE omega (GP): 0.012324 | RMSE omega (Sim): 0.061395
    Loss: 8.1454 | Epoch: 928
    Eq omega: -0.007581 + -0.15147theta + -0.00968omega + 0.00077theta^2 + 0.00126theta omega + -0.01217omega^2
    Eq omega Phys: -0.004886*omega**2 + 1.7e-5*omega*theta - 0.000472*omega - 0.000174*theta + 0.001493
    Diffusion: theta=6.150032e-04, omega=4.687095e-05

--- Chunk 94896 (77/220) | Start: 2025-07-20 15:25:00 ---
    RMSE omega (GP): nan | RMSE omega (Sim): nan
    Loss: 57.7810 | Epoch: 252
    Eq omega: nan1 + nantheta + nanomega + nantheta^2 + nantheta omega + nanomega^2
    Eq omega Phys: N/A
    Diffusion: theta=nan, omega=nan

--- Chunk 94897 (78/220) | Start: 2025-07-20 15:30:00 ---
    RMSE omega (GP): 0.014586 | RMSE omega (Sim): 0.066978
    Loss: 2.0597 | Epoch: 1529
    Eq omega: -0.006931 + -0.28843theta + -0.02443omega + -0.00017theta^2 + -0.00157theta omega + -0.00087omega^2
    Eq omega Phys: -0.000234*omega**2 - 1.4e-5*omega*theta - 0.000627*omega - 0.000319*theta + 0.004222
    Diffusion: theta=3.913492e-04, omega=5.288595e-05

--- Chunk 94898 (79/220) | Start: 2025-07-20 15:35:00 ---
/pfs/data6/home/ka/ka_iai/ka_bj2362/dsr/svise/run_analysis_5min_all_chunks_combo38.py:212: ODEintWarning: Excess work done on this call (perhaps wrong Dfun type). Run with full_output = 1 to get quantitative information.
  sol_scaled = odeint(drift, x0_scaled, t_scaled, full_output=False)
    RMSE omega (GP): 0.024374 | RMSE omega (Sim): nan
    Loss: 94.5733 | Epoch: 999
    Eq omega: 0.031041 + -0.07354theta + -0.01076omega + 0.01268theta^2 + -0.00050theta omega + -0.08048omega^2
    Eq omega Phys: -0.047128*omega**2 - 1.0e-5*omega*theta - 0.000592*omega + 8.0e-6*theta**2 + 0.000312*theta + 0.002811
    Diffusion: theta=9.670492e-04, omega=7.681957e-06

--- Chunk 94899 (80/220) | Start: 2025-07-20 15:40:00 ---
    RMSE omega (GP): 0.013636 | RMSE omega (Sim): 0.098338
    Loss: 5.6352 | Epoch: 1045
    Eq omega: -0.005941 + -0.19207theta + 0.00270omega + 0.00044theta^2 + -0.00233theta omega + 0.00287omega^2
    Eq omega Phys: 0.000918*omega**2 - 2.5e-5*omega*theta + 0.00019*omega - 0.000215*theta + 0.000842
    Diffusion: theta=3.614317e-03, omega=4.734128e-05

--- Chunk 94900 (81/220) | Start: 2025-07-20 15:45:00 ---
    RMSE omega (GP): 0.031081 | RMSE omega (Sim): 0.099284
    Loss: 140.0797 | Epoch: 911
    Eq omega: -0.000081 + -0.00003theta + -0.00210omega + 0.00003theta^2 + -0.00010theta omega + -0.00081omega^2
    Eq omega Phys: -0.000414*omega**2 - 2.0e-6*omega*theta - 0.000104*omega + 1.0e-6*theta + 6.0e-6
    Diffusion: theta=9.725199e-02, omega=1.125620e-04

--- Chunk 94901 (82/220) | Start: 2025-07-20 15:50:00 ---
    RMSE omega (GP): 0.013986 | RMSE omega (Sim): 0.078980
    Loss: 12.6615 | Epoch: 1263
    Eq omega: 0.008081 + -0.00239theta + -0.01488omega + 0.00502theta^2 + 0.00158theta omega + -0.00240omega^2
    Eq omega Phys: -0.001037*omega**2 + 2.3e-5*omega*theta - 0.000257*omega + 2.0e-6*theta**2 + 4.8e-5*theta + 0.000258
    Diffusion: theta=2.035919e-04, omega=4.239331e-05

--- Chunk 94902 (83/220) | Start: 2025-07-20 15:55:00 ---
    RMSE omega (GP): 0.036563 | RMSE omega (Sim): 0.161480
    Loss: 57.5667 | Epoch: 375
    Eq omega: 0.003111 + -0.00256theta + 0.01107omega + 0.00048theta^2 + 0.00022theta omega + 0.00297omega^2
    Eq omega Phys: 0.000942*omega**2 + 2.0e-6*omega*theta + 0.000376*omega - 2.0e-6*theta + 4.0e-6
    Diffusion: theta=3.317221e-03, omega=2.766780e-06

--- Chunk 94903 (84/220) | Start: 2025-07-20 16:00:00 ---
    RMSE omega (GP): 0.042893 | RMSE omega (Sim): 0.153963
    Loss: 100.9412 | Epoch: 38
    Eq omega: -0.004481 + -0.01856theta + -0.00734omega + -0.00110theta^2 + -0.00010theta omega + 0.00732omega^2
    Eq omega Phys: 0.002022*omega**2 - 0.e-6*omega*theta - 0.000248*omega - 2.3e-5*theta - 0.000109
    Diffusion: theta=8.573263e-03, omega=3.541518e-06

--- Chunk 94904 (85/220) | Start: 2025-07-20 16:05:00 ---
    RMSE omega (GP): 0.015345 | RMSE omega (Sim): 0.169191
    Loss: 6.3794 | Epoch: 859
    Eq omega: 0.001741 + -0.00045theta + 0.00607omega + -0.00034theta^2 + 0.00038theta omega + 0.00040omega^2
    Eq omega Phys: 0.000119*omega**2 + 4.0e-6*omega*theta + 0.000253*omega - 3.0e-6*theta - 2.0e-5
    Diffusion: theta=1.473133e-03, omega=6.075618e-05

--- Chunk 94905 (86/220) | Start: 2025-07-20 16:10:00 ---
    RMSE omega (GP): 0.016088 | RMSE omega (Sim): 0.067264
    Loss: 5.7335 | Epoch: 1896
    Eq omega: -0.010301 + -0.31061theta + -0.09748omega + 0.00005theta^2 + -0.00951theta omega + 0.01616omega^2
    Eq omega Phys: 0.004792*omega**2 - 9.4e-5*omega*theta - 0.004551*omega - 0.000345*theta - 0.004815
    Diffusion: theta=2.266949e-03, omega=3.676116e-05

--- Chunk 94906 (87/220) | Start: 2025-07-20 16:15:00 ---
    RMSE omega (GP): 0.014236 | RMSE omega (Sim): 0.105089
    Loss: 13.0116 | Epoch: 1628
    Eq omega: 0.000191 + 0.00002theta + 0.00259omega + -0.00001theta^2 + 0.00008theta omega + 0.00382omega^2
    Eq omega Phys: 0.001587*omega**2 + 1.0e-6*omega*theta + 9.6e-5*omega
    Diffusion: theta=2.500666e-03, omega=5.258908e-05

--- Chunk 94907 (88/220) | Start: 2025-07-20 16:20:00 ---
    RMSE omega (GP): 0.015135 | RMSE omega (Sim): 0.076827
    Loss: 10.2594 | Epoch: 1021
    Eq omega: -0.010321 + -0.23560theta + -0.20351omega + 0.22988theta^2 + 0.00194theta omega + -0.06552omega^2
    Eq omega Phys: -0.023661*omega**2 + 2.3e-5*omega*theta - 0.006773*omega + 9.2e-5*theta**2 - 0.000178*theta - 0.000132
    Diffusion: theta=4.467017e-04, omega=6.100767e-05

--- Chunk 94908 (89/220) | Start: 2025-07-20 16:25:00 ---
    RMSE omega (GP): 0.014860 | RMSE omega (Sim): 0.168148
    Loss: 12.5092 | Epoch: 2379
    Eq omega: -0.008581 + 0.00144theta + -0.00033omega + 0.00025theta^2 + 0.00030theta omega + 0.00570omega^2
    Eq omega Phys: 0.002241*omega**2 + 4.0e-6*omega*theta + 2.0e-5*omega + 3.0e-6*theta - 5.0e-6
    Diffusion: theta=4.141667e-04, omega=5.048291e-05

--- Chunk 94909 (90/220) | Start: 2025-07-20 16:30:00 ---
    RMSE omega (GP): 0.029261 | RMSE omega (Sim): 0.154948
    Loss: 19.2641 | Epoch: 74
    Eq omega: -0.001221 + -0.01275theta + 0.00199omega + -0.00024theta^2 + -0.00021theta omega + -0.00437omega^2
    Eq omega Phys: -0.001007*omega**2 - 2.0e-6*omega*theta + 6.4e-5*omega - 1.4e-5*theta - 2.3e-5
    Diffusion: theta=nan, omega=nan

--- Chunk 94910 (91/220) | Start: 2025-07-20 16:35:00 ---
    RMSE omega (GP): 0.058878 | RMSE omega (Sim): 0.180947
    Loss: 1283.6989 | Epoch: 20
    Eq omega: 0.003991 + 0.00002theta + -0.00073omega + -0.00007theta^2 + -0.00009theta omega + 0.00118omega^2
    Eq omega Phys: 0.000566*omega**2 - 1.0e-6*omega*theta - 5.6e-5*omega - 2.0e-6*theta - 8.0e-6
    Diffusion: theta=nan, omega=nan

--- Chunk 94911 (92/220) | Start: 2025-07-20 16:40:00 ---
    RMSE omega (GP): 0.016509 | RMSE omega (Sim): 0.148339
    Loss: 20.9460 | Epoch: 1064
    Eq omega: 0.001911 + -0.00011theta + -0.00248omega + 0.00003theta^2 + -0.00034theta omega + 0.00036omega^2
    Eq omega Phys: 0.000161*omega**2 - 5.0e-6*omega*theta - 2.0e-5*omega + 9.0e-6
    Diffusion: theta=2.995779e-04, omega=2.965089e-05

--- Chunk 94912 (93/220) | Start: 2025-07-20 16:45:00 ---
    RMSE omega (GP): nan | RMSE omega (Sim): nan
    Loss: 538.5346 | Epoch: 17
    Eq omega: nan1 + nantheta + nanomega + nantheta^2 + nantheta omega + nanomega^2
    Eq omega Phys: N/A
    Diffusion: theta=nan, omega=nan

--- Chunk 94913 (94/220) | Start: 2025-07-20 16:50:00 ---
    RMSE omega (GP): nan | RMSE omega (Sim): nan
    Loss: 482.5706 | Epoch: 46
    Eq omega: nan1 + nantheta + nanomega + nantheta^2 + nantheta omega + nanomega^2
    Eq omega Phys: N/A
    Diffusion: theta=nan, omega=nan

--- Chunk 94914 (95/220) | Start: 2025-07-20 16:55:00 ---
    RMSE omega (GP): 0.013747 | RMSE omega (Sim): 0.123597
    Loss: 8.3714 | Epoch: 1360
    Eq omega: -0.001941 + -0.00761theta + -0.00236omega + -0.00154theta^2 + -0.00391theta omega + 0.00420omega^2
    Eq omega Phys: 0.001552*omega**2 - 4.8e-5*omega*theta + 8.5e-5*omega - 0.e-6*theta**2 - 4.0e-6*theta + 1.6e-5
    Diffusion: theta=4.765287e-04, omega=4.547578e-05

--- Chunk 94915 (96/220) | Start: 2025-07-20 17:00:00 ---
    RMSE omega (GP): 0.012464 | RMSE omega (Sim): 0.172501
    Loss: 2.0780 | Epoch: 1293
    Eq omega: 0.000981 + -0.00647theta + 0.00130omega + -0.00094theta^2 + 0.00090theta omega + -0.00034omega^2
    Eq omega Phys: -0.000101*omega**2 + 9.0e-6*omega*theta + 9.8e-5*omega - 1.1e-5*theta - 5.2e-5
    Diffusion: theta=1.869137e-03, omega=4.181107e-05

--- Chunk 94916 (97/220) | Start: 2025-07-20 17:05:00 ---
    RMSE omega (GP): 0.029778 | RMSE omega (Sim): 0.080484
    Loss: 82.3480 | Epoch: 95
    Eq omega: -0.017801 + -0.05897theta + -0.00255omega + -0.00200theta^2 + 0.00031theta omega + -0.02285omega^2
    Eq omega Phys: -0.010366*omega**2 + 5.0e-6*omega*theta - 9.4e-5*omega - 1.0e-6*theta**2 - 6.2e-5*theta + 7.8e-5
    Diffusion: theta=1.979666e-03, omega=8.991500e-06

--- Chunk 94917 (98/220) | Start: 2025-07-20 17:10:00 ---
    RMSE omega (GP): 0.015177 | RMSE omega (Sim): 0.062836
    Loss: 23.3255 | Epoch: 954
    Eq omega: -0.000151 + -0.52975theta + -0.00629omega + 0.03076theta^2 + 0.01175theta omega + 0.01840omega^2
    Eq omega Phys: 0.009177*omega**2 + 0.000195*omega*theta + 0.000507*omega + 1.7e-5*theta**2 - 0.000464*theta - 0.001929
    Diffusion: theta=2.823134e-03, omega=3.933901e-05

--- Chunk 94918 (99/220) | Start: 2025-07-20 17:15:00 ---
    RMSE omega (GP): 0.016944 | RMSE omega (Sim): 0.111451
    Loss: 18.9509 | Epoch: 729
    Eq omega: 0.000361 + -0.00072theta + -0.00516omega + -0.00121theta^2 + -0.00299theta omega + -0.00011omega^2
    Eq omega Phys: -4.5e-5*omega**2 - 4.1e-5*omega*theta - 0.000445*omega - 0.e-6*theta**2 - 8.0e-6*theta - 2.9e-5
    Diffusion: theta=5.202833e-04, omega=4.456454e-05

--- Chunk 94919 (100/220) | Start: 2025-07-20 17:20:00 ---
    RMSE omega (GP): nan | RMSE omega (Sim): nan
    Loss: 98.9870 | Epoch: 24
    Eq omega: nan1 + nantheta + nanomega + nantheta^2 + nantheta omega + nanomega^2
    Eq omega Phys: N/A
    Diffusion: theta=nan, omega=nan

  [Progress 100/220] Mean RMSE omega (GP): 0.017066 | (Sim): 0.105638 | Mean loss: 87.5879 | Valid GP: 78/100 | Valid Sim: 76/100 | Elapsed: 33.4min | ETA: 40.1min

--- Chunk 94920 (101/220) | Start: 2025-07-20 17:25:00 ---
    RMSE omega (GP): 0.018833 | RMSE omega (Sim): 0.125772
    Loss: 8.9266 | Epoch: 2536
    Eq omega: -0.000141 + -0.00126theta + -0.00076omega + 0.00002theta^2 + -0.00011theta omega + 0.00100omega^2
    Eq omega Phys: 0.000271*omega**2 - 0.e-6*omega*theta - 5.5e-5*omega - 1.0e-6*theta - 3.7e-5
    Diffusion: theta=3.035092e-03, omega=3.190901e-05

--- Chunk 94921 (102/220) | Start: 2025-07-20 17:30:00 ---
    RMSE omega (GP): 0.015848 | RMSE omega (Sim): 0.103390
    Loss: 18.6728 | Epoch: 1109
    Eq omega: -0.006531 + -0.41827theta + -0.03953omega + -0.07440theta^2 + 0.00144theta omega + -0.00041omega^2
    Eq omega Phys: -0.000179*omega**2 + 2.1e-5*omega*theta - 0.00147*omega - 3.6e-5*theta**2 + 6.1e-5*theta + 0.001451
    Diffusion: theta=8.384358e-04, omega=3.746696e-05

--- Chunk 94922 (103/220) | Start: 2025-07-20 17:35:00 ---
    RMSE omega (GP): 0.033334 | RMSE omega (Sim): 0.043025
    Loss: 237.7545 | Epoch: 984
    Eq omega: -0.003311 + -0.04893theta + 0.01255omega + -0.00051theta^2 + 0.00000theta omega + -0.00098omega^2
    Eq omega Phys: -0.000723*omega**2 + 0.000418*omega - 7.6e-5*theta - 0.001658
    Diffusion: theta=2.648689e-04, omega=2.919087e-06

--- Chunk 94923 (104/220) | Start: 2025-07-20 17:40:00 ---
    RMSE omega (GP): 0.015291 | RMSE omega (Sim): 0.152852
    Loss: 8.6581 | Epoch: 1042
    Eq omega: 0.001651 + -0.00917theta + -0.00356omega + 0.01378theta^2 + 0.00327theta omega + 0.00132omega^2
    Eq omega Phys: 0.000446*omega**2 + 3.7e-5*omega*theta + 8.3e-5*omega + 5.0e-6*theta**2 + 4.7e-5*theta + 0.000105
    Diffusion: theta=nan, omega=nan

--- Chunk 94924 (105/220) | Start: 2025-07-20 17:45:00 ---
    RMSE omega (GP): nan | RMSE omega (Sim): nan
    Loss: 715.6649 | Epoch: 44
    Eq omega: nan1 + nantheta + nanomega + nantheta^2 + nantheta omega + nanomega^2
    Eq omega Phys: N/A
    Diffusion: theta=nan, omega=nan

--- Chunk 94925 (106/220) | Start: 2025-07-20 17:50:00 ---
    RMSE omega (GP): 0.015032 | RMSE omega (Sim): 0.087741
    Loss: 5.8778 | Epoch: 837
    Eq omega: 0.014681 + -0.07536theta + -0.00452omega + 0.00249theta^2 + 0.00630theta omega + 0.00374omega^2
    Eq omega Phys: 0.001143*omega**2 + 6.4e-5*omega*theta + 0.000645*omega + 1.0e-6*theta**2 - 6.3e-5*theta - 0.000855
    Diffusion: theta=3.462679e-04, omega=3.000738e-05

--- Chunk 94926 (107/220) | Start: 2025-07-20 17:55:00 ---
    RMSE omega (GP): 0.018052 | RMSE omega (Sim): 0.110066
    Loss: 12.0090 | Epoch: 1394
    Eq omega: -0.003211 + -0.55216theta + -0.00163omega + 0.00460theta^2 + -0.00757theta omega + 0.00091omega^2
    Eq omega Phys: 0.000293*omega**2 - 8.1e-5*omega*theta + 0.000439*omega + 2.0e-6*theta**2 - 0.000633*theta + 0.00377
    Diffusion: theta=8.522004e-04, omega=7.760939e-05

--- Chunk 94927 (108/220) | Start: 2025-07-20 18:00:00 ---
    RMSE omega (GP): 0.013441 | RMSE omega (Sim): 0.211743
    Loss: 1.1162 | Epoch: 3019
    Eq omega: 0.000961 + -0.00056theta + 0.01313omega + -0.00091theta^2 + 0.00030theta omega + 0.00325omega^2
    Eq omega Phys: 0.0008*omega**2 + 2.0e-6*omega*theta + 0.000433*omega + 5.0e-6
    Diffusion: theta=3.875639e-04, omega=3.883092e-05

--- Chunk 94928 (109/220) | Start: 2025-07-20 18:05:00 ---
    RMSE omega (GP): 0.014282 | RMSE omega (Sim): 0.173114
    Loss: 7.5902 | Epoch: 841
    Eq omega: 0.001601 + 0.00095theta + -0.00052omega + -0.00052theta^2 + 0.00250theta omega + 0.00076omega^2
    Eq omega Phys: 0.000261*omega**2 + 2.9e-5*omega*theta + 0.000235*omega - 2.0e-6*theta - 0.e-6
    Diffusion: theta=9.657157e-04, omega=4.058488e-05

--- Chunk 94929 (110/220) | Start: 2025-07-20 18:10:00 ---
    RMSE omega (GP): nan | RMSE omega (Sim): nan
    Loss: 2231.6902 | Epoch: 43
    Eq omega: nan1 + nantheta + nanomega + nantheta^2 + nantheta omega + nanomega^2
    Eq omega Phys: N/A
    Diffusion: theta=nan, omega=nan

--- Chunk 94930 (111/220) | Start: 2025-07-20 18:15:00 ---
    RMSE omega (GP): 0.015705 | RMSE omega (Sim): 0.177734
    Loss: 9.8714 | Epoch: 944
    Eq omega: -0.006911 + 0.00041theta + 0.00180omega + -0.00211theta^2 + -0.00027theta omega + -0.00242omega^2
    Eq omega Phys: -0.000834*omega**2 - 3.0e-6*omega*theta + 7.4e-5*omega - 0.e-6*theta**2 + 8.0e-6*theta - 4.1e-5
    Diffusion: theta=1.794958e-03, omega=3.601116e-05

--- Chunk 94931 (112/220) | Start: 2025-07-20 18:20:00 ---
    RMSE omega (GP): 0.011840 | RMSE omega (Sim): 0.191275
    Loss: 20.1262 | Epoch: 1392
    Eq omega: 0.003131 + -0.00050theta + -0.00020omega + -0.00017theta^2 + 0.00041theta omega + 0.00006omega^2
    Eq omega Phys: 3.5e-5*omega**2 + 8.0e-6*omega*theta - 7.7e-5*omega + 1.0e-6*theta + 2.0e-6
    Diffusion: theta=8.832873e-04, omega=2.347772e-05

--- Chunk 94932 (113/220) | Start: 2025-07-20 18:25:00 ---
    RMSE omega (GP): 0.014844 | RMSE omega (Sim): 0.096699
    Loss: 11.5985 | Epoch: 1583
    Eq omega: 0.005221 + -0.00841theta + 0.00178omega + -0.00062theta^2 + 0.00629theta omega + -0.00237omega^2
    Eq omega Phys: -0.000914*omega**2 + 8.1e-5*omega*theta - 7.7e-5*omega - 8.0e-6*theta + 3.0e-5
    Diffusion: theta=2.611728e-04, omega=4.579112e-05

--- Chunk 94933 (114/220) | Start: 2025-07-20 18:30:00 ---
    RMSE omega (GP): 0.014157 | RMSE omega (Sim): 0.077479
    Loss: 18.9892 | Epoch: 1001
    Eq omega: -0.002321 + -0.00206theta + -0.00226omega + -0.00063theta^2 + -0.00146theta omega + -0.00942omega^2
    Eq omega Phys: -0.004635*omega**2 - 2.4e-5*omega*theta + 0.000181*omega + 5.0e-6*theta - 2.0e-5
    Diffusion: theta=5.289298e-04, omega=2.449618e-05

--- Chunk 94934 (115/220) | Start: 2025-07-20 18:35:00 ---
    RMSE omega (GP): 0.020542 | RMSE omega (Sim): 0.062249
    Loss: -3109678328969661373218816.0000 | Epoch: 1926
    Eq omega: 0.001521 + -0.00054theta + -0.00045omega + 0.00004theta^2 + 0.00088theta omega + 0.00012omega^2
    Eq omega Phys: 6.8e-5*omega**2 + 1.7e-5*omega*theta - 0.000256*omega - 1.0e-6*theta + 1.7e-5
    Diffusion: theta=nan, omega=nan

--- Chunk 94935 (116/220) | Start: 2025-07-20 18:40:00 ---
    RMSE omega (GP): nan | RMSE omega (Sim): nan
    Loss: 381.4380 | Epoch: 28
    Eq omega: nan1 + nantheta + nanomega + nantheta^2 + nantheta omega + nanomega^2
    Eq omega Phys: N/A
    Diffusion: theta=nan, omega=nan

--- Chunk 94936 (117/220) | Start: 2025-07-20 18:45:00 ---
    RMSE omega (GP): 0.037122 | RMSE omega (Sim): 0.162916
    Loss: 169.5827 | Epoch: 62
    Eq omega: -0.000191 + -0.00174theta + -0.00386omega + -0.00061theta^2 + -0.00019theta omega + -0.00017omega^2
    Eq omega Phys: -8.1e-5*omega**2 - 3.0e-6*omega*theta - 7.1e-5*omega + 1.1e-5*theta - 8.3e-5
    Diffusion: theta=nan, omega=nan

--- Chunk 94937 (118/220) | Start: 2025-07-20 18:50:00 ---
    RMSE omega (GP): nan | RMSE omega (Sim): nan
    Loss: 69.6837 | Epoch: 35
    Eq omega: nan1 + nantheta + nanomega + nantheta^2 + nantheta omega + nanomega^2
    Eq omega Phys: N/A
    Diffusion: theta=nan, omega=nan

--- Chunk 94938 (119/220) | Start: 2025-07-20 18:55:00 ---
    RMSE omega (GP): 0.015426 | RMSE omega (Sim): 0.129809
    Loss: 20.9326 | Epoch: 887
    Eq omega: 0.003671 + -0.00225theta + -0.00031omega + -0.00030theta^2 + 0.00006theta omega + 0.00089omega^2
    Eq omega Phys: 0.000414*omega**2 + 1.0e-6*omega*theta - 2.4e-5*omega + 2.0e-6*theta + 1.1e-5
    Diffusion: theta=1.024088e-03, omega=3.545335e-05

--- Chunk 94939 (120/220) | Start: 2025-07-20 19:00:00 ---
    RMSE omega (GP): nan | RMSE omega (Sim): nan
    Loss: 260.3713 | Epoch: 37
    Eq omega: nan1 + nantheta + nanomega + nantheta^2 + nantheta omega + nanomega^2
    Eq omega Phys: N/A
    Diffusion: theta=nan, omega=nan

--- Chunk 94940 (121/220) | Start: 2025-07-20 19:05:00 ---
    RMSE omega (GP): nan | RMSE omega (Sim): nan
    Loss: 33.5848 | Epoch: 86
    Eq omega: nan1 + nantheta + nanomega + nantheta^2 + nantheta omega + nanomega^2
    Eq omega Phys: N/A
    Diffusion: theta=nan, omega=nan

--- Chunk 94941 (122/220) | Start: 2025-07-20 19:10:00 ---
    RMSE omega (GP): 0.013818 | RMSE omega (Sim): 0.114629
    Loss: 11.3537 | Epoch: 1526
    Eq omega: 0.003071 + -0.00141theta + 0.00109omega + -0.00142theta^2 + -0.00422theta omega + 0.00106omega^2
    Eq omega Phys: 0.000427*omega**2 - 5.7e-5*omega*theta - 0.000283*omega - 0.e-6*theta**2 - 9.0e-6*theta - 2.1e-5
    Diffusion: theta=8.245801e-04, omega=4.930490e-05

--- Chunk 94942 (123/220) | Start: 2025-07-20 19:15:00 ---
    RMSE omega (GP): nan | RMSE omega (Sim): nan
    Loss: 165.8841 | Epoch: 56
    Eq omega: nan1 + nantheta + nanomega + nantheta^2 + nantheta omega + nanomega^2
    Eq omega Phys: N/A
    Diffusion: theta=nan, omega=nan

--- Chunk 94943 (124/220) | Start: 2025-07-20 19:20:00 ---
    RMSE omega (GP): 0.011872 | RMSE omega (Sim): 0.070956
    Loss: 17.1992 | Epoch: 2214
    Eq omega: 0.002351 + 0.00055theta + 0.00885omega + 0.00561theta^2 + -0.00010theta omega + -0.00200omega^2
    Eq omega Phys: -0.001092*omega**2 - 2.0e-6*omega*theta + 0.000321*omega + 3.0e-6*theta**2 - 9.5e-5*theta + 0.000674
    Diffusion: theta=4.406109e-04, omega=2.748359e-05

--- Chunk 94944 (125/220) | Start: 2025-07-20 19:25:00 ---
    RMSE omega (GP): nan | RMSE omega (Sim): nan
    Loss: 122.5797 | Epoch: 36
    Eq omega: nan1 + nantheta + nanomega + nantheta^2 + nantheta omega + nanomega^2
    Eq omega Phys: N/A
    Diffusion: theta=nan, omega=nan

--- Chunk 94945 (126/220) | Start: 2025-07-20 19:30:00 ---
    RMSE omega (GP): 0.025440 | RMSE omega (Sim): 0.111778
    Loss: 30.1374 | Epoch: 435
    Eq omega: 0.002741 + -0.01068theta + 0.00023omega + -0.00082theta^2 + -0.00210theta omega + 0.01076omega^2
    Eq omega Phys: 0.004433*omega**2 - 2.9e-5*omega*theta - 0.000234*omega - 1.8e-5*theta - 0.000118
    Diffusion: theta=6.867905e-02, omega=6.349285e-05

--- Chunk 94946 (127/220) | Start: 2025-07-20 19:35:00 ---
    RMSE omega (GP): 0.015054 | RMSE omega (Sim): 0.096050
    Loss: 11.9060 | Epoch: 1220
    Eq omega: 0.008681 + -0.35865theta + 0.00685omega + 0.00366theta^2 + 0.00112theta omega + 0.00702omega^2
    Eq omega Phys: 0.002699*omega**2 + 1.4e-5*omega*theta + 0.000217*omega + 2.0e-6*theta**2 - 0.000401*theta + 0.000331
    Diffusion: theta=2.839656e-04, omega=3.959115e-05

--- Chunk 94947 (128/220) | Start: 2025-07-20 19:40:00 ---
    RMSE omega (GP): 0.017766 | RMSE omega (Sim): 0.042130
    Loss: 23.2079 | Epoch: 1292
    Eq omega: 0.003751 + -0.10383theta + 0.00004omega + -0.00408theta^2 + 0.00100theta omega + -0.00001omega^2
    Eq omega Phys: -4.0e-6*omega**2 + 1.5e-5*omega*theta + 0.0003*omega - 2.0e-6*theta**2 - 0.000197*theta - 0.003184
    Diffusion: theta=7.739175e-04, omega=1.693338e-05

--- Chunk 94948 (129/220) | Start: 2025-07-20 19:45:00 ---
    RMSE omega (GP): 0.026222 | RMSE omega (Sim): 0.032156
    Loss: 370.5233 | Epoch: 587
    Eq omega: 0.002781 + -0.05293theta + -0.00017omega + 0.00278theta^2 + -0.00024theta omega + -0.01775omega^2
    Eq omega Phys: -0.018372*omega**2 - 8.0e-6*omega*theta - 0.000176*omega + 3.0e-6*theta**2 + 7.3e-5*theta + 0.00015
    Diffusion: theta=nan, omega=nan

--- Chunk 94949 (130/220) | Start: 2025-07-20 19:50:00 ---
    RMSE omega (GP): nan | RMSE omega (Sim): nan
    Loss: 243.3602 | Epoch: 16
    Eq omega: nan1 + nantheta + nanomega + nantheta^2 + nantheta omega + nanomega^2
    Eq omega Phys: N/A
    Diffusion: theta=nan, omega=nan

--- Chunk 94950 (131/220) | Start: 2025-07-20 19:55:00 ---
    RMSE omega (GP): nan | RMSE omega (Sim): nan
    Loss: 54.8183 | Epoch: 42
    Eq omega: nan1 + nantheta + nanomega + nantheta^2 + nantheta omega + nanomega^2
    Eq omega Phys: N/A
    Diffusion: theta=nan, omega=nan

--- Chunk 94951 (132/220) | Start: 2025-07-20 20:00:00 ---
    RMSE omega (GP): 0.015335 | RMSE omega (Sim): 0.097198
    Loss: 1.8166 | Epoch: 1488
    Eq omega: 0.001521 + -0.14254theta + 0.02413omega + -0.00054theta^2 + 0.00061theta omega + 0.01864omega^2
    Eq omega Phys: 0.004398*omega**2 + 5.0e-6*omega*theta + 0.000817*omega - 0.000159*theta - 0.0004
    Diffusion: theta=5.067249e-04, omega=3.957130e-05

--- Chunk 94952 (133/220) | Start: 2025-07-20 20:05:00 ---
    RMSE omega (GP): 0.029537 | RMSE omega (Sim): 0.071151
    Loss: 69.0262 | Epoch: 175
    Eq omega: 0.001341 + -0.06879theta + 0.00850omega + 0.00089theta^2 + 0.00261theta omega + -0.00003omega^2
    Eq omega Phys: -1.2e-5*omega**2 + 3.4e-5*omega*theta + 0.000709*omega - 6.7e-5*theta - 0.0009
    Diffusion: theta=nan, omega=nan

--- Chunk 94953 (134/220) | Start: 2025-07-20 20:10:00 ---
    RMSE omega (GP): 0.012141 | RMSE omega (Sim): 0.071909
    Loss: 12.6293 | Epoch: 2606
    Eq omega: 0.008971 + -0.21667theta + 0.00214omega + 0.00337theta^2 + 0.04726theta omega + -0.00403omega^2
    Eq omega Phys: -0.001935*omega**2 + 0.000756*omega*theta - 0.013257*omega + 2.0e-6*theta**2 - 0.000304*theta + 0.004821
    Diffusion: theta=4.095031e-04, omega=2.376022e-05

--- Chunk 94954 (135/220) | Start: 2025-07-20 20:15:00 ---
    RMSE omega (GP): 0.010470 | RMSE omega (Sim): 0.081805
    Loss: 19.0591 | Epoch: 1833
    Eq omega: -0.001751 + -0.00197theta + 0.00044omega + 0.00033theta^2 + -0.00036theta omega + 0.00019omega^2
    Eq omega Phys: 0.000126*omega**2 - 8.0e-6*omega*theta - 8.1e-5*omega + 4.0e-6*theta + 6.0e-6
    Diffusion: theta=2.922478e-04, omega=2.571055e-05

--- Chunk 94955 (136/220) | Start: 2025-07-20 20:20:00 ---
    RMSE omega (GP): 0.035963 | RMSE omega (Sim): 0.072100
    Loss: 220.4491 | Epoch: 74
    Eq omega: -0.000731 + -0.01317theta + 0.00187omega + 0.00007theta^2 + 0.00336theta omega + 0.00112omega^2
    Eq omega Phys: 0.000672*omega**2 + 6.7e-5*omega*theta + 0.001515*omega - 1.3e-5*theta - 0.000296
    Diffusion: theta=nan, omega=nan

--- Chunk 94956 (137/220) | Start: 2025-07-20 20:25:00 ---
    RMSE omega (GP): 0.010093 | RMSE omega (Sim): 0.090394
    Loss: 5.2323 | Epoch: 2216
    Eq omega: -0.002261 + -0.00099theta + -0.00238omega + -0.00039theta^2 + -0.00117theta omega + -0.01206omega^2
    Eq omega Phys: -0.005065*omega**2 - 1.6e-5*omega*theta + 2.3e-5*omega + 1.0e-6*theta - 6.0e-6
    Diffusion: theta=5.081689e-04, omega=4.290909e-05

--- Chunk 94957 (138/220) | Start: 2025-07-20 20:30:00 ---
    RMSE omega (GP): 0.018693 | RMSE omega (Sim): 0.037511
    Loss: 101.7989 | Epoch: 1113
    Eq omega: -0.732001 + -0.01191theta + 0.00059omega + -0.00566theta^2 + -0.00035theta omega + 0.06786omega^2
    Eq omega Phys: 0.067918*omega**2 - 1.2e-5*omega*theta - 0.000243*omega - 6.0e-6*theta**2 - 0.000296*theta - 0.004284
    Diffusion: theta=5.340472e-04, omega=3.755819e-06

--- Chunk 94958 (139/220) | Start: 2025-07-20 20:35:00 ---
    RMSE omega (GP): 0.013762 | RMSE omega (Sim): 0.142347
    Loss: 11.6803 | Epoch: 2300
    Eq omega: 0.000091 + 0.00001theta + 0.00017omega + -0.00002theta^2 + 0.00000theta omega + -0.00021omega^2
    Eq omega Phys: -8.6e-5*omega**2 + 6.0e-6*omega - 6.0e-6
    Diffusion: theta=2.287858e-03, omega=3.239075e-05

--- Chunk 94959 (140/220) | Start: 2025-07-20 20:40:00 ---
    RMSE omega (GP): 0.011052 | RMSE omega (Sim): 0.126056
    Loss: 13.9990 | Epoch: 3516
    Eq omega: -0.001551 + -0.00120theta + 0.00081omega + -0.00127theta^2 + -0.00005theta omega + -0.00268omega^2
    Eq omega Phys: -0.001565*omega**2 - 0.e-6*omega*theta + 1.3e-5*omega - 0.e-6*theta**2 - 2.5e-5*theta - 0.000188
    Diffusion: theta=3.034556e-04, omega=2.713382e-05

--- Chunk 94960 (141/220) | Start: 2025-07-20 20:45:00 ---
    RMSE omega (GP): nan | RMSE omega (Sim): nan
    Loss: 11755.6660 | Epoch: 15
    Eq omega: nan1 + nantheta + nanomega + nantheta^2 + nantheta omega + nanomega^2
    Eq omega Phys: N/A
    Diffusion: theta=nan, omega=nan

--- Chunk 94961 (142/220) | Start: 2025-07-20 20:50:00 ---
    RMSE omega (GP): nan | RMSE omega (Sim): nan
    Loss: 198.1011 | Epoch: 123
    Eq omega: nan1 + nantheta + nanomega + nantheta^2 + nantheta omega + nanomega^2
    Eq omega Phys: N/A
    Diffusion: theta=nan, omega=nan

--- Chunk 94962 (143/220) | Start: 2025-07-20 20:55:00 ---
    RMSE omega (GP): 0.014697 | RMSE omega (Sim): 0.080905
    Loss: 18.7395 | Epoch: 971
    Eq omega: -0.003791 + 0.00207theta + 0.00082omega + 0.00021theta^2 + 0.00103theta omega + 0.01051omega^2
    Eq omega Phys: 0.005117*omega**2 + 1.7e-5*omega*theta - 5.3e-5*omega + 1.0e-6*theta - 1.7e-5
    Diffusion: theta=1.328048e-03, omega=3.520508e-05

--- Chunk 94963 (144/220) | Start: 2025-07-20 21:00:00 ---
    RMSE omega (GP): 0.019738 | RMSE omega (Sim): 0.083696
    Loss: 51.6078 | Epoch: 203
    Eq omega: -0.001371 + 0.00006theta + 0.00201omega + -0.00009theta^2 + 0.00043theta omega + 0.00130omega^2
    Eq omega Phys: 0.000704*omega**2 + 8.0e-6*omega*theta + 0.000142*omega - 0.e-6*theta - 7.0e-6
    Diffusion: theta=2.208810e-03, omega=1.889648e-05

--- Chunk 94964 (145/220) | Start: 2025-07-20 21:05:00 ---
    RMSE omega (GP): 0.012817 | RMSE omega (Sim): 0.093549
    Loss: 13.5854 | Epoch: 1631
    Eq omega: 0.023411 + -0.77836theta + -0.00480omega + 0.00557theta^2 + 0.00060theta omega + 0.00383omega^2
    Eq omega Phys: 0.001823*omega**2 + 1.0e-5*omega*theta - 0.000194*omega + 3.0e-6*theta**2 - 0.000886*theta + 0.003152
    Diffusion: theta=5.202813e-04, omega=3.559696e-05

--- Chunk 94965 (146/220) | Start: 2025-07-20 21:10:00 ---
    RMSE omega (GP): 0.028117 | RMSE omega (Sim): 0.088379
    Loss: 40.7108 | Epoch: 128
    Eq omega: -0.001991 + -0.09552theta + 0.00147omega + 0.00299theta^2 + 0.00548theta omega + 0.00191omega^2
    Eq omega Phys: 0.000643*omega**2 + 6.2e-5*omega*theta + 0.000632*omega + 1.0e-6*theta**2 - 8.5e-5*theta - 0.000911
    Diffusion: theta=nan, omega=nan

--- Chunk 94966 (147/220) | Start: 2025-07-20 21:15:00 ---
    RMSE omega (GP): 0.020187 | RMSE omega (Sim): 0.152792
    Loss: 213.0684 | Epoch: 959
    Eq omega: -0.003391 + -0.00002theta + 0.00113omega + 0.00000theta^2 + -0.00001theta omega + 0.00012omega^2
    Eq omega Phys: 0.000109*omega**2 + 4.4e-5*omega - 4.0e-6
    Diffusion: theta=3.385203e+00, omega=3.833962e-03

--- Chunk 94967 (148/220) | Start: 2025-07-20 21:20:00 ---
    RMSE omega (GP): 0.016597 | RMSE omega (Sim): 0.097024
    Loss: 27.4606 | Epoch: 114
    Eq omega: -0.010051 + -0.03461theta + -0.00583omega + -0.00023theta^2 + -0.00167theta omega + -0.00426omega^2
    Eq omega Phys: -0.002062*omega**2 - 2.7e-5*omega*theta - 6.6e-5*omega - 3.7e-5*theta + 0.000157
    Diffusion: theta=2.167623e-03, omega=3.093215e-05

--- Chunk 94968 (149/220) | Start: 2025-07-20 21:25:00 ---
    RMSE omega (GP): nan | RMSE omega (Sim): nan
    Loss: 1000.0865 | Epoch: 16
    Eq omega: nan1 + nantheta + nanomega + nantheta^2 + nantheta omega + nanomega^2
    Eq omega Phys: N/A
    Diffusion: theta=nan, omega=nan

--- Chunk 94969 (150/220) | Start: 2025-07-20 21:30:00 ---
    RMSE omega (GP): 0.010913 | RMSE omega (Sim): 0.077042
    Loss: 10.1699 | Epoch: 1682
    Eq omega: -0.002181 + -0.00990theta + 0.00194omega + -0.00086theta^2 + 0.00254theta omega + -0.00982omega^2
    Eq omega Phys: -0.004862*omega**2 + 4.2e-5*omega*theta + 3.6e-5*omega - 1.0e-5*theta + 2.0e-6
    Diffusion: theta=6.628411e-04, omega=4.473458e-05

  [Progress 150/220] Mean RMSE omega (GP): 0.017349 | (Sim): 0.105008 | Mean loss: -20731188859797740978176.0000 | Valid GP: 115/150 | Valid Sim: 113/150 | Elapsed: 49.9min | ETA: 23.3min

--- Chunk 94970 (151/220) | Start: 2025-07-20 21:35:00 ---
    RMSE omega (GP): 0.024303 | RMSE omega (Sim): 0.066203
    Loss: 76.1046 | Epoch: 329
    Eq omega: 0.004471 + -0.05467theta + 0.00756omega + 0.03012theta^2 + 0.03733theta omega + 0.00771omega^2
    Eq omega Phys: 0.003828*omega**2 + 0.000618*omega*theta + 0.000431*omega + 1.7e-5*theta**2 - 5.1e-5*theta - 6.0e-6
    Diffusion: theta=3.893851e-02, omega=2.849071e-05

--- Chunk 94971 (152/220) | Start: 2025-07-20 21:40:00 ---
    RMSE omega (GP): 0.011037 | RMSE omega (Sim): 0.112502
    Loss: 12.2290 | Epoch: 1132
    Eq omega: 0.000641 + -0.00242theta + 0.00143omega + -0.00070theta^2 + -0.00012theta omega + -0.00453omega^2
    Eq omega Phys: -0.002378*omega**2 - 2.0e-6*omega*theta + 6.4e-5*omega + 4.0e-6*theta - 2.0e-6
    Diffusion: theta=3.253935e-04, omega=3.146760e-05

--- Chunk 94972 (153/220) | Start: 2025-07-20 21:45:00 ---
    RMSE omega (GP): 0.012955 | RMSE omega (Sim): 0.061078
    Loss: 0.4546 | Epoch: 3179
    Eq omega: -0.019871 + -0.12949theta + -0.00919omega + -0.00423theta^2 + 0.00432theta omega + 0.00012omega^2
    Eq omega Phys: 3.0e-5*omega**2 + 3.6e-5*omega*theta - 0.000884*omega - 1.0e-6*theta**2 - 0.000106*theta + 0.001935
    Diffusion: theta=1.043138e-03, omega=4.051910e-05

--- Chunk 94973 (154/220) | Start: 2025-07-20 21:50:00 ---
    RMSE omega (GP): 0.039411 | RMSE omega (Sim): 0.115795
    Loss: 116.8039 | Epoch: 46
    Eq omega: 0.001201 + 0.00031theta + -0.00619omega + 0.00022theta^2 + -0.00003theta omega + 0.00456omega^2
    Eq omega Phys: 0.001444*omega**2 - 0.000214*omega + 4.0e-6*theta + 5.9e-5
    Diffusion: theta=6.633016e-03, omega=4.829578e-06

--- Chunk 94974 (155/220) | Start: 2025-07-20 21:55:00 ---
    RMSE omega (GP): nan | RMSE omega (Sim): nan
    Loss: 349.6172 | Epoch: 19
    Eq omega: nan1 + nantheta + nanomega + nantheta^2 + nantheta omega + nanomega^2
    Eq omega Phys: N/A
    Diffusion: theta=nan, omega=nan

--- Chunk 94975 (156/220) | Start: 2025-07-20 22:00:00 ---
    RMSE omega (GP): nan | RMSE omega (Sim): nan
    Loss: 129.6522 | Epoch: 29
    Eq omega: nan1 + nantheta + nanomega + nantheta^2 + nantheta omega + nanomega^2
    Eq omega Phys: N/A
    Diffusion: theta=nan, omega=nan

--- Chunk 94976 (157/220) | Start: 2025-07-20 22:05:00 ---
    RMSE omega (GP): nan | RMSE omega (Sim): nan
    Loss: 103.6932 | Epoch: 39
    Eq omega: nan1 + nantheta + nanomega + nantheta^2 + nantheta omega + nanomega^2
    Eq omega Phys: N/A
    Diffusion: theta=nan, omega=nan

--- Chunk 94977 (158/220) | Start: 2025-07-20 22:10:00 ---
    RMSE omega (GP): 0.014947 | RMSE omega (Sim): 0.081129
    Loss: 28.5691 | Epoch: 2238
    Eq omega: 0.000361 + -0.00016theta + -0.00638omega + -0.00007theta^2 + 0.00013theta omega + -0.00008omega^2
    Eq omega Phys: -5.1e-5*omega**2 + 3.0e-6*omega*theta - 0.000171*omega - 2.0e-6*theta - 1.3e-5
    Diffusion: theta=4.675804e-04, omega=1.859848e-05

--- Chunk 94978 (159/220) | Start: 2025-07-20 22:15:00 ---
    RMSE omega (GP): nan | RMSE omega (Sim): nan
    Loss: 458.0784 | Epoch: 20
    Eq omega: nan1 + nantheta + nanomega + nantheta^2 + nantheta omega + nanomega^2
    Eq omega Phys: N/A
    Diffusion: theta=nan, omega=nan

--- Chunk 94979 (160/220) | Start: 2025-07-20 22:20:00 ---
    RMSE omega (GP): 0.049723 | RMSE omega (Sim): 0.064780
    Loss: 445.9219 | Epoch: 123
    Eq omega: 0.000041 + -0.00026theta + -0.00087omega + -0.00002theta^2 + 0.00011theta omega + -0.00010omega^2
    Eq omega Phys: -6.0e-5*omega**2 + 2.0e-6*omega*theta - 6.1e-5*omega + 1.0e-6
    Diffusion: theta=nan, omega=nan

--- Chunk 94980 (161/220) | Start: 2025-07-20 22:25:00 ---
    RMSE omega (GP): 0.008573 | RMSE omega (Sim): 0.111640
    Loss: 0.7720 | Epoch: 2374
    Eq omega: 0.000051 + -0.00154theta + 0.00080omega + 0.00011theta^2 + -0.00106theta omega + 0.00075omega^2
    Eq omega Phys: 0.000264*omega**2 - 1.2e-5*omega*theta + 0.000195*omega - 3.0e-6*theta + 3.1e-5
    Diffusion: theta=1.115206e-03, omega=3.219296e-05

--- Chunk 94981 (162/220) | Start: 2025-07-20 22:30:00 ---
    RMSE omega (GP): 0.023459 | RMSE omega (Sim): 0.038457
    Loss: 150.4560 | Epoch: 453
    Eq omega: 0.014061 + -0.01733theta + -0.00138omega + -0.00000theta^2 + -0.00031theta omega + 0.00216omega^2
    Eq omega Phys: 0.001671*omega**2 - 8.0e-6*omega*theta - 0.000203*omega - 1.9e-5*theta - 0.000357
    Diffusion: theta=1.396646e-03, omega=1.092591e-05

--- Chunk 94982 (163/220) | Start: 2025-07-20 22:35:00 ---
    RMSE omega (GP): 0.013624 | RMSE omega (Sim): 0.068709
    Loss: 16.9499 | Epoch: 1255
    Eq omega: -0.000771 + -0.09867theta + -0.00766omega + 0.00112theta^2 + 0.00102theta omega + -0.00208omega^2
    Eq omega Phys: -0.001*omega**2 + 1.6e-5*omega*theta - 0.000317*omega + 1.0e-6*theta**2 - 0.000114*theta + 0.00042
    Diffusion: theta=2.823119e-03, omega=3.072826e-05

--- Chunk 94983 (164/220) | Start: 2025-07-20 22:40:00 ---
    RMSE omega (GP): 0.010936 | RMSE omega (Sim): 0.068443
    Loss: 21.0247 | Epoch: 1547
    Eq omega: 0.000721 + -0.00068theta + 0.00042omega + 0.00056theta^2 + 0.00024theta omega + -0.00160omega^2
    Eq omega Phys: -0.001054*omega**2 + 5.0e-6*omega*theta - 2.2e-5*omega - 6.0e-6*theta + 2.5e-5
    Diffusion: theta=8.031621e-04, omega=2.268887e-05

--- Chunk 94984 (165/220) | Start: 2025-07-20 22:45:00 ---
    RMSE omega (GP): 0.013420 | RMSE omega (Sim): 0.087202
    Loss: 10.8920 | Epoch: 2241
    Eq omega: -0.014921 + -0.28775theta + -0.00617omega + 0.00030theta^2 + -0.00029theta omega + -0.00116omega^2
    Eq omega Phys: -0.000478*omega**2 - 4.0e-6*omega*theta - 0.000241*omega - 0.000317*theta - 0.002845
    Diffusion: theta=9.750205e-03, omega=3.201015e-05

--- Chunk 94985 (166/220) | Start: 2025-07-20 22:50:00 ---
    RMSE omega (GP): 0.012761 | RMSE omega (Sim): 0.129609
    Loss: 11.0617 | Epoch: 1892
    Eq omega: -0.002551 + -0.29242theta + -0.00832omega + -0.00062theta^2 + 0.00204theta omega + -0.00266omega^2
    Eq omega Phys: -0.001159*omega**2 + 3.0e-5*omega*theta - 0.000541*omega - 0.00032*theta + 0.002865
    Diffusion: theta=2.117838e-04, omega=4.132021e-05

--- Chunk 94986 (167/220) | Start: 2025-07-20 22:55:00 ---
    RMSE omega (GP): 0.032371 | RMSE omega (Sim): 0.043900
    Loss: -45719.2969 | Epoch: 969
    Eq omega: -0.001831 + 0.00011theta + 0.00533omega + -0.00005theta^2 + -0.00001theta omega + -0.00039omega^2
    Eq omega Phys: -0.000301*omega**2 + 0.000173*omega - 1.0e-6*theta - 1.5e-5
    Diffusion: theta=nan, omega=nan

--- Chunk 94987 (168/220) | Start: 2025-07-20 23:00:00 ---
    RMSE omega (GP): nan | RMSE omega (Sim): nan
    Loss: 85.7587 | Epoch: 122
    Eq omega: nan1 + nantheta + nanomega + nantheta^2 + nantheta omega + nanomega^2
    Eq omega Phys: N/A
    Diffusion: theta=nan, omega=nan

--- Chunk 94988 (169/220) | Start: 2025-07-20 23:05:00 ---
    RMSE omega (GP): 0.029350 | RMSE omega (Sim): 0.036010
    Loss: 455.3467 | Epoch: 69
    Eq omega: -0.002731 + 0.00248theta + -0.00940omega + 0.00027theta^2 + -0.00047theta omega + 0.00415omega^2
    Eq omega Phys: 0.003525*omega**2 - 1.3e-5*omega*theta - 0.000574*omega + 1.3e-5*theta + 0.000148
    Diffusion: theta=nan, omega=nan

--- Chunk 94989 (170/220) | Start: 2025-07-20 23:10:00 ---
    RMSE omega (GP): 0.015115 | RMSE omega (Sim): 0.039409
    Loss: 75.0674 | Epoch: 2769
    Eq omega: -0.003961 + 0.00008theta + 0.00126omega + -0.00006theta^2 + 0.00013theta omega + 0.00101omega^2
    Eq omega Phys: 0.000858*omega**2 + 4.0e-6*omega*theta + 0.000123*omega - 2.0e-6*theta - 3.1e-5
    Diffusion: theta=1.298758e-03, omega=1.269673e-05

--- Chunk 94990 (171/220) | Start: 2025-07-20 23:15:00 ---
    RMSE omega (GP): nan | RMSE omega (Sim): nan
    Loss: 65.9415 | Epoch: 137
    Eq omega: nan1 + nantheta + nanomega + nantheta^2 + nantheta omega + nanomega^2
    Eq omega Phys: N/A
    Diffusion: theta=nan, omega=nan

--- Chunk 94991 (172/220) | Start: 2025-07-20 23:20:00 ---
    RMSE omega (GP): 0.010337 | RMSE omega (Sim): 0.121301
    Loss: 20.6940 | Epoch: 1666
    Eq omega: 0.000561 + 0.00027theta + 0.00658omega + 0.00026theta^2 + -0.00031theta omega + 0.00067omega^2
    Eq omega Phys: 0.000457*omega**2 - 7.0e-6*omega*theta + 0.000156*omega + 4.0e-6*theta + 2.0e-5
    Diffusion: theta=4.040612e-04, omega=4.632050e-05

--- Chunk 94992 (173/220) | Start: 2025-07-20 23:25:00 ---
    RMSE omega (GP): 0.009555 | RMSE omega (Sim): 0.087668
    Loss: 6.3070 | Epoch: 981
    Eq omega: 0.001561 + -0.00331theta + -0.01136omega + -0.00142theta^2 + 0.00302theta omega + -0.00683omega^2
    Eq omega Phys: -0.003367*omega**2 + 5.0e-5*omega*theta - 0.000463*omega - 0.e-6*theta**2 - 1.0e-6*theta + 8.0e-6
    Diffusion: theta=2.214630e-04, omega=3.415708e-05

--- Chunk 94993 (174/220) | Start: 2025-07-20 23:30:00 ---
    RMSE omega (GP): nan | RMSE omega (Sim): nan
    Loss: 179.8111 | Epoch: 76
    Eq omega: nan1 + nantheta + nanomega + nantheta^2 + nantheta omega + nanomega^2
    Eq omega Phys: N/A
    Diffusion: theta=nan, omega=nan

--- Chunk 94994 (175/220) | Start: 2025-07-20 23:35:00 ---
    RMSE omega (GP): 0.008412 | RMSE omega (Sim): 0.133208
    Loss: 6.7844 | Epoch: 1128
    Eq omega: 0.006251 + -0.49009theta + 0.00826omega + -0.00211theta^2 + -0.00085theta omega + 0.00226omega^2
    Eq omega Phys: 0.001229*omega**2 - 1.5e-5*omega*theta + 0.000159*omega - 1.0e-6*theta**2 - 0.000564*theta - 0.004163
    Diffusion: theta=9.888920e-04, omega=2.770859e-05

--- Chunk 94995 (176/220) | Start: 2025-07-20 23:40:00 ---
    RMSE omega (GP): 0.009192 | RMSE omega (Sim): 0.072592
    Loss: 7.2058 | Epoch: 869
    Eq omega: -0.003931 + 0.00112theta + -0.00002omega + 0.00066theta^2 + 0.00003theta omega + -0.00023omega^2
    Eq omega Phys: -0.000117*omega**2 + 1.0e-6*omega*theta + 2.0e-6*theta - 6.0e-6
    Diffusion: theta=1.357253e-04, omega=4.820540e-05

--- Chunk 94996 (177/220) | Start: 2025-07-20 23:45:00 ---
    RMSE omega (GP): 0.008811 | RMSE omega (Sim): 0.057901
    Loss: 9.7733 | Epoch: 1458
    Eq omega: -0.000561 + -0.00243theta + -0.00465omega + -0.00131theta^2 + 0.00217theta omega + -0.00058omega^2
    Eq omega Phys: -0.000346*omega**2 + 4.3e-5*omega*theta - 3.6e-5*omega - 0.e-6*theta**2 - 7.0e-6*theta - 1.5e-5
    Diffusion: theta=3.721487e-04, omega=2.729431e-05

--- Chunk 94997 (178/220) | Start: 2025-07-20 23:50:00 ---
    RMSE omega (GP): 0.058139 | RMSE omega (Sim): 0.077500
    Loss: 2655.4905 | Epoch: 24
    Eq omega: 0.005091 + 0.00023theta + 0.00200omega + -0.00002theta^2 + 0.00002theta omega + 0.00033omega^2
    Eq omega Phys: 0.000248*omega**2 + 1.0e-6*omega*theta + 6.0e-5*omega + 1.0e-6*theta + 2.0e-6
    Diffusion: theta=nan, omega=nan

--- Chunk 94998 (179/220) | Start: 2025-07-20 23:55:00 ---
    RMSE omega (GP): 0.009767 | RMSE omega (Sim): 0.068174
    Loss: 8.6233 | Epoch: 1929
    Eq omega: 0.001171 + -0.00028theta + -0.00084omega + -0.00003theta^2 + -0.00019theta omega + -0.00012omega^2
    Eq omega Phys: -6.0e-5*omega**2 - 3.0e-6*omega*theta + 3.4e-5*omega + 2.0e-6
    Diffusion: theta=6.137890e-04, omega=2.601035e-05

--- Chunk 94999 (180/220) | Start: 2025-07-21 00:00:00 ---
    RMSE omega (GP): nan | RMSE omega (Sim): nan
    Loss: 626.1577 | Epoch: 18
    Eq omega: nan1 + nantheta + nanomega + nantheta^2 + nantheta omega + nanomega^2
    Eq omega Phys: N/A
    Diffusion: theta=nan, omega=nan

--- Chunk 95000 (181/220) | Start: 2025-07-21 00:05:00 ---
    RMSE omega (GP): 0.009563 | RMSE omega (Sim): 0.090448
    Loss: 5.6889 | Epoch: 919
    Eq omega: -0.001001 + -0.00499theta + -0.00292omega + 0.00505theta^2 + -0.00100theta omega + -0.00229omega^2
    Eq omega Phys: -0.001062*omega**2 - 1.5e-5*omega*theta - 0.000149*omega + 3.0e-6*theta**2 + 1.2e-5*theta + 8.0e-6
    Diffusion: theta=1.208247e-04, omega=4.203968e-05

--- Chunk 95001 (182/220) | Start: 2025-07-21 00:10:00 ---
    RMSE omega (GP): 0.010097 | RMSE omega (Sim): 0.061910
    Loss: 19.0754 | Epoch: 1486
    Eq omega: 0.000471 + 0.00015theta + -0.00344omega + -0.00003theta^2 + -0.00012theta omega + 0.00001omega^2
    Eq omega Phys: 7.0e-6*omega**2 - 3.0e-6*omega*theta - 8.2e-5*omega + 1.0e-6*theta - 5.0e-6
    Diffusion: theta=4.013386e-04, omega=1.355502e-05

--- Chunk 95002 (183/220) | Start: 2025-07-21 00:15:00 ---
    RMSE omega (GP): 0.010267 | RMSE omega (Sim): 0.071275
    Loss: 9.1123 | Epoch: 1625
    Eq omega: 0.000921 + -0.00037theta + -0.00143omega + 0.00010theta^2 + -0.00014theta omega + 0.00033omega^2
    Eq omega Phys: 0.000167*omega**2 - 2.0e-6*omega*theta - 1.9e-5*omega - 2.0e-6*theta + 1.5e-5
    Diffusion: theta=2.603722e-04, omega=2.800169e-05

--- Chunk 95003 (184/220) | Start: 2025-07-21 00:20:00 ---
    RMSE omega (GP): 0.009353 | RMSE omega (Sim): 0.042018
    Loss: 22.9688 | Epoch: 1619
    Eq omega: -0.002961 + 0.00054theta + -0.00030omega + -0.00004theta^2 + -0.00038theta omega + 0.00002omega^2
    Eq omega Phys: 1.6e-5*omega**2 - 1.0e-5*omega*theta + 0.000161*omega + 2.0e-6*theta - 2.5e-5
    Diffusion: theta=1.107171e-03, omega=1.855047e-05

--- Chunk 95004 (185/220) | Start: 2025-07-21 00:25:00 ---
    RMSE omega (GP): 0.036923 | RMSE omega (Sim): 0.057713
    Loss: 372.2832 | Epoch: 70
    Eq omega: -0.001761 + -0.00008theta + -0.01001omega + -0.00002theta^2 + -0.00048theta omega + -0.00099omega^2
    Eq omega Phys: -0.00072*omega**2 - 1.2e-5*omega*theta - 0.000175*omega - 4.0e-6
    Diffusion: theta=nan, omega=nan

--- Chunk 95005 (186/220) | Start: 2025-07-21 00:30:00 ---
    RMSE omega (GP): 0.008466 | RMSE omega (Sim): 0.074445
    Loss: 1.2632 | Epoch: 1326
    Eq omega: -0.012401 + -0.54493theta + -0.00445omega + -0.00166theta^2 + -0.00043theta omega + 0.00105omega^2
    Eq omega Phys: 0.000413*omega**2 - 6.0e-6*omega*theta - 0.000156*omega - 0.e-6*theta**2 - 0.000607*theta - 0.000823
    Diffusion: theta=1.793817e-04, omega=3.017801e-05

--- Chunk 95006 (187/220) | Start: 2025-07-21 00:35:00 ---
    RMSE omega (GP): nan | RMSE omega (Sim): nan
    Loss: 3008.1809 | Epoch: 52
    Eq omega: nan1 + nantheta + nanomega + nantheta^2 + nantheta omega + nanomega^2
    Eq omega Phys: N/A
    Diffusion: theta=nan, omega=nan

--- Chunk 95007 (188/220) | Start: 2025-07-21 00:40:00 ---
    RMSE omega (GP): 0.009770 | RMSE omega (Sim): 0.060760
    Loss: 28.9405 | Epoch: 2642
    Eq omega: -0.000451 + 0.00076theta + -0.00066omega + 0.00001theta^2 + 0.00004theta omega + 0.00001omega^2
    Eq omega Phys: 9.0e-6*omega**2 + 1.0e-6*omega*theta - 4.3e-5*omega - 1.3e-5
    Diffusion: theta=9.439560e-04, omega=1.368575e-05

--- Chunk 95008 (189/220) | Start: 2025-07-21 00:45:00 ---
    RMSE omega (GP): nan | RMSE omega (Sim): nan
    Loss: 1313.0641 | Epoch: 16
    Eq omega: nan1 + nantheta + nanomega + nantheta^2 + nantheta omega + nanomega^2
    Eq omega Phys: N/A
    Diffusion: theta=nan, omega=nan

--- Chunk 95009 (190/220) | Start: 2025-07-21 00:50:00 ---
    RMSE omega (GP): 0.011748 | RMSE omega (Sim): 0.079783
    Loss: 22.7739 | Epoch: 2648
    Eq omega: 0.003971 + -0.00020theta + 0.00174omega + -0.00004theta^2 + 0.00005theta omega + -0.00002omega^2
    Eq omega Phys: -1.3e-5*omega**2 + 1.0e-6*omega*theta + 3.8e-5*omega + 1.0e-6*theta + 1.0e-6
    Diffusion: theta=2.962385e-04, omega=2.173468e-05

--- Chunk 95010 (191/220) | Start: 2025-07-21 00:55:00 ---
    RMSE omega (GP): nan | RMSE omega (Sim): nan
    Loss: 2852.9878 | Epoch: 37
    Eq omega: nan1 + nantheta + nanomega + nantheta^2 + nantheta omega + nanomega^2
    Eq omega Phys: N/A
    Diffusion: theta=nan, omega=nan

--- Chunk 95011 (192/220) | Start: 2025-07-21 01:00:00 ---
    RMSE omega (GP): 0.009521 | RMSE omega (Sim): 0.071267
    Loss: 13.4728 | Epoch: 2775
    Eq omega: 0.000921 + 0.00015theta + 0.00689omega + 0.00010theta^2 + -0.00046theta omega + 0.00059omega^2
    Eq omega Phys: 0.000397*omega**2 - 1.0e-5*omega*theta + 0.000387*omega - 2.0e-6*theta + 1.6e-5
    Diffusion: theta=3.978046e-04, omega=2.071305e-05

--- Chunk 95012 (193/220) | Start: 2025-07-21 01:05:00 ---
    RMSE omega (GP): 0.020162 | RMSE omega (Sim): 0.047068
    Loss: 100.7198 | Epoch: 1207
    Eq omega: -0.009841 + -0.00160theta + 0.00087omega + 0.00003theta^2 + -0.01445theta omega + -0.00016omega^2
    Eq omega Phys: -0.00012*omega**2 - 0.00036*omega*theta + 0.00659*omega - 3.0e-6*theta + 2.6e-5
    Diffusion: theta=7.387478e-04, omega=7.637646e-06

--- Chunk 95013 (194/220) | Start: 2025-07-21 01:10:00 ---
    RMSE omega (GP): 0.011219 | RMSE omega (Sim): 0.087453
    Loss: 12.4891 | Epoch: 949
    Eq omega: 0.002651 + 0.00011theta + 0.00139omega + -0.00023theta^2 + -0.00105theta omega + -0.00065omega^2
    Eq omega Phys: -0.000339*omega**2 - 1.8e-5*omega*theta + 0.000168*omega + 2.0e-6*theta - 1.0e-6
    Diffusion: theta=2.514031e-04, omega=2.381532e-05

--- Chunk 95014 (195/220) | Start: 2025-07-21 01:15:00 ---
    RMSE omega (GP): nan | RMSE omega (Sim): nan
    Loss: 31.7324 | Epoch: 91
    Eq omega: nan1 + nantheta + nanomega + nantheta^2 + nantheta omega + nanomega^2
    Eq omega Phys: N/A
    Diffusion: theta=nan, omega=nan

--- Chunk 95015 (196/220) | Start: 2025-07-21 01:20:00 ---
    RMSE omega (GP): nan | RMSE omega (Sim): nan
    Loss: 23015.8965 | Epoch: 16
    Eq omega: nan1 + nantheta + nanomega + nantheta^2 + nantheta omega + nanomega^2
    Eq omega Phys: N/A
    Diffusion: theta=nan, omega=nan

--- Chunk 95016 (197/220) | Start: 2025-07-21 01:25:00 ---
    RMSE omega (GP): 0.011572 | RMSE omega (Sim): 0.076105
    Loss: 12.6974 | Epoch: 1304
    Eq omega: 0.000331 + -0.00051theta + -0.00017omega + -0.00020theta^2 + -0.00105theta omega + -0.00048omega^2
    Eq omega Phys: -0.000246*omega**2 - 1.8e-5*omega*theta + 9.9e-5*omega + 1.0e-6*theta
    Diffusion: theta=1.779095e-04, omega=3.637293e-05

--- Chunk 95017 (198/220) | Start: 2025-07-21 01:30:00 ---
    RMSE omega (GP): 0.009738 | RMSE omega (Sim): 0.138662
    Loss: 11.2793 | Epoch: 2084
    Eq omega: -0.000191 + -0.00024theta + -0.00025omega + -0.00017theta^2 + -0.00012theta omega + 0.00020omega^2
    Eq omega Phys: 0.000114*omega**2 - 2.0e-6*omega*theta + 1.0e-6*theta - 0.e-6
    Diffusion: theta=4.382202e-03, omega=4.231513e-05

--- Chunk 95018 (199/220) | Start: 2025-07-21 01:35:00 ---
    RMSE omega (GP): 0.009444 | RMSE omega (Sim): 0.058618
    Loss: 29.9042 | Epoch: 1739
    Eq omega: 0.001661 + -0.00039theta + 0.00222omega + -0.00001theta^2 + -0.00019theta omega + 0.00022omega^2
    Eq omega Phys: 0.0002*omega**2 - 6.0e-6*omega*theta + 0.000151*omega + 6.0e-6
    Diffusion: theta=7.691162e-04, omega=1.731174e-05

--- Chunk 95019 (200/220) | Start: 2025-07-21 01:40:00 ---
    RMSE omega (GP): 0.010040 | RMSE omega (Sim): 0.076607
    Loss: 24.2814 | Epoch: 1198
    Eq omega: -0.005251 + -0.00026theta + 0.00268omega + -0.00026theta^2 + -0.00025theta omega + -0.00048omega^2
    Eq omega Phys: -0.000364*omega**2 - 6.0e-6*omega*theta + 0.000141*omega + 3.0e-6*theta - 2.0e-5
    Diffusion: theta=1.953691e-04, omega=2.251013e-05

  [Progress 200/220] Mean RMSE omega (GP): 0.017166 | (Sim): 0.098021 | Mean loss: -15548391644848306782208.0000 | Valid GP: 152/200 | Valid Sim: 150/200 | Elapsed: 67.7min | ETA: 6.8min

--- Chunk 95020 (201/220) | Start: 2025-07-21 01:45:00 ---
    RMSE omega (GP): nan | RMSE omega (Sim): nan
    Loss: 4999.2349 | Epoch: 24
    Eq omega: nan1 + nantheta + nanomega + nantheta^2 + nantheta omega + nanomega^2
    Eq omega Phys: N/A
    Diffusion: theta=nan, omega=nan

--- Chunk 95021 (202/220) | Start: 2025-07-21 01:50:00 ---
    RMSE omega (GP): nan | RMSE omega (Sim): nan
    Loss: 23770.0391 | Epoch: 15
    Eq omega: nan1 + nantheta + nanomega + nantheta^2 + nantheta omega + nanomega^2
    Eq omega Phys: N/A
    Diffusion: theta=nan, omega=nan

--- Chunk 95022 (203/220) | Start: 2025-07-21 01:55:00 ---
    RMSE omega (GP): nan | RMSE omega (Sim): nan
    Loss: 491.4579 | Epoch: 49
    Eq omega: nan1 + nantheta + nanomega + nantheta^2 + nantheta omega + nanomega^2
    Eq omega Phys: N/A
    Diffusion: theta=nan, omega=nan

--- Chunk 95023 (204/220) | Start: 2025-07-21 02:00:00 ---
    RMSE omega (GP): 0.019544 | RMSE omega (Sim): 0.037003
    Loss: 111.0230 | Epoch: 793
    Eq omega: -0.010521 + -0.04288theta + -0.01332omega + 0.00005theta^2 + -0.00066theta omega + -0.00377omega^2
    Eq omega Phys: -0.003015*omega**2 - 1.8e-5*omega*theta + 6.0e-6*omega - 5.0e-5*theta + 0.001232
    Diffusion: theta=4.190310e-04, omega=2.766377e-06

--- Chunk 95024 (205/220) | Start: 2025-07-21 02:05:00 ---
    RMSE omega (GP): nan | RMSE omega (Sim): nan
    Loss: 184.4664 | Epoch: 508
    Eq omega: nan1 + nantheta + nanomega + nantheta^2 + nantheta omega + nanomega^2
    Eq omega Phys: N/A
    Diffusion: theta=nan, omega=nan

--- Chunk 95025 (206/220) | Start: 2025-07-21 02:10:00 ---
    RMSE omega (GP): 0.030567 | RMSE omega (Sim): 0.056562
    Loss: 382.1464 | Epoch: 74
    Eq omega: 0.001691 + 0.00012theta + 0.00108omega + -0.00002theta^2 + -0.00005theta omega + 0.00041omega^2
    Eq omega Phys: 0.000368*omega**2 - 1.0e-6*omega*theta + 5.5e-5*omega + 1.0e-6*theta - 3.0e-6
    Diffusion: theta=nan, omega=nan

--- Chunk 95026 (207/220) | Start: 2025-07-21 02:15:00 ---
    RMSE omega (GP): nan | RMSE omega (Sim): nan
    Loss: 292.9412 | Epoch: 107
    Eq omega: nan1 + nantheta + nanomega + nantheta^2 + nantheta omega + nanomega^2
    Eq omega Phys: N/A
    Diffusion: theta=nan, omega=nan

--- Chunk 95027 (208/220) | Start: 2025-07-21 02:20:00 ---
    RMSE omega (GP): 0.009448 | RMSE omega (Sim): 0.084305
    Loss: 7.7496 | Epoch: 1101
    Eq omega: -0.001691 + -0.00018theta + -0.01051omega + -0.00015theta^2 + -0.00101theta omega + -0.00222omega^2
    Eq omega Phys: -0.001143*omega**2 - 1.7e-5*omega*theta - 0.000117*omega + 2.0e-6*theta - 1.7e-5
    Diffusion: theta=1.795271e-04, omega=2.811712e-05

--- Chunk 95028 (209/220) | Start: 2025-07-21 02:25:00 ---
    RMSE omega (GP): 0.009784 | RMSE omega (Sim): 0.063161
    Loss: 16.8691 | Epoch: 1629
    Eq omega: -0.006241 + 0.00019theta + -0.00812omega + -0.00296theta^2 + -0.00306theta omega + 0.00314omega^2
    Eq omega Phys: 0.002108*omega**2 - 6.8e-5*omega*theta + 0.000103*omega - 2.0e-6*theta**2 + 2.4e-5*theta - 7.7e-5
    Diffusion: theta=2.004881e-04, omega=3.128128e-05

--- Chunk 95029 (210/220) | Start: 2025-07-21 02:30:00 ---
    RMSE omega (GP): nan | RMSE omega (Sim): nan
    Loss: 511.6109 | Epoch: 28
    Eq omega: nan1 + nantheta + nanomega + nantheta^2 + nantheta omega + nanomega^2
    Eq omega Phys: N/A
    Diffusion: theta=nan, omega=nan

--- Chunk 95030 (211/220) | Start: 2025-07-21 02:35:00 ---
    RMSE omega (GP): 0.009568 | RMSE omega (Sim): 0.078570
    Loss: 20.1393 | Epoch: 1556
    Eq omega: -0.000601 + -0.00028theta + 0.00275omega + -0.00008theta^2 + -0.00017theta omega + 0.00011omega^2
    Eq omega Phys: 8.4e-5*omega**2 - 4.0e-6*omega*theta + 0.000132*omega + 1.0e-6*theta - 4.0e-6
    Diffusion: theta=3.114703e-04, omega=2.108352e-05

--- Chunk 95031 (212/220) | Start: 2025-07-21 02:40:00 ---
    RMSE omega (GP): 0.035961 | RMSE omega (Sim): 0.075039
    Loss: 234.6071 | Epoch: 47
    Eq omega: 0.000261 + 0.00023theta + -0.00068omega + 0.00032theta^2 + -0.00011theta omega + -0.00558omega^2
    Eq omega Phys: -0.003067*omega**2 - 2.0e-6*omega*theta - 4.0e-6*theta + 2.2e-5
    Diffusion: theta=nan, omega=nan

--- Chunk 95032 (213/220) | Start: 2025-07-21 02:45:00 ---
    RMSE omega (GP): nan | RMSE omega (Sim): nan
    Loss: 124.4413 | Epoch: 93
    Eq omega: nan1 + nantheta + nanomega + nantheta^2 + nantheta omega + nanomega^2
    Eq omega Phys: N/A
    Diffusion: theta=nan, omega=nan

--- Chunk 95033 (214/220) | Start: 2025-07-21 02:50:00 ---
    RMSE omega (GP): 0.010766 | RMSE omega (Sim): 0.121358
    Loss: 7.5411 | Epoch: 1953
    Eq omega: -0.001991 + -0.00023theta + -0.00240omega + -0.00023theta^2 + 0.00082theta omega + -0.00148omega^2
    Eq omega Phys: -0.00067*omega**2 + 1.2e-5*omega*theta - 0.000282*omega + 4.0e-6*theta - 3.2e-5
    Diffusion: theta=3.230167e-04, omega=2.553105e-05

--- Chunk 95034 (215/220) | Start: 2025-07-21 02:55:00 ---
    RMSE omega (GP): 0.022556 | RMSE omega (Sim): 0.190499
    Loss: 74.2315 | Epoch: 525
    Eq omega: 0.004101 + -0.00102theta + 0.00109omega + -0.00005theta^2 + 0.00001theta omega + -0.00007omega^2
    Eq omega Phys: -3.5e-5*omega**2 + 3.4e-5*omega + 1.9e-5
    Diffusion: theta=4.621175e+00, omega=5.254440e-03

--- Chunk 95035 (216/220) | Start: 2025-07-21 03:00:00 ---
    RMSE omega (GP): 0.012671 | RMSE omega (Sim): 0.140329
    Loss: 20.0234 | Epoch: 2777
    Eq omega: -0.001401 + 0.00015theta + 0.00122omega + 0.00028theta^2 + 0.00005theta omega + 0.00080omega^2
    Eq omega Phys: 0.000448*omega**2 + 1.0e-6*omega*theta + 3.0e-5*omega - 4.0e-6*theta + 1.8e-5
    Diffusion: theta=2.234651e-04, omega=3.199909e-05

--- Chunk 95036 (217/220) | Start: 2025-07-21 03:05:00 ---
    RMSE omega (GP): 0.008700 | RMSE omega (Sim): 0.085305
    Loss: 10.4253 | Epoch: 1828
    Eq omega: 0.002741 + -0.00107theta + -0.00127omega + -0.00129theta^2 + 0.00024theta omega + 0.00381omega^2
    Eq omega Phys: 0.002329*omega**2 + 5.0e-6*omega*theta - 7.1e-5*omega - 0.e-6*theta**2 + 9.0e-6*theta - 1.8e-5
    Diffusion: theta=7.339765e-04, omega=2.794619e-05

--- Chunk 95037 (218/220) | Start: 2025-07-21 03:10:00 ---
    RMSE omega (GP): 0.027363 | RMSE omega (Sim): 0.166273
    Loss: -19.1759 | Epoch: 452
    Eq omega: 0.002101 + -0.00061theta + 0.00025omega + -0.00002theta^2 + -0.00016theta omega + -0.00038omega^2
    Eq omega Phys: -0.00015*omega**2 - 2.0e-6*omega*theta + 2.6e-5*omega - 0.e-6*theta + 1.1e-5
    Diffusion: theta=2.740794e-01, omega=2.850409e-04

--- Chunk 95038 (219/220) | Start: 2025-07-21 03:15:00 ---
    RMSE omega (GP): 0.011425 | RMSE omega (Sim): 0.087465
    Loss: 18.0267 | Epoch: 1680
    Eq omega: 0.000611 + 0.00006theta + 0.00190omega + -0.00009theta^2 + -0.00015theta omega + -0.00079omega^2
    Eq omega Phys: -0.000476*omega**2 - 3.0e-6*omega*theta + 8.7e-5*omega + 1.0e-6*theta - 3.0e-6
    Diffusion: theta=2.654934e-04, omega=2.268985e-05

--- Chunk 95039 (220/220) | Start: 2025-07-21 03:20:00 ---
    RMSE omega (GP): 0.024641 | RMSE omega (Sim): 0.140656
    Loss: 28.3572 | Epoch: 594
    Eq omega: -0.022991 + -0.00228theta + -0.00069omega + 0.00030theta^2 + -0.00070theta omega + -0.00513omega^2
    Eq omega Phys: -0.001428*omega**2 - 6.0e-6*omega*theta + 5.4e-5*omega - 5.0e-6*theta - 4.8e-5
    Diffusion: theta=4.597527e-02, omega=4.488956e-05

  [Progress 220/220] Mean RMSE omega (GP): 0.017226 | (Sim): 0.098342 | Mean loss: -14134901495316642529280.0000 | Valid GP: 165/220 | Valid Sim: 163/220 | Elapsed: 73.0min | ETA: 0.0min

============================================================
EVALUATION COMPLETE — Chunks [94820, 95039]
============================================================
Chunks processed: 220
Chunks succeeded GP:  165 (75.0%)
Chunks succeeded Sim: 163 (74.1%)
Mean GP RMSE omega:   0.017226 ± 0.009480
Mean SIM RMSE omega:  0.098342 ± 0.039575
Mean Loss:            -14134901495316642529280.0000 ± 209177440040327361593344.0000
Elapsed time:     73.0 minutes

Per-chunk CSV: /pfs/data6/home/ka/ka_iai/ka_bj2362/dsr/svise/results_5min_all_chunks/run_SLURM_3733209_combo38/chunks_94820_to_95039_20260323_050928.csv
Summary JSON:  /pfs/data6/home/ka/ka_iai/ka_bj2362/dsr/svise/results_5min_all_chunks/run_SLURM_3733209_combo38/summary_94820_to_95039_20260323_050928.json
============================================================

============================= JOB FEEDBACK =============================

NodeName=uc3n037
Job ID: 3733731
Array Job ID: 3733209_431
Cluster: uc3
User/Group: ka_bj2362/ka_iai
State: COMPLETED (exit code 0)
Nodes: 1
Cores per node: 4
CPU Utilized: 01:12:38
CPU Efficiency: 24.75% of 04:53:28 core-walltime
Job Wall-clock time: 01:13:22
Memory Utilized: 3.47 GB
Memory Efficiency: 28.93% of 12.00 GB (12.00 GB/node)
