Array task 9: processing chunks 1980 to 2199
Loading data from /pfs/data6/home/ka/ka_iai/ka_bj2362/dsr/svise/../dataset/South_Korea_2024-08-15_2025-08-31_1s.parquet...
Finding all valid 5-minute chunks in the dataset...
Found 107059 valid 5-minute chunks in total.

============================================================
SVISE FINAL EVALUATION — ALL CHUNKS
============================================================
Hyperparameters: {
  "model": "integrator",
  "sigma": 0,
  "degree": 2,
  "tau": 1e-05,
  "lr": 0.1,
  "n_tau": 50,
  "measurement_noise": 0.001,
  "n_reparam_samples": 15
}
Total valid chunks in dataset: 107059
Processing chunk range: [1980, 2199] (220 chunks)
Early stopping: patience=300, max_epochs=10000
============================================================


--- Chunk 1980 (1/220) | Start: 2024-08-21 23:15:00 ---
/pfs/data6/home/ka/ka_iai/ka_bj2362/dsr/svise/svise/sde_learning/_marginal_sde.py:284: UserWarning: torch.triangular_solve is deprecated in favor of torch.linalg.solve_triangularand will be removed in a future PyTorch release.
torch.linalg.solve_triangular has its arguments reversed and does not return a copy of one of the inputs.
X = torch.triangular_solve(B, A).solution
should be replaced with
X = torch.linalg.solve_triangular(A, B). (Triggered internally at ../aten/src/ATen/native/BatchLinearAlgebra.cpp:2192.)
  return torch.triangular_solve(self.raw_w, self.C.t()).solution
/pfs/data6/home/ka/ka_iai/ka_bj2362/dsr/svise/svise/quadrature/_unbiased_quadrature.py:196: UserWarning: Interp is nan, reducing interp degree.
  warnings.warn("Interp is nan, reducing interp degree.")
    RMSE omega (GP): 0.009690 | RMSE omega (Sim): 0.135706
    Loss: 1.1346 | Epoch: 1372
    Eq omega: -0.022371 + -0.46938theta + -0.00196omega + -0.00716theta^2 + -0.00753theta omega + -0.00819omega^2
    Eq omega Phys: -0.002702*omega**2 - 8.3e-5*omega*theta - 0.000564*omega - 3.0e-6*theta**2 - 0.000553*theta - 0.003313
    Diffusion: theta=4.382883e-04, omega=3.899078e-05

--- Chunk 1981 (2/220) | Start: 2024-08-21 23:20:00 ---
    RMSE omega (GP): 0.008811 | RMSE omega (Sim): 0.048599
    Loss: 29.9086 | Epoch: 1892
    Eq omega: 0.000881 + 0.00005theta + 0.00458omega + 0.00000theta^2 + -0.00021theta omega + -0.00025omega^2
    Eq omega Phys: -0.000222*omega**2 - 6.0e-6*omega*theta + 3.5e-5*omega + 2.0e-6
    Diffusion: theta=1.939203e-04, omega=1.459923e-05

--- Chunk 1982 (3/220) | Start: 2024-08-21 23:25:00 ---
    RMSE omega (GP): 0.009553 | RMSE omega (Sim): 0.124494
    Loss: 3.6422 | Epoch: 1137
    Eq omega: -0.003351 + 0.00115theta + 0.00002omega + 0.00076theta^2 + 0.00133theta omega + 0.00017omega^2
    Eq omega Phys: 7.1e-5*omega**2 + 1.9e-5*omega*theta + 0.000188*omega + 8.0e-6*theta + 4.0e-5
    Diffusion: theta=1.997711e-03, omega=2.007415e-05

--- Chunk 1983 (4/220) | Start: 2024-08-21 23:30:00 ---
/pfs/data6/home/ka/ka_iai/ka_bj2362/dsr/svise/svise/quadrature/_unbiased_quadrature.py:174: UserWarning: NaN detected in fxq (quadrature node evaluations). Clamping to 0.
  warnings.warn("NaN detected in fxq (quadrature node evaluations). Clamping to 0.")
/pfs/data6/home/ka/ka_iai/ka_bj2362/dsr/svise/svise/quadrature/_unbiased_quadrature.py:177: UserWarning: NaN detected in fmc (Monte-Carlo node evaluations). Clamping to 0.
  warnings.warn("NaN detected in fmc (Monte-Carlo node evaluations). Clamping to 0.")
    RMSE omega (GP): nan | RMSE omega (Sim): nan
    Loss: 2415.4370 | Epoch: 15
    Eq omega: nan1 + nantheta + nanomega + nantheta^2 + nantheta omega + nanomega^2
    Eq omega Phys: N/A
    Diffusion: theta=nan, omega=nan

--- Chunk 1984 (5/220) | Start: 2024-08-21 23:35:00 ---
    RMSE omega (GP): 0.008202 | RMSE omega (Sim): 0.180091
    Loss: 3.3728 | Epoch: 1561
    Eq omega: 0.000871 + -0.00134theta + 0.00060omega + -0.00014theta^2 + -0.00072theta omega + 0.00153omega^2
    Eq omega Phys: 0.000687*omega**2 - 1.1e-5*omega*theta + 0.000121*omega + 1.0e-5
    Diffusion: theta=1.859694e-04, omega=2.699949e-05

--- Chunk 1985 (6/220) | Start: 2024-08-21 23:40:00 ---
    RMSE omega (GP): 0.023637 | RMSE omega (Sim): 0.066446
    Loss: 63.3391 | Epoch: 257
    Eq omega: 0.000021 + -0.00004theta + -0.00032omega + -0.00018theta^2 + -0.00006theta omega + 0.00158omega^2
    Eq omega Phys: 0.000788*omega**2 - 0.e-6*omega*theta + 4.0e-6*omega + 3.0e-6*theta - 2.1e-5
    Diffusion: theta=nan, omega=nan

--- Chunk 1986 (7/220) | Start: 2024-08-21 23:45:00 ---
    RMSE omega (GP): 0.024625 | RMSE omega (Sim): 0.056339
    Loss: 58.2370 | Epoch: 219
    Eq omega: -0.044741 + -0.09960theta + -0.00626omega + -0.00097theta^2 + -0.00002theta omega + 0.00132omega^2
    Eq omega Phys: 0.000607*omega**2 - 0.000205*omega - 9.8e-5*theta + 0.001211
    Diffusion: theta=1.260445e-03, omega=7.123921e-06

--- Chunk 1987 (8/220) | Start: 2024-08-21 23:50:00 ---
    RMSE omega (GP): 0.006879 | RMSE omega (Sim): 0.059917
    Loss: 4.3523 | Epoch: 798
    Eq omega: 0.001251 + -0.81861theta + -0.01445omega + -0.00218theta^2 + -0.00185theta omega + -0.00863omega^2
    Eq omega Phys: -0.004993*omega**2 - 3.6e-5*omega*theta - 0.000527*omega - 1.0e-6*theta**2 - 0.000913*theta - 0.001151
    Diffusion: theta=1.470851e-03, omega=2.117233e-05

--- Chunk 1988 (9/220) | Start: 2024-08-21 23:55:00 ---
    RMSE omega (GP): 0.007601 | RMSE omega (Sim): 0.110796
    Loss: -0.6398 | Epoch: 713
    Eq omega: 0.002841 + -0.02569theta + -0.00388omega + -0.00062theta^2 + -0.00337theta omega + -0.00200omega^2
    Eq omega Phys: -0.000622*omega**2 - 3.5e-5*omega*theta + 0.000162*omega - 2.5e-5*theta + 0.000233
    Diffusion: theta=1.063400e-03, omega=5.351594e-05

--- Chunk 1989 (10/220) | Start: 2024-08-22 00:00:00 ---
    RMSE omega (GP): 0.008663 | RMSE omega (Sim): 0.048311
    Loss: 28.0917 | Epoch: 2314
    Eq omega: -0.015241 + -0.15167theta + -0.09599omega + -0.00808theta^2 + -0.01055theta omega + 0.00495omega^2
    Eq omega Phys: 0.004609*omega**2 - 0.000327*omega*theta - 0.008285*omega - 8.0e-6*theta**2 - 0.000428*theta - 0.004651
    Diffusion: theta=5.978022e-04, omega=9.370522e-06

--- Chunk 1990 (11/220) | Start: 2024-08-22 00:05:00 ---
    RMSE omega (GP): 0.008098 | RMSE omega (Sim): 0.072445
    Loss: -1.7928 | Epoch: 2130
    Eq omega: -0.002511 + -0.10243theta + 0.00111omega + 0.03919theta^2 + -0.00149theta omega + -0.01645omega^2
    Eq omega Phys: -0.004359*omega**2 - 1.3e-5*omega*theta + 8.0e-5*omega + 1.2e-5*theta**2 - 0.00019*theta + 0.00049
    Diffusion: theta=2.090885e-03, omega=2.078376e-05

--- Chunk 1991 (12/220) | Start: 2024-08-22 00:10:00 ---
    RMSE omega (GP): nan | RMSE omega (Sim): nan
    Loss: 949.8242 | Epoch: 16
    Eq omega: nan1 + nantheta + nanomega + nantheta^2 + nantheta omega + nanomega^2
    Eq omega Phys: N/A
    Diffusion: theta=nan, omega=nan

--- Chunk 1992 (13/220) | Start: 2024-08-22 00:15:00 ---
    RMSE omega (GP): nan | RMSE omega (Sim): nan
    Loss: 174.7436 | Epoch: 47
    Eq omega: nan1 + nantheta + nanomega + nantheta^2 + nantheta omega + nanomega^2
    Eq omega Phys: N/A
    Diffusion: theta=nan, omega=nan

--- Chunk 1993 (14/220) | Start: 2024-08-22 00:20:00 ---
    RMSE omega (GP): 0.007503 | RMSE omega (Sim): 0.097333
    Loss: 2.7808 | Epoch: 809
    Eq omega: -0.103001 + -1.49762theta + -0.01276omega + 0.17408theta^2 + -0.02539theta omega + -0.02345omega^2
    Eq omega Phys: -0.010959*omega**2 - 0.000396*omega*theta - 0.000771*omega + 9.0e-5*theta**2 - 0.001506*theta - 0.001631
    Diffusion: theta=5.077558e-04, omega=4.172183e-05

--- Chunk 1994 (15/220) | Start: 2024-08-22 00:25:00 ---
    RMSE omega (GP): 0.009460 | RMSE omega (Sim): 0.099352
    Loss: 13.3676 | Epoch: 2097
    Eq omega: -0.004801 + 0.00034theta + -0.00276omega + 0.00019theta^2 + 0.00010theta omega + -0.00209omega^2
    Eq omega Phys: -0.001599*omega**2 + 3.0e-6*omega*theta - 0.000133*omega - 5.0e-6*theta + 2.9e-5
    Diffusion: theta=4.086784e-04, omega=2.618645e-05

--- Chunk 1995 (16/220) | Start: 2024-08-22 00:30:00 ---
    RMSE omega (GP): 0.010279 | RMSE omega (Sim): 0.083558
    Loss: 11.5016 | Epoch: 1753
    Eq omega: 0.000201 + 0.00121theta + 0.00171omega + 0.00001theta^2 + 0.00008theta omega + 0.00068omega^2
    Eq omega Phys: 0.000377*omega**2 + 1.0e-6*omega*theta + 3.3e-5*omega + 1.0e-6*theta - 2.0e-5
    Diffusion: theta=1.024470e-04, omega=2.142377e-05

--- Chunk 1996 (17/220) | Start: 2024-08-22 00:35:00 ---
    RMSE omega (GP): 0.009464 | RMSE omega (Sim): 0.056501
    Loss: 24.3870 | Epoch: 2379
    Eq omega: 0.001461 + -0.00004theta + 0.00375omega + -0.00002theta^2 + 0.00004theta omega + -0.00024omega^2
    Eq omega Phys: -0.00019*omega**2 + 1.0e-6*omega*theta + 0.000104*omega + 1.0e-6*theta - 4.0e-6
    Diffusion: theta=5.990837e-04, omega=1.381195e-05

--- Chunk 1997 (18/220) | Start: 2024-08-22 00:40:00 ---
    RMSE omega (GP): 0.010604 | RMSE omega (Sim): 0.024965
    Loss: 40.1878 | Epoch: 1715
    Eq omega: -0.023241 + -0.02101theta + -0.00517omega + -0.00047theta^2 + -0.00003theta omega + 0.00039omega^2
    Eq omega Phys: 0.000345*omega**2 - 0.e-6*omega*theta - 0.000148*omega + 2.0e-6*theta + 0.000264
    Diffusion: theta=2.633287e-04, omega=3.877858e-06

--- Chunk 1998 (19/220) | Start: 2024-08-22 00:45:00 ---
    RMSE omega (GP): nan | RMSE omega (Sim): nan
    Loss: 533.8486 | Epoch: 41
    Eq omega: nan1 + nantheta + nanomega + nantheta^2 + nantheta omega + nanomega^2
    Eq omega Phys: N/A
    Diffusion: theta=nan, omega=nan

--- Chunk 1999 (20/220) | Start: 2024-08-22 00:50:00 ---
    RMSE omega (GP): 0.008610 | RMSE omega (Sim): 0.061605
    Loss: 7.1551 | Epoch: 1519
    Eq omega: -0.001371 + -0.00103theta + -0.00376omega + -0.00022theta^2 + -0.00067theta omega + 0.00044omega^2
    Eq omega Phys: 0.000238*omega**2 - 1.2e-5*omega*theta + 1.5e-5*omega + 2.0e-6*theta - 7.0e-6
    Diffusion: theta=1.217036e-03, omega=2.076891e-05

--- Chunk 2000 (21/220) | Start: 2024-08-22 00:55:00 ---
    RMSE omega (GP): nan | RMSE omega (Sim): nan
    Loss: 713.5020 | Epoch: 27
    Eq omega: nan1 + nantheta + nanomega + nantheta^2 + nantheta omega + nanomega^2
    Eq omega Phys: N/A
    Diffusion: theta=nan, omega=nan

--- Chunk 2001 (22/220) | Start: 2024-08-22 01:00:00 ---
    RMSE omega (GP): 0.006671 | RMSE omega (Sim): 0.041453
    Loss: 10.9254 | Epoch: 2291
    Eq omega: 0.000071 + -0.00003theta + 0.00131omega + 0.00002theta^2 + -0.00025theta omega + -0.00051omega^2
    Eq omega Phys: -0.00041*omega**2 - 7.0e-6*omega*theta + 0.000144*omega - 0.e-6*theta + 5.0e-6
    Diffusion: theta=6.173599e-04, omega=1.624549e-05

--- Chunk 2002 (23/220) | Start: 2024-08-22 01:05:00 ---
    RMSE omega (GP): 0.009419 | RMSE omega (Sim): 0.089121
    Loss: 5.4882 | Epoch: 938
    Eq omega: -0.002531 + 0.00008theta + 0.00126omega + 0.00015theta^2 + -0.00073theta omega + -0.00388omega^2
    Eq omega Phys: -0.001962*omega**2 - 1.2e-5*omega*theta + 0.000171*omega - 2.0e-6*theta + 3.0e-6
    Diffusion: theta=1.388424e-04, omega=2.908545e-05

--- Chunk 2003 (24/220) | Start: 2024-08-22 01:10:00 ---
    RMSE omega (GP): 0.008692 | RMSE omega (Sim): 0.080398
    Loss: 9.0256 | Epoch: 1515
    Eq omega: 0.017311 + -0.04804theta + -0.01592omega + -0.00314theta^2 + -0.00334theta omega + 0.00244omega^2
    Eq omega Phys: 0.001412*omega**2 - 6.4e-5*omega*theta - 0.00069*omega - 2.0e-6*theta**2 - 6.3e-5*theta - 0.000111
    Diffusion: theta=1.144207e-03, omega=2.408439e-05

--- Chunk 2004 (25/220) | Start: 2024-08-22 01:15:00 ---
    RMSE omega (GP): nan | RMSE omega (Sim): nan
    Loss: 164.4999 | Epoch: 56
    Eq omega: nan1 + nantheta + nanomega + nantheta^2 + nantheta omega + nanomega^2
    Eq omega Phys: N/A
    Diffusion: theta=nan, omega=nan

--- Chunk 2005 (26/220) | Start: 2024-08-22 01:20:00 ---
    RMSE omega (GP): 0.007323 | RMSE omega (Sim): 0.081114
    Loss: 2.2853 | Epoch: 1105
    Eq omega: 0.000511 + -0.00115theta + 0.00198omega + -0.00134theta^2 + 0.00117theta omega + 0.00152omega^2
    Eq omega Phys: 0.000705*omega**2 + 1.8e-5*omega*theta + 3.8e-5*omega - 0.e-6*theta**2 + 1.0e-6*theta + 2.0e-6
    Diffusion: theta=1.144785e-03, omega=3.261504e-05

--- Chunk 2006 (27/220) | Start: 2024-08-22 01:25:00 ---
    RMSE omega (GP): nan | RMSE omega (Sim): nan
    Loss: 234.4841 | Epoch: 19
    Eq omega: nan1 + nantheta + nanomega + nantheta^2 + nantheta omega + nanomega^2
    Eq omega Phys: N/A
    Diffusion: theta=nan, omega=nan

--- Chunk 2007 (28/220) | Start: 2024-08-22 01:30:00 ---
    RMSE omega (GP): 0.015884 | RMSE omega (Sim): 0.082689
    Loss: 39.0989 | Epoch: 240
    Eq omega: 0.000541 + -0.00723theta + -0.00436omega + 0.00340theta^2 + -0.00007theta omega + -0.00011omega^2
    Eq omega Phys: -6.5e-5*omega**2 - 1.0e-6*omega*theta - 0.000133*omega + 2.0e-6*theta**2 - 4.7e-5*theta + 0.000238
    Diffusion: theta=nan, omega=nan

--- Chunk 2008 (29/220) | Start: 2024-08-22 01:35:00 ---
    RMSE omega (GP): nan | RMSE omega (Sim): nan
    Loss: 5566.4019 | Epoch: 5
    Eq omega: nan1 + nantheta + nanomega + nantheta^2 + nantheta omega + nanomega^2
    Eq omega Phys: N/A
    Diffusion: theta=nan, omega=nan

--- Chunk 2009 (30/220) | Start: 2024-08-22 01:40:00 ---
    RMSE omega (GP): nan | RMSE omega (Sim): nan
    Loss: 679.9637 | Epoch: 16
    Eq omega: nan1 + nantheta + nanomega + nantheta^2 + nantheta omega + nanomega^2
    Eq omega Phys: N/A
    Diffusion: theta=nan, omega=nan

--- Chunk 2010 (31/220) | Start: 2024-08-22 01:45:00 ---
    RMSE omega (GP): 0.017088 | RMSE omega (Sim): 0.083739
    Loss: 24.2281 | Epoch: 107
    Eq omega: 0.003481 + -0.10901theta + -0.01063omega + 0.00092theta^2 + 0.00274theta omega + 0.00017omega^2
    Eq omega Phys: 7.5e-5*omega**2 + 4.0e-5*omega*theta - 0.000496*omega - 0.000124*theta + 0.000441
    Diffusion: theta=3.779746e-03, omega=1.972364e-05

--- Chunk 2011 (32/220) | Start: 2024-08-22 01:50:00 ---
    RMSE omega (GP): 0.008060 | RMSE omega (Sim): 0.082592
    Loss: 7.3444 | Epoch: 826
    Eq omega: 0.003151 + 0.00045theta + -0.00176omega + 0.00062theta^2 + 0.00128theta omega + -0.00010omega^2
    Eq omega Phys: -5.9e-5*omega**2 + 2.5e-5*omega*theta - 0.00023*omega - 5.0e-6*theta + 2.1e-5
    Diffusion: theta=1.039118e-03, omega=2.059839e-05

--- Chunk 2012 (33/220) | Start: 2024-08-22 01:55:00 ---
    RMSE omega (GP): 0.006278 | RMSE omega (Sim): 0.063791
    Loss: 2.2414 | Epoch: 1726
    Eq omega: -0.002781 + 0.00024theta + -0.00082omega + 0.00006theta^2 + -0.00023theta omega + 0.00078omega^2
    Eq omega Phys: 0.000406*omega**2 - 4.0e-6*omega*theta + 2.0e-5*omega - 0.e-6*theta - 4.0e-6
    Diffusion: theta=1.648767e-04, omega=2.977221e-05

--- Chunk 2013 (34/220) | Start: 2024-08-22 02:00:00 ---
    RMSE omega (GP): 0.010195 | RMSE omega (Sim): 0.029990
    Loss: 16.9992 | Epoch: 1545
    Eq omega: -0.009401 + -0.07069theta + -0.00033omega + -0.00269theta^2 + 0.00015theta omega + -0.00104omega^2
    Eq omega Phys: -0.000685*omega**2 + 3.0e-6*omega*theta - 8.0e-5*omega - 2.0e-6*theta**2 + 4.0e-6*theta + 0.000766
    Diffusion: theta=3.056131e-04, omega=4.521878e-06

--- Chunk 2014 (35/220) | Start: 2024-08-22 02:05:00 ---
    RMSE omega (GP): 0.008474 | RMSE omega (Sim): 0.105039
    Loss: 1.8719 | Epoch: 1019
    Eq omega: -0.012051 + -0.85025theta + 0.02004omega + -0.03157theta^2 + 0.00412theta omega + -0.06868omega^2
    Eq omega Phys: -0.027907*omega**2 + 5.6e-5*omega*theta + 0.000401*omega - 1.4e-5*theta**2 - 0.000808*theta + 0.004158
    Diffusion: theta=1.042765e-03, omega=2.500480e-05

--- Chunk 2015 (36/220) | Start: 2024-08-22 02:10:00 ---
    RMSE omega (GP): nan | RMSE omega (Sim): nan
    Loss: 79.1058 | Epoch: 86
    Eq omega: nan1 + nantheta + nanomega + nantheta^2 + nantheta omega + nanomega^2
    Eq omega Phys: N/A
    Diffusion: theta=nan, omega=nan

--- Chunk 2016 (37/220) | Start: 2024-08-22 02:15:00 ---
    RMSE omega (GP): 0.017768 | RMSE omega (Sim): 0.087112
    Loss: 28.9056 | Epoch: 117
    Eq omega: 0.000291 + 0.00018theta + 0.00129omega + 0.00027theta^2 + 0.00003theta omega + 0.00028omega^2
    Eq omega Phys: 0.000128*omega**2 + 4.0e-5*omega - 2.0e-6*theta + 6.0e-6
    Diffusion: theta=nan, omega=nan

--- Chunk 2017 (38/220) | Start: 2024-08-22 02:20:00 ---
    RMSE omega (GP): 0.008511 | RMSE omega (Sim): 0.069222
    Loss: 30.4285 | Epoch: 3287
    Eq omega: 0.002111 + 0.00007theta + -0.00027omega + -0.00000theta^2 + -0.00002theta omega + -0.00007omega^2
    Eq omega Phys: -7.0e-5*omega**2 - 0.e-6*omega*theta + 4.0e-6*omega + 1.0e-6
    Diffusion: theta=7.418565e-04, omega=9.793158e-06

--- Chunk 2018 (39/220) | Start: 2024-08-22 02:25:00 ---
    RMSE omega (GP): 0.017582 | RMSE omega (Sim): 0.064434
    Loss: 135.7170 | Epoch: 902
    Eq omega: -0.000081 + 0.00018theta + -0.00040omega + 0.00002theta^2 + -0.00019theta omega + 0.00005omega^2
    Eq omega Phys: 4.9e-5*omega**2 - 6.0e-6*omega*theta + 0.000147*omega - 0.e-6*theta + 9.0e-6
    Diffusion: theta=7.756761e-04, omega=3.238054e-06

--- Chunk 2019 (40/220) | Start: 2024-08-22 02:30:00 ---
    RMSE omega (GP): nan | RMSE omega (Sim): nan
    Loss: 2254.5891 | Epoch: 23
    Eq omega: nan1 + nantheta + nanomega + nantheta^2 + nantheta omega + nanomega^2
    Eq omega Phys: N/A
    Diffusion: theta=nan, omega=nan

--- Chunk 2020 (41/220) | Start: 2024-08-22 02:35:00 ---
    RMSE omega (GP): 0.007590 | RMSE omega (Sim): 0.091548
    Loss: 27.7864 | Epoch: 2390
    Eq omega: 0.001661 + 0.00005theta + 0.00001omega + -0.00000theta^2 + 0.00000theta omega + 0.00000omega^2
    Eq omega Phys: 1.e-6
    Diffusion: theta=2.521380e-04, omega=1.302799e-05

--- Chunk 2021 (42/220) | Start: 2024-08-22 02:40:00 ---
    RMSE omega (GP): 0.023290 | RMSE omega (Sim): 0.024459
    Loss: 255.3261 | Epoch: 440
    Eq omega: 0.014591 + -0.02852theta + 0.00127omega + 0.00005theta^2 + -0.00030theta omega + 0.00035omega^2
    Eq omega Phys: 0.000327*omega**2 - 9.0e-6*omega*theta + 0.000322*omega - 3.5e-5*theta + 0.001012
    Diffusion: theta=2.200178e-03, omega=2.155280e-07

--- Chunk 2022 (43/220) | Start: 2024-08-22 02:45:00 ---
    RMSE omega (GP): nan | RMSE omega (Sim): nan
    Loss: 60958.2266 | Epoch: 16
    Eq omega: nan1 + nantheta + nanomega + nantheta^2 + nantheta omega + nanomega^2
    Eq omega Phys: N/A
    Diffusion: theta=nan, omega=nan

--- Chunk 2023 (44/220) | Start: 2024-08-22 02:50:00 ---
    RMSE omega (GP): nan | RMSE omega (Sim): nan
    Loss: 354.3459 | Epoch: 84
    Eq omega: nan1 + nantheta + nanomega + nantheta^2 + nantheta omega + nanomega^2
    Eq omega Phys: N/A
    Diffusion: theta=nan, omega=nan

--- Chunk 2024 (45/220) | Start: 2024-08-22 02:55:00 ---
    RMSE omega (GP): 0.008287 | RMSE omega (Sim): 0.026594
    Loss: 32.4253 | Epoch: 6512
    Eq omega: 0.034701 + -0.04287theta + 0.00908omega + -0.00325theta^2 + -0.00014theta omega + 0.00198omega^2
    Eq omega Phys: 0.002058*omega**2 - 5.0e-6*omega*theta + 0.000413*omega - 4.0e-6*theta**2 + 0.000124*theta - 0.000832
    Diffusion: theta=2.577666e-04, omega=4.104927e-06

--- Chunk 2025 (46/220) | Start: 2024-08-22 03:00:00 ---
    RMSE omega (GP): 0.006646 | RMSE omega (Sim): 0.136753
    Loss: 0.8051 | Epoch: 1722
    Eq omega: -0.000721 + -0.34626theta + -0.00533omega + -0.00052theta^2 + 0.00112theta omega + 0.00655omega^2
    Eq omega Phys: 0.002849*omega**2 + 1.6e-5*omega*theta + 8.0e-6*omega - 0.00039*theta - 0.004422
    Diffusion: theta=7.775963e-04, omega=3.315045e-05

--- Chunk 2026 (47/220) | Start: 2024-08-22 03:05:00 ---
    RMSE omega (GP): 0.006633 | RMSE omega (Sim): 0.132653
    Loss: 0.1896 | Epoch: 1040
    Eq omega: -0.000531 + 0.00120theta + -0.00504omega + 0.00171theta^2 + 0.00005theta omega + 0.00395omega^2
    Eq omega Phys: 0.001616*omega**2 + 1.0e-6*omega*theta - 0.000172*omega + 1.0e-6*theta**2 - 7.0e-6*theta + 1.3e-5
    Diffusion: theta=1.684900e-04, omega=3.548652e-05

--- Chunk 2027 (48/220) | Start: 2024-08-22 03:10:00 ---
    RMSE omega (GP): 0.032524 | RMSE omega (Sim): 0.089859
    Loss: 128.6040 | Epoch: 508
    Eq omega: 0.457401 + 0.00019theta + 0.00314omega + -0.00814theta^2 + 0.00025theta omega + 0.00034omega^2
    Eq omega Phys: 0.000168*omega**2 + 4.0e-6*omega*theta + 3.7e-5*omega - 4.0e-6*theta**2 + 0.000146*theta - 0.000169
    Diffusion: theta=nan, omega=nan

--- Chunk 2028 (49/220) | Start: 2024-08-22 03:15:00 ---
    RMSE omega (GP): nan | RMSE omega (Sim): nan
    Loss: 82317.9141 | Epoch: 16
    Eq omega: nan1 + nantheta + nanomega + nantheta^2 + nantheta omega + nanomega^2
    Eq omega Phys: N/A
    Diffusion: theta=nan, omega=nan

--- Chunk 2029 (50/220) | Start: 2024-08-22 03:20:00 ---
    RMSE omega (GP): 0.011564 | RMSE omega (Sim): 0.040426
    Loss: 73.2704 | Epoch: 1853
    Eq omega: -0.000391 + 0.00012theta + -0.00009omega + 0.00001theta^2 + -0.00001theta omega + 0.00037omega^2
    Eq omega Phys: 0.000417*omega**2 + 7.0e-6*omega - 0.e-6*theta + 4.0e-6
    Diffusion: theta=2.629856e-04, omega=1.802317e-06

  [Progress 50/220] Mean RMSE omega (GP): 0.011393 | (Sim): 0.078596 | Mean loss: 3170.3776 | Valid GP: 36/50 | Valid Sim: 36/50 | Elapsed: 18.1min | ETA: 61.4min

--- Chunk 2030 (51/220) | Start: 2024-08-22 03:25:00 ---
    RMSE omega (GP): nan | RMSE omega (Sim): nan
    Loss: 4348.9316 | Epoch: 42
    Eq omega: nan1 + nantheta + nanomega + nantheta^2 + nantheta omega + nanomega^2
    Eq omega Phys: N/A
    Diffusion: theta=nan, omega=nan

--- Chunk 2031 (52/220) | Start: 2024-08-22 03:30:00 ---
    RMSE omega (GP): nan | RMSE omega (Sim): nan
    Loss: 280.5707 | Epoch: 59
    Eq omega: nan1 + nantheta + nanomega + nantheta^2 + nantheta omega + nanomega^2
    Eq omega Phys: N/A
    Diffusion: theta=nan, omega=nan

--- Chunk 2032 (53/220) | Start: 2024-08-22 03:35:00 ---
    RMSE omega (GP): nan | RMSE omega (Sim): nan
    Loss: 4765.5356 | Epoch: 38
    Eq omega: nan1 + nantheta + nanomega + nantheta^2 + nantheta omega + nanomega^2
    Eq omega Phys: N/A
    Diffusion: theta=nan, omega=nan

--- Chunk 2033 (54/220) | Start: 2024-08-22 03:40:00 ---
    RMSE omega (GP): 0.013609 | RMSE omega (Sim): 0.041182
    Loss: 346.5797 | Epoch: 944
    Eq omega: 0.013671 + 0.00018theta + -0.02986omega + 0.00090theta^2 + 0.00174theta omega + -0.00008omega^2
    Eq omega Phys: -0.000152*omega**2 + 0.00011*omega*theta - 0.003921*omega + 2.0e-6*theta**2 - 0.000101*theta + 0.001342
    Diffusion: theta=8.350726e-04, omega=2.384549e-07

--- Chunk 2034 (55/220) | Start: 2024-08-22 03:45:00 ---
    RMSE omega (GP): 0.013978 | RMSE omega (Sim): 0.068023
    Loss: 35.1210 | Epoch: 607
    Eq omega: -0.000731 + 0.00022theta + -0.00131omega + 0.00000theta^2 + 0.00003theta omega + 0.00001omega^2
    Eq omega Phys: 7.0e-6*omega**2 + 1.0e-6*omega*theta - 6.4e-5*omega - 8.0e-6
    Diffusion: theta=1.252086e-03, omega=3.843186e-06

--- Chunk 2035 (56/220) | Start: 2024-08-22 03:50:00 ---
    RMSE omega (GP): nan | RMSE omega (Sim): nan
    Loss: 17804.2891 | Epoch: 15
    Eq omega: nan1 + nantheta + nanomega + nantheta^2 + nantheta omega + nanomega^2
    Eq omega Phys: N/A
    Diffusion: theta=nan, omega=nan

--- Chunk 2036 (57/220) | Start: 2024-08-22 03:55:00 ---
    RMSE omega (GP): 0.015032 | RMSE omega (Sim): 0.034141
    Loss: 5.2956 | Epoch: 1201
    Eq omega: -0.003991 + -0.17099theta + -0.01697omega + -0.06150theta^2 + 0.00338theta omega + -0.01536omega^2
    Eq omega Phys: -0.005114*omega**2 + 3.8e-5*omega*theta - 0.001051*omega - 2.3e-5*theta**2 + 0.000398*theta - 0.001361
    Diffusion: theta=7.406258e-04, omega=1.245344e-05

--- Chunk 2037 (58/220) | Start: 2024-08-22 04:00:00 ---
    RMSE omega (GP): 0.007771 | RMSE omega (Sim): 0.112187
    Loss: 9.3626 | Epoch: 998
    Eq omega: 0.012011 + 0.00044theta + -0.00135omega + 0.00048theta^2 + 0.00152theta omega + -0.00032omega^2
    Eq omega Phys: -0.000212*omega**2 + 3.4e-5*omega*theta - 0.000143*omega - 2.0e-6*theta + 2.2e-5
    Diffusion: theta=2.303054e-04, omega=2.819913e-05

--- Chunk 2038 (59/220) | Start: 2024-08-22 04:05:00 ---
    RMSE omega (GP): 0.016179 | RMSE omega (Sim): 0.081779
    Loss: 23.7363 | Epoch: 114
    Eq omega: -0.002611 + -0.00742theta + 0.00456omega + -0.00018theta^2 + -0.00008theta omega + -0.00230omega^2
    Eq omega Phys: -0.000979*omega**2 - 1.0e-6*omega*theta + 0.000161*omega - 7.0e-6*theta + 5.3e-5
    Diffusion: theta=nan, omega=nan

--- Chunk 2039 (60/220) | Start: 2024-08-22 04:10:00 ---
    RMSE omega (GP): 0.010999 | RMSE omega (Sim): 0.046057
    Loss: 11.0887 | Epoch: 3423
    Eq omega: 0.001621 + -0.12778theta + -0.00963omega + 0.00921theta^2 + 0.02369theta omega + -0.02154omega^2
    Eq omega Phys: -0.01659*omega**2 + 0.000608*omega*theta - 0.008869*omega + 8.0e-6*theta**2 - 0.000364*theta + 0.003554
    Diffusion: theta=1.635765e-04, omega=1.487449e-05

--- Chunk 2040 (61/220) | Start: 2024-08-22 04:15:00 ---
    RMSE omega (GP): nan | RMSE omega (Sim): nan
    Loss: 1569.4528 | Epoch: 36
    Eq omega: nan1 + nantheta + nanomega + nantheta^2 + nantheta omega + nanomega^2
    Eq omega Phys: N/A
    Diffusion: theta=nan, omega=nan

--- Chunk 2041 (62/220) | Start: 2024-08-22 04:20:00 ---
    RMSE omega (GP): nan | RMSE omega (Sim): nan
    Loss: 349.5083 | Epoch: 41
    Eq omega: nan1 + nantheta + nanomega + nantheta^2 + nantheta omega + nanomega^2
    Eq omega Phys: N/A
    Diffusion: theta=nan, omega=nan

--- Chunk 2042 (63/220) | Start: 2024-08-22 04:25:00 ---
    RMSE omega (GP): nan | RMSE omega (Sim): nan
    Loss: 685.0300 | Epoch: 37
    Eq omega: nan1 + nantheta + nanomega + nantheta^2 + nantheta omega + nanomega^2
    Eq omega Phys: N/A
    Diffusion: theta=nan, omega=nan

--- Chunk 2043 (64/220) | Start: 2024-08-22 04:30:00 ---
    RMSE omega (GP): 0.007145 | RMSE omega (Sim): 0.522801
    Loss: 0.7814 | Epoch: 858
    Eq omega: -0.017011 + -0.06761theta + 0.00013omega + 0.08120theta^2 + -0.01919theta omega + -0.00324omega^2
    Eq omega Phys: -0.001348*omega**2 - 0.000266*omega*theta + 0.001449*omega + 3.8e-5*theta**2 - 0.000483*theta + 0.001469
    Diffusion: theta=6.725168e-04, omega=2.357370e-05

--- Chunk 2044 (65/220) | Start: 2024-08-22 04:35:00 ---
    RMSE omega (GP): 0.008992 | RMSE omega (Sim): 0.069670
    Loss: 7.1957 | Epoch: 1568
    Eq omega: 0.013011 + -0.22275theta + -0.00554omega + 0.00105theta^2 + 0.00301theta omega + -0.00299omega^2
    Eq omega Phys: -0.00155*omega**2 + 5.2e-5*omega*theta + 0.000192*omega + 1.0e-6*theta**2 - 0.000239*theta - 0.001733
    Diffusion: theta=1.222792e-04, omega=2.533408e-05

--- Chunk 2045 (66/220) | Start: 2024-08-22 04:40:00 ---
    RMSE omega (GP): 0.008781 | RMSE omega (Sim): 0.072995
    Loss: 5.2651 | Epoch: 1530
    Eq omega: -0.002961 + -0.00512theta + -0.00184omega + 0.00156theta^2 + -0.00340theta omega + -0.00696omega^2
    Eq omega Phys: -0.003367*omega**2 - 5.5e-5*omega*theta + 0.000215*omega + 1.0e-6*theta**2 - 1.4e-5*theta + 4.3e-5
    Diffusion: theta=7.353012e-04, omega=2.231857e-05

--- Chunk 2046 (67/220) | Start: 2024-08-22 04:45:00 ---
    RMSE omega (GP): nan | RMSE omega (Sim): nan
    Loss: 42.8270 | Epoch: 88
    Eq omega: nan1 + nantheta + nanomega + nantheta^2 + nantheta omega + nanomega^2
    Eq omega Phys: N/A
    Diffusion: theta=nan, omega=nan

--- Chunk 2047 (68/220) | Start: 2024-08-22 04:50:00 ---
    RMSE omega (GP): 0.008488 | RMSE omega (Sim): 0.079720
    Loss: 32.8903 | Epoch: 5493
    Eq omega: 0.005401 + -0.00005theta + -0.01990omega + 0.00338theta^2 + -0.00035theta omega + -0.00085omega^2
    Eq omega Phys: -0.000863*omega**2 - 1.2e-5*omega*theta - 0.000431*omega + 4.0e-6*theta**2 - 0.00015*theta + 0.001474
    Diffusion: theta=2.101898e-03, omega=7.401631e-06

--- Chunk 2048 (69/220) | Start: 2024-08-22 04:55:00 ---
    RMSE omega (GP): 0.012611 | RMSE omega (Sim): 0.064435
    Loss: 23.7037 | Epoch: 2325
    Eq omega: 0.001221 + -0.00029theta + 0.00201omega + 0.00002theta^2 + -0.00014theta omega + 0.00034omega^2
    Eq omega Phys: 0.000201*omega**2 - 3.0e-6*omega*theta + 0.000107*omega - 0.e-6*theta + 1.0e-5
    Diffusion: theta=9.536904e-04, omega=2.368629e-05

--- Chunk 2049 (70/220) | Start: 2024-08-22 05:00:00 ---
    RMSE omega (GP): nan | RMSE omega (Sim): nan
    Loss: 2701.7361 | Epoch: 40
    Eq omega: nan1 + nantheta + nanomega + nantheta^2 + nantheta omega + nanomega^2
    Eq omega Phys: N/A
    Diffusion: theta=nan, omega=nan

--- Chunk 2050 (71/220) | Start: 2024-08-22 05:05:00 ---
    RMSE omega (GP): 0.006898 | RMSE omega (Sim): 0.045408
    Loss: 11.0893 | Epoch: 1343
    Eq omega: 0.006891 + 0.00024theta + -0.00336omega + 0.00000theta^2 + 0.00031theta omega + 0.00069omega^2
    Eq omega Phys: 0.000541*omega**2 + 8.0e-6*omega*theta - 0.000221*omega + 6.0e-6
    Diffusion: theta=9.518576e-04, omega=1.251118e-05

--- Chunk 2051 (72/220) | Start: 2024-08-22 05:10:00 ---
    RMSE omega (GP): 0.015647 | RMSE omega (Sim): 0.028650
    Loss: 49.5319 | Epoch: 1494
    Eq omega: 0.004341 + -0.04544theta + -0.00091omega + -0.00472theta^2 + -0.00001theta omega + 0.00192omega^2
    Eq omega Phys: 0.001289*omega**2 - 2.5e-5*omega - 4.0e-6*theta**2 + 0.000104*theta - 0.000582
    Diffusion: theta=6.436648e-04, omega=3.422666e-06

--- Chunk 2052 (73/220) | Start: 2024-08-22 05:15:00 ---
    RMSE omega (GP): 0.020631 | RMSE omega (Sim): 0.058667
    Loss: 54.6454 | Epoch: 60
    Eq omega: -0.000051 + -0.03958theta + 0.00385omega + 0.00535theta^2 + -0.01130theta omega + 0.00574omega^2
    Eq omega Phys: 0.002912*omega**2 - 0.000191*omega*theta + 0.001308*omega + 3.0e-6*theta**2 - 8.1e-5*theta + 0.000386
    Diffusion: theta=nan, omega=nan

--- Chunk 2053 (74/220) | Start: 2024-08-22 05:20:00 ---
    RMSE omega (GP): 0.016373 | RMSE omega (Sim): 0.031505
    Loss: 200.6069 | Epoch: 982
    Eq omega: -0.000931 + -0.00066theta + 0.00261omega + 0.00090theta^2 + -0.00020theta omega + -0.00016omega^2
    Eq omega Phys: -0.0002*omega**2 - 8.0e-6*omega*theta + 0.00026*omega + 1.0e-6*theta**2 - 5.3e-5*theta + 0.000556
    Diffusion: theta=5.184908e-04, omega=7.985672e-07

--- Chunk 2054 (75/220) | Start: 2024-08-22 05:25:00 ---
    RMSE omega (GP): nan | RMSE omega (Sim): nan
    Loss: 632.8568 | Epoch: 114
    Eq omega: nan1 + nantheta + nanomega + nantheta^2 + nantheta omega + nanomega^2
    Eq omega Phys: N/A
    Diffusion: theta=nan, omega=nan

--- Chunk 2055 (76/220) | Start: 2024-08-22 05:30:00 ---
    RMSE omega (GP): 0.011762 | RMSE omega (Sim): 0.055475
    Loss: 28.4159 | Epoch: 2352
    Eq omega: 0.007171 + 0.00004theta + 0.00237omega + 0.00003theta^2 + -0.00001theta omega + -0.00011omega^2
    Eq omega Phys: -0.000104*omega**2 + 8.8e-5*omega - 2.0e-6*theta + 3.3e-5
    Diffusion: theta=8.710123e-04, omega=6.338114e-06

--- Chunk 2056 (77/220) | Start: 2024-08-22 05:35:00 ---
    RMSE omega (GP): nan | RMSE omega (Sim): nan
    Loss: 834.3946 | Epoch: 48
    Eq omega: nan1 + nantheta + nanomega + nantheta^2 + nantheta omega + nanomega^2
    Eq omega Phys: N/A
    Diffusion: theta=nan, omega=nan

--- Chunk 2057 (78/220) | Start: 2024-08-22 05:40:00 ---
    RMSE omega (GP): nan | RMSE omega (Sim): nan
    Loss: 238.0167 | Epoch: 438
    Eq omega: nan1 + nantheta + nanomega + nantheta^2 + nantheta omega + nanomega^2
    Eq omega Phys: N/A
    Diffusion: theta=nan, omega=nan

--- Chunk 2058 (79/220) | Start: 2024-08-22 05:45:00 ---
    RMSE omega (GP): 0.008574 | RMSE omega (Sim): 0.093849
    Loss: 5.8744 | Epoch: 2792
    Eq omega: -0.000491 + 0.00055theta + 0.00213omega + 0.00003theta^2 + -0.00009theta omega + 0.00051omega^2
    Eq omega Phys: 0.000264*omega**2 - 2.0e-6*omega*theta + 9.6e-5*omega - 6.0e-6
    Diffusion: theta=1.707828e-03, omega=1.554196e-05

--- Chunk 2059 (80/220) | Start: 2024-08-22 05:50:00 ---
    RMSE omega (GP): nan | RMSE omega (Sim): nan
    Loss: 67055.4141 | Epoch: 16
    Eq omega: nan1 + nantheta + nanomega + nantheta^2 + nantheta omega + nanomega^2
    Eq omega Phys: N/A
    Diffusion: theta=nan, omega=nan

--- Chunk 2060 (81/220) | Start: 2024-08-22 05:55:00 ---
    RMSE omega (GP): 0.025495 | RMSE omega (Sim): 0.047570
    Loss: 247.2586 | Epoch: 60
    Eq omega: 0.000631 + -0.00073theta + -0.00143omega + -0.00004theta^2 + -0.00443theta omega + 0.00024omega^2
    Eq omega Phys: 0.000183*omega**2 - 0.000112*omega*theta + 0.002496*omega + 1.0e-6*theta + 2.0e-6
    Diffusion: theta=nan, omega=nan

--- Chunk 2061 (82/220) | Start: 2024-08-22 06:00:00 ---
    RMSE omega (GP): nan | RMSE omega (Sim): nan
    Loss: 101.2971 | Epoch: 88
    Eq omega: nan1 + nantheta + nanomega + nantheta^2 + nantheta omega + nanomega^2
    Eq omega Phys: N/A
    Diffusion: theta=nan, omega=nan

--- Chunk 2062 (83/220) | Start: 2024-08-22 06:05:00 ---
    RMSE omega (GP): nan | RMSE omega (Sim): nan
    Loss: 1081.0726 | Epoch: 17
    Eq omega: nan1 + nantheta + nanomega + nantheta^2 + nantheta omega + nanomega^2
    Eq omega Phys: N/A
    Diffusion: theta=nan, omega=nan

--- Chunk 2063 (84/220) | Start: 2024-08-22 06:10:00 ---
    RMSE omega (GP): 0.006772 | RMSE omega (Sim): 0.119853
    Loss: 2.2841 | Epoch: 1653
    Eq omega: 0.001091 + -0.97852theta + 0.00437omega + -0.03457theta^2 + -0.00620theta omega + -0.08887omega^2
    Eq omega Phys: -0.045217*omega**2 - 0.000105*omega*theta + 0.000365*omega - 2.0e-5*theta**2 - 0.001006*theta + 0.002183
    Diffusion: theta=1.032875e-03, omega=2.169648e-05

--- Chunk 2064 (85/220) | Start: 2024-08-22 06:15:00 ---
    RMSE omega (GP): 0.008092 | RMSE omega (Sim): 0.077042
    Loss: 3.7294 | Epoch: 1030
    Eq omega: 0.002821 + -0.00117theta + 0.00133omega + 0.00000theta^2 + 0.00033theta omega + 0.00112omega^2
    Eq omega Phys: 0.000544*omega**2 + 5.0e-6*omega*theta + 2.5e-5*omega - 1.0e-6*theta + 1.1e-5
    Diffusion: theta=1.088266e-03, omega=1.816703e-05

--- Chunk 2065 (86/220) | Start: 2024-08-22 06:20:00 ---
    RMSE omega (GP): nan | RMSE omega (Sim): nan
    Loss: 451.3152 | Epoch: 48
    Eq omega: nan1 + nantheta + nanomega + nantheta^2 + nantheta omega + nanomega^2
    Eq omega Phys: N/A
    Diffusion: theta=nan, omega=nan

--- Chunk 2066 (87/220) | Start: 2024-08-22 06:25:00 ---
    RMSE omega (GP): 0.018304 | RMSE omega (Sim): 0.027269
    Loss: 947.6335 | Epoch: 67
    Eq omega: -0.000021 + -0.00132theta + 0.00248omega + 0.00000theta^2 + 0.00002theta omega + 0.00004omega^2
    Eq omega Phys: 6.9e-5*omega**2 + 1.0e-6*omega*theta + 5.5e-5*omega - 1.0e-6*theta + 3.5e-5
    Diffusion: theta=nan, omega=nan

--- Chunk 2067 (88/220) | Start: 2024-08-22 06:30:00 ---
    RMSE omega (GP): 0.016529 | RMSE omega (Sim): 0.020080
    Loss: 350.0446 | Epoch: 459
    Eq omega: 0.000201 + -0.00012theta + -0.01880omega + -0.00001theta^2 + -0.00003theta omega + -0.00044omega^2
    Eq omega Phys: -0.000641*omega**2 - 1.0e-6*omega*theta - 0.000591*omega + 1.0e-6*theta - 6.0e-6
    Diffusion: theta=nan, omega=nan

--- Chunk 2068 (89/220) | Start: 2024-08-22 06:35:00 ---
    RMSE omega (GP): 0.007756 | RMSE omega (Sim): 0.034619
    Loss: 19.4302 | Epoch: 2178
    Eq omega: -0.001121 + -0.00002theta + -0.00085omega + 0.00008theta^2 + 0.00002theta omega + 0.00006omega^2
    Eq omega Phys: 5.8e-5*omega**2 + 1.0e-6*omega*theta - 4.0e-5*omega - 3.0e-6*theta + 3.0e-5
    Diffusion: theta=7.254369e-04, omega=9.952253e-06

--- Chunk 2069 (90/220) | Start: 2024-08-22 06:40:00 ---
    RMSE omega (GP): 0.007172 | RMSE omega (Sim): 0.064370
    Loss: 12.5013 | Epoch: 1224
    Eq omega: 0.000931 + -0.00029theta + 0.00091omega + -0.00008theta^2 + -0.00008theta omega + -0.00097omega^2
    Eq omega Phys: -0.000765*omega**2 - 2.0e-6*omega*theta + 4.5e-5*omega + 1.0e-6*theta
    Diffusion: theta=8.592896e-04, omega=1.565945e-05

--- Chunk 2070 (91/220) | Start: 2024-08-22 06:45:00 ---
    RMSE omega (GP): 0.007439 | RMSE omega (Sim): 0.050235
    Loss: 8.9329 | Epoch: 1751
    Eq omega: 0.002411 + 0.00048theta + -0.00145omega + -0.00013theta^2 + -0.00022theta omega + 0.00029omega^2
    Eq omega Phys: 0.000201*omega**2 - 5.0e-6*omega*theta - 3.1e-5*omega + 1.0e-6*theta + 1.0e-6
    Diffusion: theta=9.543283e-04, omega=1.546198e-05

--- Chunk 2071 (92/220) | Start: 2024-08-22 06:50:00 ---
    RMSE omega (GP): 0.007118 | RMSE omega (Sim): 0.068002
    Loss: 2.8248 | Epoch: 2416
    Eq omega: -0.000531 + 0.00047theta + -0.00102omega + -0.00004theta^2 + 0.00005theta omega + 0.00480omega^2
    Eq omega Phys: 0.002332*omega**2 + 1.0e-6*omega*theta - 4.5e-5*omega + 1.0e-6*theta - 1.3e-5
    Diffusion: theta=5.841674e-04, omega=1.897434e-05

--- Chunk 2072 (93/220) | Start: 2024-08-22 06:55:00 ---
    RMSE omega (GP): 0.025858 | RMSE omega (Sim): 0.036894
    Loss: 313.5942 | Epoch: 529
    Eq omega: -0.020291 + -0.00063theta + 0.00215omega + -0.00011theta^2 + 0.00044theta omega + -0.00029omega^2
    Eq omega Phys: -0.000258*omega**2 + 1.3e-5*omega*theta - 0.000147*omega + 3.0e-6*theta - 4.4e-5
    Diffusion: theta=4.521764e+00, omega=4.631723e-03

--- Chunk 2073 (94/220) | Start: 2024-08-22 07:00:00 ---
    RMSE omega (GP): nan | RMSE omega (Sim): nan
    Loss: 3197.5286 | Epoch: 20
    Eq omega: nan1 + nantheta + nanomega + nantheta^2 + nantheta omega + nanomega^2
    Eq omega Phys: N/A
    Diffusion: theta=nan, omega=nan

--- Chunk 2074 (95/220) | Start: 2024-08-22 07:05:00 ---
    RMSE omega (GP): 0.008705 | RMSE omega (Sim): 0.100959
    Loss: 3.8687 | Epoch: 1627
    Eq omega: -0.001031 + -0.00025theta + 0.00277omega + 0.00023theta^2 + -0.00027theta omega + -0.00059omega^2
    Eq omega Phys: -0.000266*omega**2 - 4.0e-6*omega*theta + 0.000135*omega - 3.0e-6*theta + 1.3e-5
    Diffusion: theta=1.149117e-03, omega=2.667890e-05

--- Chunk 2075 (96/220) | Start: 2024-08-22 07:10:00 ---
    RMSE omega (GP): 0.007028 | RMSE omega (Sim): 0.125281
    Loss: 0.5576 | Epoch: 617
    Eq omega: 0.000761 + 0.00105theta + 0.00260omega + -0.00041theta^2 + 0.00003theta omega + -0.00111omega^2
    Eq omega Phys: -0.000425*omega**2 + 8.5e-5*omega + 3.0e-6*theta - 9.0e-6
    Diffusion: theta=1.895770e-03, omega=3.931419e-05

--- Chunk 2076 (97/220) | Start: 2024-08-22 07:15:00 ---
    RMSE omega (GP): 0.008625 | RMSE omega (Sim): 0.056711
    Loss: 10.9725 | Epoch: 1741
    Eq omega: -0.000721 + -0.00012theta + -0.00084omega + 0.00016theta^2 + 0.00010theta omega + -0.00102omega^2
    Eq omega Phys: -0.0006*omega**2 + 2.0e-6*omega*theta - 5.5e-5*omega - 3.0e-6*theta + 2.1e-5
    Diffusion: theta=9.525249e-04, omega=2.167454e-05

--- Chunk 2077 (98/220) | Start: 2024-08-22 07:20:00 ---
    RMSE omega (GP): nan | RMSE omega (Sim): nan
    Loss: 523.2366 | Epoch: 37
    Eq omega: nan1 + nantheta + nanomega + nantheta^2 + nantheta omega + nanomega^2
    Eq omega Phys: N/A
    Diffusion: theta=nan, omega=nan

--- Chunk 2078 (99/220) | Start: 2024-08-22 07:25:00 ---
    RMSE omega (GP): nan | RMSE omega (Sim): nan
    Loss: 275.7454 | Epoch: 130
    Eq omega: nan1 + nantheta + nanomega + nantheta^2 + nantheta omega + nanomega^2
    Eq omega Phys: N/A
    Diffusion: theta=nan, omega=nan

--- Chunk 2079 (100/220) | Start: 2024-08-22 07:30:00 ---
    RMSE omega (GP): 0.007273 | RMSE omega (Sim): 0.114476
    Loss: 1.6663 | Epoch: 960
    Eq omega: -0.007081 + -1.23075theta + -0.33357omega + 0.32418theta^2 + 0.31596theta omega + -0.04902omega^2
    Eq omega Phys: -0.021634*omega**2 + 0.004648*omega*theta - 0.042212*omega + 0.000159*theta**2 - 0.003494*theta + 0.016244
    Diffusion: theta=6.563782e-04, omega=4.727915e-05

  [Progress 100/220] Mean RMSE omega (GP): 0.011579 | (Sim): 0.078796 | Mean loss: 2682.3412 | Valid GP: 67/100 | Valid Sim: 67/100 | Elapsed: 33.4min | ETA: 40.1min

--- Chunk 2080 (101/220) | Start: 2024-08-22 07:35:00 ---
    RMSE omega (GP): 0.006960 | RMSE omega (Sim): 0.066577
    Loss: -230940.9062 | Epoch: 1096
    Eq omega: -0.001191 + -0.02693theta + -0.00448omega + -0.00097theta^2 + 0.00286theta omega + -0.00147omega^2
    Eq omega Phys: -0.000787*omega**2 + 5.1e-5*omega*theta - 0.000342*omega - 0.e-6*theta**2 - 2.6e-5*theta + 0.000103
    Diffusion: theta=9.821419e-03, omega=6.154999e-05

--- Chunk 2081 (102/220) | Start: 2024-08-22 07:40:00 ---
    RMSE omega (GP): 0.006588 | RMSE omega (Sim): 0.067857
    Loss: 2.7433 | Epoch: 812
    Eq omega: -0.000811 + -0.00049theta + -0.00290omega + 0.00086theta^2 + 0.00107theta omega + 0.00046omega^2
    Eq omega Phys: 0.000244*omega**2 + 1.9e-5*omega*theta - 0.000113*omega + 1.0e-6*theta**2 - 1.0e-6*theta - 0.e-6
    Diffusion: theta=1.470677e-04, omega=3.838700e-05

--- Chunk 2082 (103/220) | Start: 2024-08-22 07:45:00 ---
    RMSE omega (GP): 0.008721 | RMSE omega (Sim): 0.077876
    Loss: 10.4922 | Epoch: 848
    Eq omega: 0.000031 + -0.00025theta + -0.00029omega + -0.00005theta^2 + -0.00068theta omega + -0.00291omega^2
    Eq omega Phys: -0.001753*omega**2 - 1.4e-5*omega*theta + 5.3e-5*omega + 1.0e-6
    Diffusion: theta=1.253349e-03, omega=1.928843e-05

--- Chunk 2083 (104/220) | Start: 2024-08-22 07:50:00 ---
    RMSE omega (GP): nan | RMSE omega (Sim): nan
    Loss: 575.6661 | Epoch: 26
    Eq omega: nan1 + nantheta + nanomega + nantheta^2 + nantheta omega + nanomega^2
    Eq omega Phys: N/A
    Diffusion: theta=nan, omega=nan

--- Chunk 2084 (105/220) | Start: 2024-08-22 07:55:00 ---
    RMSE omega (GP): nan | RMSE omega (Sim): nan
    Loss: 473.6498 | Epoch: 24
    Eq omega: nan1 + nantheta + nanomega + nantheta^2 + nantheta omega + nanomega^2
    Eq omega Phys: N/A
    Diffusion: theta=nan, omega=nan

--- Chunk 2085 (106/220) | Start: 2024-08-22 08:00:00 ---
    RMSE omega (GP): 0.008037 | RMSE omega (Sim): 0.062361
    Loss: 5.8323 | Epoch: 1981
    Eq omega: -0.000741 + 0.00012theta + -0.00408omega + -0.00006theta^2 + -0.00016theta omega + 0.00389omega^2
    Eq omega Phys: 0.002292*omega**2 - 3.0e-6*omega*theta - 9.0e-5*omega + 1.0e-6*theta - 1.2e-5
    Diffusion: theta=2.099068e-04, omega=2.361917e-05

--- Chunk 2086 (107/220) | Start: 2024-08-22 08:05:00 ---
    RMSE omega (GP): 0.021515 | RMSE omega (Sim): 0.061920
    Loss: 68.5407 | Epoch: 61
    Eq omega: -0.004401 + -0.04726theta + -0.02647omega + -0.00664theta^2 + -0.00053theta omega + 0.00838omega^2
    Eq omega Phys: 0.004707*omega**2 - 1.0e-5*omega*theta - 0.000812*omega - 4.0e-6*theta**2 + 6.0e-6*theta + 0.000156
    Diffusion: theta=2.562961e-03, omega=1.081520e-05

--- Chunk 2087 (108/220) | Start: 2024-08-22 08:10:00 ---
    RMSE omega (GP): 0.007048 | RMSE omega (Sim): 0.099232
    Loss: 9.7695 | Epoch: 1157
    Eq omega: 0.000921 + 0.00095theta + -0.00395omega + 0.00027theta^2 + -0.00043theta omega + 0.00076omega^2
    Eq omega Phys: 0.00056*omega**2 - 1.1e-5*omega*theta - 8.9e-5*omega - 0.e-6*theta + 1.0e-6
    Diffusion: theta=1.674256e-04, omega=2.407490e-05

--- Chunk 2088 (109/220) | Start: 2024-08-22 08:15:00 ---
    RMSE omega (GP): 0.007238 | RMSE omega (Sim): 0.073149
    Loss: 1.8905 | Epoch: 1725
    Eq omega: 0.000281 + -0.00002theta + 0.00028omega + 0.00012theta^2 + -0.00009theta omega + 0.00075omega^2
    Eq omega Phys: 0.000341*omega**2 - 1.0e-6*omega*theta + 1.4e-5*omega + 1.0e-6
    Diffusion: theta=2.839768e-04, omega=2.934758e-05

--- Chunk 2089 (110/220) | Start: 2024-08-22 08:20:00 ---
    RMSE omega (GP): 0.012184 | RMSE omega (Sim): 0.069923
    Loss: 29.8465 | Epoch: 364
    Eq omega: 0.001101 + 0.00029theta + 0.00473omega + 0.00012theta^2 + -0.00075theta omega + 0.00045omega^2
    Eq omega Phys: 0.000301*omega**2 - 1.7e-5*omega*theta + 0.0003*omega - 1.0e-6*theta + 6.0e-6
    Diffusion: theta=1.876581e-03, omega=1.835492e-05

--- Chunk 2090 (111/220) | Start: 2024-08-22 08:25:00 ---
    RMSE omega (GP): 0.008082 | RMSE omega (Sim): 0.083388
    Loss: 7.1640 | Epoch: 1091
    Eq omega: 0.000921 + 0.00156theta + -0.00221omega + -0.00009theta^2 + -0.00165theta omega + 0.00015omega^2
    Eq omega Phys: 8.6e-5*omega**2 - 3.2e-5*omega*theta + 0.00015*omega + 3.0e-6*theta - 1.3e-5
    Diffusion: theta=4.878192e-04, omega=2.830484e-05

--- Chunk 2091 (112/220) | Start: 2024-08-22 08:30:00 ---
    RMSE omega (GP): 0.008176 | RMSE omega (Sim): 0.059937
    Loss: 6.9460 | Epoch: 1885
    Eq omega: -0.000881 + -0.00066theta + -0.00193omega + 0.00006theta^2 + -0.00002theta omega + 0.00044omega^2
    Eq omega Phys: 0.000245*omega**2 - 5.8e-5*omega - 2.0e-6*theta + 2.2e-5
    Diffusion: theta=5.877221e-04, omega=2.263365e-05

--- Chunk 2092 (113/220) | Start: 2024-08-22 08:35:00 ---
    RMSE omega (GP): 0.005932 | RMSE omega (Sim): 0.054170
    Loss: 6.9133 | Epoch: 1287
    Eq omega: -0.000941 + -0.00046theta + 0.00114omega + 0.00044theta^2 + 0.00114theta omega + 0.00149omega^2
    Eq omega Phys: 0.00113*omega**2 + 2.9e-5*omega*theta - 9.0e-5*omega - 4.0e-6*theta + 8.0e-6
    Diffusion: theta=2.451118e-04, omega=2.194729e-05

--- Chunk 2093 (114/220) | Start: 2024-08-22 08:40:00 ---
    RMSE omega (GP): 0.031653 | RMSE omega (Sim): 0.074380
    Loss: 179.3740 | Epoch: 33
    Eq omega: -0.004721 + -0.00092theta + 0.00077omega + -0.02419theta^2 + -0.00099theta omega + -0.00078omega^2
    Eq omega Phys: -0.000444*omega**2 - 1.9e-5*omega*theta + 0.000123*omega - 1.5e-5*theta**2 + 0.000157*theta - 0.000413
    Diffusion: theta=5.418576e-03, omega=4.614483e-06

--- Chunk 2094 (115/220) | Start: 2024-08-22 08:45:00 ---
    RMSE omega (GP): 0.010418 | RMSE omega (Sim): 0.070445
    Loss: 8.7635 | Epoch: 1898
    Eq omega: 0.000221 + 0.00020theta + 0.00004omega + 0.00033theta^2 + 0.00050theta omega + -0.00206omega^2
    Eq omega Phys: -0.001*omega**2 + 8.0e-6*omega*theta - 4.8e-5*omega - 2.0e-6*theta + 6.0e-6
    Diffusion: theta=9.436511e-04, omega=2.596704e-05

--- Chunk 2095 (116/220) | Start: 2024-08-22 08:50:00 ---
    RMSE omega (GP): 0.009569 | RMSE omega (Sim): 0.107955
    Loss: 4.5702 | Epoch: 1425
    Eq omega: -0.002061 + -0.00000theta + 0.00192omega + 0.00009theta^2 + 0.00023theta omega + 0.00008omega^2
    Eq omega Phys: 3.4e-5*omega**2 + 3.0e-6*omega*theta + 1.4e-5*omega - 1.0e-6*theta + 4.0e-6
    Diffusion: theta=1.518942e-03, omega=3.273420e-05

--- Chunk 2096 (117/220) | Start: 2024-08-22 08:55:00 ---
    RMSE omega (GP): 0.016325 | RMSE omega (Sim): 0.069871
    Loss: 33.3452 | Epoch: 621
    Eq omega: 0.000551 + 0.00110theta + -0.00218omega + 0.00069theta^2 + 0.00009theta omega + -0.00170omega^2
    Eq omega Phys: -0.000984*omega**2 + 2.0e-6*omega*theta - 8.3e-5*omega - 4.0e-6*theta + 1.0e-5
    Diffusion: theta=1.330599e-01, omega=1.343389e-04

--- Chunk 2097 (118/220) | Start: 2024-08-22 09:00:00 ---
    RMSE omega (GP): 0.008574 | RMSE omega (Sim): 0.045474
    Loss: 18.6603 | Epoch: 1729
    Eq omega: 0.001211 + 0.00024theta + -0.01017omega + 0.00003theta^2 + -0.00005theta omega + 0.00024omega^2
    Eq omega Phys: 0.000185*omega**2 - 1.0e-6*omega*theta - 0.000323*omega + 2.0e-6
    Diffusion: theta=1.279586e-03, omega=1.930685e-05

--- Chunk 2098 (119/220) | Start: 2024-08-22 09:05:00 ---
    RMSE omega (GP): 0.008892 | RMSE omega (Sim): 0.078668
    Loss: 13.1308 | Epoch: 1516
    Eq omega: -0.007571 + 0.00120theta + 0.00117omega + -0.00080theta^2 + -0.00154theta omega + -0.00016omega^2
    Eq omega Phys: -0.000106*omega**2 - 3.4e-5*omega*theta + 0.000194*omega - 0.e-6*theta**2 + 7.0e-6*theta - 3.1e-5
    Diffusion: theta=4.237010e-04, omega=2.082797e-05

--- Chunk 2099 (120/220) | Start: 2024-08-22 09:10:00 ---
    RMSE omega (GP): 0.010304 | RMSE omega (Sim): 0.054085
    Loss: 10.5074 | Epoch: 813
    Eq omega: 0.003381 + -0.33839theta + -0.00086omega + -0.00208theta^2 + -0.00744theta omega + 0.00144omega^2
    Eq omega Phys: 0.000776*omega**2 - 0.000134*omega*theta + 3.2e-5*omega - 1.0e-6*theta**2 - 0.000375*theta + 0.000179
    Diffusion: theta=3.303377e-04, omega=2.475680e-05

--- Chunk 2100 (121/220) | Start: 2024-08-22 09:15:00 ---
    RMSE omega (GP): 0.020159 | RMSE omega (Sim): 0.140251
    Loss: 56.7825 | Epoch: 47
    Eq omega: 0.000211 + 0.00446theta + -0.00136omega + -0.00021theta^2 + 0.00288theta omega + 0.00186omega^2
    Eq omega Phys: 0.000988*omega**2 + 5.1e-5*omega*theta + 6.5e-5*omega + 4.0e-6*theta + 1.1e-5
    Diffusion: theta=4.731940e-03, omega=1.506576e-05

--- Chunk 2101 (122/220) | Start: 2024-08-22 09:20:00 ---
    RMSE omega (GP): 0.009894 | RMSE omega (Sim): 0.087446
    Loss: 4.2587 | Epoch: 1465
    Eq omega: -0.005571 + -0.39788theta + -0.00497omega + -0.02923theta^2 + 0.00459theta omega + 0.00361omega^2
    Eq omega Phys: 0.001479*omega**2 + 6.3e-5*omega*theta - 6.3e-5*omega - 1.3e-5*theta**2 - 0.000486*theta - 0.000774
    Diffusion: theta=8.906219e-04, omega=3.772799e-05

--- Chunk 2102 (123/220) | Start: 2024-08-22 09:25:00 ---
    RMSE omega (GP): nan | RMSE omega (Sim): nan
    Loss: 162.7533 | Epoch: 45
    Eq omega: nan1 + nantheta + nanomega + nantheta^2 + nantheta omega + nanomega^2
    Eq omega Phys: N/A
    Diffusion: theta=nan, omega=nan

--- Chunk 2103 (124/220) | Start: 2024-08-22 09:30:00 ---
    RMSE omega (GP): 0.008500 | RMSE omega (Sim): 0.073225
    Loss: 11.5332 | Epoch: 2226
    Eq omega: -0.003991 + -0.00274theta + 0.00079omega + 0.00063theta^2 + 0.00066theta omega + 0.00024omega^2
    Eq omega Phys: 0.000157*omega**2 + 1.4e-5*omega*theta + 0.000145*omega + 5.0e-6*theta - 0.e-6
    Diffusion: theta=1.121552e-04, omega=3.107999e-05

--- Chunk 2104 (125/220) | Start: 2024-08-22 09:35:00 ---
    RMSE omega (GP): 0.009191 | RMSE omega (Sim): 0.055621
    Loss: 9.8978 | Epoch: 2560
    Eq omega: -0.005601 + -0.02878theta + 0.00527omega + -0.00139theta^2 + -0.00414theta omega + -0.00330omega^2
    Eq omega Phys: -0.00189*omega**2 - 7.9e-5*omega*theta + 0.000923*omega - 0.e-6*theta**2 - 1.5e-5*theta + 0.000212
    Diffusion: theta=1.115768e-03, omega=1.876953e-05

--- Chunk 2105 (126/220) | Start: 2024-08-22 09:40:00 ---
    RMSE omega (GP): nan | RMSE omega (Sim): nan
    Loss: -37883557183657223858946048.0000 | Epoch: 262
    Eq omega: nan1 + nantheta + nanomega + nantheta^2 + nantheta omega + nanomega^2
    Eq omega Phys: N/A
    Diffusion: theta=nan, omega=nan

--- Chunk 2106 (127/220) | Start: 2024-08-22 09:45:00 ---
    RMSE omega (GP): 0.007366 | RMSE omega (Sim): 0.052392
    Loss: 7.6982 | Epoch: 797
    Eq omega: -0.006591 + -0.00129theta + -0.00526omega + -0.00022theta^2 + 0.00944theta omega + -0.00426omega^2
    Eq omega Phys: -0.002793*omega**2 + 0.000206*omega*theta + 0.000651*omega - 3.0e-6*theta - 1.9e-5
    Diffusion: theta=3.312402e-04, omega=2.455303e-05

--- Chunk 2107 (128/220) | Start: 2024-08-22 09:50:00 ---
    RMSE omega (GP): 0.007283 | RMSE omega (Sim): 0.106212
    Loss: 1.6473 | Epoch: 1011
    Eq omega: -0.004771 + -0.58880theta + 0.00879omega + 0.00206theta^2 + -0.01143theta omega + -0.00589omega^2
    Eq omega Phys: -0.002643*omega**2 - 0.000171*omega*theta + 0.000911*omega + 1.0e-6*theta**2 - 0.000662*theta + 0.002368
    Diffusion: theta=5.569793e-04, omega=4.121449e-05

--- Chunk 2108 (129/220) | Start: 2024-08-22 09:55:00 ---
    RMSE omega (GP): 0.021717 | RMSE omega (Sim): 0.071279
    Loss: -31.6711 | Epoch: 903
    Eq omega: -0.000011 + 0.00184theta + -0.00020omega + 0.00094theta^2 + -0.00014theta omega + 0.00318omega^2
    Eq omega Phys: 0.001949*omega**2 - 3.0e-6*omega*theta - 2.9e-5*omega + 1.0e-6*theta**2 + 1.2e-5*theta + 5.3e-5
    Diffusion: theta=1.360496e-01, omega=1.534149e-04

--- Chunk 2109 (130/220) | Start: 2024-08-22 10:00:00 ---
    RMSE omega (GP): 0.021290 | RMSE omega (Sim): 0.071753
    Loss: 52.2745 | Epoch: 43
    Eq omega: 0.004921 + -0.09941theta + 0.00243omega + -0.01082theta^2 + -0.00108theta omega + -0.00352omega^2
    Eq omega Phys: -0.001663*omega**2 - 1.7e-5*omega*theta + 7.3e-5*omega - 6.0e-6*theta**2 - 0.000116*theta - 4.1e-5
    Diffusion: theta=1.058534e-02, omega=1.801957e-05

--- Chunk 2110 (131/220) | Start: 2024-08-22 10:05:00 ---
    RMSE omega (GP): 0.009376 | RMSE omega (Sim): 0.066760
    Loss: 10.9236 | Epoch: 1270
    Eq omega: 0.000741 + 0.00086theta + -0.00003omega + 0.00009theta^2 + -0.00499theta omega + -0.00153omega^2
    Eq omega Phys: -0.000895*omega**2 - 9.7e-5*omega*theta - 0.000848*omega + 2.0e-6*theta + 1.4e-5
    Diffusion: theta=1.434650e-03, omega=3.268895e-05

--- Chunk 2111 (132/220) | Start: 2024-08-22 10:10:00 ---
    RMSE omega (GP): 0.008300 | RMSE omega (Sim): 0.068263
    Loss: 6.0280 | Epoch: 738
    Eq omega: -0.001711 + -0.00286theta + 0.00188omega + 0.00063theta^2 + -0.00064theta omega + -0.00060omega^2
    Eq omega Phys: -0.000322*omega**2 - 1.1e-5*omega*theta + 2.8e-5*omega - 0.e-6*theta - 1.0e-5
    Diffusion: theta=2.891465e-04, omega=3.773871e-05

--- Chunk 2112 (133/220) | Start: 2024-08-22 10:15:00 ---
    RMSE omega (GP): 0.007617 | RMSE omega (Sim): 0.095380
    Loss: 3.4068 | Epoch: 1600
    Eq omega: -0.004461 + 0.00024theta + -0.00054omega + -0.00025theta^2 + -0.00006theta omega + -0.00224omega^2
    Eq omega Phys: -0.001111*omega**2 - 0.e-6*omega*theta - 2.7e-5*omega - 2.0e-6*theta - 1.8e-5
    Diffusion: theta=1.486891e-04, omega=3.062281e-05

--- Chunk 2113 (134/220) | Start: 2024-08-22 10:20:00 ---
    RMSE omega (GP): 0.008642 | RMSE omega (Sim): 0.097319
    Loss: 5.6888 | Epoch: 1552
    Eq omega: 0.000341 + 0.00321theta + -0.00294omega + 0.00109theta^2 + 0.00023theta omega + 0.00109omega^2
    Eq omega Phys: 0.000554*omega**2 + 4.0e-6*omega*theta - 8.5e-5*omega + 1.0e-6*theta**2 + 8.0e-6*theta + 1.9e-5
    Diffusion: theta=6.063032e-04, omega=2.992156e-05

--- Chunk 2114 (135/220) | Start: 2024-08-22 10:25:00 ---
    RMSE omega (GP): 0.007477 | RMSE omega (Sim): 0.092091
    Loss: 1.5143 | Epoch: 936
    Eq omega: -0.001251 + -0.00010theta + 0.00029omega + 0.00049theta^2 + 0.00045theta omega + -0.00099omega^2
    Eq omega Phys: -0.000396*omega**2 + 6.0e-6*omega*theta + 6.8e-5*omega + 4.0e-6*theta + 1.6e-5
    Diffusion: theta=1.014084e-03, omega=3.820837e-05

--- Chunk 2115 (136/220) | Start: 2024-08-22 10:30:00 ---
    RMSE omega (GP): 0.008549 | RMSE omega (Sim): 0.054267
    Loss: 10.9861 | Epoch: 854
    Eq omega: -0.002701 + 0.00223theta + -0.00408omega + 0.00010theta^2 + 0.00051theta omega + -0.00060omega^2
    Eq omega Phys: -0.000381*omega**2 + 1.1e-5*omega*theta - 6.2e-5*omega + 3.0e-6*theta + 1.5e-5
    Diffusion: theta=1.904933e-03, omega=2.370026e-05

--- Chunk 2116 (137/220) | Start: 2024-08-22 10:35:00 ---
    RMSE omega (GP): 0.007905 | RMSE omega (Sim): 0.071876
    Loss: 4.7724 | Epoch: 2374
    Eq omega: 0.001331 + 0.00047theta + 0.00145omega + -0.00050theta^2 + 0.00310theta omega + 0.00266omega^2
    Eq omega Phys: 0.00134*omega**2 + 5.2e-5*omega*theta + 0.000323*omega - 2.0e-6*theta - 2.0e-6
    Diffusion: theta=2.695942e-03, omega=1.865013e-05

--- Chunk 2117 (138/220) | Start: 2024-08-22 10:40:00 ---
    RMSE omega (GP): 0.009256 | RMSE omega (Sim): 0.075715
    Loss: 4.8261 | Epoch: 873
    Eq omega: 0.002371 + -0.00059theta + -0.00074omega + 0.00020theta^2 + 0.00082theta omega + -0.00265omega^2
    Eq omega Phys: -0.001208*omega**2 + 1.2e-5*omega*theta - 3.7e-5*omega - 0.e-6*theta + 7.0e-6
    Diffusion: theta=3.338056e-04, omega=3.854794e-05

--- Chunk 2118 (139/220) | Start: 2024-08-22 10:45:00 ---
    RMSE omega (GP): 0.008421 | RMSE omega (Sim): 0.095396
    Loss: 10.3661 | Epoch: 681
    Eq omega: 0.000501 + -0.00184theta + 0.00088omega + 0.00001theta^2 + 0.00076theta omega + 0.00018omega^2
    Eq omega Phys: 0.000116*omega**2 + 1.6e-5*omega*theta + 7.7e-5*omega - 2.0e-6*theta - 5.0e-6
    Diffusion: theta=8.277899e-04, omega=2.025339e-05

--- Chunk 2119 (140/220) | Start: 2024-08-22 10:50:00 ---
    RMSE omega (GP): 0.008908 | RMSE omega (Sim): 0.055426
    Loss: 10.9618 | Epoch: 1406
    Eq omega: 0.004601 + -2.46199theta + -0.04702omega + -0.01348theta^2 + 0.34836theta omega + 0.02267omega^2
    Eq omega Phys: 0.014017*omega**2 + 0.00718*omega*theta + 0.001414*omega - 9.0e-6*theta**2 - 0.002743*theta - 0.001129
    Diffusion: theta=4.584626e-04, omega=3.207494e-05

--- Chunk 2120 (141/220) | Start: 2024-08-22 10:55:00 ---
    RMSE omega (GP): 0.010067 | RMSE omega (Sim): 0.085541
    Loss: 9.0196 | Epoch: 1288
    Eq omega: -0.004561 + 0.00354theta + 0.00373omega + -0.00320theta^2 + 0.00004theta omega + 0.00104omega^2
    Eq omega Phys: 0.000526*omega**2 + 1.0e-6*omega*theta + 0.000121*omega - 2.0e-6*theta**2 + 2.2e-5*theta - 7.3e-5
    Diffusion: theta=1.670171e-04, omega=2.738992e-05

--- Chunk 2121 (142/220) | Start: 2024-08-22 11:00:00 ---
    RMSE omega (GP): 0.007374 | RMSE omega (Sim): 0.092153
    Loss: 2.8354 | Epoch: 2539
    Eq omega: 0.003951 + 0.00006theta + 0.00165omega + 0.00038theta^2 + -0.00110theta omega + 0.00219omega^2
    Eq omega Phys: 0.001059*omega**2 - 1.8e-5*omega*theta + 0.000261*omega - 5.0e-6*theta + 3.6e-5
    Diffusion: theta=9.661637e-04, omega=2.041058e-05

--- Chunk 2122 (143/220) | Start: 2024-08-22 11:05:00 ---
    RMSE omega (GP): 0.016501 | RMSE omega (Sim): 0.060925
    Loss: -44.8657 | Epoch: 446
    Eq omega: 0.003151 + 0.00010theta + -0.00260omega + 0.00012theta^2 + 0.00091theta omega + 0.00044omega^2
    Eq omega Phys: 0.000257*omega**2 + 1.8e-5*omega*theta - 0.000153*omega + 7.0e-6
    Diffusion: theta=3.501233e-02, omega=3.903131e-05

--- Chunk 2123 (144/220) | Start: 2024-08-22 11:10:00 ---
    RMSE omega (GP): 0.007620 | RMSE omega (Sim): 0.092064
    Loss: 9.3530 | Epoch: 1233
    Eq omega: 0.003991 + -0.77130theta + -0.01874omega + -0.01210theta^2 + 0.01731theta omega + -0.03609omega^2
    Eq omega Phys: -0.024614*omega**2 + 0.000394*omega*theta - 0.001579*omega - 9.0e-6*theta**2 - 0.000813*theta + 0.00203
    Diffusion: theta=3.539239e-04, omega=2.200880e-05

--- Chunk 2124 (145/220) | Start: 2024-08-22 11:15:00 ---
    RMSE omega (GP): nan | RMSE omega (Sim): nan
    Loss: 333.1633 | Epoch: 16
    Eq omega: nan1 + nantheta + nanomega + nantheta^2 + nantheta omega + nanomega^2
    Eq omega Phys: N/A
    Diffusion: theta=nan, omega=nan

--- Chunk 2125 (146/220) | Start: 2024-08-22 11:20:00 ---
    RMSE omega (GP): 0.037548 | RMSE omega (Sim): 0.092714
    Loss: 141.0714 | Epoch: 643
    Eq omega: 0.006301 + -0.08564theta + -0.00139omega + -0.00233theta^2 + -0.00393theta omega + 0.00366omega^2
    Eq omega Phys: 0.001682*omega**2 - 6.0e-5*omega*theta - 0.000512*omega - 1.0e-6*theta**2 - 0.000114*theta - 0.000792
    Diffusion: theta=1.104241e-01, omega=1.231409e-04

--- Chunk 2126 (147/220) | Start: 2024-08-22 11:25:00 ---
    RMSE omega (GP): 0.010134 | RMSE omega (Sim): 0.065080
    Loss: 11.4365 | Epoch: 1805
    Eq omega: 0.000981 + -0.00002theta + -0.00053omega + 0.00002theta^2 + 0.00020theta omega + 0.00062omega^2
    Eq omega Phys: 0.000333*omega**2 + 4.0e-6*omega*theta - 5.3e-5*omega + 3.0e-6
    Diffusion: theta=3.293907e-03, omega=2.086214e-05

--- Chunk 2127 (148/220) | Start: 2024-08-22 11:30:00 ---
    RMSE omega (GP): 0.008305 | RMSE omega (Sim): 0.069167
    Loss: 5.4285 | Epoch: 1274
    Eq omega: -0.000701 + 0.00168theta + 0.00186omega + 0.00015theta^2 + 0.00259theta omega + 0.00020omega^2
    Eq omega Phys: 0.000105*omega**2 + 4.5e-5*omega*theta - 4.7e-5*omega + 1.0e-6*theta - 5.0e-6
    Diffusion: theta=2.267321e-04, omega=4.197979e-05

--- Chunk 2128 (149/220) | Start: 2024-08-22 11:35:00 ---
    RMSE omega (GP): 0.011911 | RMSE omega (Sim): 0.148571
    Loss: 9.2243 | Epoch: 158
    Eq omega: -0.001051 + -0.00036theta + 0.00219omega + -0.00073theta^2 + 0.00001theta omega + 0.00013omega^2
    Eq omega Phys: 5.4e-5*omega**2 + 7.2e-5*omega + 3.0e-6*theta - 7.0e-6
    Diffusion: theta=2.331986e-03, omega=2.741676e-05

--- Chunk 2129 (150/220) | Start: 2024-08-22 11:40:00 ---
    RMSE omega (GP): 0.023895 | RMSE omega (Sim): 0.132089
    Loss: 101.0278 | Epoch: 710
    Eq omega: -0.000101 + -0.00001theta + 0.00148omega + 0.00009theta^2 + 0.00082theta omega + 0.00077omega^2
    Eq omega Phys: 0.000456*omega**2 + 1.6e-5*omega*theta - 0.000125*omega - 1.0e-6*theta + 7.0e-6
    Diffusion: theta=7.943367e-02, omega=1.102586e-04

  [Progress 150/220] Mean RMSE omega (GP): 0.011564 | (Sim): 0.078800 | Mean loss: -252557047891048167112704.0000 | Valid GP: 112/150 | Valid Sim: 112/150 | Elapsed: 50.9min | ETA: 23.8min

--- Chunk 2130 (151/220) | Start: 2024-08-22 11:45:00 ---
    RMSE omega (GP): nan | RMSE omega (Sim): nan
    Loss: 468.5667 | Epoch: 16
    Eq omega: nan1 + nantheta + nanomega + nantheta^2 + nantheta omega + nanomega^2
    Eq omega Phys: N/A
    Diffusion: theta=nan, omega=nan

--- Chunk 2131 (152/220) | Start: 2024-08-22 11:50:00 ---
    RMSE omega (GP): 0.008250 | RMSE omega (Sim): nan
    Loss: 5.0694 | Epoch: 1203
    Eq omega: -0.036601 + -2.02850theta + 0.02624omega + 1.36564theta^2 + 0.01523theta omega + -0.09672omega^2
    Eq omega Phys: -0.049522*omega**2 + 0.00026*omega*theta + 0.000351*omega + 0.000777*theta**2 - 0.005383*theta + 0.00761
    Diffusion: theta=8.359180e-04, omega=3.022988e-05

--- Chunk 2132 (153/220) | Start: 2024-08-22 11:55:00 ---
    RMSE omega (GP): 0.011394 | RMSE omega (Sim): 0.056642
    Loss: 17.8630 | Epoch: 1909
    Eq omega: 0.007891 + -0.00002theta + -0.00323omega + -0.00006theta^2 + 0.00032theta omega + -0.00206omega^2
    Eq omega Phys: -0.00121*omega**2 + 6.0e-6*omega*theta - 0.000152*omega + 1.0e-6*theta + 1.3e-5
    Diffusion: theta=3.940833e-04, omega=3.202953e-05

--- Chunk 2133 (154/220) | Start: 2024-08-22 12:00:00 ---
    RMSE omega (GP): 0.009170 | RMSE omega (Sim): 0.065744
    Loss: 0.1691 | Epoch: 1510
    Eq omega: 0.005831 + -0.36894theta + 0.00202omega + -0.00086theta^2 + -0.00116theta omega + 0.00071omega^2
    Eq omega Phys: 0.000247*omega**2 - 1.3e-5*omega*theta + 0.000157*omega - 0.000406*theta + 0.002724
    Diffusion: theta=1.455445e-03, omega=2.323978e-05

--- Chunk 2134 (155/220) | Start: 2024-08-22 12:05:00 ---
    RMSE omega (GP): 0.008741 | RMSE omega (Sim): 0.086377
    Loss: 4.7964 | Epoch: 1571
    Eq omega: 0.027321 + -0.43322theta + 0.00033omega + -0.01721theta^2 + -0.00523theta omega + -0.00091omega^2
    Eq omega Phys: -0.00043*omega**2 - 8.2e-5*omega*theta + 0.000305*omega - 9.0e-6*theta**2 - 0.000417*theta + 0.001669
    Diffusion: theta=nan, omega=nan

--- Chunk 2135 (156/220) | Start: 2024-08-22 12:10:00 ---
    RMSE omega (GP): 0.007623 | RMSE omega (Sim): 0.144578
    Loss: 5.0749 | Epoch: 1866
    Eq omega: 0.001001 + -0.00008theta + 0.00109omega + 0.00018theta^2 + -0.00006theta omega + 0.00049omega^2
    Eq omega Phys: 0.000265*omega**2 - 1.0e-6*omega*theta + 4.3e-5*omega - 1.0e-6*theta + 6.0e-6
    Diffusion: theta=5.708449e-04, omega=2.995522e-05

--- Chunk 2136 (157/220) | Start: 2024-08-22 12:15:00 ---
    RMSE omega (GP): 0.027902 | RMSE omega (Sim): 0.067097
    Loss: 139.2080 | Epoch: 520
    Eq omega: -0.001061 + -0.00043theta + 0.00468omega + 0.00004theta^2 + -0.00018theta omega + 0.00072omega^2
    Eq omega Phys: 0.000435*omega**2 - 4.0e-6*omega*theta + 0.000196*omega - 1.0e-6*theta + 7.0e-6
    Diffusion: theta=7.232293e-02, omega=8.833875e-05

--- Chunk 2137 (158/220) | Start: 2024-08-22 12:20:00 ---
    RMSE omega (GP): nan | RMSE omega (Sim): nan
    Loss: 50.0351 | Epoch: 57
    Eq omega: nan1 + nantheta + nanomega + nantheta^2 + nantheta omega + nanomega^2
    Eq omega Phys: N/A
    Diffusion: theta=nan, omega=nan

--- Chunk 2138 (159/220) | Start: 2024-08-22 12:25:00 ---
    RMSE omega (GP): 0.011269 | RMSE omega (Sim): 0.064045
    Loss: 18.6770 | Epoch: 1571
    Eq omega: 0.000511 + -0.00000theta + -0.00004omega + -0.00016theta^2 + 0.00026theta omega + 0.00021omega^2
    Eq omega Phys: 0.000128*omega**2 + 5.0e-6*omega*theta - 2.9e-5*omega + 1.0e-6*theta - 2.0e-6
    Diffusion: theta=1.183214e-03, omega=3.833869e-05

--- Chunk 2139 (160/220) | Start: 2024-08-22 12:30:00 ---
    RMSE omega (GP): 0.009897 | RMSE omega (Sim): 0.088725
    Loss: 7.6746 | Epoch: 1670
    Eq omega: 0.002651 + -0.00233theta + 0.00063omega + -0.00024theta^2 + 0.00188theta omega + -0.00203omega^2
    Eq omega Phys: -0.001007*omega**2 + 3.1e-5*omega*theta - 0.000221*omega - 0.e-6*theta + 1.8e-5
    Diffusion: theta=2.328965e-04, omega=2.524234e-05

--- Chunk 2140 (161/220) | Start: 2024-08-22 12:35:00 ---
    RMSE omega (GP): 0.008047 | RMSE omega (Sim): 0.104667
    Loss: 3.1154 | Epoch: 1273
    Eq omega: 0.000681 + -0.23382theta + 0.02214omega + 0.00152theta^2 + -0.00073theta omega + 0.00328omega^2
    Eq omega Phys: 0.001443*omega**2 - 1.1e-5*omega*theta + 0.000759*omega + 1.0e-6*theta**2 - 0.000263*theta + 0.000521
    Diffusion: theta=1.272709e-03, omega=5.578810e-05

--- Chunk 2141 (162/220) | Start: 2024-08-22 12:40:00 ---
    RMSE omega (GP): 0.045876 | RMSE omega (Sim): 0.123273
    Loss: 498.2526 | Epoch: 26
    Eq omega: 0.003711 + -0.00154theta + 0.00280omega + 0.00057theta^2 + 0.00009theta omega + 0.00071omega^2
    Eq omega Phys: 0.000359*omega**2 + 2.0e-6*omega*theta + 8.2e-5*omega - 6.0e-6*theta + 3.8e-5
    Diffusion: theta=nan, omega=nan

--- Chunk 2142 (163/220) | Start: 2024-08-22 12:45:00 ---
    RMSE omega (GP): 0.009947 | RMSE omega (Sim): 0.119893
    Loss: 3.3966 | Epoch: 1870
    Eq omega: 0.000441 + -0.00060theta + 0.00195omega + 0.00067theta^2 + -0.00076theta omega + -0.00103omega^2
    Eq omega Phys: -0.000395*omega**2 - 1.0e-5*omega*theta + 0.000199*omega - 9.0e-6*theta + 6.5e-5
    Diffusion: theta=2.153959e-04, omega=5.072585e-05

--- Chunk 2143 (164/220) | Start: 2024-08-22 12:50:00 ---
    RMSE omega (GP): 0.008884 | RMSE omega (Sim): 0.084833
    Loss: 6.2802 | Epoch: 1099
    Eq omega: -0.000741 + 0.00065theta + -0.00073omega + 0.00013theta^2 + 0.00192theta omega + 0.00177omega^2
    Eq omega Phys: 0.000899*omega**2 + 3.3e-5*omega*theta - 2.8e-5*omega + 1.0e-6*theta - 2.0e-6
    Diffusion: theta=1.533994e-04, omega=3.622638e-05

--- Chunk 2144 (165/220) | Start: 2024-08-22 12:55:00 ---
    RMSE omega (GP): nan | RMSE omega (Sim): nan
    Loss: 316.7484 | Epoch: 28
    Eq omega: nan1 + nantheta + nanomega + nantheta^2 + nantheta omega + nanomega^2
    Eq omega Phys: N/A
    Diffusion: theta=nan, omega=nan

--- Chunk 2145 (166/220) | Start: 2024-08-22 13:00:00 ---
    RMSE omega (GP): 0.018613 | RMSE omega (Sim): 0.087679
    Loss: 19.0956 | Epoch: 990
    Eq omega: -0.002101 + 0.00211theta + -0.00580omega + 0.02375theta^2 + -0.00318theta omega + -0.00442omega^2
    Eq omega Phys: -0.001626*omega**2 - 3.9e-5*omega*theta - 0.000525*omega + 1.0e-5*theta**2 + 0.000167*theta + 0.000714
    Diffusion: theta=9.312736e-03, omega=2.514671e-05

--- Chunk 2146 (167/220) | Start: 2024-08-22 13:05:00 ---
    RMSE omega (GP): 0.010462 | RMSE omega (Sim): 0.197249
    Loss: 0.3736 | Epoch: 2569
    Eq omega: -0.001031 + 0.00003theta + -0.00047omega + -0.00007theta^2 + 0.00039theta omega + 0.00014omega^2
    Eq omega Phys: 4.2e-5*omega**2 + 4.0e-6*omega*theta + 1.5e-5*omega - 5.0e-6
    Diffusion: theta=2.216121e-04, omega=3.715514e-05

--- Chunk 2147 (168/220) | Start: 2024-08-22 13:10:00 ---
    RMSE omega (GP): 0.011245 | RMSE omega (Sim): 0.095491
    Loss: 7.4054 | Epoch: 1989
    Eq omega: 0.000911 + 0.00052theta + -0.00027omega + -0.00016theta^2 + 0.00027theta omega + -0.00007omega^2
    Eq omega Phys: -2.9e-5*omega**2 + 4.0e-6*omega*theta + 9.5e-5*omega - 4.0e-6*theta - 3.9e-5
    Diffusion: theta=2.339164e-03, omega=4.211372e-05

--- Chunk 2148 (169/220) | Start: 2024-08-22 13:15:00 ---
    RMSE omega (GP): 0.010667 | RMSE omega (Sim): 0.125521
    Loss: 8.1892 | Epoch: 1251
    Eq omega: -0.009441 + -0.74424theta + -0.06853omega + 0.00026theta^2 + -0.00284theta omega + 0.04484omega^2
    Eq omega Phys: 0.020937*omega**2 - 4.4e-5*omega*theta - 0.002628*omega - 0.000825*theta - 0.006444
    Diffusion: theta=1.486709e-04, omega=3.860560e-05

--- Chunk 2149 (170/220) | Start: 2024-08-22 13:20:00 ---
    RMSE omega (GP): 0.040940 | RMSE omega (Sim): 0.090026
    Loss: 6.6271 | Epoch: 1027
    Eq omega: 0.004871 + -0.04954theta + -0.00156omega + 0.00087theta^2 + 0.01323theta omega + -0.01008omega^2
    Eq omega Phys: -0.003922*omega**2 + 0.000172*omega*theta + 0.002127*omega - 4.5e-5*theta - 0.000624
    Diffusion: theta=4.360874e-03, omega=1.283689e-05

--- Chunk 2150 (171/220) | Start: 2024-08-22 13:25:00 ---
    RMSE omega (GP): 0.013462 | RMSE omega (Sim): 0.085824
    Loss: 9.2620 | Epoch: 1901
    Eq omega: 0.013021 + -0.00287theta + 0.00088omega + -0.00068theta^2 + -0.00113theta omega + -0.00598omega^2
    Eq omega Phys: -0.002308*omega**2 - 1.5e-5*omega*theta - 1.1e-5*omega - 5.0e-6*theta + 2.6e-5
    Diffusion: theta=3.214205e-04, omega=5.455258e-05

--- Chunk 2151 (172/220) | Start: 2024-08-22 13:30:00 ---
    RMSE omega (GP): 0.011967 | RMSE omega (Sim): 0.090656
    Loss: 13.8771 | Epoch: 1678
    Eq omega: 0.002481 + 0.00159theta + -0.00596omega + 0.00363theta^2 + -0.00172theta omega + 0.00425omega^2
    Eq omega Phys: 0.002164*omega**2 - 2.9e-5*omega*theta - 0.000153*omega + 2.0e-6*theta**2 - 5.0e-6*theta + 8.0e-6
    Diffusion: theta=1.159869e-03, omega=3.879641e-05

--- Chunk 2152 (173/220) | Start: 2024-08-22 13:35:00 ---
    RMSE omega (GP): 0.008895 | RMSE omega (Sim): 0.084754
    Loss: 3.4186 | Epoch: 1926
    Eq omega: -0.008461 + -1.99132theta + -0.02372omega + 0.01840theta^2 + -0.00085theta omega + 0.03235omega^2
    Eq omega Phys: 0.013557*omega**2 - 1.2e-5*omega*theta - 0.000783*omega + 9.0e-6*theta**2 - 0.002223*theta + 0.001346
    Diffusion: theta=1.006569e-03, omega=2.900382e-05

--- Chunk 2153 (174/220) | Start: 2024-08-22 13:40:00 ---
    RMSE omega (GP): 0.009179 | RMSE omega (Sim): 0.063801
    Loss: 8.4151 | Epoch: 815
    Eq omega: -0.010281 + -0.18975theta + -0.01005omega + -0.00038theta^2 + 0.00133theta omega + -0.01112omega^2
    Eq omega Phys: -0.006021*omega**2 + 2.4e-5*omega*theta - 0.000234*omega - 0.000213*theta - 0.000912
    Diffusion: theta=5.276616e-04, omega=2.543432e-05

--- Chunk 2154 (175/220) | Start: 2024-08-22 13:45:00 ---
    RMSE omega (GP): 0.021494 | RMSE omega (Sim): 0.066964
    Loss: 51.6821 | Epoch: 748
    Eq omega: -0.000391 + -0.03000theta + -0.00448omega + -0.00031theta^2 + -0.00783theta omega + 0.00063omega^2
    Eq omega Phys: 0.000309*omega**2 - 0.000128*omega*theta + 0.001146*omega - 3.0e-5*theta + 0.000319
    Diffusion: theta=3.980865e-03, omega=1.712429e-05

--- Chunk 2155 (176/220) | Start: 2024-08-22 13:50:00 ---
    RMSE omega (GP): nan | RMSE omega (Sim): nan
    Loss: 426.9195 | Epoch: 210
    Eq omega: nan1 + nantheta + nanomega + nantheta^2 + nantheta omega + nanomega^2
    Eq omega Phys: N/A
    Diffusion: theta=nan, omega=nan

--- Chunk 2156 (177/220) | Start: 2024-08-22 13:55:00 ---
    RMSE omega (GP): 0.010452 | RMSE omega (Sim): 0.078489
    Loss: 7.5772 | Epoch: 2053
    Eq omega: 0.003271 + 0.00073theta + 0.00044omega + -0.00005theta^2 + -0.00061theta omega + -0.00206omega^2
    Eq omega Phys: -0.000925*omega**2 - 9.0e-6*omega*theta + 5.9e-5*omega + 1.0e-6*theta + 4.0e-6
    Diffusion: theta=1.368011e-03, omega=3.766984e-05

--- Chunk 2157 (178/220) | Start: 2024-08-22 14:00:00 ---
    RMSE omega (GP): 0.009946 | RMSE omega (Sim): 0.170970
    Loss: 1.5270 | Epoch: 1714
    Eq omega: -0.000821 + -0.00008theta + -0.00100omega + -0.00007theta^2 + -0.00081theta omega + -0.00076omega^2
    Eq omega Phys: -0.000256*omega**2 - 9.0e-6*omega*theta - 7.4e-5*omega - 4.0e-6
    Diffusion: theta=3.374154e-04, omega=4.739139e-05

--- Chunk 2158 (179/220) | Start: 2024-08-22 14:05:00 ---
    RMSE omega (GP): 0.008441 | RMSE omega (Sim): nan
    Loss: 2.2654 | Epoch: 1471
    Eq omega: 0.175351 + -0.51485theta + -0.02295omega + -0.35760theta^2 + 0.04851theta omega + 0.01999omega^2
    Eq omega Phys: 0.008301*omega**2 + 0.000672*omega*theta - 0.005237*omega - 0.000165*theta**2 + 0.001626*theta - 0.00304
    Diffusion: theta=1.971606e-04, omega=3.889255e-05

--- Chunk 2159 (180/220) | Start: 2024-08-22 14:10:00 ---
    RMSE omega (GP): 0.010830 | RMSE omega (Sim): 0.059694
    Loss: 14.3022 | Epoch: 1314
    Eq omega: 0.009941 + -1.62528theta + 0.00751omega + -0.01142theta^2 + -0.00677theta omega + -0.13605omega^2
    Eq omega Phys: -0.077664*omega**2 - 0.000129*omega*theta + 0.000148*omega - 7.0e-6*theta**2 - 0.001817*theta - 0.001413
    Diffusion: theta=6.600699e-04, omega=3.140045e-05

--- Chunk 2160 (181/220) | Start: 2024-08-22 14:15:00 ---
    RMSE omega (GP): 0.012240 | RMSE omega (Sim): 0.112942
    Loss: 12.8514 | Epoch: 965
    Eq omega: -0.000041 + -1.79862theta + 0.02104omega + 0.00157theta^2 + 0.07418theta omega + 0.00160omega^2
    Eq omega Phys: 0.000768*omega**2 + 0.001186*omega*theta - 0.000127*omega + 1.0e-6*theta**2 - 0.002*theta + 0.001395
    Diffusion: theta=1.286120e-03, omega=3.026972e-05

--- Chunk 2161 (182/220) | Start: 2024-08-22 14:20:00 ---
    RMSE omega (GP): 0.013400 | RMSE omega (Sim): 0.088284
    Loss: 8.5262 | Epoch: 1004
    Eq omega: -0.000881 + -0.00552theta + -0.01362omega + -0.00152theta^2 + -0.00177theta omega + 0.00179omega^2
    Eq omega Phys: 0.000677*omega**2 - 2.2e-5*omega*theta - 0.000434*omega - 0.e-6*theta**2 - 5.0e-6*theta + 2.0e-6
    Diffusion: theta=1.614904e-03, omega=6.773655e-05

--- Chunk 2162 (183/220) | Start: 2024-08-22 14:25:00 ---
    RMSE omega (GP): 0.009485 | RMSE omega (Sim): 0.144137
    Loss: 10.5017 | Epoch: 1542
    Eq omega: -0.001331 + -0.00257theta + 0.00181omega + -0.00049theta^2 + 0.00041theta omega + 0.00046omega^2
    Eq omega Phys: 0.000257*omega**2 + 8.0e-6*omega*theta + 1.8e-5*omega + 1.0e-6*theta + 4.0e-6
    Diffusion: theta=2.321753e-04, omega=4.617679e-05

--- Chunk 2163 (184/220) | Start: 2024-08-22 14:30:00 ---
    RMSE omega (GP): 0.012282 | RMSE omega (Sim): 0.125187
    Loss: 7.2061 | Epoch: 2050
    Eq omega: -0.005301 + 0.00055theta + 0.00141omega + 0.00018theta^2 + -0.00030theta omega + -0.00281omega^2
    Eq omega Phys: -0.001085*omega**2 - 4.0e-6*omega*theta + 0.000106*omega - 2.0e-6*theta - 6.0e-6
    Diffusion: theta=5.705768e-04, omega=3.045155e-05

--- Chunk 2164 (185/220) | Start: 2024-08-22 14:35:00 ---
    RMSE omega (GP): 0.011603 | RMSE omega (Sim): 0.068576
    Loss: 9.0291 | Epoch: 886
    Eq omega: -0.011651 + -0.03036theta + 0.01402omega + 0.65923theta^2 + -0.02110theta omega + -0.00542omega^2
    Eq omega Phys: -0.002467*omega**2 - 0.00032*omega*theta - 0.000511*omega + 0.000333*theta**2 + 0.002004*theta + 0.002982
    Diffusion: theta=8.823415e-04, omega=2.836244e-05

--- Chunk 2165 (186/220) | Start: 2024-08-22 14:40:00 ---
    RMSE omega (GP): 0.011151 | RMSE omega (Sim): 0.128846
    Loss: 5.1637 | Epoch: 1258
    Eq omega: 0.003491 + -0.00003theta + 0.00275omega + -0.00020theta^2 + -0.00092theta omega + -0.00221omega^2
    Eq omega Phys: -0.00087*omega**2 - 1.2e-5*omega*theta + 0.000202*omega + 2.0e-6*theta + 3.0e-6
    Diffusion: theta=1.475700e-03, omega=3.188304e-05

--- Chunk 2166 (187/220) | Start: 2024-08-22 14:45:00 ---
    RMSE omega (GP): nan | RMSE omega (Sim): nan
    Loss: 310.7686 | Epoch: 19
    Eq omega: nan1 + nantheta + nanomega + nantheta^2 + nantheta omega + nanomega^2
    Eq omega Phys: N/A
    Diffusion: theta=nan, omega=nan

--- Chunk 2167 (188/220) | Start: 2024-08-22 14:50:00 ---
    RMSE omega (GP): 0.032430 | RMSE omega (Sim): 0.089699
    Loss: 583.9893 | Epoch: 44
    Eq omega: 0.005601 + 0.00001theta + 0.00615omega + 0.00010theta^2 + -0.00021theta omega + 0.00065omega^2
    Eq omega Phys: 0.000514*omega**2 - 6.0e-6*omega*theta + 0.000294*omega - 3.0e-6*theta + 3.0e-5
    Diffusion: theta=nan, omega=nan

--- Chunk 2168 (189/220) | Start: 2024-08-22 14:55:00 ---
    RMSE omega (GP): nan | RMSE omega (Sim): nan
    Loss: 30290.1836 | Epoch: 16
    Eq omega: nan1 + nantheta + nanomega + nantheta^2 + nantheta omega + nanomega^2
    Eq omega Phys: N/A
    Diffusion: theta=nan, omega=nan

--- Chunk 2169 (190/220) | Start: 2024-08-22 15:00:00 ---
/pfs/data6/home/ka/ka_iai/ka_bj2362/dsr/svise/run_analysis_5min_all_chunks_combo38.py:212: ODEintWarning: Excess work done on this call (perhaps wrong Dfun type). Run with full_output = 1 to get quantitative information.
  sol_scaled = odeint(drift, x0_scaled, t_scaled, full_output=False)
    RMSE omega (GP): 0.051908 | RMSE omega (Sim): nan
    Loss: 282.1654 | Epoch: 87
    Eq omega: 0.076141 + 0.00716theta + 0.08374omega + 0.00334theta^2 + 0.00398theta omega + 0.03250omega^2
    Eq omega Phys: 0.01395*omega**2 + 5.7e-5*omega*theta + 0.002491*omega + 2.0e-6*theta**2 - 9.0e-6*theta + 0.000199
    Diffusion: theta=nan, omega=nan

--- Chunk 2170 (191/220) | Start: 2024-08-22 15:05:00 ---
    RMSE omega (GP): 0.037027 | RMSE omega (Sim): 0.051228
    Loss: 890.3639 | Epoch: 48
    Eq omega: -0.004141 + 0.00003theta + -0.00316omega + -0.00008theta^2 + -0.00000theta omega + -0.00057omega^2
    Eq omega Phys: -0.000421*omega**2 - 0.000105*omega + 3.0e-6*theta - 4.9e-5
    Diffusion: theta=nan, omega=nan

--- Chunk 2171 (192/220) | Start: 2024-08-22 15:10:00 ---
    RMSE omega (GP): nan | RMSE omega (Sim): nan
    Loss: 100.0574 | Epoch: 64
    Eq omega: nan1 + nantheta + nanomega + nantheta^2 + nantheta omega + nanomega^2
    Eq omega Phys: N/A
    Diffusion: theta=nan, omega=nan

--- Chunk 2172 (193/220) | Start: 2024-08-22 15:15:00 ---
    RMSE omega (GP): 0.011787 | RMSE omega (Sim): 0.109557
    Loss: 4.5421 | Epoch: 1277
    Eq omega: -0.001911 + -1.08015theta + -0.00144omega + 0.00255theta^2 + -0.02724theta omega + -0.00575omega^2
    Eq omega Phys: -0.002054*omega**2 - 0.000324*omega*theta - 0.000464*omega + 1.0e-6*theta**2 - 0.001198*theta - 0.001544
    Diffusion: theta=4.106300e-04, omega=4.536591e-05

--- Chunk 2173 (194/220) | Start: 2024-08-22 15:20:00 ---
    RMSE omega (GP): nan | RMSE omega (Sim): nan
    Loss: 238.8835 | Epoch: 37
    Eq omega: nan1 + nantheta + nanomega + nantheta^2 + nantheta omega + nanomega^2
    Eq omega Phys: N/A
    Diffusion: theta=nan, omega=nan

--- Chunk 2174 (195/220) | Start: 2024-08-22 15:25:00 ---
    RMSE omega (GP): 0.012491 | RMSE omega (Sim): 0.071889
    Loss: 22.9775 | Epoch: 2288
    Eq omega: 0.012491 + -0.00010theta + 0.00299omega + -0.00006theta^2 + 0.00015theta omega + 0.00007omega^2
    Eq omega Phys: 4.2e-5*omega**2 + 3.0e-6*omega*theta + 0.000151*omega - 1.0e-6*theta + 1.0e-5
    Diffusion: theta=2.298830e-04, omega=3.320285e-05

--- Chunk 2175 (196/220) | Start: 2024-08-22 15:30:00 ---
    RMSE omega (GP): nan | RMSE omega (Sim): nan
    Loss: 7211.8066 | Epoch: 16
    Eq omega: nan1 + nantheta + nanomega + nantheta^2 + nantheta omega + nanomega^2
    Eq omega Phys: N/A
    Diffusion: theta=nan, omega=nan

--- Chunk 2176 (197/220) | Start: 2024-08-22 15:35:00 ---
    RMSE omega (GP): 0.014065 | RMSE omega (Sim): 0.053198
    Loss: 38.5137 | Epoch: 1416
    Eq omega: -0.002621 + -0.00012theta + 0.00087omega + -0.00002theta^2 + 0.00006theta omega + 0.00136omega^2
    Eq omega Phys: 0.000857*omega**2 + 1.0e-6*omega*theta + 4.8e-5*omega - 0.e-6*theta - 1.0e-5
    Diffusion: theta=nan, omega=nan

--- Chunk 2177 (198/220) | Start: 2024-08-22 15:40:00 ---
    RMSE omega (GP): 0.036206 | RMSE omega (Sim): 0.040452
    Loss: 61.6455 | Epoch: 509
    Eq omega: 0.292741 + -0.00296theta + -0.02905omega + -0.00158theta^2 + 0.00043theta omega + 0.00053omega^2
    Eq omega Phys: 0.000169*omega**2 + 5.0e-6*omega*theta - 0.000895*omega - 0.e-6*theta**2 - 2.1e-5*theta + 0.000826
    Diffusion: theta=nan, omega=nan

--- Chunk 2178 (199/220) | Start: 2024-08-22 15:45:00 ---
    RMSE omega (GP): 0.012519 | RMSE omega (Sim): 0.071964
    Loss: 17.7820 | Epoch: 801
    Eq omega: -0.008801 + -1.33985theta + 0.01010omega + -0.04059theta^2 + 0.02529theta omega + -0.01242omega^2
    Eq omega Phys: -0.006661*omega**2 + 0.000452*omega*theta + 0.000487*omega - 2.4e-5*theta**2 - 0.001505*theta - 0.000517
    Diffusion: theta=3.216190e-04, omega=4.115563e-05

--- Chunk 2179 (200/220) | Start: 2024-08-22 15:50:00 ---
    RMSE omega (GP): 0.009708 | RMSE omega (Sim): 0.102608
    Loss: 6.2460 | Epoch: 2739
    Eq omega: 0.001061 + -0.00019theta + -0.00329omega + -0.00010theta^2 + 0.00091theta omega + 0.00615omega^2
    Eq omega Phys: 0.002854*omega**2 + 1.4e-5*omega*theta - 7.5e-5*omega + 2.0e-6
    Diffusion: theta=3.864188e-04, omega=2.826450e-05

  [Progress 200/220] Mean RMSE omega (GP): 0.012726 | (Sim): 0.082581 | Mean loss: -189417785918286108557312.0000 | Valid GP: 153/200 | Valid Sim: 150/200 | Elapsed: 69.4min | ETA: 6.9min

--- Chunk 2180 (201/220) | Start: 2024-08-22 15:55:00 ---
    RMSE omega (GP): 0.010562 | RMSE omega (Sim): 0.121179
    Loss: 2.6831 | Epoch: 797
    Eq omega: -0.010191 + -0.00541theta + 0.00154omega + 0.00235theta^2 + -0.00145theta omega + -0.00675omega^2
    Eq omega Phys: -0.002317*omega**2 - 1.7e-5*omega*theta - 1.3e-5*omega + 1.0e-6*theta**2 + 1.0e-6*theta - 4.3e-5
    Diffusion: theta=1.335945e-03, omega=3.900374e-05

--- Chunk 2181 (202/220) | Start: 2024-08-22 16:00:00 ---
    RMSE omega (GP): 0.012922 | RMSE omega (Sim): 0.129360
    Loss: 3.4970 | Epoch: 1954
    Eq omega: -0.002471 + -0.16006theta + -0.07297omega + -0.00495theta^2 + 0.00278theta omega + -0.00457omega^2
    Eq omega Phys: -0.001469*omega**2 + 3.0e-5*omega*theta - 0.002809*omega - 2.0e-6*theta**2 - 0.000133*theta + 0.001958
    Diffusion: theta=1.611037e-03, omega=3.202969e-05

--- Chunk 2182 (203/220) | Start: 2024-08-22 16:05:00 ---
    RMSE omega (GP): 0.010493 | RMSE omega (Sim): 0.123895
    Loss: 1.5624 | Epoch: 1988
    Eq omega: 0.001971 + -0.00149theta + -0.00108omega + -0.00003theta^2 + -0.00078theta omega + 0.00338omega^2
    Eq omega Phys: 0.001049*omega**2 - 8.0e-6*omega*theta + 8.5e-5*omega - 1.0e-6*theta + 3.0e-5
    Diffusion: theta=1.728250e-03, omega=3.583573e-05

--- Chunk 2183 (204/220) | Start: 2024-08-22 16:10:00 ---
    RMSE omega (GP): nan | RMSE omega (Sim): nan
    Loss: 24.5932 | Epoch: 67
    Eq omega: nan1 + nantheta + nanomega + nantheta^2 + nantheta omega + nanomega^2
    Eq omega Phys: N/A
    Diffusion: theta=nan, omega=nan

--- Chunk 2184 (205/220) | Start: 2024-08-22 16:15:00 ---
    RMSE omega (GP): nan | RMSE omega (Sim): nan
    Loss: 6067.9365 | Epoch: 18
    Eq omega: nan1 + nantheta + nanomega + nantheta^2 + nantheta omega + nanomega^2
    Eq omega Phys: N/A
    Diffusion: theta=nan, omega=nan

--- Chunk 2185 (206/220) | Start: 2024-08-22 16:20:00 ---
    RMSE omega (GP): 0.025035 | RMSE omega (Sim): 0.103455
    Loss: 32.8724 | Epoch: 148
    Eq omega: -0.003651 + -0.00894theta + -0.00280omega + -0.00010theta^2 + -0.00115theta omega + 0.00041omega^2
    Eq omega Phys: 0.00014*omega**2 - 1.3e-5*omega*theta - 3.7e-5*omega - 1.0e-5*theta + 3.0e-5
    Diffusion: theta=nan, omega=nan

--- Chunk 2186 (207/220) | Start: 2024-08-22 16:25:00 ---
    RMSE omega (GP): nan | RMSE omega (Sim): nan
    Loss: 77.0885 | Epoch: 88
    Eq omega: nan1 + nantheta + nanomega + nantheta^2 + nantheta omega + nanomega^2
    Eq omega Phys: N/A
    Diffusion: theta=nan, omega=nan

--- Chunk 2187 (208/220) | Start: 2024-08-22 16:30:00 ---
    RMSE omega (GP): 0.017883 | RMSE omega (Sim): 0.096363
    Loss: 15.6954 | Epoch: 657
    Eq omega: 0.000391 + -0.00034theta + 0.00347omega + -0.00019theta^2 + 0.00043theta omega + 0.00079omega^2
    Eq omega Phys: 0.000286*omega**2 + 5.0e-6*omega*theta + 9.1e-5*omega + 1.0e-6
    Diffusion: theta=1.352502e-01, omega=1.568300e-04

--- Chunk 2188 (209/220) | Start: 2024-08-22 16:35:00 ---
    RMSE omega (GP): nan | RMSE omega (Sim): nan
    Loss: 176.8733 | Epoch: 17
    Eq omega: nan1 + nantheta + nanomega + nantheta^2 + nantheta omega + nanomega^2
    Eq omega Phys: N/A
    Diffusion: theta=nan, omega=nan

--- Chunk 2189 (210/220) | Start: 2024-08-22 16:40:00 ---
    RMSE omega (GP): 0.024044 | RMSE omega (Sim): 0.066512
    Loss: 72.4147 | Epoch: 403
    Eq omega: 0.000531 + -0.00022theta + -0.00042omega + 0.00087theta^2 + 0.00010theta omega + 0.00015omega^2
    Eq omega Phys: 8.5e-5*omega**2 + 2.0e-6*omega*theta - 2.9e-5*omega + 1.0e-6*theta**2 - 9.0e-6*theta + 3.6e-5
    Diffusion: theta=9.348946e-01, omega=1.047612e-03

--- Chunk 2190 (211/220) | Start: 2024-08-22 16:45:00 ---
    RMSE omega (GP): 0.010149 | RMSE omega (Sim): 0.131942
    Loss: 2.1086 | Epoch: 2560
    Eq omega: -0.001641 + 0.00028theta + 0.00036omega + -0.00118theta^2 + 0.00101theta omega + -0.00098omega^2
    Eq omega Phys: -0.00034*omega**2 + 1.2e-5*omega*theta - 0.00015*omega + 1.3e-5*theta - 9.7e-5
    Diffusion: theta=9.984456e-04, omega=2.526988e-05

--- Chunk 2191 (212/220) | Start: 2024-08-22 16:50:00 ---
    RMSE omega (GP): 0.010755 | RMSE omega (Sim): 0.078432
    Loss: 7.5248 | Epoch: 2423
    Eq omega: -0.001411 + -0.17858theta + -0.01056omega + 0.00059theta^2 + 0.00056theta omega + -0.00177omega^2
    Eq omega Phys: -0.000781*omega**2 + 8.0e-6*omega*theta - 0.000496*omega - 0.000209*theta + 0.003558
    Diffusion: theta=3.733819e-04, omega=3.457849e-05

--- Chunk 2192 (213/220) | Start: 2024-08-22 16:55:00 ---
    RMSE omega (GP): 0.011003 | RMSE omega (Sim): 0.071720
    Loss: 17.6195 | Epoch: 1273
    Eq omega: -0.002381 + 0.00534theta + -0.00063omega + 0.00117theta^2 + 0.00135theta omega + 0.00023omega^2
    Eq omega Phys: 0.000139*omega**2 + 2.7e-5*omega*theta - 3.9e-5*omega + 1.0e-6*theta**2 + 5.0e-6*theta - 8.0e-6
    Diffusion: theta=7.083683e-04, omega=2.717346e-05

--- Chunk 2193 (214/220) | Start: 2024-08-22 17:00:00 ---
    RMSE omega (GP): 0.010760 | RMSE omega (Sim): 0.065717
    Loss: 19.4548 | Epoch: 841
    Eq omega: -0.003531 + 0.00321theta + -0.01480omega + 0.00134theta^2 + -0.00069theta omega + 0.00020omega^2
    Eq omega Phys: 0.000129*omega**2 - 1.5e-5*omega*theta - 0.000399*omega + 1.0e-6*theta**2 - 9.0e-6*theta + 1.0e-5
    Diffusion: theta=8.271032e-04, omega=2.493910e-05

--- Chunk 2194 (215/220) | Start: 2024-08-22 17:05:00 ---
    RMSE omega (GP): nan | RMSE omega (Sim): nan
    Loss: 160.0587 | Epoch: 22
    Eq omega: nan1 + nantheta + nanomega + nantheta^2 + nantheta omega + nanomega^2
    Eq omega Phys: N/A
    Diffusion: theta=nan, omega=nan

--- Chunk 2195 (216/220) | Start: 2024-08-22 17:10:00 ---
    RMSE omega (GP): 0.008295 | RMSE omega (Sim): 0.093507
    Loss: 2.0354 | Epoch: 1165
    Eq omega: -0.001981 + -0.00109theta + 0.00436omega + -0.00033theta^2 + -0.00055theta omega + 0.00061omega^2
    Eq omega Phys: 0.000254*omega**2 - 8.0e-6*omega*theta + 0.000189*omega + 1.0e-6*theta - 3.0e-6
    Diffusion: theta=3.236131e-04, omega=2.318513e-05

--- Chunk 2196 (217/220) | Start: 2024-08-22 17:15:00 ---
    RMSE omega (GP): 0.010780 | RMSE omega (Sim): 0.029301
    Loss: 100.9461 | Epoch: 5272
    Eq omega: 0.002151 + -0.00005theta + -0.00056omega + -0.00000theta^2 + 0.00001theta omega + -0.00000omega^2
    Eq omega Phys: 3.0e-6 - 3.1e-5*omega
    Diffusion: theta=5.133282e-04, omega=3.503122e-06

--- Chunk 2197 (218/220) | Start: 2024-08-22 17:20:00 ---
    RMSE omega (GP): nan | RMSE omega (Sim): nan
    Loss: 2114.5488 | Epoch: 40
    Eq omega: nan1 + nantheta + nanomega + nantheta^2 + nantheta omega + nanomega^2
    Eq omega Phys: N/A
    Diffusion: theta=nan, omega=nan

--- Chunk 2198 (219/220) | Start: 2024-08-22 17:25:00 ---
    RMSE omega (GP): nan | RMSE omega (Sim): nan
    Loss: 2369.3477 | Epoch: 18
    Eq omega: nan1 + nantheta + nanomega + nantheta^2 + nantheta omega + nanomega^2
    Eq omega Phys: N/A
    Diffusion: theta=nan, omega=nan

--- Chunk 2199 (220/220) | Start: 2024-08-22 17:30:00 ---
    RMSE omega (GP): 0.011418 | RMSE omega (Sim): 0.145113
    Loss: 0.2710 | Epoch: 2390
    Eq omega: 0.003741 + -0.00038theta + -0.00017omega + -0.00015theta^2 + -0.00148theta omega + -0.00011omega^2
    Eq omega Phys: -2.8e-5*omega**2 - 1.3e-5*omega*theta + 7.9e-5*omega + 1.7e-5
    Diffusion: theta=3.072770e-04, omega=3.629650e-05

  [Progress 220/220] Mean RMSE omega (GP): 0.012778 | (Sim): 0.083703 | Mean loss: -172197987198441938223104.0000 | Valid GP: 166/220 | Valid Sim: 163/220 | Elapsed: 76.8min | ETA: 0.0min

============================================================
EVALUATION COMPLETE — Chunks [1980, 2199]
============================================================
Chunks processed: 220
Chunks succeeded GP:  166 (75.5%)
Chunks succeeded Sim: 163 (74.1%)
Mean GP RMSE omega:   0.012778 ± 0.007875
Mean SIM RMSE omega:  0.083703 ± 0.046878
Mean Loss:            -172197987198441938223104.0000 ± 2548297499929639456342016.0000
Elapsed time:     76.8 minutes

Per-chunk CSV: /pfs/data6/home/ka/ka_iai/ka_bj2362/dsr/svise/results_5min_all_chunks/run_SLURM_3733209_combo38/chunks_01980_to_02199_20260323_023844.csv
Summary JSON:  /pfs/data6/home/ka/ka_iai/ka_bj2362/dsr/svise/results_5min_all_chunks/run_SLURM_3733209_combo38/summary_01980_to_02199_20260323_023844.json
============================================================

============================= JOB FEEDBACK =============================

NodeName=uc3n017
Job ID: 3733220
Array Job ID: 3733209_9
Cluster: uc3
User/Group: ka_bj2362/ka_iai
State: COMPLETED (exit code 0)
Nodes: 1
Cores per node: 4
CPU Utilized: 01:16:19
CPU Efficiency: 24.71% of 05:08:48 core-walltime
Job Wall-clock time: 01:17:12
Memory Utilized: 2.42 GB
Memory Efficiency: 20.15% of 12.00 GB (12.00 GB/node)
