Array task 0: processing chunks 0 to 219
Loading data from /pfs/data6/home/ka/ka_iai/ka_bj2362/dsr/svise/../dataset/South_Korea_2024-08-15_2025-08-31_1s.parquet...
Finding all valid 5-minute chunks in the dataset...
Found 107059 valid 5-minute chunks in total.

============================================================
SVISE FINAL EVALUATION — ALL CHUNKS
============================================================
Hyperparameters: {
  "model": "integrator",
  "sigma": 0,
  "degree": 2,
  "tau": 1e-05,
  "lr": 0.1,
  "n_tau": 50,
  "measurement_noise": 0.001,
  "n_reparam_samples": 15
}
Total valid chunks in dataset: 107059
Processing chunk range: [0, 219] (220 chunks)
Early stopping: patience=300, max_epochs=10000
============================================================


--- Chunk 0 (1/220) | Start: 2024-08-15 00:00:00 ---
/pfs/data6/home/ka/ka_iai/ka_bj2362/dsr/svise/svise/sde_learning/_marginal_sde.py:284: UserWarning: torch.triangular_solve is deprecated in favor of torch.linalg.solve_triangularand will be removed in a future PyTorch release.
torch.linalg.solve_triangular has its arguments reversed and does not return a copy of one of the inputs.
X = torch.triangular_solve(B, A).solution
should be replaced with
X = torch.linalg.solve_triangular(A, B). (Triggered internally at ../aten/src/ATen/native/BatchLinearAlgebra.cpp:2192.)
  return torch.triangular_solve(self.raw_w, self.C.t()).solution
/pfs/data6/home/ka/ka_iai/ka_bj2362/dsr/svise/svise/quadrature/_unbiased_quadrature.py:196: UserWarning: Interp is nan, reducing interp degree.
  warnings.warn("Interp is nan, reducing interp degree.")
    RMSE omega (GP): 0.012203 | RMSE omega (Sim): 0.213725
    Loss: 0.2751 | Epoch: 1676
    Eq omega: -0.002681 + -0.00393theta + 0.00364omega + -0.00054theta^2 + 0.00018theta omega + 0.00053omega^2
    Eq omega Phys: 0.000132*omega**2 + 1.0e-6*omega*theta + 0.000117*omega - 3.0e-6*theta

--- Chunk 1 (2/220) | Start: 2024-08-15 00:25:00 ---
/pfs/data6/home/ka/ka_iai/ka_bj2362/dsr/svise/svise/quadrature/_unbiased_quadrature.py:174: UserWarning: NaN detected in fxq (quadrature node evaluations). Clamping to 0.
  warnings.warn("NaN detected in fxq (quadrature node evaluations). Clamping to 0.")
/pfs/data6/home/ka/ka_iai/ka_bj2362/dsr/svise/svise/quadrature/_unbiased_quadrature.py:177: UserWarning: NaN detected in fmc (Monte-Carlo node evaluations). Clamping to 0.
  warnings.warn("NaN detected in fmc (Monte-Carlo node evaluations). Clamping to 0.")
    RMSE omega (GP): 0.011871 | RMSE omega (Sim): 0.127479
    Loss: 7.2061 | Epoch: 1297
    Eq omega: 0.002441 + -0.43081theta + 0.00357omega + 0.00697theta^2 + -0.00850theta omega + 0.01385omega^2
    Eq omega Phys: 0.005521*omega**2 - 0.000113*omega*theta + 0.000432*omega + 3.0e-6*theta**2 - 0.000496*theta + 0.001359

--- Chunk 2 (3/220) | Start: 2024-08-15 00:45:00 ---
    RMSE omega (GP): 0.009970 | RMSE omega (Sim): 0.077844
    Loss: 6.3195 | Epoch: 1475
    Eq omega: -0.004111 + -0.14618theta + -0.00293omega + -0.00010theta^2 + 0.00138theta omega + 0.00089omega^2
    Eq omega Phys: 0.000403*omega**2 + 2.1e-5*omega*theta + 9.9e-5*omega - 0.000163*theta - 0.00155

--- Chunk 3 (4/220) | Start: 2024-08-15 00:50:00 ---
    RMSE omega (GP): 0.012050 | RMSE omega (Sim): 0.069065
    Loss: 15.8025 | Epoch: 1822
    Eq omega: -0.306821 + -4.16574theta + -0.02083omega + 2.78243theta^2 + 0.04425theta omega + -0.05668omega^2
    Eq omega Phys: -0.030432*omega**2 + 0.000792*omega*theta - 0.000664*omega + 0.00166*theta**2 - 0.004499*theta - 0.000812

--- Chunk 4 (5/220) | Start: 2024-08-15 00:55:00 ---
    RMSE omega (GP): 0.008300 | RMSE omega (Sim): 0.076758
    Loss: 3.1097 | Epoch: 1877
    Eq omega: 0.003451 + -0.15395theta + 0.01517omega + -0.02560theta^2 + 0.00468theta omega + -0.00363omega^2
    Eq omega Phys: -0.001649*omega**2 + 7.1e-5*omega*theta - 0.000284*omega - 1.3e-5*theta**2 + 0.000117*theta + 0.000309

--- Chunk 5 (6/220) | Start: 2024-08-15 01:00:00 ---
    RMSE omega (GP): 0.037708 | RMSE omega (Sim): 0.120966
    Loss: 79.5876 | Epoch: 94
    Eq omega: -0.001301 + -0.03977theta + 0.00039omega + 0.02032theta^2 + -0.00009theta omega + 0.00257omega^2
    Eq omega Phys: 0.000909*omega**2 - 1.0e-6*omega*theta + 9.0e-6*omega + 8.0e-6*theta**2 + 2.4e-5*theta - 4.8e-5

--- Chunk 6 (7/220) | Start: 2024-08-15 01:05:00 ---
    RMSE omega (GP): 0.037792 | RMSE omega (Sim): 0.139564
    Loss: 371.2185 | Epoch: 197
    Eq omega: -0.001481 + 0.00006theta + 0.00669omega + 0.00003theta^2 + 0.00024theta omega + -0.00686omega^2
    Eq omega Phys: -0.004823*omega**2 + 6.0e-6*omega*theta + 0.000309*omega + 1.0e-6*theta + 4.0e-6

--- Chunk 7 (8/220) | Start: 2024-08-15 01:10:00 ---
    RMSE omega (GP): 0.059501 | RMSE omega (Sim): 0.099964
    Loss: 309.6675 | Epoch: 64
    Eq omega: 0.001441 + 0.00013theta + 0.00009omega + -0.00043theta^2 + 0.00039theta omega + -0.00004omega^2
    Eq omega Phys: -1.6e-5*omega**2 + 5.0e-6*omega*theta + 9.3e-5*omega - 6.0e-6*theta - 5.1e-5

--- Chunk 8 (9/220) | Start: 2024-08-15 01:15:00 ---
    RMSE omega (GP): nan | RMSE omega (Sim): nan
    Loss: 24866.2852 | Epoch: 15
    Eq omega: nan1 + nantheta + nanomega + nantheta^2 + nantheta omega + nanomega^2
    Eq omega Phys: N/A

--- Chunk 9 (10/220) | Start: 2024-08-15 01:20:00 ---
    RMSE omega (GP): 0.011465 | RMSE omega (Sim): 0.154511
    Loss: 3.7825 | Epoch: 944
    Eq omega: -0.001191 + 0.00397theta + 0.00933omega + 0.00212theta^2 + 0.00314theta omega + -0.00135omega^2
    Eq omega Phys: -0.0005*omega**2 + 3.9e-5*omega*theta + 0.000612*omega + 1.0e-6*theta**2 + 1.8e-5*theta + 8.3e-5

--- Chunk 10 (11/220) | Start: 2024-08-15 01:25:00 ---
    RMSE omega (GP): 0.008944 | RMSE omega (Sim): 0.074754
    Loss: 7.3020 | Epoch: 1278
    Eq omega: 0.000631 + -0.00007theta + -0.00178omega + 0.00039theta^2 + -0.00029theta omega + 0.00044omega^2
    Eq omega Phys: 0.000234*omega**2 - 5.0e-6*omega*theta - 7.0e-6*omega - 5.0e-6*theta + 2.6e-5

--- Chunk 11 (12/220) | Start: 2024-08-15 01:30:00 ---
    RMSE omega (GP): nan | RMSE omega (Sim): nan
    Loss: 5652.8647 | Epoch: 19
    Eq omega: nan1 + nantheta + nanomega + nantheta^2 + nantheta omega + nanomega^2
    Eq omega Phys: N/A

--- Chunk 12 (13/220) | Start: 2024-08-15 01:35:00 ---
    RMSE omega (GP): 0.015133 | RMSE omega (Sim): 0.154630
    Loss: -5.8030 | Epoch: 423
    Eq omega: 0.003791 + 0.00128theta + 0.00344omega + -0.00004theta^2 + -0.00034theta omega + 0.00061omega^2
    Eq omega Phys: 0.000306*omega**2 - 6.0e-6*omega*theta + 6.9e-5*omega + 1.0e-6*theta + 1.8e-5

--- Chunk 13 (14/220) | Start: 2024-08-15 01:40:00 ---
    RMSE omega (GP): nan | RMSE omega (Sim): nan
    Loss: 10512.2871 | Epoch: 16
    Eq omega: nan1 + nantheta + nanomega + nantheta^2 + nantheta omega + nanomega^2
    Eq omega Phys: N/A

--- Chunk 14 (15/220) | Start: 2024-08-15 01:45:00 ---
    RMSE omega (GP): 0.012568 | RMSE omega (Sim): 0.109469
    Loss: 7.0220 | Epoch: 1513
    Eq omega: 0.002331 + -0.00043theta + -0.00307omega + -0.00006theta^2 + -0.00021theta omega + -0.00006omega^2
    Eq omega Phys: -2.1e-5*omega**2 - 2.0e-6*omega*theta - 0.00015*omega - 1.0e-6*theta - 1.0e-5

--- Chunk 15 (16/220) | Start: 2024-08-15 01:50:00 ---
    RMSE omega (GP): 0.009537 | RMSE omega (Sim): 0.100371
    Loss: 1.7042 | Epoch: 872
    Eq omega: 0.009111 + -1.28785theta + 0.01874omega + 0.01367theta^2 + 0.22911theta omega + -0.00647omega^2
    Eq omega Phys: -0.002242*omega**2 + 0.002646*omega*theta - 0.00639*omega + 5.0e-6*theta**2 - 0.001459*theta + 0.003859

--- Chunk 16 (17/220) | Start: 2024-08-15 01:55:00 ---
    RMSE omega (GP): nan | RMSE omega (Sim): nan
    Loss: 373.9530 | Epoch: 18
    Eq omega: nan1 + nantheta + nanomega + nantheta^2 + nantheta omega + nanomega^2
    Eq omega Phys: N/A

--- Chunk 17 (18/220) | Start: 2024-08-15 02:00:00 ---
    RMSE omega (GP): 0.010400 | RMSE omega (Sim): 0.161020
    Loss: 6.0696 | Epoch: 710
    Eq omega: -0.004121 + 0.00095theta + -0.01197omega + 0.03770theta^2 + -0.00359theta omega + 0.00076omega^2
    Eq omega Phys: 0.000329*omega**2 - 5.2e-5*omega*theta - 0.000754*omega + 1.8e-5*theta**2 + 0.00025*theta + 0.00085

--- Chunk 18 (19/220) | Start: 2024-08-15 02:05:00 ---
    RMSE omega (GP): 0.010447 | RMSE omega (Sim): 0.092065
    Loss: 8.3424 | Epoch: 1471
    Eq omega: 0.000011 + -0.00341theta + -0.00114omega + -0.00065theta^2 + 0.00110theta omega + -0.00033omega^2
    Eq omega Phys: -0.000157*omega**2 + 1.7e-5*omega*theta - 0.000156*omega + 1.0e-6*theta + 1.0e-5

--- Chunk 19 (20/220) | Start: 2024-08-15 02:10:00 ---
    RMSE omega (GP): nan | RMSE omega (Sim): nan
    Loss: 328.5604 | Epoch: 25
    Eq omega: nan1 + nantheta + nanomega + nantheta^2 + nantheta omega + nanomega^2
    Eq omega Phys: N/A

--- Chunk 20 (21/220) | Start: 2024-08-15 02:15:00 ---
    RMSE omega (GP): 0.008874 | RMSE omega (Sim): 0.089171
    Loss: 0.7092 | Epoch: 1130
    Eq omega: 0.000781 + -0.46969theta + 0.00344omega + 0.00349theta^2 + -0.00392theta omega + 0.00169omega^2
    Eq omega Phys: 0.000553*omega**2 - 4.3e-5*omega*theta - 0.000114*omega + 1.0e-6*theta**2 - 0.000508*theta - 0.002756

--- Chunk 21 (22/220) | Start: 2024-08-15 02:20:00 ---
    RMSE omega (GP): nan | RMSE omega (Sim): nan
    Loss: 494.8565 | Epoch: 32
    Eq omega: nan1 + nantheta + nanomega + nantheta^2 + nantheta omega + nanomega^2
    Eq omega Phys: N/A

--- Chunk 22 (23/220) | Start: 2024-08-15 02:25:00 ---
    RMSE omega (GP): 0.010915 | RMSE omega (Sim): 0.079511
    Loss: 5.8301 | Epoch: 1673
    Eq omega: -0.016561 + -0.06530theta + 0.01327omega + -0.00599theta^2 + 0.00462theta omega + -0.00444omega^2
    Eq omega Phys: -0.001815*omega**2 + 6.3e-5*omega*theta - 6.0e-5*omega - 3.0e-6*theta**2 - 2.9e-5*theta + 0.000361

--- Chunk 23 (24/220) | Start: 2024-08-15 02:30:00 ---
    RMSE omega (GP): 0.038593 | RMSE omega (Sim): 0.116284
    Loss: 69.8177 | Epoch: 104
    Eq omega: 0.003091 + -0.02155theta + -0.00863omega + 0.00060theta^2 + -0.00001theta omega + 0.00169omega^2
    Eq omega Phys: 0.000524*omega**2 - 0.000289*omega - 1.8e-5*theta - 0.00027

--- Chunk 24 (25/220) | Start: 2024-08-15 02:35:00 ---
    RMSE omega (GP): 0.011163 | RMSE omega (Sim): 0.164702
    Loss: 3.2428 | Epoch: 890
    Eq omega: -0.017261 + -1.89354theta + -0.04239omega + -0.00802theta^2 + 0.57285theta omega + 0.00202omega^2
    Eq omega Phys: 0.000707*omega**2 + 0.006685*omega*theta - 0.044604*omega - 3.0e-6*theta**2 - 0.002064*theta + 0.013408

--- Chunk 25 (26/220) | Start: 2024-08-15 02:40:00 ---
    RMSE omega (GP): nan | RMSE omega (Sim): nan
    Loss: 19.2852 | Epoch: 356
    Eq omega: nan1 + nantheta + nanomega + nantheta^2 + nantheta omega + nanomega^2
    Eq omega Phys: N/A

--- Chunk 26 (27/220) | Start: 2024-08-15 02:45:00 ---
    RMSE omega (GP): 0.010506 | RMSE omega (Sim): 0.085143
    Loss: 10.5687 | Epoch: 1040
    Eq omega: 0.006461 + -0.00071theta + 0.00236omega + 0.00062theta^2 + -0.00328theta omega + 0.00690omega^2
    Eq omega Phys: 0.00381*omega**2 - 6.0e-5*omega*theta + 0.000339*omega - 4.0e-6*theta + 2.3e-5

--- Chunk 27 (28/220) | Start: 2024-08-15 02:50:00 ---
    RMSE omega (GP): nan | RMSE omega (Sim): nan
    Loss: 727.2154 | Epoch: 53
    Eq omega: nan1 + nantheta + nanomega + nantheta^2 + nantheta omega + nanomega^2
    Eq omega Phys: N/A

--- Chunk 28 (29/220) | Start: 2024-08-15 02:55:00 ---
    RMSE omega (GP): 0.010696 | RMSE omega (Sim): 0.099488
    Loss: 7.1728 | Epoch: 1050
    Eq omega: 0.004011 + -1.01739theta + -0.00323omega + -0.01665theta^2 + 0.00072theta omega + 0.00558omega^2
    Eq omega Phys: 0.00246*omega**2 + 1.1e-5*omega*theta - 0.000137*omega - 8.0e-6*theta**2 - 0.001086*theta + 0.003054

--- Chunk 29 (30/220) | Start: 2024-08-15 03:00:00 ---
    RMSE omega (GP): 0.012599 | RMSE omega (Sim): 0.045192
    Loss: 30.4571 | Epoch: 2157
    Eq omega: -0.002021 + 0.00015theta + -0.00034omega + 0.00007theta^2 + 0.00007theta omega + 0.00012omega^2
    Eq omega Phys: 8.9e-5*omega**2 + 2.0e-6*omega*theta - 4.0e-5*omega - 2.0e-6*theta + 1.0e-5

--- Chunk 30 (31/220) | Start: 2024-08-15 03:05:00 ---
    RMSE omega (GP): 0.009628 | RMSE omega (Sim): 0.077203
    Loss: 0.7329 | Epoch: 3066
    Eq omega: -0.009771 + -0.22947theta + -0.00521omega + -0.09295theta^2 + 0.01581theta omega + 0.00320omega^2
    Eq omega Phys: 0.001027*omega**2 + 0.000169*omega*theta - 0.000531*omega - 3.3e-5*theta**2 - 0.000115*theta + 0.000357

--- Chunk 31 (32/220) | Start: 2024-08-15 03:10:00 ---
    RMSE omega (GP): 0.009523 | RMSE omega (Sim): 0.083188
    Loss: 13.9191 | Epoch: 2481
    Eq omega: 0.000711 + 0.00042theta + -0.00001omega + -0.00004theta^2 + -0.00003theta omega + -0.00065omega^2
    Eq omega Phys: -0.000413*omega**2 - 0.e-6*omega*theta - 1.3e-5*omega - 0.e-6*theta - 0.e-6

--- Chunk 32 (33/220) | Start: 2024-08-15 03:15:00 ---
    RMSE omega (GP): 0.054978 | RMSE omega (Sim): 0.059651
    Loss: 541.2771 | Epoch: 28
    Eq omega: -0.000651 + -0.00063theta + 0.00561omega + 0.00039theta^2 + -0.00517theta omega + -0.00157omega^2
    Eq omega Phys: -0.000876*omega**2 - 9.6e-5*omega*theta + 0.000793*omega - 4.0e-6*theta + 1.3e-5

--- Chunk 33 (34/220) | Start: 2024-08-15 03:20:00 ---
    RMSE omega (GP): 0.011456 | RMSE omega (Sim): 0.068338
    Loss: 15.5120 | Epoch: 1190
    Eq omega: -0.000761 + -0.00170theta + 0.00097omega + 0.00015theta^2 + -0.00057theta omega + 0.00100omega^2
    Eq omega Phys: 0.000549*omega**2 - 1.0e-5*omega*theta + 9.2e-5*omega - 3.0e-6*theta + 1.2e-5

--- Chunk 34 (35/220) | Start: 2024-08-15 03:25:00 ---
    RMSE omega (GP): 0.010097 | RMSE omega (Sim): 0.082267
    Loss: 12.5294 | Epoch: 1378
    Eq omega: 0.002921 + -0.00063theta + 0.00196omega + -0.00211theta^2 + -0.00105theta omega + 0.00254omega^2
    Eq omega Phys: 0.001444*omega**2 - 2.0e-5*omega*theta + 0.000157*omega - 1.0e-6*theta**2 + 1.2e-5*theta - 1.9e-5

--- Chunk 35 (36/220) | Start: 2024-08-15 03:30:00 ---
    RMSE omega (GP): 0.012017 | RMSE omega (Sim): 0.102552
    Loss: 10.8379 | Epoch: 755
    Eq omega: 0.000011 + 0.00153theta + 0.00059omega + 0.00038theta^2 + -0.00558theta omega + 0.00218omega^2
    Eq omega Phys: 0.001019*omega**2 - 8.7e-5*omega*theta + 0.000813*omega - 2.0e-6*theta + 1.0e-6

--- Chunk 36 (37/220) | Start: 2024-08-15 03:35:00 ---
    RMSE omega (GP): 0.010945 | RMSE omega (Sim): 0.098365
    Loss: 6.4207 | Epoch: 980
    Eq omega: -0.000261 + -0.51199theta + -0.00559omega + 0.00031theta^2 + 0.01189theta omega + -0.00083omega^2
    Eq omega Phys: -0.000363*omega**2 + 0.000173*omega*theta - 0.000422*omega - 0.000569*theta + 0.000774

--- Chunk 37 (38/220) | Start: 2024-08-15 03:40:00 ---
    RMSE omega (GP): 0.019008 | RMSE omega (Sim): 0.066554
    Loss: 42.6698 | Epoch: 351
    Eq omega: 0.001441 + -0.16945theta + -0.00215omega + 0.00325theta^2 + -0.00149theta omega + 0.00076omega^2
    Eq omega Phys: 0.000395*omega**2 - 2.6e-5*omega*theta + 0.000108*omega + 2.0e-6*theta**2 - 0.000214*theta + 0.001407

--- Chunk 38 (39/220) | Start: 2024-08-15 03:45:00 ---
    RMSE omega (GP): nan | RMSE omega (Sim): nan
    Loss: 32.7632 | Epoch: 140
    Eq omega: nan1 + nantheta + nanomega + nantheta^2 + nantheta omega + nanomega^2
    Eq omega Phys: N/A

--- Chunk 39 (40/220) | Start: 2024-08-15 03:50:00 ---
    RMSE omega (GP): 0.011489 | RMSE omega (Sim): 0.056546
    Loss: 1.1396 | Epoch: 1674
    Eq omega: 0.003951 + -0.23271theta + 0.00318omega + -0.00055theta^2 + -0.00249theta omega + 0.00761omega^2
    Eq omega Phys: 0.002128*omega**2 - 2.3e-5*omega*theta - 3.6e-5*omega - 0.000261*theta - 0.00157

--- Chunk 40 (41/220) | Start: 2024-08-15 03:55:00 ---
    RMSE omega (GP): 0.009399 | RMSE omega (Sim): 0.147370
    Loss: 3.6655 | Epoch: 1147
    Eq omega: -0.001741 + -0.61570theta + -0.04781omega + -0.00366theta^2 + 0.00098theta omega + -0.00111omega^2
    Eq omega Phys: -0.000447*omega**2 + 1.3e-5*omega*theta - 0.001485*omega - 2.0e-6*theta**2 - 0.000711*theta - 0.005769

--- Chunk 41 (42/220) | Start: 2024-08-15 04:00:00 ---
    RMSE omega (GP): 0.016296 | RMSE omega (Sim): 0.059994
    Loss: 3.0718 | Epoch: 3083
    Eq omega: -0.005411 + -0.08242theta + 0.00173omega + -0.00051theta^2 + -0.00006theta omega + 0.00089omega^2
    Eq omega Phys: 0.000308*omega**2 - 0.e-6*omega*theta + 4.2e-5*omega - 0.000101*theta - 0.002237

--- Chunk 42 (43/220) | Start: 2024-08-15 04:05:00 ---
    RMSE omega (GP): nan | RMSE omega (Sim): nan
    Loss: 16143.5244 | Epoch: 19
    Eq omega: nan1 + nantheta + nanomega + nantheta^2 + nantheta omega + nanomega^2
    Eq omega Phys: N/A

--- Chunk 43 (44/220) | Start: 2024-08-15 04:10:00 ---
    RMSE omega (GP): 0.031434 | RMSE omega (Sim): 0.107831
    Loss: -146.4855 | Epoch: 612
    Eq omega: -0.002411 + -0.04408theta + -0.01600omega + -0.00037theta^2 + 0.00032theta omega + 0.00830omega^2
    Eq omega Phys: 0.002675*omega**2 + 3.0e-6*omega*theta - 0.000495*omega - 5.2e-5*theta - 0.000564

--- Chunk 44 (45/220) | Start: 2024-08-15 04:15:00 ---
    RMSE omega (GP): 0.010681 | RMSE omega (Sim): 0.086468
    Loss: 4.5437 | Epoch: 1304
    Eq omega: 0.000181 + 0.00303theta + -0.00011omega + -0.00047theta^2 + 0.00544theta omega + 0.00200omega^2
    Eq omega Phys: 0.000769*omega**2 + 7.0e-5*omega*theta + 2.7e-5*omega + 3.0e-6*theta + 2.0e-6

--- Chunk 45 (46/220) | Start: 2024-08-15 04:20:00 ---
    RMSE omega (GP): 0.011671 | RMSE omega (Sim): 0.067193
    Loss: 5.3957 | Epoch: 1141
    Eq omega: -0.001031 + -0.18673theta + 0.00375omega + 0.00210theta^2 + -0.00022theta omega + -0.00077omega^2
    Eq omega Phys: -0.000327*omega**2 - 3.0e-6*omega*theta + 0.000147*omega + 1.0e-6*theta**2 - 0.000221*theta + 0.001481

--- Chunk 46 (47/220) | Start: 2024-08-15 04:25:00 ---
    RMSE omega (GP): 0.018716 | RMSE omega (Sim): 0.086844
    Loss: -125.4196 | Epoch: 2133
    Eq omega: -0.006291 + -0.11117theta + -0.00493omega + -0.00072theta^2 + 0.00306theta omega + 0.00493omega^2
    Eq omega Phys: 0.001856*omega**2 + 3.8e-5*omega*theta + 0.000415*omega - 0.000133*theta - 0.001949

--- Chunk 47 (48/220) | Start: 2024-08-15 04:30:00 ---
    RMSE omega (GP): 0.009815 | RMSE omega (Sim): 0.086582
    Loss: 7.3169 | Epoch: 2346
    Eq omega: -0.001921 + -0.00052theta + -0.00194omega + -0.00002theta^2 + -0.00044theta omega + -0.00038omega^2
    Eq omega Phys: -0.000179*omega**2 - 7.0e-6*omega*theta - 0.000156*omega - 0.e-6*theta - 1.4e-5

--- Chunk 48 (49/220) | Start: 2024-08-15 04:35:00 ---
    RMSE omega (GP): nan | RMSE omega (Sim): nan
    Loss: 97.2980 | Epoch: 46
    Eq omega: nan1 + nantheta + nanomega + nantheta^2 + nantheta omega + nanomega^2
    Eq omega Phys: N/A

--- Chunk 49 (50/220) | Start: 2024-08-15 04:40:00 ---
    RMSE omega (GP): 0.011341 | RMSE omega (Sim): 0.094170
    Loss: 3.5030 | Epoch: 1490
    Eq omega: 0.004111 + -0.87293theta + 0.00093omega + 0.34167theta^2 + 0.01283theta omega + -0.01035omega^2
    Eq omega Phys: -0.003557*omega**2 + 0.000147*omega*theta + 0.000792*omega + 0.00013*theta**2 + 0.000381*theta - 0.001511

  [Progress 50/220] Mean RMSE omega (GP): 0.016403 | (Sim): 0.099559 | Mean loss: 1211.9786 | Valid GP: 39/50 | Valid Sim: 39/50 | Elapsed: 1670.8min | ETA: 5680.6min

--- Chunk 50 (51/220) | Start: 2024-08-15 04:45:00 ---
    RMSE omega (GP): 0.009130 | RMSE omega (Sim): 0.045024
    Loss: 4.2607 | Epoch: 1918
    Eq omega: 0.007341 + -0.07764theta + 0.00689omega + -0.01581theta^2 + 0.00076theta omega + -0.00003omega^2
    Eq omega Phys: -1.3e-5*omega**2 + 1.1e-5*omega*theta + 1.9e-5*omega - 8.0e-6*theta**2 + 0.000206*theta - 0.001112

--- Chunk 51 (52/220) | Start: 2024-08-15 04:50:00 ---
    RMSE omega (GP): nan | RMSE omega (Sim): nan
    Loss: 227.5266 | Epoch: 62
    Eq omega: nan1 + nantheta + nanomega + nantheta^2 + nantheta omega + nanomega^2
    Eq omega Phys: N/A

--- Chunk 52 (53/220) | Start: 2024-08-15 04:55:00 ---
    RMSE omega (GP): nan | RMSE omega (Sim): nan
    Loss: 425.9133 | Epoch: 64
    Eq omega: nan1 + nantheta + nanomega + nantheta^2 + nantheta omega + nanomega^2
    Eq omega Phys: N/A

--- Chunk 53 (54/220) | Start: 2024-08-15 05:00:00 ---
    RMSE omega (GP): 0.009846 | RMSE omega (Sim): 0.073050
    Loss: 2.4130 | Epoch: 2245
    Eq omega: -0.017381 + -0.06007theta + -0.00449omega + -0.02093theta^2 + 0.00071theta omega + -0.00656omega^2
    Eq omega Phys: -0.002366*omega**2 + 9.0e-6*omega*theta - 0.000306*omega - 8.0e-6*theta**2 + 0.00024*theta - 0.001635

--- Chunk 54 (55/220) | Start: 2024-08-15 05:05:00 ---
    RMSE omega (GP): 0.009516 | RMSE omega (Sim): 0.127277
    Loss: 3.6026 | Epoch: 1541
    Eq omega: -0.017681 + -0.00040theta + -0.00289omega + 0.00008theta^2 + -0.00015theta omega + -0.00023omega^2
    Eq omega Phys: -9.2e-5*omega**2 - 2.0e-6*omega*theta - 0.000129*omega + 1.0e-6*theta - 4.7e-5

--- Chunk 55 (56/220) | Start: 2024-08-15 05:10:00 ---
    RMSE omega (GP): nan | RMSE omega (Sim): nan
    Loss: 583.4769 | Epoch: 35
    Eq omega: nan1 + nantheta + nanomega + nantheta^2 + nantheta omega + nanomega^2
    Eq omega Phys: N/A

--- Chunk 56 (57/220) | Start: 2024-08-15 05:15:00 ---
    RMSE omega (GP): 0.010186 | RMSE omega (Sim): 0.098514
    Loss: 9.2851 | Epoch: 1136
    Eq omega: 0.002191 + -0.00213theta + 0.00802omega + -0.00137theta^2 + -0.00104theta omega + 0.00954omega^2
    Eq omega Phys: 0.004743*omega**2 - 1.7e-5*omega*theta + 0.000278*omega - 0.e-6*theta**2 - 1.0e-6*theta + 6.0e-6

--- Chunk 57 (58/220) | Start: 2024-08-15 05:20:00 ---
    RMSE omega (GP): 0.009994 | RMSE omega (Sim): 0.067832
    Loss: 17.7000 | Epoch: 1436
    Eq omega: -0.002571 + 0.00021theta + -0.01269omega + -0.00186theta^2 + 0.00097theta omega + -0.00173omega^2
    Eq omega Phys: -0.001166*omega**2 + 2.2e-5*omega*theta - 0.000506*omega - 1.0e-6*theta**2 + 1.1e-5*theta - 2.6e-5

--- Chunk 58 (59/220) | Start: 2024-08-15 05:25:00 ---
    RMSE omega (GP): nan | RMSE omega (Sim): nan
    Loss: 84.7039 | Epoch: 43
    Eq omega: nan1 + nantheta + nanomega + nantheta^2 + nantheta omega + nanomega^2
    Eq omega Phys: N/A

--- Chunk 59 (60/220) | Start: 2024-08-15 05:30:00 ---
    RMSE omega (GP): 0.008909 | RMSE omega (Sim): 0.063789
    Loss: 1.8158 | Epoch: 1329
    Eq omega: -0.026581 + -0.44813theta + -0.02372omega + 0.00847theta^2 + 0.01254theta omega + 0.00408omega^2
    Eq omega Phys: 0.001503*omega**2 + 0.000154*omega*theta - 0.001599*omega + 3.0e-6*theta**2 - 0.000534*theta + 0.00263

--- Chunk 60 (61/220) | Start: 2024-08-15 05:35:00 ---
    RMSE omega (GP): nan | RMSE omega (Sim): nan
    Loss: 466.6619 | Epoch: 19
    Eq omega: nan1 + nantheta + nanomega + nantheta^2 + nantheta omega + nanomega^2
    Eq omega Phys: N/A

--- Chunk 61 (62/220) | Start: 2024-08-15 05:40:00 ---
    RMSE omega (GP): 0.011119 | RMSE omega (Sim): 0.098177
    Loss: 9.9335 | Epoch: 1072
    Eq omega: -0.003971 + -0.34978theta + 0.00424omega + -0.00097theta^2 + -0.00585theta omega + -0.00010omega^2
    Eq omega Phys: -4.8e-5*omega**2 - 9.3e-5*omega*theta - 0.000248*omega - 0.e-6*theta**2 - 0.000393*theta - 0.001647

--- Chunk 62 (63/220) | Start: 2024-08-15 05:45:00 ---
    RMSE omega (GP): 0.011480 | RMSE omega (Sim): 0.092600
    Loss: 13.0265 | Epoch: 849
    Eq omega: 0.009311 + -0.64991theta + 0.00029omega + -0.00070theta^2 + -0.00577theta omega + 0.00056omega^2
    Eq omega Phys: 0.000288*omega**2 - 9.9e-5*omega*theta + 0.000219*omega - 0.00072*theta + 0.001548

--- Chunk 63 (64/220) | Start: 2024-08-15 05:50:00 ---
    RMSE omega (GP): 0.041808 | RMSE omega (Sim): 0.097399
    Loss: 451.8368 | Epoch: 52
    Eq omega: 0.001761 + -0.00285theta + 0.00127omega + -0.00027theta^2 + 0.00762theta omega + 0.00092omega^2
    Eq omega Phys: 0.000602*omega**2 + 0.000166*omega*theta + 0.002584*omega - 9.0e-6*theta - 9.1e-5

--- Chunk 64 (65/220) | Start: 2024-08-15 05:55:00 ---
    RMSE omega (GP): nan | RMSE omega (Sim): nan
    Loss: 413.8727 | Epoch: 33
    Eq omega: nan1 + nantheta + nanomega + nantheta^2 + nantheta omega + nanomega^2
    Eq omega Phys: N/A

--- Chunk 65 (66/220) | Start: 2024-08-15 06:00:00 ---
    RMSE omega (GP): 0.011704 | RMSE omega (Sim): 0.075666
    Loss: 8.5538 | Epoch: 1405
    Eq omega: -0.012791 + -0.08838theta + -0.00141omega + 0.00047theta^2 + -0.00066theta omega + 0.00017omega^2
    Eq omega Phys: 7.3e-5*omega**2 - 9.0e-6*omega*theta + 5.2e-5*omega - 0.000103*theta + 0.001018

--- Chunk 66 (67/220) | Start: 2024-08-15 06:05:00 ---
    RMSE omega (GP): 0.008543 | RMSE omega (Sim): nan
    Loss: 3.5676 | Epoch: 1066
    Eq omega: -0.000861 + -0.66535theta + 0.00166omega + -0.56254theta^2 + 0.00942theta omega + 0.32864omega^2
    Eq omega Phys: 0.14715*omega**2 + 0.000141*omega*theta - 0.000585*omega - 0.00028*theta**2 + 0.001808*theta - 0.002434

--- Chunk 67 (68/220) | Start: 2024-08-15 06:10:00 ---
    RMSE omega (GP): 0.011703 | RMSE omega (Sim): 0.092493
    Loss: 8.8291 | Epoch: 1245
    Eq omega: 0.000051 + -0.00064theta + -0.00006omega + 0.00042theta^2 + 0.00013theta omega + 0.00096omega^2
    Eq omega Phys: 0.000417*omega**2 + 2.0e-6*omega*theta + 1.7e-5*omega + 3.0e-6*theta + 1.4e-5

--- Chunk 68 (69/220) | Start: 2024-08-15 06:15:00 ---
    RMSE omega (GP): nan | RMSE omega (Sim): nan
    Loss: 179.5916 | Epoch: 114
    Eq omega: nan1 + nantheta + nanomega + nantheta^2 + nantheta omega + nanomega^2
    Eq omega Phys: N/A

--- Chunk 69 (70/220) | Start: 2024-08-15 06:20:00 ---
    RMSE omega (GP): 0.007807 | RMSE omega (Sim): 0.074882
    Loss: 8.0429 | Epoch: 1578
    Eq omega: 0.001391 + -0.00149theta + 0.02080omega + 0.00047theta^2 + 0.00036theta omega + 0.00035omega^2
    Eq omega Phys: 0.000215*omega**2 + 7.0e-6*omega*theta + 0.000738*omega + 2.0e-6*theta + 4.0e-6

--- Chunk 70 (71/220) | Start: 2024-08-15 06:25:00 ---
    RMSE omega (GP): nan | RMSE omega (Sim): nan
    Loss: 487.3278 | Epoch: 30
    Eq omega: nan1 + nantheta + nanomega + nantheta^2 + nantheta omega + nanomega^2
    Eq omega Phys: N/A

--- Chunk 71 (72/220) | Start: 2024-08-15 06:30:00 ---
    RMSE omega (GP): 0.012211 | RMSE omega (Sim): 0.138281
    Loss: 14.9021 | Epoch: 1458
    Eq omega: -0.000991 + -0.00055theta + -0.00256omega + 0.00034theta^2 + 0.00191theta omega + -0.00044omega^2
    Eq omega Phys: -0.000223*omega**2 + 3.2e-5*omega*theta - 0.000244*omega - 2.0e-6*theta + 5.0e-6

--- Chunk 72 (73/220) | Start: 2024-08-15 06:35:00 ---
    RMSE omega (GP): 0.011069 | RMSE omega (Sim): 0.082112
    Loss: 7.2876 | Epoch: 1993
    Eq omega: -0.002891 + -0.01122theta + -0.00085omega + -0.00149theta^2 + -0.00352theta omega + -0.00284omega^2
    Eq omega Phys: -0.001221*omega**2 - 5.0e-5*omega*theta - 0.000232*omega - 0.e-6*theta**2 - 1.8e-5*theta - 6.9e-5

--- Chunk 73 (74/220) | Start: 2024-08-15 06:40:00 ---
    RMSE omega (GP): 0.010337 | RMSE omega (Sim): 0.165023
    Loss: 2.6413 | Epoch: 1007
    Eq omega: -0.000101 + -0.56360theta + -0.01188omega + -0.00294theta^2 + 0.00329theta omega + -0.00115omega^2
    Eq omega Phys: -0.000408*omega**2 + 3.9e-5*omega*theta - 0.000742*omega - 1.0e-6*theta**2 - 0.000606*theta + 0.005472

--- Chunk 74 (75/220) | Start: 2024-08-15 06:45:00 ---
    RMSE omega (GP): 0.008546 | RMSE omega (Sim): 0.093091
    Loss: 0.5694 | Epoch: 868
    Eq omega: 0.014641 + -0.59540theta + -0.00980omega + -0.03572theta^2 + 0.01139theta omega + 0.03019omega^2
    Eq omega Phys: 0.010457*omega**2 + 0.000132*omega*theta - 0.00018*omega - 1.4e-5*theta**2 - 0.000692*theta - 0.000709

--- Chunk 75 (76/220) | Start: 2024-08-15 06:50:00 ---
    RMSE omega (GP): 0.011818 | RMSE omega (Sim): 0.115621
    Loss: 13.3965 | Epoch: 995
    Eq omega: -0.003471 + -0.00042theta + -0.00075omega + -0.00028theta^2 + 0.00173theta omega + 0.00600omega^2
    Eq omega Phys: 0.003032*omega**2 + 2.9e-5*omega*theta + 0.000183*omega - 3.0e-6*theta - 1.9e-5

--- Chunk 76 (77/220) | Start: 2024-08-15 06:55:00 ---
    RMSE omega (GP): 0.010953 | RMSE omega (Sim): 0.226652
    Loss: 6.2181 | Epoch: 664
    Eq omega: -0.012741 + 0.00415theta + 0.00575omega + -0.00466theta^2 + 0.00441theta omega + -0.00083omega^2
    Eq omega Phys: -0.00034*omega**2 + 6.0e-5*omega*theta + 0.000406*omega - 2.0e-6*theta**2 - 1.0e-5*theta - 4.5e-5

--- Chunk 77 (78/220) | Start: 2024-08-15 07:00:00 ---
    RMSE omega (GP): 0.012185 | RMSE omega (Sim): 0.111244
    Loss: 8.3889 | Epoch: 1567
    Eq omega: -0.013471 + -0.07733theta + -0.00658omega + 0.00382theta^2 + -0.00056theta omega + 0.01178omega^2
    Eq omega Phys: 0.004725*omega**2 - 7.0e-6*omega*theta - 6.9e-5*omega + 2.0e-6*theta**2 - 0.000154*theta + 0.002383

--- Chunk 78 (79/220) | Start: 2024-08-15 07:05:00 ---
    RMSE omega (GP): 0.008642 | RMSE omega (Sim): 0.088469
    Loss: 2.9344 | Epoch: 1412
    Eq omega: -0.003051 + 0.00074theta + 0.00092omega + -0.00079theta^2 + -0.00426theta omega + -0.00765omega^2
    Eq omega Phys: -0.00322*omega**2 - 6.0e-5*omega*theta + 0.000215*omega + 3.0e-6*theta - 1.4e-5

--- Chunk 79 (80/220) | Start: 2024-08-15 07:10:00 ---
    RMSE omega (GP): nan | RMSE omega (Sim): nan
    Loss: 193.1914 | Epoch: 74
    Eq omega: nan1 + nantheta + nanomega + nantheta^2 + nantheta omega + nanomega^2
    Eq omega Phys: N/A

--- Chunk 80 (81/220) | Start: 2024-08-15 07:15:00 ---
    RMSE omega (GP): 0.011775 | RMSE omega (Sim): 0.097465
    Loss: 27.4015 | Epoch: 1165
    Eq omega: -0.008921 + -0.00127theta + -0.00084omega + -0.00043theta^2 + 0.00052theta omega + 0.00074omega^2
    Eq omega Phys: 0.000507*omega**2 + 1.2e-5*omega*theta + 2.7e-5*omega - 4.0e-6*theta - 2.8e-5

--- Chunk 81 (82/220) | Start: 2024-08-15 07:20:00 ---
    RMSE omega (GP): 0.015295 | RMSE omega (Sim): 0.115659
    Loss: 22.1599 | Epoch: 999
    Eq omega: -0.002781 + -0.02184theta + 0.00173omega + -0.00034theta^2 + -0.00311theta omega + 0.00173omega^2
    Eq omega Phys: 0.000836*omega**2 - 5.0e-5*omega*theta + 0.000374*omega - 2.2e-5*theta + 0.00014

--- Chunk 82 (83/220) | Start: 2024-08-15 07:25:00 ---
    RMSE omega (GP): 0.011583 | RMSE omega (Sim): 0.087959
    Loss: 13.1902 | Epoch: 1803
    Eq omega: -0.004221 + -1.84383theta + 0.00884omega + -0.00267theta^2 + -0.00235theta omega + 0.00650omega^2
    Eq omega Phys: 0.00331*omega**2 - 4.0e-5*omega*theta + 0.000271*omega - 2.0e-6*theta**2 - 0.002051*theta - 0.001235

--- Chunk 83 (84/220) | Start: 2024-08-15 07:30:00 ---
    RMSE omega (GP): 0.011416 | RMSE omega (Sim): 0.084342
    Loss: 6.3798 | Epoch: 909
    Eq omega: -0.007701 + -0.00353theta + 0.00439omega + 0.00070theta^2 + -0.00152theta omega + 0.00344omega^2
    Eq omega Phys: 0.001369*omega**2 - 2.0e-5*omega*theta + 0.000221*omega - 6.0e-6*theta - 3.0e-6

--- Chunk 84 (85/220) | Start: 2024-08-15 07:35:00 ---
    RMSE omega (GP): 0.011714 | RMSE omega (Sim): 0.127479
    Loss: 5.2715 | Epoch: 1341
    Eq omega: -0.005861 + -1.01834theta + -0.00862omega + -0.03871theta^2 + -0.00376theta omega + 0.01738omega^2
    Eq omega Phys: 0.006383*omega**2 - 4.6e-5*omega*theta - 0.000409*omega - 1.6e-5*theta**2 - 0.001215*theta - 0.003111

--- Chunk 85 (86/220) | Start: 2024-08-15 07:40:00 ---
    RMSE omega (GP): 0.009688 | RMSE omega (Sim): 0.091547
    Loss: 5.6776 | Epoch: 1092
    Eq omega: -0.011371 + -1.31982theta + -0.00648omega + 0.03602theta^2 + 0.01102theta omega + 0.00615omega^2
    Eq omega Phys: 0.002816*omega**2 + 0.000168*omega*theta - 0.000465*omega + 1.8e-5*theta**2 - 0.001521*theta + 0.002184

--- Chunk 86 (87/220) | Start: 2024-08-15 07:45:00 ---
    RMSE omega (GP): 0.009346 | RMSE omega (Sim): 0.144056
    Loss: 3.3250 | Epoch: 904
    Eq omega: 0.012371 + -1.97978theta + -0.00959omega + 0.00013theta^2 + -0.01134theta omega + 0.05393omega^2
    Eq omega Phys: 0.022024*omega**2 - 0.000154*omega*theta - 0.00087*omega - 0.002199*theta - 0.007806

--- Chunk 87 (88/220) | Start: 2024-08-15 07:50:00 ---
    RMSE omega (GP): 0.010218 | RMSE omega (Sim): 0.057559
    Loss: 14.0048 | Epoch: 1090
    Eq omega: 0.000481 + 0.00041theta + -0.00216omega + 0.00014theta^2 + -0.00036theta omega + 0.00051omega^2
    Eq omega Phys: 0.000298*omega**2 - 7.0e-6*omega*theta - 3.7e-5*omega + 1.0e-6

--- Chunk 88 (89/220) | Start: 2024-08-15 07:55:00 ---
    RMSE omega (GP): nan | RMSE omega (Sim): nan
    Loss: 476.7285 | Epoch: 39
    Eq omega: nan1 + nantheta + nanomega + nantheta^2 + nantheta omega + nanomega^2
    Eq omega Phys: N/A

--- Chunk 89 (90/220) | Start: 2024-08-15 08:00:00 ---
    RMSE omega (GP): 0.015332 | RMSE omega (Sim): 0.068845
    Loss: 24.1885 | Epoch: 1116
    Eq omega: 0.008061 + -0.00093theta + 0.00073omega + 0.00009theta^2 + -0.00011theta omega + 0.00211omega^2
    Eq omega Phys: 0.001058*omega**2 - 2.0e-6*omega*theta + 4.5e-5*omega - 2.0e-6*theta + 3.6e-5

--- Chunk 90 (91/220) | Start: 2024-08-15 08:05:00 ---
    RMSE omega (GP): 0.009504 | RMSE omega (Sim): 0.120828
    Loss: 5.6395 | Epoch: 1025
    Eq omega: 0.000651 + 0.00179theta + -0.00016omega + -0.00009theta^2 + 0.00024theta omega + 0.00146omega^2
    Eq omega Phys: 0.000672*omega**2 + 4.0e-6*omega*theta - 3.3e-5*omega + 3.0e-6*theta - 1.6e-5

--- Chunk 91 (92/220) | Start: 2024-08-15 08:10:00 ---
    RMSE omega (GP): 0.009096 | RMSE omega (Sim): 0.144847
    Loss: 8.8436 | Epoch: 1598
    Eq omega: 0.001041 + 0.00010theta + -0.00055omega + 0.00033theta^2 + 0.00047theta omega + -0.00164omega^2
    Eq omega Phys: -0.000905*omega**2 + 9.0e-6*omega*theta + 1.7e-5*omega + 2.0e-6*theta + 6.0e-6

--- Chunk 92 (93/220) | Start: 2024-08-15 08:15:00 ---
    RMSE omega (GP): 0.008995 | RMSE omega (Sim): 0.166509
    Loss: 2.7917 | Epoch: 1526
    Eq omega: 0.019141 + -0.00031theta + -0.00071omega + -0.00006theta^2 + 0.00095theta omega + -0.00010omega^2
    Eq omega Phys: -3.9e-5*omega**2 + 1.2e-5*omega*theta - 5.4e-5*omega + 5.5e-5

--- Chunk 93 (94/220) | Start: 2024-08-15 08:20:00 ---
    RMSE omega (GP): 0.009767 | RMSE omega (Sim): 0.081691
    Loss: -0.6696 | Epoch: 1718
    Eq omega: 0.000551 + -0.43554theta + -0.00703omega + -0.00408theta^2 + -0.01410theta omega + 0.00201omega^2
    Eq omega Phys: 0.000595*omega**2 - 0.000139*omega*theta - 0.001204*omega - 1.0e-6*theta**2 - 0.000503*theta - 0.003436

--- Chunk 94 (95/220) | Start: 2024-08-15 08:25:00 ---
    RMSE omega (GP): 0.010953 | RMSE omega (Sim): 0.064797
    Loss: 12.0800 | Epoch: 1755
    Eq omega: -0.002331 + -0.00145theta + 0.01069omega + 0.00031theta^2 + -0.00033theta omega + 0.00022omega^2
    Eq omega Phys: 0.000114*omega**2 - 6.0e-6*omega*theta + 0.000424*omega - 6.0e-6*theta + 3.9e-5

--- Chunk 95 (96/220) | Start: 2024-08-15 08:30:00 ---
    RMSE omega (GP): nan | RMSE omega (Sim): nan
    Loss: 234.9966 | Epoch: 42
    Eq omega: nan1 + nantheta + nanomega + nantheta^2 + nantheta omega + nanomega^2
    Eq omega Phys: N/A

--- Chunk 96 (97/220) | Start: 2024-08-15 08:35:00 ---
    RMSE omega (GP): 0.016968 | RMSE omega (Sim): 0.078168
    Loss: 45.7674 | Epoch: 1143
    Eq omega: -0.000991 + -0.00091theta + 0.00135omega + 0.00017theta^2 + 0.00063theta omega + -0.00074omega^2
    Eq omega Phys: -0.000393*omega**2 + 1.1e-5*omega*theta - 7.3e-5*omega - 3.0e-6*theta + 2.0e-5

--- Chunk 97 (98/220) | Start: 2024-08-15 08:40:00 ---
    RMSE omega (GP): 0.025857 | RMSE omega (Sim): 0.106093
    Loss: 47.3788 | Epoch: 66
    Eq omega: 0.006041 + -0.04011theta + -0.00400omega + -0.00287theta^2 + 0.00893theta omega + 0.00221omega^2
    Eq omega Phys: 0.000879*omega**2 + 0.000118*omega*theta + 0.000632*omega - 1.0e-6*theta**2 - 6.1e-5*theta - 0.000324

--- Chunk 98 (99/220) | Start: 2024-08-15 08:45:00 ---
    RMSE omega (GP): 0.033510 | RMSE omega (Sim): 0.072026
    Loss: 129.3052 | Epoch: 36
    Eq omega: 0.001031 + -0.00509theta + -0.00316omega + 0.00209theta^2 + 0.00220theta omega + 0.00044omega^2
    Eq omega Phys: 0.000214*omega**2 + 3.6e-5*omega*theta - 0.000171*omega + 1.0e-6*theta**2 - 1.0e-5*theta + 1.7e-5

--- Chunk 99 (100/220) | Start: 2024-08-15 08:50:00 ---
    RMSE omega (GP): 0.009665 | RMSE omega (Sim): 0.061149
    Loss: 17.7019 | Epoch: 1366
    Eq omega: 0.001321 + -0.00029theta + -0.00144omega + -0.00259theta^2 + 0.00062theta omega + -0.00652omega^2
    Eq omega Phys: -0.004502*omega**2 + 1.4e-5*omega*theta - 0.00013*omega - 2.0e-6*theta**2 + 2.3e-5*theta - 6.2e-5

  [Progress 100/220] Mean RMSE omega (GP): 0.014461 | (Sim): 0.099753 | Mean loss: 653.6256 | Valid GP: 78/100 | Valid Sim: 77/100 | Elapsed: 1686.8min | ETA: 2024.2min

--- Chunk 100 (101/220) | Start: 2024-08-15 08:55:00 ---
    RMSE omega (GP): 0.008538 | RMSE omega (Sim): 0.084972
    Loss: 5.9118 | Epoch: 1770
    Eq omega: -0.001041 + 0.00033theta + 0.00202omega + 0.00076theta^2 + 0.00012theta omega + -0.00230omega^2
    Eq omega Phys: -0.00118*omega**2 + 2.0e-6*omega*theta + 4.4e-5*omega - 1.0e-5*theta + 5.0e-5

--- Chunk 101 (102/220) | Start: 2024-08-15 09:00:00 ---
    RMSE omega (GP): 0.028938 | RMSE omega (Sim): 0.140154
    Loss: 136.5328 | Epoch: 377
    Eq omega: -0.004371 + 0.00050theta + -0.00566omega + 0.00012theta^2 + -0.00003theta omega + -0.00126omega^2
    Eq omega Phys: -0.000724*omega**2 - 0.e-6*omega*theta - 0.000183*omega - 0.e-6*theta - 6.0e-6

--- Chunk 102 (103/220) | Start: 2024-08-15 09:05:00 ---
    RMSE omega (GP): 0.010594 | RMSE omega (Sim): 0.071025
    Loss: 3.4521 | Epoch: 946
    Eq omega: 0.007141 + -0.33561theta + -0.02320omega + 0.00711theta^2 + 0.01281theta omega + -0.04054omega^2
    Eq omega Phys: -0.015259*omega**2 + 0.000161*omega*theta - 0.00202*omega + 3.0e-6*theta**2 - 0.000419*theta + 0.003092

--- Chunk 103 (104/220) | Start: 2024-08-15 09:10:00 ---
    RMSE omega (GP): 0.011110 | RMSE omega (Sim): 0.108249
    Loss: 15.1605 | Epoch: 944
    Eq omega: 0.001641 + -0.00342theta + -0.00066omega + 0.00011theta^2 + -0.00366theta omega + -0.00044omega^2
    Eq omega Phys: -0.000248*omega**2 - 6.9e-5*omega*theta + 7.0e-6*omega - 4.0e-6*theta + 5.0e-6

--- Chunk 104 (105/220) | Start: 2024-08-15 09:15:00 ---
    RMSE omega (GP): nan | RMSE omega (Sim): nan
    Loss: 472.4630 | Epoch: 34
    Eq omega: nan1 + nantheta + nanomega + nantheta^2 + nantheta omega + nanomega^2
    Eq omega Phys: N/A

--- Chunk 105 (106/220) | Start: 2024-08-15 09:20:00 ---
    RMSE omega (GP): 0.009076 | RMSE omega (Sim): 0.117970
    Loss: 6.0387 | Epoch: 1771
    Eq omega: -0.001281 + -0.60271theta + 0.00454omega + -0.00105theta^2 + -0.01656theta omega + 0.00472omega^2
    Eq omega Phys: 0.002278*omega**2 - 0.000266*omega*theta - 0.001123*omega - 0.e-6*theta**2 - 0.000675*theta - 0.003219

--- Chunk 106 (107/220) | Start: 2024-08-15 09:25:00 ---
    RMSE omega (GP): 0.008351 | RMSE omega (Sim): 0.203950
    Loss: 3.8195 | Epoch: 1264
    Eq omega: -0.000151 + -0.00484theta + -0.00086omega + -0.00537theta^2 + -0.00006theta omega + -0.00077omega^2
    Eq omega Phys: -0.000355*omega**2 - 0.e-6*omega*theta - 2.7e-5*omega - 3.0e-6*theta**2 + 7.0e-6*theta - 2.0e-6

--- Chunk 107 (108/220) | Start: 2024-08-15 09:30:00 ---
    RMSE omega (GP): 0.009794 | RMSE omega (Sim): 0.052837
    Loss: 10.4574 | Epoch: 1112
    Eq omega: 0.001101 + -2.75034theta + -0.00253omega + 0.00067theta^2 + 0.01097theta omega + -0.00850omega^2
    Eq omega Phys: -0.00467*omega**2 + 0.000201*omega*theta - 0.000304*omega - 0.003057*theta + 0.003348

--- Chunk 108 (109/220) | Start: 2024-08-15 09:35:00 ---
    RMSE omega (GP): 0.010021 | RMSE omega (Sim): 0.124003
    Loss: 10.5058 | Epoch: 2364
    Eq omega: -0.008191 + -0.51502theta + 0.00663omega + -0.00096theta^2 + -0.00207theta omega + -0.00326omega^2
    Eq omega Phys: -0.001751*omega**2 - 3.7e-5*omega*theta + 0.000428*omega - 0.e-6*theta**2 - 0.000566*theta + 0.003169

--- Chunk 109 (110/220) | Start: 2024-08-15 09:40:00 ---
    RMSE omega (GP): 0.010156 | RMSE omega (Sim): 0.067912
    Loss: 21.5720 | Epoch: 1523
    Eq omega: -0.001221 + -2.68998theta + -0.00616omega + 0.41008theta^2 + 0.15907theta omega + -0.03479omega^2
    Eq omega Phys: -0.025227*omega**2 + 0.003845*omega*theta + 0.002743*omega + 0.00033*theta**2 - 0.002482*theta - 0.0021

--- Chunk 110 (111/220) | Start: 2024-08-15 09:45:00 ---
    RMSE omega (GP): 0.008390 | RMSE omega (Sim): 0.085781
    Loss: 5.6872 | Epoch: 1101
    Eq omega: 0.000181 + 0.00098theta + 0.00767omega + 0.00019theta^2 + -0.00074theta omega + 0.00271omega^2
    Eq omega Phys: 0.00141*omega**2 - 1.3e-5*omega*theta + 0.000299*omega - 2.0e-6

--- Chunk 111 (112/220) | Start: 2024-08-15 09:50:00 ---
    RMSE omega (GP): 0.008761 | RMSE omega (Sim): 0.077697
    Loss: 6.8749 | Epoch: 1218
    Eq omega: 0.002721 + 0.00002theta + -0.00082omega + -0.00338theta^2 + 0.01363theta omega + -0.00340omega^2
    Eq omega Phys: -0.001786*omega**2 + 0.000239*omega*theta - 0.00072*omega - 2.0e-6*theta**2 + 1.1e-5*theta - 1.1e-5

--- Chunk 112 (113/220) | Start: 2024-08-15 09:55:00 ---
    RMSE omega (GP): nan | RMSE omega (Sim): nan
    Loss: 43.7793 | Epoch: 51
    Eq omega: nan1 + nantheta + nanomega + nantheta^2 + nantheta omega + nanomega^2
    Eq omega Phys: N/A

--- Chunk 113 (114/220) | Start: 2024-08-15 10:00:00 ---
    RMSE omega (GP): 0.009772 | RMSE omega (Sim): 0.098707
    Loss: 3.9047 | Epoch: 904
    Eq omega: 0.000621 + -0.00028theta + -0.00084omega + -0.00002theta^2 + -0.00008theta omega + -0.00112omega^2
    Eq omega Phys: -0.000447*omega**2 - 1.0e-6*omega*theta - 2.4e-5*omega + 3.0e-6

--- Chunk 114 (115/220) | Start: 2024-08-15 10:05:00 ---
    RMSE omega (GP): 0.010740 | RMSE omega (Sim): 0.179383
    Loss: 7.8686 | Epoch: 2413
    Eq omega: 0.000371 + -0.00191theta + -0.00293omega + 0.00203theta^2 + 0.00117theta omega + -0.00012omega^2
    Eq omega Phys: -5.5e-5*omega**2 + 1.8e-5*omega*theta - 0.000203*omega + 1.0e-6*theta**2 - 1.4e-5*theta + 5.0e-5

--- Chunk 115 (116/220) | Start: 2024-08-15 10:10:00 ---
    RMSE omega (GP): 0.009308 | RMSE omega (Sim): 0.114166
    Loss: 8.4643 | Epoch: 1226
    Eq omega: 0.002901 + -2.08373theta + -0.01302omega + -0.02349theta^2 + -1.24453theta omega + 0.00650omega^2
    Eq omega Phys: 0.003467*omega**2 - 0.022129*omega*theta + 0.008495*omega - 1.4e-5*theta**2 - 0.002304*theta + 0.000938

--- Chunk 116 (117/220) | Start: 2024-08-15 10:15:00 ---
/pfs/data6/home/ka/ka_iai/ka_bj2362/dsr/svise/run_analysis_5min_all_chunks_combo38.py:212: ODEintWarning: Excess work done on this call (perhaps wrong Dfun type). Run with full_output = 1 to get quantitative information.
  sol_scaled = odeint(drift, x0_scaled, t_scaled, full_output=False)
    RMSE omega (GP): 0.008101 | RMSE omega (Sim): nan
    Loss: 6.2656 | Epoch: 1199
    Eq omega: -0.116101 + -0.63069theta + 0.02255omega + 0.55659theta^2 + -0.00304theta omega + 0.00435omega^2
    Eq omega Phys: 0.00244*omega**2 - 5.7e-5*omega*theta + 0.000499*omega + 0.000347*theta**2 + 0.002385*theta + 0.003516

--- Chunk 117 (118/220) | Start: 2024-08-15 10:20:00 ---
    RMSE omega (GP): 0.009599 | RMSE omega (Sim): 0.112053
    Loss: 6.5621 | Epoch: 863
    Eq omega: -0.033651 + -1.14156theta + -0.01099omega + 0.00250theta^2 + 0.01044theta omega + -0.00172omega^2
    Eq omega Phys: -0.000828*omega**2 + 0.000168*omega*theta - 0.000128*omega + 1.0e-6*theta**2 - 0.001265*theta - 0.001879

--- Chunk 118 (119/220) | Start: 2024-08-15 10:25:00 ---
    RMSE omega (GP): nan | RMSE omega (Sim): nan
    Loss: 39.5993 | Epoch: 73
    Eq omega: nan1 + nantheta + nanomega + nantheta^2 + nantheta omega + nanomega^2
    Eq omega Phys: N/A

--- Chunk 119 (120/220) | Start: 2024-08-15 10:30:00 ---
    RMSE omega (GP): 0.009131 | RMSE omega (Sim): 0.115086
    Loss: 3.1217 | Epoch: 1744
    Eq omega: -0.019881 + -1.77034theta + 0.02028omega + -0.00805theta^2 + 0.02148theta omega + 0.12226omega^2
    Eq omega Phys: 0.050646*omega**2 + 0.000297*omega*theta + 0.000909*omega - 4.0e-6*theta**2 - 0.001973*theta - 0.001604

--- Chunk 120 (121/220) | Start: 2024-08-15 10:35:00 ---
    RMSE omega (GP): 0.010603 | RMSE omega (Sim): 0.062305
    Loss: 12.8572 | Epoch: 1240
    Eq omega: 0.000871 + 0.00121theta + -0.00114omega + -0.00005theta^2 + -0.00006theta omega + 0.00171omega^2
    Eq omega Phys: 0.000958*omega**2 - 1.0e-6*omega*theta - 3.5e-5*omega + 2.0e-6*theta - 3.0e-6

--- Chunk 121 (122/220) | Start: 2024-08-15 10:40:00 ---
    RMSE omega (GP): 0.007931 | RMSE omega (Sim): 0.057296
    Loss: 7.8760 | Epoch: 1825
    Eq omega: -0.007611 + -0.02723theta + 0.00459omega + -0.00230theta^2 + -0.00451theta omega + 0.00258omega^2
    Eq omega Phys: 0.001615*omega**2 - 9.4e-5*omega*theta + 0.00024*omega - 2.0e-6*theta**2 - 2.7e-5*theta + 1.3e-5

--- Chunk 122 (123/220) | Start: 2024-08-15 10:45:00 ---
    RMSE omega (GP): 0.028263 | RMSE omega (Sim): 0.066775
    Loss: 80.6768 | Epoch: 363
    Eq omega: -0.002981 + -0.06694theta + -0.00133omega + -0.00971theta^2 + 0.00141theta omega + 0.00131omega^2
    Eq omega Phys: 0.000636*omega**2 + 2.3e-5*omega*theta - 4.1e-5*omega - 5.0e-6*theta**2 - 7.6e-5*theta - 1.9e-5

--- Chunk 123 (124/220) | Start: 2024-08-15 10:50:00 ---
    RMSE omega (GP): 0.010701 | RMSE omega (Sim): 0.177795
    Loss: 8.0038 | Epoch: 1473
    Eq omega: 0.013141 + 0.00036theta + -0.00209omega + -0.00170theta^2 + -0.00092theta omega + 0.00769omega^2
    Eq omega Phys: 0.003477*omega**2 - 1.4e-5*omega*theta - 3.3e-5*omega - 0.e-6*theta**2 + 5.0e-6*theta + 2.5e-5

--- Chunk 124 (125/220) | Start: 2024-08-15 10:55:00 ---
    RMSE omega (GP): 0.018718 | RMSE omega (Sim): 0.070258
    Loss: 58.4504 | Epoch: 66
    Eq omega: 0.000211 + -0.00357theta + 0.00368omega + 0.00035theta^2 + -0.00019theta omega + 0.00173omega^2
    Eq omega Phys: 0.001006*omega**2 - 4.0e-6*omega*theta + 0.000109*omega - 2.0e-6*theta - 1.1e-5

--- Chunk 125 (126/220) | Start: 2024-08-15 11:00:00 ---
    RMSE omega (GP): 0.021183 | RMSE omega (Sim): 0.103544
    Loss: 42.6231 | Epoch: 50
    Eq omega: 0.017701 + -0.04619theta + 0.00865omega + -0.00187theta^2 + 0.00093theta omega + 0.00323omega^2
    Eq omega Phys: 0.001449*omega**2 + 1.4e-5*omega*theta + 0.000253*omega - 0.e-6*theta**2 - 4.7e-5*theta + 0.000169

--- Chunk 126 (127/220) | Start: 2024-08-15 11:05:00 ---
    RMSE omega (GP): nan | RMSE omega (Sim): nan
    Loss: 331.8366 | Epoch: 22
    Eq omega: nan1 + nantheta + nanomega + nantheta^2 + nantheta omega + nanomega^2
    Eq omega Phys: N/A

--- Chunk 127 (128/220) | Start: 2024-08-15 11:10:00 ---
    RMSE omega (GP): 0.008813 | RMSE omega (Sim): 0.105570
    Loss: 11.1937 | Epoch: 1547
    Eq omega: 0.000091 + -0.00009theta + 0.00063omega + -0.00048theta^2 + 0.00040theta omega + -0.00375omega^2
    Eq omega Phys: -0.002354*omega**2 + 8.0e-6*omega*theta - 9.0e-6*omega + 2.0e-6*theta - 4.0e-6

--- Chunk 128 (129/220) | Start: 2024-08-15 11:15:00 ---
    RMSE omega (GP): 0.007606 | RMSE omega (Sim): 0.057170
    Loss: 6.3315 | Epoch: 775
    Eq omega: -0.005851 + -0.00876theta + -0.00275omega + 0.00089theta^2 + 0.00083theta omega + -0.00625omega^2
    Eq omega Phys: -0.003807*omega**2 + 1.7e-5*omega*theta + 1.3e-5*omega + 1.0e-6*theta**2 - 2.0e-6*theta - 4.8e-5

--- Chunk 129 (130/220) | Start: 2024-08-15 11:20:00 ---
    RMSE omega (GP): 0.012956 | RMSE omega (Sim): 0.097922
    Loss: 8.7590 | Epoch: 2233
    Eq omega: -0.010191 + -0.76412theta + 0.00169omega + -0.00132theta^2 + 0.00303theta omega + 0.01161omega^2
    Eq omega Phys: 0.0046*omega**2 + 4.0e-5*omega*theta + 9.0e-6*omega - 0.e-6*theta**2 - 0.000848*theta + 0.000975

--- Chunk 130 (131/220) | Start: 2024-08-15 11:25:00 ---
    RMSE omega (GP): 0.009260 | RMSE omega (Sim): 0.098950
    Loss: 5.4460 | Epoch: 955
    Eq omega: -0.011461 + -2.16335theta + -0.01433omega + 0.07629theta^2 + -0.00867theta omega + -0.01077omega^2
    Eq omega Phys: -0.005123*omega**2 - 0.000137*omega*theta - 0.000101*omega + 4.0e-5*theta**2 - 0.002625*theta + 0.006857

--- Chunk 131 (132/220) | Start: 2024-08-15 11:30:00 ---
    RMSE omega (GP): 0.009464 | RMSE omega (Sim): 0.092760
    Loss: 6.6645 | Epoch: 1972
    Eq omega: -0.001901 + -0.90785theta + 0.00198omega + 0.01012theta^2 + -0.00539theta omega + 0.01836omega^2
    Eq omega Phys: 0.008996*omega**2 - 8.8e-5*omega*theta - 0.000252*omega + 6.0e-6*theta**2 - 0.000969*theta - 0.003576

--- Chunk 132 (133/220) | Start: 2024-08-15 11:35:00 ---
    RMSE omega (GP): 0.017005 | RMSE omega (Sim): 0.123886
    Loss: 27.0334 | Epoch: 167
    Eq omega: -0.007821 + -0.01015theta + -0.00509omega + 0.00008theta^2 + -0.00084theta omega + 0.00078omega^2
    Eq omega Phys: 0.000365*omega**2 - 1.3e-5*omega*theta - 0.000204*omega - 1.1e-5*theta - 4.8e-5

--- Chunk 133 (134/220) | Start: 2024-08-15 11:40:00 ---
    RMSE omega (GP): 0.007024 | RMSE omega (Sim): 0.084480
    Loss: 2.1532 | Epoch: 1316
    Eq omega: -0.030811 + -0.27995theta + -0.00520omega + -0.00053theta^2 + -0.00459theta omega + -0.00001omega^2
    Eq omega Phys: -5.0e-6*omega**2 - 7.3e-5*omega*theta - 0.000521*omega - 0.000314*theta - 0.00156

--- Chunk 134 (135/220) | Start: 2024-08-15 11:45:00 ---
    RMSE omega (GP): 0.010938 | RMSE omega (Sim): 0.125108
    Loss: 8.2474 | Epoch: 1317
    Eq omega: 0.014391 + -1.87304theta + 0.10459omega + -0.40927theta^2 + -0.04106theta omega + -0.00463omega^2
    Eq omega Phys: -0.002067*omega**2 - 0.000611*omega*theta + 0.002759*omega - 0.000203*theta**2 - 0.002565*theta - 0.00273

--- Chunk 135 (136/220) | Start: 2024-08-15 11:50:00 ---
    RMSE omega (GP): 0.030023 | RMSE omega (Sim): 0.149279
    Loss: -194.5160 | Epoch: 688
    Eq omega: -0.000391 + -0.00016theta + -0.00041omega + 0.00004theta^2 + -0.00027theta omega + -0.00045omega^2
    Eq omega Phys: -0.000207*omega**2 - 4.0e-6*omega*theta + 2.0e-5*omega - 0.e-6*theta + 2.0e-6

--- Chunk 136 (137/220) | Start: 2024-08-15 11:55:00 ---
    RMSE omega (GP): 0.011913 | RMSE omega (Sim): 0.212535
    Loss: 12.3035 | Epoch: 1807
    Eq omega: -0.017801 + -0.00010theta + -0.00109omega + 0.00001theta^2 + 0.00022theta omega + -0.00034omega^2
    Eq omega Phys: -0.00016*omega**2 + 3.0e-6*omega*theta + 1.0e-5*omega - 4.2e-5

--- Chunk 137 (138/220) | Start: 2024-08-15 12:00:00 ---
    RMSE omega (GP): 0.016603 | RMSE omega (Sim): 0.151070
    Loss: -324.5857 | Epoch: 816
    Eq omega: 0.005561 + -0.02737theta + 0.00246omega + -0.00055theta^2 + -0.00316theta omega + -0.00705omega^2
    Eq omega Phys: -0.003032*omega**2 - 4.5e-5*omega*theta + 0.000247*omega - 2.8e-5*theta + 0.000122

--- Chunk 138 (139/220) | Start: 2024-08-15 12:05:00 ---
    RMSE omega (GP): 0.011954 | RMSE omega (Sim): 0.066254
    Loss: 14.2459 | Epoch: 1527
    Eq omega: -0.000611 + -0.00026theta + 0.00067omega + 0.00010theta^2 + -0.00047theta omega + -0.00033omega^2
    Eq omega Phys: -0.000167*omega**2 - 8.0e-6*omega*theta + 8.2e-5*omega - 1.0e-6*theta + 4.0e-6

--- Chunk 139 (140/220) | Start: 2024-08-15 12:10:00 ---
    RMSE omega (GP): 0.049624 | RMSE omega (Sim): 0.073160
    Loss: 616.2625 | Epoch: 37
    Eq omega: -0.000241 + 0.00586theta + 0.00277omega + 0.00011theta^2 + 0.00135theta omega + 0.00013omega^2
    Eq omega Phys: 7.6e-5*omega**2 + 2.6e-5*omega*theta - 0.00013*omega + 5.0e-6*theta - 5.0e-5

--- Chunk 140 (141/220) | Start: 2024-08-15 12:15:00 ---
    RMSE omega (GP): nan | RMSE omega (Sim): nan
    Loss: 189.4091 | Epoch: 22
    Eq omega: nan1 + nantheta + nanomega + nantheta^2 + nantheta omega + nanomega^2
    Eq omega Phys: N/A

--- Chunk 141 (142/220) | Start: 2024-08-15 12:20:00 ---
    RMSE omega (GP): 0.010722 | RMSE omega (Sim): 0.094839
    Loss: 13.5303 | Epoch: 1912
    Eq omega: -0.002681 + -0.00322theta + 0.00765omega + 0.00067theta^2 + -0.00097theta omega + 0.00242omega^2
    Eq omega Phys: 0.00136*omega**2 - 1.8e-5*omega*theta - 1.8e-5*omega + 9.0e-6*theta + 3.6e-5

--- Chunk 142 (143/220) | Start: 2024-08-15 12:25:00 ---
    RMSE omega (GP): 0.011211 | RMSE omega (Sim): 0.109736
    Loss: 11.1386 | Epoch: 1449
    Eq omega: -0.001191 + 0.00130theta + -0.00064omega + -0.00015theta^2 + -0.00041theta omega + 0.00016omega^2
    Eq omega Phys: 7.8e-5*omega**2 - 7.0e-6*omega*theta - 8.7e-5*omega + 4.0e-6

--- Chunk 143 (144/220) | Start: 2024-08-15 12:30:00 ---
    RMSE omega (GP): 0.010151 | RMSE omega (Sim): 0.150456
    Loss: 9.4039 | Epoch: 1853
    Eq omega: -0.003441 + 0.00019theta + -0.00244omega + 0.00081theta^2 + 0.00227theta omega + -0.00442omega^2
    Eq omega Phys: -0.002305*omega**2 + 3.9e-5*omega*theta - 0.000157*omega - 2.0e-6*theta - 6.0e-6

--- Chunk 144 (145/220) | Start: 2024-08-15 12:35:00 ---
    RMSE omega (GP): 0.018632 | RMSE omega (Sim): 0.159268
    Loss: 20.1740 | Epoch: 842
    Eq omega: 0.002211 + 0.00016theta + -0.00092omega + -0.00013theta^2 + 0.00006theta omega + -0.00180omega^2
    Eq omega Phys: -0.000832*omega**2 + 1.0e-6*omega*theta - 4.0e-5*omega + 2.0e-6*theta - 4.0e-6

--- Chunk 145 (146/220) | Start: 2024-08-15 12:40:00 ---
    RMSE omega (GP): nan | RMSE omega (Sim): nan
    Loss: 303.2482 | Epoch: 36
    Eq omega: nan1 + nantheta + nanomega + nantheta^2 + nantheta omega + nanomega^2
    Eq omega Phys: N/A

--- Chunk 146 (147/220) | Start: 2024-08-15 12:45:00 ---
    RMSE omega (GP): nan | RMSE omega (Sim): nan
    Loss: 76.5703 | Epoch: 56
    Eq omega: nan1 + nantheta + nanomega + nantheta^2 + nantheta omega + nanomega^2
    Eq omega Phys: N/A

--- Chunk 147 (148/220) | Start: 2024-08-15 12:50:00 ---
    RMSE omega (GP): 0.009351 | RMSE omega (Sim): 0.088421
    Loss: 11.0066 | Epoch: 888
    Eq omega: -0.000561 + -1.52804theta + 0.00573omega + 0.00931theta^2 + 0.00388theta omega + -0.00362omega^2
    Eq omega Phys: -0.002124*omega**2 + 7.6e-5*omega*theta + 0.000354*omega + 6.0e-6*theta**2 - 0.001672*theta - 0.003627

--- Chunk 148 (149/220) | Start: 2024-08-15 12:55:00 ---
    RMSE omega (GP): 0.010110 | RMSE omega (Sim): 0.120731
    Loss: 3.0166 | Epoch: 622
    Eq omega: -0.004241 + -0.01653theta + -0.00085omega + -0.00102theta^2 + 0.00058theta omega + -0.00016omega^2
    Eq omega Phys: -5.8e-5*omega**2 + 7.0e-6*omega*theta - 2.7e-5*omega - 1.9e-5*theta - 1.7e-5

--- Chunk 149 (150/220) | Start: 2024-08-15 13:00:00 ---
    RMSE omega (GP): 0.011450 | RMSE omega (Sim): 0.097698
    Loss: 4.3214 | Epoch: 868
    Eq omega: 0.009701 + -0.01271theta + -0.00036omega + 0.01363theta^2 + 0.00063theta omega + 0.00866omega^2
    Eq omega Phys: 0.00317*omega**2 + 8.0e-6*omega*theta + 1.9e-5*omega + 6.0e-6*theta**2 + 3.1e-5*theta + 6.4e-5

  [Progress 150/220] Mean RMSE omega (GP): 0.013971 | (Sim): 0.102792 | Mean loss: 450.4286 | Valid GP: 121/150 | Valid Sim: 119/150 | Elapsed: 1704.1min | ETA: 795.2min

--- Chunk 150 (151/220) | Start: 2024-08-15 13:05:00 ---
    RMSE omega (GP): nan | RMSE omega (Sim): nan
    Loss: 17.6280 | Epoch: 236
    Eq omega: nan1 + nantheta + nanomega + nantheta^2 + nantheta omega + nanomega^2
    Eq omega Phys: N/A

--- Chunk 151 (152/220) | Start: 2024-08-15 13:10:00 ---
    RMSE omega (GP): 0.009438 | RMSE omega (Sim): 0.094346
    Loss: 10.6718 | Epoch: 1355
    Eq omega: 0.001441 + -0.00633theta + -0.01252omega + 0.00024theta^2 + -0.00199theta omega + -0.00039omega^2
    Eq omega Phys: -0.000223*omega**2 - 3.8e-5*omega*theta - 0.000402*omega - 7.0e-6*theta + 6.0e-6

--- Chunk 152 (153/220) | Start: 2024-08-15 13:15:00 ---
    RMSE omega (GP): 0.010671 | RMSE omega (Sim): 0.107120
    Loss: 6.1791 | Epoch: 1093
    Eq omega: 0.000151 + 0.00207theta + -0.00100omega + -0.00032theta^2 + 0.00280theta omega + -0.00030omega^2
    Eq omega Phys: -0.000126*omega**2 + 3.9e-5*omega*theta - 0.00012*omega + 3.0e-6*theta - 5.0e-6

--- Chunk 153 (154/220) | Start: 2024-08-15 13:20:00 ---
    RMSE omega (GP): 0.011254 | RMSE omega (Sim): 0.241402
    Loss: 9.9459 | Epoch: 1824
    Eq omega: 0.000071 + -0.00007theta + 0.00004omega + 0.00000theta^2 + -0.00022theta omega + 0.00046omega^2
    Eq omega Phys: 0.000221*omega**2 - 4.0e-6*omega*theta - 5.1e-5*omega - 0.e-6

--- Chunk 154 (155/220) | Start: 2024-08-15 13:25:00 ---
    RMSE omega (GP): nan | RMSE omega (Sim): nan
    Loss: 465.7178 | Epoch: 82
    Eq omega: nan1 + nantheta + nanomega + nantheta^2 + nantheta omega + nanomega^2
    Eq omega Phys: N/A

--- Chunk 155 (156/220) | Start: 2024-08-15 13:30:00 ---
    RMSE omega (GP): 0.044440 | RMSE omega (Sim): 0.106173
    Loss: 341.1985 | Epoch: 34
    Eq omega: -0.003381 + -0.00502theta + 0.00304omega + -0.00105theta^2 + -0.00002theta omega + -0.00543omega^2
    Eq omega Phys: -0.00288*omega**2 + 0.000105*omega - 0.e-6*theta**2 + 8.0e-6*theta - 1.7e-5

--- Chunk 156 (157/220) | Start: 2024-08-15 13:35:00 ---
    RMSE omega (GP): 0.008225 | RMSE omega (Sim): 0.085603
    Loss: 4.8855 | Epoch: 1316
    Eq omega: 0.001241 + 0.00023theta + 0.00109omega + 0.00028theta^2 + 0.00001theta omega + -0.00004omega^2
    Eq omega Phys: -2.0e-5*omega**2 + 3.5e-5*omega - 1.0e-6*theta + 6.0e-6

--- Chunk 157 (158/220) | Start: 2024-08-15 13:40:00 ---
    RMSE omega (GP): 0.022111 | RMSE omega (Sim): 0.063027
    Loss: 249.0748 | Epoch: 87
    Eq omega: -0.012051 + -0.00279theta + -0.00136omega + -0.00037theta^2 + -0.00010theta omega + 0.00001omega^2
    Eq omega Phys: 7.0e-6*omega**2 - 2.0e-6*omega*theta + 1.4e-5*omega + 1.1e-5*theta - 0.000118

--- Chunk 158 (159/220) | Start: 2024-08-15 13:45:00 ---
    RMSE omega (GP): nan | RMSE omega (Sim): nan
    Loss: 194.6936 | Epoch: 33
    Eq omega: nan1 + nantheta + nanomega + nantheta^2 + nantheta omega + nanomega^2
    Eq omega Phys: N/A

--- Chunk 159 (160/220) | Start: 2024-08-15 13:50:00 ---
    RMSE omega (GP): 0.009614 | RMSE omega (Sim): 0.069847
    Loss: 2.2115 | Epoch: 1422
    Eq omega: -0.005941 + -1.81778theta + -0.01380omega + -0.02090theta^2 + 0.11999theta omega + 0.00094omega^2
    Eq omega Phys: 0.000343*omega**2 + 0.001458*omega*theta - 0.003516*omega - 8.0e-6*theta**2 - 0.001984*theta + 0.004178

--- Chunk 160 (161/220) | Start: 2024-08-15 13:55:00 ---
    RMSE omega (GP): 0.009293 | RMSE omega (Sim): 0.122404
    Loss: 5.4126 | Epoch: 827
    Eq omega: -0.085491 + -0.56970theta + -0.14429omega + -0.01368theta^2 + 0.00552theta omega + 0.00259omega^2
    Eq omega Phys: 0.001154*omega**2 + 8.2e-5*omega*theta - 0.004112*omega - 7.0e-6*theta**2 - 0.000748*theta - 0.006094

--- Chunk 161 (162/220) | Start: 2024-08-15 14:00:00 ---
    RMSE omega (GP): nan | RMSE omega (Sim): nan
    Loss: 425.9126 | Epoch: 17
    Eq omega: nan1 + nantheta + nanomega + nantheta^2 + nantheta omega + nanomega^2
    Eq omega Phys: N/A

--- Chunk 162 (163/220) | Start: 2024-08-15 14:05:00 ---
    RMSE omega (GP): nan | RMSE omega (Sim): nan
    Loss: 126.6477 | Epoch: 39
    Eq omega: nan1 + nantheta + nanomega + nantheta^2 + nantheta omega + nanomega^2
    Eq omega Phys: N/A

--- Chunk 163 (164/220) | Start: 2024-08-15 14:10:00 ---
    RMSE omega (GP): 0.017331 | RMSE omega (Sim): 0.167001
    Loss: 12.2530 | Epoch: 143
    Eq omega: -0.009921 + -0.39438theta + -0.00112omega + 0.02354theta^2 + 0.00567theta omega + 0.00143omega^2
    Eq omega Phys: 0.000469*omega**2 + 6.2e-5*omega*theta + 0.000172*omega + 9.0e-6*theta**2 - 0.00038*theta - 0.001417

--- Chunk 164 (165/220) | Start: 2024-08-15 14:15:00 ---
    RMSE omega (GP): nan | RMSE omega (Sim): nan
    Loss: 230.9689 | Epoch: 71
    Eq omega: nan1 + nantheta + nanomega + nantheta^2 + nantheta omega + nanomega^2
    Eq omega Phys: N/A

--- Chunk 165 (166/220) | Start: 2024-08-15 14:20:00 ---
    RMSE omega (GP): 0.014783 | RMSE omega (Sim): 0.101366
    Loss: 13.2452 | Epoch: 1184
    Eq omega: 0.001911 + -0.00019theta + -0.00043omega + 0.00129theta^2 + 0.00016theta omega + -0.00094omega^2
    Eq omega Phys: -0.000379*omega**2 + 2.0e-6*omega*theta - 2.0e-6*omega + 1.0e-6*theta**2 + 6.0e-6*theta + 2.3e-5

--- Chunk 166 (167/220) | Start: 2024-08-15 14:25:00 ---
    RMSE omega (GP): nan | RMSE omega (Sim): nan
    Loss: 95.3475 | Epoch: 37
    Eq omega: nan1 + nantheta + nanomega + nantheta^2 + nantheta omega + nanomega^2
    Eq omega Phys: N/A

--- Chunk 167 (168/220) | Start: 2024-08-15 14:30:00 ---
    RMSE omega (GP): 0.024345 | RMSE omega (Sim): 0.100450
    Loss: 45.3318 | Epoch: 60
    Eq omega: -0.003951 + -0.41617theta + -0.01484omega + 0.07819theta^2 + -0.07373theta omega + 0.00414omega^2
    Eq omega Phys: 0.00171*omega**2 - 0.001015*omega*theta - 0.004217*omega + 3.6e-5*theta**2 - 0.000199*theta - 0.001224

--- Chunk 168 (169/220) | Start: 2024-08-15 14:35:00 ---
    RMSE omega (GP): 0.022746 | RMSE omega (Sim): 0.080977
    Loss: 69.0416 | Epoch: 56
    Eq omega: -0.001051 + -0.02702theta + -0.00138omega + -0.02652theta^2 + -0.00332theta omega + -0.00002omega^2
    Eq omega Phys: -1.1e-5*omega**2 - 5.8e-5*omega*theta - 3.3e-5*omega - 1.5e-5*theta**2 - 2.3e-5*theta + 4.0e-6

--- Chunk 169 (170/220) | Start: 2024-08-15 14:40:00 ---
    RMSE omega (GP): 0.011546 | RMSE omega (Sim): 0.094943
    Loss: 8.3888 | Epoch: 1031
    Eq omega: -0.003561 + -1.38251theta + -0.00593omega + -0.03227theta^2 + 0.00198theta omega + -0.00212omega^2
    Eq omega Phys: -0.000929*omega**2 + 2.9e-5*omega*theta - 0.000232*omega - 1.6e-5*theta**2 - 0.001498*theta + 0.001807

--- Chunk 170 (171/220) | Start: 2024-08-15 14:45:00 ---
    RMSE omega (GP): nan | RMSE omega (Sim): nan
    Loss: 757.3762 | Epoch: 28
    Eq omega: nan1 + nantheta + nanomega + nantheta^2 + nantheta omega + nanomega^2
    Eq omega Phys: N/A

--- Chunk 171 (172/220) | Start: 2024-08-15 14:50:00 ---
    RMSE omega (GP): 0.011064 | RMSE omega (Sim): 0.100862
    Loss: 5.3519 | Epoch: 1403
    Eq omega: -0.001731 + -0.00519theta + 0.00536omega + -0.00194theta^2 + -0.01034theta omega + 0.00743omega^2
    Eq omega Phys: 0.002897*omega**2 - 0.000134*omega*theta + 0.00135*omega - 0.e-6*theta**2 + 9.0e-6*theta - 1.8e-5

--- Chunk 172 (173/220) | Start: 2024-08-15 14:55:00 ---
    RMSE omega (GP): 0.011141 | RMSE omega (Sim): 0.092749
    Loss: 7.4819 | Epoch: 1150
    Eq omega: -0.000131 + -0.00048theta + -0.00070omega + 0.00075theta^2 + 0.00019theta omega + -0.00068omega^2
    Eq omega Phys: -0.000293*omega**2 + 3.0e-6*omega*theta - 1.6e-5*omega + 1.0e-6*theta + 1.0e-6

--- Chunk 173 (174/220) | Start: 2024-08-15 15:00:00 ---
    RMSE omega (GP): nan | RMSE omega (Sim): nan
    Loss: 151.5524 | Epoch: 62
    Eq omega: nan1 + nantheta + nanomega + nantheta^2 + nantheta omega + nanomega^2
    Eq omega Phys: N/A

--- Chunk 174 (175/220) | Start: 2024-08-15 15:05:00 ---
    RMSE omega (GP): 0.012794 | RMSE omega (Sim): 0.128228
    Loss: 8.3256 | Epoch: 1764
    Eq omega: 0.008591 + -0.00555theta + -0.00259omega + 0.00339theta^2 + -0.00533theta omega + -0.00149omega^2
    Eq omega Phys: -0.000594*omega**2 - 7.1e-5*omega*theta + 0.000291*omega + 2.0e-6*theta**2 - 2.2e-5*theta + 9.9e-5

--- Chunk 175 (176/220) | Start: 2024-08-15 15:10:00 ---
    RMSE omega (GP): 0.012233 | RMSE omega (Sim): 0.184446
    Loss: 4.6290 | Epoch: 1151
    Eq omega: -0.005471 + -0.27162theta + -0.01510omega + 0.00145theta^2 + 0.00247theta omega + 0.00141omega^2
    Eq omega Phys: 0.00048*omega**2 + 2.8e-5*omega*theta - 0.000642*omega + 1.0e-6*theta**2 - 0.000307*theta + 0.001482

--- Chunk 176 (177/220) | Start: 2024-08-15 15:15:00 ---
    RMSE omega (GP): 0.066322 | RMSE omega (Sim): 0.076468
    Loss: 577.6279 | Epoch: 30
    Eq omega: -0.000891 + 0.00477theta + -0.00091omega + -0.00038theta^2 + -0.00219theta omega + -0.00053omega^2
    Eq omega Phys: -0.000249*omega**2 - 3.4e-5*omega*theta - 0.000395*omega + 1.0e-6*theta + 3.2e-5

--- Chunk 177 (178/220) | Start: 2024-08-15 15:20:00 ---
    RMSE omega (GP): 0.010711 | RMSE omega (Sim): 0.068845
    Loss: 8.5244 | Epoch: 1423
    Eq omega: -0.004981 + -0.00033theta + 0.00053omega + -0.00018theta^2 + 0.00043theta omega + 0.00204omega^2
    Eq omega Phys: 0.000982*omega**2 + 7.0e-6*omega*theta + 8.6e-5*omega - 2.0e-6*theta - 2.4e-5

--- Chunk 178 (179/220) | Start: 2024-08-15 15:25:00 ---
    RMSE omega (GP): 0.018818 | RMSE omega (Sim): 0.033535
    Loss: 142.2020 | Epoch: 919
    Eq omega: 0.002261 + -0.00002theta + 0.00230omega + -0.00116theta^2 + 0.00002theta omega + -0.00001omega^2
    Eq omega Phys: -9.0e-6*omega**2 + 1.0e-6*omega*theta + 9.3e-5*omega - 1.0e-6*theta**2 - 6.3e-5*theta - 0.000829

--- Chunk 179 (180/220) | Start: 2024-08-15 15:30:00 ---
    RMSE omega (GP): 0.011911 | RMSE omega (Sim): 0.111855
    Loss: 3.6904 | Epoch: 3012
    Eq omega: 0.000931 + -0.00008theta + -0.00509omega + 0.00001theta^2 + 0.00003theta omega + 0.00032omega^2
    Eq omega Phys: 0.000115*omega**2 - 0.000159*omega + 4.0e-6

--- Chunk 180 (181/220) | Start: 2024-08-15 15:35:00 ---
    RMSE omega (GP): nan | RMSE omega (Sim): nan
    Loss: 51.7133 | Epoch: 165
    Eq omega: nan1 + nantheta + nanomega + nantheta^2 + nantheta omega + nanomega^2
    Eq omega Phys: N/A

--- Chunk 181 (182/220) | Start: 2024-08-15 15:40:00 ---
    RMSE omega (GP): 0.008789 | RMSE omega (Sim): 0.109616
    Loss: 1.5673 | Epoch: 2003
    Eq omega: -0.018481 + -0.39473theta + -0.00336omega + -0.00275theta^2 + 0.00113theta omega + 0.01689omega^2
    Eq omega Phys: 0.006526*omega**2 + 1.5e-5*omega*theta - 8.8e-5*omega - 1.0e-6*theta**2 - 0.000442*theta - 0.000767

--- Chunk 182 (183/220) | Start: 2024-08-15 15:45:00 ---
    RMSE omega (GP): 0.027571 | RMSE omega (Sim): 0.087234
    Loss: 59.0187 | Epoch: 851
    Eq omega: -0.000421 + -0.00579theta + -0.00019omega + -0.00140theta^2 + -0.00451theta omega + 0.00036omega^2
    Eq omega Phys: 0.00015*omega**2 - 6.3e-5*omega*theta + 0.000383*omega - 0.e-6*theta**2 + 2.0e-6*theta + 1.4e-5

--- Chunk 183 (184/220) | Start: 2024-08-15 15:50:00 ---
    RMSE omega (GP): nan | RMSE omega (Sim): nan
    Loss: 2489.8000 | Epoch: 17
    Eq omega: nan1 + nantheta + nanomega + nantheta^2 + nantheta omega + nanomega^2
    Eq omega Phys: N/A

--- Chunk 184 (185/220) | Start: 2024-08-15 15:55:00 ---
    RMSE omega (GP): 0.025949 | RMSE omega (Sim): 0.088636
    Loss: 96.7125 | Epoch: 381
    Eq omega: -0.000561 + -0.00058theta + 0.00128omega + -0.00028theta^2 + 0.00047theta omega + 0.00004omega^2
    Eq omega Phys: 2.0e-5*omega**2 + 8.0e-6*omega*theta + 0.000204*omega - 7.0e-6*theta - 8.0e-5

--- Chunk 185 (186/220) | Start: 2024-08-15 16:00:00 ---
    RMSE omega (GP): 0.034319 | RMSE omega (Sim): 0.080843
    Loss: -121.1497 | Epoch: 340
    Eq omega: -0.003501 + -0.08934theta + 0.00135omega + 0.00024theta^2 + 0.00855theta omega + 0.00319omega^2
    Eq omega Phys: 0.001155*omega**2 + 0.000103*omega*theta + 0.001725*omega - 9.6e-5*theta - 0.001601

--- Chunk 186 (187/220) | Start: 2024-08-15 16:05:00 ---
    RMSE omega (GP): 0.009873 | RMSE omega (Sim): 0.076270
    Loss: 5.3860 | Epoch: 1001
    Eq omega: -0.252041 + -3.39989theta + 0.00699omega + 1.35995theta^2 + -0.28678theta omega + 0.00174omega^2
    Eq omega Phys: 0.000755*omega**2 - 0.004146*omega*theta + 0.002118*omega + 0.000655*theta**2 - 0.004374*theta + 0.001207

--- Chunk 187 (188/220) | Start: 2024-08-15 16:10:00 ---
    RMSE omega (GP): 0.011540 | RMSE omega (Sim): 0.088507
    Loss: 9.1485 | Epoch: 825
    Eq omega: 0.000471 + 0.00153theta + -0.00213omega + -0.00001theta^2 + 0.00013theta omega + -0.00175omega^2
    Eq omega Phys: -0.000769*omega**2 + 2.0e-6*omega*theta - 9.1e-5*omega + 2.0e-6*theta - 1.7e-5

--- Chunk 188 (189/220) | Start: 2024-08-15 16:15:00 ---
    RMSE omega (GP): 0.009065 | RMSE omega (Sim): 0.134140
    Loss: 3.8229 | Epoch: 994
    Eq omega: 0.003681 + -0.00550theta + -0.00276omega + -0.00292theta^2 + 0.00268theta omega + -0.00044omega^2
    Eq omega Phys: -0.00019*omega**2 + 3.9e-5*omega*theta - 0.000279*omega - 1.0e-6*theta**2 + 7.0e-6*theta + 6.0e-6

--- Chunk 189 (190/220) | Start: 2024-08-15 16:20:00 ---
    RMSE omega (GP): nan | RMSE omega (Sim): nan
    Loss: 93.4074 | Epoch: 59
    Eq omega: nan1 + nantheta + nanomega + nantheta^2 + nantheta omega + nanomega^2
    Eq omega Phys: N/A

--- Chunk 190 (191/220) | Start: 2024-08-15 16:25:00 ---
    RMSE omega (GP): 0.042195 | RMSE omega (Sim): 0.151441
    Loss: 127.1893 | Epoch: 64
    Eq omega: -0.025861 + -0.00566theta + 0.00208omega + -0.00003theta^2 + 0.00109theta omega + -0.00600omega^2
    Eq omega Phys: -0.002066*omega**2 + 1.3e-5*omega*theta + 6.3e-5*omega - 6.0e-6*theta - 8.0e-5

--- Chunk 191 (192/220) | Start: 2024-08-15 16:30:00 ---
    RMSE omega (GP): 0.011096 | RMSE omega (Sim): 0.081136
    Loss: 10.2949 | Epoch: 852
    Eq omega: 0.001701 + -0.05612theta + -0.00676omega + 0.00010theta^2 + -0.00090theta omega + -0.00575omega^2
    Eq omega Phys: -0.002782*omega**2 - 1.5e-5*omega*theta - 0.000293*omega - 6.2e-5*theta - 0.000287

--- Chunk 192 (193/220) | Start: 2024-08-15 16:35:00 ---
    RMSE omega (GP): nan | RMSE omega (Sim): nan
    Loss: 27.3536 | Epoch: 78
    Eq omega: nan1 + nantheta + nanomega + nantheta^2 + nantheta omega + nanomega^2
    Eq omega Phys: N/A

--- Chunk 193 (194/220) | Start: 2024-08-15 16:40:00 ---
    RMSE omega (GP): 0.022866 | RMSE omega (Sim): 0.103645
    Loss: 35.3389 | Epoch: 129
    Eq omega: 0.002571 + -0.27252theta + 0.00328omega + 0.00784theta^2 + 0.00253theta omega + -0.00158omega^2
    Eq omega Phys: -0.000608*omega**2 + 3.2e-5*omega*theta + 0.000172*omega + 3.0e-6*theta**2 - 0.00029*theta - 0.000561

--- Chunk 194 (195/220) | Start: 2024-08-15 16:45:00 ---
    RMSE omega (GP): nan | RMSE omega (Sim): nan
    Loss: 365.0399 | Epoch: 22
    Eq omega: nan1 + nantheta + nanomega + nantheta^2 + nantheta omega + nanomega^2
    Eq omega Phys: N/A

--- Chunk 195 (196/220) | Start: 2024-08-15 16:50:00 ---
    RMSE omega (GP): 0.025368 | RMSE omega (Sim): 0.071854
    Loss: 46.5582 | Epoch: 154
    Eq omega: -0.000911 + -0.03678theta + -0.00008omega + -0.00042theta^2 + -0.01416theta omega + 0.00118omega^2
    Eq omega Phys: 0.000471*omega**2 - 0.000188*omega*theta + 0.001898*omega - 3.7e-5*theta + 0.000391

--- Chunk 196 (197/220) | Start: 2024-08-15 16:55:00 ---
    RMSE omega (GP): 0.010703 | RMSE omega (Sim): 0.145830
    Loss: 6.8434 | Epoch: 1712
    Eq omega: 0.000301 + 0.00346theta + -0.00023omega + -0.00042theta^2 + 0.00098theta omega + 0.00158omega^2
    Eq omega Phys: 0.000697*omega**2 + 1.4e-5*omega*theta + 0.000101*omega + 1.0e-6*theta + 1.8e-5

--- Chunk 197 (198/220) | Start: 2024-08-15 17:00:00 ---
    RMSE omega (GP): 0.019766 | RMSE omega (Sim): 0.042836
    Loss: 237.3715 | Epoch: 744
    Eq omega: -0.000431 + -0.00016theta + 0.00658omega + 0.00047theta^2 + 0.00004theta omega + -0.00004omega^2
    Eq omega Phys: -4.4e-5*omega**2 + 1.0e-6*omega*theta + 0.000195*omega + 1.0e-6*theta**2 - 1.9e-5*theta + 0.000157

--- Chunk 198 (199/220) | Start: 2024-08-15 17:05:00 ---
    RMSE omega (GP): 0.011412 | RMSE omega (Sim): 0.081225
    Loss: 4.9591 | Epoch: 1649
    Eq omega: -0.000071 + 0.00054theta + 0.00094omega + -0.02239theta^2 + 0.00007theta omega + -0.00030omega^2
    Eq omega Phys: -0.000113*omega**2 + 1.0e-6*omega*theta + 2.2e-5*omega - 9.0e-6*theta**2 + 0.000193*theta - 0.000998

--- Chunk 199 (200/220) | Start: 2024-08-15 17:10:00 ---
    RMSE omega (GP): 0.011161 | RMSE omega (Sim): 0.220573
    Loss: 1.1497 | Epoch: 1983
    Eq omega: -0.000511 + -0.00047theta + 0.00001omega + 0.00060theta^2 + -0.00091theta omega + 0.00254omega^2
    Eq omega Phys: 0.000742*omega**2 - 9.0e-6*omega*theta + 2.3e-5*omega - 2.0e-6*theta + 1.0e-6

  [Progress 200/220] Mean RMSE omega (GP): 0.014923 | (Sim): 0.103404 | Mean loss: 375.5866 | Valid GP: 157/200 | Valid Sim: 155/200 | Elapsed: 1716.1min | ETA: 171.6min

--- Chunk 200 (201/220) | Start: 2024-08-15 17:15:00 ---
    RMSE omega (GP): 0.011339 | RMSE omega (Sim): 0.064561
    Loss: 13.0446 | Epoch: 1369
    Eq omega: -0.000111 + -0.00010theta + -0.00187omega + 0.00033theta^2 + 0.00087theta omega + -0.00298omega^2
    Eq omega Phys: -0.001538*omega**2 + 1.5e-5*omega*theta - 0.000123*omega - 2.0e-6*theta + 3.0e-6

--- Chunk 201 (202/220) | Start: 2024-08-15 17:20:00 ---
    RMSE omega (GP): nan | RMSE omega (Sim): nan
    Loss: 469.7485 | Epoch: 15
    Eq omega: nan1 + nantheta + nanomega + nantheta^2 + nantheta omega + nanomega^2
    Eq omega Phys: N/A

--- Chunk 202 (203/220) | Start: 2024-08-15 17:25:00 ---
    RMSE omega (GP): 0.008992 | RMSE omega (Sim): 0.038234
    Loss: 28.3750 | Epoch: 2964
    Eq omega: -0.003221 + -0.00004theta + -0.00461omega + 0.00003theta^2 + -0.00005theta omega + 0.00014omega^2
    Eq omega Phys: 0.000129*omega**2 - 2.0e-6*omega*theta - 0.000125*omega - 1.0e-6*theta + 7.0e-6

--- Chunk 203 (204/220) | Start: 2024-08-15 17:30:00 ---
    RMSE omega (GP): 0.034215 | RMSE omega (Sim): 0.136691
    Loss: 16.2935 | Epoch: 479
    Eq omega: -0.001191 + -0.02869theta + 0.00011omega + -0.00014theta^2 + 0.00131theta omega + 0.00129omega^2
    Eq omega Phys: 0.000352*omega**2 + 1.2e-5*omega*theta - 4.1e-5*omega - 3.2e-5*theta + 0.000115

--- Chunk 204 (205/220) | Start: 2024-08-15 17:35:00 ---
    RMSE omega (GP): nan | RMSE omega (Sim): nan
    Loss: 3127.4497 | Epoch: 18
    Eq omega: nan1 + nantheta + nanomega + nantheta^2 + nantheta omega + nanomega^2
    Eq omega Phys: N/A

--- Chunk 205 (206/220) | Start: 2024-08-15 17:40:00 ---
    RMSE omega (GP): 0.009119 | RMSE omega (Sim): 0.098136
    Loss: -0.0664 | Epoch: 2059
    Eq omega: -0.003941 + -0.09127theta + -0.02285omega + 0.09609theta^2 + 0.00764theta omega + -0.01483omega^2
    Eq omega Phys: -0.004525*omega**2 + 7.8e-5*omega*theta + 0.000242*omega + 3.3e-5*theta**2 + 0.00074*theta + 0.004111

--- Chunk 206 (207/220) | Start: 2024-08-15 17:45:00 ---
    RMSE omega (GP): 0.029492 | RMSE omega (Sim): 0.095672
    Loss: 34.0733 | Epoch: 704
    Eq omega: 0.007611 + -0.00364theta + -0.00390omega + -0.01548theta^2 + 0.00074theta omega + 0.00151omega^2
    Eq omega Phys: 0.00087*omega**2 + 1.4e-5*omega*theta - 0.00023*omega - 1.0e-5*theta**2 + 0.000135*theta - 0.000448

--- Chunk 207 (208/220) | Start: 2024-08-15 17:50:00 ---
    RMSE omega (GP): nan | RMSE omega (Sim): nan
    Loss: 159.9891 | Epoch: 20
    Eq omega: nan1 + nantheta + nanomega + nantheta^2 + nantheta omega + nanomega^2
    Eq omega Phys: N/A

--- Chunk 208 (209/220) | Start: 2024-08-15 17:55:00 ---
    RMSE omega (GP): 0.010184 | RMSE omega (Sim): 0.055938
    Loss: 25.9137 | Epoch: 903
    Eq omega: -0.000871 + 0.00006theta + -0.00038omega + -0.00002theta^2 + -0.00048theta omega + -0.00040omega^2
    Eq omega Phys: -0.000308*omega**2 - 1.2e-5*omega*theta + 0.000106*omega - 3.0e-6

--- Chunk 209 (210/220) | Start: 2024-08-15 18:00:00 ---
    RMSE omega (GP): 0.010658 | RMSE omega (Sim): 0.082453
    Loss: 9.1639 | Epoch: 1257
    Eq omega: 0.003451 + 0.00122theta + -0.00014omega + 0.00039theta^2 + -0.00141theta omega + 0.00026omega^2
    Eq omega Phys: 0.000125*omega**2 - 2.3e-5*omega*theta + 0.000232*omega - 3.0e-6*theta + 1.7e-5

--- Chunk 210 (211/220) | Start: 2024-08-15 18:05:00 ---
    RMSE omega (GP): nan | RMSE omega (Sim): nan
    Loss: 628.8535 | Epoch: 23
    Eq omega: nan1 + nantheta + nanomega + nantheta^2 + nantheta omega + nanomega^2
    Eq omega Phys: N/A

--- Chunk 211 (212/220) | Start: 2024-08-15 18:10:00 ---
    RMSE omega (GP): 0.010081 | RMSE omega (Sim): 0.049752
    Loss: -1.7083 | Epoch: 1895
    Eq omega: 0.001731 + -0.21071theta + -0.00145omega + -0.03739theta^2 + -0.00148theta omega + 0.00994omega^2
    Eq omega Phys: 0.002271*omega**2 - 1.1e-5*omega*theta + 5.1e-5*omega - 9.0e-6*theta**2 - 6.6e-5*theta + 0.001337

--- Chunk 212 (213/220) | Start: 2024-08-15 18:15:00 ---
    RMSE omega (GP): 0.037168 | RMSE omega (Sim): 0.138618
    Loss: 71.5057 | Epoch: 35
    Eq omega: 0.009251 + -0.00309theta + -0.00426omega + 0.00319theta^2 + -0.00077theta omega + 0.00787omega^2
    Eq omega Phys: 0.002458*omega**2 - 8.0e-6*omega*theta - 0.000225*omega + 1.0e-6*theta**2 + 1.9e-5*theta + 0.000115

--- Chunk 213 (214/220) | Start: 2024-08-15 18:20:00 ---
    RMSE omega (GP): 0.015756 | RMSE omega (Sim): 0.069664
    Loss: 226.9153 | Epoch: 635
    Eq omega: 0.001611 + -0.00012theta + 0.00013omega + -0.00000theta^2 + -0.00001theta omega + -0.00002omega^2
    Eq omega Phys: -2.6e-5*omega**2 + 1.6e-5*omega + 5.0e-6

--- Chunk 214 (215/220) | Start: 2024-08-15 18:25:00 ---
    RMSE omega (GP): nan | RMSE omega (Sim): nan
    Loss: 743.0059 | Epoch: 33
    Eq omega: nan1 + nantheta + nanomega + nantheta^2 + nantheta omega + nanomega^2
    Eq omega Phys: N/A

--- Chunk 215 (216/220) | Start: 2024-08-15 18:30:00 ---
    RMSE omega (GP): 0.009839 | RMSE omega (Sim): 0.057293
    Loss: 17.8417 | Epoch: 1513
    Eq omega: -0.001391 + -0.00012theta + -0.00173omega + -0.00001theta^2 + -0.00017theta omega + 0.00116omega^2
    Eq omega Phys: 0.000777*omega**2 - 4.0e-6*omega*theta + 9.0e-6*omega - 2.0e-6

--- Chunk 216 (217/220) | Start: 2024-08-15 18:35:00 ---
    RMSE omega (GP): nan | RMSE omega (Sim): nan
    Loss: 28496.5938 | Epoch: 16
    Eq omega: nan1 + nantheta + nanomega + nantheta^2 + nantheta omega + nanomega^2
    Eq omega Phys: N/A

--- Chunk 217 (218/220) | Start: 2024-08-15 18:40:00 ---
    RMSE omega (GP): 0.016115 | RMSE omega (Sim): 0.075333
    Loss: 33.3859 | Epoch: 784
    Eq omega: -0.006261 + -0.00454theta + 0.00384omega + -0.00076theta^2 + -0.00058theta omega + 0.00207omega^2
    Eq omega Phys: 0.001089*omega**2 - 1.0e-5*omega*theta + 0.000218*omega + 3.0e-6*theta - 3.0e-6

--- Chunk 218 (219/220) | Start: 2024-08-15 18:45:00 ---
    RMSE omega (GP): 0.012964 | RMSE omega (Sim): 0.405582
    Loss: 9.6345 | Epoch: 702
    Eq omega: 0.002581 + 0.03181theta + 0.00216omega + 0.00207theta^2 + 0.00160theta omega + 0.00143omega^2
    Eq omega Phys: 0.000582*omega**2 + 2.2e-5*omega*theta + 0.000103*omega + 1.0e-6*theta**2 + 3.8e-5*theta + 6.0e-5

--- Chunk 219 (220/220) | Start: 2024-08-15 18:50:00 ---
    RMSE omega (GP): 0.021498 | RMSE omega (Sim): 0.115602
    Loss: 28.8770 | Epoch: 250
    Eq omega: 0.000911 + 0.00052theta + -0.00227omega + 0.00008theta^2 + -0.00006theta omega + 0.00016omega^2
    Eq omega Phys: 6.1e-5*omega**2 - 0.e-6*omega*theta - 6.2e-5*omega - 0.e-6*theta + 3.0e-6

  [Progress 220/220] Mean RMSE omega (GP): 0.015090 | (Sim): 0.103616 | Mean loss: 496.6192 | Valid GP: 171/220 | Valid Sim: 169/220 | Elapsed: 1721.3min | ETA: 0.0min

============================================================
EVALUATION COMPLETE — Chunks [0, 219]
============================================================
Chunks processed: 220
Chunks succeeded GP:  171 (77.7%)
Chunks succeeded Sim: 169 (76.8%)
Mean GP RMSE omega:   0.015090 ± 0.010224
Mean SIM RMSE omega:  0.103616 ± 0.044810
Mean Loss:            496.6192 ± 2862.5890
Elapsed time:     1721.3 minutes

Per-chunk CSV: /pfs/data6/home/ka/ka_iai/ka_bj2362/dsr/svise/results_5min_all_chunks/run_SLURM_3718868_combo38/chunks_00000_to_00219_20260321_112356.csv
Summary JSON:  /pfs/data6/home/ka/ka_iai/ka_bj2362/dsr/svise/results_5min_all_chunks/run_SLURM_3718868_combo38/summary_00000_to_00219_20260321_112356.json
============================================================
 lsoda--  warning..internal t (=r1) and h (=r2) are  
       such that in the machine, t + h = t on the next step  
       (h = step size). solver will continue anyway  
      in above,  r1 =  0.7867535509702D+01   r2 =  0.3657746024264D-15
 lsoda--  warning..internal t (=r1) and h (=r2) are  
       such that in the machine, t + h = t on the next step  
       (h = step size). solver will continue anyway  
      in above,  r1 =  0.7867535509702D+01   r2 =  0.3657746024264D-15
 lsoda--  warning..internal t (=r1) and h (=r2) are  
       such that in the machine, t + h = t on the next step  
       (h = step size). solver will continue anyway  
      in above,  r1 =  0.7867535509702D+01   r2 =  0.3657746024264D-15
 lsoda--  warning..internal t (=r1) and h (=r2) are  
       such that in the machine, t + h = t on the next step  
       (h = step size). solver will continue anyway  
      in above,  r1 =  0.7867535509702D+01   r2 =  0.3657746024264D-15
 lsoda--  warning..internal t (=r1) and h (=r2) are  
       such that in the machine, t + h = t on the next step  
       (h = step size). solver will continue anyway  
      in above,  r1 =  0.7867535509702D+01   r2 =  0.2969707039132D-15
 lsoda--  warning..internal t (=r1) and h (=r2) are  
       such that in the machine, t + h = t on the next step  
       (h = step size). solver will continue anyway  
      in above,  r1 =  0.7867535509702D+01   r2 =  0.2969707039132D-15
 lsoda--  warning..internal t (=r1) and h (=r2) are  
       such that in the machine, t + h = t on the next step  
       (h = step size). solver will continue anyway  
      in above,  r1 =  0.7867535509702D+01   r2 =  0.2969707039132D-15
 lsoda--  warning..internal t (=r1) and h (=r2) are  
       such that in the machine, t + h = t on the next step  
       (h = step size). solver will continue anyway  
      in above,  r1 =  0.7867535509702D+01   r2 =  0.2969707039132D-15
 lsoda--  warning..internal t (=r1) and h (=r2) are  
       such that in the machine, t + h = t on the next step  
       (h = step size). solver will continue anyway  
      in above,  r1 =  0.7867535509702D+01   r2 =  0.2411091377193D-15
 lsoda--  warning..internal t (=r1) and h (=r2) are  
       such that in the machine, t + h = t on the next step  
       (h = step size). solver will continue anyway  
      in above,  r1 =  0.7867535509702D+01   r2 =  0.2411091377193D-15
 lsoda--  above warning has been issued i1 times.    
       it will not be issued again for this problem  
      in above message,  i1 =        10

============================= JOB FEEDBACK =============================

NodeName=uc3n022
Job ID: 3720475
Array Job ID: 3718868_0
Cluster: uc3
User/Group: ka_bj2362/ka_iai
State: COMPLETED (exit code 0)
Nodes: 1
Cores per node: 4
CPU Utilized: 05:12:32
CPU Efficiency: 4.51% of 4-19:25:48 core-walltime
Job Wall-clock time: 1-04:51:27
Memory Utilized: 5.16 GB
Memory Efficiency: 43.02% of 12.00 GB (12.00 GB/node)
