Array task 169: processing chunks 37180 to 37399
Loading data from /pfs/data6/home/ka/ka_iai/ka_bj2362/dsr/svise/../dataset/South_Korea_2024-08-15_2025-08-31_1s.parquet...
Finding all valid 5-minute chunks in the dataset...
Found 107059 valid 5-minute chunks in total.

============================================================
SVISE FINAL EVALUATION — ALL CHUNKS
============================================================
Hyperparameters: {
  "model": "integrator",
  "sigma": 0,
  "degree": 2,
  "tau": 1e-05,
  "lr": 0.1,
  "n_tau": 50,
  "measurement_noise": 0.001,
  "n_reparam_samples": 15
}
Total valid chunks in dataset: 107059
Processing chunk range: [37180, 37399] (220 chunks)
Early stopping: patience=300, max_epochs=10000
============================================================


--- Chunk 37180 (1/220) | Start: 2024-12-31 16:15:00 ---
/pfs/data6/home/ka/ka_iai/ka_bj2362/dsr/svise/svise/sde_learning/_marginal_sde.py:284: UserWarning: torch.triangular_solve is deprecated in favor of torch.linalg.solve_triangularand will be removed in a future PyTorch release.
torch.linalg.solve_triangular has its arguments reversed and does not return a copy of one of the inputs.
X = torch.triangular_solve(B, A).solution
should be replaced with
X = torch.linalg.solve_triangular(A, B). (Triggered internally at ../aten/src/ATen/native/BatchLinearAlgebra.cpp:2192.)
  return torch.triangular_solve(self.raw_w, self.C.t()).solution
/pfs/data6/home/ka/ka_iai/ka_bj2362/dsr/svise/svise/quadrature/_unbiased_quadrature.py:196: UserWarning: Interp is nan, reducing interp degree.
  warnings.warn("Interp is nan, reducing interp degree.")
/pfs/data6/home/ka/ka_iai/ka_bj2362/dsr/svise/svise/quadrature/_unbiased_quadrature.py:174: UserWarning: NaN detected in fxq (quadrature node evaluations). Clamping to 0.
  warnings.warn("NaN detected in fxq (quadrature node evaluations). Clamping to 0.")
/pfs/data6/home/ka/ka_iai/ka_bj2362/dsr/svise/svise/quadrature/_unbiased_quadrature.py:177: UserWarning: NaN detected in fmc (Monte-Carlo node evaluations). Clamping to 0.
  warnings.warn("NaN detected in fmc (Monte-Carlo node evaluations). Clamping to 0.")
    RMSE omega (GP): nan | RMSE omega (Sim): nan
    Loss: 32.9941 | Epoch: 47
    Eq omega: nan1 + nantheta + nanomega + nantheta^2 + nantheta omega + nanomega^2
    Eq omega Phys: N/A

--- Chunk 37181 (2/220) | Start: 2024-12-31 16:20:00 ---
    RMSE omega (GP): 0.012590 | RMSE omega (Sim): 0.109752
    Loss: 4.9247 | Epoch: 1306
    Eq omega: -0.002991 + -0.00297theta + -0.01698omega + -0.00460theta^2 + -0.00331theta omega + -0.00243omega^2
    Eq omega Phys: -0.000807*omega**2 - 3.7e-5*omega*theta - 0.000273*omega - 2.0e-6*theta**2 + 2.4e-5*theta - 9.2e-5

--- Chunk 37182 (3/220) | Start: 2024-12-31 16:25:00 ---
    RMSE omega (GP): 0.009918 | RMSE omega (Sim): 0.144024
    Loss: 2.8891 | Epoch: 1084
    Eq omega: -0.000621 + -0.00031theta + -0.00116omega + 0.00059theta^2 + -0.00001theta omega + -0.00022omega^2
    Eq omega Phys: -7.8e-5*omega**2 - 4.0e-5*omega + 4.0e-6*theta + 1.6e-5

--- Chunk 37183 (4/220) | Start: 2024-12-31 16:30:00 ---
    RMSE omega (GP): 0.011913 | RMSE omega (Sim): 0.109297
    Loss: 5.0102 | Epoch: 440
    Eq omega: 0.007181 + -0.21434theta + -0.01725omega + 0.00336theta^2 + -0.00071theta omega + -0.00307omega^2
    Eq omega Phys: -0.001029*omega**2 - 8.0e-6*omega*theta - 0.000474*omega + 1.0e-6*theta**2 - 0.00027*theta + 0.003262

--- Chunk 37184 (5/220) | Start: 2024-12-31 16:35:00 ---
    RMSE omega (GP): nan | RMSE omega (Sim): nan
    Loss: 156.4656 | Epoch: 37
    Eq omega: nan1 + nantheta + nanomega + nantheta^2 + nantheta omega + nanomega^2
    Eq omega Phys: N/A

--- Chunk 37185 (6/220) | Start: 2024-12-31 16:40:00 ---
    RMSE omega (GP): 0.007876 | RMSE omega (Sim): 0.124787
    Loss: 0.9513 | Epoch: 969
    Eq omega: 0.009811 + -0.40712theta + 0.00434omega + -0.00454theta^2 + -0.00300theta omega + 0.00257omega^2
    Eq omega Phys: 0.00094*omega**2 - 3.7e-5*omega*theta + 8.8e-5*omega - 2.0e-6*theta**2 - 0.000458*theta - 0.00068

--- Chunk 37186 (7/220) | Start: 2024-12-31 16:45:00 ---
    RMSE omega (GP): 0.010105 | RMSE omega (Sim): 0.091779
    Loss: 3.0686 | Epoch: 1193
    Eq omega: -0.000761 + -0.22782theta + -0.00500omega + 0.00390theta^2 + 0.01003theta omega + 0.00225omega^2
    Eq omega Phys: 0.00081*omega**2 + 0.00012*omega*theta + 0.000448*omega + 2.0e-6*theta**2 - 0.000237*theta - 0.001254

--- Chunk 37187 (8/220) | Start: 2024-12-31 16:50:00 ---
    RMSE omega (GP): 0.012608 | RMSE omega (Sim): 0.126671
    Loss: 7.5086 | Epoch: 647
    Eq omega: -0.000411 + -0.00228theta + 0.00288omega + -0.00076theta^2 + -0.00246theta omega + -0.00074omega^2
    Eq omega Phys: -0.000281*omega**2 - 3.1e-5*omega*theta + 0.000214*omega + 4.0e-6

--- Chunk 37188 (9/220) | Start: 2024-12-31 16:55:00 ---
    RMSE omega (GP): 0.010691 | RMSE omega (Sim): 0.171860
    Loss: 3.1549 | Epoch: 699
    Eq omega: 0.036901 + -1.89794theta + 0.00855omega + -0.14887theta^2 + -0.75517theta omega + 0.03675omega^2
    Eq omega Phys: 0.012761*omega**2 - 0.008741*omega*theta - 0.034942*omega - 5.7e-5*theta**2 - 0.002572*theta - 0.009314

--- Chunk 37189 (10/220) | Start: 2024-12-31 17:00:00 ---
    RMSE omega (GP): nan | RMSE omega (Sim): nan
    Loss: 88.2839 | Epoch: 21
    Eq omega: nan1 + nantheta + nanomega + nantheta^2 + nantheta omega + nanomega^2
    Eq omega Phys: N/A

--- Chunk 37190 (11/220) | Start: 2024-12-31 17:05:00 ---
    RMSE omega (GP): nan | RMSE omega (Sim): nan
    Loss: 7.6624 | Epoch: 91
    Eq omega: nan1 + nantheta + nanomega + nantheta^2 + nantheta omega + nanomega^2
    Eq omega Phys: N/A

--- Chunk 37191 (12/220) | Start: 2024-12-31 17:10:00 ---
    RMSE omega (GP): 0.010364 | RMSE omega (Sim): 0.059501
    Loss: 14.5616 | Epoch: 1373
    Eq omega: 0.002251 + -0.00038theta + 0.00023omega + -0.00014theta^2 + -0.00001theta omega + 0.00056omega^2
    Eq omega Phys: 0.000327*omega**2 + 1.2e-5*omega + 4.0e-6*theta - 3.4e-5

--- Chunk 37192 (13/220) | Start: 2024-12-31 17:15:00 ---
    RMSE omega (GP): 0.026473 | RMSE omega (Sim): 0.127638
    Loss: 102.1055 | Epoch: 38
    Eq omega: -0.000041 + -0.00025theta + 0.00323omega + -0.00063theta^2 + -0.00128theta omega + -0.00041omega^2
    Eq omega Phys: -0.000167*omega**2 - 1.7e-5*omega*theta + 0.000253*omega + 4.0e-6*theta - 1.8e-5

--- Chunk 37193 (14/220) | Start: 2024-12-31 17:20:00 ---
    RMSE omega (GP): nan | RMSE omega (Sim): nan
    Loss: 28.0313 | Epoch: 46
    Eq omega: nan1 + nantheta + nanomega + nantheta^2 + nantheta omega + nanomega^2
    Eq omega Phys: N/A

--- Chunk 37194 (15/220) | Start: 2024-12-31 17:25:00 ---
    RMSE omega (GP): 0.010110 | RMSE omega (Sim): 0.132157
    Loss: 0.0256 | Epoch: 3420
    Eq omega: -0.001011 + -0.00084theta + -0.00276omega + 0.00011theta^2 + 0.00101theta omega + -0.00014omega^2
    Eq omega Phys: -3.9e-5*omega**2 + 9.0e-6*omega*theta - 0.000256*omega - 2.0e-6*theta + 2.3e-5

--- Chunk 37195 (16/220) | Start: 2024-12-31 17:30:00 ---
    RMSE omega (GP): 0.010731 | RMSE omega (Sim): 0.057989
    Loss: 4.9084 | Epoch: 1291
    Eq omega: 0.007111 + -0.13177theta + 0.00328omega + -0.00021theta^2 + 0.00115theta omega + -0.00199omega^2
    Eq omega Phys: -0.000769*omega**2 + 1.5e-5*omega*theta + 2.4e-5*omega - 0.000145*theta + 0.000862

--- Chunk 37196 (17/220) | Start: 2024-12-31 17:35:00 ---
    RMSE omega (GP): nan | RMSE omega (Sim): nan
    Loss: 316.2314 | Epoch: 21
    Eq omega: nan1 + nantheta + nanomega + nantheta^2 + nantheta omega + nanomega^2
    Eq omega Phys: N/A

--- Chunk 37197 (18/220) | Start: 2024-12-31 17:40:00 ---
    RMSE omega (GP): 0.012098 | RMSE omega (Sim): 0.060136
    Loss: 17.9951 | Epoch: 2444
    Eq omega: -0.001281 + -0.00212theta + -0.00338omega + -0.00001theta^2 + -0.00010theta omega + -0.00009omega^2
    Eq omega Phys: -5.3e-5*omega**2 - 2.0e-6*omega*theta - 7.4e-5*omega - 2.0e-6*theta + 4.1e-5

--- Chunk 37198 (19/220) | Start: 2024-12-31 17:45:00 ---
    RMSE omega (GP): 0.011387 | RMSE omega (Sim): 0.075352
    Loss: 8.5324 | Epoch: 1447
    Eq omega: 0.003901 + -0.00096theta + 0.00733omega + 0.00003theta^2 + -0.00012theta omega + 0.00130omega^2
    Eq omega Phys: 0.000612*omega**2 - 2.0e-6*omega*theta + 0.000267*omega - 1.0e-6*theta + 2.5e-5

--- Chunk 37199 (20/220) | Start: 2024-12-31 17:50:00 ---
    RMSE omega (GP): 0.008329 | RMSE omega (Sim): 0.118809
    Loss: 5.4266 | Epoch: 1544
    Eq omega: -0.002471 + -0.00332theta + -0.00468omega + -0.00911theta^2 + 0.00116theta omega + -0.00582omega^2
    Eq omega Phys: -0.002873*omega**2 + 1.9e-5*omega*theta - 0.000519*omega - 5.0e-6*theta**2 + 0.000186*theta - 0.001741

--- Chunk 37200 (21/220) | Start: 2024-12-31 17:55:00 ---
    RMSE omega (GP): 0.063695 | RMSE omega (Sim): 0.197803
    Loss: 409.9891 | Epoch: 78
    Eq omega: 0.000311 + 0.00003theta + -0.00002omega + -0.00006theta^2 + -0.00013theta omega + -0.00006omega^2
    Eq omega Phys: -2.5e-5*omega**2 - 2.0e-6*omega*theta + 2.4e-5*omega + 1.0e-6*theta - 5.0e-6

--- Chunk 37201 (22/220) | Start: 2024-12-31 18:00:00 ---
    RMSE omega (GP): 0.010606 | RMSE omega (Sim): 0.103316
    Loss: 1.3923 | Epoch: 1642
    Eq omega: -0.001081 + -0.06206theta + -0.00949omega + -0.00772theta^2 + -0.00546theta omega + -0.00193omega^2
    Eq omega Phys: -0.0006*omega**2 - 5.7e-5*omega*theta + 0.000187*omega - 3.0e-6*theta**2 - 2.1e-5*theta + 0.000398

--- Chunk 37202 (23/220) | Start: 2024-12-31 18:05:00 ---
    RMSE omega (GP): 0.010668 | RMSE omega (Sim): 0.192229
    Loss: 0.9682 | Epoch: 1337
    Eq omega: -0.009831 + -0.01316theta + -0.00329omega + -0.00066theta^2 + -0.00264theta omega + 0.00107omega^2
    Eq omega Phys: 0.000303*omega**2 - 2.5e-5*omega*theta - 0.000179*omega - 1.6e-5*theta - 8.1e-5

--- Chunk 37203 (24/220) | Start: 2024-12-31 18:10:00 ---
    RMSE omega (GP): 0.011738 | RMSE omega (Sim): 0.123256
    Loss: 4.4137 | Epoch: 2263
    Eq omega: -0.000591 + 0.00004theta + 0.00024omega + 0.00000theta^2 + -0.00012theta omega + -0.00011omega^2
    Eq omega Phys: -3.8e-5*omega**2 - 1.0e-6*omega*theta + 3.8e-5*omega - 3.0e-6

--- Chunk 37204 (25/220) | Start: 2024-12-31 18:15:00 ---
    RMSE omega (GP): 0.040465 | RMSE omega (Sim): 0.182754
    Loss: 134.2825 | Epoch: 52
    Eq omega: -0.002261 + -0.00634theta + 0.00208omega + -0.00014theta^2 + -0.00116theta omega + 0.00084omega^2
    Eq omega Phys: 0.000291*omega**2 - 1.3e-5*omega*theta + 0.000249*omega - 6.0e-6*theta + 7.8e-5

--- Chunk 37205 (26/220) | Start: 2024-12-31 18:20:00 ---
    RMSE omega (GP): nan | RMSE omega (Sim): nan
    Loss: 52.0549 | Epoch: 94
    Eq omega: nan1 + nantheta + nanomega + nantheta^2 + nantheta omega + nanomega^2
    Eq omega Phys: N/A

--- Chunk 37206 (27/220) | Start: 2024-12-31 18:25:00 ---
    RMSE omega (GP): 0.011391 | RMSE omega (Sim): 0.079044
    Loss: 31.8471 | Epoch: 2231
    Eq omega: 0.001161 + 0.00010theta + -0.00043omega + -0.00001theta^2 + 0.00001theta omega + -0.00017omega^2
    Eq omega Phys: -0.000126*omega**2 - 2.1e-5*omega + 1.0e-6*theta - 6.0e-6

--- Chunk 37207 (28/220) | Start: 2024-12-31 18:30:00 ---
    RMSE omega (GP): nan | RMSE omega (Sim): nan
    Loss: 112.5177 | Epoch: 18
    Eq omega: nan1 + nantheta + nanomega + nantheta^2 + nantheta omega + nanomega^2
    Eq omega Phys: N/A

--- Chunk 37208 (29/220) | Start: 2024-12-31 18:35:00 ---
    RMSE omega (GP): 0.010639 | RMSE omega (Sim): 0.237538
    Loss: 8.7308 | Epoch: 2555
    Eq omega: 0.001401 + -0.00034theta + 0.00039omega + 0.00007theta^2 + 0.00018theta omega + -0.00007omega^2
    Eq omega Phys: -3.4e-5*omega**2 + 3.0e-6*omega*theta - 4.2e-5*omega - 2.0e-6*theta + 2.4e-5

--- Chunk 37209 (30/220) | Start: 2024-12-31 18:40:00 ---
    RMSE omega (GP): 0.017066 | RMSE omega (Sim): nan
    Loss: 0.4933 | Epoch: 2544
    Eq omega: 0.010301 + 0.00029theta + 0.00395omega + -0.04546theta^2 + -0.00581theta omega + 0.01259omega^2
    Eq omega Phys: 0.003282*omega**2 - 5.0e-5*omega*theta + 0.001279*omega - 1.3e-5*theta**2 + 0.000599*theta - 0.006758

--- Chunk 37210 (31/220) | Start: 2024-12-31 18:45:00 ---
    RMSE omega (GP): 0.009169 | RMSE omega (Sim): 0.159755
    Loss: 9.5556 | Epoch: 1372
    Eq omega: 0.001951 + -0.00019theta + 0.00266omega + -0.00005theta^2 + -0.00009theta omega + -0.00075omega^2
    Eq omega Phys: -0.000415*omega**2 - 2.0e-6*omega*theta + 0.00011*omega + 1.0e-6*theta + 1.0e-6

--- Chunk 37211 (32/220) | Start: 2024-12-31 18:50:00 ---
    RMSE omega (GP): 0.012630 | RMSE omega (Sim): 0.148858
    Loss: 2.9540 | Epoch: 3041
    Eq omega: 0.009851 + -0.09916theta + -0.00595omega + -0.02182theta^2 + 0.00047theta omega + 0.00729omega^2
    Eq omega Phys: 0.00216*omega**2 + 5.0e-6*omega*theta - 0.000292*omega - 7.0e-6*theta**2 + 0.000179*theta - 0.000652

--- Chunk 37212 (33/220) | Start: 2024-12-31 18:55:00 ---
    RMSE omega (GP): 0.069993 | RMSE omega (Sim): 0.273954
    Loss: 286.5558 | Epoch: 605
    Eq omega: 0.002061 + -0.00197theta + 0.00325omega + -0.00003theta^2 + -0.00120theta omega + -0.00098omega^2
    Eq omega Phys: -0.00032*omega**2 - 1.3e-5*omega*theta + 0.000298*omega - 2.0e-6*theta + 3.6e-5

--- Chunk 37213 (34/220) | Start: 2024-12-31 19:00:00 ---
    RMSE omega (GP): nan | RMSE omega (Sim): nan
    Loss: 192.7442 | Epoch: 17
    Eq omega: nan1 + nantheta + nanomega + nantheta^2 + nantheta omega + nanomega^2
    Eq omega Phys: N/A

--- Chunk 37214 (35/220) | Start: 2024-12-31 19:05:00 ---
    RMSE omega (GP): 0.012327 | RMSE omega (Sim): 0.097182
    Loss: 5.2245 | Epoch: 1759
    Eq omega: 0.000401 + 0.00017theta + -0.00084omega + 0.00015theta^2 + -0.00012theta omega + -0.00008omega^2
    Eq omega Phys: -2.8e-5*omega**2 - 1.0e-6*omega*theta - 1.1e-5*omega - 1.0e-6*theta + 7.0e-6

--- Chunk 37215 (36/220) | Start: 2024-12-31 19:10:00 ---
    RMSE omega (GP): 0.036367 | RMSE omega (Sim): 0.161807
    Loss: 94.6593 | Epoch: 36
    Eq omega: 0.003931 + 0.00070theta + 0.00200omega + 0.00065theta^2 + -0.00004theta omega + -0.00155omega^2
    Eq omega Phys: -0.000513*omega**2 + 7.2e-5*omega - 5.0e-6*theta + 4.0e-5

--- Chunk 37216 (37/220) | Start: 2024-12-31 19:15:00 ---
    RMSE omega (GP): 0.012945 | RMSE omega (Sim): 0.111646
    Loss: 1.9520 | Epoch: 1291
    Eq omega: 0.001031 + 0.00417theta + -0.00058omega + -0.00096theta^2 + -0.00127theta omega + -0.00078omega^2
    Eq omega Phys: -0.000233*omega**2 - 1.3e-5*omega*theta + 3.7e-5*omega + 7.0e-6*theta - 2.3e-5

--- Chunk 37217 (38/220) | Start: 2024-12-31 19:20:00 ---
    RMSE omega (GP): 0.010435 | RMSE omega (Sim): 0.171454
    Loss: 1.2175 | Epoch: 1081
    Eq omega: -0.021591 + -1.78354theta + 0.01488omega + -0.00395theta^2 + 0.00686theta omega + -0.01109omega^2
    Eq omega Phys: -0.003378*omega**2 + 7.0e-5*omega*theta + 0.000814*omega - 1.0e-6*theta**2 - 0.001994*theta - 0.009167

--- Chunk 37218 (39/220) | Start: 2024-12-31 19:25:00 ---
    RMSE omega (GP): 0.012214 | RMSE omega (Sim): 0.100521
    Loss: 5.6438 | Epoch: 1876
    Eq omega: 0.000461 + -0.00038theta + 0.00046omega + -0.00000theta^2 + 0.00008theta omega + 0.00010omega^2
    Eq omega Phys: 3.6e-5*omega**2 + 1.0e-6*omega*theta + 3.7e-5*omega - 8.0e-6

--- Chunk 37219 (40/220) | Start: 2024-12-31 19:30:00 ---
    RMSE omega (GP): 0.011644 | RMSE omega (Sim): 0.117737
    Loss: 1.7300 | Epoch: 2206
    Eq omega: 0.024521 + -3.32603theta + -0.00004omega + -0.06735theta^2 + 0.00423theta omega + 0.00379omega^2
    Eq omega Phys: 0.001115*omega**2 + 4.1e-5*omega*theta + 8.0e-6*omega - 2.2e-5*theta**2 - 0.003705*theta - 0.000727

--- Chunk 37220 (41/220) | Start: 2024-12-31 19:35:00 ---
    RMSE omega (GP): nan | RMSE omega (Sim): nan
    Loss: 212.5916 | Epoch: 35
    Eq omega: nan1 + nantheta + nanomega + nantheta^2 + nantheta omega + nanomega^2
    Eq omega Phys: N/A

--- Chunk 37221 (42/220) | Start: 2024-12-31 19:40:00 ---
    RMSE omega (GP): nan | RMSE omega (Sim): nan
    Loss: 51.8057 | Epoch: 49
    Eq omega: nan1 + nantheta + nanomega + nantheta^2 + nantheta omega + nanomega^2
    Eq omega Phys: N/A

--- Chunk 37222 (43/220) | Start: 2024-12-31 19:45:00 ---
    RMSE omega (GP): nan | RMSE omega (Sim): nan
    Loss: 228.9651 | Epoch: 29
    Eq omega: nan1 + nantheta + nanomega + nantheta^2 + nantheta omega + nanomega^2
    Eq omega Phys: N/A

--- Chunk 37223 (44/220) | Start: 2024-12-31 19:50:00 ---
    RMSE omega (GP): nan | RMSE omega (Sim): nan
    Loss: 375.3024 | Epoch: 45
    Eq omega: nan1 + nantheta + nanomega + nantheta^2 + nantheta omega + nanomega^2
    Eq omega Phys: N/A

--- Chunk 37224 (45/220) | Start: 2024-12-31 19:55:00 ---
    RMSE omega (GP): 0.010287 | RMSE omega (Sim): 0.076723
    Loss: 1.2791 | Epoch: 1311
    Eq omega: 0.005451 + -1.02430theta + 0.01090omega + 0.00494theta^2 + 0.01269theta omega + 0.00727omega^2
    Eq omega Phys: 0.002324*omega**2 + 0.000135*omega*theta + 0.000189*omega + 2.0e-6*theta**2 - 0.001143*theta + 0.001487

--- Chunk 37225 (46/220) | Start: 2024-12-31 20:00:00 ---
    RMSE omega (GP): nan | RMSE omega (Sim): nan
    Loss: 29.1707 | Epoch: 61
    Eq omega: nan1 + nantheta + nanomega + nantheta^2 + nantheta omega + nanomega^2
    Eq omega Phys: N/A

--- Chunk 37226 (47/220) | Start: 2024-12-31 20:05:00 ---
    RMSE omega (GP): 0.036428 | RMSE omega (Sim): 0.145535
    Loss: -2168.2944 | Epoch: 463
    Eq omega: -0.000671 + -0.00286theta + -0.00691omega + 0.00055theta^2 + 0.00627theta omega + -0.00290omega^2
    Eq omega Phys: -0.000678*omega**2 + 4.9e-5*omega*theta - 0.000208*omega - 3.0e-6*theta - 5.0e-6

--- Chunk 37227 (48/220) | Start: 2024-12-31 20:10:00 ---
    RMSE omega (GP): 0.047478 | RMSE omega (Sim): 0.229764
    Loss: 80.2466 | Epoch: 96
    Eq omega: 0.001761 + -0.00361theta + -0.00009omega + 0.02939theta^2 + 0.00090theta omega + -0.00114omega^2
    Eq omega Phys: -0.000312*omega**2 + 8.0e-6*omega*theta - 0.000137*omega + 9.0e-6*theta**2 - 0.000297*theta + 0.002465

--- Chunk 37228 (49/220) | Start: 2024-12-31 20:15:00 ---
    RMSE omega (GP): 0.009625 | RMSE omega (Sim): 0.248984
    Loss: 0.9363 | Epoch: 866
    Eq omega: -0.000391 + -0.00020theta + 0.00447omega + -0.00121theta^2 + 0.00120theta omega + 0.00798omega^2
    Eq omega Phys: 0.00237*omega**2 + 1.2e-5*omega*theta + 0.000214*omega - 5.0e-6*theta - 1.5e-5

--- Chunk 37229 (50/220) | Start: 2024-12-31 20:20:00 ---
    RMSE omega (GP): 0.031635 | RMSE omega (Sim): 0.121538
    Loss: 86.5679 | Epoch: 378
    Eq omega: 0.000641 + 0.00086theta + -0.00022omega + 0.00010theta^2 + 0.00052theta omega + -0.00093omega^2
    Eq omega Phys: -0.0004*omega**2 + 7.0e-6*omega*theta + 7.9e-5*omega + 2.0e-6*theta + 1.9e-5

  [Progress 50/220] Mean RMSE omega (GP): 0.018462 | (Sim): 0.136890 | Mean loss: 21.3646 | Valid GP: 36/50 | Valid Sim: 35/50 | Elapsed: 17.5min | ETA: 59.4min

--- Chunk 37230 (51/220) | Start: 2024-12-31 20:25:00 ---
    RMSE omega (GP): 0.011785 | RMSE omega (Sim): 0.094449
    Loss: 6.0947 | Epoch: 2010
    Eq omega: 0.001421 + 0.00011theta + 0.00309omega + -0.00011theta^2 + -0.00002theta omega + -0.00010omega^2
    Eq omega Phys: -3.8e-5*omega**2 + 0.0001*omega - 1.0e-6*theta - 3.0e-6

--- Chunk 37231 (52/220) | Start: 2024-12-31 20:30:00 ---
    RMSE omega (GP): 0.009812 | RMSE omega (Sim): 0.102743
    Loss: 3.4621 | Epoch: 1605
    Eq omega: -0.003101 + 0.00170theta + -0.01097omega + -0.00018theta^2 + 0.00109theta omega + 0.00263omega^2
    Eq omega Phys: 0.001021*omega**2 + 1.4e-5*omega*theta - 0.000102*omega - 1.0e-6*theta - 0.e-6

--- Chunk 37232 (53/220) | Start: 2024-12-31 20:35:00 ---
    RMSE omega (GP): nan | RMSE omega (Sim): nan
    Loss: 3350.4685 | Epoch: 5
    Eq omega: nan1 + nantheta + nanomega + nantheta^2 + nantheta omega + nanomega^2
    Eq omega Phys: N/A

--- Chunk 37233 (54/220) | Start: 2024-12-31 20:40:00 ---
    RMSE omega (GP): 0.011411 | RMSE omega (Sim): 0.227814
    Loss: 1.3116 | Epoch: 1489
    Eq omega: 0.001991 + -0.18573theta + -0.00700omega + -0.07173theta^2 + 0.00392theta omega + -0.00672omega^2
    Eq omega Phys: -0.001913*omega**2 + 3.7e-5*omega*theta - 0.000557*omega - 2.3e-5*theta**2 + 0.000188*theta + 8.8e-5

--- Chunk 37234 (55/220) | Start: 2024-12-31 20:45:00 ---
    RMSE omega (GP): 0.009353 | RMSE omega (Sim): 0.171084
    Loss: 0.0930 | Epoch: 1349
    Eq omega: 0.017541 + -0.69896theta + -0.00358omega + 0.00842theta^2 + -0.00094theta omega + -0.01900omega^2
    Eq omega Phys: -0.006205*omega**2 - 1.0e-5*omega*theta - 0.000179*omega + 3.0e-6*theta**2 - 0.000741*theta - 0.004357

--- Chunk 37235 (56/220) | Start: 2024-12-31 20:50:00 ---
    RMSE omega (GP): 0.011329 | RMSE omega (Sim): 0.239516
    Loss: 1.8036 | Epoch: 1130
    Eq omega: -0.005441 + -0.00032theta + -0.00353omega + -0.00022theta^2 + -0.00033theta omega + -0.00155omega^2
    Eq omega Phys: -0.000433*omega**2 - 3.0e-6*omega*theta - 0.000161*omega - 2.0e-6*theta - 4.0e-5

--- Chunk 37236 (57/220) | Start: 2024-12-31 20:55:00 ---
    RMSE omega (GP): 0.009499 | RMSE omega (Sim): 0.147160
    Loss: 1.9833 | Epoch: 1411
    Eq omega: 0.001071 + -0.00096theta + -0.00174omega + 0.00011theta^2 + -0.00069theta omega + 0.00118omega^2
    Eq omega Phys: 0.0004*omega**2 - 8.0e-6*omega*theta - 0.000189*omega - 3.0e-6

--- Chunk 37237 (58/220) | Start: 2024-12-31 21:00:00 ---
    RMSE omega (GP): nan | RMSE omega (Sim): nan
    Loss: 229.7794 | Epoch: 56
    Eq omega: nan1 + nantheta + nanomega + nantheta^2 + nantheta omega + nanomega^2
    Eq omega Phys: N/A

--- Chunk 37238 (59/220) | Start: 2024-12-31 21:05:00 ---
    RMSE omega (GP): 0.008171 | RMSE omega (Sim): 0.193768
    Loss: -1.2006 | Epoch: 2030
    Eq omega: 0.009421 + -0.77351theta + -0.00484omega + -0.00003theta^2 + 0.00183theta omega + -0.00899omega^2
    Eq omega Phys: -0.002386*omega**2 + 1.6e-5*omega*theta - 0.000277*omega - 0.000859*theta + 0.006195

--- Chunk 37239 (60/220) | Start: 2024-12-31 21:10:00 ---
    RMSE omega (GP): 0.048393 | RMSE omega (Sim): 0.165470
    Loss: 162.1332 | Epoch: 55
    Eq omega: 0.000651 + -0.00024theta + 0.00004omega + 0.00007theta^2 + 0.00114theta omega + -0.00040omega^2
    Eq omega Phys: -0.000141*omega**2 + 1.3e-5*omega*theta + 0.000191*omega + 1.0e-6*theta + 4.0e-6

--- Chunk 37240 (61/220) | Start: 2024-12-31 21:15:00 ---
    RMSE omega (GP): 0.018787 | RMSE omega (Sim): 0.093365
    Loss: 22.3338 | Epoch: 495
    Eq omega: -0.001861 + -0.00023theta + 0.00008omega + -0.00026theta^2 + -0.00037theta omega + -0.00280omega^2
    Eq omega Phys: -0.001054*omega**2 - 5.0e-6*omega*theta - 4.7e-5*omega - 3.0e-6*theta - 2.1e-5

--- Chunk 37241 (62/220) | Start: 2024-12-31 21:20:00 ---
    RMSE omega (GP): 0.006920 | RMSE omega (Sim): 0.168128
    Loss: 0.1389 | Epoch: 1384
    Eq omega: 0.014261 + -1.15028theta + -0.02171omega + 0.00795theta^2 + -0.08948theta omega + -0.00398omega^2
    Eq omega Phys: -0.001501*omega**2 - 0.001125*omega*theta - 0.006026*omega + 3.0e-6*theta**2 - 0.001247*theta - 0.005907

--- Chunk 37242 (63/220) | Start: 2024-12-31 21:25:00 ---
    RMSE omega (GP): nan | RMSE omega (Sim): nan
    Loss: 6.4270 | Epoch: 107
    Eq omega: nan1 + nantheta + nanomega + nantheta^2 + nantheta omega + nanomega^2
    Eq omega Phys: N/A

--- Chunk 37243 (64/220) | Start: 2024-12-31 21:30:00 ---
    RMSE omega (GP): 0.023452 | RMSE omega (Sim): 0.152444
    Loss: 17.1141 | Epoch: 362
    Eq omega: 0.000031 + -0.01201theta + -0.00333omega + 0.00002theta^2 + 0.00320theta omega + -0.00272omega^2
    Eq omega Phys: -0.000733*omega**2 + 2.9e-5*omega*theta - 2.1e-5*omega - 1.3e-5*theta - 4.1e-5

--- Chunk 37244 (65/220) | Start: 2024-12-31 21:35:00 ---
    RMSE omega (GP): 0.028390 | RMSE omega (Sim): 0.167679
    Loss: -5966.0078 | Epoch: 413
    Eq omega: 0.010541 + -0.01377theta + 0.00237omega + 0.00345theta^2 + 0.00561theta omega + 0.00336omega^2
    Eq omega Phys: 0.000824*omega**2 + 4.6e-5*omega*theta + 0.000244*omega + 1.0e-6*theta**2 - 9.0e-6*theta + 5.0e-6

--- Chunk 37245 (66/220) | Start: 2024-12-31 21:40:00 ---
    RMSE omega (GP): nan | RMSE omega (Sim): nan
    Loss: 51.1397 | Epoch: 38
    Eq omega: nan1 + nantheta + nanomega + nantheta^2 + nantheta omega + nanomega^2
    Eq omega Phys: N/A

--- Chunk 37246 (67/220) | Start: 2024-12-31 21:45:00 ---
    RMSE omega (GP): 0.028622 | RMSE omega (Sim): 0.145033
    Loss: -11.6603 | Epoch: 599
    Eq omega: -0.005311 + -0.01506theta + 0.00146omega + -0.14381theta^2 + 0.00151theta omega + -0.00162omega^2
    Eq omega Phys: -0.000359*omega**2 + 1.1e-5*omega*theta - 1.7e-5*omega - 3.5e-5*theta**2 + 0.000398*theta - 0.001142

--- Chunk 37247 (68/220) | Start: 2024-12-31 21:50:00 ---
    RMSE omega (GP): 0.016359 | RMSE omega (Sim): 0.115447
    Loss: -3753.8743 | Epoch: 761
    Eq omega: 0.003431 + -0.04478theta + 0.01434omega + -0.01630theta^2 + -0.00529theta omega + 0.01213omega^2
    Eq omega Phys: 0.003451*omega**2 - 5.0e-5*omega*theta + 0.000292*omega - 5.0e-6*theta**2 - 8.8e-5*theta - 0.000243

--- Chunk 37248 (69/220) | Start: 2024-12-31 21:55:00 ---
    RMSE omega (GP): 0.011592 | RMSE omega (Sim): 0.113921
    Loss: 2.0346 | Epoch: 1223
    Eq omega: 0.001271 + -0.18649theta + -0.00444omega + -0.00059theta^2 + 0.00491theta omega + 0.00302omega^2
    Eq omega Phys: 0.000884*omega**2 + 4.8e-5*omega*theta + 0.000102*omega - 0.000209*theta - 0.001082

--- Chunk 37249 (70/220) | Start: 2024-12-31 22:00:00 ---
    RMSE omega (GP): nan | RMSE omega (Sim): nan
    Loss: 264.3926 | Epoch: 24
    Eq omega: nan1 + nantheta + nanomega + nantheta^2 + nantheta omega + nanomega^2
    Eq omega Phys: N/A

--- Chunk 37250 (71/220) | Start: 2024-12-31 22:05:00 ---
    RMSE omega (GP): 0.034194 | RMSE omega (Sim): 0.154712
    Loss: 29.6460 | Epoch: 55
    Eq omega: -0.000871 + -0.00009theta + -0.00051omega + 0.00000theta^2 + -0.00038theta omega + 0.00207omega^2
    Eq omega Phys: 0.000461*omega**2 - 3.0e-6*omega*theta + 8.0e-6*omega - 3.0e-6

--- Chunk 37251 (72/220) | Start: 2024-12-31 22:10:00 ---
    RMSE omega (GP): 0.036031 | RMSE omega (Sim): 0.172471
    Loss: 58.0515 | Epoch: 686
    Eq omega: -0.008231 + -0.00057theta + 0.00044omega + 0.00025theta^2 + 0.00207theta omega + 0.00040omega^2
    Eq omega Phys: 0.000115*omega**2 + 2.0e-5*omega*theta - 0.000485*omega - 5.0e-6*theta + 3.5e-5

--- Chunk 37252 (73/220) | Start: 2024-12-31 22:15:00 ---
    RMSE omega (GP): 0.013562 | RMSE omega (Sim): 0.140800
    Loss: 3.0883 | Epoch: 1211
    Eq omega: -0.008131 + -0.31083theta + 0.00628omega + -0.00080theta^2 + -0.00409theta omega + 0.01464omega^2
    Eq omega Phys: 0.004002*omega**2 - 3.7e-5*omega*theta + 0.000586*omega - 0.00034*theta + 0.00343

--- Chunk 37253 (74/220) | Start: 2024-12-31 22:20:00 ---
    RMSE omega (GP): 0.011759 | RMSE omega (Sim): 0.083335
    Loss: 7.9782 | Epoch: 1599
    Eq omega: 0.003241 + 0.00099theta + -0.00030omega + -0.00005theta^2 + -0.00011theta omega + -0.00063omega^2
    Eq omega Phys: -0.000262*omega**2 - 2.0e-6*omega*theta - 3.1e-5*omega + 2.0e-5

--- Chunk 37254 (75/220) | Start: 2024-12-31 22:25:00 ---
    RMSE omega (GP): 0.012914 | RMSE omega (Sim): 0.082580
    Loss: 3.9955 | Epoch: 2856
    Eq omega: 0.003181 + -0.98270theta + -0.00563omega + 0.00830theta^2 + 0.00938theta omega + 0.00101omega^2
    Eq omega Phys: 0.000312*omega**2 + 9.7e-5*omega*theta - 0.000217*omega + 3.0e-6*theta**2 - 0.001094*theta + 0.000344

--- Chunk 37255 (76/220) | Start: 2024-12-31 22:30:00 ---
    RMSE omega (GP): 0.013369 | RMSE omega (Sim): 0.149357
    Loss: 0.9817 | Epoch: 866
    Eq omega: -0.091421 + -1.35408theta + -0.00506omega + 0.50523theta^2 + -0.00438theta omega + -0.00663omega^2
    Eq omega Phys: -0.001546*omega**2 - 3.4e-5*omega*theta - 0.000143*omega + 0.000131*theta**2 - 0.001698*theta + 0.00075

--- Chunk 37256 (77/220) | Start: 2024-12-31 22:35:00 ---
    RMSE omega (GP): 0.014324 | RMSE omega (Sim): 0.161580
    Loss: 0.7066 | Epoch: 2455
    Eq omega: 0.001551 + -0.00181theta + -0.00028omega + -0.00008theta^2 + -0.00113theta omega + 0.00005omega^2
    Eq omega Phys: 1.1e-5*omega**2 - 9.0e-6*omega*theta + 0.000177*omega - 1.0e-6*theta + 4.1e-5

--- Chunk 37257 (78/220) | Start: 2024-12-31 22:40:00 ---
    RMSE omega (GP): nan | RMSE omega (Sim): nan
    Loss: 244.6660 | Epoch: 17
    Eq omega: nan1 + nantheta + nanomega + nantheta^2 + nantheta omega + nanomega^2
    Eq omega Phys: N/A

--- Chunk 37258 (79/220) | Start: 2024-12-31 22:45:00 ---
    RMSE omega (GP): 0.016009 | RMSE omega (Sim): 0.167767
    Loss: 4.9731 | Epoch: 1054
    Eq omega: 0.062031 + -1.58837theta + -0.01657omega + 0.03115theta^2 + 0.01930theta omega + -0.02010omega^2
    Eq omega Phys: -0.00523*omega**2 + 0.000167*omega*theta - 0.000902*omega + 9.0e-6*theta**2 - 0.001802*theta + 0.003987

--- Chunk 37259 (80/220) | Start: 2024-12-31 22:50:00 ---
    RMSE omega (GP): 0.043079 | RMSE omega (Sim): 0.207817
    Loss: 95.8724 | Epoch: 30
    Eq omega: 0.002341 + -0.01429theta + -0.00283omega + 0.00177theta^2 + 0.00000theta omega + 0.00765omega^2
    Eq omega Phys: 0.002329*omega**2 - 9.4e-5*omega + 1.0e-6*theta**2 - 2.4e-5*theta + 0.00014

--- Chunk 37260 (81/220) | Start: 2024-12-31 22:55:00 ---
    RMSE omega (GP): 0.016480 | RMSE omega (Sim): 0.193102
    Loss: 24.6047 | Epoch: 1924
    Eq omega: -0.002321 + -0.00026theta + -0.00215omega + 0.00002theta^2 + 0.00003theta omega + -0.00041omega^2
    Eq omega Phys: -0.00019*omega**2 - 6.2e-5*omega - 7.0e-6

--- Chunk 37261 (82/220) | Start: 2024-12-31 23:00:00 ---
    RMSE omega (GP): 0.016191 | RMSE omega (Sim): 0.142187
    Loss: 3.3814 | Epoch: 1142
    Eq omega: -0.011481 + -2.57980theta + -0.21155omega + 0.40443theta^2 + 0.08701theta omega + 0.01602omega^2
    Eq omega Phys: 0.003811*omega**2 + 0.00069*omega*theta - 0.011459*omega + 0.000107*theta**2 - 0.004232*theta + 0.022621

--- Chunk 37262 (83/220) | Start: 2024-12-31 23:05:00 ---
    RMSE omega (GP): 0.016590 | RMSE omega (Sim): 0.105196
    Loss: 4.6761 | Epoch: 810
    Eq omega: 0.001061 + -0.30518theta + -0.00571omega + 0.24410theta^2 + 0.00870theta omega + -0.01461omega^2
    Eq omega Phys: -0.003715*omega**2 + 7.4e-5*omega*theta + 0.000354*omega + 6.9e-5*theta**2 + 0.00068*theta + 0.001264

--- Chunk 37263 (84/220) | Start: 2024-12-31 23:10:00 ---
    RMSE omega (GP): nan | RMSE omega (Sim): nan
    Loss: 23.8201 | Epoch: 60
    Eq omega: nan1 + nantheta + nanomega + nantheta^2 + nantheta omega + nanomega^2
    Eq omega Phys: N/A

--- Chunk 37264 (85/220) | Start: 2024-12-31 23:15:00 ---
    RMSE omega (GP): 0.011972 | RMSE omega (Sim): 0.194651
    Loss: -0.0786 | Epoch: 949
    Eq omega: -0.006501 + -2.76205theta + 0.00232omega + 0.03069theta^2 + 0.02090theta omega + 0.04851omega^2
    Eq omega Phys: 0.011402*omega**2 + 0.000164*omega*theta + 6.7e-5*omega + 8.0e-6*theta**2 - 0.00307*theta + 0.000162

--- Chunk 37265 (86/220) | Start: 2024-12-31 23:20:00 ---
    RMSE omega (GP): 0.013187 | RMSE omega (Sim): 0.175663
    Loss: 5.8471 | Epoch: 1070
    Eq omega: -0.004661 + -0.00119theta + -0.00104omega + 0.00021theta^2 + -0.00054theta omega + 0.00176omega^2
    Eq omega Phys: 0.000575*omega**2 - 6.0e-6*omega*theta - 0.000101*omega - 2.1e-5

--- Chunk 37266 (87/220) | Start: 2024-12-31 23:25:00 ---
    RMSE omega (GP): 0.012716 | RMSE omega (Sim): 0.125787
    Loss: 6.1404 | Epoch: 1068
    Eq omega: -0.019461 + -3.21434theta + 0.01375omega + -0.01617theta^2 + 0.54470theta omega + 0.02217omega^2
    Eq omega Phys: 0.007797*omega**2 + 0.006386*omega*theta - 0.007451*omega - 6.0e-6*theta**2 - 0.003556*theta + 0.004352

--- Chunk 37267 (88/220) | Start: 2024-12-31 23:30:00 ---
    RMSE omega (GP): 0.013719 | RMSE omega (Sim): 0.154920
    Loss: 1.5517 | Epoch: 1049
    Eq omega: -0.005101 + -0.21918theta + 0.00266omega + -0.01800theta^2 + -0.00879theta omega + 0.00920omega^2
    Eq omega Phys: 0.002072*omega**2 - 6.6e-5*omega*theta + 0.000366*omega - 5.0e-6*theta**2 - 0.000206*theta + 0.000919

--- Chunk 37268 (89/220) | Start: 2024-12-31 23:35:00 ---
    RMSE omega (GP): 0.009728 | RMSE omega (Sim): 0.240886
    Loss: -1.5871 | Epoch: 1682
    Eq omega: -0.675241 + -0.06138theta + 0.00458omega + 0.18823theta^2 + -0.02067theta omega + 0.01501omega^2
    Eq omega Phys: 0.003483*omega**2 - 0.00016*omega*theta + 0.001846*omega + 4.9e-5*theta**2 - 0.001096*theta + 0.002936

--- Chunk 37269 (90/220) | Start: 2024-12-31 23:40:00 ---
    RMSE omega (GP): 0.009098 | RMSE omega (Sim): 0.126407
    Loss: 0.4480 | Epoch: 1398
    Eq omega: -0.000221 + 0.00135theta + -0.00138omega + -0.00080theta^2 + 0.00019theta omega + -0.00220omega^2
    Eq omega Phys: -0.000636*omega**2 + 2.0e-6*omega*theta - 6.6e-5*omega + 7.0e-6*theta - 4.8e-5

--- Chunk 37270 (91/220) | Start: 2024-12-31 23:45:00 ---
    RMSE omega (GP): 0.020558 | RMSE omega (Sim): 0.265094
    Loss: 15.8423 | Epoch: 150
    Eq omega: 0.002031 + -0.00008theta + -0.00076omega + 0.00049theta^2 + -0.00013theta omega + 0.00066omega^2
    Eq omega Phys: 0.000187*omega**2 - 1.0e-6*omega*theta - 9.0e-6*omega - 4.0e-6*theta + 3.8e-5

--- Chunk 37271 (92/220) | Start: 2024-12-31 23:50:00 ---
    RMSE omega (GP): 0.012439 | RMSE omega (Sim): 0.143058
    Loss: 3.2105 | Epoch: 1333
    Eq omega: -0.020721 + -0.66938theta + -0.03804omega + 0.00172theta^2 + -0.04492theta omega + -0.00126omega^2
    Eq omega Phys: -0.000378*omega**2 - 0.000449*omega*theta - 0.004556*omega + 1.0e-6*theta**2 - 0.000735*theta - 0.005491

--- Chunk 37272 (93/220) | Start: 2024-12-31 23:55:00 ---
    RMSE omega (GP): 0.034743 | RMSE omega (Sim): 0.099894
    Loss: 54.3246 | Epoch: 48
    Eq omega: -0.001371 + -0.15291theta + -0.04377omega + -0.00070theta^2 + 0.00490theta omega + 0.00719omega^2
    Eq omega Phys: 0.002086*omega**2 + 4.7e-5*omega*theta - 0.000832*omega - 0.000176*theta - 0.002294

--- Chunk 37273 (94/220) | Start: 2025-01-01 00:00:00 ---
    RMSE omega (GP): 0.015074 | RMSE omega (Sim): 0.207615
    Loss: -1.1751 | Epoch: 1467
    Eq omega: -0.003771 + -0.20453theta + 0.01812omega + -0.04416theta^2 + 0.00037theta omega + -0.00334omega^2
    Eq omega Phys: -0.000513*omega**2 + 2.0e-6*omega*theta + 0.000592*omega - 8.0e-6*theta**2 - 0.00013*theta + 0.001125

--- Chunk 37274 (95/220) | Start: 2025-01-01 00:05:00 ---
    RMSE omega (GP): nan | RMSE omega (Sim): nan
    Loss: 378.3603 | Epoch: 25
    Eq omega: nan1 + nantheta + nanomega + nantheta^2 + nantheta omega + nanomega^2
    Eq omega Phys: N/A

--- Chunk 37275 (96/220) | Start: 2025-01-01 00:10:00 ---
    RMSE omega (GP): 0.014371 | RMSE omega (Sim): 0.175997
    Loss: 1.4224 | Epoch: 1101
    Eq omega: -0.002301 + -0.52204theta + -0.00573omega + -0.00313theta^2 + -0.00297theta omega + -0.00827omega^2
    Eq omega Phys: -0.00185*omega**2 - 2.2e-5*omega*theta - 0.000124*omega - 0.e-6*theta**2 - 0.000575*theta + 0.001733

--- Chunk 37276 (97/220) | Start: 2025-01-01 00:15:00 ---
    RMSE omega (GP): 0.013219 | RMSE omega (Sim): 0.215824
    Loss: -0.7234 | Epoch: 1134
    Eq omega: -0.000201 + -0.00406theta + 0.00026omega + 0.00306theta^2 + 0.00656theta omega + 0.01619omega^2
    Eq omega Phys: 0.003034*omega**2 + 4.1e-5*omega*theta + 0.000719*omega + 1.0e-6*theta**2 + 1.8e-5*theta + 0.000112

--- Chunk 37277 (98/220) | Start: 2025-01-01 00:20:00 ---
    RMSE omega (GP): 0.011125 | RMSE omega (Sim): 0.207096
    Loss: -0.2346 | Epoch: 1424
    Eq omega: -0.003671 + 0.00051theta + -0.00335omega + -0.00108theta^2 + 0.00028theta omega + -0.00165omega^2
    Eq omega Phys: -0.000367*omega**2 + 2.0e-6*omega*theta - 0.000146*omega + 9.0e-6*theta - 0.0001

--- Chunk 37278 (99/220) | Start: 2025-01-01 00:25:00 ---
    RMSE omega (GP): 0.018757 | RMSE omega (Sim): 0.227324
    Loss: 4.9773 | Epoch: 939
    Eq omega: 0.006601 + -0.94320theta + 0.00472omega + 0.00549theta^2 + 0.00147theta omega + 0.00801omega^2
    Eq omega Phys: 0.00186*omega**2 + 1.1e-5*omega*theta + 8.2e-5*omega + 1.0e-6*theta**2 - 0.001067*theta + 0.007024

--- Chunk 37279 (100/220) | Start: 2025-01-01 00:30:00 ---
    RMSE omega (GP): 0.014360 | RMSE omega (Sim): 0.218584
    Loss: -1.4688 | Epoch: 1186
    Eq omega: 0.319891 + -1.15565theta + 0.13319omega + -0.34733theta^2 + -0.00678theta omega + -0.01442omega^2
    Eq omega Phys: -0.002402*omega**2 - 3.8e-5*omega*theta + 0.004369*omega - 6.4e-5*theta**2 - 0.001524*theta - 0.000486

  [Progress 100/220] Mean RMSE omega (GP): 0.017796 | (Sim): 0.151024 | Mean loss: -35.7051 | Valid GP: 78/100 | Valid Sim: 77/100 | Elapsed: 33.7min | ETA: 40.5min

--- Chunk 37280 (101/220) | Start: 2025-01-01 00:35:00 ---
    RMSE omega (GP): nan | RMSE omega (Sim): nan
    Loss: 30.3546 | Epoch: 74
    Eq omega: nan1 + nantheta + nanomega + nantheta^2 + nantheta omega + nanomega^2
    Eq omega Phys: N/A

--- Chunk 37281 (102/220) | Start: 2025-01-01 00:40:00 ---
    RMSE omega (GP): 0.013108 | RMSE omega (Sim): 0.121073
    Loss: 3.2394 | Epoch: 1197
    Eq omega: 0.000601 + 0.00070theta + -0.00023omega + -0.00030theta^2 + -0.00120theta omega + 0.00217omega^2
    Eq omega Phys: 0.000607*omega**2 - 1.1e-5*omega*theta + 9.2e-5*omega + 2.0e-6*theta - 1.2e-5

--- Chunk 37282 (103/220) | Start: 2025-01-01 00:45:00 ---
    RMSE omega (GP): nan | RMSE omega (Sim): nan
    Loss: 103.9557 | Epoch: 46
    Eq omega: nan1 + nantheta + nanomega + nantheta^2 + nantheta omega + nanomega^2
    Eq omega Phys: N/A

--- Chunk 37283 (104/220) | Start: 2025-01-01 00:50:00 ---
    RMSE omega (GP): 0.043787 | RMSE omega (Sim): 0.159863
    Loss: 47.7948 | Epoch: 644
    Eq omega: 0.001821 + -0.00007theta + 0.00353omega + -0.00009theta^2 + 0.00022theta omega + 0.00041omega^2
    Eq omega Phys: 9.1e-5*omega**2 + 2.0e-6*omega*theta + 0.000129*omega + 7.0e-6

--- Chunk 37284 (105/220) | Start: 2025-01-01 00:55:00 ---
    RMSE omega (GP): 0.013891 | RMSE omega (Sim): 0.096621
    Loss: 14.4075 | Epoch: 3674
    Eq omega: -0.002251 + 0.00020theta + 0.00271omega + 0.00017theta^2 + 0.00002theta omega + -0.00118omega^2
    Eq omega Phys: -0.00052*omega**2 + 9.9e-5*omega + 5.0e-6*theta + 8.0e-5

--- Chunk 37285 (106/220) | Start: 2025-01-01 01:00:00 ---
    RMSE omega (GP): 0.018806 | RMSE omega (Sim): 0.222674
    Loss: 0.2712 | Epoch: 1562
    Eq omega: -0.040941 + -0.41847theta + -0.00143omega + 0.11069theta^2 + -0.01311theta omega + -0.20319omega^2
    Eq omega Phys: -0.031749*omega**2 - 6.8e-5*omega*theta - 1.1e-5*omega + 1.9e-5*theta**2 - 0.000486*theta - 3.2e-5

--- Chunk 37286 (107/220) | Start: 2025-01-01 01:05:00 ---
    RMSE omega (GP): 0.041977 | RMSE omega (Sim): 0.086657
    Loss: 67.6264 | Epoch: 251
    Eq omega: -0.000311 + -0.09224theta + 0.00206omega + -0.00418theta^2 + -0.00078theta omega + -0.00127omega^2
    Eq omega Phys: -0.000365*omega**2 - 7.0e-6*omega*theta + 0.000334*omega - 1.0e-6*theta**2 - 8.0e-6*theta + 0.001956

--- Chunk 37287 (108/220) | Start: 2025-01-01 01:10:00 ---
    RMSE omega (GP): 0.013203 | RMSE omega (Sim): 0.118917
    Loss: 8.9812 | Epoch: 2324
    Eq omega: 0.009561 + -0.00041theta + 0.00032omega + 0.00009theta^2 + -0.00042theta omega + -0.00002omega^2
    Eq omega Phys: -7.0e-6*omega**2 - 5.0e-6*omega*theta - 0.000122*omega + 1.0e-6*theta + 4.2e-5

--- Chunk 37288 (109/220) | Start: 2025-01-01 01:15:00 ---
    RMSE omega (GP): 0.014404 | RMSE omega (Sim): 0.176127
    Loss: 1.7026 | Epoch: 1740
    Eq omega: -0.000371 + 0.00205theta + -0.00085omega + 0.00060theta^2 + 0.00013theta omega + 0.00224omega^2
    Eq omega Phys: 0.000523*omega**2 + 1.0e-6*omega*theta - 7.0e-6*omega + 9.0e-6*theta + 0.00012

--- Chunk 37289 (110/220) | Start: 2025-01-01 01:20:00 ---
    RMSE omega (GP): 0.016412 | RMSE omega (Sim): 0.103334
    Loss: 9.5329 | Epoch: 1563
    Eq omega: -0.002791 + -0.00167theta + -0.01304omega + -0.00207theta^2 + 0.00724theta omega + -0.00680omega^2
    Eq omega Phys: -0.002166*omega**2 + 7.7e-5*omega*theta - 0.001375*omega - 0.e-6*theta**2 + 1.6e-5*theta - 9.7e-5

--- Chunk 37290 (111/220) | Start: 2025-01-01 01:25:00 ---
    RMSE omega (GP): 0.013978 | RMSE omega (Sim): 0.197181
    Loss: 1.2941 | Epoch: 713
    Eq omega: 0.013361 + -0.95865theta + 0.00086omega + -0.34137theta^2 + 0.00959theta omega + 0.00108omega^2
    Eq omega Phys: 0.000247*omega**2 + 7.3e-5*omega*theta + 1.1e-5*omega - 8.7e-5*theta**2 - 0.001022*theta + 0.000323

--- Chunk 37291 (112/220) | Start: 2025-01-01 01:30:00 ---
    RMSE omega (GP): 0.035797 | RMSE omega (Sim): 0.212019
    Loss: 33.9582 | Epoch: 94
    Eq omega: 0.015101 + -0.03738theta + -0.00003omega + 0.00013theta^2 + -0.00395theta omega + 0.00887omega^2
    Eq omega Phys: 0.002202*omega**2 - 3.3e-5*omega*theta - 8.9e-5*omega - 4.1e-5*theta - 4.5e-5

--- Chunk 37292 (113/220) | Start: 2025-01-01 01:35:00 ---
    RMSE omega (GP): 0.014717 | RMSE omega (Sim): 0.105650
    Loss: 3.6612 | Epoch: 1215
    Eq omega: -0.004281 + -0.13227theta + 0.00143omega + -0.00266theta^2 + -0.00041theta omega + 0.00373omega^2
    Eq omega Phys: 0.000976*omega**2 - 4.0e-6*omega*theta - 0.e-6*theta**2 - 0.000168*theta - 0.002106

--- Chunk 37293 (114/220) | Start: 2025-01-01 01:40:00 ---
    RMSE omega (GP): 0.012310 | RMSE omega (Sim): 0.191064
    Loss: 0.2001 | Epoch: 876
    Eq omega: 0.007651 + -1.03007theta + 0.09891omega + -0.32621theta^2 + 0.04186theta omega + -0.02901omega^2
    Eq omega Phys: -0.006723*omega**2 + 0.000323*omega*theta + 0.004164*omega - 8.4e-5*theta**2 - 0.001595*theta - 0.003635

--- Chunk 37294 (115/220) | Start: 2025-01-01 01:45:00 ---
    RMSE omega (GP): 0.012393 | RMSE omega (Sim): 0.171175
    Loss: 1.6960 | Epoch: 1496
    Eq omega: -0.004061 + -0.01637theta + 0.00381omega + 0.00027theta^2 + 0.00140theta omega + -0.00282omega^2
    Eq omega Phys: -0.00077*omega**2 + 1.3e-5*omega*theta + 0.000245*omega - 1.7e-5*theta - 0.000178

--- Chunk 37295 (116/220) | Start: 2025-01-01 01:50:00 ---
    RMSE omega (GP): 0.041134 | RMSE omega (Sim): 0.104964
    Loss: 43.4442 | Epoch: 1022
    Eq omega: -0.009801 + -0.29935theta + 0.00213omega + 0.00065theta^2 + -0.00401theta omega + -0.01012omega^2
    Eq omega Phys: -0.002419*omega**2 - 3.2e-5*omega*theta + 0.000117*omega - 0.000333*theta + 0.000433

--- Chunk 37296 (117/220) | Start: 2025-01-01 01:55:00 ---
    RMSE omega (GP): 0.016250 | RMSE omega (Sim): 0.150016
    Loss: 9.6958 | Epoch: 999
    Eq omega: 0.002941 + -0.00048theta + -0.00078omega + 0.00307theta^2 + -0.00005theta omega + 0.00061omega^2
    Eq omega Phys: 0.000195*omega**2 - 0.e-6*omega*theta - 2.7e-5*omega + 1.0e-6*theta**2 + 5.0e-6*theta + 1.7e-5

--- Chunk 37297 (118/220) | Start: 2025-01-01 02:00:00 ---
    RMSE omega (GP): 0.014426 | RMSE omega (Sim): 0.235513
    Loss: 2.7760 | Epoch: 891
    Eq omega: 0.008761 + -0.00943theta + 0.00847omega + 0.00203theta^2 + -0.00112theta omega + 0.01454omega^2
    Eq omega Phys: 0.003584*omega**2 - 9.0e-6*omega*theta + 0.000369*omega + 1.0e-6*theta**2 - 2.1e-5*theta + 0.000188

--- Chunk 37298 (119/220) | Start: 2025-01-01 02:05:00 ---
    RMSE omega (GP): nan | RMSE omega (Sim): nan
    Loss: 272.0360 | Epoch: 42
    Eq omega: nan1 + nantheta + nanomega + nantheta^2 + nantheta omega + nanomega^2
    Eq omega Phys: N/A

--- Chunk 37299 (120/220) | Start: 2025-01-01 02:10:00 ---
    RMSE omega (GP): 0.014085 | RMSE omega (Sim): 0.202615
    Loss: 2.0805 | Epoch: 1076
    Eq omega: -0.006211 + -1.25970theta + 0.00551omega + -0.10395theta^2 + 0.00145theta omega + 0.00124omega^2
    Eq omega Phys: 0.000309*omega**2 + 1.2e-5*omega*theta + 9.1e-5*omega - 2.9e-5*theta**2 - 0.000957*theta + 0.009027

--- Chunk 37300 (121/220) | Start: 2025-01-01 02:15:00 ---
    RMSE omega (GP): nan | RMSE omega (Sim): nan
    Loss: 181.8453 | Epoch: 35
    Eq omega: nan1 + nantheta + nanomega + nantheta^2 + nantheta omega + nanomega^2
    Eq omega Phys: N/A

--- Chunk 37301 (122/220) | Start: 2025-01-01 02:20:00 ---
    RMSE omega (GP): 0.013849 | RMSE omega (Sim): 0.245977
    Loss: 1.3176 | Epoch: 1100
    Eq omega: -0.007281 + -0.00017theta + 0.00133omega + 0.00019theta^2 + -0.00084theta omega + 0.00097omega^2
    Eq omega Phys: 0.000212*omega**2 - 6.0e-6*omega*theta + 0.000128*omega - 1.0e-6*theta - 2.6e-5

--- Chunk 37302 (123/220) | Start: 2025-01-01 02:25:00 ---
    RMSE omega (GP): 0.014781 | RMSE omega (Sim): 0.153417
    Loss: 3.3567 | Epoch: 1668
    Eq omega: 0.002451 + -0.95406theta + -0.00766omega + -0.00390theta^2 + 0.01370theta omega + 0.05071omega^2
    Eq omega Phys: 0.013074*omega**2 + 0.000118*omega*theta - 0.000822*omega - 1.0e-6*theta**2 - 0.001049*theta + 0.005086

--- Chunk 37303 (124/220) | Start: 2025-01-01 02:30:00 ---
    RMSE omega (GP): 0.012359 | RMSE omega (Sim): 0.130449
    Loss: 2.1913 | Epoch: 1044
    Eq omega: -0.000081 + -0.06195theta + -0.00519omega + 0.00073theta^2 + 0.01992theta omega + 0.01191omega^2
    Eq omega Phys: 0.00326*omega**2 + 0.000182*omega*theta - 0.002872*omega - 7.5e-5*theta + 0.001071

--- Chunk 37304 (125/220) | Start: 2025-01-01 02:35:00 ---
    RMSE omega (GP): 0.013322 | RMSE omega (Sim): 0.110648
    Loss: -1.2426 | Epoch: 1286
    Eq omega: -0.011141 + -0.58687theta + 0.01385omega + -0.04085theta^2 + 0.00580theta omega + -0.00288omega^2
    Eq omega Phys: -0.000511*omega**2 + 3.4e-5*omega*theta + 0.000786*omega - 8.0e-6*theta**2 - 0.000804*theta - 0.006951

--- Chunk 37305 (126/220) | Start: 2025-01-01 02:40:00 ---
    RMSE omega (GP): 0.016798 | RMSE omega (Sim): 0.246558
    Loss: 4.1531 | Epoch: 1256
    Eq omega: 0.000541 + -0.00033theta + -0.00015omega + -0.00031theta^2 + -0.00092theta omega + 0.00178omega^2
    Eq omega Phys: 0.000434*omega**2 - 7.0e-6*omega*theta - 0.000172*omega - 4.0e-6*theta - 4.7e-5

--- Chunk 37306 (127/220) | Start: 2025-01-01 02:45:00 ---
    RMSE omega (GP): 0.013781 | RMSE omega (Sim): 0.161301
    Loss: 3.6280 | Epoch: 1230
    Eq omega: 0.003521 + -0.00403theta + -0.00232omega + 0.00201theta^2 + 0.00021theta omega + 0.00427omega^2
    Eq omega Phys: 0.001196*omega**2 + 2.0e-6*omega*theta - 6.4e-5*omega + 1.0e-6*theta**2 + 4.0e-6*theta + 1.3e-5

--- Chunk 37307 (128/220) | Start: 2025-01-01 02:50:00 ---
    RMSE omega (GP): 0.029693 | RMSE omega (Sim): 0.281112
    Loss: -195.0440 | Epoch: 1699
    Eq omega: -0.002671 + -1.82040theta + -0.00699omega + -0.03357theta^2 + -0.00892theta omega + -0.00215omega^2
    Eq omega Phys: -0.000417*omega**2 - 5.8e-5*omega*theta - 0.000607*omega - 7.0e-6*theta**2 - 0.002116*theta - 0.013425

--- Chunk 37308 (129/220) | Start: 2025-01-01 02:55:00 ---
    RMSE omega (GP): 0.013191 | RMSE omega (Sim): 0.174402
    Loss: 1.9837 | Epoch: 1424
    Eq omega: -0.016921 + -0.23120theta + -0.00642omega + -0.01205theta^2 + 0.00165theta omega + -0.00497omega^2
    Eq omega Phys: -0.001237*omega**2 + 1.4e-5*omega*theta - 0.000392*omega - 3.0e-6*theta**2 - 0.00017*theta + 0.002702

--- Chunk 37309 (130/220) | Start: 2025-01-01 03:00:00 ---
    RMSE omega (GP): 0.030283 | RMSE omega (Sim): 0.125553
    Loss: 34.1587 | Epoch: 127
    Eq omega: -0.002881 + 0.00006theta + -0.00109omega + 0.00024theta^2 + 0.00003theta omega + -0.00411omega^2
    Eq omega Phys: -0.001113*omega**2 - 3.2e-5*omega + 3.0e-6*theta + 1.1e-5

--- Chunk 37310 (131/220) | Start: 2025-01-01 03:05:00 ---
    RMSE omega (GP): 0.012625 | RMSE omega (Sim): 0.178206
    Loss: 0.0006 | Epoch: 1717
    Eq omega: -0.000061 + -0.00039theta + 0.00127omega + 0.00186theta^2 + 0.00534theta omega + -0.00055omega^2
    Eq omega Phys: -0.00012*omega**2 + 3.9e-5*omega*theta + 0.000516*omega + 1.1e-5*theta + 6.1e-5

--- Chunk 37311 (132/220) | Start: 2025-01-01 03:10:00 ---
    RMSE omega (GP): 0.011406 | RMSE omega (Sim): 0.286396
    Loss: 0.1955 | Epoch: 2026
    Eq omega: -0.018301 + -0.32373theta + -0.00424omega + 0.00048theta^2 + 0.00269theta omega + 0.00313omega^2
    Eq omega Phys: 0.000754*omega**2 + 2.2e-5*omega*theta - 0.000373*omega - 0.000362*theta + 0.003792

--- Chunk 37312 (133/220) | Start: 2025-01-01 03:15:00 ---
    RMSE omega (GP): nan | RMSE omega (Sim): nan
    Loss: 95.9291 | Epoch: 42
    Eq omega: nan1 + nantheta + nanomega + nantheta^2 + nantheta omega + nanomega^2
    Eq omega Phys: N/A

--- Chunk 37313 (134/220) | Start: 2025-01-01 03:20:00 ---
    RMSE omega (GP): 0.014862 | RMSE omega (Sim): 0.162419
    Loss: 0.2507 | Epoch: 1182
    Eq omega: 0.009241 + -0.64798theta + 0.00159omega + -0.00334theta^2 + -0.02809theta omega + 0.02201omega^2
    Eq omega Phys: 0.004346*omega**2 - 0.000185*omega*theta - 8.2e-5*omega - 0.e-6*theta**2 - 0.000721*theta - 0.000473

--- Chunk 37314 (135/220) | Start: 2025-01-01 03:25:00 ---
    RMSE omega (GP): 0.027542 | RMSE omega (Sim): 0.177140
    Loss: 12.1198 | Epoch: 2163
    Eq omega: 0.003781 + -0.00022theta + -0.00325omega + -0.00010theta^2 + -0.00037theta omega + -0.00281omega^2
    Eq omega Phys: -0.000923*omega**2 - 4.0e-6*omega*theta + 2.2e-5*omega + 2.0e-6*theta - 1.7e-5

--- Chunk 37315 (136/220) | Start: 2025-01-01 03:30:00 ---
    RMSE omega (GP): 0.014599 | RMSE omega (Sim): 0.193724
    Loss: 2.3592 | Epoch: 1665
    Eq omega: 0.003351 + -0.02990theta + -0.00285omega + -0.00342theta^2 + -0.00369theta omega + 0.00221omega^2
    Eq omega Phys: 0.00053*omega**2 - 3.0e-5*omega*theta - 0.00051*omega - 0.e-6*theta**2 - 5.9e-5*theta - 0.000633

--- Chunk 37316 (137/220) | Start: 2025-01-01 03:35:00 ---
    RMSE omega (GP): 0.014447 | RMSE omega (Sim): 0.298829
    Loss: 1.8744 | Epoch: 1469
    Eq omega: 0.002801 + 0.00126theta + 0.00097omega + -0.00069theta^2 + 0.00043theta omega + 0.00154omega^2
    Eq omega Phys: 0.000365*omega**2 + 3.0e-6*omega*theta + 2.7e-5*omega + 2.0e-6*theta + 1.1e-5

--- Chunk 37317 (138/220) | Start: 2025-01-01 03:40:00 ---
    RMSE omega (GP): 0.014243 | RMSE omega (Sim): 0.206289
    Loss: 1.2232 | Epoch: 954
    Eq omega: -0.021071 + -0.91865theta + -0.00220omega + -0.08047theta^2 + -0.01835theta omega + 0.00898omega^2
    Eq omega Phys: 0.001973*omega**2 - 0.000134*omega*theta + 0.000186*omega - 2.0e-5*theta**2 - 0.000945*theta + 0.001791

--- Chunk 37318 (139/220) | Start: 2025-01-01 03:45:00 ---
    RMSE omega (GP): 0.014496 | RMSE omega (Sim): 0.143437
    Loss: 3.9328 | Epoch: 988
    Eq omega: -0.000381 + -0.00372theta + -0.00107omega + -0.00002theta^2 + -0.00053theta omega + 0.00434omega^2
    Eq omega Phys: 0.001164*omega**2 - 5.0e-6*omega*theta - 2.0e-5*omega - 4.0e-6*theta + 1.2e-5

--- Chunk 37319 (140/220) | Start: 2025-01-01 03:50:00 ---
    RMSE omega (GP): 0.016482 | RMSE omega (Sim): 0.167439
    Loss: 0.6623 | Epoch: 1658
    Eq omega: -0.007231 + -0.50122theta + -0.01037omega + 0.00028theta^2 + -0.00076theta omega + 0.00934omega^2
    Eq omega Phys: 0.001678*omega**2 - 5.0e-6*omega*theta - 0.000357*omega - 0.000557*theta - 0.001378

--- Chunk 37320 (141/220) | Start: 2025-01-01 03:55:00 ---
    RMSE omega (GP): 0.012497 | RMSE omega (Sim): 0.281936
    Loss: 0.8162 | Epoch: 2438
    Eq omega: -0.000821 + 0.00077theta + 0.00432omega + -0.00120theta^2 + -0.00091theta omega + -0.00206omega^2
    Eq omega Phys: -0.00047*omega**2 - 7.0e-6*omega*theta + 6.3e-5*omega - 6.0e-6*theta - 3.6e-5

--- Chunk 37321 (142/220) | Start: 2025-01-01 04:00:00 ---
    RMSE omega (GP): nan | RMSE omega (Sim): nan
    Loss: 134.2517 | Epoch: 23
    Eq omega: nan1 + nantheta + nanomega + nantheta^2 + nantheta omega + nanomega^2
    Eq omega Phys: N/A

--- Chunk 37322 (143/220) | Start: 2025-01-01 04:05:00 ---
    RMSE omega (GP): 0.011697 | RMSE omega (Sim): 0.155451
    Loss: 0.0724 | Epoch: 814
    Eq omega: 0.008891 + -1.08611theta + 0.00778omega + 0.02379theta^2 + -0.02141theta omega + -0.00393omega^2
    Eq omega Phys: -0.000925*omega**2 - 0.000168*omega*theta + 0.000161*omega + 6.0e-6*theta**2 - 0.0012*theta - 0.000662

--- Chunk 37323 (144/220) | Start: 2025-01-01 04:10:00 ---
    RMSE omega (GP): nan | RMSE omega (Sim): nan
    Loss: 94.3110 | Epoch: 28
    Eq omega: nan1 + nantheta + nanomega + nantheta^2 + nantheta omega + nanomega^2
    Eq omega Phys: N/A

--- Chunk 37324 (145/220) | Start: 2025-01-01 04:15:00 ---
    RMSE omega (GP): nan | RMSE omega (Sim): nan
    Loss: 540.6191 | Epoch: 41
    Eq omega: nan1 + nantheta + nanomega + nantheta^2 + nantheta omega + nanomega^2
    Eq omega Phys: N/A

--- Chunk 37325 (146/220) | Start: 2025-01-01 04:20:00 ---
    RMSE omega (GP): 0.013917 | RMSE omega (Sim): 0.197036
    Loss: 1.7198 | Epoch: 1167
    Eq omega: -0.000101 + -0.02329theta + -0.00072omega + 0.00461theta^2 + -0.02305theta omega + 0.00606omega^2
    Eq omega Phys: 0.001483*omega**2 - 0.000188*omega*theta + 0.000761*omega + 1.0e-6*theta**2 - 3.6e-5*theta + 0.000129

--- Chunk 37326 (147/220) | Start: 2025-01-01 04:25:00 ---
    RMSE omega (GP): 0.014114 | RMSE omega (Sim): 0.325011
    Loss: 14.6384 | Epoch: 1911
    Eq omega: -0.003431 + 0.00079theta + 0.00488omega + -0.01214theta^2 + -0.00003theta omega + -0.00141omega^2
    Eq omega Phys: -0.000649*omega**2 + 0.000151*omega - 6.0e-6*theta**2 - 0.000325*theta - 0.004256

--- Chunk 37327 (148/220) | Start: 2025-01-01 04:30:00 ---
    RMSE omega (GP): 0.014603 | RMSE omega (Sim): 0.305393
    Loss: 1.0760 | Epoch: 1485
    Eq omega: 0.088181 + -1.64316theta + 0.02516omega + -0.02166theta^2 + -0.60062theta omega + -0.00400omega^2
    Eq omega Phys: -0.000887*omega**2 - 0.00444*omega*theta - 0.020177*omega - 5.0e-6*theta**2 - 0.001876*theta - 0.008319

--- Chunk 37328 (149/220) | Start: 2025-01-01 04:35:00 ---
    RMSE omega (GP): 0.011281 | RMSE omega (Sim): 0.129884
    Loss: 0.5089 | Epoch: 1761
    Eq omega: 0.006021 + -0.00016theta + 0.00283omega + -0.00013theta^2 + 0.00071theta omega + -0.00005omega^2
    Eq omega Phys: -1.3e-5*omega**2 + 6.0e-6*omega*theta + 0.000196*omega - 1.0e-6*theta + 1.2e-5

--- Chunk 37329 (150/220) | Start: 2025-01-01 04:40:00 ---
    RMSE omega (GP): 0.012991 | RMSE omega (Sim): 0.099450
    Loss: 6.6669 | Epoch: 1373
    Eq omega: -0.003361 + -0.00004theta + 0.00072omega + 0.00054theta^2 + -0.00051theta omega + 0.00172omega^2
    Eq omega Phys: 0.000671*omega**2 - 7.0e-6*omega*theta - 9.8e-5*omega + 9.0e-6*theta + 6.9e-5

  [Progress 150/220] Mean RMSE omega (GP): 0.017738 | (Sim): 0.161528 | Mean loss: -13.0815 | Valid GP: 120/150 | Valid Sim: 119/150 | Elapsed: 53.1min | ETA: 24.8min

--- Chunk 37330 (151/220) | Start: 2025-01-01 04:45:00 ---
    RMSE omega (GP): 0.013854 | RMSE omega (Sim): 0.155565
    Loss: 3.7895 | Epoch: 1481
    Eq omega: 0.000331 + -0.00199theta + 0.00086omega + 0.00070theta^2 + 0.00031theta omega + 0.00173omega^2
    Eq omega Phys: 0.000469*omega**2 + 3.0e-6*omega*theta + 7.5e-5*omega + 5.0e-6*theta + 2.3e-5

--- Chunk 37331 (152/220) | Start: 2025-01-01 04:50:00 ---
    RMSE omega (GP): 0.015206 | RMSE omega (Sim): 0.196699
    Loss: 6.6516 | Epoch: 2601
    Eq omega: -0.002751 + -0.18610theta + 0.00361omega + 0.00350theta^2 + -0.00107theta omega + 0.00374omega^2
    Eq omega Phys: 0.001157*omega**2 - 1.1e-5*omega*theta - 0.000131*omega + 1.0e-6*theta**2 - 0.000152*theta - 0.00409

--- Chunk 37332 (153/220) | Start: 2025-01-01 04:55:00 ---
    RMSE omega (GP): 0.035369 | RMSE omega (Sim): 0.229041
    Loss: 22.4671 | Epoch: 74
    Eq omega: 0.005241 + -0.06514theta + -0.00649omega + -0.03181theta^2 + 0.01903theta omega + 0.01677omega^2
    Eq omega Phys: 0.003432*omega**2 + 0.00013*omega*theta + 0.001057*omega - 7.0e-6*theta**2 - 0.000214*theta - 0.001378

--- Chunk 37333 (154/220) | Start: 2025-01-01 05:00:00 ---
    RMSE omega (GP): 0.011026 | RMSE omega (Sim): 0.160377
    Loss: -0.8764 | Epoch: 1075
    Eq omega: 0.035031 + -0.09163theta + 0.00261omega + -0.12704theta^2 + 0.00006theta omega + 0.09274omega^2
    Eq omega Phys: 0.019922*omega**2 + 8.8e-5*omega - 3.0e-5*theta**2 - 0.000225*theta - 0.000151

--- Chunk 37334 (155/220) | Start: 2025-01-01 05:05:00 ---
    RMSE omega (GP): 0.031509 | RMSE omega (Sim): 0.112005
    Loss: 20.6083 | Epoch: 107
    Eq omega: -0.010811 + -0.13692theta + -0.00676omega + -0.00200theta^2 + 0.00134theta omega + -0.00336omega^2
    Eq omega Phys: -0.000748*omega**2 + 1.0e-5*omega*theta - 9.9e-5*omega - 0.000165*theta - 0.002065

--- Chunk 37335 (156/220) | Start: 2025-01-01 05:10:00 ---
    RMSE omega (GP): 0.014114 | RMSE omega (Sim): 0.250697
    Loss: 2.4326 | Epoch: 2259
    Eq omega: 0.000771 + 0.00016theta + 0.00014omega + -0.00001theta^2 + -0.00029theta omega + -0.00043omega^2
    Eq omega Phys: -0.000106*omega**2 - 2.0e-6*omega*theta + 3.0e-5*omega + 1.0e-6

--- Chunk 37336 (157/220) | Start: 2025-01-01 05:15:00 ---
    RMSE omega (GP): 0.040696 | RMSE omega (Sim): 0.177533
    Loss: -18.8721 | Epoch: 513
    Eq omega: -0.001601 + -0.00053theta + 0.00421omega + -0.00038theta^2 + 0.00077theta omega + -0.00195omega^2
    Eq omega Phys: -0.000508*omega**2 + 7.0e-6*omega*theta + 0.000139*omega - 0.e-6*theta - 7.0e-6

--- Chunk 37337 (158/220) | Start: 2025-01-01 05:20:00 ---
    RMSE omega (GP): 0.027640 | RMSE omega (Sim): 0.084578
    Loss: -1708876090174341120.0000 | Epoch: 2751
    Eq omega: -0.007391 + -0.03793theta + 0.00027omega + 0.00007theta^2 + 0.00025theta omega + -0.00016omega^2
    Eq omega Phys: -8.0e-5*omega**2 + 4.0e-6*omega*theta + 0.000125*omega - 4.0e-5*theta - 0.001165

--- Chunk 37338 (159/220) | Start: 2025-01-01 05:25:00 ---
    RMSE omega (GP): nan | RMSE omega (Sim): nan
    Loss: 27.1478 | Epoch: 119
    Eq omega: nan1 + nantheta + nanomega + nantheta^2 + nantheta omega + nanomega^2
    Eq omega Phys: N/A

--- Chunk 37339 (160/220) | Start: 2025-01-01 05:30:00 ---
    RMSE omega (GP): 0.015845 | RMSE omega (Sim): 0.188497
    Loss: 2.5867 | Epoch: 1960
    Eq omega: -0.006051 + -0.31315theta + -0.01322omega + -0.00990theta^2 + 0.00681theta omega + -0.04054omega^2
    Eq omega Phys: -0.009265*omega**2 + 5.2e-5*omega*theta - 0.001205*omega - 3.0e-6*theta**2 - 0.000274*theta + 0.004551

--- Chunk 37340 (161/220) | Start: 2025-01-01 05:35:00 ---
    RMSE omega (GP): 0.012022 | RMSE omega (Sim): 0.178495
    Loss: 1.5155 | Epoch: 1272
    Eq omega: -0.001151 + -0.00003theta + -0.00152omega + 0.00034theta^2 + 0.00028theta omega + 0.00221omega^2
    Eq omega Phys: 0.00057*omega**2 + 2.0e-6*omega*theta - 2.0e-6*omega + 4.0e-6*theta + 3.5e-5

--- Chunk 37341 (162/220) | Start: 2025-01-01 05:40:00 ---
    RMSE omega (GP): 0.015119 | RMSE omega (Sim): 0.132030
    Loss: 3.0327 | Epoch: 1047
    Eq omega: 0.003431 + -0.00110theta + -0.00019omega + 0.00118theta^2 + 0.00170theta omega + 0.00386omega^2
    Eq omega Phys: 0.000965*omega**2 + 1.4e-5*omega*theta - 7.2e-5*omega - 4.0e-6*theta + 2.8e-5

--- Chunk 37342 (163/220) | Start: 2025-01-01 05:45:00 ---
    RMSE omega (GP): 0.015509 | RMSE omega (Sim): 0.167533
    Loss: 3.8501 | Epoch: 813
    Eq omega: 0.003881 + -0.00139theta + 0.00152omega + 0.00092theta^2 + 0.00117theta omega + -0.00208omega^2
    Eq omega Phys: -0.00051*omega**2 + 1.0e-5*omega*theta - 5.8e-5*omega - 7.0e-6*theta + 6.8e-5

--- Chunk 37343 (164/220) | Start: 2025-01-01 05:50:00 ---
    RMSE omega (GP): 0.021544 | RMSE omega (Sim): 0.157584
    Loss: 14.8894 | Epoch: 689
    Eq omega: 0.010891 + -0.00130theta + 0.00306omega + -0.00126theta^2 + -0.00023theta omega + 0.00291omega^2
    Eq omega Phys: 0.000751*omega**2 - 2.0e-6*omega*theta + 0.000119*omega + 5.0e-6*theta + 3.2e-5

--- Chunk 37344 (165/220) | Start: 2025-01-01 05:55:00 ---
    RMSE omega (GP): nan | RMSE omega (Sim): nan
    Loss: 456.5486 | Epoch: 57
    Eq omega: nan1 + nantheta + nanomega + nantheta^2 + nantheta omega + nanomega^2
    Eq omega Phys: N/A

--- Chunk 37345 (166/220) | Start: 2025-01-01 06:00:00 ---
    RMSE omega (GP): 0.012820 | RMSE omega (Sim): 0.256724
    Loss: 0.3506 | Epoch: 1398
    Eq omega: 0.001021 + 0.00050theta + 0.00157omega + 0.00013theta^2 + 0.00010theta omega + -0.00147omega^2
    Eq omega Phys: -0.000333*omega**2 + 1.0e-6*omega*theta + 5.4e-5*omega + 1.0e-6*theta + 6.0e-6

--- Chunk 37346 (167/220) | Start: 2025-01-01 06:05:00 ---
    RMSE omega (GP): 0.028163 | RMSE omega (Sim): 0.172208
    Loss: -9.4404 | Epoch: 500
    Eq omega: 0.013741 + -0.49755theta + -0.00337omega + -0.00304theta^2 + 0.07135theta omega + -0.00417omega^2
    Eq omega Phys: -0.00089*omega**2 + 0.000507*omega*theta - 0.001795*omega - 0.e-6*theta**2 - 0.000548*theta + 0.001896

--- Chunk 37347 (168/220) | Start: 2025-01-01 06:10:00 ---
    RMSE omega (GP): 0.017451 | RMSE omega (Sim): 0.132340
    Loss: 1.4792 | Epoch: 1717
    Eq omega: 0.000401 + -0.00001theta + -0.00100omega + -0.00055theta^2 + 0.00003theta omega + 0.00008omega^2
    Eq omega Phys: 2.1e-5*omega**2 - 3.8e-5*omega + 6.0e-6*theta - 6.0e-5

--- Chunk 37348 (169/220) | Start: 2025-01-01 06:15:00 ---
    RMSE omega (GP): 0.014313 | RMSE omega (Sim): 0.155205
    Loss: 3.2666 | Epoch: 1152
    Eq omega: 0.001981 + 0.00020theta + 0.00437omega + 0.00015theta^2 + -0.00014theta omega + 0.00281omega^2
    Eq omega Phys: 0.000735*omega**2 - 1.0e-6*omega*theta + 0.000149*omega + 8.0e-6

--- Chunk 37349 (170/220) | Start: 2025-01-01 06:20:00 ---
    RMSE omega (GP): 0.076913 | RMSE omega (Sim): 0.100737
    Loss: 350.1987 | Epoch: 592
    Eq omega: -0.000041 + -0.00090theta + 0.00214omega + -0.00000theta^2 + 0.00057theta omega + -0.00165omega^2
    Eq omega Phys: -0.000539*omega**2 + 6.0e-6*omega*theta + 0.000236*omega - 0.e-6*theta - 2.7e-5

--- Chunk 37350 (171/220) | Start: 2025-01-01 06:25:00 ---
    RMSE omega (GP): 0.014130 | RMSE omega (Sim): 0.171763
    Loss: 0.6877 | Epoch: 1246
    Eq omega: 0.001381 + -0.00077theta + -0.00079omega + 0.00960theta^2 + 0.00044theta omega + -0.00798omega^2
    Eq omega Phys: -0.001747*omega**2 + 3.0e-6*omega*theta - 8.0e-6*omega + 2.0e-6*theta**2 + 2.6e-5*theta + 8.1e-5

--- Chunk 37351 (172/220) | Start: 2025-01-01 06:30:00 ---
    RMSE omega (GP): 0.013976 | RMSE omega (Sim): 0.206229
    Loss: 6.1966 | Epoch: 708
    Eq omega: 0.000561 + -0.00214theta + 0.00383omega + 0.00210theta^2 + -0.00765theta omega + 0.00267omega^2
    Eq omega Phys: 0.000847*omega**2 - 8.1e-5*omega*theta + 0.000396*omega + 1.0e-6*theta**2 - 7.0e-6*theta + 1.8e-5

--- Chunk 37352 (173/220) | Start: 2025-01-01 06:35:00 ---
    RMSE omega (GP): 0.010558 | RMSE omega (Sim): 0.169589
    Loss: 1.1528 | Epoch: 1992
    Eq omega: 0.002201 + -0.00011theta + -0.00409omega + -0.00082theta^2 + 0.00042theta omega + -0.00163omega^2
    Eq omega Phys: -0.000458*omega**2 + 4.0e-6*omega*theta - 0.000101*omega - 5.0e-6*theta - 1.3e-5

--- Chunk 37353 (174/220) | Start: 2025-01-01 06:40:00 ---
    RMSE omega (GP): nan | RMSE omega (Sim): nan
    Loss: 449.2179 | Epoch: 15
    Eq omega: nan1 + nantheta + nanomega + nantheta^2 + nantheta omega + nanomega^2
    Eq omega Phys: N/A

--- Chunk 37354 (175/220) | Start: 2025-01-01 06:45:00 ---
    RMSE omega (GP): 0.096805 | RMSE omega (Sim): 0.159430
    Loss: 244.6015 | Epoch: 704
    Eq omega: -0.014291 + -0.02266theta + 0.00307omega + -0.00178theta^2 + 0.00049theta omega + -0.00004omega^2
    Eq omega Phys: -9.0e-6*omega**2 + 4.0e-6*omega*theta + 1.8e-5*omega - 5.0e-6*theta + 0.000285

--- Chunk 37355 (176/220) | Start: 2025-01-01 06:50:00 ---
    RMSE omega (GP): nan | RMSE omega (Sim): nan
    Loss: 50.7362 | Epoch: 77
    Eq omega: nan1 + nantheta + nanomega + nantheta^2 + nantheta omega + nanomega^2
    Eq omega Phys: N/A

--- Chunk 37356 (177/220) | Start: 2025-01-01 06:55:00 ---
    RMSE omega (GP): nan | RMSE omega (Sim): nan
    Loss: 19.0831 | Epoch: 54
    Eq omega: nan1 + nantheta + nanomega + nantheta^2 + nantheta omega + nanomega^2
    Eq omega Phys: N/A

--- Chunk 37357 (178/220) | Start: 2025-01-01 07:00:00 ---
    RMSE omega (GP): 0.059303 | RMSE omega (Sim): 0.171260
    Loss: 85.9834 | Epoch: 247
    Eq omega: -0.001311 + -0.00070theta + -0.00414omega + 0.00007theta^2 + -0.00006theta omega + -0.00046omega^2
    Eq omega Phys: -9.8e-5*omega**2 - 0.000121*omega - 2.0e-6*theta + 5.0e-5

--- Chunk 37358 (179/220) | Start: 2025-01-01 07:05:00 ---
    RMSE omega (GP): 0.016837 | RMSE omega (Sim): 0.114602
    Loss: 9.7764 | Epoch: 1619
    Eq omega: 0.001711 + 0.00047theta + 0.00108omega + 0.00050theta^2 + -0.00205theta omega + 0.00357omega^2
    Eq omega Phys: 0.001114*omega**2 - 2.1e-5*omega*theta + 0.000284*omega - 4.0e-6*theta + 2.3e-5

--- Chunk 37359 (180/220) | Start: 2025-01-01 07:10:00 ---
    RMSE omega (GP): 0.055550 | RMSE omega (Sim): 0.157202
    Loss: 242.9878 | Epoch: 54
    Eq omega: -0.001821 + -0.03592theta + -0.00968omega + 0.00047theta^2 + 0.00066theta omega + -0.00086omega^2
    Eq omega Phys: -0.000315*omega**2 + 8.0e-6*omega*theta - 0.000215*omega - 3.5e-5*theta - 0.000503

--- Chunk 37360 (181/220) | Start: 2025-01-01 07:15:00 ---
    RMSE omega (GP): 0.013528 | RMSE omega (Sim): 0.174502
    Loss: 4.0522 | Epoch: 1130
    Eq omega: 0.005411 + -0.48499theta + -0.00035omega + 0.01364theta^2 + 0.00399theta omega + -0.00856omega^2
    Eq omega Phys: -0.002511*omega**2 + 3.9e-5*omega*theta - 0.000213*omega + 4.0e-6*theta**2 - 0.000585*theta + 0.002923

--- Chunk 37361 (182/220) | Start: 2025-01-01 07:20:00 ---
    RMSE omega (GP): 0.012453 | RMSE omega (Sim): 0.123200
    Loss: 3.0250 | Epoch: 954
    Eq omega: 0.000031 + 0.00035theta + 0.00023omega + -0.00272theta^2 + -0.00015theta omega + 0.00209omega^2
    Eq omega Phys: 0.000594*omega**2 - 1.0e-6*omega*theta + 2.2e-5*omega - 0.e-6*theta**2 + 1.8e-5*theta - 9.1e-5

--- Chunk 37362 (183/220) | Start: 2025-01-01 07:25:00 ---
    RMSE omega (GP): nan | RMSE omega (Sim): nan
    Loss: 414.7932 | Epoch: 18
    Eq omega: nan1 + nantheta + nanomega + nantheta^2 + nantheta omega + nanomega^2
    Eq omega Phys: N/A

--- Chunk 37363 (184/220) | Start: 2025-01-01 07:30:00 ---
    RMSE omega (GP): 0.011186 | RMSE omega (Sim): 0.103438
    Loss: 3.8213 | Epoch: 1332
    Eq omega: 0.000331 + 0.00059theta + 0.00125omega + -0.00005theta^2 + 0.00085theta omega + -0.00339omega^2
    Eq omega Phys: -0.001152*omega**2 + 1.0e-5*omega*theta - 0.000105*omega + 1.0e-6*theta - 1.3e-5

--- Chunk 37364 (185/220) | Start: 2025-01-01 07:35:00 ---
    RMSE omega (GP): 0.009295 | RMSE omega (Sim): 0.122609
    Loss: 1.0444 | Epoch: 815
    Eq omega: 0.001911 + -5.46012theta + 0.04212omega + 0.04293theta^2 + -0.23168theta omega + -0.00080omega^2
    Eq omega Phys: -0.000261*omega**2 - 0.002516*omega*theta + 0.002668*omega + 1.6e-5*theta**2 - 0.006082*theta + 0.003059

--- Chunk 37365 (186/220) | Start: 2025-01-01 07:40:00 ---
    RMSE omega (GP): 0.009604 | RMSE omega (Sim): 0.225368
    Loss: -0.3275 | Epoch: 923
    Eq omega: 0.006981 + -0.92286theta + -0.00116omega + 0.01272theta^2 + -0.00035theta omega + -0.00159omega^2
    Eq omega Phys: -0.000386*omega**2 - 3.0e-6*omega*theta - 5.6e-5*omega + 3.0e-6*theta**2 - 0.000985*theta - 0.00595

--- Chunk 37366 (187/220) | Start: 2025-01-01 07:45:00 ---
    RMSE omega (GP): 0.010434 | RMSE omega (Sim): 0.207781
    Loss: -0.9198 | Epoch: 1661
    Eq omega: -0.040731 + -0.19602theta + -0.00794omega + -0.00607theta^2 + -0.00146theta omega + 0.00937omega^2
    Eq omega Phys: 0.00217*omega**2 - 1.1e-5*omega*theta - 0.000174*omega - 2.0e-6*theta**2 - 0.000193*theta + 0.001454

--- Chunk 37367 (188/220) | Start: 2025-01-01 07:50:00 ---
    RMSE omega (GP): 0.009471 | RMSE omega (Sim): 0.204274
    Loss: 0.0586 | Epoch: 1413
    Eq omega: 0.008481 + -0.75626theta + -0.00142omega + -0.01368theta^2 + 0.00385theta omega + 0.00408omega^2
    Eq omega Phys: 0.001135*omega**2 + 3.6e-5*omega*theta - 2.8e-5*omega - 4.0e-6*theta**2 - 0.000845*theta - 0.00043

--- Chunk 37368 (189/220) | Start: 2025-01-01 07:55:00 ---
    RMSE omega (GP): 0.010232 | RMSE omega (Sim): 0.111960
    Loss: 1.5789 | Epoch: 697
    Eq omega: -0.026721 + -0.00034theta + 0.00348omega + -0.00129theta^2 + -0.00403theta omega + -0.00057omega^2
    Eq omega Phys: -0.000186*omega**2 - 4.4e-5*omega*theta + 0.000399*omega + 6.0e-6*theta - 0.000108

--- Chunk 37369 (190/220) | Start: 2025-01-01 08:00:00 ---
    RMSE omega (GP): nan | RMSE omega (Sim): nan
    Loss: 402.6051 | Epoch: 22
    Eq omega: nan1 + nantheta + nanomega + nantheta^2 + nantheta omega + nanomega^2
    Eq omega Phys: N/A

--- Chunk 37370 (191/220) | Start: 2025-01-01 08:05:00 ---
    RMSE omega (GP): 0.012767 | RMSE omega (Sim): 0.256376
    Loss: 0.7827 | Epoch: 702
    Eq omega: 0.007631 + -0.82059theta + -0.00613omega + -0.03163theta^2 + 0.01369theta omega + 0.00917omega^2
    Eq omega Phys: 0.00211*omega**2 + 0.000105*omega*theta - 0.000835*omega - 8.0e-6*theta**2 - 0.000815*theta + 0.005221

--- Chunk 37371 (192/220) | Start: 2025-01-01 08:10:00 ---
    RMSE omega (GP): 0.037048 | RMSE omega (Sim): 0.345713
    Loss: 48.7464 | Epoch: 347
    Eq omega: 0.000321 + -0.00091theta + -0.00000omega + -0.00158theta^2 + 0.00082theta omega + -0.00485omega^2
    Eq omega Phys: -0.001235*omega**2 + 7.0e-6*omega*theta - 5.2e-5*omega + 6.0e-6*theta - 1.6e-5

--- Chunk 37372 (193/220) | Start: 2025-01-01 08:15:00 ---
    RMSE omega (GP): 0.010001 | RMSE omega (Sim): 0.163312
    Loss: 0.4544 | Epoch: 709
    Eq omega: -0.002891 + -0.00818theta + -0.00097omega + -0.00306theta^2 + 0.00240theta omega + -0.00492omega^2
    Eq omega Phys: -0.001383*omega**2 + 2.2e-5*omega*theta - 0.000178*omega - 0.e-6*theta**2 + 3.0e-6*theta + 7.0e-6

--- Chunk 37373 (194/220) | Start: 2025-01-01 08:20:00 ---
    RMSE omega (GP): 0.010629 | RMSE omega (Sim): 0.157706
    Loss: 0.9568 | Epoch: 1079
    Eq omega: -0.010271 + -0.94428theta + 0.01057omega + 0.09255theta^2 + 0.03803theta omega + -0.03417omega^2
    Eq omega Phys: -0.009697*omega**2 + 0.00036*omega*theta + 0.000268*omega + 2.9e-5*theta**2 - 0.001063*theta + 0.000209

--- Chunk 37374 (195/220) | Start: 2025-01-01 08:25:00 ---
    RMSE omega (GP): 0.011348 | RMSE omega (Sim): 0.130691
    Loss: 1.2806 | Epoch: 935
    Eq omega: 0.005291 + -0.53524theta + -0.00894omega + 0.00695theta^2 + -0.00077theta omega + -0.00143omega^2
    Eq omega Phys: -0.000414*omega**2 - 7.0e-6*omega*theta - 0.000334*omega + 2.0e-6*theta**2 - 0.000573*theta - 0.002814

--- Chunk 37375 (196/220) | Start: 2025-01-01 08:30:00 ---
    RMSE omega (GP): 0.056549 | RMSE omega (Sim): 0.112671
    Loss: 307.6670 | Epoch: 50
    Eq omega: 0.001791 + 0.00022theta + -0.00049omega + 0.00024theta^2 + 0.00009theta omega + 0.00007omega^2
    Eq omega Phys: 2.7e-5*omega**2 + 1.0e-6*omega*theta - 3.3e-5*omega - 3.0e-6*theta + 2.4e-5

--- Chunk 37376 (197/220) | Start: 2025-01-01 08:35:00 ---
    RMSE omega (GP): 0.060182 | RMSE omega (Sim): 0.115521
    Loss: 258.7807 | Epoch: 49
    Eq omega: 0.016331 + -0.01701theta + -0.00164omega + -0.00024theta^2 + -0.00101theta omega + 0.00015omega^2
    Eq omega Phys: 5.5e-5*omega**2 - 1.2e-5*omega*theta + 7.5e-5*omega - 1.7e-5*theta + 0.000236

--- Chunk 37377 (198/220) | Start: 2025-01-01 08:40:00 ---
    RMSE omega (GP): 0.010345 | RMSE omega (Sim): 0.173454
    Loss: 1.2248 | Epoch: 1419
    Eq omega: -0.000981 + 0.00063theta + 0.00021omega + 0.00030theta^2 + -0.00064theta omega + -0.00138omega^2
    Eq omega Phys: -0.00041*omega**2 - 6.0e-6*omega*theta + 5.6e-5*omega - 0.e-6*theta - 3.0e-6

--- Chunk 37378 (199/220) | Start: 2025-01-01 08:45:00 ---
    RMSE omega (GP): 0.017395 | RMSE omega (Sim): 0.178036
    Loss: 9.1547 | Epoch: 404
    Eq omega: 0.000801 + -0.81292theta + -0.02039omega + -0.00958theta^2 + 0.00063theta omega + -0.00208omega^2
    Eq omega Phys: -0.000588*omega**2 + 6.0e-6*omega*theta - 0.000727*omega - 3.0e-6*theta**2 - 0.000855*theta + 0.007059

--- Chunk 37379 (200/220) | Start: 2025-01-01 08:50:00 ---
    RMSE omega (GP): 0.010264 | RMSE omega (Sim): 0.124275
    Loss: 0.0987 | Epoch: 872
    Eq omega: -0.001221 + -0.00048theta + -0.00149omega + -0.00062theta^2 + -0.00157theta omega + 0.00036omega^2
    Eq omega Phys: 0.000104*omega**2 - 1.5e-5*omega*theta - 0.000151*omega - 3.0e-6*theta - 1.7e-5

  [Progress 200/220] Mean RMSE omega (GP): 0.019249 | (Sim): 0.163028 | Mean loss: -8544380450871697.0000 | Valid GP: 163/200 | Valid Sim: 162/200 | Elapsed: 68.4min | ETA: 6.8min

--- Chunk 37380 (201/220) | Start: 2025-01-01 08:55:00 ---
    RMSE omega (GP): 0.008891 | RMSE omega (Sim): 0.121010
    Loss: 3.4986 | Epoch: 713
    Eq omega: 0.001671 + -0.00391theta + -0.00000omega + 0.00215theta^2 + -0.00012theta omega + -0.00253omega^2
    Eq omega Phys: -0.001056*omega**2 - 2.0e-6*omega*theta + 1.2e-5*omega + 1.0e-6*theta**2 - 1.9e-5*theta + 9.1e-5

--- Chunk 37381 (202/220) | Start: 2025-01-01 09:00:00 ---
    RMSE omega (GP): nan | RMSE omega (Sim): nan
    Loss: 2504.7175 | Epoch: 25
    Eq omega: nan1 + nantheta + nanomega + nantheta^2 + nantheta omega + nanomega^2
    Eq omega Phys: N/A

--- Chunk 37382 (203/220) | Start: 2025-01-01 09:05:00 ---
    RMSE omega (GP): 0.022369 | RMSE omega (Sim): 0.127465
    Loss: 24.5721 | Epoch: 63
    Eq omega: 0.000171 + 0.00030theta + 0.00075omega + -0.00080theta^2 + 0.00047theta omega + 0.00053omega^2
    Eq omega Phys: 0.000169*omega**2 + 5.0e-6*omega*theta - 2.0e-5*omega + 5.0e-6*theta - 2.5e-5

--- Chunk 37383 (204/220) | Start: 2025-01-01 09:10:00 ---
    RMSE omega (GP): 0.012613 | RMSE omega (Sim): 0.120602
    Loss: 9.4501 | Epoch: 1084
    Eq omega: -0.013581 + -0.00400theta + -0.00464omega + -0.00109theta^2 + 0.00015theta omega + -0.00138omega^2
    Eq omega Phys: -0.000565*omega**2 + 2.0e-6*omega*theta - 0.000172*omega + 4.0e-6*theta - 3.5e-5

--- Chunk 37384 (205/220) | Start: 2025-01-01 09:15:00 ---
    RMSE omega (GP): 0.010083 | RMSE omega (Sim): 0.120606
    Loss: 6.3875 | Epoch: 821
    Eq omega: 0.000931 + 0.00017theta + -0.00053omega + -0.00363theta^2 + 0.00118theta omega + -0.00432omega^2
    Eq omega Phys: -0.001891*omega**2 + 1.7e-5*omega*theta - 0.000111*omega - 2.0e-6*theta**2 + 1.9e-5*theta - 5.0e-5

--- Chunk 37385 (206/220) | Start: 2025-01-01 09:20:00 ---
    RMSE omega (GP): nan | RMSE omega (Sim): nan
    Loss: 92.8132 | Epoch: 45
    Eq omega: nan1 + nantheta + nanomega + nantheta^2 + nantheta omega + nanomega^2
    Eq omega Phys: N/A

--- Chunk 37386 (207/220) | Start: 2025-01-01 09:25:00 ---
    RMSE omega (GP): 0.009271 | RMSE omega (Sim): 0.079867
    Loss: 5.9842 | Epoch: 1063
    Eq omega: -0.002271 + -0.00327theta + -0.00555omega + -0.00106theta^2 + -0.00015theta omega + -0.00095omega^2
    Eq omega Phys: -0.000462*omega**2 - 2.0e-6*omega*theta - 0.000189*omega - 0.e-6*theta**2 - 5.0e-6*theta - 1.3e-5

--- Chunk 37387 (208/220) | Start: 2025-01-01 09:30:00 ---
    RMSE omega (GP): nan | RMSE omega (Sim): nan
    Loss: 1549.7013 | Epoch: 17
    Eq omega: nan1 + nantheta + nanomega + nantheta^2 + nantheta omega + nanomega^2
    Eq omega Phys: N/A

--- Chunk 37388 (209/220) | Start: 2025-01-01 09:35:00 ---
    RMSE omega (GP): nan | RMSE omega (Sim): nan
    Loss: 11.7049 | Epoch: 92
    Eq omega: nan1 + nantheta + nanomega + nantheta^2 + nantheta omega + nanomega^2
    Eq omega Phys: N/A

--- Chunk 37389 (210/220) | Start: 2025-01-01 09:40:00 ---
    RMSE omega (GP): 0.010228 | RMSE omega (Sim): 0.224628
    Loss: 2.8514 | Epoch: 1495
    Eq omega: 0.000981 + 0.00013theta + -0.00318omega + 0.00014theta^2 + 0.00165theta omega + 0.00077omega^2
    Eq omega Phys: 0.000263*omega**2 + 1.9e-5*omega*theta - 0.000299*omega - 0.e-6*theta + 7.0e-6

--- Chunk 37390 (211/220) | Start: 2025-01-01 09:45:00 ---
    RMSE omega (GP): nan | RMSE omega (Sim): nan
    Loss: 718.0886 | Epoch: 37
    Eq omega: nan1 + nantheta + nanomega + nantheta^2 + nantheta omega + nanomega^2
    Eq omega Phys: N/A

--- Chunk 37391 (212/220) | Start: 2025-01-01 09:50:00 ---
    RMSE omega (GP): nan | RMSE omega (Sim): nan
    Loss: 50.4474 | Epoch: 46
    Eq omega: nan1 + nantheta + nanomega + nantheta^2 + nantheta omega + nanomega^2
    Eq omega Phys: N/A

--- Chunk 37392 (213/220) | Start: 2025-01-01 09:55:00 ---
    RMSE omega (GP): 0.010301 | RMSE omega (Sim): 0.098496
    Loss: 3.7131 | Epoch: 817
    Eq omega: -0.007471 + 0.00305theta + 0.00259omega + 0.00033theta^2 + -0.00046theta omega + -0.00069omega^2
    Eq omega Phys: -0.000257*omega**2 - 6.0e-6*omega*theta + 6.8e-5*omega + 4.0e-6*theta - 1.0e-5

--- Chunk 37393 (214/220) | Start: 2025-01-01 10:00:00 ---
    RMSE omega (GP): nan | RMSE omega (Sim): nan
    Loss: 59.1173 | Epoch: 75
    Eq omega: nan1 + nantheta + nanomega + nantheta^2 + nantheta omega + nanomega^2
    Eq omega Phys: N/A

--- Chunk 37394 (215/220) | Start: 2025-01-01 10:05:00 ---
    RMSE omega (GP): 0.009527 | RMSE omega (Sim): 0.090574
    Loss: 3.0314 | Epoch: 1065
    Eq omega: -0.003371 + 0.00022theta + 0.00956omega + 0.00244theta^2 + -0.00611theta omega + 0.00106omega^2
    Eq omega Phys: 0.000396*omega**2 - 7.6e-5*omega*theta + 0.000476*omega + 1.0e-6*theta**2 - 4.0e-6*theta - 6.0e-6

--- Chunk 37395 (216/220) | Start: 2025-01-01 10:10:00 ---
    RMSE omega (GP): 0.011006 | RMSE omega (Sim): 0.128489
    Loss: 5.9225 | Epoch: 1024
    Eq omega: -0.018041 + -3.08796theta + 0.01003omega + -0.02525theta^2 + -0.02672theta omega + -0.00455omega^2
    Eq omega Phys: -0.001813*omega**2 - 0.000355*omega*theta + 0.000276*omega - 1.1e-5*theta**2 - 0.003435*theta - 0.000614

--- Chunk 37396 (217/220) | Start: 2025-01-01 10:15:00 ---
    RMSE omega (GP): 0.012210 | RMSE omega (Sim): 0.139151
    Loss: 2.8192 | Epoch: 1059
    Eq omega: -0.000191 + -1.19137theta + 0.00297omega + 0.00677theta^2 + -0.00588theta omega + -0.04379omega^2
    Eq omega Phys: -0.013133*omega**2 - 5.9e-5*omega*theta + 2.4e-5*omega + 2.0e-6*theta**2 - 0.001318*theta - 0.001687

--- Chunk 37397 (218/220) | Start: 2025-01-01 10:20:00 ---
    RMSE omega (GP): 0.010637 | RMSE omega (Sim): 0.213363
    Loss: 0.7096 | Epoch: 1092
    Eq omega: -0.000071 + -0.31094theta + 0.00388omega + -0.00384theta^2 + -0.00013theta omega + -0.00056omega^2
    Eq omega Phys: -0.000152*omega**2 - 1.0e-6*omega*theta + 0.000124*omega - 1.0e-6*theta**2 - 0.000356*theta - 0.001516

--- Chunk 37398 (219/220) | Start: 2025-01-01 10:25:00 ---
    RMSE omega (GP): 0.010195 | RMSE omega (Sim): 0.129346
    Loss: 2.7585 | Epoch: 1049
    Eq omega: -0.037791 + -1.62311theta + -0.00650omega + 0.25605theta^2 + -0.02056theta omega + 0.00513omega^2
    Eq omega Phys: 0.001737*omega**2 - 0.000232*omega*theta - 0.000837*omega + 9.6e-5*theta**2 - 0.001289*theta - 0.004254

--- Chunk 37399 (220/220) | Start: 2025-01-01 10:30:00 ---
    RMSE omega (GP): 0.014349 | RMSE omega (Sim): 0.134375
    Loss: 7.7790 | Epoch: 1214
    Eq omega: -0.013691 + -0.59426theta + -0.00116omega + 0.02664theta^2 + 0.00927theta omega + 0.00496omega^2
    Eq omega Phys: 0.00172*omega**2 + 0.000107*omega*theta - 0.000268*omega + 1.0e-5*theta**2 - 0.000704*theta + 0.001416

  [Progress 220/220] Mean RMSE omega (GP): 0.018689 | (Sim): 0.160792 | Mean loss: -7767618591701520.0000 | Valid GP: 176/220 | Valid Sim: 175/220 | Elapsed: 72.8min | ETA: 0.0min

============================================================
EVALUATION COMPLETE — Chunks [37180, 37399]
============================================================
Chunks processed: 220
Chunks succeeded GP:  176 (80.0%)
Chunks succeeded Sim: 175 (79.5%)
Mean GP RMSE omega:   0.018689 ± 0.014031
Mean SIM RMSE omega:  0.160792 ± 0.055157
Mean Loss:            -7767618591701520.0000 ± 114950257896040896.0000
Elapsed time:     72.8 minutes

Per-chunk CSV: /pfs/data6/home/ka/ka_iai/ka_bj2362/dsr/svise/results_5min_all_chunks/run_SLURM_3718868_combo38/chunks_37180_to_37399_20260321_113433.csv
Summary JSON:  /pfs/data6/home/ka/ka_iai/ka_bj2362/dsr/svise/results_5min_all_chunks/run_SLURM_3718868_combo38/summary_37180_to_37399_20260321_113433.json
============================================================

============================= JOB FEEDBACK =============================

NodeName=uc3n020
Job ID: 3720686
Array Job ID: 3718868_169
Cluster: uc3
User/Group: ka_bj2362/ka_iai
State: COMPLETED (exit code 0)
Nodes: 1
Cores per node: 4
CPU Utilized: 01:12:19
CPU Efficiency: 24.66% of 04:53:12 core-walltime
Job Wall-clock time: 01:13:18
Memory Utilized: 2.79 GB
Memory Efficiency: 23.26% of 12.00 GB (12.00 GB/node)
