Array task 291: processing chunks 64020 to 64239
Loading data from /pfs/data6/home/ka/ka_iai/ka_bj2362/dsr/svise/../dataset/South_Korea_2024-08-15_2025-08-31_1s.parquet...
Finding all valid 5-minute chunks in the dataset...
Found 107059 valid 5-minute chunks in total.

============================================================
SVISE FINAL EVALUATION — ALL CHUNKS
============================================================
Hyperparameters: {
  "model": "integrator",
  "sigma": 0,
  "degree": 2,
  "tau": 1e-05,
  "lr": 0.1,
  "n_tau": 50,
  "measurement_noise": 0.001,
  "n_reparam_samples": 15
}
Total valid chunks in dataset: 107059
Processing chunk range: [64020, 64239] (220 chunks)
Early stopping: patience=300, max_epochs=10000
============================================================


--- Chunk 64020 (1/220) | Start: 2025-04-04 04:40:00 ---
/pfs/data6/home/ka/ka_iai/ka_bj2362/dsr/svise/svise/sde_learning/_marginal_sde.py:284: UserWarning: torch.triangular_solve is deprecated in favor of torch.linalg.solve_triangularand will be removed in a future PyTorch release.
torch.linalg.solve_triangular has its arguments reversed and does not return a copy of one of the inputs.
X = torch.triangular_solve(B, A).solution
should be replaced with
X = torch.linalg.solve_triangular(A, B). (Triggered internally at ../aten/src/ATen/native/BatchLinearAlgebra.cpp:2192.)
  return torch.triangular_solve(self.raw_w, self.C.t()).solution
/pfs/data6/home/ka/ka_iai/ka_bj2362/dsr/svise/svise/quadrature/_unbiased_quadrature.py:196: UserWarning: Interp is nan, reducing interp degree.
  warnings.warn("Interp is nan, reducing interp degree.")
    RMSE omega (GP): 0.010422 | RMSE omega (Sim): 0.132207
    Loss: 9.4986 | Epoch: 1825
    Eq omega: -0.003221 + 0.00001theta + -0.00042omega + 0.00003theta^2 + -0.00009theta omega + -0.00064omega^2
    Eq omega Phys: -0.000309*omega**2 - 1.0e-6*omega*theta + 1.0e-5*omega - 0.e-6*theta - 3.0e-6
    Diffusion: theta=4.454016e-04, omega=4.554057e-05

--- Chunk 64021 (2/220) | Start: 2025-04-04 04:45:00 ---
    RMSE omega (GP): 0.019600 | RMSE omega (Sim): 0.132826
    Loss: -90.8720 | Epoch: 446
    Eq omega: -0.006641 + -0.01902theta + 0.01888omega + 0.00028theta^2 + 0.00803theta omega + 0.00411omega^2
    Eq omega Phys: 0.001081*omega**2 + 7.0e-5*omega*theta + 0.000406*omega - 2.2e-5*theta + 4.0e-5
    Diffusion: theta=3.664758e-01, omega=1.487602e-04

--- Chunk 64022 (3/220) | Start: 2025-04-04 04:50:00 ---
/pfs/data6/home/ka/ka_iai/ka_bj2362/dsr/svise/svise/quadrature/_unbiased_quadrature.py:174: UserWarning: NaN detected in fxq (quadrature node evaluations). Clamping to 0.
  warnings.warn("NaN detected in fxq (quadrature node evaluations). Clamping to 0.")
/pfs/data6/home/ka/ka_iai/ka_bj2362/dsr/svise/svise/quadrature/_unbiased_quadrature.py:177: UserWarning: NaN detected in fmc (Monte-Carlo node evaluations). Clamping to 0.
  warnings.warn("NaN detected in fmc (Monte-Carlo node evaluations). Clamping to 0.")
    RMSE omega (GP): 0.035099 | RMSE omega (Sim): 0.115011
    Loss: 70.3622 | Epoch: 98
    Eq omega: -0.000391 + -0.00016theta + -0.00064omega + -0.00003theta^2 + 0.00158theta omega + 0.00119omega^2
    Eq omega Phys: 0.000391*omega**2 + 1.7e-5*omega*theta - 0.000261*omega - 0.e-6
    Diffusion: theta=1.805472e-02, omega=2.385579e-05

--- Chunk 64023 (4/220) | Start: 2025-04-04 04:55:00 ---
    RMSE omega (GP): 0.012337 | RMSE omega (Sim): 0.123253
    Loss: 5.5685 | Epoch: 2112
    Eq omega: 0.014791 + -0.00022theta + -0.00355omega + -0.00001theta^2 + 0.00082theta omega + -0.00003omega^2
    Eq omega Phys: -1.0e-5*omega**2 + 9.0e-6*omega*theta - 0.000311*omega + 5.3e-5
    Diffusion: theta=3.452997e-03, omega=5.453381e-05

--- Chunk 64024 (5/220) | Start: 2025-04-04 05:00:00 ---
    RMSE omega (GP): 0.010951 | RMSE omega (Sim): 0.076067
    Loss: 12.7774 | Epoch: 1872
    Eq omega: -0.000461 + 0.00011theta + 0.00103omega + 0.00000theta^2 + -0.00016theta omega + -0.00074omega^2
    Eq omega Phys: -0.000396*omega**2 - 3.0e-6*omega*theta + 0.000122*omega - 5.0e-6
    Diffusion: theta=1.371070e-03, omega=2.618520e-05

--- Chunk 64025 (6/220) | Start: 2025-04-04 05:05:00 ---
    RMSE omega (GP): nan | RMSE omega (Sim): nan
    Loss: 360.5120 | Epoch: 17
    Eq omega: nan1 + nantheta + nanomega + nantheta^2 + nantheta omega + nanomega^2
    Eq omega Phys: N/A
    Diffusion: theta=nan, omega=nan

--- Chunk 64026 (7/220) | Start: 2025-04-04 05:10:00 ---
    RMSE omega (GP): 0.008865 | RMSE omega (Sim): 0.105346
    Loss: 0.7453 | Epoch: 1291
    Eq omega: 0.010151 + -0.85944theta + 0.03718omega + 0.02312theta^2 + -0.01594theta omega + -0.01641omega^2
    Eq omega Phys: -0.005504*omega**2 - 0.000178*omega*theta + 0.001075*omega + 9.0e-6*theta**2 - 0.000939*theta - 0.000839
    Diffusion: theta=2.851610e-03, omega=3.290335e-05

--- Chunk 64027 (8/220) | Start: 2025-04-04 05:15:00 ---
    RMSE omega (GP): 0.008887 | RMSE omega (Sim): 0.114173
    Loss: -0.2752 | Epoch: 1696
    Eq omega: -0.003991 + -0.27422theta + -0.00498omega + -0.00254theta^2 + 0.00507theta omega + -0.00559omega^2
    Eq omega Phys: -0.00163*omega**2 + 4.9e-5*omega*theta - 0.000126*omega - 0.e-6*theta**2 - 0.000306*theta - 0.000265
    Diffusion: theta=2.166092e-03, omega=6.247290e-05

--- Chunk 64028 (9/220) | Start: 2025-04-04 05:20:00 ---
    RMSE omega (GP): 0.020282 | RMSE omega (Sim): 0.109869
    Loss: 11.2567 | Epoch: 919
    Eq omega: 0.000911 + -0.00844theta + -0.00353omega + -0.00008theta^2 + -0.00278theta omega + -0.00211omega^2
    Eq omega Phys: -0.000654*omega**2 - 2.9e-5*omega*theta - 0.000196*omega - 1.0e-5*theta - 2.2e-5
    Diffusion: theta=1.071754e+00, omega=1.206249e-03

--- Chunk 64029 (10/220) | Start: 2025-04-04 05:25:00 ---
    RMSE omega (GP): 0.011704 | RMSE omega (Sim): 0.101603
    Loss: 7.2679 | Epoch: 1441
    Eq omega: 0.001211 + 0.00008theta + -0.00082omega + -0.00006theta^2 + 0.00016theta omega + 0.00073omega^2
    Eq omega Phys: 0.000291*omega**2 + 2.0e-6*omega*theta - 5.9e-5*omega + 1.0e-6*theta - 4.0e-6
    Diffusion: theta=5.657313e-04, omega=7.364911e-05

--- Chunk 64030 (11/220) | Start: 2025-04-04 05:30:00 ---
    RMSE omega (GP): 0.010162 | RMSE omega (Sim): 0.112462
    Loss: 10.7595 | Epoch: 1466
    Eq omega: 0.000841 + 0.00004theta + -0.00173omega + 0.00011theta^2 + 0.00013theta omega + -0.00072omega^2
    Eq omega Phys: -0.000373*omega**2 + 2.0e-6*omega*theta - 9.4e-5*omega - 2.0e-6*theta + 1.7e-5
    Diffusion: theta=2.350244e-03, omega=3.305577e-05

--- Chunk 64031 (12/220) | Start: 2025-04-04 05:35:00 ---
    RMSE omega (GP): 0.053511 | RMSE omega (Sim): 0.116255
    Loss: 211.4393 | Epoch: 333
    Eq omega: 0.003071 + -0.00043theta + 0.00074omega + -0.00009theta^2 + -0.00037theta omega + -0.00084omega^2
    Eq omega Phys: -0.000303*omega**2 - 4.0e-6*omega*theta + 8.8e-5*omega + 1.0e-6*theta + 9.0e-6
    Diffusion: theta=6.467894e-02, omega=8.810455e-05

--- Chunk 64032 (13/220) | Start: 2025-04-04 05:40:00 ---
    RMSE omega (GP): nan | RMSE omega (Sim): nan
    Loss: 9.1634 | Epoch: 112
    Eq omega: nan1 + nantheta + nanomega + nantheta^2 + nantheta omega + nanomega^2
    Eq omega Phys: N/A
    Diffusion: theta=nan, omega=nan

--- Chunk 64033 (14/220) | Start: 2025-04-04 05:45:00 ---
    RMSE omega (GP): 0.010085 | RMSE omega (Sim): 0.247821
    Loss: 1.8701 | Epoch: 1007
    Eq omega: 0.001441 + -0.00049theta + -0.00024omega + -0.00057theta^2 + -0.00093theta omega + -0.00491omega^2
    Eq omega Phys: -0.001573*omega**2 - 1.0e-5*omega*theta + 5.4e-5*omega + 2.0e-6*theta
    Diffusion: theta=4.456010e-04, omega=7.491275e-05

--- Chunk 64034 (15/220) | Start: 2025-04-04 05:50:00 ---
    RMSE omega (GP): 0.012568 | RMSE omega (Sim): 0.074551
    Loss: 17.6042 | Epoch: 2838
    Eq omega: 0.005251 + -0.00058theta + 0.00036omega + -0.00004theta^2 + 0.00005theta omega + -0.00012omega^2
    Eq omega Phys: -6.2e-5*omega**2 + 1.0e-6*omega*theta - 1.0e-5*omega + 1.0e-6*theta + 1.3e-5
    Diffusion: theta=1.149482e-03, omega=3.260227e-05

--- Chunk 64035 (16/220) | Start: 2025-04-04 05:55:00 ---
    RMSE omega (GP): 0.035342 | RMSE omega (Sim): 0.046297
    Loss: 566.4045 | Epoch: 67
    Eq omega: 0.006761 + 0.00009theta + 0.00015omega + 0.00002theta^2 + 0.00004theta omega + 0.00038omega^2
    Eq omega Phys: 0.000269*omega**2 + 1.0e-6*omega*theta - 2.4e-5*omega - 0.e-6*theta + 2.2e-5
    Diffusion: theta=nan, omega=nan

--- Chunk 64036 (17/220) | Start: 2025-04-04 06:00:00 ---
    RMSE omega (GP): nan | RMSE omega (Sim): nan
    Loss: 3148.4602 | Epoch: 39
    Eq omega: nan1 + nantheta + nanomega + nantheta^2 + nantheta omega + nanomega^2
    Eq omega Phys: N/A
    Diffusion: theta=nan, omega=nan

--- Chunk 64037 (18/220) | Start: 2025-04-04 06:05:00 ---
    RMSE omega (GP): 0.013293 | RMSE omega (Sim): 0.105936
    Loss: 11.4148 | Epoch: 1535
    Eq omega: 0.011361 + 0.00061theta + -0.00540omega + 0.00036theta^2 + 0.00006theta omega + 0.00131omega^2
    Eq omega Phys: 0.000617*omega**2 + 1.0e-6*omega*theta - 0.000194*omega - 5.0e-6*theta + 6.0e-5
    Diffusion: theta=3.251549e-04, omega=4.409979e-05

--- Chunk 64038 (19/220) | Start: 2025-04-04 06:10:00 ---
    RMSE omega (GP): nan | RMSE omega (Sim): nan
    Loss: 18.7893 | Epoch: 114
    Eq omega: nan1 + nantheta + nanomega + nantheta^2 + nantheta omega + nanomega^2
    Eq omega Phys: N/A
    Diffusion: theta=nan, omega=nan

--- Chunk 64039 (20/220) | Start: 2025-04-04 06:15:00 ---
    RMSE omega (GP): 0.010827 | RMSE omega (Sim): 0.066495
    Loss: 16.7785 | Epoch: 1907
    Eq omega: 0.003421 + -0.00056theta + -0.00117omega + -0.00004theta^2 + -0.00007theta omega + -0.00108omega^2
    Eq omega Phys: -0.000677*omega**2 - 1.0e-6*omega*theta - 6.8e-5*omega - 2.0e-6*theta - 1.7e-5
    Diffusion: theta=5.390711e-04, omega=3.512386e-05

--- Chunk 64040 (21/220) | Start: 2025-04-04 06:20:00 ---
    RMSE omega (GP): 0.010816 | RMSE omega (Sim): 0.176164
    Loss: 0.2877 | Epoch: 1087
    Eq omega: 0.004031 + -0.00122theta + -0.01658omega + 0.00289theta^2 + 0.00022theta omega + 0.00717omega^2
    Eq omega Phys: 0.001879*omega**2 + 2.0e-6*omega*theta - 0.000543*omega + 1.0e-6*theta**2 + 7.0e-6*theta + 3.0e-5
    Diffusion: theta=1.386514e-03, omega=6.196097e-05

--- Chunk 64041 (22/220) | Start: 2025-04-04 06:25:00 ---
    RMSE omega (GP): nan | RMSE omega (Sim): nan
    Loss: 283.8320 | Epoch: 22
    Eq omega: nan1 + nantheta + nanomega + nantheta^2 + nantheta omega + nanomega^2
    Eq omega Phys: N/A
    Diffusion: theta=nan, omega=nan

--- Chunk 64042 (23/220) | Start: 2025-04-04 06:30:00 ---
    RMSE omega (GP): 0.012598 | RMSE omega (Sim): 0.128018
    Loss: 5.4101 | Epoch: 1283
    Eq omega: -0.000121 + 0.00045theta + 0.00517omega + -0.00054theta^2 + -0.00025theta omega + 0.00044omega^2
    Eq omega Phys: 0.000145*omega**2 - 3.0e-6*omega*theta + 0.000208*omega + 6.0e-6*theta - 4.1e-5
    Diffusion: theta=2.316499e-03, omega=6.546676e-05

--- Chunk 64043 (24/220) | Start: 2025-04-04 06:35:00 ---
    RMSE omega (GP): 0.007451 | RMSE omega (Sim): 0.135171
    Loss: -0.1631 | Epoch: 2458
    Eq omega: -0.000181 + -0.00293theta + -0.00079omega + -0.00096theta^2 + -0.00092theta omega + 0.00181omega^2
    Eq omega Phys: 0.000632*omega**2 - 1.1e-5*omega*theta - 9.5e-5*omega - 8.0e-6*theta - 3.7e-5
    Diffusion: theta=3.203561e-04, omega=4.479472e-05

--- Chunk 64044 (25/220) | Start: 2025-04-04 06:40:00 ---
    RMSE omega (GP): 0.009408 | RMSE omega (Sim): 0.083332
    Loss: -1.4275 | Epoch: 1554
    Eq omega: 0.001731 + -0.21582theta + -0.01173omega + 0.09018theta^2 + 0.00016theta omega + -0.03494omega^2
    Eq omega Phys: -0.008036*omega**2 + 1.0e-6*omega*theta - 0.000388*omega + 2.3e-5*theta**2 - 0.000122*theta - 0.000454
    Diffusion: theta=1.320040e-03, omega=4.141921e-05

--- Chunk 64045 (26/220) | Start: 2025-04-04 06:45:00 ---
/pfs/data6/home/ka/ka_iai/ka_bj2362/dsr/svise/run_analysis_5min_all_chunks_combo38.py:212: ODEintWarning: Excess work done on this call (perhaps wrong Dfun type). Run with full_output = 1 to get quantitative information.
  sol_scaled = odeint(drift, x0_scaled, t_scaled, full_output=False)
    RMSE omega (GP): 0.010874 | RMSE omega (Sim): nan
    Loss: -1.1927 | Epoch: 1584
    Eq omega: 0.013421 + -0.72284theta + -0.00160omega + 0.17838theta^2 + -0.16378theta omega + -0.43249omega^2
    Eq omega Phys: -0.08994*omega**2 - 0.001135*omega*theta - 0.005671*omega + 4.1e-5*theta**2 - 0.000395*theta - 0.002893
    Diffusion: theta=2.175336e-03, omega=6.810249e-05

--- Chunk 64046 (27/220) | Start: 2025-04-04 06:50:00 ---
    RMSE omega (GP): 0.009269 | RMSE omega (Sim): 0.118055
    Loss: 1.6994 | Epoch: 1595
    Eq omega: -0.011271 + -0.00473theta + -0.01467omega + 0.00250theta^2 + -0.00993theta omega + -0.01109omega^2
    Eq omega Phys: -0.003824*omega**2 - 0.000114*omega*theta + 0.001318*omega + 1.0e-6*theta**2 - 3.6e-5*theta + 0.000287
    Diffusion: theta=4.255542e-04, omega=5.554247e-05

--- Chunk 64047 (28/220) | Start: 2025-04-04 06:55:00 ---
    RMSE omega (GP): 0.014382 | RMSE omega (Sim): 0.172392
    Loss: -1.2203 | Epoch: 1555
    Eq omega: 0.000741 + -0.00085theta + -0.00382omega + 0.00109theta^2 + 0.00012theta omega + -0.00034omega^2
    Eq omega Phys: -7.1e-5*omega**2 + 1.0e-6*omega*theta - 0.000136*omega - 6.0e-6*theta + 4.4e-5
    Diffusion: theta=3.591986e-04, omega=8.915304e-05

--- Chunk 64048 (29/220) | Start: 2025-04-04 07:00:00 ---
    RMSE omega (GP): 0.018297 | RMSE omega (Sim): 0.068606
    Loss: 7.1474 | Epoch: 830
    Eq omega: -0.191731 + -0.04714theta + -0.00204omega + -0.00040theta^2 + -0.00209theta omega + 0.00167omega^2
    Eq omega Phys: 0.000444*omega**2 - 1.9e-5*omega*theta + 0.000497*omega - 4.5e-5*theta + 0.000686
    Diffusion: theta=1.853001e-03, omega=2.369302e-05

--- Chunk 64049 (30/220) | Start: 2025-04-04 07:05:00 ---
    RMSE omega (GP): 0.010082 | RMSE omega (Sim): 0.111832
    Loss: 5.9236 | Epoch: 1888
    Eq omega: 0.012111 + -0.27060theta + -0.03194omega + 0.00257theta^2 + 0.00578theta omega + -0.00974omega^2
    Eq omega Phys: -0.004217*omega**2 + 8.3e-5*omega*theta - 0.001747*omega + 1.0e-6*theta**2 - 0.000321*theta + 0.002572
    Diffusion: theta=3.604898e-04, omega=4.888786e-05

--- Chunk 64050 (31/220) | Start: 2025-04-04 07:10:00 ---
    RMSE omega (GP): 0.009324 | RMSE omega (Sim): 0.105291
    Loss: 0.4442 | Epoch: 980
    Eq omega: 0.010771 + -1.42517theta + 0.00997omega + 0.33760theta^2 + -0.01864theta omega + -0.21214omega^2
    Eq omega Phys: -0.065918*omega**2 - 0.000193*omega*theta + 0.000477*omega + 0.000117*theta**2 - 0.001758*theta + 0.001293
    Diffusion: theta=2.147128e-03, omega=4.858242e-05

--- Chunk 64051 (32/220) | Start: 2025-04-04 07:15:00 ---
    RMSE omega (GP): 0.010448 | RMSE omega (Sim): 0.116042
    Loss: 6.1959 | Epoch: 1609
    Eq omega: 0.008301 + -0.03008theta + 0.00531omega + -0.00035theta^2 + 0.00007theta omega + -0.00346omega^2
    Eq omega Phys: -0.001449*omega**2 + 1.0e-6*omega*theta + 0.000191*omega - 3.8e-5*theta - 0.000504
    Diffusion: theta=3.509062e-04, omega=4.320997e-05

--- Chunk 64052 (33/220) | Start: 2025-04-04 07:20:00 ---
    RMSE omega (GP): 0.008427 | RMSE omega (Sim): 0.179643
    Loss: -1.9108 | Epoch: 1361
    Eq omega: 0.000531 + -0.00105theta + -0.00032omega + -0.00011theta^2 + -0.00129theta omega + -0.00008omega^2
    Eq omega Phys: -1.8e-5*omega**2 - 1.0e-5*omega*theta - 1.0e-6*omega - 1.0e-6*theta + 4.0e-6
    Diffusion: theta=5.886201e-04, omega=1.143158e-04

--- Chunk 64053 (34/220) | Start: 2025-04-04 07:25:00 ---
    RMSE omega (GP): 0.010139 | RMSE omega (Sim): 3.354130
    Loss: -1.1535 | Epoch: 1169
    Eq omega: 0.019461 + -0.88262theta + -0.07638omega + -0.57667theta^2 + 0.02903theta omega + 0.23580omega^2
    Eq omega Phys: 0.054344*omega**2 + 0.000223*omega*theta - 0.004107*omega - 0.000148*theta**2 + 0.001087*theta - 0.000278
    Diffusion: theta=5.891835e-04, omega=6.682314e-05

--- Chunk 64054 (35/220) | Start: 2025-04-04 07:30:00 ---
    RMSE omega (GP): 0.066925 | RMSE omega (Sim): 0.326984
    Loss: 499.7054 | Epoch: 31
    Eq omega: -0.000151 + -0.00301theta + -0.00089omega + -0.00042theta^2 + -0.00049theta omega + -0.00003omega^2
    Eq omega Phys: -1.1e-5*omega**2 - 6.0e-6*omega*theta + 6.4e-5*omega + 2.0e-6*theta + 1.0e-5
    Diffusion: theta=nan, omega=nan

--- Chunk 64055 (36/220) | Start: 2025-04-04 07:35:00 ---
    RMSE omega (GP): nan | RMSE omega (Sim): nan
    Loss: 511.0871 | Epoch: 17
    Eq omega: nan1 + nantheta + nanomega + nantheta^2 + nantheta omega + nanomega^2
    Eq omega Phys: N/A
    Diffusion: theta=nan, omega=nan

--- Chunk 64056 (37/220) | Start: 2025-04-04 07:40:00 ---
    RMSE omega (GP): 0.037561 | RMSE omega (Sim): 0.128735
    Loss: 106.5907 | Epoch: 35
    Eq omega: -0.000591 + 0.00155theta + 0.00105omega + 0.00483theta^2 + 0.00230theta omega + 0.00052omega^2
    Eq omega Phys: 0.000188*omega**2 + 2.8e-5*omega*theta + 3.0e-6*omega + 2.0e-6*theta**2 - 3.0e-6*theta - 1.0e-6
    Diffusion: theta=2.520780e-02, omega=2.709299e-05

--- Chunk 64057 (38/220) | Start: 2025-04-04 07:45:00 ---
    RMSE omega (GP): 0.008921 | RMSE omega (Sim): 0.083527
    Loss: 3.4060 | Epoch: 1670
    Eq omega: 0.002691 + 0.00007theta + -0.00059omega + 0.00009theta^2 + 0.00334theta omega + 0.00008omega^2
    Eq omega Phys: 3.2e-5*omega**2 + 4.5e-5*omega*theta - 0.000516*omega - 0.e-6*theta + 1.2e-5
    Diffusion: theta=2.198668e-03, omega=5.198905e-05

--- Chunk 64058 (39/220) | Start: 2025-04-04 07:50:00 ---
    RMSE omega (GP): 0.010017 | RMSE omega (Sim): 0.095105
    Loss: 2.9155 | Epoch: 952
    Eq omega: 0.000461 + -0.00010theta + -0.00196omega + 0.00007theta^2 + -0.00012theta omega + -0.00063omega^2
    Eq omega Phys: -0.000223*omega**2 - 1.0e-6*omega*theta - 4.2e-5*omega - 1.0e-6*theta + 1.0e-5
    Diffusion: theta=2.244799e-03, omega=4.548298e-05

--- Chunk 64059 (40/220) | Start: 2025-04-04 07:55:00 ---
    RMSE omega (GP): nan | RMSE omega (Sim): nan
    Loss: 1631.5433 | Epoch: 15
    Eq omega: nan1 + nantheta + nanomega + nantheta^2 + nantheta omega + nanomega^2
    Eq omega Phys: N/A
    Diffusion: theta=nan, omega=nan

--- Chunk 64060 (41/220) | Start: 2025-04-04 08:00:00 ---
    RMSE omega (GP): 0.013692 | RMSE omega (Sim): 0.118279
    Loss: 21.3163 | Epoch: 5217
    Eq omega: -0.000011 + -0.00003theta + -0.00044omega + 0.00000theta^2 + -0.00001theta omega + 0.00005omega^2
    Eq omega Phys: 3.0e-5*omega**2 - 7.0e-6*omega + 1.0e-6
    Diffusion: theta=1.391223e-03, omega=2.527694e-05

--- Chunk 64061 (42/220) | Start: 2025-04-04 08:05:00 ---
    RMSE omega (GP): nan | RMSE omega (Sim): nan
    Loss: 447.8051 | Epoch: 98
    Eq omega: nan1 + nantheta + nanomega + nantheta^2 + nantheta omega + nanomega^2
    Eq omega Phys: N/A
    Diffusion: theta=nan, omega=nan

--- Chunk 64062 (43/220) | Start: 2025-04-04 08:10:00 ---
    RMSE omega (GP): nan | RMSE omega (Sim): nan
    Loss: 1839.1770 | Epoch: 18
    Eq omega: nan1 + nantheta + nanomega + nantheta^2 + nantheta omega + nanomega^2
    Eq omega Phys: N/A
    Diffusion: theta=nan, omega=nan

--- Chunk 64063 (44/220) | Start: 2025-04-04 08:15:00 ---
    RMSE omega (GP): nan | RMSE omega (Sim): nan
    Loss: 540.8052 | Epoch: 60
    Eq omega: nan1 + nantheta + nanomega + nantheta^2 + nantheta omega + nanomega^2
    Eq omega Phys: N/A
    Diffusion: theta=nan, omega=nan

--- Chunk 64064 (45/220) | Start: 2025-04-04 08:20:00 ---
    RMSE omega (GP): 0.008521 | RMSE omega (Sim): 0.116245
    Loss: 2.4818 | Epoch: 890
    Eq omega: -0.000541 + -0.00088theta + 0.00204omega + 0.00427theta^2 + 0.00058theta omega + 0.00353omega^2
    Eq omega Phys: 0.001382*omega**2 + 8.0e-6*omega*theta + 0.000115*omega + 2.0e-6*theta**2 + 2.2e-5*theta + 6.4e-5
    Diffusion: theta=1.647986e-03, omega=5.600858e-05

--- Chunk 64065 (46/220) | Start: 2025-04-04 08:25:00 ---
    RMSE omega (GP): 0.009636 | RMSE omega (Sim): 0.142974
    Loss: 3.7501 | Epoch: 965
    Eq omega: -0.028071 + -0.55135theta + -0.04639omega + -0.00209theta^2 + 0.00758theta omega + -0.00948omega^2
    Eq omega Phys: -0.003737*omega**2 + 0.0001*omega*theta - 0.002471*omega - 0.e-6*theta**2 - 0.000596*theta + 0.005528
    Diffusion: theta=4.000319e-04, omega=5.093869e-05

--- Chunk 64066 (47/220) | Start: 2025-04-04 08:30:00 ---
    RMSE omega (GP): 0.012245 | RMSE omega (Sim): 0.072714
    Loss: 11.8031 | Epoch: 2074
    Eq omega: 0.000881 + -0.00083theta + 0.00058omega + -0.00009theta^2 + 0.00018theta omega + 0.00078omega^2
    Eq omega Phys: 0.00036*omega**2 + 3.0e-6*omega*theta + 5.4e-5*omega - 2.0e-6*theta - 1.7e-5
    Diffusion: theta=3.145075e-04, omega=4.932690e-05

--- Chunk 64067 (48/220) | Start: 2025-04-04 08:35:00 ---
    RMSE omega (GP): 0.009672 | RMSE omega (Sim): 0.128179
    Loss: 4.4838 | Epoch: 1309
    Eq omega: 0.000491 + -0.00036theta + -0.00060omega + -0.00032theta^2 + 0.00065theta omega + 0.00081omega^2
    Eq omega Phys: 0.000332*omega**2 + 9.0e-6*omega*theta + 6.8e-5*omega - 3.0e-6*theta - 1.7e-5
    Diffusion: theta=1.589651e-04, omega=5.637404e-05

--- Chunk 64068 (49/220) | Start: 2025-04-04 08:40:00 ---
    RMSE omega (GP): 0.008668 | RMSE omega (Sim): 0.148359
    Loss: 0.9260 | Epoch: 1117
    Eq omega: 0.003541 + -0.00155theta + 0.00158omega + -0.00022theta^2 + 0.00034theta omega + -0.00210omega^2
    Eq omega Phys: -0.000681*omega**2 + 4.0e-6*omega*theta + 9.9e-5*omega - 4.0e-6*theta - 2.2e-5
    Diffusion: theta=2.808920e-03, omega=5.634296e-05

--- Chunk 64069 (50/220) | Start: 2025-04-04 08:45:00 ---
    RMSE omega (GP): 0.009481 | RMSE omega (Sim): 0.088290
    Loss: 4.8519 | Epoch: 1416
    Eq omega: 0.001661 + -0.00137theta + -0.00125omega + -0.00478theta^2 + -0.00184theta omega + 0.00083omega^2
    Eq omega Phys: 0.000373*omega**2 - 2.8e-5*omega*theta + 0.00014*omega - 2.0e-6*theta**2 + 3.0e-5*theta - 9.0e-5
    Diffusion: theta=1.439436e-03, omega=4.664211e-05

  [Progress 50/220] Mean RMSE omega (GP): 0.015520 | (Sim): 0.204570 | Mean loss: 206.7209 | Valid GP: 40/50 | Valid Sim: 39/50 | Elapsed: 18.9min | ETA: 64.4min

--- Chunk 64070 (51/220) | Start: 2025-04-04 08:50:00 ---
    RMSE omega (GP): 0.012459 | RMSE omega (Sim): 0.094529
    Loss: 7.6352 | Epoch: 1529
    Eq omega: -0.000331 + -0.00042theta + -0.00205omega + -0.00028theta^2 + 0.00135theta omega + -0.00402omega^2
    Eq omega Phys: -0.00154*omega**2 + 1.7e-5*omega*theta - 0.000178*omega + 1.0e-6*theta - 3.0e-6
    Diffusion: theta=4.807010e-04, omega=7.645355e-05

--- Chunk 64071 (52/220) | Start: 2025-04-04 08:55:00 ---
    RMSE omega (GP): nan | RMSE omega (Sim): nan
    Loss: 932.3050 | Epoch: 61
    Eq omega: nan1 + nantheta + nanomega + nantheta^2 + nantheta omega + nanomega^2
    Eq omega Phys: N/A
    Diffusion: theta=nan, omega=nan

--- Chunk 64072 (53/220) | Start: 2025-04-04 09:00:00 ---
    RMSE omega (GP): 0.010931 | RMSE omega (Sim): 0.073025
    Loss: 18.5019 | Epoch: 1560
    Eq omega: -0.012781 + 0.00036theta + -0.00025omega + -0.00015theta^2 + 0.00026theta omega + 0.00025omega^2
    Eq omega Phys: 0.000153*omega**2 + 5.0e-6*omega*theta - 9.6e-5*omega + 4.0e-6*theta - 5.8e-5
    Diffusion: theta=1.263265e-03, omega=3.644352e-05

--- Chunk 64073 (54/220) | Start: 2025-04-04 09:05:00 ---
    RMSE omega (GP): 0.010433 | RMSE omega (Sim): 0.098558
    Loss: 3.0799 | Epoch: 1270
    Eq omega: -0.000051 + 0.00017theta + -0.00301omega + 0.00106theta^2 + 0.00061theta omega + 0.00002omega^2
    Eq omega Phys: 7.0e-6*omega**2 + 7.0e-6*omega*theta - 4.4e-5*omega + 7.0e-6*theta + 2.7e-5
    Diffusion: theta=6.462737e-04, omega=5.456487e-05

--- Chunk 64074 (55/220) | Start: 2025-04-04 09:10:00 ---
    RMSE omega (GP): 0.009163 | RMSE omega (Sim): 0.164159
    Loss: 3.3099 | Epoch: 818
    Eq omega: -0.001461 + -0.00168theta + 0.00150omega + 0.00058theta^2 + 0.00327theta omega + 0.00034omega^2
    Eq omega Phys: 0.000131*omega**2 + 4.2e-5*omega*theta + 0.000356*omega + 2.0e-6*theta - 5.0e-6
    Diffusion: theta=3.194609e-03, omega=6.505830e-05

--- Chunk 64075 (56/220) | Start: 2025-04-04 09:15:00 ---
    RMSE omega (GP): 0.007013 | RMSE omega (Sim): 0.096282
    Loss: 0.0332 | Epoch: 1138
    Eq omega: -0.003831 + -0.05415theta + -0.00282omega + -0.00186theta^2 + 0.00980theta omega + -0.00446omega^2
    Eq omega Phys: -0.001551*omega**2 + 0.000114*omega*theta + 0.000446*omega - 0.e-6*theta**2 - 6.7e-5*theta - 0.000314
    Diffusion: theta=1.796281e-03, omega=6.887307e-05

--- Chunk 64076 (57/220) | Start: 2025-04-04 09:20:00 ---
    RMSE omega (GP): nan | RMSE omega (Sim): nan
    Loss: 81.3571 | Epoch: 29
    Eq omega: nan1 + nantheta + nanomega + nantheta^2 + nantheta omega + nanomega^2
    Eq omega Phys: N/A
    Diffusion: theta=nan, omega=nan

--- Chunk 64077 (58/220) | Start: 2025-04-04 09:25:00 ---
    RMSE omega (GP): 0.010024 | RMSE omega (Sim): nan
    Loss: 2.8112 | Epoch: 1512
    Eq omega: 0.001881 + -2.78242theta + 0.01040omega + -0.53349theta^2 + -1.94113theta omega + 0.06646omega^2
    Eq omega Phys: 0.023799*omega**2 - 0.02317*omega*theta - 0.057714*omega - 0.000212*theta**2 - 0.004155*theta - 0.009074
    Diffusion: theta=5.292131e-04, omega=6.580949e-05

--- Chunk 64078 (59/220) | Start: 2025-04-04 09:30:00 ---
    RMSE omega (GP): 0.012155 | RMSE omega (Sim): 0.122610
    Loss: 7.0821 | Epoch: 1375
    Eq omega: -0.001251 + 0.00074theta + -0.00083omega + -0.00032theta^2 + -0.00060theta omega + 0.00054omega^2
    Eq omega Phys: 0.000208*omega**2 - 8.0e-6*omega*theta - 0.0001*omega - 2.0e-6*theta - 8.0e-6
    Diffusion: theta=2.567894e-03, omega=5.152314e-05

--- Chunk 64079 (60/220) | Start: 2025-04-04 09:35:00 ---
    RMSE omega (GP): 0.012955 | RMSE omega (Sim): 0.158924
    Loss: 9.5240 | Epoch: 788
    Eq omega: -0.006341 + -1.76037theta + -0.04614omega + -0.01783theta^2 + 0.00845theta omega + -0.00335omega^2
    Eq omega Phys: -0.001363*omega**2 + 0.000115*omega*theta - 0.002088*omega - 8.0e-6*theta**2 - 0.001879*theta + 0.009194
    Diffusion: theta=4.821465e-04, omega=5.546162e-05

--- Chunk 64080 (61/220) | Start: 2025-04-04 09:40:00 ---
    RMSE omega (GP): 0.010376 | RMSE omega (Sim): 0.086853
    Loss: 4.1015 | Epoch: 1898
    Eq omega: 1.133821 + -2.33217theta + -0.00531omega + -2.50059theta^2 + 0.00115theta omega + -0.02333omega^2
    Eq omega Phys: -0.010197*omega**2 + 1.7e-5*omega*theta - 0.000178*omega - 0.001214*theta**2 - 0.002378*theta + 0.0031
    Diffusion: theta=1.874033e-03, omega=8.348107e-05

--- Chunk 64081 (62/220) | Start: 2025-04-04 09:45:00 ---
    RMSE omega (GP): 0.010616 | RMSE omega (Sim): 0.139141
    Loss: 5.5970 | Epoch: 632
    Eq omega: 0.013121 + -1.35692theta + 0.00178omega + 0.02356theta^2 + -0.01792theta omega + -0.00073omega^2
    Eq omega Phys: -0.000301*omega**2 - 0.000246*omega*theta - 0.001179*omega + 1.1e-5*theta**2 - 0.001399*theta - 0.007281
    Diffusion: theta=3.614944e-04, omega=6.601817e-05

--- Chunk 64082 (63/220) | Start: 2025-04-04 09:50:00 ---
    RMSE omega (GP): 0.012425 | RMSE omega (Sim): 0.144710
    Loss: 5.0405 | Epoch: 588
    Eq omega: -0.000681 + -0.00066theta + 0.00090omega + -0.00052theta^2 + 0.00025theta omega + 0.00182omega^2
    Eq omega Phys: 0.000607*omega**2 + 3.0e-6*omega*theta + 3.1e-5*omega - 0.e-6*theta - 2.0e-6
    Diffusion: theta=6.611972e-04, omega=1.048599e-04

--- Chunk 64083 (64/220) | Start: 2025-04-04 09:55:00 ---
    RMSE omega (GP): 0.024477 | RMSE omega (Sim): 0.107726
    Loss: -254.5712 | Epoch: 1320
    Eq omega: -0.020131 + -3.03169theta + -0.02697omega + -0.00740theta^2 + -0.02024theta omega + -0.00118omega^2
    Eq omega Phys: -0.000431*omega**2 - 0.000247*omega*theta - 0.000437*omega - 3.0e-6*theta**2 - 0.003357*theta + 0.006245
    Diffusion: theta=2.328656e-03, omega=7.616534e-05

--- Chunk 64084 (65/220) | Start: 2025-04-04 10:00:00 ---
    RMSE omega (GP): 0.010698 | RMSE omega (Sim): 0.114096
    Loss: 8.1628 | Epoch: 1160
    Eq omega: -0.000061 + 0.00015theta + 0.00109omega + 0.00063theta^2 + -0.00009theta omega + 0.00071omega^2
    Eq omega Phys: 0.000316*omega**2 - 1.0e-6*omega*theta + 2.8e-5*omega + 4.0e-6*theta + 1.2e-5
    Diffusion: theta=1.592428e-03, omega=5.819881e-05

--- Chunk 64085 (66/220) | Start: 2025-04-04 10:05:00 ---
    RMSE omega (GP): 0.011357 | RMSE omega (Sim): 0.136660
    Loss: 3.4185 | Epoch: 1047
    Eq omega: -0.001491 + -1.22524theta + -0.04091omega + 0.05056theta^2 + 0.01492theta omega + 0.00625omega^2
    Eq omega Phys: 0.002028*omega**2 + 0.000161*omega*theta - 0.000569*omega + 1.8e-5*theta**2 - 0.001182*theta - 0.006266
    Diffusion: theta=1.241087e-03, omega=8.532320e-05

--- Chunk 64086 (67/220) | Start: 2025-04-04 10:10:00 ---
    RMSE omega (GP): nan | RMSE omega (Sim): nan
    Loss: 79.5583 | Epoch: 94
    Eq omega: nan1 + nantheta + nanomega + nantheta^2 + nantheta omega + nanomega^2
    Eq omega Phys: N/A
    Diffusion: theta=nan, omega=nan

--- Chunk 64087 (68/220) | Start: 2025-04-04 10:15:00 ---
    RMSE omega (GP): 0.010426 | RMSE omega (Sim): 0.101094
    Loss: 1.1541 | Epoch: 1567
    Eq omega: 0.002191 + -0.00238theta + -0.00521omega + 0.00417theta^2 + 0.00716theta omega + 0.00125omega^2
    Eq omega Phys: 0.000431*omega**2 + 8.2e-5*omega*theta - 0.000407*omega + 2.0e-6*theta**2 - 1.2e-5*theta + 2.7e-5
    Diffusion: theta=2.503142e-03, omega=1.184332e-04

--- Chunk 64088 (69/220) | Start: 2025-04-04 10:20:00 ---
    RMSE omega (GP): 0.009276 | RMSE omega (Sim): 0.114234
    Loss: 2.4948 | Epoch: 697
    Eq omega: 0.007621 + -3.03590theta + -0.05131omega + -0.05878theta^2 + -0.06911theta omega + -0.02272omega^2
    Eq omega Phys: -0.008449*omega**2 - 0.000857*omega*theta - 0.001215*omega - 2.4e-5*theta**2 - 0.003345*theta + 0.001965
    Diffusion: theta=1.318576e-03, omega=3.819737e-05

--- Chunk 64089 (70/220) | Start: 2025-04-04 10:25:00 ---
    RMSE omega (GP): 0.007637 | RMSE omega (Sim): 0.087281
    Loss: 0.4614 | Epoch: 987
    Eq omega: -0.001511 + -2.85117theta + -0.00755omega + 0.01196theta^2 + 0.00010theta omega + 0.00027omega^2
    Eq omega Phys: 9.7e-5*omega**2 + 1.0e-6*omega*theta - 0.000252*omega + 5.0e-6*theta**2 - 0.003171*theta + 0.001147
    Diffusion: theta=1.197409e-03, omega=5.664866e-05

--- Chunk 64090 (71/220) | Start: 2025-04-04 10:30:00 ---
    RMSE omega (GP): 0.009973 | RMSE omega (Sim): 0.083192
    Loss: 5.4941 | Epoch: 898
    Eq omega: -0.000901 + 0.00024theta + 0.00090omega + -0.00098theta^2 + 0.00062theta omega + -0.00089omega^2
    Eq omega Phys: -0.000377*omega**2 + 9.0e-6*omega*theta - 7.0e-6*omega + 4.0e-6*theta - 1.2e-5
    Diffusion: theta=2.627392e-04, omega=7.588180e-05

--- Chunk 64091 (72/220) | Start: 2025-04-04 10:35:00 ---
    RMSE omega (GP): 0.009394 | RMSE omega (Sim): 0.085387
    Loss: 3.3578 | Epoch: 1059
    Eq omega: -0.002521 + 0.00232theta + 0.00216omega + -0.00031theta^2 + 0.00009theta omega + -0.00145omega^2
    Eq omega Phys: -0.000569*omega**2 + 1.0e-6*omega*theta + 7.3e-5*omega + 2.0e-6*theta - 5.0e-6
    Diffusion: theta=7.054973e-04, omega=7.249566e-05

--- Chunk 64092 (73/220) | Start: 2025-04-04 10:40:00 ---
    RMSE omega (GP): 0.008799 | RMSE omega (Sim): 0.109326
    Loss: 2.5110 | Epoch: 1127
    Eq omega: 0.003071 + -3.23637theta + 0.11550omega + -1.27405theta^2 + -0.11445theta omega + 0.52923omega^2
    Eq omega Phys: 0.201389*omega**2 - 0.001452*omega*theta + 0.002201*omega - 0.000539*theta**2 - 0.00482*theta - 0.00477
    Diffusion: theta=1.155381e-03, omega=4.927562e-05

--- Chunk 64093 (74/220) | Start: 2025-04-04 10:45:00 ---
    RMSE omega (GP): 0.007738 | RMSE omega (Sim): 0.132851
    Loss: -0.8961 | Epoch: 1354
    Eq omega: 0.003731 + -0.00158theta + -0.00244omega + -0.00026theta^2 + -0.00038theta omega + 0.00028omega^2
    Eq omega Phys: 7.7e-5*omega**2 - 3.0e-6*omega*theta - 7.3e-5*omega - 1.0e-6*theta + 1.9e-5
    Diffusion: theta=4.623760e-04, omega=9.233670e-05

--- Chunk 64094 (75/220) | Start: 2025-04-04 10:50:00 ---
    RMSE omega (GP): nan | RMSE omega (Sim): nan
    Loss: 375.1128 | Epoch: 53
    Eq omega: nan1 + nantheta + nanomega + nantheta^2 + nantheta omega + nanomega^2
    Eq omega Phys: N/A
    Diffusion: theta=nan, omega=nan

--- Chunk 64095 (76/220) | Start: 2025-04-04 10:55:00 ---
    RMSE omega (GP): 0.010996 | RMSE omega (Sim): 0.182951
    Loss: 6.9377 | Epoch: 1085
    Eq omega: 0.003641 + 0.00016theta + -0.00071omega + -0.00005theta^2 + -0.00049theta omega + -0.00188omega^2
    Eq omega Phys: -0.000778*omega**2 - 7.0e-6*omega*theta + 6.1e-5*omega + 1.0e-6*theta + 4.0e-6
    Diffusion: theta=4.365779e-04, omega=7.254986e-05

--- Chunk 64096 (77/220) | Start: 2025-04-04 11:00:00 ---
    RMSE omega (GP): 0.010416 | RMSE omega (Sim): 0.102213
    Loss: 4.2296 | Epoch: 1184
    Eq omega: -0.003861 + 0.00001theta + 0.00540omega + -0.00067theta^2 + -0.00055theta omega + 0.00126omega^2
    Eq omega Phys: 0.000469*omega**2 - 7.0e-6*omega*theta + 0.00023*omega + 4.0e-6*theta - 2.6e-5
    Diffusion: theta=3.248113e-04, omega=7.210256e-05

--- Chunk 64097 (78/220) | Start: 2025-04-04 11:05:00 ---
    RMSE omega (GP): 0.009284 | RMSE omega (Sim): 0.254561
    Loss: 4.3987 | Epoch: 2577
    Eq omega: 0.002891 + -0.00057theta + -0.00144omega + -0.00003theta^2 + -0.00019theta omega + -0.00238omega^2
    Eq omega Phys: -0.001036*omega**2 - 3.0e-6*omega*theta - 1.2e-5*omega + 1.3e-5
    Diffusion: theta=1.809371e-04, omega=3.603593e-05

--- Chunk 64098 (79/220) | Start: 2025-04-04 11:10:00 ---
    RMSE omega (GP): 0.012515 | RMSE omega (Sim): 0.056943
    Loss: 23.7274 | Epoch: 2132
    Eq omega: -0.003051 + -0.00037theta + -0.00011omega + -0.00002theta^2 + -0.00002theta omega + 0.00084omega^2
    Eq omega Phys: 0.000503*omega**2 + 4.0e-6*omega - 3.0e-6
    Diffusion: theta=1.822464e-04, omega=2.021296e-05

--- Chunk 64099 (80/220) | Start: 2025-04-04 11:15:00 ---
    RMSE omega (GP): 0.062352 | RMSE omega (Sim): 0.118765
    Loss: 270.8851 | Epoch: 616
    Eq omega: -0.000641 + -0.00040theta + 0.00084omega + 0.00010theta^2 + -0.00213theta omega + 0.00051omega^2
    Eq omega Phys: 0.000191*omega**2 - 2.7e-5*omega*theta + 0.0003*omega - 1.0e-6*theta + 7.0e-6
    Diffusion: theta=3.887486e-02, omega=4.416887e-05

--- Chunk 64100 (81/220) | Start: 2025-04-04 11:20:00 ---
    RMSE omega (GP): 0.067222 | RMSE omega (Sim): 0.106471
    Loss: 501.4577 | Epoch: 20
    Eq omega: -0.002031 + -0.00258theta + -0.00081omega + -0.00162theta^2 + 0.00058theta omega + -0.00322omega^2
    Eq omega Phys: -0.001206*omega**2 + 7.0e-6*omega*theta - 6.6e-5*omega - 0.e-6*theta**2 + 4.0e-6*theta - 1.0e-5
    Diffusion: theta=nan, omega=nan

--- Chunk 64101 (82/220) | Start: 2025-04-04 11:25:00 ---
    RMSE omega (GP): 0.032873 | RMSE omega (Sim): 0.144727
    Loss: -20724.3242 | Epoch: 749
    Eq omega: 0.002551 + -0.00050theta + -0.00171omega + 0.00009theta^2 + 0.00017theta omega + -0.00186omega^2
    Eq omega Phys: -0.001105*omega**2 + 3.0e-6*omega*theta - 0.000102*omega - 2.0e-6*theta + 2.3e-5
    Diffusion: theta=2.106891e-02, omega=6.666975e-05

--- Chunk 64102 (83/220) | Start: 2025-04-04 11:30:00 ---
    RMSE omega (GP): 0.008382 | RMSE omega (Sim): 0.072354
    Loss: 5.4159 | Epoch: 702
    Eq omega: -0.000601 + -0.00043theta + 0.00025omega + -0.00060theta^2 + -0.00012theta omega + 0.00516omega^2
    Eq omega Phys: 0.002585*omega**2 - 2.0e-6*omega*theta + 1.7e-5*omega + 2.0e-6*theta - 5.0e-6
    Diffusion: theta=2.767169e-04, omega=5.884971e-05

--- Chunk 64103 (84/220) | Start: 2025-04-04 11:35:00 ---
    RMSE omega (GP): nan | RMSE omega (Sim): nan
    Loss: 275.9887 | Epoch: 32
    Eq omega: nan1 + nantheta + nanomega + nantheta^2 + nantheta omega + nanomega^2
    Eq omega Phys: N/A
    Diffusion: theta=nan, omega=nan

--- Chunk 64104 (85/220) | Start: 2025-04-04 11:40:00 ---
    RMSE omega (GP): 0.050348 | RMSE omega (Sim): 0.059376
    Loss: 441.4849 | Epoch: 396
    Eq omega: -0.000221 + -0.00022theta + -0.00164omega + -0.00008theta^2 + -0.00155theta omega + 0.00141omega^2
    Eq omega Phys: 0.000817*omega**2 - 3.0e-5*omega*theta + 0.000386*omega + 1.0e-6*theta - 8.0e-6
    Diffusion: theta=8.364361e-02, omega=1.020232e-04

--- Chunk 64105 (86/220) | Start: 2025-04-04 11:45:00 ---
    RMSE omega (GP): 0.009062 | RMSE omega (Sim): 0.089739
    Loss: 2.3782 | Epoch: 1045
    Eq omega: 0.000381 + -0.00222theta + 0.00418omega + -0.00068theta^2 + -0.00254theta omega + 0.00166omega^2
    Eq omega Phys: 0.000622*omega**2 - 3.2e-5*omega*theta + 0.000445*omega + 3.0e-6*theta - 1.0e-6
    Diffusion: theta=1.999271e-03, omega=6.496990e-05

--- Chunk 64106 (87/220) | Start: 2025-04-04 11:50:00 ---
    RMSE omega (GP): 0.008159 | RMSE omega (Sim): 0.185594
    Loss: 1.9929 | Epoch: 2082
    Eq omega: 0.000211 + -0.00043theta + -0.00043omega + 0.00034theta^2 + 0.00057theta omega + -0.00006omega^2
    Eq omega Phys: -2.4e-5*omega**2 + 8.0e-6*omega*theta - 3.0e-5*omega - 1.0e-6*theta + 2.0e-6
    Diffusion: theta=3.056388e-04, omega=7.487646e-05

--- Chunk 64107 (88/220) | Start: 2025-04-04 11:55:00 ---
    RMSE omega (GP): 0.010041 | RMSE omega (Sim): 0.091054
    Loss: 4.4990 | Epoch: 999
    Eq omega: -0.000701 + -0.00985theta + -0.00416omega + -0.00423theta^2 + -0.00114theta omega + -0.00182omega^2
    Eq omega Phys: -0.000711*omega**2 - 1.5e-5*omega*theta - 9.0e-5*omega - 2.0e-6*theta**2 + 1.0e-6*theta + 1.4e-5
    Diffusion: theta=7.118478e-04, omega=9.229434e-05

--- Chunk 64108 (89/220) | Start: 2025-04-04 12:00:00 ---
    RMSE omega (GP): 0.009874 | RMSE omega (Sim): 0.098365
    Loss: 3.0510 | Epoch: 1281
    Eq omega: 0.002531 + -0.00056theta + -0.00116omega + 0.00042theta^2 + -0.00000theta omega + -0.00133omega^2
    Eq omega Phys: -0.000468*omega**2 - 3.9e-5*omega - 3.0e-6*theta + 2.0e-5
    Diffusion: theta=4.519747e-03, omega=7.913892e-05

--- Chunk 64109 (90/220) | Start: 2025-04-04 12:05:00 ---
    RMSE omega (GP): 0.011145 | RMSE omega (Sim): 0.055469
    Loss: 14.2531 | Epoch: 1324
    Eq omega: 0.005561 + 0.00014theta + -0.00170omega + 0.00007theta^2 + 0.00002theta omega + 0.00012omega^2
    Eq omega Phys: 7.2e-5*omega**2 - 6.4e-5*omega - 2.0e-6*theta + 2.4e-5
    Diffusion: theta=9.868016e-04, omega=3.548774e-05

--- Chunk 64110 (91/220) | Start: 2025-04-04 12:10:00 ---
    RMSE omega (GP): 0.010028 | RMSE omega (Sim): 0.048701
    Loss: 20.9636 | Epoch: 2191
    Eq omega: -0.001341 + -0.00007theta + -0.00048omega + -0.00001theta^2 + 0.00008theta omega + -0.00015omega^2
    Eq omega Phys: -0.000105*omega**2 + 2.0e-6*omega*theta - 5.7e-5*omega - 4.0e-6
    Diffusion: theta=1.990812e-03, omega=2.977499e-05

--- Chunk 64111 (92/220) | Start: 2025-04-04 12:15:00 ---
    RMSE omega (GP): 0.009840 | RMSE omega (Sim): 0.061773
    Loss: 10.2378 | Epoch: 1966
    Eq omega: 0.000461 + 0.00012theta + -0.00451omega + 0.00005theta^2 + -0.00023theta omega + -0.00041omega^2
    Eq omega Phys: -0.000219*omega**2 - 4.0e-6*omega*theta - 8.0e-5*omega - 0.e-6*theta + 8.0e-6
    Diffusion: theta=1.786293e-03, omega=2.876477e-05

--- Chunk 64112 (93/220) | Start: 2025-04-04 12:20:00 ---
    RMSE omega (GP): 0.074466 | RMSE omega (Sim): 0.123087
    Loss: -231340329198015335104512.0000 | Epoch: 178
    Eq omega: -0.007051 + -0.04819theta + -0.00424omega + 0.00031theta^2 + 0.00003theta omega + -0.00076omega^2
    Eq omega Phys: -0.000269*omega**2 - 0.000141*omega - 5.4e-5*theta - 8.0e-6
    Diffusion: theta=nan, omega=nan

--- Chunk 64113 (94/220) | Start: 2025-04-04 12:25:00 ---
    RMSE omega (GP): nan | RMSE omega (Sim): nan
    Loss: 621.2969 | Epoch: 16
    Eq omega: nan1 + nantheta + nanomega + nantheta^2 + nantheta omega + nanomega^2
    Eq omega Phys: N/A
    Diffusion: theta=nan, omega=nan

--- Chunk 64114 (95/220) | Start: 2025-04-04 12:30:00 ---
    RMSE omega (GP): 0.009409 | RMSE omega (Sim): 0.116961
    Loss: 0.7344 | Epoch: 1758
    Eq omega: -0.003671 + -0.00055theta + -0.00032omega + 0.00161theta^2 + -0.00170theta omega + -0.00353omega^2
    Eq omega Phys: -0.001049*omega**2 - 1.7e-5*omega*theta + 0.000118*omega + 1.0e-6*theta**2 - 9.0e-6*theta + 2.2e-5
    Diffusion: theta=1.620279e-03, omega=6.125243e-05

--- Chunk 64115 (96/220) | Start: 2025-04-04 12:35:00 ---
    RMSE omega (GP): 0.009556 | RMSE omega (Sim): 0.090170
    Loss: 12.0963 | Epoch: 1475
    Eq omega: -0.004371 + 0.00004theta + 0.00266omega + -0.00002theta^2 + 0.00022theta omega + -0.00039omega^2
    Eq omega Phys: -0.00023*omega**2 + 4.0e-6*omega*theta + 1.8e-5*omega - 1.2e-5
    Diffusion: theta=5.939329e-04, omega=3.148794e-05

--- Chunk 64116 (97/220) | Start: 2025-04-04 12:40:00 ---
    RMSE omega (GP): 0.010707 | RMSE omega (Sim): nan
    Loss: 6.1470 | Epoch: 1353
    Eq omega: 0.023601 + -2.18895theta + -0.00179omega + -1.12519theta^2 + -0.01017theta omega + 0.05136omega^2
    Eq omega Phys: 0.02112*omega**2 - 0.000139*omega*theta + 0.000607*omega - 0.000514*theta**2 + 0.002485*theta - 6.1e-5
    Diffusion: theta=5.115173e-04, omega=7.001396e-05

--- Chunk 64117 (98/220) | Start: 2025-04-04 12:45:00 ---
    RMSE omega (GP): 0.011426 | RMSE omega (Sim): 0.124500
    Loss: 6.8003 | Epoch: 1033
    Eq omega: 0.000491 + 0.00056theta + -0.00022omega + 0.00139theta^2 + 0.00285theta omega + -0.00069omega^2
    Eq omega Phys: -0.000277*omega**2 + 3.8e-5*omega*theta - 0.00025*omega + 1.0e-6*theta**2 - 7.0e-6*theta + 2.2e-5
    Diffusion: theta=4.011703e-04, omega=7.464347e-05

--- Chunk 64118 (99/220) | Start: 2025-04-04 12:50:00 ---
    RMSE omega (GP): 0.024175 | RMSE omega (Sim): 0.089450
    Loss: 58.5115 | Epoch: 575
    Eq omega: -0.000671 + 0.00008theta + -0.00036omega + 0.00032theta^2 + -0.00124theta omega + -0.00007omega^2
    Eq omega Phys: -3.1e-5*omega**2 - 1.8e-5*omega*theta + 0.000153*omega - 3.0e-6*theta + 1.0e-5
    Diffusion: theta=1.978534e+00, omega=2.159444e-03

--- Chunk 64119 (100/220) | Start: 2025-04-04 12:55:00 ---
    RMSE omega (GP): 0.016025 | RMSE omega (Sim): 0.065048
    Loss: -6579.8110 | Epoch: 1514
    Eq omega: -0.005581 + -0.00035theta + -0.00016omega + -0.00008theta^2 + -0.00041theta omega + -0.00021omega^2
    Eq omega Phys: -0.000124*omega**2 - 8.0e-6*omega*theta + 0.000108*omega + 1.0e-6*theta - 1.5e-5
    Diffusion: theta=1.928851e-03, omega=3.169321e-05

  [Progress 100/220] Mean RMSE omega (GP): 0.015922 | (Sim): 0.155150 | Mean loss: -2313403291980153225216.0000 | Valid GP: 84/100 | Valid Sim: 81/100 | Elapsed: 36.7min | ETA: 44.0min

--- Chunk 64120 (101/220) | Start: 2025-04-04 13:00:00 ---
    RMSE omega (GP): 0.055859 | RMSE omega (Sim): 0.074307
    Loss: 374.0488 | Epoch: 48
    Eq omega: 0.025161 + -0.00038theta + -0.02687omega + -0.01680theta^2 + 0.00579theta omega + 0.00951omega^2
    Eq omega Phys: 0.00458*omega**2 + 9.3e-5*omega*theta - 0.000177*omega - 9.0e-6*theta**2 - 0.000139*theta - 0.000482
    Diffusion: theta=1.991756e-03, omega=5.732725e-06

--- Chunk 64121 (102/220) | Start: 2025-04-04 13:05:00 ---
    RMSE omega (GP): 0.011826 | RMSE omega (Sim): 0.126224
    Loss: 6.8572 | Epoch: 1108
    Eq omega: 0.004831 + 0.00054theta + 0.00069omega + 0.00021theta^2 + 0.00059theta omega + -0.00070omega^2
    Eq omega Phys: -0.000279*omega**2 + 8.0e-6*omega*theta + 8.0e-5*omega + 2.0e-6*theta + 2.3e-5
    Diffusion: theta=7.982784e-04, omega=5.517930e-05

--- Chunk 64122 (103/220) | Start: 2025-04-04 13:10:00 ---
    RMSE omega (GP): 0.020406 | RMSE omega (Sim): 0.130947
    Loss: 27.5780 | Epoch: 64
    Eq omega: 0.001061 + -0.32210theta + -0.00029omega + -0.02030theta^2 + -0.01067theta omega + 0.01241omega^2
    Eq omega Phys: 0.004323*omega**2 - 0.000124*omega*theta - 0.000373*omega - 8.0e-6*theta**2 - 0.000404*theta - 0.001115
    Diffusion: theta=1.202553e-02, omega=8.877654e-05

--- Chunk 64123 (104/220) | Start: 2025-04-04 13:15:00 ---
    RMSE omega (GP): 0.009691 | RMSE omega (Sim): 0.098150
    Loss: 3.6878 | Epoch: 1073
    Eq omega: -0.001731 + -0.00139theta + -0.00413omega + 0.00005theta^2 + -0.00028theta omega + -0.00038omega^2
    Eq omega Phys: -0.00015*omega**2 - 4.0e-6*omega*theta - 0.000181*omega - 1.0e-6*theta - 2.0e-5
    Diffusion: theta=7.444842e-04, omega=7.749005e-05

--- Chunk 64124 (105/220) | Start: 2025-04-04 13:20:00 ---
    RMSE omega (GP): 0.009456 | RMSE omega (Sim): 0.128471
    Loss: 3.6059 | Epoch: 1190
    Eq omega: -0.001181 + 0.00012theta + 0.00167omega + 0.00020theta^2 + 0.00020theta omega + -0.00014omega^2
    Eq omega Phys: -5.5e-5*omega**2 + 3.0e-6*omega*theta + 7.6e-5*omega + 1.0e-6*theta + 3.0e-6
    Diffusion: theta=3.168830e-04, omega=7.040911e-05

--- Chunk 64125 (106/220) | Start: 2025-04-04 13:25:00 ---
    RMSE omega (GP): nan | RMSE omega (Sim): nan
    Loss: 223.7231 | Epoch: 27
    Eq omega: nan1 + nantheta + nanomega + nantheta^2 + nantheta omega + nanomega^2
    Eq omega Phys: N/A
    Diffusion: theta=nan, omega=nan

--- Chunk 64126 (107/220) | Start: 2025-04-04 13:30:00 ---
    RMSE omega (GP): 0.012838 | RMSE omega (Sim): 0.127558
    Loss: -126.0013 | Epoch: 770
    Eq omega: 0.000561 + -0.00021theta + -0.00141omega + 0.00097theta^2 + -0.00040theta omega + 0.00089omega^2
    Eq omega Phys: 0.000411*omega**2 - 6.0e-6*omega*theta + 1.6e-5*omega - 1.0e-5*theta + 5.6e-5
    Diffusion: theta=6.098890e-01, omega=2.021232e-04

--- Chunk 64127 (108/220) | Start: 2025-04-04 13:35:00 ---
    RMSE omega (GP): 0.010959 | RMSE omega (Sim): 0.061380
    Loss: 16.4599 | Epoch: 1609
    Eq omega: -0.008741 + 0.00048theta + -0.00774omega + 0.00001theta^2 + -0.00036theta omega + 0.00675omega^2
    Eq omega Phys: 0.003964*omega**2 - 7.0e-6*omega*theta - 0.000149*omega - 2.3e-5
    Diffusion: theta=1.088222e-03, omega=4.735146e-05

--- Chunk 64128 (109/220) | Start: 2025-04-04 13:40:00 ---
    RMSE omega (GP): nan | RMSE omega (Sim): nan
    Loss: 124.4200 | Epoch: 48
    Eq omega: nan1 + nantheta + nanomega + nantheta^2 + nantheta omega + nanomega^2
    Eq omega Phys: N/A
    Diffusion: theta=nan, omega=nan

--- Chunk 64129 (110/220) | Start: 2025-04-04 13:45:00 ---
    RMSE omega (GP): 0.029520 | RMSE omega (Sim): 0.105492
    Loss: 49.4763 | Epoch: 37
    Eq omega: 0.027111 + -0.02694theta + 0.01082omega + 0.00999theta^2 + -0.02248theta omega + 0.00044omega^2
    Eq omega Phys: 0.000149*omega**2 - 0.000253*omega*theta + 0.001792*omega + 4.0e-6*theta**2 - 7.2e-5*theta + 0.000378
    Diffusion: theta=5.197753e-03, omega=3.234604e-05

--- Chunk 64130 (111/220) | Start: 2025-04-04 13:50:00 ---
    RMSE omega (GP): 0.009641 | RMSE omega (Sim): 0.123497
    Loss: 5.5047 | Epoch: 1359
    Eq omega: 0.001581 + -0.00028theta + -0.00085omega + 0.00001theta^2 + 0.00040theta omega + -0.00001omega^2
    Eq omega Phys: -4.0e-6*omega**2 + 6.0e-6*omega*theta - 8.8e-5*omega + 8.0e-6
    Diffusion: theta=2.740493e-04, omega=5.272292e-05

--- Chunk 64131 (112/220) | Start: 2025-04-04 13:55:00 ---
    RMSE omega (GP): 0.012795 | RMSE omega (Sim): 0.089812
    Loss: 4.4552 | Epoch: 1114
    Eq omega: -0.015701 + -0.20106theta + -0.00094omega + 0.00229theta^2 + 0.00408theta omega + -0.01536omega^2
    Eq omega Phys: -0.004825*omega**2 + 4.3e-5*omega*theta - 0.000693*omega + 1.0e-6*theta**2 - 0.000248*theta + 0.003595
    Diffusion: theta=1.249521e-03, omega=3.106637e-05

--- Chunk 64132 (113/220) | Start: 2025-04-04 14:00:00 ---
    RMSE omega (GP): 0.062328 | RMSE omega (Sim): 0.103875
    Loss: 242.8486 | Epoch: 90
    Eq omega: 0.053421 + -0.00367theta + -0.01662omega + -0.00005theta^2 + 0.00025theta omega + 0.00025omega^2
    Eq omega Phys: 7.3e-5*omega**2 + 2.0e-6*omega*theta - 0.000465*omega - 5.0e-6*theta + 3.2e-5
    Diffusion: theta=nan, omega=nan

--- Chunk 64133 (114/220) | Start: 2025-04-04 14:05:00 ---
    RMSE omega (GP): 0.011665 | RMSE omega (Sim): 0.121169
    Loss: 1.9116 | Epoch: 1245
    Eq omega: -0.001921 + -1.35545theta + -0.00377omega + -0.00727theta^2 + 0.00589theta omega + -0.00330omega^2
    Eq omega Phys: -0.001034*omega**2 + 6.2e-5*omega*theta - 0.000172*omega - 3.0e-6*theta**2 - 0.001502*theta + 0.001134
    Diffusion: theta=2.695885e-04, omega=6.720899e-05

--- Chunk 64134 (115/220) | Start: 2025-04-04 14:10:00 ---
    RMSE omega (GP): 0.010578 | RMSE omega (Sim): 0.104559
    Loss: -0.1400 | Epoch: 858
    Eq omega: 0.026301 + -2.06069theta + 0.00826omega + -0.04218theta^2 + 0.04593theta omega + 0.01692omega^2
    Eq omega Phys: 0.004383*omega**2 + 0.000397*omega*theta - 0.000616*omega - 1.2e-5*theta**2 - 0.002235*theta + 0.005198
    Diffusion: theta=7.755510e-04, omega=7.824157e-05

--- Chunk 64135 (116/220) | Start: 2025-04-04 14:15:00 ---
    RMSE omega (GP): 0.011280 | RMSE omega (Sim): 0.128565
    Loss: 5.6956 | Epoch: 1784
    Eq omega: -0.002421 + 0.00218theta + -0.00023omega + -0.00033theta^2 + 0.00017theta omega + -0.00030omega^2
    Eq omega Phys: -0.000112*omega**2 + 2.0e-6*omega*theta - 4.0e-5*omega + 7.0e-6*theta - 7.5e-5
    Diffusion: theta=2.734050e-03, omega=7.500309e-05

--- Chunk 64136 (117/220) | Start: 2025-04-04 14:20:00 ---
    RMSE omega (GP): 0.008305 | RMSE omega (Sim): 0.094874
    Loss: 1.3830 | Epoch: 1159
    Eq omega: 0.004641 + 0.00099theta + -0.00112omega + 0.00216theta^2 + -0.00479theta omega + 0.00010omega^2
    Eq omega Phys: 3.7e-5*omega**2 - 5.9e-5*omega*theta + 0.000266*omega + 1.0e-6*theta**2 - 8.0e-6*theta + 3.2e-5
    Diffusion: theta=5.390361e-04, omega=7.204285e-05

--- Chunk 64137 (118/220) | Start: 2025-04-04 14:25:00 ---
    RMSE omega (GP): 0.009656 | RMSE omega (Sim): 0.160667
    Loss: 1.1081 | Epoch: 1592
    Eq omega: -0.002171 + -0.69851theta + -0.00114omega + -0.02509theta^2 + -0.00370theta omega + -0.01135omega^2
    Eq omega Phys: -0.003777*omega**2 - 4.1e-5*omega*theta + 0.000176*omega - 9.0e-6*theta**2 - 0.000679*theta + 0.003787
    Diffusion: theta=4.394898e-04, omega=5.510890e-05

--- Chunk 64138 (119/220) | Start: 2025-04-04 14:30:00 ---
    RMSE omega (GP): 0.010889 | RMSE omega (Sim): 0.145169
    Loss: 5.6712 | Epoch: 1236
    Eq omega: -0.001671 + -0.00021theta + -0.00212omega + 0.00025theta^2 + 0.00011theta omega + 0.00114omega^2
    Eq omega Phys: 0.000441*omega**2 + 1.0e-6*omega*theta - 8.5e-5*omega - 2.0e-6*theta + 8.0e-6
    Diffusion: theta=1.134366e-03, omega=4.731341e-05

--- Chunk 64139 (120/220) | Start: 2025-04-04 14:35:00 ---
    RMSE omega (GP): nan | RMSE omega (Sim): nan
    Loss: 710.7411 | Epoch: 80
    Eq omega: nan1 + nantheta + nanomega + nantheta^2 + nantheta omega + nanomega^2
    Eq omega Phys: N/A
    Diffusion: theta=nan, omega=nan

--- Chunk 64140 (121/220) | Start: 2025-04-04 14:40:00 ---
    RMSE omega (GP): nan | RMSE omega (Sim): nan
    Loss: 185.9560 | Epoch: 41
    Eq omega: nan1 + nantheta + nanomega + nantheta^2 + nantheta omega + nanomega^2
    Eq omega Phys: N/A
    Diffusion: theta=nan, omega=nan

--- Chunk 64141 (122/220) | Start: 2025-04-04 14:45:00 ---
    RMSE omega (GP): 0.008159 | RMSE omega (Sim): 0.153270
    Loss: 0.5779 | Epoch: 1331
    Eq omega: 0.010971 + -0.30988theta + 0.00113omega + 0.00753theta^2 + 0.00927theta omega + -0.00526omega^2
    Eq omega Phys: -0.001819*omega**2 + 0.000107*omega*theta - 0.00037*omega + 3.0e-6*theta**2 - 0.000366*theta + 0.001392
    Diffusion: theta=3.129945e-03, omega=4.587063e-05

--- Chunk 64142 (123/220) | Start: 2025-04-04 14:50:00 ---
    RMSE omega (GP): nan | RMSE omega (Sim): nan
    Loss: 313.3556 | Epoch: 24
    Eq omega: nan1 + nantheta + nanomega + nantheta^2 + nantheta omega + nanomega^2
    Eq omega Phys: N/A
    Diffusion: theta=nan, omega=nan

--- Chunk 64143 (124/220) | Start: 2025-04-04 14:55:00 ---
    RMSE omega (GP): 0.009497 | RMSE omega (Sim): 0.117360
    Loss: 0.9144 | Epoch: 1390
    Eq omega: -0.070471 + -0.98142theta + 0.00078omega + -0.00946theta^2 + 0.00695theta omega + 0.00101omega^2
    Eq omega Phys: 0.00031*omega**2 + 7.1e-5*omega*theta - 0.000222*omega - 3.0e-6*theta**2 - 0.001068*theta + 0.003499
    Diffusion: theta=6.861402e-03, omega=7.662297e-05

--- Chunk 64144 (125/220) | Start: 2025-04-04 15:00:00 ---
    RMSE omega (GP): nan | RMSE omega (Sim): nan
    Loss: 248.8091 | Epoch: 42
    Eq omega: nan1 + nantheta + nanomega + nantheta^2 + nantheta omega + nanomega^2
    Eq omega Phys: N/A
    Diffusion: theta=nan, omega=nan

--- Chunk 64145 (126/220) | Start: 2025-04-04 15:05:00 ---
    RMSE omega (GP): 0.008498 | RMSE omega (Sim): 0.122706
    Loss: 3.0903 | Epoch: 1147
    Eq omega: 0.000091 + -0.00183theta + -0.02117omega + 0.00502theta^2 + 0.00290theta omega + 0.01488omega^2
    Eq omega Phys: 0.006259*omega**2 + 4.1e-5*omega*theta - 0.00083*omega + 2.0e-6*theta**2 - 1.6e-5*theta + 2.9e-5
    Diffusion: theta=4.831399e-04, omega=6.613482e-05

--- Chunk 64146 (127/220) | Start: 2025-04-04 15:10:00 ---
    RMSE omega (GP): 0.011101 | RMSE omega (Sim): 0.142174
    Loss: 2.7051 | Epoch: 2183
    Eq omega: -0.005271 + -0.58272theta + -0.00400omega + -0.19953theta^2 + 0.00462theta omega + 0.00343omega^2
    Eq omega Phys: 0.001095*omega**2 + 4.9e-5*omega*theta - 0.000662*omega - 7.1e-5*theta**2 + 0.000875*theta - 0.001241
    Diffusion: theta=7.780493e-04, omega=8.606371e-05

--- Chunk 64147 (128/220) | Start: 2025-04-04 15:15:00 ---
    RMSE omega (GP): 0.010553 | RMSE omega (Sim): 0.107048
    Loss: 2.2922 | Epoch: 1852
    Eq omega: -0.005541 + -0.40347theta + 0.03060omega + -0.00208theta^2 + 0.00077theta omega + -0.00098omega^2
    Eq omega Phys: -0.000325*omega**2 + 9.0e-6*omega*theta + 0.001013*omega - 0.e-6*theta**2 - 0.000447*theta + 0.000364
    Diffusion: theta=1.437871e-04, omega=5.577195e-05

--- Chunk 64148 (129/220) | Start: 2025-04-04 15:20:00 ---
    RMSE omega (GP): 0.011291 | RMSE omega (Sim): 0.112158
    Loss: 1.9591 | Epoch: 1815
    Eq omega: -0.000871 + -0.53492theta + 0.01372omega + -0.00029theta^2 + 0.01172theta omega + 0.00554omega^2
    Eq omega Phys: 0.00166*omega**2 + 0.000117*omega*theta + 0.00037*omega - 0.000594*theta + 0.000441
    Diffusion: theta=4.313008e-04, omega=6.376531e-05

--- Chunk 64149 (130/220) | Start: 2025-04-04 15:25:00 ---
    RMSE omega (GP): nan | RMSE omega (Sim): nan
    Loss: 56.4002 | Epoch: 87
    Eq omega: nan1 + nantheta + nanomega + nantheta^2 + nantheta omega + nanomega^2
    Eq omega Phys: N/A
    Diffusion: theta=nan, omega=nan

--- Chunk 64150 (131/220) | Start: 2025-04-04 15:30:00 ---
    RMSE omega (GP): 0.011905 | RMSE omega (Sim): 0.206248
    Loss: 1.0064 | Epoch: 1255
    Eq omega: -0.004291 + -0.60896theta + 0.02896omega + 0.01320theta^2 + -0.00014theta omega + -0.00636omega^2
    Eq omega Phys: -0.00163*omega**2 - 1.0e-6*omega*theta + 0.000971*omega + 4.0e-6*theta**2 - 0.000712*theta + 0.003257
    Diffusion: theta=2.936999e-03, omega=6.907558e-05

--- Chunk 64151 (132/220) | Start: 2025-04-04 15:35:00 ---
    RMSE omega (GP): 0.010413 | RMSE omega (Sim): 0.113679
    Loss: 1.5130 | Epoch: 950
    Eq omega: 0.000821 + 0.00055theta + -0.00276omega + -0.00010theta^2 + -0.00012theta omega + -0.00090omega^2
    Eq omega Phys: -0.000275*omega**2 - 1.0e-6*omega*theta - 9.1e-5*omega + 1.0e-6*theta + 3.0e-6
    Diffusion: theta=4.344947e-04, omega=8.098869e-05

--- Chunk 64152 (133/220) | Start: 2025-04-04 15:40:00 ---
    RMSE omega (GP): 0.011590 | RMSE omega (Sim): 0.126185
    Loss: 1.7062 | Epoch: 1124
    Eq omega: 0.000521 + -0.02206theta + 0.00589omega + 0.00130theta^2 + -0.00168theta omega + 0.00378omega^2
    Eq omega Phys: 0.001062*omega**2 - 1.6e-5*omega*theta - 1.5e-5*omega - 1.4e-5*theta - 0.000254
    Diffusion: theta=8.542219e-04, omega=8.922608e-05

--- Chunk 64153 (134/220) | Start: 2025-04-04 15:45:00 ---
    RMSE omega (GP): 0.012251 | RMSE omega (Sim): 0.110824
    Loss: 4.7777 | Epoch: 1308
    Eq omega: 0.002101 + 0.00002theta + -0.00240omega + 0.00071theta^2 + 0.00004theta omega + -0.00142omega^2
    Eq omega Phys: -0.000483*omega**2 - 8.6e-5*omega - 7.0e-6*theta + 5.1e-5
    Diffusion: theta=4.436147e-04, omega=7.252148e-05

--- Chunk 64154 (135/220) | Start: 2025-04-04 15:50:00 ---
    RMSE omega (GP): nan | RMSE omega (Sim): nan
    Loss: 38061.3047 | Epoch: 16
    Eq omega: nan1 + nantheta + nanomega + nantheta^2 + nantheta omega + nanomega^2
    Eq omega Phys: N/A
    Diffusion: theta=nan, omega=nan

--- Chunk 64155 (136/220) | Start: 2025-04-04 15:55:00 ---
    RMSE omega (GP): nan | RMSE omega (Sim): nan
    Loss: 603.4788 | Epoch: 144
    Eq omega: nan1 + nantheta + nanomega + nantheta^2 + nantheta omega + nanomega^2
    Eq omega Phys: N/A
    Diffusion: theta=nan, omega=nan

--- Chunk 64156 (137/220) | Start: 2025-04-04 16:00:00 ---
    RMSE omega (GP): 0.010697 | RMSE omega (Sim): 0.169894
    Loss: 2.1108 | Epoch: 956
    Eq omega: -0.000561 + -0.02200theta + 0.00021omega + 0.00000theta^2 + -0.00041theta omega + 0.00049omega^2
    Eq omega Phys: 0.000158*omega**2 - 4.0e-6*omega*theta + 2.3e-5*omega - 2.4e-5*theta + 8.9e-5
    Diffusion: theta=3.654657e-04, omega=5.711433e-05

--- Chunk 64157 (138/220) | Start: 2025-04-04 16:05:00 ---
    RMSE omega (GP): 0.012459 | RMSE omega (Sim): 0.094846
    Loss: 15.8428 | Epoch: 1306
    Eq omega: -0.000521 + -0.00060theta + -0.00178omega + -0.00005theta^2 + 0.00007theta omega + -0.00173omega^2
    Eq omega Phys: -0.000865*omega**2 + 1.0e-6*omega*theta - 7.7e-5*omega + 3.0e-6
    Diffusion: theta=1.294962e-03, omega=2.931886e-05

--- Chunk 64158 (139/220) | Start: 2025-04-04 16:10:00 ---
    RMSE omega (GP): 0.009997 | RMSE omega (Sim): 0.092132
    Loss: 6.9693 | Epoch: 807
    Eq omega: -0.002701 + -0.00265theta + 0.00488omega + -0.00017theta^2 + -0.00083theta omega + -0.00110omega^2
    Eq omega Phys: -0.0005*omega**2 - 1.3e-5*omega*theta + 0.000214*omega - 2.0e-6*theta + 4.0e-6
    Diffusion: theta=7.396278e-04, omega=4.439285e-05

--- Chunk 64159 (140/220) | Start: 2025-04-04 16:15:00 ---
    RMSE omega (GP): 0.030676 | RMSE omega (Sim): 0.126390
    Loss: 108.9842 | Epoch: 458
    Eq omega: 0.001271 + -0.00045theta + 0.00026omega + -0.00012theta^2 + 0.00101theta omega + 0.00386omega^2
    Eq omega Phys: 0.001918*omega**2 + 1.7e-5*omega*theta - 0.000165*omega + 1.0e-6*theta + 1.0e-6
    Diffusion: theta=1.137667e+00, omega=1.297655e-03

--- Chunk 64160 (141/220) | Start: 2025-04-04 16:20:00 ---
    RMSE omega (GP): 0.012919 | RMSE omega (Sim): 0.105957
    Loss: 5.0773 | Epoch: 1415
    Eq omega: 0.000111 + 0.00085theta + -0.00405omega + 0.00038theta^2 + -0.00017theta omega + 0.00007omega^2
    Eq omega Phys: 2.3e-5*omega**2 - 2.0e-6*omega*theta - 0.000131*omega - 1.0e-6
    Diffusion: theta=2.309319e-04, omega=5.361353e-05

--- Chunk 64161 (142/220) | Start: 2025-04-04 16:25:00 ---
    RMSE omega (GP): 0.010887 | RMSE omega (Sim): 0.099273
    Loss: 4.5305 | Epoch: 1005
    Eq omega: -0.019171 + -0.51932theta + -0.02330omega + -0.00993theta^2 + -0.00294theta omega + -0.00111omega^2
    Eq omega Phys: -0.000417*omega**2 - 3.7e-5*omega*theta - 0.000849*omega - 4.0e-6*theta**2 - 0.000593*theta - 0.001214
    Diffusion: theta=3.603041e-04, omega=6.028929e-05

--- Chunk 64162 (143/220) | Start: 2025-04-04 16:30:00 ---
    RMSE omega (GP): 0.011974 | RMSE omega (Sim): 0.093356
    Loss: 8.9848 | Epoch: 1694
    Eq omega: -0.003691 + 0.00005theta + -0.00271omega + -0.00010theta^2 + 0.00036theta omega + -0.00143omega^2
    Eq omega Phys: -0.000598*omega**2 + 5.0e-6*omega*theta - 0.00015*omega + 1.0e-6*theta - 1.7e-5
    Diffusion: theta=6.460632e-04, omega=7.617260e-05

--- Chunk 64163 (144/220) | Start: 2025-04-04 16:35:00 ---
    RMSE omega (GP): nan | RMSE omega (Sim): nan
    Loss: 235.9379 | Epoch: 20
    Eq omega: nan1 + nantheta + nanomega + nantheta^2 + nantheta omega + nanomega^2
    Eq omega Phys: N/A
    Diffusion: theta=nan, omega=nan

--- Chunk 64164 (145/220) | Start: 2025-04-04 16:40:00 ---
    RMSE omega (GP): 0.010874 | RMSE omega (Sim): 0.073185
    Loss: 17.5990 | Epoch: 1764
    Eq omega: -0.001761 + -0.00002theta + 0.00163omega + -0.00027theta^2 + -0.00003theta omega + -0.00056omega^2
    Eq omega Phys: -0.000338*omega**2 - 0.e-6*omega*theta + 6.6e-5*omega + 7.0e-6*theta - 6.7e-5
    Diffusion: theta=2.710771e-04, omega=3.200438e-05

--- Chunk 64165 (146/220) | Start: 2025-04-04 16:45:00 ---
    RMSE omega (GP): nan | RMSE omega (Sim): nan
    Loss: 73.9081 | Epoch: 34
    Eq omega: nan1 + nantheta + nanomega + nantheta^2 + nantheta omega + nanomega^2
    Eq omega Phys: N/A
    Diffusion: theta=nan, omega=nan

--- Chunk 64166 (147/220) | Start: 2025-04-04 16:50:00 ---
    RMSE omega (GP): 0.013650 | RMSE omega (Sim): 0.117866
    Loss: 4.0307 | Epoch: 1205
    Eq omega: -0.002971 + -0.00023theta + 0.00482omega + -0.00008theta^2 + -0.00013theta omega + -0.00027omega^2
    Eq omega Phys: -7.9e-5*omega**2 - 1.0e-6*omega*theta + 0.000159*omega - 1.2e-5
    Diffusion: theta=3.581359e-03, omega=6.946723e-05

--- Chunk 64167 (148/220) | Start: 2025-04-04 16:55:00 ---
    RMSE omega (GP): 0.014141 | RMSE omega (Sim): 0.137635
    Loss: 5.3442 | Epoch: 1532
    Eq omega: 0.007141 + -0.00048theta + -0.00069omega + 0.00008theta^2 + -0.00043theta omega + -0.00186omega^2
    Eq omega Phys: -0.00057*omega**2 - 4.0e-6*omega*theta - 7.3e-5*omega + 2.3e-5
    Diffusion: theta=3.001137e-04, omega=7.029290e-05

--- Chunk 64168 (149/220) | Start: 2025-04-04 17:00:00 ---
    RMSE omega (GP): nan | RMSE omega (Sim): nan
    Loss: 17.7491 | Epoch: 1110
    Eq omega: nan1 + nantheta + nanomega + nantheta^2 + nantheta omega + nanomega^2
    Eq omega Phys: N/A
    Diffusion: theta=nan, omega=nan

--- Chunk 64169 (150/220) | Start: 2025-04-04 17:05:00 ---
    RMSE omega (GP): 0.013968 | RMSE omega (Sim): 0.067997
    Loss: 17.2461 | Epoch: 1359
    Eq omega: -0.002021 + -0.00060theta + -0.00713omega + -0.00040theta^2 + 0.00007theta omega + -0.00002omega^2
    Eq omega Phys: -1.0e-5*omega**2 + 1.0e-6*omega*theta - 0.000251*omega + 5.0e-6*theta - 2.8e-5
    Diffusion: theta=2.223261e-04, omega=3.153559e-05

  [Progress 150/220] Mean RMSE omega (GP): 0.015595 | (Sim): 0.142706 | Mean loss: -1542268861320102150144.0000 | Valid GP: 122/150 | Valid Sim: 119/150 | Elapsed: 52.2min | ETA: 24.4min

--- Chunk 64170 (151/220) | Start: 2025-04-04 17:10:00 ---
    RMSE omega (GP): 0.012750 | RMSE omega (Sim): 0.115843
    Loss: 10.1209 | Epoch: 1080
    Eq omega: 0.000511 + 0.00095theta + -0.00216omega + 0.00018theta^2 + 0.00072theta omega + 0.00314omega^2
    Eq omega Phys: 0.001334*omega**2 + 1.0e-5*omega*theta - 0.000163*omega - 1.0e-6
    Diffusion: theta=7.728229e-04, omega=5.162186e-05

--- Chunk 64171 (152/220) | Start: 2025-04-04 17:15:00 ---
    RMSE omega (GP): 0.011778 | RMSE omega (Sim): 0.085898
    Loss: 1.9179 | Epoch: 1279
    Eq omega: -0.024781 + -0.40968theta + -0.00426omega + -0.02998theta^2 + -0.00211theta omega + 0.00958omega^2
    Eq omega Phys: 0.002738*omega**2 - 2.0e-5*omega*theta - 1.7e-5*omega - 1.0e-5*theta**2 - 0.000337*theta + 0.00236
    Diffusion: theta=2.106344e-03, omega=5.748926e-05

--- Chunk 64172 (153/220) | Start: 2025-04-04 17:20:00 ---
    RMSE omega (GP): 0.013444 | RMSE omega (Sim): 0.163656
    Loss: 3.4293 | Epoch: 750
    Eq omega: 0.000331 + -0.00709theta + 0.00132omega + -0.00081theta^2 + 0.00061theta omega + -0.00011omega^2
    Eq omega Phys: -3.1e-5*omega**2 + 6.0e-6*omega*theta + 1.5e-5*omega - 5.0e-6*theta + 3.4e-5
    Diffusion: theta=1.879267e-02, omega=5.949583e-05

--- Chunk 64173 (154/220) | Start: 2025-04-04 17:25:00 ---
    RMSE omega (GP): 0.047971 | RMSE omega (Sim): 0.117515
    Loss: 240.8831 | Epoch: 53
    Eq omega: 0.002661 + -0.00871theta + 0.00002omega + 0.00513theta^2 + -0.00107theta omega + -0.00106omega^2
    Eq omega Phys: -0.000478*omega**2 - 1.6e-5*omega*theta + 0.000175*omega + 3.0e-6*theta**2 - 6.5e-5*theta + 0.000411
    Diffusion: theta=nan, omega=nan

--- Chunk 64174 (155/220) | Start: 2025-04-04 17:30:00 ---
    RMSE omega (GP): 0.010413 | RMSE omega (Sim): 0.153555
    Loss: 3.5530 | Epoch: 1697
    Eq omega: -0.002331 + -0.00291theta + -0.00111omega + 0.00115theta^2 + 0.00095theta omega + -0.00091omega^2
    Eq omega Phys: -0.000335*omega**2 + 1.2e-5*omega*theta - 0.000145*omega - 1.2e-5*theta + 6.3e-5
    Diffusion: theta=5.831468e-04, omega=5.487053e-05

--- Chunk 64175 (156/220) | Start: 2025-04-04 17:35:00 ---
    RMSE omega (GP): nan | RMSE omega (Sim): nan
    Loss: 400.9560 | Epoch: 16
    Eq omega: nan1 + nantheta + nanomega + nantheta^2 + nantheta omega + nanomega^2
    Eq omega Phys: N/A
    Diffusion: theta=nan, omega=nan

--- Chunk 64176 (157/220) | Start: 2025-04-04 17:40:00 ---
    RMSE omega (GP): 0.075706 | RMSE omega (Sim): 0.111760
    Loss: 870.8053 | Epoch: 20
    Eq omega: 0.000921 + -0.00186theta + 0.00148omega + 0.00013theta^2 + -0.00023theta omega + 0.00001omega^2
    Eq omega Phys: 3.0e-6*omega**2 - 2.0e-6*omega*theta + 0.000104*omega - 4.0e-6*theta + 7.4e-5
    Diffusion: theta=nan, omega=nan

--- Chunk 64177 (158/220) | Start: 2025-04-04 17:45:00 ---
    RMSE omega (GP): 0.011617 | RMSE omega (Sim): 0.091294
    Loss: 3.5385 | Epoch: 745
    Eq omega: 0.004301 + -0.58199theta + 0.00380omega + 0.00249theta^2 + 0.01319theta omega + 0.00727omega^2
    Eq omega Phys: 0.002378*omega**2 + 0.000144*omega*theta + 8.7e-5*omega + 1.0e-6*theta**2 - 0.000647*theta + 0.000192
    Diffusion: theta=4.945265e-04, omega=6.264455e-05

--- Chunk 64178 (159/220) | Start: 2025-04-04 17:50:00 ---
    RMSE omega (GP): 0.012217 | RMSE omega (Sim): 0.080860
    Loss: 9.2733 | Epoch: 802
    Eq omega: 0.005891 + -0.00059theta + -0.00235omega + -0.00027theta^2 + 0.00127theta omega + 0.00007omega^2
    Eq omega Phys: 2.9e-5*omega**2 + 1.7e-5*omega*theta - 0.000212*omega + 1.0e-6*theta + 1.4e-5
    Diffusion: theta=3.077670e-03, omega=5.864164e-05

--- Chunk 64179 (160/220) | Start: 2025-04-04 17:55:00 ---
    RMSE omega (GP): nan | RMSE omega (Sim): nan
    Loss: 500.8740 | Epoch: 17
    Eq omega: nan1 + nantheta + nanomega + nantheta^2 + nantheta omega + nanomega^2
    Eq omega Phys: N/A
    Diffusion: theta=nan, omega=nan

--- Chunk 64180 (161/220) | Start: 2025-04-04 18:00:00 ---
    RMSE omega (GP): 0.014006 | RMSE omega (Sim): 0.113990
    Loss: 6.3469 | Epoch: 1746
    Eq omega: 0.001891 + -0.00060theta + 0.00002omega + 0.00070theta^2 + -0.00076theta omega + -0.00018omega^2
    Eq omega Phys: -6.5e-5*omega**2 - 9.0e-6*omega*theta - 0.000162*omega + 9.0e-6*theta + 8.3e-5
    Diffusion: theta=5.310809e-04, omega=8.819797e-05

--- Chunk 64181 (162/220) | Start: 2025-04-04 18:05:00 ---
    RMSE omega (GP): 0.014089 | RMSE omega (Sim): 0.081772
    Loss: 12.7661 | Epoch: 1727
    Eq omega: 0.002811 + -0.00037theta + 0.00353omega + -0.00004theta^2 + -0.00005theta omega + -0.00013omega^2
    Eq omega Phys: -5.5e-5*omega**2 - 0.e-6*omega*theta + 0.00013*omega + 9.0e-6
    Diffusion: theta=5.678450e-04, omega=3.256438e-05

--- Chunk 64182 (163/220) | Start: 2025-04-04 18:10:00 ---
    RMSE omega (GP): nan | RMSE omega (Sim): nan
    Loss: 417.3829 | Epoch: 52
    Eq omega: nan1 + nantheta + nanomega + nantheta^2 + nantheta omega + nanomega^2
    Eq omega Phys: N/A
    Diffusion: theta=nan, omega=nan

--- Chunk 64183 (164/220) | Start: 2025-04-04 18:15:00 ---
    RMSE omega (GP): 0.031597 | RMSE omega (Sim): 0.104738
    Loss: 21.2711 | Epoch: 510
    Eq omega: 0.005271 + 0.00005theta + 0.00052omega + 0.00562theta^2 + 0.02344theta omega + 0.00405omega^2
    Eq omega Phys: 0.001305*omega**2 + 0.000252*omega*theta - 0.001272*omega + 2.0e-6*theta**2 - 2.1e-5*theta + 7.1e-5
    Diffusion: theta=3.597482e-01, omega=5.657337e-04

--- Chunk 64184 (165/220) | Start: 2025-04-04 18:20:00 ---
    RMSE omega (GP): 0.034663 | RMSE omega (Sim): nan
    Loss: 54.8438 | Epoch: 389
    Eq omega: -0.009131 + -0.51245theta + -0.01355omega + -0.16263theta^2 + -0.00553theta omega + 0.00187omega^2
    Eq omega Phys: 0.00059*omega**2 - 5.8e-5*omega*theta + 0.000123*omega - 5.7e-5*theta**2 + 0.000558*theta + 2.3e-5
    Diffusion: theta=6.954805e-02, omega=5.574330e-05

--- Chunk 64185 (166/220) | Start: 2025-04-04 18:25:00 ---
    RMSE omega (GP): 0.013974 | RMSE omega (Sim): 0.116908
    Loss: 5.9021 | Epoch: 1511
    Eq omega: 0.002691 + -0.00108theta + -0.00088omega + -0.00002theta^2 + -0.00147theta omega + 0.00147omega^2
    Eq omega Phys: 0.000481*omega**2 - 1.6e-5*omega*theta + 0.000249*omega - 0.e-6*theta + 2.8e-5
    Diffusion: theta=1.288328e-03, omega=8.887248e-05

--- Chunk 64186 (167/220) | Start: 2025-04-04 18:30:00 ---
    RMSE omega (GP): nan | RMSE omega (Sim): nan
    Loss: 169.2844 | Epoch: 34
    Eq omega: nan1 + nantheta + nanomega + nantheta^2 + nantheta omega + nanomega^2
    Eq omega Phys: N/A
    Diffusion: theta=nan, omega=nan

--- Chunk 64187 (168/220) | Start: 2025-04-04 18:35:00 ---
    RMSE omega (GP): 0.009951 | RMSE omega (Sim): 0.208144
    Loss: 1.7025 | Epoch: 1653
    Eq omega: -0.004571 + -0.00454theta + -0.00076omega + 0.00008theta^2 + -0.00221theta omega + -0.00602omega^2
    Eq omega Phys: -0.001974*omega**2 - 2.4e-5*omega*theta + 0.000179*omega - 6.0e-6*theta + 2.9e-5
    Diffusion: theta=2.721763e-03, omega=5.075204e-05

--- Chunk 64188 (169/220) | Start: 2025-04-04 18:40:00 ---
    RMSE omega (GP): 0.012293 | RMSE omega (Sim): 0.195372
    Loss: 3.1181 | Epoch: 1051
    Eq omega: 0.001991 + -0.00073theta + 0.00136omega + 0.00036theta^2 + -0.00106theta omega + 0.00187omega^2
    Eq omega Phys: 0.000579*omega**2 - 1.1e-5*omega*theta + 4.6e-5*omega - 0.e-6*theta + 7.0e-6
    Diffusion: theta=8.988107e-04, omega=5.200498e-05

--- Chunk 64189 (170/220) | Start: 2025-04-04 18:45:00 ---
    RMSE omega (GP): 0.009950 | RMSE omega (Sim): 0.059808
    Loss: 14.1898 | Epoch: 3168
    Eq omega: -0.000031 + 0.00012theta + -0.00053omega + -0.00002theta^2 + -0.00003theta omega + -0.00033omega^2
    Eq omega Phys: -0.000203*omega**2 - 0.e-6*omega*theta - 2.0e-6*omega + 1.0e-6*theta - 1.2e-5
    Diffusion: theta=1.275988e-04, omega=1.964214e-05

--- Chunk 64190 (171/220) | Start: 2025-04-04 18:50:00 ---
    RMSE omega (GP): 0.009071 | RMSE omega (Sim): 0.115147
    Loss: 4.0425 | Epoch: 2108
    Eq omega: -0.012801 + -0.00175theta + 0.00431omega + -0.00006theta^2 + 0.00000theta omega + -0.00088omega^2
    Eq omega Phys: -0.000374*omega**2 + 0.000144*omega - 1.0e-6*theta - 1.2e-5
    Diffusion: theta=3.227395e-04, omega=5.134601e-05

--- Chunk 64191 (172/220) | Start: 2025-04-04 18:55:00 ---
    RMSE omega (GP): 0.010864 | RMSE omega (Sim): 0.108078
    Loss: 5.1574 | Epoch: 971
    Eq omega: -0.000651 + -0.00003theta + -0.00087omega + 0.00006theta^2 + -0.00082theta omega + -0.00008omega^2
    Eq omega Phys: -3.1e-5*omega**2 - 1.1e-5*omega*theta + 0.000106*omega - 0.e-6*theta + 3.0e-6
    Diffusion: theta=4.020972e-04, omega=6.552775e-05

--- Chunk 64192 (173/220) | Start: 2025-04-04 19:00:00 ---
    RMSE omega (GP): 0.011720 | RMSE omega (Sim): 0.101616
    Loss: 4.8432 | Epoch: 1556
    Eq omega: 0.003551 + -0.00304theta + -0.00127omega + -0.00014theta^2 + -0.00069theta omega + 0.00015omega^2
    Eq omega Phys: 5.3e-5*omega**2 - 8.0e-6*omega*theta - 1.5e-5*omega - 3.0e-6*theta + 2.2e-5
    Diffusion: theta=1.776450e-03, omega=4.929896e-05

--- Chunk 64193 (174/220) | Start: 2025-04-04 19:05:00 ---
    RMSE omega (GP): 0.011527 | RMSE omega (Sim): 0.102155
    Loss: 8.7337 | Epoch: 1758
    Eq omega: 0.003131 + 0.00044theta + -0.00305omega + 0.00005theta^2 + 0.00069theta omega + -0.00024omega^2
    Eq omega Phys: -0.00011*omega**2 + 1.1e-5*omega*theta - 0.000284*omega + 7.0e-6
    Diffusion: theta=8.066919e-04, omega=5.728133e-05

--- Chunk 64194 (175/220) | Start: 2025-04-04 19:10:00 ---
    RMSE omega (GP): 0.011894 | RMSE omega (Sim): 0.205205
    Loss: 15.4772 | Epoch: 1278
    Eq omega: 0.008901 + -0.01717theta + -0.00169omega + -0.00024theta^2 + 0.01646theta omega + 0.00196omega^2
    Eq omega Phys: 0.001037*omega**2 + 0.00029*omega*theta + 0.000613*omega - 2.0e-5*theta - 2.6e-5
    Diffusion: theta=1.021953e-03, omega=3.378063e-05

--- Chunk 64195 (176/220) | Start: 2025-04-04 19:15:00 ---
    RMSE omega (GP): nan | RMSE omega (Sim): nan
    Loss: 225.8447 | Epoch: 84
    Eq omega: nan1 + nantheta + nanomega + nantheta^2 + nantheta omega + nanomega^2
    Eq omega Phys: N/A
    Diffusion: theta=nan, omega=nan

--- Chunk 64196 (177/220) | Start: 2025-04-04 19:20:00 ---
    RMSE omega (GP): 0.007335 | RMSE omega (Sim): 0.117880
    Loss: 0.8299 | Epoch: 1066
    Eq omega: -0.004771 + -0.25000theta + -0.00637omega + -0.01545theta^2 + 0.00371theta omega + -0.00506omega^2
    Eq omega Phys: -0.001941*omega**2 + 4.7e-5*omega*theta - 0.000613*omega - 7.0e-6*theta**2 - 0.000167*theta + 0.001862
    Diffusion: theta=1.481541e-03, omega=3.779297e-05

--- Chunk 64197 (178/220) | Start: 2025-04-04 19:25:00 ---
    RMSE omega (GP): 0.011479 | RMSE omega (Sim): 0.172167
    Loss: 5.6201 | Epoch: 1444
    Eq omega: 0.005041 + -0.01474theta + -0.00056omega + 0.00079theta^2 + -0.00016theta omega + 0.00389omega^2
    Eq omega Phys: 0.001464*omega**2 - 2.0e-6*omega*theta + 2.0e-5*omega - 2.9e-5*theta + 0.000449
    Diffusion: theta=4.309300e-04, omega=5.175110e-05

--- Chunk 64198 (179/220) | Start: 2025-04-04 19:30:00 ---
    RMSE omega (GP): 0.010218 | RMSE omega (Sim): 0.172708
    Loss: 3.1606 | Epoch: 1440
    Eq omega: 0.002011 + -0.00079theta + 0.00070omega + -0.00003theta^2 + -0.00041theta omega + 0.00048omega^2
    Eq omega Phys: 0.000176*omega**2 - 5.0e-6*omega*theta + 5.3e-5*omega - 0.e-6*theta + 1.1e-5
    Diffusion: theta=2.568533e-04, omega=4.905836e-05

--- Chunk 64199 (180/220) | Start: 2025-04-04 19:35:00 ---
    RMSE omega (GP): nan | RMSE omega (Sim): nan
    Loss: 74.5345 | Epoch: 81
    Eq omega: nan1 + nantheta + nanomega + nantheta^2 + nantheta omega + nanomega^2
    Eq omega Phys: N/A
    Diffusion: theta=nan, omega=nan

--- Chunk 64200 (181/220) | Start: 2025-04-04 19:40:00 ---
    RMSE omega (GP): 0.009394 | RMSE omega (Sim): 0.077659
    Loss: 4.2575 | Epoch: 1482
    Eq omega: 0.004001 + 0.00033theta + -0.00165omega + 0.00019theta^2 + -0.00087theta omega + -0.00021omega^2
    Eq omega Phys: -9.0e-5*omega**2 - 1.2e-5*omega*theta + 3.2e-5*omega - 0.e-6*theta + 1.2e-5
    Diffusion: theta=3.090829e-04, omega=4.806132e-05

--- Chunk 64201 (182/220) | Start: 2025-04-04 19:45:00 ---
    RMSE omega (GP): 0.015464 | RMSE omega (Sim): 0.113425
    Loss: 3.9277 | Epoch: 1220
    Eq omega: 0.003521 + -2.06050theta + -0.00547omega + 0.05403theta^2 + 0.26814theta omega + -0.01297omega^2
    Eq omega Phys: -0.003388*omega**2 + 0.002335*omega*theta - 0.010348*omega + 1.6e-5*theta**2 - 0.002426*theta + 0.010282
    Diffusion: theta=2.168068e-03, omega=5.596720e-05

--- Chunk 64202 (183/220) | Start: 2025-04-04 19:50:00 ---
    RMSE omega (GP): 0.012813 | RMSE omega (Sim): 0.122185
    Loss: 10.6898 | Epoch: 2009
    Eq omega: 0.006941 + -0.00017theta + 0.00004omega + -0.00019theta^2 + -0.00067theta omega + 0.00259omega^2
    Eq omega Phys: 0.001094*omega**2 - 9.0e-6*omega*theta + 7.3e-5*omega + 1.0e-6*theta + 1.4e-5
    Diffusion: theta=3.065306e-03, omega=5.304326e-05

--- Chunk 64203 (184/220) | Start: 2025-04-04 19:55:00 ---
    RMSE omega (GP): 0.037362 | RMSE omega (Sim): 0.086682
    Loss: 113.0673 | Epoch: 496
    Eq omega: -0.006531 + -0.00008theta + -0.00051omega + 0.00027theta^2 + -0.00017theta omega + -0.00062omega^2
    Eq omega Phys: -0.000281*omega**2 - 3.0e-6*omega*theta + 3.6e-5*omega - 6.0e-6*theta + 4.3e-5
    Diffusion: theta=7.213216e-01, omega=1.295529e-03

--- Chunk 64204 (185/220) | Start: 2025-04-04 20:00:00 ---
    RMSE omega (GP): 0.010475 | RMSE omega (Sim): 0.276456
    Loss: 1.3319 | Epoch: 1274
    Eq omega: -0.003691 + 0.00094theta + -0.00013omega + 0.00220theta^2 + -0.00029theta omega + -0.00034omega^2
    Eq omega Phys: -9.9e-5*omega**2 - 3.0e-6*omega*theta + 2.3e-5*omega + 1.0e-6*theta**2 - 1.3e-5*theta + 4.2e-5
    Diffusion: theta=4.317786e-04, omega=1.010771e-04

--- Chunk 64205 (186/220) | Start: 2025-04-04 20:05:00 ---
    RMSE omega (GP): nan | RMSE omega (Sim): nan
    Loss: 1414.3435 | Epoch: 16
    Eq omega: nan1 + nantheta + nanomega + nantheta^2 + nantheta omega + nanomega^2
    Eq omega Phys: N/A
    Diffusion: theta=nan, omega=nan

--- Chunk 64206 (187/220) | Start: 2025-04-04 20:10:00 ---
    RMSE omega (GP): 0.012541 | RMSE omega (Sim): 0.113249
    Loss: 5.2664 | Epoch: 718
    Eq omega: 0.001831 + -1.12056theta + 0.00356omega + 0.00250theta^2 + 0.01954theta omega + 0.00158omega^2
    Eq omega Phys: 0.00054*omega**2 + 0.000223*omega*theta + 0.00021*omega + 1.0e-6*theta**2 - 0.001244*theta - 0.000502
    Diffusion: theta=1.077308e-03, omega=6.163736e-05

--- Chunk 64207 (188/220) | Start: 2025-04-04 20:15:00 ---
    RMSE omega (GP): 0.019812 | RMSE omega (Sim): 0.083910
    Loss: 34.0652 | Epoch: 199
    Eq omega: 0.000421 + -0.00032theta + 0.00157omega + -0.00002theta^2 + 0.00012theta omega + 0.00036omega^2
    Eq omega Phys: 0.00016*omega**2 + 2.0e-6*omega*theta + 2.1e-5*omega + 4.0e-6
    Diffusion: theta=3.107108e-03, omega=1.910652e-05

--- Chunk 64208 (189/220) | Start: 2025-04-04 20:20:00 ---
    RMSE omega (GP): 0.009589 | RMSE omega (Sim): 0.090741
    Loss: 4.2840 | Epoch: 2160
    Eq omega: 0.003961 + -0.00062theta + 0.00004omega + -0.00022theta^2 + 0.00043theta omega + -0.00126omega^2
    Eq omega Phys: -0.000511*omega**2 + 6.0e-6*omega*theta - 8.6e-5*omega + 2.0e-6*theta - 1.0e-6
    Diffusion: theta=3.136308e-04, omega=4.571027e-05

--- Chunk 64209 (190/220) | Start: 2025-04-04 20:25:00 ---
    RMSE omega (GP): 0.011058 | RMSE omega (Sim): 0.151341
    Loss: 1.2557 | Epoch: 1678
    Eq omega: -0.013521 + -1.54493theta + -0.00291omega + 0.02545theta^2 + 0.02190theta omega + 0.00268omega^2
    Eq omega Phys: 0.000778*omega**2 + 0.000212*omega*theta - 0.000474*omega + 8.0e-6*theta**2 - 0.001746*theta + 0.003026
    Diffusion: theta=5.611024e-04, omega=6.300676e-05

--- Chunk 64210 (191/220) | Start: 2025-04-04 20:30:00 ---
    RMSE omega (GP): 0.011971 | RMSE omega (Sim): 0.164696
    Loss: 2.1102 | Epoch: 1243
    Eq omega: 0.003891 + -1.12118theta + 0.00660omega + 0.02084theta^2 + 0.00131theta omega + 0.02013omega^2
    Eq omega Phys: 0.005771*omega**2 + 1.3e-5*omega*theta + 0.000199*omega + 7.0e-6*theta**2 - 0.001268*theta + 0.002157
    Diffusion: theta=2.135787e-03, omega=5.363120e-05

--- Chunk 64211 (192/220) | Start: 2025-04-04 20:35:00 ---
    RMSE omega (GP): 0.013311 | RMSE omega (Sim): 0.127595
    Loss: 10.8952 | Epoch: 1646
    Eq omega: -0.000841 + 0.00254theta + -0.00087omega + -0.00022theta^2 + 0.00197theta omega + -0.00038omega^2
    Eq omega Phys: -0.000162*omega**2 + 2.8e-5*omega*theta - 0.000503*omega + 6.0e-6*theta - 8.0e-5
    Diffusion: theta=4.447931e-04, omega=3.825425e-05

--- Chunk 64212 (193/220) | Start: 2025-04-04 20:40:00 ---
    RMSE omega (GP): 0.013579 | RMSE omega (Sim): 0.122373
    Loss: 5.7318 | Epoch: 718
    Eq omega: -0.001371 + -0.00011theta + -0.00393omega + -0.00159theta^2 + -0.00280theta omega + -0.00368omega^2
    Eq omega Phys: -0.001196*omega**2 - 3.0e-5*omega*theta - 7.4e-5*omega - 0.e-6*theta**2 + 2.0e-6*theta - 6.0e-6
    Diffusion: theta=1.708718e-04, omega=9.730502e-05

--- Chunk 64213 (194/220) | Start: 2025-04-04 20:45:00 ---
    RMSE omega (GP): 0.012148 | RMSE omega (Sim): 0.150391
    Loss: 1.8888 | Epoch: 1452
    Eq omega: 0.004541 + -0.04083theta + 0.00534omega + -0.00511theta^2 + -0.00250theta omega + -0.00256omega^2
    Eq omega Phys: -0.000703*omega**2 - 2.3e-5*omega*theta + 0.000279*omega - 2.0e-6*theta**2 - 3.2e-5*theta + 0.000188
    Diffusion: theta=5.049057e-03, omega=7.586723e-05

--- Chunk 64214 (195/220) | Start: 2025-04-04 20:50:00 ---
    RMSE omega (GP): 0.008639 | RMSE omega (Sim): 0.230001
    Loss: 0.6418 | Epoch: 897
    Eq omega: -0.002731 + -0.00541theta + -0.00323omega + 0.00023theta^2 + 0.00059theta omega + -0.00606omega^2
    Eq omega Phys: -0.001924*omega**2 + 6.0e-6*omega*theta - 8.5e-5*omega - 5.0e-6*theta - 3.0e-5
    Diffusion: theta=7.601952e-04, omega=1.012911e-04

--- Chunk 64215 (196/220) | Start: 2025-04-04 20:55:00 ---
    RMSE omega (GP): 0.011462 | RMSE omega (Sim): 0.124975
    Loss: 4.9718 | Epoch: 1153
    Eq omega: -0.003661 + 0.00046theta + 0.00183omega + 0.00004theta^2 + 0.00065theta omega + 0.00026omega^2
    Eq omega Phys: 9.6e-5*omega**2 + 8.0e-6*omega*theta + 0.000137*omega + 1.0e-6*theta - 5.0e-6
    Diffusion: theta=4.304253e-04, omega=5.389862e-05

--- Chunk 64216 (197/220) | Start: 2025-04-04 21:00:00 ---
    RMSE omega (GP): 0.010210 | RMSE omega (Sim): 0.113611
    Loss: 3.9283 | Epoch: 1655
    Eq omega: -0.002471 + -0.01377theta + 0.01029omega + 0.07608theta^2 + -0.00182theta omega + -0.00008omega^2
    Eq omega Phys: -3.1e-5*omega**2 - 2.3e-5*omega*theta + 9.1e-5*omega + 3.3e-5*theta**2 + 0.000688*theta + 0.003623
    Diffusion: theta=2.894618e-04, omega=4.840867e-05

--- Chunk 64217 (198/220) | Start: 2025-04-04 21:05:00 ---
    RMSE omega (GP): nan | RMSE omega (Sim): nan
    Loss: 56.2927 | Epoch: 34
    Eq omega: nan1 + nantheta + nanomega + nantheta^2 + nantheta omega + nanomega^2
    Eq omega Phys: N/A
    Diffusion: theta=nan, omega=nan

--- Chunk 64218 (199/220) | Start: 2025-04-04 21:10:00 ---
    RMSE omega (GP): 0.008688 | RMSE omega (Sim): 0.100700
    Loss: 0.9026 | Epoch: 1381
    Eq omega: 0.002181 + 0.00139theta + -0.00038omega + 0.00181theta^2 + -0.00152theta omega + 0.00092omega^2
    Eq omega Phys: 0.000313*omega**2 - 1.7e-5*omega*theta - 0.000202*omega + 1.0e-6*theta**2 + 1.7e-5*theta + 0.000106
    Diffusion: theta=4.593773e-04, omega=6.092706e-05

--- Chunk 64219 (200/220) | Start: 2025-04-04 21:15:00 ---
    RMSE omega (GP): 0.010719 | RMSE omega (Sim): 0.178284
    Loss: 0.5855 | Epoch: 1095
    Eq omega: -0.002891 + -2.16159theta + 0.00589omega + -0.05620theta^2 + -0.00344theta omega + 0.00286omega^2
    Eq omega Phys: 0.000762*omega**2 - 3.1e-5*omega*theta + 0.000293*omega - 1.7e-5*theta**2 - 0.002296*theta + 0.007446
    Diffusion: theta=1.642403e-03, omega=7.613486e-05

  [Progress 200/220] Mean RMSE omega (GP): 0.015624 | (Sim): 0.139415 | Mean loss: -1156701645990076612608.0000 | Valid GP: 164/200 | Valid Sim: 160/200 | Elapsed: 70.0min | ETA: 7.0min

--- Chunk 64220 (201/220) | Start: 2025-04-04 21:20:00 ---
    RMSE omega (GP): 0.012108 | RMSE omega (Sim): 0.141993
    Loss: -183.6374 | Epoch: 1126
    Eq omega: 0.000301 + 0.00033theta + -0.00033omega + -0.00006theta^2 + 0.00029theta omega + 0.00001omega^2
    Eq omega Phys: 3.0e-6*omega**2 + 3.0e-6*omega*theta + 2.5e-5*omega + 2.0e-6
    Diffusion: theta=2.466622e-02, omega=9.780432e-05

--- Chunk 64221 (202/220) | Start: 2025-04-04 21:25:00 ---
    RMSE omega (GP): 0.011534 | RMSE omega (Sim): 0.120161
    Loss: 3.3937 | Epoch: 1598
    Eq omega: 0.008881 + -0.24067theta + -0.01229omega + -0.00010theta^2 + -0.00110theta omega + -0.01063omega^2
    Eq omega Phys: -0.003449*omega**2 - 1.2e-5*omega*theta - 0.000494*omega - 0.000268*theta - 0.001864
    Diffusion: theta=4.366451e-03, omega=5.891597e-05

--- Chunk 64222 (203/220) | Start: 2025-04-04 21:30:00 ---
    RMSE omega (GP): 0.012497 | RMSE omega (Sim): 0.217966
    Loss: 4.0674 | Epoch: 1750
    Eq omega: -0.005941 + -0.42330theta + -0.00844omega + -0.00244theta^2 + -0.00779theta omega + -0.01143omega^2
    Eq omega Phys: -0.003825*omega**2 - 8.7e-5*omega*theta - 0.001057*omega - 0.e-6*theta**2 - 0.000487*theta - 0.004288
    Diffusion: theta=3.711682e-04, omega=6.985301e-05

--- Chunk 64223 (204/220) | Start: 2025-04-04 21:35:00 ---
    RMSE omega (GP): 0.010344 | RMSE omega (Sim): 0.080816
    Loss: 3.4594 | Epoch: 1104
    Eq omega: 0.015911 + -0.21674theta + -0.30058omega + -0.04308theta^2 + -0.01707theta omega + 0.00735omega^2
    Eq omega Phys: 0.002786*omega**2 - 0.000216*omega*theta - 0.013488*omega - 1.8e-5*theta**2 - 0.000824*theta - 0.008519
    Diffusion: theta=1.871140e-03, omega=3.860949e-05

--- Chunk 64224 (205/220) | Start: 2025-04-04 21:40:00 ---
    RMSE omega (GP): 0.014102 | RMSE omega (Sim): 0.127657
    Loss: 3.6586 | Epoch: 1110
    Eq omega: 0.001271 + -0.00090theta + 0.00218omega + 0.00005theta^2 + 0.01551theta omega + -0.00102omega^2
    Eq omega Phys: -0.000292*omega**2 + 0.000148*omega*theta + 0.001453*omega - 0.e-6*theta - 3.0e-6
    Diffusion: theta=4.514443e-04, omega=9.995241e-05

--- Chunk 64225 (206/220) | Start: 2025-04-04 21:45:00 ---
    RMSE omega (GP): 0.011068 | RMSE omega (Sim): 0.726285
    Loss: 4.1445 | Epoch: 1879
    Eq omega: 0.013391 + -0.05309theta + -0.00912omega + -0.26146theta^2 + -0.00317theta omega + 0.01057omega^2
    Eq omega Phys: 0.003914*omega**2 - 3.9e-5*omega*theta - 6.0e-5*omega - 0.000108*theta**2 + 0.001283*theta - 0.003775
    Diffusion: theta=3.713359e-04, omega=4.649773e-05

--- Chunk 64226 (207/220) | Start: 2025-04-04 21:50:00 ---
    RMSE omega (GP): 0.014990 | RMSE omega (Sim): nan
    Loss: 9.1744 | Epoch: 1555
    Eq omega: -0.004481 + -1.06904theta + -0.01211omega + 0.56710theta^2 + 0.00714theta omega + -0.02133omega^2
    Eq omega Phys: -0.007268*omega**2 + 8.1e-5*omega*theta + 0.000116*omega + 0.000215*theta**2 + 0.001564*theta + 0.00119
    Diffusion: theta=2.317877e-03, omega=6.174223e-05

--- Chunk 64227 (208/220) | Start: 2025-04-04 21:55:00 ---
    RMSE omega (GP): 0.028951 | RMSE omega (Sim): 0.125729
    Loss: 61.4609 | Epoch: 82
    Eq omega: 0.001551 + -0.00932theta + 0.00421omega + -0.00052theta^2 + 0.00139theta omega + 0.00584omega^2
    Eq omega Phys: 0.002357*omega**2 + 1.9e-5*omega*theta + 0.00033*omega - 1.5e-5*theta - 0.000125
    Diffusion: theta=nan, omega=nan

--- Chunk 64228 (209/220) | Start: 2025-04-04 22:00:00 ---
    RMSE omega (GP): 0.010729 | RMSE omega (Sim): 0.187081
    Loss: 1.9505 | Epoch: 684
    Eq omega: -0.001591 + -0.00001theta + -0.00016omega + 0.00005theta^2 + 0.00070theta omega + 0.00100omega^2
    Eq omega Phys: 0.000295*omega**2 + 7.0e-6*omega*theta + 6.3e-5*omega - 4.0e-6
    Diffusion: theta=8.716939e-04, omega=1.151804e-04

--- Chunk 64229 (210/220) | Start: 2025-04-04 22:05:00 ---
    RMSE omega (GP): 0.011908 | RMSE omega (Sim): 0.092080
    Loss: 8.1366 | Epoch: 1674
    Eq omega: -0.001861 + -0.00110theta + 0.00226omega + 0.00028theta^2 + 0.00134theta omega + 0.00085omega^2
    Eq omega Phys: 0.00035*omega**2 + 1.8e-5*omega*theta + 0.000304*omega + 2.0e-6*theta
    Diffusion: theta=2.089907e-03, omega=4.975448e-05

--- Chunk 64230 (211/220) | Start: 2025-04-04 22:10:00 ---
    RMSE omega (GP): 0.011926 | RMSE omega (Sim): 0.139486
    Loss: 2.3241 | Epoch: 1189
    Eq omega: 0.001741 + 0.00002theta + -0.00171omega + 0.00020theta^2 + 0.00030theta omega + -0.00250omega^2
    Eq omega Phys: -0.000733*omega**2 + 3.0e-6*omega*theta - 7.7e-5*omega - 0.e-6*theta + 9.0e-6
    Diffusion: theta=7.965140e-04, omega=9.947214e-05

--- Chunk 64231 (212/220) | Start: 2025-04-04 22:15:00 ---
    RMSE omega (GP): 0.014106 | RMSE omega (Sim): 0.146002
    Loss: 2.7706 | Epoch: 1757
    Eq omega: 0.000291 + 0.00398theta + -0.00104omega + -0.00091theta^2 + -0.00080theta omega + -0.00169omega^2
    Eq omega Phys: -0.000462*omega**2 - 7.0e-6*omega*theta + 5.5e-5*omega + 1.1e-5*theta - 9.5e-5
    Diffusion: theta=8.103052e-04, omega=9.856415e-05

--- Chunk 64232 (213/220) | Start: 2025-04-04 22:20:00 ---
    RMSE omega (GP): 0.012771 | RMSE omega (Sim): 0.147980
    Loss: 3.0869 | Epoch: 742
    Eq omega: 0.005221 + -1.26433theta + -0.00063omega + 0.00649theta^2 + -0.01590theta omega + -0.00930omega^2
    Eq omega Phys: -0.002763*omega**2 - 0.000157*omega*theta + 0.000527*omega + 2.0e-6*theta**2 - 0.00142*theta + 0.004934
    Diffusion: theta=8.174855e-03, omega=6.693725e-05

--- Chunk 64233 (214/220) | Start: 2025-04-04 22:25:00 ---
    RMSE omega (GP): 0.013323 | RMSE omega (Sim): 0.237435
    Loss: 2.2021 | Epoch: 1010
    Eq omega: 0.016211 + -2.46974theta + -0.00456omega + 0.00472theta^2 + -1.14890theta omega + 0.07424omega^2
    Eq omega Phys: 0.018643*omega**2 - 0.009617*omega*theta - 0.075812*omega + 1.0e-6*theta**2 - 0.002723*theta - 0.021436
    Diffusion: theta=3.463423e-03, omega=7.683390e-05

--- Chunk 64234 (215/220) | Start: 2025-04-04 22:30:00 ---
    RMSE omega (GP): 0.011924 | RMSE omega (Sim): 0.099442
    Loss: 2.3538 | Epoch: 1061
    Eq omega: -0.021991 + -0.27676theta + -0.02934omega + -0.02205theta^2 + 0.00340theta omega + -0.00685omega^2
    Eq omega Phys: -0.002022*omega**2 + 3.3e-5*omega*theta - 0.001064*omega - 7.0e-6*theta**2 - 0.00027*theta + 0.000661
    Diffusion: theta=2.104562e-03, omega=5.152594e-05

--- Chunk 64235 (216/220) | Start: 2025-04-04 22:35:00 ---
    RMSE omega (GP): 0.010694 | RMSE omega (Sim): 0.081722
    Loss: 5.3545 | Epoch: 1567
    Eq omega: -0.007591 + 0.00071theta + -0.02148omega + -0.00021theta^2 + 0.00544theta omega + 0.00271omega^2
    Eq omega Phys: 0.001059*omega**2 + 7.1e-5*omega*theta - 0.00166*omega + 3.0e-6*theta - 4.8e-5
    Diffusion: theta=1.921827e-03, omega=6.446012e-05

--- Chunk 64236 (217/220) | Start: 2025-04-04 22:40:00 ---
    RMSE omega (GP): nan | RMSE omega (Sim): nan
    Loss: 464.6252 | Epoch: 24
    Eq omega: nan1 + nantheta + nanomega + nantheta^2 + nantheta omega + nanomega^2
    Eq omega Phys: N/A
    Diffusion: theta=nan, omega=nan

--- Chunk 64237 (218/220) | Start: 2025-04-04 22:45:00 ---
    RMSE omega (GP): nan | RMSE omega (Sim): nan
    Loss: 42.8664 | Epoch: 41
    Eq omega: nan1 + nantheta + nanomega + nantheta^2 + nantheta omega + nanomega^2
    Eq omega Phys: N/A
    Diffusion: theta=nan, omega=nan

--- Chunk 64238 (219/220) | Start: 2025-04-04 22:50:00 ---
    RMSE omega (GP): 0.010590 | RMSE omega (Sim): 0.139562
    Loss: 4.3162 | Epoch: 953
    Eq omega: 0.000441 + 0.00048theta + -0.00065omega + -0.00009theta^2 + 0.00003theta omega + -0.00370omega^2
    Eq omega Phys: -0.001376*omega**2 - 2.7e-5*omega + 2.0e-6*theta - 1.2e-5
    Diffusion: theta=9.388388e-04, omega=5.669714e-05

--- Chunk 64239 (220/220) | Start: 2025-04-04 22:55:00 ---
    RMSE omega (GP): 0.012520 | RMSE omega (Sim): 0.114212
    Loss: 1.4406 | Epoch: 1445
    Eq omega: -0.013521 + -0.21438theta + -0.00578omega + -0.00562theta^2 + 0.00147theta omega + 0.00264omega^2
    Eq omega Phys: 0.000702*omega**2 + 1.3e-5*omega*theta - 0.0002*omega - 2.0e-6*theta**2 - 0.000236*theta + 7.9e-5
    Diffusion: theta=2.019033e-03, omega=5.575299e-05

  [Progress 220/220] Mean RMSE omega (GP): 0.015376 | (Sim): 0.142554 | Mean loss: -1051546950900069695488.0000 | Valid GP: 182/220 | Valid Sim: 177/220 | Elapsed: 77.5min | ETA: 0.0min

============================================================
EVALUATION COMPLETE — Chunks [64020, 64239]
============================================================
Chunks processed: 220
Chunks succeeded GP:  182 (82.7%)
Chunks succeeded Sim: 177 (80.5%)
Mean GP RMSE omega:   0.015376 ± 0.012692
Mean SIM RMSE omega:  0.142554 ± 0.249930
Mean Loss:            -1051546950900069695488.0000 ± 15561473799047574716416.0000
Elapsed time:     77.5 minutes

Per-chunk CSV: /pfs/data6/home/ka/ka_iai/ka_bj2362/dsr/svise/results_5min_all_chunks/run_SLURM_3733209_combo38/chunks_64020_to_64239_20260323_035707.csv
Summary JSON:  /pfs/data6/home/ka/ka_iai/ka_bj2362/dsr/svise/results_5min_all_chunks/run_SLURM_3733209_combo38/summary_64020_to_64239_20260323_035707.json
============================================================

============================= JOB FEEDBACK =============================

NodeName=uc3n094
Job ID: 3733558
Array Job ID: 3733209_291
Cluster: uc3
User/Group: ka_bj2362/ka_iai
State: COMPLETED (exit code 0)
Nodes: 1
Cores per node: 4
CPU Utilized: 01:17:06
CPU Efficiency: 24.77% of 05:11:16 core-walltime
Job Wall-clock time: 01:17:49
Memory Utilized: 2.95 GB
Memory Efficiency: 24.59% of 12.00 GB (12.00 GB/node)
