Array task 115: processing chunks 25300 to 25519
Loading data from /pfs/data6/home/ka/ka_iai/ka_bj2362/dsr/svise/../dataset/South_Korea_2024-08-15_2025-08-31_1s.parquet...
Finding all valid 5-minute chunks in the dataset...
Found 107059 valid 5-minute chunks in total.

============================================================
SVISE FINAL EVALUATION — ALL CHUNKS
============================================================
Hyperparameters: {
  "model": "integrator",
  "sigma": 0,
  "degree": 2,
  "tau": 1e-05,
  "lr": 0.1,
  "n_tau": 50,
  "measurement_noise": 0.001,
  "n_reparam_samples": 15
}
Total valid chunks in dataset: 107059
Processing chunk range: [25300, 25519] (220 chunks)
Early stopping: patience=300, max_epochs=10000
============================================================


--- Chunk 25300 (1/220) | Start: 2024-11-15 23:45:00 ---
/pfs/data6/home/ka/ka_iai/ka_bj2362/dsr/svise/svise/sde_learning/_marginal_sde.py:284: UserWarning: torch.triangular_solve is deprecated in favor of torch.linalg.solve_triangularand will be removed in a future PyTorch release.
torch.linalg.solve_triangular has its arguments reversed and does not return a copy of one of the inputs.
X = torch.triangular_solve(B, A).solution
should be replaced with
X = torch.linalg.solve_triangular(A, B). (Triggered internally at ../aten/src/ATen/native/BatchLinearAlgebra.cpp:2192.)
  return torch.triangular_solve(self.raw_w, self.C.t()).solution
/pfs/data6/home/ka/ka_iai/ka_bj2362/dsr/svise/svise/quadrature/_unbiased_quadrature.py:196: UserWarning: Interp is nan, reducing interp degree.
  warnings.warn("Interp is nan, reducing interp degree.")
    RMSE omega (GP): 0.012524 | RMSE omega (Sim): 0.226176
    Loss: 7.2051 | Epoch: 1855
    Eq omega: -0.002421 + 0.00014theta + 0.00079omega + 0.00006theta^2 + 0.00052theta omega + -0.00135omega^2
    Eq omega Phys: -0.000515*omega**2 + 7.0e-6*omega*theta - 1.3e-5*omega - 7.0e-6

--- Chunk 25301 (2/220) | Start: 2024-11-15 23:50:00 ---
/pfs/data6/home/ka/ka_iai/ka_bj2362/dsr/svise/svise/quadrature/_unbiased_quadrature.py:174: UserWarning: NaN detected in fxq (quadrature node evaluations). Clamping to 0.
  warnings.warn("NaN detected in fxq (quadrature node evaluations). Clamping to 0.")
/pfs/data6/home/ka/ka_iai/ka_bj2362/dsr/svise/svise/quadrature/_unbiased_quadrature.py:177: UserWarning: NaN detected in fmc (Monte-Carlo node evaluations). Clamping to 0.
  warnings.warn("NaN detected in fmc (Monte-Carlo node evaluations). Clamping to 0.")
    RMSE omega (GP): 0.043526 | RMSE omega (Sim): 0.122189
    Loss: 210.3605 | Epoch: 87
    Eq omega: 0.010851 + 0.00446theta + 0.06948omega + 0.00033theta^2 + 0.00149theta omega + 0.01271omega^2
    Eq omega Phys: 0.005593*omega**2 + 2.2e-5*omega*theta + 0.002071*omega + 1.0e-6*theta - 8.0e-6

--- Chunk 25302 (3/220) | Start: 2024-11-15 23:55:00 ---
    RMSE omega (GP): 0.023651 | RMSE omega (Sim): 0.036795
    Loss: 83.5395 | Epoch: 980
    Eq omega: -0.003841 + -0.04111theta + -0.03272omega + -0.00014theta^2 + 0.00006theta omega + -0.00136omega^2
    Eq omega Phys: -0.000906*omega**2 + 1.0e-6*omega*theta - 0.001135*omega - 3.9e-5*theta + 0.001391

--- Chunk 25303 (4/220) | Start: 2024-11-16 00:00:00 ---
    RMSE omega (GP): 0.030418 | RMSE omega (Sim): 0.057989
    Loss: 15.2569 | Epoch: 574
    Eq omega: 0.261971 + -0.02084theta + 0.00268omega + 0.00001theta^2 + -0.00007theta omega + -0.00015omega^2
    Eq omega Phys: -3.7e-5*omega**2 - 0.e-6*omega*theta + 0.000118*omega - 2.3e-5*theta + 0.002315

--- Chunk 25304 (5/220) | Start: 2024-11-16 00:05:00 ---
    RMSE omega (GP): 0.037200 | RMSE omega (Sim): 0.235641
    Loss: 786.1469 | Epoch: 52
    Eq omega: -0.000531 + 0.00008theta + -0.00202omega + 0.00000theta^2 + -0.00001theta omega + -0.00031omega^2
    Eq omega Phys: -0.000115*omega**2 - 6.0e-5*omega - 7.0e-6

--- Chunk 25305 (6/220) | Start: 2024-11-16 00:10:00 ---
    RMSE omega (GP): 0.014250 | RMSE omega (Sim): 0.146594
    Loss: -1.0875 | Epoch: 1977
    Eq omega: -0.011381 + -0.07523theta + -0.00319omega + -0.00131theta^2 + -0.00922theta omega + -0.00096omega^2
    Eq omega Phys: -0.000166*omega**2 - 5.3e-5*omega*theta + 0.000219*omega - 8.1e-5*theta + 0.00043

--- Chunk 25306 (7/220) | Start: 2024-11-16 00:15:00 ---
    RMSE omega (GP): 0.013820 | RMSE omega (Sim): 0.168974
    Loss: 4.5442 | Epoch: 1966
    Eq omega: 0.002431 + -0.01095theta + -0.01352omega + -0.00129theta^2 + -0.00136theta omega + 0.00868omega^2
    Eq omega Phys: 0.002626*omega**2 - 1.4e-5*omega*theta - 0.000572*omega - 2.0e-5*theta - 0.000132

--- Chunk 25307 (8/220) | Start: 2024-11-16 00:20:00 ---
    RMSE omega (GP): 0.012260 | RMSE omega (Sim): 0.231552
    Loss: 1.0192 | Epoch: 1575
    Eq omega: -0.001041 + -0.00133theta + 0.00011omega + -0.00040theta^2 + -0.00016theta omega + 0.00225omega^2
    Eq omega Phys: 0.000576*omega**2 - 1.0e-6*omega*theta + 3.0e-6*omega - 2.0e-6*theta - 5.0e-6

--- Chunk 25308 (9/220) | Start: 2024-11-16 00:25:00 ---
    RMSE omega (GP): 0.010788 | RMSE omega (Sim): 0.146517
    Loss: 5.3904 | Epoch: 1009
    Eq omega: 0.001571 + 0.00059theta + 0.00426omega + 0.00033theta^2 + -0.00062theta omega + 0.00129omega^2
    Eq omega Phys: 0.000536*omega**2 - 9.0e-6*omega*theta + 1.5e-5*omega + 5.0e-6*theta + 4.7e-5

--- Chunk 25309 (10/220) | Start: 2024-11-16 00:30:00 ---
    RMSE omega (GP): 0.010203 | RMSE omega (Sim): 0.042392
    Loss: 48.6452 | Epoch: 3140
    Eq omega: 0.000031 + -0.01174theta + 0.00166omega + -0.00162theta^2 + -0.00017theta omega + 0.00203omega^2
    Eq omega Phys: 0.002095*omega**2 - 6.0e-6*omega*theta + 0.000191*omega - 2.0e-6*theta**2 + 7.3e-5*theta - 0.000695

--- Chunk 25310 (11/220) | Start: 2024-11-16 00:35:00 ---
    RMSE omega (GP): 0.011322 | RMSE omega (Sim): 0.063367
    Loss: 2.7658 | Epoch: 1230
    Eq omega: 0.012201 + -0.39502theta + -0.00605omega + -0.00047theta^2 + -0.01365theta omega + 0.00193omega^2
    Eq omega Phys: 0.000625*omega**2 - 0.000147*omega*theta + 0.000361*omega - 0.000438*theta + 0.001715

--- Chunk 25311 (12/220) | Start: 2024-11-16 00:40:00 ---
    RMSE omega (GP): 0.011792 | RMSE omega (Sim): 0.333923
    Loss: -0.0835 | Epoch: 2931
    Eq omega: -0.001831 + 0.00082theta + 0.00242omega + 0.00000theta^2 + 0.00029theta omega + -0.00023omega^2
    Eq omega Phys: -5.4e-5*omega**2 + 2.0e-6*omega*theta + 0.000119*omega + 1.0e-6*theta + 7.0e-6

--- Chunk 25312 (13/220) | Start: 2024-11-16 00:45:00 ---
    RMSE omega (GP): nan | RMSE omega (Sim): nan
    Loss: 6514.2192 | Epoch: 16
    Eq omega: nan1 + nantheta + nanomega + nantheta^2 + nantheta omega + nanomega^2
    Eq omega Phys: N/A

--- Chunk 25313 (14/220) | Start: 2024-11-16 00:50:00 ---
    RMSE omega (GP): 0.028314 | RMSE omega (Sim): 0.045116
    Loss: 253.2889 | Epoch: 711
    Eq omega: 0.001861 + 0.00016theta + 0.00029omega + -0.00005theta^2 + -0.00053theta omega + 0.00023omega^2
    Eq omega Phys: 0.000186*omega**2 - 1.4e-5*omega*theta - 0.000478*omega - 3.0e-6*theta - 4.4e-5

--- Chunk 25314 (15/220) | Start: 2024-11-16 00:55:00 ---
    RMSE omega (GP): nan | RMSE omega (Sim): nan
    Loss: 517.6635 | Epoch: 70
    Eq omega: nan1 + nantheta + nanomega + nantheta^2 + nantheta omega + nanomega^2
    Eq omega Phys: N/A

--- Chunk 25315 (16/220) | Start: 2024-11-16 01:00:00 ---
    RMSE omega (GP): nan | RMSE omega (Sim): nan
    Loss: 3849.1323 | Epoch: 19
    Eq omega: nan1 + nantheta + nanomega + nantheta^2 + nantheta omega + nanomega^2
    Eq omega Phys: N/A

--- Chunk 25316 (17/220) | Start: 2024-11-16 01:05:00 ---
    RMSE omega (GP): 0.012619 | RMSE omega (Sim): 0.120510
    Loss: 8.1086 | Epoch: 843
    Eq omega: -0.000871 + -0.00541theta + -0.00033omega + -0.00199theta^2 + 0.00121theta omega + 0.00120omega^2
    Eq omega Phys: 0.00047*omega**2 + 1.6e-5*omega*theta + 0.000101*omega - 0.e-6*theta**2 - 1.8e-5*theta - 8.9e-5

--- Chunk 25317 (18/220) | Start: 2024-11-16 01:10:00 ---
    RMSE omega (GP): 0.010104 | RMSE omega (Sim): 0.085664
    Loss: 5.6206 | Epoch: 974
    Eq omega: 0.000191 + 0.00130theta + 0.00093omega + -0.00185theta^2 + -0.00072theta omega + 0.00093omega^2
    Eq omega Phys: 0.000397*omega**2 - 1.0e-5*omega*theta + 1.5e-5*omega - 0.e-6*theta**2 - 1.0e-6*theta + 1.0e-6

--- Chunk 25318 (19/220) | Start: 2024-11-16 01:15:00 ---
    RMSE omega (GP): 0.037665 | RMSE omega (Sim): 0.057243
    Loss: 233.9370 | Epoch: 76
    Eq omega: 0.016911 + -0.03741theta + -0.00064omega + 0.01074theta^2 + 0.00046theta omega + -0.00111omega^2
    Eq omega Phys: -0.000571*omega**2 + 8.0e-6*omega*theta + 0.00016*omega + 6.0e-6*theta**2 + 0.000241*theta + 0.002329

--- Chunk 25319 (20/220) | Start: 2024-11-16 01:20:00 ---
    RMSE omega (GP): 0.014744 | RMSE omega (Sim): 0.140122
    Loss: 10.2808 | Epoch: 747
    Eq omega: -0.004941 + -0.97047theta + -0.05113omega + 0.12287theta^2 + -0.00429theta omega + -0.00123omega^2
    Eq omega Phys: -0.000449*omega**2 - 5.2e-5*omega*theta - 0.00201*omega + 5.0e-5*theta**2 - 0.000495*theta - 0.004618

--- Chunk 25320 (21/220) | Start: 2024-11-16 01:25:00 ---
    RMSE omega (GP): 0.013456 | RMSE omega (Sim): 0.167988
    Loss: 0.6849 | Epoch: 3400
    Eq omega: -0.046511 + -0.03706theta + 0.00215omega + -0.00034theta^2 + 0.00112theta omega + -0.00787omega^2
    Eq omega Phys: -0.001789*omega**2 + 8.0e-6*omega*theta + 0.000234*omega - 4.4e-5*theta - 0.001046

--- Chunk 25321 (22/220) | Start: 2024-11-16 01:30:00 ---
    RMSE omega (GP): 0.033416 | RMSE omega (Sim): 0.056205
    Loss: 36.6614 | Epoch: 230
    Eq omega: 0.258351 + -0.04938theta + -0.00471omega + 0.00012theta^2 + 0.00019theta omega + 0.00064omega^2
    Eq omega Phys: 0.000158*omega**2 + 2.0e-6*omega*theta - 0.000113*omega - 5.3e-5*theta - 0.00037

--- Chunk 25322 (23/220) | Start: 2024-11-16 01:35:00 ---
    RMSE omega (GP): 0.012405 | RMSE omega (Sim): 0.110229
    Loss: -0.5040 | Epoch: 1381
    Eq omega: 0.002021 + -0.49001theta + 0.00720omega + 0.02983theta^2 + -0.00457theta omega + -0.02307omega^2
    Eq omega Phys: -0.005644*omega**2 - 3.7e-5*omega*theta + 0.000201*omega + 8.0e-6*theta**2 - 0.000528*theta - 0.000545

--- Chunk 25323 (24/220) | Start: 2024-11-16 01:40:00 ---
    RMSE omega (GP): nan | RMSE omega (Sim): nan
    Loss: 100.4214 | Epoch: 51
    Eq omega: nan1 + nantheta + nanomega + nantheta^2 + nantheta omega + nanomega^2
    Eq omega Phys: N/A

--- Chunk 25324 (25/220) | Start: 2024-11-16 01:45:00 ---
    RMSE omega (GP): 0.014529 | RMSE omega (Sim): 0.042722
    Loss: -0.4050 | Epoch: 2106
    Eq omega: 0.012971 + -0.06134theta + -0.01283omega + 0.10688theta^2 + 0.00054theta omega + -0.00331omega^2
    Eq omega Phys: -0.000647*omega**2 + 4.0e-6*omega*theta - 0.000387*omega + 2.3e-5*theta**2 + 0.00047*theta + 0.002408

--- Chunk 25325 (26/220) | Start: 2024-11-16 01:50:00 ---
    RMSE omega (GP): 0.050147 | RMSE omega (Sim): 0.110833
    Loss: 223.8105 | Epoch: 90
    Eq omega: -0.004291 + 0.00018theta + -0.02657omega + -0.00014theta^2 + 0.00005theta omega + -0.00496omega^2
    Eq omega Phys: -0.002303*omega**2 + 1.0e-6*omega*theta - 0.000902*omega + 3.0e-6*theta - 4.6e-5

--- Chunk 25326 (27/220) | Start: 2024-11-16 01:55:00 ---
    RMSE omega (GP): 0.012030 | RMSE omega (Sim): 0.114120
    Loss: 3.1779 | Epoch: 2110
    Eq omega: -0.000461 + 0.00060theta + 0.00063omega + -0.00060theta^2 + 0.00021theta omega + -0.00189omega^2
    Eq omega Phys: -0.000616*omega**2 + 2.0e-6*omega*theta + 6.8e-5*omega - 8.0e-6*theta - 8.2e-5

--- Chunk 25327 (28/220) | Start: 2024-11-16 02:00:00 ---
    RMSE omega (GP): nan | RMSE omega (Sim): nan
    Loss: 26898.4258 | Epoch: 16
    Eq omega: nan1 + nantheta + nanomega + nantheta^2 + nantheta omega + nanomega^2
    Eq omega Phys: N/A

--- Chunk 25328 (29/220) | Start: 2024-11-16 02:05:00 ---
    RMSE omega (GP): nan | RMSE omega (Sim): nan
    Loss: 366.6504 | Epoch: 26
    Eq omega: nan1 + nantheta + nanomega + nantheta^2 + nantheta omega + nanomega^2
    Eq omega Phys: N/A

--- Chunk 25329 (30/220) | Start: 2024-11-16 02:10:00 ---
    RMSE omega (GP): 0.014526 | RMSE omega (Sim): 0.071283
    Loss: 33.5182 | Epoch: 2749
    Eq omega: -0.000171 + 0.00015theta + 0.00066omega + -0.00000theta^2 + 0.00000theta omega + -0.00001omega^2
    Eq omega Phys: -6.0e-6*omega**2 + 2.2e-5*omega - 4.0e-6

--- Chunk 25330 (31/220) | Start: 2024-11-16 02:15:00 ---
    RMSE omega (GP): 0.011530 | RMSE omega (Sim): 0.088305
    Loss: -0.3983 | Epoch: 1873
    Eq omega: 0.002321 + -0.12490theta + 0.00636omega + 0.00153theta^2 + 0.00609theta omega + -0.00234omega^2
    Eq omega Phys: -0.000558*omega**2 + 4.8e-5*omega*theta + 0.000176*omega - 0.000139*theta + 0.000115

--- Chunk 25331 (32/220) | Start: 2024-11-16 02:20:00 ---
    RMSE omega (GP): 0.011285 | RMSE omega (Sim): 0.057802
    Loss: 0.1345 | Epoch: 1393
    Eq omega: -0.005611 + -0.32901theta + -0.01033omega + -0.01046theta^2 + 0.00852theta omega + 0.02290omega^2
    Eq omega Phys: 0.005904*omega**2 + 7.3e-5*omega*theta + 6.7e-5*omega - 3.0e-6*theta**2 - 0.000399*theta - 0.002174

--- Chunk 25332 (33/220) | Start: 2024-11-16 02:25:00 ---
    RMSE omega (GP): 0.028290 | RMSE omega (Sim): 0.124597
    Loss: 48.7690 | Epoch: 603
    Eq omega: 0.008411 + -0.18264theta + -0.00188omega + 0.00334theta^2 + -0.01250theta omega + -0.01307omega^2
    Eq omega Phys: -0.004654*omega**2 - 0.000148*omega*theta + 0.00077*omega + 1.0e-6*theta**2 - 0.000218*theta + 0.001206

--- Chunk 25333 (34/220) | Start: 2024-11-16 02:30:00 ---
    RMSE omega (GP): nan | RMSE omega (Sim): nan
    Loss: 72.7718 | Epoch: 242
    Eq omega: nan1 + nantheta + nanomega + nantheta^2 + nantheta omega + nanomega^2
    Eq omega Phys: N/A

--- Chunk 25334 (35/220) | Start: 2024-11-16 02:35:00 ---
    RMSE omega (GP): 0.010468 | RMSE omega (Sim): 0.178920
    Loss: 2.5364 | Epoch: 1521
    Eq omega: -0.083281 + -0.42426theta + 0.04137omega + 0.15967theta^2 + 0.00142theta omega + -0.03926omega^2
    Eq omega Phys: -0.013028*omega**2 + 1.6e-5*omega*theta + 0.001573*omega + 5.9e-5*theta**2 + 0.000983*theta + 0.002884

--- Chunk 25335 (36/220) | Start: 2024-11-16 02:40:00 ---
    RMSE omega (GP): 0.013532 | RMSE omega (Sim): 0.139208
    Loss: 6.7880 | Epoch: 1044
    Eq omega: 0.009751 + -0.00036theta + 0.00277omega + -0.00043theta^2 + 0.00039theta omega + -0.00103omega^2
    Eq omega Phys: -0.000352*omega**2 + 4.0e-6*omega*theta + 6.9e-5*omega + 1.0e-6*theta + 2.9e-5

--- Chunk 25336 (37/220) | Start: 2024-11-16 02:45:00 ---
    RMSE omega (GP): 0.046381 | RMSE omega (Sim): 0.290876
    Loss: 118.1177 | Epoch: 81
    Eq omega: -0.001741 + -0.00118theta + -0.00104omega + -0.00016theta^2 + 0.00038theta omega + 0.00131omega^2
    Eq omega Phys: 0.000446*omega**2 + 4.0e-6*omega*theta + 5.0e-6*omega - 2.0e-6*theta - 2.3e-5

--- Chunk 25337 (38/220) | Start: 2024-11-16 02:50:00 ---
    RMSE omega (GP): nan | RMSE omega (Sim): nan
    Loss: 33.8498 | Epoch: 84
    Eq omega: nan1 + nantheta + nanomega + nantheta^2 + nantheta omega + nanomega^2
    Eq omega Phys: N/A

--- Chunk 25338 (39/220) | Start: 2024-11-16 02:55:00 ---
    RMSE omega (GP): nan | RMSE omega (Sim): nan
    Loss: 36.6968 | Epoch: 41
    Eq omega: nan1 + nantheta + nanomega + nantheta^2 + nantheta omega + nanomega^2
    Eq omega Phys: N/A

--- Chunk 25339 (40/220) | Start: 2024-11-16 03:00:00 ---
    RMSE omega (GP): 0.028216 | RMSE omega (Sim): 0.091390
    Loss: 56.9901 | Epoch: 511
    Eq omega: 0.002951 + -0.00401theta + -0.00089omega + 0.00004theta^2 + 0.00013theta omega + -0.00006omega^2
    Eq omega Phys: -2.4e-5*omega**2 + 2.0e-6*omega*theta + 1.9e-5*omega - 3.0e-6*theta - 0.000102

--- Chunk 25340 (41/220) | Start: 2024-11-16 03:05:00 ---
    RMSE omega (GP): 0.013493 | RMSE omega (Sim): 0.068569
    Loss: 2.8817 | Epoch: 2683
    Eq omega: -0.002081 + -0.09424theta + -0.00856omega + 0.00018theta^2 + 0.00117theta omega + 0.00082omega^2
    Eq omega Phys: 0.000229*omega**2 + 1.1e-5*omega*theta - 4.3e-5*omega - 0.000102*theta - 0.002311

--- Chunk 25341 (42/220) | Start: 2024-11-16 03:10:00 ---
    RMSE omega (GP): nan | RMSE omega (Sim): nan
    Loss: 52.2716 | Epoch: 65
    Eq omega: nan1 + nantheta + nanomega + nantheta^2 + nantheta omega + nanomega^2
    Eq omega Phys: N/A

--- Chunk 25342 (43/220) | Start: 2024-11-16 03:15:00 ---
    RMSE omega (GP): nan | RMSE omega (Sim): nan
    Loss: 16539.7070 | Epoch: 15
    Eq omega: nan1 + nantheta + nanomega + nantheta^2 + nantheta omega + nanomega^2
    Eq omega Phys: N/A

--- Chunk 25343 (44/220) | Start: 2024-11-16 03:20:00 ---
    RMSE omega (GP): 0.012502 | RMSE omega (Sim): 0.050055
    Loss: 35.0496 | Epoch: 1505
    Eq omega: 0.000481 + -0.00006theta + -0.00187omega + 0.00002theta^2 + -0.00034theta omega + 0.00034omega^2
    Eq omega Phys: 0.000245*omega**2 - 8.0e-6*omega*theta - 0.000213*omega + 1.0e-6*theta + 5.0e-6

--- Chunk 25344 (45/220) | Start: 2024-11-16 03:25:00 ---
    RMSE omega (GP): 0.012753 | RMSE omega (Sim): 0.083637
    Loss: 11.6894 | Epoch: 1680
    Eq omega: 0.010821 + -0.10949theta + -0.00590omega + 0.00710theta^2 + 0.01698theta omega + 0.00006omega^2
    Eq omega Phys: 2.8e-5*omega**2 + 0.000261*omega*theta - 0.004744*omega + 4.0e-6*theta**2 - 0.000248*theta + 0.003253

--- Chunk 25345 (46/220) | Start: 2024-11-16 03:30:00 ---
    RMSE omega (GP): 0.010622 | RMSE omega (Sim): 0.101217
    Loss: -1.6896 | Epoch: 1754
    Eq omega: -0.040881 + -0.07319theta + -0.00219omega + -0.02964theta^2 + 0.00078theta omega + 0.00547omega^2
    Eq omega Phys: 0.001151*omega**2 + 5.0e-6*omega*theta - 0.000109*omega - 7.0e-6*theta**2 + 1.1e-5*theta + 1.8e-5

--- Chunk 25346 (47/220) | Start: 2024-11-16 03:35:00 ---
    RMSE omega (GP): nan | RMSE omega (Sim): nan
    Loss: 128.8087 | Epoch: 15
    Eq omega: nan1 + nantheta + nanomega + nantheta^2 + nantheta omega + nanomega^2
    Eq omega Phys: N/A

--- Chunk 25347 (48/220) | Start: 2024-11-16 03:40:00 ---
    RMSE omega (GP): 0.057442 | RMSE omega (Sim): 0.109217
    Loss: 231.3658 | Epoch: 24
    Eq omega: -0.006581 + -0.00074theta + -0.00042omega + -0.00189theta^2 + 0.00058theta omega + -0.00129omega^2
    Eq omega Phys: -0.000381*omega**2 + 6.0e-6*omega*theta - 0.000125*omega - 0.e-6*theta**2 + 2.3e-5*theta - 0.000241

--- Chunk 25348 (49/220) | Start: 2024-11-16 03:45:00 ---
    RMSE omega (GP): 0.010336 | RMSE omega (Sim): 0.196968
    Loss: 0.2721 | Epoch: 1753
    Eq omega: 0.000151 + -0.00111theta + 0.00061omega + 0.00105theta^2 + 0.00106theta omega + -0.00064omega^2
    Eq omega Phys: -0.000174*omega**2 + 1.0e-5*omega*theta + 0.000145*omega + 7.0e-6*theta + 3.8e-5

--- Chunk 25349 (50/220) | Start: 2024-11-16 03:50:00 ---
    RMSE omega (GP): nan | RMSE omega (Sim): nan
    Loss: 119.2314 | Epoch: 28
    Eq omega: nan1 + nantheta + nanomega + nantheta^2 + nantheta omega + nanomega^2
    Eq omega Phys: N/A

  [Progress 50/220] Mean RMSE omega (GP): 0.020339 | (Sim): 0.122024 | Mean loss: 1154.2848 | Valid GP: 37/50 | Valid Sim: 37/50 | Elapsed: 17.0min | ETA: 57.7min

--- Chunk 25350 (51/220) | Start: 2024-11-16 03:55:00 ---
    RMSE omega (GP): 0.027161 | RMSE omega (Sim): 0.122382
    Loss: 89.0893 | Epoch: 546
    Eq omega: 0.002221 + -0.00005theta + -0.00560omega + 0.00007theta^2 + -0.00003theta omega + 0.00028omega^2
    Eq omega Phys: 0.000143*omega**2 - 0.e-6*omega*theta - 0.000201*omega + 2.0e-6*theta + 3.4e-5

--- Chunk 25351 (52/220) | Start: 2024-11-16 04:00:00 ---
    RMSE omega (GP): 0.008883 | RMSE omega (Sim): 0.063930
    Loss: 8.5590 | Epoch: 1333
    Eq omega: 0.001571 + 0.00096theta + -0.00370omega + -0.00005theta^2 + 0.00225theta omega + 0.00067omega^2
    Eq omega Phys: 0.000361*omega**2 + 4.0e-5*omega*theta + 0.000577*omega + 1.3e-5

--- Chunk 25352 (53/220) | Start: 2024-11-16 04:05:00 ---
    RMSE omega (GP): nan | RMSE omega (Sim): nan
    Loss: 29.2884 | Epoch: 191
    Eq omega: nan1 + nantheta + nanomega + nantheta^2 + nantheta omega + nanomega^2
    Eq omega Phys: N/A

--- Chunk 25353 (54/220) | Start: 2024-11-16 04:10:00 ---
    RMSE omega (GP): 0.013042 | RMSE omega (Sim): 0.298373
    Loss: 1.4612 | Epoch: 1395
    Eq omega: -0.001491 + -0.00040theta + 0.00448omega + -0.00008theta^2 + 0.00014theta omega + -0.00076omega^2
    Eq omega Phys: -0.000197*omega**2 + 1.0e-6*omega*theta + 0.000154*omega - 0.e-6*theta - 9.0e-6

--- Chunk 25354 (55/220) | Start: 2024-11-16 04:15:00 ---
    RMSE omega (GP): 0.013258 | RMSE omega (Sim): 0.071680
    Loss: 0.4223 | Epoch: 1368
    Eq omega: 0.007801 + -0.17793theta + 0.00241omega + 0.00157theta^2 + 0.00489theta omega + 0.00723omega^2
    Eq omega Phys: 0.001594*omega**2 + 3.6e-5*omega*theta + 4.0e-5*omega - 0.000199*theta + 0.000264

--- Chunk 25355 (56/220) | Start: 2024-11-16 04:20:00 ---
    RMSE omega (GP): 0.010503 | RMSE omega (Sim): 0.131274
    Loss: 6.1984 | Epoch: 846
    Eq omega: 0.002871 + -0.00271theta + 0.00246omega + -0.00027theta^2 + 0.00467theta omega + 0.00017omega^2
    Eq omega Phys: 7.1e-5*omega**2 + 6.5e-5*omega*theta + 0.000247*omega - 4.0e-6*theta - 0.e-6

--- Chunk 25356 (57/220) | Start: 2024-11-16 04:25:00 ---
    RMSE omega (GP): 0.009876 | RMSE omega (Sim): 0.114299
    Loss: 2.2070 | Epoch: 1731
    Eq omega: 0.005091 + 0.00524theta + 0.00256omega + 0.00041theta^2 + -0.00008theta omega + 0.00269omega^2
    Eq omega Phys: 0.000919*omega**2 - 0.e-6*omega*theta + 7.2e-5*omega + 1.0e-5*theta + 0.000135

--- Chunk 25357 (58/220) | Start: 2024-11-16 04:30:00 ---
    RMSE omega (GP): 0.011054 | RMSE omega (Sim): 0.070223
    Loss: 9.6764 | Epoch: 1798
    Eq omega: 0.001641 + -0.00040theta + 0.00098omega + 0.00008theta^2 + -0.00074theta omega + 0.00110omega^2
    Eq omega Phys: 0.000522*omega**2 - 1.2e-5*omega*theta - 0.000128*omega + 1.0e-6*theta + 6.0e-6

--- Chunk 25358 (59/220) | Start: 2024-11-16 04:35:00 ---
    RMSE omega (GP): nan | RMSE omega (Sim): nan
    Loss: 433.2327 | Epoch: 28
    Eq omega: nan1 + nantheta + nanomega + nantheta^2 + nantheta omega + nanomega^2
    Eq omega Phys: N/A

--- Chunk 25359 (60/220) | Start: 2024-11-16 04:40:00 ---
    RMSE omega (GP): 0.010588 | RMSE omega (Sim): 0.075197
    Loss: 11.4263 | Epoch: 1049
    Eq omega: 0.005071 + -0.00053theta + 0.00576omega + -0.00009theta^2 + -0.00039theta omega + -0.00053omega^2
    Eq omega Phys: -0.000276*omega**2 - 7.0e-6*omega*theta + 0.000121*omega - 2.0e-6*theta - 1.0e-6

--- Chunk 25360 (61/220) | Start: 2024-11-16 04:45:00 ---
    RMSE omega (GP): nan | RMSE omega (Sim): nan
    Loss: 116.9348 | Epoch: 28
    Eq omega: nan1 + nantheta + nanomega + nantheta^2 + nantheta omega + nanomega^2
    Eq omega Phys: N/A

--- Chunk 25361 (62/220) | Start: 2024-11-16 04:50:00 ---
    RMSE omega (GP): 0.011590 | RMSE omega (Sim): 0.210746
    Loss: -0.2606 | Epoch: 1853
    Eq omega: 0.002961 + -0.00149theta + 0.00255omega + -0.00101theta^2 + -0.00133theta omega + -0.00238omega^2
    Eq omega Phys: -0.000553*omega**2 - 1.0e-5*omega*theta + 0.000186*omega + 3.0e-6*theta + 5.0e-6

--- Chunk 25362 (63/220) | Start: 2024-11-16 04:55:00 ---
    RMSE omega (GP): nan | RMSE omega (Sim): nan
    Loss: 48.0294 | Epoch: 42
    Eq omega: nan1 + nantheta + nanomega + nantheta^2 + nantheta omega + nanomega^2
    Eq omega Phys: N/A

--- Chunk 25363 (64/220) | Start: 2024-11-16 05:00:00 ---
    RMSE omega (GP): 0.012619 | RMSE omega (Sim): 0.091573
    Loss: 7.1809 | Epoch: 916
    Eq omega: -0.000751 + 0.00016theta + 0.00154omega + 0.00012theta^2 + 0.00016theta omega + 0.00012omega^2
    Eq omega Phys: 4.5e-5*omega**2 + 2.0e-6*omega*theta + 2.4e-5*omega - 1.0e-6*theta + 5.0e-6

--- Chunk 25364 (65/220) | Start: 2024-11-16 05:05:00 ---
    RMSE omega (GP): nan | RMSE omega (Sim): nan
    Loss: 6.8414 | Epoch: 181
    Eq omega: nan1 + nantheta + nanomega + nantheta^2 + nantheta omega + nanomega^2
    Eq omega Phys: N/A

--- Chunk 25365 (66/220) | Start: 2024-11-16 05:10:00 ---
    RMSE omega (GP): nan | RMSE omega (Sim): nan
    Loss: 197.7829 | Epoch: 32
    Eq omega: nan1 + nantheta + nanomega + nantheta^2 + nantheta omega + nanomega^2
    Eq omega Phys: N/A

--- Chunk 25366 (67/220) | Start: 2024-11-16 05:15:00 ---
    RMSE omega (GP): 0.012057 | RMSE omega (Sim): 0.121335
    Loss: 0.6679 | Epoch: 1860
    Eq omega: -0.002471 + -0.20747theta + -0.00341omega + -0.01237theta^2 + 0.01237theta omega + -0.00541omega^2
    Eq omega Phys: -0.001364*omega**2 + 0.000104*omega*theta - 0.001528*omega - 3.0e-6*theta**2 - 0.000136*theta + 0.002483

--- Chunk 25367 (68/220) | Start: 2024-11-16 05:20:00 ---
    RMSE omega (GP): nan | RMSE omega (Sim): nan
    Loss: 114.8348 | Epoch: 143
    Eq omega: nan1 + nantheta + nanomega + nantheta^2 + nantheta omega + nanomega^2
    Eq omega Phys: N/A

--- Chunk 25368 (69/220) | Start: 2024-11-16 05:25:00 ---
    RMSE omega (GP): 0.013202 | RMSE omega (Sim): 0.115647
    Loss: 4.4783 | Epoch: 1584
    Eq omega: -0.001861 + -0.00015theta + 0.00350omega + -0.00467theta^2 + 0.00245theta omega + -0.00120omega^2
    Eq omega Phys: -0.000375*omega**2 + 2.6e-5*omega*theta + 0.000355*omega - 2.0e-6*theta**2 - 3.0e-5*theta - 0.00015

--- Chunk 25369 (70/220) | Start: 2024-11-16 05:30:00 ---
    RMSE omega (GP): 0.009711 | RMSE omega (Sim): 0.115966
    Loss: 15.5584 | Epoch: 2181
    Eq omega: 0.000831 + -0.00000theta + 0.00189omega + 0.00002theta^2 + 0.00002theta omega + 0.00027omega^2
    Eq omega Phys: 0.000173*omega**2 + 7.5e-5*omega + 1.0e-6*theta + 1.3e-5

--- Chunk 25370 (71/220) | Start: 2024-11-16 05:35:00 ---
    RMSE omega (GP): 0.011194 | RMSE omega (Sim): 0.152568
    Loss: 1.8064 | Epoch: 1947
    Eq omega: 0.000351 + -0.00200theta + -0.00202omega + -0.00040theta^2 + 0.00125theta omega + 0.00240omega^2
    Eq omega Phys: 0.000675*omega**2 + 1.2e-5*omega*theta + 0.000115*omega - 6.0e-6*theta - 6.4e-5

--- Chunk 25371 (72/220) | Start: 2024-11-16 05:40:00 ---
    RMSE omega (GP): 0.014008 | RMSE omega (Sim): 0.135702
    Loss: 5.4142 | Epoch: 2031
    Eq omega: 0.010061 + -0.00691theta + 0.00188omega + 0.00146theta^2 + 0.00192theta omega + 0.00337omega^2
    Eq omega Phys: 0.001115*omega**2 + 2.1e-5*omega*theta + 0.000483*omega + 1.0e-6*theta**2 + 1.4e-5*theta + 9.3e-5

--- Chunk 25372 (73/220) | Start: 2024-11-16 05:45:00 ---
    RMSE omega (GP): nan | RMSE omega (Sim): nan
    Loss: 802.4946 | Epoch: 16
    Eq omega: nan1 + nantheta + nanomega + nantheta^2 + nantheta omega + nanomega^2
    Eq omega Phys: N/A

--- Chunk 25373 (74/220) | Start: 2024-11-16 05:50:00 ---
    RMSE omega (GP): 0.010614 | RMSE omega (Sim): 0.150320
    Loss: 0.4339 | Epoch: 2649
    Eq omega: 0.000251 + 0.00032theta + 0.00068omega + -0.00047theta^2 + -0.00235theta omega + 0.00015omega^2
    Eq omega Phys: 4.1e-5*omega**2 - 2.2e-5*omega*theta + 0.000386*omega + 5.0e-6*theta - 4.6e-5

--- Chunk 25374 (75/220) | Start: 2024-11-16 05:55:00 ---
    RMSE omega (GP): 0.011958 | RMSE omega (Sim): 0.118165
    Loss: 2.8494 | Epoch: 1063
    Eq omega: 0.001251 + -0.00009theta + 0.00006omega + 0.00016theta^2 + 0.00011theta omega + -0.00035omega^2
    Eq omega Phys: -0.000106*omega**2 + 1.0e-6*omega*theta + 2.7e-5*omega + 2.0e-6*theta + 2.9e-5

--- Chunk 25375 (76/220) | Start: 2024-11-16 06:00:00 ---
    RMSE omega (GP): 0.034661 | RMSE omega (Sim): 0.081292
    Loss: 108.6698 | Epoch: 93
    Eq omega: -0.001111 + -0.00042theta + -0.00085omega + 0.00007theta^2 + 0.00039theta omega + 0.00071omega^2
    Eq omega Phys: 0.000299*omega**2 + 5.0e-6*omega*theta + 9.5e-5*omega + 1.0e-6*theta + 3.0e-6

--- Chunk 25376 (77/220) | Start: 2024-11-16 06:05:00 ---
    RMSE omega (GP): 0.012845 | RMSE omega (Sim): 0.082014
    Loss: 27.5170 | Epoch: 2154
    Eq omega: -0.000661 + 0.00002theta + -0.00002omega + -0.00003theta^2 + 0.00005theta omega + 0.00022omega^2
    Eq omega Phys: 0.000135*omega**2 + 1.0e-6*omega*theta + 2.7e-5*omega - 1.0e-6*theta - 1.6e-5

--- Chunk 25377 (78/220) | Start: 2024-11-16 06:10:00 ---
    RMSE omega (GP): 0.010215 | RMSE omega (Sim): 0.061225
    Loss: 14.2588 | Epoch: 2501
    Eq omega: 0.000131 + 0.00006theta + -0.00046omega + 0.00002theta^2 + -0.00003theta omega + 0.00008omega^2
    Eq omega Phys: 4.9e-5*omega**2 - 0.e-6*omega*theta - 2.8e-5*omega + 1.0e-6*theta + 7.0e-6

--- Chunk 25378 (79/220) | Start: 2024-11-16 06:15:00 ---
    RMSE omega (GP): 0.010192 | RMSE omega (Sim): 0.113410
    Loss: 4.1393 | Epoch: 2311
    Eq omega: 0.000661 + 0.00205theta + -0.00188omega + -0.00003theta^2 + -0.00025theta omega + -0.00081omega^2
    Eq omega Phys: -0.000311*omega**2 - 3.0e-6*omega*theta - 0.000115*omega + 2.0e-6*theta + 3.6e-5

--- Chunk 25379 (80/220) | Start: 2024-11-16 06:20:00 ---
    RMSE omega (GP): nan | RMSE omega (Sim): nan
    Loss: 440.0631 | Epoch: 19
    Eq omega: nan1 + nantheta + nanomega + nantheta^2 + nantheta omega + nanomega^2
    Eq omega Phys: N/A

--- Chunk 25380 (81/220) | Start: 2024-11-16 06:25:00 ---
    RMSE omega (GP): 0.010895 | RMSE omega (Sim): 0.227884
    Loss: 0.4321 | Epoch: 1104
    Eq omega: -0.010991 + -0.74178theta + 0.00637omega + 0.00602theta^2 + -0.01118theta omega + 0.01126omega^2
    Eq omega Phys: 0.003004*omega**2 - 9.9e-5*omega*theta - 0.000566*omega + 2.0e-6*theta**2 - 0.000796*theta - 0.006392

--- Chunk 25381 (82/220) | Start: 2024-11-16 06:30:00 ---
    RMSE omega (GP): 0.014283 | RMSE omega (Sim): 0.287950
    Loss: 2.7111 | Epoch: 1637
    Eq omega: -0.000651 + -0.00303theta + 0.00248omega + 0.00056theta^2 + -0.00033theta omega + 0.00192omega^2
    Eq omega Phys: 0.000488*omega**2 - 3.0e-6*omega*theta + 8.4e-5*omega - 4.0e-6*theta - 0.e-6

--- Chunk 25382 (83/220) | Start: 2024-11-16 06:35:00 ---
    RMSE omega (GP): 0.012932 | RMSE omega (Sim): 0.052482
    Loss: 31.2174 | Epoch: 2436
    Eq omega: 0.000191 + 0.00013theta + -0.00148omega + 0.00002theta^2 + 0.00001theta omega + -0.00094omega^2
    Eq omega Phys: -0.000614*omega**2 - 4.5e-5*omega + 1.0e-6*theta + 9.0e-6

--- Chunk 25383 (84/220) | Start: 2024-11-16 06:40:00 ---
    RMSE omega (GP): 0.053402 | RMSE omega (Sim): 0.066500
    Loss: 1181.8269 | Epoch: 55
    Eq omega: 0.002651 + -0.00003theta + -0.00018omega + 0.00000theta^2 + -0.00007theta omega + -0.00028omega^2
    Eq omega Phys: -0.000152*omega**2 - 1.0e-6*omega*theta - 5.0e-5*omega + 4.0e-6

--- Chunk 25384 (85/220) | Start: 2024-11-16 06:45:00 ---
    RMSE omega (GP): 0.034616 | RMSE omega (Sim): 0.084393
    Loss: 129.3354 | Epoch: 42
    Eq omega: 0.000591 + 0.00005theta + -0.00008omega + -0.00011theta^2 + -0.00104theta omega + -0.00050omega^2
    Eq omega Phys: -0.000225*omega**2 - 1.6e-5*omega*theta - 0.000188*omega - 1.0e-6*theta - 6.0e-6

--- Chunk 25385 (86/220) | Start: 2024-11-16 06:50:00 ---
    RMSE omega (GP): 0.014632 | RMSE omega (Sim): 0.086763
    Loss: 11.0954 | Epoch: 876
    Eq omega: -0.001771 + 0.00747theta + 0.00124omega + -0.00069theta^2 + 0.00228theta omega + -0.00172omega^2
    Eq omega Phys: -0.000657*omega**2 + 2.9e-5*omega*theta + 0.000229*omega + 5.0e-6*theta + 3.6e-5

--- Chunk 25386 (87/220) | Start: 2024-11-16 06:55:00 ---
    RMSE omega (GP): nan | RMSE omega (Sim): nan
    Loss: 54.0923 | Epoch: 72
    Eq omega: nan1 + nantheta + nanomega + nantheta^2 + nantheta omega + nanomega^2
    Eq omega Phys: N/A

--- Chunk 25387 (88/220) | Start: 2024-11-16 07:00:00 ---
    RMSE omega (GP): 0.049021 | RMSE omega (Sim): 0.106234
    Loss: 150.4658 | Epoch: 54
    Eq omega: 0.000221 + 0.00008theta + -0.00009omega + 0.00017theta^2 + -0.00064theta omega + -0.00361omega^2
    Eq omega Phys: -0.001267*omega**2 - 7.0e-6*omega*theta + 8.6e-5*omega - 1.0e-6*theta + 9.0e-6

--- Chunk 25388 (89/220) | Start: 2024-11-16 07:05:00 ---
    RMSE omega (GP): 0.011899 | RMSE omega (Sim): 0.079947
    Loss: 7.7185 | Epoch: 3545
    Eq omega: 0.001461 + 0.00004theta + -0.00114omega + -0.00002theta^2 + 0.00009theta omega + -0.00029omega^2
    Eq omega Phys: -0.00012*omega**2 + 1.0e-6*omega*theta - 6.6e-5*omega - 2.0e-6

--- Chunk 25389 (90/220) | Start: 2024-11-16 07:10:00 ---
    RMSE omega (GP): 0.012393 | RMSE omega (Sim): 0.056796
    Loss: 23.0427 | Epoch: 1728
    Eq omega: -0.002541 + 0.00043theta + 0.00121omega + 0.00000theta^2 + -0.00063theta omega + -0.00085omega^2
    Eq omega Phys: -0.000505*omega**2 - 1.2e-5*omega*theta + 0.000191*omega - 1.1e-5

--- Chunk 25390 (91/220) | Start: 2024-11-16 07:15:00 ---
    RMSE omega (GP): 0.015127 | RMSE omega (Sim): 0.121228
    Loss: 12.7857 | Epoch: 2763
    Eq omega: -0.000831 + 0.00048theta + -0.00424omega + 0.00025theta^2 + 0.00175theta omega + -0.00102omega^2
    Eq omega Phys: -0.000398*omega**2 + 2.3e-5*omega*theta - 0.000263*omega - 0.e-6*theta - 2.0e-6

--- Chunk 25391 (92/220) | Start: 2024-11-16 07:20:00 ---
    RMSE omega (GP): 0.008196 | RMSE omega (Sim): 0.084938
    Loss: 4.1142 | Epoch: 1270
    Eq omega: 0.008551 + -0.00267theta + -0.00189omega + -0.00020theta^2 + 0.00062theta omega + 0.00282omega^2
    Eq omega Phys: 0.001304*omega**2 + 1.0e-5*omega*theta - 0.000167*omega - 0.e-6*theta + 4.1e-5

--- Chunk 25392 (93/220) | Start: 2024-11-16 07:25:00 ---
    RMSE omega (GP): 0.013300 | RMSE omega (Sim): 0.130952
    Loss: 14.7232 | Epoch: 1592
    Eq omega: -0.002031 + 0.00099theta + -0.00849omega + 0.00011theta^2 + 0.00061theta omega + -0.00128omega^2
    Eq omega Phys: -0.000589*omega**2 + 9.0e-6*omega*theta - 0.000344*omega - 1.0e-5

--- Chunk 25393 (94/220) | Start: 2024-11-16 07:30:00 ---
    RMSE omega (GP): nan | RMSE omega (Sim): nan
    Loss: 854.3162 | Epoch: 42
    Eq omega: nan1 + nantheta + nanomega + nantheta^2 + nantheta omega + nanomega^2
    Eq omega Phys: N/A

--- Chunk 25394 (95/220) | Start: 2024-11-16 07:35:00 ---
    RMSE omega (GP): 0.011640 | RMSE omega (Sim): 0.071793
    Loss: 11.0074 | Epoch: 808
    Eq omega: -0.001821 + -0.00007theta + 0.00278omega + 0.00023theta^2 + 0.00036theta omega + 0.00066omega^2
    Eq omega Phys: 0.000309*omega**2 + 6.0e-6*omega*theta + 2.1e-5*omega - 3.0e-6*theta + 1.6e-5

--- Chunk 25395 (96/220) | Start: 2024-11-16 07:40:00 ---
    RMSE omega (GP): nan | RMSE omega (Sim): nan
    Loss: 2152.4927 | Epoch: 16
    Eq omega: nan1 + nantheta + nanomega + nantheta^2 + nantheta omega + nanomega^2
    Eq omega Phys: N/A

--- Chunk 25396 (97/220) | Start: 2024-11-16 07:45:00 ---
    RMSE omega (GP): 0.013465 | RMSE omega (Sim): 0.046857
    Loss: 46.6213 | Epoch: 2285
    Eq omega: 0.001011 + 0.00001theta + -0.00096omega + -0.00002theta^2 + -0.00001theta omega + -0.00002omega^2
    Eq omega Phys: -1.5e-5*omega**2 - 2.5e-5*omega + 1.0e-6*theta - 1.2e-5

--- Chunk 25397 (98/220) | Start: 2024-11-16 07:50:00 ---
    RMSE omega (GP): 0.014984 | RMSE omega (Sim): 0.064078
    Loss: 55.2685 | Epoch: 2368
    Eq omega: 0.000411 + 0.00050theta + 0.00054omega + 0.00000theta^2 + -0.00001theta omega + 0.00069omega^2
    Eq omega Phys: 0.000564*omega**2 + 2.4e-5*omega + 1.0e-6*theta - 1.2e-5

--- Chunk 25398 (99/220) | Start: 2024-11-16 07:55:00 ---
    RMSE omega (GP): nan | RMSE omega (Sim): nan
    Loss: 2779.9380 | Epoch: 16
    Eq omega: nan1 + nantheta + nanomega + nantheta^2 + nantheta omega + nanomega^2
    Eq omega Phys: N/A

--- Chunk 25399 (100/220) | Start: 2024-11-16 08:00:00 ---
    RMSE omega (GP): nan | RMSE omega (Sim): nan
    Loss: 41377.3906 | Epoch: 16
    Eq omega: nan1 + nantheta + nanomega + nantheta^2 + nantheta omega + nanomega^2
    Eq omega Phys: N/A

  [Progress 100/220] Mean RMSE omega (GP): 0.018117 | (Sim): 0.117548 | Mean loss: 1091.2609 | Valid GP: 73/100 | Valid Sim: 73/100 | Elapsed: 36.2min | ETA: 43.4min

--- Chunk 25400 (101/220) | Start: 2024-11-16 08:05:00 ---
    RMSE omega (GP): 0.012536 | RMSE omega (Sim): 0.095739
    Loss: 10.6473 | Epoch: 1168
    Eq omega: 0.002031 + 0.00034theta + -0.00303omega + 0.00025theta^2 + -0.00073theta omega + 0.00003omega^2
    Eq omega Phys: 1.3e-5*omega**2 - 1.0e-5*omega*theta + 2.5e-5*omega - 2.0e-6*theta + 1.8e-5

--- Chunk 25401 (102/220) | Start: 2024-11-16 08:10:00 ---
    RMSE omega (GP): 0.011112 | RMSE omega (Sim): 0.109864
    Loss: 5.9894 | Epoch: 1528
    Eq omega: 0.002351 + -0.00224theta + 0.00159omega + 0.00073theta^2 + -0.00147theta omega + 0.00072omega^2
    Eq omega Phys: 0.000278*omega**2 - 1.9e-5*omega*theta + 0.000149*omega - 6.0e-6*theta + 2.7e-5

--- Chunk 25402 (103/220) | Start: 2024-11-16 08:15:00 ---
    RMSE omega (GP): nan | RMSE omega (Sim): nan
    Loss: 475.0316 | Epoch: 280
    Eq omega: nan1 + nantheta + nanomega + nantheta^2 + nantheta omega + nanomega^2
    Eq omega Phys: N/A

--- Chunk 25403 (104/220) | Start: 2024-11-16 08:20:00 ---
    RMSE omega (GP): 0.014027 | RMSE omega (Sim): 0.093350
    Loss: 18.0098 | Epoch: 1247
    Eq omega: 0.001291 + -0.00045theta + -0.00014omega + 0.00003theta^2 + -0.00008theta omega + -0.00001omega^2
    Eq omega Phys: -5.0e-6*omega**2 - 1.0e-6*omega*theta + 1.5e-5*omega - 0.e-6*theta + 1.4e-5

--- Chunk 25404 (105/220) | Start: 2024-11-16 08:25:00 ---
    RMSE omega (GP): 0.008908 | RMSE omega (Sim): 0.100943
    Loss: 3.1126 | Epoch: 1268
    Eq omega: -0.021351 + -4.54104theta + -0.00877omega + 0.03550theta^2 + -0.03110theta omega + -0.02059omega^2
    Eq omega Phys: -0.008264*omega**2 - 0.000416*omega*theta - 0.000119*omega + 1.6e-5*theta**2 - 0.005059*theta + 0.002048

--- Chunk 25405 (106/220) | Start: 2024-11-16 08:30:00 ---
    RMSE omega (GP): 0.009667 | RMSE omega (Sim): 0.106818
    Loss: 2.3102 | Epoch: 1136
    Eq omega: 0.001311 + -0.00032theta + -0.00281omega + -0.00070theta^2 + 0.00127theta omega + 0.00164omega^2
    Eq omega Phys: 0.000608*omega**2 + 1.6e-5*omega*theta + 4.1e-5*omega - 5.0e-6*theta - 2.1e-5

--- Chunk 25406 (107/220) | Start: 2024-11-16 08:35:00 ---
    RMSE omega (GP): 0.012494 | RMSE omega (Sim): 0.105650
    Loss: 8.7030 | Epoch: 1147
    Eq omega: 0.024751 + -0.55675theta + 0.00700omega + -0.00108theta^2 + -0.00178theta omega + -0.00128omega^2
    Eq omega Phys: -0.000516*omega**2 - 2.4e-5*omega*theta + 0.000245*omega - 0.000618*theta + 0.000358

--- Chunk 25407 (108/220) | Start: 2024-11-16 08:40:00 ---
    RMSE omega (GP): 0.009292 | RMSE omega (Sim): 0.183481
    Loss: -0.1410 | Epoch: 1408
    Eq omega: 0.014731 + -1.70628theta + -0.03685omega + 0.00938theta^2 + 0.00366theta omega + 0.00142omega^2
    Eq omega Phys: 0.000413*omega**2 + 3.5e-5*omega*theta - 0.001432*omega + 3.0e-6*theta**2 - 0.001931*theta + 0.011038

--- Chunk 25408 (109/220) | Start: 2024-11-16 08:45:00 ---
    RMSE omega (GP): 0.011157 | RMSE omega (Sim): 0.135738
    Loss: 13.5500 | Epoch: 1985
    Eq omega: 0.033331 + 0.00343theta + -0.00555omega + -0.00113theta^2 + -0.00031theta omega + 0.00047omega^2
    Eq omega Phys: 0.00025*omega**2 - 5.0e-6*omega*theta - 0.000238*omega - 0.e-6*theta**2 - 9.0e-6*theta + 4.4e-5

--- Chunk 25409 (110/220) | Start: 2024-11-16 08:50:00 ---
    RMSE omega (GP): 0.046843 | RMSE omega (Sim): 0.077218
    Loss: 449.8831 | Epoch: 69
    Eq omega: 0.015181 + -0.00604theta + -0.00392omega + 0.00375theta^2 + 0.00079theta omega + 0.00369omega^2
    Eq omega Phys: 0.00209*omega**2 + 1.5e-5*omega*theta + 9.5e-5*omega + 2.0e-6*theta**2 + 6.5e-5*theta + 0.000468

--- Chunk 25410 (111/220) | Start: 2024-11-16 08:55:00 ---
    RMSE omega (GP): 0.012303 | RMSE omega (Sim): 0.050602
    Loss: 23.1358 | Epoch: 1614
    Eq omega: -0.012181 + -0.09239theta + -0.00533omega + 0.00008theta^2 + 0.00107theta omega + -0.00049omega^2
    Eq omega Phys: -0.000299*omega**2 + 2.2e-5*omega*theta + 7.7e-5*omega - 0.000101*theta - 0.001217

--- Chunk 25411 (112/220) | Start: 2024-11-16 09:00:00 ---
    RMSE omega (GP): 0.013038 | RMSE omega (Sim): 0.107844
    Loss: 4.6940 | Epoch: 1289
    Eq omega: -0.000041 + -0.00098theta + 0.00116omega + 0.00028theta^2 + -0.00013theta omega + -0.00111omega^2
    Eq omega Phys: -0.000364*omega**2 - 1.0e-6*omega*theta + 5.3e-5*omega - 3.0e-6*theta + 2.1e-5

--- Chunk 25412 (113/220) | Start: 2024-11-16 09:05:00 ---
    RMSE omega (GP): nan | RMSE omega (Sim): nan
    Loss: 384.4266 | Epoch: 34
    Eq omega: nan1 + nantheta + nanomega + nantheta^2 + nantheta omega + nanomega^2
    Eq omega Phys: N/A

--- Chunk 25413 (114/220) | Start: 2024-11-16 09:10:00 ---
    RMSE omega (GP): nan | RMSE omega (Sim): nan
    Loss: 377.8943 | Epoch: 40
    Eq omega: nan1 + nantheta + nanomega + nantheta^2 + nantheta omega + nanomega^2
    Eq omega Phys: N/A

--- Chunk 25414 (115/220) | Start: 2024-11-16 09:15:00 ---
    RMSE omega (GP): 0.009246 | RMSE omega (Sim): 0.105554
    Loss: 3.4926 | Epoch: 1077
    Eq omega: 0.013701 + -0.98590theta + -0.00189omega + 0.01090theta^2 + 0.00876theta omega + -0.00849omega^2
    Eq omega Phys: -0.003513*omega**2 + 0.000121*omega*theta + 0.000391*omega + 5.0e-6*theta**2 - 0.001058*theta - 0.004012

--- Chunk 25415 (116/220) | Start: 2024-11-16 09:20:00 ---
    RMSE omega (GP): 0.059603 | RMSE omega (Sim): 0.093334
    Loss: -337.2187 | Epoch: 675
    Eq omega: 0.000611 + 0.00061theta + -0.00249omega + -0.00018theta^2 + -0.00171theta omega + -0.00008omega^2
    Eq omega Phys: -2.9e-5*omega**2 - 2.0e-5*omega*theta - 0.000231*omega + 3.0e-6

--- Chunk 25416 (117/220) | Start: 2024-11-16 09:25:00 ---
    RMSE omega (GP): 0.011335 | RMSE omega (Sim): 0.090542
    Loss: 6.6103 | Epoch: 1500
    Eq omega: -0.001251 + -0.00063theta + -0.00058omega + -0.00054theta^2 + -0.00140theta omega + 0.00260omega^2
    Eq omega Phys: 0.001059*omega**2 - 1.9e-5*omega*theta - 0.000141*omega - 4.0e-6*theta - 1.8e-5

--- Chunk 25417 (118/220) | Start: 2024-11-16 09:30:00 ---
    RMSE omega (GP): 0.009550 | RMSE omega (Sim): 0.099246
    Loss: 2.3765 | Epoch: 1503
    Eq omega: -0.001231 + -0.09606theta + -0.00709omega + 0.00187theta^2 + 0.00222theta omega + -0.01164omega^2
    Eq omega Phys: -0.004249*omega**2 + 2.7e-5*omega*theta - 0.000133*omega + 1.0e-6*theta**2 - 0.000101*theta - 0.000401

--- Chunk 25418 (119/220) | Start: 2024-11-16 09:35:00 ---
    RMSE omega (GP): 0.013058 | RMSE omega (Sim): 0.079435
    Loss: 11.8053 | Epoch: 2196
    Eq omega: 0.000141 + -0.01226theta + -0.00320omega + -0.00907theta^2 + -0.00658theta omega + -0.01862omega^2
    Eq omega Phys: -0.007973*omega**2 - 9.4e-5*omega*theta + 7.8e-5*omega - 4.0e-6*theta**2 + 3.0e-6*theta + 1.0e-5

--- Chunk 25419 (120/220) | Start: 2024-11-16 09:40:00 ---
    RMSE omega (GP): 0.022241 | RMSE omega (Sim): 0.078722
    Loss: 75.4298 | Epoch: 588
    Eq omega: 0.000721 + 0.00006theta + 0.00244omega + -0.00003theta^2 + -0.00005theta omega + -0.00139omega^2
    Eq omega Phys: -0.000777*omega**2 - 0.e-6*omega*theta + 6.4e-5*omega - 0.e-6*theta - 4.0e-6

--- Chunk 25420 (121/220) | Start: 2024-11-16 09:45:00 ---
    RMSE omega (GP): 0.052805 | RMSE omega (Sim): 0.060142
    Loss: 1119.2147 | Epoch: 38
    Eq omega: -0.000531 + -0.00215theta + 0.00162omega + 0.00006theta^2 + 0.00107theta omega + -0.00059omega^2
    Eq omega Phys: -0.000403*omega**2 + 2.4e-5*omega*theta + 0.000577*omega - 3.1e-5

--- Chunk 25421 (122/220) | Start: 2024-11-16 09:50:00 ---
    RMSE omega (GP): nan | RMSE omega (Sim): nan
    Loss: 404.4373 | Epoch: 49
    Eq omega: nan1 + nantheta + nanomega + nantheta^2 + nantheta omega + nanomega^2
    Eq omega Phys: N/A

--- Chunk 25422 (123/220) | Start: 2024-11-16 09:55:00 ---
    RMSE omega (GP): 0.011250 | RMSE omega (Sim): 0.059743
    Loss: 17.5687 | Epoch: 3181
    Eq omega: 0.000461 + 0.00007theta + 0.00362omega + 0.00000theta^2 + -0.00014theta omega + -0.00060omega^2
    Eq omega Phys: -0.000379*omega**2 - 3.0e-6*omega*theta + 3.2e-5*omega + 3.0e-6

--- Chunk 25423 (124/220) | Start: 2024-11-16 10:00:00 ---
    RMSE omega (GP): 0.026359 | RMSE omega (Sim): 0.088888
    Loss: -577.5123 | Epoch: 519
    Eq omega: 0.000221 + -0.00010theta + 0.00818omega + 0.00008theta^2 + -0.00010theta omega + 0.00021omega^2
    Eq omega Phys: 0.000108*omega**2 - 2.0e-6*omega*theta + 0.000236*omega + 2.0e-6*theta + 1.9e-5

--- Chunk 25424 (125/220) | Start: 2024-11-16 10:05:00 ---
    RMSE omega (GP): nan | RMSE omega (Sim): nan
    Loss: 255.2822 | Epoch: 59
    Eq omega: nan1 + nantheta + nanomega + nantheta^2 + nantheta omega + nanomega^2
    Eq omega Phys: N/A

--- Chunk 25425 (126/220) | Start: 2024-11-16 10:10:00 ---
    RMSE omega (GP): 0.014812 | RMSE omega (Sim): 0.043138
    Loss: 118.4663 | Epoch: 845
    Eq omega: -0.002121 + -0.00035theta + 0.00146omega + 0.00000theta^2 + 0.00000theta omega + 0.00028omega^2
    Eq omega Phys: 0.000307*omega**2 + 4.9e-5*omega - 1.1e-5

--- Chunk 25426 (127/220) | Start: 2024-11-16 10:15:00 ---
    RMSE omega (GP): 0.013389 | RMSE omega (Sim): 0.099120
    Loss: 7.4116 | Epoch: 1323
    Eq omega: 0.003471 + -0.00287theta + -0.00013omega + 0.00000theta^2 + 0.00008theta omega + 0.00278omega^2
    Eq omega Phys: 0.001196*omega**2 + 1.0e-6*omega*theta + 1.7e-5*omega - 3.0e-6*theta - 5.1e-5

--- Chunk 25427 (128/220) | Start: 2024-11-16 10:20:00 ---
    RMSE omega (GP): 0.009210 | RMSE omega (Sim): 0.155093
    Loss: 12.4261 | Epoch: 1659
    Eq omega: -0.005841 + -0.35872theta + -0.02152omega + 0.00008theta^2 + -0.09795theta omega + 0.00020omega^2
    Eq omega Phys: 0.000123*omega**2 - 0.002014*omega*theta - 0.033246*omega - 0.000397*theta - 0.006435

--- Chunk 25428 (129/220) | Start: 2024-11-16 10:25:00 ---
    RMSE omega (GP): 0.010591 | RMSE omega (Sim): 0.231444
    Loss: -1.2978 | Epoch: 2224
    Eq omega: 0.000821 + 0.00152theta + -0.00013omega + -0.00062theta^2 + 0.00239theta omega + -0.00724omega^2
    Eq omega Phys: -0.001556*omega**2 + 1.7e-5*omega*theta + 5.7e-5*omega + 1.0e-6*theta + 8.0e-6

--- Chunk 25429 (130/220) | Start: 2024-11-16 10:30:00 ---
    RMSE omega (GP): nan | RMSE omega (Sim): nan
    Loss: 361.2822 | Epoch: 70
    Eq omega: nan1 + nantheta + nanomega + nantheta^2 + nantheta omega + nanomega^2
    Eq omega Phys: N/A

--- Chunk 25430 (131/220) | Start: 2024-11-16 10:35:00 ---
    RMSE omega (GP): nan | RMSE omega (Sim): nan
    Loss: 1458.8442 | Epoch: 26
    Eq omega: nan1 + nantheta + nanomega + nantheta^2 + nantheta omega + nanomega^2
    Eq omega Phys: N/A

--- Chunk 25431 (132/220) | Start: 2024-11-16 10:40:00 ---
    RMSE omega (GP): 0.025418 | RMSE omega (Sim): 0.053636
    Loss: 713.1914 | Epoch: 86
    Eq omega: -0.000781 + 0.00002theta + 0.00050omega + -0.00000theta^2 + 0.00000theta omega + -0.00001omega^2
    Eq omega Phys: -1.1e-5*omega**2 + 1.7e-5*omega

--- Chunk 25432 (133/220) | Start: 2024-11-16 10:45:00 ---
    RMSE omega (GP): nan | RMSE omega (Sim): nan
    Loss: 184.6230 | Epoch: 286
    Eq omega: nan1 + nantheta + nanomega + nantheta^2 + nantheta omega + nanomega^2
    Eq omega Phys: N/A

--- Chunk 25433 (134/220) | Start: 2024-11-16 10:50:00 ---
    RMSE omega (GP): 0.029954 | RMSE omega (Sim): 0.048557
    Loss: -32681.8398 | Epoch: 1317
    Eq omega: 0.000521 + -0.00015theta + 0.00069omega + -0.00003theta^2 + -0.00000theta omega + -0.00055omega^2
    Eq omega Phys: -0.00041*omega**2 + 2.3e-5*omega - 1.0e-6*theta - 1.2e-5

--- Chunk 25434 (135/220) | Start: 2024-11-16 10:55:00 ---
    RMSE omega (GP): nan | RMSE omega (Sim): nan
    Loss: 295.2144 | Epoch: 36
    Eq omega: nan1 + nantheta + nanomega + nantheta^2 + nantheta omega + nanomega^2
    Eq omega Phys: N/A

--- Chunk 25435 (136/220) | Start: 2024-11-16 11:00:00 ---
    RMSE omega (GP): 0.014604 | RMSE omega (Sim): 0.153459
    Loss: 42.3437 | Epoch: 1685
    Eq omega: -0.000191 + -0.00007theta + 0.00063omega + -0.00004theta^2 + 0.00010theta omega + -0.00040omega^2
    Eq omega Phys: -0.000264*omega**2 + 2.0e-6*omega*theta + 7.5e-5*omega - 2.0e-6*theta - 2.0e-5

--- Chunk 25436 (137/220) | Start: 2024-11-16 11:05:00 ---
    RMSE omega (GP): nan | RMSE omega (Sim): nan
    Loss: 58.4339 | Epoch: 81
    Eq omega: nan1 + nantheta + nanomega + nantheta^2 + nantheta omega + nanomega^2
    Eq omega Phys: N/A

--- Chunk 25437 (138/220) | Start: 2024-11-16 11:10:00 ---
    RMSE omega (GP): 0.017028 | RMSE omega (Sim): 0.094475
    Loss: 7.0592 | Epoch: 2247
    Eq omega: 0.000451 + 0.00059theta + -0.00042omega + 0.00000theta^2 + 0.00001theta omega + -0.00029omega^2
    Eq omega Phys: -0.000125*omega**2 - 1.2e-5*omega + 1.0e-6*theta + 1.2e-5

--- Chunk 25438 (139/220) | Start: 2024-11-16 11:15:00 ---
    RMSE omega (GP): nan | RMSE omega (Sim): nan
    Loss: 137.4934 | Epoch: 110
    Eq omega: nan1 + nantheta + nanomega + nantheta^2 + nantheta omega + nanomega^2
    Eq omega Phys: N/A

--- Chunk 25439 (140/220) | Start: 2024-11-16 11:20:00 ---
    RMSE omega (GP): nan | RMSE omega (Sim): nan
    Loss: 145.3729 | Epoch: 24
    Eq omega: nan1 + nantheta + nanomega + nantheta^2 + nantheta omega + nanomega^2
    Eq omega Phys: N/A

--- Chunk 25440 (141/220) | Start: 2024-11-16 11:25:00 ---
    RMSE omega (GP): 0.014080 | RMSE omega (Sim): 0.054086
    Loss: 19.4118 | Epoch: 1984
    Eq omega: -0.022861 + -0.13820theta + -0.00011omega + -0.00045theta^2 + -0.00421theta omega + -0.00825omega^2
    Eq omega Phys: -0.00437*omega**2 - 7.4e-5*omega*theta - 0.000621*omega - 0.000158*theta - 0.001342

--- Chunk 25441 (142/220) | Start: 2024-11-16 11:30:00 ---
    RMSE omega (GP): nan | RMSE omega (Sim): nan
    Loss: 293.1915 | Epoch: 495
    Eq omega: nan1 + nantheta + nanomega + nantheta^2 + nantheta omega + nanomega^2
    Eq omega Phys: N/A

--- Chunk 25442 (143/220) | Start: 2024-11-16 11:35:00 ---
    RMSE omega (GP): 0.012854 | RMSE omega (Sim): 0.135750
    Loss: 15.9409 | Epoch: 1857
    Eq omega: 0.000671 + -0.00024theta + 0.00177omega + 0.00005theta^2 + 0.00010theta omega + 0.00006omega^2
    Eq omega Phys: 3.1e-5*omega**2 + 2.0e-6*omega*theta + 8.7e-5*omega + 1.0e-6*theta + 5.0e-6

--- Chunk 25443 (144/220) | Start: 2024-11-16 11:40:00 ---
    RMSE omega (GP): 0.012017 | RMSE omega (Sim): 0.074873
    Loss: 7.8668 | Epoch: 1775
    Eq omega: 0.000191 + -0.00091theta + -0.00094omega + -0.00071theta^2 + -0.00069theta omega + 0.00167omega^2
    Eq omega Phys: 0.000743*omega**2 - 1.0e-5*omega*theta - 0.0002*omega - 1.3e-5*theta - 0.000112

--- Chunk 25444 (145/220) | Start: 2024-11-16 11:45:00 ---
    RMSE omega (GP): 0.055093 | RMSE omega (Sim): 0.080368
    Loss: 365.9552 | Epoch: 57
    Eq omega: -0.017811 + 0.00039theta + 0.00180omega + 0.00008theta^2 + -0.00001theta omega + -0.00184omega^2
    Eq omega Phys: -0.000763*omega**2 + 5.7e-5*omega + 2.0e-6*theta - 1.6e-5

--- Chunk 25445 (146/220) | Start: 2024-11-16 11:50:00 ---
    RMSE omega (GP): nan | RMSE omega (Sim): nan
    Loss: 732.8628 | Epoch: 56
    Eq omega: nan1 + nantheta + nanomega + nantheta^2 + nantheta omega + nanomega^2
    Eq omega Phys: N/A

--- Chunk 25446 (147/220) | Start: 2024-11-16 11:55:00 ---
    RMSE omega (GP): 0.041413 | RMSE omega (Sim): 0.130351
    Loss: 110.9285 | Epoch: 719
    Eq omega: 0.000681 + 0.00071theta + -0.00082omega + -0.00015theta^2 + -0.00063theta omega + 0.00157omega^2
    Eq omega Phys: 0.000435*omega**2 - 6.0e-6*omega*theta - 0.000114*omega - 0.e-6*theta + 4.0e-6

--- Chunk 25447 (148/220) | Start: 2024-11-16 12:00:00 ---
    RMSE omega (GP): 0.011337 | RMSE omega (Sim): 0.126531
    Loss: 5.4932 | Epoch: 2768
    Eq omega: 0.002541 + -0.00077theta + -0.01450omega + -0.00005theta^2 + 0.00043theta omega + 0.00058omega^2
    Eq omega Phys: 0.000223*omega**2 + 6.0e-6*omega*theta - 0.000349*omega - 2.0e-6*theta - 2.6e-5

--- Chunk 25448 (149/220) | Start: 2024-11-16 12:05:00 ---
    RMSE omega (GP): 0.012985 | RMSE omega (Sim): 0.142226
    Loss: 2.6815 | Epoch: 1312
    Eq omega: 0.042191 + -0.00100theta + 0.00599omega + 0.00622theta^2 + 0.00010theta omega + 0.00228omega^2
    Eq omega Phys: 0.000623*omega**2 + 1.0e-6*omega*theta + 0.000204*omega + 2.0e-6*theta**2 + 1.5e-5*theta + 0.000203

--- Chunk 25449 (150/220) | Start: 2024-11-16 12:10:00 ---
    RMSE omega (GP): 0.014188 | RMSE omega (Sim): 0.191391
    Loss: 2.7286 | Epoch: 748
    Eq omega: -0.016781 + -0.02507theta + 0.00217omega + 0.00183theta^2 + -0.00074theta omega + -0.00233omega^2
    Eq omega Phys: -0.000576*omega**2 - 6.0e-6*omega*theta + 0.000135*omega + 1.0e-6*theta**2 - 3.8e-5*theta + 0.000263

  [Progress 150/220] Mean RMSE omega (GP): 0.018425 | (Sim): 0.113013 | Mean loss: 562.0061 | Valid GP: 109/150 | Valid Sim: 109/150 | Elapsed: 53.0min | ETA: 24.7min

--- Chunk 25450 (151/220) | Start: 2024-11-16 12:15:00 ---
    RMSE omega (GP): 0.010488 | RMSE omega (Sim): 0.154667
    Loss: 3.3281 | Epoch: 912
    Eq omega: -0.019891 + -2.90501theta + 0.02039omega + 1.74734theta^2 + -0.02527theta omega + -0.25446omega^2
    Eq omega Phys: -0.087113*omega**2 - 0.000288*omega*theta + 0.000153*omega + 0.000665*theta**2 - 0.000798*theta - 0.003744

--- Chunk 25451 (152/220) | Start: 2024-11-16 12:20:00 ---
    RMSE omega (GP): 0.013912 | RMSE omega (Sim): 0.070131
    Loss: 6.2166 | Epoch: 2293
    Eq omega: 0.002311 + -0.03728theta + -0.01032omega + -0.00916theta^2 + -0.00114theta omega + 0.01034omega^2
    Eq omega Phys: 0.003981*omega**2 - 1.5e-5*omega*theta - 0.000616*omega - 4.0e-6*theta**2 - 0.000187*theta - 0.00212

--- Chunk 25452 (153/220) | Start: 2024-11-16 12:25:00 ---
    RMSE omega (GP): 0.036026 | RMSE omega (Sim): 0.092374
    Loss: 81.0503 | Epoch: 390
    Eq omega: 0.018851 + -0.00522theta + -0.00304omega + 0.00066theta^2 + -0.00086theta omega + 0.02282omega^2
    Eq omega Phys: 0.008343*omega**2 - 1.0e-5*omega*theta - 0.000288*omega + 4.0e-6*theta + 3.9e-5

--- Chunk 25453 (154/220) | Start: 2024-11-16 12:30:00 ---
    RMSE omega (GP): 0.011198 | RMSE omega (Sim): 0.106526
    Loss: 6.7507 | Epoch: 1450
    Eq omega: -0.006441 + -0.59895theta + -0.00295omega + -0.03098theta^2 + 0.00245theta omega + 0.00414omega^2
    Eq omega Phys: 0.001684*omega**2 + 3.3e-5*omega*theta - 0.00018*omega - 1.4e-5*theta**2 - 0.000597*theta + 0.001528

--- Chunk 25454 (155/220) | Start: 2024-11-16 12:35:00 ---
    RMSE omega (GP): 0.015575 | RMSE omega (Sim): 0.108483
    Loss: -222980096.0000 | Epoch: 1675
    Eq omega: 0.007501 + -0.78187theta + -0.04307omega + 0.00457theta^2 + -0.00732theta omega + -0.01941omega^2
    Eq omega Phys: -0.006521*omega**2 - 8.2e-5*omega*theta - 0.00151*omega + 2.0e-6*theta**2 - 0.000866*theta - 0.000759

--- Chunk 25455 (156/220) | Start: 2024-11-16 12:40:00 ---
    RMSE omega (GP): 0.012727 | RMSE omega (Sim): 0.096638
    Loss: 7.7357 | Epoch: 1502
    Eq omega: 0.002621 + 0.00214theta + 0.00373omega + -0.00103theta^2 + -0.00308theta omega + -0.00547omega^2
    Eq omega Phys: -0.002116*omega**2 - 4.0e-5*omega*theta + 0.000124*omega + 2.0e-6*theta + 8.0e-6

--- Chunk 25456 (157/220) | Start: 2024-11-16 12:45:00 ---
    RMSE omega (GP): 0.014811 | RMSE omega (Sim): 0.095334
    Loss: 5.6153 | Epoch: 964
    Eq omega: -0.002231 + -0.56008theta + 0.01212omega + 0.34600theta^2 + -0.02757theta omega + 0.00007omega^2
    Eq omega Phys: 2.1e-5*omega**2 - 0.000272*omega*theta + 0.000533*omega + 0.000114*theta**2 - 0.00073*theta + 0.000311

--- Chunk 25457 (158/220) | Start: 2024-11-16 12:50:00 ---
    RMSE omega (GP): nan | RMSE omega (Sim): nan
    Loss: 21733.2793 | Epoch: 18
    Eq omega: nan1 + nantheta + nanomega + nantheta^2 + nantheta omega + nanomega^2
    Eq omega Phys: N/A

--- Chunk 25458 (159/220) | Start: 2024-11-16 12:55:00 ---
    RMSE omega (GP): 0.024254 | RMSE omega (Sim): 0.029585
    Loss: 316.6046 | Epoch: 479
    Eq omega: -0.004351 + -0.01411theta + -0.01090omega + -0.00001theta^2 + -0.00128theta omega + -0.00114omega^2
    Eq omega Phys: -0.001155*omega**2 - 4.3e-5*omega*theta + 0.000824*omega - 1.5e-5*theta + 0.000417

--- Chunk 25459 (160/220) | Start: 2024-11-16 13:00:00 ---
    RMSE omega (GP): 0.041720 | RMSE omega (Sim): 0.105403
    Loss: 122.8829 | Epoch: 71
    Eq omega: 0.003901 + -0.00432theta + -0.00392omega + 0.00016theta^2 + -0.00048theta omega + 0.00083omega^2
    Eq omega Phys: 0.00027*omega**2 - 5.0e-6*omega*theta + 2.0e-6*omega - 8.0e-6*theta + 0.000173

--- Chunk 25460 (161/220) | Start: 2024-11-16 13:05:00 ---
    RMSE omega (GP): 0.012525 | RMSE omega (Sim): 0.093732
    Loss: 6.5276 | Epoch: 1001
    Eq omega: 0.000711 + -0.00098theta + 0.00853omega + 0.00136theta^2 + -0.00296theta omega + 0.00138omega^2
    Eq omega Phys: 0.000508*omega**2 - 3.6e-5*omega*theta + 0.000302*omega + 1.0e-6*theta**2 - 2.0e-6*theta + 3.0e-6

--- Chunk 25461 (162/220) | Start: 2024-11-16 13:10:00 ---
    RMSE omega (GP): 0.010971 | RMSE omega (Sim): 0.363445
    Loss: 0.3077 | Epoch: 1172
    Eq omega: -0.019271 + -0.49234theta + 0.00518omega + -0.19266theta^2 + -0.00773theta omega + 0.01847omega^2
    Eq omega Phys: 0.004865*omega**2 - 6.8e-5*omega*theta + 0.000298*omega - 5.6e-5*theta**2 - 0.000339*theta + 0.000735

--- Chunk 25462 (163/220) | Start: 2024-11-16 13:15:00 ---
    RMSE omega (GP): nan | RMSE omega (Sim): nan
    Loss: 210.4364 | Epoch: 74
    Eq omega: nan1 + nantheta + nanomega + nantheta^2 + nantheta omega + nanomega^2
    Eq omega Phys: N/A

--- Chunk 25463 (164/220) | Start: 2024-11-16 13:20:00 ---
    RMSE omega (GP): 0.013873 | RMSE omega (Sim): 0.142656
    Loss: 9.0875 | Epoch: 1230
    Eq omega: -0.008141 + -0.52220theta + 0.00099omega + 0.15757theta^2 + -0.02607theta omega + -0.11057omega^2
    Eq omega Phys: -0.041325*omega**2 - 0.000325*omega*theta - 0.000218*omega + 6.5e-5*theta**2 - 0.000479*theta - 0.000433

--- Chunk 25464 (165/220) | Start: 2024-11-16 13:25:00 ---
    RMSE omega (GP): nan | RMSE omega (Sim): nan
    Loss: 120.3689 | Epoch: 100
    Eq omega: nan1 + nantheta + nanomega + nantheta^2 + nantheta omega + nanomega^2
    Eq omega Phys: N/A

--- Chunk 25465 (166/220) | Start: 2024-11-16 13:30:00 ---
    RMSE omega (GP): 0.014102 | RMSE omega (Sim): 0.105949
    Loss: 12.4979 | Epoch: 1578
    Eq omega: 0.004491 + -1.72084theta + -0.00887omega + 0.00548theta^2 + 0.03647theta omega + -0.00588omega^2
    Eq omega Phys: -0.002437*omega**2 + 0.000504*omega*theta - 0.001244*omega + 3.0e-6*theta**2 - 0.001922*theta + 0.003619

--- Chunk 25466 (167/220) | Start: 2024-11-16 13:35:00 ---
    RMSE omega (GP): 0.012855 | RMSE omega (Sim): 0.110143
    Loss: 7.4553 | Epoch: 809
    Eq omega: -0.012661 + -0.57064theta + 0.02134omega + -0.02952theta^2 + -0.13888theta omega + -0.00272omega^2
    Eq omega Phys: -0.001046*omega**2 - 0.00178*omega*theta + 0.001045*omega - 1.3e-5*theta**2 - 0.000629*theta + 8.2e-5

--- Chunk 25467 (168/220) | Start: 2024-11-16 13:40:00 ---
    RMSE omega (GP): 0.014683 | RMSE omega (Sim): 0.146996
    Loss: 12.9677 | Epoch: 1824
    Eq omega: 0.000091 + 0.00037theta + -0.00122omega + 0.00005theta^2 + -0.00014theta omega + 0.00098omega^2
    Eq omega Phys: 0.000396*omega**2 - 2.0e-6*omega*theta - 7.8e-5*omega + 1.0e-6*theta + 1.7e-5

--- Chunk 25468 (169/220) | Start: 2024-11-16 13:45:00 ---
    RMSE omega (GP): 0.011636 | RMSE omega (Sim): 0.106960
    Loss: 3.7647 | Epoch: 1265
    Eq omega: -0.000841 + -0.00167theta + 0.00829omega + 0.00099theta^2 + -0.00152theta omega + -0.00308omega^2
    Eq omega Phys: -0.00103*omega**2 - 1.7e-5*omega*theta + 0.000362*omega - 6.0e-6*theta + 1.6e-5

--- Chunk 25469 (170/220) | Start: 2024-11-16 13:50:00 ---
    RMSE omega (GP): 0.011433 | RMSE omega (Sim): 0.111632
    Loss: 8.1341 | Epoch: 1353
    Eq omega: 0.000611 + -0.08926theta + -0.01049omega + 0.00263theta^2 + -0.00095theta omega + -0.00188omega^2
    Eq omega Phys: -0.000794*omega**2 - 1.3e-5*omega*theta - 0.000261*omega + 1.0e-6*theta**2 - 0.000116*theta + 0.000715

--- Chunk 25470 (171/220) | Start: 2024-11-16 13:55:00 ---
    RMSE omega (GP): 0.012100 | RMSE omega (Sim): 0.125275
    Loss: 8.0582 | Epoch: 1071
    Eq omega: 0.002111 + 0.00009theta + -0.00289omega + 0.00119theta^2 + -0.00075theta omega + -0.00040omega^2
    Eq omega Phys: -0.000158*omega**2 - 1.0e-5*omega*theta + 1.5e-5*omega + 1.0e-6*theta**2 - 1.2e-5*theta + 7.1e-5

--- Chunk 25471 (172/220) | Start: 2024-11-16 14:00:00 ---
    RMSE omega (GP): 0.012276 | RMSE omega (Sim): 0.141164
    Loss: 3.7359 | Epoch: 893
    Eq omega: 0.005451 + 0.00247theta + 0.00175omega + 0.00192theta^2 + 0.00319theta omega + -0.00289omega^2
    Eq omega Phys: -0.000894*omega**2 + 3.3e-5*omega*theta + 0.000551*omega + 1.0e-6*theta**2 + 2.3e-5*theta + 0.000209

--- Chunk 25472 (173/220) | Start: 2024-11-16 14:05:00 ---
    RMSE omega (GP): nan | RMSE omega (Sim): nan
    Loss: 30.0454 | Epoch: 77
    Eq omega: nan1 + nantheta + nanomega + nantheta^2 + nantheta omega + nanomega^2
    Eq omega Phys: N/A

--- Chunk 25473 (174/220) | Start: 2024-11-16 14:10:00 ---
    RMSE omega (GP): 0.012650 | RMSE omega (Sim): 0.071958
    Loss: 15.6230 | Epoch: 1867
    Eq omega: 0.008701 + 0.00360theta + 0.00244omega + -0.00073theta^2 + 0.00081theta omega + -0.02063omega^2
    Eq omega Phys: -0.010469*omega**2 + 1.4e-5*omega*theta + 0.000176*omega - 2.0e-6*theta + 2.7e-5

--- Chunk 25474 (175/220) | Start: 2024-11-16 14:15:00 ---
    RMSE omega (GP): 0.012460 | RMSE omega (Sim): 0.187623
    Loss: 11.7979 | Epoch: 1098
    Eq omega: 0.002301 + -0.00073theta + 0.00129omega + 0.00007theta^2 + 0.00154theta omega + -0.01012omega^2
    Eq omega Phys: -0.004611*omega**2 + 2.3e-5*omega*theta - 0.000159*omega - 1.0e-6*theta + 1.5e-5

--- Chunk 25475 (176/220) | Start: 2024-11-16 14:20:00 ---
    RMSE omega (GP): 0.012765 | RMSE omega (Sim): 0.104665
    Loss: 9.6114 | Epoch: 1163
    Eq omega: 0.006391 + -0.30875theta + 0.00838omega + 0.00083theta^2 + -0.00229theta omega + 0.00553omega^2
    Eq omega Phys: 0.002283*omega**2 - 3.2e-5*omega*theta + 6.8e-5*omega - 0.000338*theta - 0.002267

--- Chunk 25476 (177/220) | Start: 2024-11-16 14:25:00 ---
    RMSE omega (GP): nan | RMSE omega (Sim): nan
    Loss: 7290.1646 | Epoch: 22
    Eq omega: nan1 + nantheta + nanomega + nantheta^2 + nantheta omega + nanomega^2
    Eq omega Phys: N/A

--- Chunk 25477 (178/220) | Start: 2024-11-16 14:35:00 ---
    RMSE omega (GP): nan | RMSE omega (Sim): nan
    Loss: 88.9103 | Epoch: 35
    Eq omega: nan1 + nantheta + nanomega + nantheta^2 + nantheta omega + nanomega^2
    Eq omega Phys: N/A

--- Chunk 25478 (179/220) | Start: 2024-11-16 14:40:00 ---
    RMSE omega (GP): 0.010650 | RMSE omega (Sim): 0.141320
    Loss: 3.1340 | Epoch: 1483
    Eq omega: -0.000401 + -0.00344theta + -0.00251omega + 0.00014theta^2 + 0.00021theta omega + -0.00320omega^2
    Eq omega Phys: -0.00112*omega**2 + 2.0e-6*omega*theta - 0.000105*omega - 5.0e-6*theta + 3.6e-5

--- Chunk 25479 (180/220) | Start: 2024-11-16 14:45:00 ---
    RMSE omega (GP): 0.012256 | RMSE omega (Sim): 0.068258
    Loss: 14.9109 | Epoch: 1834
    Eq omega: 0.000431 + 0.00014theta + -0.00189omega + 0.00001theta^2 + -0.00014theta omega + 0.00074omega^2
    Eq omega Phys: 0.000372*omega**2 - 2.0e-6*omega*theta - 2.9e-5*omega

--- Chunk 25480 (181/220) | Start: 2024-11-16 14:50:00 ---
    RMSE omega (GP): 0.012524 | RMSE omega (Sim): 0.086393
    Loss: 8.5933 | Epoch: 1881
    Eq omega: 0.001191 + 0.00053theta + 0.00053omega + -0.00012theta^2 + 0.00057theta omega + -0.00100omega^2
    Eq omega Phys: -0.000409*omega**2 + 8.0e-6*omega*theta - 8.9e-5*omega + 2.0e-6*theta - 1.5e-5

--- Chunk 25481 (182/220) | Start: 2024-11-16 14:55:00 ---
    RMSE omega (GP): nan | RMSE omega (Sim): nan
    Loss: 529.1317 | Epoch: 51
    Eq omega: nan1 + nantheta + nanomega + nantheta^2 + nantheta omega + nanomega^2
    Eq omega Phys: N/A

--- Chunk 25482 (183/220) | Start: 2024-11-16 15:00:00 ---
    RMSE omega (GP): 0.011917 | RMSE omega (Sim): 0.119533
    Loss: 3.6742 | Epoch: 1156
    Eq omega: -0.002761 + -0.61487theta + -0.00073omega + -0.00907theta^2 + 0.00174theta omega + -0.00955omega^2
    Eq omega Phys: -0.003123*omega**2 + 1.9e-5*omega*theta - 1.1e-5*omega - 3.0e-6*theta**2 - 0.000688*theta - 0.000475

--- Chunk 25483 (184/220) | Start: 2024-11-16 15:05:00 ---
    RMSE omega (GP): 0.033444 | RMSE omega (Sim): 0.067397
    Loss: 231.5515 | Epoch: 444
    Eq omega: 0.013891 + 0.00006theta + 0.01484omega + 0.00008theta^2 + -0.00001theta omega + 0.00132omega^2
    Eq omega Phys: 0.00073*omega**2 + 0.000499*omega - 2.0e-6*theta + 5.8e-5

--- Chunk 25484 (185/220) | Start: 2024-11-16 15:10:00 ---
    RMSE omega (GP): 0.027853 | RMSE omega (Sim): 0.084409
    Loss: 154.8956 | Epoch: 668
    Eq omega: -0.002311 + -0.00005theta + 0.00004omega + -0.00000theta^2 + 0.00002theta omega + 0.00011omega^2
    Eq omega Phys: 7.0e-5*omega**2 - 1.5e-5*omega - 2.0e-6

--- Chunk 25485 (186/220) | Start: 2024-11-16 15:15:00 ---
    RMSE omega (GP): nan | RMSE omega (Sim): nan
    Loss: 19316.1309 | Epoch: 16
    Eq omega: nan1 + nantheta + nanomega + nantheta^2 + nantheta omega + nanomega^2
    Eq omega Phys: N/A

--- Chunk 25486 (187/220) | Start: 2024-11-16 15:20:00 ---
    RMSE omega (GP): 0.015086 | RMSE omega (Sim): 0.055062
    Loss: 97.6034 | Epoch: 1969
    Eq omega: 0.000211 + 0.00013theta + -0.00005omega + 0.00000theta^2 + -0.00002theta omega + -0.00054omega^2
    Eq omega Phys: -0.000562*omega**2 - 0.e-6*omega*theta + 1.8e-5*omega - 4.0e-6

--- Chunk 25487 (188/220) | Start: 2024-11-16 15:25:00 ---
    RMSE omega (GP): nan | RMSE omega (Sim): nan
    Loss: 51.0760 | Epoch: 77
    Eq omega: nan1 + nantheta + nanomega + nantheta^2 + nantheta omega + nanomega^2
    Eq omega Phys: N/A

--- Chunk 25488 (189/220) | Start: 2024-11-16 15:30:00 ---
    RMSE omega (GP): 0.023872 | RMSE omega (Sim): 0.112449
    Loss: -88.6122 | Epoch: 625
    Eq omega: 0.003731 + -0.04985theta + 0.00657omega + -0.00278theta^2 + -0.00004theta omega + 0.00048omega^2
    Eq omega Phys: 0.000179*omega**2 + 0.00022*omega - 1.0e-6*theta**2 - 5.0e-5*theta + 0.000144

--- Chunk 25489 (190/220) | Start: 2024-11-16 15:35:00 ---
    RMSE omega (GP): 0.015024 | RMSE omega (Sim): 0.108466
    Loss: 8.2276 | Epoch: 1448
    Eq omega: -0.007361 + 0.00071theta + -0.00095omega + -0.00012theta^2 + -0.00052theta omega + 0.00064omega^2
    Eq omega Phys: 0.000269*omega**2 - 7.0e-6*omega*theta + 0.000107*omega + 3.0e-6*theta - 5.5e-5

--- Chunk 25490 (191/220) | Start: 2024-11-16 15:40:00 ---
    RMSE omega (GP): nan | RMSE omega (Sim): nan
    Loss: 7759.5806 | Epoch: 16
    Eq omega: nan1 + nantheta + nanomega + nantheta^2 + nantheta omega + nanomega^2
    Eq omega Phys: N/A

--- Chunk 25491 (192/220) | Start: 2024-11-16 15:45:00 ---
    RMSE omega (GP): nan | RMSE omega (Sim): nan
    Loss: 1906.1588 | Epoch: 42
    Eq omega: nan1 + nantheta + nanomega + nantheta^2 + nantheta omega + nanomega^2
    Eq omega Phys: N/A

--- Chunk 25492 (193/220) | Start: 2024-11-16 15:50:00 ---
    RMSE omega (GP): nan | RMSE omega (Sim): nan
    Loss: 41796.3281 | Epoch: 16
    Eq omega: nan1 + nantheta + nanomega + nantheta^2 + nantheta omega + nanomega^2
    Eq omega Phys: N/A

--- Chunk 25493 (194/220) | Start: 2024-11-16 15:55:00 ---
    RMSE omega (GP): 0.017633 | RMSE omega (Sim): 0.029676
    Loss: 282.6192 | Epoch: 2014
    Eq omega: -0.001521 + -0.00001theta + -0.00054omega + -0.00007theta^2 + -0.00001theta omega + 0.00009omega^2
    Eq omega Phys: 0.000133*omega**2 - 5.0e-6*omega + 6.0e-6*theta - 8.5e-5

--- Chunk 25494 (195/220) | Start: 2024-11-16 16:00:00 ---
    RMSE omega (GP): 0.012819 | RMSE omega (Sim): 0.084924
    Loss: 36.9162 | Epoch: 4513
    Eq omega: 0.001591 + -0.00008theta + 0.01020omega + 0.00001theta^2 + 0.00000theta omega + -0.00004omega^2
    Eq omega Phys: -2.6e-5*omega**2 + 0.00034*omega - 0.e-6*theta + 1.4e-5

--- Chunk 25495 (196/220) | Start: 2024-11-16 16:05:00 ---
    RMSE omega (GP): nan | RMSE omega (Sim): nan
    Loss: 79353.2188 | Epoch: 16
    Eq omega: nan1 + nantheta + nanomega + nantheta^2 + nantheta omega + nanomega^2
    Eq omega Phys: N/A

--- Chunk 25496 (197/220) | Start: 2024-11-16 16:10:00 ---
    RMSE omega (GP): nan | RMSE omega (Sim): nan
    Loss: 18139.6152 | Epoch: 15
    Eq omega: nan1 + nantheta + nanomega + nantheta^2 + nantheta omega + nanomega^2
    Eq omega Phys: N/A

--- Chunk 25497 (198/220) | Start: 2024-11-16 16:15:00 ---
    RMSE omega (GP): nan | RMSE omega (Sim): nan
    Loss: 74.3178 | Epoch: 400
    Eq omega: nan1 + nantheta + nanomega + nantheta^2 + nantheta omega + nanomega^2
    Eq omega Phys: N/A

--- Chunk 25498 (199/220) | Start: 2024-11-16 16:20:00 ---
    RMSE omega (GP): 0.013588 | RMSE omega (Sim): 0.112088
    Loss: 10.9694 | Epoch: 2114
    Eq omega: 0.001961 + -0.00123theta + -0.00003omega + 0.00242theta^2 + 0.00171theta omega + 0.00074omega^2
    Eq omega Phys: 0.000303*omega**2 + 2.3e-5*omega*theta - 0.000167*omega + 1.0e-6*theta**2 - 1.7e-5*theta + 7.1e-5

--- Chunk 25499 (200/220) | Start: 2024-11-16 16:25:00 ---
    RMSE omega (GP): 0.048604 | RMSE omega (Sim): 0.069782
    Loss: 176.4387 | Epoch: 546
    Eq omega: -0.001241 + -0.00408theta + -0.01216omega + 0.00647theta^2 + -0.00026theta omega + -0.00027omega^2
    Eq omega Phys: -0.000148*omega**2 - 5.0e-6*omega*theta - 0.000384*omega + 4.0e-6*theta**2 - 4.0e-5*theta + 9.9e-5

  [Progress 200/220] Mean RMSE omega (GP): 0.018116 | (Sim): 0.112010 | Mean loss: -1113478.9783 | Valid GP: 144/200 | Valid Sim: 144/200 | Elapsed: 69.4min | ETA: 6.9min

--- Chunk 25500 (201/220) | Start: 2024-11-16 16:30:00 ---
    RMSE omega (GP): 0.014870 | RMSE omega (Sim): 0.120675
    Loss: 8.7776 | Epoch: 1120
    Eq omega: -0.000911 + -0.00633theta + 0.00507omega + -0.00132theta^2 + 0.00144theta omega + -0.00051omega^2
    Eq omega Phys: -0.000175*omega**2 + 1.6e-5*omega*theta + 0.000153*omega - 0.e-6*theta**2 - 6.0e-6*theta + 4.0e-6

--- Chunk 25501 (202/220) | Start: 2024-11-16 16:35:00 ---
    RMSE omega (GP): nan | RMSE omega (Sim): nan
    Loss: 370.3302 | Epoch: 51
    Eq omega: nan1 + nantheta + nanomega + nantheta^2 + nantheta omega + nanomega^2
    Eq omega Phys: N/A

--- Chunk 25502 (203/220) | Start: 2024-11-16 16:40:00 ---
    RMSE omega (GP): nan | RMSE omega (Sim): nan
    Loss: 32.0238 | Epoch: 133
    Eq omega: nan1 + nantheta + nanomega + nantheta^2 + nantheta omega + nanomega^2
    Eq omega Phys: N/A

--- Chunk 25503 (204/220) | Start: 2024-11-16 16:45:00 ---
    RMSE omega (GP): nan | RMSE omega (Sim): nan
    Loss: 230.3552 | Epoch: 63
    Eq omega: nan1 + nantheta + nanomega + nantheta^2 + nantheta omega + nanomega^2
    Eq omega Phys: N/A

--- Chunk 25504 (205/220) | Start: 2024-11-16 16:50:00 ---
    RMSE omega (GP): 0.010400 | RMSE omega (Sim): 0.053672
    Loss: 1.6905 | Epoch: 2205
    Eq omega: 0.008241 + -0.28777theta + 0.02722omega + -0.03595theta^2 + 0.18470theta omega + 0.06281omega^2
    Eq omega Phys: 0.019648*omega**2 + 0.001926*omega*theta - 0.013628*omega - 1.2e-5*theta**2 - 0.000131*theta + 0.001731

--- Chunk 25505 (206/220) | Start: 2024-11-16 16:55:00 ---
    RMSE omega (GP): 0.017496 | RMSE omega (Sim): 0.285637
    Loss: -167.7233 | Epoch: 1089
    Eq omega: 0.012461 + -0.00156theta + 0.00242omega + 0.00032theta^2 + 0.00119theta omega + 0.00490omega^2
    Eq omega Phys: 0.001056*omega**2 + 9.0e-6*omega*theta + 6.7e-5*omega - 2.0e-6*theta + 6.7e-5

--- Chunk 25506 (207/220) | Start: 2024-11-16 17:00:00 ---
    RMSE omega (GP): 0.012816 | RMSE omega (Sim): 0.160643
    Loss: 5.7146 | Epoch: 1535
    Eq omega: -0.005691 + -0.00028theta + -0.00200omega + -0.00001theta^2 + 0.00021theta omega + 0.00028omega^2
    Eq omega Phys: 9.9e-5*omega**2 + 2.0e-6*omega*theta - 0.000135*omega - 1.2e-5

--- Chunk 25507 (208/220) | Start: 2024-11-16 17:05:00 ---
    RMSE omega (GP): nan | RMSE omega (Sim): nan
    Loss: 2576.3921 | Epoch: 33
    Eq omega: nan1 + nantheta + nanomega + nantheta^2 + nantheta omega + nanomega^2
    Eq omega Phys: N/A

--- Chunk 25508 (209/220) | Start: 2024-11-16 17:10:00 ---
    RMSE omega (GP): 0.017899 | RMSE omega (Sim): 0.059709
    Loss: 44.7422 | Epoch: 2690
    Eq omega: -0.000141 + 0.00021theta + 0.00174omega + 0.00015theta^2 + -0.00000theta omega + -0.00017omega^2
    Eq omega Phys: -9.7e-5*omega**2 + 5.8e-5*omega - 4.0e-6*theta + 3.3e-5

--- Chunk 25509 (210/220) | Start: 2024-11-16 17:15:00 ---
    RMSE omega (GP): nan | RMSE omega (Sim): nan
    Loss: 43249.9609 | Epoch: 15
    Eq omega: nan1 + nantheta + nanomega + nantheta^2 + nantheta omega + nanomega^2
    Eq omega Phys: N/A

--- Chunk 25510 (211/220) | Start: 2024-11-16 17:20:00 ---
    RMSE omega (GP): 0.023737 | RMSE omega (Sim): 0.030292
    Loss: 392.7189 | Epoch: 765
    Eq omega: -0.003571 + -0.00023theta + 0.01208omega + -0.00000theta^2 + 0.00001theta omega + -0.00239omega^2
    Eq omega Phys: -0.002754*omega**2 + 0.000392*omega + 4.0e-6

--- Chunk 25511 (212/220) | Start: 2024-11-16 17:25:00 ---
    RMSE omega (GP): nan | RMSE omega (Sim): nan
    Loss: 820.8900 | Epoch: 48
    Eq omega: nan1 + nantheta + nanomega + nantheta^2 + nantheta omega + nanomega^2
    Eq omega Phys: N/A

--- Chunk 25512 (213/220) | Start: 2024-11-16 17:30:00 ---
    RMSE omega (GP): nan | RMSE omega (Sim): nan
    Loss: 1313.0703 | Epoch: 74
    Eq omega: nan1 + nantheta + nanomega + nantheta^2 + nantheta omega + nanomega^2
    Eq omega Phys: N/A

--- Chunk 25513 (214/220) | Start: 2024-11-16 17:35:00 ---
    RMSE omega (GP): 0.027399 | RMSE omega (Sim): 0.047487
    Loss: 186.1682 | Epoch: 380
    Eq omega: 0.002681 + 0.00000theta + -0.00092omega + -0.00002theta^2 + -0.00017theta omega + -0.00008omega^2
    Eq omega Phys: -5.6e-5*omega**2 - 4.0e-6*omega*theta + 0.00011*omega + 1.0e-6*theta - 1.5e-5

--- Chunk 25514 (215/220) | Start: 2024-11-16 17:40:00 ---
    RMSE omega (GP): 0.013693 | RMSE omega (Sim): 0.064194
    Loss: 57.8120 | Epoch: 2213
    Eq omega: -0.000111 + 0.00002theta + 0.00042omega + -0.00000theta^2 + 0.00000theta omega + -0.00004omega^2
    Eq omega Phys: -3.3e-5*omega**2 + 1.4e-5*omega - 0.e-6

--- Chunk 25515 (216/220) | Start: 2024-11-16 17:45:00 ---
    RMSE omega (GP): 0.020705 | RMSE omega (Sim): 0.044145
    Loss: 104.0636 | Epoch: 2555
    Eq omega: 0.001121 + 0.00006theta + 0.00100omega + 0.00001theta^2 + 0.00001theta omega + -0.00028omega^2
    Eq omega Phys: -0.000216*omega**2 + 2.3e-5*omega - 0.e-6*theta + 1.3e-5

--- Chunk 25516 (217/220) | Start: 2024-11-16 17:50:00 ---
    RMSE omega (GP): 0.026366 | RMSE omega (Sim): 0.053031
    Loss: 95.3122 | Epoch: 1128
    Eq omega: -0.003121 + -0.00057theta + -0.00804omega + 0.00002theta^2 + -0.00010theta omega + -0.00044omega^2
    Eq omega Phys: -0.000291*omega**2 - 2.0e-6*omega*theta - 0.000187*omega - 2.0e-6*theta + 3.8e-5

--- Chunk 25517 (218/220) | Start: 2024-11-16 17:55:00 ---
    RMSE omega (GP): 0.033586 | RMSE omega (Sim): 0.053933
    Loss: 571.3086 | Epoch: 62
    Eq omega: -0.000691 + 0.00195theta + -0.00136omega + -0.00005theta^2 + -0.00003theta omega + -0.00043omega^2
    Eq omega Phys: -0.000266*omega**2 - 0.e-6*omega*theta - 2.9e-5*omega + 4.0e-6*theta - 7.9e-5

--- Chunk 25518 (219/220) | Start: 2024-11-16 18:00:00 ---
    RMSE omega (GP): 0.013840 | RMSE omega (Sim): 0.271763
    Loss: 1.8477 | Epoch: 1146
    Eq omega: -0.003021 + -0.00021theta + 0.00015omega + 0.00013theta^2 + 0.00025theta omega + 0.00075omega^2
    Eq omega Phys: 0.000183*omega**2 + 2.0e-6*omega*theta + 1.5e-5*omega - 1.4e-5

--- Chunk 25519 (220/220) | Start: 2024-11-16 18:05:00 ---
    RMSE omega (GP): 0.012874 | RMSE omega (Sim): 0.072289
    Loss: 3.7447 | Epoch: 1098
    Eq omega: -0.004031 + -0.00713theta + -0.59117omega + 0.00075theta^2 + 0.00031theta omega + 0.00011omega^2
    Eq omega Phys: 3.4e-5*omega**2 + 3.0e-6*omega*theta - 0.019665*omega - 1.0e-6*theta - 7.4e-5

  [Progress 220/220] Mean RMSE omega (GP): 0.018181 | (Sim): 0.111127 | Mean loss: -1012026.8021 | Valid GP: 157/220 | Valid Sim: 157/220 | Elapsed: 75.6min | ETA: 0.0min

============================================================
EVALUATION COMPLETE — Chunks [25300, 25519]
============================================================
Chunks processed: 220
Chunks succeeded GP:  157 (71.4%)
Chunks succeeded Sim: 157 (71.4%)
Mean GP RMSE omega:   0.018181 ± 0.011595
Mean SIM RMSE omega:  0.111127 ± 0.060549
Mean Loss:            -1012026.8021 ± 14999214.3237
Elapsed time:     75.6 minutes

Per-chunk CSV: /pfs/data6/home/ka/ka_iai/ka_bj2362/dsr/svise/results_5min_all_chunks/run_SLURM_3718868_combo38/chunks_25300_to_25519_20260321_111425.csv
Summary JSON:  /pfs/data6/home/ka/ka_iai/ka_bj2362/dsr/svise/results_5min_all_chunks/run_SLURM_3718868_combo38/summary_25300_to_25519_20260321_111425.json
============================================================

============================= JOB FEEDBACK =============================

NodeName=uc3n092
Job ID: 3720590
Array Job ID: 3718868_115
Cluster: uc3
User/Group: ka_bj2362/ka_iai
State: COMPLETED (exit code 0)
Nodes: 1
Cores per node: 4
CPU Utilized: 01:15:15
CPU Efficiency: 24.68% of 05:04:56 core-walltime
Job Wall-clock time: 01:16:14
Memory Utilized: 2.68 GB
Memory Efficiency: 22.32% of 12.00 GB (12.00 GB/node)
