Array task 111: processing chunks 24420 to 24639
Loading data from /pfs/data6/home/ka/ka_iai/ka_bj2362/dsr/svise/../dataset/South_Korea_2024-08-15_2025-08-31_1s.parquet...
Finding all valid 5-minute chunks in the dataset...
Found 107059 valid 5-minute chunks in total.

============================================================
SVISE FINAL EVALUATION — ALL CHUNKS
============================================================
Hyperparameters: {
  "model": "integrator",
  "sigma": 0,
  "degree": 2,
  "tau": 1e-05,
  "lr": 0.1,
  "n_tau": 50,
  "measurement_noise": 0.001,
  "n_reparam_samples": 15
}
Total valid chunks in dataset: 107059
Processing chunk range: [24420, 24639] (220 chunks)
Early stopping: patience=300, max_epochs=10000
============================================================


--- Chunk 24420 (1/220) | Start: 2024-11-12 21:20:00 ---
/pfs/data6/home/ka/ka_iai/ka_bj2362/dsr/svise/svise/sde_learning/_marginal_sde.py:284: UserWarning: torch.triangular_solve is deprecated in favor of torch.linalg.solve_triangularand will be removed in a future PyTorch release.
torch.linalg.solve_triangular has its arguments reversed and does not return a copy of one of the inputs.
X = torch.triangular_solve(B, A).solution
should be replaced with
X = torch.linalg.solve_triangular(A, B). (Triggered internally at ../aten/src/ATen/native/BatchLinearAlgebra.cpp:2192.)
  return torch.triangular_solve(self.raw_w, self.C.t()).solution
/pfs/data6/home/ka/ka_iai/ka_bj2362/dsr/svise/svise/quadrature/_unbiased_quadrature.py:196: UserWarning: Interp is nan, reducing interp degree.
  warnings.warn("Interp is nan, reducing interp degree.")
    RMSE omega (GP): 0.012244 | RMSE omega (Sim): 0.175453
    Loss: 9.3650 | Epoch: 1736
    Eq omega: 0.001221 + -0.00047theta + 0.00137omega + -0.00005theta^2 + 0.00036theta omega + -0.00115omega^2
    Eq omega Phys: -0.000468*omega**2 + 5.0e-6*omega*theta - 2.5e-5*omega + 6.0e-6
    Diffusion: theta=1.021330e-03, omega=6.667023e-05

--- Chunk 24421 (2/220) | Start: 2024-11-12 21:25:00 ---
/pfs/data6/home/ka/ka_iai/ka_bj2362/dsr/svise/svise/quadrature/_unbiased_quadrature.py:174: UserWarning: NaN detected in fxq (quadrature node evaluations). Clamping to 0.
  warnings.warn("NaN detected in fxq (quadrature node evaluations). Clamping to 0.")
/pfs/data6/home/ka/ka_iai/ka_bj2362/dsr/svise/svise/quadrature/_unbiased_quadrature.py:177: UserWarning: NaN detected in fmc (Monte-Carlo node evaluations). Clamping to 0.
  warnings.warn("NaN detected in fmc (Monte-Carlo node evaluations). Clamping to 0.")
    RMSE omega (GP): nan | RMSE omega (Sim): nan
    Loss: 28.2864 | Epoch: 48
    Eq omega: nan1 + nantheta + nanomega + nantheta^2 + nantheta omega + nanomega^2
    Eq omega Phys: N/A
    Diffusion: theta=nan, omega=nan

--- Chunk 24422 (3/220) | Start: 2024-11-12 21:30:00 ---
    RMSE omega (GP): 0.008786 | RMSE omega (Sim): 0.137967
    Loss: 0.7455 | Epoch: 1374
    Eq omega: -0.006171 + -0.00236theta + 0.00243omega + 0.00116theta^2 + -0.00032theta omega + -0.00074omega^2
    Eq omega Phys: -0.000238*omega**2 - 3.0e-6*omega*theta + 5.9e-5*omega + 3.0e-6*theta - 2.1e-5
    Diffusion: theta=6.798412e-03, omega=7.234500e-05

--- Chunk 24423 (4/220) | Start: 2024-11-12 21:35:00 ---
    RMSE omega (GP): 0.035255 | RMSE omega (Sim): 0.103132
    Loss: 104.0535 | Epoch: 335
    Eq omega: -0.001131 + -0.00839theta + -0.00147omega + 0.01455theta^2 + 0.00096theta omega + -0.00159omega^2
    Eq omega Phys: -0.000644*omega**2 + 1.3e-5*omega*theta - 6.1e-5*omega + 7.0e-6*theta**2 - 2.1e-5*theta + 1.1e-5
    Diffusion: theta=4.005077e-02, omega=2.367888e-05

--- Chunk 24424 (5/220) | Start: 2024-11-12 21:40:00 ---
    RMSE omega (GP): 0.011491 | RMSE omega (Sim): 0.143407
    Loss: 5.9505 | Epoch: 1126
    Eq omega: -0.001371 + -0.61874theta + -0.00666omega + -0.00221theta^2 + 0.00270theta omega + -0.01724omega^2
    Eq omega Phys: -0.006482*omega**2 + 3.4e-5*omega*theta - 0.000421*omega - 0.e-6*theta**2 - 0.000677*theta + 0.004012
    Diffusion: theta=2.249568e-03, omega=5.437036e-05

--- Chunk 24425 (6/220) | Start: 2024-11-12 21:45:00 ---
    RMSE omega (GP): 0.009630 | RMSE omega (Sim): 0.136983
    Loss: 2.4442 | Epoch: 2727
    Eq omega: -0.000641 + -0.00021theta + -0.00031omega + -0.00011theta^2 + 0.00021theta omega + -0.00008omega^2
    Eq omega Phys: -2.9e-5*omega**2 + 3.0e-6*omega*theta - 3.8e-5*omega + 1.0e-6*theta - 5.0e-6
    Diffusion: theta=2.880852e-03, omega=3.918474e-05

--- Chunk 24426 (7/220) | Start: 2024-11-12 21:50:00 ---
    RMSE omega (GP): 0.010450 | RMSE omega (Sim): 0.107836
    Loss: 1.5521 | Epoch: 1271
    Eq omega: 0.002571 + -0.94018theta + 0.00853omega + 0.46030theta^2 + -0.00465theta omega + -0.33589omega^2
    Eq omega Phys: -0.108701*omega**2 - 5.0e-5*omega*theta + 0.000258*omega + 0.000166*theta**2 - 0.000868*theta - 0.000502
    Diffusion: theta=3.961162e-04, omega=6.380692e-05

--- Chunk 24427 (8/220) | Start: 2024-11-12 21:55:00 ---
    RMSE omega (GP): 0.010620 | RMSE omega (Sim): 0.116070
    Loss: 1.4475 | Epoch: 1041
    Eq omega: -0.013201 + -0.58696theta + 0.00314omega + 0.00899theta^2 + -0.01608theta omega + -0.01031omega^2
    Eq omega Phys: -0.003137*omega**2 - 0.000163*omega*theta + 0.000105*omega + 3.0e-6*theta**2 - 0.000652*theta - 4.5e-5
    Diffusion: theta=5.184339e-04, omega=7.387354e-05

--- Chunk 24428 (9/220) | Start: 2024-11-12 22:00:00 ---
    RMSE omega (GP): 0.009559 | RMSE omega (Sim): 0.106501
    Loss: 7.6830 | Epoch: 1571
    Eq omega: -0.006191 + -0.00226theta + -0.01266omega + -0.00040theta^2 + 0.00094theta omega + -0.00396omega^2
    Eq omega Phys: -0.001989*omega**2 + 1.6e-5*omega*theta - 0.000261*omega - 7.0e-6*theta - 6.3e-5
    Diffusion: theta=3.232505e-04, omega=3.843679e-05

--- Chunk 24429 (10/220) | Start: 2024-11-12 22:05:00 ---
    RMSE omega (GP): 0.011361 | RMSE omega (Sim): 0.178054
    Loss: 2.7837 | Epoch: 1833
    Eq omega: -0.001561 + -0.00025theta + -0.00083omega + 0.00029theta^2 + -0.00025theta omega + -0.00056omega^2
    Eq omega Phys: -0.000175*omega**2 - 3.0e-6*omega*theta - 1.8e-5*omega - 1.0e-6*theta - 3.0e-6
    Diffusion: theta=1.793142e-03, omega=3.925934e-05

--- Chunk 24430 (11/220) | Start: 2024-11-12 22:10:00 ---
    RMSE omega (GP): nan | RMSE omega (Sim): nan
    Loss: 445.5305 | Epoch: 40
    Eq omega: nan1 + nantheta + nanomega + nantheta^2 + nantheta omega + nanomega^2
    Eq omega Phys: N/A
    Diffusion: theta=nan, omega=nan

--- Chunk 24431 (12/220) | Start: 2024-11-12 22:15:00 ---
    RMSE omega (GP): 0.011150 | RMSE omega (Sim): 0.081692
    Loss: 4.6551 | Epoch: 2213
    Eq omega: -0.001021 + 0.00005theta + -0.00117omega + -0.00002theta^2 + -0.00009theta omega + -0.00127omega^2
    Eq omega Phys: -0.000554*omega**2 - 1.0e-6*omega*theta - 1.8e-5*omega - 6.0e-6
    Diffusion: theta=5.001887e-04, omega=3.734757e-05

--- Chunk 24432 (13/220) | Start: 2024-11-12 22:20:00 ---
    RMSE omega (GP): nan | RMSE omega (Sim): nan
    Loss: 67.9492 | Epoch: 71
    Eq omega: nan1 + nantheta + nanomega + nantheta^2 + nantheta omega + nanomega^2
    Eq omega Phys: N/A
    Diffusion: theta=nan, omega=nan

--- Chunk 24433 (14/220) | Start: 2024-11-12 22:25:00 ---
    RMSE omega (GP): 0.010665 | RMSE omega (Sim): 0.083731
    Loss: 5.0642 | Epoch: 1111
    Eq omega: 0.000281 + -0.00013theta + -0.00162omega + 0.00107theta^2 + -0.00025theta omega + 0.00078omega^2
    Eq omega Phys: 0.000314*omega**2 - 3.0e-6*omega*theta - 3.0e-5*omega - 7.0e-6*theta + 2.7e-5
    Diffusion: theta=2.976852e-04, omega=4.876673e-05

--- Chunk 24434 (15/220) | Start: 2024-11-12 22:30:00 ---
    RMSE omega (GP): nan | RMSE omega (Sim): nan
    Loss: 171.3275 | Epoch: 30
    Eq omega: nan1 + nantheta + nanomega + nantheta^2 + nantheta omega + nanomega^2
    Eq omega Phys: N/A
    Diffusion: theta=nan, omega=nan

--- Chunk 24435 (16/220) | Start: 2024-11-12 22:35:00 ---
    RMSE omega (GP): nan | RMSE omega (Sim): nan
    Loss: 2896.2051 | Epoch: 16
    Eq omega: nan1 + nantheta + nanomega + nantheta^2 + nantheta omega + nanomega^2
    Eq omega Phys: N/A
    Diffusion: theta=nan, omega=nan

--- Chunk 24436 (17/220) | Start: 2024-11-12 22:40:00 ---
    RMSE omega (GP): 0.018721 | RMSE omega (Sim): 0.071289
    Loss: 43.2983 | Epoch: 417
    Eq omega: -0.000501 + 0.00069theta + -0.00168omega + -0.00102theta^2 + 0.00087theta omega + 0.00042omega^2
    Eq omega Phys: 0.000202*omega**2 + 1.4e-5*omega*theta - 0.000174*omega - 0.e-6*theta**2 + 1.0e-5*theta - 4.7e-5
    Diffusion: theta=1.718679e-01, omega=1.059765e-04

--- Chunk 24437 (18/220) | Start: 2024-11-12 22:45:00 ---
    RMSE omega (GP): 0.011542 | RMSE omega (Sim): 0.082255
    Loss: 7.9377 | Epoch: 1280
    Eq omega: 0.001571 + 0.00017theta + -0.00591omega + 0.00108theta^2 + 0.00121theta omega + -0.00466omega^2
    Eq omega Phys: -0.001977*omega**2 + 1.7e-5*omega*theta - 0.000331*omega + 1.0e-6*theta**2 - 8.0e-6*theta + 3.4e-5
    Diffusion: theta=1.101294e-03, omega=3.330637e-05

--- Chunk 24438 (19/220) | Start: 2024-11-12 22:50:00 ---
    RMSE omega (GP): 0.009791 | RMSE omega (Sim): 0.099810
    Loss: 9.8999 | Epoch: 1992
    Eq omega: 0.001701 + -0.00011theta + 0.00130omega + -0.00017theta^2 + -0.00015theta omega + 0.00033omega^2
    Eq omega Phys: 0.000173*omega**2 - 3.0e-6*omega*theta + 8.0e-5*omega + 3.0e-6*theta - 1.4e-5
    Diffusion: theta=1.560526e-04, omega=2.932181e-05

--- Chunk 24439 (20/220) | Start: 2024-11-12 22:55:00 ---
    RMSE omega (GP): 0.009334 | RMSE omega (Sim): 0.096988
    Loss: 1.6965 | Epoch: 1679
    Eq omega: 0.003741 + 0.00084theta + -0.01005omega + 0.00057theta^2 + -0.00159theta omega + -0.00333omega^2
    Eq omega Phys: -0.001174*omega**2 - 1.9e-5*omega*theta - 1.6e-5*omega - 7.0e-6*theta + 6.1e-5
    Diffusion: theta=1.374223e-03, omega=4.319776e-05

--- Chunk 24440 (21/220) | Start: 2024-11-12 23:00:00 ---
    RMSE omega (GP): 0.010847 | RMSE omega (Sim): 0.110748
    Loss: 5.6903 | Epoch: 1846
    Eq omega: 0.007871 + -0.00001theta + 0.00108omega + -0.00401theta^2 + -0.00928theta omega + 0.00722omega^2
    Eq omega Phys: 0.002849*omega**2 - 0.000122*omega*theta + 0.000839*omega - 2.0e-6*theta**2 + 2.3e-5*theta - 5.4e-5
    Diffusion: theta=5.755925e-04, omega=6.385896e-05

--- Chunk 24441 (22/220) | Start: 2024-11-12 23:05:00 ---
    RMSE omega (GP): 0.011475 | RMSE omega (Sim): 0.107390
    Loss: 3.2985 | Epoch: 1497
    Eq omega: -0.008191 + -0.75314theta + -0.00465omega + -0.00133theta^2 + 0.00046theta omega + 0.00112omega^2
    Eq omega Phys: 0.000363*omega**2 + 5.0e-6*omega*theta - 0.000154*omega - 0.000837*theta - 0.000251
    Diffusion: theta=1.951184e-03, omega=6.528060e-05

--- Chunk 24442 (23/220) | Start: 2024-11-12 23:10:00 ---
    RMSE omega (GP): 0.010103 | RMSE omega (Sim): 0.170336
    Loss: 0.7358 | Epoch: 897
    Eq omega: -0.001271 + -0.47475theta + -0.02642omega + 0.01428theta^2 + 0.00298theta omega + -0.00678omega^2
    Eq omega Phys: -0.001981*omega**2 + 2.9e-5*omega*theta - 0.001108*omega + 5.0e-6*theta**2 - 0.0006*theta + 0.004413
    Diffusion: theta=4.562657e-04, omega=6.366916e-05

--- Chunk 24443 (24/220) | Start: 2024-11-12 23:15:00 ---
    RMSE omega (GP): 0.016731 | RMSE omega (Sim): 0.107763
    Loss: -387.8970 | Epoch: 1218
    Eq omega: -0.001961 + 0.00087theta + 0.00028omega + 0.00017theta^2 + 0.00015theta omega + 0.00022omega^2
    Eq omega Phys: 9.0e-5*omega**2 + 2.0e-6*omega*theta - 1.9e-5*omega - 1.0e-6*theta - 4.0e-6
    Diffusion: theta=8.630284e-03, omega=3.844329e-05

--- Chunk 24444 (25/220) | Start: 2024-11-12 23:20:00 ---
    RMSE omega (GP): nan | RMSE omega (Sim): nan
    Loss: 177.6024 | Epoch: 80
    Eq omega: nan1 + nantheta + nanomega + nantheta^2 + nantheta omega + nanomega^2
    Eq omega Phys: N/A
    Diffusion: theta=nan, omega=nan

--- Chunk 24445 (26/220) | Start: 2024-11-12 23:25:00 ---
    RMSE omega (GP): nan | RMSE omega (Sim): nan
    Loss: 622.4758 | Epoch: 29
    Eq omega: nan1 + nantheta + nanomega + nantheta^2 + nantheta omega + nanomega^2
    Eq omega Phys: N/A
    Diffusion: theta=nan, omega=nan

--- Chunk 24446 (27/220) | Start: 2024-11-12 23:30:00 ---
    RMSE omega (GP): 0.009449 | RMSE omega (Sim): 0.103694
    Loss: 9.5469 | Epoch: 2506
    Eq omega: 0.000681 + 0.00053theta + 0.00125omega + 0.00089theta^2 + 0.00023theta omega + -0.00055omega^2
    Eq omega Phys: -0.000297*omega**2 + 4.0e-6*omega*theta + 7.0e-6*omega + 1.0e-6*theta**2 - 8.0e-6*theta + 3.3e-5
    Diffusion: theta=1.670412e-03, omega=2.753458e-05

--- Chunk 24447 (28/220) | Start: 2024-11-12 23:35:00 ---
    RMSE omega (GP): 0.043870 | RMSE omega (Sim): 0.089088
    Loss: 193.1749 | Epoch: 42
    Eq omega: 0.007781 + -0.00081theta + 0.00187omega + -0.00037theta^2 + -0.00003theta omega + 0.00360omega^2
    Eq omega Phys: 0.001532*omega**2 + 6.9e-5*omega + 5.0e-6*theta - 1.1e-5
    Diffusion: theta=nan, omega=nan

--- Chunk 24448 (29/220) | Start: 2024-11-12 23:40:00 ---
    RMSE omega (GP): 0.009260 | RMSE omega (Sim): 0.099003
    Loss: 13.9062 | Epoch: 3214
    Eq omega: -0.000041 + 0.00035theta + -0.00908omega + 0.00001theta^2 + 0.00008theta omega + -0.00009omega^2
    Eq omega Phys: -5.8e-5*omega**2 + 2.0e-6*omega*theta - 0.000342*omega - 5.0e-6
    Diffusion: theta=5.143069e-04, omega=2.205248e-05

--- Chunk 24449 (30/220) | Start: 2024-11-12 23:45:00 ---
    RMSE omega (GP): 0.009022 | RMSE omega (Sim): 0.183621
    Loss: -0.1950 | Epoch: 1069
    Eq omega: 0.001311 + -1.01230theta + -0.00520omega + 0.01023theta^2 + -0.00819theta omega + -0.03345omega^2
    Eq omega Phys: -0.00946*omega**2 - 7.7e-5*omega*theta + 0.000256*omega + 3.0e-6*theta**2 - 0.001161*theta + 0.006354
    Diffusion: theta=2.641082e-03, omega=6.508463e-05

--- Chunk 24450 (31/220) | Start: 2024-11-12 23:50:00 ---
    RMSE omega (GP): 0.009305 | RMSE omega (Sim): 0.097834
    Loss: 2.6987 | Epoch: 1368
    Eq omega: 0.004201 + -0.00131theta + 0.00246omega + -0.00019theta^2 + 0.00025theta omega + -0.00450omega^2
    Eq omega Phys: -0.001785*omega**2 + 3.0e-6*omega*theta + 3.8e-5*omega + 1.0e-6*theta + 1.6e-5
    Diffusion: theta=1.695007e-03, omega=3.338202e-05

--- Chunk 24451 (32/220) | Start: 2024-11-12 23:55:00 ---
    RMSE omega (GP): nan | RMSE omega (Sim): nan
    Loss: 141.3201 | Epoch: 28
    Eq omega: nan1 + nantheta + nanomega + nantheta^2 + nantheta omega + nanomega^2
    Eq omega Phys: N/A
    Diffusion: theta=nan, omega=nan

--- Chunk 24452 (33/220) | Start: 2024-11-13 00:00:00 ---
    RMSE omega (GP): 0.027202 | RMSE omega (Sim): 0.030408
    Loss: 212.1763 | Epoch: 465
    Eq omega: -0.009101 + -0.00238theta + -0.00404omega + 0.00020theta^2 + -0.00569theta omega + -0.00138omega^2
    Eq omega Phys: -0.001047*omega**2 - 0.000144*omega*theta + 0.005504*omega - 1.6e-5*theta + 0.000349
    Diffusion: theta=1.552234e-03, omega=2.715437e-07

--- Chunk 24453 (34/220) | Start: 2024-11-13 00:05:00 ---
    RMSE omega (GP): 0.011456 | RMSE omega (Sim): 0.098969
    Loss: 25.0307 | Epoch: 2208
    Eq omega: -0.046901 + -0.42007theta + 0.01323omega + 0.00081theta^2 + 0.12135theta omega + -0.00254omega^2
    Eq omega Phys: -0.001725*omega**2 + 0.002746*omega*theta - 0.059351*omega + 1.0e-6*theta**2 - 0.000493*theta + 0.010375
    Diffusion: theta=1.473670e-03, omega=8.555479e-06

--- Chunk 24454 (35/220) | Start: 2024-11-13 00:10:00 ---
    RMSE omega (GP): 0.008779 | RMSE omega (Sim): 0.088515
    Loss: 3.8585 | Epoch: 743
    Eq omega: -0.003671 + -0.00425theta + 0.00056omega + 0.02211theta^2 + -0.00373theta omega + -0.00062omega^2
    Eq omega Phys: -0.000275*omega**2 - 5.5e-5*omega*theta - 0.000147*omega + 1.1e-5*theta**2 + 6.1e-5*theta + 7.4e-5
    Diffusion: theta=6.665842e-04, omega=4.292188e-05

--- Chunk 24455 (36/220) | Start: 2024-11-13 00:15:00 ---
    RMSE omega (GP): 0.009371 | RMSE omega (Sim): 0.079416
    Loss: -0.5005 | Epoch: 1439
    Eq omega: -0.006571 + -0.11136theta + 0.00052omega + 0.02988theta^2 + 0.00227theta omega + -0.01720omega^2
    Eq omega Phys: -0.00546*omega**2 + 2.4e-5*omega*theta + 0.000261*omega + 1.1e-5*theta**2 + 9.0e-5*theta - 0.000193
    Diffusion: theta=3.460143e-04, omega=3.940016e-05

--- Chunk 24456 (37/220) | Start: 2024-11-13 00:20:00 ---
    RMSE omega (GP): 0.038720 | RMSE omega (Sim): 0.052600
    Loss: 210.7886 | Epoch: 72
    Eq omega: -0.016591 + -0.05071theta + -0.00022omega + -0.00740theta^2 + 0.00192theta omega + 0.01482omega^2
    Eq omega Phys: 0.0078*omega**2 + 3.4e-5*omega*theta + 0.000427*omega - 4.0e-6*theta**2 - 0.000168*theta - 0.001479
    Diffusion: theta=2.157539e-03, omega=5.309309e-06

--- Chunk 24457 (38/220) | Start: 2024-11-13 00:25:00 ---
    RMSE omega (GP): nan | RMSE omega (Sim): nan
    Loss: 66.4783 | Epoch: 55
    Eq omega: nan1 + nantheta + nanomega + nantheta^2 + nantheta omega + nanomega^2
    Eq omega Phys: N/A
    Diffusion: theta=nan, omega=nan

--- Chunk 24458 (39/220) | Start: 2024-11-13 00:30:00 ---
    RMSE omega (GP): nan | RMSE omega (Sim): nan
    Loss: 237.5552 | Epoch: 52
    Eq omega: nan1 + nantheta + nanomega + nantheta^2 + nantheta omega + nanomega^2
    Eq omega Phys: N/A
    Diffusion: theta=nan, omega=nan

--- Chunk 24459 (40/220) | Start: 2024-11-13 00:35:00 ---
    RMSE omega (GP): 0.009725 | RMSE omega (Sim): 0.129210
    Loss: 3.5825 | Epoch: 1709
    Eq omega: 0.004311 + 0.00050theta + 0.00416omega + 0.00031theta^2 + -0.00018theta omega + -0.00010omega^2
    Eq omega Phys: -4.0e-5*omega**2 - 2.0e-6*omega*theta + 0.000115*omega + 3.0e-6*theta + 3.1e-5
    Diffusion: theta=4.662887e-04, omega=4.631102e-05

--- Chunk 24460 (41/220) | Start: 2024-11-13 00:40:00 ---
    RMSE omega (GP): 0.010767 | RMSE omega (Sim): 0.065565
    Loss: 21.9626 | Epoch: 2680
    Eq omega: -0.004761 + -0.00003theta + -0.00343omega + -0.00002theta^2 + 0.00005theta omega + 0.00011omega^2
    Eq omega Phys: 8.3e-5*omega**2 + 1.0e-6*omega*theta - 7.7e-5*omega - 1.0e-6*theta - 2.2e-5
    Diffusion: theta=6.709254e-04, omega=1.241244e-05

--- Chunk 24461 (42/220) | Start: 2024-11-13 00:45:00 ---
    RMSE omega (GP): 0.007567 | RMSE omega (Sim): 0.127704
    Loss: -0.2192 | Epoch: 672
    Eq omega: 0.002121 + -0.04860theta + 0.00058omega + 0.00410theta^2 + 0.00147theta omega + -0.00003omega^2
    Eq omega Phys: -1.0e-5*omega**2 + 1.7e-5*omega*theta + 5.7e-5*omega + 2.0e-6*theta**2 - 4.7e-5*theta - 0.000107
    Diffusion: theta=1.250973e-04, omega=5.581474e-05

--- Chunk 24462 (43/220) | Start: 2024-11-13 00:50:00 ---
    RMSE omega (GP): 0.008194 | RMSE omega (Sim): 0.187825
    Loss: -0.1538 | Epoch: 918
    Eq omega: -0.036631 + -0.52882theta + -0.02173omega + -0.00664theta^2 + 0.00007theta omega + -0.00427omega^2
    Eq omega Phys: -0.001359*omega**2 + 1.0e-6*omega*theta - 0.000729*omega - 2.0e-6*theta**2 - 0.00056*theta + 0.003207
    Diffusion: theta=3.779772e-04, omega=5.193672e-05

--- Chunk 24463 (44/220) | Start: 2024-11-13 00:55:00 ---
    RMSE omega (GP): 0.057533 | RMSE omega (Sim): 0.079649
    Loss: 295.4711 | Epoch: 27
    Eq omega: 0.000831 + -0.00109theta + -0.00135omega + -0.00029theta^2 + 0.00110theta omega + 0.00019omega^2
    Eq omega Phys: 8.0e-5*omega**2 + 1.5e-5*omega*theta + 0.000123*omega - 4.0e-6*theta - 2.7e-5
    Diffusion: theta=5.973720e-03, omega=8.659185e-06

--- Chunk 24464 (45/220) | Start: 2024-11-13 01:00:00 ---
    RMSE omega (GP): 0.008359 | RMSE omega (Sim): 0.160605
    Loss: -0.2812 | Epoch: 1072
    Eq omega: 0.003881 + -0.00227theta + 0.00223omega + -0.00083theta^2 + -0.00010theta omega + 0.00163omega^2
    Eq omega Phys: 0.000507*omega**2 - 1.0e-6*omega*theta + 6.1e-5*omega - 1.0e-5*theta - 6.9e-5
    Diffusion: theta=1.075753e-03, omega=4.554563e-05

--- Chunk 24465 (46/220) | Start: 2024-11-13 01:05:00 ---
    RMSE omega (GP): 0.008422 | RMSE omega (Sim): 0.075133
    Loss: 0.2120 | Epoch: 1133
    Eq omega: -0.010251 + -0.28395theta + -0.02696omega + -0.00177theta^2 + 0.00869theta omega + 0.00804omega^2
    Eq omega Phys: 0.002716*omega**2 + 9.8e-5*omega*theta - 0.000263*omega - 0.e-6*theta**2 - 0.000324*theta - 0.00211
    Diffusion: theta=3.554323e-04, omega=3.522953e-05

--- Chunk 24466 (47/220) | Start: 2024-11-13 01:10:00 ---
    RMSE omega (GP): nan | RMSE omega (Sim): nan
    Loss: 239.6146 | Epoch: 72
    Eq omega: nan1 + nantheta + nanomega + nantheta^2 + nantheta omega + nanomega^2
    Eq omega Phys: N/A
    Diffusion: theta=nan, omega=nan

--- Chunk 24467 (48/220) | Start: 2024-11-13 01:15:00 ---
    RMSE omega (GP): 0.010896 | RMSE omega (Sim): 0.120589
    Loss: 2.6210 | Epoch: 1385
    Eq omega: -0.000421 + 0.00134theta + -0.00066omega + -0.00151theta^2 + -0.00241theta omega + -0.00102omega^2
    Eq omega Phys: -0.000341*omega**2 - 2.7e-5*omega*theta + 6.0e-6*omega - 0.e-6*theta**2 + 3.0e-6*theta - 4.0e-6
    Diffusion: theta=2.221452e-04, omega=6.309486e-05

--- Chunk 24468 (49/220) | Start: 2024-11-13 01:20:00 ---
    RMSE omega (GP): 0.009202 | RMSE omega (Sim): 0.131862
    Loss: 1.3901 | Epoch: 1143
    Eq omega: -0.002411 + -0.00341theta + 0.00074omega + 0.00282theta^2 + 0.00385theta omega + -0.00089omega^2
    Eq omega Phys: -0.000305*omega**2 + 4.4e-5*omega*theta + 0.000262*omega + 1.0e-6*theta**2 + 8.0e-6*theta + 3.0e-6
    Diffusion: theta=5.831543e-04, omega=8.832521e-05

--- Chunk 24469 (50/220) | Start: 2024-11-13 01:25:00 ---
    RMSE omega (GP): nan | RMSE omega (Sim): nan
    Loss: 45.6614 | Epoch: 141
    Eq omega: nan1 + nantheta + nanomega + nantheta^2 + nantheta omega + nanomega^2
    Eq omega Phys: N/A
    Diffusion: theta=nan, omega=nan

  [Progress 50/220] Mean RMSE omega (GP): 0.014391 | (Sim): 0.111018 | Mean loss: 119.3096 | Valid GP: 38/50 | Valid Sim: 38/50 | Elapsed: 17.1min | ETA: 58.1min

--- Chunk 24470 (51/220) | Start: 2024-11-13 01:30:00 ---
    RMSE omega (GP): 0.009515 | RMSE omega (Sim): 0.139624
    Loss: 0.1287 | Epoch: 1455
    Eq omega: -0.043931 + -1.42420theta + 0.00958omega + -0.01448theta^2 + 0.00320theta omega + -0.00227omega^2
    Eq omega Phys: -0.00066*omega**2 + 3.1e-5*omega*theta + 0.000242*omega - 5.0e-6*theta**2 - 0.001559*theta + 0.003734
    Diffusion: theta=5.044585e-04, omega=9.859279e-05

--- Chunk 24471 (52/220) | Start: 2024-11-13 01:35:00 ---
    RMSE omega (GP): 0.010761 | RMSE omega (Sim): 0.151350
    Loss: 3.3253 | Epoch: 1131
    Eq omega: -0.004051 + -0.58706theta + -0.01331omega + -0.00893theta^2 + 0.01333theta omega + 0.00496omega^2
    Eq omega Phys: 0.001754*omega**2 + 0.000157*omega*theta + 0.000326*omega - 4.0e-6*theta**2 - 0.000687*theta - 0.003293
    Diffusion: theta=3.843036e-04, omega=4.458399e-05

--- Chunk 24472 (53/220) | Start: 2024-11-13 01:40:00 ---
    RMSE omega (GP): 0.008780 | RMSE omega (Sim): 0.108058
    Loss: 1.1979 | Epoch: 1584
    Eq omega: 0.003561 + -0.00158theta + -0.00086omega + 0.00007theta^2 + 0.00006theta omega + -0.00037omega^2
    Eq omega Phys: -0.000127*omega**2 + 1.0e-6*omega*theta - 3.3e-5*omega - 2.0e-6*theta + 2.4e-5
    Diffusion: theta=1.579360e-03, omega=4.618629e-05

--- Chunk 24473 (54/220) | Start: 2024-11-13 01:45:00 ---
    RMSE omega (GP): 0.010740 | RMSE omega (Sim): 0.140744
    Loss: 4.7602 | Epoch: 1029
    Eq omega: -0.000591 + -0.00492theta + 0.00298omega + 0.00143theta^2 + -0.00252theta omega + 0.00317omega^2
    Eq omega Phys: 0.00122*omega**2 - 3.2e-5*omega*theta + 0.000321*omega + 1.0e-6*theta**2 - 1.4e-5*theta + 6.5e-5
    Diffusion: theta=5.340681e-04, omega=5.515357e-05

--- Chunk 24474 (55/220) | Start: 2024-11-13 01:50:00 ---
    RMSE omega (GP): 0.009766 | RMSE omega (Sim): 0.135057
    Loss: 3.5762 | Epoch: 2270
    Eq omega: 0.000611 + -0.00173theta + 0.00005omega + 0.00043theta^2 + -0.00028theta omega + 0.00030omega^2
    Eq omega Phys: 0.00012*omega**2 - 4.0e-6*omega*theta + 6.0e-5*omega - 8.0e-6*theta + 7.8e-5
    Diffusion: theta=1.316857e-03, omega=3.310926e-05

--- Chunk 24475 (56/220) | Start: 2024-11-13 01:55:00 ---
    RMSE omega (GP): nan | RMSE omega (Sim): nan
    Loss: 23240.7715 | Epoch: 15
    Eq omega: nan1 + nantheta + nanomega + nantheta^2 + nantheta omega + nanomega^2
    Eq omega Phys: N/A
    Diffusion: theta=nan, omega=nan

--- Chunk 24476 (57/220) | Start: 2024-11-13 02:00:00 ---
    RMSE omega (GP): 0.008830 | RMSE omega (Sim): 0.097004
    Loss: 1.0312 | Epoch: 1059
    Eq omega: 0.000511 + -0.00096theta + 0.00042omega + 0.00009theta^2 + -0.00176theta omega + -0.00173omega^2
    Eq omega Phys: -0.000604*omega**2 - 2.0e-5*omega*theta + 8.0e-6*omega - 1.0e-6*theta + 1.0e-6
    Diffusion: theta=9.796944e-04, omega=5.056911e-05

--- Chunk 24477 (58/220) | Start: 2024-11-13 02:05:00 ---
    RMSE omega (GP): 0.009773 | RMSE omega (Sim): 0.069862
    Loss: -0.9462 | Epoch: 1731
    Eq omega: 0.037121 + -0.12959theta + -0.00959omega + -0.03622theta^2 + -0.01765theta omega + 0.02159omega^2
    Eq omega Phys: 0.005064*omega**2 - 0.000138*omega*theta + 0.002188*omega - 9.0e-6*theta**2 + 0.000199*theta - 0.000325
    Diffusion: theta=1.242271e-03, omega=4.939234e-05

--- Chunk 24478 (59/220) | Start: 2024-11-13 02:10:00 ---
    RMSE omega (GP): 0.045954 | RMSE omega (Sim): 0.097337
    Loss: 135.3010 | Epoch: 64
    Eq omega: -0.005951 + -0.04873theta + -0.00614omega + 0.00004theta^2 + 0.00439theta omega + 0.00025omega^2
    Eq omega Phys: 9.1e-5*omega**2 + 5.3e-5*omega*theta + 0.00039*omega - 5.4e-5*theta - 0.000619
    Diffusion: theta=1.504891e-03, omega=6.232879e-06

--- Chunk 24479 (60/220) | Start: 2024-11-13 02:15:00 ---
    RMSE omega (GP): 0.009841 | RMSE omega (Sim): 0.143405
    Loss: 3.4872 | Epoch: 2349
    Eq omega: 0.007461 + -0.02674theta + -0.00067omega + 0.00052theta^2 + 0.00150theta omega + -0.00243omega^2
    Eq omega Phys: -0.000933*omega**2 + 1.9e-5*omega*theta - 0.000346*omega - 3.7e-5*theta + 0.000586
    Diffusion: theta=4.990064e-04, omega=4.492820e-05

--- Chunk 24480 (61/220) | Start: 2024-11-13 02:20:00 ---
    RMSE omega (GP): 0.008286 | RMSE omega (Sim): 0.089896
    Loss: -1.7671 | Epoch: 1232
    Eq omega: -0.004791 + -0.66144theta + 0.05604omega + -0.01027theta^2 + 0.15064theta omega + 0.01191omega^2
    Eq omega Phys: 0.003025*omega**2 + 0.001275*omega*theta + 0.001653*omega - 3.0e-6*theta**2 - 0.000734*theta + 0.000103
    Diffusion: theta=9.910747e-04, omega=3.913652e-05

--- Chunk 24481 (62/220) | Start: 2024-11-13 02:25:00 ---
    RMSE omega (GP): nan | RMSE omega (Sim): nan
    Loss: 287.2565 | Epoch: 31
    Eq omega: nan1 + nantheta + nanomega + nantheta^2 + nantheta omega + nanomega^2
    Eq omega Phys: N/A
    Diffusion: theta=nan, omega=nan

--- Chunk 24482 (63/220) | Start: 2024-11-13 02:30:00 ---
    RMSE omega (GP): 0.009543 | RMSE omega (Sim): 0.112428
    Loss: 1.5865 | Epoch: 1494
    Eq omega: 0.000001 + -0.00061theta + -0.00160omega + 0.00004theta^2 + 0.00071theta omega + 0.00464omega^2
    Eq omega Phys: 0.001601*omega**2 + 8.0e-6*omega*theta - 0.000111*omega - 0.e-6*theta + 6.0e-6
    Diffusion: theta=2.390127e-03, omega=4.638627e-05

--- Chunk 24483 (64/220) | Start: 2024-11-13 02:35:00 ---
    RMSE omega (GP): 0.022527 | RMSE omega (Sim): 0.081160
    Loss: 37.6663 | Epoch: 65
    Eq omega: -0.000351 + 0.00113theta + 0.00258omega + 0.00106theta^2 + -0.00010theta omega + 0.00412omega^2
    Eq omega Phys: 0.001684*omega**2 - 1.0e-6*omega*theta + 9.2e-5*omega - 3.0e-6*theta + 3.0e-6
    Diffusion: theta=4.372160e-03, omega=2.717966e-05

--- Chunk 24484 (65/220) | Start: 2024-11-13 02:40:00 ---
    RMSE omega (GP): 0.011392 | RMSE omega (Sim): 0.112210
    Loss: 2.0866 | Epoch: 1820
    Eq omega: -0.001311 + -0.00337theta + -0.00172omega + 0.00033theta^2 + 0.00253theta omega + 0.00228omega^2
    Eq omega Phys: 0.000687*omega**2 + 2.5e-5*omega*theta - 0.000383*omega - 7.0e-6*theta + 6.1e-5
    Diffusion: theta=2.901990e-04, omega=6.426118e-05

--- Chunk 24485 (66/220) | Start: 2024-11-13 02:45:00 ---
    RMSE omega (GP): nan | RMSE omega (Sim): nan
    Loss: 3545.1494 | Epoch: 40
    Eq omega: nan1 + nantheta + nanomega + nantheta^2 + nantheta omega + nanomega^2
    Eq omega Phys: N/A
    Diffusion: theta=nan, omega=nan

--- Chunk 24486 (67/220) | Start: 2024-11-13 02:50:00 ---
    RMSE omega (GP): nan | RMSE omega (Sim): nan
    Loss: 1292.9263 | Epoch: 49
    Eq omega: nan1 + nantheta + nanomega + nantheta^2 + nantheta omega + nanomega^2
    Eq omega Phys: N/A
    Diffusion: theta=nan, omega=nan

--- Chunk 24487 (68/220) | Start: 2024-11-13 02:55:00 ---
    RMSE omega (GP): nan | RMSE omega (Sim): nan
    Loss: 217.1744 | Epoch: 41
    Eq omega: nan1 + nantheta + nanomega + nantheta^2 + nantheta omega + nanomega^2
    Eq omega Phys: N/A
    Diffusion: theta=nan, omega=nan

--- Chunk 24488 (69/220) | Start: 2024-11-13 03:00:00 ---
    RMSE omega (GP): nan | RMSE omega (Sim): nan
    Loss: 168.6010 | Epoch: 16
    Eq omega: nan1 + nantheta + nanomega + nantheta^2 + nantheta omega + nanomega^2
    Eq omega Phys: N/A
    Diffusion: theta=nan, omega=nan

--- Chunk 24489 (70/220) | Start: 2024-11-13 03:05:00 ---
    RMSE omega (GP): 0.023482 | RMSE omega (Sim): 0.128119
    Loss: 16.5439 | Epoch: 689
    Eq omega: -0.160721 + -0.15766theta + 0.00132omega + -0.00049theta^2 + 0.02846theta omega + -0.00295omega^2
    Eq omega Phys: -0.00083*omega**2 + 0.000267*omega*theta - 0.010222*omega - 0.000163*theta + 0.005877
    Diffusion: theta=2.169725e-03, omega=1.013851e-05

--- Chunk 24490 (71/220) | Start: 2024-11-13 03:10:00 ---
    RMSE omega (GP): 0.009810 | RMSE omega (Sim): 0.114734
    Loss: 3.2871 | Epoch: 1505
    Eq omega: -0.007931 + 0.00005theta + 0.00030omega + 0.00020theta^2 + 0.00019theta omega + -0.00163omega^2
    Eq omega Phys: -0.000657*omega**2 + 3.0e-6*omega*theta + 5.2e-5*omega + 3.0e-6*theta + 4.0e-6
    Diffusion: theta=6.146181e-04, omega=4.400265e-05

--- Chunk 24491 (72/220) | Start: 2024-11-13 03:15:00 ---
    RMSE omega (GP): 0.007970 | RMSE omega (Sim): 0.104129
    Loss: -1.2054 | Epoch: 899
    Eq omega: 0.005611 + -0.40549theta + 0.00038omega + 0.01151theta^2 + -0.00293theta omega + -0.02938omega^2
    Eq omega Phys: -0.008274*omega**2 - 2.8e-5*omega*theta - 6.6e-5*omega + 4.0e-6*theta**2 - 0.00043*theta - 0.001235
    Diffusion: theta=4.760678e-04, omega=7.636203e-05

--- Chunk 24492 (73/220) | Start: 2024-11-13 03:20:00 ---
    RMSE omega (GP): 0.017215 | RMSE omega (Sim): 0.090073
    Loss: -65.5757 | Epoch: 460
    Eq omega: 0.001711 + -0.00582theta + -0.00328omega + 0.00152theta^2 + -0.00010theta omega + 0.00144omega^2
    Eq omega Phys: 0.000553*omega**2 - 1.0e-6*omega*theta - 0.000107*omega + 1.0e-6*theta**2 - 9.0e-6*theta + 2.1e-5
    Diffusion: theta=7.101387e-01, omega=7.461908e-04

--- Chunk 24493 (74/220) | Start: 2024-11-13 03:25:00 ---
    RMSE omega (GP): nan | RMSE omega (Sim): nan
    Loss: 257.1130 | Epoch: 31
    Eq omega: nan1 + nantheta + nanomega + nantheta^2 + nantheta omega + nanomega^2
    Eq omega Phys: N/A
    Diffusion: theta=nan, omega=nan

--- Chunk 24494 (75/220) | Start: 2024-11-13 03:30:00 ---
    RMSE omega (GP): 0.009489 | RMSE omega (Sim): 0.123128
    Loss: 6.6664 | Epoch: 1987
    Eq omega: -0.001651 + -0.00101theta + -0.00630omega + 0.00014theta^2 + -0.00043theta omega + 0.00079omega^2
    Eq omega Phys: 0.000379*omega**2 - 7.0e-6*omega*theta - 0.000106*omega - 3.0e-6*theta + 3.0e-5
    Diffusion: theta=3.668511e-04, omega=2.898169e-05

--- Chunk 24495 (76/220) | Start: 2024-11-13 03:35:00 ---
    RMSE omega (GP): 0.007729 | RMSE omega (Sim): 0.115923
    Loss: 0.6800 | Epoch: 2191
    Eq omega: -0.004111 + -0.00040theta + 0.00151omega + 0.00039theta^2 + -0.00019theta omega + 0.00040omega^2
    Eq omega Phys: 0.000147*omega**2 - 2.0e-6*omega*theta + 9.3e-5*omega - 6.0e-6*theta + 5.0e-5
    Diffusion: theta=3.097463e-04, omega=4.481556e-05

--- Chunk 24496 (77/220) | Start: 2024-11-13 03:40:00 ---
    RMSE omega (GP): nan | RMSE omega (Sim): nan
    Loss: 305.0228 | Epoch: 32
    Eq omega: nan1 + nantheta + nanomega + nantheta^2 + nantheta omega + nanomega^2
    Eq omega Phys: N/A
    Diffusion: theta=nan, omega=nan

--- Chunk 24497 (78/220) | Start: 2024-11-13 03:45:00 ---
    RMSE omega (GP): 0.013908 | RMSE omega (Sim): 0.147075
    Loss: 1.5667 | Epoch: 1292
    Eq omega: -0.001011 + -0.00094theta + -0.00019omega + 0.00002theta^2 + -0.00021theta omega + -0.00063omega^2
    Eq omega Phys: -0.000152*omega**2 - 2.0e-6*omega*theta - 6.0e-6*omega - 1.0e-6*theta - 4.0e-6
    Diffusion: theta=2.405956e-03, omega=7.945884e-05

--- Chunk 24498 (79/220) | Start: 2024-11-13 03:50:00 ---
    RMSE omega (GP): 0.013709 | RMSE omega (Sim): 0.107911
    Loss: 6.9194 | Epoch: 1676
    Eq omega: -0.001131 + -0.00009theta + -0.00073omega + -0.00004theta^2 + -0.00002theta omega + -0.00023omega^2
    Eq omega Phys: -7.8e-5*omega**2 - 2.1e-5*omega - 6.0e-6
    Diffusion: theta=1.048796e-03, omega=4.410376e-05

--- Chunk 24499 (80/220) | Start: 2024-11-13 03:55:00 ---
    RMSE omega (GP): 0.009547 | RMSE omega (Sim): 0.140274
    Loss: 1.2465 | Epoch: 1210
    Eq omega: -0.003591 + 0.00201theta + -0.02088omega + -0.00705theta^2 + 0.02492theta omega + -0.00192omega^2
    Eq omega Phys: -0.000623*omega**2 + 0.00027*omega*theta - 0.002204*omega - 3.0e-6*theta**2 + 3.1e-5*theta - 0.000104
    Diffusion: theta=1.900269e-03, omega=7.337028e-05

--- Chunk 24500 (81/220) | Start: 2024-11-13 04:00:00 ---
    RMSE omega (GP): 0.008734 | RMSE omega (Sim): 0.113984
    Loss: 0.3048 | Epoch: 1614
    Eq omega: 0.000041 + 0.00016theta + 0.00087omega + -0.00018theta^2 + 0.00047theta omega + 0.00093omega^2
    Eq omega Phys: 0.000271*omega**2 + 5.0e-6*omega*theta - 3.0e-5*omega + 2.0e-6*theta - 1.2e-5
    Diffusion: theta=2.054309e-03, omega=5.377151e-05

--- Chunk 24501 (82/220) | Start: 2024-11-13 04:05:00 ---
    RMSE omega (GP): 0.011565 | RMSE omega (Sim): 0.055911
    Loss: 18.6279 | Epoch: 2015
    Eq omega: 0.003351 + 0.00026theta + -0.00028omega + -0.00002theta^2 + -0.00020theta omega + -0.00033omega^2
    Eq omega Phys: -0.000197*omega**2 - 4.0e-6*omega*theta + 5.3e-5*omega + 1.0e-6*theta - 1.0e-6
    Diffusion: theta=2.132571e-04, omega=3.058084e-05

--- Chunk 24502 (83/220) | Start: 2024-11-13 04:10:00 ---
/pfs/data6/home/ka/ka_iai/ka_bj2362/dsr/svise/run_analysis_5min_all_chunks_combo38.py:212: ODEintWarning: Excess work done on this call (perhaps wrong Dfun type). Run with full_output = 1 to get quantitative information.
  sol_scaled = odeint(drift, x0_scaled, t_scaled, full_output=False)
    RMSE omega (GP): 0.008528 | RMSE omega (Sim): nan
    Loss: -1.0682 | Epoch: 1507
    Eq omega: -1.045601 + -0.75056theta + 0.14442omega + 0.54054theta^2 + 0.04475theta omega + 0.13239omega^2
    Eq omega Phys: 0.035034*omega**2 + 0.000395*omega*theta + 0.005117*omega + 0.000159*theta**2 - 0.00059*theta - 0.004936
    Diffusion: theta=3.820450e-04, omega=7.769425e-05

--- Chunk 24503 (84/220) | Start: 2024-11-13 04:15:00 ---
    RMSE omega (GP): 0.009013 | RMSE omega (Sim): 0.271455
    Loss: -1.0362 | Epoch: 1875
    Eq omega: 0.000071 + -0.00205theta + 0.00017omega + 0.00022theta^2 + 0.00072theta omega + -0.00052omega^2
    Eq omega Phys: -0.000135*omega**2 + 6.0e-6*omega*theta + 2.2e-5*omega - 2.0e-6*theta - 5.0e-6
    Diffusion: theta=2.780531e-04, omega=5.619482e-05

--- Chunk 24504 (85/220) | Start: 2024-11-13 04:20:00 ---
    RMSE omega (GP): 0.011284 | RMSE omega (Sim): 0.156423
    Loss: 1.0833 | Epoch: 959
    Eq omega: 0.006421 + -0.65005theta + -0.00018omega + 0.00179theta^2 + 0.01818theta omega + -0.00195omega^2
    Eq omega Phys: -0.000572*omega**2 + 0.000178*omega*theta + 0.000896*omega + 1.0e-6*theta**2 - 0.000716*theta - 0.003627
    Diffusion: theta=5.694561e-04, omega=5.346155e-05

--- Chunk 24505 (86/220) | Start: 2024-11-13 04:25:00 ---
    RMSE omega (GP): 0.008241 | RMSE omega (Sim): 0.135879
    Loss: -1.0855 | Epoch: 2053
    Eq omega: 0.713551 + -0.64375theta + 0.00036omega + -0.53123theta^2 + 0.00292theta omega + 0.00266omega^2
    Eq omega Phys: 0.000736*omega**2 + 2.7e-5*omega*theta + 0.000131*omega - 0.000163*theta**2 - 0.002155*theta - 0.003461
    Diffusion: theta=3.463902e-04, omega=6.695477e-05

--- Chunk 24506 (87/220) | Start: 2024-11-13 04:30:00 ---
    RMSE omega (GP): 0.008547 | RMSE omega (Sim): 0.180099
    Loss: -0.5335 | Epoch: 1285
    Eq omega: 0.006071 + -0.00680theta + 0.00138omega + -0.00282theta^2 + -0.00054theta omega + 0.00281omega^2
    Eq omega Phys: 0.000791*omega**2 - 5.0e-6*omega*theta + 2.8e-5*omega - 0.e-6*theta**2 - 1.4e-5*theta - 1.5e-5
    Diffusion: theta=8.077493e-04, omega=7.382744e-05

--- Chunk 24507 (88/220) | Start: 2024-11-13 04:35:00 ---
    RMSE omega (GP): 0.009340 | RMSE omega (Sim): 0.165335
    Loss: 0.0060 | Epoch: 1310
    Eq omega: 0.003861 + -0.00919theta + 0.00128omega + -0.00047theta^2 + 0.00004theta omega + 0.00031omega^2
    Eq omega Phys: 8.6e-5*omega**2 + 4.4e-5*omega - 1.1e-5*theta - 9.0e-6
    Diffusion: theta=1.930460e-03, omega=6.419437e-05

--- Chunk 24508 (89/220) | Start: 2024-11-13 04:40:00 ---
    RMSE omega (GP): 0.021458 | RMSE omega (Sim): 0.140757
    Loss: 14.2429 | Epoch: 139
    Eq omega: -0.003571 + 0.00010theta + 0.00079omega + 0.00030theta^2 + -0.00404theta omega + 0.00939omega^2
    Eq omega Phys: 0.002616*omega**2 - 3.8e-5*omega*theta - 0.000355*omega + 2.0e-6*theta - 4.0e-6
    Diffusion: theta=nan, omega=nan

--- Chunk 24509 (90/220) | Start: 2024-11-13 04:45:00 ---
    RMSE omega (GP): 0.011503 | RMSE omega (Sim): 0.097476
    Loss: 7.6893 | Epoch: 2323
    Eq omega: 0.022871 + -0.06723theta + -0.07414omega + 0.01907theta^2 + 0.00232theta omega + -0.00690omega^2
    Eq omega Phys: -0.003159*omega**2 + 3.5e-5*omega*theta - 0.003017*omega + 1.0e-5*theta**2 - 0.000374*theta + 0.003508
    Diffusion: theta=4.511852e-04, omega=3.639248e-05

--- Chunk 24510 (91/220) | Start: 2024-11-13 04:50:00 ---
    RMSE omega (GP): 0.016650 | RMSE omega (Sim): 0.041049
    Loss: 110.2400 | Epoch: 1290
    Eq omega: -0.000971 + -0.00014theta + -0.00017omega + -0.00001theta^2 + 0.00001theta omega + -0.00060omega^2
    Eq omega Phys: -0.000568*omega**2 - 1.6e-5*omega + 1.0e-6*theta - 7.0e-6
    Diffusion: theta=9.539099e-04, omega=4.973851e-06

--- Chunk 24511 (92/220) | Start: 2024-11-13 04:55:00 ---
    RMSE omega (GP): 0.010315 | RMSE omega (Sim): 0.033656
    Loss: 45.4697 | Epoch: 2676
    Eq omega: 0.004501 + 0.00027theta + -0.00266omega + 0.00005theta^2 + -0.00017theta omega + -0.00028omega^2
    Eq omega Phys: -0.000279*omega**2 - 6.0e-6*omega*theta + 5.1e-5*omega - 2.0e-6*theta + 3.2e-5
    Diffusion: theta=4.766886e-04, omega=1.596140e-05

--- Chunk 24512 (93/220) | Start: 2024-11-13 05:00:00 ---
    RMSE omega (GP): 0.031110 | RMSE omega (Sim): 0.062821
    Loss: 81.1344 | Epoch: 779
    Eq omega: 0.001561 + -0.00018theta + 0.00115omega + 0.00113theta^2 + -0.01561theta omega + 0.00003omega^2
    Eq omega Phys: 1.3e-5*omega**2 - 0.000222*omega*theta + 0.009358*omega + 1.0e-6*theta**2 - 4.5e-5*theta + 0.000955
    Diffusion: theta=1.928291e-03, omega=1.894439e-06

--- Chunk 24513 (94/220) | Start: 2024-11-13 05:05:00 ---
    RMSE omega (GP): 0.016336 | RMSE omega (Sim): 0.027052
    Loss: 93.7030 | Epoch: 1138
    Eq omega: -0.012751 + -0.01742theta + -0.00573omega + -0.00173theta^2 + 0.00002theta omega + -0.00089omega^2
    Eq omega Phys: -0.000813*omega**2 + 1.0e-6*omega*theta - 0.000208*omega - 2.0e-6*theta**2 + 8.1e-5*theta - 0.000898
    Diffusion: theta=nan, omega=nan

--- Chunk 24514 (95/220) | Start: 2024-11-13 05:10:00 ---
    RMSE omega (GP): 0.037460 | RMSE omega (Sim): 0.156349
    Loss: 53.0759 | Epoch: 74
    Eq omega: -0.000841 + -0.01781theta + -0.00149omega + 0.00115theta^2 + 0.00014theta omega + 0.00042omega^2
    Eq omega Phys: 0.000121*omega**2 + 1.0e-6*omega*theta - 4.9e-5*omega - 1.9e-5*theta - 1.7e-5
    Diffusion: theta=nan, omega=nan

--- Chunk 24515 (96/220) | Start: 2024-11-13 05:15:00 ---
    RMSE omega (GP): 0.013016 | RMSE omega (Sim): 0.064278
    Loss: 35.2588 | Epoch: 2567
    Eq omega: 0.010671 + 0.00131theta + 0.00176omega + -0.00001theta^2 + 0.00070theta omega + 0.00340omega^2
    Eq omega Phys: 0.002625*omega**2 + 1.8e-5*omega*theta - 0.00029*omega + 2.0e-6*theta - 1.6e-5
    Diffusion: theta=5.917527e-04, omega=1.624530e-05

--- Chunk 24516 (97/220) | Start: 2024-11-13 05:20:00 ---
    RMSE omega (GP): 0.012831 | RMSE omega (Sim): 0.024622
    Loss: 128.0046 | Epoch: 1949
    Eq omega: -0.000561 + 0.00001theta + -0.00115omega + -0.00001theta^2 + -0.00001theta omega + 0.00010omega^2
    Eq omega Phys: 0.000137*omega**2 - 2.7e-5*omega + 1.0e-6*theta - 1.1e-5
    Diffusion: theta=4.492892e-04, omega=3.896039e-06

--- Chunk 24517 (98/220) | Start: 2024-11-13 05:25:00 ---
    RMSE omega (GP): 0.010013 | RMSE omega (Sim): 0.023121
    Loss: 103.4541 | Epoch: 2901
    Eq omega: 0.000411 + 0.00001theta + -0.00032omega + -0.00000theta^2 + 0.00000theta omega + 0.00006omega^2
    Eq omega Phys: 8.8e-5*omega**2 - 1.1e-5*omega
    Diffusion: theta=7.541776e-04, omega=4.460243e-06

--- Chunk 24518 (99/220) | Start: 2024-11-13 05:30:00 ---
    RMSE omega (GP): 0.030917 | RMSE omega (Sim): 0.042449
    Loss: 1534.7054 | Epoch: 50
    Eq omega: 0.006211 + 0.00018theta + 0.01828omega + 0.00004theta^2 + 0.00002theta omega + 0.00108omega^2
    Eq omega Phys: 0.001057*omega**2 + 1.0e-6*omega*theta + 0.000593*omega - 2.0e-6*theta + 3.1e-5
    Diffusion: theta=4.869092e-03, omega=2.254950e-06

--- Chunk 24519 (100/220) | Start: 2024-11-13 05:35:00 ---
    RMSE omega (GP): nan | RMSE omega (Sim): nan
    Loss: 1456.7966 | Epoch: 76
    Eq omega: nan1 + nantheta + nanomega + nantheta^2 + nantheta omega + nanomega^2
    Eq omega Phys: N/A
    Diffusion: theta=nan, omega=nan

  [Progress 100/220] Mean RMSE omega (GP): 0.014206 | (Sim): 0.109755 | Mean loss: 391.2113 | Valid GP: 79/100 | Valid Sim: 78/100 | Elapsed: 36.1min | ETA: 43.3min

--- Chunk 24520 (101/220) | Start: 2024-11-13 05:40:00 ---
    RMSE omega (GP): 0.049939 | RMSE omega (Sim): 0.048896
    Loss: 776.3712 | Epoch: 31
    Eq omega: 0.007751 + -0.00010theta + -0.00066omega + 0.00014theta^2 + -0.00005theta omega + 0.00031omega^2
    Eq omega Phys: 0.000216*omega**2 - 1.0e-6*omega*theta - 2.0e-6*omega - 4.0e-6*theta + 4.7e-5
    Diffusion: theta=nan, omega=nan

--- Chunk 24521 (102/220) | Start: 2024-11-13 05:45:00 ---
    RMSE omega (GP): 0.009300 | RMSE omega (Sim): 0.047305
    Loss: 19.1797 | Epoch: 4968
    Eq omega: 0.001701 + 0.00052theta + -0.00126omega + -0.00002theta^2 + -0.00007theta omega + -0.00018omega^2
    Eq omega Phys: -0.000133*omega**2 - 2.0e-6*omega*theta - 6.0e-6*omega + 1.0e-6*theta - 1.6e-5
    Diffusion: theta=1.956935e-03, omega=2.822515e-05

--- Chunk 24522 (103/220) | Start: 2024-11-13 05:50:00 ---
    RMSE omega (GP): 0.010130 | RMSE omega (Sim): 0.088275
    Loss: 4.1305 | Epoch: 1078
    Eq omega: 0.000351 + -0.09566theta + -0.01122omega + 0.00140theta^2 + -0.00478theta omega + 0.00400omega^2
    Eq omega Phys: 0.001543*omega**2 - 6.1e-5*omega*theta - 0.000773*omega + 1.0e-6*theta**2 - 9.8e-5*theta - 0.000664
    Diffusion: theta=9.024246e-04, omega=5.321624e-05

--- Chunk 24523 (104/220) | Start: 2024-11-13 05:55:00 ---
    RMSE omega (GP): nan | RMSE omega (Sim): nan
    Loss: 126.8493 | Epoch: 30
    Eq omega: nan1 + nantheta + nanomega + nantheta^2 + nantheta omega + nanomega^2
    Eq omega Phys: N/A
    Diffusion: theta=nan, omega=nan

--- Chunk 24524 (105/220) | Start: 2024-11-13 06:00:00 ---
    RMSE omega (GP): 0.010150 | RMSE omega (Sim): 0.070625
    Loss: 12.4504 | Epoch: 2669
    Eq omega: 0.003041 + 0.00016theta + 0.00215omega + -0.00007theta^2 + -0.00003theta omega + 0.00162omega^2
    Eq omega Phys: 0.000903*omega**2 - 0.e-6*omega*theta + 8.5e-5*omega + 2.0e-6*theta - 2.2e-5
    Diffusion: theta=3.956615e-04, omega=2.311831e-05

--- Chunk 24525 (106/220) | Start: 2024-11-13 06:05:00 ---
    RMSE omega (GP): 0.013209 | RMSE omega (Sim): 0.062064
    Loss: 25.0533 | Epoch: 1054
    Eq omega: -0.000461 + -0.00015theta + 0.00725omega + 0.00004theta^2 + -0.00008theta omega + -0.00012omega^2
    Eq omega Phys: -7.2e-5*omega**2 - 2.0e-6*omega*theta + 0.000264*omega - 0.e-6*theta + 7.0e-6
    Diffusion: theta=8.094201e-04, omega=2.066697e-05

--- Chunk 24526 (107/220) | Start: 2024-11-13 06:10:00 ---
    RMSE omega (GP): 0.008966 | RMSE omega (Sim): 0.116592
    Loss: -0.6437 | Epoch: 2203
    Eq omega: 0.000171 + -0.33810theta + 0.00589omega + -0.10533theta^2 + 0.03546theta omega + 0.00388omega^2
    Eq omega Phys: 0.001079*omega**2 + 0.000329*omega*theta - 0.004228*omega - 3.3e-5*theta**2 + 0.000501*theta - 0.00084
    Diffusion: theta=3.407361e-04, omega=4.859238e-05

--- Chunk 24527 (108/220) | Start: 2024-11-13 06:15:00 ---
    RMSE omega (GP): 0.009574 | RMSE omega (Sim): 0.060041
    Loss: 16.5729 | Epoch: 1807
    Eq omega: 0.000821 + 0.00025theta + -0.00293omega + 0.00005theta^2 + 0.00006theta omega + -0.00015omega^2
    Eq omega Phys: -9.8e-5*omega**2 + 1.0e-6*omega*theta - 6.4e-5*omega + 2.0e-6*theta + 3.3e-5
    Diffusion: theta=3.325583e-04, omega=2.142411e-05

--- Chunk 24528 (109/220) | Start: 2024-11-13 06:20:00 ---
    RMSE omega (GP): nan | RMSE omega (Sim): nan
    Loss: 637.0166 | Epoch: 33
    Eq omega: nan1 + nantheta + nanomega + nantheta^2 + nantheta omega + nanomega^2
    Eq omega Phys: N/A
    Diffusion: theta=nan, omega=nan

--- Chunk 24529 (110/220) | Start: 2024-11-13 06:25:00 ---
    RMSE omega (GP): 0.008585 | RMSE omega (Sim): 0.087048
    Loss: 2.6073 | Epoch: 1389
    Eq omega: -0.012891 + -0.21308theta + 0.03943omega + 0.08513theta^2 + -0.00404theta omega + -0.03114omega^2
    Eq omega Phys: -0.012628*omega**2 - 5.5e-5*omega*theta + 0.000678*omega + 3.8e-5*theta**2 + 0.000656*theta + 0.002408
    Diffusion: theta=1.471253e-03, omega=2.940261e-05

--- Chunk 24530 (111/220) | Start: 2024-11-13 06:30:00 ---
    RMSE omega (GP): 0.007055 | RMSE omega (Sim): 0.057379
    Loss: -0.4530 | Epoch: 1750
    Eq omega: -0.010891 + -0.66087theta + 0.01281omega + 0.01425theta^2 + 0.23746theta omega + -0.00063omega^2
    Eq omega Phys: -0.000234*omega**2 + 0.002936*omega*theta - 0.006496*omega + 6.0e-6*theta**2 - 0.000762*theta + 0.001732
    Diffusion: theta=2.029701e-04, omega=2.886243e-05

--- Chunk 24531 (112/220) | Start: 2024-11-13 06:35:00 ---
    RMSE omega (GP): 0.008177 | RMSE omega (Sim): 0.121824
    Loss: 0.9845 | Epoch: 1895
    Eq omega: -0.007271 + -0.00069theta + -0.00554omega + 0.00010theta^2 + -0.00125theta omega + 0.00164omega^2
    Eq omega Phys: 0.000613*omega**2 - 1.6e-5*omega*theta - 0.000303*omega - 2.5e-5
    Diffusion: theta=1.856805e-04, omega=3.362152e-05

--- Chunk 24532 (113/220) | Start: 2024-11-13 06:40:00 ---
    RMSE omega (GP): 0.009301 | RMSE omega (Sim): 0.082844
    Loss: 4.1730 | Epoch: 1721
    Eq omega: -0.000521 + 0.00064theta + 0.00041omega + -0.00079theta^2 + -0.00088theta omega + -0.00085omega^2
    Eq omega Phys: -0.000357*omega**2 - 1.2e-5*omega*theta - 0.000146*omega - 9.0e-6*theta - 5.4e-5
    Diffusion: theta=1.857003e-03, omega=4.361914e-05

--- Chunk 24533 (114/220) | Start: 2024-11-13 06:45:00 ---
    RMSE omega (GP): 0.010510 | RMSE omega (Sim): 0.348832
    Loss: 2.4293 | Epoch: 1438
    Eq omega: 0.003181 + -0.01250theta + -0.00725omega + 0.09917theta^2 + 0.00371theta omega + 0.00034omega^2
    Eq omega Phys: 0.000117*omega**2 + 4.3e-5*omega*theta - 0.000416*omega + 3.8e-5*theta**2 - 0.000325*theta + 0.000703
    Diffusion: theta=1.904575e-03, omega=4.535035e-05

--- Chunk 24534 (115/220) | Start: 2024-11-13 06:50:00 ---
    RMSE omega (GP): 0.008065 | RMSE omega (Sim): 0.070597
    Loss: 0.5009 | Epoch: 1083
    Eq omega: 0.001821 + -0.77627theta + -0.00587omega + 0.04854theta^2 + -0.01095theta omega + -0.02466omega^2
    Eq omega Phys: -0.009151*omega**2 - 0.000135*omega*theta - 8.9e-5*omega + 2.0e-5*theta**2 - 0.000894*theta + 0.0007
    Diffusion: theta=2.638509e-04, omega=5.610166e-05

--- Chunk 24535 (116/220) | Start: 2024-11-13 06:55:00 ---
    RMSE omega (GP): nan | RMSE omega (Sim): nan
    Loss: 56.4452 | Epoch: 52
    Eq omega: nan1 + nantheta + nanomega + nantheta^2 + nantheta omega + nanomega^2
    Eq omega Phys: N/A
    Diffusion: theta=nan, omega=nan

--- Chunk 24536 (117/220) | Start: 2024-11-13 07:00:00 ---
    RMSE omega (GP): nan | RMSE omega (Sim): nan
    Loss: 69.7916 | Epoch: 77
    Eq omega: nan1 + nantheta + nanomega + nantheta^2 + nantheta omega + nanomega^2
    Eq omega Phys: N/A
    Diffusion: theta=nan, omega=nan

--- Chunk 24537 (118/220) | Start: 2024-11-13 07:05:00 ---
    RMSE omega (GP): 0.008664 | RMSE omega (Sim): 0.290532
    Loss: -0.4415 | Epoch: 1864
    Eq omega: -0.005181 + -0.00178theta + 0.00360omega + 0.00240theta^2 + 0.00092theta omega + -0.00148omega^2
    Eq omega Phys: -0.000441*omega**2 + 9.0e-6*omega*theta + 0.000111*omega + 1.0e-6*theta**2 - 3.0e-6*theta - 1.7e-5
    Diffusion: theta=4.970061e-04, omega=5.204564e-05

--- Chunk 24538 (119/220) | Start: 2024-11-13 07:10:00 ---
    RMSE omega (GP): 0.008936 | RMSE omega (Sim): 0.109401
    Loss: 5.9252 | Epoch: 1639
    Eq omega: 0.002631 + 0.00062theta + -0.00398omega + 0.00021theta^2 + -0.00132theta omega + 0.00005omega^2
    Eq omega Phys: 2.4e-5*omega**2 - 2.1e-5*omega*theta - 0.000395*omega + 3.0e-6*theta + 3.2e-5
    Diffusion: theta=8.757030e-04, omega=2.389039e-05

--- Chunk 24539 (120/220) | Start: 2024-11-13 07:15:00 ---
    RMSE omega (GP): 0.009178 | RMSE omega (Sim): 0.110090
    Loss: 2.1229 | Epoch: 864
    Eq omega: 0.001591 + 0.00121theta + -0.00503omega + 0.00091theta^2 + -0.00015theta omega + 0.00190omega^2
    Eq omega Phys: 0.000718*omega**2 - 2.0e-6*omega*theta - 0.000185*omega + 8.0e-6*theta + 5.0e-5
    Diffusion: theta=5.211234e-04, omega=4.724968e-05

--- Chunk 24540 (121/220) | Start: 2024-11-13 07:20:00 ---
    RMSE omega (GP): 0.007874 | RMSE omega (Sim): 0.108093
    Loss: 4.9716 | Epoch: 1233
    Eq omega: 0.016981 + -0.51529theta + -0.00036omega + 0.00281theta^2 + 0.00478theta omega + 0.00423omega^2
    Eq omega Phys: 0.002266*omega**2 + 8.5e-5*omega*theta + 6.0e-5*omega + 2.0e-6*theta**2 - 0.00057*theta - 0.000444
    Diffusion: theta=3.203524e-04, omega=2.204072e-05

--- Chunk 24541 (122/220) | Start: 2024-11-13 07:25:00 ---
    RMSE omega (GP): 0.010823 | RMSE omega (Sim): 0.155668
    Loss: 3.5163 | Epoch: 1276
    Eq omega: 0.000281 + -0.12107theta + 0.00233omega + 0.00012theta^2 + -0.00004theta omega + 0.00437omega^2
    Eq omega Phys: 0.001476*omega**2 + 8.2e-5*omega - 0.000135*theta + 0.001362
    Diffusion: theta=1.488821e-03, omega=3.285500e-05

--- Chunk 24542 (123/220) | Start: 2024-11-13 07:30:00 ---
    RMSE omega (GP): 0.010044 | RMSE omega (Sim): 0.094273
    Loss: -61676.0391 | Epoch: 953
    Eq omega: 0.000021 + 0.00017theta + 0.00081omega + 0.00242theta^2 + 0.00126theta omega + 0.00258omega^2
    Eq omega Phys: 0.001191*omega**2 + 1.9e-5*omega*theta - 0.00012*omega + 1.0e-6*theta**2 - 1.9e-5*theta + 7.0e-5
    Diffusion: theta=5.988552e-01, omega=2.642619e-04

--- Chunk 24543 (124/220) | Start: 2024-11-13 07:35:00 ---
    RMSE omega (GP): 0.010429 | RMSE omega (Sim): 0.091757
    Loss: 5.5974 | Epoch: 2387
    Eq omega: 0.000851 + 0.00175theta + -0.00186omega + 0.00012theta^2 + -0.00036theta omega + -0.00024omega^2
    Eq omega Phys: -0.000104*omega**2 - 5.0e-6*omega*theta + 3.1e-5*omega - 1.4e-5
    Diffusion: theta=8.346073e-04, omega=3.689469e-05

--- Chunk 24544 (125/220) | Start: 2024-11-13 07:40:00 ---
    RMSE omega (GP): 0.007873 | RMSE omega (Sim): 0.075081
    Loss: 5.7212 | Epoch: 2135
    Eq omega: -0.000371 + -0.00025theta + -0.00865omega + -0.00009theta^2 + -0.00016theta omega + 0.00028omega^2
    Eq omega Phys: 0.000146*omega**2 - 3.0e-6*omega*theta - 0.00024*omega + 2.0e-6*theta - 1.2e-5
    Diffusion: theta=3.740951e-04, omega=3.882016e-05

--- Chunk 24545 (126/220) | Start: 2024-11-13 07:45:00 ---
    RMSE omega (GP): 0.010899 | RMSE omega (Sim): 0.089102
    Loss: 7.7155 | Epoch: 1223
    Eq omega: 0.000651 + -0.00010theta + 0.00361omega + 0.00042theta^2 + 0.00004theta omega + -0.00399omega^2
    Eq omega Phys: -0.001735*omega**2 + 1.0e-6*omega*theta + 0.000112*omega - 6.0e-6*theta + 4.9e-5
    Diffusion: theta=1.458958e-03, omega=2.737296e-05

--- Chunk 24546 (127/220) | Start: 2024-11-13 07:50:00 ---
    RMSE omega (GP): 0.008702 | RMSE omega (Sim): 0.074307
    Loss: 9.6670 | Epoch: 1428
    Eq omega: -0.000191 + 0.00061theta + -0.00507omega + 0.00004theta^2 + 0.00020theta omega + -0.00033omega^2
    Eq omega Phys: -0.000193*omega**2 + 4.0e-6*omega*theta - 0.000236*omega - 4.0e-6
    Diffusion: theta=6.047122e-03, omega=2.499779e-05

--- Chunk 24547 (128/220) | Start: 2024-11-13 07:55:00 ---
    RMSE omega (GP): 0.007461 | RMSE omega (Sim): 0.101226
    Loss: -1.9310 | Epoch: 1250
    Eq omega: -0.023361 + -0.47889theta + 0.00372omega + -0.00602theta^2 + -0.00334theta omega + -0.03181omega^2
    Eq omega Phys: -0.00811*omega**2 - 2.8e-5*omega*theta + 6.7e-5*omega - 2.0e-6*theta**2 - 0.000539*theta - 0.001172
    Diffusion: theta=5.515381e-04, omega=5.772298e-05

--- Chunk 24548 (129/220) | Start: 2024-11-13 08:00:00 ---
    RMSE omega (GP): 0.019969 | RMSE omega (Sim): 0.059809
    Loss: -0.6310 | Epoch: 2121
    Eq omega: 0.035541 + -0.26358theta + -0.31797omega + 0.00836theta^2 + 0.00678theta omega + -0.00809omega^2
    Eq omega Phys: -0.001184*omega**2 + 3.3e-5*omega*theta - 0.011874*omega + 1.0e-6*theta**2 - 0.000398*theta + 0.013574
    Diffusion: theta=2.115995e-03, omega=4.028481e-05

--- Chunk 24549 (130/220) | Start: 2024-11-13 08:05:00 ---
    RMSE omega (GP): nan | RMSE omega (Sim): nan
    Loss: 2135.4189 | Epoch: 36
    Eq omega: nan1 + nantheta + nanomega + nantheta^2 + nantheta omega + nanomega^2
    Eq omega Phys: N/A
    Diffusion: theta=nan, omega=nan

--- Chunk 24550 (131/220) | Start: 2024-11-13 08:10:00 ---
    RMSE omega (GP): 0.010724 | RMSE omega (Sim): 0.078019
    Loss: 3.7121 | Epoch: 1537
    Eq omega: 0.010801 + -0.04565theta + -0.00343omega + 0.00031theta^2 + 0.00017theta omega + 0.00638omega^2
    Eq omega Phys: 0.002172*omega**2 + 2.0e-6*omega*theta - 6.4e-5*omega - 4.5e-5*theta - 0.00121
    Diffusion: theta=2.155472e-03, omega=3.473700e-05

--- Chunk 24551 (132/220) | Start: 2024-11-13 08:15:00 ---
    RMSE omega (GP): nan | RMSE omega (Sim): nan
    Loss: 509.7299 | Epoch: 39
    Eq omega: nan1 + nantheta + nanomega + nantheta^2 + nantheta omega + nanomega^2
    Eq omega Phys: N/A
    Diffusion: theta=nan, omega=nan

--- Chunk 24552 (133/220) | Start: 2024-11-13 08:20:00 ---
    RMSE omega (GP): 0.009356 | RMSE omega (Sim): 0.057783
    Loss: 12.7878 | Epoch: 1149
    Eq omega: -0.002001 + -0.00027theta + -0.00113omega + -0.00003theta^2 + -0.00002theta omega + -0.00043omega^2
    Eq omega Phys: -0.000264*omega**2 - 4.4e-5*omega - 0.e-6*theta - 1.3e-5
    Diffusion: theta=6.034411e-04, omega=3.151292e-05

--- Chunk 24553 (134/220) | Start: 2024-11-13 08:25:00 ---
    RMSE omega (GP): nan | RMSE omega (Sim): nan
    Loss: 343.0981 | Epoch: 34
    Eq omega: nan1 + nantheta + nanomega + nantheta^2 + nantheta omega + nanomega^2
    Eq omega Phys: N/A
    Diffusion: theta=nan, omega=nan

--- Chunk 24554 (135/220) | Start: 2024-11-13 08:30:00 ---
    RMSE omega (GP): 0.034852 | RMSE omega (Sim): 0.066551
    Loss: 394.1492 | Epoch: 52
    Eq omega: -0.000241 + 0.00001theta + 0.00073omega + -0.00002theta^2 + 0.00004theta omega + 0.00144omega^2
    Eq omega Phys: 0.001133*omega**2 + 1.0e-6*omega*theta + 3.9e-5*omega - 3.0e-6
    Diffusion: theta=4.942797e-03, omega=2.139328e-06

--- Chunk 24555 (136/220) | Start: 2024-11-13 08:35:00 ---
    RMSE omega (GP): 0.009384 | RMSE omega (Sim): 0.087750
    Loss: 8.0641 | Epoch: 1519
    Eq omega: 0.007621 + -0.00053theta + 0.00064omega + -0.00034theta^2 + 0.00123theta omega + 0.00009omega^2
    Eq omega Phys: 4.8e-5*omega**2 + 2.2e-5*omega*theta - 8.8e-5*omega + 1.0e-6*theta + 1.4e-5
    Diffusion: theta=2.217690e-04, omega=3.611534e-05

--- Chunk 24556 (137/220) | Start: 2024-11-13 08:40:00 ---
    RMSE omega (GP): 0.009286 | RMSE omega (Sim): 0.111461
    Loss: 1.0233 | Epoch: 1555
    Eq omega: -0.031281 + -0.74569theta + 0.01861omega + 0.34315theta^2 + 0.00664theta omega + -0.06761omega^2
    Eq omega Phys: -0.022769*omega**2 + 7.5e-5*omega*theta + 0.000583*omega + 0.000128*theta**2 - 0.000956*theta + 0.000339
    Diffusion: theta=4.767035e-04, omega=5.877151e-05

--- Chunk 24557 (138/220) | Start: 2024-11-13 08:45:00 ---
    RMSE omega (GP): 0.011734 | RMSE omega (Sim): 0.137909
    Loss: -9.7515 | Epoch: 695
    Eq omega: -0.000611 + -0.02695theta + 0.00420omega + -0.00586theta^2 + -0.00043theta omega + -0.00284omega^2
    Eq omega Phys: -0.000912*omega**2 - 5.0e-6*omega*theta + 0.000148*omega - 2.0e-6*theta**2 - 2.3e-5*theta + 4.2e-5
    Diffusion: theta=4.069149e-03, omega=3.759365e-05

--- Chunk 24558 (139/220) | Start: 2024-11-13 08:50:00 ---
    RMSE omega (GP): nan | RMSE omega (Sim): nan
    Loss: 254.2595 | Epoch: 52
    Eq omega: nan1 + nantheta + nanomega + nantheta^2 + nantheta omega + nanomega^2
    Eq omega Phys: N/A
    Diffusion: theta=nan, omega=nan

--- Chunk 24559 (140/220) | Start: 2024-11-13 08:55:00 ---
    RMSE omega (GP): 0.009093 | RMSE omega (Sim): 0.076256
    Loss: 2.4912 | Epoch: 847
    Eq omega: -0.005141 + -0.00184theta + 0.00739omega + 0.04240theta^2 + -0.00248theta omega + 0.00141omega^2
    Eq omega Phys: 0.000537*omega**2 - 3.2e-5*omega*theta + 0.000388*omega + 1.8e-5*theta**2 - 0.000163*theta + 0.000357
    Diffusion: theta=1.508092e-03, omega=3.325510e-05

--- Chunk 24560 (141/220) | Start: 2024-11-13 09:00:00 ---
    RMSE omega (GP): nan | RMSE omega (Sim): nan
    Loss: 565.4250 | Epoch: 51
    Eq omega: nan1 + nantheta + nanomega + nantheta^2 + nantheta omega + nanomega^2
    Eq omega Phys: N/A
    Diffusion: theta=nan, omega=nan

--- Chunk 24561 (142/220) | Start: 2024-11-13 09:05:00 ---
    RMSE omega (GP): 0.019541 | RMSE omega (Sim): 0.109550
    Loss: 19.0022 | Epoch: 307
    Eq omega: -0.013281 + -0.05208theta + -0.00281omega + 0.00001theta^2 + 0.00638theta omega + -0.00054omega^2
    Eq omega Phys: -0.00019*omega**2 + 7.5e-5*omega*theta + 0.000637*omega - 5.8e-5*theta - 0.000606
    Diffusion: theta=2.983456e-03, omega=1.950038e-05

--- Chunk 24562 (143/220) | Start: 2024-11-13 09:10:00 ---
    RMSE omega (GP): nan | RMSE omega (Sim): nan
    Loss: 113.3209 | Epoch: 31
    Eq omega: nan1 + nantheta + nanomega + nantheta^2 + nantheta omega + nanomega^2
    Eq omega Phys: N/A
    Diffusion: theta=nan, omega=nan

--- Chunk 24563 (144/220) | Start: 2024-11-13 09:15:00 ---
    RMSE omega (GP): 0.008330 | RMSE omega (Sim): 0.114726
    Loss: 0.6568 | Epoch: 1550
    Eq omega: 0.017081 + -0.39631theta + -0.01922omega + 0.00097theta^2 + -0.00107theta omega + -0.00034omega^2
    Eq omega Phys: -0.000125*omega**2 - 1.3e-5*omega*theta - 0.000538*omega - 0.000447*theta + 0.003536
    Diffusion: theta=3.432922e-04, omega=4.130222e-05

--- Chunk 24564 (145/220) | Start: 2024-11-13 09:20:00 ---
    RMSE omega (GP): 0.008363 | RMSE omega (Sim): 0.083351
    Loss: 2.0222 | Epoch: 1217
    Eq omega: 0.000351 + 0.00022theta + -0.00164omega + 0.00020theta^2 + 0.00090theta omega + 0.00040omega^2
    Eq omega Phys: 0.000162*omega**2 + 1.2e-5*omega*theta - 0.000147*omega - 1.0e-6*theta + 4.0e-6
    Diffusion: theta=2.039781e-03, omega=2.716273e-05

--- Chunk 24565 (146/220) | Start: 2024-11-13 09:25:00 ---
    RMSE omega (GP): nan | RMSE omega (Sim): nan
    Loss: 4389.2031 | Epoch: 15
    Eq omega: nan1 + nantheta + nanomega + nantheta^2 + nantheta omega + nanomega^2
    Eq omega Phys: N/A
    Diffusion: theta=nan, omega=nan

--- Chunk 24566 (147/220) | Start: 2024-11-13 09:30:00 ---
    RMSE omega (GP): 0.008494 | RMSE omega (Sim): 0.100072
    Loss: 9.5987 | Epoch: 3254
    Eq omega: -0.004081 + -0.00001theta + 0.00143omega + 0.00005theta^2 + -0.00049theta omega + -0.00019omega^2
    Eq omega Phys: -0.000116*omega**2 - 1.0e-5*omega*theta + 0.00024*omega - 1.0e-6*theta + 5.0e-6
    Diffusion: theta=8.088074e-04, omega=1.764748e-05

--- Chunk 24567 (148/220) | Start: 2024-11-13 09:35:00 ---
    RMSE omega (GP): nan | RMSE omega (Sim): nan
    Loss: 518.0255 | Epoch: 26
    Eq omega: nan1 + nantheta + nanomega + nantheta^2 + nantheta omega + nanomega^2
    Eq omega Phys: N/A
    Diffusion: theta=nan, omega=nan

--- Chunk 24568 (149/220) | Start: 2024-11-13 09:40:00 ---
    RMSE omega (GP): 0.009681 | RMSE omega (Sim): 0.106626
    Loss: 3.3286 | Epoch: 1672
    Eq omega: -0.003431 + -0.00718theta + -0.00190omega + 0.00144theta^2 + 0.00036theta omega + 0.00568omega^2
    Eq omega Phys: 0.002116*omega**2 + 4.0e-6*omega*theta - 5.3e-5*omega + 1.0e-6*theta**2 - 5.0e-6*theta - 2.6e-5
    Diffusion: theta=1.236615e-03, omega=5.132190e-05

--- Chunk 24569 (150/220) | Start: 2024-11-13 09:45:00 ---
    RMSE omega (GP): 0.009642 | RMSE omega (Sim): 0.115019
    Loss: 1.4404 | Epoch: 995
    Eq omega: -0.003071 + -0.13675theta + 0.00023omega + 0.00279theta^2 + -0.00428theta omega + -0.00776omega^2
    Eq omega Phys: -0.00267*omega**2 - 4.9e-5*omega*theta - 0.000446*omega + 1.0e-6*theta**2 - 0.000132*theta - 0.001322
    Diffusion: theta=2.753169e-04, omega=4.271913e-05

  [Progress 150/220] Mean RMSE omega (GP): 0.013372 | (Sim): 0.107135 | Mean loss: -76.5481 | Valid GP: 117/150 | Valid Sim: 116/150 | Elapsed: 55.3min | ETA: 25.8min

--- Chunk 24570 (151/220) | Start: 2024-11-13 09:50:00 ---
    RMSE omega (GP): 0.011958 | RMSE omega (Sim): 0.037891
    Loss: 52.1804 | Epoch: 2535
    Eq omega: 0.000201 + 0.00016theta + -0.00005omega + -0.00000theta^2 + 0.00002theta omega + -0.00055omega^2
    Eq omega Phys: -0.000527*omega**2 + 1.0e-6*omega*theta + 1.2e-5*omega + 4.0e-6
    Diffusion: theta=1.371073e-03, omega=1.587447e-05

--- Chunk 24571 (152/220) | Start: 2024-11-13 09:55:00 ---
    RMSE omega (GP): nan | RMSE omega (Sim): nan
    Loss: 222.2605 | Epoch: 30
    Eq omega: nan1 + nantheta + nanomega + nantheta^2 + nantheta omega + nanomega^2
    Eq omega Phys: N/A
    Diffusion: theta=nan, omega=nan

--- Chunk 24572 (153/220) | Start: 2024-11-13 10:00:00 ---
    RMSE omega (GP): nan | RMSE omega (Sim): nan
    Loss: 66.1531 | Epoch: 57
    Eq omega: nan1 + nantheta + nanomega + nantheta^2 + nantheta omega + nanomega^2
    Eq omega Phys: N/A
    Diffusion: theta=nan, omega=nan

--- Chunk 24573 (154/220) | Start: 2024-11-13 10:05:00 ---
    RMSE omega (GP): nan | RMSE omega (Sim): nan
    Loss: 328.8477 | Epoch: 29
    Eq omega: nan1 + nantheta + nanomega + nantheta^2 + nantheta omega + nanomega^2
    Eq omega Phys: N/A
    Diffusion: theta=nan, omega=nan

--- Chunk 24574 (155/220) | Start: 2024-11-13 10:10:00 ---
    RMSE omega (GP): 0.048571 | RMSE omega (Sim): 0.211553
    Loss: 163.4899 | Epoch: 66
    Eq omega: -0.003131 + -0.00232theta + 0.00309omega + -0.00028theta^2 + 0.00105theta omega + 0.00058omega^2
    Eq omega Phys: 0.000194*omega**2 + 1.2e-5*omega*theta + 0.000321*omega - 6.0e-6*theta - 9.4e-5
    Diffusion: theta=nan, omega=nan

--- Chunk 24575 (156/220) | Start: 2024-11-13 10:15:00 ---
    RMSE omega (GP): 0.011946 | RMSE omega (Sim): 0.071639
    Loss: 8.6632 | Epoch: 177
    Eq omega: 0.007071 + 0.00065theta + -0.00296omega + 0.04572theta^2 + -0.00045theta omega + 0.01466omega^2
    Eq omega Phys: 0.005924*omega**2 - 6.0e-6*omega*theta - 0.000115*omega + 2.1e-5*theta**2 + 0.000114*theta + 0.000178
    Diffusion: theta=nan, omega=nan

--- Chunk 24576 (157/220) | Start: 2024-11-13 10:20:00 ---
    RMSE omega (GP): 0.035691 | RMSE omega (Sim): 0.047981
    Loss: 345.5850 | Epoch: 74
    Eq omega: -0.009831 + -0.00056theta + 0.00233omega + -0.00006theta^2 + 0.00025theta omega + -0.00303omega^2
    Eq omega Phys: -0.002111*omega**2 + 6.0e-6*omega*theta - 3.0e-6*omega + 1.0e-6*theta - 1.6e-5
    Diffusion: theta=nan, omega=nan

--- Chunk 24577 (158/220) | Start: 2024-11-13 10:25:00 ---
    RMSE omega (GP): nan | RMSE omega (Sim): nan
    Loss: 90.5933 | Epoch: 25
    Eq omega: nan1 + nantheta + nanomega + nantheta^2 + nantheta omega + nanomega^2
    Eq omega Phys: N/A
    Diffusion: theta=nan, omega=nan

--- Chunk 24578 (159/220) | Start: 2024-11-13 10:30:00 ---
    RMSE omega (GP): 0.008919 | RMSE omega (Sim): 0.132802
    Loss: 4.5383 | Epoch: 237
    Eq omega: 0.003021 + -0.63535theta + -0.00811omega + 0.06721theta^2 + 0.00427theta omega + -0.00584omega^2
    Eq omega Phys: -0.002473*omega**2 + 6.0e-5*omega*theta - 0.000597*omega + 3.2e-5*theta**2 - 0.001049*theta + 0.00477
    Diffusion: theta=nan, omega=nan

--- Chunk 24579 (160/220) | Start: 2024-11-13 10:35:00 ---
    RMSE omega (GP): nan | RMSE omega (Sim): nan
    Loss: 219.6085 | Epoch: 19
    Eq omega: nan1 + nantheta + nanomega + nantheta^2 + nantheta omega + nanomega^2
    Eq omega Phys: N/A
    Diffusion: theta=nan, omega=nan

--- Chunk 24580 (161/220) | Start: 2024-11-13 10:40:00 ---
    RMSE omega (GP): 0.030538 | RMSE omega (Sim): 0.137397
    Loss: 57.0545 | Epoch: 442
    Eq omega: -0.002581 + -0.00048theta + -0.00064omega + -0.00023theta^2 + 0.00058theta omega + -0.00288omega^2
    Eq omega Phys: -0.00111*omega**2 + 7.0e-6*omega*theta - 0.000103*omega + 2.0e-6*theta - 1.4e-5
    Diffusion: theta=7.584905e-02, omega=9.324381e-05

--- Chunk 24581 (162/220) | Start: 2024-11-13 10:45:00 ---
    RMSE omega (GP): 0.011161 | RMSE omega (Sim): 0.129997
    Loss: 2.9802 | Epoch: 668
    Eq omega: -0.000091 + -0.00091theta + 0.00283omega + 0.00082theta^2 + -0.00137theta omega + -0.00147omega^2
    Eq omega Phys: -0.000488*omega**2 - 1.5e-5*omega*theta + 7.4e-5*omega - 1.0e-6
    Diffusion: theta=7.178750e-04, omega=4.647196e-05

--- Chunk 24582 (163/220) | Start: 2024-11-13 10:50:00 ---
    RMSE omega (GP): 0.012582 | RMSE omega (Sim): 0.149497
    Loss: 3.4220 | Epoch: 971
    Eq omega: -0.000121 + -0.00394theta + -0.00244omega + -0.00368theta^2 + -0.00123theta omega + -0.00238omega^2
    Eq omega Phys: -0.000738*omega**2 - 1.3e-5*omega*theta - 4.4e-5*omega - 1.0e-6*theta**2 + 3.0e-6*theta + 1.0e-6
    Diffusion: theta=5.594291e-04, omega=5.065021e-05

--- Chunk 24583 (164/220) | Start: 2024-11-13 10:55:00 ---
    RMSE omega (GP): 0.010183 | RMSE omega (Sim): 0.177142
    Loss: -0.0712 | Epoch: 1604
    Eq omega: 0.000381 + -0.00112theta + -0.00062omega + 0.00328theta^2 + 0.00228theta omega + 0.00185omega^2
    Eq omega Phys: 0.00051*omega**2 + 2.1e-5*omega*theta + 7.1e-5*omega + 1.0e-6*theta**2 + 8.0e-6*theta + 1.5e-5
    Diffusion: theta=4.200859e-04, omega=5.065477e-05

--- Chunk 24584 (165/220) | Start: 2024-11-13 11:00:00 ---
    RMSE omega (GP): 0.011805 | RMSE omega (Sim): 0.102971
    Loss: 5.7477 | Epoch: 1032
    Eq omega: -0.001191 + -0.55907theta + -0.04544omega + -0.06743theta^2 + -0.00135theta omega + 0.00259omega^2
    Eq omega Phys: 0.001001*omega**2 - 1.7e-5*omega*theta - 0.001436*omega - 2.9e-5*theta**2 - 0.000359*theta + 0.002218
    Diffusion: theta=1.353995e-04, omega=4.234274e-05

--- Chunk 24585 (166/220) | Start: 2024-11-13 11:05:00 ---
    RMSE omega (GP): 0.010001 | RMSE omega (Sim): 0.086941
    Loss: 4.2651 | Epoch: 2222
    Eq omega: -0.000301 + -0.00063theta + -0.00014omega + -0.01257theta^2 + -0.00100theta omega + 0.00400omega^2
    Eq omega Phys: 0.001582*omega**2 - 1.3e-5*omega*theta - 7.6e-5*omega - 6.0e-6*theta**2 - 6.0e-5*theta - 0.000165
    Diffusion: theta=2.508651e-03, omega=5.466179e-05

--- Chunk 24586 (167/220) | Start: 2024-11-13 11:10:00 ---
    RMSE omega (GP): 0.011406 | RMSE omega (Sim): 0.085682
    Loss: 10.0688 | Epoch: 1188
    Eq omega: -0.009991 + -0.03136theta + 0.00351omega + 0.00098theta^2 + 0.00277theta omega + -0.00597omega^2
    Eq omega Phys: -0.002817*omega**2 + 4.4e-5*omega*theta + 0.000213*omega + 1.0e-6*theta**2 - 3.3e-5*theta - 9.8e-5
    Diffusion: theta=1.486244e-03, omega=3.426722e-05

--- Chunk 24587 (168/220) | Start: 2024-11-13 11:15:00 ---
    RMSE omega (GP): 0.011063 | RMSE omega (Sim): 0.102763
    Loss: 4.8670 | Epoch: 1496
    Eq omega: 0.017591 + -0.76828theta + -0.00781omega + -0.00284theta^2 + 0.01393theta omega + 0.01146omega^2
    Eq omega Phys: 0.004411*omega**2 + 0.000179*omega*theta + 8.2e-5*omega - 1.0e-6*theta**2 - 0.000858*theta - 0.001587
    Diffusion: theta=1.499981e-04, omega=4.676307e-05

--- Chunk 24588 (169/220) | Start: 2024-11-13 11:20:00 ---
    RMSE omega (GP): 0.008895 | RMSE omega (Sim): 0.130147
    Loss: 4.0170 | Epoch: 1615
    Eq omega: -0.002941 + -0.00060theta + 0.00166omega + 0.00034theta^2 + 0.00101theta omega + 0.00476omega^2
    Eq omega Phys: 0.002126*omega**2 + 1.5e-5*omega*theta + 4.2e-5*omega - 0.e-6*theta - 7.0e-6
    Diffusion: theta=2.817095e-04, omega=5.348848e-05

--- Chunk 24589 (170/220) | Start: 2024-11-13 11:25:00 ---
    RMSE omega (GP): 0.011588 | RMSE omega (Sim): 0.090974
    Loss: 7.0706 | Epoch: 1243
    Eq omega: -0.000951 + 0.00017theta + -0.00129omega + 0.00010theta^2 + -0.00095theta omega + -0.00178omega^2
    Eq omega Phys: -0.00072*omega**2 - 1.3e-5*omega*theta - 0.000179*omega + 1.0e-6*theta + 4.0e-6
    Diffusion: theta=5.050167e-04, omega=3.911719e-05

--- Chunk 24590 (171/220) | Start: 2024-11-13 11:30:00 ---
    RMSE omega (GP): 0.052170 | RMSE omega (Sim): 0.052470
    Loss: 342.6646 | Epoch: 96
    Eq omega: 0.003371 + 0.00778theta + -0.25352omega + 0.00745theta^2 + -0.02454theta omega + 0.01071omega^2
    Eq omega Phys: 0.005401*omega**2 - 0.000413*omega*theta - 0.012411*omega + 4.0e-6*theta**2 + 8.9e-5*theta + 0.000475
    Diffusion: theta=nan, omega=nan

--- Chunk 24591 (172/220) | Start: 2024-11-13 11:35:00 ---
    RMSE omega (GP): 0.012106 | RMSE omega (Sim): 0.100504
    Loss: 5.1469 | Epoch: 967
    Eq omega: -0.005161 + -1.61965theta + 0.00567omega + -0.00441theta^2 + -0.00027theta omega + 0.00686omega^2
    Eq omega Phys: 0.002487*omega**2 - 3.0e-6*omega*theta + 0.000196*omega - 2.0e-6*theta**2 - 0.001792*theta + 0.004078
    Diffusion: theta=1.324173e-03, omega=3.485296e-05

--- Chunk 24592 (173/220) | Start: 2024-11-13 11:40:00 ---
    RMSE omega (GP): 0.010661 | RMSE omega (Sim): 0.147111
    Loss: 17.2294 | Epoch: 1976
    Eq omega: -0.001951 + -0.00026theta + 0.00422omega + -0.00005theta^2 + 0.00004theta omega + -0.00069omega^2
    Eq omega Phys: -0.000406*omega**2 + 1.0e-6*omega*theta + 0.000155*omega - 1.0e-6*theta - 1.9e-5
    Diffusion: theta=2.999311e-04, omega=4.368264e-05

--- Chunk 24593 (174/220) | Start: 2024-11-13 11:45:00 ---
    RMSE omega (GP): 0.026995 | RMSE omega (Sim): 0.119879
    Loss: 38.7721 | Epoch: 185
    Eq omega: 0.005971 + -0.45407theta + 0.00197omega + 0.01203theta^2 + 0.02071theta omega + -0.03747omega^2
    Eq omega Phys: -0.012994*omega**2 + 0.000239*omega*theta - 0.001556*omega + 5.0e-6*theta**2 - 0.000567*theta + 0.003651
    Diffusion: theta=2.810648e-03, omega=2.160827e-05

--- Chunk 24594 (175/220) | Start: 2024-11-13 11:50:00 ---
    RMSE omega (GP): 0.008519 | RMSE omega (Sim): 0.146575
    Loss: 2.5635 | Epoch: 2062
    Eq omega: 0.002641 + -0.00629theta + -0.00018omega + 0.00038theta^2 + -0.00247theta omega + -0.00602omega^2
    Eq omega Phys: -0.002487*omega**2 - 3.4e-5*omega*theta + 0.000274*omega - 1.0e-5*theta + 7.6e-5
    Diffusion: theta=1.852937e-03, omega=3.376813e-05

--- Chunk 24595 (176/220) | Start: 2024-11-13 11:55:00 ---
    RMSE omega (GP): 0.019681 | RMSE omega (Sim): 0.065660
    Loss: 18.4888 | Epoch: 588
    Eq omega: 0.000591 + -0.10679theta + 0.00303omega + 0.00025theta^2 + 0.00073theta omega + -0.00095omega^2
    Eq omega Phys: -0.000465*omega**2 + 1.2e-5*omega*theta + 0.000165*omega - 0.000117*theta - 0.000632
    Diffusion: theta=3.007954e-03, omega=2.356332e-05

--- Chunk 24596 (177/220) | Start: 2024-11-13 12:00:00 ---
    RMSE omega (GP): nan | RMSE omega (Sim): nan
    Loss: 38.0463 | Epoch: 109
    Eq omega: nan1 + nantheta + nanomega + nantheta^2 + nantheta omega + nanomega^2
    Eq omega Phys: N/A
    Diffusion: theta=nan, omega=nan

--- Chunk 24597 (178/220) | Start: 2024-11-13 12:05:00 ---
    RMSE omega (GP): 0.014757 | RMSE omega (Sim): 0.116031
    Loss: 5.5475 | Epoch: 667
    Eq omega: -0.007161 + -0.00051theta + 0.00106omega + -0.00014theta^2 + -0.00072theta omega + -0.00050omega^2
    Eq omega Phys: -0.000147*omega**2 - 7.0e-6*omega*theta + 3.1e-5*omega - 0.e-6*theta - 2.7e-5
    Diffusion: theta=3.480811e-05, omega=7.907852e-07

--- Chunk 24598 (179/220) | Start: 2024-11-13 12:10:00 ---
    RMSE omega (GP): 0.009676 | RMSE omega (Sim): 0.135368
    Loss: 2.1705 | Epoch: 1786
    Eq omega: 0.001531 + -0.00505theta + -0.00121omega + 0.00204theta^2 + 0.00059theta omega + 0.00177omega^2
    Eq omega Phys: 0.000647*omega**2 + 7.0e-6*omega*theta + 3.5e-5*omega + 1.0e-6*theta**2 + 1.2e-5*theta + 3.7e-5
    Diffusion: theta=2.742062e-04, omega=3.824334e-05

--- Chunk 24599 (180/220) | Start: 2024-11-13 12:15:00 ---
    RMSE omega (GP): nan | RMSE omega (Sim): nan
    Loss: 98.6850 | Epoch: 48
    Eq omega: nan1 + nantheta + nanomega + nantheta^2 + nantheta omega + nanomega^2
    Eq omega Phys: N/A
    Diffusion: theta=nan, omega=nan

--- Chunk 24600 (181/220) | Start: 2024-11-13 12:20:00 ---
    RMSE omega (GP): 0.007892 | RMSE omega (Sim): 0.086600
    Loss: 1.1436 | Epoch: 1206
    Eq omega: 0.000601 + 0.00005theta + 0.00407omega + 0.00165theta^2 + 0.00375theta omega + -0.00063omega^2
    Eq omega Phys: -0.000248*omega**2 + 4.9e-5*omega*theta + 0.000428*omega + 1.0e-6*theta**2 + 9.0e-6*theta + 2.7e-5
    Diffusion: theta=3.347931e-04, omega=4.342908e-05

--- Chunk 24601 (182/220) | Start: 2024-11-13 12:25:00 ---
    RMSE omega (GP): 0.010721 | RMSE omega (Sim): 0.082057
    Loss: 6.3806 | Epoch: 202
    Eq omega: 0.003521 + -0.04139theta + 0.00265omega + -0.01959theta^2 + -0.00041theta omega + 0.00450omega^2
    Eq omega Phys: 0.001847*omega**2 - 6.0e-6*omega*theta + 0.000113*omega - 9.0e-6*theta**2 + 3.2e-5*theta + 4.0e-5
    Diffusion: theta=nan, omega=nan

--- Chunk 24602 (183/220) | Start: 2024-11-13 12:30:00 ---
    RMSE omega (GP): nan | RMSE omega (Sim): nan
    Loss: 202.6059 | Epoch: 20
    Eq omega: nan1 + nantheta + nanomega + nantheta^2 + nantheta omega + nanomega^2
    Eq omega Phys: N/A
    Diffusion: theta=nan, omega=nan

--- Chunk 24603 (184/220) | Start: 2024-11-13 12:35:00 ---
    RMSE omega (GP): nan | RMSE omega (Sim): nan
    Loss: 139.0281 | Epoch: 196
    Eq omega: nan1 + nantheta + nanomega + nantheta^2 + nantheta omega + nanomega^2
    Eq omega Phys: N/A
    Diffusion: theta=nan, omega=nan

--- Chunk 24604 (185/220) | Start: 2024-11-13 12:40:00 ---
    RMSE omega (GP): nan | RMSE omega (Sim): nan
    Loss: 32.3900 | Epoch: 58
    Eq omega: nan1 + nantheta + nanomega + nantheta^2 + nantheta omega + nanomega^2
    Eq omega Phys: N/A
    Diffusion: theta=nan, omega=nan

--- Chunk 24605 (186/220) | Start: 2024-11-13 12:45:00 ---
    RMSE omega (GP): 0.011782 | RMSE omega (Sim): 0.059805
    Loss: 6.1786 | Epoch: 1039
    Eq omega: 0.001781 + -0.59375theta + -0.00999omega + -0.00009theta^2 + 0.00237theta omega + -0.01129omega^2
    Eq omega Phys: -0.004485*omega**2 + 3.1e-5*omega*theta - 0.000247*omega - 0.00066*theta - 0.00181
    Diffusion: theta=1.069797e-03, omega=2.211598e-05

--- Chunk 24606 (187/220) | Start: 2024-11-13 12:50:00 ---
    RMSE omega (GP): 0.011344 | RMSE omega (Sim): 0.066349
    Loss: 13.3039 | Epoch: 1058
    Eq omega: -0.001881 + 0.00123theta + -0.00265omega + 0.00040theta^2 + -0.00011theta omega + -0.00016omega^2
    Eq omega Phys: -8.3e-5*omega**2 - 2.0e-6*omega*theta - 0.000104*omega + 5.0e-6*theta + 2.4e-5
    Diffusion: theta=4.761506e-04, omega=3.982512e-05

--- Chunk 24607 (188/220) | Start: 2024-11-13 12:55:00 ---
    RMSE omega (GP): 0.021250 | RMSE omega (Sim): 0.131378
    Loss: -13.9351 | Epoch: 713
    Eq omega: -0.010381 + -0.02862theta + -0.01068omega + -0.00102theta^2 + 0.00155theta omega + -0.01684omega^2
    Eq omega Phys: -0.005546*omega**2 + 1.7e-5*omega*theta - 0.000143*omega - 4.1e-5*theta - 0.000492
    Diffusion: theta=2.800456e-03, omega=1.611840e-05

--- Chunk 24608 (189/220) | Start: 2024-11-13 13:00:00 ---
    RMSE omega (GP): 0.012504 | RMSE omega (Sim): 0.124380
    Loss: 8.4660 | Epoch: 888
    Eq omega: -0.000801 + -0.00094theta + 0.00087omega + -0.00030theta^2 + -0.00028theta omega + -0.00100omega^2
    Eq omega Phys: -0.000391*omega**2 - 4.0e-6*omega*theta - 6.0e-6*omega - 4.0e-6*theta - 2.4e-5
    Diffusion: theta=3.884496e-03, omega=2.733906e-05

--- Chunk 24609 (190/220) | Start: 2024-11-13 13:05:00 ---
    RMSE omega (GP): 0.026265 | RMSE omega (Sim): 0.099354
    Loss: 64.2115 | Epoch: 100
    Eq omega: -0.004361 + -0.00394theta + -0.00278omega + -0.00060theta^2 + -0.00949theta omega + 0.00080omega^2
    Eq omega Phys: 0.000351*omega**2 - 0.000139*omega*theta - 0.000898*omega - 8.0e-6*theta - 4.6e-5
    Diffusion: theta=nan, omega=nan

--- Chunk 24610 (191/220) | Start: 2024-11-13 13:10:00 ---
    RMSE omega (GP): 0.011856 | RMSE omega (Sim): 0.099600
    Loss: 2.3452 | Epoch: 958
    Eq omega: -0.004291 + -0.39129theta + -0.00160omega + 0.00073theta^2 + -0.00257theta omega + 0.19128omega^2
    Eq omega Phys: 0.058363*omega**2 - 2.6e-5*omega*theta - 0.000192*omega - 0.000432*theta - 0.002321
    Diffusion: theta=2.422105e-03, omega=1.006420e-04

--- Chunk 24611 (192/220) | Start: 2024-11-13 13:15:00 ---
    RMSE omega (GP): 0.035929 | RMSE omega (Sim): 0.117871
    Loss: 66.9458 | Epoch: 28
    Eq omega: -0.002201 + 0.00001theta + 0.00217omega + 0.00062theta^2 + -0.00224theta omega + -0.00049omega^2
    Eq omega Phys: -0.000138*omega**2 - 2.1e-5*omega*theta + 2.2e-5*omega + 1.0e-6*theta - 8.0e-6
    Diffusion: theta=2.856368e-02, omega=8.066194e-05

--- Chunk 24612 (193/220) | Start: 2024-11-13 13:20:00 ---
    RMSE omega (GP): 0.010844 | RMSE omega (Sim): 0.170114
    Loss: 0.1458 | Epoch: 1316
    Eq omega: 0.001441 + -0.02794theta + -0.00168omega + -0.00083theta^2 + -0.00343theta omega + 0.00036omega^2
    Eq omega Phys: 9.4e-5*omega**2 - 3.0e-5*omega*theta - 0.000563*omega - 3.9e-5*theta - 0.000592
    Diffusion: theta=2.766095e-03, omega=5.811013e-05

--- Chunk 24613 (194/220) | Start: 2024-11-13 13:25:00 ---
    RMSE omega (GP): nan | RMSE omega (Sim): nan
    Loss: 242.0500 | Epoch: 18
    Eq omega: nan1 + nantheta + nanomega + nantheta^2 + nantheta omega + nanomega^2
    Eq omega Phys: N/A
    Diffusion: theta=nan, omega=nan

--- Chunk 24614 (195/220) | Start: 2024-11-13 13:30:00 ---
    RMSE omega (GP): nan | RMSE omega (Sim): nan
    Loss: 37.6588 | Epoch: 58
    Eq omega: nan1 + nantheta + nanomega + nantheta^2 + nantheta omega + nanomega^2
    Eq omega Phys: N/A
    Diffusion: theta=nan, omega=nan

--- Chunk 24615 (196/220) | Start: 2024-11-13 13:35:00 ---
    RMSE omega (GP): 0.031110 | RMSE omega (Sim): 0.105793
    Loss: 139.3877 | Epoch: 63
    Eq omega: 0.000471 + -0.00312theta + 0.00166omega + 0.00028theta^2 + -0.00274theta omega + -0.00371omega^2
    Eq omega Phys: -0.002041*omega**2 - 5.0e-5*omega*theta + 0.000455*omega - 6.0e-6*theta + 3.9e-5
    Diffusion: theta=1.943789e-03, omega=8.089398e-06

--- Chunk 24616 (197/220) | Start: 2024-11-13 13:40:00 ---
    RMSE omega (GP): 0.016621 | RMSE omega (Sim): 0.125384
    Loss: 14.2546 | Epoch: 296
    Eq omega: -0.000661 + -0.45609theta + 0.01369omega + 0.00209theta^2 + 0.00600theta omega + -0.00076omega^2
    Eq omega Phys: -0.000277*omega**2 + 7.3e-5*omega*theta + 0.000318*omega + 1.0e-6*theta**2 - 0.00051*theta + 0.000967
    Diffusion: theta=nan, omega=nan

--- Chunk 24617 (198/220) | Start: 2024-11-13 13:45:00 ---
    RMSE omega (GP): 0.011045 | RMSE omega (Sim): 0.103941
    Loss: 2.6507 | Epoch: 1367
    Eq omega: 0.004391 + -0.00362theta + -0.00197omega + -0.00094theta^2 + 0.00028theta omega + -0.00114omega^2
    Eq omega Phys: -0.000376*omega**2 + 3.0e-6*omega*theta - 7.2e-5*omega - 3.0e-6*theta + 2.1e-5
    Diffusion: theta=5.742997e-04, omega=6.090272e-05

--- Chunk 24618 (199/220) | Start: 2024-11-13 13:50:00 ---
    RMSE omega (GP): 0.012465 | RMSE omega (Sim): 0.171246
    Loss: 4.5615 | Epoch: 1863
    Eq omega: -0.000411 + -0.00031theta + -0.00354omega + -0.00021theta^2 + 0.00001theta omega + 0.00158omega^2
    Eq omega Phys: 0.000518*omega**2 - 0.000117*omega - 2.0e-6*theta - 1.1e-5
    Diffusion: theta=7.648309e-04, omega=7.554168e-05

--- Chunk 24619 (200/220) | Start: 2024-11-13 13:55:00 ---
    RMSE omega (GP): 0.014057 | RMSE omega (Sim): 0.229515
    Loss: 3.2373 | Epoch: 1661
    Eq omega: -0.000861 + -0.00147theta + -0.00063omega + 0.00166theta^2 + 0.00192theta omega + 0.00009omega^2
    Eq omega Phys: 2.5e-5*omega**2 + 1.8e-5*omega*theta - 0.000148*omega + 1.0e-6*theta**2 - 9.0e-6*theta + 3.4e-5
    Diffusion: theta=1.158202e-03, omega=5.327144e-05

  [Progress 200/220] Mean RMSE omega (GP): 0.014265 | (Sim): 0.108961 | Mean loss: -41.6927 | Valid GP: 155/200 | Valid Sim: 154/200 | Elapsed: 67.6min | ETA: 6.8min

--- Chunk 24620 (201/220) | Start: 2024-11-13 14:00:00 ---
    RMSE omega (GP): 0.012460 | RMSE omega (Sim): 0.160647
    Loss: 1.1125 | Epoch: 2900
    Eq omega: 0.000651 + -0.00007theta + -0.00079omega + -0.00014theta^2 + 0.00004theta omega + -0.00017omega^2
    Eq omega Phys: -4.0e-5*omega**2 - 1.5e-5*omega - 3.0e-6*theta - 4.6e-5
    Diffusion: theta=3.608875e-03, omega=7.719496e-05

--- Chunk 24621 (202/220) | Start: 2024-11-13 14:05:00 ---
    RMSE omega (GP): nan | RMSE omega (Sim): nan
    Loss: 271.1646 | Epoch: 31
    Eq omega: nan1 + nantheta + nanomega + nantheta^2 + nantheta omega + nanomega^2
    Eq omega Phys: N/A
    Diffusion: theta=nan, omega=nan

--- Chunk 24622 (203/220) | Start: 2024-11-13 14:10:00 ---
    RMSE omega (GP): 0.014467 | RMSE omega (Sim): 0.118861
    Loss: 12.4264 | Epoch: 1656
    Eq omega: -0.025101 + -0.47791theta + -0.00099omega + -0.03059theta^2 + -0.00699theta omega + 0.05182omega^2
    Eq omega Phys: 0.020727*omega**2 - 9.3e-5*omega*theta + 0.000308*omega - 1.4e-5*theta**2 - 0.000432*theta + 0.00169
    Diffusion: theta=2.058707e-03, omega=3.387266e-05

--- Chunk 24623 (204/220) | Start: 2024-11-13 14:15:00 ---
    RMSE omega (GP): 0.010931 | RMSE omega (Sim): 0.074286
    Loss: 10.0097 | Epoch: 1135
    Eq omega: 0.001691 + -0.00020theta + -0.00362omega + -0.00004theta^2 + 0.00222theta omega + 0.00080omega^2
    Eq omega Phys: 0.000386*omega**2 + 3.6e-5*omega*theta - 0.000327*omega + 4.0e-6
    Diffusion: theta=1.631575e-03, omega=3.733880e-05

--- Chunk 24624 (205/220) | Start: 2024-11-13 14:20:00 ---
    RMSE omega (GP): nan | RMSE omega (Sim): nan
    Loss: 325.9695 | Epoch: 20
    Eq omega: nan1 + nantheta + nanomega + nantheta^2 + nantheta omega + nanomega^2
    Eq omega Phys: N/A
    Diffusion: theta=nan, omega=nan

--- Chunk 24625 (206/220) | Start: 2024-11-13 14:25:00 ---
    RMSE omega (GP): nan | RMSE omega (Sim): nan
    Loss: 201.4277 | Epoch: 44
    Eq omega: nan1 + nantheta + nanomega + nantheta^2 + nantheta omega + nanomega^2
    Eq omega Phys: N/A
    Diffusion: theta=nan, omega=nan

--- Chunk 24626 (207/220) | Start: 2024-11-13 14:30:00 ---
    RMSE omega (GP): nan | RMSE omega (Sim): nan
    Loss: 11.2623 | Epoch: 488
    Eq omega: nan1 + nantheta + nanomega + nantheta^2 + nantheta omega + nanomega^2
    Eq omega Phys: N/A
    Diffusion: theta=nan, omega=nan

--- Chunk 24627 (208/220) | Start: 2024-11-13 14:35:00 ---
    RMSE omega (GP): 0.012617 | RMSE omega (Sim): 0.091939
    Loss: 6.8497 | Epoch: 868
    Eq omega: 0.000421 + 0.00478theta + -0.01143omega + 0.00123theta^2 + 0.00087theta omega + -0.00172omega^2
    Eq omega Phys: -0.000623*omega**2 + 1.0e-5*omega*theta - 0.000461*omega - 2.0e-6*theta - 1.1e-5
    Diffusion: theta=1.275059e-03, omega=5.421784e-05

--- Chunk 24628 (209/220) | Start: 2024-11-13 14:40:00 ---
    RMSE omega (GP): nan | RMSE omega (Sim): nan
    Loss: 59.6876 | Epoch: 125
    Eq omega: nan1 + nantheta + nanomega + nantheta^2 + nantheta omega + nanomega^2
    Eq omega Phys: N/A
    Diffusion: theta=nan, omega=nan

--- Chunk 24629 (210/220) | Start: 2024-11-13 14:45:00 ---
    RMSE omega (GP): 0.013321 | RMSE omega (Sim): 0.088214
    Loss: -83.6432 | Epoch: 903
    Eq omega: 0.007941 + 0.00050theta + -0.00271omega + -0.00066theta^2 + 0.00009theta omega + 0.00036omega^2
    Eq omega Phys: 0.000143*omega**2 + 1.0e-6*omega*theta - 0.000104*omega + 7.0e-6*theta - 2.1e-5
    Diffusion: theta=3.058112e-03, omega=4.095029e-05

--- Chunk 24630 (211/220) | Start: 2024-11-13 14:50:00 ---
    RMSE omega (GP): 0.013675 | RMSE omega (Sim): 0.913399
    Loss: 14.3582 | Epoch: 1470
    Eq omega: 0.011301 + 0.02478theta + 0.00459omega + 0.01140theta^2 + 0.00163theta omega + -0.00017omega^2
    Eq omega Phys: -7.7e-5*omega**2 + 2.5e-5*omega*theta + 2.8e-5*omega + 6.0e-6*theta**2 - 3.1e-5*theta + 3.6e-5
    Diffusion: theta=2.596068e-04, omega=4.940631e-05

--- Chunk 24631 (212/220) | Start: 2024-11-13 14:55:00 ---
    RMSE omega (GP): 0.012060 | RMSE omega (Sim): 0.101020
    Loss: 7.9538 | Epoch: 1481
    Eq omega: 0.003121 + 0.00006theta + 0.00036omega + -0.00003theta^2 + 0.00153theta omega + 0.00033omega^2
    Eq omega Phys: 0.000134*omega**2 + 2.1e-5*omega*theta + 0.000267*omega + 7.0e-6
    Diffusion: theta=1.146974e-03, omega=3.648138e-05

--- Chunk 24632 (213/220) | Start: 2024-11-13 15:00:00 ---
    RMSE omega (GP): nan | RMSE omega (Sim): nan
    Loss: 68.2532 | Epoch: 241
    Eq omega: nan1 + nantheta + nanomega + nantheta^2 + nantheta omega + nanomega^2
    Eq omega Phys: N/A
    Diffusion: theta=nan, omega=nan

--- Chunk 24633 (214/220) | Start: 2024-11-13 15:05:00 ---
    RMSE omega (GP): 0.008981 | RMSE omega (Sim): 0.106982
    Loss: 4.1238 | Epoch: 1815
    Eq omega: -0.002921 + -0.00259theta + -0.00027omega + -0.00702theta^2 + -0.00221theta omega + 0.00040omega^2
    Eq omega Phys: 0.000176*omega**2 - 3.2e-5*omega*theta + 8.6e-5*omega - 3.0e-6*theta**2 + 1.7e-5*theta - 2.8e-5
    Diffusion: theta=2.963059e-04, omega=4.419106e-05

--- Chunk 24634 (215/220) | Start: 2024-11-13 15:10:00 ---
    RMSE omega (GP): 0.012947 | RMSE omega (Sim): 0.084352
    Loss: 11.5992 | Epoch: 1225
    Eq omega: -0.002671 + -0.00035theta + 0.00372omega + -0.00043theta^2 + -0.00110theta omega + -0.00036omega^2
    Eq omega Phys: -0.000158*omega**2 - 1.6e-5*omega*theta + 0.000225*omega + 2.0e-6*theta - 1.3e-5
    Diffusion: theta=4.722150e-04, omega=4.678099e-05

--- Chunk 24635 (216/220) | Start: 2024-11-13 15:15:00 ---
    RMSE omega (GP): nan | RMSE omega (Sim): nan
    Loss: 124.2747 | Epoch: 21
    Eq omega: nan1 + nantheta + nanomega + nantheta^2 + nantheta omega + nanomega^2
    Eq omega Phys: N/A
    Diffusion: theta=nan, omega=nan

--- Chunk 24636 (217/220) | Start: 2024-11-13 15:20:00 ---
    RMSE omega (GP): 0.010562 | RMSE omega (Sim): 0.136604
    Loss: 3.3562 | Epoch: 1499
    Eq omega: -0.003681 + -0.56661theta + 0.00118omega + 0.00225theta^2 + -0.00278theta omega + -0.00696omega^2
    Eq omega Phys: -0.002478*omega**2 - 3.3e-5*omega*theta + 0.000166*omega + 1.0e-6*theta**2 - 0.000636*theta + 0.002414
    Diffusion: theta=1.009553e-03, omega=3.194112e-05

--- Chunk 24637 (218/220) | Start: 2024-11-13 15:25:00 ---
    RMSE omega (GP): 0.024013 | RMSE omega (Sim): 0.044607
    Loss: 104.4445 | Epoch: 1133
    Eq omega: 0.006351 + -0.03198theta + -0.00200omega + 0.00262theta^2 + -0.00006theta omega + 0.00058omega^2
    Eq omega Phys: 0.000344*omega**2 - 1.0e-6*omega*theta - 9.7e-5*omega + 2.0e-6*theta**2 + 5.2e-5*theta + 0.000225
    Diffusion: theta=1.545661e-03, omega=5.754197e-06

--- Chunk 24638 (219/220) | Start: 2024-11-13 15:30:00 ---
    RMSE omega (GP): nan | RMSE omega (Sim): nan
    Loss: 70.7312 | Epoch: 35
    Eq omega: nan1 + nantheta + nanomega + nantheta^2 + nantheta omega + nanomega^2
    Eq omega Phys: N/A
    Diffusion: theta=nan, omega=nan

--- Chunk 24639 (220/220) | Start: 2024-11-13 15:35:00 ---
    RMSE omega (GP): 0.008565 | RMSE omega (Sim): 0.262108
    Loss: -0.9164 | Epoch: 820
    Eq omega: 0.001261 + 0.00073theta + 0.00019omega + 0.00022theta^2 + 0.00113theta omega + 0.00166omega^2
    Eq omega Phys: 0.000477*omega**2 + 1.1e-5*omega*theta - 4.5e-5*omega + 3.0e-6
    Diffusion: theta=8.165000e-04, omega=5.455381e-05

  [Progress 220/220] Mean RMSE omega (GP): 0.014166 | (Sim): 0.114235 | Mean loss: -32.3368 | Valid GP: 167/220 | Valid Sim: 166/220 | Elapsed: 73.5min | ETA: 0.0min

============================================================
EVALUATION COMPLETE — Chunks [24420, 24639]
============================================================
Chunks processed: 220
Chunks succeeded GP:  167 (75.9%)
Chunks succeeded Sim: 166 (75.5%)
Mean GP RMSE omega:   0.014166 ± 0.009532
Mean SIM RMSE omega:  0.114235 ± 0.078301
Mean Loss:            -32.3368 ± 4471.8798
Elapsed time:     73.5 minutes

Per-chunk CSV: /pfs/data6/home/ka/ka_iai/ka_bj2362/dsr/svise/results_5min_all_chunks/run_SLURM_3733209_combo38/chunks_24420_to_24639_20260323_023845.csv
Summary JSON:  /pfs/data6/home/ka/ka_iai/ka_bj2362/dsr/svise/results_5min_all_chunks/run_SLURM_3733209_combo38/summary_24420_to_24639_20260323_023845.json
============================================================

============================= JOB FEEDBACK =============================

NodeName=uc3n056
Job ID: 3733322
Array Job ID: 3733209_111
Cluster: uc3
User/Group: ka_bj2362/ka_iai
State: COMPLETED (exit code 0)
Nodes: 1
Cores per node: 4
CPU Utilized: 01:13:06
CPU Efficiency: 24.73% of 04:55:32 core-walltime
Job Wall-clock time: 01:13:53
Memory Utilized: 1.73 GB
Memory Efficiency: 14.40% of 12.00 GB (12.00 GB/node)
