Array task 294: processing chunks 64680 to 64899
Loading data from /pfs/data6/home/ka/ka_iai/ka_bj2362/dsr/svise/../dataset/South_Korea_2024-08-15_2025-08-31_1s.parquet...
Finding all valid 5-minute chunks in the dataset...
Found 107059 valid 5-minute chunks in total.

============================================================
SVISE FINAL EVALUATION — ALL CHUNKS
============================================================
Hyperparameters: {
  "model": "integrator",
  "sigma": 0,
  "degree": 2,
  "tau": 1e-05,
  "lr": 0.1,
  "n_tau": 50,
  "measurement_noise": 0.001,
  "n_reparam_samples": 15
}
Total valid chunks in dataset: 107059
Processing chunk range: [64680, 64899] (220 chunks)
Early stopping: patience=300, max_epochs=10000
============================================================


--- Chunk 64680 (1/220) | Start: 2025-04-06 11:40:00 ---
/pfs/data6/home/ka/ka_iai/ka_bj2362/dsr/svise/svise/sde_learning/_marginal_sde.py:284: UserWarning: torch.triangular_solve is deprecated in favor of torch.linalg.solve_triangularand will be removed in a future PyTorch release.
torch.linalg.solve_triangular has its arguments reversed and does not return a copy of one of the inputs.
X = torch.triangular_solve(B, A).solution
should be replaced with
X = torch.linalg.solve_triangular(A, B). (Triggered internally at ../aten/src/ATen/native/BatchLinearAlgebra.cpp:2192.)
  return torch.triangular_solve(self.raw_w, self.C.t()).solution
/pfs/data6/home/ka/ka_iai/ka_bj2362/dsr/svise/svise/quadrature/_unbiased_quadrature.py:196: UserWarning: Interp is nan, reducing interp degree.
  warnings.warn("Interp is nan, reducing interp degree.")
/pfs/data6/home/ka/ka_iai/ka_bj2362/dsr/svise/svise/quadrature/_unbiased_quadrature.py:174: UserWarning: NaN detected in fxq (quadrature node evaluations). Clamping to 0.
  warnings.warn("NaN detected in fxq (quadrature node evaluations). Clamping to 0.")
/pfs/data6/home/ka/ka_iai/ka_bj2362/dsr/svise/svise/quadrature/_unbiased_quadrature.py:177: UserWarning: NaN detected in fmc (Monte-Carlo node evaluations). Clamping to 0.
  warnings.warn("NaN detected in fmc (Monte-Carlo node evaluations). Clamping to 0.")
    RMSE omega (GP): 0.023965 | RMSE omega (Sim): 0.029543
    Loss: 1438.9609 | Epoch: 58
    Eq omega: 0.000721 + -0.00038theta + -0.00025omega + 0.00002theta^2 + -0.00021theta omega + -0.00072omega^2
    Eq omega Phys: -0.000823*omega**2 - 8.0e-6*omega*theta + 0.000238*omega - 2.0e-6*theta + 3.8e-5
    Diffusion: theta=nan, omega=nan

--- Chunk 64681 (2/220) | Start: 2025-04-06 11:45:00 ---
    RMSE omega (GP): 0.017791 | RMSE omega (Sim): 0.073549
    Loss: 19.4400 | Epoch: 4314
    Eq omega: -0.017201 + -0.01397theta + 0.00324omega + -0.00511theta^2 + -0.00203theta omega + 0.00075omega^2
    Eq omega Phys: 0.000292*omega**2 - 2.6e-5*omega*theta + 0.000632*omega - 2.0e-6*theta**2 + 7.2e-5*theta - 0.000616
    Diffusion: theta=6.316322e-03, omega=8.561563e-06

--- Chunk 64682 (3/220) | Start: 2025-04-06 11:50:00 ---
    RMSE omega (GP): 0.027346 | RMSE omega (Sim): 0.115848
    Loss: 37.5464 | Epoch: 54
    Eq omega: 0.005601 + -0.00144theta + -0.00122omega + -0.00232theta^2 + -0.00273theta omega + -0.00202omega^2
    Eq omega Phys: -0.000631*omega**2 - 2.8e-5*omega*theta - 3.5e-5*omega - 0.e-6*theta**2 - 1.0e-6*theta + 2.0e-5
    Diffusion: theta=1.087122e-02, omega=9.042236e-05

--- Chunk 64683 (4/220) | Start: 2025-04-06 11:55:00 ---
    RMSE omega (GP): 0.008736 | RMSE omega (Sim): 0.144817
    Loss: 1.7254 | Epoch: 1313
    Eq omega: 0.002501 + -1.81271theta + -0.15976omega + -0.02035theta^2 + 0.62849theta omega + 0.02250omega^2
    Eq omega Phys: 0.008393*omega**2 + 0.007815*omega*theta - 0.050157*omega - 8.0e-6*theta**2 - 0.001917*theta + 0.011284
    Diffusion: theta=2.793404e-04, omega=7.232513e-05

--- Chunk 64684 (5/220) | Start: 2025-04-06 12:00:00 ---
    RMSE omega (GP): 0.010847 | RMSE omega (Sim): 0.119320
    Loss: 4.6201 | Epoch: 576
    Eq omega: 0.001961 + -0.00175theta + -0.00089omega + 0.00070theta^2 + -0.00036theta omega + -0.00324omega^2
    Eq omega Phys: -0.001257*omega**2 - 5.0e-6*omega*theta - 5.5e-5*omega + 1.0e-6*theta + 4.0e-6
    Diffusion: theta=3.574933e-04, omega=6.754920e-05

--- Chunk 64685 (6/220) | Start: 2025-04-06 12:05:00 ---
    RMSE omega (GP): 0.033160 | RMSE omega (Sim): 0.156755
    Loss: 55.9321 | Epoch: 90
    Eq omega: 0.002641 + -0.00120theta + 0.00256omega + -0.00233theta^2 + -0.00408theta omega + -0.00171omega^2
    Eq omega Phys: -0.000576*omega**2 - 4.6e-5*omega*theta - 1.1e-5*omega - 0.e-6*theta**2 - 5.0e-6*theta + 2.0e-6
    Diffusion: theta=6.211380e-03, omega=5.372255e-05

--- Chunk 64686 (7/220) | Start: 2025-04-06 12:10:00 ---
    RMSE omega (GP): 0.016388 | RMSE omega (Sim): 0.115278
    Loss: 16.4020 | Epoch: 1329
    Eq omega: -0.000801 + -0.00036theta + -0.00178omega + -0.00021theta^2 + 0.00023theta omega + -0.00184omega^2
    Eq omega Phys: -0.000714*omega**2 + 3.0e-6*omega*theta - 9.5e-5*omega + 2.0e-6*theta - 1.1e-5
    Diffusion: theta=4.225978e-03, omega=6.270679e-05

--- Chunk 64687 (8/220) | Start: 2025-04-06 12:15:00 ---
    RMSE omega (GP): 0.012203 | RMSE omega (Sim): 0.094819
    Loss: 8.6719 | Epoch: 1255
    Eq omega: -0.000231 + 0.00011theta + -0.00007omega + 0.00020theta^2 + -0.00024theta omega + -0.00036omega^2
    Eq omega Phys: -0.000147*omega**2 - 3.0e-6*omega*theta + 2.3e-5*omega - 1.0e-6*theta + 4.0e-6
    Diffusion: theta=2.255381e-03, omega=3.925027e-05

--- Chunk 64688 (9/220) | Start: 2025-04-06 12:20:00 ---
    RMSE omega (GP): 0.011139 | RMSE omega (Sim): 0.069200
    Loss: 14.0086 | Epoch: 2060
    Eq omega: 0.004401 + -0.00215theta + -0.00251omega + -0.00008theta^2 + -0.00014theta omega + -0.00077omega^2
    Eq omega Phys: -0.000409*omega**2 - 2.0e-6*omega*theta - 3.5e-5*omega - 0.e-6*theta + 3.8e-5
    Diffusion: theta=1.307182e-03, omega=4.752218e-05

--- Chunk 64689 (10/220) | Start: 2025-04-06 12:25:00 ---
    RMSE omega (GP): 0.060334 | RMSE omega (Sim): 0.092606
    Loss: 548.4746 | Epoch: 770
    Eq omega: 0.000301 + -0.00003theta + -0.00155omega + -0.00007theta^2 + -0.00001theta omega + 0.00123omega^2
    Eq omega Phys: 0.000635*omega**2 - 4.8e-5*omega + 2.0e-6*theta - 2.0e-5
    Diffusion: theta=5.529127e-01, omega=6.514423e-04

--- Chunk 64690 (11/220) | Start: 2025-04-06 12:30:00 ---
    RMSE omega (GP): nan | RMSE omega (Sim): nan
    Loss: 12321.1260 | Epoch: 15
    Eq omega: nan1 + nantheta + nanomega + nantheta^2 + nantheta omega + nanomega^2
    Eq omega Phys: N/A
    Diffusion: theta=nan, omega=nan

--- Chunk 64691 (12/220) | Start: 2025-04-06 12:35:00 ---
    RMSE omega (GP): 0.042915 | RMSE omega (Sim): 0.128353
    Loss: -48373939225528721792303104.0000 | Epoch: 580
    Eq omega: 0.003251 + 0.00063theta + 0.00138omega + 0.00001theta^2 + -0.00002theta omega + 0.00018omega^2
    Eq omega Phys: 0.000109*omega**2 + 5.4e-5*omega - 6.0e-6
    Diffusion: theta=nan, omega=nan

--- Chunk 64692 (13/220) | Start: 2025-04-06 12:40:00 ---
    RMSE omega (GP): 0.025144 | RMSE omega (Sim): 0.041917
    Loss: 403.4613 | Epoch: 1214
    Eq omega: 0.003601 + 0.00027theta + -0.00069omega + 0.00063theta^2 + 0.00013theta omega + -0.00001omega^2
    Eq omega Phys: -1.2e-5*omega**2 + 5.0e-6*omega*theta - 0.00016*omega + 1.0e-6*theta**2 - 4.4e-5*theta + 0.000602
    Diffusion: theta=6.745531e-04, omega=7.569507e-07

--- Chunk 64693 (14/220) | Start: 2025-04-06 12:45:00 ---
    RMSE omega (GP): 0.010932 | RMSE omega (Sim): 0.049955
    Loss: 66.7793 | Epoch: 2002
    Eq omega: 0.000871 + 0.00006theta + -0.00441omega + 0.00000theta^2 + 0.00001theta omega + 0.00004omega^2
    Eq omega Phys: 4.3e-5*omega**2 - 0.000158*omega - 1.0e-6
    Diffusion: theta=1.171897e-03, omega=1.474535e-05

--- Chunk 64694 (15/220) | Start: 2025-04-06 12:50:00 ---
    RMSE omega (GP): 0.012942 | RMSE omega (Sim): 0.083884
    Loss: 19.9823 | Epoch: 2138
    Eq omega: 0.002501 + -0.00002theta + -0.00031omega + -0.00001theta^2 + 0.00001theta omega + -0.00033omega^2
    Eq omega Phys: -0.000174*omega**2 - 1.4e-5*omega + 3.0e-6
    Diffusion: theta=6.092262e-04, omega=4.319589e-05

--- Chunk 64695 (16/220) | Start: 2025-04-06 12:55:00 ---
    RMSE omega (GP): 0.014183 | RMSE omega (Sim): 0.137072
    Loss: 4.4180 | Epoch: 3323
    Eq omega: -0.003181 + -0.05781theta + -0.00319omega + -0.03445theta^2 + -0.00449theta omega + 0.04551omega^2
    Eq omega Phys: 0.012714*omega**2 - 4.2e-5*omega*theta + 0.000729*omega - 1.1e-5*theta**2 + 0.000363*theta - 0.003002
    Diffusion: theta=4.748074e-03, omega=6.164155e-05

--- Chunk 64696 (17/220) | Start: 2025-04-06 13:00:00 ---
    RMSE omega (GP): 0.029630 | RMSE omega (Sim): 0.061723
    Loss: 187.1145 | Epoch: 762
    Eq omega: 0.006321 + -0.00058theta + -0.01380omega + 0.00000theta^2 + -0.00000theta omega + -0.00056omega^2
    Eq omega Phys: -0.000375*omega**2 - 0.00046*omega - 0.e-6*theta - 6.0e-6
    Diffusion: theta=3.627616e-01, omega=4.124010e-04

--- Chunk 64697 (18/220) | Start: 2025-04-06 13:05:00 ---
    RMSE omega (GP): 0.011131 | RMSE omega (Sim): 0.173800
    Loss: 2.8873 | Epoch: 1399
    Eq omega: -0.014121 + -1.55596theta + -0.02288omega + 0.08272theta^2 + -0.01313theta omega + 0.00965omega^2
    Eq omega Phys: 0.003027*omega**2 - 0.000137*omega*theta - 0.001368*omega + 2.9e-5*theta**2 - 0.001475*theta - 0.007109
    Diffusion: theta=3.953384e-03, omega=6.836262e-05

--- Chunk 64698 (19/220) | Start: 2025-04-06 13:10:00 ---
    RMSE omega (GP): 0.011568 | RMSE omega (Sim): 0.093417
    Loss: 7.9883 | Epoch: 1425
    Eq omega: -0.002161 + -0.00307theta + -0.00043omega + -0.00054theta^2 + -0.00062theta omega + 0.00124omega^2
    Eq omega Phys: 0.00052*omega**2 - 9.0e-6*omega*theta + 7.6e-5*omega + 2.0e-6*theta + 3.0e-6
    Diffusion: theta=4.072852e-04, omega=6.704568e-05

--- Chunk 64699 (20/220) | Start: 2025-04-06 13:15:00 ---
    RMSE omega (GP): nan | RMSE omega (Sim): nan
    Loss: 1541.8401 | Epoch: 25
    Eq omega: nan1 + nantheta + nanomega + nantheta^2 + nantheta omega + nanomega^2
    Eq omega Phys: N/A
    Diffusion: theta=nan, omega=nan

--- Chunk 64700 (21/220) | Start: 2025-04-06 13:20:00 ---
    RMSE omega (GP): nan | RMSE omega (Sim): nan
    Loss: 158.4476 | Epoch: 258
    Eq omega: nan1 + nantheta + nanomega + nantheta^2 + nantheta omega + nanomega^2
    Eq omega Phys: N/A
    Diffusion: theta=nan, omega=nan

--- Chunk 64701 (22/220) | Start: 2025-04-06 13:25:00 ---
    RMSE omega (GP): 0.009477 | RMSE omega (Sim): 0.146582
    Loss: 5.6231 | Epoch: 1281
    Eq omega: -0.001151 + -0.00028theta + -0.00317omega + 0.00004theta^2 + 0.00005theta omega + 0.00032omega^2
    Eq omega Phys: 0.000144*omega**2 + 1.0e-6*omega*theta - 0.000115*omega - 0.e-6*theta + 4.0e-6
    Diffusion: theta=2.092711e-04, omega=3.378258e-05

--- Chunk 64702 (23/220) | Start: 2025-04-06 13:30:00 ---
    RMSE omega (GP): 0.043925 | RMSE omega (Sim): 0.046125
    Loss: 727.2625 | Epoch: 71
    Eq omega: -0.000211 + -0.00001theta + -0.00002omega + -0.00001theta^2 + -0.00001theta omega + 0.00001omega^2
    Eq omega Phys: 7.0e-6*omega**2 + 5.0e-6*omega - 5.0e-6
    Diffusion: theta=nan, omega=nan

--- Chunk 64703 (24/220) | Start: 2025-04-06 13:35:00 ---
    RMSE omega (GP): 0.040949 | RMSE omega (Sim): 0.079742
    Loss: 304.7381 | Epoch: 61
    Eq omega: 0.003211 + -0.00162theta + 0.00035omega + 0.00001theta^2 + -0.00021theta omega + -0.00139omega^2
    Eq omega Phys: -0.000788*omega**2 - 4.0e-6*omega*theta + 8.9e-5*omega - 2.0e-6*theta + 4.4e-5
    Diffusion: theta=nan, omega=nan

--- Chunk 64704 (25/220) | Start: 2025-04-06 13:40:00 ---
    RMSE omega (GP): 0.013311 | RMSE omega (Sim): 0.159043
    Loss: 6.4453 | Epoch: 1985
    Eq omega: 0.001181 + -0.00182theta + -0.00136omega + -0.00015theta^2 + 0.00013theta omega + -0.00109omega^2
    Eq omega Phys: -0.000393*omega**2 + 2.0e-6*omega*theta - 6.3e-5*omega - 0.e-6*theta + 1.9e-5
    Diffusion: theta=2.704464e-04, omega=8.079065e-05

--- Chunk 64705 (26/220) | Start: 2025-04-06 13:45:00 ---
    RMSE omega (GP): nan | RMSE omega (Sim): nan
    Loss: 1612.2491 | Epoch: 20
    Eq omega: nan1 + nantheta + nanomega + nantheta^2 + nantheta omega + nanomega^2
    Eq omega Phys: N/A
    Diffusion: theta=nan, omega=nan

--- Chunk 64706 (27/220) | Start: 2025-04-06 13:50:00 ---
    RMSE omega (GP): 0.013767 | RMSE omega (Sim): 0.043407
    Loss: 49.5989 | Epoch: 2510
    Eq omega: 0.000441 + -0.00086theta + 0.00184omega + 0.00001theta^2 + 0.00005theta omega + -0.00063omega^2
    Eq omega Phys: -0.0005*omega**2 + 1.0e-6*omega*theta + 2.9e-5*omega - 1.0e-6*theta + 2.9e-5
    Diffusion: theta=4.739956e-04, omega=3.202642e-05

--- Chunk 64707 (28/220) | Start: 2025-04-06 13:55:00 ---
    RMSE omega (GP): nan | RMSE omega (Sim): nan
    Loss: 24944.1191 | Epoch: 16
    Eq omega: nan1 + nantheta + nanomega + nantheta^2 + nantheta omega + nanomega^2
    Eq omega Phys: N/A
    Diffusion: theta=nan, omega=nan

--- Chunk 64708 (29/220) | Start: 2025-04-06 14:00:00 ---
    RMSE omega (GP): 0.066134 | RMSE omega (Sim): 0.155450
    Loss: 236.3826 | Epoch: 58
    Eq omega: -0.002461 + -0.03290theta + -0.00674omega + -0.00051theta^2 + 0.01154theta omega + 0.00662omega^2
    Eq omega Phys: 0.00211*omega**2 + 0.000123*omega*theta + 0.002648*omega - 4.5e-5*theta - 0.000964
    Diffusion: theta=nan, omega=nan

--- Chunk 64709 (30/220) | Start: 2025-04-06 14:05:00 ---
    RMSE omega (GP): 0.008186 | RMSE omega (Sim): 0.083647
    Loss: 0.1921 | Epoch: 1439
    Eq omega: -0.006781 + -0.83701theta + -0.03608omega + -0.00246theta^2 + 0.01111theta omega + -0.04228omega^2
    Eq omega Phys: -0.013962*omega**2 + 0.000122*omega*theta - 0.000945*omega - 0.e-6*theta**2 - 0.000934*theta - 0.001983
    Diffusion: theta=7.427193e-04, omega=7.434202e-05

--- Chunk 64710 (31/220) | Start: 2025-04-06 14:10:00 ---
    RMSE omega (GP): 0.013803 | RMSE omega (Sim): 0.081885
    Loss: 11.4516 | Epoch: 1177
    Eq omega: -0.000381 + 0.00070theta + -0.00005omega + 0.00028theta^2 + 0.00094theta omega + -0.00018omega^2
    Eq omega Phys: -7.3e-5*omega**2 + 1.3e-5*omega*theta - 0.000149*omega - 2.0e-6*theta + 7.0e-6
    Diffusion: theta=4.239097e-04, omega=4.937977e-05

--- Chunk 64711 (32/220) | Start: 2025-04-06 14:15:00 ---
    RMSE omega (GP): nan | RMSE omega (Sim): nan
    Loss: 390.5351 | Epoch: 48
    Eq omega: nan1 + nantheta + nanomega + nantheta^2 + nantheta omega + nanomega^2
    Eq omega Phys: N/A
    Diffusion: theta=nan, omega=nan

--- Chunk 64712 (33/220) | Start: 2025-04-06 14:20:00 ---
    RMSE omega (GP): 0.052167 | RMSE omega (Sim): 0.086690
    Loss: 251.0871 | Epoch: 360
    Eq omega: 0.000381 + -0.00114theta + 0.00371omega + -0.00037theta^2 + -0.00210theta omega + -0.00018omega^2
    Eq omega Phys: -7.8e-5*omega**2 - 3.0e-5*omega*theta + 0.000655*omega + 5.0e-6*theta - 3.2e-5
    Diffusion: theta=6.029796e-01, omega=8.559937e-04

--- Chunk 64713 (34/220) | Start: 2025-04-06 14:25:00 ---
    RMSE omega (GP): nan | RMSE omega (Sim): nan
    Loss: 205.2686 | Epoch: 49
    Eq omega: nan1 + nantheta + nanomega + nantheta^2 + nantheta omega + nanomega^2
    Eq omega Phys: N/A
    Diffusion: theta=nan, omega=nan

--- Chunk 64714 (35/220) | Start: 2025-04-06 14:30:00 ---
    RMSE omega (GP): nan | RMSE omega (Sim): nan
    Loss: 309.1650 | Epoch: 74
    Eq omega: nan1 + nantheta + nanomega + nantheta^2 + nantheta omega + nanomega^2
    Eq omega Phys: N/A
    Diffusion: theta=nan, omega=nan

--- Chunk 64715 (36/220) | Start: 2025-04-06 14:35:00 ---
    RMSE omega (GP): 0.014031 | RMSE omega (Sim): 0.134662
    Loss: 5.1680 | Epoch: 1025
    Eq omega: 0.005381 + -0.00057theta + 0.00140omega + 0.00122theta^2 + 0.00075theta omega + 0.00242omega^2
    Eq omega Phys: 0.000729*omega**2 + 8.0e-6*omega*theta + 3.5e-5*omega - 2.0e-6*theta + 2.2e-5
    Diffusion: theta=5.491537e-04, omega=9.622380e-05

--- Chunk 64716 (37/220) | Start: 2025-04-06 14:40:00 ---
    RMSE omega (GP): 0.009064 | RMSE omega (Sim): 0.099832
    Loss: 4.6013 | Epoch: 1888
    Eq omega: 0.001841 + -0.00019theta + -0.00121omega + -0.00014theta^2 + -0.00128theta omega + 0.00038omega^2
    Eq omega Phys: 0.000164*omega**2 - 1.8e-5*omega*theta + 7.9e-5*omega + 1.0e-6*theta + 3.0e-6
    Diffusion: theta=2.771608e-04, omega=7.437819e-05

--- Chunk 64717 (38/220) | Start: 2025-04-06 14:45:00 ---
    RMSE omega (GP): 0.011503 | RMSE omega (Sim): 0.153240
    Loss: 0.6737 | Epoch: 1140
    Eq omega: -0.001571 + -0.00087theta + -0.00178omega + -0.00017theta^2 + -0.00189theta omega + -0.00418omega^2
    Eq omega Phys: -0.001023*omega**2 - 1.5e-5*omega*theta - 0.000146*omega - 1.0e-6*theta - 1.4e-5
    Diffusion: theta=2.174198e-03, omega=8.568340e-05

--- Chunk 64718 (39/220) | Start: 2025-04-06 14:50:00 ---
    RMSE omega (GP): 0.010975 | RMSE omega (Sim): 0.217199
    Loss: 1.5374 | Epoch: 874
    Eq omega: 0.000711 + -0.63766theta + -0.01326omega + -0.00172theta^2 + -0.00865theta omega + -0.00613omega^2
    Eq omega Phys: -0.001786*omega**2 - 8.4e-5*omega*theta - 0.000302*omega - 0.e-6*theta**2 - 0.000707*theta + 0.001183
    Diffusion: theta=3.979308e-04, omega=7.984838e-05

--- Chunk 64719 (40/220) | Start: 2025-04-06 14:55:00 ---
    RMSE omega (GP): nan | RMSE omega (Sim): nan
    Loss: 1196.4441 | Epoch: 36
    Eq omega: nan1 + nantheta + nanomega + nantheta^2 + nantheta omega + nanomega^2
    Eq omega Phys: N/A
    Diffusion: theta=nan, omega=nan

--- Chunk 64720 (41/220) | Start: 2025-04-06 15:00:00 ---
    RMSE omega (GP): nan | RMSE omega (Sim): nan
    Loss: 431.0907 | Epoch: 342
    Eq omega: nan1 + nantheta + nanomega + nantheta^2 + nantheta omega + nanomega^2
    Eq omega Phys: N/A
    Diffusion: theta=nan, omega=nan

--- Chunk 64721 (42/220) | Start: 2025-04-06 15:05:00 ---
    RMSE omega (GP): 0.009569 | RMSE omega (Sim): 0.114921
    Loss: 3.6024 | Epoch: 1319
    Eq omega: 0.001101 + 0.00042theta + -0.00040omega + 0.00012theta^2 + 0.00103theta omega + -0.00187omega^2
    Eq omega Phys: -0.000729*omega**2 + 1.3e-5*omega*theta - 0.000109*omega + 2.0e-6
    Diffusion: theta=5.242584e-04, omega=6.513386e-05

--- Chunk 64722 (43/220) | Start: 2025-04-06 15:10:00 ---
    RMSE omega (GP): 0.013662 | RMSE omega (Sim): 0.160935
    Loss: 5.6155 | Epoch: 1252
    Eq omega: -0.024761 + -0.55791theta + -0.00306omega + -0.00101theta^2 + -0.00082theta omega + -0.00855omega^2
    Eq omega Phys: -0.002757*omega**2 - 9.0e-6*omega*theta - 4.6e-5*omega - 0.000615*theta + 0.003866
    Diffusion: theta=6.285283e-04, omega=6.111565e-05

--- Chunk 64723 (44/220) | Start: 2025-04-06 15:15:00 ---
    RMSE omega (GP): 0.013875 | RMSE omega (Sim): 0.219693
    Loss: 5.9853 | Epoch: 1508
    Eq omega: -0.000811 + -0.00048theta + -0.00139omega + -0.00128theta^2 + 0.00064theta omega + -0.00497omega^2
    Eq omega Phys: -0.001574*omega**2 + 7.0e-6*omega*theta - 9.6e-5*omega + 6.0e-6*theta - 2.3e-5
    Diffusion: theta=8.510830e-04, omega=8.411474e-05

--- Chunk 64724 (45/220) | Start: 2025-04-06 15:20:00 ---
    RMSE omega (GP): 0.011776 | RMSE omega (Sim): 0.066056
    Loss: 16.9434 | Epoch: 1865
    Eq omega: 0.005871 + -0.00027theta + -0.00057omega + -0.00005theta^2 + 0.00024theta omega + -0.00056omega^2
    Eq omega Phys: -0.000313*omega**2 + 4.0e-6*omega*theta - 9.9e-5*omega + 1.0e-6*theta + 7.0e-6
    Diffusion: theta=8.156046e-04, omega=4.133793e-05

--- Chunk 64725 (46/220) | Start: 2025-04-06 15:25:00 ---
    RMSE omega (GP): nan | RMSE omega (Sim): nan
    Loss: 83.8682 | Epoch: 286
    Eq omega: nan1 + nantheta + nanomega + nantheta^2 + nantheta omega + nanomega^2
    Eq omega Phys: N/A
    Diffusion: theta=nan, omega=nan

--- Chunk 64726 (47/220) | Start: 2025-04-06 15:30:00 ---
    RMSE omega (GP): 0.041245 | RMSE omega (Sim): 0.297593
    Loss: 87.2820 | Epoch: 69
    Eq omega: 0.001011 + -0.00086theta + -0.00457omega + -0.00001theta^2 + -0.00028theta omega + -0.00137omega^2
    Eq omega Phys: -0.000418*omega**2 - 3.0e-6*omega*theta - 0.000128*omega - 0.e-6*theta + 1.2e-5
    Diffusion: theta=nan, omega=nan

--- Chunk 64727 (48/220) | Start: 2025-04-06 15:35:00 ---
    RMSE omega (GP): 0.038662 | RMSE omega (Sim): 0.051300
    Loss: 310.9960 | Epoch: 185
    Eq omega: 0.003401 + 0.00002theta + 0.00154omega + -0.00000theta^2 + -0.00004theta omega + 0.00008omega^2
    Eq omega Phys: 5.2e-5*omega**2 - 0.e-6*omega*theta + 6.9e-5*omega + 5.0e-6
    Diffusion: theta=nan, omega=nan

--- Chunk 64728 (49/220) | Start: 2025-04-06 15:40:00 ---
    RMSE omega (GP): 0.052895 | RMSE omega (Sim): 0.124174
    Loss: 190.3183 | Epoch: 60
    Eq omega: -0.002801 + -0.00051theta + -0.00121omega + -0.00009theta^2 + -0.00062theta omega + -0.00019omega^2
    Eq omega Phys: -7.0e-5*omega**2 - 8.0e-6*omega*theta + 8.1e-5*omega + 1.0e-6*theta - 9.0e-6
    Diffusion: theta=nan, omega=nan

--- Chunk 64729 (50/220) | Start: 2025-04-06 15:45:00 ---
    RMSE omega (GP): nan | RMSE omega (Sim): nan
    Loss: 98.4398 | Epoch: 40
    Eq omega: nan1 + nantheta + nanomega + nantheta^2 + nantheta omega + nanomega^2
    Eq omega Phys: N/A
    Diffusion: theta=nan, omega=nan

  [Progress 50/220] Mean RMSE omega (GP): 0.022877 | (Sim): 0.113264 | Mean loss: -967478784510574387527680.0000 | Valid GP: 38/50 | Valid Sim: 38/50 | Elapsed: 15.7min | ETA: 53.3min

--- Chunk 64730 (51/220) | Start: 2025-04-06 15:50:00 ---
    RMSE omega (GP): nan | RMSE omega (Sim): nan
    Loss: 782.6084 | Epoch: 22
    Eq omega: nan1 + nantheta + nanomega + nantheta^2 + nantheta omega + nanomega^2
    Eq omega Phys: N/A
    Diffusion: theta=nan, omega=nan

--- Chunk 64731 (52/220) | Start: 2025-04-06 15:55:00 ---
    RMSE omega (GP): 0.041182 | RMSE omega (Sim): 0.301119
    Loss: 248.5747 | Epoch: 1173
    Eq omega: -0.002781 + -0.00043theta + -0.00026omega + 0.00677theta^2 + 0.00002theta omega + 0.00043omega^2
    Eq omega Phys: 0.000234*omega**2 + 3.0e-6*omega + 4.0e-6*theta**2 + 0.000254*theta + 0.003948
    Diffusion: theta=nan, omega=nan

--- Chunk 64732 (53/220) | Start: 2025-04-06 16:00:00 ---
    RMSE omega (GP): nan | RMSE omega (Sim): nan
    Loss: 55.7023 | Epoch: 52
    Eq omega: nan1 + nantheta + nanomega + nantheta^2 + nantheta omega + nanomega^2
    Eq omega Phys: N/A
    Diffusion: theta=nan, omega=nan

--- Chunk 64733 (54/220) | Start: 2025-04-06 16:05:00 ---
    RMSE omega (GP): 0.020252 | RMSE omega (Sim): 0.095452
    Loss: -3450.2578 | Epoch: 872
    Eq omega: -0.005551 + -0.17048theta + -0.01191omega + 0.00962theta^2 + 0.00308theta omega + -0.00408omega^2
    Eq omega Phys: -0.001201*omega**2 + 3.0e-5*omega*theta - 0.000367*omega + 3.0e-6*theta**2 - 0.000183*theta - 0.000207
    Diffusion: theta=1.326128e+01, omega=1.522384e-02

--- Chunk 64734 (55/220) | Start: 2025-04-06 16:10:00 ---
    RMSE omega (GP): 0.013936 | RMSE omega (Sim): 0.113019
    Loss: 2.1111 | Epoch: 1350
    Eq omega: 0.008101 + -2.64443theta + 0.06475omega + -0.19811theta^2 + -0.90886theta omega + -0.04490omega^2
    Eq omega Phys: -0.011359*omega**2 - 0.007664*omega*theta - 0.0046*omega - 5.6e-5*theta**2 - 0.003036*theta - 0.002599
    Diffusion: theta=6.097946e-04, omega=8.176805e-05

--- Chunk 64735 (56/220) | Start: 2025-04-06 16:15:00 ---
    RMSE omega (GP): nan | RMSE omega (Sim): nan
    Loss: 287.5414 | Epoch: 39
    Eq omega: nan1 + nantheta + nanomega + nantheta^2 + nantheta omega + nanomega^2
    Eq omega Phys: N/A
    Diffusion: theta=nan, omega=nan

--- Chunk 64736 (57/220) | Start: 2025-04-06 16:20:00 ---
    RMSE omega (GP): 0.019774 | RMSE omega (Sim): 0.165894
    Loss: -104.7112 | Epoch: 968
    Eq omega: 0.005371 + -0.00755theta + 0.01645omega + 0.00080theta^2 + -0.00474theta omega + 0.02059omega^2
    Eq omega Phys: 0.006245*omega**2 - 4.8e-5*omega*theta + 0.000806*omega - 1.1e-5*theta + 7.3e-5
    Diffusion: theta=5.226658e-03, omega=4.189135e-05

--- Chunk 64737 (58/220) | Start: 2025-04-06 16:25:00 ---
    RMSE omega (GP): nan | RMSE omega (Sim): nan
    Loss: 3623.6831 | Epoch: 17
    Eq omega: nan1 + nantheta + nanomega + nantheta^2 + nantheta omega + nanomega^2
    Eq omega Phys: N/A
    Diffusion: theta=nan, omega=nan

--- Chunk 64738 (59/220) | Start: 2025-04-06 16:30:00 ---
    RMSE omega (GP): 0.013567 | RMSE omega (Sim): 0.081285
    Loss: 11.7656 | Epoch: 1982
    Eq omega: -0.001181 + 0.00067theta + 0.00122omega + 0.00085theta^2 + -0.00012theta omega + 0.00056omega^2
    Eq omega Phys: 0.000234*omega**2 - 2.0e-6*omega*theta + 4.3e-5*omega - 0.e-6*theta - 3.0e-6
    Diffusion: theta=9.246122e-04, omega=6.178350e-05

--- Chunk 64739 (60/220) | Start: 2025-04-06 16:35:00 ---
    RMSE omega (GP): 0.011562 | RMSE omega (Sim): 0.123959
    Loss: 1.4776 | Epoch: 1209
    Eq omega: -0.010601 + -0.26702theta + 0.01625omega + 0.17282theta^2 + 0.04322theta omega + -0.09868omega^2
    Eq omega Phys: -0.027204*omega**2 + 0.000397*omega*theta + 0.00075*omega + 5.3e-5*theta**2 - 0.000241*theta - 0.000184
    Diffusion: theta=1.996282e-03, omega=5.934274e-05

--- Chunk 64740 (61/220) | Start: 2025-04-06 16:40:00 ---
    RMSE omega (GP): 0.012926 | RMSE omega (Sim): 0.081290
    Loss: 5.6686 | Epoch: 1650
    Eq omega: 0.007411 + -0.08092theta + 0.00753omega + -0.00537theta^2 + 0.00047theta omega + 0.00800omega^2
    Eq omega Phys: 0.00267*omega**2 + 5.0e-6*omega*theta + 0.000362*omega - 2.0e-6*theta**2 - 0.000174*theta - 0.002766
    Diffusion: theta=3.956710e-04, omega=3.456283e-05

--- Chunk 64741 (62/220) | Start: 2025-04-06 16:45:00 ---
    RMSE omega (GP): 0.016869 | RMSE omega (Sim): 0.115855
    Loss: 7.7155 | Epoch: 1886
    Eq omega: -0.003151 + -0.05541theta + -0.00032omega + 0.00110theta^2 + 0.00293theta omega + 0.00144omega^2
    Eq omega Phys: 0.000424*omega**2 + 2.9e-5*omega*theta - 0.000279*omega - 6.8e-5*theta + 0.000592
    Diffusion: theta=4.295866e-04, omega=4.588666e-05

--- Chunk 64742 (63/220) | Start: 2025-04-06 16:50:00 ---
    RMSE omega (GP): 0.074022 | RMSE omega (Sim): 0.159439
    Loss: -122.0835 | Epoch: 621
    Eq omega: -0.032731 + -0.00460theta + -0.00377omega + 0.00162theta^2 + -0.00404theta omega + -0.00093omega^2
    Eq omega Phys: -0.000223*omega**2 - 3.2e-5*omega*theta + 0.000601*omega - 2.5e-5*theta + 0.000182
    Diffusion: theta=1.722597e-02, omega=2.480278e-05

--- Chunk 64743 (64/220) | Start: 2025-04-06 16:55:00 ---
    RMSE omega (GP): nan | RMSE omega (Sim): nan
    Loss: 129.5589 | Epoch: 97
    Eq omega: nan1 + nantheta + nanomega + nantheta^2 + nantheta omega + nanomega^2
    Eq omega Phys: N/A
    Diffusion: theta=nan, omega=nan

--- Chunk 64744 (65/220) | Start: 2025-04-06 17:00:00 ---
    RMSE omega (GP): nan | RMSE omega (Sim): nan
    Loss: 26.1745 | Epoch: 125
    Eq omega: nan1 + nantheta + nanomega + nantheta^2 + nantheta omega + nanomega^2
    Eq omega Phys: N/A
    Diffusion: theta=nan, omega=nan

--- Chunk 64745 (66/220) | Start: 2025-04-06 17:05:00 ---
    RMSE omega (GP): 0.011656 | RMSE omega (Sim): 0.188354
    Loss: 0.4819 | Epoch: 759
    Eq omega: -0.009601 + -1.73892theta + -0.00152omega + -0.00170theta^2 + -0.00270theta omega + -0.00346omega^2
    Eq omega Phys: -0.000875*omega**2 - 2.3e-5*omega*theta + 2.7e-5*omega - 0.001929*theta + 0.00653
    Diffusion: theta=3.916175e-04, omega=8.163158e-05

--- Chunk 64746 (67/220) | Start: 2025-04-06 17:10:00 ---
    RMSE omega (GP): 0.009423 | RMSE omega (Sim): 0.192277
    Loss: -0.6614 | Epoch: 731
    Eq omega: 0.005721 + 0.00487theta + -0.00306omega + 0.00167theta^2 + 0.00136theta omega + 0.00154omega^2
    Eq omega Phys: 0.000416*omega**2 + 1.2e-5*omega*theta - 8.7e-5*omega + 1.0e-6*theta**2 + 7.0e-6*theta + 3.1e-5
    Diffusion: theta=5.749598e-04, omega=9.554879e-05

--- Chunk 64747 (68/220) | Start: 2025-04-06 17:15:00 ---
    RMSE omega (GP): nan | RMSE omega (Sim): nan
    Loss: 112.7876 | Epoch: 34
    Eq omega: nan1 + nantheta + nanomega + nantheta^2 + nantheta omega + nanomega^2
    Eq omega Phys: N/A
    Diffusion: theta=nan, omega=nan

--- Chunk 64748 (69/220) | Start: 2025-04-06 17:20:00 ---
    RMSE omega (GP): 0.031875 | RMSE omega (Sim): 0.183991
    Loss: 26.1343 | Epoch: 1302
    Eq omega: 0.016881 + -0.00795theta + -0.00155omega + -0.00096theta^2 + 0.00016theta omega + -0.00026omega^2
    Eq omega Phys: -9.9e-5*omega**2 + 2.0e-6*omega*theta - 2.1e-5*omega - 2.1e-5*theta - 0.000181
    Diffusion: theta=2.775842e-03, omega=1.053619e-06

--- Chunk 64749 (70/220) | Start: 2025-04-06 17:25:00 ---
    RMSE omega (GP): 0.012035 | RMSE omega (Sim): 0.176359
    Loss: 0.9181 | Epoch: 805
    Eq omega: -0.000181 + -0.00026theta + -0.00165omega + 0.00011theta^2 + -0.00317theta omega + -0.00047omega^2
    Eq omega Phys: -0.000117*omega**2 - 2.6e-5*omega*theta - 0.000266*omega - 1.0e-6
    Diffusion: theta=7.802764e-04, omega=9.038739e-05

--- Chunk 64750 (71/220) | Start: 2025-04-06 17:30:00 ---
    RMSE omega (GP): 0.012794 | RMSE omega (Sim): 0.123076
    Loss: 3.5189 | Epoch: 913
    Eq omega: -0.008721 + -0.09109theta + 0.00139omega + -0.00680theta^2 + 0.01143theta omega + 0.00155omega^2
    Eq omega Phys: 0.000459*omega**2 + 0.000113*omega*theta + 0.000421*omega - 2.0e-6*theta**2 - 0.000116*theta - 0.000393
    Diffusion: theta=1.596455e-03, omega=5.437486e-05

--- Chunk 64751 (72/220) | Start: 2025-04-06 17:35:00 ---
    RMSE omega (GP): 0.030747 | RMSE omega (Sim): nan
    Loss: -313919.9688 | Epoch: 1444
    Eq omega: 0.006441 + -0.34721theta + -0.01341omega + -0.09063theta^2 + 0.00285theta omega + 0.00850omega^2
    Eq omega Phys: 0.002157*omega**2 + 2.4e-5*omega*theta - 0.00078*omega - 2.6e-5*theta**2 + 0.00032*theta + 0.000484
    Diffusion: theta=2.507819e-03, omega=2.326587e-05

--- Chunk 64752 (73/220) | Start: 2025-04-06 17:40:00 ---
    RMSE omega (GP): 0.010851 | RMSE omega (Sim): 0.170039
    Loss: -0.1030 | Epoch: 885
    Eq omega: 0.011851 + -1.37323theta + -0.01985omega + 0.00060theta^2 + 0.02643theta omega + 0.00739omega^2
    Eq omega Phys: 0.001787*omega**2 + 0.000213*omega*theta - 0.001073*omega - 0.001526*theta + 0.003
    Diffusion: theta=7.792540e-03, omega=6.517835e-05

--- Chunk 64753 (74/220) | Start: 2025-04-06 17:45:00 ---
    RMSE omega (GP): 0.058599 | RMSE omega (Sim): 0.083265
    Loss: 292.6213 | Epoch: 190
    Eq omega: 0.001521 + -0.01848theta + 0.00975omega + 0.00337theta^2 + -0.00022theta omega + 0.00051omega^2
    Eq omega Phys: 0.000204*omega**2 - 3.0e-6*omega*theta + 0.000364*omega + 1.0e-6*theta**2 - 6.1e-5*theta + 0.00055
    Diffusion: theta=nan, omega=nan

--- Chunk 64754 (75/220) | Start: 2025-04-06 17:50:00 ---
    RMSE omega (GP): 0.010503 | RMSE omega (Sim): 0.137831
    Loss: 3.8371 | Epoch: 2577
    Eq omega: 0.005101 + -0.00057theta + -0.00223omega + -0.00027theta^2 + 0.00292theta omega + -0.00039omega^2
    Eq omega Phys: -0.000141*omega**2 + 3.5e-5*omega*theta - 0.000639*omega + 3.0e-6*theta - 2.0e-6
    Diffusion: theta=7.290182e-04, omega=5.578463e-05

--- Chunk 64755 (76/220) | Start: 2025-04-06 17:55:00 ---
    RMSE omega (GP): 0.011485 | RMSE omega (Sim): 0.120224
    Loss: 3.7129 | Epoch: 1186
    Eq omega: -0.014581 + -1.25196theta + -0.00544omega + 0.00128theta^2 + -0.00100theta omega + -0.00675omega^2
    Eq omega Phys: -0.002319*omega**2 - 1.1e-5*omega*theta - 0.000147*omega - 0.001394*theta + 0.004173
    Diffusion: theta=4.065225e-04, omega=4.958643e-05

--- Chunk 64756 (77/220) | Start: 2025-04-06 18:00:00 ---
    RMSE omega (GP): nan | RMSE omega (Sim): nan
    Loss: 6.7048 | Epoch: 318
    Eq omega: nan1 + nantheta + nanomega + nantheta^2 + nantheta omega + nanomega^2
    Eq omega Phys: N/A
    Diffusion: theta=nan, omega=nan

--- Chunk 64757 (78/220) | Start: 2025-04-06 18:05:00 ---
    RMSE omega (GP): 0.009589 | RMSE omega (Sim): 0.159171
    Loss: 4.3664 | Epoch: 711
    Eq omega: 0.238661 + -2.82797theta + -0.01640omega + -1.40506theta^2 + 0.94691theta omega + 0.10520omega^2
    Eq omega Phys: 0.044277*omega**2 + 0.013285*omega*theta - 0.053803*omega - 0.000657*theta**2 + 0.002126*theta + 0.002667
    Diffusion: theta=1.433260e-03, omega=3.418025e-05

--- Chunk 64758 (79/220) | Start: 2025-04-06 18:10:00 ---
    RMSE omega (GP): 0.015858 | RMSE omega (Sim): 0.084798
    Loss: 3.2348 | Epoch: 1266
    Eq omega: -0.012151 + -0.09172theta + -0.01025omega + -0.00006theta^2 + 0.00044theta omega + 0.00065omega^2
    Eq omega Phys: 0.000198*omega**2 + 4.0e-6*omega*theta - 0.000423*omega - 0.000101*theta + 0.001816
    Diffusion: theta=5.476678e-04, omega=5.558079e-05

--- Chunk 64759 (80/220) | Start: 2025-04-06 18:15:00 ---
    RMSE omega (GP): 0.011688 | RMSE omega (Sim): 0.194748
    Loss: 2.2786 | Epoch: 1101
    Eq omega: -0.001311 + -0.00178theta + 0.00239omega + 0.00045theta^2 + 0.00164theta omega + -0.00258omega^2
    Eq omega Phys: -0.00076*omega**2 + 1.6e-5*omega*theta + 0.000211*omega - 1.1e-5
    Diffusion: theta=1.881700e-03, omega=5.613060e-05

--- Chunk 64760 (81/220) | Start: 2025-04-06 18:20:00 ---
    RMSE omega (GP): 0.010468 | RMSE omega (Sim): 0.186565
    Loss: 0.3968 | Epoch: 1585
    Eq omega: 0.002111 + -0.36316theta + -0.00130omega + -0.00093theta^2 + -0.00290theta omega + 0.00021omega^2
    Eq omega Phys: 5.7e-5*omega**2 - 2.6e-5*omega*theta + 0.000314*omega - 0.000396*theta + 0.005448
    Diffusion: theta=2.844976e-04, omega=7.323419e-05

--- Chunk 64761 (82/220) | Start: 2025-04-06 18:25:00 ---
    RMSE omega (GP): nan | RMSE omega (Sim): nan
    Loss: 72.0458 | Epoch: 30
    Eq omega: nan1 + nantheta + nanomega + nantheta^2 + nantheta omega + nanomega^2
    Eq omega Phys: N/A
    Diffusion: theta=nan, omega=nan

--- Chunk 64762 (83/220) | Start: 2025-04-06 18:30:00 ---
    RMSE omega (GP): 0.010629 | RMSE omega (Sim): 0.143158
    Loss: 0.0610 | Epoch: 1076
    Eq omega: -0.011991 + -0.47998theta + -0.00919omega + -0.00636theta^2 + 0.00268theta omega + -0.01437omega^2
    Eq omega Phys: -0.003596*omega**2 + 2.2e-5*omega*theta - 0.000522*omega - 2.0e-6*theta**2 - 0.000499*theta + 0.004938
    Diffusion: theta=1.425674e-02, omega=6.666147e-05

--- Chunk 64763 (84/220) | Start: 2025-04-06 18:35:00 ---
    RMSE omega (GP): nan | RMSE omega (Sim): nan
    Loss: 35.9321 | Epoch: 74
    Eq omega: nan1 + nantheta + nanomega + nantheta^2 + nantheta omega + nanomega^2
    Eq omega Phys: N/A
    Diffusion: theta=nan, omega=nan

--- Chunk 64764 (85/220) | Start: 2025-04-06 18:40:00 ---
    RMSE omega (GP): nan | RMSE omega (Sim): nan
    Loss: 177.1500 | Epoch: 26
    Eq omega: nan1 + nantheta + nanomega + nantheta^2 + nantheta omega + nanomega^2
    Eq omega Phys: N/A
    Diffusion: theta=nan, omega=nan

--- Chunk 64765 (86/220) | Start: 2025-04-06 18:45:00 ---
    RMSE omega (GP): 0.010160 | RMSE omega (Sim): 0.193410
    Loss: -0.5927 | Epoch: 1614
    Eq omega: 0.003191 + -0.20468theta + 0.02457omega + -0.00108theta^2 + 0.00682theta omega + 0.00543omega^2
    Eq omega Phys: 0.001411*omega**2 + 5.9e-5*omega*theta + 0.000393*omega - 0.000223*theta + 0.001639
    Diffusion: theta=5.984294e-04, omega=7.704817e-05

--- Chunk 64766 (87/220) | Start: 2025-04-06 18:50:00 ---
    RMSE omega (GP): 0.010659 | RMSE omega (Sim): 0.138598
    Loss: 1.3666 | Epoch: 1328
    Eq omega: -0.000331 + -0.00159theta + -0.00144omega + -0.00078theta^2 + 0.00091theta omega + -0.00060omega^2
    Eq omega Phys: -0.00017*omega**2 + 9.0e-6*omega*theta + 3.5e-5*omega - 6.0e-6*theta - 4.1e-5
    Diffusion: theta=6.632968e-03, omega=4.541792e-05

--- Chunk 64767 (88/220) | Start: 2025-04-06 18:55:00 ---
    RMSE omega (GP): 0.046701 | RMSE omega (Sim): 0.086222
    Loss: 174.5901 | Epoch: 106
    Eq omega: 0.000271 + 0.00021theta + -0.00032omega + 0.00068theta^2 + 0.00003theta omega + -0.00014omega^2
    Eq omega Phys: -5.4e-5*omega**2 - 1.9e-5*omega - 1.3e-5*theta + 0.00014
    Diffusion: theta=nan, omega=nan

--- Chunk 64768 (89/220) | Start: 2025-04-06 19:00:00 ---
    RMSE omega (GP): 0.010672 | RMSE omega (Sim): 0.117205
    Loss: 3.8010 | Epoch: 1272
    Eq omega: -0.000271 + -0.00003theta + -0.00013omega + 0.00003theta^2 + 0.00012theta omega + -0.00013omega^2
    Eq omega Phys: -4.9e-5*omega**2 + 2.0e-6*omega*theta - 1.8e-5*omega + 1.0e-6
    Diffusion: theta=6.027595e-04, omega=6.978209e-05

--- Chunk 64769 (90/220) | Start: 2025-04-06 19:05:00 ---
    RMSE omega (GP): nan | RMSE omega (Sim): nan
    Loss: 1971.3265 | Epoch: 42
    Eq omega: nan1 + nantheta + nanomega + nantheta^2 + nantheta omega + nanomega^2
    Eq omega Phys: N/A
    Diffusion: theta=nan, omega=nan

--- Chunk 64770 (91/220) | Start: 2025-04-06 19:10:00 ---
    RMSE omega (GP): nan | RMSE omega (Sim): nan
    Loss: 1366.0347 | Epoch: 15
    Eq omega: nan1 + nantheta + nanomega + nantheta^2 + nantheta omega + nanomega^2
    Eq omega Phys: N/A
    Diffusion: theta=nan, omega=nan

--- Chunk 64771 (92/220) | Start: 2025-04-06 19:15:00 ---
    RMSE omega (GP): nan | RMSE omega (Sim): nan
    Loss: 27.3219 | Epoch: 78
    Eq omega: nan1 + nantheta + nanomega + nantheta^2 + nantheta omega + nanomega^2
    Eq omega Phys: N/A
    Diffusion: theta=nan, omega=nan

--- Chunk 64772 (93/220) | Start: 2025-04-06 19:20:00 ---
    RMSE omega (GP): nan | RMSE omega (Sim): nan
    Loss: 208.9000 | Epoch: 70
    Eq omega: nan1 + nantheta + nanomega + nantheta^2 + nantheta omega + nanomega^2
    Eq omega Phys: N/A
    Diffusion: theta=nan, omega=nan

--- Chunk 64773 (94/220) | Start: 2025-04-06 19:25:00 ---
    RMSE omega (GP): nan | RMSE omega (Sim): nan
    Loss: 55.6215 | Epoch: 46
    Eq omega: nan1 + nantheta + nanomega + nantheta^2 + nantheta omega + nanomega^2
    Eq omega Phys: N/A
    Diffusion: theta=nan, omega=nan

--- Chunk 64774 (95/220) | Start: 2025-04-06 19:30:00 ---
    RMSE omega (GP): 0.010465 | RMSE omega (Sim): 0.129391
    Loss: 4.5292 | Epoch: 1276
    Eq omega: -0.001261 + -0.00004theta + 0.00118omega + 0.00005theta^2 + 0.00129theta omega + -0.00114omega^2
    Eq omega Phys: -0.000432*omega**2 + 1.6e-5*omega*theta - 0.000174*omega - 0.e-6*theta + 1.0e-6
    Diffusion: theta=2.409600e-03, omega=5.549512e-05

--- Chunk 64775 (96/220) | Start: 2025-04-06 19:35:00 ---
    RMSE omega (GP): 0.010644 | RMSE omega (Sim): 0.123112
    Loss: 1.2413 | Epoch: 1166
    Eq omega: 0.012301 + -0.50533theta + -0.00748omega + 0.00006theta^2 + 0.00132theta omega + -0.02970omega^2
    Eq omega Phys: -0.008952*omega**2 + 1.3e-5*omega*theta - 0.000301*omega - 0.000562*theta + 0.002247
    Diffusion: theta=4.182500e-03, omega=3.344718e-05

--- Chunk 64776 (97/220) | Start: 2025-04-06 19:40:00 ---
    RMSE omega (GP): 0.013457 | RMSE omega (Sim): 0.231947
    Loss: 10.7718 | Epoch: 2237
    Eq omega: -0.000141 + -0.00353theta + 0.00115omega + 0.00047theta^2 + 0.00181theta omega + -0.00027omega^2
    Eq omega Phys: -0.000112*omega**2 + 2.5e-5*omega*theta + 1.7e-5*omega - 4.0e-6*theta + 3.0e-6
    Diffusion: theta=3.516191e-04, omega=4.062030e-05

--- Chunk 64777 (98/220) | Start: 2025-04-06 19:45:00 ---
    RMSE omega (GP): 0.010957 | RMSE omega (Sim): 0.157890
    Loss: 1.4476 | Epoch: 1036
    Eq omega: -0.012351 + -1.49206theta + 0.01039omega + 0.17332theta^2 + -0.09211theta omega + -0.02290omega^2
    Eq omega Phys: -0.007455*omega**2 - 0.001*omega*theta - 0.002304*omega + 6.3e-5*theta**2 - 0.001325*theta - 0.003997
    Diffusion: theta=3.140258e-03, omega=4.473370e-05

--- Chunk 64778 (99/220) | Start: 2025-04-06 19:50:00 ---
    RMSE omega (GP): 0.012493 | RMSE omega (Sim): 0.168225
    Loss: 5.5969 | Epoch: 370
    Eq omega: 0.020721 + -0.00258theta + -0.00077omega + 0.00007theta^2 + 0.00121theta omega + 0.00240omega^2
    Eq omega Phys: 0.000783*omega**2 + 1.3e-5*omega*theta - 2.1e-5*omega - 3.0e-6*theta + 6.9e-5
    Diffusion: theta=nan, omega=nan

--- Chunk 64779 (100/220) | Start: 2025-04-06 19:55:00 ---
    RMSE omega (GP): 0.024391 | RMSE omega (Sim): 0.136280
    Loss: 27.4999 | Epoch: 84
    Eq omega: 0.032911 + -0.81807theta + 0.00172omega + 0.01030theta^2 + 0.02271theta omega + -0.01490omega^2
    Eq omega Phys: -0.004901*omega**2 + 0.000249*omega*theta - 1.9e-5*omega + 4.0e-6*theta**2 - 0.000911*theta + 0.000392
    Diffusion: theta=2.935316e-03, omega=4.214266e-05

  [Progress 100/220] Mean RMSE omega (GP): 0.021003 | (Sim): 0.129119 | Mean loss: -483739392255287193763840.0000 | Valid GP: 72/100 | Valid Sim: 71/100 | Elapsed: 29.2min | ETA: 35.0min

--- Chunk 64780 (101/220) | Start: 2025-04-06 20:00:00 ---
    RMSE omega (GP): 0.010251 | RMSE omega (Sim): 0.117943
    Loss: -1.0433 | Epoch: 1844
    Eq omega: 0.003231 + -0.19867theta + -0.00362omega + 0.00057theta^2 + -0.00803theta omega + 0.00375omega^2
    Eq omega Phys: 0.000844*omega**2 - 6.0e-5*omega*theta + 0.000181*omega - 0.000222*theta + 0.001126
    Diffusion: theta=1.249855e-03, omega=9.733624e-05

--- Chunk 64781 (102/220) | Start: 2025-04-06 20:05:00 ---
    RMSE omega (GP): nan | RMSE omega (Sim): nan
    Loss: 739.8903 | Epoch: 18
    Eq omega: nan1 + nantheta + nanomega + nantheta^2 + nantheta omega + nanomega^2
    Eq omega Phys: N/A
    Diffusion: theta=nan, omega=nan

--- Chunk 64782 (103/220) | Start: 2025-04-06 20:10:00 ---
    RMSE omega (GP): 0.011139 | RMSE omega (Sim): 0.172232
    Loss: 1.9724 | Epoch: 1164
    Eq omega: -0.007701 + -0.32179theta + 0.00527omega + -0.00077theta^2 + -0.00144theta omega + -0.00764omega^2
    Eq omega Phys: -0.002276*omega**2 - 1.4e-5*omega*theta + 5.3e-5*omega - 0.000362*theta - 0.003112
    Diffusion: theta=6.748108e-04, omega=1.065210e-04

--- Chunk 64783 (104/220) | Start: 2025-04-06 20:15:00 ---
    RMSE omega (GP): 0.009358 | RMSE omega (Sim): 0.100664
    Loss: 0.1569 | Epoch: 1365
    Eq omega: -0.000431 + -1.12727theta + -0.01677omega + -0.00566theta^2 + 0.01543theta omega + -0.01307omega^2
    Eq omega Phys: -0.003856*omega**2 + 0.000152*omega*theta - 0.000192*omega - 2.0e-6*theta**2 - 0.001262*theta - 0.003045
    Diffusion: theta=1.971071e-03, omega=6.280599e-05

--- Chunk 64784 (105/220) | Start: 2025-04-06 20:20:00 ---
    RMSE omega (GP): 0.011967 | RMSE omega (Sim): 0.109827
    Loss: 5.2208 | Epoch: 1850
    Eq omega: -0.003781 + 0.00480theta + 0.00399omega + 0.00028theta^2 + -0.00066theta omega + 0.00344omega^2
    Eq omega Phys: 0.00123*omega**2 - 8.0e-6*omega*theta + 0.000219*omega + 3.0e-6*theta - 5.7e-5
    Diffusion: theta=2.883336e-03, omega=4.315206e-05

--- Chunk 64785 (106/220) | Start: 2025-04-06 20:25:00 ---
    RMSE omega (GP): 0.013549 | RMSE omega (Sim): 0.160088
    Loss: 2.7337 | Epoch: 1541
    Eq omega: -0.003091 + 0.00130theta + 0.00057omega + 0.00008theta^2 + -0.00020theta omega + 0.00213omega^2
    Eq omega Phys: 0.000581*omega**2 - 2.0e-6*omega*theta + 5.2e-5*omega + 1.0e-6*theta - 3.1e-5
    Diffusion: theta=8.910547e-04, omega=8.321951e-05

--- Chunk 64786 (107/220) | Start: 2025-04-06 20:30:00 ---
    RMSE omega (GP): 0.009448 | RMSE omega (Sim): 0.126380
    Loss: 1.1145 | Epoch: 1320
    Eq omega: 0.003651 + -0.00037theta + -0.00005omega + -0.00046theta^2 + -0.00024theta omega + -0.00245omega^2
    Eq omega Phys: -0.000779*omega**2 - 3.0e-6*omega*theta - 3.3e-5*omega - 4.0e-6*theta - 1.7e-5
    Diffusion: theta=1.161797e-03, omega=1.112449e-04

--- Chunk 64787 (108/220) | Start: 2025-04-06 20:35:00 ---
    RMSE omega (GP): 0.012507 | RMSE omega (Sim): 0.204447
    Loss: 4.6417 | Epoch: 1096
    Eq omega: 0.006211 + -0.81227theta + -0.01525omega + 0.00464theta^2 + -0.05694theta omega + -0.01315omega^2
    Eq omega Phys: -0.004308*omega**2 - 0.000622*omega*theta - 0.002709*omega + 2.0e-6*theta**2 - 0.000891*theta - 0.003153
    Diffusion: theta=1.229320e-03, omega=1.091349e-04

--- Chunk 64788 (109/220) | Start: 2025-04-06 20:40:00 ---
    RMSE omega (GP): 0.012266 | RMSE omega (Sim): 0.094146
    Loss: 10.5647 | Epoch: 2284
    Eq omega: 0.012681 + -0.10180theta + -0.16530omega + 0.02065theta^2 + 0.00338theta omega + -0.00944omega^2
    Eq omega Phys: -0.004302*omega**2 + 5.1e-5*omega*theta - 0.006605*omega + 1.0e-5*theta**2 - 0.000559*theta + 0.007203
    Diffusion: theta=2.857186e-04, omega=3.580163e-05

--- Chunk 64789 (110/220) | Start: 2025-04-06 20:45:00 ---
    RMSE omega (GP): 0.011241 | RMSE omega (Sim): 0.153091
    Loss: 3.0895 | Epoch: 1122
    Eq omega: -0.000251 + -0.37432theta + -0.01260omega + 0.00186theta^2 + 0.00277theta omega + 0.00179omega^2
    Eq omega Phys: 0.000594*omega**2 + 3.1e-5*omega*theta - 0.000302*omega + 1.0e-6*theta**2 - 0.000411*theta - 0.001595
    Diffusion: theta=7.608506e-04, omega=5.903365e-05

--- Chunk 64790 (111/220) | Start: 2025-04-06 20:50:00 ---
    RMSE omega (GP): nan | RMSE omega (Sim): nan
    Loss: 101.6946 | Epoch: 42
    Eq omega: nan1 + nantheta + nanomega + nantheta^2 + nantheta omega + nanomega^2
    Eq omega Phys: N/A
    Diffusion: theta=nan, omega=nan

--- Chunk 64791 (112/220) | Start: 2025-04-06 20:55:00 ---
    RMSE omega (GP): nan | RMSE omega (Sim): nan
    Loss: 141.1280 | Epoch: 72
    Eq omega: nan1 + nantheta + nanomega + nantheta^2 + nantheta omega + nanomega^2
    Eq omega Phys: N/A
    Diffusion: theta=nan, omega=nan

--- Chunk 64792 (113/220) | Start: 2025-04-06 21:00:00 ---
    RMSE omega (GP): 0.010973 | RMSE omega (Sim): 0.158230
    Loss: -0.3282 | Epoch: 1960
    Eq omega: 0.000621 + -0.00053theta + -0.00073omega + 0.00005theta^2 + -0.00058theta omega + 0.00068omega^2
    Eq omega Phys: 0.000163*omega**2 - 5.0e-6*omega*theta - 9.8e-5*omega - 3.0e-6
    Diffusion: theta=2.117418e-03, omega=6.584068e-05

--- Chunk 64793 (114/220) | Start: 2025-04-06 21:05:00 ---
    RMSE omega (GP): nan | RMSE omega (Sim): nan
    Loss: 51.3522 | Epoch: 41
    Eq omega: nan1 + nantheta + nanomega + nantheta^2 + nantheta omega + nanomega^2
    Eq omega Phys: N/A
    Diffusion: theta=nan, omega=nan

--- Chunk 64794 (115/220) | Start: 2025-04-06 21:10:00 ---
    RMSE omega (GP): 0.009828 | RMSE omega (Sim): 0.116514
    Loss: 0.3455 | Epoch: 929
    Eq omega: -0.000451 + -0.00594theta + 0.00185omega + -0.00364theta^2 + 0.00231theta omega + 0.00154omega^2
    Eq omega Phys: 0.000439*omega**2 + 2.2e-5*omega*theta + 0.000105*omega - 1.0e-6*theta**2 - 1.1e-5*theta - 1.9e-5
    Diffusion: theta=6.515298e-04, omega=1.155661e-04

--- Chunk 64795 (116/220) | Start: 2025-04-06 21:15:00 ---
    RMSE omega (GP): nan | RMSE omega (Sim): nan
    Loss: 160.3528 | Epoch: 34
    Eq omega: nan1 + nantheta + nanomega + nantheta^2 + nantheta omega + nanomega^2
    Eq omega Phys: N/A
    Diffusion: theta=nan, omega=nan

--- Chunk 64796 (117/220) | Start: 2025-04-06 21:20:00 ---
    RMSE omega (GP): 0.009894 | RMSE omega (Sim): 0.164222
    Loss: -1.5039 | Epoch: 776
    Eq omega: 0.010511 + -1.60581theta + 0.00435omega + -0.03598theta^2 + -0.00475theta omega + 0.03605omega^2
    Eq omega Phys: 0.00769*omega**2 - 3.4e-5*omega*theta + 0.000154*omega - 9.0e-6*theta**2 - 0.00178*theta + 0.000509
    Diffusion: theta=5.589565e-04, omega=1.116689e-04

--- Chunk 64797 (118/220) | Start: 2025-04-06 21:25:00 ---
    RMSE omega (GP): 0.010258 | RMSE omega (Sim): nan
    Loss: -0.5599 | Epoch: 1033
    Eq omega: 0.023241 + -1.35920theta + 0.01977omega + -0.65476theta^2 + -0.04645theta omega + 0.05646omega^2
    Eq omega Phys: 0.01367*omega**2 - 0.000375*omega*theta + 0.000544*omega - 0.000176*theta**2 - 0.001619*theta - 0.000375
    Diffusion: theta=2.068629e-03, omega=6.444885e-05

--- Chunk 64798 (119/220) | Start: 2025-04-06 21:30:00 ---
    RMSE omega (GP): nan | RMSE omega (Sim): nan
    Loss: 32.0875 | Epoch: 72
    Eq omega: nan1 + nantheta + nanomega + nantheta^2 + nantheta omega + nanomega^2
    Eq omega Phys: N/A
    Diffusion: theta=nan, omega=nan

--- Chunk 64799 (120/220) | Start: 2025-04-06 21:35:00 ---
    RMSE omega (GP): 0.012423 | RMSE omega (Sim): 0.171267
    Loss: 2.5027 | Epoch: 1197
    Eq omega: -0.000561 + 0.00021theta + 0.00036omega + -0.00042theta^2 + 0.00340theta omega + 0.00456omega^2
    Eq omega Phys: 0.001284*omega**2 + 3.2e-5*omega*theta + 0.000382*omega - 3.0e-6*theta - 1.7e-5
    Diffusion: theta=7.234761e-03, omega=7.787316e-05

--- Chunk 64800 (121/220) | Start: 2025-04-06 21:40:00 ---
    RMSE omega (GP): 0.010369 | RMSE omega (Sim): 0.116999
    Loss: 0.9469 | Epoch: 1600
    Eq omega: -0.009561 + -2.94574theta + 0.02610omega + 0.01637theta^2 + 0.09782theta omega + 0.00278omega^2
    Eq omega Phys: 0.00083*omega**2 + 0.000974*omega*theta - 0.000723*omega + 5.0e-6*theta**2 - 0.003291*theta + 0.005334
    Diffusion: theta=5.372267e-04, omega=8.171456e-05

--- Chunk 64801 (122/220) | Start: 2025-04-06 21:45:00 ---
    RMSE omega (GP): 0.053305 | RMSE omega (Sim): 0.162550
    Loss: 110.2435 | Epoch: 26
    Eq omega: 0.003481 + -0.01903theta + 0.00554omega + -0.00293theta^2 + 0.00015theta omega + 0.00001omega^2
    Eq omega Phys: 3.0e-6*omega**2 + 1.0e-6*omega*theta + 0.00019*omega - 0.e-6*theta**2 - 2.8e-5*theta - 8.0e-5
    Diffusion: theta=8.952701e-03, omega=3.965990e-05

--- Chunk 64802 (123/220) | Start: 2025-04-06 21:50:00 ---
    RMSE omega (GP): nan | RMSE omega (Sim): nan
    Loss: 7.7569 | Epoch: 95
    Eq omega: nan1 + nantheta + nanomega + nantheta^2 + nantheta omega + nanomega^2
    Eq omega Phys: N/A
    Diffusion: theta=nan, omega=nan

--- Chunk 64803 (124/220) | Start: 2025-04-06 21:55:00 ---
    RMSE omega (GP): nan | RMSE omega (Sim): nan
    Loss: 163.4439 | Epoch: 51
    Eq omega: nan1 + nantheta + nanomega + nantheta^2 + nantheta omega + nanomega^2
    Eq omega Phys: N/A
    Diffusion: theta=nan, omega=nan

--- Chunk 64804 (125/220) | Start: 2025-04-06 22:00:00 ---
    RMSE omega (GP): nan | RMSE omega (Sim): nan
    Loss: 339.2029 | Epoch: 60
    Eq omega: nan1 + nantheta + nanomega + nantheta^2 + nantheta omega + nanomega^2
    Eq omega Phys: N/A
    Diffusion: theta=nan, omega=nan

--- Chunk 64805 (126/220) | Start: 2025-04-06 22:05:00 ---
    RMSE omega (GP): 0.010140 | RMSE omega (Sim): 0.113017
    Loss: -0.8695 | Epoch: 670
    Eq omega: 0.007661 + -2.45133theta + -0.02740omega + -0.05559theta^2 + 0.02568theta omega + 0.03396omega^2
    Eq omega Phys: 0.007664*omega**2 + 0.000193*omega*theta - 0.000424*omega - 1.4e-5*theta**2 - 0.002794*theta - 0.006947
    Diffusion: theta=1.738131e-03, omega=1.044449e-04

--- Chunk 64806 (127/220) | Start: 2025-04-06 22:10:00 ---
    RMSE omega (GP): 0.009594 | RMSE omega (Sim): 0.155012
    Loss: 1.8062 | Epoch: 1087
    Eq omega: 0.000691 + -0.00395theta + -0.00795omega + -0.00099theta^2 + -0.00243theta omega + 0.01134omega^2
    Eq omega Phys: 0.003917*omega**2 - 2.8e-5*omega*theta - 0.000122*omega + 1.5e-5
    Diffusion: theta=4.515221e-04, omega=8.766614e-05

--- Chunk 64807 (128/220) | Start: 2025-04-06 22:15:00 ---
    RMSE omega (GP): 0.009414 | RMSE omega (Sim): 0.142714
    Loss: 0.3187 | Epoch: 1306
    Eq omega: -0.000541 + -0.00028theta + 0.00238omega + -0.00010theta^2 + -0.00040theta omega + -0.00111omega^2
    Eq omega Phys: -0.000308*omega**2 - 4.0e-6*omega*theta + 0.000141*omega + 1.0e-6*theta - 6.0e-6
    Diffusion: theta=9.898258e-04, omega=9.655362e-05

--- Chunk 64808 (129/220) | Start: 2025-04-06 22:20:00 ---
    RMSE omega (GP): 0.012960 | RMSE omega (Sim): 0.143795
    Loss: 1.1559 | Epoch: 1017
    Eq omega: -0.000221 + -0.00069theta + -0.00053omega + -0.00086theta^2 + -0.00185theta omega + -0.00082omega^2
    Eq omega Phys: -0.000197*omega**2 - 1.5e-5*omega*theta + 0.000196*omega + 6.0e-6*theta - 3.8e-5
    Diffusion: theta=1.246278e-03, omega=1.002493e-04

--- Chunk 64809 (130/220) | Start: 2025-04-06 22:25:00 ---
    RMSE omega (GP): 0.009141 | RMSE omega (Sim): 0.135912
    Loss: 0.7354 | Epoch: 1236
    Eq omega: 0.012791 + -1.64880theta + 0.00098omega + 0.00094theta^2 + 0.03705theta omega + 0.01860omega^2
    Eq omega Phys: 0.005858*omega**2 + 0.000389*omega*theta + 0.00085*omega - 0.001831*theta - 0.003801
    Diffusion: theta=5.826343e-04, omega=8.825697e-05

--- Chunk 64810 (131/220) | Start: 2025-04-06 22:30:00 ---
    RMSE omega (GP): 0.010392 | RMSE omega (Sim): 0.213561
    Loss: 1.8605 | Epoch: 2176
    Eq omega: -0.022821 + -0.47013theta + -0.01463omega + -0.02940theta^2 + -0.00026theta omega + -0.03498omega^2
    Eq omega Phys: -0.011314*omega**2 - 3.0e-6*omega*theta - 0.000509*omega - 1.1e-5*theta**2 - 0.000683*theta - 0.004659
    Diffusion: theta=nan, omega=nan

--- Chunk 64811 (132/220) | Start: 2025-04-06 22:35:00 ---
    RMSE omega (GP): 0.009980 | RMSE omega (Sim): 0.194414
    Loss: 0.3568 | Epoch: 1269
    Eq omega: 0.018481 + -0.78303theta + -0.00777omega + -0.00146theta^2 + 0.00162theta omega + 0.01492omega^2
    Eq omega Phys: 0.004277*omega**2 + 1.5e-5*omega*theta - 0.00019*omega - 0.000874*theta - 0.003796
    Diffusion: theta=9.865131e-04, omega=5.957180e-05

--- Chunk 64812 (133/220) | Start: 2025-04-06 22:40:00 ---
    RMSE omega (GP): nan | RMSE omega (Sim): nan
    Loss: 15.6430 | Epoch: 51
    Eq omega: nan1 + nantheta + nanomega + nantheta^2 + nantheta omega + nanomega^2
    Eq omega Phys: N/A
    Diffusion: theta=nan, omega=nan

--- Chunk 64813 (134/220) | Start: 2025-04-06 22:45:00 ---
    RMSE omega (GP): 0.010105 | RMSE omega (Sim): 0.190756
    Loss: 0.1070 | Epoch: 829
    Eq omega: -0.022831 + -2.47360theta + -0.02026omega + 0.88644theta^2 + -0.18663theta omega + -0.00252omega^2
    Eq omega Phys: -0.000706*omega**2 - 0.001744*omega*theta - 0.011991*omega + 0.000276*theta**2 + 0.000835*theta - 0.006299
    Diffusion: theta=2.316113e-03, omega=4.801173e-05

--- Chunk 64814 (135/220) | Start: 2025-04-06 22:50:00 ---
    RMSE omega (GP): 0.010897 | RMSE omega (Sim): 0.129231
    Loss: 3.3161 | Epoch: 923
    Eq omega: 0.000081 + -0.00139theta + 0.00119omega + -0.00308theta^2 + 0.00080theta omega + -0.00120omega^2
    Eq omega Phys: -0.000407*omega**2 + 9.0e-6*omega*theta + 1.1e-5*omega - 1.0e-6*theta**2 + 6.0e-6*theta - 7.0e-6
    Diffusion: theta=8.067581e-04, omega=8.400319e-05

--- Chunk 64815 (136/220) | Start: 2025-04-06 22:55:00 ---
    RMSE omega (GP): 0.010642 | RMSE omega (Sim): 0.086318
    Loss: 4.2018 | Epoch: 1985
    Eq omega: 0.000561 + -0.00038theta + -0.00192omega + 0.00053theta^2 + -0.00053theta omega + -0.00577omega^2
    Eq omega Phys: -0.002266*omega**2 - 7.0e-6*omega*theta + 1.3e-5*omega - 6.0e-6*theta + 3.5e-5
    Diffusion: theta=2.793803e-04, omega=5.914717e-05

--- Chunk 64816 (137/220) | Start: 2025-04-06 23:00:00 ---
    RMSE omega (GP): 0.010424 | RMSE omega (Sim): 0.142363
    Loss: 2.4977 | Epoch: 1442
    Eq omega: 0.002031 + -0.00133theta + -0.00074omega + 0.00153theta^2 + -0.00322theta omega + 0.00135omega^2
    Eq omega Phys: 0.000459*omega**2 - 3.7e-5*omega*theta + 0.00015*omega + 1.0e-6*theta**2 - 7.0e-6*theta + 2.7e-5
    Diffusion: theta=6.342942e-04, omega=5.954774e-05

--- Chunk 64817 (138/220) | Start: 2025-04-06 23:05:00 ---
    RMSE omega (GP): 0.007184 | RMSE omega (Sim): 0.166573
    Loss: 0.1417 | Epoch: 1327
    Eq omega: -0.036221 + -2.05809theta + -0.00937omega + 0.00677theta^2 + 0.02878theta omega + -0.03063omega^2
    Eq omega Phys: -0.011449*omega**2 + 0.000359*omega*theta + 0.00091*omega + 3.0e-6*theta**2 - 0.002268*theta - 0.00787
    Diffusion: theta=1.405062e-03, omega=4.235988e-05

--- Chunk 64818 (139/220) | Start: 2025-04-06 23:10:00 ---
    RMSE omega (GP): 0.009741 | RMSE omega (Sim): 0.145002
    Loss: 2.1674 | Epoch: 681
    Eq omega: 0.013121 + -1.34543theta + -0.00474omega + 0.03690theta^2 + 0.05053theta omega + 0.00922omega^2
    Eq omega Phys: 0.003139*omega**2 + 0.000573*omega*theta - 0.001477*omega + 1.4e-5*theta**2 - 0.001559*theta + 0.003555
    Diffusion: theta=9.554678e-04, omega=8.463224e-05

--- Chunk 64819 (140/220) | Start: 2025-04-06 23:15:00 ---
    RMSE omega (GP): 0.009792 | RMSE omega (Sim): 0.116481
    Loss: 2.2393 | Epoch: 1524
    Eq omega: 0.005191 + -0.01626theta + -0.00519omega + -0.00113theta^2 + 0.00087theta omega + -0.00110omega^2
    Eq omega Phys: -0.000379*omega**2 + 1.0e-5*omega*theta - 0.000253*omega - 1.1e-5*theta + 0.000134
    Diffusion: theta=7.085975e-04, omega=7.262697e-05

--- Chunk 64820 (141/220) | Start: 2025-04-06 23:20:00 ---
    RMSE omega (GP): 0.009402 | RMSE omega (Sim): 0.129446
    Loss: 1.7714 | Epoch: 1142
    Eq omega: 0.003511 + -0.00193theta + -0.00534omega + 0.00003theta^2 + 0.00103theta omega + 0.00019omega^2
    Eq omega Phys: 6.6e-5*omega**2 + 1.2e-5*omega*theta - 9.5e-5*omega - 2.0e-6*theta - 3.0e-6
    Diffusion: theta=3.252359e-04, omega=7.184943e-05

--- Chunk 64821 (142/220) | Start: 2025-04-06 23:25:00 ---
    RMSE omega (GP): 0.013056 | RMSE omega (Sim): 0.144966
    Loss: 3.7878 | Epoch: 1348
    Eq omega: 0.000511 + -0.00581theta + -0.01062omega + 0.00771theta^2 + -0.00350theta omega + -0.00638omega^2
    Eq omega Phys: -0.001915*omega**2 - 3.5e-5*omega*theta + 0.000156*omega + 3.0e-6*theta**2 - 8.1e-5*theta + 0.00064
    Diffusion: theta=7.052053e-04, omega=7.258541e-05

--- Chunk 64822 (143/220) | Start: 2025-04-06 23:30:00 ---
    RMSE omega (GP): 0.009421 | RMSE omega (Sim): 0.178164
    Loss: 2.0502 | Epoch: 2016
    Eq omega: -0.001391 + -0.33913theta + 0.00530omega + -0.00107theta^2 + -0.00129theta omega + 0.00047omega^2
    Eq omega Phys: 0.000165*omega**2 - 1.5e-5*omega*theta + 7.2e-5*omega - 0.000383*theta - 0.002653
    Diffusion: theta=5.319687e-04, omega=7.373811e-05

--- Chunk 64823 (144/220) | Start: 2025-04-06 23:35:00 ---
    RMSE omega (GP): 0.029078 | RMSE omega (Sim): 0.094508
    Loss: 25.3508 | Epoch: 638
    Eq omega: 0.000691 + -0.01705theta + 0.00715omega + 0.00520theta^2 + 0.00569theta omega + -0.00694omega^2
    Eq omega Phys: -0.002485*omega**2 + 6.8e-5*omega*theta - 4.5e-5*omega + 2.0e-6*theta**2 - 3.6e-5*theta + 0.000117
    Diffusion: theta=2.133254e+01, omega=2.297509e-02

--- Chunk 64824 (145/220) | Start: 2025-04-06 23:40:00 ---
    RMSE omega (GP): nan | RMSE omega (Sim): nan
    Loss: 54.7856 | Epoch: 40
    Eq omega: nan1 + nantheta + nanomega + nantheta^2 + nantheta omega + nanomega^2
    Eq omega Phys: N/A
    Diffusion: theta=nan, omega=nan

--- Chunk 64825 (146/220) | Start: 2025-04-06 23:45:00 ---
    RMSE omega (GP): 0.009888 | RMSE omega (Sim): 0.108071
    Loss: 2.9071 | Epoch: 961
    Eq omega: 0.001041 + 0.00016theta + -0.00499omega + -0.00089theta^2 + 0.00019theta omega + -0.01463omega^2
    Eq omega Phys: -0.005172*omega**2 + 2.0e-6*omega*theta - 0.00019*omega + 8.0e-6*theta - 3.8e-5
    Diffusion: theta=8.334872e-04, omega=9.096247e-05

--- Chunk 64826 (147/220) | Start: 2025-04-06 23:50:00 ---
    RMSE omega (GP): nan | RMSE omega (Sim): nan
    Loss: 30.6870 | Epoch: 69
    Eq omega: nan1 + nantheta + nanomega + nantheta^2 + nantheta omega + nanomega^2
    Eq omega Phys: N/A
    Diffusion: theta=nan, omega=nan

--- Chunk 64827 (148/220) | Start: 2025-04-06 23:55:00 ---
    RMSE omega (GP): 0.010310 | RMSE omega (Sim): 0.096119
    Loss: 2.6222 | Epoch: 1147
    Eq omega: -0.000461 + -0.00097theta + -0.00095omega + -0.00023theta^2 + 0.00002theta omega + 0.00211omega^2
    Eq omega Phys: 0.000737*omega**2 - 3.3e-5*omega + 1.0e-6
    Diffusion: theta=5.868840e-04, omega=6.308631e-05

--- Chunk 64828 (149/220) | Start: 2025-04-07 00:00:00 ---
    RMSE omega (GP): 0.012496 | RMSE omega (Sim): 0.129698
    Loss: 1.3607 | Epoch: 1187
    Eq omega: 0.009791 + -0.18202theta + 0.00666omega + -0.06044theta^2 + 0.00035theta omega + 0.04144omega^2
    Eq omega Phys: 0.01099*omega**2 + 3.0e-6*omega*theta + 0.000159*omega - 1.8e-5*theta**2 + 0.00052*theta - 0.003187
    Diffusion: theta=5.000242e-04, omega=8.882510e-05

--- Chunk 64829 (150/220) | Start: 2025-04-07 00:05:00 ---
    RMSE omega (GP): 0.010160 | RMSE omega (Sim): 0.186147
    Loss: 0.7300 | Epoch: 1173
    Eq omega: 0.000241 + 0.00505theta + -0.00369omega + 0.00101theta^2 + 0.00054theta omega + 0.00151omega^2
    Eq omega Phys: 0.000448*omega**2 + 5.0e-6*omega*theta - 5.8e-5*omega + 1.4e-5*theta + 0.000118
    Diffusion: theta=3.748261e-04, omega=6.105633e-05

  [Progress 150/220] Mean RMSE omega (GP): 0.017956 | (Sim): 0.133688 | Mean loss: -322492928170191484878848.0000 | Valid GP: 110/150 | Valid Sim: 108/150 | Elapsed: 45.7min | ETA: 21.3min

--- Chunk 64830 (151/220) | Start: 2025-04-07 00:10:00 ---
    RMSE omega (GP): 0.011023 | RMSE omega (Sim): 0.161370
    Loss: 3.1956 | Epoch: 1393
    Eq omega: 0.016341 + -0.38944theta + 0.01879omega + -0.10957theta^2 + 0.00446theta omega + -0.00451omega^2
    Eq omega Phys: -0.001528*omega**2 + 5.0e-5*omega*theta + 9.2e-5*omega - 4.1e-5*theta**2 + 0.000443*theta - 1.0e-6
    Diffusion: theta=2.445438e-03, omega=6.112368e-05

--- Chunk 64831 (152/220) | Start: 2025-04-07 00:15:00 ---
    RMSE omega (GP): 0.009682 | RMSE omega (Sim): 0.052692
    Loss: 14.3073 | Epoch: 2198
    Eq omega: 0.001441 + 0.00003theta + -0.00097omega + 0.00001theta^2 + -0.00006theta omega + -0.00019omega^2
    Eq omega Phys: -0.00012*omega**2 - 1.0e-6*omega*theta - 6.2e-5*omega + 7.0e-6
    Diffusion: theta=1.538395e-03, omega=2.283366e-05

--- Chunk 64832 (153/220) | Start: 2025-04-07 00:20:00 ---
    RMSE omega (GP): 0.010563 | RMSE omega (Sim): 0.179202
    Loss: 0.9479 | Epoch: 1484
    Eq omega: 0.015691 + -0.62664theta + 0.00592omega + 0.11280theta^2 + -0.01768theta omega + -0.00715omega^2
    Eq omega Phys: -0.002268*omega**2 - 0.000187*omega*theta + 0.000806*omega + 4.0e-5*theta**2 - 0.000955*theta + 0.002742
    Diffusion: theta=9.114959e-04, omega=4.284015e-05

--- Chunk 64833 (154/220) | Start: 2025-04-07 00:25:00 ---
    RMSE omega (GP): nan | RMSE omega (Sim): nan
    Loss: 203.0929 | Epoch: 31
    Eq omega: nan1 + nantheta + nanomega + nantheta^2 + nantheta omega + nanomega^2
    Eq omega Phys: N/A
    Diffusion: theta=nan, omega=nan

--- Chunk 64834 (155/220) | Start: 2025-04-07 00:30:00 ---
    RMSE omega (GP): nan | RMSE omega (Sim): nan
    Loss: 204.6480 | Epoch: 80
    Eq omega: nan1 + nantheta + nanomega + nantheta^2 + nantheta omega + nanomega^2
    Eq omega Phys: N/A
    Diffusion: theta=nan, omega=nan

--- Chunk 64835 (156/220) | Start: 2025-04-07 00:35:00 ---
    RMSE omega (GP): nan | RMSE omega (Sim): nan
    Loss: 171.5622 | Epoch: 48
    Eq omega: nan1 + nantheta + nanomega + nantheta^2 + nantheta omega + nanomega^2
    Eq omega Phys: N/A
    Diffusion: theta=nan, omega=nan

--- Chunk 64836 (157/220) | Start: 2025-04-07 00:40:00 ---
    RMSE omega (GP): 0.011256 | RMSE omega (Sim): 0.188491
    Loss: 0.6852 | Epoch: 259
    Eq omega: 0.000161 + -0.00040theta + 0.00453omega + 0.00082theta^2 + 0.00274theta omega + 0.00036omega^2
    Eq omega Phys: 9.5e-5*omega**2 + 2.4e-5*omega*theta + 4.7e-5*omega - 3.0e-6*theta + 7.0e-6
    Diffusion: theta=nan, omega=nan

--- Chunk 64837 (158/220) | Start: 2025-04-07 00:45:00 ---
    RMSE omega (GP): 0.013480 | RMSE omega (Sim): 0.093094
    Loss: 10.9303 | Epoch: 1848
    Eq omega: 0.002431 + -0.00128theta + 0.00540omega + -0.00010theta^2 + -0.00008theta omega + 0.00190omega^2
    Eq omega Phys: 0.000838*omega**2 - 1.0e-6*omega*theta + 0.000207*omega + 1.0e-6*theta + 1.3e-5
    Diffusion: theta=5.374571e-04, omega=4.895667e-05

--- Chunk 64838 (159/220) | Start: 2025-04-07 00:50:00 ---
    RMSE omega (GP): nan | RMSE omega (Sim): nan
    Loss: 23.0755 | Epoch: 151
    Eq omega: nan1 + nantheta + nanomega + nantheta^2 + nantheta omega + nanomega^2
    Eq omega Phys: N/A
    Diffusion: theta=nan, omega=nan

--- Chunk 64839 (160/220) | Start: 2025-04-07 00:55:00 ---
    RMSE omega (GP): 0.012746 | RMSE omega (Sim): 0.069595
    Loss: 22.8920 | Epoch: 2213
    Eq omega: 0.001371 + -0.00010theta + 0.00556omega + 0.00000theta^2 + 0.00005theta omega + -0.00013omega^2
    Eq omega Phys: -7.0e-5*omega**2 + 1.0e-6*omega*theta + 0.00016*omega + 6.0e-6
    Diffusion: theta=2.422800e-03, omega=1.466522e-05

--- Chunk 64840 (161/220) | Start: 2025-04-07 01:00:00 ---
    RMSE omega (GP): nan | RMSE omega (Sim): nan
    Loss: 104.4573 | Epoch: 124
    Eq omega: nan1 + nantheta + nanomega + nantheta^2 + nantheta omega + nanomega^2
    Eq omega Phys: N/A
    Diffusion: theta=nan, omega=nan

--- Chunk 64841 (162/220) | Start: 2025-04-07 01:05:00 ---
    RMSE omega (GP): 0.010047 | RMSE omega (Sim): 0.127480
    Loss: 1.8639 | Epoch: 895
    Eq omega: 0.001771 + -0.00074theta + -0.00166omega + -0.00087theta^2 + 0.00049theta omega + -0.00091omega^2
    Eq omega Phys: -0.000293*omega**2 + 5.0e-6*omega*theta - 1.7e-5*omega - 5.0e-6*theta - 1.6e-5
    Diffusion: theta=3.682591e-03, omega=5.528668e-05

--- Chunk 64842 (163/220) | Start: 2025-04-07 01:10:00 ---
    RMSE omega (GP): 0.049155 | RMSE omega (Sim): 0.092714
    Loss: 300.2520 | Epoch: 53
    Eq omega: 0.005751 + -0.00007theta + -0.00854omega + 0.00062theta^2 + -0.00056theta omega + 0.00226omega^2
    Eq omega Phys: 0.00101*omega**2 - 8.0e-6*omega*theta - 0.000463*omega + 1.3e-5*theta + 0.000153
    Diffusion: theta=nan, omega=nan

--- Chunk 64843 (164/220) | Start: 2025-04-07 01:15:00 ---
    RMSE omega (GP): nan | RMSE omega (Sim): nan
    Loss: 1624.8760 | Epoch: 16
    Eq omega: nan1 + nantheta + nanomega + nantheta^2 + nantheta omega + nanomega^2
    Eq omega Phys: N/A
    Diffusion: theta=nan, omega=nan

--- Chunk 64844 (165/220) | Start: 2025-04-07 01:20:00 ---
    RMSE omega (GP): 0.014094 | RMSE omega (Sim): 0.131345
    Loss: 8.9138 | Epoch: 2407
    Eq omega: 0.034051 + -0.08291theta + -0.02467omega + 0.00763theta^2 + 0.00207theta omega + -0.02480omega^2
    Eq omega Phys: -0.008978*omega**2 + 2.5e-5*omega*theta - 0.001714*omega + 3.0e-6*theta**2 - 0.000311*theta + 0.007298
    Diffusion: theta=3.473555e-03, omega=7.424706e-05

--- Chunk 64845 (166/220) | Start: 2025-04-07 01:25:00 ---
    RMSE omega (GP): nan | RMSE omega (Sim): nan
    Loss: 314.3790 | Epoch: 16
    Eq omega: nan1 + nantheta + nanomega + nantheta^2 + nantheta omega + nanomega^2
    Eq omega Phys: N/A
    Diffusion: theta=nan, omega=nan

--- Chunk 64846 (167/220) | Start: 2025-04-07 01:30:00 ---
    RMSE omega (GP): 0.025625 | RMSE omega (Sim): 0.108852
    Loss: 14.1675 | Epoch: 1577
    Eq omega: 0.005831 + -0.10030theta + 0.00715omega + 0.00017theta^2 + 0.00361theta omega + -0.00086omega^2
    Eq omega Phys: -0.000202*omega**2 + 2.8e-5*omega*theta - 0.00024*omega - 0.000113*theta + 0.001926
    Diffusion: theta=5.116262e-05, omega=2.176804e-06

--- Chunk 64847 (168/220) | Start: 2025-04-07 01:35:00 ---
    RMSE omega (GP): 0.037301 | RMSE omega (Sim): 0.062780
    Loss: 429.5037 | Epoch: 87
    Eq omega: -0.000311 + -0.00017theta + -0.00018omega + 0.00001theta^2 + -0.00005theta omega + 0.00016omega^2
    Eq omega Phys: 0.000104*omega**2 - 1.0e-6*omega*theta + 2.8e-5*omega - 0.e-6*theta + 1.2e-5
    Diffusion: theta=5.727902e-03, omega=3.932247e-06

--- Chunk 64848 (169/220) | Start: 2025-04-07 01:40:00 ---
    RMSE omega (GP): 0.011862 | RMSE omega (Sim): 0.083687
    Loss: 13.3217 | Epoch: 1429
    Eq omega: 0.001221 + 0.00006theta + 0.00101omega + -0.00004theta^2 + 0.00056theta omega + -0.00081omega^2
    Eq omega Phys: -0.000397*omega**2 + 9.0e-6*omega*theta - 0.000134*omega + 1.0e-6*theta - 6.0e-6
    Diffusion: theta=3.348067e-03, omega=3.324663e-05

--- Chunk 64849 (170/220) | Start: 2025-04-07 01:45:00 ---
    RMSE omega (GP): 0.020638 | RMSE omega (Sim): 0.086226
    Loss: 160.4507 | Epoch: 1692
    Eq omega: -0.000981 + -0.00003theta + 0.00297omega + -0.00000theta^2 + -0.00005theta omega + -0.00003omega^2
    Eq omega Phys: -2.8e-5*omega**2 - 2.0e-6*omega*theta + 0.000149*omega
    Diffusion: theta=8.271259e-04, omega=8.267250e-06

--- Chunk 64850 (171/220) | Start: 2025-04-07 01:50:00 ---
    RMSE omega (GP): 0.012907 | RMSE omega (Sim): 0.110533
    Loss: 2.1633 | Epoch: 1480
    Eq omega: 0.006441 + -0.04849theta + 0.00143omega + -0.00419theta^2 + 0.01327theta omega + 0.00094omega^2
    Eq omega Phys: 0.000243*omega**2 + 0.000115*omega*theta - 0.002475*omega - 1.0e-6*theta**2 - 0.e-6*theta + 0.000629
    Diffusion: theta=1.476061e-03, omega=8.445788e-05

--- Chunk 64851 (172/220) | Start: 2025-04-07 01:55:00 ---
    RMSE omega (GP): 0.010871 | RMSE omega (Sim): 0.049371
    Loss: 23.7360 | Epoch: 3256
    Eq omega: 0.001481 + 0.00003theta + 0.00050omega + -0.00001theta^2 + 0.00002theta omega + -0.00050omega^2
    Eq omega Phys: -0.000343*omega**2 + 3.1e-5*omega - 4.0e-6
    Diffusion: theta=7.280048e-04, omega=3.024557e-05

--- Chunk 64852 (173/220) | Start: 2025-04-07 02:00:00 ---
    RMSE omega (GP): 0.012417 | RMSE omega (Sim): 0.142414
    Loss: -375.0569 | Epoch: 864
    Eq omega: 0.001401 + -0.08543theta + -0.00103omega + 0.00352theta^2 + -0.00676theta omega + -0.00059omega^2
    Eq omega Phys: -0.000156*omega**2 - 6.0e-5*omega*theta - 0.000255*omega + 1.0e-6*theta**2 - 8.7e-5*theta - 0.000331
    Diffusion: theta=3.043381e-03, omega=6.426610e-05

--- Chunk 64853 (174/220) | Start: 2025-04-07 02:05:00 ---
    RMSE omega (GP): nan | RMSE omega (Sim): nan
    Loss: 1217.4282 | Epoch: 39
    Eq omega: nan1 + nantheta + nanomega + nantheta^2 + nantheta omega + nanomega^2
    Eq omega Phys: N/A
    Diffusion: theta=nan, omega=nan

--- Chunk 64854 (175/220) | Start: 2025-04-07 02:10:00 ---
    RMSE omega (GP): nan | RMSE omega (Sim): nan
    Loss: 1396.5936 | Epoch: 22
    Eq omega: nan1 + nantheta + nanomega + nantheta^2 + nantheta omega + nanomega^2
    Eq omega Phys: N/A
    Diffusion: theta=nan, omega=nan

--- Chunk 64855 (176/220) | Start: 2025-04-07 02:15:00 ---
    RMSE omega (GP): 0.023900 | RMSE omega (Sim): 0.041977
    Loss: 63.2970 | Epoch: 478
    Eq omega: 0.009141 + -0.04016theta + -0.00034omega + -0.00050theta^2 + -0.00051theta omega + 0.00026omega^2
    Eq omega Phys: 0.000128*omega**2 - 8.0e-6*omega*theta + 0.000312*omega - 2.4e-5*theta + 0.001332
    Diffusion: theta=1.208109e-03, omega=4.860294e-06

--- Chunk 64856 (177/220) | Start: 2025-04-07 02:20:00 ---
    RMSE omega (GP): nan | RMSE omega (Sim): nan
    Loss: 52.9304 | Epoch: 71
    Eq omega: nan1 + nantheta + nanomega + nantheta^2 + nantheta omega + nanomega^2
    Eq omega Phys: N/A
    Diffusion: theta=nan, omega=nan

--- Chunk 64857 (178/220) | Start: 2025-04-07 02:25:00 ---
    RMSE omega (GP): 0.011251 | RMSE omega (Sim): 0.151880
    Loss: 0.6621 | Epoch: 1432
    Eq omega: -0.016971 + -0.52251theta + -0.00095omega + 0.06581theta^2 + -0.00465theta omega + -0.00986omega^2
    Eq omega Phys: -0.002582*omega**2 - 4.1e-5*omega*theta - 0.000396*omega + 1.9e-5*theta**2 - 0.000237*theta - 0.003741
    Diffusion: theta=1.690683e-03, omega=7.529721e-05

--- Chunk 64858 (179/220) | Start: 2025-04-07 02:30:00 ---
    RMSE omega (GP): 0.038999 | RMSE omega (Sim): 0.117454
    Loss: 58.3101 | Epoch: 63
    Eq omega: 0.003661 + -0.02662theta + 0.00150omega + -0.00025theta^2 + 0.00093theta omega + 0.00215omega^2
    Eq omega Phys: 0.00059*omega**2 + 9.0e-6*omega*theta + 0.000154*omega - 3.1e-5*theta - 0.000358
    Diffusion: theta=1.067154e-02, omega=3.007106e-05

--- Chunk 64859 (180/220) | Start: 2025-04-07 02:35:00 ---
    RMSE omega (GP): 0.011884 | RMSE omega (Sim): 0.140527
    Loss: 3.2718 | Epoch: 1607
    Eq omega: -0.008981 + -0.58677theta + -0.01004omega + -0.03251theta^2 + -0.00978theta omega + 0.07499omega^2
    Eq omega Phys: 0.022898*omega**2 - 0.0001*omega*theta - 3.5e-5*omega - 1.1e-5*theta**2 - 0.000586*theta + 0.001832
    Diffusion: theta=3.246161e-03, omega=7.410918e-05

--- Chunk 64860 (181/220) | Start: 2025-04-07 02:40:00 ---
    RMSE omega (GP): 0.036307 | RMSE omega (Sim): 0.198768
    Loss: 35.9058 | Epoch: 101
    Eq omega: -0.000921 + 0.00067theta + 0.00352omega + 0.00044theta^2 + 0.00175theta omega + -0.00115omega^2
    Eq omega Phys: -0.000288*omega**2 + 1.5e-5*omega*theta - 3.2e-5*omega - 2.0e-6*theta + 1.0e-6
    Diffusion: theta=nan, omega=nan

--- Chunk 64861 (182/220) | Start: 2025-04-07 02:45:00 ---
    RMSE omega (GP): 0.014283 | RMSE omega (Sim): 0.081533
    Loss: 24.0027 | Epoch: 3316
    Eq omega: 0.000991 + -0.00006theta + -0.00400omega + 0.00001theta^2 + -0.00005theta omega + -0.00014omega^2
    Eq omega Phys: -7.5e-5*omega**2 - 0.e-6*omega*theta - 0.0001*omega - 0.e-6*theta + 1.3e-5
    Diffusion: theta=1.271510e-03, omega=1.944736e-05

--- Chunk 64862 (183/220) | Start: 2025-04-07 02:50:00 ---
    RMSE omega (GP): 0.010616 | RMSE omega (Sim): 0.052949
    Loss: 10.0057 | Epoch: 2362
    Eq omega: -0.009951 + -0.03608theta + -0.00192omega + 0.00002theta^2 + 0.00028theta omega + -0.00521omega^2
    Eq omega Phys: -0.002613*omega**2 + 5.0e-6*omega*theta - 0.000187*omega - 4.1e-5*theta + 0.001039
    Diffusion: theta=1.253848e-03, omega=1.579716e-05

--- Chunk 64863 (184/220) | Start: 2025-04-07 02:55:00 ---
    RMSE omega (GP): 0.010871 | RMSE omega (Sim): 0.131824
    Loss: 0.3253 | Epoch: 985
    Eq omega: 0.000221 + -0.00196theta + -0.00136omega + 0.00027theta^2 + 0.00311theta omega + 0.00124omega^2
    Eq omega Phys: 0.000313*omega**2 + 2.6e-5*omega*theta + 0.000288*omega - 1.4e-5
    Diffusion: theta=3.870365e-03, omega=5.923088e-05

--- Chunk 64864 (185/220) | Start: 2025-04-07 03:00:00 ---
    RMSE omega (GP): 0.034554 | RMSE omega (Sim): 0.139099
    Loss: 226.4945 | Epoch: 618
    Eq omega: -0.025691 + 0.00123theta + 0.00941omega + 0.00351theta^2 + -0.01325theta omega + 0.00072omega^2
    Eq omega Phys: 0.000443*omega**2 - 0.000272*omega*theta - 0.006144*omega + 2.0e-6*theta**2 + 0.000115*theta + 0.001342
    Diffusion: theta=4.947699e-03, omega=3.728369e-06

--- Chunk 64865 (186/220) | Start: 2025-04-07 03:05:00 ---
    RMSE omega (GP): 0.010894 | RMSE omega (Sim): 0.590127
    Loss: 3.3189 | Epoch: 1244
    Eq omega: -0.001841 + 0.02770theta + 0.00263omega + -0.00619theta^2 + -0.00052theta omega + 0.01246omega^2
    Eq omega Phys: 0.004374*omega**2 - 6.0e-6*omega*theta + 8.4e-5*omega - 2.0e-6*theta**2 + 2.8e-5*theta + 1.0e-5
    Diffusion: theta=5.777291e-04, omega=5.591433e-05

--- Chunk 64866 (187/220) | Start: 2025-04-07 03:10:00 ---
    RMSE omega (GP): 0.012907 | RMSE omega (Sim): nan
    Loss: 3.1772 | Epoch: 1022
    Eq omega: -0.017521 + -0.39131theta + 0.00794omega + 0.34766theta^2 + -0.02046theta omega + -0.02065omega^2
    Eq omega Phys: -0.005845*omega**2 - 0.000193*omega*theta - 0.001404*omega + 0.000109*theta**2 + 0.001456*theta + 0.004344
    Diffusion: theta=6.213641e-03, omega=8.330135e-05

--- Chunk 64867 (188/220) | Start: 2025-04-07 03:15:00 ---
    RMSE omega (GP): 0.014476 | RMSE omega (Sim): 0.271146
    Loss: 8.8187 | Epoch: 1906
    Eq omega: -0.006121 + -0.00150theta + 0.00285omega + 0.00033theta^2 + -0.00425theta omega + 0.00091omega^2
    Eq omega Phys: 0.000328*omega**2 - 5.1e-5*omega*theta + 0.000654*omega - 5.0e-6*theta + 1.5e-5
    Diffusion: theta=4.365531e-04, omega=4.210982e-05

--- Chunk 64868 (189/220) | Start: 2025-04-07 03:20:00 ---
    RMSE omega (GP): 0.017236 | RMSE omega (Sim): 0.084924
    Loss: 42.2544 | Epoch: 1818
    Eq omega: 0.000151 + 0.00005theta + 0.00174omega + -0.00001theta^2 + 0.00001theta omega + 0.00003omega^2
    Eq omega Phys: 1.8e-5*omega**2 + 5.1e-5*omega + 1.0e-6*theta - 1.1e-5
    Diffusion: theta=1.650073e-03, omega=2.008510e-05

--- Chunk 64869 (190/220) | Start: 2025-04-07 03:25:00 ---
    RMSE omega (GP): nan | RMSE omega (Sim): nan
    Loss: 787.2462 | Epoch: 56
    Eq omega: nan1 + nantheta + nanomega + nantheta^2 + nantheta omega + nanomega^2
    Eq omega Phys: N/A
    Diffusion: theta=nan, omega=nan

--- Chunk 64870 (191/220) | Start: 2025-04-07 03:30:00 ---
    RMSE omega (GP): 0.058139 | RMSE omega (Sim): 0.059379
    Loss: 820.3472 | Epoch: 50
    Eq omega: -0.007921 + 0.00065theta + -0.01290omega + -0.00020theta^2 + 0.00013theta omega + -0.00621omega^2
    Eq omega Phys: -0.003469*omega**2 + 2.0e-6*omega*theta - 0.000477*omega + 6.0e-6*theta - 7.7e-5
    Diffusion: theta=nan, omega=nan

--- Chunk 64871 (192/220) | Start: 2025-04-07 03:35:00 ---
    RMSE omega (GP): 0.008640 | RMSE omega (Sim): 0.161047
    Loss: -2.1891 | Epoch: 2086
    Eq omega: -0.001001 + 0.00084theta + -0.00032omega + 0.00013theta^2 + 0.00027theta omega + -0.00135omega^2
    Eq omega Phys: -0.000299*omega**2 + 2.0e-6*omega*theta - 3.8e-5*omega - 1.2e-5
    Diffusion: theta=4.058797e-04, omega=4.866835e-05

--- Chunk 64872 (193/220) | Start: 2025-04-07 03:40:00 ---
    RMSE omega (GP): nan | RMSE omega (Sim): nan
    Loss: 50.4482 | Epoch: 1342
    Eq omega: nan1 + nantheta + nanomega + nantheta^2 + nantheta omega + nanomega^2
    Eq omega Phys: N/A
    Diffusion: theta=nan, omega=nan

--- Chunk 64873 (194/220) | Start: 2025-04-07 03:45:00 ---
    RMSE omega (GP): nan | RMSE omega (Sim): nan
    Loss: 887.0653 | Epoch: 36
    Eq omega: nan1 + nantheta + nanomega + nantheta^2 + nantheta omega + nanomega^2
    Eq omega Phys: N/A
    Diffusion: theta=nan, omega=nan

--- Chunk 64874 (195/220) | Start: 2025-04-07 03:50:00 ---
    RMSE omega (GP): 0.034962 | RMSE omega (Sim): 0.173723
    Loss: 54.9995 | Epoch: 62
    Eq omega: 0.000771 + -0.00637theta + -0.00157omega + 0.00010theta^2 + -0.00008theta omega + -0.00036omega^2
    Eq omega Phys: -0.000113*omega**2 - 0.e-6*omega*theta - 4.9e-5*omega - 7.0e-6*theta + 3.2e-5
    Diffusion: theta=6.767666e-03, omega=2.051015e-05

--- Chunk 64875 (196/220) | Start: 2025-04-07 03:55:00 ---
    RMSE omega (GP): nan | RMSE omega (Sim): nan
    Loss: 295.7865 | Epoch: 52
    Eq omega: nan1 + nantheta + nanomega + nantheta^2 + nantheta omega + nanomega^2
    Eq omega Phys: N/A
    Diffusion: theta=nan, omega=nan

--- Chunk 64876 (197/220) | Start: 2025-04-07 04:00:00 ---
    RMSE omega (GP): 0.014123 | RMSE omega (Sim): 0.160182
    Loss: 0.5003 | Epoch: 1821
    Eq omega: -0.022861 + -1.22414theta + -0.00424omega + -0.02456theta^2 + 0.35309theta omega + -0.02891omega^2
    Eq omega Phys: -0.006369*omega**2 + 0.002593*omega*theta - 0.026316*omega - 6.0e-6*theta**2 - 0.001239*theta + 0.013002
    Diffusion: theta=6.645441e-04, omega=7.046127e-05

--- Chunk 64877 (198/220) | Start: 2025-04-07 04:05:00 ---
    RMSE omega (GP): 0.012246 | RMSE omega (Sim): 0.191307
    Loss: 6.0676 | Epoch: 1089
    Eq omega: -0.002911 + -0.00387theta + 0.01336omega + 0.00014theta^2 + 0.00003theta omega + -0.00275omega^2
    Eq omega Phys: -0.00098*omega**2 + 0.000442*omega - 5.0e-6*theta + 3.6e-5
    Diffusion: theta=3.621572e-03, omega=9.321884e-05

--- Chunk 64878 (199/220) | Start: 2025-04-07 04:10:00 ---
    RMSE omega (GP): 0.011258 | RMSE omega (Sim): 0.235317
    Loss: 11.8402 | Epoch: 1097
    Eq omega: 0.010301 + -0.00109theta + -0.00145omega + 0.00090theta^2 + 0.00065theta omega + 0.00371omega^2
    Eq omega Phys: 0.001834*omega**2 + 1.1e-5*omega*theta - 1.2e-5*omega + 2.0e-6*theta + 2.5e-5
    Diffusion: theta=2.235661e-03, omega=5.341120e-05

--- Chunk 64879 (200/220) | Start: 2025-04-07 04:15:00 ---
    RMSE omega (GP): nan | RMSE omega (Sim): nan
    Loss: 186.0805 | Epoch: 17
    Eq omega: nan1 + nantheta + nanomega + nantheta^2 + nantheta omega + nanomega^2
    Eq omega Phys: N/A
    Diffusion: theta=nan, omega=nan

  [Progress 200/220] Mean RMSE omega (GP): 0.018182 | (Sim): 0.134939 | Mean loss: -241869696127643596881920.0000 | Valid GP: 145/200 | Valid Sim: 142/200 | Elapsed: 62.1min | ETA: 6.2min

--- Chunk 64880 (201/220) | Start: 2025-04-07 04:20:00 ---
    RMSE omega (GP): 0.009610 | RMSE omega (Sim): 0.086850
    Loss: 4.0476 | Epoch: 2136
    Eq omega: 0.000881 + -0.00056theta + -0.00021omega + 0.00047theta^2 + 0.00006theta omega + 0.00135omega^2
    Eq omega Phys: 0.000535*omega**2 + 1.0e-6*omega*theta + 6.0e-6*omega + 6.0e-6*theta + 4.8e-5
    Diffusion: theta=2.344855e-03, omega=4.350509e-05

--- Chunk 64881 (202/220) | Start: 2025-04-07 04:25:00 ---
    RMSE omega (GP): 0.013645 | RMSE omega (Sim): 0.128411
    Loss: 3.5233 | Epoch: 1123
    Eq omega: -0.006921 + -0.00328theta + 0.00250omega + -0.00620theta^2 + -0.00214theta omega + -0.00159omega^2
    Eq omega Phys: -0.000453*omega**2 - 2.0e-5*omega*theta + 0.000207*omega - 2.0e-6*theta**2 + 2.0e-5*theta - 7.7e-5
    Diffusion: theta=4.706407e-04, omega=7.964591e-05

--- Chunk 64882 (203/220) | Start: 2025-04-07 04:30:00 ---
    RMSE omega (GP): nan | RMSE omega (Sim): nan
    Loss: 137.2519 | Epoch: 756
    Eq omega: nan1 + nantheta + nanomega + nantheta^2 + nantheta omega + nanomega^2
    Eq omega Phys: N/A
    Diffusion: theta=nan, omega=nan

--- Chunk 64883 (204/220) | Start: 2025-04-07 04:35:00 ---
    RMSE omega (GP): 0.009355 | RMSE omega (Sim): nan
    Loss: 1.6243 | Epoch: 946
    Eq omega: 0.016831 + -0.60038theta + 0.00854omega + -0.26223theta^2 + -0.03389theta omega + 0.04526omega^2
    Eq omega Phys: 0.015199*omega**2 - 0.000379*omega*theta + 0.000166*omega - 9.8e-5*theta**2 - 0.000729*theta - 0.000163
    Diffusion: theta=2.534711e-03, omega=6.736471e-05

--- Chunk 64884 (205/220) | Start: 2025-04-07 04:40:00 ---
    RMSE omega (GP): 0.013550 | RMSE omega (Sim): 0.135921
    Loss: 4.3895 | Epoch: 914
    Eq omega: 0.002241 + 0.00108theta + -0.00026omega + -0.00032theta^2 + 0.00189theta omega + -0.00244omega^2
    Eq omega Phys: -0.000729*omega**2 + 1.9e-5*omega*theta + 0.000215*omega - 1.0e-6*theta + 8.0e-6
    Diffusion: theta=5.976042e-04, omega=9.156915e-05

--- Chunk 64885 (206/220) | Start: 2025-04-07 04:45:00 ---
    RMSE omega (GP): 0.011502 | RMSE omega (Sim): 0.112975
    Loss: 5.9342 | Epoch: 1466
    Eq omega: -0.002581 + 0.00021theta + 0.00034omega + -0.00005theta^2 + -0.00060theta omega + -0.00210omega^2
    Eq omega Phys: -0.000818*omega**2 - 8.0e-6*omega*theta - 0.000152*omega - 0.e-6*theta - 1.2e-5
    Diffusion: theta=9.428666e-04, omega=6.365361e-05

--- Chunk 64886 (207/220) | Start: 2025-04-07 04:50:00 ---
    RMSE omega (GP): 0.049530 | RMSE omega (Sim): 0.183351
    Loss: 50.4306 | Epoch: 104
    Eq omega: 0.008341 + -0.00939theta + 0.00236omega + 0.00351theta^2 + 0.00281theta omega + 0.00048omega^2
    Eq omega Phys: 0.000102*omega**2 + 2.0e-5*omega*theta + 7.0e-6*omega + 1.0e-6*theta**2 - 1.6e-5*theta + 9.2e-5
    Diffusion: theta=3.139372e-03, omega=2.975957e-05

--- Chunk 64887 (208/220) | Start: 2025-04-07 04:55:00 ---
    RMSE omega (GP): 0.010900 | RMSE omega (Sim): 0.194860
    Loss: 2.8679 | Epoch: 1022
    Eq omega: 0.003561 + -1.13116theta + -0.02907omega + -0.12451theta^2 + 0.02495theta omega + 0.00562omega^2
    Eq omega Phys: 0.001841*omega**2 + 0.000273*omega*theta - 0.002375*omega - 4.5e-5*theta**2 - 0.000789*theta + 0.005291
    Diffusion: theta=9.746108e-04, omega=6.763493e-05

--- Chunk 64888 (209/220) | Start: 2025-04-07 05:00:00 ---
/pfs/data6/home/ka/ka_iai/ka_bj2362/dsr/svise/run_analysis_5min_all_chunks_combo38.py:212: ODEintWarning: Excess work done on this call (perhaps wrong Dfun type). Run with full_output = 1 to get quantitative information.
  sol_scaled = odeint(drift, x0_scaled, t_scaled, full_output=False)
    RMSE omega (GP): 0.012840 | RMSE omega (Sim): nan
    Loss: 3.7941 | Epoch: 1234
    Eq omega: 0.016371 + -0.12023theta + 0.01853omega + 0.00683theta^2 + 0.00117theta omega + 0.60233omega^2
    Eq omega Phys: 0.183711*omega**2 + 1.2e-5*omega*theta + 0.000543*omega + 2.0e-6*theta**2 - 0.000162*theta + 0.000984
    Diffusion: theta=3.564099e-03, omega=5.484950e-05

--- Chunk 64889 (210/220) | Start: 2025-04-07 05:05:00 ---
    RMSE omega (GP): 0.010672 | RMSE omega (Sim): 0.306685
    Loss: 0.7188 | Epoch: 1263
    Eq omega: 0.002841 + 0.00020theta + -0.00115omega + -0.00026theta^2 + 0.00046theta omega + 0.00013omega^2
    Eq omega Phys: 3.4e-5*omega**2 + 4.0e-6*omega*theta - 0.000158*omega + 5.0e-6*theta - 6.2e-5
    Diffusion: theta=1.256855e-03, omega=7.555895e-05

--- Chunk 64890 (211/220) | Start: 2025-04-07 05:10:00 ---
    RMSE omega (GP): 0.033388 | RMSE omega (Sim): 0.080985
    Loss: 20.7181 | Epoch: 85
    Eq omega: -0.158231 + -0.11458theta + -0.00383omega + -0.00300theta^2 + -0.00523theta omega + -0.00030omega^2
    Eq omega Phys: -6.3e-5*omega**2 - 3.7e-5*omega*theta - 4.3e-5*omega - 0.e-6*theta**2 - 0.000124*theta - 0.000546
    Diffusion: theta=3.721662e-03, omega=9.977327e-06

--- Chunk 64891 (212/220) | Start: 2025-04-07 05:15:00 ---
    RMSE omega (GP): nan | RMSE omega (Sim): nan
    Loss: 264.0530 | Epoch: 168
    Eq omega: nan1 + nantheta + nanomega + nantheta^2 + nantheta omega + nanomega^2
    Eq omega Phys: N/A
    Diffusion: theta=nan, omega=nan

--- Chunk 64892 (213/220) | Start: 2025-04-07 05:20:00 ---
    RMSE omega (GP): 0.008922 | RMSE omega (Sim): 0.152644
    Loss: -0.0482 | Epoch: 1561
    Eq omega: 0.002231 + -0.85391theta + 0.03138omega + 0.00089theta^2 + 0.00709theta omega + 0.01735omega^2
    Eq omega Phys: 0.004942*omega**2 + 6.7e-5*omega*theta + 0.001156*omega - 0.000948*theta - 0.001542
    Diffusion: theta=2.058181e-03, omega=9.096388e-05

--- Chunk 64893 (214/220) | Start: 2025-04-07 05:25:00 ---
    RMSE omega (GP): 0.013655 | RMSE omega (Sim): 0.245896
    Loss: 1.4840 | Epoch: 1131
    Eq omega: 0.013261 + -0.75614theta + -0.00112omega + 0.01159theta^2 + 0.00449theta omega + 0.02253omega^2
    Eq omega Phys: 0.005378*omega**2 + 3.6e-5*omega*theta + 0.000335*omega + 3.0e-6*theta**2 - 0.000776*theta - 0.008356
    Diffusion: theta=5.769799e-04, omega=1.166462e-04

--- Chunk 64894 (215/220) | Start: 2025-04-07 05:30:00 ---
    RMSE omega (GP): nan | RMSE omega (Sim): nan
    Loss: 151.6842 | Epoch: 72
    Eq omega: nan1 + nantheta + nanomega + nantheta^2 + nantheta omega + nanomega^2
    Eq omega Phys: N/A
    Diffusion: theta=nan, omega=nan

--- Chunk 64895 (216/220) | Start: 2025-04-07 05:35:00 ---
    RMSE omega (GP): nan | RMSE omega (Sim): nan
    Loss: 323.6595 | Epoch: 29
    Eq omega: nan1 + nantheta + nanomega + nantheta^2 + nantheta omega + nanomega^2
    Eq omega Phys: N/A
    Diffusion: theta=nan, omega=nan

--- Chunk 64896 (217/220) | Start: 2025-04-07 05:40:00 ---
    RMSE omega (GP): nan | RMSE omega (Sim): nan
    Loss: 1227.7860 | Epoch: 17
    Eq omega: nan1 + nantheta + nanomega + nantheta^2 + nantheta omega + nanomega^2
    Eq omega Phys: N/A
    Diffusion: theta=nan, omega=nan

--- Chunk 64897 (218/220) | Start: 2025-04-07 05:45:00 ---
    RMSE omega (GP): nan | RMSE omega (Sim): nan
    Loss: 29.1332 | Epoch: 68
    Eq omega: nan1 + nantheta + nanomega + nantheta^2 + nantheta omega + nanomega^2
    Eq omega Phys: N/A
    Diffusion: theta=nan, omega=nan

--- Chunk 64898 (219/220) | Start: 2025-04-07 05:50:00 ---
    RMSE omega (GP): 0.010290 | RMSE omega (Sim): 0.150142
    Loss: 0.9628 | Epoch: 950
    Eq omega: 0.014121 + -1.09467theta + -0.00280omega + -0.02897theta^2 + 0.02602theta omega + 0.00649omega^2
    Eq omega Phys: 0.001957*omega**2 + 0.000262*omega*theta - 0.001877*omega - 1.0e-5*theta**2 - 0.001084*theta + 0.007895
    Diffusion: theta=2.126782e-04, omega=6.850455e-05

--- Chunk 64899 (220/220) | Start: 2025-04-07 05:55:00 ---
    RMSE omega (GP): 0.011848 | RMSE omega (Sim): 0.220499
    Loss: 0.5534 | Epoch: 1271
    Eq omega: -0.000141 + -0.00313theta + -0.00020omega + -0.00040theta^2 + -0.00239theta omega + 0.00375omega^2
    Eq omega Phys: 0.000999*omega**2 - 2.1e-5*omega*theta - 6.7e-5*omega - 4.0e-6*theta - 1.1e-5
    Diffusion: theta=4.188977e-04, omega=7.204673e-05

  [Progress 220/220] Mean RMSE omega (GP): 0.017963 | (Sim): 0.137406 | Mean loss: -219881541934221463912448.0000 | Valid GP: 159/220 | Valid Sim: 154/220 | Elapsed: 67.6min | ETA: 0.0min

============================================================
EVALUATION COMPLETE — Chunks [64680, 64899]
============================================================
Chunks processed: 220
Chunks succeeded GP:  159 (72.3%)
Chunks succeeded Sim: 154 (70.0%)
Mean GP RMSE omega:   0.017963 ± 0.013488
Mean SIM RMSE omega:  0.137406 ± 0.063808
Mean Loss:            -219881541934221463912448.0000 ± 3253949669840976481353728.0000
Elapsed time:     67.6 minutes

Per-chunk CSV: /pfs/data6/home/ka/ka_iai/ka_bj2362/dsr/svise/results_5min_all_chunks/run_SLURM_3733209_combo38/chunks_64680_to_64899_20260323_035907.csv
Summary JSON:  /pfs/data6/home/ka/ka_iai/ka_bj2362/dsr/svise/results_5min_all_chunks/run_SLURM_3733209_combo38/summary_64680_to_64899_20260323_035907.json
============================================================

============================= JOB FEEDBACK =============================

NodeName=uc3n017
Job ID: 3733561
Array Job ID: 3733209_294
Cluster: uc3
User/Group: ka_bj2362/ka_iai
State: COMPLETED (exit code 0)
Nodes: 1
Cores per node: 4
CPU Utilized: 01:07:13
CPU Efficiency: 24.72% of 04:31:56 core-walltime
Job Wall-clock time: 01:07:59
Memory Utilized: 4.10 GB
Memory Efficiency: 34.20% of 12.00 GB (12.00 GB/node)
