Array task 416: processing chunks 91520 to 91739
Loading data from /pfs/data6/home/ka/ka_iai/ka_bj2362/dsr/svise/../dataset/South_Korea_2024-08-15_2025-08-31_1s.parquet...
Finding all valid 5-minute chunks in the dataset...
Found 107059 valid 5-minute chunks in total.

============================================================
SVISE FINAL EVALUATION — ALL CHUNKS
============================================================
Hyperparameters: {
  "model": "integrator",
  "sigma": 0,
  "degree": 2,
  "tau": 1e-05,
  "lr": 0.1,
  "n_tau": 50,
  "measurement_noise": 0.001,
  "n_reparam_samples": 15
}
Total valid chunks in dataset: 107059
Processing chunk range: [91520, 91739] (220 chunks)
Early stopping: patience=300, max_epochs=10000
============================================================


--- Chunk 91520 (1/220) | Start: 2025-07-08 21:35:00 ---
/pfs/data6/home/ka/ka_iai/ka_bj2362/dsr/svise/svise/sde_learning/_marginal_sde.py:284: UserWarning: torch.triangular_solve is deprecated in favor of torch.linalg.solve_triangularand will be removed in a future PyTorch release.
torch.linalg.solve_triangular has its arguments reversed and does not return a copy of one of the inputs.
X = torch.triangular_solve(B, A).solution
should be replaced with
X = torch.linalg.solve_triangular(A, B). (Triggered internally at ../aten/src/ATen/native/BatchLinearAlgebra.cpp:2192.)
  return torch.triangular_solve(self.raw_w, self.C.t()).solution
/pfs/data6/home/ka/ka_iai/ka_bj2362/dsr/svise/svise/quadrature/_unbiased_quadrature.py:196: UserWarning: Interp is nan, reducing interp degree.
  warnings.warn("Interp is nan, reducing interp degree.")
    RMSE omega (GP): 0.013651 | RMSE omega (Sim): 0.096498
    Loss: 12.0272 | Epoch: 1910
    Eq omega: 0.007121 + -0.14848theta + 0.00257omega + 0.00779theta^2 + 0.00403theta omega + 0.00151omega^2
    Eq omega Phys: 0.000636*omega**2 + 5.7e-5*omega*theta + 7.8e-5*omega + 4.0e-6*theta**2 - 0.000166*theta + 4.1e-5
    Diffusion: theta=9.996803e-04, omega=5.229479e-05

--- Chunk 91521 (2/220) | Start: 2025-07-08 21:40:00 ---
    RMSE omega (GP): 0.011029 | RMSE omega (Sim): 0.056870
    Loss: 16.4412 | Epoch: 785
    Eq omega: 0.000501 + -0.03015theta + -0.00307omega + -0.00915theta^2 + -0.00497theta omega + 0.00899omega^2
    Eq omega Phys: 0.005314*omega**2 - 9.8e-5*omega*theta - 0.000121*omega - 6.0e-6*theta**2 - 3.6e-5*theta - 6.0e-6
    Diffusion: theta=1.757722e-04, omega=3.633327e-05

--- Chunk 91522 (3/220) | Start: 2025-07-08 21:45:00 ---
/pfs/data6/home/ka/ka_iai/ka_bj2362/dsr/svise/svise/quadrature/_unbiased_quadrature.py:174: UserWarning: NaN detected in fxq (quadrature node evaluations). Clamping to 0.
  warnings.warn("NaN detected in fxq (quadrature node evaluations). Clamping to 0.")
/pfs/data6/home/ka/ka_iai/ka_bj2362/dsr/svise/svise/quadrature/_unbiased_quadrature.py:177: UserWarning: NaN detected in fmc (Monte-Carlo node evaluations). Clamping to 0.
  warnings.warn("NaN detected in fmc (Monte-Carlo node evaluations). Clamping to 0.")
    RMSE omega (GP): nan | RMSE omega (Sim): nan
    Loss: 59.4272 | Epoch: 29
    Eq omega: nan1 + nantheta + nanomega + nantheta^2 + nantheta omega + nanomega^2
    Eq omega Phys: N/A
    Diffusion: theta=nan, omega=nan

--- Chunk 91523 (4/220) | Start: 2025-07-08 21:50:00 ---
    RMSE omega (GP): 0.010420 | RMSE omega (Sim): 0.256094
    Loss: 3.0269 | Epoch: 1493
    Eq omega: 0.003381 + 0.00163theta + -0.00415omega + -0.00153theta^2 + 0.00155theta omega + 0.00194omega^2
    Eq omega Phys: 0.000695*omega**2 + 1.9e-5*omega*theta - 0.000123*omega - 0.e-6*theta**2 + 1.0e-6*theta + 1.2e-5
    Diffusion: theta=1.669604e-03, omega=4.802182e-05

--- Chunk 91524 (5/220) | Start: 2025-07-08 21:55:00 ---
    RMSE omega (GP): 0.011978 | RMSE omega (Sim): 0.075234
    Loss: 13.8782 | Epoch: 1305
    Eq omega: -0.003151 + -0.00077theta + -0.00033omega + -0.00181theta^2 + -0.00064theta omega + -0.00581omega^2
    Eq omega Phys: -0.00295*omega**2 - 1.1e-5*omega*theta + 8.3e-5*omega - 1.0e-6*theta**2 + 1.7e-5*theta - 7.7e-5
    Diffusion: theta=2.646856e-04, omega=2.822514e-05

--- Chunk 91525 (6/220) | Start: 2025-07-08 22:00:00 ---
    RMSE omega (GP): 0.010355 | RMSE omega (Sim): 0.097334
    Loss: 14.8114 | Epoch: 1820
    Eq omega: 0.001981 + 0.00109theta + 0.00392omega + 0.00010theta^2 + -0.00054theta omega + -0.00001omega^2
    Eq omega Phys: -6.0e-6*omega**2 - 1.1e-5*omega*theta + 3.0e-6*theta + 2.8e-5
    Diffusion: theta=2.099653e-03, omega=3.490454e-05

--- Chunk 91526 (7/220) | Start: 2025-07-08 22:05:00 ---
    RMSE omega (GP): 0.009167 | RMSE omega (Sim): 0.058271
    Loss: 10.5559 | Epoch: 1406
    Eq omega: 0.003101 + 0.00067theta + -0.00021omega + -0.00080theta^2 + 0.00019theta omega + 0.00237omega^2
    Eq omega Phys: 0.001388*omega**2 + 4.0e-6*omega*theta + 2.5e-5*omega - 0.e-6*theta**2 - 8.0e-6*theta - 2.6e-5
    Diffusion: theta=4.126188e-03, omega=3.082887e-05

--- Chunk 91527 (8/220) | Start: 2025-07-08 22:10:00 ---
    RMSE omega (GP): nan | RMSE omega (Sim): nan
    Loss: 1091.8232 | Epoch: 19
    Eq omega: nan1 + nantheta + nanomega + nantheta^2 + nantheta omega + nanomega^2
    Eq omega Phys: N/A
    Diffusion: theta=nan, omega=nan

--- Chunk 91528 (9/220) | Start: 2025-07-08 22:15:00 ---
    RMSE omega (GP): nan | RMSE omega (Sim): nan
    Loss: 190.7623 | Epoch: 86
    Eq omega: nan1 + nantheta + nanomega + nantheta^2 + nantheta omega + nanomega^2
    Eq omega Phys: N/A
    Diffusion: theta=nan, omega=nan

--- Chunk 91529 (10/220) | Start: 2025-07-08 22:20:00 ---
    RMSE omega (GP): 0.023694 | RMSE omega (Sim): 0.027591
    Loss: 691.9117 | Epoch: 382
    Eq omega: -0.002261 + -0.00536theta + 0.00276omega + -0.00002theta^2 + 0.00000theta omega + -0.00011omega^2
    Eq omega Phys: -0.000128*omega**2 + 9.2e-5*omega - 4.0e-6*theta + 0.000162
    Diffusion: theta=2.257976e+00, omega=1.988843e-03

--- Chunk 91530 (11/220) | Start: 2025-07-08 22:25:00 ---
    RMSE omega (GP): nan | RMSE omega (Sim): nan
    Loss: 4013.7380 | Epoch: 48
    Eq omega: nan1 + nantheta + nanomega + nantheta^2 + nantheta omega + nanomega^2
    Eq omega Phys: N/A
    Diffusion: theta=nan, omega=nan

--- Chunk 91531 (12/220) | Start: 2025-07-08 22:30:00 ---
    RMSE omega (GP): nan | RMSE omega (Sim): nan
    Loss: 1956.1898 | Epoch: 55
    Eq omega: nan1 + nantheta + nanomega + nantheta^2 + nantheta omega + nanomega^2
    Eq omega Phys: N/A
    Diffusion: theta=nan, omega=nan

--- Chunk 91532 (13/220) | Start: 2025-07-08 22:35:00 ---
    RMSE omega (GP): nan | RMSE omega (Sim): nan
    Loss: 153446.7812 | Epoch: 16
    Eq omega: nan1 + nantheta + nanomega + nantheta^2 + nantheta omega + nanomega^2
    Eq omega Phys: N/A
    Diffusion: theta=nan, omega=nan

--- Chunk 91533 (14/220) | Start: 2025-07-08 22:40:00 ---
    RMSE omega (GP): 0.015922 | RMSE omega (Sim): 0.037594
    Loss: 170.5397 | Epoch: 741
    Eq omega: -0.002561 + 0.00008theta + 0.00062omega + 0.00001theta^2 + -0.00002theta omega + 0.00066omega^2
    Eq omega Phys: 0.000822*omega**2 - 0.e-6*omega*theta + 3.9e-5*omega - 0.e-6*theta + 2.0e-6
    Diffusion: theta=2.955648e-04, omega=1.824832e-06

--- Chunk 91534 (15/220) | Start: 2025-07-08 22:45:00 ---
    RMSE omega (GP): 0.024573 | RMSE omega (Sim): 0.046682
    Loss: 409.4241 | Epoch: 69
    Eq omega: 0.001451 + 0.00047theta + 0.03329omega + 0.00028theta^2 + -0.00001theta omega + 0.00341omega^2
    Eq omega Phys: 0.002629*omega**2 + 0.001117*omega - 1.4e-5*theta + 0.000197
    Diffusion: theta=nan, omega=nan

--- Chunk 91535 (16/220) | Start: 2025-07-08 22:50:00 ---
    RMSE omega (GP): nan | RMSE omega (Sim): nan
    Loss: 613.4823 | Epoch: 60
    Eq omega: nan1 + nantheta + nanomega + nantheta^2 + nantheta omega + nanomega^2
    Eq omega Phys: N/A
    Diffusion: theta=nan, omega=nan

--- Chunk 91536 (17/220) | Start: 2025-07-08 22:55:00 ---
    RMSE omega (GP): nan | RMSE omega (Sim): nan
    Loss: 1027.0764 | Epoch: 21
    Eq omega: nan1 + nantheta + nanomega + nantheta^2 + nantheta omega + nanomega^2
    Eq omega Phys: N/A
    Diffusion: theta=nan, omega=nan

--- Chunk 91537 (18/220) | Start: 2025-07-08 23:00:00 ---
    RMSE omega (GP): 0.008962 | RMSE omega (Sim): 0.213539
    Loss: -1.3018 | Epoch: 1070
    Eq omega: 0.000291 + -0.00050theta + -0.00154omega + 0.00005theta^2 + -0.00002theta omega + 0.00081omega^2
    Eq omega Phys: 0.000206*omega**2 - 5.0e-5*omega - 0.e-6*theta + 6.0e-6
    Diffusion: theta=6.270625e-04, omega=6.239464e-05

--- Chunk 91538 (19/220) | Start: 2025-07-08 23:05:00 ---
    RMSE omega (GP): nan | RMSE omega (Sim): nan
    Loss: 147.3229 | Epoch: 22
    Eq omega: nan1 + nantheta + nanomega + nantheta^2 + nantheta omega + nanomega^2
    Eq omega Phys: N/A
    Diffusion: theta=nan, omega=nan

--- Chunk 91539 (20/220) | Start: 2025-07-08 23:10:00 ---
    RMSE omega (GP): nan | RMSE omega (Sim): nan
    Loss: 41.7752 | Epoch: 50
    Eq omega: nan1 + nantheta + nanomega + nantheta^2 + nantheta omega + nanomega^2
    Eq omega Phys: N/A
    Diffusion: theta=nan, omega=nan

--- Chunk 91540 (21/220) | Start: 2025-07-08 23:15:00 ---
    RMSE omega (GP): 0.011888 | RMSE omega (Sim): 0.115075
    Loss: 10.7892 | Epoch: 2710
    Eq omega: -0.000661 + -0.00079theta + 0.00327omega + -0.00011theta^2 + 0.00035theta omega + 0.00491omega^2
    Eq omega Phys: 0.002658*omega**2 + 6.0e-6*omega*theta - 4.0e-6*omega + 1.0e-6*theta - 7.0e-6
    Diffusion: theta=4.074117e-04, omega=2.271747e-05

--- Chunk 91541 (22/220) | Start: 2025-07-08 23:20:00 ---
    RMSE omega (GP): 0.010186 | RMSE omega (Sim): 0.052379
    Loss: 16.0008 | Epoch: 1237
    Eq omega: 0.003941 + -0.16219theta + 0.00600omega + -0.00134theta^2 + -0.00502theta omega + -0.00579omega^2
    Eq omega Phys: -0.003694*omega**2 - 0.000107*omega*theta - 3.8e-5*omega - 0.e-6*theta**2 - 0.000184*theta - 0.0004
    Diffusion: theta=8.559749e-04, omega=1.542162e-05

--- Chunk 91542 (23/220) | Start: 2025-07-08 23:25:00 ---
    RMSE omega (GP): nan | RMSE omega (Sim): nan
    Loss: 33.0724 | Epoch: 224
    Eq omega: nan1 + nantheta + nanomega + nantheta^2 + nantheta omega + nanomega^2
    Eq omega Phys: N/A
    Diffusion: theta=nan, omega=nan

--- Chunk 91543 (24/220) | Start: 2025-07-08 23:30:00 ---
    RMSE omega (GP): 0.008235 | RMSE omega (Sim): 0.101423
    Loss: 3.6163 | Epoch: 1064
    Eq omega: -0.000861 + -0.00050theta + -0.00683omega + -0.00520theta^2 + -0.00048theta omega + -0.00294omega^2
    Eq omega Phys: -0.001405*omega**2 - 8.0e-6*omega*theta - 0.000201*omega - 3.0e-6*theta**2 + 1.8e-5*theta - 3.3e-5
    Diffusion: theta=5.496322e-04, omega=2.405825e-05

--- Chunk 91544 (25/220) | Start: 2025-07-08 23:35:00 ---
    RMSE omega (GP): nan | RMSE omega (Sim): nan
    Loss: 138.2715 | Epoch: 97
    Eq omega: nan1 + nantheta + nanomega + nantheta^2 + nantheta omega + nanomega^2
    Eq omega Phys: N/A
    Diffusion: theta=nan, omega=nan

--- Chunk 91545 (26/220) | Start: 2025-07-08 23:40:00 ---
    RMSE omega (GP): nan | RMSE omega (Sim): nan
    Loss: 329.3252 | Epoch: 96
    Eq omega: nan1 + nantheta + nanomega + nantheta^2 + nantheta omega + nanomega^2
    Eq omega Phys: N/A
    Diffusion: theta=nan, omega=nan

--- Chunk 91546 (27/220) | Start: 2025-07-08 23:45:00 ---
    RMSE omega (GP): 0.015786 | RMSE omega (Sim): 0.033137
    Loss: 203.9084 | Epoch: 859
    Eq omega: 0.001321 + 0.00004theta + -0.00098omega + 0.00004theta^2 + -0.00245theta omega + -0.00021omega^2
    Eq omega Phys: -0.00028*omega**2 - 0.000109*omega*theta + 0.002388*omega - 3.0e-6*theta + 2.9e-5
    Diffusion: theta=5.204913e-04, omega=9.488637e-07

--- Chunk 91547 (28/220) | Start: 2025-07-08 23:50:00 ---
    RMSE omega (GP): nan | RMSE omega (Sim): nan
    Loss: 130.2654 | Epoch: 70
    Eq omega: nan1 + nantheta + nanomega + nantheta^2 + nantheta omega + nanomega^2
    Eq omega Phys: N/A
    Diffusion: theta=nan, omega=nan

--- Chunk 91548 (29/220) | Start: 2025-07-08 23:55:00 ---
    RMSE omega (GP): 0.010197 | RMSE omega (Sim): 0.062295
    Loss: 7.4664 | Epoch: 2749
    Eq omega: 0.006001 + -0.26047theta + -0.00534omega + -0.00222theta^2 + -0.00329theta omega + 0.00803omega^2
    Eq omega Phys: 0.003751*omega**2 - 5.1e-5*omega*theta - 0.000399*omega - 1.0e-6*theta**2 - 0.000299*theta - 0.001257
    Diffusion: theta=3.586963e-04, omega=3.522985e-05

--- Chunk 91549 (30/220) | Start: 2025-07-09 00:00:00 ---
    RMSE omega (GP): nan | RMSE omega (Sim): nan
    Loss: 466.9151 | Epoch: 66
    Eq omega: nan1 + nantheta + nanomega + nantheta^2 + nantheta omega + nanomega^2
    Eq omega Phys: N/A
    Diffusion: theta=nan, omega=nan

--- Chunk 91550 (31/220) | Start: 2025-07-09 00:05:00 ---
    RMSE omega (GP): nan | RMSE omega (Sim): nan
    Loss: 181.3340 | Epoch: 46
    Eq omega: nan1 + nantheta + nanomega + nantheta^2 + nantheta omega + nanomega^2
    Eq omega Phys: N/A
    Diffusion: theta=nan, omega=nan

--- Chunk 91551 (32/220) | Start: 2025-07-09 00:10:00 ---
    RMSE omega (GP): 0.029715 | RMSE omega (Sim): 0.052758
    Loss: 344.9290 | Epoch: 61
    Eq omega: 0.008781 + -0.00336theta + 0.00450omega + -0.00002theta^2 + -0.00128theta omega + 0.00135omega^2
    Eq omega Phys: 0.001067*omega**2 - 3.4e-5*omega*theta + 0.000911*omega - 3.0e-6*theta + 8.8e-5
    Diffusion: theta=nan, omega=nan

--- Chunk 91552 (33/220) | Start: 2025-07-09 00:15:00 ---
    RMSE omega (GP): nan | RMSE omega (Sim): nan
    Loss: 416.2341 | Epoch: 23
    Eq omega: nan1 + nantheta + nanomega + nantheta^2 + nantheta omega + nanomega^2
    Eq omega Phys: N/A
    Diffusion: theta=nan, omega=nan

--- Chunk 91553 (34/220) | Start: 2025-07-09 00:20:00 ---
    RMSE omega (GP): 0.043774 | RMSE omega (Sim): 0.111093
    Loss: 395.0054 | Epoch: 34
    Eq omega: 0.000981 + -0.00197theta + 0.00037omega + 0.00022theta^2 + -0.00249theta omega + -0.00131omega^2
    Eq omega Phys: -0.000767*omega**2 - 4.9e-5*omega*theta + 0.000342*omega - 4.0e-6*theta + 2.3e-5
    Diffusion: theta=nan, omega=nan

--- Chunk 91554 (35/220) | Start: 2025-07-09 00:25:00 ---
    RMSE omega (GP): 0.010416 | RMSE omega (Sim): 0.058599
    Loss: 12.0108 | Epoch: 1537
    Eq omega: -0.001061 + -1.29028theta + 0.01221omega + 0.01884theta^2 + -0.00185theta omega + 0.06303omega^2
    Eq omega Phys: 0.034806*omega**2 - 3.4e-5*omega*theta + 0.000335*omega + 1.2e-5*theta**2 - 0.001385*theta - 0.002971
    Diffusion: theta=7.439305e-04, omega=2.954169e-05

--- Chunk 91555 (36/220) | Start: 2025-07-09 00:30:00 ---
    RMSE omega (GP): 0.008872 | RMSE omega (Sim): 0.067697
    Loss: 7.8167 | Epoch: 892
    Eq omega: 0.000331 + -0.00741theta + 0.00166omega + -0.00156theta^2 + 0.00052theta omega + -0.00100omega^2
    Eq omega Phys: -0.000546*omega**2 + 9.0e-6*omega*theta + 2.0e-5*omega - 0.e-6*theta**2 - 1.0e-6*theta + 1.8e-5
    Diffusion: theta=1.352793e-04, omega=3.501251e-05

--- Chunk 91556 (37/220) | Start: 2025-07-09 00:35:00 ---
    RMSE omega (GP): nan | RMSE omega (Sim): nan
    Loss: 222.7003 | Epoch: 49
    Eq omega: nan1 + nantheta + nanomega + nantheta^2 + nantheta omega + nanomega^2
    Eq omega Phys: N/A
    Diffusion: theta=nan, omega=nan

--- Chunk 91557 (38/220) | Start: 2025-07-09 00:40:00 ---
    RMSE omega (GP): 0.008381 | RMSE omega (Sim): 0.089180
    Loss: 1.3494 | Epoch: 1227
    Eq omega: -0.000411 + -0.00290theta + -0.00015omega + 0.00021theta^2 + 0.00549theta omega + -0.00101omega^2
    Eq omega Phys: -0.00039*omega**2 + 7.1e-5*omega*theta + 0.000774*omega - 1.0e-6*theta - 2.6e-5
    Diffusion: theta=1.001017e-03, omega=2.239367e-05

--- Chunk 91558 (39/220) | Start: 2025-07-09 00:45:00 ---
    RMSE omega (GP): nan | RMSE omega (Sim): nan
    Loss: 32.8898 | Epoch: 58
    Eq omega: nan1 + nantheta + nanomega + nantheta^2 + nantheta omega + nanomega^2
    Eq omega Phys: N/A
    Diffusion: theta=nan, omega=nan

--- Chunk 91559 (40/220) | Start: 2025-07-09 00:50:00 ---
    RMSE omega (GP): 0.009231 | RMSE omega (Sim): 0.222520
    Loss: -0.3339 | Epoch: 3314
    Eq omega: 0.005541 + -0.00017theta + 0.00026omega + 0.00000theta^2 + 0.00006theta omega + 0.00018omega^2
    Eq omega Phys: 5.2e-5*omega**2 + 1.0e-6*omega*theta + 4.0e-6*omega + 2.3e-5
    Diffusion: theta=2.936195e-03, omega=2.524665e-05

--- Chunk 91560 (41/220) | Start: 2025-07-09 00:55:00 ---
    RMSE omega (GP): 0.035736 | RMSE omega (Sim): 0.081416
    Loss: 618.6479 | Epoch: 57
    Eq omega: -0.001081 + 0.00030theta + -0.01634omega + -0.00004theta^2 + 0.00010theta omega + -0.00087omega^2
    Eq omega Phys: -0.000511*omega**2 + 2.0e-6*omega*theta - 0.000584*omega + 1.0e-6*theta - 1.9e-5
    Diffusion: theta=nan, omega=nan

--- Chunk 91561 (42/220) | Start: 2025-07-09 01:00:00 ---
/pfs/data6/home/ka/ka_iai/ka_bj2362/dsr/svise/run_analysis_5min_all_chunks_combo38.py:212: ODEintWarning: Repeated convergence failures (perhaps bad Jacobian or tolerances). Run with full_output = 1 to get quantitative information.
  sol_scaled = odeint(drift, x0_scaled, t_scaled, full_output=False)
    RMSE omega (GP): 0.009508 | RMSE omega (Sim): nan
    Loss: 10.7630 | Epoch: 1060
    Eq omega: 0.047511 + -1.49800theta + 0.01088omega + -0.76836theta^2 + -0.00688theta omega + 0.00027omega^2
    Eq omega Phys: 0.000156*omega**2 - 0.000133*omega*theta + 0.000691*omega - 0.000495*theta**2 + 0.000783*theta + 0.001182
    Diffusion: theta=2.315859e-04, omega=3.452606e-05

--- Chunk 91562 (43/220) | Start: 2025-07-09 01:05:00 ---
    RMSE omega (GP): 0.007469 | RMSE omega (Sim): 0.079857
    Loss: 2.1674 | Epoch: 1455
    Eq omega: 0.002771 + 0.00145theta + -0.00061omega + -0.00061theta^2 + -0.00115theta omega + -0.00098omega^2
    Eq omega Phys: -0.000444*omega**2 - 1.7e-5*omega*theta - 0.000132*omega - 2.0e-6*theta + 4.0e-6
    Diffusion: theta=4.317285e-04, omega=5.134305e-05

--- Chunk 91563 (44/220) | Start: 2025-07-09 01:10:00 ---
    RMSE omega (GP): 0.007322 | RMSE omega (Sim): 0.095695
    Loss: 0.2752 | Epoch: 1083
    Eq omega: 0.000271 + -0.00176theta + 0.00310omega + 0.00053theta^2 + -0.00018theta omega + 0.00219omega^2
    Eq omega Phys: 0.000855*omega**2 - 2.0e-6*omega*theta + 0.000117*omega - 5.0e-6*theta + 1.9e-5
    Diffusion: theta=6.553736e-04, omega=2.371696e-05

--- Chunk 91564 (45/220) | Start: 2025-07-09 01:15:00 ---
    RMSE omega (GP): 0.019085 | RMSE omega (Sim): 0.052643
    Loss: 109.0353 | Epoch: 1345
    Eq omega: -0.004571 + -0.01759theta + -0.00547omega + -0.00286theta^2 + -0.00022theta omega + 0.01244omega^2
    Eq omega Phys: 0.009976*omega**2 - 6.0e-6*omega*theta - 0.000407*omega - 3.0e-6*theta**2 - 0.000214*theta - 0.004481
    Diffusion: theta=1.183787e-03, omega=4.861274e-06

--- Chunk 91565 (46/220) | Start: 2025-07-09 01:20:00 ---
    RMSE omega (GP): 0.021881 | RMSE omega (Sim): 0.039492
    Loss: 353.0616 | Epoch: 89
    Eq omega: 0.001691 + -0.00109theta + -0.00061omega + 0.00013theta^2 + 0.00070theta omega + -0.00011omega^2
    Eq omega Phys: -9.5e-5*omega**2 + 2.0e-5*omega*theta + 0.000636*omega + 7.0e-6*theta + 9.5e-5
    Diffusion: theta=4.269914e-03, omega=2.485351e-06

--- Chunk 91566 (47/220) | Start: 2025-07-09 01:25:00 ---
    RMSE omega (GP): nan | RMSE omega (Sim): nan
    Loss: 1662.5553 | Epoch: 46
    Eq omega: nan1 + nantheta + nanomega + nantheta^2 + nantheta omega + nanomega^2
    Eq omega Phys: N/A
    Diffusion: theta=nan, omega=nan

--- Chunk 91567 (48/220) | Start: 2025-07-09 01:30:00 ---
    RMSE omega (GP): 0.007960 | RMSE omega (Sim): nan
    Loss: -0.1969 | Epoch: 1325
    Eq omega: -0.027641 + -0.79921theta + -0.03976omega + 0.25060theta^2 + -0.00349theta omega + 0.00528omega^2
    Eq omega Phys: 0.001862*omega**2 - 4.1e-5*omega*theta - 0.001626*omega + 9.8e-5*theta**2 + 0.000552*theta - 0.001318
    Diffusion: theta=1.856373e-04, omega=2.589237e-05

--- Chunk 91568 (49/220) | Start: 2025-07-09 01:35:00 ---
    RMSE omega (GP): 0.012243 | RMSE omega (Sim): 0.041399
    Loss: 21.5749 | Epoch: 2171
    Eq omega: 0.001671 + 0.00018theta + -0.00067omega + 0.00002theta^2 + -0.00012theta omega + 0.00007omega^2
    Eq omega Phys: 5.8e-5*omega**2 - 3.0e-6*omega*theta - 0.000108*omega + 1.0e-6*theta + 1.9e-5
    Diffusion: theta=4.484705e-04, omega=1.539023e-05

--- Chunk 91569 (50/220) | Start: 2025-07-09 01:40:00 ---
    RMSE omega (GP): 0.009090 | RMSE omega (Sim): 0.209975
    Loss: 6.3888 | Epoch: 1510
    Eq omega: 0.000471 + -0.00044theta + -0.00122omega + -0.00164theta^2 + -0.00038theta omega + -0.00047omega^2
    Eq omega Phys: -0.000239*omega**2 - 6.0e-6*omega*theta - 4.3e-5*omega - 0.e-6*theta**2 - 1.0e-6*theta + 1.0e-6
    Diffusion: theta=2.810210e-04, omega=2.114958e-05

  [Progress 50/220] Mean RMSE omega (GP): 0.014558 | (Sim): 0.090441 | Mean loss: 3393.3506 | Valid GP: 30/50 | Valid Sim: 28/50 | Elapsed: 12.7min | ETA: 43.2min

--- Chunk 91570 (51/220) | Start: 2025-07-09 01:45:00 ---
    RMSE omega (GP): nan | RMSE omega (Sim): nan
    Loss: 194.4200 | Epoch: 35
    Eq omega: nan1 + nantheta + nanomega + nantheta^2 + nantheta omega + nanomega^2
    Eq omega Phys: N/A
    Diffusion: theta=nan, omega=nan

--- Chunk 91571 (52/220) | Start: 2025-07-09 01:50:00 ---
    RMSE omega (GP): 0.009182 | RMSE omega (Sim): 0.079893
    Loss: 6.2131 | Epoch: 1002
    Eq omega: -0.000231 + -0.00012theta + -0.00003omega + -0.00044theta^2 + 0.00006theta omega + -0.00025omega^2
    Eq omega Phys: -0.000123*omega**2 + 1.0e-6*omega*theta - 0.e-6*theta - 1.0e-6
    Diffusion: theta=2.682297e-04, omega=3.377484e-05

--- Chunk 91572 (53/220) | Start: 2025-07-09 01:55:00 ---
    RMSE omega (GP): 0.009327 | RMSE omega (Sim): 0.072211
    Loss: 2.0512 | Epoch: 1566
    Eq omega: 0.009791 + -0.40531theta + -0.00216omega + 0.00501theta^2 + 0.01263theta omega + -0.00221omega^2
    Eq omega Phys: -0.000849*omega**2 + 0.000162*omega*theta - 0.000997*omega + 2.0e-6*theta**2 - 0.000475*theta + 0.002674
    Diffusion: theta=9.717876e-04, omega=1.914188e-05

--- Chunk 91573 (54/220) | Start: 2025-07-09 02:00:00 ---
    RMSE omega (GP): 0.020524 | RMSE omega (Sim): 0.089515
    Loss: 143.3695 | Epoch: 410
    Eq omega: -0.005351 + -0.00025theta + 0.00170omega + 0.00012theta^2 + -0.00026theta omega + 0.00042omega^2
    Eq omega Phys: 0.000351*omega**2 - 7.0e-6*omega*theta + 0.000187*omega - 4.0e-6*theta + 3.4e-5
    Diffusion: theta=1.152242e-02, omega=1.104251e-05

--- Chunk 91574 (55/220) | Start: 2025-07-09 02:05:00 ---
    RMSE omega (GP): nan | RMSE omega (Sim): nan
    Loss: 542.6769 | Epoch: 42
    Eq omega: nan1 + nantheta + nanomega + nantheta^2 + nantheta omega + nanomega^2
    Eq omega Phys: N/A
    Diffusion: theta=nan, omega=nan

--- Chunk 91575 (56/220) | Start: 2025-07-09 02:10:00 ---
    RMSE omega (GP): 0.009403 | RMSE omega (Sim): 0.056557
    Loss: 16.5981 | Epoch: 2620
    Eq omega: 0.001331 + 0.00018theta + 0.00359omega + -0.00004theta^2 + -0.00005theta omega + -0.00133omega^2
    Eq omega Phys: -0.000921*omega**2 - 1.0e-6*omega*theta + 0.000143*omega + 1.0e-6*theta - 1.4e-5
    Diffusion: theta=2.462656e-03, omega=9.863350e-06

--- Chunk 91576 (57/220) | Start: 2025-07-09 02:15:00 ---
    RMSE omega (GP): 0.008997 | RMSE omega (Sim): 0.087116
    Loss: -1.5839 | Epoch: 1435
    Eq omega: -0.000291 + -0.09960theta + 0.00528omega + 0.00012theta^2 + 0.00408theta omega + -0.03256omega^2
    Eq omega Phys: -0.009277*omega**2 + 3.9e-5*omega*theta - 0.00019*omega - 0.000111*theta + 0.001048
    Diffusion: theta=2.620297e-03, omega=1.327578e-05

--- Chunk 91577 (58/220) | Start: 2025-07-09 02:20:00 ---
    RMSE omega (GP): nan | RMSE omega (Sim): nan
    Loss: 109.9675 | Epoch: 39
    Eq omega: nan1 + nantheta + nanomega + nantheta^2 + nantheta omega + nanomega^2
    Eq omega Phys: N/A
    Diffusion: theta=nan, omega=nan

--- Chunk 91578 (59/220) | Start: 2025-07-09 02:25:00 ---
    RMSE omega (GP): 0.026575 | RMSE omega (Sim): 0.096918
    Loss: 75.0521 | Epoch: 58
    Eq omega: -0.045661 + -0.00670theta + 0.00088omega + 0.00016theta^2 + 0.00093theta omega + -0.00396omega^2
    Eq omega Phys: -0.001659*omega**2 + 1.3e-5*omega*theta - 0.000151*omega - 1.0e-5*theta - 3.0e-6
    Diffusion: theta=nan, omega=nan

--- Chunk 91579 (60/220) | Start: 2025-07-09 02:30:00 ---
    RMSE omega (GP): 0.007753 | RMSE omega (Sim): 0.109488
    Loss: 1.5950 | Epoch: 1196
    Eq omega: -0.001441 + -0.00063theta + 0.00123omega + 0.00031theta^2 + -0.00079theta omega + 0.00649omega^2
    Eq omega Phys: 0.002662*omega**2 - 1.1e-5*omega*theta + 5.6e-5*omega - 1.0e-6*theta - 3.0e-6
    Diffusion: theta=1.338700e-03, omega=2.941460e-05

--- Chunk 91580 (61/220) | Start: 2025-07-09 02:35:00 ---
    RMSE omega (GP): 0.009122 | RMSE omega (Sim): 0.057070
    Loss: 2.2521 | Epoch: 1571
    Eq omega: -0.015541 + -0.42869theta + -0.02217omega + -0.06708theta^2 + -0.04676theta omega + -0.00198omega^2
    Eq omega Phys: -0.000783*omega**2 - 0.000616*omega*theta + 0.002443*omega - 2.9e-5*theta**2 - 0.000172*theta + 0.00163
    Diffusion: theta=8.984938e-05, omega=2.569214e-05

--- Chunk 91581 (62/220) | Start: 2025-07-09 02:40:00 ---
    RMSE omega (GP): 0.010306 | RMSE omega (Sim): 0.103570
    Loss: 28.1319 | Epoch: 959
    Eq omega: 0.000061 + -0.00013theta + -0.00239omega + 0.00007theta^2 + 0.00006theta omega + 0.00277omega^2
    Eq omega Phys: 0.00219*omega**2 + 2.0e-6*omega*theta - 9.3e-5*omega - 1.0e-6*theta + 5.0e-6
    Diffusion: theta=6.838916e-04, omega=1.531912e-05

--- Chunk 91582 (63/220) | Start: 2025-07-09 02:45:00 ---
    RMSE omega (GP): 0.008238 | RMSE omega (Sim): 0.083025
    Loss: 6.5301 | Epoch: 2033
    Eq omega: -0.006251 + -0.00040theta + -0.00247omega + -0.00012theta^2 + -0.00017theta omega + 0.00062omega^2
    Eq omega Phys: 0.000335*omega**2 - 3.0e-6*omega*theta - 4.1e-5*omega + 1.0e-6*theta - 2.0e-5
    Diffusion: theta=4.575104e-04, omega=2.674240e-05

--- Chunk 91583 (64/220) | Start: 2025-07-09 02:50:00 ---
    RMSE omega (GP): 0.017864 | RMSE omega (Sim): 0.123664
    Loss: 74.1067 | Epoch: 678
    Eq omega: 0.037201 + -0.00040theta + -0.00055omega + -0.00013theta^2 + 0.00009theta omega + -0.00029omega^2
    Eq omega Phys: -0.000194*omega**2 + 2.0e-6*omega*theta - 6.5e-5*omega + 4.0e-6*theta + 2.0e-5
    Diffusion: theta=7.999245e-01, omega=9.799300e-04

--- Chunk 91584 (65/220) | Start: 2025-07-09 02:55:00 ---
    RMSE omega (GP): 0.017669 | RMSE omega (Sim): 0.045361
    Loss: 246.0331 | Epoch: 602
    Eq omega: -0.000011 + -0.00003theta + -0.00608omega + 0.00001theta^2 + -0.00002theta omega + 0.00011omega^2
    Eq omega Phys: 0.000115*omega**2 - 0.e-6*omega*theta - 0.000184*omega - 0.e-6*theta + 9.0e-6
    Diffusion: theta=3.977752e-01, omega=4.300818e-04

--- Chunk 91585 (66/220) | Start: 2025-07-09 03:00:00 ---
    RMSE omega (GP): nan | RMSE omega (Sim): nan
    Loss: 5958.1230 | Epoch: 33
    Eq omega: nan1 + nantheta + nanomega + nantheta^2 + nantheta omega + nanomega^2
    Eq omega Phys: N/A
    Diffusion: theta=nan, omega=nan

--- Chunk 91586 (67/220) | Start: 2025-07-09 03:05:00 ---
    RMSE omega (GP): 0.022309 | RMSE omega (Sim): 0.060998
    Loss: 119.5982 | Epoch: 226
    Eq omega: -0.007891 + -0.00054theta + 0.00571omega + -0.00059theta^2 + 0.00082theta omega + 0.00105omega^2
    Eq omega Phys: 0.000648*omega**2 + 1.7e-5*omega*theta - 7.7e-5*omega + 1.2e-5*theta - 0.000107
    Diffusion: theta=nan, omega=nan

--- Chunk 91587 (68/220) | Start: 2025-07-09 03:10:00 ---
    RMSE omega (GP): 0.008459 | RMSE omega (Sim): 0.089483
    Loss: -0.7903 | Epoch: 1315
    Eq omega: -0.009861 + -0.88143theta + 0.00727omega + 0.54757theta^2 + -0.02279theta omega + -0.30870omega^2
    Eq omega Phys: -0.116324*omega**2 - 0.000286*omega*theta + 0.000363*omega + 0.000229*theta**2 - 0.001173*theta + 0.000426
    Diffusion: theta=2.454772e-04, omega=3.465961e-05

--- Chunk 91588 (69/220) | Start: 2025-07-09 03:15:00 ---
    RMSE omega (GP): nan | RMSE omega (Sim): nan
    Loss: 227.1981 | Epoch: 17
    Eq omega: nan1 + nantheta + nanomega + nantheta^2 + nantheta omega + nanomega^2
    Eq omega Phys: N/A
    Diffusion: theta=nan, omega=nan

--- Chunk 91589 (70/220) | Start: 2025-07-09 03:20:00 ---
    RMSE omega (GP): 0.026765 | RMSE omega (Sim): 0.120001
    Loss: 41.9790 | Epoch: 43
    Eq omega: 0.014391 + -0.01274theta + -0.00080omega + 0.00261theta^2 + 0.00145theta omega + -0.00595omega^2
    Eq omega Phys: -0.002051*omega**2 + 1.7e-5*omega*theta + 2.2e-5*omega + 1.0e-6*theta**2 - 8.0e-6*theta + 1.4e-5
    Diffusion: theta=2.089871e-03, omega=1.148670e-05

--- Chunk 91590 (71/220) | Start: 2025-07-09 03:25:00 ---
    RMSE omega (GP): nan | RMSE omega (Sim): nan
    Loss: 656.9820 | Epoch: 43
    Eq omega: nan1 + nantheta + nanomega + nantheta^2 + nantheta omega + nanomega^2
    Eq omega Phys: N/A
    Diffusion: theta=nan, omega=nan

--- Chunk 91591 (72/220) | Start: 2025-07-09 03:30:00 ---
    RMSE omega (GP): 0.012829 | RMSE omega (Sim): 0.072147
    Loss: 6.6020 | Epoch: 2192
    Eq omega: 0.002101 + 0.00076theta + -0.00113omega + 0.00019theta^2 + -0.00028theta omega + 0.00134omega^2
    Eq omega Phys: 0.00063*omega**2 - 4.0e-6*omega*theta + 4.6e-5*omega - 3.0e-6*theta + 2.5e-5
    Diffusion: theta=6.265666e-04, omega=2.551669e-05

--- Chunk 91592 (73/220) | Start: 2025-07-09 03:35:00 ---
    RMSE omega (GP): nan | RMSE omega (Sim): nan
    Loss: 316.4673 | Epoch: 20
    Eq omega: nan1 + nantheta + nanomega + nantheta^2 + nantheta omega + nanomega^2
    Eq omega Phys: N/A
    Diffusion: theta=nan, omega=nan

--- Chunk 91593 (74/220) | Start: 2025-07-09 03:40:00 ---
    RMSE omega (GP): nan | RMSE omega (Sim): nan
    Loss: 2360.3147 | Epoch: 16
    Eq omega: nan1 + nantheta + nanomega + nantheta^2 + nantheta omega + nanomega^2
    Eq omega Phys: N/A
    Diffusion: theta=nan, omega=nan

--- Chunk 91594 (75/220) | Start: 2025-07-09 03:45:00 ---
    RMSE omega (GP): 0.009915 | RMSE omega (Sim): 0.125582
    Loss: 5.2048 | Epoch: 1901
    Eq omega: -0.002291 + -0.00067theta + -0.00199omega + -0.00050theta^2 + 0.00010theta omega + -0.00131omega^2
    Eq omega Phys: -0.000573*omega**2 + 1.0e-6*omega*theta - 7.9e-5*omega + 4.0e-6*theta - 1.8e-5
    Diffusion: theta=8.484060e-04, omega=1.828776e-05

--- Chunk 91595 (76/220) | Start: 2025-07-09 03:50:00 ---
    RMSE omega (GP): nan | RMSE omega (Sim): nan
    Loss: 69.6560 | Epoch: 59
    Eq omega: nan1 + nantheta + nanomega + nantheta^2 + nantheta omega + nanomega^2
    Eq omega Phys: N/A
    Diffusion: theta=nan, omega=nan

--- Chunk 91596 (77/220) | Start: 2025-07-09 03:55:00 ---
    RMSE omega (GP): 0.009220 | RMSE omega (Sim): 0.089743
    Loss: 5.7529 | Epoch: 2482
    Eq omega: -0.000621 + 0.00047theta + 0.00326omega + -0.00033theta^2 + 0.00327theta omega + -0.00192omega^2
    Eq omega Phys: -0.000895*omega**2 + 5.1e-5*omega*theta + 0.000624*omega - 3.0e-6*theta - 1.4e-5
    Diffusion: theta=2.380900e-04, omega=4.016229e-05

--- Chunk 91597 (78/220) | Start: 2025-07-09 04:00:00 ---
    RMSE omega (GP): nan | RMSE omega (Sim): nan
    Loss: 31.5296 | Epoch: 64
    Eq omega: nan1 + nantheta + nanomega + nantheta^2 + nantheta omega + nanomega^2
    Eq omega Phys: N/A
    Diffusion: theta=nan, omega=nan

--- Chunk 91598 (79/220) | Start: 2025-07-09 04:05:00 ---
    RMSE omega (GP): 0.025645 | RMSE omega (Sim): 0.117856
    Loss: -2934.2517 | Epoch: 535
    Eq omega: 0.022231 + -0.00900theta + -0.00418omega + 0.00480theta^2 + 0.00287theta omega + 0.00532omega^2
    Eq omega Phys: 0.00177*omega**2 + 3.2e-5*omega*theta + 0.000159*omega + 2.0e-6*theta**2 + 2.3e-5*theta + 0.000136
    Diffusion: theta=nan, omega=nan

--- Chunk 91599 (80/220) | Start: 2025-07-09 04:10:00 ---
    RMSE omega (GP): 0.008101 | RMSE omega (Sim): 0.074562
    Loss: 11.0081 | Epoch: 669
    Eq omega: -0.004381 + -0.04762theta + -0.02347omega + 0.00706theta^2 + -0.00096theta omega + -0.00149omega^2
    Eq omega Phys: -0.001003*omega**2 - 2.2e-5*omega*theta - 0.00079*omega + 5.0e-6*theta**2 - 4.9e-5*theta - 2.5e-5
    Diffusion: theta=1.810188e-04, omega=2.477726e-05

--- Chunk 91600 (81/220) | Start: 2025-07-09 04:15:00 ---
    RMSE omega (GP): 0.011625 | RMSE omega (Sim): 0.059691
    Loss: 18.2047 | Epoch: 1240
    Eq omega: 0.001351 + 0.00023theta + -0.00751omega + -0.00013theta^2 + -0.00002theta omega + 0.00130omega^2
    Eq omega Phys: 0.000753*omega**2 - 0.000257*omega - 3.0e-6*theta - 1.8e-5
    Diffusion: theta=6.522951e-04, omega=2.315283e-05

--- Chunk 91601 (82/220) | Start: 2025-07-09 04:20:00 ---
    RMSE omega (GP): 0.008920 | RMSE omega (Sim): 0.101012
    Loss: 1.3319 | Epoch: 1436
    Eq omega: 0.004951 + -0.00262theta + 0.00139omega + 0.00274theta^2 + 0.00193theta omega + 0.00273omega^2
    Eq omega Phys: 0.000975*omega**2 + 2.3e-5*omega*theta + 0.000299*omega + 1.0e-6*theta**2 + 2.1e-5*theta + 0.000115
    Diffusion: theta=2.522468e-04, omega=4.153716e-05

--- Chunk 91602 (83/220) | Start: 2025-07-09 04:25:00 ---
    RMSE omega (GP): 0.008116 | RMSE omega (Sim): 0.103327
    Loss: 3.8008 | Epoch: 1408
    Eq omega: 0.007821 + -0.00192theta + 0.00584omega + 0.00049theta^2 + 0.00087theta omega + 0.02689omega^2
    Eq omega Phys: 0.012319*omega**2 + 1.3e-5*omega*theta + 7.8e-5*omega - 7.0e-6*theta + 5.7e-5
    Diffusion: theta=3.716163e-03, omega=4.721080e-05

--- Chunk 91603 (84/220) | Start: 2025-07-09 04:30:00 ---
    RMSE omega (GP): nan | RMSE omega (Sim): nan
    Loss: 154.5554 | Epoch: 56
    Eq omega: nan1 + nantheta + nanomega + nantheta^2 + nantheta omega + nanomega^2
    Eq omega Phys: N/A
    Diffusion: theta=nan, omega=nan

--- Chunk 91604 (85/220) | Start: 2025-07-09 04:35:00 ---
    RMSE omega (GP): nan | RMSE omega (Sim): nan
    Loss: 196.8371 | Epoch: 88
    Eq omega: nan1 + nantheta + nanomega + nantheta^2 + nantheta omega + nanomega^2
    Eq omega Phys: N/A
    Diffusion: theta=nan, omega=nan

--- Chunk 91605 (86/220) | Start: 2025-07-09 04:40:00 ---
    RMSE omega (GP): 0.009058 | RMSE omega (Sim): 0.078887
    Loss: 5.0663 | Epoch: 862
    Eq omega: 0.001311 + -0.00044theta + -0.00122omega + -0.00037theta^2 + -0.00091theta omega + -0.00174omega^2
    Eq omega Phys: -0.000771*omega**2 - 1.3e-5*omega*theta + 9.9e-5*omega + 3.0e-6*theta - 1.1e-5
    Diffusion: theta=7.035573e-04, omega=3.497321e-05

--- Chunk 91606 (87/220) | Start: 2025-07-09 04:45:00 ---
    RMSE omega (GP): 0.008585 | RMSE omega (Sim): 0.031894
    Loss: 0.0607 | Epoch: 2836
    Eq omega: 0.002031 + -0.11384theta + -0.00679omega + -0.04466theta^2 + 0.00129theta omega + 0.00685omega^2
    Eq omega Phys: 0.002354*omega**2 + 1.5e-5*omega*theta - 0.000391*omega - 1.7e-5*theta**2 + 0.000254*theta - 0.000706
    Diffusion: theta=1.856815e-04, omega=1.722608e-05

--- Chunk 91607 (88/220) | Start: 2025-07-09 04:50:00 ---
    RMSE omega (GP): 0.012717 | RMSE omega (Sim): 0.125644
    Loss: 9.5932 | Epoch: 161
    Eq omega: 0.000691 + -0.00355theta + -0.00093omega + 0.00055theta^2 + -0.00003theta omega + 0.00062omega^2
    Eq omega Phys: 0.000253*omega**2 - 3.2e-5*omega - 2.0e-6*theta - 8.0e-6
    Diffusion: theta=nan, omega=nan

--- Chunk 91608 (89/220) | Start: 2025-07-09 04:55:00 ---
    RMSE omega (GP): 0.008573 | RMSE omega (Sim): 0.049262
    Loss: 34.0951 | Epoch: 2751
    Eq omega: -0.004801 + 0.00035theta + -0.00179omega + 0.00006theta^2 + -0.00002theta omega + -0.00061omega^2
    Eq omega Phys: -0.000617*omega**2 - 0.e-6*omega*theta - 4.8e-5*omega - 2.0e-6*theta + 7.0e-6
    Diffusion: theta=2.231260e-04, omega=1.624101e-05

--- Chunk 91609 (90/220) | Start: 2025-07-09 05:00:00 ---
    RMSE omega (GP): nan | RMSE omega (Sim): nan
    Loss: 481.4083 | Epoch: 87
    Eq omega: nan1 + nantheta + nanomega + nantheta^2 + nantheta omega + nanomega^2
    Eq omega Phys: N/A
    Diffusion: theta=nan, omega=nan

--- Chunk 91610 (91/220) | Start: 2025-07-09 05:05:00 ---
    RMSE omega (GP): 0.010451 | RMSE omega (Sim): 0.089491
    Loss: 3.2389 | Epoch: 2655
    Eq omega: 0.072921 + -0.29590theta + -0.00870omega + -0.15079theta^2 + -0.00635theta omega + 0.02858omega^2
    Eq omega Phys: 0.010826*omega**2 - 8.0e-5*omega*theta + 0.000455*omega - 6.3e-5*theta**2 + 0.000851*theta - 0.002213
    Diffusion: theta=8.682648e-04, omega=1.645849e-05

--- Chunk 91611 (92/220) | Start: 2025-07-09 05:10:00 ---
    RMSE omega (GP): 0.019968 | RMSE omega (Sim): 0.048984
    Loss: 190.2113 | Epoch: 688
    Eq omega: 0.001651 + -0.00065theta + -0.00008omega + -0.00000theta^2 + 0.00008theta omega + -0.00046omega^2
    Eq omega Phys: -0.000376*omega**2 + 2.0e-6*omega*theta - 4.0e-5*omega - 0.e-6*theta + 1.5e-5
    Diffusion: theta=5.570794e-01, omega=5.750694e-04

--- Chunk 91612 (93/220) | Start: 2025-07-09 05:15:00 ---
    RMSE omega (GP): 0.007466 | RMSE omega (Sim): 0.097666
    Loss: 2.4560 | Epoch: 1756
    Eq omega: -0.002581 + -0.00249theta + -0.00242omega + 0.00131theta^2 + -0.00294theta omega + -0.00023omega^2
    Eq omega Phys: -0.000106*omega**2 - 4.5e-5*omega*theta + 0.000245*omega + 1.0e-6*theta**2 - 1.2e-5*theta + 4.8e-5
    Diffusion: theta=2.126885e-04, omega=3.864749e-05

--- Chunk 91613 (94/220) | Start: 2025-07-09 05:20:00 ---
    RMSE omega (GP): 0.007500 | RMSE omega (Sim): 0.036916
    Loss: 16.1942 | Epoch: 2538
    Eq omega: -0.000431 + -0.05547theta + -0.00140omega + 0.00010theta^2 + -0.00006theta omega + 0.00006omega^2
    Eq omega Phys: 4.9e-5*omega**2 - 2.0e-6*omega*theta - 2.5e-5*omega - 6.4e-5*theta + 0.000825
    Diffusion: theta=4.220093e-04, omega=1.153432e-05

--- Chunk 91614 (95/220) | Start: 2025-07-09 05:25:00 ---
    RMSE omega (GP): 0.007962 | RMSE omega (Sim): 0.065385
    Loss: 8.2155 | Epoch: 1386
    Eq omega: 0.004881 + 0.00008theta + 0.00005omega + -0.00074theta^2 + -0.00015theta omega + -0.00383omega^2
    Eq omega Phys: -0.00236*omega**2 - 3.0e-6*omega*theta + 2.1e-5*omega - 0.e-6*theta**2 + 7.0e-6*theta - 1.2e-5
    Diffusion: theta=7.227380e-04, omega=1.796310e-05

--- Chunk 91615 (96/220) | Start: 2025-07-09 05:30:00 ---
    RMSE omega (GP): 0.006946 | RMSE omega (Sim): 0.061419
    Loss: 4.7503 | Epoch: 2608
    Eq omega: -0.003051 + -0.00006theta + -0.00107omega + 0.00012theta^2 + 0.00006theta omega + -0.00148omega^2
    Eq omega Phys: -0.000865*omega**2 + 1.0e-6*omega*theta - 5.2e-5*omega - 2.0e-6*theta + 9.0e-6
    Diffusion: theta=2.517501e-04, omega=1.590732e-05

--- Chunk 91616 (97/220) | Start: 2025-07-09 05:35:00 ---
    RMSE omega (GP): nan | RMSE omega (Sim): nan
    Loss: 222.0417 | Epoch: 49
    Eq omega: nan1 + nantheta + nanomega + nantheta^2 + nantheta omega + nanomega^2
    Eq omega Phys: N/A
    Diffusion: theta=nan, omega=nan

--- Chunk 91617 (98/220) | Start: 2025-07-09 05:40:00 ---
    RMSE omega (GP): nan | RMSE omega (Sim): nan
    Loss: 974.1317 | Epoch: 16
    Eq omega: nan1 + nantheta + nanomega + nantheta^2 + nantheta omega + nanomega^2
    Eq omega Phys: N/A
    Diffusion: theta=nan, omega=nan

--- Chunk 91618 (99/220) | Start: 2025-07-09 05:45:00 ---
    RMSE omega (GP): 0.009712 | RMSE omega (Sim): 0.079611
    Loss: 1.0938 | Epoch: 1695
    Eq omega: 0.003871 + -0.07349theta + 0.00102omega + -0.00022theta^2 + 0.00014theta omega + -0.00132omega^2
    Eq omega Phys: -0.000432*omega**2 + 2.0e-6*omega*theta + 6.0e-5*omega - 8.4e-5*theta - 0.001377
    Diffusion: theta=1.342902e-03, omega=3.533133e-05

--- Chunk 91619 (100/220) | Start: 2025-07-09 05:50:00 ---
    RMSE omega (GP): nan | RMSE omega (Sim): nan
    Loss: 2983.6741 | Epoch: 41
    Eq omega: nan1 + nantheta + nanomega + nantheta^2 + nantheta omega + nanomega^2
    Eq omega Phys: N/A
    Diffusion: theta=nan, omega=nan

  [Progress 100/220] Mean RMSE omega (GP): 0.013321 | (Sim): 0.085747 | Mean loss: 1833.0128 | Valid GP: 64/100 | Valid Sim: 62/100 | Elapsed: 28.6min | ETA: 34.4min

--- Chunk 91620 (101/220) | Start: 2025-07-09 05:55:00 ---
    RMSE omega (GP): nan | RMSE omega (Sim): nan
    Loss: 306.0551 | Epoch: 101
    Eq omega: nan1 + nantheta + nanomega + nantheta^2 + nantheta omega + nanomega^2
    Eq omega Phys: N/A
    Diffusion: theta=nan, omega=nan

--- Chunk 91621 (102/220) | Start: 2025-07-09 06:00:00 ---
    RMSE omega (GP): 0.010111 | RMSE omega (Sim): 0.033588
    Loss: 66.9264 | Epoch: 2408
    Eq omega: 0.000711 + -0.00007theta + 0.00133omega + 0.00000theta^2 + -0.00002theta omega + 0.00020omega^2
    Eq omega Phys: 0.000246*omega**2 - 0.e-6*omega*theta + 6.6e-5*omega + 3.0e-6
    Diffusion: theta=5.601408e-04, omega=5.860537e-06

--- Chunk 91622 (103/220) | Start: 2025-07-09 06:05:00 ---
    RMSE omega (GP): 0.037940 | RMSE omega (Sim): 0.070065
    Loss: 631.4297 | Epoch: 61
    Eq omega: -0.003311 + 0.00014theta + -0.00199omega + 0.00005theta^2 + -0.00008theta omega + -0.00026omega^2
    Eq omega Phys: -0.000187*omega**2 - 2.0e-6*omega*theta - 2.4e-5*omega - 2.0e-6*theta + 1.1e-5
    Diffusion: theta=nan, omega=nan

--- Chunk 91623 (104/220) | Start: 2025-07-09 06:10:00 ---
    RMSE omega (GP): nan | RMSE omega (Sim): nan
    Loss: 746.0853 | Epoch: 70
    Eq omega: nan1 + nantheta + nanomega + nantheta^2 + nantheta omega + nanomega^2
    Eq omega Phys: N/A
    Diffusion: theta=nan, omega=nan

--- Chunk 91624 (105/220) | Start: 2025-07-09 06:15:00 ---
    RMSE omega (GP): 0.020240 | RMSE omega (Sim): 0.023535
    Loss: 357.9948 | Epoch: 246
    Eq omega: -0.002231 + 0.00009theta + 0.00507omega + 0.00071theta^2 + 0.00004theta omega + 0.00004omega^2
    Eq omega Phys: 4.5e-5*omega**2 + 1.0e-6*omega*theta + 0.000125*omega + 1.0e-6*theta**2 - 5.2e-5*theta + 0.00077
    Diffusion: theta=nan, omega=nan

--- Chunk 91625 (106/220) | Start: 2025-07-09 06:20:00 ---
    RMSE omega (GP): 0.007729 | RMSE omega (Sim): 0.089260
    Loss: 7.3740 | Epoch: 1870
    Eq omega: -0.003141 + -0.00020theta + -0.00150omega + -0.00005theta^2 + 0.00001theta omega + 0.00051omega^2
    Eq omega Phys: 0.00031*omega**2 - 5.5e-5*omega + 1.0e-6*theta - 2.0e-5
    Diffusion: theta=3.772527e-04, omega=1.550489e-05

--- Chunk 91626 (107/220) | Start: 2025-07-09 06:25:00 ---
    RMSE omega (GP): 0.009918 | RMSE omega (Sim): 0.064870
    Loss: 16.8650 | Epoch: 2628
    Eq omega: 0.001031 + -0.00251theta + -0.00363omega + 0.00017theta^2 + 0.00010theta omega + -0.00014omega^2
    Eq omega Phys: -9.5e-5*omega**2 + 2.0e-6*omega*theta - 0.000149*omega - 6.0e-6*theta + 5.4e-5
    Diffusion: theta=1.763859e-04, omega=1.625330e-05

--- Chunk 91627 (108/220) | Start: 2025-07-09 06:30:00 ---
    RMSE omega (GP): 0.007476 | RMSE omega (Sim): 0.115066
    Loss: 1.2936 | Epoch: 1871
    Eq omega: 0.001401 + -0.00094theta + -0.00125omega + -0.00008theta^2 + 0.00156theta omega + 0.00066omega^2
    Eq omega Phys: 0.000273*omega**2 + 2.2e-5*omega*theta - 0.000122*omega - 0.e-6*theta + 7.0e-6
    Diffusion: theta=1.027547e-03, omega=3.344788e-05

--- Chunk 91628 (109/220) | Start: 2025-07-09 06:35:00 ---
    RMSE omega (GP): 0.026079 | RMSE omega (Sim): 0.140155
    Loss: 92.8002 | Epoch: 64
    Eq omega: 0.019231 + -0.00555theta + -0.00135omega + 0.00071theta^2 + -0.00174theta omega + 0.00018omega^2
    Eq omega Phys: 9.6e-5*omega**2 - 3.1e-5*omega*theta + 0.000139*omega - 1.1e-5*theta + 9.1e-5
    Diffusion: theta=2.450387e-03, omega=8.751800e-06

--- Chunk 91629 (110/220) | Start: 2025-07-09 06:40:00 ---
    RMSE omega (GP): 0.007681 | RMSE omega (Sim): 0.072606
    Loss: 10.1200 | Epoch: 1438
    Eq omega: 0.002221 + 0.00011theta + -0.04746omega + 0.00006theta^2 + -0.00186theta omega + 0.00034omega^2
    Eq omega Phys: 0.00023*omega**2 - 4.2e-5*omega*theta - 0.00125*omega - 0.e-6*theta + 6.0e-6
    Diffusion: theta=9.790909e-04, omega=1.927539e-05

--- Chunk 91630 (111/220) | Start: 2025-07-09 06:45:00 ---
    RMSE omega (GP): 0.007747 | RMSE omega (Sim): 0.114637
    Loss: 16.2772 | Epoch: 1450
    Eq omega: -0.003681 + -0.00029theta + 0.00039omega + 0.00016theta^2 + -0.00011theta omega + -0.00007omega^2
    Eq omega Phys: -5.8e-5*omega**2 - 3.0e-6*omega*theta - 1.1e-5*omega + 2.0e-6*theta + 2.0e-6
    Diffusion: theta=2.266220e-04, omega=1.066823e-05

--- Chunk 91631 (112/220) | Start: 2025-07-09 06:50:00 ---
    RMSE omega (GP): 0.009065 | RMSE omega (Sim): 0.131354
    Loss: 6.4553 | Epoch: 1790
    Eq omega: 0.001241 + 0.00154theta + 0.00160omega + 0.00110theta^2 + -0.00158theta omega + -0.00240omega^2
    Eq omega Phys: -0.001208*omega**2 - 2.7e-5*omega*theta - 6.1e-5*omega + 1.0e-6*theta**2 + 7.0e-6*theta + 2.2e-5
    Diffusion: theta=4.961550e-04, omega=2.882035e-05

--- Chunk 91632 (113/220) | Start: 2025-07-09 06:55:00 ---
    RMSE omega (GP): 0.008682 | RMSE omega (Sim): 0.062874
    Loss: 7.4654 | Epoch: 2078
    Eq omega: 0.002961 + -0.00150theta + -0.00020omega + -0.00009theta^2 + -0.00218theta omega + -0.00054omega^2
    Eq omega Phys: -0.000296*omega**2 - 4.0e-5*omega*theta + 0.000585*omega + 1.9e-5
    Diffusion: theta=9.851264e-05, omega=2.645145e-05

--- Chunk 91633 (114/220) | Start: 2025-07-09 07:00:00 ---
    RMSE omega (GP): 0.015806 | RMSE omega (Sim): 0.095966
    Loss: 34.8007 | Epoch: 910
    Eq omega: 0.002591 + -0.00948theta + -0.00069omega + 0.00006theta^2 + -0.00013theta omega + -0.00017omega^2
    Eq omega Phys: -0.000102*omega**2 - 3.0e-6*omega*theta + 1.4e-5*omega - 1.2e-5*theta + 0.000164
    Diffusion: theta=1.608631e-03, omega=1.137899e-05

--- Chunk 91634 (115/220) | Start: 2025-07-09 07:05:00 ---
    RMSE omega (GP): 0.007517 | RMSE omega (Sim): 0.187327
    Loss: -0.5561 | Epoch: 1067
    Eq omega: 0.016731 + 0.00513theta + -0.00105omega + 0.00015theta^2 + 0.00115theta omega + -0.00158omega^2
    Eq omega Phys: -0.000555*omega**2 + 1.3e-5*omega*theta - 0.00015*omega + 5.0e-6*theta + 9.0e-6
    Diffusion: theta=6.548247e-04, omega=3.131191e-05

--- Chunk 91635 (116/220) | Start: 2025-07-09 07:10:00 ---
    RMSE omega (GP): 0.029832 | RMSE omega (Sim): 0.078578
    Loss: 59.9021 | Epoch: 57
    Eq omega: 0.033661 + -0.05140theta + 0.02869omega + -0.00022theta^2 + 0.00075theta omega + 0.00447omega^2
    Eq omega Phys: 0.001696*omega**2 + 9.0e-6*omega*theta + 0.001027*omega - 5.8e-5*theta - 0.000333
    Diffusion: theta=1.741273e-03, omega=6.652887e-06

--- Chunk 91636 (117/220) | Start: 2025-07-09 07:15:00 ---
    RMSE omega (GP): 0.037275 | RMSE omega (Sim): 0.160353
    Loss: 68.6387 | Epoch: 57
    Eq omega: -0.008801 + -0.00257theta + 0.00211omega + -0.00127theta^2 + -0.00087theta omega + -0.00378omega^2
    Eq omega Phys: -0.001134*omega**2 - 9.0e-6*omega*theta + 0.000209*omega + 1.1e-5*theta - 9.5e-5
    Diffusion: theta=nan, omega=nan

--- Chunk 91637 (118/220) | Start: 2025-07-09 07:20:00 ---
    RMSE omega (GP): nan | RMSE omega (Sim): nan
    Loss: 1024.1736 | Epoch: 28
    Eq omega: nan1 + nantheta + nanomega + nantheta^2 + nantheta omega + nanomega^2
    Eq omega Phys: N/A
    Diffusion: theta=nan, omega=nan

--- Chunk 91638 (119/220) | Start: 2025-07-09 07:25:00 ---
    RMSE omega (GP): 0.008136 | RMSE omega (Sim): 0.049223
    Loss: 14.9093 | Epoch: 1347
    Eq omega: -0.002301 + -0.00310theta + -0.00546omega + -0.00814theta^2 + 0.00016theta omega + 0.00196omega^2
    Eq omega Phys: 0.001466*omega**2 + 4.0e-6*omega*theta - 0.000234*omega - 7.0e-6*theta**2 + 0.000174*theta - 0.001124
    Diffusion: theta=2.969603e-04, omega=2.087687e-05

--- Chunk 91639 (120/220) | Start: 2025-07-09 07:30:00 ---
    RMSE omega (GP): 0.009488 | RMSE omega (Sim): 0.065729
    Loss: 7.5450 | Epoch: 920
    Eq omega: -0.028031 + -1.61701theta + 0.00017omega + 0.00925theta^2 + 0.01268theta omega + -0.00206omega^2
    Eq omega Phys: -0.001037*omega**2 + 0.000213*omega*theta + 7.0e-5*omega + 5.0e-6*theta**2 - 0.001794*theta - 0.000603
    Diffusion: theta=1.118163e-03, omega=2.594908e-05

--- Chunk 91640 (121/220) | Start: 2025-07-09 07:35:00 ---
    RMSE omega (GP): nan | RMSE omega (Sim): nan
    Loss: 70.1608 | Epoch: 54
    Eq omega: nan1 + nantheta + nanomega + nantheta^2 + nantheta omega + nanomega^2
    Eq omega Phys: N/A
    Diffusion: theta=nan, omega=nan

--- Chunk 91641 (122/220) | Start: 2025-07-09 07:40:00 ---
    RMSE omega (GP): 0.057667 | RMSE omega (Sim): 0.153876
    Loss: 463.3103 | Epoch: 50
    Eq omega: -0.000961 + -0.00156theta + -0.00355omega + 0.00010theta^2 + -0.00010theta omega + 0.00059omega^2
    Eq omega Phys: 0.000294*omega**2 - 2.0e-6*omega*theta - 9.7e-5*omega - 3.0e-6*theta + 2.9e-5
    Diffusion: theta=3.048170e-03, omega=4.256037e-06

--- Chunk 91642 (123/220) | Start: 2025-07-09 07:45:00 ---
    RMSE omega (GP): 0.053308 | RMSE omega (Sim): 0.093786
    Loss: 163.4933 | Epoch: 77
    Eq omega: -0.031641 + -0.00180theta + 0.00300omega + 0.00027theta^2 + -0.00008theta omega + -0.00005omega^2
    Eq omega Phys: -1.9e-5*omega**2 - 1.0e-6*omega*theta + 0.000122*omega - 7.0e-6*theta + 4.0e-6
    Diffusion: theta=nan, omega=nan

--- Chunk 91643 (124/220) | Start: 2025-07-09 07:50:00 ---
    RMSE omega (GP): 0.008237 | RMSE omega (Sim): 0.072943
    Loss: 3.8348 | Epoch: 1683
    Eq omega: -0.000231 + -0.15817theta + -0.00038omega + 0.01281theta^2 + -0.00200theta omega + 0.00107omega^2
    Eq omega Phys: 0.000501*omega**2 - 3.1e-5*omega*theta + 2.5e-5*omega + 7.0e-6*theta**2 - 0.000192*theta + 0.00022
    Diffusion: theta=2.906000e-04, omega=4.917570e-05

--- Chunk 91644 (125/220) | Start: 2025-07-09 07:55:00 ---
    RMSE omega (GP): nan | RMSE omega (Sim): nan
    Loss: 71.1028 | Epoch: 57
    Eq omega: nan1 + nantheta + nanomega + nantheta^2 + nantheta omega + nanomega^2
    Eq omega Phys: N/A
    Diffusion: theta=nan, omega=nan

--- Chunk 91645 (126/220) | Start: 2025-07-09 08:00:00 ---
    RMSE omega (GP): 0.009011 | RMSE omega (Sim): 0.044151
    Loss: 30.1940 | Epoch: 3278
    Eq omega: -0.001441 + -0.00028theta + 0.00262omega + 0.00000theta^2 + 0.00001theta omega + -0.00007omega^2
    Eq omega Phys: -6.6e-5*omega**2 + 8.1e-5*omega + 5.0e-6
    Diffusion: theta=4.832721e-04, omega=1.479583e-05

--- Chunk 91646 (127/220) | Start: 2025-07-09 08:05:00 ---
    RMSE omega (GP): 0.008917 | RMSE omega (Sim): 0.182761
    Loss: 5.2350 | Epoch: 1811
    Eq omega: 0.000121 + -0.00076theta + -0.00152omega + 0.00062theta^2 + 0.00050theta omega + 0.00102omega^2
    Eq omega Phys: 0.000479*omega**2 + 8.0e-6*omega*theta - 2.3e-5*omega + 1.0e-6*theta + 1.0e-6
    Diffusion: theta=3.504819e-04, omega=3.626148e-05

--- Chunk 91647 (128/220) | Start: 2025-07-09 08:10:00 ---
    RMSE omega (GP): nan | RMSE omega (Sim): nan
    Loss: 237.9637 | Epoch: 17
    Eq omega: nan1 + nantheta + nanomega + nantheta^2 + nantheta omega + nanomega^2
    Eq omega Phys: N/A
    Diffusion: theta=nan, omega=nan

--- Chunk 91648 (129/220) | Start: 2025-07-09 08:15:00 ---
    RMSE omega (GP): nan | RMSE omega (Sim): nan
    Loss: 535.8423 | Epoch: 40
    Eq omega: nan1 + nantheta + nanomega + nantheta^2 + nantheta omega + nanomega^2
    Eq omega Phys: N/A
    Diffusion: theta=nan, omega=nan

--- Chunk 91649 (130/220) | Start: 2025-07-09 08:20:00 ---
    RMSE omega (GP): 0.009494 | RMSE omega (Sim): 0.062779
    Loss: 20.5101 | Epoch: 1873
    Eq omega: -0.006371 + 0.00025theta + -0.00157omega + 0.00001theta^2 + 0.00009theta omega + 0.00024omega^2
    Eq omega Phys: 0.000179*omega**2 + 2.0e-6*omega*theta - 1.6e-5*omega + 1.0e-6*theta - 3.0e-6
    Diffusion: theta=2.241583e-04, omega=1.507689e-05

--- Chunk 91650 (131/220) | Start: 2025-07-09 08:25:00 ---
    RMSE omega (GP): 0.033039 | RMSE omega (Sim): 0.078906
    Loss: 94.0707 | Epoch: 51
    Eq omega: 0.004571 + -0.06086theta + 0.00651omega + 0.00443theta^2 + -0.00485theta omega + -0.00102omega^2
    Eq omega Phys: -0.000412*omega**2 - 6.5e-5*omega*theta - 2.0e-5*omega + 2.0e-6*theta**2 - 5.3e-5*theta - 0.000207
    Diffusion: theta=2.144982e-03, omega=1.490077e-05

--- Chunk 91651 (132/220) | Start: 2025-07-09 08:30:00 ---
    RMSE omega (GP): 0.035506 | RMSE omega (Sim): 0.039377
    Loss: 176.1520 | Epoch: 104
    Eq omega: -0.220151 + -0.05472theta + -0.00153omega + -0.00115theta^2 + 0.00091theta omega + 0.00119omega^2
    Eq omega Phys: 0.000615*omega**2 + 1.6e-5*omega*theta + 0.000121*omega - 0.e-6*theta**2 - 7.5e-5*theta - 0.001222
    Diffusion: theta=9.076679e-04, omega=9.811687e-07

--- Chunk 91652 (133/220) | Start: 2025-07-09 08:35:00 ---
    RMSE omega (GP): 0.007884 | RMSE omega (Sim): 0.064377
    Loss: 17.7009 | Epoch: 2141
    Eq omega: 0.000241 + 0.00025theta + 0.00185omega + -0.00003theta^2 + 0.00012theta omega + 0.00048omega^2
    Eq omega Phys: 0.000396*omega**2 + 3.0e-6*omega*theta + 0.000117*omega - 0.e-6*theta - 3.0e-6
    Diffusion: theta=2.422610e-04, omega=1.670622e-05

--- Chunk 91653 (134/220) | Start: 2025-07-09 08:40:00 ---
    RMSE omega (GP): 0.010859 | RMSE omega (Sim): 0.042144
    Loss: 47.2320 | Epoch: 2787
    Eq omega: 0.001651 + 0.00043theta + 0.00516omega + 0.00000theta^2 + 0.00005theta omega + -0.00023omega^2
    Eq omega Phys: -0.000223*omega**2 + 2.0e-6*omega*theta + 0.000208*omega + 1.3e-5
    Diffusion: theta=1.090994e-03, omega=1.625466e-05

--- Chunk 91654 (135/220) | Start: 2025-07-09 08:45:00 ---
    RMSE omega (GP): 0.024787 | RMSE omega (Sim): 0.240587
    Loss: 15.9885 | Epoch: 702
    Eq omega: 0.041981 + 0.00071theta + 0.00154omega + 0.00074theta^2 + -0.00133theta omega + 0.00332omega^2
    Eq omega Phys: 0.000826*omega**2 - 1.1e-5*omega*theta + 2.0e-6*omega + 3.0e-6*theta + 0.000195
    Diffusion: theta=9.655586e-02, omega=1.085844e-04

--- Chunk 91655 (136/220) | Start: 2025-07-09 08:50:00 ---
    RMSE omega (GP): 0.009857 | RMSE omega (Sim): 0.154090
    Loss: -0.3545 | Epoch: 2783
    Eq omega: -0.023121 + -0.00095theta + 0.00022omega + -0.00110theta^2 + -0.00333theta omega + -0.00350omega^2
    Eq omega Phys: -0.000965*omega**2 - 3.1e-5*omega*theta + 0.000608*omega + 1.2e-5*theta - 0.000202
    Diffusion: theta=3.128046e-03, omega=2.679550e-05

--- Chunk 91656 (137/220) | Start: 2025-07-09 08:55:00 ---
    RMSE omega (GP): 0.034574 | RMSE omega (Sim): 0.139163
    Loss: -7382.2505 | Epoch: 379
    Eq omega: -0.011901 + -0.02694theta + -0.01167omega + 0.00025theta^2 + -0.00988theta omega + -0.00655omega^2
    Eq omega Phys: -0.00362*omega**2 - 0.000182*omega*theta + 0.000618*omega - 3.2e-5*theta + 0.000146
    Diffusion: theta=6.511954e-03, omega=7.418758e-06

--- Chunk 91657 (138/220) | Start: 2025-07-09 09:00:00 ---
    RMSE omega (GP): 0.023253 | RMSE omega (Sim): 0.137729
    Loss: 19.9963 | Epoch: 55
    Eq omega: 0.000251 + -0.00483theta + 0.00240omega + -0.00001theta^2 + 0.00014theta omega + 0.00108omega^2
    Eq omega Phys: 0.000318*omega**2 + 1.0e-6*omega*theta + 8.0e-5*omega - 5.0e-6*theta + 1.0e-6
    Diffusion: theta=2.913435e-03, omega=6.600481e-06

--- Chunk 91658 (139/220) | Start: 2025-07-09 09:05:00 ---
    RMSE omega (GP): 0.009663 | RMSE omega (Sim): 0.085780
    Loss: 4.5677 | Epoch: 1450
    Eq omega: -0.010211 + 0.00153theta + -0.00117omega + -0.00048theta^2 + -0.00214theta omega + -0.00522omega^2
    Eq omega Phys: -0.002324*omega**2 - 3.2e-5*omega*theta + 0.000367*omega + 8.0e-6*theta - 8.6e-5
    Diffusion: theta=1.112927e-03, omega=3.295274e-05

--- Chunk 91659 (140/220) | Start: 2025-07-09 09:10:00 ---
    RMSE omega (GP): 0.007481 | RMSE omega (Sim): 0.067757
    Loss: 3.5776 | Epoch: 1241
    Eq omega: 0.003411 + -0.00737theta + 0.00251omega + -0.00178theta^2 + -0.00098theta omega + 0.00299omega^2
    Eq omega Phys: 0.001517*omega**2 - 1.7e-5*omega*theta + 7.4e-5*omega - 1.0e-6*theta**2 - 9.0e-6*theta + 2.0e-6
    Diffusion: theta=1.027837e-03, omega=3.312558e-05

--- Chunk 91660 (141/220) | Start: 2025-07-09 09:15:00 ---
    RMSE omega (GP): 0.027844 | RMSE omega (Sim): 0.045836
    Loss: 477.1197 | Epoch: 63
    Eq omega: -0.005701 + -0.00049theta + -0.00469omega + 0.00001theta^2 + -0.00013theta omega + -0.00006omega^2
    Eq omega Phys: -5.2e-5*omega**2 - 4.0e-6*omega*theta - 7.6e-5*omega - 0.e-6*theta + 9.0e-6
    Diffusion: theta=3.262090e-03, omega=3.038508e-06

--- Chunk 91661 (142/220) | Start: 2025-07-09 09:20:00 ---
    RMSE omega (GP): 0.009328 | RMSE omega (Sim): 0.137755
    Loss: 1.0572 | Epoch: 1383
    Eq omega: -0.005971 + 0.00330theta + 0.00095omega + -0.00013theta^2 + 0.00054theta omega + 0.00211omega^2
    Eq omega Phys: 0.000731*omega**2 + 6.0e-6*omega*theta - 2.1e-5*omega + 5.0e-6*theta - 5.3e-5
    Diffusion: theta=2.497510e-04, omega=3.423256e-05

--- Chunk 91662 (143/220) | Start: 2025-07-09 09:25:00 ---
    RMSE omega (GP): 0.010178 | RMSE omega (Sim): 0.068599
    Loss: 11.0661 | Epoch: 2552
    Eq omega: 0.003551 + -0.03565theta + -0.00461omega + 0.00025theta^2 + -0.00027theta omega + 0.00031omega^2
    Eq omega Phys: 0.000168*omega**2 - 5.0e-6*omega*theta - 0.00025*omega - 3.4e-5*theta - 0.00072
    Diffusion: theta=5.678757e-04, omega=2.159069e-05

--- Chunk 91663 (144/220) | Start: 2025-07-09 09:30:00 ---
    RMSE omega (GP): 0.010732 | RMSE omega (Sim): 0.094790
    Loss: 10.8261 | Epoch: 1199
    Eq omega: -0.000731 + -0.54385theta + 0.00358omega + -0.05003theta^2 + -0.01131theta omega + 0.00758omega^2
    Eq omega Phys: 0.003907*omega**2 - 0.000194*omega*theta + 0.000307*omega - 2.9e-5*theta**2 - 0.000549*theta + 0.000554
    Diffusion: theta=8.049947e-04, omega=2.932883e-05

--- Chunk 91664 (145/220) | Start: 2025-07-09 09:35:00 ---
    RMSE omega (GP): nan | RMSE omega (Sim): nan
    Loss: 147.9222 | Epoch: 138
    Eq omega: nan1 + nantheta + nanomega + nantheta^2 + nantheta omega + nanomega^2
    Eq omega Phys: N/A
    Diffusion: theta=nan, omega=nan

--- Chunk 91665 (146/220) | Start: 2025-07-09 09:40:00 ---
    RMSE omega (GP): nan | RMSE omega (Sim): nan
    Loss: 186.4377 | Epoch: 17
    Eq omega: nan1 + nantheta + nanomega + nantheta^2 + nantheta omega + nanomega^2
    Eq omega Phys: N/A
    Diffusion: theta=nan, omega=nan

--- Chunk 91666 (147/220) | Start: 2025-07-09 09:45:00 ---
    RMSE omega (GP): 0.011125 | RMSE omega (Sim): 0.097107
    Loss: -604.1789 | Epoch: 707
    Eq omega: 0.004411 + -1.40747theta + 0.02048omega + 0.04357theta^2 + -0.01168theta omega + 0.00099omega^2
    Eq omega Phys: 0.000512*omega**2 - 0.000201*omega*theta + 0.000926*omega + 2.5e-5*theta**2 - 0.001624*theta + 0.001932
    Diffusion: theta=1.454357e-03, omega=2.284247e-05

--- Chunk 91667 (148/220) | Start: 2025-07-09 09:50:00 ---
    RMSE omega (GP): 0.007509 | RMSE omega (Sim): 0.097601
    Loss: 6.8068 | Epoch: 717
    Eq omega: 0.000051 + 0.00185theta + -0.00227omega + -0.00308theta^2 + 0.00012theta omega + -0.00185omega^2
    Eq omega Phys: -0.001116*omega**2 + 2.0e-6*omega*theta - 7.3e-5*omega - 2.0e-6*theta**2 - 2.0e-6*theta
    Diffusion: theta=1.614895e-03, omega=2.377459e-05

--- Chunk 91668 (149/220) | Start: 2025-07-09 09:55:00 ---
    RMSE omega (GP): nan | RMSE omega (Sim): nan
    Loss: 83.2894 | Epoch: 20
    Eq omega: nan1 + nantheta + nanomega + nantheta^2 + nantheta omega + nanomega^2
    Eq omega Phys: N/A
    Diffusion: theta=nan, omega=nan

--- Chunk 91669 (150/220) | Start: 2025-07-09 10:00:00 ---
    RMSE omega (GP): 0.008768 | RMSE omega (Sim): 0.054856
    Loss: 12.5655 | Epoch: 3803
    Eq omega: -0.004441 + 0.00167theta + 0.00568omega + 0.00002theta^2 + -0.00003theta omega + -0.00012omega^2
    Eq omega Phys: -7.6e-5*omega**2 - 0.e-6*omega*theta + 0.000204*omega + 1.0e-6*theta - 4.3e-5
    Diffusion: theta=1.056519e-03, omega=1.485832e-05

  [Progress 150/220] Mean RMSE omega (GP): 0.014830 | (Sim): 0.089492 | Mean loss: 1211.3938 | Valid GP: 104/150 | Valid Sim: 102/150 | Elapsed: 45.7min | ETA: 21.3min

--- Chunk 91670 (151/220) | Start: 2025-07-09 10:05:00 ---
    RMSE omega (GP): 0.007837 | RMSE omega (Sim): 0.069761
    Loss: 6.1147 | Epoch: 720
    Eq omega: -0.000641 + -0.00274theta + 0.01012omega + -0.00089theta^2 + 0.00215theta omega + -0.00152omega^2
    Eq omega Phys: -0.000848*omega**2 + 4.0e-5*omega*theta + 9.4e-5*omega - 0.e-6*theta**2 + 4.0e-6*theta - 3.0e-6
    Diffusion: theta=5.560220e-04, omega=3.298799e-05

--- Chunk 91671 (152/220) | Start: 2025-07-09 10:10:00 ---
    RMSE omega (GP): 0.009927 | RMSE omega (Sim): 0.106361
    Loss: 4.8994 | Epoch: 1382
    Eq omega: -0.000701 + -0.00004theta + 0.00164omega + -0.00025theta^2 + 0.00042theta omega + -0.00047omega^2
    Eq omega Phys: -0.000203*omega**2 + 6.0e-6*omega*theta + 4.0e-5*omega + 1.0e-6*theta - 2.0e-6
    Diffusion: theta=2.035848e-04, omega=3.504468e-05

--- Chunk 91672 (153/220) | Start: 2025-07-09 10:15:00 ---
    RMSE omega (GP): 0.047438 | RMSE omega (Sim): 0.039930
    Loss: 1651.7975 | Epoch: 40
    Eq omega: -0.001391 + 0.00015theta + 0.00109omega + 0.00027theta^2 + 0.00021theta omega + 0.00134omega^2
    Eq omega Phys: 0.001146*omega**2 + 6.0e-6*omega*theta + 0.000156*omega + 1.0e-5*theta + 0.000104
    Diffusion: theta=nan, omega=nan

--- Chunk 91673 (154/220) | Start: 2025-07-09 10:20:00 ---
    RMSE omega (GP): 0.011738 | RMSE omega (Sim): 0.045738
    Loss: 57.4851 | Epoch: 1369
    Eq omega: -0.003401 + 0.00052theta + 0.00606omega + -0.00001theta^2 + 0.00000theta omega + 0.00007omega^2
    Eq omega Phys: 7.5e-5*omega**2 + 0.000202*omega + 3.0e-6
    Diffusion: theta=5.438495e-04, omega=1.390515e-05

--- Chunk 91674 (155/220) | Start: 2025-07-09 10:25:00 ---
    RMSE omega (GP): 0.009519 | RMSE omega (Sim): 0.043918
    Loss: 27.7080 | Epoch: 3064
    Eq omega: 0.003121 + 0.00003theta + 0.00009omega + -0.00001theta^2 + -0.00010theta omega + 0.00072omega^2
    Eq omega Phys: 0.000618*omega**2 - 3.0e-6*omega*theta - 4.4e-5*omega + 2.0e-6
    Diffusion: theta=2.245056e-04, omega=1.430961e-05

--- Chunk 91675 (156/220) | Start: 2025-07-09 10:30:00 ---
    RMSE omega (GP): 0.009783 | RMSE omega (Sim): 0.066385
    Loss: 12.3851 | Epoch: 1512
    Eq omega: -0.005061 + -0.00088theta + 0.00148omega + 0.00004theta^2 + 0.00021theta omega + -0.00018omega^2
    Eq omega Phys: -0.000105*omega**2 + 4.0e-6*omega*theta + 0.000103*omega - 1.8e-5
    Diffusion: theta=5.337562e-04, omega=2.945426e-05

--- Chunk 91676 (157/220) | Start: 2025-07-09 10:35:00 ---
    RMSE omega (GP): nan | RMSE omega (Sim): nan
    Loss: 291.8409 | Epoch: 41
    Eq omega: nan1 + nantheta + nanomega + nantheta^2 + nantheta omega + nanomega^2
    Eq omega Phys: N/A
    Diffusion: theta=nan, omega=nan

--- Chunk 91677 (158/220) | Start: 2025-07-09 10:40:00 ---
    RMSE omega (GP): 0.009614 | RMSE omega (Sim): 0.144606
    Loss: 1.3708 | Epoch: 2494
    Eq omega: 0.000351 + -0.00090theta + 0.00129omega + 0.00112theta^2 + -0.00229theta omega + -0.00102omega^2
    Eq omega Phys: -0.000351*omega**2 - 2.6e-5*omega*theta + 4.6e-5*omega - 1.0e-6*theta + 1.0e-6
    Diffusion: theta=2.197984e-04, omega=3.940356e-05

--- Chunk 91678 (159/220) | Start: 2025-07-09 10:45:00 ---
    RMSE omega (GP): 0.008222 | RMSE omega (Sim): 0.028226
    Loss: 44.5375 | Epoch: 2666
    Eq omega: -0.000591 + 0.00003theta + -0.00113omega + 0.00003theta^2 + -0.00002theta omega + -0.00028omega^2
    Eq omega Phys: -0.000337*omega**2 - 0.e-6*omega*theta - 2.2e-5*omega - 2.0e-6*theta + 1.5e-5
    Diffusion: theta=2.676751e-04, omega=1.024629e-05

--- Chunk 91679 (160/220) | Start: 2025-07-09 10:50:00 ---
    RMSE omega (GP): nan | RMSE omega (Sim): nan
    Loss: 6864.3218 | Epoch: 26
    Eq omega: nan1 + nantheta + nanomega + nantheta^2 + nantheta omega + nanomega^2
    Eq omega Phys: N/A
    Diffusion: theta=nan, omega=nan

--- Chunk 91680 (161/220) | Start: 2025-07-09 10:55:00 ---
    RMSE omega (GP): 0.012596 | RMSE omega (Sim): 0.043518
    Loss: 31.3750 | Epoch: 1875
    Eq omega: 0.000061 + 0.00043theta + 0.00282omega + -0.00001theta^2 + 0.00009theta omega + 0.00012omega^2
    Eq omega Phys: 0.000113*omega**2 + 3.0e-6*omega*theta + 5.1e-5*omega + 1.0e-6*theta - 1.0e-5
    Diffusion: theta=6.333397e-04, omega=1.394071e-05

--- Chunk 91681 (162/220) | Start: 2025-07-09 11:00:00 ---
    RMSE omega (GP): 0.010180 | RMSE omega (Sim): 0.047581
    Loss: 18.3889 | Epoch: 1114
    Eq omega: 0.000881 + -0.00262theta + 0.00217omega + -0.00004theta^2 + -0.00022theta omega + -0.00012omega^2
    Eq omega Phys: -8.4e-5*omega**2 - 5.0e-6*omega*theta + 0.000142*omega - 2.0e-6*theta + 3.5e-5
    Diffusion: theta=8.315052e-04, omega=2.953777e-05

--- Chunk 91682 (163/220) | Start: 2025-07-09 11:05:00 ---
    RMSE omega (GP): nan | RMSE omega (Sim): nan
    Loss: 313.4330 | Epoch: 18
    Eq omega: nan1 + nantheta + nanomega + nantheta^2 + nantheta omega + nanomega^2
    Eq omega Phys: N/A
    Diffusion: theta=nan, omega=nan

--- Chunk 91683 (164/220) | Start: 2025-07-09 11:10:00 ---
    RMSE omega (GP): 0.008803 | RMSE omega (Sim): 0.127904
    Loss: 1.3497 | Epoch: 2715
    Eq omega: 0.000751 + -0.00004theta + 0.00261omega + 0.00044theta^2 + -0.00240theta omega + 0.00320omega^2
    Eq omega Phys: 0.001221*omega**2 - 3.1e-5*omega*theta - 0.000125*omega + 3.0e-6*theta + 1.1e-5
    Diffusion: theta=2.276260e-04, omega=2.313420e-05

--- Chunk 91684 (165/220) | Start: 2025-07-09 11:15:00 ---
    RMSE omega (GP): 0.007741 | RMSE omega (Sim): 0.044007
    Loss: 17.4396 | Epoch: 2386
    Eq omega: -0.000431 + -0.00003theta + 0.00035omega + 0.00003theta^2 + -0.00002theta omega + 0.00010omega^2
    Eq omega Phys: 8.6e-5*omega**2 - 0.e-6*omega*theta + 2.2e-5*omega - 1.0e-6*theta + 9.0e-6
    Diffusion: theta=6.731428e-04, omega=1.554234e-05

--- Chunk 91685 (166/220) | Start: 2025-07-09 11:20:00 ---
    RMSE omega (GP): nan | RMSE omega (Sim): nan
    Loss: 52.2938 | Epoch: 174
    Eq omega: nan1 + nantheta + nanomega + nantheta^2 + nantheta omega + nanomega^2
    Eq omega Phys: N/A
    Diffusion: theta=nan, omega=nan

--- Chunk 91686 (167/220) | Start: 2025-07-09 11:25:00 ---
    RMSE omega (GP): 0.008202 | RMSE omega (Sim): 0.088923
    Loss: 2.9036 | Epoch: 994
    Eq omega: -0.000471 + -0.00230theta + 0.00025omega + -0.00079theta^2 + 0.00009theta omega + 0.00028omega^2
    Eq omega Phys: 0.000129*omega**2 + 1.0e-6*omega*theta + 1.7e-5*omega - 7.0e-6*theta - 3.1e-5
    Diffusion: theta=2.420366e-04, omega=3.137647e-05

--- Chunk 91687 (168/220) | Start: 2025-07-09 11:30:00 ---
    RMSE omega (GP): 0.009349 | RMSE omega (Sim): 0.108394
    Loss: 6.9165 | Epoch: 778
    Eq omega: -0.000291 + 0.00002theta + 0.00340omega + 0.00095theta^2 + 0.00046theta omega + -0.00283omega^2
    Eq omega Phys: -0.001421*omega**2 + 8.0e-6*omega*theta + 0.000194*omega + 1.0e-6*theta**2 + 1.1e-5*theta + 5.8e-5
    Diffusion: theta=7.738406e-04, omega=1.829779e-05

--- Chunk 91688 (169/220) | Start: 2025-07-09 11:35:00 ---
    RMSE omega (GP): 0.007485 | RMSE omega (Sim): 0.075702
    Loss: 6.7901 | Epoch: 2912
    Eq omega: -0.020031 + 0.00061theta + 0.00117omega + -0.00003theta^2 + -0.00023theta omega + 0.00489omega^2
    Eq omega Phys: 0.002816*omega**2 - 4.0e-6*omega*theta + 9.1e-5*omega + 1.0e-6*theta - 4.9e-5
    Diffusion: theta=3.505003e-04, omega=1.972855e-05

--- Chunk 91689 (170/220) | Start: 2025-07-09 11:40:00 ---
    RMSE omega (GP): nan | RMSE omega (Sim): nan
    Loss: 447.8900 | Epoch: 80
    Eq omega: nan1 + nantheta + nanomega + nantheta^2 + nantheta omega + nanomega^2
    Eq omega Phys: N/A
    Diffusion: theta=nan, omega=nan

--- Chunk 91690 (171/220) | Start: 2025-07-09 11:45:00 ---
    RMSE omega (GP): 0.010020 | RMSE omega (Sim): 0.138481
    Loss: 2.9558 | Epoch: 1560
    Eq omega: -0.001181 + -0.00161theta + 0.00008omega + 0.00032theta^2 + 0.00102theta omega + 0.00418omega^2
    Eq omega Phys: 0.001722*omega**2 + 1.4e-5*omega*theta - 3.5e-5*omega - 3.0e-6*theta + 3.0e-6
    Diffusion: theta=3.004858e-04, omega=4.122384e-05

--- Chunk 91691 (172/220) | Start: 2025-07-09 11:50:00 ---
/pfs/data6/home/ka/ka_iai/ka_bj2362/dsr/svise/run_analysis_5min_all_chunks_combo38.py:212: ODEintWarning: Excess work done on this call (perhaps wrong Dfun type). Run with full_output = 1 to get quantitative information.
  sol_scaled = odeint(drift, x0_scaled, t_scaled, full_output=False)
    RMSE omega (GP): 0.033393 | RMSE omega (Sim): nan
    Loss: 68.1280 | Epoch: 148
    Eq omega: 0.012121 + -0.02238theta + 0.01482omega + 0.28699theta^2 + 0.06052theta omega + 0.00002omega^2
    Eq omega Phys: 7.0e-6*omega**2 + 0.000734*omega*theta + 0.006476*omega + 0.000116*theta**2 + 0.001866*theta + 0.007543
    Diffusion: theta=2.199314e-03, omega=2.215635e-06

--- Chunk 91692 (173/220) | Start: 2025-07-09 11:55:00 ---
    RMSE omega (GP): 0.011782 | RMSE omega (Sim): 0.059391
    Loss: 34.7046 | Epoch: 2328
    Eq omega: -0.004421 + 0.00025theta + 0.00160omega + 0.00004theta^2 + 0.00007theta omega + 0.00051omega^2
    Eq omega Phys: 0.000388*omega**2 + 2.0e-6*omega*theta + 2.9e-5*omega - 0.e-6*theta - 4.0e-6
    Diffusion: theta=1.874912e-04, omega=2.502625e-05

--- Chunk 91693 (174/220) | Start: 2025-07-09 12:00:00 ---
    RMSE omega (GP): 0.008451 | RMSE omega (Sim): 0.043475
    Loss: 22.3811 | Epoch: 2181
    Eq omega: 0.000071 + 0.00000theta + 0.00165omega + 0.00001theta^2 + 0.00000theta omega + 0.00001omega^2
    Eq omega Phys: 9.0e-6*omega**2 + 5.5e-5*omega + 2.0e-6
    Diffusion: theta=3.290443e-04, omega=1.321601e-05

--- Chunk 91694 (175/220) | Start: 2025-07-09 12:05:00 ---
    RMSE omega (GP): 0.042587 | RMSE omega (Sim): 0.075457
    Loss: 346.0294 | Epoch: 31
    Eq omega: -0.017171 + -0.00526theta + -0.00021omega + -0.00464theta^2 + -0.00085theta omega + -0.00132omega^2
    Eq omega Phys: -0.000774*omega**2 - 1.7e-5*omega*theta + 0.000121*omega - 3.0e-6*theta**2 + 4.1e-5*theta - 0.000166
    Diffusion: theta=6.598126e-03, omega=1.312443e-05

--- Chunk 91695 (176/220) | Start: 2025-07-09 12:10:00 ---
    RMSE omega (GP): nan | RMSE omega (Sim): nan
    Loss: 892.1974 | Epoch: 42
    Eq omega: nan1 + nantheta + nanomega + nantheta^2 + nantheta omega + nanomega^2
    Eq omega Phys: N/A
    Diffusion: theta=nan, omega=nan

--- Chunk 91696 (177/220) | Start: 2025-07-09 12:15:00 ---
    RMSE omega (GP): 0.011975 | RMSE omega (Sim): 0.032578
    Loss: 68.7236 | Epoch: 5127
    Eq omega: 0.000961 + 0.00011theta + 0.00418omega + 0.00004theta^2 + -0.00003theta omega + -0.00020omega^2
    Eq omega Phys: -0.000207*omega**2 - 1.0e-6*omega*theta + 0.000156*omega - 1.0e-6*theta + 1.1e-5
    Diffusion: theta=2.039809e-03, omega=7.377970e-06

--- Chunk 91697 (178/220) | Start: 2025-07-09 12:20:00 ---
    RMSE omega (GP): 0.010375 | RMSE omega (Sim): 0.042435
    Loss: 29.6455 | Epoch: 1258
    Eq omega: -0.000291 + 0.00022theta + 0.00001omega + 0.00000theta^2 + 0.00015theta omega + 0.00019omega^2
    Eq omega Phys: 0.000154*omega**2 + 4.0e-6*omega*theta - 6.1e-5*omega - 4.0e-6
    Diffusion: theta=1.418764e-03, omega=1.921080e-05

--- Chunk 91698 (179/220) | Start: 2025-07-09 12:25:00 ---
    RMSE omega (GP): 0.008010 | RMSE omega (Sim): 0.049473
    Loss: 11.1861 | Epoch: 2953
    Eq omega: -0.002381 + 0.00130theta + -0.00515omega + -0.00020theta^2 + -0.00073theta omega + -0.00078omega^2
    Eq omega Phys: -0.000536*omega**2 - 1.7e-5*omega*theta + 1.8e-5*omega + 5.0e-6*theta - 4.0e-5
    Diffusion: theta=1.248760e-03, omega=2.452187e-05

--- Chunk 91699 (180/220) | Start: 2025-07-09 12:30:00 ---
    RMSE omega (GP): nan | RMSE omega (Sim): nan
    Loss: 7418.9443 | Epoch: 16
    Eq omega: nan1 + nantheta + nanomega + nantheta^2 + nantheta omega + nanomega^2
    Eq omega Phys: N/A
    Diffusion: theta=nan, omega=nan

--- Chunk 91700 (181/220) | Start: 2025-07-09 12:35:00 ---
    RMSE omega (GP): nan | RMSE omega (Sim): nan
    Loss: 249.7141 | Epoch: 130
    Eq omega: nan1 + nantheta + nanomega + nantheta^2 + nantheta omega + nanomega^2
    Eq omega Phys: N/A
    Diffusion: theta=nan, omega=nan

--- Chunk 91701 (182/220) | Start: 2025-07-09 12:40:00 ---
    RMSE omega (GP): 0.023087 | RMSE omega (Sim): 0.060532
    Loss: 279.2857 | Epoch: 384
    Eq omega: 0.009581 + -0.00220theta + -0.01577omega + 0.00001theta^2 + -0.00023theta omega + -0.00066omega^2
    Eq omega Phys: -0.000533*omega**2 - 6.0e-6*omega*theta - 0.000399*omega - 3.0e-6*theta + 6.7e-5
    Diffusion: theta=6.245711e-01, omega=6.215796e-04

--- Chunk 91702 (183/220) | Start: 2025-07-09 12:45:00 ---
    RMSE omega (GP): nan | RMSE omega (Sim): nan
    Loss: 6589.3745 | Epoch: 16
    Eq omega: nan1 + nantheta + nanomega + nantheta^2 + nantheta omega + nanomega^2
    Eq omega Phys: N/A
    Diffusion: theta=nan, omega=nan

--- Chunk 91703 (184/220) | Start: 2025-07-09 12:50:00 ---
    RMSE omega (GP): 0.009158 | RMSE omega (Sim): 0.101062
    Loss: 7.4542 | Epoch: 3261
    Eq omega: 0.000201 + 0.00003theta + 0.00006omega + 0.00004theta^2 + -0.00000theta omega + 0.00021omega^2
    Eq omega Phys: 0.000109*omega**2 + 2.0e-6*omega - 0.e-6*theta + 6.0e-6
    Diffusion: theta=2.814298e-04, omega=2.946568e-05

--- Chunk 91704 (185/220) | Start: 2025-07-09 12:55:00 ---
    RMSE omega (GP): 0.009637 | RMSE omega (Sim): 0.158358
    Loss: 18.5387 | Epoch: 2141
    Eq omega: 0.001821 + 0.00198theta + 0.00751omega + 0.00038theta^2 + -0.00018theta omega + 0.00011omega^2
    Eq omega Phys: 7.7e-5*omega**2 - 4.0e-6*omega*theta + 0.000279*omega - 2.0e-6*theta + 2.0e-6
    Diffusion: theta=2.287574e-04, omega=3.402533e-05

--- Chunk 91705 (186/220) | Start: 2025-07-09 13:00:00 ---
    RMSE omega (GP): 0.012404 | RMSE omega (Sim): 0.061963
    Loss: 17.2372 | Epoch: 2308
    Eq omega: 0.006541 + -0.11317theta + -0.00187omega + 0.00103theta^2 + -0.00396theta omega + -0.00016omega^2
    Eq omega Phys: -8.6e-5*omega**2 - 7.1e-5*omega*theta + 0.000321*omega + 1.0e-6*theta**2 - 0.000132*theta + 0.000712
    Diffusion: theta=5.175376e-04, omega=2.350792e-05

--- Chunk 91706 (187/220) | Start: 2025-07-09 13:05:00 ---
    RMSE omega (GP): 0.009672 | RMSE omega (Sim): 0.075755
    Loss: 7.9033 | Epoch: 1668
    Eq omega: 0.003201 + -0.00005theta + 0.02341omega + 0.00029theta^2 + 0.00223theta omega + -0.00093omega^2
    Eq omega Phys: -0.00046*omega**2 + 3.7e-5*omega*theta + 0.001206*omega + 4.0e-6*theta + 2.8e-5
    Diffusion: theta=2.195020e-03, omega=2.136246e-05

--- Chunk 91707 (188/220) | Start: 2025-07-09 13:10:00 ---
    RMSE omega (GP): nan | RMSE omega (Sim): nan
    Loss: 483.6109 | Epoch: 37
    Eq omega: nan1 + nantheta + nanomega + nantheta^2 + nantheta omega + nanomega^2
    Eq omega Phys: N/A
    Diffusion: theta=nan, omega=nan

--- Chunk 91708 (189/220) | Start: 2025-07-09 13:15:00 ---
    RMSE omega (GP): nan | RMSE omega (Sim): nan
    Loss: 484.9999 | Epoch: 37
    Eq omega: nan1 + nantheta + nanomega + nantheta^2 + nantheta omega + nanomega^2
    Eq omega Phys: N/A
    Diffusion: theta=nan, omega=nan

--- Chunk 91709 (190/220) | Start: 2025-07-09 13:20:00 ---
    RMSE omega (GP): 0.010205 | RMSE omega (Sim): 0.059546
    Loss: 19.9709 | Epoch: 921
    Eq omega: 0.000431 + -0.00022theta + -0.00017omega + 0.00006theta^2 + 0.00014theta omega + 0.00049omega^2
    Eq omega Phys: 0.000335*omega**2 + 3.0e-6*omega*theta - 2.7e-5*omega - 0.e-6*theta + 4.0e-6
    Diffusion: theta=1.000096e-03, omega=2.844592e-05

--- Chunk 91710 (191/220) | Start: 2025-07-09 13:25:00 ---
    RMSE omega (GP): 0.013720 | RMSE omega (Sim): 0.092528
    Loss: 25.8538 | Epoch: 1853
    Eq omega: -0.009881 + 0.00188theta + 0.00023omega + 0.00000theta^2 + 0.00041theta omega + -0.00004omega^2
    Eq omega Phys: -2.3e-5*omega**2 + 8.0e-6*omega*theta - 0.000108*omega + 2.0e-6*theta - 5.0e-5
    Diffusion: theta=5.551186e-04, omega=2.648934e-05

--- Chunk 91711 (192/220) | Start: 2025-07-09 13:30:00 ---
    RMSE omega (GP): nan | RMSE omega (Sim): nan
    Loss: 535.6888 | Epoch: 19
    Eq omega: nan1 + nantheta + nanomega + nantheta^2 + nantheta omega + nanomega^2
    Eq omega Phys: N/A
    Diffusion: theta=nan, omega=nan

--- Chunk 91712 (193/220) | Start: 2025-07-09 13:35:00 ---
    RMSE omega (GP): 0.011152 | RMSE omega (Sim): 0.044193
    Loss: 34.4493 | Epoch: 1451
    Eq omega: -0.009101 + 0.00034theta + -0.00200omega + 0.00004theta^2 + 0.00021theta omega + -0.00073omega^2
    Eq omega Phys: -0.0006*omega**2 + 6.0e-6*omega*theta - 0.000166*omega - 0.e-6*theta - 8.0e-6
    Diffusion: theta=1.064813e-03, omega=4.449764e-05

--- Chunk 91713 (194/220) | Start: 2025-07-09 13:40:00 ---
    RMSE omega (GP): 0.010272 | RMSE omega (Sim): 0.093192
    Loss: 7.9366 | Epoch: 1396
    Eq omega: -0.001221 + 0.00623theta + -0.01342omega + 0.00016theta^2 + 0.00065theta omega + 0.00101omega^2
    Eq omega Phys: 0.00048*omega**2 + 1.0e-5*omega*theta - 0.000536*omega + 5.0e-6*theta - 5.6e-5
    Diffusion: theta=2.265403e-04, omega=4.160254e-05

--- Chunk 91714 (195/220) | Start: 2025-07-09 13:45:00 ---
    RMSE omega (GP): nan | RMSE omega (Sim): nan
    Loss: 137.4279 | Epoch: 57
    Eq omega: nan1 + nantheta + nanomega + nantheta^2 + nantheta omega + nanomega^2
    Eq omega Phys: N/A
    Diffusion: theta=nan, omega=nan

--- Chunk 91715 (196/220) | Start: 2025-07-09 13:50:00 ---
    RMSE omega (GP): 0.010053 | RMSE omega (Sim): 0.122313
    Loss: 5.7503 | Epoch: 1638
    Eq omega: 0.000271 + -0.64179theta + 0.00038omega + -0.00235theta^2 + -0.00694theta omega + -0.00173omega^2
    Eq omega Phys: -0.000759*omega**2 - 0.000101*omega*theta - 0.000598*omega - 1.0e-6*theta**2 - 0.000727*theta - 0.00433
    Diffusion: theta=1.462517e-03, omega=3.444674e-05

--- Chunk 91716 (197/220) | Start: 2025-07-09 13:55:00 ---
    RMSE omega (GP): nan | RMSE omega (Sim): nan
    Loss: 580.3680 | Epoch: 18
    Eq omega: nan1 + nantheta + nanomega + nantheta^2 + nantheta omega + nanomega^2
    Eq omega Phys: N/A
    Diffusion: theta=nan, omega=nan

--- Chunk 91717 (198/220) | Start: 2025-07-09 14:00:00 ---
    RMSE omega (GP): 0.012505 | RMSE omega (Sim): 0.081257
    Loss: 10.8414 | Epoch: 1190
    Eq omega: 0.002341 + -0.00109theta + -0.00247omega + 0.00022theta^2 + 0.00039theta omega + 0.00054omega^2
    Eq omega Phys: 0.000243*omega**2 + 6.0e-6*omega*theta + 3.7e-5*omega + 3.0e-6*theta + 2.7e-5
    Diffusion: theta=1.025488e-03, omega=2.740292e-05

--- Chunk 91718 (199/220) | Start: 2025-07-09 14:05:00 ---
    RMSE omega (GP): 0.009901 | RMSE omega (Sim): 0.067726
    Loss: 9.8462 | Epoch: 601
    Eq omega: 0.004651 + -0.21005theta + 0.01055omega + 0.00968theta^2 + 0.00428theta omega + -0.01628omega^2
    Eq omega Phys: -0.008684*omega**2 + 7.6e-5*omega*theta + 8.3e-5*omega + 6.0e-6*theta**2 - 0.000274*theta + 0.000904
    Diffusion: theta=1.853292e-04, omega=4.012838e-05

--- Chunk 91719 (200/220) | Start: 2025-07-09 14:10:00 ---
    RMSE omega (GP): 0.012329 | RMSE omega (Sim): 0.177700
    Loss: 9.3356 | Epoch: 948
    Eq omega: 0.033881 + -1.81362theta + -0.01126omega + 0.43577theta^2 + -0.00634theta omega + -0.51811omega^2
    Eq omega Phys: -0.22103*omega**2 - 9.0e-5*omega*theta - 0.000502*omega + 0.000207*theta**2 - 0.001434*theta - 0.002338
    Diffusion: theta=6.281138e-04, omega=3.891158e-05

  [Progress 200/220] Mean RMSE omega (GP): 0.014367 | (Sim): 0.086472 | Mean loss: 1049.9040 | Valid GP: 140/200 | Valid Sim: 137/200 | Elapsed: 66.3min | ETA: 6.6min

--- Chunk 91720 (201/220) | Start: 2025-07-09 14:15:00 ---
    RMSE omega (GP): 0.012522 | RMSE omega (Sim): 0.100217
    Loss: 6.8726 | Epoch: 1040
    Eq omega: -0.001551 + 0.00032theta + -0.00100omega + -0.00097theta^2 + -0.00030theta omega + 0.00307omega^2
    Eq omega Phys: 0.001354*omega**2 - 4.0e-6*omega*theta - 6.4e-5*omega - 6.0e-6*theta - 2.4e-5
    Diffusion: theta=3.673719e-04, omega=3.347603e-05

--- Chunk 91721 (202/220) | Start: 2025-07-09 14:20:00 ---
    RMSE omega (GP): 0.027561 | RMSE omega (Sim): 0.058100
    Loss: 85.6690 | Epoch: 65
    Eq omega: 0.003351 + -0.10810theta + 0.00197omega + 0.00034theta^2 + -0.01500theta omega + 0.00534omega^2
    Eq omega Phys: 0.002539*omega**2 - 0.000238*omega*theta - 0.000246*omega - 0.00012*theta - 0.000149
    Diffusion: theta=4.482144e-03, omega=1.835178e-05

--- Chunk 91722 (203/220) | Start: 2025-07-09 14:25:00 ---
    RMSE omega (GP): 0.009558 | RMSE omega (Sim): 0.152366
    Loss: 3.9409 | Epoch: 1339
    Eq omega: 0.000071 + -0.00025theta + 0.00028omega + 0.00001theta^2 + -0.00042theta omega + 0.00005omega^2
    Eq omega Phys: 2.1e-5*omega**2 - 6.0e-6*omega*theta - 1.0e-6*omega
    Diffusion: theta=1.278035e-03, omega=3.507559e-05

--- Chunk 91723 (204/220) | Start: 2025-07-09 14:30:00 ---
    RMSE omega (GP): 0.038785 | RMSE omega (Sim): 0.147675
    Loss: 122.5577 | Epoch: 76
    Eq omega: 0.013671 + -0.02999theta + -0.00003omega + -0.00007theta^2 + -0.00026theta omega + -0.00169omega^2
    Eq omega Phys: -0.000706*omega**2 - 4.0e-6*omega*theta + 6.0e-6*omega - 3.3e-5*theta + 9.8e-5
    Diffusion: theta=7.152820e-04, omega=3.729765e-06

--- Chunk 91724 (205/220) | Start: 2025-07-09 14:35:00 ---
    RMSE omega (GP): nan | RMSE omega (Sim): nan
    Loss: 200.3793 | Epoch: 47
    Eq omega: nan1 + nantheta + nanomega + nantheta^2 + nantheta omega + nanomega^2
    Eq omega Phys: N/A
    Diffusion: theta=nan, omega=nan

--- Chunk 91725 (206/220) | Start: 2025-07-09 14:40:00 ---
    RMSE omega (GP): nan | RMSE omega (Sim): nan
    Loss: 336.3158 | Epoch: 21
    Eq omega: nan1 + nantheta + nanomega + nantheta^2 + nantheta omega + nanomega^2
    Eq omega Phys: N/A
    Diffusion: theta=nan, omega=nan

--- Chunk 91726 (207/220) | Start: 2025-07-09 14:45:00 ---
    RMSE omega (GP): 0.009060 | RMSE omega (Sim): 0.040191
    Loss: 41.9305 | Epoch: 1691
    Eq omega: -0.000351 + 0.00026theta + 0.00028omega + -0.00016theta^2 + 0.00010theta omega + 0.00034omega^2
    Eq omega Phys: 0.000368*omega**2 + 4.0e-6*omega*theta + 4.2e-5*omega - 3.0e-6*theta - 1.3e-5
    Diffusion: theta=8.891952e-04, omega=1.383326e-05

--- Chunk 91727 (208/220) | Start: 2025-07-09 14:50:00 ---
    RMSE omega (GP): 0.009892 | RMSE omega (Sim): 0.041624
    Loss: 27.8812 | Epoch: 1510
    Eq omega: 0.001471 + 0.00002theta + -0.00020omega + -0.00006theta^2 + 0.00005theta omega + 0.00030omega^2
    Eq omega Phys: 0.000245*omega**2 + 1.0e-6*omega*theta + 1.0e-5*omega - 1.0e-6*theta - 6.0e-6
    Diffusion: theta=8.840089e-04, omega=1.918316e-05

--- Chunk 91728 (209/220) | Start: 2025-07-09 14:55:00 ---
    RMSE omega (GP): nan | RMSE omega (Sim): nan
    Loss: 36.2159 | Epoch: 79
    Eq omega: nan1 + nantheta + nanomega + nantheta^2 + nantheta omega + nanomega^2
    Eq omega Phys: N/A
    Diffusion: theta=nan, omega=nan

--- Chunk 91729 (210/220) | Start: 2025-07-09 15:00:00 ---
    RMSE omega (GP): 0.014189 | RMSE omega (Sim): 0.133714
    Loss: 8.5876 | Epoch: 2276
    Eq omega: 0.000821 + -0.00058theta + 0.00432omega + -0.00006theta^2 + -0.00026theta omega + 0.00021omega^2
    Eq omega Phys: 7.6e-5*omega**2 - 3.0e-6*omega*theta + 8.5e-5*omega - 2.0e-6*theta - 1.8e-5
    Diffusion: theta=2.003850e-04, omega=2.464966e-05

--- Chunk 91730 (211/220) | Start: 2025-07-09 15:05:00 ---
    RMSE omega (GP): 0.016082 | RMSE omega (Sim): 0.108482
    Loss: -29.0588 | Epoch: 661
    Eq omega: -0.001771 + -0.03549theta + 0.00376omega + 0.00916theta^2 + 0.00077theta omega + 0.00243omega^2
    Eq omega Phys: 0.00098*omega**2 + 1.0e-5*omega*theta + 9.9e-5*omega + 4.0e-6*theta**2 - 6.0e-5*theta + 0.000123
    Diffusion: theta=2.519193e-03, omega=4.225443e-05

--- Chunk 91731 (212/220) | Start: 2025-07-09 15:10:00 ---
    RMSE omega (GP): 0.012178 | RMSE omega (Sim): 0.095316
    Loss: 17.6887 | Epoch: 1583
    Eq omega: 0.000871 + -0.00133theta + 0.00120omega + 0.00022theta^2 + -0.00042theta omega + -0.00011omega^2
    Eq omega Phys: -6.0e-5*omega**2 - 8.0e-6*omega*theta + 0.000102*omega - 4.0e-6*theta + 2.2e-5
    Diffusion: theta=7.066277e-04, omega=3.794441e-05

--- Chunk 91732 (213/220) | Start: 2025-07-09 15:15:00 ---
    RMSE omega (GP): 0.010214 | RMSE omega (Sim): 0.055267
    Loss: 9.5060 | Epoch: 926
    Eq omega: -0.003951 + -0.44910theta + -0.00266omega + -0.00377theta^2 + 0.00778theta omega + -0.00594omega^2
    Eq omega Phys: -0.003079*omega**2 + 0.000134*omega*theta - 0.000593*omega - 2.0e-6*theta**2 - 0.000483*theta + 0.001833
    Diffusion: theta=7.954982e-05, omega=3.345382e-05

--- Chunk 91733 (214/220) | Start: 2025-07-09 15:20:00 ---
    RMSE omega (GP): nan | RMSE omega (Sim): nan
    Loss: 284.6878 | Epoch: 19
    Eq omega: nan1 + nantheta + nanomega + nantheta^2 + nantheta omega + nanomega^2
    Eq omega Phys: N/A
    Diffusion: theta=nan, omega=nan

--- Chunk 91734 (215/220) | Start: 2025-07-09 15:25:00 ---
    RMSE omega (GP): nan | RMSE omega (Sim): nan
    Loss: 2551.6558 | Epoch: 29
    Eq omega: nan1 + nantheta + nanomega + nantheta^2 + nantheta omega + nanomega^2
    Eq omega Phys: N/A
    Diffusion: theta=nan, omega=nan

--- Chunk 91735 (216/220) | Start: 2025-07-09 15:30:00 ---
    RMSE omega (GP): 0.011665 | RMSE omega (Sim): 0.046667
    Loss: 81.4578 | Epoch: 3471
    Eq omega: -0.001271 + 0.00010theta + -0.00153omega + 0.00013theta^2 + 0.00004theta omega + -0.00010omega^2
    Eq omega Phys: -0.000113*omega**2 + 2.0e-6*omega*theta - 1.7e-5*omega + 8.0e-6*theta + 8.6e-5
    Diffusion: theta=7.585173e-04, omega=6.128352e-06

--- Chunk 91736 (217/220) | Start: 2025-07-09 15:35:00 ---
    RMSE omega (GP): 0.010188 | RMSE omega (Sim): 0.088591
    Loss: 4.2340 | Epoch: 1127
    Eq omega: 0.002341 + -0.00116theta + -0.00285omega + -0.00009theta^2 + -0.00053theta omega + 0.00372omega^2
    Eq omega Phys: 0.001463*omega**2 - 7.0e-6*omega*theta - 0.000184*omega - 2.0e-6*theta - 1.6e-5
    Diffusion: theta=3.547314e-04, omega=4.258235e-05

--- Chunk 91737 (218/220) | Start: 2025-07-09 15:40:00 ---
    RMSE omega (GP): nan | RMSE omega (Sim): nan
    Loss: 488.4190 | Epoch: 110
    Eq omega: nan1 + nantheta + nanomega + nantheta^2 + nantheta omega + nanomega^2
    Eq omega Phys: N/A
    Diffusion: theta=nan, omega=nan

--- Chunk 91738 (219/220) | Start: 2025-07-09 15:45:00 ---
    RMSE omega (GP): nan | RMSE omega (Sim): nan
    Loss: 2312.9778 | Epoch: 35
    Eq omega: nan1 + nantheta + nanomega + nantheta^2 + nantheta omega + nanomega^2
    Eq omega Phys: N/A
    Diffusion: theta=nan, omega=nan

--- Chunk 91739 (220/220) | Start: 2025-07-09 15:50:00 ---
    RMSE omega (GP): 0.027774 | RMSE omega (Sim): 0.121185
    Loss: 82.7770 | Epoch: 246
    Eq omega: 0.000651 + -0.00629theta + 0.00211omega + -0.00071theta^2 + 0.00107theta omega + 0.00129omega^2
    Eq omega Phys: 0.000637*omega**2 + 1.8e-5*omega*theta + 0.000186*omega - 1.2e-5*theta - 6.1e-5
    Diffusion: theta=nan, omega=nan

  [Progress 220/220] Mean RMSE omega (GP): 0.014517 | (Sim): 0.086907 | Mean loss: 984.7977 | Valid GP: 153/220 | Valid Sim: 150/220 | Elapsed: 71.7min | ETA: 0.0min

============================================================
EVALUATION COMPLETE — Chunks [91520, 91739]
============================================================
Chunks processed: 220
Chunks succeeded GP:  153 (69.5%)
Chunks succeeded Sim: 150 (68.2%)
Mean GP RMSE omega:   0.014517 ± 0.009896
Mean SIM RMSE omega:  0.086907 ± 0.043995
Mean Loss:            984.7977 ± 10366.5405
Elapsed time:     71.7 minutes

Per-chunk CSV: /pfs/data6/home/ka/ka_iai/ka_bj2362/dsr/svise/results_5min_all_chunks/run_SLURM_3733209_combo38/chunks_91520_to_91739_20260323_050727.csv
Summary JSON:  /pfs/data6/home/ka/ka_iai/ka_bj2362/dsr/svise/results_5min_all_chunks/run_SLURM_3733209_combo38/summary_91520_to_91739_20260323_050727.json
============================================================
 lsoda--  at t (=r1) and step size h (=r2), the      
       corrector convergence failed repeatedly       
       or with abs(h) = hmin    l
      in above,  r1 =  0.7824641313255D+01   r2 =  0.4261545557278D-09

============================= JOB FEEDBACK =============================

NodeName=uc3n037
Job ID: 3733716
Array Job ID: 3733209_416
Cluster: uc3
User/Group: ka_bj2362/ka_iai
State: COMPLETED (exit code 0)
Nodes: 1
Cores per node: 4
CPU Utilized: 01:11:20
CPU Efficiency: 24.76% of 04:48:04 core-walltime
Job Wall-clock time: 01:12:01
Memory Utilized: 3.24 GB
Memory Efficiency: 27.02% of 12.00 GB (12.00 GB/node)
