Array task 237: processing chunks 52140 to 52359
Loading data from /pfs/data6/home/ka/ka_iai/ka_bj2362/dsr/svise/../dataset/South_Korea_2024-08-15_2025-08-31_1s.parquet...
Finding all valid 5-minute chunks in the dataset...
Found 107059 valid 5-minute chunks in total.

============================================================
SVISE FINAL EVALUATION — ALL CHUNKS
============================================================
Hyperparameters: {
  "model": "integrator",
  "sigma": 0,
  "degree": 2,
  "tau": 1e-05,
  "lr": 0.1,
  "n_tau": 50,
  "measurement_noise": 0.001,
  "n_reparam_samples": 15
}
Total valid chunks in dataset: 107059
Processing chunk range: [52140, 52359] (220 chunks)
Early stopping: patience=300, max_epochs=10000
============================================================


--- Chunk 52140 (1/220) | Start: 2025-02-21 16:50:00 ---
/pfs/data6/home/ka/ka_iai/ka_bj2362/dsr/svise/svise/sde_learning/_marginal_sde.py:284: UserWarning: torch.triangular_solve is deprecated in favor of torch.linalg.solve_triangularand will be removed in a future PyTorch release.
torch.linalg.solve_triangular has its arguments reversed and does not return a copy of one of the inputs.
X = torch.triangular_solve(B, A).solution
should be replaced with
X = torch.linalg.solve_triangular(A, B). (Triggered internally at ../aten/src/ATen/native/BatchLinearAlgebra.cpp:2192.)
  return torch.triangular_solve(self.raw_w, self.C.t()).solution
/pfs/data6/home/ka/ka_iai/ka_bj2362/dsr/svise/svise/quadrature/_unbiased_quadrature.py:196: UserWarning: Interp is nan, reducing interp degree.
  warnings.warn("Interp is nan, reducing interp degree.")
    RMSE omega (GP): 0.009302 | RMSE omega (Sim): 0.105146
    Loss: 3.7988 | Epoch: 798
    Eq omega: -0.003781 + -0.01194theta + 0.00560omega + 0.00327theta^2 + 0.00033theta omega + 0.00152omega^2
    Eq omega Phys: 0.000626*omega**2 + 5.0e-6*omega*theta + 0.000217*omega + 1.0e-6*theta**2 + 7.0e-6*theta - 3.2e-5
    Diffusion: theta=2.854913e-04, omega=5.782155e-05

--- Chunk 52141 (2/220) | Start: 2025-02-21 16:55:00 ---
/pfs/data6/home/ka/ka_iai/ka_bj2362/dsr/svise/svise/quadrature/_unbiased_quadrature.py:174: UserWarning: NaN detected in fxq (quadrature node evaluations). Clamping to 0.
  warnings.warn("NaN detected in fxq (quadrature node evaluations). Clamping to 0.")
/pfs/data6/home/ka/ka_iai/ka_bj2362/dsr/svise/svise/quadrature/_unbiased_quadrature.py:177: UserWarning: NaN detected in fmc (Monte-Carlo node evaluations). Clamping to 0.
  warnings.warn("NaN detected in fmc (Monte-Carlo node evaluations). Clamping to 0.")
    RMSE omega (GP): nan | RMSE omega (Sim): nan
    Loss: 835.6634 | Epoch: 25
    Eq omega: nan1 + nantheta + nanomega + nantheta^2 + nantheta omega + nanomega^2
    Eq omega Phys: N/A
    Diffusion: theta=nan, omega=nan

--- Chunk 52142 (3/220) | Start: 2025-02-21 17:00:00 ---
    RMSE omega (GP): 0.012308 | RMSE omega (Sim): 0.106575
    Loss: 10.9613 | Epoch: 1556
    Eq omega: 0.000141 + -0.00028theta + -0.00025omega + -0.00002theta^2 + -0.00013theta omega + -0.00016omega^2
    Eq omega Phys: -7.2e-5*omega**2 - 2.0e-6*omega*theta + 7.0e-6*omega + 2.0e-6
    Diffusion: theta=1.797896e-03, omega=3.213367e-05

--- Chunk 52143 (4/220) | Start: 2025-02-21 17:05:00 ---
    RMSE omega (GP): nan | RMSE omega (Sim): nan
    Loss: 31.8047 | Epoch: 214
    Eq omega: nan1 + nantheta + nanomega + nantheta^2 + nantheta omega + nanomega^2
    Eq omega Phys: N/A
    Diffusion: theta=nan, omega=nan

--- Chunk 52144 (5/220) | Start: 2025-02-21 17:10:00 ---
    RMSE omega (GP): nan | RMSE omega (Sim): nan
    Loss: 269.7957 | Epoch: 23
    Eq omega: nan1 + nantheta + nanomega + nantheta^2 + nantheta omega + nanomega^2
    Eq omega Phys: N/A
    Diffusion: theta=nan, omega=nan

--- Chunk 52145 (6/220) | Start: 2025-02-21 17:15:00 ---
    RMSE omega (GP): nan | RMSE omega (Sim): nan
    Loss: 76.7385 | Epoch: 47
    Eq omega: nan1 + nantheta + nanomega + nantheta^2 + nantheta omega + nanomega^2
    Eq omega Phys: N/A
    Diffusion: theta=nan, omega=nan

--- Chunk 52146 (7/220) | Start: 2025-02-21 17:20:00 ---
    RMSE omega (GP): nan | RMSE omega (Sim): nan
    Loss: 394.5041 | Epoch: 29
    Eq omega: nan1 + nantheta + nanomega + nantheta^2 + nantheta omega + nanomega^2
    Eq omega Phys: N/A
    Diffusion: theta=nan, omega=nan

--- Chunk 52147 (8/220) | Start: 2025-02-21 17:25:00 ---
    RMSE omega (GP): 0.008804 | RMSE omega (Sim): 0.059243
    Loss: 17.0691 | Epoch: 1697
    Eq omega: -0.000491 + 0.00055theta + 0.00374omega + 0.00013theta^2 + -0.00030theta omega + 0.00059omega^2
    Eq omega Phys: 0.000432*omega**2 - 7.0e-6*omega*theta + 0.000216*omega - 2.0e-6*theta + 8.0e-6
    Diffusion: theta=1.083120e-03, omega=2.193296e-05

--- Chunk 52148 (9/220) | Start: 2025-02-21 17:30:00 ---
    RMSE omega (GP): 0.026602 | RMSE omega (Sim): 0.141382
    Loss: -62720.2539 | Epoch: 536
    Eq omega: 0.001561 + -0.00933theta + 0.00214omega + 0.00073theta^2 + -0.00108theta omega + -0.00199omega^2
    Eq omega Phys: -0.000553*omega**2 - 1.0e-5*omega*theta + 9.1e-5*omega - 1.1e-5*theta + 2.8e-5
    Diffusion: theta=1.409530e-01, omega=1.561128e-04

--- Chunk 52149 (10/220) | Start: 2025-02-21 17:35:00 ---
    RMSE omega (GP): nan | RMSE omega (Sim): nan
    Loss: 177.6140 | Epoch: 205
    Eq omega: nan1 + nantheta + nanomega + nantheta^2 + nantheta omega + nanomega^2
    Eq omega Phys: N/A
    Diffusion: theta=nan, omega=nan

--- Chunk 52150 (11/220) | Start: 2025-02-21 17:40:00 ---
    RMSE omega (GP): 0.056282 | RMSE omega (Sim): 0.216842
    Loss: 296.1154 | Epoch: 85
    Eq omega: 0.001941 + -0.00112theta + 0.01721omega + -0.00008theta^2 + -0.00341theta omega + 0.00355omega^2
    Eq omega Phys: 0.001373*omega**2 - 4.4e-5*omega*theta + 0.001077*omega + 1.5e-5
    Diffusion: theta=nan, omega=nan

--- Chunk 52151 (12/220) | Start: 2025-02-21 17:45:00 ---
    RMSE omega (GP): 0.027520 | RMSE omega (Sim): 0.104125
    Loss: -161.4075 | Epoch: 1264
    Eq omega: -0.001711 + -0.03060theta + -0.00064omega + -0.00176theta^2 + -0.00199theta omega + 0.00046omega^2
    Eq omega Phys: 0.000154*omega**2 - 2.2e-5*omega*theta + 0.000227*omega - 0.e-6*theta**2 - 1.9e-5*theta + 0.000293
    Diffusion: theta=7.897905e-02, omega=8.646231e-05

--- Chunk 52152 (13/220) | Start: 2025-02-21 17:50:00 ---
    RMSE omega (GP): 0.009720 | RMSE omega (Sim): 0.153641
    Loss: 7.9042 | Epoch: 2613
    Eq omega: 0.002251 + -0.00003theta + -0.00042omega + 0.00002theta^2 + -0.00009theta omega + 0.00019omega^2
    Eq omega Phys: 9.6e-5*omega**2 - 2.0e-6*omega*theta + 4.0e-6*omega + 7.0e-6
    Diffusion: theta=3.606561e-04, omega=2.698514e-05

--- Chunk 52153 (14/220) | Start: 2025-02-21 17:55:00 ---
    RMSE omega (GP): 0.026838 | RMSE omega (Sim): 0.051054
    Loss: 227.6501 | Epoch: 98
    Eq omega: -0.002541 + -0.00025theta + -0.00010omega + -0.00007theta^2 + -0.00003theta omega + -0.00016omega^2
    Eq omega Phys: -0.000126*omega**2 - 0.e-6*omega*theta + 1.5e-5*omega + 3.0e-6*theta - 2.9e-5
    Diffusion: theta=2.981423e-03, omega=6.105334e-06

--- Chunk 52154 (15/220) | Start: 2025-02-21 18:00:00 ---
    RMSE omega (GP): nan | RMSE omega (Sim): nan
    Loss: 427.5688 | Epoch: 49
    Eq omega: nan1 + nantheta + nanomega + nantheta^2 + nantheta omega + nanomega^2
    Eq omega Phys: N/A
    Diffusion: theta=nan, omega=nan

--- Chunk 52155 (16/220) | Start: 2025-02-21 18:05:00 ---
    RMSE omega (GP): 0.009059 | RMSE omega (Sim): 0.070219
    Loss: 6.7472 | Epoch: 1490
    Eq omega: 0.001991 + 0.00014theta + -0.00112omega + -0.00000theta^2 + -0.00013theta omega + -0.00010omega^2
    Eq omega Phys: -4.8e-5*omega**2 - 2.0e-6*omega*theta - 7.7e-5*omega + 8.0e-6
    Diffusion: theta=1.848178e-03, omega=4.362005e-05

--- Chunk 52156 (17/220) | Start: 2025-02-21 18:10:00 ---
    RMSE omega (GP): 0.011092 | RMSE omega (Sim): 0.137536
    Loss: 3.0312 | Epoch: 1552
    Eq omega: -0.002301 + 0.00250theta + 0.00048omega + -0.00057theta^2 + -0.00030theta omega + -0.00082omega^2
    Eq omega Phys: -0.000301*omega**2 - 4.0e-6*omega*theta - 1.0e-5*omega + 1.0e-6
    Diffusion: theta=2.435294e-04, omega=4.370992e-05

--- Chunk 52157 (18/220) | Start: 2025-02-21 18:15:00 ---
    RMSE omega (GP): nan | RMSE omega (Sim): nan
    Loss: 58.3439 | Epoch: 45
    Eq omega: nan1 + nantheta + nanomega + nantheta^2 + nantheta omega + nanomega^2
    Eq omega Phys: N/A
    Diffusion: theta=nan, omega=nan

--- Chunk 52158 (19/220) | Start: 2025-02-21 18:20:00 ---
    RMSE omega (GP): nan | RMSE omega (Sim): nan
    Loss: 787.2272 | Epoch: 20
    Eq omega: nan1 + nantheta + nanomega + nantheta^2 + nantheta omega + nanomega^2
    Eq omega Phys: N/A
    Diffusion: theta=nan, omega=nan

--- Chunk 52159 (20/220) | Start: 2025-02-21 18:25:00 ---
    RMSE omega (GP): nan | RMSE omega (Sim): nan
    Loss: 12.7602 | Epoch: 175
    Eq omega: nan1 + nantheta + nanomega + nantheta^2 + nantheta omega + nanomega^2
    Eq omega Phys: N/A
    Diffusion: theta=nan, omega=nan

--- Chunk 52160 (21/220) | Start: 2025-02-21 18:30:00 ---
    RMSE omega (GP): 0.009154 | RMSE omega (Sim): 0.090248
    Loss: 2.4296 | Epoch: 1982
    Eq omega: 0.000951 + -0.00257theta + -0.00354omega + -0.00063theta^2 + -0.00092theta omega + 0.00163omega^2
    Eq omega Phys: 0.00063*omega**2 - 1.2e-5*omega*theta - 3.2e-5*omega + 1.0e-6*theta + 9.0e-6
    Diffusion: theta=1.595705e-03, omega=4.612266e-05

--- Chunk 52161 (22/220) | Start: 2025-02-21 18:35:00 ---
    RMSE omega (GP): 0.008318 | RMSE omega (Sim): 0.115741
    Loss: 2.4469 | Epoch: 1324
    Eq omega: 0.001021 + -0.00052theta + -0.00517omega + 0.00462theta^2 + -0.00200theta omega + 0.00005omega^2
    Eq omega Phys: 2.1e-5*omega**2 - 2.8e-5*omega*theta - 0.000395*omega + 2.0e-6*theta**2 + 3.4e-5*theta + 0.000134
    Diffusion: theta=5.068709e-04, omega=4.342804e-05

--- Chunk 52162 (23/220) | Start: 2025-02-21 18:40:00 ---
    RMSE omega (GP): 0.009205 | RMSE omega (Sim): 0.105832
    Loss: 2.6517 | Epoch: 1071
    Eq omega: -0.003121 + 0.01853theta + -0.00629omega + -0.00263theta^2 + 0.00115theta omega + 0.01319omega^2
    Eq omega Phys: 0.005178*omega**2 + 1.5e-5*omega*theta - 0.000332*omega - 1.0e-6*theta**2 + 3.9e-5*theta - 0.000252
    Diffusion: theta=1.667395e-03, omega=4.771200e-05

--- Chunk 52163 (24/220) | Start: 2025-02-21 18:45:00 ---
    RMSE omega (GP): nan | RMSE omega (Sim): nan
    Loss: 466.5900 | Epoch: 25
    Eq omega: nan1 + nantheta + nanomega + nantheta^2 + nantheta omega + nanomega^2
    Eq omega Phys: N/A
    Diffusion: theta=nan, omega=nan

--- Chunk 52164 (25/220) | Start: 2025-02-21 18:50:00 ---
    RMSE omega (GP): 0.009370 | RMSE omega (Sim): 0.077191
    Loss: 3.6345 | Epoch: 645
    Eq omega: -0.016301 + -0.68157theta + -0.01634omega + -0.00533theta^2 + -0.01369theta omega + 0.03310omega^2
    Eq omega Phys: 0.013463*omega**2 - 0.000186*omega*theta - 0.001533*omega - 2.0e-6*theta**2 - 0.000783*theta - 0.004147
    Diffusion: theta=1.408020e-03, omega=2.868953e-05

--- Chunk 52165 (26/220) | Start: 2025-02-21 18:55:00 ---
    RMSE omega (GP): 0.012169 | RMSE omega (Sim): 0.103931
    Loss: 7.3833 | Epoch: 387
    Eq omega: -0.006551 + 0.00258theta + 0.00771omega + -0.00010theta^2 + -0.00003theta omega + 0.00140omega^2
    Eq omega Phys: 0.000531*omega**2 + 0.000254*omega + 2.0e-6*theta - 2.0e-6
    Diffusion: theta=nan, omega=nan

--- Chunk 52166 (27/220) | Start: 2025-02-21 19:00:00 ---
    RMSE omega (GP): 0.010018 | RMSE omega (Sim): 0.124387
    Loss: 1.8198 | Epoch: 972
    Eq omega: 0.004091 + -0.45840theta + -0.00294omega + -0.00114theta^2 + -0.00439theta omega + 0.01904omega^2
    Eq omega Phys: 0.006447*omega**2 - 5.0e-5*omega*theta - 0.000384*omega - 0.000514*theta - 0.002945
    Diffusion: theta=4.794933e-04, omega=3.948295e-05

--- Chunk 52167 (28/220) | Start: 2025-02-21 19:05:00 ---
    RMSE omega (GP): 0.011546 | RMSE omega (Sim): 0.064733
    Loss: 14.3166 | Epoch: 1689
    Eq omega: 0.000341 + -0.00095theta + -0.00055omega + 0.00002theta^2 + 0.00033theta omega + 0.00588omega^2
    Eq omega Phys: 0.003143*omega**2 + 6.0e-6*omega*theta - 7.2e-5*omega - 1.0e-6*theta + 1.1e-5
    Diffusion: theta=3.572255e-04, omega=4.097230e-05

--- Chunk 52168 (29/220) | Start: 2025-02-21 19:10:00 ---
    RMSE omega (GP): 0.009886 | RMSE omega (Sim): 0.096042
    Loss: 4.9249 | Epoch: 1209
    Eq omega: 0.038871 + -0.76963theta + -0.01552omega + -0.16521theta^2 + 0.00084theta omega + -0.00440omega^2
    Eq omega Phys: -0.001846*omega**2 + 1.2e-5*omega*theta - 0.000572*omega - 7.7e-5*theta**2 - 0.000133*theta + 0.002419
    Diffusion: theta=1.619446e-03, omega=3.563948e-05

--- Chunk 52169 (30/220) | Start: 2025-02-21 19:15:00 ---
    RMSE omega (GP): 0.013240 | RMSE omega (Sim): 0.084183
    Loss: 15.4364 | Epoch: 1394
    Eq omega: 0.000781 + -0.00874theta + 0.00443omega + 0.00034theta^2 + -0.01123theta omega + -0.00018omega^2
    Eq omega Phys: -8.6e-5*omega**2 - 0.000179*omega*theta + 0.000604*omega - 1.1e-5*theta + 2.8e-5
    Diffusion: theta=2.498200e-04, omega=4.404922e-05

--- Chunk 52170 (31/220) | Start: 2025-02-21 19:20:00 ---
    RMSE omega (GP): 0.010309 | RMSE omega (Sim): 0.139687
    Loss: 8.1335 | Epoch: 537
    Eq omega: 0.001651 + -0.01099theta + -0.00048omega + -0.00018theta^2 + 0.00345theta omega + 0.00261omega^2
    Eq omega Phys: 0.001236*omega**2 + 5.4e-5*omega*theta + 3.3e-5*omega - 1.2e-5*theta - 7.0e-6
    Diffusion: theta=7.130016e-04, omega=5.724525e-05

--- Chunk 52171 (32/220) | Start: 2025-02-21 19:25:00 ---
    RMSE omega (GP): 0.029268 | RMSE omega (Sim): 0.085857
    Loss: 67.2391 | Epoch: 82
    Eq omega: 0.000721 + -0.00402theta + 0.00083omega + -0.00198theta^2 + 0.00021theta omega + -0.00165omega^2
    Eq omega Phys: -0.000678*omega**2 + 3.0e-6*omega*theta + 4.1e-5*omega - 0.e-6*theta**2 - 1.3e-5*theta - 3.9e-5
    Diffusion: theta=2.692790e-03, omega=2.896772e-05

--- Chunk 52172 (33/220) | Start: 2025-02-21 19:30:00 ---
    RMSE omega (GP): 0.008900 | RMSE omega (Sim): 0.092891
    Loss: 2.3205 | Epoch: 684
    Eq omega: -0.000111 + -0.03933theta + 0.00192omega + -0.00114theta^2 + -0.00149theta omega + -0.00096omega^2
    Eq omega Phys: -0.000372*omega**2 - 1.9e-5*omega*theta - 3.0e-6*omega - 4.7e-5*theta - 0.000158
    Diffusion: theta=2.453193e-04, omega=5.437020e-05

--- Chunk 52173 (34/220) | Start: 2025-02-21 19:35:00 ---
    RMSE omega (GP): 0.008901 | RMSE omega (Sim): 0.116711
    Loss: 4.7098 | Epoch: 1122
    Eq omega: -0.000641 + 0.00258theta + -0.00625omega + -0.00049theta^2 + -0.00298theta omega + -0.00221omega^2
    Eq omega Phys: -0.001012*omega**2 - 4.6e-5*omega*theta + 0.000273*omega + 8.0e-6*theta - 6.0e-5
    Diffusion: theta=1.600715e-03, omega=2.700852e-05

--- Chunk 52174 (35/220) | Start: 2025-02-21 19:40:00 ---
    RMSE omega (GP): 0.009887 | RMSE omega (Sim): 0.112325
    Loss: 1.7269 | Epoch: 989
    Eq omega: 0.001121 + -0.00064theta + 0.00075omega + 0.00134theta^2 + 0.00023theta omega + 0.00102omega^2
    Eq omega Phys: 0.000364*omega**2 + 3.0e-6*omega*theta + 7.0e-6*omega + 1.0e-6*theta**2 - 8.0e-6*theta + 3.0e-5
    Diffusion: theta=6.518655e-03, omega=2.665347e-05

--- Chunk 52175 (36/220) | Start: 2025-02-21 19:45:00 ---
    RMSE omega (GP): 0.009234 | RMSE omega (Sim): 0.099503
    Loss: 4.7975 | Epoch: 632
    Eq omega: -0.000611 + 0.00122theta + -0.00188omega + 0.00008theta^2 + 0.00045theta omega + -0.00070omega^2
    Eq omega Phys: -0.000314*omega**2 + 7.0e-6*omega*theta - 2.2e-5*omega + 2.0e-6*theta + 8.0e-6
    Diffusion: theta=2.261273e-04, omega=3.766000e-05

--- Chunk 52176 (37/220) | Start: 2025-02-21 19:50:00 ---
    RMSE omega (GP): 0.009862 | RMSE omega (Sim): 0.080822
    Loss: 7.2563 | Epoch: 1420
    Eq omega: -0.005831 + 0.00037theta + -0.00340omega + -0.00134theta^2 + 0.01096theta omega + 0.00356omega^2
    Eq omega Phys: 0.001708*omega**2 + 0.000175*omega*theta + 0.000426*omega - 0.e-6*theta**2 - 4.0e-6*theta - 1.9e-5
    Diffusion: theta=3.496969e-03, omega=4.036058e-05

--- Chunk 52177 (38/220) | Start: 2025-02-21 19:55:00 ---
    RMSE omega (GP): 0.043062 | RMSE omega (Sim): 0.082005
    Loss: 176.0102 | Epoch: 37
    Eq omega: 0.000301 + -0.08490theta + 0.00229omega + 0.00096theta^2 + 0.05005theta omega + 0.00160omega^2
    Eq omega Phys: 0.000647*omega**2 + 0.000674*omega*theta + 0.00269*omega - 9.1e-5*theta - 0.000358
    Diffusion: theta=8.657190e-03, omega=2.231717e-05

--- Chunk 52178 (39/220) | Start: 2025-02-21 20:00:00 ---
    RMSE omega (GP): 0.009435 | RMSE omega (Sim): 0.765468
    Loss: 8.0807 | Epoch: 1016
    Eq omega: 0.003421 + -0.01900theta + 0.04385omega + 0.00779theta^2 + 0.00125theta omega + 0.00336omega^2
    Eq omega Phys: 0.001736*omega**2 + 2.2e-5*omega*theta + 0.00153*omega + 4.0e-6*theta**2 + 7.0e-6*theta - 1.5e-5
    Diffusion: theta=3.060069e-04, omega=3.741427e-05

--- Chunk 52179 (40/220) | Start: 2025-02-21 20:05:00 ---
    RMSE omega (GP): 0.010287 | RMSE omega (Sim): 0.098457
    Loss: 3.9907 | Epoch: 1184
    Eq omega: 0.007951 + -1.04708theta + -0.00438omega + 0.00344theta^2 + -0.00747theta omega + -0.00044omega^2
    Eq omega Phys: -0.00017*omega**2 - 9.6e-5*omega*theta - 0.000143*omega + 1.0e-6*theta**2 - 0.001164*theta + 5.9e-5
    Diffusion: theta=3.382411e-04, omega=4.953016e-05

--- Chunk 52180 (41/220) | Start: 2025-02-21 20:10:00 ---
    RMSE omega (GP): 0.010969 | RMSE omega (Sim): 0.076939
    Loss: 6.8685 | Epoch: 2682
    Eq omega: -0.001001 + 0.00089theta + -0.00032omega + -0.00017theta^2 + -0.00002theta omega + -0.00347omega^2
    Eq omega Phys: -0.001494*omega**2 - 5.0e-6*omega + 4.0e-6*theta - 5.3e-5
    Diffusion: theta=1.409246e-03, omega=3.182729e-05

--- Chunk 52181 (42/220) | Start: 2025-02-21 20:15:00 ---
    RMSE omega (GP): 0.012114 | RMSE omega (Sim): 0.116982
    Loss: 18.4637 | Epoch: 97
    Eq omega: 0.005321 + -0.87088theta + -0.00544omega + -0.11382theta^2 + -0.02421theta omega + 0.03749omega^2
    Eq omega Phys: 0.020926*omega**2 - 0.00045*omega*theta - 0.001607*omega - 7.1e-5*theta**2 - 0.001414*theta - 0.003758
    Diffusion: theta=9.871420e-04, omega=1.865353e-05

--- Chunk 52182 (43/220) | Start: 2025-02-21 20:20:00 ---
    RMSE omega (GP): 0.009008 | RMSE omega (Sim): 0.088420
    Loss: 6.2710 | Epoch: 1338
    Eq omega: 0.001821 + -0.00111theta + -0.00165omega + -0.00008theta^2 + -0.00288theta omega + -0.00059omega^2
    Eq omega Phys: -0.000284*omega**2 - 4.6e-5*omega*theta + 0.000112*omega - 0.e-6*theta + 8.0e-6
    Diffusion: theta=1.103063e-03, omega=3.961329e-05

--- Chunk 52183 (44/220) | Start: 2025-02-21 20:25:00 ---
    RMSE omega (GP): 0.008228 | RMSE omega (Sim): 0.121183
    Loss: 4.8079 | Epoch: 650
    Eq omega: -0.012461 + -1.21160theta + 0.00371omega + 0.01838theta^2 + -0.00812theta omega + -0.01423omega^2
    Eq omega Phys: -0.00712*omega**2 - 0.000135*omega*theta - 0.000296*omega + 1.0e-5*theta**2 - 0.001283*theta - 0.004105
    Diffusion: theta=4.071445e-04, omega=3.557290e-05

--- Chunk 52184 (45/220) | Start: 2025-02-21 20:30:00 ---
    RMSE omega (GP): 0.009161 | RMSE omega (Sim): 0.121558
    Loss: 0.6848 | Epoch: 1018
    Eq omega: 0.003111 + -1.79079theta + 0.01302omega + -0.02515theta^2 + 0.00858theta omega + 0.00287omega^2
    Eq omega Phys: 0.000921*omega**2 + 9.2e-5*omega*theta + 0.00074*omega - 9.0e-6*theta**2 - 0.00205*theta - 0.006728
    Diffusion: theta=1.494360e-03, omega=5.475255e-05

--- Chunk 52185 (46/220) | Start: 2025-02-21 20:35:00 ---
    RMSE omega (GP): nan | RMSE omega (Sim): nan
    Loss: 667.9352 | Epoch: 15
    Eq omega: nan1 + nantheta + nanomega + nantheta^2 + nantheta omega + nanomega^2
    Eq omega Phys: N/A
    Diffusion: theta=nan, omega=nan

--- Chunk 52186 (47/220) | Start: 2025-02-21 20:40:00 ---
    RMSE omega (GP): 0.011723 | RMSE omega (Sim): 0.088123
    Loss: 9.1219 | Epoch: 1838
    Eq omega: -0.005781 + -0.00326theta + 0.00086omega + 0.00163theta^2 + -0.00273theta omega + 0.00929omega^2
    Eq omega Phys: 0.003999*omega**2 - 3.9e-5*omega*theta - 0.000122*omega + 1.0e-6*theta**2 + 2.0e-6*theta - 1.7e-5
    Diffusion: theta=1.355066e-03, omega=4.420829e-05

--- Chunk 52187 (48/220) | Start: 2025-02-21 20:45:00 ---
    RMSE omega (GP): 0.009138 | RMSE omega (Sim): 0.115130
    Loss: 5.7429 | Epoch: 989
    Eq omega: -0.005221 + -1.64173theta + -0.01755omega + 0.05334theta^2 + -0.00635theta omega + -0.00345omega^2
    Eq omega Phys: -0.001639*omega**2 - 0.000101*omega*theta - 0.000899*omega + 2.8e-5*theta**2 - 0.001648*theta - 0.00543
    Diffusion: theta=2.747163e-04, omega=4.602037e-05

--- Chunk 52188 (49/220) | Start: 2025-02-21 20:50:00 ---
    RMSE omega (GP): 0.011940 | RMSE omega (Sim): 0.155849
    Loss: 6.5982 | Epoch: 1852
    Eq omega: 0.000481 + 0.00006theta + -0.00087omega + -0.00109theta^2 + 0.00129theta omega + 0.00026omega^2
    Eq omega Phys: 9.9e-5*omega**2 + 1.6e-5*omega*theta - 0.000113*omega + 5.0e-6*theta - 1.1e-5
    Diffusion: theta=3.485076e-04, omega=6.544722e-05

--- Chunk 52189 (50/220) | Start: 2025-02-21 20:55:00 ---
    RMSE omega (GP): 0.011483 | RMSE omega (Sim): 0.079847
    Loss: 9.3896 | Epoch: 2175
    Eq omega: -0.001681 + -0.00104theta + -0.00148omega + 0.00002theta^2 + -0.00008theta omega + 0.00009omega^2
    Eq omega Phys: 4.0e-5*omega**2 - 1.0e-6*omega*theta - 2.6e-5*omega - 2.0e-6*theta + 2.3e-5
    Diffusion: theta=3.257218e-03, omega=4.084987e-05

  [Progress 50/220] Mean RMSE omega (GP): 0.014035 | (Sim): 0.122258 | Mean loss: -1153.8916 | Valid GP: 38/50 | Valid Sim: 38/50 | Elapsed: 14.5min | ETA: 49.5min

--- Chunk 52190 (51/220) | Start: 2025-02-21 21:00:00 ---
    RMSE omega (GP): 0.012079 | RMSE omega (Sim): 0.098520
    Loss: 4.8059 | Epoch: 1050
    Eq omega: -0.000661 + -0.00441theta + -0.00263omega + -0.00079theta^2 + 0.00070theta omega + -0.00051omega^2
    Eq omega Phys: -0.000174*omega**2 + 8.0e-6*omega*theta - 3.2e-5*omega - 9.0e-6*theta - 5.1e-5
    Diffusion: theta=1.554825e-03, omega=5.330267e-05

--- Chunk 52191 (52/220) | Start: 2025-02-21 21:05:00 ---
    RMSE omega (GP): 0.008873 | RMSE omega (Sim): 0.092057
    Loss: 4.5311 | Epoch: 1845
    Eq omega: 0.001491 + -0.00103theta + 0.00356omega + 0.00165theta^2 + 0.00751theta omega + -0.00132omega^2
    Eq omega Phys: -0.000592*omega**2 + 0.000112*omega*theta + 0.000977*omega + 1.0e-6*theta**2 + 1.1e-5*theta + 4.3e-5
    Diffusion: theta=1.893363e-04, omega=5.108042e-05

--- Chunk 52192 (53/220) | Start: 2025-02-21 21:10:00 ---
    RMSE omega (GP): 0.010884 | RMSE omega (Sim): 0.077124
    Loss: 4.2983 | Epoch: 1370
    Eq omega: -0.005351 + 0.00531theta + -0.00605omega + 0.01966theta^2 + -0.00822theta omega + 0.00437omega^2
    Eq omega Phys: 0.001919*omega**2 - 0.00012*omega*theta + 0.000493*omega + 1.0e-5*theta**2 - 0.000105*theta + 0.000272
    Diffusion: theta=2.801804e-04, omega=5.061813e-05

--- Chunk 52193 (54/220) | Start: 2025-02-21 21:15:00 ---
    RMSE omega (GP): 0.010177 | RMSE omega (Sim): 0.125400
    Loss: 7.9383 | Epoch: 1189
    Eq omega: 0.004611 + -0.00038theta + -0.00432omega + -0.00013theta^2 + 0.00124theta omega + 0.00142omega^2
    Eq omega Phys: 0.000682*omega**2 + 2.0e-5*omega*theta - 0.000308*omega + 1.0e-6*theta + 9.0e-6
    Diffusion: theta=1.403078e-04, omega=3.978386e-05

--- Chunk 52194 (55/220) | Start: 2025-02-21 21:20:00 ---
    RMSE omega (GP): nan | RMSE omega (Sim): nan
    Loss: 77.2909 | Epoch: 43
    Eq omega: nan1 + nantheta + nanomega + nantheta^2 + nantheta omega + nanomega^2
    Eq omega Phys: N/A
    Diffusion: theta=nan, omega=nan

--- Chunk 52195 (56/220) | Start: 2025-02-21 21:25:00 ---
    RMSE omega (GP): 0.009114 | RMSE omega (Sim): 0.076846
    Loss: 6.1090 | Epoch: 1231
    Eq omega: 0.000011 + -1.34423theta + 0.00318omega + -0.01888theta^2 + 0.01568theta omega + -0.00196omega^2
    Eq omega Phys: -0.00097*omega**2 + 0.000259*omega*theta - 4.3e-5*omega - 1.0e-5*theta**2 - 0.001482*theta + 0.00086
    Diffusion: theta=9.124204e-05, omega=4.127787e-05

--- Chunk 52196 (57/220) | Start: 2025-02-21 21:30:00 ---
    RMSE omega (GP): 0.012126 | RMSE omega (Sim): 0.097141
    Loss: 12.3427 | Epoch: 1084
    Eq omega: -0.001171 + -0.00267theta + 0.00204omega + 0.00208theta^2 + 0.00251theta omega + -0.00222omega^2
    Eq omega Phys: -0.001044*omega**2 + 3.9e-5*omega*theta + 0.000209*omega + 1.0e-6*theta**2 + 5.0e-6*theta + 1.0e-6
    Diffusion: theta=1.410014e-03, omega=3.842394e-05

--- Chunk 52197 (58/220) | Start: 2025-02-21 21:35:00 ---
    RMSE omega (GP): 0.011035 | RMSE omega (Sim): 0.097520
    Loss: 7.6048 | Epoch: 799
    Eq omega: 0.000251 + -0.99064theta + -0.01236omega + -0.00363theta^2 + -0.00362theta omega + -0.00905omega^2
    Eq omega Phys: -0.003956*omega**2 - 5.3e-5*omega*theta - 0.000329*omega - 2.0e-6*theta**2 - 0.001095*theta + 0.001721
    Diffusion: theta=3.313568e-04, omega=4.450046e-05

--- Chunk 52198 (59/220) | Start: 2025-02-21 21:40:00 ---
    RMSE omega (GP): 0.009582 | RMSE omega (Sim): 0.100082
    Loss: 1.9315 | Epoch: 1153
    Eq omega: -0.002371 + -1.76661theta + 0.02593omega + -0.41420theta^2 + -0.92026theta omega + -0.00049omega^2
    Eq omega Phys: -0.00017*omega**2 - 0.010658*omega*theta - 0.006072*omega - 0.00016*theta**2 - 0.002171*theta - 0.001353
    Diffusion: theta=4.474430e-04, omega=7.673704e-05

--- Chunk 52199 (60/220) | Start: 2025-02-21 21:45:00 ---
    RMSE omega (GP): 0.009202 | RMSE omega (Sim): 0.127715
    Loss: 7.6910 | Epoch: 2773
    Eq omega: -0.003651 + -0.00070theta + -0.01519omega + -0.00027theta^2 + -0.00043theta omega + 0.00048omega^2
    Eq omega Phys: 0.00025*omega**2 - 7.0e-6*omega*theta - 0.00057*omega - 3.0e-6*theta - 2.6e-5
    Diffusion: theta=2.408371e-04, omega=3.821181e-05

--- Chunk 52200 (61/220) | Start: 2025-02-21 21:50:00 ---
    RMSE omega (GP): 0.009506 | RMSE omega (Sim): 0.105933
    Loss: 6.6039 | Epoch: 1673
    Eq omega: -0.002381 + -0.00228theta + 0.00244omega + 0.00313theta^2 + 0.00010theta omega + 0.00014omega^2
    Eq omega Phys: 6.6e-5*omega**2 + 2.0e-6*omega*theta + 9.0e-5*omega + 2.0e-6*theta**2 + 1.6e-5*theta + 3.2e-5
    Diffusion: theta=1.181170e-03, omega=3.925464e-05

--- Chunk 52201 (62/220) | Start: 2025-02-21 21:55:00 ---
    RMSE omega (GP): 0.008368 | RMSE omega (Sim): 0.108669
    Loss: 3.3226 | Epoch: 2424
    Eq omega: 0.000911 + -1.76904theta + -0.00283omega + 0.64685theta^2 + -0.02894theta omega + -0.10848omega^2
    Eq omega Phys: -0.047198*omega**2 - 0.00042*omega*theta + 0.000125*omega + 0.000313*theta**2 - 0.002293*theta + 0.001117
    Diffusion: theta=1.047765e-03, omega=4.344125e-05

--- Chunk 52202 (63/220) | Start: 2025-02-21 22:00:00 ---
    RMSE omega (GP): nan | RMSE omega (Sim): nan
    Loss: 194.6654 | Epoch: 27
    Eq omega: nan1 + nantheta + nanomega + nantheta^2 + nantheta omega + nanomega^2
    Eq omega Phys: N/A
    Diffusion: theta=nan, omega=nan

--- Chunk 52203 (64/220) | Start: 2025-02-21 22:05:00 ---
    RMSE omega (GP): 0.008501 | RMSE omega (Sim): 0.201450
    Loss: 3.1669 | Epoch: 1483
    Eq omega: -0.000221 + -0.00057theta + -0.00000omega + -0.00013theta^2 + 0.00057theta omega + -0.00049omega^2
    Eq omega Phys: -0.000211*omega**2 + 8.0e-6*omega*theta - 5.7e-5*omega + 1.0e-6
    Diffusion: theta=2.401448e-04, omega=3.928206e-05

--- Chunk 52204 (65/220) | Start: 2025-02-21 22:10:00 ---
    RMSE omega (GP): 0.007922 | RMSE omega (Sim): 0.197406
    Loss: -0.0317 | Epoch: 1166
    Eq omega: 0.002661 + -0.68085theta + -0.00534omega + -0.00045theta^2 + 0.00296theta omega + 0.00410omega^2
    Eq omega Phys: 0.001377*omega**2 + 3.3e-5*omega*theta + 7.4e-5*omega - 0.000759*theta - 0.005763
    Diffusion: theta=2.080396e-04, omega=4.188312e-05

--- Chunk 52205 (66/220) | Start: 2025-02-21 22:15:00 ---
    RMSE omega (GP): 0.008983 | RMSE omega (Sim): 0.124634
    Loss: 1.8336 | Epoch: 1154
    Eq omega: -0.015121 + -1.18250theta + -0.35710omega + -0.18792theta^2 + -0.18669theta omega + 0.01236omega^2
    Eq omega Phys: 0.004587*omega**2 - 0.00231*omega*theta - 0.027927*omega - 7.7e-5*theta**2 - 0.002389*theta - 0.012891
    Diffusion: theta=2.688012e-04, omega=3.924671e-05

--- Chunk 52206 (67/220) | Start: 2025-02-21 22:20:00 ---
    RMSE omega (GP): 0.021536 | RMSE omega (Sim): nan
    Loss: -76.3761 | Epoch: 721
    Eq omega: -0.004571 + -0.06562theta + -0.03746omega + 0.06418theta^2 + -0.00337theta omega + -0.00430omega^2
    Eq omega Phys: -0.00151*omega**2 - 3.9e-5*omega*theta - 0.000758*omega + 2.5e-5*theta**2 - 0.000696*theta + 0.004764
    Diffusion: theta=1.697291e-02, omega=3.623958e-05

--- Chunk 52207 (68/220) | Start: 2025-02-21 22:25:00 ---
    RMSE omega (GP): 0.010557 | RMSE omega (Sim): 0.072920
    Loss: 8.1624 | Epoch: 1260
    Eq omega: 0.002321 + 0.00010theta + 0.00274omega + 0.00015theta^2 + 0.00043theta omega + 0.00016omega^2
    Eq omega Phys: 7.3e-5*omega**2 + 7.0e-6*omega*theta + 2.5e-5*omega - 1.0e-6*theta + 1.2e-5
    Diffusion: theta=1.372500e-03, omega=4.543273e-05

--- Chunk 52208 (69/220) | Start: 2025-02-21 22:30:00 ---
    RMSE omega (GP): nan | RMSE omega (Sim): nan
    Loss: 175.8778 | Epoch: 46
    Eq omega: nan1 + nantheta + nanomega + nantheta^2 + nantheta omega + nanomega^2
    Eq omega Phys: N/A
    Diffusion: theta=nan, omega=nan

--- Chunk 52209 (70/220) | Start: 2025-02-21 22:35:00 ---
    RMSE omega (GP): 0.009764 | RMSE omega (Sim): 0.117196
    Loss: 2.3161 | Epoch: 1201
    Eq omega: -0.001351 + 0.00040theta + -0.00243omega + -0.00023theta^2 + -0.00031theta omega + -0.00011omega^2
    Eq omega Phys: -4.0e-5*omega**2 - 4.0e-6*omega*theta - 0.00014*omega - 2.0e-6*theta - 2.0e-5
    Diffusion: theta=2.678982e-04, omega=4.687415e-05

--- Chunk 52210 (71/220) | Start: 2025-02-21 22:40:00 ---
    RMSE omega (GP): 0.013995 | RMSE omega (Sim): 0.064039
    Loss: 10.7532 | Epoch: 1056
    Eq omega: 0.007871 + -0.10576theta + 0.00169omega + 0.00011theta^2 + 0.00164theta omega + -0.00398omega^2
    Eq omega Phys: -0.001557*omega**2 + 2.1e-5*omega*theta - 0.000286*omega - 0.000119*theta + 0.001918
    Diffusion: theta=4.567760e-04, omega=4.024282e-05

--- Chunk 52211 (72/220) | Start: 2025-02-21 22:45:00 ---
    RMSE omega (GP): 0.008256 | RMSE omega (Sim): 0.730555
    Loss: 1.5570 | Epoch: 1079
    Eq omega: -0.011691 + -0.24637theta + -0.04414omega + 0.06681theta^2 + 0.01237theta omega + -0.07451omega^2
    Eq omega Phys: -0.027984*omega**2 + 0.000155*omega*theta - 0.003521*omega + 2.8e-5*theta**2 - 0.001012*theta + 0.008471
    Diffusion: theta=1.585875e-03, omega=4.678866e-05

--- Chunk 52212 (73/220) | Start: 2025-02-21 22:50:00 ---
    RMSE omega (GP): 0.021815 | RMSE omega (Sim): 0.118731
    Loss: 34.8001 | Epoch: 98
    Eq omega: 0.005991 + 0.00013theta + -0.00141omega + -0.00019theta^2 + 0.00015theta omega + 0.00024omega^2
    Eq omega Phys: 9.0e-5*omega**2 + 2.0e-6*omega*theta - 6.3e-5*omega + 1.0e-6*theta + 1.1e-5
    Diffusion: theta=4.855730e-03, omega=2.454477e-05

--- Chunk 52213 (74/220) | Start: 2025-02-21 22:55:00 ---
    RMSE omega (GP): 0.011674 | RMSE omega (Sim): 0.132622
    Loss: 3.0080 | Epoch: 623
    Eq omega: -0.004521 + -0.01703theta + -0.00560omega + -0.00225theta^2 + -0.00315theta omega + -0.00204omega^2
    Eq omega Phys: -0.000639*omega**2 - 3.3e-5*omega*theta - 0.00027*omega - 0.e-6*theta**2 - 2.3e-5*theta - 6.9e-5
    Diffusion: theta=2.865383e-03, omega=5.123280e-05

--- Chunk 52214 (75/220) | Start: 2025-02-21 23:00:00 ---
    RMSE omega (GP): 0.041961 | RMSE omega (Sim): 0.078887
    Loss: 343.1025 | Epoch: 107
    Eq omega: 0.000391 + 0.00017theta + -0.00012omega + -0.00004theta^2 + 0.00006theta omega + -0.00036omega^2
    Eq omega Phys: -0.000227*omega**2 + 1.0e-6*omega*theta - 3.0e-5*omega + 1.0e-6*theta - 1.5e-5
    Diffusion: theta=nan, omega=nan

--- Chunk 52215 (76/220) | Start: 2025-02-21 23:05:00 ---
    RMSE omega (GP): 0.010924 | RMSE omega (Sim): 0.095596
    Loss: 3.8320 | Epoch: 1196
    Eq omega: -0.001711 + -0.00221theta + -0.00240omega + -0.00058theta^2 + -0.00321theta omega + 0.00198omega^2
    Eq omega Phys: 0.000694*omega**2 - 3.8e-5*omega*theta + 0.000224*omega + 1.0e-6*theta
    Diffusion: theta=1.165323e-03, omega=5.694076e-05

--- Chunk 52216 (77/220) | Start: 2025-02-21 23:10:00 ---
    RMSE omega (GP): 0.011258 | RMSE omega (Sim): 0.105370
    Loss: 5.1889 | Epoch: 1522
    Eq omega: 0.005741 + -0.00104theta + -0.00068omega + -0.00054theta^2 + -0.00091theta omega + -0.00161omega^2
    Eq omega Phys: -0.000602*omega**2 - 1.1e-5*omega*theta + 6.2e-5*omega + 2.0e-6*theta + 1.3e-5
    Diffusion: theta=2.608324e-04, omega=7.083994e-05

--- Chunk 52217 (78/220) | Start: 2025-02-21 23:15:00 ---
    RMSE omega (GP): 0.010953 | RMSE omega (Sim): 0.080141
    Loss: 1.2845 | Epoch: 1891
    Eq omega: -0.003951 + -0.14881theta + -0.00292omega + 0.00016theta^2 + -0.00227theta omega + -0.00403omega^2
    Eq omega Phys: -0.001141*omega**2 - 2.1e-5*omega*theta + 9.7e-5*omega - 0.000166*theta + 0.001486
    Diffusion: theta=3.497580e-04, omega=6.421076e-05

--- Chunk 52218 (79/220) | Start: 2025-02-21 23:20:00 ---
    RMSE omega (GP): 0.009698 | RMSE omega (Sim): 0.094719
    Loss: 4.1674 | Epoch: 1504
    Eq omega: 0.000551 + -0.00065theta + 0.00141omega + -0.00008theta^2 + 0.00074theta omega + 0.00239omega^2
    Eq omega Phys: 0.000947*omega**2 + 1.0e-5*omega*theta - 2.9e-5*omega + 5.0e-6
    Diffusion: theta=2.603601e-03, omega=3.927622e-05

--- Chunk 52219 (80/220) | Start: 2025-02-21 23:25:00 ---
    RMSE omega (GP): nan | RMSE omega (Sim): nan
    Loss: 3.7988 | Epoch: 145
    Eq omega: nan1 + nantheta + nanomega + nantheta^2 + nantheta omega + nanomega^2
    Eq omega Phys: N/A
    Diffusion: theta=nan, omega=nan

--- Chunk 52220 (81/220) | Start: 2025-02-21 23:30:00 ---
    RMSE omega (GP): 0.038095 | RMSE omega (Sim): 0.102684
    Loss: 94.2733 | Epoch: 339
    Eq omega: 0.003291 + -0.00303theta + 0.00769omega + -0.00049theta^2 + 0.00051theta omega + -0.00079omega^2
    Eq omega Phys: -0.000278*omega**2 + 6.0e-6*omega*theta + 0.000292*omega - 6.0e-6*theta - 1.7e-5
    Diffusion: theta=4.866443e-02, omega=3.756028e-05

--- Chunk 52221 (82/220) | Start: 2025-02-21 23:35:00 ---
    RMSE omega (GP): 0.010672 | RMSE omega (Sim): 0.202634
    Loss: 2.6322 | Epoch: 1008
    Eq omega: -0.000491 + -0.00203theta + 0.00581omega + 0.00115theta^2 + -0.00129theta omega + 0.00049omega^2
    Eq omega Phys: 0.000162*omega**2 - 1.4e-5*omega*theta + 0.00026*omega - 6.0e-6*theta + 1.8e-5
    Diffusion: theta=3.652810e-04, omega=1.076072e-04

--- Chunk 52222 (83/220) | Start: 2025-02-21 23:40:00 ---
    RMSE omega (GP): 0.009503 | RMSE omega (Sim): 0.114874
    Loss: 0.0588 | Epoch: 1460
    Eq omega: 0.005201 + -0.00124theta + -0.00158omega + -0.00044theta^2 + 0.00110theta omega + 0.00775omega^2
    Eq omega Phys: 0.002301*omega**2 + 1.1e-5*omega*theta - 0.000207*omega + 3.0e-6*theta + 1.0e-5
    Diffusion: theta=2.553424e-04, omega=4.396148e-05

--- Chunk 52223 (84/220) | Start: 2025-02-21 23:45:00 ---
    RMSE omega (GP): 0.013251 | RMSE omega (Sim): 0.177851
    Loss: 6.4124 | Epoch: 2420
    Eq omega: 0.002561 + 0.00017theta + 0.00745omega + 0.00059theta^2 + -0.00131theta omega + -0.00015omega^2
    Eq omega Phys: -5.1e-5*omega**2 - 1.5e-5*omega*theta + 0.00035*omega - 3.0e-6*theta + 1.8e-5
    Diffusion: theta=3.553988e-04, omega=7.015873e-05

--- Chunk 52224 (85/220) | Start: 2025-02-21 23:50:00 ---
    RMSE omega (GP): 0.013023 | RMSE omega (Sim): 0.071682
    Loss: 8.8336 | Epoch: 1596
    Eq omega: -0.000701 + 0.00004theta + 0.00006omega + 0.00000theta^2 + 0.00006theta omega + 0.00041omega^2
    Eq omega Phys: 0.000227*omega**2 + 1.0e-6*omega*theta - 1.9e-5*omega - 2.0e-6
    Diffusion: theta=1.004729e-03, omega=3.479256e-05

--- Chunk 52225 (86/220) | Start: 2025-02-21 23:55:00 ---
    RMSE omega (GP): 0.051016 | RMSE omega (Sim): 0.091855
    Loss: 235.9350 | Epoch: 84
    Eq omega: -0.000421 + 0.00074theta + 0.00028omega + 0.00044theta^2 + -0.00014theta omega + -0.00064omega^2
    Eq omega Phys: -0.000278*omega**2 - 2.0e-6*omega*theta + 3.6e-5*omega - 5.0e-6*theta + 2.6e-5
    Diffusion: theta=nan, omega=nan

--- Chunk 52226 (87/220) | Start: 2025-02-22 00:00:00 ---
    RMSE omega (GP): 0.018267 | RMSE omega (Sim): 0.093018
    Loss: 23.9985 | Epoch: 1493
    Eq omega: -0.010281 + -0.00660theta + -0.00368omega + 0.00252theta^2 + -0.00079theta omega + -0.00538omega^2
    Eq omega Phys: -0.002167*omega**2 - 1.1e-5*omega*theta + 0.000222*omega + 1.0e-6*theta**2 - 8.1e-5*theta + 0.001397
    Diffusion: theta=1.907325e-03, omega=1.971461e-05

--- Chunk 52227 (88/220) | Start: 2025-02-22 00:05:00 ---
    RMSE omega (GP): 0.013701 | RMSE omega (Sim): 0.151415
    Loss: 3.0868 | Epoch: 1567
    Eq omega: -0.003961 + -0.74886theta + 0.00832omega + 0.00439theta^2 + -0.03241theta omega + 0.00467omega^2
    Eq omega Phys: 0.001273*omega**2 - 0.000294*omega*theta - 0.000127*omega + 1.0e-6*theta**2 - 0.000828*theta - 0.001156
    Diffusion: theta=1.563044e-03, omega=6.155141e-05

--- Chunk 52228 (89/220) | Start: 2025-02-22 00:10:00 ---
    RMSE omega (GP): 0.010903 | RMSE omega (Sim): 0.154696
    Loss: 2.2607 | Epoch: 982
    Eq omega: 0.000551 + -0.69862theta + 0.00285omega + -0.20297theta^2 + 0.04018theta omega + 0.03513omega^2
    Eq omega Phys: 0.010807*omega**2 + 0.000412*omega*theta + 0.001795*omega - 6.9e-5*theta**2 - 0.001349*theta - 0.004382
    Diffusion: theta=6.790209e-04, omega=1.144058e-04

--- Chunk 52229 (90/220) | Start: 2025-02-22 00:15:00 ---
    RMSE omega (GP): 0.009073 | RMSE omega (Sim): 0.180856
    Loss: 2.2771 | Epoch: 2277
    Eq omega: 0.000151 + -0.00099theta + -0.00057omega + 0.00004theta^2 + 0.00179theta omega + -0.00296omega^2
    Eq omega Phys: -0.001098*omega**2 + 2.2e-5*omega*theta + 0.000315*omega - 0.e-6*theta - 1.2e-5
    Diffusion: theta=3.061731e-03, omega=3.821460e-05

--- Chunk 52230 (91/220) | Start: 2025-02-22 00:20:00 ---
    RMSE omega (GP): nan | RMSE omega (Sim): nan
    Loss: 343.4544 | Epoch: 51
    Eq omega: nan1 + nantheta + nanomega + nantheta^2 + nantheta omega + nanomega^2
    Eq omega Phys: N/A
    Diffusion: theta=nan, omega=nan

--- Chunk 52231 (92/220) | Start: 2025-02-22 00:25:00 ---
    RMSE omega (GP): 0.010522 | RMSE omega (Sim): 0.110329
    Loss: 1.9263 | Epoch: 1315
    Eq omega: 0.005281 + -0.00042theta + 0.00531omega + 0.00037theta^2 + -0.00002theta omega + 0.00089omega^2
    Eq omega Phys: 0.000274*omega**2 + 0.000179*omega - 2.0e-6*theta + 2.9e-5
    Diffusion: theta=2.505091e-03, omega=7.404770e-05

--- Chunk 52232 (93/220) | Start: 2025-02-22 00:30:00 ---
    RMSE omega (GP): 0.010403 | RMSE omega (Sim): 0.204818
    Loss: 4.8241 | Epoch: 1366
    Eq omega: -0.001001 + 0.00148theta + 0.00065omega + 0.00009theta^2 + 0.00003theta omega + 0.00018omega^2
    Eq omega Phys: 7.0e-5*omega**2 + 1.4e-5*omega - 2.0e-5
    Diffusion: theta=9.139754e-04, omega=6.093007e-05

--- Chunk 52233 (94/220) | Start: 2025-02-22 00:35:00 ---
    RMSE omega (GP): 0.011393 | RMSE omega (Sim): 0.056629
    Loss: 21.1860 | Epoch: 2172
    Eq omega: 0.005091 + -0.00060theta + -0.01456omega + -0.00027theta^2 + 0.00058theta omega + 0.00062omega^2
    Eq omega Phys: 0.000381*omega**2 + 1.2e-5*omega*theta - 0.000698*omega + 6.0e-6*theta - 3.8e-5
    Diffusion: theta=2.748981e-04, omega=4.237213e-05

--- Chunk 52234 (95/220) | Start: 2025-02-22 00:40:00 ---
    RMSE omega (GP): 0.011617 | RMSE omega (Sim): 0.073924
    Loss: -0.6325 | Epoch: 2377
    Eq omega: -0.006941 + -0.20885theta + 0.00866omega + -0.09082theta^2 + -0.04566theta omega + -0.01140omega^2
    Eq omega Phys: -0.002636*omega**2 - 0.000352*omega*theta + 0.00415*omega - 2.3e-5*theta**2 + 0.00028*theta - 0.000296
    Diffusion: theta=1.968494e-03, omega=4.068682e-05

--- Chunk 52235 (96/220) | Start: 2025-02-22 00:45:00 ---
    RMSE omega (GP): nan | RMSE omega (Sim): nan
    Loss: 11932.2266 | Epoch: 19
    Eq omega: nan1 + nantheta + nanomega + nantheta^2 + nantheta omega + nanomega^2
    Eq omega Phys: N/A
    Diffusion: theta=nan, omega=nan

--- Chunk 52236 (97/220) | Start: 2025-02-22 00:50:00 ---
    RMSE omega (GP): nan | RMSE omega (Sim): nan
    Loss: 218.5058 | Epoch: 40
    Eq omega: nan1 + nantheta + nanomega + nantheta^2 + nantheta omega + nanomega^2
    Eq omega Phys: N/A
    Diffusion: theta=nan, omega=nan

--- Chunk 52237 (98/220) | Start: 2025-02-22 00:55:00 ---
    RMSE omega (GP): 0.009905 | RMSE omega (Sim): 0.199245
    Loss: -0.8779 | Epoch: 2056
    Eq omega: 0.000281 + -0.00151theta + -0.00068omega + 0.00037theta^2 + 0.00041theta omega + 0.00565omega^2
    Eq omega Phys: 0.00135*omega**2 + 3.0e-6*omega*theta + 4.3e-5*omega + 2.0e-6*theta + 7.0e-6
    Diffusion: theta=2.547385e-03, omega=5.627437e-05

--- Chunk 52238 (99/220) | Start: 2025-02-22 01:00:00 ---
    RMSE omega (GP): 0.009233 | RMSE omega (Sim): 0.150124
    Loss: 2.4617 | Epoch: 973
    Eq omega: -0.002111 + 0.00071theta + 0.00240omega + 0.00134theta^2 + -0.00020theta omega + -0.00373omega^2
    Eq omega Phys: -0.001348*omega**2 - 2.0e-6*omega*theta + 9.7e-5*omega + 1.0e-6*theta**2 - 7.0e-6*theta + 1.4e-5
    Diffusion: theta=9.293765e-04, omega=7.234262e-05

--- Chunk 52239 (100/220) | Start: 2025-02-22 01:05:00 ---
    RMSE omega (GP): 0.021844 | RMSE omega (Sim): 0.122988
    Loss: 27.3795 | Epoch: 612
    Eq omega: -0.000371 + 0.00003theta + -0.00035omega + -0.00110theta^2 + -0.00052theta omega + 0.00064omega^2
    Eq omega Phys: 0.000229*omega**2 - 6.0e-6*omega*theta + 9.9e-5*omega + 1.6e-5*theta - 0.000141
    Diffusion: theta=5.838248e-03, omega=4.079340e-05

  [Progress 100/220] Mean RMSE omega (GP): 0.013883 | (Sim): 0.127834 | Mean loss: -438.9878 | Valid GP: 81/100 | Valid Sim: 80/100 | Elapsed: 33.4min | ETA: 40.1min

--- Chunk 52240 (101/220) | Start: 2025-02-22 01:10:00 ---
    RMSE omega (GP): nan | RMSE omega (Sim): nan
    Loss: 42.0623 | Epoch: 35
    Eq omega: nan1 + nantheta + nanomega + nantheta^2 + nantheta omega + nanomega^2
    Eq omega Phys: N/A
    Diffusion: theta=nan, omega=nan

--- Chunk 52241 (102/220) | Start: 2025-02-22 01:15:00 ---
    RMSE omega (GP): 0.013651 | RMSE omega (Sim): 0.056924
    Loss: 29.4890 | Epoch: 2966
    Eq omega: 0.000041 + 0.00003theta + 0.00121omega + -0.00001theta^2 + 0.00004theta omega + 0.00013omega^2
    Eq omega Phys: 7.8e-5*omega**2 + 1.0e-6*omega*theta + 6.5e-5*omega - 5.0e-6
    Diffusion: theta=6.354336e-04, omega=3.250974e-05

--- Chunk 52242 (103/220) | Start: 2025-02-22 01:20:00 ---
    RMSE omega (GP): 0.008963 | RMSE omega (Sim): 0.198162
    Loss: -1.0810 | Epoch: 1482
    Eq omega: -0.018891 + -0.86784theta + -0.01284omega + 0.00886theta^2 + 0.01672theta omega + -0.00677omega^2
    Eq omega Phys: -0.001818*omega**2 + 0.00015*omega*theta - 0.000291*omega + 3.0e-6*theta**2 - 0.000959*theta - 0.000956
    Diffusion: theta=nan, omega=nan

--- Chunk 52243 (104/220) | Start: 2025-02-22 01:25:00 ---
    RMSE omega (GP): nan | RMSE omega (Sim): nan
    Loss: 40340.3359 | Epoch: 16
    Eq omega: nan1 + nantheta + nanomega + nantheta^2 + nantheta omega + nanomega^2
    Eq omega Phys: N/A
    Diffusion: theta=nan, omega=nan

--- Chunk 52244 (105/220) | Start: 2025-02-22 01:30:00 ---
    RMSE omega (GP): 0.015223 | RMSE omega (Sim): 0.191084
    Loss: 4.0812 | Epoch: 1042
    Eq omega: 0.005331 + -0.00046theta + 0.00196omega + 0.00081theta^2 + 0.00029theta omega + 0.00052omega^2
    Eq omega Phys: 0.000141*omega**2 + 3.0e-6*omega*theta + 9.7e-5*omega + 5.0e-6*theta + 5.2e-5
    Diffusion: theta=4.457623e-03, omega=8.285396e-05

--- Chunk 52245 (106/220) | Start: 2025-02-22 01:35:00 ---
    RMSE omega (GP): 0.015786 | RMSE omega (Sim): 0.155417
    Loss: 1.2042 | Epoch: 1469
    Eq omega: -0.000031 + -0.00202theta + 0.00298omega + -0.00011theta^2 + -0.00180theta omega + 0.00426omega^2
    Eq omega Phys: 0.001066*omega**2 - 1.5e-5*omega*theta + 0.000359*omega - 1.0e-6*theta + 3.0e-5
    Diffusion: theta=4.049927e-04, omega=9.090525e-05

--- Chunk 52246 (107/220) | Start: 2025-02-22 01:40:00 ---
    RMSE omega (GP): nan | RMSE omega (Sim): nan
    Loss: 58.1264 | Epoch: 35
    Eq omega: nan1 + nantheta + nanomega + nantheta^2 + nantheta omega + nanomega^2
    Eq omega Phys: N/A
    Diffusion: theta=nan, omega=nan

--- Chunk 52247 (108/220) | Start: 2025-02-22 01:45:00 ---
    RMSE omega (GP): 0.013345 | RMSE omega (Sim): 0.131341
    Loss: 4.2524 | Epoch: 1154
    Eq omega: -0.004391 + 0.00154theta + 0.00118omega + -0.00276theta^2 + -0.00097theta omega + -0.00733omega^2
    Eq omega Phys: -0.002218*omega**2 - 1.0e-5*omega*theta + 0.00011*omega - 0.e-6*theta**2 + 1.5e-5*theta - 7.6e-5
    Diffusion: theta=4.776330e-04, omega=7.790631e-05

--- Chunk 52248 (109/220) | Start: 2025-02-22 01:50:00 ---
    RMSE omega (GP): nan | RMSE omega (Sim): nan
    Loss: 77.3349 | Epoch: 40
    Eq omega: nan1 + nantheta + nanomega + nantheta^2 + nantheta omega + nanomega^2
    Eq omega Phys: N/A
    Diffusion: theta=nan, omega=nan

--- Chunk 52249 (110/220) | Start: 2025-02-22 01:55:00 ---
    RMSE omega (GP): 0.013202 | RMSE omega (Sim): 0.127027
    Loss: 5.2428 | Epoch: 1379
    Eq omega: 0.001091 + 0.00744theta + 0.00585omega + 0.00004theta^2 + 0.00022theta omega + -0.00117omega^2
    Eq omega Phys: -0.000382*omega**2 + 2.0e-6*omega*theta + 0.000195*omega + 8.0e-6*theta + 4.0e-6
    Diffusion: theta=7.192875e-04, omega=9.053661e-05

--- Chunk 52250 (111/220) | Start: 2025-02-22 02:00:00 ---
    RMSE omega (GP): 0.010875 | RMSE omega (Sim): 0.126502
    Loss: 0.3261 | Epoch: 1325
    Eq omega: 1.129861 + -5.17611theta + 0.24357omega + -0.08631theta^2 + -2.08826theta omega + -0.63942omega^2
    Eq omega Phys: -0.177645*omega**2 - 0.019339*omega*theta + 0.001485*omega - 2.7e-5*theta**2 - 0.00577*theta + 0.002543
    Diffusion: theta=4.275096e-04, omega=6.230859e-05

--- Chunk 52251 (112/220) | Start: 2025-02-22 02:05:00 ---
    RMSE omega (GP): 0.014172 | RMSE omega (Sim): 0.155949
    Loss: 4.2145 | Epoch: 670
    Eq omega: -0.001361 + 0.00016theta + 0.00199omega + 0.00010theta^2 + 0.00059theta omega + 0.00014omega^2
    Eq omega Phys: 3.8e-5*omega**2 + 5.0e-6*omega*theta + 0.000168*omega + 1.0e-6*theta + 9.0e-6
    Diffusion: theta=nan, omega=nan

--- Chunk 52252 (113/220) | Start: 2025-02-22 02:10:00 ---
    RMSE omega (GP): 0.013585 | RMSE omega (Sim): 0.151142
    Loss: 3.7796 | Epoch: 1027
    Eq omega: -0.026471 + -0.41349theta + 0.01939omega + -0.00484theta^2 + 0.02312theta omega + -0.00096omega^2
    Eq omega Phys: -0.000298*omega**2 + 0.000239*omega*theta - 0.000357*omega - 2.0e-6*theta**2 - 0.000445*theta + 0.001803
    Diffusion: theta=7.924020e-04, omega=4.731945e-05

--- Chunk 52253 (114/220) | Start: 2025-02-22 02:15:00 ---
    RMSE omega (GP): nan | RMSE omega (Sim): nan
    Loss: 78.6051 | Epoch: 53
    Eq omega: nan1 + nantheta + nanomega + nantheta^2 + nantheta omega + nanomega^2
    Eq omega Phys: N/A
    Diffusion: theta=nan, omega=nan

--- Chunk 52254 (115/220) | Start: 2025-02-22 02:20:00 ---
    RMSE omega (GP): 0.009622 | RMSE omega (Sim): 0.175868
    Loss: -0.0504 | Epoch: 684
    Eq omega: -0.005691 + -0.00018theta + 0.00402omega + -0.00044theta^2 + 0.00118theta omega + -0.00048omega^2
    Eq omega Phys: -0.000135*omega**2 + 1.1e-5*omega*theta + 9.1e-5*omega + 1.0e-6*theta - 2.4e-5
    Diffusion: theta=2.237689e-04, omega=6.531148e-05

--- Chunk 52255 (116/220) | Start: 2025-02-22 02:25:00 ---
    RMSE omega (GP): 0.011838 | RMSE omega (Sim): 0.176600
    Loss: 1.1893 | Epoch: 1620
    Eq omega: -0.008981 + -0.00118theta + 0.00223omega + -0.00031theta^2 + -0.00221theta omega + 0.01455omega^2
    Eq omega Phys: 0.003842*omega**2 - 1.9e-5*omega*theta - 0.000201*omega - 4.0e-6*theta - 7.5e-5
    Diffusion: theta=3.215612e-04, omega=8.162043e-05

--- Chunk 52256 (117/220) | Start: 2025-02-22 02:30:00 ---
    RMSE omega (GP): 0.050690 | RMSE omega (Sim): 0.134221
    Loss: 77.4674 | Epoch: 52
    Eq omega: -0.005471 + -0.05828theta + -0.00527omega + 0.01804theta^2 + -0.03338theta omega + -0.00018omega^2
    Eq omega Phys: -4.4e-5*omega**2 - 0.00027*omega*theta + 0.001214*omega + 5.0e-6*theta**2 - 0.000115*theta + 0.000437
    Diffusion: theta=5.540885e-03, omega=3.654362e-05

--- Chunk 52257 (118/220) | Start: 2025-02-22 02:35:00 ---
    RMSE omega (GP): nan | RMSE omega (Sim): nan
    Loss: 7.4379 | Epoch: 105
    Eq omega: nan1 + nantheta + nanomega + nantheta^2 + nantheta omega + nanomega^2
    Eq omega Phys: N/A
    Diffusion: theta=nan, omega=nan

--- Chunk 52258 (119/220) | Start: 2025-02-22 02:40:00 ---
    RMSE omega (GP): 0.011918 | RMSE omega (Sim): 0.159253
    Loss: -1.1718 | Epoch: 1264
    Eq omega: -0.000811 + -0.00260theta + 0.00616omega + 0.00002theta^2 + 0.00039theta omega + -0.00460omega^2
    Eq omega Phys: -0.0011*omega**2 + 3.0e-6*omega*theta + 0.000207*omega - 3.0e-6*theta - 5.0e-6
    Diffusion: theta=5.139688e-04, omega=8.240445e-05

--- Chunk 52259 (120/220) | Start: 2025-02-22 02:45:00 ---
    RMSE omega (GP): 0.011820 | RMSE omega (Sim): 0.252018
    Loss: 2.9901 | Epoch: 808
    Eq omega: -0.005601 + 0.00040theta + -0.00552omega + 0.00016theta^2 + 0.00000theta omega + 0.00253omega^2
    Eq omega Phys: 0.000744*omega**2 - 0.000184*omega - 2.1e-5
    Diffusion: theta=2.643777e-03, omega=8.003681e-05

--- Chunk 52260 (121/220) | Start: 2025-02-22 02:50:00 ---
    RMSE omega (GP): 0.012674 | RMSE omega (Sim): 0.114884
    Loss: 2.2971 | Epoch: 1711
    Eq omega: -0.046561 + -0.09656theta + 0.00165omega + -0.00132theta^2 + -0.00047theta omega + -0.00438omega^2
    Eq omega Phys: -0.001145*omega**2 - 4.0e-6*omega*theta - 1.4e-5*omega - 0.00012*theta - 0.002104
    Diffusion: theta=1.018960e-03, omega=8.295426e-05

--- Chunk 52261 (122/220) | Start: 2025-02-22 02:55:00 ---
    RMSE omega (GP): 0.018093 | RMSE omega (Sim): 0.086988
    Loss: 8.5539 | Epoch: 2293
    Eq omega: 0.003041 + -0.00011theta + -0.00908omega + -0.00016theta^2 + 0.00018theta omega + -0.00030omega^2
    Eq omega Phys: -0.000113*omega**2 + 2.0e-6*omega*theta - 0.000245*omega - 4.0e-6*theta - 3.7e-5
    Diffusion: theta=8.064454e-04, omega=5.401024e-05

--- Chunk 52262 (123/220) | Start: 2025-02-22 03:00:00 ---
    RMSE omega (GP): nan | RMSE omega (Sim): nan
    Loss: 140.3636 | Epoch: 115
    Eq omega: nan1 + nantheta + nanomega + nantheta^2 + nantheta omega + nanomega^2
    Eq omega Phys: N/A
    Diffusion: theta=nan, omega=nan

--- Chunk 52263 (124/220) | Start: 2025-02-22 03:05:00 ---
    RMSE omega (GP): nan | RMSE omega (Sim): nan
    Loss: 546.9591 | Epoch: 39
    Eq omega: nan1 + nantheta + nanomega + nantheta^2 + nantheta omega + nanomega^2
    Eq omega Phys: N/A
    Diffusion: theta=nan, omega=nan

--- Chunk 52264 (125/220) | Start: 2025-02-22 03:10:00 ---
    RMSE omega (GP): 0.017405 | RMSE omega (Sim): 0.145856
    Loss: 8.5964 | Epoch: 1095
    Eq omega: -0.003901 + -0.00482theta + -0.00659omega + -0.00819theta^2 + 0.00244theta omega + 0.00088omega^2
    Eq omega Phys: 0.000255*omega**2 + 2.4e-5*omega*theta - 0.000248*omega - 3.0e-6*theta**2 + 1.0e-6*theta - 1.2e-5
    Diffusion: theta=1.599679e-03, omega=1.083874e-04

--- Chunk 52265 (126/220) | Start: 2025-02-22 03:15:00 ---
    RMSE omega (GP): 0.013577 | RMSE omega (Sim): 0.169087
    Loss: 3.4316 | Epoch: 1249
    Eq omega: 0.019561 + -1.70843theta + 0.00167omega + -0.01073theta^2 + -0.00672theta omega + 0.03668omega^2
    Eq omega Phys: 0.010341*omega**2 - 6.3e-5*omega*theta + 5.0e-5*omega - 3.0e-6*theta**2 - 0.001899*theta - 8.7e-5
    Diffusion: theta=9.268736e-04, omega=8.976112e-05

--- Chunk 52266 (127/220) | Start: 2025-02-22 03:20:00 ---
    RMSE omega (GP): nan | RMSE omega (Sim): nan
    Loss: 229.4144 | Epoch: 30
    Eq omega: nan1 + nantheta + nanomega + nantheta^2 + nantheta omega + nanomega^2
    Eq omega Phys: N/A
    Diffusion: theta=nan, omega=nan

--- Chunk 52267 (128/220) | Start: 2025-02-22 03:25:00 ---
    RMSE omega (GP): nan | RMSE omega (Sim): nan
    Loss: 4.1733 | Epoch: 159
    Eq omega: nan1 + nantheta + nanomega + nantheta^2 + nantheta omega + nanomega^2
    Eq omega Phys: N/A
    Diffusion: theta=nan, omega=nan

--- Chunk 52268 (129/220) | Start: 2025-02-22 03:30:00 ---
    RMSE omega (GP): 0.010625 | RMSE omega (Sim): nan
    Loss: 1.4338 | Epoch: 1240
    Eq omega: 0.024251 + -0.03349theta + 0.02463omega + 0.14359theta^2 + 0.00572theta omega + -0.00328omega^2
    Eq omega Phys: -0.001017*omega**2 + 5.9e-5*omega*theta + 0.000663*omega + 4.9e-5*theta**2 - 0.000302*theta + 0.000539
    Diffusion: theta=1.426977e-03, omega=5.800826e-05

--- Chunk 52269 (130/220) | Start: 2025-02-22 03:35:00 ---
    RMSE omega (GP): 0.013661 | RMSE omega (Sim): 0.157161
    Loss: 6.9540 | Epoch: 1703
    Eq omega: 0.001181 + -0.01344theta + 0.00089omega + -0.00051theta^2 + -0.00084theta omega + 0.00169omega^2
    Eq omega Phys: 0.000572*omega**2 - 9.0e-6*omega*theta + 0.000124*omega - 1.1e-5*theta + 0.000133
    Diffusion: theta=4.827049e-04, omega=8.446188e-05

--- Chunk 52270 (131/220) | Start: 2025-02-22 03:40:00 ---
    RMSE omega (GP): 0.026639 | RMSE omega (Sim): 0.130290
    Loss: -29668.0254 | Epoch: 386
    Eq omega: -0.000611 + -0.01726theta + -0.00691omega + 0.01335theta^2 + 0.00048theta omega + 0.00332omega^2
    Eq omega Phys: 0.000892*omega**2 + 4.0e-6*omega*theta - 0.000187*omega + 4.0e-6*theta**2 + 6.1e-5*theta + 0.000211
    Diffusion: theta=2.549657e-01, omega=9.220212e-04

--- Chunk 52271 (132/220) | Start: 2025-02-22 03:45:00 ---
    RMSE omega (GP): nan | RMSE omega (Sim): nan
    Loss: 1235.0483 | Epoch: 25
    Eq omega: nan1 + nantheta + nanomega + nantheta^2 + nantheta omega + nanomega^2
    Eq omega Phys: N/A
    Diffusion: theta=nan, omega=nan

--- Chunk 52272 (133/220) | Start: 2025-02-22 03:50:00 ---
    RMSE omega (GP): 0.011932 | RMSE omega (Sim): 0.134291
    Loss: 1.0382 | Epoch: 1918
    Eq omega: -0.003441 + -0.12775theta + 0.00265omega + -0.00094theta^2 + -0.00497theta omega + 0.00435omega^2
    Eq omega Phys: 0.001147*omega**2 - 4.4e-5*omega*theta + 0.000152*omega - 0.000141*theta + 0.000191
    Diffusion: theta=3.703780e-04, omega=7.801029e-05

--- Chunk 52273 (134/220) | Start: 2025-02-22 03:55:00 ---
    RMSE omega (GP): nan | RMSE omega (Sim): nan
    Loss: 305.3704 | Epoch: 17
    Eq omega: nan1 + nantheta + nanomega + nantheta^2 + nantheta omega + nanomega^2
    Eq omega Phys: N/A
    Diffusion: theta=nan, omega=nan

--- Chunk 52274 (135/220) | Start: 2025-02-22 04:00:00 ---
    RMSE omega (GP): nan | RMSE omega (Sim): nan
    Loss: 29.5848 | Epoch: 148
    Eq omega: nan1 + nantheta + nanomega + nantheta^2 + nantheta omega + nanomega^2
    Eq omega Phys: N/A
    Diffusion: theta=nan, omega=nan

--- Chunk 52275 (136/220) | Start: 2025-02-22 04:05:00 ---
    RMSE omega (GP): 0.013502 | RMSE omega (Sim): 0.196541
    Loss: 0.2924 | Epoch: 1646
    Eq omega: 0.000541 + -0.04235theta + -0.00217omega + 0.00025theta^2 + -0.00064theta omega + -0.00355omega^2
    Eq omega Phys: -0.000756*omega**2 - 5.0e-6*omega*theta - 2.9e-5*omega - 4.8e-5*theta + 0.000452
    Diffusion: theta=1.243930e-03, omega=9.137187e-05

--- Chunk 52276 (137/220) | Start: 2025-02-22 04:10:00 ---
    RMSE omega (GP): nan | RMSE omega (Sim): nan
    Loss: 231.9628 | Epoch: 24
    Eq omega: nan1 + nantheta + nanomega + nantheta^2 + nantheta omega + nanomega^2
    Eq omega Phys: N/A
    Diffusion: theta=nan, omega=nan

--- Chunk 52277 (138/220) | Start: 2025-02-22 04:15:00 ---
    RMSE omega (GP): 0.013140 | RMSE omega (Sim): 0.217665
    Loss: 0.8070 | Epoch: 1033
    Eq omega: -0.754921 + -1.04365theta + -0.08215omega + 0.43884theta^2 + 0.04830theta omega + 0.01091omega^2
    Eq omega Phys: 0.002562*omega**2 + 0.000378*omega*theta - 0.00028*omega + 0.000115*theta**2 + 0.000329*theta - 0.006271
    Diffusion: theta=2.338910e-03, omega=6.231548e-05

--- Chunk 52278 (139/220) | Start: 2025-02-22 04:20:00 ---
    RMSE omega (GP): 0.024092 | RMSE omega (Sim): 0.138420
    Loss: -14.4502 | Epoch: 614
    Eq omega: -0.000491 + -0.00093theta + -0.00184omega + -0.00045theta^2 + 0.00023theta omega + -0.00024omega^2
    Eq omega Phys: -6.0e-5*omega**2 + 2.0e-6*omega*theta - 5.0e-5*omega - 3.0e-6*theta - 1.3e-5
    Diffusion: theta=2.844512e-01, omega=3.603917e-04

--- Chunk 52279 (140/220) | Start: 2025-02-22 04:25:00 ---
    RMSE omega (GP): nan | RMSE omega (Sim): nan
    Loss: 86.5424 | Epoch: 54
    Eq omega: nan1 + nantheta + nanomega + nantheta^2 + nantheta omega + nanomega^2
    Eq omega Phys: N/A
    Diffusion: theta=nan, omega=nan

--- Chunk 52280 (141/220) | Start: 2025-02-22 04:30:00 ---
    RMSE omega (GP): nan | RMSE omega (Sim): nan
    Loss: 305.8674 | Epoch: 22
    Eq omega: nan1 + nantheta + nanomega + nantheta^2 + nantheta omega + nanomega^2
    Eq omega Phys: N/A
    Diffusion: theta=nan, omega=nan

--- Chunk 52281 (142/220) | Start: 2025-02-22 04:35:00 ---
    RMSE omega (GP): 0.017129 | RMSE omega (Sim): 0.108506
    Loss: 49.9777 | Epoch: 2677
    Eq omega: 0.002331 + 0.00014theta + -0.00039omega + 0.00000theta^2 + 0.00000theta omega + -0.00001omega^2
    Eq omega Phys: -7.0e-6*omega**2 - 1.3e-5*omega - 0.e-6
    Diffusion: theta=2.426341e-03, omega=2.720532e-05

--- Chunk 52282 (143/220) | Start: 2025-02-22 04:40:00 ---
    RMSE omega (GP): 0.013154 | RMSE omega (Sim): 0.142038
    Loss: 4.6986 | Epoch: 2047
    Eq omega: 0.000251 + 0.00050theta + -0.00094omega + 0.00003theta^2 + -0.00007theta omega + 0.00092omega^2
    Eq omega Phys: 0.000296*omega**2 - 0.e-6*omega*theta - 1.9e-5*omega - 5.0e-6
    Diffusion: theta=1.040355e-03, omega=4.385207e-05

--- Chunk 52283 (144/220) | Start: 2025-02-22 04:45:00 ---
    RMSE omega (GP): nan | RMSE omega (Sim): nan
    Loss: 152.6819 | Epoch: 24
    Eq omega: nan1 + nantheta + nanomega + nantheta^2 + nantheta omega + nanomega^2
    Eq omega Phys: N/A
    Diffusion: theta=nan, omega=nan

--- Chunk 52284 (145/220) | Start: 2025-02-22 04:50:00 ---
    RMSE omega (GP): 0.014274 | RMSE omega (Sim): 0.321938
    Loss: 3.5952 | Epoch: 1697
    Eq omega: -0.000491 + -0.00324theta + 0.00336omega + -0.00042theta^2 + -0.00056theta omega + -0.00447omega^2
    Eq omega Phys: -0.001233*omega**2 - 5.0e-6*omega*theta + 0.000161*omega - 1.0e-6*theta + 2.1e-5
    Diffusion: theta=9.889345e-04, omega=1.146748e-04

--- Chunk 52285 (146/220) | Start: 2025-02-22 04:55:00 ---
    RMSE omega (GP): nan | RMSE omega (Sim): nan
    Loss: 1429.6346 | Epoch: 20
    Eq omega: nan1 + nantheta + nanomega + nantheta^2 + nantheta omega + nanomega^2
    Eq omega Phys: N/A
    Diffusion: theta=nan, omega=nan

--- Chunk 52286 (147/220) | Start: 2025-02-22 05:00:00 ---
    RMSE omega (GP): nan | RMSE omega (Sim): nan
    Loss: 11079.0010 | Epoch: 16
    Eq omega: nan1 + nantheta + nanomega + nantheta^2 + nantheta omega + nanomega^2
    Eq omega Phys: N/A
    Diffusion: theta=nan, omega=nan

--- Chunk 52287 (148/220) | Start: 2025-02-22 05:05:00 ---
    RMSE omega (GP): nan | RMSE omega (Sim): nan
    Loss: 1030.0166 | Epoch: 27
    Eq omega: nan1 + nantheta + nanomega + nantheta^2 + nantheta omega + nanomega^2
    Eq omega Phys: N/A
    Diffusion: theta=nan, omega=nan

--- Chunk 52288 (149/220) | Start: 2025-02-22 05:10:00 ---
    RMSE omega (GP): nan | RMSE omega (Sim): nan
    Loss: 865.6074 | Epoch: 15
    Eq omega: nan1 + nantheta + nanomega + nantheta^2 + nantheta omega + nanomega^2
    Eq omega Phys: N/A
    Diffusion: theta=nan, omega=nan

--- Chunk 52289 (150/220) | Start: 2025-02-22 05:15:00 ---
    RMSE omega (GP): nan | RMSE omega (Sim): nan
    Loss: 95.5606 | Epoch: 41
    Eq omega: nan1 + nantheta + nanomega + nantheta^2 + nantheta omega + nanomega^2
    Eq omega Phys: N/A
    Diffusion: theta=nan, omega=nan

  [Progress 150/220] Mean RMSE omega (GP): 0.014304 | (Sim): 0.135345 | Mean loss: -99.9064 | Valid GP: 109/150 | Valid Sim: 107/150 | Elapsed: 46.4min | ETA: 21.7min

--- Chunk 52290 (151/220) | Start: 2025-02-22 05:20:00 ---
    RMSE omega (GP): 0.012967 | RMSE omega (Sim): 0.127649
    Loss: 0.4900 | Epoch: 1312
    Eq omega: 0.005111 + -0.17427theta + 0.00398omega + 0.00066theta^2 + 0.00110theta omega + 0.01286omega^2
    Eq omega Phys: 0.003254*omega**2 + 9.0e-6*omega*theta + 8.0e-5*omega - 0.000196*theta + 0.001128
    Diffusion: theta=2.579549e-03, omega=5.416916e-05

--- Chunk 52291 (152/220) | Start: 2025-02-22 05:25:00 ---
    RMSE omega (GP): 0.046972 | RMSE omega (Sim): 0.214925
    Loss: 79.0642 | Epoch: 103
    Eq omega: -0.001411 + -0.00172theta + -0.00146omega + -0.00006theta^2 + -0.00010theta omega + 0.00218omega^2
    Eq omega Phys: 0.000583*omega**2 - 0.e-6*omega*theta - 6.7e-5*omega - 3.0e-6*theta - 5.4e-5
    Diffusion: theta=8.669018e-03, omega=5.127272e-05

--- Chunk 52292 (153/220) | Start: 2025-02-22 05:30:00 ---
    RMSE omega (GP): 0.016954 | RMSE omega (Sim): 0.177721
    Loss: 4.1256 | Epoch: 1020
    Eq omega: 0.007331 + -0.13089theta + 0.00025omega + -0.00006theta^2 + 0.00025theta omega + 0.00218omega^2
    Eq omega Phys: 0.000511*omega**2 + 2.0e-6*omega*theta + 8.3e-5*omega - 0.000147*theta - 0.005517
    Diffusion: theta=5.327009e-03, omega=6.247111e-05

--- Chunk 52293 (154/220) | Start: 2025-02-22 05:35:00 ---
    RMSE omega (GP): 0.016467 | RMSE omega (Sim): 0.135592
    Loss: 8.0665 | Epoch: 1782
    Eq omega: -0.000061 + -0.00019theta + 0.00213omega + -0.00013theta^2 + -0.00013theta omega + 0.00022omega^2
    Eq omega Phys: 8.6e-5*omega**2 - 2.0e-6*omega*theta + 2.8e-5*omega - 3.0e-6*theta - 4.2e-5
    Diffusion: theta=5.409232e-04, omega=5.282308e-05

--- Chunk 52294 (155/220) | Start: 2025-02-22 05:40:00 ---
    RMSE omega (GP): 0.073386 | RMSE omega (Sim): 0.086078
    Loss: 407.3901 | Epoch: 74
    Eq omega: -0.001621 + -0.01756theta + -0.00103omega + -0.00253theta^2 + 0.00233theta omega + 0.00321omega^2
    Eq omega Phys: 0.0012*omega**2 + 2.9e-5*omega*theta + 0.00057*omega - 1.0e-6*theta**2 - 6.3e-5*theta - 0.000865
    Diffusion: theta=nan, omega=nan

--- Chunk 52295 (156/220) | Start: 2025-02-22 05:45:00 ---
    RMSE omega (GP): 0.016396 | RMSE omega (Sim): 0.100216
    Loss: 1.5302 | Epoch: 1458
    Eq omega: 0.008371 + -0.39497theta + -0.00101omega + 0.01225theta^2 + -0.03147theta omega + -0.01433omega^2
    Eq omega Phys: -0.003033*omega**2 - 0.000222*omega*theta - 0.000693*omega + 3.0e-6*theta**2 - 0.000422*theta - 0.001234
    Diffusion: theta=2.860575e-04, omega=6.948136e-05

--- Chunk 52296 (157/220) | Start: 2025-02-22 05:50:00 ---
    RMSE omega (GP): 0.013460 | RMSE omega (Sim): 0.098377
    Loss: 5.3601 | Epoch: 1600
    Eq omega: -0.002631 + -3.00600theta + -0.04118omega + 1.07321theta^2 + -0.05116theta omega + 0.00554omega^2
    Eq omega Phys: 0.001784*omega**2 - 0.000549*omega*theta - 0.00257*omega + 0.000384*theta**2 - 0.001665*theta - 0.005465
    Diffusion: theta=1.174370e-03, omega=7.127053e-05

--- Chunk 52297 (158/220) | Start: 2025-02-22 05:55:00 ---
    RMSE omega (GP): 0.013709 | RMSE omega (Sim): 0.162911
    Loss: 1.7416 | Epoch: 967
    Eq omega: 0.007691 + -0.57518theta + 0.00526omega + -0.00248theta^2 + 0.00668theta omega + 0.01038omega^2
    Eq omega Phys: 0.002602*omega**2 + 5.6e-5*omega*theta + 0.000218*omega - 0.e-6*theta**2 - 0.00064*theta - 0.000453
    Diffusion: theta=8.402087e-04, omega=4.865424e-05

--- Chunk 52298 (159/220) | Start: 2025-02-22 06:00:00 ---
    RMSE omega (GP): 0.013223 | RMSE omega (Sim): 0.108570
    Loss: 5.4095 | Epoch: 1324
    Eq omega: -0.034641 + -0.00025theta + -0.00048omega + -0.00026theta^2 + -0.00010theta omega + -0.00168omega^2
    Eq omega Phys: -0.000547*omega**2 - 1.0e-6*omega*theta + 3.0e-6*omega + 3.0e-6*theta - 0.000141
    Diffusion: theta=4.195360e-04, omega=6.982473e-05

--- Chunk 52299 (160/220) | Start: 2025-02-22 06:05:00 ---
    RMSE omega (GP): nan | RMSE omega (Sim): nan
    Loss: 26.0794 | Epoch: 52
    Eq omega: nan1 + nantheta + nanomega + nantheta^2 + nantheta omega + nanomega^2
    Eq omega Phys: N/A
    Diffusion: theta=nan, omega=nan

--- Chunk 52300 (161/220) | Start: 2025-02-22 06:10:00 ---
    RMSE omega (GP): 0.011088 | RMSE omega (Sim): 0.122059
    Loss: 1.3350 | Epoch: 857
    Eq omega: -0.000821 + -0.02586theta + -0.00022omega + 0.00080theta^2 + -0.00191theta omega + -0.00007omega^2
    Eq omega Phys: -2.0e-5*omega**2 - 1.8e-5*omega*theta + 8.2e-5*omega - 3.1e-5*theta + 0.000145
    Diffusion: theta=3.826343e-04, omega=1.020651e-04

--- Chunk 52301 (162/220) | Start: 2025-02-22 06:15:00 ---
    RMSE omega (GP): 0.031301 | RMSE omega (Sim): 0.150795
    Loss: 22.8185 | Epoch: 53
    Eq omega: 0.000651 + -0.00354theta + 0.00302omega + 0.00048theta^2 + 0.00163theta omega + 0.00169omega^2
    Eq omega Phys: 0.000382*omega**2 + 1.2e-5*omega*theta + 0.000103*omega - 4.0e-6*theta + 2.0e-6
    Diffusion: theta=nan, omega=nan

--- Chunk 52302 (163/220) | Start: 2025-02-22 06:20:00 ---
    RMSE omega (GP): 0.013851 | RMSE omega (Sim): 0.111603
    Loss: 1.6142 | Epoch: 1838
    Eq omega: -0.068561 + -0.83769theta + -0.10173omega + 0.38747theta^2 + 0.00512theta omega + -0.18281omega^2
    Eq omega Phys: -0.044117*omega**2 + 4.1e-5*omega*theta - 0.002882*omega + 0.000104*theta**2 + 0.001637*theta + 0.00405
    Diffusion: theta=1.380425e-03, omega=7.285472e-05

--- Chunk 52303 (164/220) | Start: 2025-02-22 06:25:00 ---
    RMSE omega (GP): nan | RMSE omega (Sim): nan
    Loss: 77.8279 | Epoch: 50
    Eq omega: nan1 + nantheta + nanomega + nantheta^2 + nantheta omega + nanomega^2
    Eq omega Phys: N/A
    Diffusion: theta=nan, omega=nan

--- Chunk 52304 (165/220) | Start: 2025-02-22 06:30:00 ---
    RMSE omega (GP): 0.021534 | RMSE omega (Sim): 0.159229
    Loss: 8.1697 | Epoch: 49
    Eq omega: -0.007941 + -0.07333theta + 0.00279omega + -0.01701theta^2 + 0.00193theta omega + 0.00124omega^2
    Eq omega Phys: 0.000277*omega**2 + 1.4e-5*omega*theta - 2.1e-5*omega - 4.0e-6*theta**2 - 1.5e-5*theta + 0.000341
    Diffusion: theta=6.333363e-03, omega=3.665824e-05

--- Chunk 52305 (166/220) | Start: 2025-02-22 06:35:00 ---
    RMSE omega (GP): nan | RMSE omega (Sim): nan
    Loss: 19334.8887 | Epoch: 16
    Eq omega: nan1 + nantheta + nanomega + nantheta^2 + nantheta omega + nanomega^2
    Eq omega Phys: N/A
    Diffusion: theta=nan, omega=nan

--- Chunk 52306 (167/220) | Start: 2025-02-22 06:40:00 ---
    RMSE omega (GP): 0.012370 | RMSE omega (Sim): 0.138639
    Loss: 8.4138 | Epoch: 1183
    Eq omega: -0.000341 + 0.00006theta + -0.00172omega + -0.00000theta^2 + 0.00005theta omega + 0.00068omega^2
    Eq omega Phys: 0.000274*omega**2 + 1.0e-6*omega*theta - 3.6e-5*omega + 1.0e-6
    Diffusion: theta=2.088831e-03, omega=2.047086e-05

--- Chunk 52307 (168/220) | Start: 2025-02-22 06:45:00 ---
/pfs/data6/home/ka/ka_iai/ka_bj2362/dsr/svise/run_analysis_5min_all_chunks_combo38.py:212: ODEintWarning: Excess work done on this call (perhaps wrong Dfun type). Run with full_output = 1 to get quantitative information.
  sol_scaled = odeint(drift, x0_scaled, t_scaled, full_output=False)
    RMSE omega (GP): 0.011555 | RMSE omega (Sim): nan
    Loss: 1.5822 | Epoch: 1672
    Eq omega: 0.042561 + -2.81495theta + -0.10119omega + 0.43326theta^2 + -1.86018theta omega + -0.27875omega^2
    Eq omega Phys: -0.080368*omega**2 - 0.017877*omega*theta - 0.119027*omega + 0.000139*theta**2 - 0.001332*theta - 0.014261
    Diffusion: theta=1.566816e-03, omega=5.796290e-05

--- Chunk 52308 (169/220) | Start: 2025-02-22 06:50:00 ---
    RMSE omega (GP): 0.013123 | RMSE omega (Sim): 0.255377
    Loss: 3.7800 | Epoch: 1740
    Eq omega: -0.004541 + 0.00023theta + -0.00087omega + -0.00374theta^2 + -0.00717theta omega + 0.00046omega^2
    Eq omega Phys: 0.000138*omega**2 - 7.2e-5*omega*theta - 0.000394*omega - 1.0e-6*theta**2 - 1.2e-5*theta - 4.8e-5
    Diffusion: theta=3.187919e-04, omega=8.215037e-05

--- Chunk 52309 (170/220) | Start: 2025-02-22 06:55:00 ---
    RMSE omega (GP): 0.011506 | RMSE omega (Sim): 0.158592
    Loss: 4.2024 | Epoch: 919
    Eq omega: 0.000451 + 0.00045theta + 0.00013omega + -0.00013theta^2 + -0.00010theta omega + -0.00072omega^2
    Eq omega Phys: -0.000244*omega**2 - 1.0e-6*omega*theta - 8.0e-6*omega - 0.e-6*theta + 1.0e-6
    Diffusion: theta=1.665889e-03, omega=5.423748e-05

--- Chunk 52310 (171/220) | Start: 2025-02-22 07:00:00 ---
    RMSE omega (GP): 0.012248 | RMSE omega (Sim): 0.199285
    Loss: 4.2510 | Epoch: 1110
    Eq omega: -0.021091 + -0.57818theta + -0.04673omega + 0.00448theta^2 + 0.00954theta omega + 0.01683omega^2
    Eq omega Phys: 0.005479*omega**2 + 0.000104*omega*theta - 0.002674*omega + 2.0e-6*theta**2 - 0.000677*theta + 0.007044
    Diffusion: theta=2.876929e-04, omega=7.757841e-05

--- Chunk 52311 (172/220) | Start: 2025-02-22 07:05:00 ---
    RMSE omega (GP): nan | RMSE omega (Sim): nan
    Loss: 159.1582 | Epoch: 65
    Eq omega: nan1 + nantheta + nanomega + nantheta^2 + nantheta omega + nanomega^2
    Eq omega Phys: N/A
    Diffusion: theta=nan, omega=nan

--- Chunk 52312 (173/220) | Start: 2025-02-22 07:10:00 ---
    RMSE omega (GP): nan | RMSE omega (Sim): nan
    Loss: 242.1344 | Epoch: 18
    Eq omega: nan1 + nantheta + nanomega + nantheta^2 + nantheta omega + nanomega^2
    Eq omega Phys: N/A
    Diffusion: theta=nan, omega=nan

--- Chunk 52313 (174/220) | Start: 2025-02-22 07:15:00 ---
    RMSE omega (GP): 0.011787 | RMSE omega (Sim): 0.174180
    Loss: 1.7723 | Epoch: 1284
    Eq omega: 0.001281 + -0.00092theta + 0.00008omega + -0.00021theta^2 + -0.00018theta omega + 0.00064omega^2
    Eq omega Phys: 0.000178*omega**2 - 2.0e-6*omega*theta - 3.0e-6*omega - 1.0e-6*theta + 1.0e-6
    Diffusion: theta=5.842886e-04, omega=8.313364e-05

--- Chunk 52314 (175/220) | Start: 2025-02-22 07:20:00 ---
    RMSE omega (GP): nan | RMSE omega (Sim): nan
    Loss: 111.9492 | Epoch: 182
    Eq omega: nan1 + nantheta + nanomega + nantheta^2 + nantheta omega + nanomega^2
    Eq omega Phys: N/A
    Diffusion: theta=nan, omega=nan

--- Chunk 52315 (176/220) | Start: 2025-02-22 07:25:00 ---
    RMSE omega (GP): 0.008852 | RMSE omega (Sim): 0.128777
    Loss: -0.1156 | Epoch: 1123
    Eq omega: 0.014811 + -3.32467theta + -0.00177omega + 0.41942theta^2 + 0.14398theta omega + 0.09106omega^2
    Eq omega Phys: 0.027976*omega**2 + 0.001474*omega*theta + 0.001328*omega + 0.000143*theta**2 - 0.003425*theta - 0.003294
    Diffusion: theta=6.525104e-04, omega=3.917939e-05

--- Chunk 52316 (177/220) | Start: 2025-02-22 07:30:00 ---
    RMSE omega (GP): 0.010761 | RMSE omega (Sim): 0.158479
    Loss: 4.0887 | Epoch: 1385
    Eq omega: -0.011191 + -0.85809theta + -0.00795omega + 0.01686theta^2 + -0.02462theta omega + -0.01266omega^2
    Eq omega Phys: -0.004657*omega**2 - 0.000302*omega*theta - 0.002071*omega + 7.0e-6*theta**2 - 0.000871*theta - 0.005492
    Diffusion: theta=1.517955e-03, omega=5.758616e-05

--- Chunk 52317 (178/220) | Start: 2025-02-22 07:35:00 ---
    RMSE omega (GP): nan | RMSE omega (Sim): nan
    Loss: 198.3575 | Epoch: 34
    Eq omega: nan1 + nantheta + nanomega + nantheta^2 + nantheta omega + nanomega^2
    Eq omega Phys: N/A
    Diffusion: theta=nan, omega=nan

--- Chunk 52318 (179/220) | Start: 2025-02-22 07:40:00 ---
    RMSE omega (GP): 0.014886 | RMSE omega (Sim): 0.076077
    Loss: 38.6954 | Epoch: 2788
    Eq omega: 0.002881 + 0.00038theta + -0.00271omega + -0.00001theta^2 + -0.00002theta omega + 0.00002omega^2
    Eq omega Phys: 1.3e-5*omega**2 - 0.000103*omega + 1.1e-5
    Diffusion: theta=2.192068e-03, omega=1.393248e-05

--- Chunk 52319 (180/220) | Start: 2025-02-22 07:45:00 ---
    RMSE omega (GP): 0.010004 | RMSE omega (Sim): 0.198469
    Loss: 0.4127 | Epoch: 1125
    Eq omega: 0.000071 + -0.79659theta + -0.00155omega + -0.00389theta^2 + 0.00411theta omega + 0.00454omega^2
    Eq omega Phys: 0.001339*omega**2 + 4.0e-5*omega*theta - 0.000267*omega - 1.0e-6*theta**2 - 0.000871*theta + 0.004688
    Diffusion: theta=2.563341e-04, omega=7.243743e-05

--- Chunk 52320 (181/220) | Start: 2025-02-22 07:50:00 ---
    RMSE omega (GP): nan | RMSE omega (Sim): nan
    Loss: 370.3787 | Epoch: 23
    Eq omega: nan1 + nantheta + nanomega + nantheta^2 + nantheta omega + nanomega^2
    Eq omega Phys: N/A
    Diffusion: theta=nan, omega=nan

--- Chunk 52321 (182/220) | Start: 2025-02-22 07:55:00 ---
    RMSE omega (GP): nan | RMSE omega (Sim): nan
    Loss: 268.9773 | Epoch: 23
    Eq omega: nan1 + nantheta + nanomega + nantheta^2 + nantheta omega + nanomega^2
    Eq omega Phys: N/A
    Diffusion: theta=nan, omega=nan

--- Chunk 52322 (183/220) | Start: 2025-02-22 08:00:00 ---
    RMSE omega (GP): 0.012193 | RMSE omega (Sim): 0.162873
    Loss: 1.5573 | Epoch: 834
    Eq omega: -0.014061 + -0.46199theta + -0.00406omega + 0.00036theta^2 + -0.00247theta omega + -0.03099omega^2
    Eq omega Phys: -0.008986*omega**2 - 2.4e-5*omega*theta - 8.2e-5*omega - 0.000514*theta + 0.001092
    Diffusion: theta=3.071360e-04, omega=5.064269e-05

--- Chunk 52323 (184/220) | Start: 2025-02-22 08:05:00 ---
    RMSE omega (GP): 0.011864 | RMSE omega (Sim): 0.123436
    Loss: 2.3147 | Epoch: 1498
    Eq omega: 0.001191 + 0.01120theta + -0.00218omega + 0.00202theta^2 + -0.00409theta omega + -0.00021omega^2
    Eq omega Phys: -6.2e-5*omega**2 - 4.0e-5*omega*theta + 0.000179*omega + 1.0e-6*theta**2 + 4.0e-6*theta - 4.7e-5
    Diffusion: theta=1.518129e-03, omega=1.080489e-04

--- Chunk 52324 (185/220) | Start: 2025-02-22 08:10:00 ---
    RMSE omega (GP): 0.023101 | RMSE omega (Sim): 0.143608
    Loss: 18.9643 | Epoch: 76
    Eq omega: 0.003041 + -0.01509theta + -0.00281omega + 0.00207theta^2 + -0.01034theta omega + -0.00052omega^2
    Eq omega Phys: -0.000149*omega**2 - 9.9e-5*omega*theta + 3.7e-5*omega + 1.0e-6*theta**2 - 1.9e-5*theta + 3.5e-5
    Diffusion: theta=6.749447e-03, omega=4.227929e-05

--- Chunk 52325 (186/220) | Start: 2025-02-22 08:15:00 ---
    RMSE omega (GP): 0.011123 | RMSE omega (Sim): 0.144804
    Loss: 0.8916 | Epoch: 1998
    Eq omega: 0.001531 + -0.58134theta + -0.03188omega + -0.00588theta^2 + -0.00230theta omega + 0.09547omega^2
    Eq omega Phys: 0.025812*omega**2 - 2.1e-5*omega*theta - 0.001098*omega - 2.0e-6*theta**2 - 0.000652*theta - 0.001115
    Diffusion: theta=1.804743e-03, omega=7.883963e-05

--- Chunk 52326 (187/220) | Start: 2025-02-22 08:20:00 ---
    RMSE omega (GP): 0.010231 | RMSE omega (Sim): 0.111367
    Loss: 1.2186 | Epoch: 1404
    Eq omega: 0.001891 + -2.28147theta + -0.06824omega + 0.00879theta^2 + 0.57066theta omega + -0.15032omega^2
    Eq omega Phys: -0.047064*omega**2 + 0.005956*omega*theta - 0.030914*omega + 3.0e-6*theta**2 - 0.002564*theta + 0.012268
    Diffusion: theta=5.653013e-04, omega=5.152642e-05

--- Chunk 52327 (188/220) | Start: 2025-02-22 08:25:00 ---
    RMSE omega (GP): 0.008590 | RMSE omega (Sim): 0.279198
    Loss: 0.0117 | Epoch: 1145
    Eq omega: -0.006011 + -0.00100theta + -0.00088omega + -0.00021theta^2 + 0.00069theta omega + 0.00250omega^2
    Eq omega Phys: 0.000756*omega**2 + 7.0e-6*omega*theta + 1.6e-5*omega - 2.0e-6*theta - 3.2e-5
    Diffusion: theta=1.812972e-03, omega=4.679754e-05

--- Chunk 52328 (189/220) | Start: 2025-02-22 08:30:00 ---
    RMSE omega (GP): 0.009547 | RMSE omega (Sim): nan
    Loss: 2.9910 | Epoch: 1501
    Eq omega: 0.058381 + -2.44294theta + 0.00827omega + 0.71274theta^2 + 0.00129theta omega + 0.08245omega^2
    Eq omega Phys: 0.031088*omega**2 + 1.6e-5*omega*theta + 0.000238*omega + 0.000299*theta**2 - 0.004099*theta + 0.008068
    Diffusion: theta=9.932633e-04, omega=6.020830e-05

--- Chunk 52329 (190/220) | Start: 2025-02-22 08:35:00 ---
    RMSE omega (GP): 0.011558 | RMSE omega (Sim): 0.118463
    Loss: 3.4758 | Epoch: 1945
    Eq omega: 0.002291 + -0.00564theta + 0.00229omega + -0.00010theta^2 + 0.00047theta omega + -0.00018omega^2
    Eq omega Phys: -5.9e-5*omega**2 + 5.0e-6*omega*theta + 3.5e-5*omega - 6.0e-6*theta + 5.6e-5
    Diffusion: theta=4.310394e-04, omega=7.561037e-05

--- Chunk 52330 (191/220) | Start: 2025-02-22 08:40:00 ---
    RMSE omega (GP): 0.010337 | RMSE omega (Sim): nan
    Loss: -0.9647 | Epoch: 1480
    Eq omega: -0.026521 + -0.08682theta + 0.00007omega + 0.22813theta^2 + -0.00699theta omega + -0.02349omega^2
    Eq omega Phys: -0.005657*omega**2 - 5.6e-5*omega*theta - 0.000552*omega + 6.1e-5*theta**2 + 0.001109*theta + 0.004877
    Diffusion: theta=1.440556e-03, omega=5.644882e-05

--- Chunk 52331 (192/220) | Start: 2025-02-22 08:45:00 ---
    RMSE omega (GP): 0.008719 | RMSE omega (Sim): 0.089828
    Loss: 5.8462 | Epoch: 2115
    Eq omega: 0.000691 + 0.00000theta + -0.00108omega + 0.00002theta^2 + -0.00013theta omega + 0.00005omega^2
    Eq omega Phys: 2.3e-5*omega**2 - 2.0e-6*omega*theta + 1.5e-5*omega - 0.e-6*theta + 8.0e-6
    Diffusion: theta=5.388980e-04, omega=3.599187e-05

--- Chunk 52332 (193/220) | Start: 2025-02-22 08:50:00 ---
    RMSE omega (GP): 0.012333 | RMSE omega (Sim): 0.102819
    Loss: 4.0097 | Epoch: 865
    Eq omega: -0.000561 + -0.00021theta + 0.00202omega + 0.00002theta^2 + 0.00102theta omega + 0.00036omega^2
    Eq omega Phys: 0.000116*omega**2 + 1.1e-5*omega*theta + 4.0e-5*omega - 1.0e-6
    Diffusion: theta=5.200516e-04, omega=6.582636e-05

--- Chunk 52333 (194/220) | Start: 2025-02-22 08:55:00 ---
    RMSE omega (GP): 0.019998 | RMSE omega (Sim): 0.083232
    Loss: 84.6156 | Epoch: 105
    Eq omega: -0.000401 + -0.00008theta + 0.00098omega + 0.00002theta^2 + 0.00007theta omega + 0.00002omega^2
    Eq omega Phys: 1.0e-5*omega**2 + 1.0e-6*omega*theta - 5.0e-6*omega - 0.e-6*theta + 1.4e-5
    Diffusion: theta=7.879130e-03, omega=2.120775e-05

--- Chunk 52334 (195/220) | Start: 2025-02-22 09:00:00 ---
    RMSE omega (GP): 0.014212 | RMSE omega (Sim): 0.051231
    Loss: 39.7794 | Epoch: 1238
    Eq omega: -0.001191 + 0.00001theta + -0.00021omega + 0.00001theta^2 + 0.00000theta omega + 0.00038omega^2
    Eq omega Phys: 0.000258*omega**2 - 7.0e-6*omega + 4.0e-6
    Diffusion: theta=1.894286e-03, omega=1.730641e-05

--- Chunk 52335 (196/220) | Start: 2025-02-22 09:05:00 ---
    RMSE omega (GP): 0.009799 | RMSE omega (Sim): 0.144739
    Loss: 7.2428 | Epoch: 1605
    Eq omega: -0.002001 + 0.00881theta + -0.00068omega + 0.00001theta^2 + -0.00040theta omega + 0.00134omega^2
    Eq omega Phys: 0.000626*omega**2 - 6.0e-6*omega*theta + 0.0001*omega + 1.0e-5*theta - 0.000196
    Diffusion: theta=7.970408e-04, omega=5.225659e-05

--- Chunk 52336 (197/220) | Start: 2025-02-22 09:10:00 ---
    RMSE omega (GP): nan | RMSE omega (Sim): nan
    Loss: 31971.5977 | Epoch: 16
    Eq omega: nan1 + nantheta + nanomega + nantheta^2 + nantheta omega + nanomega^2
    Eq omega Phys: N/A
    Diffusion: theta=nan, omega=nan

--- Chunk 52337 (198/220) | Start: 2025-02-22 09:15:00 ---
    RMSE omega (GP): 0.008812 | RMSE omega (Sim): 0.051986
    Loss: 18.7617 | Epoch: 2019
    Eq omega: -0.001451 + 0.00172theta + -0.00494omega + -0.00006theta^2 + -0.00008theta omega + 0.00051omega^2
    Eq omega Phys: 0.000395*omega**2 - 2.0e-6*omega*theta - 0.000113*omega + 5.0e-6*theta - 8.3e-5
    Diffusion: theta=5.644521e-04, omega=1.664597e-05

--- Chunk 52338 (199/220) | Start: 2025-02-22 09:20:00 ---
    RMSE omega (GP): 0.014124 | RMSE omega (Sim): 0.097965
    Loss: 10.2336 | Epoch: 1606
    Eq omega: 0.003621 + -0.00045theta + 0.00110omega + 0.00008theta^2 + -0.00040theta omega + -0.00007omega^2
    Eq omega Phys: -4.1e-5*omega**2 - 8.0e-6*omega*theta + 0.000167*omega - 2.0e-6*theta + 2.9e-5
    Diffusion: theta=2.376310e-04, omega=3.447975e-05

--- Chunk 52339 (200/220) | Start: 2025-02-22 09:25:00 ---
    RMSE omega (GP): 0.011314 | RMSE omega (Sim): 0.047530
    Loss: 25.7760 | Epoch: 2318
    Eq omega: 0.003131 + -0.00025theta + 0.00139omega + -0.00005theta^2 + -0.00009theta omega + -0.00032omega^2
    Eq omega Phys: -0.000227*omega**2 - 2.0e-6*omega*theta + 9.0e-5*omega + 1.0e-6*theta - 6.0e-6
    Diffusion: theta=6.457159e-04, omega=1.910556e-05

  [Progress 200/220] Mean RMSE omega (GP): 0.014667 | (Sim): 0.135268 | Mean loss: 193.0816 | Valid GP: 149/200 | Valid Sim: 144/200 | Elapsed: 63.3min | ETA: 6.3min

--- Chunk 52340 (201/220) | Start: 2025-02-22 09:30:00 ---
    RMSE omega (GP): 0.010685 | RMSE omega (Sim): 0.064443
    Loss: 24.5793 | Epoch: 2160
    Eq omega: 0.000401 + -0.00004theta + -0.00061omega + -0.00002theta^2 + -0.00003theta omega + 0.00004omega^2
    Eq omega Phys: 3.0e-5*omega**2 - 0.e-6*omega*theta - 3.0e-6*omega + 1.0e-6*theta - 7.0e-6
    Diffusion: theta=2.010211e-03, omega=1.639761e-05

--- Chunk 52341 (202/220) | Start: 2025-02-22 09:35:00 ---
    RMSE omega (GP): nan | RMSE omega (Sim): nan
    Loss: 1053.3806 | Epoch: 51
    Eq omega: nan1 + nantheta + nanomega + nantheta^2 + nantheta omega + nanomega^2
    Eq omega Phys: N/A
    Diffusion: theta=nan, omega=nan

--- Chunk 52342 (203/220) | Start: 2025-02-22 09:40:00 ---
    RMSE omega (GP): 0.010828 | RMSE omega (Sim): 0.055809
    Loss: 13.5833 | Epoch: 1736
    Eq omega: 0.000121 + 0.00031theta + 0.00216omega + 0.00011theta^2 + -0.00015theta omega + 0.00065omega^2
    Eq omega Phys: 0.00039*omega**2 - 3.0e-6*omega*theta + 0.000122*omega - 2.0e-6*theta + 1.5e-5
    Diffusion: theta=4.766323e-04, omega=2.534169e-05

--- Chunk 52343 (204/220) | Start: 2025-02-22 09:45:00 ---
    RMSE omega (GP): 0.009039 | RMSE omega (Sim): 0.073328
    Loss: 15.3626 | Epoch: 1611
    Eq omega: 0.004101 + 0.00076theta + -0.00179omega + -0.00005theta^2 + -0.00003theta omega + 0.00094omega^2
    Eq omega Phys: 0.000657*omega**2 - 0.e-6*omega*theta - 4.5e-5*omega + 2.0e-6*theta - 2.7e-5
    Diffusion: theta=2.071779e-03, omega=2.149936e-05

--- Chunk 52344 (205/220) | Start: 2025-02-22 09:50:00 ---
    RMSE omega (GP): nan | RMSE omega (Sim): nan
    Loss: 513.3095 | Epoch: 72
    Eq omega: nan1 + nantheta + nanomega + nantheta^2 + nantheta omega + nanomega^2
    Eq omega Phys: N/A
    Diffusion: theta=nan, omega=nan

--- Chunk 52345 (206/220) | Start: 2025-02-22 09:55:00 ---
    RMSE omega (GP): 0.008743 | RMSE omega (Sim): 0.083020
    Loss: 13.5661 | Epoch: 2186
    Eq omega: 0.000661 + -0.00015theta + 0.00046omega + -0.00003theta^2 + -0.00002theta omega + -0.00147omega^2
    Eq omega Phys: -0.000954*omega**2 + 2.5e-5*omega + 1.0e-6*theta - 6.0e-6
    Diffusion: theta=6.213381e-04, omega=2.645341e-05

--- Chunk 52346 (207/220) | Start: 2025-02-22 10:00:00 ---
    RMSE omega (GP): 0.008795 | RMSE omega (Sim): 0.044830
    Loss: 46.9396 | Epoch: 3756
    Eq omega: -0.000681 + 0.00007theta + 0.00145omega + 0.00001theta^2 + -0.00004theta omega + -0.00002omega^2
    Eq omega Phys: -2.3e-5*omega**2 - 2.0e-6*omega*theta + 9.2e-5*omega - 0.e-6*theta + 7.0e-6
    Diffusion: theta=9.933593e-04, omega=7.681420e-06

--- Chunk 52347 (208/220) | Start: 2025-02-22 10:05:00 ---
    RMSE omega (GP): nan | RMSE omega (Sim): nan
    Loss: 805.7355 | Epoch: 38
    Eq omega: nan1 + nantheta + nanomega + nantheta^2 + nantheta omega + nanomega^2
    Eq omega Phys: N/A
    Diffusion: theta=nan, omega=nan

--- Chunk 52348 (209/220) | Start: 2025-02-22 10:10:00 ---
    RMSE omega (GP): 0.008407 | RMSE omega (Sim): 0.110127
    Loss: 4.1821 | Epoch: 1598
    Eq omega: 0.000201 + 0.00030theta + 0.00051omega + -0.00002theta^2 + -0.00009theta omega + 0.00032omega^2
    Eq omega Phys: 0.000146*omega**2 - 1.0e-6*omega*theta + 4.1e-5*omega + 1.0e-6*theta - 9.0e-6
    Diffusion: theta=1.836415e-03, omega=3.528523e-05

--- Chunk 52349 (210/220) | Start: 2025-02-22 10:15:00 ---
    RMSE omega (GP): nan | RMSE omega (Sim): nan
    Loss: 53449.7383 | Epoch: 16
    Eq omega: nan1 + nantheta + nanomega + nantheta^2 + nantheta omega + nanomega^2
    Eq omega Phys: N/A
    Diffusion: theta=nan, omega=nan

--- Chunk 52350 (211/220) | Start: 2025-02-22 10:20:00 ---
    RMSE omega (GP): 0.039692 | RMSE omega (Sim): 0.049274
    Loss: 1913.3351 | Epoch: 43
    Eq omega: 0.004981 + -0.00010theta + 0.00545omega + -0.00006theta^2 + -0.00007theta omega + -0.00036omega^2
    Eq omega Phys: -0.000267*omega**2 - 2.0e-6*omega*theta + 0.000222*omega + 2.0e-6*theta - 1.6e-5
    Diffusion: theta=nan, omega=nan

--- Chunk 52351 (212/220) | Start: 2025-02-22 10:25:00 ---
    RMSE omega (GP): 0.011211 | RMSE omega (Sim): 0.052506
    Loss: 48.3509 | Epoch: 2213
    Eq omega: 0.000521 + 0.00001theta + -0.00006omega + 0.00000theta^2 + 0.00003theta omega + -0.00005omega^2
    Eq omega Phys: -4.5e-5*omega**2 + 1.0e-6*omega*theta - 2.7e-5*omega
    Diffusion: theta=6.284203e-04, omega=1.729989e-05

--- Chunk 52352 (213/220) | Start: 2025-02-22 10:30:00 ---
    RMSE omega (GP): 0.021131 | RMSE omega (Sim): 0.032882
    Loss: 203.1291 | Epoch: 510
    Eq omega: 0.001121 + -0.00000theta + 0.00043omega + -0.00000theta^2 + -0.00028theta omega + 0.00033omega^2
    Eq omega Phys: 0.000331*omega**2 - 9.0e-6*omega*theta + 0.000277*omega + 1.0e-6
    Diffusion: theta=7.897985e-04, omega=2.653537e-06

--- Chunk 52353 (214/220) | Start: 2025-02-22 10:35:00 ---
    RMSE omega (GP): nan | RMSE omega (Sim): nan
    Loss: 662.0966 | Epoch: 59
    Eq omega: nan1 + nantheta + nanomega + nantheta^2 + nantheta omega + nanomega^2
    Eq omega Phys: N/A
    Diffusion: theta=nan, omega=nan

--- Chunk 52354 (215/220) | Start: 2025-02-22 10:40:00 ---
    RMSE omega (GP): nan | RMSE omega (Sim): nan
    Loss: 219.8670 | Epoch: 161
    Eq omega: nan1 + nantheta + nanomega + nantheta^2 + nantheta omega + nanomega^2
    Eq omega Phys: N/A
    Diffusion: theta=nan, omega=nan

--- Chunk 52355 (216/220) | Start: 2025-02-22 10:45:00 ---
    RMSE omega (GP): nan | RMSE omega (Sim): nan
    Loss: 544.3640 | Epoch: 140
    Eq omega: nan1 + nantheta + nanomega + nantheta^2 + nantheta omega + nanomega^2
    Eq omega Phys: N/A
    Diffusion: theta=nan, omega=nan

--- Chunk 52356 (217/220) | Start: 2025-02-22 10:50:00 ---
    RMSE omega (GP): 0.016326 | RMSE omega (Sim): 0.070751
    Loss: 91.0482 | Epoch: 1582
    Eq omega: -0.000621 + -0.00003theta + 0.00067omega + -0.00000theta^2 + -0.00001theta omega + -0.00003omega^2
    Eq omega Phys: -2.7e-5*omega**2 + 3.1e-5*omega
    Diffusion: theta=1.255045e-03, omega=9.101630e-06

--- Chunk 52357 (218/220) | Start: 2025-02-22 10:55:00 ---
    RMSE omega (GP): 0.050926 | RMSE omega (Sim): 0.071890
    Loss: 393.6085 | Epoch: 358
    Eq omega: -0.001071 + -0.00012theta + -0.00061omega + 0.00001theta^2 + 0.00004theta omega + -0.00049omega^2
    Eq omega Phys: -0.000267*omega**2 + 1.0e-6*omega*theta - 3.7e-5*omega + 4.0e-6
    Diffusion: theta=1.313117e+00, omega=1.504818e-03

--- Chunk 52358 (219/220) | Start: 2025-02-22 11:00:00 ---
    RMSE omega (GP): 0.010967 | RMSE omega (Sim): 0.072801
    Loss: 15.8566 | Epoch: 2118
    Eq omega: 0.000681 + -0.00003theta + -0.00048omega + 0.00002theta^2 + -0.00003theta omega + 0.00002omega^2
    Eq omega Phys: 1.1e-5*omega**2 - 0.e-6*omega*theta - 4.0e-6*omega - 0.e-6*theta + 8.0e-6
    Diffusion: theta=7.595106e-04, omega=2.296352e-05

--- Chunk 52359 (220/220) | Start: 2025-02-22 11:05:00 ---
    RMSE omega (GP): nan | RMSE omega (Sim): nan
    Loss: 468.6054 | Epoch: 146
    Eq omega: nan1 + nantheta + nanomega + nantheta^2 + nantheta omega + nanomega^2
    Eq omega Phys: N/A
    Diffusion: theta=nan, omega=nan

  [Progress 220/220] Mean RMSE omega (GP): 0.014858 | (Sim): 0.129873 | Mean loss: 450.5316 | Valid GP: 161/220 | Valid Sim: 156/220 | Elapsed: 70.1min | ETA: 0.0min

============================================================
EVALUATION COMPLETE — Chunks [52140, 52359]
============================================================
Chunks processed: 220
Chunks succeeded GP:  161 (73.2%)
Chunks succeeded Sim: 156 (70.9%)
Mean GP RMSE omega:   0.014858 ± 0.010154
Mean SIM RMSE omega:  0.129873 ± 0.085548
Mean Loss:            450.5316 ± 7048.9493
Elapsed time:     70.1 minutes

Per-chunk CSV: /pfs/data6/home/ka/ka_iai/ka_bj2362/dsr/svise/results_5min_all_chunks/run_SLURM_3733209_combo38/chunks_52140_to_52359_20260323_035304.csv
Summary JSON:  /pfs/data6/home/ka/ka_iai/ka_bj2362/dsr/svise/results_5min_all_chunks/run_SLURM_3733209_combo38/summary_52140_to_52359_20260323_035304.json
============================================================

============================= JOB FEEDBACK =============================

NodeName=uc3n053
Job ID: 3733503
Array Job ID: 3733209_237
Cluster: uc3
User/Group: ka_bj2362/ka_iai
State: COMPLETED (exit code 0)
Nodes: 1
Cores per node: 4
CPU Utilized: 01:09:46
CPU Efficiency: 24.76% of 04:41:48 core-walltime
Job Wall-clock time: 01:10:27
Memory Utilized: 3.42 GB
Memory Efficiency: 28.53% of 12.00 GB (12.00 GB/node)
