Array task 127: processing chunks 27940 to 28159
Loading data from /pfs/data6/home/ka/ka_iai/ka_bj2362/dsr/svise/../dataset/South_Korea_2024-08-15_2025-08-31_1s.parquet...
Finding all valid 5-minute chunks in the dataset...
Found 107059 valid 5-minute chunks in total.

============================================================
SVISE FINAL EVALUATION — ALL CHUNKS
============================================================
Hyperparameters: {
  "model": "integrator",
  "sigma": 0,
  "degree": 2,
  "tau": 1e-05,
  "lr": 0.1,
  "n_tau": 50,
  "measurement_noise": 0.001,
  "n_reparam_samples": 15
}
Total valid chunks in dataset: 107059
Processing chunk range: [27940, 28159] (220 chunks)
Early stopping: patience=300, max_epochs=10000
============================================================


--- Chunk 27940 (1/220) | Start: 2024-11-25 05:30:00 ---
/pfs/data6/home/ka/ka_iai/ka_bj2362/dsr/svise/svise/sde_learning/_marginal_sde.py:284: UserWarning: torch.triangular_solve is deprecated in favor of torch.linalg.solve_triangularand will be removed in a future PyTorch release.
torch.linalg.solve_triangular has its arguments reversed and does not return a copy of one of the inputs.
X = torch.triangular_solve(B, A).solution
should be replaced with
X = torch.linalg.solve_triangular(A, B). (Triggered internally at ../aten/src/ATen/native/BatchLinearAlgebra.cpp:2192.)
  return torch.triangular_solve(self.raw_w, self.C.t()).solution
/pfs/data6/home/ka/ka_iai/ka_bj2362/dsr/svise/svise/quadrature/_unbiased_quadrature.py:196: UserWarning: Interp is nan, reducing interp degree.
  warnings.warn("Interp is nan, reducing interp degree.")
    RMSE omega (GP): 0.009399 | RMSE omega (Sim): 0.138064
    Loss: 3.3399 | Epoch: 891
    Eq omega: -0.001841 + -0.00561theta + -0.00040omega + 0.00009theta^2 + -0.00234theta omega + -0.00059omega^2
    Eq omega Phys: -0.000238*omega**2 - 3.1e-5*omega*theta - 0.000164*omega - 6.0e-6*theta - 3.4e-5

--- Chunk 27941 (2/220) | Start: 2024-11-25 05:35:00 ---
/pfs/data6/home/ka/ka_iai/ka_bj2362/dsr/svise/svise/quadrature/_unbiased_quadrature.py:174: UserWarning: NaN detected in fxq (quadrature node evaluations). Clamping to 0.
  warnings.warn("NaN detected in fxq (quadrature node evaluations). Clamping to 0.")
/pfs/data6/home/ka/ka_iai/ka_bj2362/dsr/svise/svise/quadrature/_unbiased_quadrature.py:177: UserWarning: NaN detected in fmc (Monte-Carlo node evaluations). Clamping to 0.
  warnings.warn("NaN detected in fmc (Monte-Carlo node evaluations). Clamping to 0.")
    RMSE omega (GP): nan | RMSE omega (Sim): nan
    Loss: 50.8181 | Epoch: 43
    Eq omega: nan1 + nantheta + nanomega + nantheta^2 + nantheta omega + nanomega^2
    Eq omega Phys: N/A

--- Chunk 27942 (3/220) | Start: 2024-11-25 05:40:00 ---
    RMSE omega (GP): 0.010822 | RMSE omega (Sim): 0.069457
    Loss: 7.0509 | Epoch: 673
    Eq omega: 0.013301 + -1.45455theta + 0.00680omega + 0.01013theta^2 + -0.05371theta omega + -0.03822omega^2
    Eq omega Phys: -0.016686*omega**2 - 0.000782*omega*theta - 0.001522*omega + 5.0e-6*theta**2 - 0.001594*theta - 0.003557

--- Chunk 27943 (4/220) | Start: 2024-11-25 05:45:00 ---
    RMSE omega (GP): 0.008400 | RMSE omega (Sim): 0.070769
    Loss: 1.6187 | Epoch: 1147
    Eq omega: -0.005031 + -0.61581theta + -0.00378omega + -0.00571theta^2 + 0.00140theta omega + -0.00626omega^2
    Eq omega Phys: -0.002362*omega**2 + 1.8e-5*omega*theta - 7.4e-5*omega - 2.0e-6*theta**2 - 0.000698*theta - 0.002044

--- Chunk 27944 (5/220) | Start: 2024-11-25 05:50:00 ---
    RMSE omega (GP): 0.008553 | RMSE omega (Sim): 0.077138
    Loss: 4.1065 | Epoch: 1550
    Eq omega: -0.000651 + -0.00025theta + -0.00423omega + 0.00067theta^2 + 0.00005theta omega + -0.00023omega^2
    Eq omega Phys: -0.000101*omega**2 + 1.0e-6*omega*theta - 0.000133*omega + 7.0e-6*theta + 3.7e-5

--- Chunk 27945 (6/220) | Start: 2024-11-25 05:55:00 ---
    RMSE omega (GP): 0.009366 | RMSE omega (Sim): 0.100454
    Loss: 2.2440 | Epoch: 1197
    Eq omega: -0.001311 + -0.00978theta + 0.00431omega + 0.00100theta^2 + 0.00299theta omega + 0.00082omega^2
    Eq omega Phys: 0.000301*omega**2 + 3.7e-5*omega*theta + 0.00019*omega - 1.0e-5*theta - 1.7e-5

--- Chunk 27946 (7/220) | Start: 2024-11-25 06:00:00 ---
    RMSE omega (GP): nan | RMSE omega (Sim): nan
    Loss: 59.3072 | Epoch: 45
    Eq omega: nan1 + nantheta + nanomega + nantheta^2 + nantheta omega + nanomega^2
    Eq omega Phys: N/A

--- Chunk 27947 (8/220) | Start: 2024-11-25 06:05:00 ---
    RMSE omega (GP): 0.009405 | RMSE omega (Sim): 0.067586
    Loss: 8.4109 | Epoch: 1611
    Eq omega: 0.000761 + -0.00071theta + 0.01074omega + -0.00003theta^2 + -0.00166theta omega + -0.00273omega^2
    Eq omega Phys: -0.001423*omega**2 - 2.9e-5*omega*theta + 0.00067*omega + 8.0e-6

--- Chunk 27948 (9/220) | Start: 2024-11-25 06:10:00 ---
    RMSE omega (GP): 0.009072 | RMSE omega (Sim): 0.175197
    Loss: 0.7948 | Epoch: 1068
    Eq omega: -0.028861 + -0.97946theta + -0.02157omega + 0.02578theta^2 + -0.01515theta omega + 0.04954omega^2
    Eq omega Phys: 0.016212*omega**2 - 0.000165*omega*theta - 0.002042*omega + 9.0e-6*theta**2 - 0.000938*theta - 0.008211

--- Chunk 27949 (10/220) | Start: 2024-11-25 06:15:00 ---
    RMSE omega (GP): 0.010497 | RMSE omega (Sim): 0.087140
    Loss: 11.1986 | Epoch: 1561
    Eq omega: -0.000491 + -1.01105theta + -0.02188omega + -0.00341theta^2 + 0.00943theta omega + 0.00537omega^2
    Eq omega Phys: 0.002858*omega**2 + 0.000167*omega*theta - 0.000136*omega - 2.0e-6*theta**2 - 0.001138*theta - 0.00401

--- Chunk 27950 (11/220) | Start: 2024-11-25 06:20:00 ---
    RMSE omega (GP): 0.010254 | RMSE omega (Sim): 0.137239
    Loss: 2.9637 | Epoch: 1424
    Eq omega: -0.001711 + -0.03213theta + -0.00084omega + 0.01919theta^2 + 0.00031theta omega + 0.00187omega^2
    Eq omega Phys: 0.000674*omega**2 + 4.0e-6*omega*theta - 3.4e-5*omega + 8.0e-6*theta**2 - 6.1e-5*theta + 7.6e-5

--- Chunk 27951 (12/220) | Start: 2024-11-25 06:25:00 ---
    RMSE omega (GP): 0.008747 | RMSE omega (Sim): 0.123251
    Loss: 1.4407 | Epoch: 1136
    Eq omega: 0.012821 + -0.44983theta + -0.02085omega + 0.00035theta^2 + 0.01032theta omega + -0.00146omega^2
    Eq omega Phys: -0.00051*omega**2 + 0.00012*omega*theta - 6.9e-5*omega - 0.000498*theta - 0.002559

--- Chunk 27952 (13/220) | Start: 2024-11-25 06:30:00 ---
    RMSE omega (GP): 0.009222 | RMSE omega (Sim): 0.132660
    Loss: 3.8606 | Epoch: 1790
    Eq omega: 0.000981 + -0.00027theta + -0.00550omega + 0.00015theta^2 + 0.00037theta omega + -0.00100omega^2
    Eq omega Phys: -0.000419*omega**2 + 5.0e-6*omega*theta - 0.000251*omega - 2.0e-6*theta + 1.9e-5

--- Chunk 27953 (14/220) | Start: 2024-11-25 06:35:00 ---
    RMSE omega (GP): 0.006719 | RMSE omega (Sim): 0.044677
    Loss: 6.9426 | Epoch: 1788
    Eq omega: 0.000961 + -0.00122theta + -0.00061omega + 0.00003theta^2 + 0.00011theta omega + 0.00077omega^2
    Eq omega Phys: 0.000588*omega**2 + 3.0e-6*omega*theta - 6.9e-5*omega - 2.0e-6*theta + 3.3e-5

--- Chunk 27954 (15/220) | Start: 2024-11-25 06:40:00 ---
    RMSE omega (GP): 0.009170 | RMSE omega (Sim): 0.159734
    Loss: 1.2142 | Epoch: 894
    Eq omega: -0.017281 + -0.00018theta + 0.00043omega + -0.00005theta^2 + -0.00098theta omega + -0.00282omega^2
    Eq omega Phys: -0.001027*omega**2 - 1.2e-5*omega*theta - 1.4e-5*omega - 5.3e-5

--- Chunk 27955 (16/220) | Start: 2024-11-25 06:45:00 ---
    RMSE omega (GP): 0.007922 | RMSE omega (Sim): 0.100470
    Loss: 0.1283 | Epoch: 2893
    Eq omega: 0.000281 + -0.00369theta + 0.00254omega + -0.00038theta^2 + 0.00273theta omega + 0.00253omega^2
    Eq omega Phys: 0.000863*omega**2 + 3.1e-5*omega*theta + 0.000329*omega - 6.0e-6*theta - 4.0e-5

--- Chunk 27956 (17/220) | Start: 2024-11-25 06:50:00 ---
    RMSE omega (GP): 0.008669 | RMSE omega (Sim): 0.102087
    Loss: 3.1198 | Epoch: 1914
    Eq omega: -0.001931 + -0.00141theta + -0.00113omega + 0.00040theta^2 + 0.00000theta omega + -0.00119omega^2
    Eq omega Phys: -0.000498*omega**2 - 3.8e-5*omega + 4.0e-6*theta + 1.3e-5

--- Chunk 27957 (18/220) | Start: 2024-11-25 06:55:00 ---
    RMSE omega (GP): 0.008365 | RMSE omega (Sim): 0.137267
    Loss: 2.4184 | Epoch: 1999
    Eq omega: -0.009641 + -1.16900theta + -0.01355omega + 0.02818theta^2 + 0.00582theta omega + 0.00640omega^2
    Eq omega Phys: 0.002686*omega**2 + 8.1e-5*omega*theta - 0.000523*omega + 1.3e-5*theta**2 - 0.001322*theta + 0.001125

--- Chunk 27958 (19/220) | Start: 2024-11-25 07:00:00 ---
    RMSE omega (GP): 0.024725 | RMSE omega (Sim): 0.092001
    Loss: 45.1782 | Epoch: 2628
    Eq omega: -0.011331 + -0.30232theta + -0.00101omega + 0.00688theta^2 + 0.13324theta omega + -0.01582omega^2
    Eq omega Phys: -0.008928*omega**2 + 0.002506*omega*theta - 0.098417*omega + 4.0e-6*theta**2 - 0.000675*theta + 0.01981

--- Chunk 27959 (20/220) | Start: 2024-11-25 07:05:00 ---
    RMSE omega (GP): 0.008140 | RMSE omega (Sim): 0.114226
    Loss: 0.3373 | Epoch: 1154
    Eq omega: -0.001321 + -0.01882theta + 0.01479omega + -0.00008theta^2 + -0.00082theta omega + -0.00044omega^2
    Eq omega Phys: -0.000146*omega**2 - 9.0e-6*omega*theta + 0.000603*omega - 2.0e-5*theta + 0.000245

--- Chunk 27960 (21/220) | Start: 2024-11-25 07:10:00 ---
    RMSE omega (GP): nan | RMSE omega (Sim): nan
    Loss: 25.0861 | Epoch: 79
    Eq omega: nan1 + nantheta + nanomega + nantheta^2 + nantheta omega + nanomega^2
    Eq omega Phys: N/A

--- Chunk 27961 (22/220) | Start: 2024-11-25 07:15:00 ---
    RMSE omega (GP): 0.010777 | RMSE omega (Sim): 0.148008
    Loss: -0.7575 | Epoch: 1151
    Eq omega: 0.006731 + -0.73783theta + -0.00029omega + 0.02565theta^2 + -0.01793theta omega + -0.00003omega^2
    Eq omega Phys: -7.0e-6*omega**2 - 0.000142*omega*theta + 0.000441*omega + 7.0e-6*theta**2 - 0.000863*theta + 0.002711

--- Chunk 27962 (23/220) | Start: 2024-11-25 07:20:00 ---
    RMSE omega (GP): 0.031945 | RMSE omega (Sim): 0.097341
    Loss: 60.3745 | Epoch: 37
    Eq omega: -0.001421 + -0.00709theta + -0.00293omega + -0.00936theta^2 + 0.00026theta omega + 0.00135omega^2
    Eq omega Phys: 0.000462*omega**2 + 3.0e-6*omega*theta - 0.000101*omega - 4.0e-6*theta**2

--- Chunk 27963 (24/220) | Start: 2024-11-25 07:25:00 ---
    RMSE omega (GP): nan | RMSE omega (Sim): nan
    Loss: 163.1880 | Epoch: 61
    Eq omega: nan1 + nantheta + nanomega + nantheta^2 + nantheta omega + nanomega^2
    Eq omega Phys: N/A

--- Chunk 27964 (25/220) | Start: 2024-11-25 07:30:00 ---
    RMSE omega (GP): 0.008613 | RMSE omega (Sim): 0.071886
    Loss: 13.1552 | Epoch: 2076
    Eq omega: -0.000861 + -0.00001theta + 0.00031omega + 0.00001theta^2 + 0.00005theta omega + -0.00005omega^2
    Eq omega Phys: -3.4e-5*omega**2 + 1.0e-6*omega*theta - 9.0e-6*omega + 1.0e-6

--- Chunk 27965 (26/220) | Start: 2024-11-25 07:35:00 ---
    RMSE omega (GP): 0.007496 | RMSE omega (Sim): 0.102371
    Loss: 8.6712 | Epoch: 2533
    Eq omega: 0.000881 + -0.20368theta + -0.00641omega + 0.00080theta^2 + 0.01264theta omega + -0.01835omega^2
    Eq omega Phys: -0.011735*omega**2 + 0.000269*omega*theta - 0.004251*omega + 1.0e-6*theta**2 - 0.000243*theta + 0.00352

--- Chunk 27966 (27/220) | Start: 2024-11-25 07:40:00 ---
    RMSE omega (GP): nan | RMSE omega (Sim): nan
    Loss: 105.6652 | Epoch: 33
    Eq omega: nan1 + nantheta + nanomega + nantheta^2 + nantheta omega + nanomega^2
    Eq omega Phys: N/A

--- Chunk 27967 (28/220) | Start: 2024-11-25 07:45:00 ---
    RMSE omega (GP): 0.028870 | RMSE omega (Sim): 0.252543
    Loss: 53.0027 | Epoch: 348
    Eq omega: 0.003801 + -0.01369theta + -0.00059omega + 0.00006theta^2 + -0.00358theta omega + -0.00207omega^2
    Eq omega Phys: -0.000775*omega**2 - 4.5e-5*omega*theta + 0.000369*omega - 1.6e-5*theta + 0.000146

--- Chunk 27968 (29/220) | Start: 2024-11-25 07:50:00 ---
    RMSE omega (GP): nan | RMSE omega (Sim): nan
    Loss: 164.8045 | Epoch: 39
    Eq omega: nan1 + nantheta + nanomega + nantheta^2 + nantheta omega + nanomega^2
    Eq omega Phys: N/A

--- Chunk 27969 (30/220) | Start: 2024-11-25 07:55:00 ---
    RMSE omega (GP): nan | RMSE omega (Sim): nan
    Loss: 157.5879 | Epoch: 16
    Eq omega: nan1 + nantheta + nanomega + nantheta^2 + nantheta omega + nanomega^2
    Eq omega Phys: N/A

--- Chunk 27970 (31/220) | Start: 2024-11-25 08:00:00 ---
    RMSE omega (GP): 0.009002 | RMSE omega (Sim): 0.101850
    Loss: 0.4822 | Epoch: 2224
    Eq omega: -0.000941 + -0.00008theta + 0.00419omega + 0.00049theta^2 + -0.00083theta omega + 0.00023omega^2
    Eq omega Phys: 7.7e-5*omega**2 - 9.0e-6*omega*theta + 0.000211*omega - 3.0e-6*theta + 8.0e-6

--- Chunk 27971 (32/220) | Start: 2024-11-25 08:05:00 ---
    RMSE omega (GP): 0.022535 | RMSE omega (Sim): 0.155626
    Loss: 26.6060 | Epoch: 89
    Eq omega: -0.003761 + -0.00231theta + 0.00182omega + -0.00298theta^2 + 0.00039theta omega + -0.00110omega^2
    Eq omega Phys: -0.000379*omega**2 + 4.0e-6*omega*theta + 3.5e-5*omega - 1.0e-6*theta**2 + 1.1e-5*theta - 3.6e-5

--- Chunk 27972 (33/220) | Start: 2024-11-25 08:10:00 ---
    RMSE omega (GP): 0.008145 | RMSE omega (Sim): 0.175440
    Loss: 1.2007 | Epoch: 1266
    Eq omega: 0.001601 + 0.00141theta + -0.00174omega + -0.00041theta^2 + -0.00021theta omega + -0.00349omega^2
    Eq omega Phys: -0.001314*omega**2 - 3.0e-6*omega*theta - 5.4e-5*omega + 2.0e-6*theta + 2.0e-6

--- Chunk 27973 (34/220) | Start: 2024-11-25 08:15:00 ---
    RMSE omega (GP): 0.008687 | RMSE omega (Sim): nan
    Loss: -466.6106 | Epoch: 835
    Eq omega: 0.692831 + -0.32834theta + -0.06614omega + -0.63279theta^2 + 0.00028theta omega + 0.09139omega^2
    Eq omega Phys: 0.035731*omega**2 + 4.0e-6*omega*theta - 0.002229*omega - 0.000275*theta**2 + 0.003275*theta - 0.007666

--- Chunk 27974 (35/220) | Start: 2024-11-25 08:20:00 ---
    RMSE omega (GP): 0.007217 | RMSE omega (Sim): 0.123677
    Loss: 0.4885 | Epoch: 985
    Eq omega: 0.000851 + -0.92601theta + 0.00692omega + 0.00369theta^2 + -0.00806theta omega + 0.00638omega^2
    Eq omega Phys: 0.002374*omega**2 - 0.0001*omega*theta + 0.000467*omega + 2.0e-6*theta**2 - 0.001036*theta + 0.002443

--- Chunk 27975 (36/220) | Start: 2024-11-25 08:25:00 ---
    RMSE omega (GP): 0.024349 | RMSE omega (Sim): 0.073663
    Loss: 103.0646 | Epoch: 548
    Eq omega: 0.001261 + -0.00029theta + 0.00299omega + 0.00009theta^2 + 0.00039theta omega + 0.00133omega^2
    Eq omega Phys: 0.000778*omega**2 + 8.0e-6*omega*theta + 0.00023*omega + 2.0e-6*theta + 1.4e-5

--- Chunk 27976 (37/220) | Start: 2024-11-25 08:30:00 ---
    RMSE omega (GP): 0.007530 | RMSE omega (Sim): 0.140291
    Loss: 1.3992 | Epoch: 1498
    Eq omega: -0.005411 + -0.00034theta + -0.00099omega + 0.00122theta^2 + 0.00189theta omega + -0.00096omega^2
    Eq omega Phys: -0.000383*omega**2 + 2.5e-5*omega*theta - 7.2e-5*omega + 1.0e-6*theta**2 - 2.0e-6*theta - 1.3e-5

--- Chunk 27977 (38/220) | Start: 2024-11-25 08:35:00 ---
    RMSE omega (GP): 0.008223 | RMSE omega (Sim): 0.101550
    Loss: 0.7343 | Epoch: 1447
    Eq omega: -0.003951 + -0.71201theta + 0.00821omega + -0.01461theta^2 + -0.02868theta omega + 0.00142omega^2
    Eq omega Phys: 0.000506*omega**2 - 0.000341*omega*theta + 0.000492*omega - 6.0e-6*theta**2 - 0.000784*theta + 0.000493

--- Chunk 27978 (39/220) | Start: 2024-11-25 08:40:00 ---
    RMSE omega (GP): nan | RMSE omega (Sim): nan
    Loss: 397.6256 | Epoch: 16
    Eq omega: nan1 + nantheta + nanomega + nantheta^2 + nantheta omega + nanomega^2
    Eq omega Phys: N/A

--- Chunk 27979 (40/220) | Start: 2024-11-25 08:45:00 ---
    RMSE omega (GP): nan | RMSE omega (Sim): nan
    Loss: 2772.9670 | Epoch: 16
    Eq omega: nan1 + nantheta + nanomega + nantheta^2 + nantheta omega + nanomega^2
    Eq omega Phys: N/A

--- Chunk 27980 (41/220) | Start: 2024-11-25 08:50:00 ---
    RMSE omega (GP): nan | RMSE omega (Sim): nan
    Loss: 153.7204 | Epoch: 45
    Eq omega: nan1 + nantheta + nanomega + nantheta^2 + nantheta omega + nanomega^2
    Eq omega Phys: N/A

--- Chunk 27981 (42/220) | Start: 2024-11-25 08:55:00 ---
    RMSE omega (GP): 0.008599 | RMSE omega (Sim): 0.103108
    Loss: 1.9366 | Epoch: 2031
    Eq omega: 0.002431 + 0.00065theta + -0.00028omega + 0.00007theta^2 + -0.00141theta omega + 0.00016omega^2
    Eq omega Phys: 5.4e-5*omega**2 - 1.6e-5*omega*theta + 0.000201*omega + 3.0e-6

--- Chunk 27982 (43/220) | Start: 2024-11-25 09:00:00 ---
    RMSE omega (GP): 0.031653 | RMSE omega (Sim): 0.040821
    Loss: 346.6142 | Epoch: 96
    Eq omega: -0.001181 + 0.00001theta + -0.00096omega + -0.00000theta^2 + 0.00002theta omega + -0.00022omega^2
    Eq omega Phys: -0.000178*omega**2 + 1.0e-6*omega*theta - 4.6e-5*omega - 2.0e-6

--- Chunk 27983 (44/220) | Start: 2024-11-25 09:05:00 ---
    RMSE omega (GP): 0.010006 | RMSE omega (Sim): 0.122586
    Loss: 1.9058 | Epoch: 1232
    Eq omega: 0.010971 + -0.77888theta + 0.03694omega + 0.01256theta^2 + -0.03449theta omega + -0.00329omega^2
    Eq omega Phys: -0.001102*omega**2 - 0.000385*omega*theta + 0.002329*omega + 5.0e-6*theta**2 - 0.000892*theta + 0.002543

--- Chunk 27984 (45/220) | Start: 2024-11-25 09:10:00 ---
    RMSE omega (GP): 0.010012 | RMSE omega (Sim): 0.161880
    Loss: 12.8028 | Epoch: 1548
    Eq omega: -0.001511 + 0.00042theta + -0.00406omega + -0.00007theta^2 + -0.00041theta omega + 0.00107omega^2
    Eq omega Phys: 0.000608*omega**2 - 8.0e-6*omega*theta - 1.3e-5*omega + 2.0e-6*theta - 2.1e-5

--- Chunk 27985 (46/220) | Start: 2024-11-25 09:15:00 ---
    RMSE omega (GP): 0.011187 | RMSE omega (Sim): 0.092956
    Loss: 4.5693 | Epoch: 1747
    Eq omega: 0.001591 + 0.00080theta + 0.00180omega + 0.00106theta^2 + -0.00043theta omega + 0.00956omega^2
    Eq omega Phys: 0.003491*omega**2 - 5.0e-6*omega*theta + 0.000134*omega - 1.1e-5*theta + 7.8e-5

--- Chunk 27986 (47/220) | Start: 2024-11-25 09:20:00 ---
    RMSE omega (GP): nan | RMSE omega (Sim): nan
    Loss: 1166.4147 | Epoch: 26
    Eq omega: nan1 + nantheta + nanomega + nantheta^2 + nantheta omega + nanomega^2
    Eq omega Phys: N/A

--- Chunk 27987 (48/220) | Start: 2024-11-25 09:25:00 ---
    RMSE omega (GP): 0.032034 | RMSE omega (Sim): 0.154237
    Loss: 190.6549 | Epoch: 425
    Eq omega: -0.000781 + 0.03450theta + 0.00243omega + 0.00001theta^2 + 0.00000theta omega + -0.00019omega^2
    Eq omega Phys: -0.000113*omega**2 + 8.1e-5*omega + 3.8e-5*theta - 0.000792

--- Chunk 27988 (49/220) | Start: 2024-11-25 09:30:00 ---
    RMSE omega (GP): 0.068950 | RMSE omega (Sim): 0.044609
    Loss: 6848.1865 | Epoch: 24
    Eq omega: 0.003771 + -0.00104theta + -0.00149omega + -0.00001theta^2 + -0.00011theta omega + 0.00007omega^2
    Eq omega Phys: 6.6e-5*omega**2 - 3.0e-6*omega*theta + 3.7e-5*omega - 0.e-6*theta + 2.7e-5

--- Chunk 27989 (50/220) | Start: 2024-11-25 09:35:00 ---
    RMSE omega (GP): nan | RMSE omega (Sim): nan
    Loss: 2247.0923 | Epoch: 43
    Eq omega: nan1 + nantheta + nanomega + nantheta^2 + nantheta omega + nanomega^2
    Eq omega Phys: N/A

  [Progress 50/220] Mean RMSE omega (GP): 0.014034 | (Sim): 0.113348 | Mean loss: 295.5825 | Valid GP: 38/50 | Valid Sim: 37/50 | Elapsed: 16.7min | ETA: 56.8min

--- Chunk 27990 (51/220) | Start: 2024-11-25 09:40:00 ---
    RMSE omega (GP): 0.007379 | RMSE omega (Sim): 0.089551
    Loss: 0.4686 | Epoch: 971
    Eq omega: -0.003051 + -0.00363theta + -0.00213omega + -0.00045theta^2 + -0.00377theta omega + 0.00413omega^2
    Eq omega Phys: 0.001602*omega**2 - 4.9e-5*omega*theta + 0.000234*omega - 2.0e-6*theta + 9.0e-6

--- Chunk 27991 (52/220) | Start: 2024-11-25 09:45:00 ---
    RMSE omega (GP): 0.008868 | RMSE omega (Sim): 0.097109
    Loss: 2.1446 | Epoch: 1234
    Eq omega: 0.005391 + 0.00273theta + -0.00234omega + 0.00177theta^2 + 0.00104theta omega + 0.00246omega^2
    Eq omega Phys: 0.000933*omega**2 + 1.3e-5*omega*theta + 3.7e-5*omega + 1.0e-6*theta**2 + 1.6e-5*theta + 9.9e-5

--- Chunk 27992 (53/220) | Start: 2024-11-25 09:50:00 ---
    RMSE omega (GP): 0.009354 | RMSE omega (Sim): 0.085901
    Loss: 1.4647 | Epoch: 1421
    Eq omega: -0.003651 + -0.38584theta + -0.00138omega + 0.00241theta^2 + -0.00828theta omega + 0.00031omega^2
    Eq omega Phys: 0.00011*omega**2 - 9.8e-5*omega*theta - 0.000224*omega + 1.0e-6*theta**2 - 0.000425*theta - 0.000788

--- Chunk 27993 (54/220) | Start: 2024-11-25 09:55:00 ---
    RMSE omega (GP): 0.008823 | RMSE omega (Sim): 0.084970
    Loss: 8.3116 | Epoch: 1318
    Eq omega: -0.006261 + -0.00019theta + -0.00138omega + -0.00008theta^2 + 0.00045theta omega + 0.00061omega^2
    Eq omega Phys: 0.000332*omega**2 + 8.0e-6*omega*theta - 0.000134*omega + 1.0e-6*theta - 1.6e-5

--- Chunk 27994 (55/220) | Start: 2024-11-25 10:00:00 ---
    RMSE omega (GP): 0.009689 | RMSE omega (Sim): 0.171679
    Loss: 2.3219 | Epoch: 1026
    Eq omega: -0.004631 + -0.00056theta + -0.00101omega + -0.00131theta^2 + 0.00014theta omega + 0.00022omega^2
    Eq omega Phys: 8.0e-5*omega**2 + 2.0e-6*omega*theta - 4.4e-5*omega - 0.e-6*theta**2 + 6.0e-6*theta - 3.0e-5

--- Chunk 27995 (56/220) | Start: 2024-11-25 10:05:00 ---
    RMSE omega (GP): 0.009601 | RMSE omega (Sim): 0.106096
    Loss: 3.3676 | Epoch: 758
    Eq omega: -0.002981 + 0.00041theta + 0.00757omega + 0.00057theta^2 + -0.00285theta omega + -0.01235omega^2
    Eq omega Phys: -0.004766*omega**2 - 3.7e-5*omega*theta + 7.5e-5*omega + 3.0e-6*theta - 0.e-6

--- Chunk 27996 (57/220) | Start: 2024-11-25 10:10:00 ---
    RMSE omega (GP): nan | RMSE omega (Sim): nan
    Loss: 49.5931 | Epoch: 33
    Eq omega: nan1 + nantheta + nanomega + nantheta^2 + nantheta omega + nanomega^2
    Eq omega Phys: N/A

--- Chunk 27997 (58/220) | Start: 2024-11-25 10:15:00 ---
    RMSE omega (GP): 0.010043 | RMSE omega (Sim): 0.103410
    Loss: 5.1470 | Epoch: 1183
    Eq omega: -0.016131 + -0.47581theta + -0.01532omega + -0.06226theta^2 + 0.00698theta omega + 0.01096omega^2
    Eq omega Phys: 0.004605*omega**2 + 9.8e-5*omega*theta - 0.000763*omega - 2.9e-5*theta**2 - 0.000379*theta + 0.001128

--- Chunk 27998 (59/220) | Start: 2024-11-25 10:20:00 ---
    RMSE omega (GP): nan | RMSE omega (Sim): nan
    Loss: 296.7696 | Epoch: 23
    Eq omega: nan1 + nantheta + nanomega + nantheta^2 + nantheta omega + nanomega^2
    Eq omega Phys: N/A

--- Chunk 27999 (60/220) | Start: 2024-11-25 10:25:00 ---
    RMSE omega (GP): nan | RMSE omega (Sim): nan
    Loss: 21.9222 | Epoch: 223
    Eq omega: nan1 + nantheta + nanomega + nantheta^2 + nantheta omega + nanomega^2
    Eq omega Phys: N/A

--- Chunk 28000 (61/220) | Start: 2024-11-25 10:30:00 ---
    RMSE omega (GP): 0.010415 | RMSE omega (Sim): 0.145467
    Loss: 8.6871 | Epoch: 1543
    Eq omega: -0.002311 + 0.00087theta + -0.00189omega + -0.00005theta^2 + -0.00020theta omega + 0.00206omega^2
    Eq omega Phys: 0.000996*omega**2 - 3.0e-6*omega*theta - 4.0e-5*omega + 1.0e-6*theta - 1.3e-5

--- Chunk 28001 (62/220) | Start: 2024-11-25 10:35:00 ---
    RMSE omega (GP): nan | RMSE omega (Sim): nan
    Loss: 558.8842 | Epoch: 70
    Eq omega: nan1 + nantheta + nanomega + nantheta^2 + nantheta omega + nanomega^2
    Eq omega Phys: N/A

--- Chunk 28002 (63/220) | Start: 2024-11-25 10:40:00 ---
    RMSE omega (GP): nan | RMSE omega (Sim): nan
    Loss: 425.7911 | Epoch: 66
    Eq omega: nan1 + nantheta + nanomega + nantheta^2 + nantheta omega + nanomega^2
    Eq omega Phys: N/A

--- Chunk 28003 (64/220) | Start: 2024-11-25 10:45:00 ---
    RMSE omega (GP): nan | RMSE omega (Sim): nan
    Loss: 93.1730 | Epoch: 79
    Eq omega: nan1 + nantheta + nanomega + nantheta^2 + nantheta omega + nanomega^2
    Eq omega Phys: N/A

--- Chunk 28004 (65/220) | Start: 2024-11-25 10:50:00 ---
    RMSE omega (GP): 0.012291 | RMSE omega (Sim): 0.117313
    Loss: 8.5773 | Epoch: 1466
    Eq omega: -0.002681 + -0.00116theta + -0.00264omega + -0.00216theta^2 + 0.00055theta omega + -0.00135omega^2
    Eq omega Phys: -0.000547*omega**2 + 7.0e-6*omega*theta - 0.000182*omega - 0.e-6*theta**2 + 2.3e-5*theta - 0.000147

--- Chunk 28005 (66/220) | Start: 2024-11-25 10:55:00 ---
    RMSE omega (GP): 0.010269 | RMSE omega (Sim): 0.113899
    Loss: 1.0498 | Epoch: 1039
    Eq omega: -0.043851 + -0.54326theta + 0.00490omega + 0.32354theta^2 + 0.00995theta omega + -0.02236omega^2
    Eq omega Phys: -0.006964*omega**2 + 0.000103*omega*theta + 0.000453*omega + 0.000112*theta**2 + 2.5e-5*theta - 0.000969

--- Chunk 28006 (67/220) | Start: 2024-11-25 11:00:00 ---
    RMSE omega (GP): nan | RMSE omega (Sim): nan
    Loss: 3851.1885 | Epoch: 16
    Eq omega: nan1 + nantheta + nanomega + nantheta^2 + nantheta omega + nanomega^2
    Eq omega Phys: N/A

--- Chunk 28007 (68/220) | Start: 2024-11-25 11:05:00 ---
    RMSE omega (GP): 0.013420 | RMSE omega (Sim): nan
    Loss: 7.3325 | Epoch: 1859
    Eq omega: 0.010631 + -0.00862theta + 0.00288omega + -0.07926theta^2 + -0.00764theta omega + 0.01390omega^2
    Eq omega Phys: 0.004948*omega**2 - 9.1e-5*omega*theta + 0.000994*omega - 3.1e-5*theta**2 + 0.000612*theta - 0.00295

--- Chunk 28008 (69/220) | Start: 2024-11-25 11:10:00 ---
    RMSE omega (GP): 0.009631 | RMSE omega (Sim): 0.111050
    Loss: 1.4607 | Epoch: 947
    Eq omega: 0.000561 + -0.00153theta + -0.00048omega + -0.00168theta^2 + 0.00313theta omega + -0.00008omega^2
    Eq omega Phys: -2.7e-5*omega**2 + 3.5e-5*omega*theta + 6.3e-5*omega - 0.e-6*theta**2 - 5.0e-6*theta - 5.0e-6

--- Chunk 28009 (70/220) | Start: 2024-11-25 11:15:00 ---
    RMSE omega (GP): 0.023927 | RMSE omega (Sim): 0.025228
    Loss: 116.1028 | Epoch: 2090
    Eq omega: 0.004421 + -0.05478theta + 0.00022omega + 0.00292theta^2 + 0.00021theta omega + 0.00071omega^2
    Eq omega Phys: 0.000477*omega**2 + 5.0e-6*omega*theta - 8.5e-5*omega + 2.0e-6*theta**2 - 0.000147*theta + 0.002055

--- Chunk 28010 (71/220) | Start: 2024-11-25 11:20:00 ---
    RMSE omega (GP): 0.009974 | RMSE omega (Sim): 0.117428
    Loss: 6.0759 | Epoch: 1750
    Eq omega: -0.000071 + 0.00042theta + 0.00560omega + 0.00010theta^2 + -0.00005theta omega + 0.00008omega^2
    Eq omega Phys: 3.5e-5*omega**2 - 0.e-6*omega*theta + 0.000197*omega - 0.e-6*theta + 4.0e-6

--- Chunk 28011 (72/220) | Start: 2024-11-25 11:25:00 ---
    RMSE omega (GP): 0.010098 | RMSE omega (Sim): 0.162354
    Loss: 2.2962 | Epoch: 2902
    Eq omega: 0.002021 + -0.00002theta + -0.00213omega + 0.00003theta^2 + 0.00068theta omega + 0.00042omega^2
    Eq omega Phys: 0.000144*omega**2 + 8.0e-6*omega*theta - 0.00018*omega + 9.0e-6

--- Chunk 28012 (73/220) | Start: 2024-11-25 11:30:00 ---
    RMSE omega (GP): 0.010624 | RMSE omega (Sim): 0.086643
    Loss: 4.4305 | Epoch: 1888
    Eq omega: -0.003101 + 0.00155theta + -0.00443omega + 0.00060theta^2 + -0.00077theta omega + 0.00137omega^2
    Eq omega Phys: 0.000526*omega**2 - 1.0e-5*omega*theta - 9.4e-5*omega - 1.0e-6*theta - 1.1e-5

--- Chunk 28013 (74/220) | Start: 2024-11-25 11:35:00 ---
    RMSE omega (GP): 0.011063 | RMSE omega (Sim): 0.052079
    Loss: 21.6101 | Epoch: 1819
    Eq omega: 0.005431 + 0.00047theta + 0.00027omega + -0.00011theta^2 + -0.00006theta omega + -0.00009omega^2
    Eq omega Phys: -5.9e-5*omega**2 - 1.0e-6*omega*theta + 3.2e-5*omega + 3.0e-6*theta - 2.3e-5

--- Chunk 28014 (75/220) | Start: 2024-11-25 11:40:00 ---
    RMSE omega (GP): nan | RMSE omega (Sim): nan
    Loss: 380.3094 | Epoch: 16
    Eq omega: nan1 + nantheta + nanomega + nantheta^2 + nantheta omega + nanomega^2
    Eq omega Phys: N/A

--- Chunk 28015 (76/220) | Start: 2024-11-25 11:45:00 ---
    RMSE omega (GP): nan | RMSE omega (Sim): nan
    Loss: 645.4234 | Epoch: 44
    Eq omega: nan1 + nantheta + nanomega + nantheta^2 + nantheta omega + nanomega^2
    Eq omega Phys: N/A

--- Chunk 28016 (77/220) | Start: 2024-11-25 11:50:00 ---
    RMSE omega (GP): 0.015181 | RMSE omega (Sim): 0.066914
    Loss: 21.2626 | Epoch: 1155
    Eq omega: -0.000871 + -0.00022theta + -0.00054omega + 0.00005theta^2 + -0.00072theta omega + -0.00025omega^2
    Eq omega Phys: -0.000125*omega**2 - 1.2e-5*omega*theta + 0.000257*omega - 2.0e-6*theta + 1.8e-5

--- Chunk 28017 (78/220) | Start: 2024-11-25 11:55:00 ---
    RMSE omega (GP): 0.012163 | RMSE omega (Sim): 0.225239
    Loss: 4.8360 | Epoch: 1363
    Eq omega: -0.000931 + -0.00063theta + 0.00092omega + 0.00180theta^2 + -0.00062theta omega + -0.00025omega^2
    Eq omega Phys: -8.5e-5*omega**2 - 7.0e-6*omega*theta + 6.5e-5*omega + 1.0e-6*theta**2 - 7.0e-6*theta + 1.6e-5

--- Chunk 28018 (79/220) | Start: 2024-11-25 12:00:00 ---
    RMSE omega (GP): nan | RMSE omega (Sim): nan
    Loss: 2609.4700 | Epoch: 36
    Eq omega: nan1 + nantheta + nanomega + nantheta^2 + nantheta omega + nanomega^2
    Eq omega Phys: N/A

--- Chunk 28019 (80/220) | Start: 2024-11-25 12:05:00 ---
    RMSE omega (GP): 0.011542 | RMSE omega (Sim): 0.082065
    Loss: 0.3176 | Epoch: 1601
    Eq omega: -0.013171 + -0.09667theta + -0.01528omega + -0.00176theta^2 + 0.00094theta omega + 0.00286omega^2
    Eq omega Phys: 0.000757*omega**2 + 8.0e-6*omega*theta - 0.000633*omega - 0.e-6*theta**2 - 9.2e-5*theta + 0.001432

--- Chunk 28020 (81/220) | Start: 2024-11-25 12:10:00 ---
    RMSE omega (GP): 0.012755 | RMSE omega (Sim): 0.127186
    Loss: 4.3319 | Epoch: 1218
    Eq omega: -0.002681 + -0.07432theta + -0.00466omega + 0.02423theta^2 + -0.00057theta omega + -0.00259omega^2
    Eq omega Phys: -0.00085*omega**2 - 6.0e-6*omega*theta - 8.1e-5*omega + 9.0e-6*theta**2 - 0.000294*theta + 0.002244

--- Chunk 28021 (82/220) | Start: 2024-11-25 12:15:00 ---
    RMSE omega (GP): 0.019870 | RMSE omega (Sim): 0.049209
    Loss: 317.9752 | Epoch: 774
    Eq omega: 0.003991 + -0.00064theta + 0.01667omega + 0.00002theta^2 + 0.00020theta omega + 0.00031omega^2
    Eq omega Phys: 0.000338*omega**2 + 7.0e-6*omega*theta + 0.000399*omega - 2.0e-6*theta + 3.1e-5

--- Chunk 28022 (83/220) | Start: 2024-11-25 12:20:00 ---
    RMSE omega (GP): 0.016831 | RMSE omega (Sim): 0.055596
    Loss: 65.8320 | Epoch: 2383
    Eq omega: -0.005961 + -0.03499theta + 0.00292omega + 0.00000theta^2 + -0.00006theta omega + 0.00044omega^2
    Eq omega Phys: 0.000321*omega**2 - 1.0e-6*omega*theta + 0.000138*omega - 3.9e-5*theta + 0.001074

--- Chunk 28023 (84/220) | Start: 2024-11-25 12:25:00 ---
    RMSE omega (GP): 0.012924 | RMSE omega (Sim): 0.055882
    Loss: 42.1545 | Epoch: 1922
    Eq omega: 0.000681 + -0.00000theta + 0.00166omega + -0.00001theta^2 + -0.00010theta omega + 0.00082omega^2
    Eq omega Phys: 0.000646*omega**2 - 3.0e-6*omega*theta + 0.000104*omega - 2.0e-6

--- Chunk 28024 (85/220) | Start: 2024-11-25 12:30:00 ---
    RMSE omega (GP): 0.012278 | RMSE omega (Sim): 0.097540
    Loss: 16.3779 | Epoch: 1519
    Eq omega: -0.010171 + 0.00083theta + 0.00055omega + 0.00000theta^2 + 0.00010theta omega + 0.00027omega^2
    Eq omega Phys: 0.000145*omega**2 + 2.0e-6*omega*theta - 9.0e-6*omega + 1.0e-6*theta - 3.5e-5

--- Chunk 28025 (86/220) | Start: 2024-11-25 12:35:00 ---
    RMSE omega (GP): 0.011396 | RMSE omega (Sim): 0.052135
    Loss: 30.1118 | Epoch: 4841
    Eq omega: -0.031711 + -0.00019theta + -0.00327omega + -0.00004theta^2 + 0.00000theta omega + 0.00079omega^2
    Eq omega Phys: 0.00058*omega**2 - 0.000109*omega + 1.0e-6*theta - 5.9e-5

--- Chunk 28026 (87/220) | Start: 2024-11-25 12:40:00 ---
    RMSE omega (GP): 0.011247 | RMSE omega (Sim): 0.053494
    Loss: 19.5201 | Epoch: 3056
    Eq omega: -0.000751 + -0.00010theta + 0.00054omega + -0.00002theta^2 + 0.00009theta omega + -0.00010omega^2
    Eq omega Phys: -6.2e-5*omega**2 + 2.0e-6*omega*theta - 4.2e-5*omega + 1.0e-6*theta - 1.2e-5

--- Chunk 28027 (88/220) | Start: 2024-11-25 12:45:00 ---
    RMSE omega (GP): 0.014517 | RMSE omega (Sim): 0.094527
    Loss: 32.7380 | Epoch: 1294
    Eq omega: 0.001951 + 0.00174theta + -0.00342omega + 0.00028theta^2 + 0.00002theta omega + -0.00075omega^2
    Eq omega Phys: -0.000457*omega**2 - 0.000116*omega - 1.0e-6

--- Chunk 28028 (89/220) | Start: 2024-11-25 12:50:00 ---
    RMSE omega (GP): 0.013652 | RMSE omega (Sim): 0.077593
    Loss: 17.1390 | Epoch: 1741
    Eq omega: 0.012501 + -0.00140theta + -0.02052omega + 0.00001theta^2 + 0.00064theta omega + -0.00289omega^2
    Eq omega Phys: -0.001384*omega**2 + 1.0e-5*omega*theta - 0.000859*omega - 2.0e-6*theta + 5.7e-5

--- Chunk 28029 (90/220) | Start: 2024-11-25 12:55:00 ---
    RMSE omega (GP): nan | RMSE omega (Sim): nan
    Loss: 92.1940 | Epoch: 44
    Eq omega: nan1 + nantheta + nanomega + nantheta^2 + nantheta omega + nanomega^2
    Eq omega Phys: N/A

--- Chunk 28030 (91/220) | Start: 2024-11-25 13:00:00 ---
    RMSE omega (GP): 0.011213 | RMSE omega (Sim): 0.125421
    Loss: 3.1865 | Epoch: 1266
    Eq omega: -0.005771 + -0.00025theta + 0.00216omega + 0.00015theta^2 + 0.00158theta omega + 0.00078omega^2
    Eq omega Phys: 0.000264*omega**2 + 1.8e-5*omega*theta + 0.000265*omega + 1.0e-6*theta - 1.5e-5

--- Chunk 28031 (92/220) | Start: 2024-11-25 13:05:00 ---
    RMSE omega (GP): 0.010243 | RMSE omega (Sim): 0.079797
    Loss: 8.3010 | Epoch: 1673
    Eq omega: -0.000661 + -0.00014theta + 0.00203omega + -0.00003theta^2 + -0.00001theta omega + 0.00112omega^2
    Eq omega Phys: 0.000599*omega**2 + 6.4e-5*omega - 0.e-6*theta - 1.2e-5

--- Chunk 28032 (93/220) | Start: 2024-11-25 13:10:00 ---
    RMSE omega (GP): nan | RMSE omega (Sim): nan
    Loss: 822.8831 | Epoch: 49
    Eq omega: nan1 + nantheta + nanomega + nantheta^2 + nantheta omega + nanomega^2
    Eq omega Phys: N/A

--- Chunk 28033 (94/220) | Start: 2024-11-25 13:15:00 ---
    RMSE omega (GP): 0.010303 | RMSE omega (Sim): 0.078585
    Loss: 7.7305 | Epoch: 2515
    Eq omega: 0.001651 + -0.00039theta + -0.00092omega + 0.00043theta^2 + -0.00047theta omega + 0.00038omega^2
    Eq omega Phys: 0.000178*omega**2 - 7.0e-6*omega*theta - 0.00012*omega + 5.0e-6*theta + 3.2e-5

--- Chunk 28034 (95/220) | Start: 2024-11-25 13:20:00 ---
    RMSE omega (GP): 0.009485 | RMSE omega (Sim): 0.079173
    Loss: 4.3359 | Epoch: 1611
    Eq omega: -0.000661 + -0.00108theta + 0.00070omega + -0.00008theta^2 + -0.00034theta omega + -0.00048omega^2
    Eq omega Phys: -0.000203*omega**2 - 5.0e-6*omega*theta + 8.0e-6*omega - 1.0e-6*theta - 6.0e-6

--- Chunk 28035 (96/220) | Start: 2024-11-25 13:25:00 ---
    RMSE omega (GP): 0.011547 | RMSE omega (Sim): 0.063548
    Loss: 26.2593 | Epoch: 1717
    Eq omega: 0.000841 + -0.00076theta + 0.00039omega + -0.00002theta^2 + 0.00065theta omega + -0.00141omega^2
    Eq omega Phys: -0.00095*omega**2 + 1.5e-5*omega*theta - 0.000186*omega + 1.0e-5

--- Chunk 28036 (97/220) | Start: 2024-11-25 13:30:00 ---
    RMSE omega (GP): nan | RMSE omega (Sim): nan
    Loss: 278.8176 | Epoch: 75
    Eq omega: nan1 + nantheta + nanomega + nantheta^2 + nantheta omega + nanomega^2
    Eq omega Phys: N/A

--- Chunk 28037 (98/220) | Start: 2024-11-25 13:35:00 ---
    RMSE omega (GP): 0.011523 | RMSE omega (Sim): 0.128623
    Loss: 2.6737 | Epoch: 1746
    Eq omega: 0.001941 + -0.00055theta + 0.00325omega + 0.00022theta^2 + -0.00120theta omega + 0.00038omega^2
    Eq omega Phys: 0.000119*omega**2 - 1.2e-5*omega*theta + 0.000313*omega - 3.0e-6*theta + 3.7e-5

--- Chunk 28038 (99/220) | Start: 2024-11-25 13:40:00 ---
    RMSE omega (GP): 0.034229 | RMSE omega (Sim): 0.082188
    Loss: 105.1103 | Epoch: 55
    Eq omega: -0.020551 + -0.00808theta + -0.00440omega + -0.00001theta^2 + -0.00288theta omega + -0.00181omega^2
    Eq omega Phys: -0.000689*omega**2 - 3.7e-5*omega*theta + 0.000614*omega - 9.0e-6*theta + 0.000125

--- Chunk 28039 (100/220) | Start: 2024-11-25 13:45:00 ---
    RMSE omega (GP): 0.041674 | RMSE omega (Sim): 0.180036
    Loss: 726.0738 | Epoch: 54
    Eq omega: -0.003081 + -0.00904theta + 0.00197omega + -0.00112theta^2 + -0.00040theta omega + 0.00045omega^2
    Eq omega Phys: 0.000323*omega**2 - 1.0e-5*omega*theta + 0.000235*omega - 0.e-6*theta**2 + 2.2e-5*theta - 0.000106

  [Progress 100/220] Mean RMSE omega (GP): 0.013644 | (Sim): 0.105737 | Mean loss: 265.6266 | Valid GP: 75/100 | Valid Sim: 73/100 | Elapsed: 36.5min | ETA: 43.8min

--- Chunk 28040 (101/220) | Start: 2024-11-25 13:50:00 ---
    RMSE omega (GP): 0.011271 | RMSE omega (Sim): 0.098233
    Loss: 8.8877 | Epoch: 804
    Eq omega: 0.003191 + -0.26038theta + -0.00117omega + -0.00085theta^2 + 0.00435theta omega + -0.02332omega^2
    Eq omega Phys: -0.010461*omega**2 + 6.5e-5*omega*theta - 0.000597*omega - 0.000282*theta + 0.002459

--- Chunk 28041 (102/220) | Start: 2024-11-25 13:55:00 ---
    RMSE omega (GP): 0.062034 | RMSE omega (Sim): 0.284916
    Loss: 224.5534 | Epoch: 37
    Eq omega: 0.001741 + -0.00538theta + -0.00750omega + -0.00300theta^2 + 0.00067theta omega + -0.00230omega^2
    Eq omega Phys: -0.000591*omega**2 + 6.0e-6*omega*theta - 0.000346*omega - 0.e-6*theta**2 + 2.3e-5*theta - 0.00013

--- Chunk 28042 (103/220) | Start: 2024-11-25 14:00:00 ---
    RMSE omega (GP): 0.013406 | RMSE omega (Sim): 0.037853
    Loss: 9.7735 | Epoch: 1707
    Eq omega: 0.008461 + -0.05908theta + -0.00113omega + 0.00388theta^2 + -0.00095theta omega + 0.00998omega^2
    Eq omega Phys: 0.004034*omega**2 - 1.3e-5*omega*theta - 0.000447*omega + 2.0e-6*theta**2 + 4.6e-5*theta - 0.000293

--- Chunk 28043 (104/220) | Start: 2024-11-25 14:05:00 ---
    RMSE omega (GP): 0.009431 | RMSE omega (Sim): 0.094657
    Loss: 3.6158 | Epoch: 1795
    Eq omega: -0.000971 + -0.01637theta + 0.00029omega + -0.00012theta^2 + -0.00018theta omega + 0.00009omega^2
    Eq omega Phys: 3.6e-5*omega**2 - 2.0e-6*omega*theta + 1.7e-5*omega - 1.8e-5*theta + 5.2e-5

--- Chunk 28044 (105/220) | Start: 2024-11-25 14:10:00 ---
    RMSE omega (GP): 0.021690 | RMSE omega (Sim): 0.199628
    Loss: 14.9404 | Epoch: 391
    Eq omega: 0.001961 + -0.00059theta + -0.00416omega + 0.00103theta^2 + -0.00080theta omega + -0.00132omega^2
    Eq omega Phys: -0.000363*omega**2 - 7.0e-6*omega*theta - 0.000162*omega + 1.0e-6*theta + 9.0e-6

--- Chunk 28045 (106/220) | Start: 2024-11-25 14:15:00 ---
    RMSE omega (GP): 0.010538 | RMSE omega (Sim): 0.111933
    Loss: 3.9310 | Epoch: 1910
    Eq omega: -0.002611 + -0.00052theta + -0.00020omega + -0.00017theta^2 + 0.00004theta omega + 0.00061omega^2
    Eq omega Phys: 0.000221*omega**2 - 1.4e-5*omega + 2.0e-6*theta - 1.5e-5

--- Chunk 28046 (107/220) | Start: 2024-11-25 14:20:00 ---
    RMSE omega (GP): 0.011861 | RMSE omega (Sim): 0.105889
    Loss: 13.4680 | Epoch: 434
    Eq omega: 0.000611 + -0.00059theta + -0.00401omega + 0.00050theta^2 + -0.00041theta omega + -0.00000omega^2
    Eq omega Phys: -7.0e-6*omega*theta - 8.1e-5*omega - 5.0e-6*theta + 2.3e-5

--- Chunk 28047 (108/220) | Start: 2024-11-25 14:25:00 ---
    RMSE omega (GP): 0.011923 | RMSE omega (Sim): 0.109924
    Loss: 1.7014 | Epoch: 1559
    Eq omega: 0.020431 + -1.13095theta + 0.01757omega + -0.00626theta^2 + 0.00149theta omega + -0.01104omega^2
    Eq omega Phys: -0.003215*omega**2 + 1.4e-5*omega*theta + 0.000619*omega - 2.0e-6*theta**2 - 0.001266*theta - 0.002812

--- Chunk 28048 (109/220) | Start: 2024-11-25 14:30:00 ---
    RMSE omega (GP): 0.009727 | RMSE omega (Sim): 0.195793
    Loss: 0.0580 | Epoch: 1341
    Eq omega: -0.047501 + -0.48805theta + -0.00710omega + 0.00222theta^2 + -0.01561theta omega + -0.00480omega^2
    Eq omega Phys: -0.001344*omega**2 - 0.000146*omega*theta + 0.000385*omega + 1.0e-6*theta**2 - 0.000548*theta + 0.002139

--- Chunk 28049 (110/220) | Start: 2024-11-25 14:35:00 ---
    RMSE omega (GP): 0.009981 | RMSE omega (Sim): 0.102897
    Loss: 2.0938 | Epoch: 1646
    Eq omega: 0.000791 + -0.07129theta + 0.00029omega + -0.00152theta^2 + -0.00352theta omega + -0.00065omega^2
    Eq omega Phys: -0.000224*omega**2 - 4.0e-5*omega*theta + 0.000437*omega - 0.e-6*theta**2 - 6.7e-5*theta + 0.000775

--- Chunk 28050 (111/220) | Start: 2024-11-25 14:40:00 ---
    RMSE omega (GP): 0.009153 | RMSE omega (Sim): 0.080124
    Loss: -0.8196 | Epoch: 750
    Eq omega: -0.003271 + -1.26766theta + -0.00358omega + -0.00986theta^2 + -0.00577theta omega + -0.00475omega^2
    Eq omega Phys: -0.001266*omega**2 - 5.1e-5*omega*theta + 2.9e-5*omega - 3.0e-6*theta**2 - 0.001392*theta + 0.004042

--- Chunk 28051 (112/220) | Start: 2024-11-25 14:45:00 ---
    RMSE omega (GP): 0.009533 | RMSE omega (Sim): 0.186065
    Loss: 5.1042 | Epoch: 2017
    Eq omega: 0.000731 + -0.00033theta + 0.00119omega + 0.00001theta^2 + -0.00001theta omega + 0.00995omega^2
    Eq omega Phys: 0.004263*omega**2 + 4.2e-5*omega - 0.e-6*theta + 8.0e-6

--- Chunk 28052 (113/220) | Start: 2024-11-25 14:50:00 ---
    RMSE omega (GP): nan | RMSE omega (Sim): nan
    Loss: 183.3163 | Epoch: 106
    Eq omega: nan1 + nantheta + nanomega + nantheta^2 + nantheta omega + nanomega^2
    Eq omega Phys: N/A

--- Chunk 28053 (114/220) | Start: 2024-11-25 14:55:00 ---
    RMSE omega (GP): 0.010194 | RMSE omega (Sim): 0.088344
    Loss: -0.0274 | Epoch: 1485
    Eq omega: -0.018851 + -0.45460theta + 0.01070omega + 0.05924theta^2 + 0.02901theta omega + -0.01619omega^2
    Eq omega Phys: -0.004484*omega**2 + 0.000268*omega*theta + 0.00022*omega + 1.8e-5*theta**2 - 0.000524*theta + 0.000186

--- Chunk 28054 (115/220) | Start: 2024-11-25 15:00:00 ---
    RMSE omega (GP): 0.009094 | RMSE omega (Sim): 0.071253
    Loss: 6.1349 | Epoch: 1397
    Eq omega: 0.022641 + -0.02947theta + 0.03322omega + -0.02673theta^2 + 0.00091theta omega + 0.00749omega^2
    Eq omega Phys: 0.003659*omega**2 + 1.5e-5*omega*theta + 0.000878*omega - 1.5e-5*theta**2 + 0.000416*theta - 0.002914

--- Chunk 28055 (116/220) | Start: 2024-11-25 15:05:00 ---
    RMSE omega (GP): 0.011316 | RMSE omega (Sim): 0.053014
    Loss: 3.0065 | Epoch: 2670
    Eq omega: -0.000921 + -0.11959theta + 0.00862omega + 0.00041theta^2 + -0.00017theta omega + 0.00043omega^2
    Eq omega Phys: 0.000144*omega**2 - 2.0e-6*omega*theta + 0.000305*omega - 0.000136*theta + 0.00127

--- Chunk 28056 (117/220) | Start: 2024-11-25 15:10:00 ---
    RMSE omega (GP): 0.008423 | RMSE omega (Sim): 0.044928
    Loss: 22.6175 | Epoch: 2494
    Eq omega: 0.000191 + -0.02656theta + 0.00250omega + 0.00004theta^2 + -0.00029theta omega + 0.00065omega^2
    Eq omega Phys: 0.000557*omega**2 - 8.0e-6*omega*theta + 0.000258*omega - 3.1e-5*theta + 0.000641

--- Chunk 28057 (118/220) | Start: 2024-11-25 15:15:00 ---
    RMSE omega (GP): 0.012472 | RMSE omega (Sim): 0.046306
    Loss: 37.4577 | Epoch: 2150
    Eq omega: 0.022761 + 0.00114theta + 0.00407omega + -0.00015theta^2 + -0.00005theta omega + -0.00153omega^2
    Eq omega Phys: -0.001135*omega**2 - 1.0e-6*omega*theta + 0.000161*omega + 6.0e-6*theta - 4.1e-5

--- Chunk 28058 (119/220) | Start: 2024-11-25 15:20:00 ---
    RMSE omega (GP): nan | RMSE omega (Sim): nan
    Loss: 29.1213 | Epoch: 98
    Eq omega: nan1 + nantheta + nanomega + nantheta^2 + nantheta omega + nanomega^2
    Eq omega Phys: N/A

--- Chunk 28059 (120/220) | Start: 2024-11-25 15:25:00 ---
    RMSE omega (GP): 0.008986 | RMSE omega (Sim): 0.245288
    Loss: -1.6946 | Epoch: 1346
    Eq omega: -0.000141 + -0.00243theta + -0.00111omega + -0.00028theta^2 + 0.00276theta omega + -0.00105omega^2
    Eq omega Phys: -0.000252*omega**2 + 2.2e-5*omega*theta + 5.5e-5*omega - 3.0e-6*theta - 1.3e-5

--- Chunk 28060 (121/220) | Start: 2024-11-25 15:30:00 ---
    RMSE omega (GP): 0.012428 | RMSE omega (Sim): 0.065705
    Loss: 40.9502 | Epoch: 2268
    Eq omega: 0.000171 + 0.00004theta + 0.00020omega + -0.00005theta^2 + -0.00001theta omega + -0.00004omega^2
    Eq omega Phys: -3.1e-5*omega**2 + 1.2e-5*omega + 2.0e-6*theta - 1.9e-5

--- Chunk 28061 (122/220) | Start: 2024-11-25 15:35:00 ---
    RMSE omega (GP): nan | RMSE omega (Sim): nan
    Loss: 288.7697 | Epoch: 77
    Eq omega: nan1 + nantheta + nanomega + nantheta^2 + nantheta omega + nanomega^2
    Eq omega Phys: N/A

--- Chunk 28062 (123/220) | Start: 2024-11-25 15:40:00 ---
    RMSE omega (GP): 0.012951 | RMSE omega (Sim): 0.115691
    Loss: 4.0200 | Epoch: 750
    Eq omega: -0.025161 + -0.26319theta + -0.01396omega + 0.00917theta^2 + -0.00013theta omega + -0.01611omega^2
    Eq omega Phys: -0.004998*omega**2 - 1.0e-6*omega*theta - 0.000461*omega + 3.0e-6*theta**2 - 0.000315*theta + 0.001

--- Chunk 28063 (124/220) | Start: 2024-11-25 15:45:00 ---
    RMSE omega (GP): 0.010689 | RMSE omega (Sim): 0.209011
    Loss: 10.1459 | Epoch: 1814
    Eq omega: -0.003941 + -0.00086theta + 0.00033omega + -0.00012theta^2 + 0.00034theta omega + -0.00139omega^2
    Eq omega Phys: -0.000674*omega**2 + 5.0e-6*omega*theta - 4.0e-5*omega - 6.0e-6

--- Chunk 28064 (125/220) | Start: 2024-11-25 15:50:00 ---
    RMSE omega (GP): 0.009201 | RMSE omega (Sim): 0.122508
    Loss: 1.9078 | Epoch: 930
    Eq omega: -0.003401 + -0.00073theta + -0.00101omega + -0.00040theta^2 + 0.00169theta omega + -0.00072omega^2
    Eq omega Phys: -0.000246*omega**2 + 1.9e-5*omega*theta - 9.7e-5*omega - 1.0e-5

--- Chunk 28065 (126/220) | Start: 2024-11-25 15:55:00 ---
    RMSE omega (GP): 0.010399 | RMSE omega (Sim): 0.135337
    Loss: 4.2470 | Epoch: 694
    Eq omega: 0.022811 + -1.20786theta + 0.01570omega + -0.33621theta^2 + -0.21398theta omega + 0.00084omega^2
    Eq omega Phys: 0.000319*omega**2 - 0.002713*omega*theta - 0.006903*omega - 0.000142*theta**2 - 0.00212*theta - 0.004672

--- Chunk 28066 (127/220) | Start: 2024-11-25 16:00:00 ---
    RMSE omega (GP): 0.009928 | RMSE omega (Sim): nan
    Loss: 1.9042 | Epoch: 619
    Eq omega: 0.002571 + -1.13132theta + -0.03249omega + 0.68007theta^2 + -0.04263theta omega + -0.01684omega^2
    Eq omega Phys: -0.00574*omega**2 - 0.000484*omega*theta - 0.002946*omega + 0.000258*theta**2 + 0.000725*theta - 0.001015

--- Chunk 28067 (128/220) | Start: 2024-11-25 16:05:00 ---
    RMSE omega (GP): nan | RMSE omega (Sim): nan
    Loss: 900.2908 | Epoch: 26
    Eq omega: nan1 + nantheta + nanomega + nantheta^2 + nantheta omega + nanomega^2
    Eq omega Phys: N/A

--- Chunk 28068 (129/220) | Start: 2024-11-25 16:10:00 ---
    RMSE omega (GP): 0.019823 | RMSE omega (Sim): 0.064276
    Loss: -6.4795 | Epoch: 683
    Eq omega: -0.010781 + -0.30734theta + 0.00250omega + -0.00062theta^2 + -0.01002theta omega + 0.00313omega^2
    Eq omega Phys: 0.000928*omega**2 - 9.9e-5*omega*theta - 0.000532*omega - 0.000344*theta - 0.002169

--- Chunk 28069 (130/220) | Start: 2024-11-25 16:15:00 ---
    RMSE omega (GP): 0.011163 | RMSE omega (Sim): 0.082225
    Loss: 24.1270 | Epoch: 1388
    Eq omega: 0.000421 + -0.00025theta + 0.00905omega + 0.00001theta^2 + 0.00079theta omega + -0.00023omega^2
    Eq omega Phys: -0.000157*omega**2 + 1.8e-5*omega*theta - 2.7e-5*omega - 0.e-6*theta + 8.0e-6

--- Chunk 28070 (131/220) | Start: 2024-11-25 16:20:00 ---
    RMSE omega (GP): 0.010286 | RMSE omega (Sim): 0.144566
    Loss: 7.3376 | Epoch: 961
    Eq omega: 0.001081 + -0.00091theta + -0.00152omega + -0.00044theta^2 + 0.00050theta omega + -0.00060omega^2
    Eq omega Phys: -0.000278*omega**2 + 8.0e-6*omega*theta - 0.00013*omega + 4.0e-6*theta - 1.1e-5

--- Chunk 28071 (132/220) | Start: 2024-11-25 16:25:00 ---
    RMSE omega (GP): 0.026256 | RMSE omega (Sim): 0.040974
    Loss: 49.3005 | Epoch: 2378
    Eq omega: -0.000061 + -0.09863theta + -0.09656omega + -0.01351theta^2 + -0.00041theta omega + 0.00011omega^2
    Eq omega Phys: 4.3e-5*omega**2 - 5.0e-6*omega*theta - 0.003334*omega - 6.0e-6*theta**2 - 0.000364*theta - 0.005065

--- Chunk 28072 (133/220) | Start: 2024-11-25 16:30:00 ---
    RMSE omega (GP): 0.011904 | RMSE omega (Sim): nan
    Loss: 4.3201 | Epoch: 1608
    Eq omega: -0.011171 + 0.00055theta + -0.00428omega + 0.05472theta^2 + 0.00188theta omega + -0.00140omega^2
    Eq omega Phys: -0.000475*omega**2 + 2.1e-5*omega*theta + 0.000194*omega + 2.1e-5*theta**2 + 0.000654*theta + 0.005139

--- Chunk 28073 (134/220) | Start: 2024-11-25 16:35:00 ---
    RMSE omega (GP): 0.009426 | RMSE omega (Sim): 0.101349
    Loss: 2.9253 | Epoch: 1523
    Eq omega: -0.002771 + -0.16379theta + -0.00194omega + -0.00901theta^2 + -0.00084theta omega + -0.00622omega^2
    Eq omega Phys: -0.002459*omega**2 - 1.1e-5*omega*theta + 3.3e-5*omega - 4.0e-6*theta**2 - 0.000112*theta + 0.00129

--- Chunk 28074 (135/220) | Start: 2024-11-25 16:40:00 ---
    RMSE omega (GP): 0.010673 | RMSE omega (Sim): 0.054701
    Loss: 6.4975 | Epoch: 767
    Eq omega: 0.007901 + -0.56000theta + -0.01089omega + 0.00058theta^2 + 0.04027theta omega + -0.01361omega^2
    Eq omega Phys: -0.005892*omega**2 + 0.000581*omega*theta + 0.000404*omega - 0.000621*theta - 0.0008

--- Chunk 28075 (136/220) | Start: 2024-11-25 16:45:00 ---
    RMSE omega (GP): 0.011782 | RMSE omega (Sim): 0.103201
    Loss: 3.2827 | Epoch: 1844
    Eq omega: -0.000031 + 0.00005theta + 0.00043omega + 0.00000theta^2 + -0.00004theta omega + -0.00014omega^2
    Eq omega Phys: -4.5e-5*omega**2 + 6.0e-6*omega + 1.0e-6

--- Chunk 28076 (137/220) | Start: 2024-11-25 16:50:00 ---
    RMSE omega (GP): nan | RMSE omega (Sim): nan
    Loss: 655.7089 | Epoch: 16
    Eq omega: nan1 + nantheta + nanomega + nantheta^2 + nantheta omega + nanomega^2
    Eq omega Phys: N/A

--- Chunk 28077 (138/220) | Start: 2024-11-25 16:55:00 ---
    RMSE omega (GP): 0.011744 | RMSE omega (Sim): 0.119329
    Loss: 4.9392 | Epoch: 1128
    Eq omega: 0.001371 + 0.00652theta + 0.00009omega + -0.00396theta^2 + -0.01286theta omega + 0.00368omega^2
    Eq omega Phys: 0.001318*omega**2 - 0.000154*omega*theta - 0.00098*omega - 2.0e-6*theta**2 - 1.3e-5*theta - 1.4e-5

--- Chunk 28078 (139/220) | Start: 2024-11-25 17:00:00 ---
    RMSE omega (GP): 0.031098 | RMSE omega (Sim): 0.073096
    Loss: 134.2194 | Epoch: 46
    Eq omega: -0.000281 + -0.00017theta + 0.00204omega + -0.00005theta^2 + 0.00022theta omega + 0.00046omega^2
    Eq omega Phys: 0.000243*omega**2 + 4.0e-6*omega*theta + 0.000106*omega - 0.e-6*theta - 5.0e-6

--- Chunk 28079 (140/220) | Start: 2024-11-25 17:05:00 ---
    RMSE omega (GP): 0.013035 | RMSE omega (Sim): 0.144531
    Loss: 4.6018 | Epoch: 2106
    Eq omega: -0.008641 + -0.00065theta + -0.00059omega + -0.00013theta^2 + -0.00024theta omega + -0.00020omega^2
    Eq omega Phys: -6.7e-5*omega**2 - 3.0e-6*omega*theta + 9.0e-6*omega - 2.6e-5

--- Chunk 28080 (141/220) | Start: 2024-11-25 17:10:00 ---
    RMSE omega (GP): nan | RMSE omega (Sim): nan
    Loss: 89.4168 | Epoch: 34
    Eq omega: nan1 + nantheta + nanomega + nantheta^2 + nantheta omega + nanomega^2
    Eq omega Phys: N/A

--- Chunk 28081 (142/220) | Start: 2024-11-25 17:15:00 ---
    RMSE omega (GP): 0.010757 | RMSE omega (Sim): 0.090239
    Loss: 4.1483 | Epoch: 2167
    Eq omega: 0.002101 + 0.00046theta + 0.00029omega + 0.00015theta^2 + -0.00039theta omega + -0.00232omega^2
    Eq omega Phys: -0.000881*omega**2 - 5.0e-6*omega*theta + 7.3e-5*omega - 1.0e-6*theta + 1.0e-5

--- Chunk 28082 (143/220) | Start: 2024-11-25 17:20:00 ---
    RMSE omega (GP): 0.039807 | RMSE omega (Sim): 0.050875
    Loss: -24283012799660032.0000 | Epoch: 793
    Eq omega: -0.002321 + -0.11342theta + 0.00501omega + -0.01038theta^2 + -0.00163theta omega + 0.00263omega^2
    Eq omega Phys: 0.001014*omega**2 - 2.1e-5*omega*theta - 0.000208*omega - 4.0e-6*theta**2 - 0.000285*theta - 0.00369

--- Chunk 28083 (144/220) | Start: 2024-11-25 17:25:00 ---
    RMSE omega (GP): 0.011965 | RMSE omega (Sim): 0.172115
    Loss: 5.6218 | Epoch: 1589
    Eq omega: -0.002641 + -0.39134theta + -0.00050omega + 0.15200theta^2 + -0.01825theta omega + -0.01234omega^2
    Eq omega Phys: -0.004649*omega**2 - 0.000229*omega*theta - 0.001385*omega + 6.4e-5*theta**2 + 0.000325*theta - 0.000335

--- Chunk 28084 (145/220) | Start: 2024-11-25 17:30:00 ---
    RMSE omega (GP): 0.010430 | RMSE omega (Sim): 0.206952
    Loss: 2.8449 | Epoch: 1232
    Eq omega: 0.006131 + -0.00421theta + 0.01050omega + 0.01899theta^2 + 0.00099theta omega + -0.00594omega^2
    Eq omega Phys: -0.00215*omega**2 + 1.2e-5*omega*theta + 0.000241*omega + 8.0e-6*theta**2 - 0.000144*theta + 0.000694

--- Chunk 28085 (146/220) | Start: 2024-11-25 17:35:00 ---
    RMSE omega (GP): 0.058345 | RMSE omega (Sim): 0.063256
    Loss: 1129.9860 | Epoch: 49
    Eq omega: 0.000951 + -0.00014theta + -0.00123omega + 0.00002theta^2 + 0.00031theta omega + -0.00007omega^2
    Eq omega Phys: -3.9e-5*omega**2 + 6.0e-6*omega*theta - 0.000164*omega - 0.e-6*theta + 1.1e-5

--- Chunk 28086 (147/220) | Start: 2024-11-25 17:40:00 ---
    RMSE omega (GP): 0.011449 | RMSE omega (Sim): 0.265990
    Loss: -1.0721 | Epoch: 1483
    Eq omega: -0.000581 + -0.00051theta + 0.00047omega + -0.00024theta^2 + -0.00095theta omega + -0.00041omega^2
    Eq omega Phys: -8.1e-5*omega**2 - 6.0e-6*omega*theta - 2.0e-5*omega - 1.0e-6*theta - 8.0e-6

--- Chunk 28087 (148/220) | Start: 2024-11-25 17:45:00 ---
    RMSE omega (GP): nan | RMSE omega (Sim): nan
    Loss: 2737.7593 | Epoch: 41
    Eq omega: nan1 + nantheta + nanomega + nantheta^2 + nantheta omega + nanomega^2
    Eq omega Phys: N/A

--- Chunk 28088 (149/220) | Start: 2024-11-25 17:50:00 ---
    RMSE omega (GP): nan | RMSE omega (Sim): nan
    Loss: 615.2285 | Epoch: 29
    Eq omega: nan1 + nantheta + nanomega + nantheta^2 + nantheta omega + nanomega^2
    Eq omega Phys: N/A

--- Chunk 28089 (150/220) | Start: 2024-11-25 17:55:00 ---
    RMSE omega (GP): 0.010799 | RMSE omega (Sim): 0.076403
    Loss: -1.9889 | Epoch: 1717
    Eq omega: 0.002541 + -0.20159theta + -0.00016omega + 0.00011theta^2 + 0.00004theta omega + 0.00785omega^2
    Eq omega Phys: 0.001609*omega**2 - 3.0e-6*omega - 0.000223*theta - 0.002183

  [Progress 150/220] Mean RMSE omega (GP): 0.014194 | (Sim): 0.109541 | Mean loss: -161886751997507.8438 | Valid GP: 117/150 | Valid Sim: 113/150 | Elapsed: 55.5min | ETA: 25.9min

--- Chunk 28090 (151/220) | Start: 2024-11-25 18:00:00 ---
    RMSE omega (GP): 0.012405 | RMSE omega (Sim): 0.054205
    Loss: 22.9584 | Epoch: 1881
    Eq omega: -0.002971 + -0.00024theta + -0.00169omega + -0.00002theta^2 + 0.00002theta omega + 0.00070omega^2
    Eq omega Phys: 0.000433*omega**2 - 6.3e-5*omega - 4.0e-6

--- Chunk 28091 (152/220) | Start: 2024-11-25 18:05:00 ---
    RMSE omega (GP): 0.032701 | RMSE omega (Sim): 0.105063
    Loss: -14.6596 | Epoch: 550
    Eq omega: 0.000751 + -0.03791theta + -0.00078omega + 0.00015theta^2 + -0.00073theta omega + -0.00276omega^2
    Eq omega Phys: -0.000794*omega**2 - 7.0e-6*omega*theta + 0.000104*omega - 4.4e-5*theta + 0.000803

--- Chunk 28092 (153/220) | Start: 2024-11-25 18:10:00 ---
    RMSE omega (GP): 0.011811 | RMSE omega (Sim): 0.169134
    Loss: 0.7954 | Epoch: 1260
    Eq omega: 0.000731 + -0.00599theta + -0.00145omega + -0.00025theta^2 + -0.00080theta omega + 0.00053omega^2
    Eq omega Phys: 0.00014*omega**2 - 7.0e-6*omega*theta - 0.000115*omega - 8.0e-6*theta - 6.7e-5

--- Chunk 28093 (154/220) | Start: 2024-11-25 18:15:00 ---
    RMSE omega (GP): 0.011832 | RMSE omega (Sim): 0.172237
    Loss: -0.1593 | Epoch: 2077
    Eq omega: 0.004071 + -0.02193theta + 0.00201omega + -0.00046theta^2 + 0.00014theta omega + -0.00001omega^2
    Eq omega Phys: -2.0e-6*omega**2 + 1.0e-6*omega*theta + 7.2e-5*omega - 2.5e-5*theta - 9.6e-5

--- Chunk 28094 (155/220) | Start: 2024-11-25 18:20:00 ---
    RMSE omega (GP): 0.009118 | RMSE omega (Sim): 0.139229
    Loss: -0.1786 | Epoch: 1408
    Eq omega: 0.001421 + -0.00685theta + -0.00213omega + 0.00136theta^2 + -0.00097theta omega + 0.00334omega^2
    Eq omega Phys: 0.000995*omega**2 - 1.0e-5*omega*theta - 0.000149*omega - 2.7e-5

--- Chunk 28095 (156/220) | Start: 2024-11-25 18:25:00 ---
    RMSE omega (GP): 0.027755 | RMSE omega (Sim): 0.074112
    Loss: 44.6556 | Epoch: 85
    Eq omega: -0.005661 + -0.12029theta + -0.01446omega + -0.00074theta^2 + 0.00202theta omega + -0.00423omega^2
    Eq omega Phys: -0.001565*omega**2 + 2.5e-5*omega*theta - 0.000806*omega - 0.000126*theta + 0.001669

--- Chunk 28096 (157/220) | Start: 2024-11-25 18:30:00 ---
    RMSE omega (GP): 0.011996 | RMSE omega (Sim): 0.065861
    Loss: 18.5297 | Epoch: 3323
    Eq omega: 0.004331 + -0.06828theta + 0.00241omega + -0.00035theta^2 + -0.00036theta omega + 0.00133omega^2
    Eq omega Phys: 0.000834*omega**2 - 8.0e-6*omega*theta - 7.3e-5*omega - 8.6e-5*theta - 0.001634

--- Chunk 28097 (158/220) | Start: 2024-11-25 18:35:00 ---
    RMSE omega (GP): nan | RMSE omega (Sim): nan
    Loss: 205.7569 | Epoch: 18
    Eq omega: nan1 + nantheta + nanomega + nantheta^2 + nantheta omega + nanomega^2
    Eq omega Phys: N/A

--- Chunk 28098 (159/220) | Start: 2024-11-25 18:40:00 ---
    RMSE omega (GP): 0.012117 | RMSE omega (Sim): 0.073492
    Loss: 15.8530 | Epoch: 1208
    Eq omega: 0.000261 + 0.00025theta + -0.00199omega + -0.00021theta^2 + -0.00035theta omega + -0.00197omega^2
    Eq omega Phys: -0.001054*omega**2 - 6.0e-6*omega*theta - 0.000181*omega - 4.0e-6*theta - 3.7e-5

--- Chunk 28099 (160/220) | Start: 2024-11-25 18:45:00 ---
    RMSE omega (GP): 0.011601 | RMSE omega (Sim): 0.130472
    Loss: 6.4263 | Epoch: 1448
    Eq omega: -0.010381 + -0.00215theta + -0.00620omega + -0.00078theta^2 + -0.00010theta omega + -0.00032omega^2
    Eq omega Phys: -0.00013*omega**2 - 1.0e-6*omega*theta - 0.000222*omega - 1.0e-5*theta - 0.000102

--- Chunk 28100 (161/220) | Start: 2024-11-25 18:50:00 ---
    RMSE omega (GP): 0.011826 | RMSE omega (Sim): 0.264488
    Loss: 3.6061 | Epoch: 2248
    Eq omega: 0.003061 + -0.00080theta + 0.00066omega + 0.00017theta^2 + -0.00046theta omega + 0.00155omega^2
    Eq omega Phys: 0.000503*omega**2 - 5.0e-6*omega*theta + 0.000102*omega - 3.0e-6*theta + 4.1e-5

--- Chunk 28101 (162/220) | Start: 2024-11-25 18:55:00 ---
    RMSE omega (GP): 0.009815 | RMSE omega (Sim): 0.051421
    Loss: -2.1131 | Epoch: 1474
    Eq omega: -0.020101 + -0.09499theta + -0.00196omega + -0.04292theta^2 + 0.01062theta omega + -0.00934omega^2
    Eq omega Phys: -0.00195*omega**2 + 7.4e-5*omega*theta - 0.000681*omega - 1.0e-5*theta**2 + 6.0e-5*theta + 8.2e-5

--- Chunk 28102 (163/220) | Start: 2024-11-25 19:00:00 ---
    RMSE omega (GP): 0.022316 | RMSE omega (Sim): 0.038814
    Loss: 220.3916 | Epoch: 1070
    Eq omega: -0.006241 + -0.00092theta + -0.00101omega + 0.00114theta^2 + 0.00021theta omega + -0.00068omega^2
    Eq omega Phys: -0.000619*omega**2 + 6.0e-6*omega*theta + 0.000131*omega + 1.0e-6*theta**2 + 5.9e-5*theta + 0.000739

--- Chunk 28103 (164/220) | Start: 2024-11-25 19:05:00 ---
    RMSE omega (GP): 0.011559 | RMSE omega (Sim): 0.040702
    Loss: 40.6307 | Epoch: 3172
    Eq omega: 0.000101 + 0.00005theta + 0.00250omega + -0.00000theta^2 + -0.00001theta omega + -0.00021omega^2
    Eq omega Phys: -0.000175*omega**2 + 7.6e-5*omega + 2.0e-6

--- Chunk 28104 (165/220) | Start: 2024-11-25 19:10:00 ---
    RMSE omega (GP): 0.011226 | RMSE omega (Sim): 0.070856
    Loss: 11.6496 | Epoch: 1785
    Eq omega: 0.000021 + -0.00036theta + -0.00267omega + -0.00012theta^2 + 0.00028theta omega + -0.00187omega^2
    Eq omega Phys: -0.000954*omega**2 + 5.0e-6*omega*theta - 3.0e-5*omega - 2.0e-6*theta - 1.5e-5

--- Chunk 28105 (166/220) | Start: 2024-11-25 19:15:00 ---
    RMSE omega (GP): 0.010272 | RMSE omega (Sim): 0.082664
    Loss: 8.6053 | Epoch: 1454
    Eq omega: -0.001791 + 0.00235theta + 0.00024omega + -0.00006theta^2 + 0.00021theta omega + -0.00047omega^2
    Eq omega Phys: -0.000227*omega**2 + 3.0e-6*omega*theta + 6.7e-5*omega + 1.0e-6*theta + 3.2e-5

--- Chunk 28106 (167/220) | Start: 2024-11-25 19:20:00 ---
    RMSE omega (GP): 0.010614 | RMSE omega (Sim): 0.084614
    Loss: 9.9766 | Epoch: 1611
    Eq omega: 0.017911 + -0.08614theta + -0.01840omega + 0.00071theta^2 + 0.00230theta omega + -0.00463omega^2
    Eq omega Phys: -0.00233*omega**2 + 3.9e-5*omega*theta - 0.001098*omega - 0.000106*theta + 0.001306

--- Chunk 28107 (168/220) | Start: 2024-11-25 19:25:00 ---
    RMSE omega (GP): 0.009713 | RMSE omega (Sim): 0.121075
    Loss: 2.4489 | Epoch: 1740
    Eq omega: 0.008651 + -1.34732theta + 0.00428omega + -0.04433theta^2 + 0.01024theta omega + 0.02739omega^2
    Eq omega Phys: 0.010028*omega**2 + 0.000125*omega*theta - 7.0e-5*omega - 1.8e-5*theta**2 - 0.001436*theta + 0.002517

--- Chunk 28108 (169/220) | Start: 2024-11-25 19:30:00 ---
    RMSE omega (GP): 0.013640 | RMSE omega (Sim): 0.109215
    Loss: 12.4217 | Epoch: 1753
    Eq omega: 0.002191 + -0.15816theta + 0.00428omega + 0.00023theta^2 + -0.00003theta omega + 0.00034omega^2
    Eq omega Phys: 0.000146*omega**2 + 0.000136*omega - 0.000172*theta - 0.002579

--- Chunk 28109 (170/220) | Start: 2024-11-25 19:35:00 ---
    RMSE omega (GP): nan | RMSE omega (Sim): nan
    Loss: 675.5436 | Epoch: 64
    Eq omega: nan1 + nantheta + nanomega + nantheta^2 + nantheta omega + nanomega^2
    Eq omega Phys: N/A

--- Chunk 28110 (171/220) | Start: 2024-11-25 19:40:00 ---
    RMSE omega (GP): 0.058355 | RMSE omega (Sim): 0.125983
    Loss: 1058.3771 | Epoch: 46
    Eq omega: 0.001771 + -0.00073theta + -0.00582omega + 0.00010theta^2 + -0.00017theta omega + -0.00300omega^2
    Eq omega Phys: -0.001329*omega**2 - 3.0e-6*omega*theta - 0.000255*omega + 2.0e-6*theta + 1.4e-5

--- Chunk 28111 (172/220) | Start: 2024-11-25 19:45:00 ---
    RMSE omega (GP): 0.009555 | RMSE omega (Sim): 0.094902
    Loss: 6.1157 | Epoch: 1530
    Eq omega: 0.000691 + -0.00022theta + -0.00824omega + 0.00130theta^2 + -0.00029theta omega + 0.00030omega^2
    Eq omega Phys: 0.00014*omega**2 - 5.0e-6*omega*theta - 0.000226*omega + 1.0e-6*theta**2 - 1.5e-5*theta + 8.4e-5

--- Chunk 28112 (173/220) | Start: 2024-11-25 19:50:00 ---
    RMSE omega (GP): nan | RMSE omega (Sim): nan
    Loss: 84.3139 | Epoch: 46
    Eq omega: nan1 + nantheta + nanomega + nantheta^2 + nantheta omega + nanomega^2
    Eq omega Phys: N/A

--- Chunk 28113 (174/220) | Start: 2024-11-25 19:55:00 ---
    RMSE omega (GP): 0.010606 | RMSE omega (Sim): 0.068654
    Loss: 12.6871 | Epoch: 2043
    Eq omega: -0.002571 + -0.02423theta + 0.00029omega + -0.00027theta^2 + 0.00035theta omega + 0.00187omega^2
    Eq omega Phys: 0.000996*omega**2 + 6.0e-6*omega*theta - 6.3e-5*omega - 2.3e-5*theta + 0.000289

--- Chunk 28114 (175/220) | Start: 2024-11-25 20:00:00 ---
    RMSE omega (GP): 0.010088 | RMSE omega (Sim): 0.106186
    Loss: 16.8185 | Epoch: 2481
    Eq omega: 0.004141 + -0.00029theta + -0.00228omega + -0.00001theta^2 + -0.00029theta omega + -0.00028omega^2
    Eq omega Phys: -0.000179*omega**2 - 6.0e-6*omega*theta - 0.000166*omega - 0.e-6*theta + 1.0e-6

--- Chunk 28115 (176/220) | Start: 2024-11-25 20:05:00 ---
    RMSE omega (GP): nan | RMSE omega (Sim): nan
    Loss: 88.7128 | Epoch: 73
    Eq omega: nan1 + nantheta + nanomega + nantheta^2 + nantheta omega + nanomega^2
    Eq omega Phys: N/A

--- Chunk 28116 (177/220) | Start: 2024-11-25 20:10:00 ---
    RMSE omega (GP): nan | RMSE omega (Sim): nan
    Loss: 72.5121 | Epoch: 46
    Eq omega: nan1 + nantheta + nanomega + nantheta^2 + nantheta omega + nanomega^2
    Eq omega Phys: N/A

--- Chunk 28117 (178/220) | Start: 2024-11-25 20:15:00 ---
    RMSE omega (GP): 0.009396 | RMSE omega (Sim): 0.099076
    Loss: 2.9760 | Epoch: 1294
    Eq omega: 0.000061 + -0.32777theta + -0.02668omega + 0.01851theta^2 + -0.00673theta omega + 0.00817omega^2
    Eq omega Phys: 0.003152*omega**2 - 8.7e-5*omega*theta - 0.001574*omega + 8.0e-6*theta**2 - 0.000239*theta - 0.002385

--- Chunk 28118 (179/220) | Start: 2024-11-25 20:20:00 ---
    RMSE omega (GP): 0.012469 | RMSE omega (Sim): 0.122615
    Loss: 9.3482 | Epoch: 1228
    Eq omega: -0.005011 + -0.00336theta + -0.00741omega + -0.00017theta^2 + -0.00128theta omega + -0.00486omega^2
    Eq omega Phys: -0.00196*omega**2 - 1.7e-5*omega*theta - 6.5e-5*omega - 2.0e-6*theta + 1.7e-5

--- Chunk 28119 (180/220) | Start: 2024-11-25 20:25:00 ---
    RMSE omega (GP): 0.031668 | RMSE omega (Sim): 0.100126
    Loss: 51.8968 | Epoch: 51
    Eq omega: 0.001071 + -0.01408theta + 0.00160omega + 0.00107theta^2 + 0.00231theta omega + -0.00155omega^2
    Eq omega Phys: -0.000524*omega**2 + 2.6e-5*omega*theta + 9.7e-5*omega - 1.4e-5*theta - 2.1e-5

--- Chunk 28120 (181/220) | Start: 2024-11-25 20:30:00 ---
    RMSE omega (GP): 0.010055 | RMSE omega (Sim): nan
    Loss: 1.9372 | Epoch: 1318
    Eq omega: -0.008621 + -2.45444theta + 0.00118omega + 0.18515theta^2 + 1.48829theta omega + -0.09224omega^2
    Eq omega Phys: -0.031778*omega**2 + 0.017091*omega*theta - 0.057611*omega + 7.1e-5*theta**2 - 0.003205*theta + 0.009978

--- Chunk 28121 (182/220) | Start: 2024-11-25 20:35:00 ---
    RMSE omega (GP): nan | RMSE omega (Sim): nan
    Loss: 188.5118 | Epoch: 78
    Eq omega: nan1 + nantheta + nanomega + nantheta^2 + nantheta omega + nanomega^2
    Eq omega Phys: N/A

--- Chunk 28122 (183/220) | Start: 2024-11-25 20:40:00 ---
/pfs/data6/home/ka/ka_iai/ka_bj2362/dsr/svise/run_analysis_5min_all_chunks_combo38.py:212: ODEintWarning: Excess work done on this call (perhaps wrong Dfun type). Run with full_output = 1 to get quantitative information.
  sol_scaled = odeint(drift, x0_scaled, t_scaled, full_output=False)
    RMSE omega (GP): 0.009668 | RMSE omega (Sim): nan
    Loss: -0.0214 | Epoch: 946
    Eq omega: -0.000451 + -1.13215theta + -0.00819omega + -0.87482theta^2 + -0.02001theta omega + -0.00340omega^2
    Eq omega Phys: -0.000955*omega**2 - 0.000187*omega*theta + 0.000722*omega - 0.000273*theta**2 + 0.001642*theta - 0.001021

--- Chunk 28123 (184/220) | Start: 2024-11-25 20:45:00 ---
    RMSE omega (GP): 0.010333 | RMSE omega (Sim): 0.309100
    Loss: -1.0410 | Epoch: 1864
    Eq omega: 0.005651 + -0.04914theta + 0.02142omega + 0.33535theta^2 + -0.00467theta omega + -0.00714omega^2
    Eq omega Phys: -0.001667*omega**2 - 3.6e-5*omega*theta + 0.000411*omega + 8.7e-5*theta**2 + 0.001396*theta + 0.005613

--- Chunk 28124 (185/220) | Start: 2024-11-25 20:50:00 ---
    RMSE omega (GP): 0.020735 | RMSE omega (Sim): 0.133885
    Loss: 64.8458 | Epoch: 465
    Eq omega: 0.001651 + 0.00053theta + -0.00196omega + -0.00021theta^2 + -0.00005theta omega + 0.00335omega^2
    Eq omega Phys: 0.001642*omega**2 - 0.e-6*omega*theta - 5.0e-5*omega + 5.0e-6*theta - 4.9e-5

--- Chunk 28125 (186/220) | Start: 2024-11-25 20:55:00 ---
    RMSE omega (GP): 0.009990 | RMSE omega (Sim): 0.209058
    Loss: 0.6096 | Epoch: 1109
    Eq omega: -0.000931 + -0.86867theta + -0.00251omega + -0.00717theta^2 + 0.01436theta omega + -0.01349omega^2
    Eq omega Phys: -0.003976*omega**2 + 0.000141*omega*theta - 0.001102*omega - 2.0e-6*theta**2 - 0.000931*theta + 0.006839

--- Chunk 28126 (187/220) | Start: 2024-11-25 21:00:00 ---
    RMSE omega (GP): 0.036541 | RMSE omega (Sim): 0.101552
    Loss: 134.6746 | Epoch: 63
    Eq omega: -0.004151 + -0.00031theta + -0.00064omega + 0.00016theta^2 + 0.00221theta omega + 0.00048omega^2
    Eq omega Phys: 0.000198*omega**2 + 3.0e-5*omega*theta + 0.000356*omega + 1.0e-6*theta - 4.0e-6

--- Chunk 28127 (188/220) | Start: 2024-11-25 21:05:00 ---
    RMSE omega (GP): nan | RMSE omega (Sim): nan
    Loss: 302.4083 | Epoch: 65
    Eq omega: nan1 + nantheta + nanomega + nantheta^2 + nantheta omega + nanomega^2
    Eq omega Phys: N/A

--- Chunk 28128 (189/220) | Start: 2024-11-25 21:10:00 ---
    RMSE omega (GP): nan | RMSE omega (Sim): nan
    Loss: 81.4044 | Epoch: 38
    Eq omega: nan1 + nantheta + nanomega + nantheta^2 + nantheta omega + nanomega^2
    Eq omega Phys: N/A

--- Chunk 28129 (190/220) | Start: 2024-11-25 21:15:00 ---
    RMSE omega (GP): 0.011461 | RMSE omega (Sim): 0.136428
    Loss: 5.2996 | Epoch: 2340
    Eq omega: -0.000011 + 0.00022theta + 0.00012omega + 0.00000theta^2 + 0.00001theta omega + -0.00027omega^2
    Eq omega Phys: -0.000102*omega**2 + 6.0e-6*omega + 4.0e-6

--- Chunk 28130 (191/220) | Start: 2024-11-25 21:20:00 ---
    RMSE omega (GP): nan | RMSE omega (Sim): nan
    Loss: 65.2572 | Epoch: 71
    Eq omega: nan1 + nantheta + nanomega + nantheta^2 + nantheta omega + nanomega^2
    Eq omega Phys: N/A

--- Chunk 28131 (192/220) | Start: 2024-11-25 21:25:00 ---
    RMSE omega (GP): 0.076971 | RMSE omega (Sim): 0.086785
    Loss: 915.8190 | Epoch: 20
    Eq omega: -0.001281 + -0.00053theta + -0.00230omega + -0.00014theta^2 + 0.00012theta omega + 0.00040omega^2
    Eq omega Phys: 0.000154*omega**2 + 2.0e-6*omega*theta - 9.7e-5*omega + 1.0e-6*theta - 6.0e-6

--- Chunk 28132 (193/220) | Start: 2024-11-25 21:30:00 ---
    RMSE omega (GP): nan | RMSE omega (Sim): nan
    Loss: 568.6321 | Epoch: 43
    Eq omega: nan1 + nantheta + nanomega + nantheta^2 + nantheta omega + nanomega^2
    Eq omega Phys: N/A

--- Chunk 28133 (194/220) | Start: 2024-11-25 21:35:00 ---
    RMSE omega (GP): 0.020959 | RMSE omega (Sim): 0.078518
    Loss: 90.9307 | Epoch: 1274
    Eq omega: -0.000511 + -0.00062theta + -0.00455omega + -0.00002theta^2 + -0.00184theta omega + -0.00019omega^2
    Eq omega Phys: -0.00012*omega**2 - 3.9e-5*omega*theta + 0.001165*omega + 6.0e-6

--- Chunk 28134 (195/220) | Start: 2024-11-25 21:40:00 ---
    RMSE omega (GP): 0.008528 | RMSE omega (Sim): 0.157219
    Loss: -0.6547 | Epoch: 1103
    Eq omega: -0.012731 + -0.68400theta + 0.00161omega + -0.00132theta^2 + -0.01868theta omega + -0.01818omega^2
    Eq omega Phys: -0.005454*omega**2 - 0.000187*omega*theta + 0.000768*omega - 0.000757*theta + 0.002852

--- Chunk 28135 (196/220) | Start: 2024-11-25 21:45:00 ---
    RMSE omega (GP): 0.008121 | RMSE omega (Sim): 0.104196
    Loss: 1.5431 | Epoch: 1751
    Eq omega: 0.030491 + -0.15218theta + 0.01796omega + -0.01635theta^2 + 0.00277theta omega + 0.00724omega^2
    Eq omega Phys: 0.002777*omega**2 + 3.5e-5*omega*theta + 0.000368*omega - 7.0e-6*theta**2 - 7.8e-5*theta + 0.000895

--- Chunk 28136 (197/220) | Start: 2024-11-25 21:50:00 ---
    RMSE omega (GP): nan | RMSE omega (Sim): nan
    Loss: 149.8430 | Epoch: 106
    Eq omega: nan1 + nantheta + nanomega + nantheta^2 + nantheta omega + nanomega^2
    Eq omega Phys: N/A

--- Chunk 28137 (198/220) | Start: 2024-11-25 21:55:00 ---
    RMSE omega (GP): 0.011012 | RMSE omega (Sim): 0.129858
    Loss: 3.3137 | Epoch: 1185
    Eq omega: -0.004251 + 0.00019theta + -0.00013omega + -0.00050theta^2 + -0.00084theta omega + 0.00290omega^2
    Eq omega Phys: 0.001054*omega**2 - 1.0e-5*omega*theta + 8.7e-5*omega + 4.0e-6*theta - 3.1e-5

--- Chunk 28138 (199/220) | Start: 2024-11-25 22:00:00 ---
    RMSE omega (GP): nan | RMSE omega (Sim): nan
    Loss: 1542.5245 | Epoch: 16
    Eq omega: nan1 + nantheta + nanomega + nantheta^2 + nantheta omega + nanomega^2
    Eq omega Phys: N/A

--- Chunk 28139 (200/220) | Start: 2024-11-25 22:05:00 ---
    RMSE omega (GP): 0.009971 | RMSE omega (Sim): nan
    Loss: 3.9384 | Epoch: 686
    Eq omega: -0.030031 + -0.34499theta + -0.01471omega + 0.40247theta^2 + 0.00113theta omega + -0.00794omega^2
    Eq omega Phys: -0.003174*omega**2 + 1.5e-5*omega*theta - 0.00053*omega + 0.000179*theta**2 - 0.00133*theta + 0.002186

  [Progress 200/220] Mean RMSE omega (GP): 0.014835 | (Sim): 0.110743 | Mean loss: -121415063998096.8594 | Valid GP: 155/200 | Valid Sim: 148/200 | Elapsed: 73.1min | ETA: 7.3min

--- Chunk 28140 (201/220) | Start: 2024-11-25 22:10:00 ---
    RMSE omega (GP): nan | RMSE omega (Sim): nan
    Loss: 143.8830 | Epoch: 34
    Eq omega: nan1 + nantheta + nanomega + nantheta^2 + nantheta omega + nanomega^2
    Eq omega Phys: N/A

--- Chunk 28141 (202/220) | Start: 2024-11-25 22:15:00 ---
    RMSE omega (GP): 0.010876 | RMSE omega (Sim): 0.063702
    Loss: -1.0822 | Epoch: 1670
    Eq omega: 0.014791 + -0.26339theta + -0.01039omega + 0.00709theta^2 + 0.00015theta omega + 0.02902omega^2
    Eq omega Phys: 0.006669*omega**2 + 1.0e-6*omega*theta - 0.000329*omega + 2.0e-6*theta**2 - 0.000238*theta - 0.003956

--- Chunk 28142 (203/220) | Start: 2024-11-25 22:20:00 ---
    RMSE omega (GP): 0.009083 | RMSE omega (Sim): 0.097302
    Loss: -1.6892 | Epoch: 1696
    Eq omega: -0.004471 + -0.06504theta + -0.00653omega + -0.00717theta^2 + -0.00114theta omega + -0.03717omega^2
    Eq omega Phys: -0.009228*omega**2 - 9.0e-6*omega*theta - 9.9e-5*omega - 2.0e-6*theta**2 - 2.2e-5*theta + 0.000576

--- Chunk 28143 (204/220) | Start: 2024-11-25 22:25:00 ---
    RMSE omega (GP): 0.050748 | RMSE omega (Sim): 0.087610
    Loss: 208.2835 | Epoch: 56
    Eq omega: 0.018371 + -0.03345theta + 0.00876omega + -0.00002theta^2 + -0.00046theta omega + 0.00912omega^2
    Eq omega Phys: 0.003454*omega**2 - 6.0e-6*omega*theta + 0.000208*omega - 3.7e-5*theta - 0.000485

--- Chunk 28144 (205/220) | Start: 2024-11-25 22:30:00 ---
    RMSE omega (GP): nan | RMSE omega (Sim): nan
    Loss: 328.5127 | Epoch: 30
    Eq omega: nan1 + nantheta + nanomega + nantheta^2 + nantheta omega + nanomega^2
    Eq omega Phys: N/A

--- Chunk 28145 (206/220) | Start: 2024-11-25 22:35:00 ---
    RMSE omega (GP): 0.008983 | RMSE omega (Sim): 0.124281
    Loss: 3.6503 | Epoch: 1741
    Eq omega: 0.001251 + 0.00038theta + 0.00111omega + 0.00009theta^2 + 0.00165theta omega + 0.00178omega^2
    Eq omega Phys: 0.000749*omega**2 + 2.3e-5*omega*theta + 0.000354*omega + 2.0e-6*theta + 1.7e-5

--- Chunk 28146 (207/220) | Start: 2024-11-25 22:40:00 ---
    RMSE omega (GP): 0.010877 | RMSE omega (Sim): 0.069015
    Loss: 2.1088 | Epoch: 1014
    Eq omega: 0.005701 + -0.60798theta + -0.01438omega + -0.02403theta^2 + -0.01376theta omega + 0.00326omega^2
    Eq omega Phys: 0.001057*omega**2 - 0.000149*omega*theta - 9.3e-5*omega - 9.0e-6*theta**2 - 0.000631*theta + 0.001717

--- Chunk 28147 (208/220) | Start: 2024-11-25 22:45:00 ---
    RMSE omega (GP): nan | RMSE omega (Sim): nan
    Loss: 99.8737 | Epoch: 47
    Eq omega: nan1 + nantheta + nanomega + nantheta^2 + nantheta omega + nanomega^2
    Eq omega Phys: N/A

--- Chunk 28148 (209/220) | Start: 2024-11-25 22:50:00 ---
    RMSE omega (GP): 0.010733 | RMSE omega (Sim): 0.068802
    Loss: 10.3354 | Epoch: 1818
    Eq omega: 0.003621 + 0.00027theta + -0.00201omega + 0.00004theta^2 + 0.00003theta omega + -0.00044omega^2
    Eq omega Phys: -0.000241*omega**2 + 1.0e-6*omega*theta - 5.5e-5*omega + 1.0e-6*theta + 2.5e-5

--- Chunk 28149 (210/220) | Start: 2024-11-25 22:55:00 ---
    RMSE omega (GP): 0.027469 | RMSE omega (Sim): 2.010234
    Loss: 36.7323 | Epoch: 347
    Eq omega: 0.050531 + -0.01933theta + 0.01421omega + 0.20944theta^2 + 0.00788theta omega + 0.00117omega^2
    Eq omega Phys: 0.000368*omega**2 + 8.3e-5*omega*theta + 0.000532*omega + 7.3e-5*theta**2 + 8.1e-5*theta + 0.000199

--- Chunk 28150 (211/220) | Start: 2024-11-25 23:00:00 ---
    RMSE omega (GP): 0.008785 | RMSE omega (Sim): 0.142364
    Loss: 0.3370 | Epoch: 1477
    Eq omega: 0.001681 + 0.00138theta + -0.00019omega + 0.00020theta^2 + 0.00054theta omega + 0.00103omega^2
    Eq omega Phys: 0.000326*omega**2 + 6.0e-6*omega*theta - 9.3e-5*omega - 0.e-6*theta - 1.0e-6

--- Chunk 28151 (212/220) | Start: 2024-11-25 23:05:00 ---
    RMSE omega (GP): 0.009674 | RMSE omega (Sim): 0.270210
    Loss: 0.8332 | Epoch: 1372
    Eq omega: -0.000631 + -0.00061theta + 0.00011omega + 0.00083theta^2 + -0.00007theta omega + 0.00121omega^2
    Eq omega Phys: 0.000364*omega**2 - 0.e-6*omega*theta + 2.0e-6*theta + 2.0e-6

--- Chunk 28152 (213/220) | Start: 2024-11-25 23:10:00 ---
    RMSE omega (GP): nan | RMSE omega (Sim): nan
    Loss: 64.6984 | Epoch: 146
    Eq omega: nan1 + nantheta + nanomega + nantheta^2 + nantheta omega + nanomega^2
    Eq omega Phys: N/A

--- Chunk 28153 (214/220) | Start: 2024-11-25 23:15:00 ---
    RMSE omega (GP): 0.009335 | RMSE omega (Sim): 0.095846
    Loss: 5.2790 | Epoch: 861
    Eq omega: -0.014821 + -0.01015theta + -0.00067omega + -0.00074theta^2 + -0.00335theta omega + -0.00483omega^2
    Eq omega Phys: -0.002223*omega**2 - 5.1e-5*omega*theta + 0.000186*omega - 8.0e-6*theta + 4.0e-6

--- Chunk 28154 (215/220) | Start: 2024-11-25 23:20:00 ---
    RMSE omega (GP): nan | RMSE omega (Sim): nan
    Loss: 217.1374 | Epoch: 65
    Eq omega: nan1 + nantheta + nanomega + nantheta^2 + nantheta omega + nanomega^2
    Eq omega Phys: N/A

--- Chunk 28155 (216/220) | Start: 2024-11-25 23:25:00 ---
    RMSE omega (GP): 0.036297 | RMSE omega (Sim): 0.058660
    Loss: 220.7656 | Epoch: 344
    Eq omega: 0.001091 + -0.00768theta + -0.00044omega + 0.00049theta^2 + -0.00360theta omega + -0.00004omega^2
    Eq omega Phys: -2.2e-5*omega**2 - 6.5e-5*omega*theta + 0.000961*omega - 1.7e-5*theta + 0.000195

--- Chunk 28156 (217/220) | Start: 2024-11-25 23:30:00 ---
    RMSE omega (GP): 0.009133 | RMSE omega (Sim): 0.056951
    Loss: 10.3922 | Epoch: 978
    Eq omega: -0.001991 + 0.00066theta + -0.00020omega + 0.00199theta^2 + -0.00129theta omega + -0.00055omega^2
    Eq omega Phys: -0.000322*omega**2 - 2.5e-5*omega*theta - 0.000111*omega + 1.0e-6*theta**2 + 1.1e-5*theta + 2.1e-5

--- Chunk 28157 (218/220) | Start: 2024-11-25 23:35:00 ---
    RMSE omega (GP): nan | RMSE omega (Sim): nan
    Loss: 79.4476 | Epoch: 611
    Eq omega: nan1 + nantheta + nanomega + nantheta^2 + nantheta omega + nanomega^2
    Eq omega Phys: N/A

--- Chunk 28158 (219/220) | Start: 2024-11-25 23:40:00 ---
    RMSE omega (GP): 0.011471 | RMSE omega (Sim): 0.162182
    Loss: 4.7740 | Epoch: 1477
    Eq omega: 0.019631 + -0.00081theta + -0.00142omega + 0.00039theta^2 + 0.00038theta omega + 0.00041omega^2
    Eq omega Phys: 0.00015*omega**2 + 5.0e-6*omega*theta - 5.5e-5*omega - 1.0e-6*theta + 6.2e-5

--- Chunk 28159 (220/220) | Start: 2024-11-25 23:45:00 ---
    RMSE omega (GP): 0.010377 | RMSE omega (Sim): 0.064025
    Loss: 28.9869 | Epoch: 2310
    Eq omega: 0.000621 + 0.00051theta + -0.00067omega + -0.00001theta^2 + 0.00003theta omega + 0.00111omega^2
    Eq omega Phys: 0.000898*omega**2 + 1.0e-6*omega*theta - 3.5e-5*omega + 1.0e-6*theta - 1.0e-5

  [Progress 220/220] Mean RMSE omega (GP): 0.014931 | (Sim): 0.121982 | Mean loss: -110377330907354.1250 | Valid GP: 169/220 | Valid Sim: 162/220 | Elapsed: 79.1min | ETA: 0.0min

============================================================
EVALUATION COMPLETE — Chunks [27940, 28159]
============================================================
Chunks processed: 220
Chunks succeeded GP:  169 (76.8%)
Chunks succeeded Sim: 162 (73.6%)
Mean GP RMSE omega:   0.014931 ± 0.011605
Mean SIM RMSE omega:  0.121982 ± 0.157940
Mean Loss:            -110377330907354.1250 ± 1633435332066136.0000
Elapsed time:     79.1 minutes

Per-chunk CSV: /pfs/data6/home/ka/ka_iai/ka_bj2362/dsr/svise/results_5min_all_chunks/run_SLURM_3718868_combo38/chunks_27940_to_28159_20260321_111414.csv
Summary JSON:  /pfs/data6/home/ka/ka_iai/ka_bj2362/dsr/svise/results_5min_all_chunks/run_SLURM_3718868_combo38/summary_27940_to_28159_20260321_111414.json
============================================================

============================= JOB FEEDBACK =============================

NodeName=uc3n094
Job ID: 3720602
Array Job ID: 3718868_127
Cluster: uc3
User/Group: ka_bj2362/ka_iai
State: COMPLETED (exit code 0)
Nodes: 1
Cores per node: 4
CPU Utilized: 01:18:38
CPU Efficiency: 24.71% of 05:18:12 core-walltime
Job Wall-clock time: 01:19:33
Memory Utilized: 4.12 GB
Memory Efficiency: 34.36% of 12.00 GB (12.00 GB/node)
