Array task 148: processing chunks 74000 to 74499
Loading data from /pfs/data6/home/ka/ka_iai/ka_bj2362/dsr/svise/../dataset/South_Korea_2024-08-15_2025-08-31_1s.parquet...
Finding all valid 5-minute chunks in the dataset...
Found 107059 valid 5-minute chunks in total.

============================================================
SINDy ANALYSIS — ALL CHUNKS
============================================================
Sigma: 15, Degree: 2, STLSQ threshold: 1e-10
Total valid chunks in dataset: 107059
Processing chunk range: [74000, 74499] (500 chunks)
============================================================


--- Chunk 74000 (1/500) | Start: 2025-05-08 23:20:00 ---
    RMSE omega (Sim): 0.033457
    Eq omega: -0.001 theta + 0.005 omega + 0.006 theta omega + 0.202 omega^2
/pfs/data6/home/ka/ka_iai/ka_bj2362/dsr/.venv_svise/lib64/python3.9/site-packages/pysindy/pysindy.py:901: ODEintWarning: Excess work done on this call (perhaps wrong Dfun type). Run with full_output = 1 to get quantitative information.
  return odeint(rhs, x0, t, tfirst=True, **integrator_kws)
    Forward simulation failed: Simulation blew up
/pfs/data6/home/ka/ka_iai/ka_bj2362/dsr/.venv_svise/lib64/python3.9/site-packages/pysindy/pysindy.py:901: ODEintWarning: Excess work done on this call (perhaps wrong Dfun type). Run with full_output = 1 to get quantitative information.
  return odeint(rhs, x0, t, tfirst=True, **integrator_kws)
    Forward simulation failed: Simulation blew up
/pfs/data6/home/ka/ka_iai/ka_bj2362/dsr/.venv_svise/lib64/python3.9/site-packages/pysindy/pysindy.py:901: ODEintWarning: Excess work done on this call (perhaps wrong Dfun type). Run with full_output = 1 to get quantitative information.
  return odeint(rhs, x0, t, tfirst=True, **integrator_kws)
    Forward simulation failed: Simulation blew up
    Forward simulation failed: Simulation blew up
/pfs/data6/home/ka/ka_iai/ka_bj2362/dsr/.venv_svise/lib64/python3.9/site-packages/pysindy/pysindy.py:901: ODEintWarning: Excess work done on this call (perhaps wrong Dfun type). Run with full_output = 1 to get quantitative information.
  return odeint(rhs, x0, t, tfirst=True, **integrator_kws)
    Forward simulation failed: Simulation blew up
/pfs/data6/home/ka/ka_iai/ka_bj2362/dsr/.venv_svise/lib64/python3.9/site-packages/pysindy/pysindy.py:901: ODEintWarning: Excess work done on this call (perhaps wrong Dfun type). Run with full_output = 1 to get quantitative information.
  return odeint(rhs, x0, t, tfirst=True, **integrator_kws)
    Forward simulation failed: Simulation blew up
/pfs/data6/home/ka/ka_iai/ka_bj2362/dsr/.venv_svise/lib64/python3.9/site-packages/pysindy/pysindy.py:901: ODEintWarning: Excess work done on this call (perhaps wrong Dfun type). Run with full_output = 1 to get quantitative information.
  return odeint(rhs, x0, t, tfirst=True, **integrator_kws)
    Forward simulation failed: Simulation blew up
/pfs/data6/home/ka/ka_iai/ka_bj2362/dsr/.venv_svise/lib64/python3.9/site-packages/pysindy/pysindy.py:901: ODEintWarning: Excess work done on this call (perhaps wrong Dfun type). Run with full_output = 1 to get quantitative information.
  return odeint(rhs, x0, t, tfirst=True, **integrator_kws)
    Forward simulation failed: Simulation blew up
/pfs/data6/home/ka/ka_iai/ka_bj2362/dsr/.venv_svise/lib64/python3.9/site-packages/pysindy/pysindy.py:901: ODEintWarning: Excess work done on this call (perhaps wrong Dfun type). Run with full_output = 1 to get quantitative information.
  return odeint(rhs, x0, t, tfirst=True, **integrator_kws)
    Forward simulation failed: Simulation blew up
/pfs/data6/home/ka/ka_iai/ka_bj2362/dsr/.venv_svise/lib64/python3.9/site-packages/pysindy/pysindy.py:901: ODEintWarning: Excess work done on this call (perhaps wrong Dfun type). Run with full_output = 1 to get quantitative information.
  return odeint(rhs, x0, t, tfirst=True, **integrator_kws)
    Forward simulation failed: Simulation blew up
/pfs/data6/home/ka/ka_iai/ka_bj2362/dsr/.venv_svise/lib64/python3.9/site-packages/pysindy/pysindy.py:901: ODEintWarning: Excess work done on this call (perhaps wrong Dfun type). Run with full_output = 1 to get quantitative information.
  return odeint(rhs, x0, t, tfirst=True, **integrator_kws)
    Forward simulation failed: Simulation blew up
/pfs/data6/home/ka/ka_iai/ka_bj2362/dsr/.venv_svise/lib64/python3.9/site-packages/pysindy/pysindy.py:901: ODEintWarning: Excess work done on this call (perhaps wrong Dfun type). Run with full_output = 1 to get quantitative information.
  return odeint(rhs, x0, t, tfirst=True, **integrator_kws)
    Forward simulation failed: Simulation blew up
/pfs/data6/home/ka/ka_iai/ka_bj2362/dsr/.venv_svise/lib64/python3.9/site-packages/pysindy/pysindy.py:901: ODEintWarning: Excess work done on this call (perhaps wrong Dfun type). Run with full_output = 1 to get quantitative information.
  return odeint(rhs, x0, t, tfirst=True, **integrator_kws)
    Forward simulation failed: Simulation blew up
/pfs/data6/home/ka/ka_iai/ka_bj2362/dsr/.venv_svise/lib64/python3.9/site-packages/pysindy/pysindy.py:901: ODEintWarning: Excess work done on this call (perhaps wrong Dfun type). Run with full_output = 1 to get quantitative information.
  return odeint(rhs, x0, t, tfirst=True, **integrator_kws)
    Forward simulation failed: Simulation blew up
/pfs/data6/home/ka/ka_iai/ka_bj2362/dsr/.venv_svise/lib64/python3.9/site-packages/pysindy/pysindy.py:901: ODEintWarning: Excess work done on this call (perhaps wrong Dfun type). Run with full_output = 1 to get quantitative information.
  return odeint(rhs, x0, t, tfirst=True, **integrator_kws)
    Forward simulation failed: Simulation blew up
/pfs/data6/home/ka/ka_iai/ka_bj2362/dsr/.venv_svise/lib64/python3.9/site-packages/pysindy/pysindy.py:901: ODEintWarning: Excess work done on this call (perhaps wrong Dfun type). Run with full_output = 1 to get quantitative information.
  return odeint(rhs, x0, t, tfirst=True, **integrator_kws)
    Forward simulation failed: Simulation blew up
/pfs/data6/home/ka/ka_iai/ka_bj2362/dsr/.venv_svise/lib64/python3.9/site-packages/pysindy/pysindy.py:901: ODEintWarning: Excess work done on this call (perhaps wrong Dfun type). Run with full_output = 1 to get quantitative information.
  return odeint(rhs, x0, t, tfirst=True, **integrator_kws)
    Forward simulation failed: Simulation blew up
/pfs/data6/home/ka/ka_iai/ka_bj2362/dsr/.venv_svise/lib64/python3.9/site-packages/pysindy/pysindy.py:901: ODEintWarning: Excess work done on this call (perhaps wrong Dfun type). Run with full_output = 1 to get quantitative information.
  return odeint(rhs, x0, t, tfirst=True, **integrator_kws)
    Forward simulation failed: Simulation blew up
/pfs/data6/home/ka/ka_iai/ka_bj2362/dsr/.venv_svise/lib64/python3.9/site-packages/pysindy/pysindy.py:901: ODEintWarning: Excess work done on this call (perhaps wrong Dfun type). Run with full_output = 1 to get quantitative information.
  return odeint(rhs, x0, t, tfirst=True, **integrator_kws)
    Forward simulation failed: Simulation blew up
    Forward simulation failed: Simulation blew up
/pfs/data6/home/ka/ka_iai/ka_bj2362/dsr/.venv_svise/lib64/python3.9/site-packages/pysindy/pysindy.py:901: ODEintWarning: Excess work done on this call (perhaps wrong Dfun type). Run with full_output = 1 to get quantitative information.
  return odeint(rhs, x0, t, tfirst=True, **integrator_kws)
    Forward simulation failed: Simulation blew up
    RMSE omega (Sim): nan
    Eq omega: -0.002 1 + 0.003 theta + 0.022 omega + -0.001 theta^2 + -0.017 theta omega + -0.015 omega^2

--- Chunk 74100 (101/500) | Start: 2025-05-09 07:40:00 ---
/pfs/data6/home/ka/ka_iai/ka_bj2362/dsr/.venv_svise/lib64/python3.9/site-packages/pysindy/pysindy.py:901: ODEintWarning: Excess work done on this call (perhaps wrong Dfun type). Run with full_output = 1 to get quantitative information.
  return odeint(rhs, x0, t, tfirst=True, **integrator_kws)
    Forward simulation failed: Simulation blew up
/pfs/data6/home/ka/ka_iai/ka_bj2362/dsr/.venv_svise/lib64/python3.9/site-packages/pysindy/pysindy.py:901: ODEintWarning: Excess work done on this call (perhaps wrong Dfun type). Run with full_output = 1 to get quantitative information.
  return odeint(rhs, x0, t, tfirst=True, **integrator_kws)
    Forward simulation failed: Simulation blew up
    Forward simulation failed: Simulation blew up
/pfs/data6/home/ka/ka_iai/ka_bj2362/dsr/.venv_svise/lib64/python3.9/site-packages/pysindy/pysindy.py:901: ODEintWarning: Excess work done on this call (perhaps wrong Dfun type). Run with full_output = 1 to get quantitative information.
  return odeint(rhs, x0, t, tfirst=True, **integrator_kws)
    Forward simulation failed: Simulation blew up
/pfs/data6/home/ka/ka_iai/ka_bj2362/dsr/.venv_svise/lib64/python3.9/site-packages/pysindy/pysindy.py:901: ODEintWarning: Excess work done on this call (perhaps wrong Dfun type). Run with full_output = 1 to get quantitative information.
  return odeint(rhs, x0, t, tfirst=True, **integrator_kws)
    Forward simulation failed: Simulation blew up
/pfs/data6/home/ka/ka_iai/ka_bj2362/dsr/.venv_svise/lib64/python3.9/site-packages/pysindy/pysindy.py:901: ODEintWarning: Excess work done on this call (perhaps wrong Dfun type). Run with full_output = 1 to get quantitative information.
  return odeint(rhs, x0, t, tfirst=True, **integrator_kws)
    Forward simulation failed: Simulation blew up
    Forward simulation failed: Simulation blew up
/pfs/data6/home/ka/ka_iai/ka_bj2362/dsr/.venv_svise/lib64/python3.9/site-packages/pysindy/pysindy.py:901: ODEintWarning: Excess work done on this call (perhaps wrong Dfun type). Run with full_output = 1 to get quantitative information.
  return odeint(rhs, x0, t, tfirst=True, **integrator_kws)
    Forward simulation failed: Simulation blew up
/pfs/data6/home/ka/ka_iai/ka_bj2362/dsr/.venv_svise/lib64/python3.9/site-packages/pysindy/pysindy.py:901: ODEintWarning: Excess work done on this call (perhaps wrong Dfun type). Run with full_output = 1 to get quantitative information.
  return odeint(rhs, x0, t, tfirst=True, **integrator_kws)
    Forward simulation failed: Simulation blew up
/pfs/data6/home/ka/ka_iai/ka_bj2362/dsr/.venv_svise/lib64/python3.9/site-packages/pysindy/pysindy.py:901: ODEintWarning: Excess work done on this call (perhaps wrong Dfun type). Run with full_output = 1 to get quantitative information.
  return odeint(rhs, x0, t, tfirst=True, **integrator_kws)
    Forward simulation failed: Simulation blew up
/pfs/data6/home/ka/ka_iai/ka_bj2362/dsr/.venv_svise/lib64/python3.9/site-packages/pysindy/pysindy.py:901: ODEintWarning: Excess work done on this call (perhaps wrong Dfun type). Run with full_output = 1 to get quantitative information.
  return odeint(rhs, x0, t, tfirst=True, **integrator_kws)
    Forward simulation failed: Simulation blew up
/pfs/data6/home/ka/ka_iai/ka_bj2362/dsr/.venv_svise/lib64/python3.9/site-packages/pysindy/pysindy.py:901: ODEintWarning: Excess work done on this call (perhaps wrong Dfun type). Run with full_output = 1 to get quantitative information.
  return odeint(rhs, x0, t, tfirst=True, **integrator_kws)
    Forward simulation failed: Simulation blew up
/pfs/data6/home/ka/ka_iai/ka_bj2362/dsr/.venv_svise/lib64/python3.9/site-packages/pysindy/pysindy.py:901: ODEintWarning: Excess work done on this call (perhaps wrong Dfun type). Run with full_output = 1 to get quantitative information.
  return odeint(rhs, x0, t, tfirst=True, **integrator_kws)
    Forward simulation failed: Simulation blew up
/pfs/data6/home/ka/ka_iai/ka_bj2362/dsr/.venv_svise/lib64/python3.9/site-packages/pysindy/pysindy.py:901: ODEintWarning: Excess work done on this call (perhaps wrong Dfun type). Run with full_output = 1 to get quantitative information.
  return odeint(rhs, x0, t, tfirst=True, **integrator_kws)
    Forward simulation failed: Simulation blew up
/pfs/data6/home/ka/ka_iai/ka_bj2362/dsr/.venv_svise/lib64/python3.9/site-packages/pysindy/pysindy.py:901: ODEintWarning: Excess work done on this call (perhaps wrong Dfun type). Run with full_output = 1 to get quantitative information.
  return odeint(rhs, x0, t, tfirst=True, **integrator_kws)
    Forward simulation failed: Simulation blew up
/pfs/data6/home/ka/ka_iai/ka_bj2362/dsr/.venv_svise/lib64/python3.9/site-packages/pysindy/pysindy.py:901: ODEintWarning: Excess work done on this call (perhaps wrong Dfun type). Run with full_output = 1 to get quantitative information.
  return odeint(rhs, x0, t, tfirst=True, **integrator_kws)
    Forward simulation failed: Simulation blew up
/pfs/data6/home/ka/ka_iai/ka_bj2362/dsr/.venv_svise/lib64/python3.9/site-packages/pysindy/pysindy.py:901: ODEintWarning: Excess work done on this call (perhaps wrong Dfun type). Run with full_output = 1 to get quantitative information.
  return odeint(rhs, x0, t, tfirst=True, **integrator_kws)
    Forward simulation failed: Simulation blew up
/pfs/data6/home/ka/ka_iai/ka_bj2362/dsr/.venv_svise/lib64/python3.9/site-packages/pysindy/pysindy.py:901: ODEintWarning: Excess work done on this call (perhaps wrong Dfun type). Run with full_output = 1 to get quantitative information.
  return odeint(rhs, x0, t, tfirst=True, **integrator_kws)
    Forward simulation failed: Simulation blew up
/pfs/data6/home/ka/ka_iai/ka_bj2362/dsr/.venv_svise/lib64/python3.9/site-packages/pysindy/pysindy.py:901: ODEintWarning: Excess work done on this call (perhaps wrong Dfun type). Run with full_output = 1 to get quantitative information.
  return odeint(rhs, x0, t, tfirst=True, **integrator_kws)
    Forward simulation failed: Simulation blew up
/pfs/data6/home/ka/ka_iai/ka_bj2362/dsr/.venv_svise/lib64/python3.9/site-packages/pysindy/pysindy.py:901: ODEintWarning: Excess work done on this call (perhaps wrong Dfun type). Run with full_output = 1 to get quantitative information.
  return odeint(rhs, x0, t, tfirst=True, **integrator_kws)
    Forward simulation failed: Simulation blew up
    Forward simulation failed: Simulation blew up
/pfs/data6/home/ka/ka_iai/ka_bj2362/dsr/.venv_svise/lib64/python3.9/site-packages/pysindy/pysindy.py:901: ODEintWarning: Excess work done on this call (perhaps wrong Dfun type). Run with full_output = 1 to get quantitative information.
  return odeint(rhs, x0, t, tfirst=True, **integrator_kws)
    Forward simulation failed: Simulation blew up
    Forward simulation failed: Simulation blew up
    Forward simulation failed: Simulation blew up
/pfs/data6/home/ka/ka_iai/ka_bj2362/dsr/.venv_svise/lib64/python3.9/site-packages/pysindy/pysindy.py:901: ODEintWarning: Excess work done on this call (perhaps wrong Dfun type). Run with full_output = 1 to get quantitative information.
  return odeint(rhs, x0, t, tfirst=True, **integrator_kws)
    Forward simulation failed: Simulation blew up
/pfs/data6/home/ka/ka_iai/ka_bj2362/dsr/.venv_svise/lib64/python3.9/site-packages/pysindy/pysindy.py:901: ODEintWarning: Excess work done on this call (perhaps wrong Dfun type). Run with full_output = 1 to get quantitative information.
  return odeint(rhs, x0, t, tfirst=True, **integrator_kws)
    Forward simulation failed: Simulation blew up
/pfs/data6/home/ka/ka_iai/ka_bj2362/dsr/.venv_svise/lib64/python3.9/site-packages/pysindy/pysindy.py:901: ODEintWarning: Excess work done on this call (perhaps wrong Dfun type). Run with full_output = 1 to get quantitative information.
  return odeint(rhs, x0, t, tfirst=True, **integrator_kws)
    Forward simulation failed: Simulation blew up
/pfs/data6/home/ka/ka_iai/ka_bj2362/dsr/.venv_svise/lib64/python3.9/site-packages/pysindy/pysindy.py:901: ODEintWarning: Excess work done on this call (perhaps wrong Dfun type). Run with full_output = 1 to get quantitative information.
  return odeint(rhs, x0, t, tfirst=True, **integrator_kws)
    Forward simulation failed: Simulation blew up
/pfs/data6/home/ka/ka_iai/ka_bj2362/dsr/.venv_svise/lib64/python3.9/site-packages/pysindy/pysindy.py:901: ODEintWarning: Excess work done on this call (perhaps wrong Dfun type). Run with full_output = 1 to get quantitative information.
  return odeint(rhs, x0, t, tfirst=True, **integrator_kws)
    Forward simulation failed: Simulation blew up
/pfs/data6/home/ka/ka_iai/ka_bj2362/dsr/.venv_svise/lib64/python3.9/site-packages/pysindy/pysindy.py:901: ODEintWarning: Excess work done on this call (perhaps wrong Dfun type). Run with full_output = 1 to get quantitative information.
  return odeint(rhs, x0, t, tfirst=True, **integrator_kws)
    Forward simulation failed: Simulation blew up
/pfs/data6/home/ka/ka_iai/ka_bj2362/dsr/.venv_svise/lib64/python3.9/site-packages/pysindy/pysindy.py:901: ODEintWarning: Excess work done on this call (perhaps wrong Dfun type). Run with full_output = 1 to get quantitative information.
  return odeint(rhs, x0, t, tfirst=True, **integrator_kws)
    Forward simulation failed: Simulation blew up
    RMSE omega (Sim): 0.031580
    Eq omega: -0.004 1 + 0.001 theta + 0.029 omega + -0.003 theta omega + -0.009 omega^2

--- Chunk 74200 (201/500) | Start: 2025-05-09 16:05:00 ---
/pfs/data6/home/ka/ka_iai/ka_bj2362/dsr/.venv_svise/lib64/python3.9/site-packages/pysindy/pysindy.py:901: ODEintWarning: Excess work done on this call (perhaps wrong Dfun type). Run with full_output = 1 to get quantitative information.
  return odeint(rhs, x0, t, tfirst=True, **integrator_kws)
    Forward simulation failed: Simulation blew up
/pfs/data6/home/ka/ka_iai/ka_bj2362/dsr/.venv_svise/lib64/python3.9/site-packages/pysindy/pysindy.py:901: ODEintWarning: Excess work done on this call (perhaps wrong Dfun type). Run with full_output = 1 to get quantitative information.
  return odeint(rhs, x0, t, tfirst=True, **integrator_kws)
    Forward simulation failed: Simulation blew up
/pfs/data6/home/ka/ka_iai/ka_bj2362/dsr/.venv_svise/lib64/python3.9/site-packages/pysindy/pysindy.py:901: ODEintWarning: Excess work done on this call (perhaps wrong Dfun type). Run with full_output = 1 to get quantitative information.
  return odeint(rhs, x0, t, tfirst=True, **integrator_kws)
    Forward simulation failed: Simulation blew up
/pfs/data6/home/ka/ka_iai/ka_bj2362/dsr/.venv_svise/lib64/python3.9/site-packages/pysindy/pysindy.py:901: ODEintWarning: Excess work done on this call (perhaps wrong Dfun type). Run with full_output = 1 to get quantitative information.
  return odeint(rhs, x0, t, tfirst=True, **integrator_kws)
    Forward simulation failed: Simulation blew up
    Forward simulation failed: Simulation blew up
/pfs/data6/home/ka/ka_iai/ka_bj2362/dsr/.venv_svise/lib64/python3.9/site-packages/pysindy/pysindy.py:901: ODEintWarning: Excess work done on this call (perhaps wrong Dfun type). Run with full_output = 1 to get quantitative information.
  return odeint(rhs, x0, t, tfirst=True, **integrator_kws)
    Forward simulation failed: Simulation blew up
/pfs/data6/home/ka/ka_iai/ka_bj2362/dsr/.venv_svise/lib64/python3.9/site-packages/pysindy/pysindy.py:901: ODEintWarning: Excess work done on this call (perhaps wrong Dfun type). Run with full_output = 1 to get quantitative information.
  return odeint(rhs, x0, t, tfirst=True, **integrator_kws)
    Forward simulation failed: Simulation blew up
/pfs/data6/home/ka/ka_iai/ka_bj2362/dsr/.venv_svise/lib64/python3.9/site-packages/pysindy/pysindy.py:901: ODEintWarning: Excess work done on this call (perhaps wrong Dfun type). Run with full_output = 1 to get quantitative information.
  return odeint(rhs, x0, t, tfirst=True, **integrator_kws)
    Forward simulation failed: Simulation blew up
/pfs/data6/home/ka/ka_iai/ka_bj2362/dsr/.venv_svise/lib64/python3.9/site-packages/pysindy/pysindy.py:901: ODEintWarning: Excess work done on this call (perhaps wrong Dfun type). Run with full_output = 1 to get quantitative information.
  return odeint(rhs, x0, t, tfirst=True, **integrator_kws)
    Forward simulation failed: Simulation blew up
/pfs/data6/home/ka/ka_iai/ka_bj2362/dsr/.venv_svise/lib64/python3.9/site-packages/pysindy/pysindy.py:901: ODEintWarning: Excess work done on this call (perhaps wrong Dfun type). Run with full_output = 1 to get quantitative information.
  return odeint(rhs, x0, t, tfirst=True, **integrator_kws)
    Forward simulation failed: Simulation blew up
/pfs/data6/home/ka/ka_iai/ka_bj2362/dsr/.venv_svise/lib64/python3.9/site-packages/pysindy/pysindy.py:901: ODEintWarning: Excess work done on this call (perhaps wrong Dfun type). Run with full_output = 1 to get quantitative information.
  return odeint(rhs, x0, t, tfirst=True, **integrator_kws)
    Forward simulation failed: Simulation blew up
/pfs/data6/home/ka/ka_iai/ka_bj2362/dsr/.venv_svise/lib64/python3.9/site-packages/pysindy/pysindy.py:901: ODEintWarning: Excess work done on this call (perhaps wrong Dfun type). Run with full_output = 1 to get quantitative information.
  return odeint(rhs, x0, t, tfirst=True, **integrator_kws)
    Forward simulation failed: Simulation blew up
    Forward simulation failed: Simulation blew up
/pfs/data6/home/ka/ka_iai/ka_bj2362/dsr/.venv_svise/lib64/python3.9/site-packages/pysindy/pysindy.py:901: ODEintWarning: Excess work done on this call (perhaps wrong Dfun type). Run with full_output = 1 to get quantitative information.
  return odeint(rhs, x0, t, tfirst=True, **integrator_kws)
    Forward simulation failed: Simulation blew up
/pfs/data6/home/ka/ka_iai/ka_bj2362/dsr/.venv_svise/lib64/python3.9/site-packages/pysindy/pysindy.py:901: ODEintWarning: Excess work done on this call (perhaps wrong Dfun type). Run with full_output = 1 to get quantitative information.
  return odeint(rhs, x0, t, tfirst=True, **integrator_kws)
    Forward simulation failed: Simulation blew up
    Forward simulation failed: Simulation blew up
/pfs/data6/home/ka/ka_iai/ka_bj2362/dsr/.venv_svise/lib64/python3.9/site-packages/pysindy/pysindy.py:901: ODEintWarning: Excess work done on this call (perhaps wrong Dfun type). Run with full_output = 1 to get quantitative information.
  return odeint(rhs, x0, t, tfirst=True, **integrator_kws)
    Forward simulation failed: Simulation blew up
/pfs/data6/home/ka/ka_iai/ka_bj2362/dsr/.venv_svise/lib64/python3.9/site-packages/pysindy/pysindy.py:901: ODEintWarning: Excess work done on this call (perhaps wrong Dfun type). Run with full_output = 1 to get quantitative information.
  return odeint(rhs, x0, t, tfirst=True, **integrator_kws)
    Forward simulation failed: Simulation blew up
/pfs/data6/home/ka/ka_iai/ka_bj2362/dsr/.venv_svise/lib64/python3.9/site-packages/pysindy/pysindy.py:901: ODEintWarning: Excess work done on this call (perhaps wrong Dfun type). Run with full_output = 1 to get quantitative information.
  return odeint(rhs, x0, t, tfirst=True, **integrator_kws)
    Forward simulation failed: Simulation blew up
/pfs/data6/home/ka/ka_iai/ka_bj2362/dsr/.venv_svise/lib64/python3.9/site-packages/pysindy/pysindy.py:901: ODEintWarning: Excess work done on this call (perhaps wrong Dfun type). Run with full_output = 1 to get quantitative information.
  return odeint(rhs, x0, t, tfirst=True, **integrator_kws)
    Forward simulation failed: Simulation blew up
/pfs/data6/home/ka/ka_iai/ka_bj2362/dsr/.venv_svise/lib64/python3.9/site-packages/pysindy/pysindy.py:901: ODEintWarning: Excess work done on this call (perhaps wrong Dfun type). Run with full_output = 1 to get quantitative information.
  return odeint(rhs, x0, t, tfirst=True, **integrator_kws)
    Forward simulation failed: Simulation blew up
/pfs/data6/home/ka/ka_iai/ka_bj2362/dsr/.venv_svise/lib64/python3.9/site-packages/pysindy/pysindy.py:901: ODEintWarning: Excess work done on this call (perhaps wrong Dfun type). Run with full_output = 1 to get quantitative information.
  return odeint(rhs, x0, t, tfirst=True, **integrator_kws)
    Forward simulation failed: Simulation blew up
    Forward simulation failed: Simulation blew up
/pfs/data6/home/ka/ka_iai/ka_bj2362/dsr/.venv_svise/lib64/python3.9/site-packages/pysindy/pysindy.py:901: ODEintWarning: Excess work done on this call (perhaps wrong Dfun type). Run with full_output = 1 to get quantitative information.
  return odeint(rhs, x0, t, tfirst=True, **integrator_kws)
    Forward simulation failed: Simulation blew up
    RMSE omega (Sim): nan
    Eq omega: 0.001 1 + -0.022 omega + -0.001 theta omega + 0.153 omega^2

--- Chunk 74300 (301/500) | Start: 2025-05-10 00:25:00 ---
/pfs/data6/home/ka/ka_iai/ka_bj2362/dsr/.venv_svise/lib64/python3.9/site-packages/pysindy/pysindy.py:901: ODEintWarning: Excess work done on this call (perhaps wrong Dfun type). Run with full_output = 1 to get quantitative information.
  return odeint(rhs, x0, t, tfirst=True, **integrator_kws)
    Forward simulation failed: Simulation blew up
/pfs/data6/home/ka/ka_iai/ka_bj2362/dsr/.venv_svise/lib64/python3.9/site-packages/pysindy/pysindy.py:901: ODEintWarning: Excess work done on this call (perhaps wrong Dfun type). Run with full_output = 1 to get quantitative information.
  return odeint(rhs, x0, t, tfirst=True, **integrator_kws)
    Forward simulation failed: Simulation blew up
/pfs/data6/home/ka/ka_iai/ka_bj2362/dsr/.venv_svise/lib64/python3.9/site-packages/pysindy/pysindy.py:901: ODEintWarning: Excess work done on this call (perhaps wrong Dfun type). Run with full_output = 1 to get quantitative information.
  return odeint(rhs, x0, t, tfirst=True, **integrator_kws)
    Forward simulation failed: Simulation blew up
/pfs/data6/home/ka/ka_iai/ka_bj2362/dsr/.venv_svise/lib64/python3.9/site-packages/pysindy/pysindy.py:901: ODEintWarning: Excess work done on this call (perhaps wrong Dfun type). Run with full_output = 1 to get quantitative information.
  return odeint(rhs, x0, t, tfirst=True, **integrator_kws)
    Forward simulation failed: Simulation blew up
/pfs/data6/home/ka/ka_iai/ka_bj2362/dsr/.venv_svise/lib64/python3.9/site-packages/pysindy/pysindy.py:901: ODEintWarning: Excess work done on this call (perhaps wrong Dfun type). Run with full_output = 1 to get quantitative information.
  return odeint(rhs, x0, t, tfirst=True, **integrator_kws)
    Forward simulation failed: Simulation blew up
/pfs/data6/home/ka/ka_iai/ka_bj2362/dsr/.venv_svise/lib64/python3.9/site-packages/pysindy/pysindy.py:901: ODEintWarning: Excess work done on this call (perhaps wrong Dfun type). Run with full_output = 1 to get quantitative information.
  return odeint(rhs, x0, t, tfirst=True, **integrator_kws)
    Forward simulation failed: Simulation blew up
/pfs/data6/home/ka/ka_iai/ka_bj2362/dsr/.venv_svise/lib64/python3.9/site-packages/pysindy/pysindy.py:901: ODEintWarning: Excess work done on this call (perhaps wrong Dfun type). Run with full_output = 1 to get quantitative information.
  return odeint(rhs, x0, t, tfirst=True, **integrator_kws)
    Forward simulation failed: Simulation blew up
/pfs/data6/home/ka/ka_iai/ka_bj2362/dsr/.venv_svise/lib64/python3.9/site-packages/pysindy/pysindy.py:901: ODEintWarning: Excess work done on this call (perhaps wrong Dfun type). Run with full_output = 1 to get quantitative information.
  return odeint(rhs, x0, t, tfirst=True, **integrator_kws)
    Forward simulation failed: Simulation blew up
/pfs/data6/home/ka/ka_iai/ka_bj2362/dsr/.venv_svise/lib64/python3.9/site-packages/pysindy/pysindy.py:901: ODEintWarning: Excess work done on this call (perhaps wrong Dfun type). Run with full_output = 1 to get quantitative information.
  return odeint(rhs, x0, t, tfirst=True, **integrator_kws)
    Forward simulation failed: Simulation blew up
/pfs/data6/home/ka/ka_iai/ka_bj2362/dsr/.venv_svise/lib64/python3.9/site-packages/pysindy/pysindy.py:901: ODEintWarning: Excess work done on this call (perhaps wrong Dfun type). Run with full_output = 1 to get quantitative information.
  return odeint(rhs, x0, t, tfirst=True, **integrator_kws)
    Forward simulation failed: Simulation blew up
/pfs/data6/home/ka/ka_iai/ka_bj2362/dsr/.venv_svise/lib64/python3.9/site-packages/pysindy/pysindy.py:901: ODEintWarning: Excess work done on this call (perhaps wrong Dfun type). Run with full_output = 1 to get quantitative information.
  return odeint(rhs, x0, t, tfirst=True, **integrator_kws)
    Forward simulation failed: Simulation blew up
/pfs/data6/home/ka/ka_iai/ka_bj2362/dsr/.venv_svise/lib64/python3.9/site-packages/pysindy/pysindy.py:901: ODEintWarning: Excess work done on this call (perhaps wrong Dfun type). Run with full_output = 1 to get quantitative information.
  return odeint(rhs, x0, t, tfirst=True, **integrator_kws)
    Forward simulation failed: Simulation blew up
/pfs/data6/home/ka/ka_iai/ka_bj2362/dsr/.venv_svise/lib64/python3.9/site-packages/pysindy/pysindy.py:901: ODEintWarning: Excess work done on this call (perhaps wrong Dfun type). Run with full_output = 1 to get quantitative information.
  return odeint(rhs, x0, t, tfirst=True, **integrator_kws)
    Forward simulation failed: Simulation blew up
/pfs/data6/home/ka/ka_iai/ka_bj2362/dsr/.venv_svise/lib64/python3.9/site-packages/pysindy/pysindy.py:901: ODEintWarning: Excess work done on this call (perhaps wrong Dfun type). Run with full_output = 1 to get quantitative information.
  return odeint(rhs, x0, t, tfirst=True, **integrator_kws)
    Forward simulation failed: Simulation blew up
/pfs/data6/home/ka/ka_iai/ka_bj2362/dsr/.venv_svise/lib64/python3.9/site-packages/pysindy/pysindy.py:901: ODEintWarning: Excess work done on this call (perhaps wrong Dfun type). Run with full_output = 1 to get quantitative information.
  return odeint(rhs, x0, t, tfirst=True, **integrator_kws)
    Forward simulation failed: Simulation blew up
/pfs/data6/home/ka/ka_iai/ka_bj2362/dsr/.venv_svise/lib64/python3.9/site-packages/pysindy/pysindy.py:901: ODEintWarning: Excess work done on this call (perhaps wrong Dfun type). Run with full_output = 1 to get quantitative information.
  return odeint(rhs, x0, t, tfirst=True, **integrator_kws)
    Forward simulation failed: Simulation blew up
/pfs/data6/home/ka/ka_iai/ka_bj2362/dsr/.venv_svise/lib64/python3.9/site-packages/pysindy/pysindy.py:901: ODEintWarning: Excess work done on this call (perhaps wrong Dfun type). Run with full_output = 1 to get quantitative information.
  return odeint(rhs, x0, t, tfirst=True, **integrator_kws)
    Forward simulation failed: Simulation blew up
/pfs/data6/home/ka/ka_iai/ka_bj2362/dsr/.venv_svise/lib64/python3.9/site-packages/pysindy/pysindy.py:901: ODEintWarning: Excess work done on this call (perhaps wrong Dfun type). Run with full_output = 1 to get quantitative information.
  return odeint(rhs, x0, t, tfirst=True, **integrator_kws)
    Forward simulation failed: Simulation blew up
/pfs/data6/home/ka/ka_iai/ka_bj2362/dsr/.venv_svise/lib64/python3.9/site-packages/pysindy/pysindy.py:901: ODEintWarning: Excess work done on this call (perhaps wrong Dfun type). Run with full_output = 1 to get quantitative information.
  return odeint(rhs, x0, t, tfirst=True, **integrator_kws)
    Forward simulation failed: Simulation blew up
/pfs/data6/home/ka/ka_iai/ka_bj2362/dsr/.venv_svise/lib64/python3.9/site-packages/pysindy/pysindy.py:901: ODEintWarning: Excess work done on this call (perhaps wrong Dfun type). Run with full_output = 1 to get quantitative information.
  return odeint(rhs, x0, t, tfirst=True, **integrator_kws)
    Forward simulation failed: Simulation blew up
/pfs/data6/home/ka/ka_iai/ka_bj2362/dsr/.venv_svise/lib64/python3.9/site-packages/pysindy/pysindy.py:901: ODEintWarning: Excess work done on this call (perhaps wrong Dfun type). Run with full_output = 1 to get quantitative information.
  return odeint(rhs, x0, t, tfirst=True, **integrator_kws)
    Forward simulation failed: Simulation blew up
/pfs/data6/home/ka/ka_iai/ka_bj2362/dsr/.venv_svise/lib64/python3.9/site-packages/pysindy/pysindy.py:901: ODEintWarning: Excess work done on this call (perhaps wrong Dfun type). Run with full_output = 1 to get quantitative information.
  return odeint(rhs, x0, t, tfirst=True, **integrator_kws)
    Forward simulation failed: Simulation blew up
/pfs/data6/home/ka/ka_iai/ka_bj2362/dsr/.venv_svise/lib64/python3.9/site-packages/pysindy/pysindy.py:901: ODEintWarning: Excess work done on this call (perhaps wrong Dfun type). Run with full_output = 1 to get quantitative information.
  return odeint(rhs, x0, t, tfirst=True, **integrator_kws)
    Forward simulation failed: Simulation blew up
/pfs/data6/home/ka/ka_iai/ka_bj2362/dsr/.venv_svise/lib64/python3.9/site-packages/pysindy/pysindy.py:901: ODEintWarning: Excess work done on this call (perhaps wrong Dfun type). Run with full_output = 1 to get quantitative information.
  return odeint(rhs, x0, t, tfirst=True, **integrator_kws)
    Forward simulation failed: Simulation blew up
/pfs/data6/home/ka/ka_iai/ka_bj2362/dsr/.venv_svise/lib64/python3.9/site-packages/pysindy/pysindy.py:901: ODEintWarning: Excess work done on this call (perhaps wrong Dfun type). Run with full_output = 1 to get quantitative information.
  return odeint(rhs, x0, t, tfirst=True, **integrator_kws)
    Forward simulation failed: Simulation blew up
/pfs/data6/home/ka/ka_iai/ka_bj2362/dsr/.venv_svise/lib64/python3.9/site-packages/pysindy/pysindy.py:901: ODEintWarning: Excess work done on this call (perhaps wrong Dfun type). Run with full_output = 1 to get quantitative information.
  return odeint(rhs, x0, t, tfirst=True, **integrator_kws)
    Forward simulation failed: Simulation blew up
    RMSE omega (Sim): 0.384240
    Eq omega: -0.002 1 + 0.002 theta + 0.008 omega + -0.003 theta omega + 0.240 omega^2

--- Chunk 74400 (401/500) | Start: 2025-05-10 08:45:00 ---
/pfs/data6/home/ka/ka_iai/ka_bj2362/dsr/.venv_svise/lib64/python3.9/site-packages/pysindy/pysindy.py:901: ODEintWarning: Excess work done on this call (perhaps wrong Dfun type). Run with full_output = 1 to get quantitative information.
  return odeint(rhs, x0, t, tfirst=True, **integrator_kws)
    Forward simulation failed: Simulation blew up
/pfs/data6/home/ka/ka_iai/ka_bj2362/dsr/.venv_svise/lib64/python3.9/site-packages/pysindy/pysindy.py:901: ODEintWarning: Excess work done on this call (perhaps wrong Dfun type). Run with full_output = 1 to get quantitative information.
  return odeint(rhs, x0, t, tfirst=True, **integrator_kws)
    Forward simulation failed: Simulation blew up
/pfs/data6/home/ka/ka_iai/ka_bj2362/dsr/.venv_svise/lib64/python3.9/site-packages/pysindy/pysindy.py:901: ODEintWarning: Excess work done on this call (perhaps wrong Dfun type). Run with full_output = 1 to get quantitative information.
  return odeint(rhs, x0, t, tfirst=True, **integrator_kws)
    Forward simulation failed: Simulation blew up
/pfs/data6/home/ka/ka_iai/ka_bj2362/dsr/.venv_svise/lib64/python3.9/site-packages/pysindy/pysindy.py:901: ODEintWarning: Excess work done on this call (perhaps wrong Dfun type). Run with full_output = 1 to get quantitative information.
  return odeint(rhs, x0, t, tfirst=True, **integrator_kws)
    Forward simulation failed: Simulation blew up
/pfs/data6/home/ka/ka_iai/ka_bj2362/dsr/.venv_svise/lib64/python3.9/site-packages/pysindy/pysindy.py:901: ODEintWarning: Excess work done on this call (perhaps wrong Dfun type). Run with full_output = 1 to get quantitative information.
  return odeint(rhs, x0, t, tfirst=True, **integrator_kws)
    Forward simulation failed: Simulation blew up
/pfs/data6/home/ka/ka_iai/ka_bj2362/dsr/.venv_svise/lib64/python3.9/site-packages/pysindy/pysindy.py:901: ODEintWarning: Excess work done on this call (perhaps wrong Dfun type). Run with full_output = 1 to get quantitative information.
  return odeint(rhs, x0, t, tfirst=True, **integrator_kws)
    Forward simulation failed: Simulation blew up
/pfs/data6/home/ka/ka_iai/ka_bj2362/dsr/.venv_svise/lib64/python3.9/site-packages/pysindy/pysindy.py:901: ODEintWarning: Excess work done on this call (perhaps wrong Dfun type). Run with full_output = 1 to get quantitative information.
  return odeint(rhs, x0, t, tfirst=True, **integrator_kws)
    Forward simulation failed: Simulation blew up
/pfs/data6/home/ka/ka_iai/ka_bj2362/dsr/.venv_svise/lib64/python3.9/site-packages/pysindy/pysindy.py:901: ODEintWarning: Excess work done on this call (perhaps wrong Dfun type). Run with full_output = 1 to get quantitative information.
  return odeint(rhs, x0, t, tfirst=True, **integrator_kws)
    Forward simulation failed: Simulation blew up
/pfs/data6/home/ka/ka_iai/ka_bj2362/dsr/.venv_svise/lib64/python3.9/site-packages/pysindy/pysindy.py:901: ODEintWarning: Excess work done on this call (perhaps wrong Dfun type). Run with full_output = 1 to get quantitative information.
  return odeint(rhs, x0, t, tfirst=True, **integrator_kws)
    Forward simulation failed: Simulation blew up
/pfs/data6/home/ka/ka_iai/ka_bj2362/dsr/.venv_svise/lib64/python3.9/site-packages/pysindy/pysindy.py:901: ODEintWarning: Excess work done on this call (perhaps wrong Dfun type). Run with full_output = 1 to get quantitative information.
  return odeint(rhs, x0, t, tfirst=True, **integrator_kws)
    Forward simulation failed: Simulation blew up
    Forward simulation failed: Simulation blew up
/pfs/data6/home/ka/ka_iai/ka_bj2362/dsr/.venv_svise/lib64/python3.9/site-packages/pysindy/pysindy.py:901: ODEintWarning: Excess work done on this call (perhaps wrong Dfun type). Run with full_output = 1 to get quantitative information.
  return odeint(rhs, x0, t, tfirst=True, **integrator_kws)
    Forward simulation failed: Simulation blew up
/pfs/data6/home/ka/ka_iai/ka_bj2362/dsr/.venv_svise/lib64/python3.9/site-packages/pysindy/pysindy.py:901: ODEintWarning: Excess work done on this call (perhaps wrong Dfun type). Run with full_output = 1 to get quantitative information.
  return odeint(rhs, x0, t, tfirst=True, **integrator_kws)
    Forward simulation failed: Simulation blew up
/pfs/data6/home/ka/ka_iai/ka_bj2362/dsr/.venv_svise/lib64/python3.9/site-packages/pysindy/pysindy.py:901: ODEintWarning: Excess work done on this call (perhaps wrong Dfun type). Run with full_output = 1 to get quantitative information.
  return odeint(rhs, x0, t, tfirst=True, **integrator_kws)
    Forward simulation failed: Simulation blew up
/pfs/data6/home/ka/ka_iai/ka_bj2362/dsr/.venv_svise/lib64/python3.9/site-packages/pysindy/pysindy.py:901: ODEintWarning: Excess work done on this call (perhaps wrong Dfun type). Run with full_output = 1 to get quantitative information.
  return odeint(rhs, x0, t, tfirst=True, **integrator_kws)
    Forward simulation failed: Simulation blew up
/pfs/data6/home/ka/ka_iai/ka_bj2362/dsr/.venv_svise/lib64/python3.9/site-packages/pysindy/pysindy.py:901: ODEintWarning: Excess work done on this call (perhaps wrong Dfun type). Run with full_output = 1 to get quantitative information.
  return odeint(rhs, x0, t, tfirst=True, **integrator_kws)
    Forward simulation failed: Simulation blew up
/pfs/data6/home/ka/ka_iai/ka_bj2362/dsr/.venv_svise/lib64/python3.9/site-packages/pysindy/pysindy.py:901: ODEintWarning: Excess work done on this call (perhaps wrong Dfun type). Run with full_output = 1 to get quantitative information.
  return odeint(rhs, x0, t, tfirst=True, **integrator_kws)
    Forward simulation failed: Simulation blew up
/pfs/data6/home/ka/ka_iai/ka_bj2362/dsr/.venv_svise/lib64/python3.9/site-packages/pysindy/pysindy.py:901: ODEintWarning: Excess work done on this call (perhaps wrong Dfun type). Run with full_output = 1 to get quantitative information.
  return odeint(rhs, x0, t, tfirst=True, **integrator_kws)
    Forward simulation failed: Simulation blew up
/pfs/data6/home/ka/ka_iai/ka_bj2362/dsr/.venv_svise/lib64/python3.9/site-packages/pysindy/pysindy.py:901: ODEintWarning: Excess work done on this call (perhaps wrong Dfun type). Run with full_output = 1 to get quantitative information.
  return odeint(rhs, x0, t, tfirst=True, **integrator_kws)
    Forward simulation failed: Simulation blew up
/pfs/data6/home/ka/ka_iai/ka_bj2362/dsr/.venv_svise/lib64/python3.9/site-packages/pysindy/pysindy.py:901: ODEintWarning: Excess work done on this call (perhaps wrong Dfun type). Run with full_output = 1 to get quantitative information.
  return odeint(rhs, x0, t, tfirst=True, **integrator_kws)
    Forward simulation failed: Simulation blew up
/pfs/data6/home/ka/ka_iai/ka_bj2362/dsr/.venv_svise/lib64/python3.9/site-packages/pysindy/pysindy.py:901: ODEintWarning: Excess work done on this call (perhaps wrong Dfun type). Run with full_output = 1 to get quantitative information.
  return odeint(rhs, x0, t, tfirst=True, **integrator_kws)
    Forward simulation failed: Simulation blew up
    Forward simulation failed: Simulation blew up
    Forward simulation failed: Simulation blew up
/pfs/data6/home/ka/ka_iai/ka_bj2362/dsr/.venv_svise/lib64/python3.9/site-packages/pysindy/pysindy.py:901: ODEintWarning: Excess work done on this call (perhaps wrong Dfun type). Run with full_output = 1 to get quantitative information.
  return odeint(rhs, x0, t, tfirst=True, **integrator_kws)
    Forward simulation failed: Simulation blew up
/pfs/data6/home/ka/ka_iai/ka_bj2362/dsr/.venv_svise/lib64/python3.9/site-packages/pysindy/pysindy.py:901: ODEintWarning: Excess work done on this call (perhaps wrong Dfun type). Run with full_output = 1 to get quantitative information.
  return odeint(rhs, x0, t, tfirst=True, **integrator_kws)
    Forward simulation failed: Simulation blew up
/pfs/data6/home/ka/ka_iai/ka_bj2362/dsr/.venv_svise/lib64/python3.9/site-packages/pysindy/pysindy.py:901: ODEintWarning: Excess work done on this call (perhaps wrong Dfun type). Run with full_output = 1 to get quantitative information.
  return odeint(rhs, x0, t, tfirst=True, **integrator_kws)
    Forward simulation failed: Simulation blew up
    RMSE omega (Sim): 0.029230
    Eq omega: 0.003 1 + 0.005 omega + -0.064 omega^2

  [Progress 500/500] Mean Sim RMSE omega: 0.079836 | Valid: 372/500 | Elapsed: 1.5min | ETA: 0.0min

============================================================
SINDy ANALYSIS COMPLETE — Chunks [74000, 74499]
============================================================
Chunks processed: 500
Chunks succeeded Sim: 372 (74.4%)
Mean Sim RMSE omega: 0.079836 ± 0.185993
Median Sim RMSE omega: 0.041605
Elapsed time: 1.5 minutes

CSV: /pfs/data6/home/ka/ka_iai/ka_bj2362/dsr/svise/results_sindy_5min_all_chunks/run_SLURM_3753891_sindy/chunks_74000_to_74499_20260326_063309.csv
Summary: /pfs/data6/home/ka/ka_iai/ka_bj2362/dsr/svise/results_sindy_5min_all_chunks/run_SLURM_3753891_sindy/summary_74000_to_74499_20260326_063309.json
============================================================

============================= JOB FEEDBACK =============================

NodeName=uc3n029
Job ID: 3769715
Array Job ID: 3753891_148
Cluster: uc3
User/Group: ka_bj2362/ka_iai
State: COMPLETED (exit code 0)
Nodes: 1
Cores per node: 4
CPU Utilized: 00:01:29
CPU Efficiency: 20.60% of 00:07:12 core-walltime
Job Wall-clock time: 00:01:48
Memory Utilized: 4.70 GB
Memory Efficiency: 39.17% of 12.00 GB (12.00 GB/node)
