Array task 90: processing chunks 19800 to 20019
Loading data from /pfs/data6/home/ka/ka_iai/ka_bj2362/dsr/svise/../dataset/South_Korea_2024-08-15_2025-08-31_1s.parquet...
Finding all valid 5-minute chunks in the dataset...
Found 107059 valid 5-minute chunks in total.

============================================================
SVISE FINAL EVALUATION — ALL CHUNKS
============================================================
Hyperparameters: {
  "model": "integrator",
  "sigma": 0,
  "degree": 2,
  "tau": 1e-05,
  "lr": 0.1,
  "n_tau": 100,
  "measurement_noise": 0.001,
  "n_reparam_samples": 15
}
Total valid chunks in dataset: 107059
Processing chunk range: [19800, 20019] (220 chunks)
Early stopping: patience=300, max_epochs=10000
============================================================


--- Chunk 19800 (1/220) | Start: 2024-10-27 18:25:00 ---
/pfs/data6/home/ka/ka_iai/ka_bj2362/dsr/svise/svise/sde_learning/_marginal_sde.py:284: UserWarning: torch.triangular_solve is deprecated in favor of torch.linalg.solve_triangularand will be removed in a future PyTorch release.
torch.linalg.solve_triangular has its arguments reversed and does not return a copy of one of the inputs.
X = torch.triangular_solve(B, A).solution
should be replaced with
X = torch.linalg.solve_triangular(A, B). (Triggered internally at ../aten/src/ATen/native/BatchLinearAlgebra.cpp:2192.)
  return torch.triangular_solve(self.raw_w, self.C.t()).solution
/pfs/data6/home/ka/ka_iai/ka_bj2362/dsr/svise/svise/quadrature/_unbiased_quadrature.py:196: UserWarning: Interp is nan, reducing interp degree.
  warnings.warn("Interp is nan, reducing interp degree.")
/pfs/data6/home/ka/ka_iai/ka_bj2362/dsr/svise/svise/quadrature/_unbiased_quadrature.py:174: UserWarning: NaN detected in fxq (quadrature node evaluations). Clamping to 0.
  warnings.warn("NaN detected in fxq (quadrature node evaluations). Clamping to 0.")
/pfs/data6/home/ka/ka_iai/ka_bj2362/dsr/svise/svise/quadrature/_unbiased_quadrature.py:177: UserWarning: NaN detected in fmc (Monte-Carlo node evaluations). Clamping to 0.
  warnings.warn("NaN detected in fmc (Monte-Carlo node evaluations). Clamping to 0.")
    RMSE omega: nan | RMSE theta: nan | Loss: 4898.5693 | Epoch: 16
    Eq theta: 1.00000omega
    Eq omega: nan1 + nantheta + nanomega + nantheta^2 + nantheta omega + nanomega^2

--- Chunk 19801 (2/220) | Start: 2024-10-27 18:30:00 ---
    RMSE omega: 0.006571 | RMSE theta: 0.077593 | Loss: -2.0400 | Epoch: 2728
    Eq theta: 1.00000omega
    Eq omega: 0.002291 + 0.00104theta + 0.00193omega + -0.00035theta^2 + -0.00016theta omega + 0.00144omega^2

--- Chunk 19802 (3/220) | Start: 2024-10-27 18:35:00 ---
    RMSE omega: 0.019622 | RMSE theta: 0.140356 | Loss: 14.0129 | Epoch: 82
    Eq theta: 1.00000omega
    Eq omega: 0.002211 + -0.11210theta + -0.00110omega + -0.00066theta^2 + -0.05054theta omega + -0.00607omega^2

--- Chunk 19803 (4/220) | Start: 2024-10-27 18:40:00 ---
    RMSE omega: 0.007421 | RMSE theta: 0.049039 | Loss: -0.5407 | Epoch: 1853
    Eq theta: 1.00000omega
    Eq omega: 0.000431 + -0.00034theta + 0.00490omega + -0.00048theta^2 + 0.00103theta omega + 0.00084omega^2

--- Chunk 19804 (5/220) | Start: 2024-10-27 18:45:00 ---
    RMSE omega: 0.006603 | RMSE theta: 0.128522 | Loss: -1.6978 | Epoch: 1167
    Eq theta: 1.00000omega
    Eq omega: 0.001541 + -0.00200theta + -0.00282omega + 0.00045theta^2 + 0.00034theta omega + -0.00048omega^2

--- Chunk 19805 (6/220) | Start: 2024-10-27 18:50:00 ---
    RMSE omega: 0.050765 | RMSE theta: 0.473262 | Loss: 148.7994 | Epoch: 31
    Eq theta: 1.00000omega
    Eq omega: -0.012851 + -0.18163theta + -0.01916omega + -0.06977theta^2 + -0.02497theta omega + -0.05625omega^2

--- Chunk 19806 (7/220) | Start: 2024-10-27 18:55:00 ---
    RMSE omega: 0.005976 | RMSE theta: 0.156468 | Loss: -3.0677 | Epoch: 1308
    Eq theta: 1.00000omega
    Eq omega: 0.020821 + -0.54563theta + 0.01473omega + 0.00479theta^2 + -0.02162theta omega + 0.01903omega^2

--- Chunk 19807 (8/220) | Start: 2024-10-27 19:00:00 ---
    RMSE omega: 0.041975 | RMSE theta: 1.358518 | Loss: 104.9029 | Epoch: 41
    Eq theta: 1.00000omega
    Eq omega: -0.003941 + -0.00885theta + -0.00498omega + -0.00049theta^2 + 0.00416theta omega + -0.00161omega^2

--- Chunk 19808 (9/220) | Start: 2024-10-27 19:05:00 ---
    RMSE omega: 0.012791 | RMSE theta: 0.495771 | Loss: -1352181072363236414717952.0000 | Epoch: 4550
    Eq theta: 1.00000omega
    Eq omega: -0.000001 + -0.00024theta + -0.00139omega + 0.00000theta^2 + -0.00002theta omega + -0.00022omega^2

--- Chunk 19809 (10/220) | Start: 2024-10-27 19:10:00 ---
    RMSE omega: 0.004972 | RMSE theta: 0.109326 | Loss: -3.3144 | Epoch: 1435
    Eq theta: 1.00000omega
    Eq omega: -0.000271 + 0.00189theta + 0.00067omega + 0.00008theta^2 + -0.00112theta omega + 0.00048omega^2

--- Chunk 19810 (11/220) | Start: 2024-10-27 19:15:00 ---
    RMSE omega: 0.005768 | RMSE theta: 0.267000 | Loss: 1.2767 | Epoch: 1830
    Eq theta: 1.00000omega
    Eq omega: 0.000741 + 0.00108theta + -0.00510omega + -0.00012theta^2 + -0.00043theta omega + 0.00206omega^2

--- Chunk 19811 (12/220) | Start: 2024-10-27 19:20:00 ---
    RMSE omega: 0.017045 | RMSE theta: 0.364291 | Loss: -2.3374 | Epoch: 2402
    Eq theta: 1.00000omega
    Eq omega: 0.005741 + 0.00520theta + -0.00376omega + -0.00021theta^2 + -0.01039theta omega + -0.00757omega^2

--- Chunk 19812 (13/220) | Start: 2024-10-27 19:25:00 ---
    RMSE omega: 0.030604 | RMSE theta: 0.432971 | Loss: 140.2070 | Epoch: 854
    Eq theta: 1.00000omega
    Eq omega: 0.002821 + -0.00116theta + 0.02670omega + 0.00012theta^2 + -0.00001theta omega + 0.00065omega^2

--- Chunk 19813 (14/220) | Start: 2024-10-27 19:30:00 ---
    RMSE omega: 0.007420 | RMSE theta: 0.281785 | Loss: -0.0773 | Epoch: 1143
    Eq theta: 1.00000omega
    Eq omega: 0.001561 + 0.00036theta + 0.02482omega + -0.00003theta^2 + -0.00055theta omega + -0.00139omega^2

--- Chunk 19814 (15/220) | Start: 2024-10-27 19:35:00 ---
    RMSE omega: 0.019852 | RMSE theta: 2.184653 | Loss: -2646137530332599025664.0000 | Epoch: 2341
    Eq theta: 1.00000omega
    Eq omega: 0.002281 + -0.00002theta + -0.00007omega + 0.00002theta^2 + -0.00021theta omega + -0.00056omega^2

--- Chunk 19815 (16/220) | Start: 2024-10-27 19:40:00 ---
    RMSE omega: nan | RMSE theta: nan | Loss: 43.8411 | Epoch: 75
    Eq theta: 1.00000omega
    Eq omega: nan1 + nantheta + nanomega + nantheta^2 + nantheta omega + nanomega^2

--- Chunk 19816 (17/220) | Start: 2024-10-27 19:45:00 ---
    RMSE omega: nan | RMSE theta: nan | Loss: 47.6824 | Epoch: 39
    Eq theta: 1.00000omega
    Eq omega: nan1 + nantheta + nanomega + nantheta^2 + nantheta omega + nanomega^2

--- Chunk 19817 (18/220) | Start: 2024-10-27 19:50:00 ---
    RMSE omega: 0.024252 | RMSE theta: 0.385278 | Loss: -690.8804 | Epoch: 491
    Eq theta: 1.00000omega
    Eq omega: -0.001221 + -0.01918theta + -0.00374omega + 0.00331theta^2 + -0.00232theta omega + 0.00497omega^2

--- Chunk 19818 (19/220) | Start: 2024-10-27 19:55:00 ---
    RMSE omega: 0.005817 | RMSE theta: 0.087832 | Loss: -2.0529 | Epoch: 2017
    Eq theta: 1.00000omega
    Eq omega: -0.002271 + -0.00081theta + 0.00350omega + 0.00155theta^2 + 0.00215theta omega + -0.00123omega^2

--- Chunk 19819 (20/220) | Start: 2024-10-27 20:00:00 ---
    RMSE omega: 0.006204 | RMSE theta: 0.150257 | Loss: 1.4970 | Epoch: 2232
    Eq theta: 1.00000omega
    Eq omega: -0.005251 + -0.00018theta + -0.00084omega + 0.00005theta^2 + 0.00011theta omega + -0.00044omega^2

--- Chunk 19820 (21/220) | Start: 2024-10-27 20:05:00 ---
    RMSE omega: nan | RMSE theta: nan | Loss: 578.1708 | Epoch: 55
    Eq theta: 1.00000omega
    Eq omega: nan1 + nantheta + nanomega + nantheta^2 + nantheta omega + nanomega^2

--- Chunk 19821 (22/220) | Start: 2024-10-27 20:10:00 ---
    RMSE omega: nan | RMSE theta: nan | Loss: 9559.5137 | Epoch: 15
    Eq theta: 1.00000omega
    Eq omega: nan1 + nantheta + nanomega + nantheta^2 + nantheta omega + nanomega^2

--- Chunk 19822 (23/220) | Start: 2024-10-27 20:15:00 ---
    RMSE omega: 0.009582 | RMSE theta: 0.242527 | Loss: -80.5247 | Epoch: 1502
    Eq theta: 1.00000omega
    Eq omega: 0.000171 + -0.02456theta + 0.00024omega + -0.00049theta^2 + -0.00235theta omega + -0.00190omega^2

--- Chunk 19823 (24/220) | Start: 2024-10-27 20:20:00 ---
    RMSE omega: 0.034358 | RMSE theta: 1.484860 | Loss: -6457182912512.0000 | Epoch: 1908
    Eq theta: 1.00000omega
    Eq omega: -0.004891 + -0.12284theta + 0.00536omega + -0.00007theta^2 + -0.00007theta omega + -0.00069omega^2

--- Chunk 19824 (25/220) | Start: 2024-10-27 20:25:00 ---
    RMSE omega: 0.005276 | RMSE theta: 0.019546 | Loss: -0.8383 | Epoch: 1134
    Eq theta: 1.00000omega
    Eq omega: -0.000751 + -0.00183theta + 0.00084omega + 0.00006theta^2 + 0.00061theta omega + -0.00167omega^2

--- Chunk 19825 (26/220) | Start: 2024-10-27 20:30:00 ---
    RMSE omega: 0.009689 | RMSE theta: 0.235224 | Loss: -3.3121 | Epoch: 1888
    Eq theta: 1.00000omega
    Eq omega: -0.013061 + -0.10012theta + 0.00561omega + 0.00078theta^2 + -0.00092theta omega + 0.00740omega^2

--- Chunk 19826 (27/220) | Start: 2024-10-27 20:35:00 ---
    RMSE omega: 0.034348 | RMSE theta: 0.351197 | Loss: -70018.4844 | Epoch: 818
    Eq theta: 1.00000omega
    Eq omega: -0.023011 + -0.05949theta + -0.01047omega + 0.00030theta^2 + -0.00273theta omega + 0.00128omega^2

--- Chunk 19827 (28/220) | Start: 2024-10-27 20:40:00 ---
    RMSE omega: 0.007357 | RMSE theta: 0.384049 | Loss: 1.1733 | Epoch: 2693
    Eq theta: 1.00000omega
    Eq omega: 0.013581 + -0.12512theta + 0.02442omega + 0.00006theta^2 + -0.00024theta omega + 0.00162omega^2

--- Chunk 19828 (29/220) | Start: 2024-10-27 20:45:00 ---
    RMSE omega: 0.009817 | RMSE theta: 0.970669 | Loss: -18323380604239872.0000 | Epoch: 3050
    Eq theta: 1.00000omega
    Eq omega: -0.010081 + -0.01553theta + -0.00047omega + -0.00058theta^2 + 0.00036theta omega + 0.00123omega^2

--- Chunk 19829 (30/220) | Start: 2024-10-27 20:50:00 ---
    RMSE omega: 0.012528 | RMSE theta: 0.063788 | Loss: 1.1821 | Epoch: 2136
    Eq theta: 1.00000omega
    Eq omega: 0.004141 + -0.00048theta + -0.00590omega + 0.00127theta^2 + 0.00112theta omega + -0.00052omega^2

--- Chunk 19830 (31/220) | Start: 2024-10-27 20:55:00 ---
    RMSE omega: 0.025448 | RMSE theta: 0.511803 | Loss: 72.7622 | Epoch: 82
    Eq theta: 1.00000omega
    Eq omega: -0.000271 + -0.00069theta + -0.00169omega + 0.00023theta^2 + -0.00019theta omega + -0.00090omega^2

--- Chunk 19831 (32/220) | Start: 2024-10-27 21:00:00 ---
    RMSE omega: 0.006224 | RMSE theta: 0.103128 | Loss: -1.8194 | Epoch: 2433
    Eq theta: 1.00000omega
    Eq omega: 0.015581 + -0.27213theta + -0.00744omega + 0.01532theta^2 + -0.00456theta omega + 0.00266omega^2

--- Chunk 19832 (33/220) | Start: 2024-10-27 21:05:00 ---
    RMSE omega: 0.005711 | RMSE theta: 0.067446 | Loss: -1.5617 | Epoch: 1053
    Eq theta: 1.00000omega
    Eq omega: -0.001881 + 0.00001theta + 0.00028omega + 0.00003theta^2 + -0.00009theta omega + -0.00019omega^2

--- Chunk 19833 (34/220) | Start: 2024-10-27 21:10:00 ---
    RMSE omega: 0.005788 | RMSE theta: 0.068378 | Loss: -2.0818 | Epoch: 1476
    Eq theta: 1.00000omega
    Eq omega: 0.016561 + -1.68864theta + 0.01833omega + -0.27171theta^2 + 0.01788theta omega + 0.28118omega^2

--- Chunk 19834 (35/220) | Start: 2024-10-27 21:15:00 ---
    RMSE omega: 0.006023 | RMSE theta: 0.074482 | Loss: -2.0236 | Epoch: 944
    Eq theta: 1.00000omega
    Eq omega: 0.015901 + -0.80098theta + -0.01171omega + 0.13386theta^2 + 0.00013theta omega + -0.00168omega^2

--- Chunk 19835 (36/220) | Start: 2024-10-27 21:20:00 ---
    RMSE omega: 0.005249 | RMSE theta: 0.118675 | Loss: -1.7206 | Epoch: 1455
    Eq theta: 1.00000omega
    Eq omega: 0.009921 + -0.00004theta + 0.00175omega + -0.00003theta^2 + -0.00350theta omega + 0.00674omega^2

--- Chunk 19836 (37/220) | Start: 2024-10-27 21:25:00 ---
    RMSE omega: 0.005365 | RMSE theta: 0.155996 | Loss: 1.3251 | Epoch: 2102
    Eq theta: 1.00000omega
    Eq omega: 0.000091 + 0.00296theta + 0.00442omega + -0.00014theta^2 + -0.00010theta omega + -0.00459omega^2

--- Chunk 19837 (38/220) | Start: 2024-10-27 21:30:00 ---
    RMSE omega: nan | RMSE theta: nan | Loss: 579.9115 | Epoch: 51
    Eq theta: 1.00000omega
    Eq omega: nan1 + nantheta + nanomega + nantheta^2 + nantheta omega + nanomega^2

--- Chunk 19838 (39/220) | Start: 2024-10-27 21:35:00 ---
    RMSE omega: nan | RMSE theta: nan | Loss: 1005.2311 | Epoch: 66
    Eq theta: 1.00000omega
    Eq omega: nan1 + nantheta + nanomega + nantheta^2 + nantheta omega + nanomega^2

--- Chunk 19839 (40/220) | Start: 2024-10-27 21:40:00 ---
    RMSE omega: 0.011815 | RMSE theta: 0.158785 | Loss: -2.0413 | Epoch: 925
    Eq theta: 1.00000omega
    Eq omega: 0.006831 + -0.46453theta + -0.00465omega + -0.09838theta^2 + 0.02326theta omega + 0.12710omega^2

--- Chunk 19840 (41/220) | Start: 2024-10-27 21:45:00 ---
    RMSE omega: 0.011971 | RMSE theta: 0.087379 | Loss: -15.2623 | Epoch: 881
    Eq theta: 1.00000omega
    Eq omega: -0.004731 + 0.00102theta + 0.00287omega + 0.00004theta^2 + 0.00039theta omega + -0.00162omega^2

--- Chunk 19841 (42/220) | Start: 2024-10-27 21:50:00 ---
    RMSE omega: 0.030296 | RMSE theta: 0.237035 | Loss: 83.5163 | Epoch: 65
    Eq theta: 1.00000omega
    Eq omega: 0.000111 + -0.00004theta + -0.00126omega + -0.00022theta^2 + 0.00004theta omega + -0.00019omega^2

--- Chunk 19842 (43/220) | Start: 2024-10-27 21:55:00 ---
    RMSE omega: 0.005113 | RMSE theta: 0.063066 | Loss: -1.5770 | Epoch: 1010
    Eq theta: 1.00000omega
    Eq omega: -0.004241 + -0.63718theta + -0.00532omega + -0.00637theta^2 + -0.00632theta omega + 0.00639omega^2

--- Chunk 19843 (44/220) | Start: 2024-10-27 22:00:00 ---
    RMSE omega: 0.017881 | RMSE theta: 0.234256 | Loss: -32.9339 | Epoch: 1034
    Eq theta: 1.00000omega
    Eq omega: 0.003311 + -0.00098theta + 0.00317omega + -0.00019theta^2 + 0.00001theta omega + 0.00268omega^2

--- Chunk 19844 (45/220) | Start: 2024-10-27 22:05:00 ---
    RMSE omega: 0.004956 | RMSE theta: 0.046327 | Loss: -0.3260 | Epoch: 2728
    Eq theta: 1.00000omega
    Eq omega: -0.002671 + -0.00043theta + 0.02911omega + -0.00001theta^2 + 0.00148theta omega + -0.00177omega^2

--- Chunk 19845 (46/220) | Start: 2024-10-27 22:10:00 ---
    RMSE omega: 0.004897 | RMSE theta: 0.105364 | Loss: -1.8548 | Epoch: 1711
    Eq theta: 1.00000omega
    Eq omega: 0.001111 + -0.00023theta + 0.00095omega + 0.00013theta^2 + -0.00038theta omega + -0.00088omega^2

--- Chunk 19846 (47/220) | Start: 2024-10-27 22:15:00 ---
    RMSE omega: 0.005537 | RMSE theta: 0.033916 | Loss: -0.8196 | Epoch: 1709
    Eq theta: 1.00000omega
    Eq omega: 0.002081 + -0.00281theta + -0.00214omega + -0.00237theta^2 + 0.00126theta omega + -0.00227omega^2

--- Chunk 19847 (48/220) | Start: 2024-10-27 22:20:00 ---
    RMSE omega: nan | RMSE theta: nan | Loss: 359.2709 | Epoch: 33
    Eq theta: 1.00000omega
    Eq omega: nan1 + nantheta + nanomega + nantheta^2 + nantheta omega + nanomega^2

--- Chunk 19848 (49/220) | Start: 2024-10-27 22:25:00 ---
    RMSE omega: 0.025126 | RMSE theta: 0.708208 | Loss: 495.9700 | Epoch: 390
    Eq theta: 1.00000omega
    Eq omega: 0.000101 + -0.00013theta + -0.00088omega + -0.00000theta^2 + 0.00001theta omega + -0.00006omega^2

--- Chunk 19849 (50/220) | Start: 2024-10-27 22:30:00 ---
    RMSE omega: 0.007052 | RMSE theta: 0.209131 | Loss: 4.2199 | Epoch: 1802
    Eq theta: 1.00000omega
    Eq omega: -0.001971 + -0.00020theta + -0.00453omega + 0.00006theta^2 + -0.00007theta omega + 0.00059omega^2

  [Progress 50/220] Mean RMSE omega: 0.013835 | Mean loss: -27096544564468137328640.0000 | Valid: 42/50 | Elapsed: 24.4min | ETA: 83.0min

--- Chunk 19850 (51/220) | Start: 2024-10-27 22:35:00 ---
    RMSE omega: nan | RMSE theta: nan | Loss: 172.5047 | Epoch: 22
    Eq theta: 1.00000omega
    Eq omega: nan1 + nantheta + nanomega + nantheta^2 + nantheta omega + nanomega^2

--- Chunk 19851 (52/220) | Start: 2024-10-27 22:40:00 ---
    RMSE omega: 0.007139 | RMSE theta: 0.117932 | Loss: -0.1849 | Epoch: 1846
    Eq theta: 1.00000omega
    Eq omega: 0.043961 + -0.15552theta + -0.01881omega + 0.00071theta^2 + 0.00022theta omega + 0.02860omega^2

--- Chunk 19852 (53/220) | Start: 2024-10-27 22:45:00 ---
    RMSE omega: 0.049844 | RMSE theta: 0.853729 | Loss: 359.6013 | Epoch: 26
    Eq theta: 1.00000omega
    Eq omega: 0.000181 + -0.00488theta + -0.00203omega + -0.00098theta^2 + -0.00077theta omega + -0.00109omega^2

--- Chunk 19853 (54/220) | Start: 2024-10-27 22:50:00 ---
    RMSE omega: 0.007629 | RMSE theta: 0.305012 | Loss: -0.2713 | Epoch: 1618
    Eq theta: 1.00000omega
    Eq omega: 0.003951 + -0.00013theta + 0.00168omega + 0.00038theta^2 + -0.00046theta omega + -0.00011omega^2

--- Chunk 19854 (55/220) | Start: 2024-10-27 22:55:00 ---
    RMSE omega: 0.028339 | RMSE theta: 0.620947 | Loss: -1522.7356 | Epoch: 673
    Eq theta: 1.00000omega
    Eq omega: -0.002041 + -0.00414theta + 0.00090omega + -0.00005theta^2 + 0.00004theta omega + -0.00051omega^2

--- Chunk 19855 (56/220) | Start: 2024-10-27 23:00:00 ---
    RMSE omega: 0.005928 | RMSE theta: 0.077742 | Loss: 0.4789 | Epoch: 2111
    Eq theta: 1.00000omega
    Eq omega: 0.008591 + -0.03889theta + -0.00415omega + 0.00039theta^2 + -0.00102theta omega + -0.00387omega^2

--- Chunk 19856 (57/220) | Start: 2024-10-27 23:05:00 ---
    RMSE omega: 0.004787 | RMSE theta: 0.164306 | Loss: -0.2286 | Epoch: 2772
    Eq theta: 1.00000omega
    Eq omega: -0.019281 + -0.33487theta + 0.05145omega + -0.00102theta^2 + -0.02313theta omega + 0.00088omega^2

--- Chunk 19857 (58/220) | Start: 2024-10-27 23:10:00 ---
    RMSE omega: 0.009414 | RMSE theta: 0.274426 | Loss: -1925923733504.0000 | Epoch: 2416
    Eq theta: 1.00000omega
    Eq omega: -0.000601 + 0.00018theta + -0.00117omega + 0.00006theta^2 + -0.00001theta omega + 0.00029omega^2

--- Chunk 19858 (59/220) | Start: 2024-10-27 23:15:00 ---
    RMSE omega: 0.030505 | RMSE theta: 0.538092 | Loss: -743901.2500 | Epoch: 1309
    Eq theta: 1.00000omega
    Eq omega: 0.003811 + -0.00072theta + 0.00058omega + -0.00024theta^2 + 0.00011theta omega + 0.00004omega^2

--- Chunk 19859 (60/220) | Start: 2024-10-27 23:20:00 ---
    RMSE omega: 0.046261 | RMSE theta: 1.198178 | Loss: 396.1490 | Epoch: 366
    Eq theta: 1.00000omega
    Eq omega: 0.000141 + -0.00016theta + 0.00139omega + 0.00000theta^2 + 0.00007theta omega + 0.00007omega^2

--- Chunk 19860 (61/220) | Start: 2024-10-27 23:25:00 ---
    RMSE omega: 0.010745 | RMSE theta: 0.805880 | Loss: -31.2790 | Epoch: 4785
    Eq theta: 1.00000omega
    Eq omega: 0.041831 + -0.00036theta + -0.00046omega + 0.00623theta^2 + 0.00013theta omega + 0.00201omega^2

--- Chunk 19861 (62/220) | Start: 2024-10-27 23:30:00 ---
    RMSE omega: 0.040075 | RMSE theta: 1.059214 | Loss: 122.4841 | Epoch: 35
    Eq theta: 1.00000omega
    Eq omega: 0.001021 + -0.00129theta + 0.00085omega + 0.00066theta^2 + -0.00068theta omega + -0.00164omega^2

--- Chunk 19862 (63/220) | Start: 2024-10-27 23:35:00 ---
    RMSE omega: 0.033349 | RMSE theta: 0.340365 | Loss: -62188.7695 | Epoch: 586
    Eq theta: 1.00000omega
    Eq omega: -0.000781 + -0.00011theta + 0.00107omega + 0.00018theta^2 + -0.00012theta omega + 0.00033omega^2

--- Chunk 19863 (64/220) | Start: 2024-10-27 23:40:00 ---
    RMSE omega: nan | RMSE theta: nan | Loss: 6252.1211 | Epoch: 16
    Eq theta: 1.00000omega
    Eq omega: nan1 + nantheta + nanomega + nantheta^2 + nantheta omega + nanomega^2

--- Chunk 19864 (65/220) | Start: 2024-10-27 23:45:00 ---
    RMSE omega: 0.004928 | RMSE theta: 0.086085 | Loss: -2.6727 | Epoch: 1542
    Eq theta: 1.00000omega
    Eq omega: -0.017451 + -0.89230theta + -0.15746omega + 0.22761theta^2 + 0.00636theta omega + -0.00555omega^2

--- Chunk 19865 (66/220) | Start: 2024-10-27 23:50:00 ---
    RMSE omega: nan | RMSE theta: nan | Loss: 927.8509 | Epoch: 21
    Eq theta: 1.00000omega
    Eq omega: nan1 + nantheta + nanomega + nantheta^2 + nantheta omega + nanomega^2

--- Chunk 19866 (67/220) | Start: 2024-10-27 23:55:00 ---
    RMSE omega: 0.028053 | RMSE theta: 0.806731 | Loss: -964027.3750 | Epoch: 1493
    Eq theta: 1.00000omega
    Eq omega: 0.002761 + 0.00051theta + 0.00004omega + 0.00002theta^2 + 0.00032theta omega + 0.00059omega^2

--- Chunk 19867 (68/220) | Start: 2024-10-28 00:00:00 ---
    RMSE omega: nan | RMSE theta: nan | Loss: 108.3775 | Epoch: 59
    Eq theta: 1.00000omega
    Eq omega: nan1 + nantheta + nanomega + nantheta^2 + nantheta omega + nanomega^2

--- Chunk 19868 (69/220) | Start: 2024-10-28 00:05:00 ---
    RMSE omega: nan | RMSE theta: nan | Loss: 34370.5508 | Epoch: 15
    Eq theta: 1.00000omega
    Eq omega: nan1 + nantheta + nanomega + nantheta^2 + nantheta omega + nanomega^2

--- Chunk 19869 (70/220) | Start: 2024-10-28 00:10:00 ---
    RMSE omega: nan | RMSE theta: nan | Loss: 331.2241 | Epoch: 53
    Eq theta: 1.00000omega
    Eq omega: nan1 + nantheta + nanomega + nantheta^2 + nantheta omega + nanomega^2

--- Chunk 19870 (71/220) | Start: 2024-10-28 00:15:00 ---
    RMSE omega: nan | RMSE theta: nan | Loss: 298.1353 | Epoch: 50
    Eq theta: 1.00000omega
    Eq omega: nan1 + nantheta + nanomega + nantheta^2 + nantheta omega + nanomega^2

--- Chunk 19871 (72/220) | Start: 2024-10-28 00:20:00 ---
    RMSE omega: 0.019889 | RMSE theta: 0.517719 | Loss: 133.9711 | Epoch: 997
    Eq theta: 1.00000omega
    Eq omega: 0.000021 + 0.00003theta + 0.00045omega + -0.00000theta^2 + -0.00000theta omega + 0.00003omega^2

--- Chunk 19872 (73/220) | Start: 2024-10-28 00:25:00 ---
    RMSE omega: 0.005591 | RMSE theta: 0.171488 | Loss: 9.6355 | Epoch: 2736
    Eq theta: 1.00000omega
    Eq omega: -0.003221 + 0.00086theta + 0.00489omega + 0.00001theta^2 + 0.00001theta omega + -0.00011omega^2

--- Chunk 19873 (74/220) | Start: 2024-10-28 00:30:00 ---
    RMSE omega: 0.004681 | RMSE theta: 0.066206 | Loss: -1.2918 | Epoch: 1340
    Eq theta: 1.00000omega
    Eq omega: -0.000161 + -0.00318theta + 0.00011omega + 0.00051theta^2 + 0.00031theta omega + 0.00013omega^2

--- Chunk 19874 (75/220) | Start: 2024-10-28 00:35:00 ---
    RMSE omega: nan | RMSE theta: nan | Loss: 9.2219 | Epoch: 93
    Eq theta: 1.00000omega
    Eq omega: nan1 + nantheta + nanomega + nantheta^2 + nantheta omega + nanomega^2

--- Chunk 19875 (76/220) | Start: 2024-10-28 00:40:00 ---
    RMSE omega: nan | RMSE theta: nan | Loss: 9.1484 | Epoch: 79
    Eq theta: 1.00000omega
    Eq omega: nan1 + nantheta + nanomega + nantheta^2 + nantheta omega + nanomega^2

--- Chunk 19876 (77/220) | Start: 2024-10-28 00:45:00 ---
    RMSE omega: 0.041269 | RMSE theta: 0.524558 | Loss: 235.5571 | Epoch: 42
    Eq theta: 1.00000omega
    Eq omega: 0.001191 + -0.00066theta + 0.01396omega + 0.00085theta^2 + -0.00006theta omega + 0.00053omega^2

--- Chunk 19877 (78/220) | Start: 2024-10-28 00:50:00 ---
    RMSE omega: 0.007246 | RMSE theta: 0.239675 | Loss: 31.8694 | Epoch: 4043
    Eq theta: 1.00000omega
    Eq omega: 0.003381 + 0.00001theta + -0.00020omega + -0.00002theta^2 + -0.00002theta omega + -0.00011omega^2

--- Chunk 19878 (79/220) | Start: 2024-10-28 00:55:00 ---
    RMSE omega: nan | RMSE theta: nan | Loss: 580.0844 | Epoch: 59
    Eq theta: 1.00000omega
    Eq omega: nan1 + nantheta + nanomega + nantheta^2 + nantheta omega + nanomega^2

--- Chunk 19879 (80/220) | Start: 2024-10-28 01:00:00 ---
    RMSE omega: 0.005443 | RMSE theta: 0.195723 | Loss: 0.1389 | Epoch: 1927
    Eq theta: 1.00000omega
    Eq omega: -0.001861 + -0.00012theta + -0.00215omega + -0.00001theta^2 + 0.00020theta omega + -0.00025omega^2

--- Chunk 19880 (81/220) | Start: 2024-10-28 01:05:00 ---
    RMSE omega: nan | RMSE theta: nan | Loss: 23.0493 | Epoch: 198
    Eq theta: 1.00000omega
    Eq omega: nan1 + nantheta + nanomega + nantheta^2 + nantheta omega + nanomega^2

--- Chunk 19881 (82/220) | Start: 2024-10-28 01:10:00 ---
    RMSE omega: nan | RMSE theta: nan | Loss: 8334.4092 | Epoch: 25
    Eq theta: 1.00000omega
    Eq omega: nan1 + nantheta + nanomega + nantheta^2 + nantheta omega + nanomega^2

--- Chunk 19882 (83/220) | Start: 2024-10-28 01:15:00 ---
    RMSE omega: 0.032900 | RMSE theta: 0.598566 | Loss: 122.9939 | Epoch: 176
    Eq theta: 1.00000omega
    Eq omega: 0.000241 + 0.00015theta + -0.00041omega + 0.00015theta^2 + -0.00005theta omega + 0.00006omega^2

--- Chunk 19883 (84/220) | Start: 2024-10-28 01:20:00 ---
    RMSE omega: 0.004743 | RMSE theta: 0.052909 | Loss: -2.5972 | Epoch: 1665
    Eq theta: 1.00000omega
    Eq omega: -0.018491 + -0.61062theta + -0.02233omega + -0.00138theta^2 + 0.45023theta omega + -0.02104omega^2

--- Chunk 19884 (85/220) | Start: 2024-10-28 01:25:00 ---
    RMSE omega: 0.022155 | RMSE theta: 0.561239 | Loss: -3713630.0000 | Epoch: 905
    Eq theta: 1.00000omega
    Eq omega: -0.001961 + -0.00955theta + -0.00143omega + -0.00010theta^2 + -0.02167theta omega + -0.00198omega^2

--- Chunk 19885 (86/220) | Start: 2024-10-28 01:30:00 ---
    RMSE omega: 0.006069 | RMSE theta: 0.279828 | Loss: -15.9740 | Epoch: 2613
    Eq theta: 1.00000omega
    Eq omega: 0.001831 + 0.00045theta + 0.00055omega + 0.00005theta^2 + -0.00008theta omega + -0.00115omega^2

--- Chunk 19886 (87/220) | Start: 2024-10-28 01:35:00 ---
    RMSE omega: 0.004935 | RMSE theta: 0.133323 | Loss: -4.5090 | Epoch: 1444
    Eq theta: 1.00000omega
    Eq omega: -0.003441 + -0.00280theta + -0.00415omega + -0.00125theta^2 + -0.00573theta omega + -0.00364omega^2

--- Chunk 19887 (88/220) | Start: 2024-10-28 01:40:00 ---
    RMSE omega: 0.005617 | RMSE theta: 0.237914 | Loss: 1.4089 | Epoch: 3040
    Eq theta: 1.00000omega
    Eq omega: -0.003121 + 0.00012theta + 0.00155omega + 0.00001theta^2 + -0.00001theta omega + -0.00075omega^2

--- Chunk 19888 (89/220) | Start: 2024-10-28 01:45:00 ---
    RMSE omega: 0.008290 | RMSE theta: 0.497694 | Loss: -105587.5391 | Epoch: 1799
    Eq theta: 1.00000omega
    Eq omega: -0.005831 + -0.01532theta + -0.00745omega + -0.00539theta^2 + -0.00274theta omega + 0.00223omega^2

--- Chunk 19889 (90/220) | Start: 2024-10-28 01:50:00 ---
    RMSE omega: 0.006743 | RMSE theta: 0.520057 | Loss: 4.7433 | Epoch: 2610
    Eq theta: 1.00000omega
    Eq omega: -0.000011 + -0.00008theta + -0.00302omega + 0.00005theta^2 + 0.00003theta omega + -0.00010omega^2

--- Chunk 19890 (91/220) | Start: 2024-10-28 01:55:00 ---
    RMSE omega: nan | RMSE theta: nan | Loss: 30.1036 | Epoch: 133
    Eq theta: 1.00000omega
    Eq omega: nan1 + nantheta + nanomega + nantheta^2 + nantheta omega + nanomega^2

--- Chunk 19891 (92/220) | Start: 2024-10-28 02:00:00 ---
    RMSE omega: 0.004197 | RMSE theta: 0.087226 | Loss: -0.6209 | Epoch: 1649
    Eq theta: 1.00000omega
    Eq omega: -0.002251 + -0.00082theta + -0.00351omega + -0.00010theta^2 + 0.00051theta omega + -0.00032omega^2

--- Chunk 19892 (93/220) | Start: 2024-10-28 02:05:00 ---
    RMSE omega: nan | RMSE theta: nan | Loss: -10445257730754796032052149341913088.0000 | Epoch: 2723
    Eq theta: 1.00000omega
    Eq omega: nan1 + nantheta + nanomega + nantheta^2 + nantheta omega + nanomega^2

--- Chunk 19893 (94/220) | Start: 2024-10-28 02:10:00 ---
    RMSE omega: 0.006669 | RMSE theta: 0.199553 | Loss: -2.0872 | Epoch: 3481
    Eq theta: 1.00000omega
    Eq omega: -0.005011 + -0.00130theta + -0.00449omega + 0.00050theta^2 + 0.00027theta omega + -0.00129omega^2

--- Chunk 19894 (95/220) | Start: 2024-10-28 02:15:00 ---
    RMSE omega: 0.003982 | RMSE theta: 0.051155 | Loss: -0.9609 | Epoch: 1514
    Eq theta: 1.00000omega
    Eq omega: 0.001291 + -0.84049theta + 0.00396omega + 0.00824theta^2 + 0.01940theta omega + -0.00384omega^2

--- Chunk 19895 (96/220) | Start: 2024-10-28 02:20:00 ---
    RMSE omega: 0.003916 | RMSE theta: 0.109708 | Loss: -0.5210 | Epoch: 1795
    Eq theta: 1.00000omega
    Eq omega: -0.000091 + -0.00007theta + 0.00024omega + -0.00039theta^2 + -0.00053theta omega + 0.00029omega^2

--- Chunk 19896 (97/220) | Start: 2024-10-28 02:25:00 ---
    RMSE omega: 0.006279 | RMSE theta: 0.214586 | Loss: -1.8178 | Epoch: 2554
    Eq theta: 1.00000omega
    Eq omega: 0.000771 + -0.00026theta + 0.00467omega + 0.00029theta^2 + -0.00021theta omega + 0.00088omega^2

--- Chunk 19897 (98/220) | Start: 2024-10-28 02:30:00 ---
    RMSE omega: nan | RMSE theta: nan | Loss: 84.7467 | Epoch: 34
    Eq theta: 1.00000omega
    Eq omega: nan1 + nantheta + nanomega + nantheta^2 + nantheta omega + nanomega^2

--- Chunk 19898 (99/220) | Start: 2024-10-28 02:35:00 ---
    RMSE omega: 0.005688 | RMSE theta: 0.199856 | Loss: 3.2112 | Epoch: 1561
    Eq theta: 1.00000omega
    Eq omega: -0.005911 + 0.00035theta + -0.00282omega + 0.00008theta^2 + -0.00003theta omega + 0.00104omega^2

--- Chunk 19899 (100/220) | Start: 2024-10-28 02:40:00 ---
    RMSE omega: 0.014625 | RMSE theta: 0.256894 | Loss: 0.5017 | Epoch: 2225
    Eq theta: 1.00000omega
    Eq omega: 0.001241 + -0.00203theta + 0.00063omega + 0.00016theta^2 + -0.00087theta omega + -0.00594omega^2

  [Progress 100/220] Mean RMSE omega: 0.014402 | Mean loss: -104452577321096241401323690393600.0000 | Valid: 77/100 | Elapsed: 49.0min | ETA: 58.8min

--- Chunk 19900 (101/220) | Start: 2024-10-28 02:45:00 ---
    RMSE omega: 0.027455 | RMSE theta: 1.236542 | Loss: 337.4540 | Epoch: 58
    Eq theta: 1.00000omega
    Eq omega: 0.002401 + -0.00002theta + 0.00157omega + -0.00000theta^2 + 0.00003theta omega + 0.00014omega^2

--- Chunk 19901 (102/220) | Start: 2024-10-28 02:50:00 ---
    RMSE omega: nan | RMSE theta: nan | Loss: 133.4457 | Epoch: 87
    Eq theta: 1.00000omega
    Eq omega: nan1 + nantheta + nanomega + nantheta^2 + nantheta omega + nanomega^2

--- Chunk 19902 (103/220) | Start: 2024-10-28 02:55:00 ---
    RMSE omega: 0.019194 | RMSE theta: 0.807815 | Loss: 20.6642 | Epoch: 1768
    Eq theta: 1.00000omega
    Eq omega: -0.000011 + -0.00015theta + -0.00054omega + 0.00000theta^2 + -0.00002theta omega + -0.00021omega^2

--- Chunk 19903 (104/220) | Start: 2024-10-28 03:00:00 ---
    RMSE omega: nan | RMSE theta: nan | Loss: 15201.0186 | Epoch: 16
    Eq theta: 1.00000omega
    Eq omega: nan1 + nantheta + nanomega + nantheta^2 + nantheta omega + nanomega^2

--- Chunk 19904 (105/220) | Start: 2024-10-28 03:05:00 ---
    RMSE omega: 0.007046 | RMSE theta: 0.162388 | Loss: -2.6985 | Epoch: 2628
    Eq theta: 1.00000omega
    Eq omega: -0.000701 + 0.00195theta + -0.00312omega + -0.00104theta^2 + 0.00250theta omega + 0.00176omega^2

--- Chunk 19905 (106/220) | Start: 2024-10-28 03:10:00 ---
    RMSE omega: nan | RMSE theta: nan | Loss: 168.5703 | Epoch: 21
    Eq theta: 1.00000omega
    Eq omega: nan1 + nantheta + nanomega + nantheta^2 + nantheta omega + nanomega^2

--- Chunk 19906 (107/220) | Start: 2024-10-28 03:15:00 ---
    RMSE omega: 0.026438 | RMSE theta: 0.607821 | Loss: -620933312.0000 | Epoch: 1556
    Eq theta: 1.00000omega
    Eq omega: -0.003971 + -0.00422theta + 0.00172omega + -0.00107theta^2 + -0.00133theta omega + -0.00257omega^2

--- Chunk 19907 (108/220) | Start: 2024-10-28 03:20:00 ---
    RMSE omega: nan | RMSE theta: nan | Loss: 159.9475 | Epoch: 39
    Eq theta: 1.00000omega
    Eq omega: nan1 + nantheta + nanomega + nantheta^2 + nantheta omega + nanomega^2

--- Chunk 19908 (109/220) | Start: 2024-10-28 03:25:00 ---
    RMSE omega: 0.007387 | RMSE theta: 0.061781 | Loss: -1.8400 | Epoch: 1659
    Eq theta: 1.00000omega
    Eq omega: 0.000131 + -0.00159theta + 0.00689omega + -0.00031theta^2 + -0.00132theta omega + -0.00162omega^2

--- Chunk 19909 (110/220) | Start: 2024-10-28 03:30:00 ---
    RMSE omega: 0.020956 | RMSE theta: 0.735468 | Loss: 75.1116 | Epoch: 968
    Eq theta: 1.00000omega
    Eq omega: -0.000431 + -0.02001theta + 0.00000omega + 0.00002theta^2 + -0.00053theta omega + -0.00046omega^2

--- Chunk 19910 (111/220) | Start: 2024-10-28 03:35:00 ---
    RMSE omega: 0.013439 | RMSE theta: 0.610469 | Loss: -18552637440.0000 | Epoch: 1896
    Eq theta: 1.00000omega
    Eq omega: -0.003191 + 0.00061theta + 0.00035omega + 0.00003theta^2 + -0.00093theta omega + -0.00263omega^2

--- Chunk 19911 (112/220) | Start: 2024-10-28 03:40:00 ---
    RMSE omega: 0.043730 | RMSE theta: 1.203663 | Loss: 404.0111 | Epoch: 56
    Eq theta: 1.00000omega
    Eq omega: -0.000071 + 0.00001theta + -0.00329omega + -0.00002theta^2 + -0.00004theta omega + -0.00049omega^2

--- Chunk 19912 (113/220) | Start: 2024-10-28 03:45:00 ---
    RMSE omega: 0.040173 | RMSE theta: 0.795212 | Loss: 78.2379 | Epoch: 34
    Eq theta: 1.00000omega
    Eq omega: 0.032121 + -0.00437theta + 0.00173omega + 0.00716theta^2 + 0.00052theta omega + 0.00097omega^2

--- Chunk 19913 (114/220) | Start: 2024-10-28 03:50:00 ---
    RMSE omega: 0.006897 | RMSE theta: 0.519482 | Loss: 0.1043 | Epoch: 2260
    Eq theta: 1.00000omega
    Eq omega: -0.005931 + -0.00340theta + 0.00332omega + -0.01455theta^2 + -0.00029theta omega + -0.00068omega^2

--- Chunk 19914 (115/220) | Start: 2024-10-28 03:55:00 ---
    RMSE omega: 0.016938 | RMSE theta: 0.698199 | Loss: 48.4586 | Epoch: 2182
    Eq theta: 1.00000omega
    Eq omega: -0.000201 + 0.00049theta + -0.00079omega + -0.00000theta^2 + -0.00003theta omega + 0.00017omega^2

--- Chunk 19915 (116/220) | Start: 2024-10-28 04:00:00 ---
    RMSE omega: 0.006810 | RMSE theta: 0.112675 | Loss: -2.0674 | Epoch: 2589
    Eq theta: 1.00000omega
    Eq omega: 0.058881 + -0.53989theta + -0.08524omega + -0.00074theta^2 + -0.00185theta omega + 0.01079omega^2

--- Chunk 19916 (117/220) | Start: 2024-10-28 04:05:00 ---
    RMSE omega: nan | RMSE theta: nan | Loss: 65.0880 | Epoch: 164
    Eq theta: 1.00000omega
    Eq omega: nan1 + nantheta + nanomega + nantheta^2 + nantheta omega + nanomega^2

--- Chunk 19917 (118/220) | Start: 2024-10-28 04:10:00 ---
    RMSE omega: 0.023348 | RMSE theta: 2.151415 | Loss: -9390590525440.0000 | Epoch: 2597
    Eq theta: 1.00000omega
    Eq omega: 0.000471 + 0.00036theta + 0.00173omega + -0.00026theta^2 + 0.00139theta omega + 0.00002omega^2

--- Chunk 19918 (119/220) | Start: 2024-10-28 04:15:00 ---
    RMSE omega: nan | RMSE theta: nan | Loss: 130.5858 | Epoch: 19
    Eq theta: 1.00000omega
    Eq omega: nan1 + nantheta + nanomega + nantheta^2 + nantheta omega + nanomega^2

--- Chunk 19919 (120/220) | Start: 2024-10-28 04:20:00 ---
    RMSE omega: nan | RMSE theta: nan | Loss: 1405.8022 | Epoch: 41
    Eq theta: 1.00000omega
    Eq omega: nan1 + nantheta + nanomega + nantheta^2 + nantheta omega + nanomega^2

--- Chunk 19920 (121/220) | Start: 2024-10-28 04:25:00 ---
    RMSE omega: 0.028501 | RMSE theta: 0.491794 | Loss: 195.8975 | Epoch: 74
    Eq theta: 1.00000omega
    Eq omega: -0.000111 + -0.00000theta + 0.00185omega + 0.00001theta^2 + -0.00002theta omega + 0.00077omega^2

--- Chunk 19921 (122/220) | Start: 2024-10-28 04:30:00 ---
    RMSE omega: 0.036089 | RMSE theta: 0.890323 | Loss: 144.4143 | Epoch: 29
    Eq theta: 1.00000omega
    Eq omega: 0.004421 + -0.00653theta + -0.00885omega + 0.00231theta^2 + 0.00280theta omega + -0.00021omega^2

--- Chunk 19922 (123/220) | Start: 2024-10-28 04:35:00 ---
    RMSE omega: nan | RMSE theta: nan | Loss: 185412.5312 | Epoch: 5
    Eq theta: 1.00000omega
    Eq omega: nan1 + nantheta + nanomega + nantheta^2 + nantheta omega + nanomega^2

--- Chunk 19923 (124/220) | Start: 2024-10-28 04:40:00 ---
    RMSE omega: 0.004849 | RMSE theta: 0.042688 | Loss: -2.3808 | Epoch: 3381
    Eq theta: 1.00000omega
    Eq omega: -0.005831 + -0.00129theta + 0.00643omega + -0.00042theta^2 + -0.00058theta omega + 0.00131omega^2

--- Chunk 19924 (125/220) | Start: 2024-10-28 04:45:00 ---
    RMSE omega: 0.004853 | RMSE theta: 0.260933 | Loss: -7869755817984.0000 | Epoch: 3180
    Eq theta: 1.00000omega
    Eq omega: 0.011921 + 0.00033theta + 0.00218omega + -0.00022theta^2 + -0.00031theta omega + 0.00032omega^2

--- Chunk 19925 (126/220) | Start: 2024-10-28 04:50:00 ---
    RMSE omega: 0.009496 | RMSE theta: 0.204595 | Loss: -34.9371 | Epoch: 1668
    Eq theta: 1.00000omega
    Eq omega: -0.002231 + -0.00226theta + -0.00012omega + -0.00026theta^2 + -0.00054theta omega + 0.00201omega^2

--- Chunk 19926 (127/220) | Start: 2024-10-28 04:55:00 ---
    RMSE omega: nan | RMSE theta: nan | Loss: 175.2465 | Epoch: 24
    Eq theta: 1.00000omega
    Eq omega: nan1 + nantheta + nanomega + nantheta^2 + nantheta omega + nanomega^2

--- Chunk 19927 (128/220) | Start: 2024-10-28 05:00:00 ---
    RMSE omega: 0.053345 | RMSE theta: 0.593007 | Loss: 197.8568 | Epoch: 59
    Eq theta: 1.00000omega
    Eq omega: 0.001831 + -0.00086theta + 0.00084omega + -0.00007theta^2 + 0.00028theta omega + 0.00143omega^2

--- Chunk 19928 (129/220) | Start: 2024-10-28 05:05:00 ---
    RMSE omega: nan | RMSE theta: nan | Loss: 199.0541 | Epoch: 81
    Eq theta: 1.00000omega
    Eq omega: nan1 + nantheta + nanomega + nantheta^2 + nantheta omega + nanomega^2

--- Chunk 19929 (130/220) | Start: 2024-10-28 05:10:00 ---
    RMSE omega: 0.004340 | RMSE theta: 0.112843 | Loss: 1.2078 | Epoch: 1684
    Eq theta: 1.00000omega
    Eq omega: -0.002641 + -0.00008theta + -0.00010omega + -0.00006theta^2 + -0.00017theta omega + 0.00064omega^2

--- Chunk 19930 (131/220) | Start: 2024-10-28 05:15:00 ---
    RMSE omega: nan | RMSE theta: nan | Loss: 115.1469 | Epoch: 49
    Eq theta: 1.00000omega
    Eq omega: nan1 + nantheta + nanomega + nantheta^2 + nantheta omega + nanomega^2

--- Chunk 19931 (132/220) | Start: 2024-10-28 05:20:00 ---
    RMSE omega: 0.004824 | RMSE theta: 0.166382 | Loss: -9820200960.0000 | Epoch: 2237
    Eq theta: 1.00000omega
    Eq omega: 0.000251 + -0.00186theta + -0.00428omega + -0.00030theta^2 + -0.00215theta omega + -0.00250omega^2

--- Chunk 19932 (133/220) | Start: 2024-10-28 05:25:00 ---
    RMSE omega: 0.003959 | RMSE theta: 0.082477 | Loss: -0.8038 | Epoch: 1832
    Eq theta: 1.00000omega
    Eq omega: -0.001261 + 0.00011theta + 0.00236omega + -0.00088theta^2 + 0.00103theta omega + 0.00243omega^2

--- Chunk 19933 (134/220) | Start: 2024-10-28 05:30:00 ---
    RMSE omega: 0.012972 | RMSE theta: 0.078523 | Loss: 7.0671 | Epoch: 184
    Eq theta: 1.00000omega
    Eq omega: -0.002201 + -0.01991theta + 0.00461omega + -0.01179theta^2 + -0.00509theta omega + 0.00131omega^2

--- Chunk 19934 (135/220) | Start: 2024-10-28 05:35:00 ---
    RMSE omega: 0.006373 | RMSE theta: 0.054945 | Loss: 14.0246 | Epoch: 4179
    Eq theta: 1.00000omega
    Eq omega: 0.001811 + -0.00009theta + 0.00285omega + -0.00002theta^2 + 0.00003theta omega + 0.00009omega^2

--- Chunk 19935 (136/220) | Start: 2024-10-28 05:40:00 ---
    RMSE omega: 0.004792 | RMSE theta: 0.069307 | Loss: 1.5158 | Epoch: 4743
    Eq theta: 1.00000omega
    Eq omega: -0.002651 + 0.00005theta + 0.00145omega + 0.00000theta^2 + 0.00003theta omega + 0.00102omega^2

--- Chunk 19936 (137/220) | Start: 2024-10-28 05:45:00 ---
    RMSE omega: 0.031252 | RMSE theta: 0.639449 | Loss: 231.9076 | Epoch: 46
    Eq theta: 1.00000omega
    Eq omega: 0.000881 + 0.00000theta + 0.00026omega + -0.00001theta^2 + 0.00002theta omega + -0.00059omega^2

--- Chunk 19937 (138/220) | Start: 2024-10-28 05:50:00 ---
    RMSE omega: 0.033954 | RMSE theta: 1.430396 | Loss: 380.3767 | Epoch: 45
    Eq theta: 1.00000omega
    Eq omega: 0.000081 + 0.00022theta + -0.00437omega + -0.00003theta^2 + 0.00009theta omega + -0.00082omega^2

--- Chunk 19938 (139/220) | Start: 2024-10-28 05:55:00 ---
    RMSE omega: nan | RMSE theta: nan | Loss: 394.1200 | Epoch: 79
    Eq theta: 1.00000omega
    Eq omega: nan1 + nantheta + nanomega + nantheta^2 + nantheta omega + nanomega^2

--- Chunk 19939 (140/220) | Start: 2024-10-28 06:00:00 ---
    RMSE omega: 0.004678 | RMSE theta: 0.036308 | Loss: 0.1589 | Epoch: 1850
    Eq theta: 1.00000omega
    Eq omega: 0.000041 + -0.00048theta + -0.00143omega + 0.00001theta^2 + -0.00001theta omega + -0.00081omega^2

--- Chunk 19940 (141/220) | Start: 2024-10-28 06:05:00 ---
    RMSE omega: 0.007069 | RMSE theta: 0.683980 | Loss: -10790595.0000 | Epoch: 2778
    Eq theta: 1.00000omega
    Eq omega: -0.001171 + 0.00199theta + -0.00112omega + 0.00001theta^2 + 0.00010theta omega + -0.00029omega^2

--- Chunk 19941 (142/220) | Start: 2024-10-28 06:10:00 ---
    RMSE omega: 0.006056 | RMSE theta: 0.056976 | Loss: -3.0653 | Epoch: 1455
    Eq theta: 1.00000omega
    Eq omega: 0.000451 + -0.00141theta + 0.00112omega + 0.00273theta^2 + -0.00027theta omega + -0.00536omega^2

--- Chunk 19942 (143/220) | Start: 2024-10-28 06:15:00 ---
    RMSE omega: 0.031116 | RMSE theta: 0.497544 | Loss: 64.7182 | Epoch: 1305
    Eq theta: 1.00000omega
    Eq omega: -0.003401 + -0.11981theta + 0.00537omega + 0.01113theta^2 + -0.02419theta omega + -0.00505omega^2

--- Chunk 19943 (144/220) | Start: 2024-10-28 06:20:00 ---
    RMSE omega: 0.007841 | RMSE theta: 0.453730 | Loss: -915.8218 | Epoch: 2985
    Eq theta: 1.00000omega
    Eq omega: 0.004421 + -0.00588theta + -0.01090omega + 0.00034theta^2 + 0.00164theta omega + 0.00249omega^2

--- Chunk 19944 (145/220) | Start: 2024-10-28 06:25:00 ---
    RMSE omega: 0.005430 | RMSE theta: 0.127342 | Loss: 4.5149 | Epoch: 2882
    Eq theta: 1.00000omega
    Eq omega: -0.007301 + 0.00086theta + 0.00227omega + 0.00002theta^2 + -0.00045theta omega + -0.00083omega^2

--- Chunk 19945 (146/220) | Start: 2024-10-28 06:30:00 ---
    RMSE omega: 0.008816 | RMSE theta: 0.064071 | Loss: 4.6761 | Epoch: 159
    Eq theta: 1.00000omega
    Eq omega: 0.001571 + -0.00025theta + 0.00096omega + -0.00051theta^2 + 0.00062theta omega + 0.00005omega^2

--- Chunk 19946 (147/220) | Start: 2024-10-28 06:35:00 ---
    RMSE omega: 0.004815 | RMSE theta: 0.080135 | Loss: -2.1647 | Epoch: 1553
    Eq theta: 1.00000omega
    Eq omega: -0.003421 + -0.00012theta + -0.00143omega + 0.00070theta^2 + 0.00454theta omega + 0.00012omega^2

--- Chunk 19947 (148/220) | Start: 2024-10-28 06:40:00 ---
    RMSE omega: 0.003659 | RMSE theta: 0.035794 | Loss: -2.2019 | Epoch: 1038
    Eq theta: 1.00000omega
    Eq omega: -0.001951 + 0.00269theta + 0.00037omega + -0.00770theta^2 + 0.00129theta omega + 0.00046omega^2

--- Chunk 19948 (149/220) | Start: 2024-10-28 06:45:00 ---
    RMSE omega: 0.004550 | RMSE theta: 0.162190 | Loss: 0.8254 | Epoch: 1239
    Eq theta: 1.00000omega
    Eq omega: 0.011241 + -0.00159theta + 0.00146omega + -0.00103theta^2 + 0.00015theta omega + 0.00100omega^2

--- Chunk 19949 (150/220) | Start: 2024-10-28 06:50:00 ---
    RMSE omega: nan | RMSE theta: nan | Loss: 128.9443 | Epoch: 37
    Eq theta: 1.00000omega
    Eq omega: nan1 + nantheta + nanomega + nantheta^2 + nantheta omega + nanomega^2

  [Progress 150/220] Mean RMSE omega: 0.014846 | Mean loss: -69635051547397491265149375348736.0000 | Valid: 114/150 | Elapsed: 72.8min | ETA: 34.0min

--- Chunk 19950 (151/220) | Start: 2024-10-28 06:55:00 ---
    RMSE omega: 0.005266 | RMSE theta: 0.291451 | Loss: -432.2921 | Epoch: 2829
    Eq theta: 1.00000omega
    Eq omega: -0.000961 + 0.00054theta + -0.00002omega + 0.00003theta^2 + 0.00003theta omega + -0.00101omega^2

--- Chunk 19951 (152/220) | Start: 2024-10-28 07:00:00 ---
    RMSE omega: nan | RMSE theta: nan | Loss: 784.6147 | Epoch: 25
    Eq theta: 1.00000omega
    Eq omega: nan1 + nantheta + nanomega + nantheta^2 + nantheta omega + nanomega^2

--- Chunk 19952 (153/220) | Start: 2024-10-28 07:05:00 ---
    RMSE omega: 0.005321 | RMSE theta: 0.116761 | Loss: 11.2247 | Epoch: 2095
    Eq theta: 1.00000omega
    Eq omega: -0.002671 + 0.00002theta + 0.00103omega + 0.00002theta^2 + -0.00023theta omega + -0.00007omega^2

--- Chunk 19953 (154/220) | Start: 2024-10-28 07:10:00 ---
    RMSE omega: 0.004557 | RMSE theta: 0.093676 | Loss: -2.2515 | Epoch: 1480
    Eq theta: 1.00000omega
    Eq omega: -0.008191 + -0.29525theta + -0.27401omega + -0.00369theta^2 + -0.02756theta omega + -0.00104omega^2

--- Chunk 19954 (155/220) | Start: 2024-10-28 07:15:00 ---
    RMSE omega: nan | RMSE theta: nan | Loss: 122.2500 | Epoch: 43
    Eq theta: 1.00000omega
    Eq omega: nan1 + nantheta + nanomega + nantheta^2 + nantheta omega + nanomega^2

--- Chunk 19955 (156/220) | Start: 2024-10-28 07:20:00 ---
    RMSE omega: 0.004282 | RMSE theta: 0.059208 | Loss: -2.4189 | Epoch: 1864
    Eq theta: 1.00000omega
    Eq omega: 0.000731 + -0.00045theta + -0.00083omega + -0.00033theta^2 + -0.00008theta omega + 0.00089omega^2

--- Chunk 19956 (157/220) | Start: 2024-10-28 07:25:00 ---
    RMSE omega: 0.007909 | RMSE theta: 0.304473 | Loss: -451.6839 | Epoch: 1109
    Eq theta: 1.00000omega
    Eq omega: 0.002671 + -0.55318theta + -0.01006omega + -0.01578theta^2 + -0.02688theta omega + 0.01097omega^2

--- Chunk 19957 (158/220) | Start: 2024-10-28 07:30:00 ---
    RMSE omega: 0.006141 | RMSE theta: 0.486957 | Loss: -1160.6840 | Epoch: 2727
    Eq theta: 1.00000omega
    Eq omega: -0.002211 + -0.00014theta + 0.00142omega + 0.00046theta^2 + 0.00044theta omega + 0.00028omega^2

--- Chunk 19958 (159/220) | Start: 2024-10-28 07:35:00 ---
    RMSE omega: nan | RMSE theta: nan | Loss: 2444.2134 | Epoch: 25
    Eq theta: 1.00000omega
    Eq omega: nan1 + nantheta + nanomega + nantheta^2 + nantheta omega + nanomega^2

--- Chunk 19959 (160/220) | Start: 2024-10-28 07:40:00 ---
    RMSE omega: nan | RMSE theta: nan | Loss: 10966.6846 | Epoch: 16
    Eq theta: 1.00000omega
    Eq omega: nan1 + nantheta + nanomega + nantheta^2 + nantheta omega + nanomega^2

--- Chunk 19960 (161/220) | Start: 2024-10-28 07:45:00 ---
    RMSE omega: nan | RMSE theta: nan | Loss: 365.2335 | Epoch: 83
    Eq theta: 1.00000omega
    Eq omega: nan1 + nantheta + nanomega + nantheta^2 + nantheta omega + nanomega^2

--- Chunk 19961 (162/220) | Start: 2024-10-28 07:50:00 ---
    RMSE omega: 0.004377 | RMSE theta: 0.035524 | Loss: -0.8806 | Epoch: 1330
    Eq theta: 1.00000omega
    Eq omega: -0.002431 + -0.05605theta + -0.01342omega + 0.04014theta^2 + -0.00105theta omega + 0.00363omega^2

--- Chunk 19962 (163/220) | Start: 2024-10-28 07:55:00 ---
    RMSE omega: 0.010009 | RMSE theta: 0.803469 | Loss: -445.9254 | Epoch: 2281
    Eq theta: 1.00000omega
    Eq omega: -0.000301 + -0.00072theta + -0.00080omega + -0.00003theta^2 + -0.00000theta omega + -0.00019omega^2

--- Chunk 19963 (164/220) | Start: 2024-10-28 08:00:00 ---
    RMSE omega: 0.019764 | RMSE theta: 0.694976 | Loss: 81.2868 | Epoch: 701
    Eq theta: 1.00000omega
    Eq omega: 0.007311 + -0.02611theta + -0.00041omega + 0.00028theta^2 + -0.00002theta omega + -0.00129omega^2

--- Chunk 19964 (165/220) | Start: 2024-10-28 08:05:00 ---
    RMSE omega: 0.022222 | RMSE theta: 0.442682 | Loss: 183.0166 | Epoch: 1072
    Eq theta: 1.00000omega
    Eq omega: -0.008141 + -0.02499theta + -0.02158omega + -0.00003theta^2 + -0.00007theta omega + -0.00198omega^2

--- Chunk 19965 (166/220) | Start: 2024-10-28 08:10:00 ---
    RMSE omega: 0.007757 | RMSE theta: 0.248142 | Loss: -167.1917 | Epoch: 1687
    Eq theta: 1.00000omega
    Eq omega: -0.001191 + 0.00024theta + 0.00090omega + 0.00147theta^2 + -0.00167theta omega + 0.00591omega^2

--- Chunk 19966 (167/220) | Start: 2024-10-28 08:15:00 ---
    RMSE omega: 0.031870 | RMSE theta: 0.447700 | Loss: -1469.8976 | Epoch: 417
    Eq theta: 1.00000omega
    Eq omega: 0.013011 + 0.00036theta + -0.00823omega + 0.00072theta^2 + -0.00346theta omega + 0.00330omega^2

--- Chunk 19967 (168/220) | Start: 2024-10-28 08:20:00 ---
    RMSE omega: 0.004314 | RMSE theta: 0.015761 | Loss: 0.4590 | Epoch: 1074
    Eq theta: 1.00000omega
    Eq omega: -0.004841 + -3.31716theta + -0.01243omega + 0.01620theta^2 + -0.84497theta omega + -0.07747omega^2

--- Chunk 19968 (169/220) | Start: 2024-10-28 08:25:00 ---
    RMSE omega: 0.004414 | RMSE theta: 0.055123 | Loss: -0.6863 | Epoch: 2424
    Eq theta: 1.00000omega
    Eq omega: -0.002721 + -0.12480theta + -0.00086omega + -0.00201theta^2 + 0.00180theta omega + 0.00774omega^2

--- Chunk 19969 (170/220) | Start: 2024-10-28 08:30:00 ---
    RMSE omega: 0.006594 | RMSE theta: 0.065862 | Loss: 9.3633 | Epoch: 2011
    Eq theta: 1.00000omega
    Eq omega: -0.005241 + -0.00004theta + 0.00031omega + 0.00010theta^2 + 0.00017theta omega + -0.00051omega^2

--- Chunk 19970 (171/220) | Start: 2024-10-28 08:35:00 ---
    RMSE omega: nan | RMSE theta: nan | Loss: 502.9874 | Epoch: 18
    Eq theta: 1.00000omega
    Eq omega: nan1 + nantheta + nanomega + nantheta^2 + nantheta omega + nanomega^2

--- Chunk 19971 (172/220) | Start: 2024-10-28 08:40:00 ---
    RMSE omega: 0.004822 | RMSE theta: 0.123815 | Loss: -1.7140 | Epoch: 1061
    Eq theta: 1.00000omega
    Eq omega: -0.004671 + -0.00245theta + 0.03375omega + 0.00047theta^2 + -0.00040theta omega + 0.00093omega^2

--- Chunk 19972 (173/220) | Start: 2024-10-28 08:45:00 ---
    RMSE omega: 0.032197 | RMSE theta: 0.349502 | Loss: 169.4079 | Epoch: 113
    Eq theta: 1.00000omega
    Eq omega: 0.002001 + 0.00073theta + 0.00050omega + 0.00006theta^2 + -0.00001theta omega + 0.00003omega^2

--- Chunk 19973 (174/220) | Start: 2024-10-28 08:50:00 ---
    RMSE omega: 0.004282 | RMSE theta: 0.146998 | Loss: -0.8310 | Epoch: 2251
    Eq theta: 1.00000omega
    Eq omega: -0.001251 + -0.00028theta + -0.00202omega + 0.00039theta^2 + 0.00025theta omega + -0.00275omega^2

--- Chunk 19974 (175/220) | Start: 2024-10-28 08:55:00 ---
    RMSE omega: 0.004960 | RMSE theta: 0.176633 | Loss: -19704556.0000 | Epoch: 3000
    Eq theta: 1.00000omega
    Eq omega: 0.000531 + -0.00059theta + 0.00015omega + -0.00001theta^2 + 0.00012theta omega + -0.00000omega^2

--- Chunk 19975 (176/220) | Start: 2024-10-28 09:00:00 ---
    RMSE omega: 0.007149 | RMSE theta: 0.182190 | Loss: 2.1543 | Epoch: 4039
    Eq theta: 1.00000omega
    Eq omega: -0.000481 + -0.00070theta + -0.00066omega + 0.00005theta^2 + -0.00007theta omega + 0.00056omega^2

--- Chunk 19976 (177/220) | Start: 2024-10-28 09:05:00 ---
/pfs/data6/home/ka/ka_iai/ka_bj2362/dsr/svise/svise/quadrature/_unbiased_quadrature.py:218: UserWarning: Quadrature result is NaN. Returning 0.
  warnings.warn("Quadrature result is NaN. Returning 0.")
    RMSE omega: 0.052660 | RMSE theta: 2.786162 | Loss: -166499054518272.0000 | Epoch: 2855
    Eq theta: 1.00000omega
    Eq omega: -0.001371 + -0.00077theta + 0.00136omega + 0.00003theta^2 + 0.00020theta omega + -0.00159omega^2

--- Chunk 19977 (178/220) | Start: 2024-10-28 09:10:00 ---
    RMSE omega: 0.011109 | RMSE theta: 0.300466 | Loss: -8817025429016844894732288.0000 | Epoch: 2212
    Eq theta: 1.00000omega
    Eq omega: 0.001071 + -0.00020theta + -0.00075omega + -0.00000theta^2 + -0.00010theta omega + 0.00001omega^2

--- Chunk 19978 (179/220) | Start: 2024-10-28 09:15:00 ---
    RMSE omega: nan | RMSE theta: nan | Loss: 504.0946 | Epoch: 25
    Eq theta: 1.00000omega
    Eq omega: nan1 + nantheta + nanomega + nantheta^2 + nantheta omega + nanomega^2

--- Chunk 19979 (180/220) | Start: 2024-10-28 09:20:00 ---
    RMSE omega: 0.004684 | RMSE theta: 0.180174 | Loss: 1.0090 | Epoch: 1953
    Eq theta: 1.00000omega
    Eq omega: 0.003431 + -0.00030theta + 0.00281omega + 0.00051theta^2 + -0.00040theta omega + -0.00017omega^2

--- Chunk 19980 (181/220) | Start: 2024-10-28 09:25:00 ---
    RMSE omega: nan | RMSE theta: nan | Loss: 89.6712 | Epoch: 51
    Eq theta: 1.00000omega
    Eq omega: nan1 + nantheta + nanomega + nantheta^2 + nantheta omega + nanomega^2

--- Chunk 19981 (182/220) | Start: 2024-10-28 09:30:00 ---
    RMSE omega: 0.005218 | RMSE theta: 0.161147 | Loss: 0.5868 | Epoch: 1318
    Eq theta: 1.00000omega
    Eq omega: 0.004221 + -0.00088theta + -0.00155omega + 0.00017theta^2 + -0.00082theta omega + -0.00252omega^2

--- Chunk 19982 (183/220) | Start: 2024-10-28 09:35:00 ---
    RMSE omega: 0.014522 | RMSE theta: 0.111197 | Loss: 11.1987 | Epoch: 399
    Eq theta: 1.00000omega
    Eq omega: -0.000761 + -0.00164theta + -0.00183omega + 0.00056theta^2 + -0.00421theta omega + 0.00058omega^2

--- Chunk 19983 (184/220) | Start: 2024-10-28 09:40:00 ---
    RMSE omega: nan | RMSE theta: nan | Loss: 234.9266 | Epoch: 18
    Eq theta: 1.00000omega
    Eq omega: nan1 + nantheta + nanomega + nantheta^2 + nantheta omega + nanomega^2

--- Chunk 19984 (185/220) | Start: 2024-10-28 09:45:00 ---
    RMSE omega: 0.041855 | RMSE theta: 0.348921 | Loss: -19271.7930 | Epoch: 805
    Eq theta: 1.00000omega
    Eq omega: 0.004761 + -0.00077theta + -0.00193omega + 0.00021theta^2 + -0.00123theta omega + 0.00227omega^2

--- Chunk 19985 (186/220) | Start: 2024-10-28 09:50:00 ---
    RMSE omega: 0.004523 | RMSE theta: 0.055809 | Loss: -0.3998 | Epoch: 893
    Eq theta: 1.00000omega
    Eq omega: 0.003891 + -0.00041theta + 0.00002omega + 0.00064theta^2 + 0.00111theta omega + -0.00095omega^2

--- Chunk 19986 (187/220) | Start: 2024-10-28 09:55:00 ---
    RMSE omega: 0.003922 | RMSE theta: 0.033403 | Loss: -0.6959 | Epoch: 2746
    Eq theta: 1.00000omega
    Eq omega: -0.005111 + 0.00037theta + 0.00620omega + 0.00118theta^2 + 0.00118theta omega + -0.00356omega^2

--- Chunk 19987 (188/220) | Start: 2024-10-28 10:00:00 ---
    RMSE omega: 0.005106 | RMSE theta: 0.142378 | Loss: -1.0026 | Epoch: 1404
    Eq theta: 1.00000omega
    Eq omega: 0.057741 + -0.08169theta + 0.00758omega + 0.00235theta^2 + -0.00387theta omega + 0.00593omega^2

--- Chunk 19988 (189/220) | Start: 2024-10-28 10:05:00 ---
    RMSE omega: 0.012370 | RMSE theta: 0.327449 | Loss: -833839.3125 | Epoch: 1957
    Eq theta: 1.00000omega
    Eq omega: 0.001001 + -0.00117theta + -0.00044omega + -0.00011theta^2 + 0.00052theta omega + 0.00009omega^2

--- Chunk 19989 (190/220) | Start: 2024-10-28 10:10:00 ---
    RMSE omega: 0.004425 | RMSE theta: 0.100756 | Loss: -0.8437 | Epoch: 1837
    Eq theta: 1.00000omega
    Eq omega: -0.002781 + -0.00223theta + 0.00140omega + -0.00147theta^2 + -0.00110theta omega + -0.08868omega^2

--- Chunk 19990 (191/220) | Start: 2024-10-28 10:15:00 ---
    RMSE omega: 0.026990 | RMSE theta: 0.337038 | Loss: -366613.1250 | Epoch: 1105
    Eq theta: 1.00000omega
    Eq omega: 0.000901 + 0.00014theta + -0.00086omega + 0.00042theta^2 + -0.00055theta omega + 0.00115omega^2

--- Chunk 19991 (192/220) | Start: 2024-10-28 10:20:00 ---
    RMSE omega: 0.023347 | RMSE theta: 0.106635 | Loss: 66.9696 | Epoch: 981
    Eq theta: 1.00000omega
    Eq omega: 0.002571 + -0.00236theta + 0.00249omega + -0.00001theta^2 + -0.00146theta omega + -0.00019omega^2

--- Chunk 19992 (193/220) | Start: 2024-10-28 10:25:00 ---
    RMSE omega: 0.004700 | RMSE theta: 0.089076 | Loss: -0.8274 | Epoch: 1429
    Eq theta: 1.00000omega
    Eq omega: 0.001551 + -0.00032theta + -0.00443omega + 0.00066theta^2 + 0.00016theta omega + -0.00181omega^2

--- Chunk 19993 (194/220) | Start: 2024-10-28 10:30:00 ---
    RMSE omega: 0.004523 | RMSE theta: 0.071053 | Loss: 0.9533 | Epoch: 1387
    Eq theta: 1.00000omega
    Eq omega: -0.000921 + -0.00142theta + 0.00324omega + 0.00011theta^2 + 0.00031theta omega + 0.00063omega^2

--- Chunk 19994 (195/220) | Start: 2024-10-28 10:35:00 ---
    RMSE omega: 0.004341 | RMSE theta: 0.029293 | Loss: -94005.0703 | Epoch: 1467
    Eq theta: 1.00000omega
    Eq omega: -0.001181 + -0.01019theta + 0.00288omega + 0.00051theta^2 + 0.00182theta omega + 0.00125omega^2

--- Chunk 19995 (196/220) | Start: 2024-10-28 10:40:00 ---
    RMSE omega: nan | RMSE theta: nan | Loss: 52.0793 | Epoch: 32
    Eq theta: 1.00000omega
    Eq omega: nan1 + nantheta + nanomega + nantheta^2 + nantheta omega + nanomega^2

--- Chunk 19996 (197/220) | Start: 2024-10-28 10:45:00 ---
    RMSE omega: 0.026684 | RMSE theta: 0.195793 | Loss: 56.6416 | Epoch: 52
    Eq theta: 1.00000omega
    Eq omega: -0.004931 + -0.04593theta + 0.03462omega + -0.02091theta^2 + 0.01272theta omega + -0.00111omega^2

--- Chunk 19997 (198/220) | Start: 2024-10-28 10:50:00 ---
    RMSE omega: 0.005324 | RMSE theta: 0.055326 | Loss: -1.7393 | Epoch: 1346
    Eq theta: 1.00000omega
    Eq omega: -0.002811 + 0.00028theta + -0.00087omega + -0.00171theta^2 + -0.00023theta omega + -0.00026omega^2

--- Chunk 19998 (199/220) | Start: 2024-10-28 10:55:00 ---
    RMSE omega: 0.003835 | RMSE theta: 0.049747 | Loss: -0.7368 | Epoch: 1697
    Eq theta: 1.00000omega
    Eq omega: -0.008951 + -0.00134theta + -0.00818omega + -0.00156theta^2 + -0.00264theta omega + -0.00116omega^2

--- Chunk 19999 (200/220) | Start: 2024-10-28 11:00:00 ---
    RMSE omega: nan | RMSE theta: nan | Loss: 228.1833 | Epoch: 35
    Eq theta: 1.00000omega
    Eq omega: nan1 + nantheta + nanomega + nantheta^2 + nantheta omega + nanomega^2

  [Progress 200/220] Mean RMSE omega: 0.014057 | Mean loss: -52226288704633244963442308153344.0000 | Valid: 153/200 | Elapsed: 97.6min | ETA: 9.8min

--- Chunk 20000 (201/220) | Start: 2024-10-28 11:05:00 ---
    RMSE omega: 0.011944 | RMSE theta: 0.086056 | Loss: 23.0374 | Epoch: 953
    Eq theta: 1.00000omega
    Eq omega: 0.006031 + -0.00189theta + -0.04822omega + -0.00146theta^2 + 0.00291theta omega + 0.00061omega^2

--- Chunk 20001 (202/220) | Start: 2024-10-28 11:10:00 ---
    RMSE omega: 0.030009 | RMSE theta: 0.334710 | Loss: 42.9620 | Epoch: 1244
    Eq theta: 1.00000omega
    Eq omega: 0.001761 + -0.11673theta + -0.00879omega + 0.00600theta^2 + -0.00073theta omega + -0.00055omega^2

--- Chunk 20002 (203/220) | Start: 2024-10-28 11:15:00 ---
    RMSE omega: nan | RMSE theta: nan | Loss: 601.6601 | Epoch: 63
    Eq theta: 1.00000omega
    Eq omega: nan1 + nantheta + nanomega + nantheta^2 + nantheta omega + nanomega^2

--- Chunk 20003 (204/220) | Start: 2024-10-28 11:20:00 ---
    RMSE omega: 0.006901 | RMSE theta: 0.187896 | Loss: -0.9371 | Epoch: 1350
    Eq theta: 1.00000omega
    Eq omega: -0.006481 + 0.00168theta + 0.00208omega + -0.00024theta^2 + -0.00088theta omega + 0.00101omega^2

--- Chunk 20004 (205/220) | Start: 2024-10-28 11:25:00 ---
    RMSE omega: 0.004854 | RMSE theta: 0.041158 | Loss: 0.0193 | Epoch: 2089
    Eq theta: 1.00000omega
    Eq omega: 0.000701 + -0.02653theta + -0.00567omega + -0.00640theta^2 + 0.00671theta omega + 0.00091omega^2

--- Chunk 20005 (206/220) | Start: 2024-10-28 11:30:00 ---
    RMSE omega: 0.004051 | RMSE theta: 0.100622 | Loss: 0.7756 | Epoch: 1726
    Eq theta: 1.00000omega
    Eq omega: 0.000881 + -0.00053theta + -0.00103omega + 0.00006theta^2 + 0.00055theta omega + 0.00216omega^2

--- Chunk 20006 (207/220) | Start: 2024-10-28 11:35:00 ---
    RMSE omega: nan | RMSE theta: nan | Loss: 427.1985 | Epoch: 30
    Eq theta: 1.00000omega
    Eq omega: nan1 + nantheta + nanomega + nantheta^2 + nantheta omega + nanomega^2

--- Chunk 20007 (208/220) | Start: 2024-10-28 11:40:00 ---
    RMSE omega: 0.004416 | RMSE theta: 0.071593 | Loss: -2.1014 | Epoch: 1580
    Eq theta: 1.00000omega
    Eq omega: 0.013881 + -0.77137theta + -0.02794omega + -0.00124theta^2 + 0.00032theta omega + -0.10333omega^2

--- Chunk 20008 (209/220) | Start: 2024-10-28 11:45:00 ---
    RMSE omega: nan | RMSE theta: nan | Loss: 55.6447 | Epoch: 91
    Eq theta: 1.00000omega
    Eq omega: nan1 + nantheta + nanomega + nantheta^2 + nantheta omega + nanomega^2

--- Chunk 20009 (210/220) | Start: 2024-10-28 11:50:00 ---
    RMSE omega: 0.005031 | RMSE theta: 0.083058 | Loss: -0.0768 | Epoch: 1256
    Eq theta: 1.00000omega
    Eq omega: 0.012091 + -0.87359theta + -0.01921omega + -0.00305theta^2 + 0.00534theta omega + -0.01085omega^2

--- Chunk 20010 (211/220) | Start: 2024-10-28 11:55:00 ---
    RMSE omega: 0.010907 | RMSE theta: 0.127039 | Loss: -2010741888.0000 | Epoch: 1771
    Eq theta: 1.00000omega
    Eq omega: -0.015861 + -0.89617theta + 0.01134omega + -0.01077theta^2 + 0.19845theta omega + -0.01080omega^2

--- Chunk 20011 (212/220) | Start: 2024-10-28 12:00:00 ---
    RMSE omega: 0.027001 | RMSE theta: 0.227729 | Loss: 98.3541 | Epoch: 357
    Eq theta: 1.00000omega
    Eq omega: 0.002341 + -0.00188theta + -0.00183omega + 0.00097theta^2 + -0.00042theta omega + -0.00036omega^2

--- Chunk 20012 (213/220) | Start: 2024-10-28 12:05:00 ---
    RMSE omega: 0.004573 | RMSE theta: 0.106089 | Loss: -2.3527 | Epoch: 1241
    Eq theta: 1.00000omega
    Eq omega: -0.000391 + -0.00017theta + -0.00156omega + 0.00004theta^2 + -0.00072theta omega + 0.00011omega^2

--- Chunk 20013 (214/220) | Start: 2024-10-28 12:10:00 ---
    RMSE omega: 0.006402 | RMSE theta: 0.147648 | Loss: -0.6570 | Epoch: 2535
    Eq theta: 1.00000omega
    Eq omega: -0.001691 + -0.07266theta + -0.00461omega + -0.00013theta^2 + -0.00001theta omega + 0.00158omega^2

--- Chunk 20014 (215/220) | Start: 2024-10-28 12:15:00 ---
    RMSE omega: nan | RMSE theta: nan | Loss: 1971.0261 | Epoch: 5
    Eq theta: 1.00000omega
    Eq omega: nan1 + nantheta + nanomega + nantheta^2 + nantheta omega + nanomega^2

--- Chunk 20015 (216/220) | Start: 2024-10-28 12:20:00 ---
    RMSE omega: nan | RMSE theta: nan | Loss: 683.7121 | Epoch: 18
    Eq theta: 1.00000omega
    Eq omega: nan1 + nantheta + nanomega + nantheta^2 + nantheta omega + nanomega^2

--- Chunk 20016 (217/220) | Start: 2024-10-28 12:25:00 ---
    RMSE omega: 0.029258 | RMSE theta: 0.374060 | Loss: 38.9905 | Epoch: 343
    Eq theta: 1.00000omega
    Eq omega: 0.007271 + -0.00433theta + -0.00029omega + 0.00011theta^2 + -0.00014theta omega + -0.00028omega^2

--- Chunk 20017 (218/220) | Start: 2024-10-28 12:30:00 ---
    RMSE omega: nan | RMSE theta: nan | Loss: 101.1485 | Epoch: 49
    Eq theta: 1.00000omega
    Eq omega: nan1 + nantheta + nanomega + nantheta^2 + nantheta omega + nanomega^2

--- Chunk 20018 (219/220) | Start: 2024-10-28 12:35:00 ---
    RMSE omega: 0.014045 | RMSE theta: 1.043392 | Loss: -17516734206443520.0000 | Epoch: 2050
    Eq theta: 1.00000omega
    Eq omega: 0.001411 + -0.00006theta + -0.00697omega + -0.00011theta^2 + -0.00034theta omega + -0.00005omega^2

--- Chunk 20019 (220/220) | Start: 2024-10-28 12:40:00 ---
    RMSE omega: 0.018059 | RMSE theta: 0.799888 | Loss: -4356.5425 | Epoch: 1630
    Eq theta: 1.00000omega
    Eq omega: 0.027501 + 0.00017theta + 0.00057omega + 0.00026theta^2 + -0.00097theta omega + -0.00020omega^2

  [Progress 220/220] Mean RMSE omega: 0.013942 | Mean loss: -47478444276939315240801962819584.0000 | Valid: 167/220 | Elapsed: 105.6min | ETA: 0.0min

============================================================
EVALUATION COMPLETE — Chunks [19800, 20019]
============================================================
Chunks processed: 220
Chunks succeeded: 167 (75.9%)
Mean RMSE omega:  0.013942 ± 0.012414
Mean RMSE theta:  0.348593 ± 0.414381
Mean RMSE total:  0.246800
Mean Loss:        -47478444276939315240801962819584.0000 ± 702616811622102429757252021780480.0000
Elapsed time:     105.6 minutes

Per-chunk CSV: /pfs/data6/home/ka/ka_iai/ka_bj2362/dsr/svise/results_5min_all_chunks/run_SLURM_3708675/chunks_19800_to_20019_20260320_055727.csv
Summary JSON:  /pfs/data6/home/ka/ka_iai/ka_bj2362/dsr/svise/results_5min_all_chunks/run_SLURM_3708675/summary_19800_to_20019_20260320_055727.json
============================================================

============================= JOB FEEDBACK =============================

NodeName=uc3n004
Job ID: 3709167
Array Job ID: 3708675_90
Cluster: uc3
User/Group: ka_bj2362/ka_iai
State: COMPLETED (exit code 0)
Nodes: 1
Cores per node: 4
CPU Utilized: 01:44:58
CPU Efficiency: 24.78% of 07:03:32 core-walltime
Job Wall-clock time: 01:45:53
Memory Utilized: 3.22 GB
Memory Efficiency: 26.86% of 12.00 GB (12.00 GB/node)
