Array task 250: processing chunks 55000 to 55219
Loading data from /pfs/data6/home/ka/ka_iai/ka_bj2362/dsr/svise/../dataset/South_Korea_2024-08-15_2025-08-31_1s.parquet...
Finding all valid 5-minute chunks in the dataset...
Found 107059 valid 5-minute chunks in total.

============================================================
SVISE FINAL EVALUATION — ALL CHUNKS
============================================================
Hyperparameters: {
  "model": "integrator",
  "sigma": 0,
  "degree": 2,
  "tau": 1e-05,
  "lr": 0.1,
  "n_tau": 100,
  "measurement_noise": 0.001,
  "n_reparam_samples": 15
}
Total valid chunks in dataset: 107059
Processing chunk range: [55000, 55219] (220 chunks)
Early stopping: patience=300, max_epochs=10000
============================================================


--- Chunk 55000 (1/220) | Start: 2025-03-03 15:50:00 ---
/pfs/data6/home/ka/ka_iai/ka_bj2362/dsr/svise/svise/sde_learning/_marginal_sde.py:284: UserWarning: torch.triangular_solve is deprecated in favor of torch.linalg.solve_triangularand will be removed in a future PyTorch release.
torch.linalg.solve_triangular has its arguments reversed and does not return a copy of one of the inputs.
X = torch.triangular_solve(B, A).solution
should be replaced with
X = torch.linalg.solve_triangular(A, B). (Triggered internally at ../aten/src/ATen/native/BatchLinearAlgebra.cpp:2192.)
  return torch.triangular_solve(self.raw_w, self.C.t()).solution
/pfs/data6/home/ka/ka_iai/ka_bj2362/dsr/svise/svise/quadrature/_unbiased_quadrature.py:196: UserWarning: Interp is nan, reducing interp degree.
  warnings.warn("Interp is nan, reducing interp degree.")
    RMSE omega: 0.004418 | RMSE theta: 0.121596 | Loss: -0.3299 | Epoch: 1855
    Eq theta: 1.00000omega
    Eq omega: 0.016721 + -0.12817theta + 0.01287omega + 0.00443theta^2 + 0.00806theta omega + 0.41521omega^2

--- Chunk 55001 (2/220) | Start: 2025-03-03 15:55:00 ---
    RMSE omega: 0.006346 | RMSE theta: 0.140470 | Loss: -3.4835 | Epoch: 1670
    Eq theta: 1.00000omega
    Eq omega: -0.019501 + -0.26356theta + -0.00030omega + -0.15054theta^2 + -0.00690theta omega + 0.00718omega^2

--- Chunk 55002 (3/220) | Start: 2025-03-03 16:00:00 ---
    RMSE omega: 0.045193 | RMSE theta: 1.421903 | Loss: 195.2893 | Epoch: 342
    Eq theta: 1.00000omega
    Eq omega: -0.003331 + 0.00023theta + -0.00197omega + 0.00003theta^2 + -0.00002theta omega + -0.00008omega^2

--- Chunk 55003 (4/220) | Start: 2025-03-03 16:05:00 ---
/pfs/data6/home/ka/ka_iai/ka_bj2362/dsr/svise/svise/quadrature/_unbiased_quadrature.py:174: UserWarning: NaN detected in fxq (quadrature node evaluations). Clamping to 0.
  warnings.warn("NaN detected in fxq (quadrature node evaluations). Clamping to 0.")
/pfs/data6/home/ka/ka_iai/ka_bj2362/dsr/svise/svise/quadrature/_unbiased_quadrature.py:177: UserWarning: NaN detected in fmc (Monte-Carlo node evaluations). Clamping to 0.
  warnings.warn("NaN detected in fmc (Monte-Carlo node evaluations). Clamping to 0.")
    RMSE omega: 0.031015 | RMSE theta: 0.278745 | Loss: 62.9350 | Epoch: 64
    Eq theta: 1.00000omega
    Eq omega: 0.001491 + -0.00113theta + 0.00023omega + 0.00071theta^2 + -0.00341theta omega + -0.00123omega^2

--- Chunk 55004 (5/220) | Start: 2025-03-03 16:10:00 ---
    RMSE omega: 0.004991 | RMSE theta: 0.091570 | Loss: -2.3911 | Epoch: 1550
    Eq theta: 1.00000omega
    Eq omega: -0.030811 + -0.84352theta + -0.00747omega + -0.02927theta^2 + -0.00792theta omega + 0.06831omega^2

--- Chunk 55005 (6/220) | Start: 2025-03-03 16:15:00 ---
    RMSE omega: 0.004627 | RMSE theta: 0.055969 | Loss: -1.9983 | Epoch: 1121
    Eq theta: 1.00000omega
    Eq omega: 0.000311 + 0.00096theta + 0.00371omega + 0.00018theta^2 + 0.00444theta omega + 0.00244omega^2

--- Chunk 55006 (7/220) | Start: 2025-03-03 16:20:00 ---
    RMSE omega: nan | RMSE theta: nan | Loss: 33.1315 | Epoch: 39
    Eq theta: 1.00000omega
    Eq omega: nan1 + nantheta + nanomega + nantheta^2 + nantheta omega + nanomega^2

--- Chunk 55007 (8/220) | Start: 2025-03-03 16:25:00 ---
    RMSE omega: nan | RMSE theta: nan | Loss: 76.0848 | Epoch: 40
    Eq theta: 1.00000omega
    Eq omega: nan1 + nantheta + nanomega + nantheta^2 + nantheta omega + nanomega^2

--- Chunk 55008 (9/220) | Start: 2025-03-03 16:30:00 ---
    RMSE omega: 0.005448 | RMSE theta: 0.399246 | Loss: -0.7971 | Epoch: 2336
    Eq theta: 1.00000omega
    Eq omega: 0.000441 + 0.00150theta + 0.00094omega + -0.00004theta^2 + -0.00015theta omega + 0.00180omega^2

--- Chunk 55009 (10/220) | Start: 2025-03-03 16:35:00 ---
    RMSE omega: 0.004924 | RMSE theta: 0.022792 | Loss: -1.4492 | Epoch: 1516
    Eq theta: 1.00000omega
    Eq omega: -0.001451 + 0.00079theta + 0.00043omega + -0.00049theta^2 + 0.00020theta omega + 0.00202omega^2

--- Chunk 55010 (11/220) | Start: 2025-03-03 16:40:00 ---
    RMSE omega: nan | RMSE theta: nan | Loss: 12.7811 | Epoch: 89
    Eq theta: 1.00000omega
    Eq omega: nan1 + nantheta + nanomega + nantheta^2 + nantheta omega + nanomega^2

--- Chunk 55011 (12/220) | Start: 2025-03-03 16:45:00 ---
    RMSE omega: 0.021520 | RMSE theta: 0.118829 | Loss: -153965.4688 | Epoch: 1098
    Eq theta: 1.00000omega
    Eq omega: -0.005261 + -0.00910theta + 0.00048omega + 0.00136theta^2 + 0.00247theta omega + 0.00145omega^2

--- Chunk 55012 (13/220) | Start: 2025-03-03 16:50:00 ---
    RMSE omega: 0.004536 | RMSE theta: 0.064475 | Loss: -2.2574 | Epoch: 1178
    Eq theta: 1.00000omega
    Eq omega: 0.006881 + -0.69654theta + -0.04128omega + 0.02508theta^2 + 0.04198theta omega + 0.01041omega^2

--- Chunk 55013 (14/220) | Start: 2025-03-03 16:55:00 ---
    RMSE omega: 0.005033 | RMSE theta: 0.032613 | Loss: -1.0315 | Epoch: 1748
    Eq theta: 1.00000omega
    Eq omega: 0.001971 + -0.00028theta + 0.00559omega + 0.00161theta^2 + 0.00217theta omega + 0.01262omega^2

--- Chunk 55014 (15/220) | Start: 2025-03-03 17:00:00 ---
    RMSE omega: nan | RMSE theta: nan | Loss: 445.7155 | Epoch: 27
    Eq theta: 1.00000omega
    Eq omega: nan1 + nantheta + nanomega + nantheta^2 + nantheta omega + nanomega^2

--- Chunk 55015 (16/220) | Start: 2025-03-03 17:05:00 ---
    RMSE omega: 0.004664 | RMSE theta: 0.126814 | Loss: -2.0546 | Epoch: 1629
    Eq theta: 1.00000omega
    Eq omega: -0.490641 + -0.32260theta + -0.00081omega + 0.00230theta^2 + 0.00046theta omega + -0.03279omega^2

--- Chunk 55016 (17/220) | Start: 2025-03-03 17:10:00 ---
    RMSE omega: 0.060283 | RMSE theta: 1.295497 | Loss: -415.4131 | Epoch: 388
    Eq theta: 1.00000omega
    Eq omega: 0.000581 + -0.00034theta + 0.00110omega + 0.00007theta^2 + 0.00022theta omega + -0.00070omega^2

--- Chunk 55017 (18/220) | Start: 2025-03-03 17:15:00 ---
    RMSE omega: 0.006122 | RMSE theta: 0.052650 | Loss: -2.4671 | Epoch: 1420
    Eq theta: 1.00000omega
    Eq omega: -0.003121 + -0.01020theta + -0.00026omega + 0.00008theta^2 + 0.00082theta omega + -0.00038omega^2

--- Chunk 55018 (19/220) | Start: 2025-03-03 17:20:00 ---
    RMSE omega: 0.014023 | RMSE theta: 1.391577 | Loss: -950099788454142978746929381376.0000 | Epoch: 3074
    Eq theta: 1.00000omega
    Eq omega: -0.001961 + -0.00048theta + -0.00425omega + 0.00007theta^2 + -0.00013theta omega + -0.00005omega^2

--- Chunk 55019 (20/220) | Start: 2025-03-03 17:25:00 ---
    RMSE omega: 0.009502 | RMSE theta: 0.891924 | Loss: -1211545977849036310315008.0000 | Epoch: 5500
    Eq theta: 1.00000omega
    Eq omega: -0.027711 + -0.05690theta + -0.02700omega + -0.00107theta^2 + 0.00046theta omega + -0.00329omega^2

--- Chunk 55020 (21/220) | Start: 2025-03-03 17:30:00 ---
    RMSE omega: 0.020275 | RMSE theta: 0.138195 | Loss: 18.7197 | Epoch: 335
    Eq theta: 1.00000omega
    Eq omega: 0.001811 + -0.19121theta + 0.00726omega + -0.00445theta^2 + -0.00724theta omega + 0.00243omega^2

--- Chunk 55021 (22/220) | Start: 2025-03-03 17:35:00 ---
    RMSE omega: nan | RMSE theta: nan | Loss: 193.1409 | Epoch: 464
    Eq theta: 1.00000omega
    Eq omega: nan1 + nantheta + nanomega + nantheta^2 + nantheta omega + nanomega^2

--- Chunk 55022 (23/220) | Start: 2025-03-03 17:40:00 ---
    RMSE omega: nan | RMSE theta: nan | Loss: 13.1968 | Epoch: 186
    Eq theta: 1.00000omega
    Eq omega: nan1 + nantheta + nanomega + nantheta^2 + nantheta omega + nanomega^2

--- Chunk 55023 (24/220) | Start: 2025-03-03 17:45:00 ---
    RMSE omega: 0.011951 | RMSE theta: 0.770664 | Loss: -264025545767228389982208.0000 | Epoch: 2417
    Eq theta: 1.00000omega
    Eq omega: 0.012741 + -0.12209theta + -0.00026omega + -0.00020theta^2 + -0.00149theta omega + 0.00014omega^2

--- Chunk 55024 (25/220) | Start: 2025-03-03 17:50:00 ---
    RMSE omega: nan | RMSE theta: nan | Loss: 57.2411 | Epoch: 33
    Eq theta: 1.00000omega
    Eq omega: nan1 + nantheta + nanomega + nantheta^2 + nantheta omega + nanomega^2

--- Chunk 55025 (26/220) | Start: 2025-03-03 17:55:00 ---
    RMSE omega: 0.005403 | RMSE theta: 0.029927 | Loss: -10.8928 | Epoch: 2293
    Eq theta: 1.00000omega
    Eq omega: 0.007191 + -0.31720theta + -0.02143omega + 0.24997theta^2 + -0.00062theta omega + -0.00275omega^2

--- Chunk 55026 (27/220) | Start: 2025-03-03 18:00:00 ---
    RMSE omega: 0.006362 | RMSE theta: 0.192005 | Loss: -0.7669 | Epoch: 1688
    Eq theta: 1.00000omega
    Eq omega: -0.026021 + 0.00171theta + 0.00097omega + -0.00012theta^2 + 0.00017theta omega + 0.00053omega^2

--- Chunk 55027 (28/220) | Start: 2025-03-03 18:05:00 ---
    RMSE omega: 0.030387 | RMSE theta: 0.553221 | Loss: -167152.1719 | Epoch: 1273
    Eq theta: 1.00000omega
    Eq omega: 0.001911 + -0.02640theta + -0.00037omega + -0.00099theta^2 + 0.00028theta omega + 0.00142omega^2

--- Chunk 55028 (29/220) | Start: 2025-03-03 18:10:00 ---
    RMSE omega: 0.033254 | RMSE theta: 0.190642 | Loss: -741137792.0000 | Epoch: 826
    Eq theta: 1.00000omega
    Eq omega: 0.013221 + -0.00048theta + -0.00018omega + 0.00060theta^2 + 0.00041theta omega + 0.00480omega^2

--- Chunk 55029 (30/220) | Start: 2025-03-03 18:15:00 ---
    RMSE omega: 0.008032 | RMSE theta: 0.190452 | Loss: 1.0290 | Epoch: 1297
    Eq theta: 1.00000omega
    Eq omega: 0.023881 + 0.00226theta + -0.00723omega + -0.00972theta^2 + -0.00056theta omega + 0.00824omega^2

--- Chunk 55030 (31/220) | Start: 2025-03-03 18:20:00 ---
    RMSE omega: 0.048373 | RMSE theta: 1.140744 | Loss: 235.4442 | Epoch: 29
    Eq theta: 1.00000omega
    Eq omega: 0.000551 + -0.00564theta + -0.00061omega + 0.00295theta^2 + -0.00022theta omega + 0.00047omega^2

--- Chunk 55031 (32/220) | Start: 2025-03-03 18:25:00 ---
    RMSE omega: 0.040507 | RMSE theta: 0.817959 | Loss: 202.4541 | Epoch: 35
    Eq theta: 1.00000omega
    Eq omega: 0.001401 + -0.00860theta + -0.00007omega + -0.00015theta^2 + -0.00349theta omega + -0.00035omega^2

--- Chunk 55032 (33/220) | Start: 2025-03-03 18:30:00 ---
    RMSE omega: 0.004519 | RMSE theta: 0.062726 | Loss: -1.4469 | Epoch: 1087
    Eq theta: 1.00000omega
    Eq omega: 0.000431 + -0.00267theta + -0.00326omega + -0.00227theta^2 + -0.00225theta omega + 0.00392omega^2

--- Chunk 55033 (34/220) | Start: 2025-03-03 18:35:00 ---
    RMSE omega: nan | RMSE theta: nan | Loss: 212.7543 | Epoch: 25
    Eq theta: 1.00000omega
    Eq omega: nan1 + nantheta + nanomega + nantheta^2 + nantheta omega + nanomega^2

--- Chunk 55034 (35/220) | Start: 2025-03-03 18:40:00 ---
    RMSE omega: nan | RMSE theta: nan | Loss: 31.3603 | Epoch: 195
    Eq theta: 1.00000omega
    Eq omega: nan1 + nantheta + nanomega + nantheta^2 + nantheta omega + nanomega^2

--- Chunk 55035 (36/220) | Start: 2025-03-03 18:45:00 ---
    RMSE omega: 0.009156 | RMSE theta: 0.198650 | Loss: -4368184.5000 | Epoch: 3647
    Eq theta: 1.00000omega
    Eq omega: -0.002401 + -0.00486theta + 0.00491omega + 0.00037theta^2 + 0.00029theta omega + -0.00156omega^2

--- Chunk 55036 (37/220) | Start: 2025-03-03 18:50:00 ---
    RMSE omega: 0.010690 | RMSE theta: 0.163389 | Loss: -2.0977 | Epoch: 2243
    Eq theta: 1.00000omega
    Eq omega: -0.017161 + -0.00084theta + 0.00068omega + -0.00003theta^2 + -0.00850theta omega + -0.00317omega^2

--- Chunk 55037 (38/220) | Start: 2025-03-03 18:55:00 ---
    RMSE omega: 0.013661 | RMSE theta: 0.199589 | Loss: -1758198400.0000 | Epoch: 710
    Eq theta: 1.00000omega
    Eq omega: 0.009831 + -0.01865theta + 0.00234omega + 0.00767theta^2 + 0.00412theta omega + 0.01498omega^2

--- Chunk 55038 (39/220) | Start: 2025-03-03 19:00:00 ---
    RMSE omega: 0.004387 | RMSE theta: 0.024159 | Loss: -1.1623 | Epoch: 1048
    Eq theta: 1.00000omega
    Eq omega: 0.003921 + -0.00274theta + -0.00284omega + 0.00982theta^2 + -0.00043theta omega + 0.00074omega^2

--- Chunk 55039 (40/220) | Start: 2025-03-03 19:05:00 ---
    RMSE omega: 0.021350 | RMSE theta: 0.841303 | Loss: -206370591971695656960.0000 | Epoch: 1775
    Eq theta: 1.00000omega
    Eq omega: -0.007971 + -0.15603theta + -0.00033omega + -0.05191theta^2 + -0.00420theta omega + 0.01824omega^2

--- Chunk 55040 (41/220) | Start: 2025-03-03 19:10:00 ---
    RMSE omega: 0.035981 | RMSE theta: 0.551123 | Loss: 43.0321 | Epoch: 69
    Eq theta: 1.00000omega
    Eq omega: 0.008061 + -0.16542theta + -0.07062omega + 0.00228theta^2 + -0.00972theta omega + 0.02043omega^2

--- Chunk 55041 (42/220) | Start: 2025-03-03 19:15:00 ---
    RMSE omega: nan | RMSE theta: nan | Loss: 82.9913 | Epoch: 30
    Eq theta: 1.00000omega
    Eq omega: nan1 + nantheta + nanomega + nantheta^2 + nantheta omega + nanomega^2

--- Chunk 55042 (43/220) | Start: 2025-03-03 19:20:00 ---
    RMSE omega: nan | RMSE theta: nan | Loss: 44.4486 | Epoch: 50
    Eq theta: 1.00000omega
    Eq omega: nan1 + nantheta + nanomega + nantheta^2 + nantheta omega + nanomega^2

--- Chunk 55043 (44/220) | Start: 2025-03-03 19:25:00 ---
    RMSE omega: 0.018622 | RMSE theta: 1.117568 | Loss: -133699.9844 | Epoch: 1255
    Eq theta: 1.00000omega
    Eq omega: -0.000831 + -0.00049theta + -0.00130omega + -0.00033theta^2 + 0.00127theta omega + -0.00143omega^2

--- Chunk 55044 (45/220) | Start: 2025-03-03 19:30:00 ---
    RMSE omega: 0.021129 | RMSE theta: 1.731991 | Loss: -462303436891242117464064.0000 | Epoch: 2813
    Eq theta: 1.00000omega
    Eq omega: -0.001371 + 0.00022theta + 0.00043omega + -0.00003theta^2 + 0.00009theta omega + -0.00063omega^2

--- Chunk 55045 (46/220) | Start: 2025-03-03 19:35:00 ---
    RMSE omega: 0.023038 | RMSE theta: 0.534661 | Loss: -19110.6562 | Epoch: 1354
    Eq theta: 1.00000omega
    Eq omega: 0.034411 + -1.35462theta + 0.00955omega + 0.04485theta^2 + 0.19508theta omega + -0.01676omega^2

--- Chunk 55046 (47/220) | Start: 2025-03-03 19:40:00 ---
    RMSE omega: 0.007236 | RMSE theta: 0.203865 | Loss: -3.7061 | Epoch: 1812
    Eq theta: 1.00000omega
    Eq omega: -0.005511 + -0.25350theta + -0.00934omega + -0.00013theta^2 + -0.00063theta omega + -0.01025omega^2

--- Chunk 55047 (48/220) | Start: 2025-03-03 19:45:00 ---
    RMSE omega: nan | RMSE theta: nan | Loss: 76.1621 | Epoch: 18
    Eq theta: 1.00000omega
    Eq omega: nan1 + nantheta + nanomega + nantheta^2 + nantheta omega + nanomega^2

--- Chunk 55048 (49/220) | Start: 2025-03-03 19:50:00 ---
    RMSE omega: nan | RMSE theta: nan | Loss: 202.6896 | Epoch: 26
    Eq theta: 1.00000omega
    Eq omega: nan1 + nantheta + nanomega + nantheta^2 + nantheta omega + nanomega^2

--- Chunk 55049 (50/220) | Start: 2025-03-03 19:55:00 ---
    RMSE omega: 0.005330 | RMSE theta: 0.156431 | Loss: -7.3522 | Epoch: 1226
    Eq theta: 1.00000omega
    Eq omega: 0.000351 + -0.00597theta + -0.00050omega + -0.48364theta^2 + 0.00514theta omega + -0.01746omega^2

  [Progress 50/220] Mean RMSE omega: 0.016548 | Mean loss: -19002034530709481212665135104.0000 | Valid: 37/50 | Elapsed: 20.1min | ETA: 68.5min

--- Chunk 55050 (51/220) | Start: 2025-03-03 20:00:00 ---
    RMSE omega: nan | RMSE theta: nan | Loss: 166.7687 | Epoch: 36
    Eq theta: 1.00000omega
    Eq omega: nan1 + nantheta + nanomega + nantheta^2 + nantheta omega + nanomega^2

--- Chunk 55051 (52/220) | Start: 2025-03-03 20:05:00 ---
    RMSE omega: 0.004474 | RMSE theta: 0.118297 | Loss: 0.3775 | Epoch: 1329
    Eq theta: 1.00000omega
    Eq omega: 0.003001 + -0.01094theta + 0.00177omega + 0.00029theta^2 + 0.00023theta omega + -0.00115omega^2

--- Chunk 55052 (53/220) | Start: 2025-03-03 20:10:00 ---
    RMSE omega: 0.033796 | RMSE theta: 0.234376 | Loss: 36.1173 | Epoch: 53
    Eq theta: 1.00000omega
    Eq omega: -0.000011 + -0.05505theta + -0.00218omega + 0.01421theta^2 + -0.00677theta omega + 0.00342omega^2

--- Chunk 55053 (54/220) | Start: 2025-03-03 20:15:00 ---
    RMSE omega: 0.009248 | RMSE theta: 0.320442 | Loss: 5.8430 | Epoch: 1787
    Eq theta: 1.00000omega
    Eq omega: 0.030181 + -0.09115theta + -0.00098omega + -0.01380theta^2 + -0.00021theta omega + 0.00683omega^2

--- Chunk 55054 (55/220) | Start: 2025-03-03 20:20:00 ---
    RMSE omega: 0.005448 | RMSE theta: 0.110746 | Loss: -1.5410 | Epoch: 1719
    Eq theta: 1.00000omega
    Eq omega: 0.002401 + 0.00079theta + 0.00205omega + 0.00008theta^2 + 0.00016theta omega + 0.00147omega^2

--- Chunk 55055 (56/220) | Start: 2025-03-03 20:25:00 ---
    RMSE omega: nan | RMSE theta: nan | Loss: 9915.1943 | Epoch: 19
    Eq theta: 1.00000omega
    Eq omega: nan1 + nantheta + nanomega + nantheta^2 + nantheta omega + nanomega^2

--- Chunk 55056 (57/220) | Start: 2025-03-03 20:30:00 ---
    RMSE omega: 0.005211 | RMSE theta: 0.044358 | Loss: 3.4620 | Epoch: 1072
    Eq theta: 1.00000omega
    Eq omega: -0.005411 + -0.00008theta + -0.00170omega + -0.00002theta^2 + -0.00004theta omega + -0.00022omega^2

--- Chunk 55057 (58/220) | Start: 2025-03-03 20:35:00 ---
    RMSE omega: 0.003942 | RMSE theta: 0.153233 | Loss: -1.7144 | Epoch: 1326
    Eq theta: 1.00000omega
    Eq omega: -0.004321 + -0.00047theta + 0.00551omega + 0.00121theta^2 + -0.00010theta omega + -0.00676omega^2

--- Chunk 55058 (59/220) | Start: 2025-03-03 20:40:00 ---
    RMSE omega: 0.006737 | RMSE theta: 0.233993 | Loss: -2493.2764 | Epoch: 2792
    Eq theta: 1.00000omega
    Eq omega: -0.000301 + 0.00009theta + 0.00058omega + -0.00011theta^2 + 0.00002theta omega + 0.00045omega^2

--- Chunk 55059 (60/220) | Start: 2025-03-03 20:45:00 ---
    RMSE omega: 0.010513 | RMSE theta: 0.330093 | Loss: -1599859589120.0000 | Epoch: 1384
    Eq theta: 1.00000omega
    Eq omega: 0.000951 + -0.00227theta + 0.00593omega + -0.00407theta^2 + -0.00126theta omega + -0.00019omega^2

--- Chunk 55060 (61/220) | Start: 2025-03-03 20:50:00 ---
    RMSE omega: 0.047593 | RMSE theta: 0.641586 | Loss: -62321.3828 | Epoch: 507
    Eq theta: 1.00000omega
    Eq omega: -0.000811 + -0.00061theta + 0.00040omega + 0.00045theta^2 + 0.00109theta omega + 0.00069omega^2

--- Chunk 55061 (62/220) | Start: 2025-03-03 20:55:00 ---
    RMSE omega: 0.005559 | RMSE theta: 0.088723 | Loss: -1.6686 | Epoch: 1199
    Eq theta: 1.00000omega
    Eq omega: 0.006201 + -0.12373theta + 0.00120omega + 0.00262theta^2 + -0.02150theta omega + -0.01864omega^2

--- Chunk 55062 (63/220) | Start: 2025-03-03 21:00:00 ---
    RMSE omega: 0.004532 | RMSE theta: 0.018724 | Loss: -2.1039 | Epoch: 1718
    Eq theta: 1.00000omega
    Eq omega: 0.001651 + 0.00339theta + 0.00016omega + -0.00178theta^2 + -0.00002theta omega + -0.00028omega^2

--- Chunk 55063 (64/220) | Start: 2025-03-03 21:05:00 ---
    RMSE omega: 0.007505 | RMSE theta: 0.292277 | Loss: -1.5291 | Epoch: 1358
    Eq theta: 1.00000omega
    Eq omega: -0.002641 + 0.00083theta + 0.00126omega + -0.00063theta^2 + -0.00030theta omega + -0.00002omega^2

--- Chunk 55064 (65/220) | Start: 2025-03-03 21:10:00 ---
    RMSE omega: 0.003728 | RMSE theta: 0.086692 | Loss: -1.6245 | Epoch: 1580
    Eq theta: 1.00000omega
    Eq omega: 0.016941 + -0.00492theta + 0.00708omega + 0.04222theta^2 + -0.00278theta omega + 0.00964omega^2

--- Chunk 55065 (66/220) | Start: 2025-03-03 21:15:00 ---
    RMSE omega: 0.005156 | RMSE theta: 0.111364 | Loss: -24.9374 | Epoch: 1805
    Eq theta: 1.00000omega
    Eq omega: 0.009511 + -0.16298theta + -0.02383omega + 0.00064theta^2 + -0.00115theta omega + 0.00245omega^2

--- Chunk 55066 (67/220) | Start: 2025-03-03 21:20:00 ---
    RMSE omega: nan | RMSE theta: nan | Loss: 263.8586 | Epoch: 17
    Eq theta: 1.00000omega
    Eq omega: nan1 + nantheta + nanomega + nantheta^2 + nantheta omega + nanomega^2

--- Chunk 55067 (68/220) | Start: 2025-03-03 21:25:00 ---
    RMSE omega: nan | RMSE theta: nan | Loss: 177.6277 | Epoch: 25
    Eq theta: 1.00000omega
    Eq omega: nan1 + nantheta + nanomega + nantheta^2 + nantheta omega + nanomega^2

--- Chunk 55068 (69/220) | Start: 2025-03-03 21:30:00 ---
    RMSE omega: 0.012042 | RMSE theta: 0.504192 | Loss: -0.5589 | Epoch: 2139
    Eq theta: 1.00000omega
    Eq omega: -0.001011 + -0.00008theta + 0.00269omega + -0.00004theta^2 + 0.00050theta omega + 0.00286omega^2

--- Chunk 55069 (70/220) | Start: 2025-03-03 21:35:00 ---
    RMSE omega: 0.010134 | RMSE theta: 0.702543 | Loss: -7326248468480.0000 | Epoch: 1847
    Eq theta: 1.00000omega
    Eq omega: 0.003441 + -0.00001theta + -0.00230omega + 0.00055theta^2 + 0.00003theta omega + -0.00016omega^2

--- Chunk 55070 (71/220) | Start: 2025-03-03 21:40:00 ---
    RMSE omega: nan | RMSE theta: nan | Loss: 209.6462 | Epoch: 53
    Eq theta: 1.00000omega
    Eq omega: nan1 + nantheta + nanomega + nantheta^2 + nantheta omega + nanomega^2

--- Chunk 55071 (72/220) | Start: 2025-03-03 21:45:00 ---
    RMSE omega: 0.003975 | RMSE theta: 0.050754 | Loss: -1.8711 | Epoch: 1713
    Eq theta: 1.00000omega
    Eq omega: 0.007431 + -1.03843theta + -0.53068omega + 0.44097theta^2 + -0.02538theta omega + 0.03504omega^2

--- Chunk 55072 (73/220) | Start: 2025-03-03 21:50:00 ---
    RMSE omega: 0.006611 | RMSE theta: 0.088381 | Loss: -1.7875 | Epoch: 2086
    Eq theta: 1.00000omega
    Eq omega: -0.001571 + -0.00169theta + -0.00120omega + 0.00009theta^2 + 0.00137theta omega + -0.00129omega^2

--- Chunk 55073 (74/220) | Start: 2025-03-03 21:55:00 ---
    RMSE omega: 0.029045 | RMSE theta: 0.352969 | Loss: 371.8067 | Epoch: 978
    Eq theta: 1.00000omega
    Eq omega: 0.003281 + -0.00056theta + -0.07685omega + -0.00545theta^2 + 0.00002theta omega + -0.00013omega^2

--- Chunk 55074 (75/220) | Start: 2025-03-03 22:00:00 ---
    RMSE omega: 0.007899 | RMSE theta: 0.326934 | Loss: 13.7282 | Epoch: 1973
    Eq theta: 1.00000omega
    Eq omega: 0.000521 + 0.00091theta + -0.00034omega + 0.00002theta^2 + 0.00010theta omega + 0.00000omega^2

--- Chunk 55075 (76/220) | Start: 2025-03-03 22:05:00 ---
    RMSE omega: 0.003967 | RMSE theta: 0.100196 | Loss: 2.3708 | Epoch: 4484
    Eq theta: 1.00000omega
    Eq omega: 0.002201 + -0.00073theta + 0.00410omega + 0.00001theta^2 + -0.00002theta omega + -0.00046omega^2

--- Chunk 55076 (77/220) | Start: 2025-03-03 22:10:00 ---
    RMSE omega: 0.004207 | RMSE theta: 0.035325 | Loss: -1.3249 | Epoch: 1335
    Eq theta: 1.00000omega
    Eq omega: 0.078041 + -1.55335theta + -0.00846omega + -0.86301theta^2 + 0.01124theta omega + 0.01860omega^2

--- Chunk 55077 (78/220) | Start: 2025-03-03 22:15:00 ---
    RMSE omega: 0.004051 | RMSE theta: 0.094870 | Loss: -2.1138 | Epoch: 1925
    Eq theta: 1.00000omega
    Eq omega: 0.000601 + -0.00015theta + -0.00127omega + -0.00050theta^2 + -0.01552theta omega + 0.00356omega^2

--- Chunk 55078 (79/220) | Start: 2025-03-03 22:20:00 ---
    RMSE omega: 0.004450 | RMSE theta: 0.115695 | Loss: -132445.0469 | Epoch: 1679
    Eq theta: 1.00000omega
    Eq omega: 0.008981 + -0.00391theta + 0.00112omega + -0.00035theta^2 + 0.00063theta omega + -0.00004omega^2

--- Chunk 55079 (80/220) | Start: 2025-03-03 22:35:00 ---
    RMSE omega: 0.019061 | RMSE theta: 0.191167 | Loss: 37.3130 | Epoch: 365
    Eq theta: 1.00000omega
    Eq omega: 0.010291 + 0.00448theta + -0.00114omega + -0.00007theta^2 + -0.00005theta omega + 0.00165omega^2

--- Chunk 55080 (81/220) | Start: 2025-03-03 22:40:00 ---
    RMSE omega: 0.019110 | RMSE theta: 0.491693 | Loss: 108.4067 | Epoch: 1300
    Eq theta: 1.00000omega
    Eq omega: -0.010031 + 0.00002theta + -0.00008omega + 0.00002theta^2 + -0.00003theta omega + -0.00019omega^2

--- Chunk 55081 (82/220) | Start: 2025-03-03 22:45:00 ---
    RMSE omega: 0.008554 | RMSE theta: 0.254443 | Loss: 11.6006 | Epoch: 1702
    Eq theta: 1.00000omega
    Eq omega: -0.000151 + -0.00000theta + 0.00009omega + 0.00000theta^2 + -0.00003theta omega + -0.00003omega^2

--- Chunk 55082 (83/220) | Start: 2025-03-03 22:50:00 ---
    RMSE omega: 0.003920 | RMSE theta: 0.059124 | Loss: -1.9213 | Epoch: 1952
    Eq theta: 1.00000omega
    Eq omega: -0.002641 + -0.00352theta + -0.01066omega + -0.00194theta^2 + -0.00334theta omega + 0.00398omega^2

--- Chunk 55083 (84/220) | Start: 2025-03-03 22:55:00 ---
    RMSE omega: nan | RMSE theta: nan | Loss: 424.3576 | Epoch: 48
    Eq theta: 1.00000omega
    Eq omega: nan1 + nantheta + nanomega + nantheta^2 + nantheta omega + nanomega^2

--- Chunk 55084 (85/220) | Start: 2025-03-03 23:00:00 ---
    RMSE omega: nan | RMSE theta: nan | Loss: 19.3396 | Epoch: 45
    Eq theta: 1.00000omega
    Eq omega: nan1 + nantheta + nanomega + nantheta^2 + nantheta omega + nanomega^2

--- Chunk 55085 (86/220) | Start: 2025-03-03 23:05:00 ---
    RMSE omega: 0.015733 | RMSE theta: 0.495685 | Loss: 24.8820 | Epoch: 1603
    Eq theta: 1.00000omega
    Eq omega: 0.001091 + -0.00012theta + -0.00082omega + -0.00004theta^2 + 0.00002theta omega + -0.00020omega^2

--- Chunk 55086 (87/220) | Start: 2025-03-03 23:10:00 ---
    RMSE omega: 0.005201 | RMSE theta: 0.256866 | Loss: 2.0119 | Epoch: 1707
    Eq theta: 1.00000omega
    Eq omega: 0.000001 + 0.00113theta + -0.00207omega + 0.00000theta^2 + 0.00013theta omega + -0.00051omega^2

--- Chunk 55087 (88/220) | Start: 2025-03-03 23:15:00 ---
    RMSE omega: nan | RMSE theta: nan | Loss: 369.3290 | Epoch: 75
    Eq theta: 1.00000omega
    Eq omega: nan1 + nantheta + nanomega + nantheta^2 + nantheta omega + nanomega^2

--- Chunk 55088 (89/220) | Start: 2025-03-03 23:20:00 ---
    RMSE omega: nan | RMSE theta: nan | Loss: 1195.6904 | Epoch: 28
    Eq theta: 1.00000omega
    Eq omega: nan1 + nantheta + nanomega + nantheta^2 + nantheta omega + nanomega^2

--- Chunk 55089 (90/220) | Start: 2025-03-03 23:25:00 ---
    RMSE omega: 0.004735 | RMSE theta: 0.211779 | Loss: -2.1833 | Epoch: 2271
    Eq theta: 1.00000omega
    Eq omega: 0.000831 + -0.15149theta + 0.00683omega + 0.00005theta^2 + -0.00177theta omega + 0.00006omega^2

--- Chunk 55090 (91/220) | Start: 2025-03-03 23:30:00 ---
    RMSE omega: 0.029737 | RMSE theta: 0.483336 | Loss: 202.0350 | Epoch: 204
    Eq theta: 1.00000omega
    Eq omega: -0.004601 + -0.00185theta + 0.00717omega + -0.00158theta^2 + -0.00017theta omega + -0.00013omega^2

--- Chunk 55091 (92/220) | Start: 2025-03-03 23:35:00 ---
    RMSE omega: 0.006488 | RMSE theta: 0.145423 | Loss: -1.6700 | Epoch: 2296
    Eq theta: 1.00000omega
    Eq omega: 0.000041 + -0.00012theta + -0.00094omega + 0.00002theta^2 + -0.00008theta omega + -0.00011omega^2

--- Chunk 55092 (93/220) | Start: 2025-03-03 23:40:00 ---
    RMSE omega: nan | RMSE theta: nan | Loss: 295.1104 | Epoch: 50
    Eq theta: 1.00000omega
    Eq omega: nan1 + nantheta + nanomega + nantheta^2 + nantheta omega + nanomega^2

--- Chunk 55093 (94/220) | Start: 2025-03-03 23:45:00 ---
    RMSE omega: 0.006688 | RMSE theta: 0.432371 | Loss: -2327.9402 | Epoch: 1744
    Eq theta: 1.00000omega
    Eq omega: -0.008071 + -0.00150theta + 0.00073omega + -0.00017theta^2 + -0.00352theta omega + -0.00175omega^2

--- Chunk 55094 (95/220) | Start: 2025-03-03 23:50:00 ---
    RMSE omega: 0.004655 | RMSE theta: 0.023389 | Loss: -1717106.3750 | Epoch: 1639
    Eq theta: 1.00000omega
    Eq omega: 0.005981 + -1.28615theta + -0.04188omega + 0.42678theta^2 + -0.04168theta omega + -0.00183omega^2

--- Chunk 55095 (96/220) | Start: 2025-03-03 23:55:00 ---
    RMSE omega: 0.003843 | RMSE theta: 0.067664 | Loss: -2.1576 | Epoch: 1554
    Eq theta: 1.00000omega
    Eq omega: 0.001861 + -0.00091theta + -0.00192omega + -0.00356theta^2 + 0.00002theta omega + -0.00001omega^2

--- Chunk 55096 (97/220) | Start: 2025-03-04 00:00:00 ---
    RMSE omega: 0.036391 | RMSE theta: 0.552267 | Loss: 155.7143 | Epoch: 96
    Eq theta: 1.00000omega
    Eq omega: -0.037261 + -0.00067theta + -0.01152omega + -0.00024theta^2 + -0.00012theta omega + -0.00206omega^2

--- Chunk 55097 (98/220) | Start: 2025-03-04 00:05:00 ---
    RMSE omega: 0.005142 | RMSE theta: 0.087207 | Loss: -1.4656 | Epoch: 1061
    Eq theta: 1.00000omega
    Eq omega: -0.016081 + 0.00375theta + -0.00277omega + -0.00164theta^2 + 0.00475theta omega + 0.00233omega^2

--- Chunk 55098 (99/220) | Start: 2025-03-04 00:10:00 ---
    RMSE omega: nan | RMSE theta: nan | Loss: 465.2332 | Epoch: 17
    Eq theta: 1.00000omega
    Eq omega: nan1 + nantheta + nanomega + nantheta^2 + nantheta omega + nanomega^2

--- Chunk 55099 (100/220) | Start: 2025-03-04 00:15:00 ---
    RMSE omega: nan | RMSE theta: nan | Loss: 73.8209 | Epoch: 36
    Eq theta: 1.00000omega
    Eq omega: nan1 + nantheta + nanomega + nantheta^2 + nantheta omega + nanomega^2

  [Progress 100/220] Mean RMSE omega: 0.013618 | Mean loss: -9501017265354740606332567552.0000 | Valid: 75/100 | Elapsed: 41.1min | ETA: 49.3min

--- Chunk 55100 (101/220) | Start: 2025-03-04 00:20:00 ---
    RMSE omega: 0.060610 | RMSE theta: 1.717748 | Loss: -2438335.7500 | Epoch: 976
    Eq theta: 1.00000omega
    Eq omega: 0.007461 + -0.00000theta + 0.00005omega + -0.00016theta^2 + 0.00141theta omega + -0.00575omega^2

--- Chunk 55101 (102/220) | Start: 2025-03-04 00:25:00 ---
    RMSE omega: 0.004070 | RMSE theta: 0.074398 | Loss: -0.8194 | Epoch: 1650
    Eq theta: 1.00000omega
    Eq omega: 0.001661 + -0.00197theta + 0.00147omega + 0.00005theta^2 + -0.00182theta omega + -0.00375omega^2

--- Chunk 55102 (103/220) | Start: 2025-03-04 00:30:00 ---
    RMSE omega: 0.003552 | RMSE theta: 0.011927 | Loss: -1.5929 | Epoch: 1387
    Eq theta: 1.00000omega
    Eq omega: 0.000331 + -0.00063theta + 0.00260omega + -0.00104theta^2 + 0.00014theta omega + 0.00321omega^2

--- Chunk 55103 (104/220) | Start: 2025-03-04 00:35:00 ---
    RMSE omega: nan | RMSE theta: nan | Loss: 16.5121 | Epoch: 100
    Eq theta: 1.00000omega
    Eq omega: nan1 + nantheta + nanomega + nantheta^2 + nantheta omega + nanomega^2

--- Chunk 55104 (105/220) | Start: 2025-03-04 00:40:00 ---
    RMSE omega: 0.017479 | RMSE theta: 0.071479 | Loss: -64409500.0000 | Epoch: 1235
    Eq theta: 1.00000omega
    Eq omega: -0.001921 + -0.00024theta + -0.00235omega + 0.00025theta^2 + 0.00071theta omega + -0.00330omega^2

--- Chunk 55105 (106/220) | Start: 2025-03-04 00:45:00 ---
    RMSE omega: 0.008531 | RMSE theta: 0.331098 | Loss: -39.0527 | Epoch: 1286
    Eq theta: 1.00000omega
    Eq omega: -0.010641 + -0.48961theta + -0.04449omega + -0.01565theta^2 + 0.00512theta omega + -0.00603omega^2

--- Chunk 55106 (107/220) | Start: 2025-03-04 00:50:00 ---
    RMSE omega: nan | RMSE theta: nan | Loss: 36.3936 | Epoch: 63
    Eq theta: 1.00000omega
    Eq omega: nan1 + nantheta + nanomega + nantheta^2 + nantheta omega + nanomega^2

--- Chunk 55107 (108/220) | Start: 2025-03-04 00:55:00 ---
    RMSE omega: nan | RMSE theta: nan | Loss: 131.5987 | Epoch: 124
    Eq theta: 1.00000omega
    Eq omega: nan1 + nantheta + nanomega + nantheta^2 + nantheta omega + nanomega^2

--- Chunk 55108 (109/220) | Start: 2025-03-04 01:00:00 ---
    RMSE omega: 0.003672 | RMSE theta: 0.039587 | Loss: -2.3609 | Epoch: 1419
    Eq theta: 1.00000omega
    Eq omega: -0.006061 + -0.83458theta + 0.00681omega + -0.01655theta^2 + 0.00493theta omega + -0.15298omega^2

--- Chunk 55109 (110/220) | Start: 2025-03-04 01:05:00 ---
    RMSE omega: 0.003823 | RMSE theta: 0.035017 | Loss: -1.4558 | Epoch: 1093
    Eq theta: 1.00000omega
    Eq omega: 0.000251 + 0.00371theta + 0.00134omega + 0.00165theta^2 + 0.00054theta omega + 0.00596omega^2

--- Chunk 55110 (111/220) | Start: 2025-03-04 01:10:00 ---
    RMSE omega: 0.004124 | RMSE theta: 0.033359 | Loss: -1.7642 | Epoch: 1209
    Eq theta: 1.00000omega
    Eq omega: -0.012941 + 0.00184theta + 0.00367omega + 0.00175theta^2 + -0.00088theta omega + -0.00220omega^2

--- Chunk 55111 (112/220) | Start: 2025-03-04 01:15:00 ---
    RMSE omega: 0.004735 | RMSE theta: 0.042752 | Loss: -2.5077 | Epoch: 1112
    Eq theta: 1.00000omega
    Eq omega: 0.000121 + -1.27290theta + -0.01083omega + 0.01639theta^2 + -0.01460theta omega + 0.07109omega^2

--- Chunk 55112 (113/220) | Start: 2025-03-04 01:20:00 ---
    RMSE omega: nan | RMSE theta: nan | Loss: 67.2114 | Epoch: 55
    Eq theta: 1.00000omega
    Eq omega: nan1 + nantheta + nanomega + nantheta^2 + nantheta omega + nanomega^2

--- Chunk 55113 (114/220) | Start: 2025-03-04 01:25:00 ---
    RMSE omega: 0.003191 | RMSE theta: 0.102169 | Loss: -3.4132 | Epoch: 1229
    Eq theta: 1.00000omega
    Eq omega: 0.011971 + -3.03372theta + -0.01051omega + 0.08448theta^2 + -0.02593theta omega + 0.13273omega^2

--- Chunk 55114 (115/220) | Start: 2025-03-04 01:30:00 ---
    RMSE omega: 0.004011 | RMSE theta: 0.111921 | Loss: -1.7951 | Epoch: 1958
    Eq theta: 1.00000omega
    Eq omega: 0.000591 + -0.00053theta + -0.00044omega + 0.00007theta^2 + -0.00033theta omega + -0.00016omega^2

--- Chunk 55115 (116/220) | Start: 2025-03-04 01:35:00 ---
    RMSE omega: 0.003353 | RMSE theta: 0.088842 | Loss: -4.0990 | Epoch: 1651
    Eq theta: 1.00000omega
    Eq omega: -0.000361 + -0.00045theta + -0.00026omega + 0.00097theta^2 + 0.00147theta omega + -0.00047omega^2

--- Chunk 55116 (117/220) | Start: 2025-03-04 01:40:00 ---
    RMSE omega: nan | RMSE theta: nan | Loss: 207.5650 | Epoch: 22
    Eq theta: 1.00000omega
    Eq omega: nan1 + nantheta + nanomega + nantheta^2 + nantheta omega + nanomega^2

--- Chunk 55117 (118/220) | Start: 2025-03-04 01:45:00 ---
    RMSE omega: 0.004617 | RMSE theta: 0.164051 | Loss: -0.4438 | Epoch: 1528
    Eq theta: 1.00000omega
    Eq omega: -0.000351 + -0.00054theta + -0.00300omega + 0.00010theta^2 + 0.00016theta omega + 0.00107omega^2

--- Chunk 55118 (119/220) | Start: 2025-03-04 01:50:00 ---
    RMSE omega: 0.004937 | RMSE theta: 0.094074 | Loss: -0.4973 | Epoch: 3438
    Eq theta: 1.00000omega
    Eq omega: 0.001421 + -0.00031theta + 0.00054omega + -0.00008theta^2 + -0.00022theta omega + 0.00037omega^2

--- Chunk 55119 (120/220) | Start: 2025-03-04 01:55:00 ---
    RMSE omega: 0.023301 | RMSE theta: 1.850582 | Loss: -29873.2441 | Epoch: 788
    Eq theta: 1.00000omega
    Eq omega: 0.002041 + -0.00176theta + 0.00004omega + 0.00017theta^2 + -0.00120theta omega + -0.00065omega^2

--- Chunk 55120 (121/220) | Start: 2025-03-04 02:00:00 ---
    RMSE omega: 0.021620 | RMSE theta: 0.438510 | Loss: -2267.2036 | Epoch: 1824
    Eq theta: 1.00000omega
    Eq omega: 0.007941 + -0.84387theta + -0.11973omega + -0.01042theta^2 + 0.00298theta omega + 0.00144omega^2

--- Chunk 55121 (122/220) | Start: 2025-03-04 02:05:00 ---
    RMSE omega: 0.012555 | RMSE theta: 1.809271 | Loss: -257107269358221946737655808.0000 | Epoch: 1617
    Eq theta: 1.00000omega
    Eq omega: -0.009851 + 0.00005theta + -0.00084omega + -0.00004theta^2 + -0.00028theta omega + -0.00014omega^2

--- Chunk 55122 (123/220) | Start: 2025-03-04 02:10:00 ---
    RMSE omega: 0.003327 | RMSE theta: 0.032516 | Loss: -2.4279 | Epoch: 1354
    Eq theta: 1.00000omega
    Eq omega: -0.000341 + -0.01817theta + -0.00176omega + 0.00195theta^2 + -0.00180theta omega + -0.00277omega^2

--- Chunk 55123 (124/220) | Start: 2025-03-04 02:15:00 ---
    RMSE omega: 0.026471 | RMSE theta: 0.680111 | Loss: -2073.9680 | Epoch: 652
    Eq theta: 1.00000omega
    Eq omega: 0.004121 + -0.03440theta + 0.00766omega + -0.00425theta^2 + 0.00015theta omega + 0.02654omega^2

--- Chunk 55124 (125/220) | Start: 2025-03-04 02:20:00 ---
    RMSE omega: 0.004037 | RMSE theta: 0.145359 | Loss: 0.5798 | Epoch: 2176
    Eq theta: 1.00000omega
    Eq omega: -0.001341 + -0.00049theta + -0.00150omega + 0.00000theta^2 + 0.00035theta omega + -0.00078omega^2

--- Chunk 55125 (126/220) | Start: 2025-03-04 02:25:00 ---
    RMSE omega: 0.052035 | RMSE theta: 2.912526 | Loss: 1518.9445 | Epoch: 20
    Eq theta: 1.00000omega
    Eq omega: 0.000251 + 0.00053theta + 0.00295omega + 0.00007theta^2 + 0.00037theta omega + 0.00007omega^2

--- Chunk 55126 (127/220) | Start: 2025-03-04 02:30:00 ---
    RMSE omega: 0.008207 | RMSE theta: 0.519585 | Loss: 7.1754 | Epoch: 1833
    Eq theta: 1.00000omega
    Eq omega: 0.000771 + -0.00002theta + -0.00315omega + -0.00002theta^2 + -0.00011theta omega + -0.00006omega^2

--- Chunk 55127 (128/220) | Start: 2025-03-04 02:35:00 ---
    RMSE omega: 0.045970 | RMSE theta: 0.752117 | Loss: -2408.0918 | Epoch: 672
    Eq theta: 1.00000omega
    Eq omega: 0.002931 + 0.00043theta + 0.00303omega + -0.00006theta^2 + -0.00003theta omega + 0.00209omega^2

--- Chunk 55128 (129/220) | Start: 2025-03-04 02:40:00 ---
    RMSE omega: 0.040391 | RMSE theta: 1.021019 | Loss: 722.3375 | Epoch: 47
    Eq theta: 1.00000omega
    Eq omega: 0.003791 + 0.00123theta + 0.04852omega + 0.00192theta^2 + 0.00159theta omega + 0.00240omega^2

--- Chunk 55129 (130/220) | Start: 2025-03-04 02:45:00 ---
    RMSE omega: 0.049145 | RMSE theta: 0.887834 | Loss: 295.4704 | Epoch: 35
    Eq theta: 1.00000omega
    Eq omega: 0.000071 + 0.00330theta + -0.00626omega + -0.00069theta^2 + 0.00057theta omega + -0.00283omega^2

--- Chunk 55130 (131/220) | Start: 2025-03-04 02:50:00 ---
    RMSE omega: 0.009775 | RMSE theta: 0.556886 | Loss: 14.2233 | Epoch: 3326
    Eq theta: 1.00000omega
    Eq omega: 0.007031 + -0.02376theta + 0.00497omega + 0.00001theta^2 + -0.00003theta omega + -0.00007omega^2

--- Chunk 55131 (132/220) | Start: 2025-03-04 02:55:00 ---
    RMSE omega: 0.009517 | RMSE theta: 0.407852 | Loss: 90.1125 | Epoch: 2848
    Eq theta: 1.00000omega
    Eq omega: 0.002711 + -0.00003theta + -0.00036omega + 0.00001theta^2 + -0.00000theta omega + 0.00089omega^2

--- Chunk 55132 (133/220) | Start: 2025-03-04 03:00:00 ---
    RMSE omega: nan | RMSE theta: nan | Loss: 151.6205 | Epoch: 137
    Eq theta: 1.00000omega
    Eq omega: nan1 + nantheta + nanomega + nantheta^2 + nantheta omega + nanomega^2

--- Chunk 55133 (134/220) | Start: 2025-03-04 03:05:00 ---
    RMSE omega: nan | RMSE theta: nan | Loss: 304.7846 | Epoch: 47
    Eq theta: 1.00000omega
    Eq omega: nan1 + nantheta + nanomega + nantheta^2 + nantheta omega + nanomega^2

--- Chunk 55134 (135/220) | Start: 2025-03-04 03:10:00 ---
    RMSE omega: 0.009623 | RMSE theta: 0.590367 | Loss: -434847403892564473937920.0000 | Epoch: 4573
    Eq theta: 1.00000omega
    Eq omega: -0.004191 + -0.00025theta + 0.00583omega + -0.00004theta^2 + -0.00004theta omega + -0.00142omega^2

--- Chunk 55135 (136/220) | Start: 2025-03-04 03:15:00 ---
    RMSE omega: 0.034372 | RMSE theta: 0.127717 | Loss: -253342.0938 | Epoch: 3030
    Eq theta: 1.00000omega
    Eq omega: 0.004211 + 0.00031theta + 0.00075omega + 0.00001theta^2 + -0.00006theta omega + 0.00021omega^2

--- Chunk 55136 (137/220) | Start: 2025-03-04 03:20:00 ---
    RMSE omega: 0.035054 | RMSE theta: 1.319632 | Loss: 1282.7098 | Epoch: 32
    Eq theta: 1.00000omega
    Eq omega: -0.000961 + -0.00005theta + 0.00233omega + -0.00005theta^2 + -0.00003theta omega + 0.00007omega^2

--- Chunk 55137 (138/220) | Start: 2025-03-04 03:25:00 ---
    RMSE omega: nan | RMSE theta: nan | Loss: 14475.0742 | Epoch: 16
    Eq theta: 1.00000omega
    Eq omega: nan1 + nantheta + nanomega + nantheta^2 + nantheta omega + nanomega^2

--- Chunk 55138 (139/220) | Start: 2025-03-04 03:30:00 ---
    RMSE omega: 0.049995 | RMSE theta: 1.142302 | Loss: 104.4769 | Epoch: 35
    Eq theta: 1.00000omega
    Eq omega: -0.005261 + -0.00262theta + -0.00150omega + -0.00051theta^2 + -0.00115theta omega + -0.00021omega^2

--- Chunk 55139 (140/220) | Start: 2025-03-04 03:35:00 ---
    RMSE omega: 0.012928 | RMSE theta: 0.545865 | Loss: -656.9460 | Epoch: 1281
    Eq theta: 1.00000omega
    Eq omega: -0.002751 + -1.03695theta + 0.03458omega + 0.03087theta^2 + 0.04630theta omega + 0.05654omega^2

--- Chunk 55140 (141/220) | Start: 2025-03-04 03:40:00 ---
    RMSE omega: 0.003693 | RMSE theta: 0.096782 | Loss: -1.4445 | Epoch: 2993
    Eq theta: 1.00000omega
    Eq omega: -0.001781 + -0.00013theta + -0.00118omega + 0.00006theta^2 + -0.00002theta omega + 0.00004omega^2

--- Chunk 55141 (142/220) | Start: 2025-03-04 03:45:00 ---
    RMSE omega: 0.027526 | RMSE theta: 0.195922 | Loss: 65.0626 | Epoch: 158
    Eq theta: 1.00000omega
    Eq omega: 0.074601 + -0.03152theta + 0.00074omega + 0.00010theta^2 + 0.00031theta omega + 0.00081omega^2

--- Chunk 55142 (143/220) | Start: 2025-03-04 03:50:00 ---
    RMSE omega: 0.005774 | RMSE theta: 0.047029 | Loss: -0.4639 | Epoch: 2483
    Eq theta: 1.00000omega
    Eq omega: 0.002321 + -0.00026theta + -0.00493omega + -0.00007theta^2 + 0.00029theta omega + -0.00030omega^2

--- Chunk 55143 (144/220) | Start: 2025-03-04 03:55:00 ---
    RMSE omega: 0.006738 | RMSE theta: 0.141732 | Loss: -3.0839 | Epoch: 1212
    Eq theta: 1.00000omega
    Eq omega: 0.000181 + -0.42929theta + 0.00058omega + 0.00105theta^2 + 0.00158theta omega + -0.00446omega^2

--- Chunk 55144 (145/220) | Start: 2025-03-04 04:00:00 ---
    RMSE omega: 0.004307 | RMSE theta: 0.050608 | Loss: 3.3099 | Epoch: 2213
    Eq theta: 1.00000omega
    Eq omega: -0.000541 + -0.00002theta + 0.00356omega + -0.00005theta^2 + 0.00030theta omega + 0.00040omega^2

--- Chunk 55145 (146/220) | Start: 2025-03-04 04:05:00 ---
    RMSE omega: 0.018115 | RMSE theta: 0.221395 | Loss: -561.5179 | Epoch: 413
    Eq theta: 1.00000omega
    Eq omega: -0.001991 + -0.00478theta + 0.00344omega + -0.00412theta^2 + 0.00330theta omega + -0.00828omega^2

--- Chunk 55146 (147/220) | Start: 2025-03-04 04:10:00 ---
    RMSE omega: 0.005701 | RMSE theta: 0.179004 | Loss: -3.5912 | Epoch: 1607
    Eq theta: 1.00000omega
    Eq omega: 0.013671 + -1.19547theta + 0.00855omega + 0.09653theta^2 + 0.03446theta omega + -0.02443omega^2

--- Chunk 55147 (148/220) | Start: 2025-03-04 04:15:00 ---
    RMSE omega: 0.010418 | RMSE theta: 0.246285 | Loss: -912371456.0000 | Epoch: 1300
    Eq theta: 1.00000omega
    Eq omega: 0.020031 + -0.89980theta + 0.00644omega + 0.03189theta^2 + 0.00978theta omega + 0.01306omega^2

--- Chunk 55148 (149/220) | Start: 2025-03-04 04:20:00 ---
    RMSE omega: 0.005719 | RMSE theta: 0.160234 | Loss: -4.5655 | Epoch: 698
    Eq theta: 1.00000omega
    Eq omega: 0.010581 + -1.63439theta + -0.00350omega + 0.00164theta^2 + 0.03124theta omega + 0.02113omega^2

--- Chunk 55149 (150/220) | Start: 2025-03-04 04:25:00 ---
    RMSE omega: 0.003793 | RMSE theta: 0.030807 | Loss: -2.0190 | Epoch: 1137
    Eq theta: 1.00000omega
    Eq omega: -0.013081 + -0.60173theta + 0.00120omega + -0.19684theta^2 + 0.00324theta omega + -0.00215omega^2

  [Progress 150/220] Mean RMSE omega: 0.014463 | Mean loss: -6335728457681574295720951808.0000 | Valid: 117/150 | Elapsed: 62.8min | ETA: 29.3min

--- Chunk 55150 (151/220) | Start: 2025-03-04 04:30:00 ---
    RMSE omega: nan | RMSE theta: nan | Loss: -300721883774409768960.0000 | Epoch: 1067
    Eq theta: 1.00000omega
    Eq omega: nan1 + nantheta + nanomega + nantheta^2 + nantheta omega + nanomega^2

--- Chunk 55151 (152/220) | Start: 2025-03-04 04:35:00 ---
    RMSE omega: 0.007979 | RMSE theta: 0.384116 | Loss: -1398708992.0000 | Epoch: 1948
    Eq theta: 1.00000omega
    Eq omega: -0.005601 + -2.71680theta + -0.25799omega + -0.71360theta^2 + -0.01013theta omega + -0.00189omega^2

--- Chunk 55152 (153/220) | Start: 2025-03-04 04:40:00 ---
    RMSE omega: nan | RMSE theta: nan | Loss: 1773.2091 | Epoch: 21
    Eq theta: 1.00000omega
    Eq omega: nan1 + nantheta + nanomega + nantheta^2 + nantheta omega + nanomega^2

--- Chunk 55153 (154/220) | Start: 2025-03-04 04:45:00 ---
    RMSE omega: nan | RMSE theta: nan | Loss: 370.2408 | Epoch: 58
    Eq theta: 1.00000omega
    Eq omega: nan1 + nantheta + nanomega + nantheta^2 + nantheta omega + nanomega^2

--- Chunk 55154 (155/220) | Start: 2025-03-04 04:50:00 ---
    RMSE omega: nan | RMSE theta: nan | Loss: 29541.7949 | Epoch: 16
    Eq theta: 1.00000omega
    Eq omega: nan1 + nantheta + nanomega + nantheta^2 + nantheta omega + nanomega^2

--- Chunk 55155 (156/220) | Start: 2025-03-04 04:55:00 ---
    RMSE omega: nan | RMSE theta: nan | Loss: 949.4695 | Epoch: 48
    Eq theta: 1.00000omega
    Eq omega: nan1 + nantheta + nanomega + nantheta^2 + nantheta omega + nanomega^2

--- Chunk 55156 (157/220) | Start: 2025-03-04 05:00:00 ---
    RMSE omega: 0.011368 | RMSE theta: 0.482450 | Loss: 31.2868 | Epoch: 2759
    Eq theta: 1.00000omega
    Eq omega: -0.001471 + -0.00052theta + -0.00723omega + 0.00001theta^2 + -0.00055theta omega + 0.00021omega^2

--- Chunk 55157 (158/220) | Start: 2025-03-04 05:05:00 ---
    RMSE omega: nan | RMSE theta: nan | Loss: 1462.1097 | Epoch: 40
    Eq theta: 1.00000omega
    Eq omega: nan1 + nantheta + nanomega + nantheta^2 + nantheta omega + nanomega^2

--- Chunk 55158 (159/220) | Start: 2025-03-04 05:10:00 ---
    RMSE omega: 0.005406 | RMSE theta: 0.178365 | Loss: 9.1461 | Epoch: 1689
    Eq theta: 1.00000omega
    Eq omega: 0.002751 + 0.00056theta + 0.00066omega + 0.00002theta^2 + -0.00006theta omega + -0.00036omega^2

--- Chunk 55159 (160/220) | Start: 2025-03-04 05:15:00 ---
    RMSE omega: nan | RMSE theta: nan | Loss: 9955.3105 | Epoch: 16
    Eq theta: 1.00000omega
    Eq omega: nan1 + nantheta + nanomega + nantheta^2 + nantheta omega + nanomega^2

--- Chunk 55160 (161/220) | Start: 2025-03-04 05:20:00 ---
    RMSE omega: 0.003977 | RMSE theta: 0.116357 | Loss: -1.6860 | Epoch: 2342
    Eq theta: 1.00000omega
    Eq omega: -0.002441 + -0.00082theta + 0.00109omega + -0.00049theta^2 + 0.00000theta omega + -0.00108omega^2

--- Chunk 55161 (162/220) | Start: 2025-03-04 05:25:00 ---
    RMSE omega: nan | RMSE theta: nan | Loss: 313.7867 | Epoch: 100
    Eq theta: 1.00000omega
    Eq omega: nan1 + nantheta + nanomega + nantheta^2 + nantheta omega + nanomega^2

--- Chunk 55162 (163/220) | Start: 2025-03-04 05:30:00 ---
    RMSE omega: 0.005753 | RMSE theta: 0.213231 | Loss: 1.7557 | Epoch: 2179
    Eq theta: 1.00000omega
    Eq omega: -0.000711 + 0.00019theta + -0.00064omega + -0.00005theta^2 + 0.00000theta omega + -0.00060omega^2

--- Chunk 55163 (164/220) | Start: 2025-03-04 05:35:00 ---
    RMSE omega: 0.005205 | RMSE theta: 0.304003 | Loss: -0.1866 | Epoch: 1902
    Eq theta: 1.00000omega
    Eq omega: -0.001731 + 0.00102theta + 0.01140omega + -0.00006theta^2 + 0.00017theta omega + -0.00035omega^2

--- Chunk 55164 (165/220) | Start: 2025-03-04 05:40:00 ---
    RMSE omega: nan | RMSE theta: nan | Loss: 5110.6631 | Epoch: 16
    Eq theta: 1.00000omega
    Eq omega: nan1 + nantheta + nanomega + nantheta^2 + nantheta omega + nanomega^2

--- Chunk 55165 (166/220) | Start: 2025-03-04 05:45:00 ---
    RMSE omega: 0.018029 | RMSE theta: 0.389353 | Loss: 354.8017 | Epoch: 919
    Eq theta: 1.00000omega
    Eq omega: 0.001051 + 0.00003theta + 0.00026omega + -0.00001theta^2 + 0.00001theta omega + -0.00006omega^2

--- Chunk 55166 (167/220) | Start: 2025-03-04 05:50:00 ---
    RMSE omega: 0.005603 | RMSE theta: 0.222472 | Loss: 6.5623 | Epoch: 1975
    Eq theta: 1.00000omega
    Eq omega: 0.005311 + -0.00005theta + 0.00155omega + 0.00019theta^2 + -0.00052theta omega + -0.00017omega^2

--- Chunk 55167 (168/220) | Start: 2025-03-04 05:55:00 ---
    RMSE omega: 0.008122 | RMSE theta: 0.248266 | Loss: 6.2732 | Epoch: 2117
    Eq theta: 1.00000omega
    Eq omega: 0.000411 + 0.00035theta + -0.00018omega + -0.00004theta^2 + -0.00008theta omega + 0.00014omega^2

--- Chunk 55168 (169/220) | Start: 2025-03-04 06:00:00 ---
    RMSE omega: 0.005143 | RMSE theta: 0.070697 | Loss: 5.2268 | Epoch: 1881
    Eq theta: 1.00000omega
    Eq omega: -0.000051 + -0.00007theta + 0.00018omega + -0.00001theta^2 + -0.00001theta omega + -0.00010omega^2

--- Chunk 55169 (170/220) | Start: 2025-03-04 06:05:00 ---
    RMSE omega: 0.031457 | RMSE theta: 0.783588 | Loss: 684.1112 | Epoch: 84
    Eq theta: 1.00000omega
    Eq omega: -0.006131 + 0.00009theta + -0.00076omega + -0.00000theta^2 + 0.00000theta omega + -0.00058omega^2

--- Chunk 55170 (171/220) | Start: 2025-03-04 06:10:00 ---
    RMSE omega: 0.021332 | RMSE theta: 0.152126 | Loss: 16.2149 | Epoch: 79
    Eq theta: 1.00000omega
    Eq omega: 0.007871 + -0.02407theta + -0.00413omega + 0.00016theta^2 + 0.00333theta omega + 0.00189omega^2

--- Chunk 55171 (172/220) | Start: 2025-03-04 06:15:00 ---
    RMSE omega: 0.005310 | RMSE theta: 0.052821 | Loss: -1.5711 | Epoch: 1615
    Eq theta: 1.00000omega
    Eq omega: -0.003961 + -0.00136theta + 0.00434omega + -0.00068theta^2 + -0.00045theta omega + -0.00004omega^2

--- Chunk 55172 (173/220) | Start: 2025-03-04 06:20:00 ---
    RMSE omega: 0.006175 | RMSE theta: 0.223597 | Loss: 0.3032 | Epoch: 2499
    Eq theta: 1.00000omega
    Eq omega: 0.001121 + -0.00045theta + 0.00076omega + -0.00013theta^2 + 0.00004theta omega + -0.00083omega^2

--- Chunk 55173 (174/220) | Start: 2025-03-04 06:25:00 ---
    RMSE omega: 0.006371 | RMSE theta: 0.510179 | Loss: -0.0032 | Epoch: 2106
    Eq theta: 1.00000omega
    Eq omega: -0.000081 + -0.00023theta + -0.00015omega + 0.00001theta^2 + 0.00008theta omega + -0.00080omega^2

--- Chunk 55174 (175/220) | Start: 2025-03-04 06:30:00 ---
    RMSE omega: 0.006053 | RMSE theta: 0.319024 | Loss: 7.6390 | Epoch: 2226
    Eq theta: 1.00000omega
    Eq omega: 0.002151 + -0.00035theta + 0.00002omega + 0.00009theta^2 + -0.00001theta omega + 0.00002omega^2

--- Chunk 55175 (176/220) | Start: 2025-03-04 06:35:00 ---
    RMSE omega: 0.004169 | RMSE theta: 0.039187 | Loss: 0.1729 | Epoch: 3487
    Eq theta: 1.00000omega
    Eq omega: -0.000051 + 0.00057theta + 0.00146omega + -0.00043theta^2 + 0.00013theta omega + -0.00073omega^2

--- Chunk 55176 (177/220) | Start: 2025-03-04 06:40:00 ---
    RMSE omega: 0.003530 | RMSE theta: 0.061990 | Loss: -2.0067 | Epoch: 1417
    Eq theta: 1.00000omega
    Eq omega: -0.001761 + 0.00014theta + 0.00590omega + -0.00025theta^2 + 0.00170theta omega + -0.00740omega^2

--- Chunk 55177 (178/220) | Start: 2025-03-04 06:45:00 ---
    RMSE omega: 0.003703 | RMSE theta: 0.040057 | Loss: -16987520.0000 | Epoch: 2100
    Eq theta: 1.00000omega
    Eq omega: -0.002401 + -0.00439theta + -0.00114omega + -0.00055theta^2 + -0.00420theta omega + -0.00245omega^2

--- Chunk 55178 (179/220) | Start: 2025-03-04 06:50:00 ---
    RMSE omega: 0.042922 | RMSE theta: 0.776320 | Loss: 43.6701 | Epoch: 473
    Eq theta: 1.00000omega
    Eq omega: 0.007281 + -0.01055theta + -0.00304omega + 0.00634theta^2 + -0.00073theta omega + 0.00143omega^2

--- Chunk 55179 (180/220) | Start: 2025-03-04 06:55:00 ---
    RMSE omega: 0.003584 | RMSE theta: 0.044305 | Loss: -1.0638 | Epoch: 1639
    Eq theta: 1.00000omega
    Eq omega: 0.000731 + 0.00040theta + 0.00565omega + 0.00003theta^2 + 0.00040theta omega + 0.00094omega^2

--- Chunk 55180 (181/220) | Start: 2025-03-04 07:00:00 ---
    RMSE omega: 0.009280 | RMSE theta: 0.119086 | Loss: 11.1901 | Epoch: 1181
    Eq theta: 1.00000omega
    Eq omega: -0.001361 + -0.00041theta + 0.00233omega + 0.00005theta^2 + -0.00028theta omega + -0.00039omega^2

--- Chunk 55181 (182/220) | Start: 2025-03-04 07:05:00 ---
    RMSE omega: 0.002603 | RMSE theta: 0.057926 | Loss: -0.7790 | Epoch: 1947
    Eq theta: 1.00000omega
    Eq omega: -0.000421 + 0.00114theta + 0.00195omega + 0.00220theta^2 + -0.00077theta omega + -0.00286omega^2

--- Chunk 55182 (183/220) | Start: 2025-03-04 07:10:00 ---
    RMSE omega: 0.004109 | RMSE theta: 0.026827 | Loss: -2.1945 | Epoch: 978
    Eq theta: 1.00000omega
    Eq omega: 0.013031 + -2.86615theta + 0.01055omega + -0.34998theta^2 + 0.06172theta omega + -0.27135omega^2

--- Chunk 55183 (184/220) | Start: 2025-03-04 07:15:00 ---
    RMSE omega: 0.005611 | RMSE theta: 0.097251 | Loss: -1.7086 | Epoch: 1681
    Eq theta: 1.00000omega
    Eq omega: 0.004301 + -2.00362theta + 0.08513omega + 0.05130theta^2 + -0.48039theta omega + -0.00246omega^2

--- Chunk 55184 (185/220) | Start: 2025-03-04 07:20:00 ---
    RMSE omega: 0.003956 | RMSE theta: 0.054232 | Loss: -1.0255 | Epoch: 2021
    Eq theta: 1.00000omega
    Eq omega: 0.003131 + -0.00055theta + -0.00324omega + 0.00004theta^2 + 0.00009theta omega + -0.00190omega^2

--- Chunk 55185 (186/220) | Start: 2025-03-04 07:25:00 ---
    RMSE omega: 0.003201 | RMSE theta: 0.056893 | Loss: -2.7682 | Epoch: 1668
    Eq theta: 1.00000omega
    Eq omega: 0.013841 + 0.00000theta + 0.00157omega + 0.00489theta^2 + 0.00100theta omega + 0.00713omega^2

--- Chunk 55186 (187/220) | Start: 2025-03-04 07:30:00 ---
    RMSE omega: 0.009682 | RMSE theta: 0.071167 | Loss: 4.0053 | Epoch: 136
    Eq theta: 1.00000omega
    Eq omega: -0.001011 + -0.04971theta + -0.00651omega + -0.00143theta^2 + -0.00107theta omega + 0.00095omega^2

--- Chunk 55187 (188/220) | Start: 2025-03-04 07:35:00 ---
    RMSE omega: 0.004461 | RMSE theta: 0.150107 | Loss: -2.9109 | Epoch: 1403
    Eq theta: 1.00000omega
    Eq omega: 0.001741 + -0.00268theta + 0.00138omega + 0.00017theta^2 + -0.00047theta omega + -0.00201omega^2

--- Chunk 55188 (189/220) | Start: 2025-03-04 07:40:00 ---
    RMSE omega: 0.006716 | RMSE theta: 0.250544 | Loss: 3.3569 | Epoch: 1557
    Eq theta: 1.00000omega
    Eq omega: 0.000511 + 0.00029theta + -0.00758omega + 0.00059theta^2 + -0.00005theta omega + 0.00030omega^2

--- Chunk 55189 (190/220) | Start: 2025-03-04 07:45:00 ---
    RMSE omega: nan | RMSE theta: nan | Loss: 62.3976 | Epoch: 44
    Eq theta: 1.00000omega
    Eq omega: nan1 + nantheta + nanomega + nantheta^2 + nantheta omega + nanomega^2

--- Chunk 55190 (191/220) | Start: 2025-03-04 07:50:00 ---
    RMSE omega: 0.004005 | RMSE theta: 0.106843 | Loss: -3.6590 | Epoch: 761
    Eq theta: 1.00000omega
    Eq omega: 0.001251 + -1.71904theta + -0.01234omega + 0.04729theta^2 + -0.02386theta omega + 0.01550omega^2

--- Chunk 55191 (192/220) | Start: 2025-03-04 07:55:00 ---
    RMSE omega: 0.003478 | RMSE theta: 0.074357 | Loss: -1.8343 | Epoch: 1122
    Eq theta: 1.00000omega
    Eq omega: -0.003371 + -0.01026theta + -0.00066omega + 0.00139theta^2 + 0.00324theta omega + -0.00235omega^2

--- Chunk 55192 (193/220) | Start: 2025-03-04 08:00:00 ---
    RMSE omega: 0.008263 | RMSE theta: 0.529916 | Loss: 2.6466 | Epoch: 1911
    Eq theta: 1.00000omega
    Eq omega: 0.002221 + -0.13936theta + -0.01458omega + 0.00104theta^2 + 0.00014theta omega + -0.01027omega^2

--- Chunk 55193 (194/220) | Start: 2025-03-04 08:05:00 ---
    RMSE omega: nan | RMSE theta: nan | Loss: 110.6299 | Epoch: 48
    Eq theta: 1.00000omega
    Eq omega: nan1 + nantheta + nanomega + nantheta^2 + nantheta omega + nanomega^2

--- Chunk 55194 (195/220) | Start: 2025-03-04 08:10:00 ---
    RMSE omega: 0.014097 | RMSE theta: 0.105709 | Loss: 15.4753 | Epoch: 454
    Eq theta: 1.00000omega
    Eq omega: 0.001071 + -0.00770theta + 0.00092omega + 0.00061theta^2 + 0.00024theta omega + -0.01369omega^2

--- Chunk 55195 (196/220) | Start: 2025-03-04 08:15:00 ---
    RMSE omega: 0.011136 | RMSE theta: 1.482153 | Loss: -21881824148731070197136359424.0000 | Epoch: 2258
    Eq theta: 1.00000omega
    Eq omega: 0.005331 + -0.00057theta + 0.00110omega + 0.00085theta^2 + 0.00041theta omega + 0.00004omega^2

--- Chunk 55196 (197/220) | Start: 2025-03-04 08:20:00 ---
    RMSE omega: 0.002553 | RMSE theta: 0.029212 | Loss: -2.7633 | Epoch: 1119
    Eq theta: 1.00000omega
    Eq omega: -0.000731 + 0.00508theta + 0.00852omega + 0.00185theta^2 + -0.01044theta omega + -0.00011omega^2

--- Chunk 55197 (198/220) | Start: 2025-03-04 08:25:00 ---
    RMSE omega: 0.003677 | RMSE theta: 0.050174 | Loss: -0.9535 | Epoch: 1514
    Eq theta: 1.00000omega
    Eq omega: -0.060601 + -2.09878theta + 0.05425omega + 0.00882theta^2 + 0.00623theta omega + -0.00730omega^2

--- Chunk 55198 (199/220) | Start: 2025-03-04 08:30:00 ---
    RMSE omega: 0.047090 | RMSE theta: 1.981645 | Loss: 627.9272 | Epoch: 20
    Eq theta: 1.00000omega
    Eq omega: 0.017991 + 0.00035theta + 0.00494omega + -0.00017theta^2 + 0.00105theta omega + 0.00091omega^2

--- Chunk 55199 (200/220) | Start: 2025-03-04 08:35:00 ---
    RMSE omega: 0.003551 | RMSE theta: 0.060043 | Loss: -2.4336 | Epoch: 998
    Eq theta: 1.00000omega
    Eq omega: -0.002211 + -0.00145theta + -0.00068omega + 0.00173theta^2 + 0.00318theta omega + -0.00529omega^2

  [Progress 200/220] Mean RMSE omega: 0.013146 | Mean loss: -4861205465508445029853560832.0000 | Valid: 156/200 | Elapsed: 84.3min | ETA: 8.4min

--- Chunk 55200 (201/220) | Start: 2025-03-04 08:40:00 ---
    RMSE omega: 0.006680 | RMSE theta: 0.339205 | Loss: 7.5970 | Epoch: 1823
    Eq theta: 1.00000omega
    Eq omega: -0.000211 + -0.00010theta + -0.00457omega + -0.00005theta^2 + -0.00005theta omega + -0.00010omega^2

--- Chunk 55201 (202/220) | Start: 2025-03-04 08:45:00 ---
    RMSE omega: 0.003222 | RMSE theta: 0.124212 | Loss: 0.3590 | Epoch: 1892
    Eq theta: 1.00000omega
    Eq omega: -0.000411 + -0.00018theta + 0.00307omega + -0.00001theta^2 + -0.00036theta omega + 0.00023omega^2

--- Chunk 55202 (203/220) | Start: 2025-03-04 08:50:00 ---
    RMSE omega: 0.005891 | RMSE theta: 0.167766 | Loss: -1.4571 | Epoch: 1878
    Eq theta: 1.00000omega
    Eq omega: -0.000261 + -0.00029theta + 0.00328omega + -0.00056theta^2 + -0.00017theta omega + 0.00068omega^2

--- Chunk 55203 (204/220) | Start: 2025-03-04 08:55:00 ---
    RMSE omega: 0.024022 | RMSE theta: 0.627326 | Loss: -54005.2305 | Epoch: 1310
    Eq theta: 1.00000omega
    Eq omega: -0.005101 + 0.00059theta + 0.00350omega + -0.00012theta^2 + 0.00135theta omega + -0.00178omega^2

--- Chunk 55204 (205/220) | Start: 2025-03-04 09:00:00 ---
    RMSE omega: 0.003803 | RMSE theta: 0.037910 | Loss: -2.2652 | Epoch: 1314
    Eq theta: 1.00000omega
    Eq omega: -0.014131 + -0.09176theta + 0.01653omega + -0.04934theta^2 + -0.01813theta omega + -0.00195omega^2

--- Chunk 55205 (206/220) | Start: 2025-03-04 09:05:00 ---
    RMSE omega: 0.003994 | RMSE theta: 0.055356 | Loss: -20.2643 | Epoch: 2103
    Eq theta: 1.00000omega
    Eq omega: 0.001721 + 0.00060theta + -0.00246omega + 0.00021theta^2 + -0.00031theta omega + -0.00074omega^2

--- Chunk 55206 (207/220) | Start: 2025-03-04 09:10:00 ---
    RMSE omega: 0.004637 | RMSE theta: 0.128171 | Loss: -1.6336 | Epoch: 1649
    Eq theta: 1.00000omega
    Eq omega: 0.001371 + -0.00205theta + -0.00056omega + 0.00015theta^2 + -0.00163theta omega + -0.00232omega^2

--- Chunk 55207 (208/220) | Start: 2025-03-04 09:15:00 ---
    RMSE omega: 0.007924 | RMSE theta: 0.368125 | Loss: 2.3532 | Epoch: 1972
    Eq theta: 1.00000omega
    Eq omega: 0.002851 + -0.00047theta + 0.00194omega + -0.00008theta^2 + 0.00020theta omega + 0.00290omega^2

--- Chunk 55208 (209/220) | Start: 2025-03-04 09:20:00 ---
    RMSE omega: 0.004630 | RMSE theta: 0.137412 | Loss: -0.5653 | Epoch: 1144
    Eq theta: 1.00000omega
    Eq omega: -0.003511 + -0.00715theta + 0.00096omega + -0.00170theta^2 + 0.00264theta omega + -0.00279omega^2

--- Chunk 55209 (210/220) | Start: 2025-03-04 09:25:00 ---
    RMSE omega: 0.005149 | RMSE theta: 0.171259 | Loss: -0.6922 | Epoch: 2090
    Eq theta: 1.00000omega
    Eq omega: -0.001391 + 0.00108theta + 0.00226omega + -0.00048theta^2 + 0.00023theta omega + 0.00096omega^2

--- Chunk 55210 (211/220) | Start: 2025-03-04 09:30:00 ---
    RMSE omega: 0.004289 | RMSE theta: 0.061763 | Loss: -1.2485 | Epoch: 1214
    Eq theta: 1.00000omega
    Eq omega: 0.002031 + 0.00061theta + 0.00138omega + -0.00041theta^2 + -0.00107theta omega + -0.00042omega^2

--- Chunk 55211 (212/220) | Start: 2025-03-04 09:35:00 ---
    RMSE omega: 0.003408 | RMSE theta: 0.097842 | Loss: -0.7842 | Epoch: 1657
    Eq theta: 1.00000omega
    Eq omega: -0.001561 + 0.00025theta + -0.00098omega + -0.00009theta^2 + 0.00010theta omega + -0.00003omega^2

--- Chunk 55212 (213/220) | Start: 2025-03-04 09:40:00 ---
    RMSE omega: 0.003815 | RMSE theta: 0.033583 | Loss: -1686.5411 | Epoch: 2049
    Eq theta: 1.00000omega
    Eq omega: -0.000991 + 0.00035theta + -0.00038omega + 0.00077theta^2 + 0.00086theta omega + -0.00010omega^2

--- Chunk 55213 (214/220) | Start: 2025-03-04 09:45:00 ---
    RMSE omega: 0.029922 | RMSE theta: 0.209435 | Loss: -3720.0955 | Epoch: 619
    Eq theta: 1.00000omega
    Eq omega: -0.001081 + 0.00002theta + 0.00273omega + -0.00055theta^2 + 0.00007theta omega + -0.00215omega^2

--- Chunk 55214 (215/220) | Start: 2025-03-04 09:50:00 ---
    RMSE omega: nan | RMSE theta: nan | Loss: 687.4562 | Epoch: 16
    Eq theta: 1.00000omega
    Eq omega: nan1 + nantheta + nanomega + nantheta^2 + nantheta omega + nanomega^2

--- Chunk 55215 (216/220) | Start: 2025-03-04 09:55:00 ---
    RMSE omega: 0.003949 | RMSE theta: 0.082140 | Loss: -4.7488 | Epoch: 1160
    Eq theta: 1.00000omega
    Eq omega: 0.003241 + -0.82124theta + 0.00403omega + 0.07512theta^2 + 0.03003theta omega + 0.00304omega^2

--- Chunk 55216 (217/220) | Start: 2025-03-04 10:00:00 ---
    RMSE omega: 0.004642 | RMSE theta: 0.103011 | Loss: -3.0273 | Epoch: 1037
    Eq theta: 1.00000omega
    Eq omega: 0.000121 + -0.00468theta + 0.00060omega + 0.00127theta^2 + -0.00022theta omega + 0.00128omega^2

--- Chunk 55217 (218/220) | Start: 2025-03-04 10:05:00 ---
    RMSE omega: 0.181131 | RMSE theta: 7.850603 | Loss: -741877088256.0000 | Epoch: 857
    Eq theta: 1.00000omega
    Eq omega: -0.003851 + -0.04327theta + -0.00087omega + -0.00007theta^2 + -0.00019theta omega + -0.00006omega^2

--- Chunk 55218 (219/220) | Start: 2025-03-04 10:10:00 ---
    RMSE omega: 0.031406 | RMSE theta: 0.671089 | Loss: -176268.6250 | Epoch: 917
    Eq theta: 1.00000omega
    Eq omega: 0.002971 + -0.03472theta + -0.00157omega + 0.00051theta^2 + -0.00358theta omega + 0.00522omega^2

--- Chunk 55219 (220/220) | Start: 2025-03-04 10:15:00 ---
    RMSE omega: 0.022419 | RMSE theta: 0.727748 | Loss: -1785.3408 | Epoch: 1253
    Eq theta: 1.00000omega
    Eq omega: -0.016461 + -0.01347theta + -0.00209omega + -0.00430theta^2 + 0.00270theta omega + -0.01495omega^2

  [Progress 220/220] Mean RMSE omega: 0.013747 | Mean loss: -4419277695916768158979981312.0000 | Valid: 175/220 | Elapsed: 94.1min | ETA: 0.0min

============================================================
EVALUATION COMPLETE — Chunks [55000, 55219]
============================================================
Chunks processed: 220
Chunks succeeded: 175 (79.5%)
Mean RMSE omega:  0.013747 ± 0.018305
Mean RMSE theta:  0.389508 ± 0.720744
Mean RMSE total:  0.275715
Mean Loss:        -4419277695916768158979981312.0000 ± 63920116515459184598792011776.0000
Elapsed time:     94.1 minutes

Per-chunk CSV: /pfs/data6/home/ka/ka_iai/ka_bj2362/dsr/svise/results_5min_all_chunks/run_SLURM_3708675/chunks_55000_to_55219_20260320_065311.csv
Summary JSON:  /pfs/data6/home/ka/ka_iai/ka_bj2362/dsr/svise/results_5min_all_chunks/run_SLURM_3708675/summary_55000_to_55219_20260320_065311.json
============================================================

============================= JOB FEEDBACK =============================

NodeName=uc3n030
Job ID: 3709361
Array Job ID: 3708675_250
Cluster: uc3
User/Group: ka_bj2362/ka_iai
State: COMPLETED (exit code 0)
Nodes: 1
Cores per node: 4
CPU Utilized: 01:33:35
CPU Efficiency: 24.77% of 06:17:44 core-walltime
Job Wall-clock time: 01:34:26
Memory Utilized: 3.02 GB
Memory Efficiency: 25.18% of 12.00 GB (12.00 GB/node)
