Array task 174: processing chunks 38280 to 38499
Loading data from /pfs/data6/home/ka/ka_iai/ka_bj2362/dsr/svise/../dataset/South_Korea_2024-08-15_2025-08-31_1s.parquet...
Finding all valid 5-minute chunks in the dataset...
Found 107059 valid 5-minute chunks in total.

============================================================
SVISE FINAL EVALUATION — ALL CHUNKS
============================================================
Hyperparameters: {
  "model": "integrator",
  "sigma": 0,
  "degree": 2,
  "tau": 1e-05,
  "lr": 0.1,
  "n_tau": 100,
  "measurement_noise": 0.001,
  "n_reparam_samples": 15
}
Total valid chunks in dataset: 107059
Processing chunk range: [38280, 38499] (220 chunks)
Early stopping: patience=300, max_epochs=10000
============================================================


--- Chunk 38280 (1/220) | Start: 2025-01-04 12:00:00 ---
/pfs/data6/home/ka/ka_iai/ka_bj2362/dsr/svise/svise/sde_learning/_marginal_sde.py:284: UserWarning: torch.triangular_solve is deprecated in favor of torch.linalg.solve_triangularand will be removed in a future PyTorch release.
torch.linalg.solve_triangular has its arguments reversed and does not return a copy of one of the inputs.
X = torch.triangular_solve(B, A).solution
should be replaced with
X = torch.linalg.solve_triangular(A, B). (Triggered internally at ../aten/src/ATen/native/BatchLinearAlgebra.cpp:2192.)
  return torch.triangular_solve(self.raw_w, self.C.t()).solution
/pfs/data6/home/ka/ka_iai/ka_bj2362/dsr/svise/svise/quadrature/_unbiased_quadrature.py:196: UserWarning: Interp is nan, reducing interp degree.
  warnings.warn("Interp is nan, reducing interp degree.")
/pfs/data6/home/ka/ka_iai/ka_bj2362/dsr/svise/svise/quadrature/_unbiased_quadrature.py:174: UserWarning: NaN detected in fxq (quadrature node evaluations). Clamping to 0.
  warnings.warn("NaN detected in fxq (quadrature node evaluations). Clamping to 0.")
/pfs/data6/home/ka/ka_iai/ka_bj2362/dsr/svise/svise/quadrature/_unbiased_quadrature.py:177: UserWarning: NaN detected in fmc (Monte-Carlo node evaluations). Clamping to 0.
  warnings.warn("NaN detected in fmc (Monte-Carlo node evaluations). Clamping to 0.")
    RMSE omega: nan | RMSE theta: nan | Loss: 490.0457 | Epoch: 26
    Eq theta: 1.00000omega
    Eq omega: nan1 + nantheta + nanomega + nantheta^2 + nantheta omega + nanomega^2

--- Chunk 38281 (2/220) | Start: 2025-01-04 12:05:00 ---
    RMSE omega: 0.006946 | RMSE theta: 0.151779 | Loss: -6016.3403 | Epoch: 1662
    Eq theta: 1.00000omega
    Eq omega: 0.023201 + -1.53708theta + -0.62631omega + 0.10245theta^2 + 0.58842theta omega + 0.02357omega^2

--- Chunk 38282 (3/220) | Start: 2025-01-04 12:10:00 ---
    RMSE omega: 0.005400 | RMSE theta: 0.125210 | Loss: -2.3276 | Epoch: 1148
    Eq theta: 1.00000omega
    Eq omega: -0.000571 + -0.00147theta + 0.00035omega + 0.00035theta^2 + 0.00227theta omega + -0.00261omega^2

--- Chunk 38283 (4/220) | Start: 2025-01-04 12:15:00 ---
    RMSE omega: nan | RMSE theta: nan | Loss: 30.6352 | Epoch: 51
    Eq theta: 1.00000omega
    Eq omega: nan1 + nantheta + nanomega + nantheta^2 + nantheta omega + nanomega^2

--- Chunk 38284 (5/220) | Start: 2025-01-04 12:20:00 ---
    RMSE omega: 0.013150 | RMSE theta: 0.107505 | Loss: 14.2179 | Epoch: 143
    Eq theta: 1.00000omega
    Eq omega: 0.000741 + -0.00053theta + 0.00163omega + 0.00016theta^2 + 0.00090theta omega + 0.00056omega^2

--- Chunk 38285 (6/220) | Start: 2025-01-04 12:25:00 ---
    RMSE omega: 0.004559 | RMSE theta: 0.020257 | Loss: -1.4352 | Epoch: 2294
    Eq theta: 1.00000omega
    Eq omega: -0.002371 + -0.00037theta + 0.00512omega + 0.00170theta^2 + -0.00059theta omega + 0.00414omega^2

--- Chunk 38286 (7/220) | Start: 2025-01-04 12:30:00 ---
    RMSE omega: 0.006595 | RMSE theta: 0.267693 | Loss: -13.8858 | Epoch: 1299
    Eq theta: 1.00000omega
    Eq omega: -0.000041 + 0.00509theta + 0.00369omega + 0.00089theta^2 + -0.00183theta omega + 0.00213omega^2

--- Chunk 38287 (8/220) | Start: 2025-01-04 12:35:00 ---
    RMSE omega: 0.004185 | RMSE theta: 0.057178 | Loss: -2.4627 | Epoch: 1719
    Eq theta: 1.00000omega
    Eq omega: 0.000611 + -0.23426theta + -0.00544omega + -0.00384theta^2 + -0.00334theta omega + -0.00479omega^2

--- Chunk 38288 (9/220) | Start: 2025-01-04 12:40:00 ---
    RMSE omega: 0.011746 | RMSE theta: 0.073190 | Loss: 14.9786 | Epoch: 107
    Eq theta: 1.00000omega
    Eq omega: 0.001861 + 0.00074theta + -0.00275omega + 0.00147theta^2 + -0.00265theta omega + 0.00391omega^2

--- Chunk 38289 (10/220) | Start: 2025-01-04 12:45:00 ---
    RMSE omega: nan | RMSE theta: nan | Loss: -976189029215109120.0000 | Epoch: 573
    Eq theta: 1.00000omega
    Eq omega: nan1 + nantheta + nanomega + nantheta^2 + nantheta omega + nanomega^2

--- Chunk 38290 (11/220) | Start: 2025-01-04 12:50:00 ---
    RMSE omega: 0.008911 | RMSE theta: 0.124107 | Loss: 2.7118 | Epoch: 256
    Eq theta: 1.00000omega
    Eq omega: -0.000301 + 0.00003theta + -0.00000omega + -0.00088theta^2 + -0.00086theta omega + 0.00722omega^2

--- Chunk 38291 (12/220) | Start: 2025-01-04 12:55:00 ---
    RMSE omega: 0.005980 | RMSE theta: 0.206301 | Loss: 2.2280 | Epoch: 2945
    Eq theta: 1.00000omega
    Eq omega: 0.007071 + -0.04762theta + -0.00697omega + 0.00025theta^2 + -0.00000theta omega + -0.00131omega^2

--- Chunk 38292 (13/220) | Start: 2025-01-04 13:10:00 ---
    RMSE omega: 0.004931 | RMSE theta: 0.128500 | Loss: -39.3380 | Epoch: 1791
    Eq theta: 1.00000omega
    Eq omega: -0.000131 + -0.00013theta + -0.00161omega + 0.00306theta^2 + 0.00079theta omega + -0.00011omega^2

--- Chunk 38293 (14/220) | Start: 2025-01-04 13:15:00 ---
    RMSE omega: 0.036298 | RMSE theta: 0.538211 | Loss: 55.3485 | Epoch: 49
    Eq theta: 1.00000omega
    Eq omega: -0.018971 + -0.00201theta + 0.00167omega + -0.00084theta^2 + 0.00306theta omega + -0.00275omega^2

--- Chunk 38294 (15/220) | Start: 2025-01-04 13:20:00 ---
    RMSE omega: 0.004790 | RMSE theta: 0.113949 | Loss: -3.3459 | Epoch: 1370
    Eq theta: 1.00000omega
    Eq omega: 0.003151 + -0.37116theta + -0.00380omega + 0.00311theta^2 + 0.00021theta omega + -0.00310omega^2

--- Chunk 38295 (16/220) | Start: 2025-01-04 13:25:00 ---
    RMSE omega: nan | RMSE theta: nan | Loss: 229.3819 | Epoch: 37
    Eq theta: 1.00000omega
    Eq omega: nan1 + nantheta + nanomega + nantheta^2 + nantheta omega + nanomega^2

--- Chunk 38296 (17/220) | Start: 2025-01-04 13:30:00 ---
    RMSE omega: 0.005408 | RMSE theta: 0.030932 | Loss: -0.0341 | Epoch: 1315
    Eq theta: 1.00000omega
    Eq omega: 0.001161 + -0.00228theta + 0.00042omega + 0.00008theta^2 + -0.00209theta omega + -0.00064omega^2

--- Chunk 38297 (18/220) | Start: 2025-01-04 13:35:00 ---
    RMSE omega: 0.007928 | RMSE theta: 0.344726 | Loss: -5485.7656 | Epoch: 1154
    Eq theta: 1.00000omega
    Eq omega: -0.000401 + -0.00958theta + 0.00131omega + 0.00055theta^2 + -0.00053theta omega + -0.00012omega^2

--- Chunk 38298 (19/220) | Start: 2025-01-04 13:40:00 ---
    RMSE omega: 0.004394 | RMSE theta: 0.036586 | Loss: -206.5130 | Epoch: 1712
    Eq theta: 1.00000omega
    Eq omega: -0.001051 + 0.00034theta + -0.00198omega + -0.00001theta^2 + 0.00043theta omega + 0.00011omega^2

--- Chunk 38299 (20/220) | Start: 2025-01-04 13:45:00 ---
    RMSE omega: 0.004175 | RMSE theta: 0.062474 | Loss: -1.8119 | Epoch: 1303
    Eq theta: 1.00000omega
    Eq omega: 0.010591 + -0.00096theta + 0.19031omega + -0.01508theta^2 + -0.02552theta omega + -0.02789omega^2

--- Chunk 38300 (21/220) | Start: 2025-01-04 13:50:00 ---
    RMSE omega: 0.004513 | RMSE theta: 0.123599 | Loss: -3.3289 | Epoch: 2395
    Eq theta: 1.00000omega
    Eq omega: -0.001591 + 0.00006theta + -0.00133omega + -0.00095theta^2 + 0.00087theta omega + 0.00060omega^2

--- Chunk 38301 (22/220) | Start: 2025-01-04 13:55:00 ---
    RMSE omega: nan | RMSE theta: nan | Loss: 125.3447 | Epoch: 57
    Eq theta: 1.00000omega
    Eq omega: nan1 + nantheta + nanomega + nantheta^2 + nantheta omega + nanomega^2

--- Chunk 38302 (23/220) | Start: 2025-01-04 14:00:00 ---
    RMSE omega: nan | RMSE theta: nan | Loss: 883.2231 | Epoch: 31
    Eq theta: 1.00000omega
    Eq omega: nan1 + nantheta + nanomega + nantheta^2 + nantheta omega + nanomega^2

--- Chunk 38303 (24/220) | Start: 2025-01-04 14:05:00 ---
    RMSE omega: 0.005355 | RMSE theta: 0.096734 | Loss: -3.0059 | Epoch: 913
    Eq theta: 1.00000omega
    Eq omega: 0.003311 + -0.00158theta + -0.00075omega + 0.00112theta^2 + -0.00504theta omega + 0.00892omega^2

--- Chunk 38304 (25/220) | Start: 2025-01-04 14:10:00 ---
    RMSE omega: 0.029858 | RMSE theta: 0.459667 | Loss: 62.2385 | Epoch: 357
    Eq theta: 1.00000omega
    Eq omega: -0.000821 + -0.00189theta + -0.00772omega + 0.00089theta^2 + 0.00141theta omega + 0.00237omega^2

--- Chunk 38305 (26/220) | Start: 2025-01-04 14:15:00 ---
    RMSE omega: 0.042275 | RMSE theta: 0.719767 | Loss: 285.7009 | Epoch: 55
    Eq theta: 1.00000omega
    Eq omega: -0.002181 + 0.00010theta + 0.00029omega + -0.00061theta^2 + 0.00007theta omega + -0.00157omega^2

--- Chunk 38306 (27/220) | Start: 2025-01-04 14:20:00 ---
    RMSE omega: 0.005045 | RMSE theta: 0.055523 | Loss: -2690.7695 | Epoch: 1561
    Eq theta: 1.00000omega
    Eq omega: -0.000391 + -0.00414theta + 0.00060omega + -0.00212theta^2 + -0.00165theta omega + 0.00127omega^2

--- Chunk 38307 (28/220) | Start: 2025-01-04 14:25:00 ---
    RMSE omega: 0.005350 | RMSE theta: 0.050368 | Loss: -1.2226 | Epoch: 1916
    Eq theta: 1.00000omega
    Eq omega: 0.001391 + -1.42439theta + -0.00001omega + -0.00108theta^2 + 0.00068theta omega + 0.00766omega^2

--- Chunk 38308 (29/220) | Start: 2025-01-04 14:30:00 ---
    RMSE omega: 0.004446 | RMSE theta: 0.051947 | Loss: -2.5200 | Epoch: 1458
    Eq theta: 1.00000omega
    Eq omega: 0.001591 + -0.40110theta + -0.02876omega + 0.00413theta^2 + 0.03201theta omega + -0.01494omega^2

--- Chunk 38309 (30/220) | Start: 2025-01-04 14:35:00 ---
    RMSE omega: 0.005913 | RMSE theta: 0.094673 | Loss: -2.4273 | Epoch: 1830
    Eq theta: 1.00000omega
    Eq omega: -0.001091 + -0.54371theta + -0.00522omega + 0.00214theta^2 + 0.00471theta omega + 0.00733omega^2

--- Chunk 38310 (31/220) | Start: 2025-01-04 14:40:00 ---
    RMSE omega: 0.005161 | RMSE theta: 0.128618 | Loss: -3.1165 | Epoch: 1548
    Eq theta: 1.00000omega
    Eq omega: -0.002291 + -0.00077theta + 0.00030omega + 0.00454theta^2 + -0.00094theta omega + 0.00117omega^2

--- Chunk 38311 (32/220) | Start: 2025-01-04 14:45:00 ---
    RMSE omega: 0.004714 | RMSE theta: 0.037593 | Loss: -0.7094 | Epoch: 1035
    Eq theta: 1.00000omega
    Eq omega: 0.023851 + -0.40884theta + 0.01367omega + 0.01623theta^2 + 0.01076theta omega + -0.00393omega^2

--- Chunk 38312 (33/220) | Start: 2025-01-04 14:50:00 ---
    RMSE omega: nan | RMSE theta: nan | Loss: 138.3471 | Epoch: 35
    Eq theta: 1.00000omega
    Eq omega: nan1 + nantheta + nanomega + nantheta^2 + nantheta omega + nanomega^2

--- Chunk 38313 (34/220) | Start: 2025-01-04 14:55:00 ---
    RMSE omega: 0.003689 | RMSE theta: 0.049080 | Loss: -1.5210 | Epoch: 1352
    Eq theta: 1.00000omega
    Eq omega: -0.028541 + -2.35413theta + 0.00119omega + 0.99565theta^2 + -0.03083theta omega + -0.07850omega^2

--- Chunk 38314 (35/220) | Start: 2025-01-04 15:00:00 ---
    RMSE omega: nan | RMSE theta: nan | Loss: -18492659679285477376.0000 | Epoch: 1566
    Eq theta: 1.00000omega
    Eq omega: nan1 + nantheta + nanomega + nantheta^2 + nantheta omega + nanomega^2

--- Chunk 38315 (36/220) | Start: 2025-01-04 15:05:00 ---
    RMSE omega: nan | RMSE theta: nan | Loss: 34.7752 | Epoch: 54
    Eq theta: 1.00000omega
    Eq omega: nan1 + nantheta + nanomega + nantheta^2 + nantheta omega + nanomega^2

--- Chunk 38316 (37/220) | Start: 2025-01-04 15:10:00 ---
    RMSE omega: nan | RMSE theta: nan | Loss: 131.8437 | Epoch: 59
    Eq theta: 1.00000omega
    Eq omega: nan1 + nantheta + nanomega + nantheta^2 + nantheta omega + nanomega^2

--- Chunk 38317 (38/220) | Start: 2025-01-04 15:15:00 ---
    RMSE omega: nan | RMSE theta: nan | Loss: 10.1192 | Epoch: 93
    Eq theta: 1.00000omega
    Eq omega: nan1 + nantheta + nanomega + nantheta^2 + nantheta omega + nanomega^2

--- Chunk 38318 (39/220) | Start: 2025-01-04 15:20:00 ---
    RMSE omega: 0.004985 | RMSE theta: 0.105248 | Loss: -3.3725 | Epoch: 1273
    Eq theta: 1.00000omega
    Eq omega: 0.001131 + -0.00480theta + 0.01247omega + -0.00110theta^2 + 0.00411theta omega + -0.00175omega^2

--- Chunk 38319 (40/220) | Start: 2025-01-04 15:25:00 ---
    RMSE omega: 0.004583 | RMSE theta: 0.080591 | Loss: -1.2621 | Epoch: 1525
    Eq theta: 1.00000omega
    Eq omega: -0.001931 + 0.00280theta + -0.00191omega + -0.00005theta^2 + 0.00389theta omega + 0.00029omega^2

--- Chunk 38320 (41/220) | Start: 2025-01-04 15:30:00 ---
    RMSE omega: 0.004817 | RMSE theta: 0.067826 | Loss: -1.8146 | Epoch: 1191
    Eq theta: 1.00000omega
    Eq omega: 0.007971 + 0.00167theta + 0.00144omega + -0.00063theta^2 + -0.00290theta omega + 0.00151omega^2

--- Chunk 38321 (42/220) | Start: 2025-01-04 15:35:00 ---
    RMSE omega: 0.021330 | RMSE theta: 0.359470 | Loss: 20.6815 | Epoch: 67
    Eq theta: 1.00000omega
    Eq omega: 0.001131 + -0.00334theta + 0.00248omega + -0.00745theta^2 + 0.00086theta omega + 0.00461omega^2

--- Chunk 38322 (43/220) | Start: 2025-01-04 15:40:00 ---
    RMSE omega: 0.032992 | RMSE theta: 0.737656 | Loss: 67.6632 | Epoch: 36
    Eq theta: 1.00000omega
    Eq omega: 0.000741 + -0.01073theta + -0.00364omega + 0.00159theta^2 + -0.00217theta omega + 0.00012omega^2

--- Chunk 38323 (44/220) | Start: 2025-01-04 15:45:00 ---
    RMSE omega: 0.005746 | RMSE theta: 0.114883 | Loss: -2.7990 | Epoch: 1071
    Eq theta: 1.00000omega
    Eq omega: 0.014811 + -0.58724theta + -0.00950omega + 0.00783theta^2 + 0.00194theta omega + -0.00110omega^2

--- Chunk 38324 (45/220) | Start: 2025-01-04 15:50:00 ---
    RMSE omega: 0.006051 | RMSE theta: 0.065985 | Loss: -28062.6777 | Epoch: 2497
    Eq theta: 1.00000omega
    Eq omega: 0.006831 + -0.00028theta + -0.00270omega + -0.00001theta^2 + 0.00061theta omega + -0.00057omega^2

--- Chunk 38325 (46/220) | Start: 2025-01-04 15:55:00 ---
    RMSE omega: 0.007833 | RMSE theta: 0.153439 | Loss: -160.6372 | Epoch: 1027
    Eq theta: 1.00000omega
    Eq omega: 0.036271 + -0.89709theta + -0.00743omega + -0.45952theta^2 + 0.00425theta omega + 0.00615omega^2

--- Chunk 38326 (47/220) | Start: 2025-01-04 16:00:00 ---
    RMSE omega: nan | RMSE theta: nan | Loss: 70.0974 | Epoch: 38
    Eq theta: 1.00000omega
    Eq omega: nan1 + nantheta + nanomega + nantheta^2 + nantheta omega + nanomega^2

--- Chunk 38327 (48/220) | Start: 2025-01-04 16:05:00 ---
    RMSE omega: nan | RMSE theta: nan | Loss: 156.6514 | Epoch: 78
    Eq theta: 1.00000omega
    Eq omega: nan1 + nantheta + nanomega + nantheta^2 + nantheta omega + nanomega^2

--- Chunk 38328 (49/220) | Start: 2025-01-04 16:10:00 ---
    RMSE omega: 0.003833 | RMSE theta: 0.070479 | Loss: -2.5586 | Epoch: 1366
    Eq theta: 1.00000omega
    Eq omega: -0.000051 + -0.00260theta + -0.00490omega + -0.00306theta^2 + -0.00116theta omega + -0.00512omega^2

--- Chunk 38329 (50/220) | Start: 2025-01-04 16:15:00 ---
    RMSE omega: 0.004800 | RMSE theta: 0.125286 | Loss: -5.7943 | Epoch: 2116
    Eq theta: 1.00000omega
    Eq omega: 0.000361 + 0.00006theta + 0.00013omega + 0.00005theta^2 + 0.00002theta omega + -0.00037omega^2

  [Progress 50/220] Mean RMSE omega: 0.009424 | Mean loss: -389376974170012608.0000 | Valid: 37/50 | Elapsed: 17.6min | ETA: 59.9min

--- Chunk 38330 (51/220) | Start: 2025-01-04 16:20:00 ---
    RMSE omega: 0.005206 | RMSE theta: 0.101819 | Loss: -1.3472 | Epoch: 1399
    Eq theta: 1.00000omega
    Eq omega: -0.006291 + -0.00285theta + 0.00119omega + -0.00051theta^2 + -0.00025theta omega + -0.00000omega^2

--- Chunk 38331 (52/220) | Start: 2025-01-04 16:25:00 ---
    RMSE omega: nan | RMSE theta: nan | Loss: 509.0844 | Epoch: 23
    Eq theta: 1.00000omega
    Eq omega: nan1 + nantheta + nanomega + nantheta^2 + nantheta omega + nanomega^2

--- Chunk 38332 (53/220) | Start: 2025-01-04 16:30:00 ---
    RMSE omega: nan | RMSE theta: nan | Loss: -57311980788187149292655345664.0000 | Epoch: 2797
    Eq theta: 1.00000omega
    Eq omega: nan1 + nantheta + nanomega + nantheta^2 + nantheta omega + nanomega^2

--- Chunk 38333 (54/220) | Start: 2025-01-04 16:35:00 ---
    RMSE omega: nan | RMSE theta: nan | Loss: 108.2024 | Epoch: 38
    Eq theta: 1.00000omega
    Eq omega: nan1 + nantheta + nanomega + nantheta^2 + nantheta omega + nanomega^2

--- Chunk 38334 (55/220) | Start: 2025-01-04 16:40:00 ---
    RMSE omega: 0.004214 | RMSE theta: 0.044213 | Loss: -1.5710 | Epoch: 2131
    Eq theta: 1.00000omega
    Eq omega: 0.012481 + -1.87280theta + -0.00167omega + 0.00092theta^2 + -0.13475theta omega + 0.00584omega^2

--- Chunk 38335 (56/220) | Start: 2025-01-04 16:45:00 ---
    RMSE omega: 0.005686 | RMSE theta: 0.167867 | Loss: -2.7514 | Epoch: 1676
    Eq theta: 1.00000omega
    Eq omega: -0.001551 + -0.00324theta + -0.00035omega + -0.00026theta^2 + -0.00124theta omega + -0.00145omega^2

--- Chunk 38336 (57/220) | Start: 2025-01-04 16:50:00 ---
    RMSE omega: 0.004705 | RMSE theta: 0.143740 | Loss: -3.8025 | Epoch: 1331
    Eq theta: 1.00000omega
    Eq omega: -0.020271 + -1.80117theta + -0.00015omega + 0.21110theta^2 + 0.01118theta omega + 0.00745omega^2

--- Chunk 38337 (58/220) | Start: 2025-01-04 16:55:00 ---
    RMSE omega: 0.005381 | RMSE theta: 0.114292 | Loss: -3.6884 | Epoch: 1435
    Eq theta: 1.00000omega
    Eq omega: 0.000451 + -0.00119theta + 0.00152omega + -0.00006theta^2 + 0.00156theta omega + 0.00029omega^2

--- Chunk 38338 (59/220) | Start: 2025-01-04 17:00:00 ---
    RMSE omega: 0.017691 | RMSE theta: 0.272377 | Loss: -197551.9531 | Epoch: 795
    Eq theta: 1.00000omega
    Eq omega: 0.008081 + -0.00319theta + 0.01216omega + -0.00181theta^2 + -0.00059theta omega + 0.00065omega^2

--- Chunk 38339 (60/220) | Start: 2025-01-04 17:05:00 ---
    RMSE omega: 0.005757 | RMSE theta: 0.279232 | Loss: 2.2615 | Epoch: 1918
    Eq theta: 1.00000omega
    Eq omega: -0.002031 + -0.00008theta + -0.00222omega + 0.00005theta^2 + 0.00012theta omega + 0.00016omega^2

--- Chunk 38340 (61/220) | Start: 2025-01-04 17:10:00 ---
    RMSE omega: 0.004884 | RMSE theta: 0.046678 | Loss: -1.8535 | Epoch: 1331
    Eq theta: 1.00000omega
    Eq omega: 0.007001 + -1.33910theta + -0.01955omega + 0.04552theta^2 + 0.67490theta omega + -0.10390omega^2

--- Chunk 38341 (62/220) | Start: 2025-01-04 17:15:00 ---
    RMSE omega: 0.005683 | RMSE theta: 0.228914 | Loss: -0.6149 | Epoch: 1885
    Eq theta: 1.00000omega
    Eq omega: 0.022031 + -0.21203theta + -0.00414omega + 0.00000theta^2 + -0.00706theta omega + 0.00223omega^2

--- Chunk 38342 (63/220) | Start: 2025-01-04 17:20:00 ---
    RMSE omega: 0.004398 | RMSE theta: 0.080914 | Loss: -1.6999 | Epoch: 1363
    Eq theta: 1.00000omega
    Eq omega: -0.002281 + -0.00989theta + 0.00076omega + -0.00090theta^2 + 0.00095theta omega + -0.01982omega^2

--- Chunk 38343 (64/220) | Start: 2025-01-04 17:25:00 ---
    RMSE omega: 0.006253 | RMSE theta: 0.132857 | Loss: -2.6437 | Epoch: 1311
    Eq theta: 1.00000omega
    Eq omega: -0.000881 + -0.00028theta + 0.00119omega + 0.00000theta^2 + -0.00045theta omega + 0.00016omega^2

--- Chunk 38344 (65/220) | Start: 2025-01-04 17:30:00 ---
    RMSE omega: 0.015295 | RMSE theta: 0.237471 | Loss: 11.1762 | Epoch: 1832
    Eq theta: 1.00000omega
    Eq omega: 0.000561 + -0.00021theta + -0.00134omega + -0.00041theta^2 + 0.00042theta omega + 0.00092omega^2

--- Chunk 38345 (66/220) | Start: 2025-01-04 17:35:00 ---
    RMSE omega: 0.019072 | RMSE theta: 0.480824 | Loss: -1874.7037 | Epoch: 1120
    Eq theta: 1.00000omega
    Eq omega: 0.001751 + -0.40483theta + 0.00555omega + -0.00765theta^2 + -0.01455theta omega + 0.00187omega^2

--- Chunk 38346 (67/220) | Start: 2025-01-04 17:40:00 ---
    RMSE omega: nan | RMSE theta: nan | Loss: 18.1483 | Epoch: 46
    Eq theta: 1.00000omega
    Eq omega: nan1 + nantheta + nanomega + nantheta^2 + nantheta omega + nanomega^2

--- Chunk 38347 (68/220) | Start: 2025-01-04 17:45:00 ---
    RMSE omega: nan | RMSE theta: nan | Loss: 388.4427 | Epoch: 24
    Eq theta: 1.00000omega
    Eq omega: nan1 + nantheta + nanomega + nantheta^2 + nantheta omega + nanomega^2

--- Chunk 38348 (69/220) | Start: 2025-01-04 17:50:00 ---
    RMSE omega: 0.004641 | RMSE theta: 0.073196 | Loss: -1.1883 | Epoch: 1377
    Eq theta: 1.00000omega
    Eq omega: 0.000451 + 0.00139theta + 0.00212omega + -0.00151theta^2 + -0.00048theta omega + -0.00027omega^2

--- Chunk 38349 (70/220) | Start: 2025-01-04 17:55:00 ---
    RMSE omega: 0.005075 | RMSE theta: 0.118665 | Loss: -1.3385 | Epoch: 1620
    Eq theta: 1.00000omega
    Eq omega: -0.000571 + 0.00021theta + 0.00085omega + 0.00011theta^2 + 0.00002theta omega + 0.00003omega^2

--- Chunk 38350 (71/220) | Start: 2025-01-04 18:00:00 ---
    RMSE omega: 0.005107 | RMSE theta: 0.064044 | Loss: -2.0143 | Epoch: 1346
    Eq theta: 1.00000omega
    Eq omega: -0.004101 + -0.09458theta + -0.00451omega + 0.00384theta^2 + -0.01263theta omega + -0.00862omega^2

--- Chunk 38351 (72/220) | Start: 2025-01-04 18:05:00 ---
    RMSE omega: 0.005966 | RMSE theta: 0.101316 | Loss: -2.3441 | Epoch: 1772
    Eq theta: 1.00000omega
    Eq omega: 0.015681 + -0.43928theta + 0.00021omega + 0.01489theta^2 + 0.01980theta omega + 0.03664omega^2

--- Chunk 38352 (73/220) | Start: 2025-01-04 18:10:00 ---
    RMSE omega: nan | RMSE theta: nan | Loss: 73.8594 | Epoch: 51
    Eq theta: 1.00000omega
    Eq omega: nan1 + nantheta + nanomega + nantheta^2 + nantheta omega + nanomega^2

--- Chunk 38353 (74/220) | Start: 2025-01-04 18:15:00 ---
    RMSE omega: nan | RMSE theta: nan | Loss: 2567.8591 | Epoch: 18
    Eq theta: 1.00000omega
    Eq omega: nan1 + nantheta + nanomega + nantheta^2 + nantheta omega + nanomega^2

--- Chunk 38354 (75/220) | Start: 2025-01-04 18:20:00 ---
    RMSE omega: nan | RMSE theta: nan | Loss: -2171680577435367331478896640.0000 | Epoch: 1903
    Eq theta: 1.00000omega
    Eq omega: nan1 + nantheta + nanomega + nantheta^2 + nantheta omega + nanomega^2

--- Chunk 38355 (76/220) | Start: 2025-01-04 18:25:00 ---
    RMSE omega: 0.197884 | RMSE theta: 5.466712 | Loss: -220968320.0000 | Epoch: 1197
    Eq theta: 1.00000omega
    Eq omega: 0.002091 + 0.00040theta + 0.00153omega + 0.00011theta^2 + -0.00104theta omega + -0.00015omega^2

--- Chunk 38356 (77/220) | Start: 2025-01-04 18:30:00 ---
    RMSE omega: 0.035707 | RMSE theta: 0.411991 | Loss: 111.5318 | Epoch: 27
    Eq theta: 1.00000omega
    Eq omega: -0.005091 + 0.00170theta + -0.00733omega + -0.00602theta^2 + 0.00239theta omega + -0.00921omega^2

--- Chunk 38357 (78/220) | Start: 2025-01-04 18:35:00 ---
    RMSE omega: nan | RMSE theta: nan | Loss: 30.5826 | Epoch: 49
    Eq theta: 1.00000omega
    Eq omega: nan1 + nantheta + nanomega + nantheta^2 + nantheta omega + nanomega^2

--- Chunk 38358 (79/220) | Start: 2025-01-04 18:40:00 ---
    RMSE omega: nan | RMSE theta: nan | Loss: 53.1170 | Epoch: 60
    Eq theta: 1.00000omega
    Eq omega: nan1 + nantheta + nanomega + nantheta^2 + nantheta omega + nanomega^2

--- Chunk 38359 (80/220) | Start: 2025-01-04 18:45:00 ---
    RMSE omega: 0.018777 | RMSE theta: 0.134511 | Loss: -226.6106 | Epoch: 900
    Eq theta: 1.00000omega
    Eq omega: -0.002561 + -0.06150theta + -0.00244omega + 0.00570theta^2 + 0.00315theta omega + 0.00579omega^2

--- Chunk 38360 (81/220) | Start: 2025-01-04 18:50:00 ---
    RMSE omega: nan | RMSE theta: nan | Loss: 72.0256 | Epoch: 33
    Eq theta: 1.00000omega
    Eq omega: nan1 + nantheta + nanomega + nantheta^2 + nantheta omega + nanomega^2

--- Chunk 38361 (82/220) | Start: 2025-01-04 18:55:00 ---
    RMSE omega: nan | RMSE theta: nan | Loss: 37.0203 | Epoch: 42
    Eq theta: 1.00000omega
    Eq omega: nan1 + nantheta + nanomega + nantheta^2 + nantheta omega + nanomega^2

--- Chunk 38362 (83/220) | Start: 2025-01-04 19:00:00 ---
    RMSE omega: 0.004935 | RMSE theta: 0.087380 | Loss: -1.0757 | Epoch: 1489
    Eq theta: 1.00000omega
    Eq omega: -0.005981 + 0.00092theta + -0.00512omega + -0.00099theta^2 + 0.00132theta omega + 0.00198omega^2

--- Chunk 38363 (84/220) | Start: 2025-01-04 19:05:00 ---
    RMSE omega: 0.004945 | RMSE theta: 0.095692 | Loss: -1.4186 | Epoch: 1106
    Eq theta: 1.00000omega
    Eq omega: -0.006591 + -0.08214theta + -0.00329omega + -0.00059theta^2 + 0.00470theta omega + -0.01435omega^2

--- Chunk 38364 (85/220) | Start: 2025-01-04 19:10:00 ---
    RMSE omega: 0.003930 | RMSE theta: 0.054611 | Loss: 0.2760 | Epoch: 3840
    Eq theta: 1.00000omega
    Eq omega: -0.000071 + -0.00027theta + 0.00206omega + -0.00012theta^2 + -0.00013theta omega + 0.00040omega^2

--- Chunk 38365 (86/220) | Start: 2025-01-04 19:15:00 ---
    RMSE omega: 0.025219 | RMSE theta: 0.206601 | Loss: 32.9478 | Epoch: 72
    Eq theta: 1.00000omega
    Eq omega: -0.000311 + -0.00207theta + -0.00046omega + 0.00034theta^2 + 0.00037theta omega + 0.00106omega^2

--- Chunk 38366 (87/220) | Start: 2025-01-04 19:20:00 ---
    RMSE omega: 0.029532 | RMSE theta: 0.583111 | Loss: 482.9234 | Epoch: 130
    Eq theta: 1.00000omega
    Eq omega: 0.010111 + -0.00017theta + 0.00111omega + 0.00000theta^2 + 0.00004theta omega + 0.00031omega^2

--- Chunk 38367 (88/220) | Start: 2025-01-04 19:25:00 ---
    RMSE omega: 0.007034 | RMSE theta: 0.035282 | Loss: -0.0551 | Epoch: 1455
    Eq theta: 1.00000omega
    Eq omega: 0.003271 + -0.00188theta + 0.00780omega + -0.00031theta^2 + -0.00061theta omega + -0.00522omega^2

--- Chunk 38368 (89/220) | Start: 2025-01-04 19:30:00 ---
    RMSE omega: 0.005418 | RMSE theta: 0.130358 | Loss: -5.2682 | Epoch: 780
    Eq theta: 1.00000omega
    Eq omega: -0.078071 + -1.39617theta + 0.28686omega + 0.44112theta^2 + 0.00688theta omega + -0.15748omega^2

--- Chunk 38369 (90/220) | Start: 2025-01-04 19:35:00 ---
    RMSE omega: 0.028243 | RMSE theta: 1.271205 | Loss: -276482754538114314665984.0000 | Epoch: 2232
    Eq theta: 1.00000omega
    Eq omega: 0.000351 + 0.00060theta + 0.00068omega + 0.00015theta^2 + -0.00036theta omega + 0.00005omega^2

--- Chunk 38370 (91/220) | Start: 2025-01-04 19:40:00 ---
    RMSE omega: 0.009137 | RMSE theta: 0.337029 | Loss: -10321084742292019309707264.0000 | Epoch: 3126
    Eq theta: 1.00000omega
    Eq omega: -0.005261 + -0.00118theta + -0.00004omega + -0.00004theta^2 + -0.00005theta omega + 0.00013omega^2

--- Chunk 38371 (92/220) | Start: 2025-01-04 19:45:00 ---
    RMSE omega: 0.004549 | RMSE theta: 0.086476 | Loss: -1.3480 | Epoch: 1872
    Eq theta: 1.00000omega
    Eq omega: 0.000441 + -0.00167theta + -0.00261omega + 0.00054theta^2 + -0.00158theta omega + 0.00387omega^2

--- Chunk 38372 (93/220) | Start: 2025-01-04 19:50:00 ---
    RMSE omega: 0.022333 | RMSE theta: 0.164873 | Loss: 27.0060 | Epoch: 95
    Eq theta: 1.00000omega
    Eq omega: -0.027731 + -0.00151theta + 0.00546omega + -0.00508theta^2 + 0.00420theta omega + 0.00284omega^2

--- Chunk 38373 (94/220) | Start: 2025-01-04 19:55:00 ---
    RMSE omega: 0.007703 | RMSE theta: 0.240788 | Loss: -1.1474 | Epoch: 1645
    Eq theta: 1.00000omega
    Eq omega: -0.000021 + -0.00121theta + -0.00012omega + -0.00005theta^2 + 0.00000theta omega + -0.00008omega^2

--- Chunk 38374 (95/220) | Start: 2025-01-04 20:00:00 ---
    RMSE omega: nan | RMSE theta: nan | Loss: 265.9084 | Epoch: 24
    Eq theta: 1.00000omega
    Eq omega: nan1 + nantheta + nanomega + nantheta^2 + nantheta omega + nanomega^2

--- Chunk 38375 (96/220) | Start: 2025-01-04 20:05:00 ---
    RMSE omega: 0.037163 | RMSE theta: 0.653260 | Loss: 121.6892 | Epoch: 34
    Eq theta: 1.00000omega
    Eq omega: 0.000651 + -0.00268theta + 0.00090omega + -0.00026theta^2 + 0.00096theta omega + -0.00425omega^2

--- Chunk 38376 (97/220) | Start: 2025-01-04 20:10:00 ---
    RMSE omega: 0.004517 | RMSE theta: 0.041849 | Loss: -1.3802 | Epoch: 2028
    Eq theta: 1.00000omega
    Eq omega: -0.001471 + -0.00060theta + -0.00163omega + -0.00009theta^2 + -0.00000theta omega + -0.00091omega^2

--- Chunk 38377 (98/220) | Start: 2025-01-04 20:15:00 ---
    RMSE omega: nan | RMSE theta: nan | Loss: 572.3984 | Epoch: 54
    Eq theta: 1.00000omega
    Eq omega: nan1 + nantheta + nanomega + nantheta^2 + nantheta omega + nanomega^2

--- Chunk 38378 (99/220) | Start: 2025-01-04 20:20:00 ---
    RMSE omega: nan | RMSE theta: nan | Loss: 195.3438 | Epoch: 35
    Eq theta: 1.00000omega
    Eq omega: nan1 + nantheta + nanomega + nantheta^2 + nantheta omega + nanomega^2

--- Chunk 38379 (100/220) | Start: 2025-01-04 20:25:00 ---
    RMSE omega: 0.006154 | RMSE theta: 0.076796 | Loss: -1.1934 | Epoch: 1286
    Eq theta: 1.00000omega
    Eq omega: -0.000961 + -0.00134theta + -0.00174omega + -0.00063theta^2 + 0.00100theta omega + 0.00331omega^2

  [Progress 100/220] Mean RMSE omega: 0.012873 | Mean loss: -594942589525881976652824576.0000 | Valid: 72/100 | Elapsed: 36.6min | ETA: 44.0min

--- Chunk 38380 (101/220) | Start: 2025-01-04 20:30:00 ---
/pfs/data6/home/ka/ka_iai/ka_bj2362/dsr/svise/svise/quadrature/_unbiased_quadrature.py:218: UserWarning: Quadrature result is NaN. Returning 0.
  warnings.warn("Quadrature result is NaN. Returning 0.")
    RMSE omega: 0.007786 | RMSE theta: 0.125896 | Loss: -1448544745487491149582041088.0000 | Epoch: 708
    Eq theta: 1.00000omega
    Eq omega: 0.000911 + -0.00378theta + 0.00053omega + 0.00052theta^2 + 0.00013theta omega + -0.00465omega^2

--- Chunk 38381 (102/220) | Start: 2025-01-04 20:35:00 ---
    RMSE omega: 0.009162 | RMSE theta: 0.259077 | Loss: -424.2171 | Epoch: 1748
    Eq theta: 1.00000omega
    Eq omega: -0.014011 + -0.88746theta + 0.01942omega + -0.00250theta^2 + -0.00112theta omega + 0.02389omega^2

--- Chunk 38382 (103/220) | Start: 2025-01-04 20:40:00 ---
    RMSE omega: 0.005271 | RMSE theta: 0.115494 | Loss: -2.6258 | Epoch: 1254
    Eq theta: 1.00000omega
    Eq omega: 0.002741 + -0.10652theta + -0.00297omega + 0.00189theta^2 + -0.00049theta omega + -0.00105omega^2

--- Chunk 38383 (104/220) | Start: 2025-01-04 20:45:00 ---
    RMSE omega: 0.004409 | RMSE theta: 0.126180 | Loss: -1.8414 | Epoch: 1755
    Eq theta: 1.00000omega
    Eq omega: -0.001781 + -0.00152theta + -0.00082omega + 0.00015theta^2 + -0.00242theta omega + -0.00147omega^2

--- Chunk 38384 (105/220) | Start: 2025-01-04 20:50:00 ---
    RMSE omega: nan | RMSE theta: nan | Loss: 36.3878 | Epoch: 54
    Eq theta: 1.00000omega
    Eq omega: nan1 + nantheta + nanomega + nantheta^2 + nantheta omega + nanomega^2

--- Chunk 38385 (106/220) | Start: 2025-01-04 20:55:00 ---
    RMSE omega: 0.946772 | RMSE theta: 13.936425 | Loss: -2324803616768.0000 | Epoch: 777
    Eq theta: 1.00000omega
    Eq omega: -0.000161 + -0.12724theta + -0.00062omega + 0.00004theta^2 + -0.00018theta omega + -0.00035omega^2

--- Chunk 38386 (107/220) | Start: 2025-01-04 21:00:00 ---
    RMSE omega: 0.004238 | RMSE theta: 0.142457 | Loss: -1.4152 | Epoch: 1860
    Eq theta: 1.00000omega
    Eq omega: -0.001151 + 0.00060theta + -0.00086omega + -0.00015theta^2 + 0.00028theta omega + 0.00159omega^2

--- Chunk 38387 (108/220) | Start: 2025-01-04 21:05:00 ---
    RMSE omega: 0.003802 | RMSE theta: 0.035904 | Loss: -1.7629 | Epoch: 1218
    Eq theta: 1.00000omega
    Eq omega: 0.004121 + -0.00256theta + -0.00115omega + 0.00028theta^2 + -0.00253theta omega + 0.00177omega^2

--- Chunk 38388 (109/220) | Start: 2025-01-04 21:10:00 ---
    RMSE omega: 0.018276 | RMSE theta: 0.117962 | Loss: 16.6619 | Epoch: 96
    Eq theta: 1.00000omega
    Eq omega: 0.004391 + -0.06968theta + -0.00101omega + 0.01984theta^2 + -0.01256theta omega + -0.00150omega^2

--- Chunk 38389 (110/220) | Start: 2025-01-04 21:15:00 ---
    RMSE omega: 0.004251 | RMSE theta: 0.102601 | Loss: -1.9378 | Epoch: 1176
    Eq theta: 1.00000omega
    Eq omega: -0.000111 + -0.00074theta + -0.00497omega + 0.00069theta^2 + -0.00169theta omega + 0.00050omega^2

--- Chunk 38390 (111/220) | Start: 2025-01-04 21:20:00 ---
    RMSE omega: 0.005775 | RMSE theta: 0.159055 | Loss: 2.9638 | Epoch: 2374
    Eq theta: 1.00000omega
    Eq omega: -0.001031 + -0.00063theta + 0.00268omega + 0.00009theta^2 + -0.00060theta omega + 0.00071omega^2

--- Chunk 38391 (112/220) | Start: 2025-01-04 21:25:00 ---
    RMSE omega: 0.006592 | RMSE theta: 0.104671 | Loss: -2.5597 | Epoch: 1153
    Eq theta: 1.00000omega
    Eq omega: 0.000921 + -0.56246theta + -0.01376omega + 0.00292theta^2 + 0.01096theta omega + 0.00116omega^2

--- Chunk 38392 (113/220) | Start: 2025-01-04 21:30:00 ---
    RMSE omega: 0.068225 | RMSE theta: 1.438993 | Loss: 811.8911 | Epoch: 34
    Eq theta: 1.00000omega
    Eq omega: 0.010351 + -0.00437theta + -0.00589omega + 0.00102theta^2 + 0.00075theta omega + -0.00013omega^2

--- Chunk 38393 (114/220) | Start: 2025-01-04 21:35:00 ---
    RMSE omega: 0.027923 | RMSE theta: 0.217687 | Loss: 26.3047 | Epoch: 76
    Eq theta: 1.00000omega
    Eq omega: -0.029321 + -0.34280theta + 0.01242omega + -0.00326theta^2 + -0.00207theta omega + 0.01613omega^2

--- Chunk 38394 (115/220) | Start: 2025-01-04 21:40:00 ---
    RMSE omega: 0.026355 | RMSE theta: 0.186708 | Loss: 33.4533 | Epoch: 73
    Eq theta: 1.00000omega
    Eq omega: 0.002561 + -0.00340theta + 0.00723omega + -0.00274theta^2 + 0.00091theta omega + 0.00316omega^2

--- Chunk 38395 (116/220) | Start: 2025-01-04 21:45:00 ---
    RMSE omega: 0.004566 | RMSE theta: 0.049499 | Loss: -2.1214 | Epoch: 1274
    Eq theta: 1.00000omega
    Eq omega: 0.114781 + -1.26839theta + 0.00436omega + 0.04275theta^2 + 0.00510theta omega + 0.04900omega^2

--- Chunk 38396 (117/220) | Start: 2025-01-04 21:50:00 ---
    RMSE omega: nan | RMSE theta: nan | Loss: 171.2154 | Epoch: 46
    Eq theta: 1.00000omega
    Eq omega: nan1 + nantheta + nanomega + nantheta^2 + nantheta omega + nanomega^2

--- Chunk 38397 (118/220) | Start: 2025-01-04 21:55:00 ---
    RMSE omega: 0.005648 | RMSE theta: 0.122035 | Loss: -1.3344 | Epoch: 1204
    Eq theta: 1.00000omega
    Eq omega: 0.000851 + 0.00026theta + -0.00278omega + 0.00067theta^2 + -0.00016theta omega + 0.00009omega^2

--- Chunk 38398 (119/220) | Start: 2025-01-04 22:00:00 ---
    RMSE omega: nan | RMSE theta: nan | Loss: 328.8989 | Epoch: 23
    Eq theta: 1.00000omega
    Eq omega: nan1 + nantheta + nanomega + nantheta^2 + nantheta omega + nanomega^2

--- Chunk 38399 (120/220) | Start: 2025-01-04 22:05:00 ---
    RMSE omega: 0.005614 | RMSE theta: 0.148487 | Loss: -0.0857 | Epoch: 1845
    Eq theta: 1.00000omega
    Eq omega: 0.017391 + -0.00399theta + -0.02557omega + 0.00027theta^2 + -0.00032theta omega + 0.00314omega^2

--- Chunk 38400 (121/220) | Start: 2025-01-04 22:10:00 ---
    RMSE omega: 0.007491 | RMSE theta: 0.192523 | Loss: -2.8773 | Epoch: 2035
    Eq theta: 1.00000omega
    Eq omega: 0.000131 + 0.00447theta + -0.00361omega + 0.00782theta^2 + 0.00330theta omega + 0.01524omega^2

--- Chunk 38401 (122/220) | Start: 2025-01-04 22:15:00 ---
    RMSE omega: 0.006253 | RMSE theta: 0.189047 | Loss: 1.4656 | Epoch: 1385
    Eq theta: 1.00000omega
    Eq omega: -0.001221 + 0.00051theta + 0.00178omega + 0.00024theta^2 + 0.00091theta omega + -0.00165omega^2

--- Chunk 38402 (123/220) | Start: 2025-01-04 22:20:00 ---
    RMSE omega: 0.004322 | RMSE theta: 0.123487 | Loss: -2.0029 | Epoch: 1911
    Eq theta: 1.00000omega
    Eq omega: -0.008401 + -0.24524theta + -0.02167omega + -0.10536theta^2 + -0.00246theta omega + 0.04225omega^2

--- Chunk 38403 (124/220) | Start: 2025-01-04 22:25:00 ---
    RMSE omega: 0.034386 | RMSE theta: 0.582117 | Loss: -9091.3545 | Epoch: 735
    Eq theta: 1.00000omega
    Eq omega: 0.000281 + -0.00051theta + -0.00071omega + -0.00055theta^2 + -0.00048theta omega + 0.00168omega^2

--- Chunk 38404 (125/220) | Start: 2025-01-04 22:30:00 ---
    RMSE omega: nan | RMSE theta: nan | Loss: 148.8867 | Epoch: 29
    Eq theta: 1.00000omega
    Eq omega: nan1 + nantheta + nanomega + nantheta^2 + nantheta omega + nanomega^2

--- Chunk 38405 (126/220) | Start: 2025-01-04 22:35:00 ---
    RMSE omega: 0.005730 | RMSE theta: 0.168854 | Loss: -3.8745 | Epoch: 1845
    Eq theta: 1.00000omega
    Eq omega: -0.016071 + -0.15927theta + 0.00727omega + 0.18196theta^2 + -0.00269theta omega + -0.01558omega^2

--- Chunk 38406 (127/220) | Start: 2025-01-04 22:40:00 ---
    RMSE omega: 0.019929 | RMSE theta: 0.508027 | Loss: -717.3067 | Epoch: 1551
    Eq theta: 1.00000omega
    Eq omega: 0.005081 + 0.00165theta + 0.00349omega + 0.00348theta^2 + 0.00164theta omega + -0.00332omega^2

--- Chunk 38407 (128/220) | Start: 2025-01-04 22:45:00 ---
    RMSE omega: 0.006654 | RMSE theta: 0.243805 | Loss: 0.0818 | Epoch: 1930
    Eq theta: 1.00000omega
    Eq omega: 0.008701 + -0.00083theta + 0.00819omega + -0.00008theta^2 + 0.00004theta omega + -0.00046omega^2

--- Chunk 38408 (129/220) | Start: 2025-01-04 22:50:00 ---
    RMSE omega: 0.007728 | RMSE theta: 0.278431 | Loss: -2.0147 | Epoch: 3446
    Eq theta: 1.00000omega
    Eq omega: -0.000331 + -0.29923theta + 0.00179omega + -0.00062theta^2 + 0.00215theta omega + -0.00842omega^2

--- Chunk 38409 (130/220) | Start: 2025-01-04 22:55:00 ---
    RMSE omega: 0.006300 | RMSE theta: 0.233195 | Loss: 4.1490 | Epoch: 1936
    Eq theta: 1.00000omega
    Eq omega: -0.000271 + -0.00042theta + 0.00275omega + 0.00000theta^2 + 0.00005theta omega + -0.00016omega^2

--- Chunk 38410 (131/220) | Start: 2025-01-04 23:00:00 ---
    RMSE omega: 0.004818 | RMSE theta: 0.066257 | Loss: -28467046.0000 | Epoch: 1595
    Eq theta: 1.00000omega
    Eq omega: -0.000491 + 0.00087theta + -0.00260omega + 0.00055theta^2 + -0.00055theta omega + 0.00043omega^2

--- Chunk 38411 (132/220) | Start: 2025-01-04 23:05:00 ---
    RMSE omega: nan | RMSE theta: nan | Loss: 11.9402 | Epoch: 145
    Eq theta: 1.00000omega
    Eq omega: nan1 + nantheta + nanomega + nantheta^2 + nantheta omega + nanomega^2

--- Chunk 38412 (133/220) | Start: 2025-01-04 23:10:00 ---
    RMSE omega: 0.010475 | RMSE theta: 0.546263 | Loss: -31.1720 | Epoch: 2018
    Eq theta: 1.00000omega
    Eq omega: -0.000611 + 0.00012theta + -0.00165omega + 0.00015theta^2 + -0.00050theta omega + 0.00009omega^2

--- Chunk 38413 (134/220) | Start: 2025-01-04 23:15:00 ---
    RMSE omega: nan | RMSE theta: nan | Loss: 139.0227 | Epoch: 21
    Eq theta: 1.00000omega
    Eq omega: nan1 + nantheta + nanomega + nantheta^2 + nantheta omega + nanomega^2

--- Chunk 38414 (135/220) | Start: 2025-01-04 23:20:00 ---
    RMSE omega: 0.007184 | RMSE theta: 0.207420 | Loss: -7.1156 | Epoch: 1416
    Eq theta: 1.00000omega
    Eq omega: 0.006071 + 0.00351theta + 0.00099omega + -0.00325theta^2 + 0.00318theta omega + 0.00091omega^2

--- Chunk 38415 (136/220) | Start: 2025-01-04 23:25:00 ---
    RMSE omega: 0.006192 | RMSE theta: 0.163858 | Loss: -1.2431 | Epoch: 1861
    Eq theta: 1.00000omega
    Eq omega: -0.000751 + -0.15929theta + -0.00285omega + 0.02377theta^2 + 0.00423theta omega + -0.00023omega^2

--- Chunk 38416 (137/220) | Start: 2025-01-04 23:30:00 ---
    RMSE omega: 0.014493 | RMSE theta: 0.145728 | Loss: 8.4434 | Epoch: 60
    Eq theta: 1.00000omega
    Eq omega: -0.004461 + -0.04625theta + -0.00040omega + -0.00440theta^2 + 0.00014theta omega + -0.00080omega^2

--- Chunk 38417 (138/220) | Start: 2025-01-04 23:35:00 ---
    RMSE omega: 0.005156 | RMSE theta: 0.047506 | Loss: -1.9984 | Epoch: 1701
    Eq theta: 1.00000omega
    Eq omega: 0.009841 + -0.89440theta + -0.04985omega + 0.09557theta^2 + 0.03523theta omega + 0.00008omega^2

--- Chunk 38418 (139/220) | Start: 2025-01-04 23:40:00 ---
    RMSE omega: nan | RMSE theta: nan | Loss: 337.2031 | Epoch: 21
    Eq theta: 1.00000omega
    Eq omega: nan1 + nantheta + nanomega + nantheta^2 + nantheta omega + nanomega^2

--- Chunk 38419 (140/220) | Start: 2025-01-04 23:45:00 ---
    RMSE omega: 0.006010 | RMSE theta: 0.052213 | Loss: -1.7337 | Epoch: 1209
    Eq theta: 1.00000omega
    Eq omega: -0.001121 + -1.46395theta + -0.00305omega + 0.22238theta^2 + 0.02613theta omega + -0.00055omega^2

--- Chunk 38420 (141/220) | Start: 2025-01-04 23:50:00 ---
    RMSE omega: 0.025471 | RMSE theta: 0.261734 | Loss: -4514357248.0000 | Epoch: 1337
    Eq theta: 1.00000omega
    Eq omega: -0.002621 + 0.00068theta + 0.00154omega + 0.00051theta^2 + -0.00147theta omega + -0.00100omega^2

--- Chunk 38421 (142/220) | Start: 2025-01-04 23:55:00 ---
    RMSE omega: nan | RMSE theta: nan | Loss: 41.0961 | Epoch: 62
    Eq theta: 1.00000omega
    Eq omega: nan1 + nantheta + nanomega + nantheta^2 + nantheta omega + nanomega^2

--- Chunk 38422 (143/220) | Start: 2025-01-05 00:00:00 ---
    RMSE omega: 0.006702 | RMSE theta: 0.198701 | Loss: -1.4487 | Epoch: 2107
    Eq theta: 1.00000omega
    Eq omega: -0.000831 + -0.00000theta + -0.00064omega + -0.00001theta^2 + 0.00007theta omega + -0.00076omega^2

--- Chunk 38423 (144/220) | Start: 2025-01-05 00:05:00 ---
    RMSE omega: 0.013381 | RMSE theta: 0.143268 | Loss: -11320.5742 | Epoch: 1976
    Eq theta: 1.00000omega
    Eq omega: 0.011911 + -0.34207theta + -0.01176omega + 0.01002theta^2 + -0.03011theta omega + 0.03499omega^2

--- Chunk 38424 (145/220) | Start: 2025-01-05 00:10:00 ---
    RMSE omega: 0.005682 | RMSE theta: 0.104639 | Loss: -1.3634 | Epoch: 2721
    Eq theta: 1.00000omega
    Eq omega: -0.002451 + -0.09426theta + 0.00493omega + 0.00021theta^2 + -0.00130theta omega + -0.00069omega^2

--- Chunk 38425 (146/220) | Start: 2025-01-05 00:15:00 ---
    RMSE omega: 0.005435 | RMSE theta: 0.104463 | Loss: -2.7858 | Epoch: 906
    Eq theta: 1.00000omega
    Eq omega: 0.020521 + -0.86540theta + 0.02408omega + -0.01013theta^2 + -0.02472theta omega + 0.00357omega^2

--- Chunk 38426 (147/220) | Start: 2025-01-05 00:20:00 ---
    RMSE omega: 0.005670 | RMSE theta: 0.046319 | Loss: -1.2293 | Epoch: 1351
    Eq theta: 1.00000omega
    Eq omega: 0.033121 + -2.65349theta + -0.00435omega + 1.65511theta^2 + 0.02369theta omega + 0.00054omega^2

--- Chunk 38427 (148/220) | Start: 2025-01-05 00:25:00 ---
    RMSE omega: 0.060548 | RMSE theta: 1.212015 | Loss: -55004.1133 | Epoch: 795
    Eq theta: 1.00000omega
    Eq omega: -0.001161 + -0.00365theta + 0.00784omega + 0.00041theta^2 + 0.00020theta omega + 0.00634omega^2

--- Chunk 38428 (149/220) | Start: 2025-01-05 00:30:00 ---
    RMSE omega: 0.004277 | RMSE theta: 0.089325 | Loss: -1.5075 | Epoch: 1263
    Eq theta: 1.00000omega
    Eq omega: 0.000841 + 0.00116theta + -0.00009omega + -0.00127theta^2 + 0.00701theta omega + -0.00172omega^2

--- Chunk 38429 (150/220) | Start: 2025-01-05 00:35:00 ---
    RMSE omega: 0.005801 | RMSE theta: 0.087003 | Loss: -1.2594 | Epoch: 1268
    Eq theta: 1.00000omega
    Eq omega: -0.001951 + 0.00994theta + -0.00019omega + 0.00008theta^2 + -0.00166theta omega + 0.00136omega^2

  [Progress 150/220] Mean RMSE omega: 0.020769 | Mean loss: -406285357987171232194232320.0000 | Valid: 114/150 | Elapsed: 57.5min | ETA: 26.8min

--- Chunk 38430 (151/220) | Start: 2025-01-05 00:40:00 ---
    RMSE omega: 0.004566 | RMSE theta: 0.041520 | Loss: -1.4761 | Epoch: 1383
    Eq theta: 1.00000omega
    Eq omega: -0.000331 + -0.00836theta + 0.00061omega + 0.00076theta^2 + 0.00053theta omega + -0.00172omega^2

--- Chunk 38431 (152/220) | Start: 2025-01-05 00:45:00 ---
    RMSE omega: 0.006053 | RMSE theta: 0.162832 | Loss: -16370088.0000 | Epoch: 1587
    Eq theta: 1.00000omega
    Eq omega: 0.000081 + -0.00037theta + 0.00298omega + 0.00091theta^2 + 0.00170theta omega + 0.00004omega^2

--- Chunk 38432 (153/220) | Start: 2025-01-05 00:50:00 ---
    RMSE omega: 0.004696 | RMSE theta: 0.041062 | Loss: -1.9668 | Epoch: 1341
    Eq theta: 1.00000omega
    Eq omega: -0.053101 + -1.67999theta + 0.02931omega + 0.35648theta^2 + 0.01368theta omega + 0.00907omega^2

--- Chunk 38433 (154/220) | Start: 2025-01-05 00:55:00 ---
    RMSE omega: 0.008162 | RMSE theta: 0.091587 | Loss: -1.9631 | Epoch: 2350
    Eq theta: 1.00000omega
    Eq omega: -0.010291 + -2.29003theta + -0.00877omega + -0.04560theta^2 + -0.01769theta omega + -0.00713omega^2

--- Chunk 38434 (155/220) | Start: 2025-01-05 01:00:00 ---
    RMSE omega: 0.006574 | RMSE theta: 0.103092 | Loss: -2.6918 | Epoch: 1529
    Eq theta: 1.00000omega
    Eq omega: -0.020591 + -0.37386theta + -0.00597omega + -0.00931theta^2 + 0.00787theta omega + -0.00228omega^2

--- Chunk 38435 (156/220) | Start: 2025-01-05 01:05:00 ---
    RMSE omega: 0.006206 | RMSE theta: 0.261829 | Loss: 18.1482 | Epoch: 2591
    Eq theta: 1.00000omega
    Eq omega: 0.001411 + -0.00012theta + 0.00079omega + 0.00001theta^2 + 0.00002theta omega + 0.00016omega^2

--- Chunk 38436 (157/220) | Start: 2025-01-05 01:10:00 ---
    RMSE omega: nan | RMSE theta: nan | Loss: 1137.8575 | Epoch: 25
    Eq theta: 1.00000omega
    Eq omega: nan1 + nantheta + nanomega + nantheta^2 + nantheta omega + nanomega^2

--- Chunk 38437 (158/220) | Start: 2025-01-05 01:15:00 ---
    RMSE omega: 0.004928 | RMSE theta: 0.084207 | Loss: -2.2342 | Epoch: 2000
    Eq theta: 1.00000omega
    Eq omega: -0.004351 + -0.03811theta + 0.00129omega + -0.00534theta^2 + 0.00283theta omega + -0.00407omega^2

--- Chunk 38438 (159/220) | Start: 2025-01-05 01:20:00 ---
    RMSE omega: 0.004895 | RMSE theta: 0.096033 | Loss: -953132.2500 | Epoch: 2255
    Eq theta: 1.00000omega
    Eq omega: -0.000321 + 0.00008theta + 0.00013omega + -0.00002theta^2 + -0.00002theta omega + 0.00003omega^2

--- Chunk 38439 (160/220) | Start: 2025-01-05 01:25:00 ---
    RMSE omega: 0.004506 | RMSE theta: 0.056037 | Loss: -2.0832 | Epoch: 1484
    Eq theta: 1.00000omega
    Eq omega: 0.068971 + -0.95869theta + -0.04571omega + 1.39883theta^2 + 0.01003theta omega + -0.65897omega^2

--- Chunk 38440 (161/220) | Start: 2025-01-05 01:30:00 ---
    RMSE omega: 0.005809 | RMSE theta: 0.138596 | Loss: -2.0955 | Epoch: 1730
    Eq theta: 1.00000omega
    Eq omega: -0.001601 + -0.00067theta + -0.00099omega + -0.00038theta^2 + -0.00263theta omega + 0.00154omega^2

--- Chunk 38441 (162/220) | Start: 2025-01-05 01:35:00 ---
    RMSE omega: nan | RMSE theta: nan | Loss: 69.9342 | Epoch: 41
    Eq theta: 1.00000omega
    Eq omega: nan1 + nantheta + nanomega + nantheta^2 + nantheta omega + nanomega^2

--- Chunk 38442 (163/220) | Start: 2025-01-05 01:40:00 ---
    RMSE omega: 0.006579 | RMSE theta: 0.208860 | Loss: -41.1520 | Epoch: 1484
    Eq theta: 1.00000omega
    Eq omega: -0.000631 + -0.01108theta + 0.00861omega + 0.00378theta^2 + -0.00455theta omega + -0.00171omega^2

--- Chunk 38443 (164/220) | Start: 2025-01-05 01:45:00 ---
    RMSE omega: 0.025476 | RMSE theta: 0.378111 | Loss: 31.1988 | Epoch: 108
    Eq theta: 1.00000omega
    Eq omega: -0.006001 + -0.01236theta + 0.00192omega + -0.00007theta^2 + 0.00107theta omega + -0.00661omega^2

--- Chunk 38444 (165/220) | Start: 2025-01-05 01:50:00 ---
    RMSE omega: nan | RMSE theta: nan | Loss: 123.0309 | Epoch: 29
    Eq theta: 1.00000omega
    Eq omega: nan1 + nantheta + nanomega + nantheta^2 + nantheta omega + nanomega^2

--- Chunk 38445 (166/220) | Start: 2025-01-05 01:55:00 ---
    RMSE omega: 0.004529 | RMSE theta: 0.026447 | Loss: -1.0259 | Epoch: 1012
    Eq theta: 1.00000omega
    Eq omega: 0.009421 + -2.41804theta + -0.36389omega + 0.06078theta^2 + 0.03227theta omega + -0.03697omega^2

--- Chunk 38446 (167/220) | Start: 2025-01-05 02:00:00 ---
    RMSE omega: 0.021797 | RMSE theta: 0.247077 | Loss: -42859.0742 | Epoch: 913
    Eq theta: 1.00000omega
    Eq omega: 0.004051 + -0.01494theta + -0.00150omega + 0.00194theta^2 + 0.00237theta omega + -0.00139omega^2

--- Chunk 38447 (168/220) | Start: 2025-01-05 02:05:00 ---
    RMSE omega: 0.007026 | RMSE theta: 0.227432 | Loss: 8.5864 | Epoch: 2244
    Eq theta: 1.00000omega
    Eq omega: -0.003161 + 0.00003theta + -0.00265omega + -0.00000theta^2 + 0.00008theta omega + -0.00103omega^2

--- Chunk 38448 (169/220) | Start: 2025-01-05 02:10:00 ---
    RMSE omega: nan | RMSE theta: nan | Loss: 298.7244 | Epoch: 42
    Eq theta: 1.00000omega
    Eq omega: nan1 + nantheta + nanomega + nantheta^2 + nantheta omega + nanomega^2

--- Chunk 38449 (170/220) | Start: 2025-01-05 02:15:00 ---
    RMSE omega: 0.004990 | RMSE theta: 0.102767 | Loss: -2.4028 | Epoch: 1351
    Eq theta: 1.00000omega
    Eq omega: 0.004391 + -0.00163theta + -0.00263omega + 0.00253theta^2 + -0.00120theta omega + 0.00073omega^2

--- Chunk 38450 (171/220) | Start: 2025-01-05 02:20:00 ---
    RMSE omega: 0.035825 | RMSE theta: 0.619047 | Loss: 218.5039 | Epoch: 95
    Eq theta: 1.00000omega
    Eq omega: 0.000631 + -0.00019theta + 0.05296omega + -0.00000theta^2 + -0.00318theta omega + 0.00030omega^2

--- Chunk 38451 (172/220) | Start: 2025-01-05 02:25:00 ---
    RMSE omega: 0.008890 | RMSE theta: 0.274811 | Loss: 7.9787 | Epoch: 2151
    Eq theta: 1.00000omega
    Eq omega: 0.002671 + -0.00019theta + 0.00016omega + -0.00019theta^2 + -0.00010theta omega + -0.00021omega^2

--- Chunk 38452 (173/220) | Start: 2025-01-05 02:30:00 ---
    RMSE omega: 0.006854 | RMSE theta: 0.270575 | Loss: -19848.8398 | Epoch: 1511
    Eq theta: 1.00000omega
    Eq omega: -0.000881 + 0.00040theta + -0.00219omega + 0.00008theta^2 + -0.00461theta omega + -0.00208omega^2

--- Chunk 38453 (174/220) | Start: 2025-01-05 02:35:00 ---
    RMSE omega: 0.005805 | RMSE theta: 0.071351 | Loss: -1.2417 | Epoch: 1837
    Eq theta: 1.00000omega
    Eq omega: -0.003321 + 0.00002theta + 0.00022omega + -0.00100theta^2 + -0.00225theta omega + 0.00046omega^2

--- Chunk 38454 (175/220) | Start: 2025-01-05 02:40:00 ---
    RMSE omega: 0.027708 | RMSE theta: 0.346166 | Loss: 24.5479 | Epoch: 58
    Eq theta: 1.00000omega
    Eq omega: -0.001171 + -0.03190theta + 0.00026omega + -0.00059theta^2 + 0.00069theta omega + -0.00089omega^2

--- Chunk 38455 (176/220) | Start: 2025-01-05 02:45:00 ---
    RMSE omega: nan | RMSE theta: nan | Loss: 69.3569 | Epoch: 32
    Eq theta: 1.00000omega
    Eq omega: nan1 + nantheta + nanomega + nantheta^2 + nantheta omega + nanomega^2

--- Chunk 38456 (177/220) | Start: 2025-01-05 02:50:00 ---
    RMSE omega: nan | RMSE theta: nan | Loss: 22.5158 | Epoch: 71
    Eq theta: 1.00000omega
    Eq omega: nan1 + nantheta + nanomega + nantheta^2 + nantheta omega + nanomega^2

--- Chunk 38457 (178/220) | Start: 2025-01-05 02:55:00 ---
    RMSE omega: 0.005057 | RMSE theta: 0.354373 | Loss: -15268.6133 | Epoch: 2615
    Eq theta: 1.00000omega
    Eq omega: -0.004271 + -0.08463theta + 0.01359omega + 0.01293theta^2 + -0.00484theta omega + -0.00170omega^2

--- Chunk 38458 (179/220) | Start: 2025-01-05 03:00:00 ---
    RMSE omega: nan | RMSE theta: nan | Loss: 65.8374 | Epoch: 25
    Eq theta: 1.00000omega
    Eq omega: nan1 + nantheta + nanomega + nantheta^2 + nantheta omega + nanomega^2

--- Chunk 38459 (180/220) | Start: 2025-01-05 03:05:00 ---
    RMSE omega: 0.026622 | RMSE theta: 0.448521 | Loss: -68746.7422 | Epoch: 484
    Eq theta: 1.00000omega
    Eq omega: 0.007661 + -0.00181theta + 0.00158omega + -0.00009theta^2 + 0.00028theta omega + 0.00088omega^2

--- Chunk 38460 (181/220) | Start: 2025-01-05 03:10:00 ---
    RMSE omega: 0.004684 | RMSE theta: 0.082404 | Loss: -2.0100 | Epoch: 1695
    Eq theta: 1.00000omega
    Eq omega: 0.002481 + -0.00026theta + 0.00161omega + 0.00072theta^2 + -0.00404theta omega + 0.00239omega^2

--- Chunk 38461 (182/220) | Start: 2025-01-05 03:15:00 ---
    RMSE omega: 0.045895 | RMSE theta: 0.628303 | Loss: -3679008.2500 | Epoch: 744
    Eq theta: 1.00000omega
    Eq omega: -0.000501 + -0.00658theta + 0.00333omega + 0.00627theta^2 + 0.00139theta omega + 0.00396omega^2

--- Chunk 38462 (183/220) | Start: 2025-01-05 03:20:00 ---
    RMSE omega: 0.015232 | RMSE theta: 0.241806 | Loss: -15.5567 | Epoch: 589
    Eq theta: 1.00000omega
    Eq omega: -0.018511 + -1.90190theta + -0.92344omega + -0.24715theta^2 + 0.24273theta omega + -0.17295omega^2

--- Chunk 38463 (184/220) | Start: 2025-01-05 03:25:00 ---
    RMSE omega: 0.005993 | RMSE theta: 0.144734 | Loss: -2.2138 | Epoch: 1555
    Eq theta: 1.00000omega
    Eq omega: -0.000751 + 0.00023theta + -0.00207omega + 0.00005theta^2 + 0.00068theta omega + -0.00090omega^2

--- Chunk 38464 (185/220) | Start: 2025-01-05 03:30:00 ---
    RMSE omega: 0.008567 | RMSE theta: 0.208104 | Loss: 0.0145 | Epoch: 2063
    Eq theta: 1.00000omega
    Eq omega: 0.005051 + -0.00010theta + -0.00069omega + 0.00007theta^2 + -0.00044theta omega + 0.00013omega^2

--- Chunk 38465 (186/220) | Start: 2025-01-05 03:35:00 ---
    RMSE omega: 0.004890 | RMSE theta: 0.019706 | Loss: -0.4434 | Epoch: 1436
    Eq theta: 1.00000omega
    Eq omega: 0.001491 + 0.00067theta + 0.00427omega + -0.00031theta^2 + -0.00118theta omega + 0.00217omega^2

--- Chunk 38466 (187/220) | Start: 2025-01-05 03:40:00 ---
    RMSE omega: 0.032091 | RMSE theta: 0.473611 | Loss: 90.7654 | Epoch: 112
    Eq theta: 1.00000omega
    Eq omega: 0.003001 + -0.00010theta + 0.00183omega + 0.00017theta^2 + 0.00019theta omega + -0.00069omega^2

--- Chunk 38467 (188/220) | Start: 2025-01-05 03:45:00 ---
    RMSE omega: 0.005382 | RMSE theta: 0.040597 | Loss: -1.6277 | Epoch: 1151
    Eq theta: 1.00000omega
    Eq omega: -0.000701 + -0.03779theta + -0.14411omega + -0.06132theta^2 + -0.00309theta omega + -0.00897omega^2

--- Chunk 38468 (189/220) | Start: 2025-01-05 03:50:00 ---
    RMSE omega: 0.006937 | RMSE theta: 0.285930 | Loss: -1.2147 | Epoch: 2820
    Eq theta: 1.00000omega
    Eq omega: -0.009511 + -0.09654theta + -0.01104omega + 0.00275theta^2 + -0.00125theta omega + -0.01051omega^2

--- Chunk 38469 (190/220) | Start: 2025-01-05 03:55:00 ---
    RMSE omega: 0.004599 | RMSE theta: 0.135320 | Loss: -0.7355 | Epoch: 1376
    Eq theta: 1.00000omega
    Eq omega: 0.002531 + -0.00540theta + 0.00794omega + 0.00043theta^2 + -0.00185theta omega + -0.00056omega^2

--- Chunk 38470 (191/220) | Start: 2025-01-05 04:00:00 ---
    RMSE omega: nan | RMSE theta: nan | Loss: 366.4179 | Epoch: 20
    Eq theta: 1.00000omega
    Eq omega: nan1 + nantheta + nanomega + nantheta^2 + nantheta omega + nanomega^2

--- Chunk 38471 (192/220) | Start: 2025-01-05 04:05:00 ---
    RMSE omega: 0.005260 | RMSE theta: 0.053516 | Loss: -2.0385 | Epoch: 1964
    Eq theta: 1.00000omega
    Eq omega: 0.002231 + -0.01581theta + -0.00079omega + 0.00142theta^2 + -0.00283theta omega + -0.00247omega^2

--- Chunk 38472 (193/220) | Start: 2025-01-05 04:10:00 ---
    RMSE omega: 0.004906 | RMSE theta: 0.118157 | Loss: -1.1942 | Epoch: 2370
    Eq theta: 1.00000omega
    Eq omega: 0.001541 + 0.00005theta + -0.00266omega + -0.00034theta^2 + 0.00153theta omega + -0.00420omega^2

--- Chunk 38473 (194/220) | Start: 2025-01-05 04:15:00 ---
    RMSE omega: 0.037474 | RMSE theta: 2.432368 | Loss: -451.2239 | Epoch: 668
    Eq theta: 1.00000omega
    Eq omega: 0.000891 + 0.00024theta + -0.00038omega + -0.00003theta^2 + 0.00001theta omega + -0.00008omega^2

--- Chunk 38474 (195/220) | Start: 2025-01-05 04:20:00 ---
    RMSE omega: 0.034539 | RMSE theta: 0.561091 | Loss: 174.7121 | Epoch: 67
    Eq theta: 1.00000omega
    Eq omega: -0.002831 + -0.00399theta + 0.00054omega + 0.00004theta^2 + -0.00105theta omega + 0.00011omega^2

--- Chunk 38475 (196/220) | Start: 2025-01-05 04:25:00 ---
    RMSE omega: 0.006465 | RMSE theta: 0.378954 | Loss: 2.3251 | Epoch: 2131
    Eq theta: 1.00000omega
    Eq omega: 0.004361 + -0.00071theta + 0.00454omega + -0.00005theta^2 + -0.00043theta omega + -0.00119omega^2

--- Chunk 38476 (197/220) | Start: 2025-01-05 04:30:00 ---
    RMSE omega: 0.005196 | RMSE theta: 0.083982 | Loss: -2.1221 | Epoch: 1248
    Eq theta: 1.00000omega
    Eq omega: -0.018671 + -0.81053theta + -0.02602omega + 0.00446theta^2 + -0.00220theta omega + -0.19808omega^2

--- Chunk 38477 (198/220) | Start: 2025-01-05 04:35:00 ---
    RMSE omega: 0.029038 | RMSE theta: 1.271447 | Loss: -1362033508352.0000 | Epoch: 1821
    Eq theta: 1.00000omega
    Eq omega: 0.000421 + -0.00125theta + -0.00301omega + -0.00011theta^2 + 0.00262theta omega + -0.00038omega^2

--- Chunk 38478 (199/220) | Start: 2025-01-05 04:40:00 ---
    RMSE omega: nan | RMSE theta: nan | Loss: 453.6705 | Epoch: 70
    Eq theta: 1.00000omega
    Eq omega: nan1 + nantheta + nanomega + nantheta^2 + nantheta omega + nanomega^2

--- Chunk 38479 (200/220) | Start: 2025-01-05 04:45:00 ---
    RMSE omega: nan | RMSE theta: nan | Loss: 919.9525 | Epoch: 48
    Eq theta: 1.00000omega
    Eq omega: nan1 + nantheta + nanomega + nantheta^2 + nantheta omega + nanomega^2

  [Progress 200/220] Mean RMSE omega: 0.018626 | Mean loss: -304714018490378441325543424.0000 | Valid: 154/200 | Elapsed: 77.9min | ETA: 7.8min

--- Chunk 38480 (201/220) | Start: 2025-01-05 04:50:00 ---
    RMSE omega: nan | RMSE theta: nan | Loss: 71.4679 | Epoch: 62
    Eq theta: 1.00000omega
    Eq omega: nan1 + nantheta + nanomega + nantheta^2 + nantheta omega + nanomega^2

--- Chunk 38481 (202/220) | Start: 2025-01-05 04:55:00 ---
    RMSE omega: 0.033129 | RMSE theta: 0.324354 | Loss: 35.8376 | Epoch: 130
    Eq theta: 1.00000omega
    Eq omega: -0.000731 + -0.24596theta + 0.01284omega + -0.00128theta^2 + 0.00529theta omega + 0.01453omega^2

--- Chunk 38482 (203/220) | Start: 2025-01-05 05:00:00 ---
    RMSE omega: 0.039376 | RMSE theta: 1.213782 | Loss: -9623.0068 | Epoch: 889
    Eq theta: 1.00000omega
    Eq omega: 0.002491 + 0.00074theta + -0.00230omega + 0.00009theta^2 + 0.00001theta omega + -0.00021omega^2

--- Chunk 38483 (204/220) | Start: 2025-01-05 05:05:00 ---
    RMSE omega: 0.042226 | RMSE theta: 1.430964 | Loss: 1166.4834 | Epoch: 351
    Eq theta: 1.00000omega
    Eq omega: 0.001111 + -0.00012theta + 0.00154omega + -0.00000theta^2 + 0.00001theta omega + 0.00070omega^2

--- Chunk 38484 (205/220) | Start: 2025-01-05 05:10:00 ---
    RMSE omega: 0.037223 | RMSE theta: 0.523105 | Loss: 105.2807 | Epoch: 841
    Eq theta: 1.00000omega
    Eq omega: -0.002211 + -0.02534theta + -0.00480omega + 0.00032theta^2 + -0.00206theta omega + -0.00153omega^2

--- Chunk 38485 (206/220) | Start: 2025-01-05 05:15:00 ---
    RMSE omega: nan | RMSE theta: nan | Loss: 123.9522 | Epoch: 26
    Eq theta: 1.00000omega
    Eq omega: nan1 + nantheta + nanomega + nantheta^2 + nantheta omega + nanomega^2

--- Chunk 38486 (207/220) | Start: 2025-01-05 05:20:00 ---
    RMSE omega: 0.144619 | RMSE theta: 6.712895 | Loss: -403977.2188 | Epoch: 2507
    Eq theta: 1.00000omega
    Eq omega: 0.001401 + -0.00028theta + 0.00167omega + -0.00015theta^2 + 0.00039theta omega + 0.00142omega^2

--- Chunk 38487 (208/220) | Start: 2025-01-05 05:25:00 ---
    RMSE omega: nan | RMSE theta: nan | Loss: 34.4929 | Epoch: 53
    Eq theta: 1.00000omega
    Eq omega: nan1 + nantheta + nanomega + nantheta^2 + nantheta omega + nanomega^2

--- Chunk 38488 (209/220) | Start: 2025-01-05 05:30:00 ---
    RMSE omega: 0.010401 | RMSE theta: 0.626511 | Loss: -1878563093846992669900800.0000 | Epoch: 4065
    Eq theta: 1.00000omega
    Eq omega: -0.011701 + -0.00003theta + 0.00095omega + 0.00000theta^2 + -0.00001theta omega + 0.00005omega^2

--- Chunk 38489 (210/220) | Start: 2025-01-05 05:35:00 ---
    RMSE omega: nan | RMSE theta: nan | Loss: 3779.3191 | Epoch: 19
    Eq theta: 1.00000omega
    Eq omega: nan1 + nantheta + nanomega + nantheta^2 + nantheta omega + nanomega^2

--- Chunk 38490 (211/220) | Start: 2025-01-05 05:40:00 ---
    RMSE omega: 0.005231 | RMSE theta: 0.048649 | Loss: -0.9094 | Epoch: 1387
    Eq theta: 1.00000omega
    Eq omega: 0.006741 + -0.46257theta + 0.02656omega + -0.00676theta^2 + 0.03163theta omega + -0.00193omega^2

--- Chunk 38491 (212/220) | Start: 2025-01-05 05:45:00 ---
    RMSE omega: 0.006800 | RMSE theta: 0.104866 | Loss: -1.9411 | Epoch: 1000
    Eq theta: 1.00000omega
    Eq omega: 0.001101 + 0.00032theta + -0.00013omega + 0.00014theta^2 + 0.00045theta omega + 0.00191omega^2

--- Chunk 38492 (213/220) | Start: 2025-01-05 05:50:00 ---
    RMSE omega: 0.005052 | RMSE theta: 0.054434 | Loss: -1.0596 | Epoch: 1306
    Eq theta: 1.00000omega
    Eq omega: -0.010261 + -0.32525theta + -0.00226omega + 0.00165theta^2 + 0.00470theta omega + 0.02888omega^2

--- Chunk 38493 (214/220) | Start: 2025-01-05 05:55:00 ---
    RMSE omega: 0.005955 | RMSE theta: 0.197343 | Loss: -0.7769 | Epoch: 2102
    Eq theta: 1.00000omega
    Eq omega: 0.002801 + 0.00349theta + -0.00110omega + 0.00057theta^2 + 0.00136theta omega + 0.00547omega^2

--- Chunk 38494 (215/220) | Start: 2025-01-05 06:00:00 ---
    RMSE omega: nan | RMSE theta: nan | Loss: 225.3794 | Epoch: 36
    Eq theta: 1.00000omega
    Eq omega: nan1 + nantheta + nanomega + nantheta^2 + nantheta omega + nanomega^2

--- Chunk 38495 (216/220) | Start: 2025-01-05 06:05:00 ---
    RMSE omega: nan | RMSE theta: nan | Loss: -163027491076497705279684608.0000 | Epoch: 2055
    Eq theta: 1.00000omega
    Eq omega: nan1 + nantheta + nanomega + nantheta^2 + nantheta omega + nanomega^2

--- Chunk 38496 (217/220) | Start: 2025-01-05 06:10:00 ---
    RMSE omega: 0.006249 | RMSE theta: 0.269548 | Loss: 1.4799 | Epoch: 1454
    Eq theta: 1.00000omega
    Eq omega: -0.003941 + -0.00013theta + 0.00150omega + 0.00005theta^2 + -0.00077theta omega + 0.00158omega^2

--- Chunk 38497 (218/220) | Start: 2025-01-05 06:15:00 ---
    RMSE omega: 0.009226 | RMSE theta: 0.432893 | Loss: 11.5173 | Epoch: 2550
    Eq theta: 1.00000omega
    Eq omega: -0.000511 + 0.00024theta + 0.00421omega + -0.00012theta^2 + -0.00002theta omega + 0.00091omega^2

--- Chunk 38498 (219/220) | Start: 2025-01-05 06:20:00 ---
    RMSE omega: 0.067056 | RMSE theta: 1.009671 | Loss: 206.6407 | Epoch: 23
    Eq theta: 1.00000omega
    Eq omega: -0.006411 + -0.00339theta + -0.00029omega + -0.00008theta^2 + -0.00096theta omega + -0.00416omega^2

--- Chunk 38499 (220/220) | Start: 2025-01-05 06:25:00 ---
    RMSE omega: nan | RMSE theta: nan | Loss: 56.1367 | Epoch: 62
    Eq theta: 1.00000omega
    Eq omega: nan1 + nantheta + nanomega + nantheta^2 + nantheta omega + nanomega^2

  [Progress 220/220] Mean RMSE omega: 0.019646 | Mean loss: -277762317055663780573216768.0000 | Valid: 167/220 | Elapsed: 85.2min | ETA: 0.0min

============================================================
EVALUATION COMPLETE — Chunks [38280, 38499]
============================================================
Chunks processed: 220
Chunks succeeded: 167 (75.9%)
Mean RMSE omega:  0.019646 ± 0.075126
Mean RMSE theta:  0.401501 ± 1.269626
Mean RMSE total:  0.284336
Mean Loss:        -277762317055663780573216768.0000 ± 3858008724080546473723297792.0000
Elapsed time:     85.2 minutes

Per-chunk CSV: /pfs/data6/home/ka/ka_iai/ka_bj2362/dsr/svise/results_5min_all_chunks/run_SLURM_3708675/chunks_38280_to_38499_20260320_062624.csv
Summary JSON:  /pfs/data6/home/ka/ka_iai/ka_bj2362/dsr/svise/results_5min_all_chunks/run_SLURM_3708675/summary_38280_to_38499_20260320_062624.json
============================================================

============================= JOB FEEDBACK =============================

NodeName=uc3n068
Job ID: 3709273
Array Job ID: 3708675_174
Cluster: uc3
User/Group: ka_bj2362/ka_iai
State: COMPLETED (exit code 0)
Nodes: 1
Cores per node: 4
CPU Utilized: 01:24:46
CPU Efficiency: 24.77% of 05:42:12 core-walltime
Job Wall-clock time: 01:25:33
Memory Utilized: 3.41 GB
Memory Efficiency: 28.38% of 12.00 GB (12.00 GB/node)
