Array task 365: processing chunks 80300 to 80519
Loading data from /pfs/data6/home/ka/ka_iai/ka_bj2362/dsr/svise/../dataset/South_Korea_2024-08-15_2025-08-31_1s.parquet...
Finding all valid 5-minute chunks in the dataset...
Found 107059 valid 5-minute chunks in total.

============================================================
SVISE FINAL EVALUATION — ALL CHUNKS
============================================================
Hyperparameters: {
  "model": "integrator",
  "sigma": 0,
  "degree": 2,
  "tau": 1e-05,
  "lr": 0.1,
  "n_tau": 100,
  "measurement_noise": 0.001,
  "n_reparam_samples": 15
}
Total valid chunks in dataset: 107059
Processing chunk range: [80300, 80519] (220 chunks)
Early stopping: patience=300, max_epochs=10000
============================================================


--- Chunk 80300 (1/220) | Start: 2025-05-30 20:50:00 ---
/pfs/data6/home/ka/ka_iai/ka_bj2362/dsr/svise/svise/sde_learning/_marginal_sde.py:284: UserWarning: torch.triangular_solve is deprecated in favor of torch.linalg.solve_triangularand will be removed in a future PyTorch release.
torch.linalg.solve_triangular has its arguments reversed and does not return a copy of one of the inputs.
X = torch.triangular_solve(B, A).solution
should be replaced with
X = torch.linalg.solve_triangular(A, B). (Triggered internally at ../aten/src/ATen/native/BatchLinearAlgebra.cpp:2192.)
  return torch.triangular_solve(self.raw_w, self.C.t()).solution
/pfs/data6/home/ka/ka_iai/ka_bj2362/dsr/svise/svise/quadrature/_unbiased_quadrature.py:196: UserWarning: Interp is nan, reducing interp degree.
  warnings.warn("Interp is nan, reducing interp degree.")
/pfs/data6/home/ka/ka_iai/ka_bj2362/dsr/svise/svise/quadrature/_unbiased_quadrature.py:174: UserWarning: NaN detected in fxq (quadrature node evaluations). Clamping to 0.
  warnings.warn("NaN detected in fxq (quadrature node evaluations). Clamping to 0.")
/pfs/data6/home/ka/ka_iai/ka_bj2362/dsr/svise/svise/quadrature/_unbiased_quadrature.py:177: UserWarning: NaN detected in fmc (Monte-Carlo node evaluations). Clamping to 0.
  warnings.warn("NaN detected in fmc (Monte-Carlo node evaluations). Clamping to 0.")
    RMSE omega: nan | RMSE theta: nan | Loss: 58.2887 | Epoch: 80
    Eq theta: 1.00000omega
    Eq omega: nan1 + nantheta + nanomega + nantheta^2 + nantheta omega + nanomega^2

--- Chunk 80301 (2/220) | Start: 2025-05-30 20:55:00 ---
    RMSE omega: 0.006351 | RMSE theta: 0.322944 | Loss: -36.4000 | Epoch: 1570
    Eq theta: 1.00000omega
    Eq omega: 0.000281 + 0.00006theta + -0.00039omega + 0.00007theta^2 + -0.00030theta omega + 0.00001omega^2

--- Chunk 80302 (3/220) | Start: 2025-05-30 21:00:00 ---
    RMSE omega: 0.041871 | RMSE theta: 0.677596 | Loss: 46.4671 | Epoch: 516
    Eq theta: 1.00000omega
    Eq omega: -0.010811 + -0.33917theta + 0.01009omega + -0.00468theta^2 + 0.01686theta omega + 0.00398omega^2

--- Chunk 80303 (4/220) | Start: 2025-05-30 21:05:00 ---
    RMSE omega: 0.010887 | RMSE theta: 0.564046 | Loss: 32.8966 | Epoch: 2120
    Eq theta: 1.00000omega
    Eq omega: 0.000081 + 0.00001theta + -0.00003omega + -0.00000theta^2 + -0.00000theta omega + -0.00004omega^2

--- Chunk 80304 (5/220) | Start: 2025-05-30 21:10:00 ---
    RMSE omega: 0.007152 | RMSE theta: 0.379984 | Loss: -947723894784.0000 | Epoch: 1802
    Eq theta: 1.00000omega
    Eq omega: 0.001351 + 0.00020theta + 0.00170omega + -0.00012theta^2 + -0.00132theta omega + 0.00109omega^2

--- Chunk 80305 (6/220) | Start: 2025-05-30 21:15:00 ---
    RMSE omega: 0.010359 | RMSE theta: 0.396554 | Loss: -1237.4937 | Epoch: 1865
    Eq theta: 1.00000omega
    Eq omega: -0.001141 + -0.00066theta + 0.00271omega + -0.00056theta^2 + -0.00027theta omega + -0.00148omega^2

--- Chunk 80306 (7/220) | Start: 2025-05-30 21:20:00 ---
    RMSE omega: nan | RMSE theta: nan | Loss: 30.9168 | Epoch: 39
    Eq theta: 1.00000omega
    Eq omega: nan1 + nantheta + nanomega + nantheta^2 + nantheta omega + nanomega^2

--- Chunk 80307 (8/220) | Start: 2025-05-30 21:25:00 ---
    RMSE omega: 0.008950 | RMSE theta: 0.255111 | Loss: -11.3698 | Epoch: 2453
    Eq theta: 1.00000omega
    Eq omega: 0.000141 + 0.00022theta + -0.00007omega + -0.00000theta^2 + -0.00005theta omega + -0.00005omega^2

--- Chunk 80308 (9/220) | Start: 2025-05-30 21:30:00 ---
    RMSE omega: 0.007809 | RMSE theta: 0.212918 | Loss: -1.2333 | Epoch: 2732
    Eq theta: 1.00000omega
    Eq omega: 0.000201 + -0.00007theta + -0.00022omega + -0.00004theta^2 + 0.00002theta omega + -0.00002omega^2

--- Chunk 80309 (10/220) | Start: 2025-05-30 21:35:00 ---
    RMSE omega: nan | RMSE theta: nan | Loss: 345.3817 | Epoch: 15
    Eq theta: 1.00000omega
    Eq omega: nan1 + nantheta + nanomega + nantheta^2 + nantheta omega + nanomega^2

--- Chunk 80310 (11/220) | Start: 2025-05-30 21:40:00 ---
    RMSE omega: 0.007335 | RMSE theta: 0.036706 | Loss: -2.4117 | Epoch: 1938
    Eq theta: 1.00000omega
    Eq omega: -0.001031 + -0.00008theta + -0.00075omega + 0.00006theta^2 + -0.00001theta omega + -0.00041omega^2

--- Chunk 80311 (12/220) | Start: 2025-05-30 21:45:00 ---
    RMSE omega: 0.031073 | RMSE theta: 0.656739 | Loss: -233551.0469 | Epoch: 604
    Eq theta: 1.00000omega
    Eq omega: -0.009661 + -0.00246theta + -0.04025omega + -0.00391theta^2 + -0.00000theta omega + -0.00271omega^2

--- Chunk 80312 (13/220) | Start: 2025-05-30 21:50:00 ---
    RMSE omega: 0.005068 | RMSE theta: 0.049156 | Loss: -0.8739 | Epoch: 984
    Eq theta: 1.00000omega
    Eq omega: 0.025891 + -1.56589theta + 0.17305omega + 0.00427theta^2 + 0.01341theta omega + -0.00996omega^2

--- Chunk 80313 (14/220) | Start: 2025-05-30 21:55:00 ---
    RMSE omega: 0.008830 | RMSE theta: 0.445818 | Loss: -1.4832 | Epoch: 2994
    Eq theta: 1.00000omega
    Eq omega: 0.005371 + -0.00003theta + -0.00450omega + -0.00080theta^2 + 0.00057theta omega + -0.00057omega^2

--- Chunk 80314 (15/220) | Start: 2025-05-30 22:00:00 ---
    RMSE omega: 0.038159 | RMSE theta: 0.592186 | Loss: 185.4243 | Epoch: 108
    Eq theta: 1.00000omega
    Eq omega: 0.000261 + -0.00008theta + -0.00028omega + -0.00002theta^2 + 0.00005theta omega + -0.00004omega^2

--- Chunk 80315 (16/220) | Start: 2025-05-30 22:05:00 ---
    RMSE omega: 0.004713 | RMSE theta: 0.046701 | Loss: -0.9066 | Epoch: 5522
    Eq theta: 1.00000omega
    Eq omega: 0.005411 + 0.00081theta + -0.00920omega + -0.00015theta^2 + 0.00039theta omega + -0.00092omega^2

--- Chunk 80316 (17/220) | Start: 2025-05-30 22:10:00 ---
    RMSE omega: 0.005651 | RMSE theta: 0.198744 | Loss: -0.6608 | Epoch: 1616
    Eq theta: 1.00000omega
    Eq omega: -0.000471 + 0.00017theta + -0.00038omega + -0.00003theta^2 + -0.00029theta omega + -0.00195omega^2

--- Chunk 80317 (18/220) | Start: 2025-05-30 22:15:00 ---
    RMSE omega: 0.005740 | RMSE theta: 0.196849 | Loss: -2.3386 | Epoch: 1593
    Eq theta: 1.00000omega
    Eq omega: 0.001371 + 0.00335theta + -0.00394omega + -0.00036theta^2 + 0.00074theta omega + 0.00077omega^2

--- Chunk 80318 (19/220) | Start: 2025-05-30 22:20:00 ---
    RMSE omega: 0.006290 | RMSE theta: 0.025320 | Loss: -0.6909 | Epoch: 1442
    Eq theta: 1.00000omega
    Eq omega: -0.010371 + -1.52024theta + 0.00780omega + -0.00411theta^2 + 0.42104theta omega + -0.01062omega^2

--- Chunk 80319 (20/220) | Start: 2025-05-30 22:25:00 ---
    RMSE omega: 0.016443 | RMSE theta: 0.057578 | Loss: 8.0323 | Epoch: 282
    Eq theta: 1.00000omega
    Eq omega: -0.000761 + 0.00093theta + -0.00095omega + -0.00042theta^2 + 0.00088theta omega + 0.00150omega^2

--- Chunk 80320 (21/220) | Start: 2025-05-30 22:30:00 ---
    RMSE omega: nan | RMSE theta: nan | Loss: 289.4540 | Epoch: 17
    Eq theta: 1.00000omega
    Eq omega: nan1 + nantheta + nanomega + nantheta^2 + nantheta omega + nanomega^2

--- Chunk 80321 (22/220) | Start: 2025-05-30 22:35:00 ---
    RMSE omega: 0.040517 | RMSE theta: 0.763941 | Loss: -1046451.8750 | Epoch: 848
    Eq theta: 1.00000omega
    Eq omega: -0.000571 + 0.00007theta + 0.00304omega + 0.00032theta^2 + -0.00086theta omega + 0.00343omega^2

--- Chunk 80322 (23/220) | Start: 2025-05-30 22:40:00 ---
    RMSE omega: 0.005039 | RMSE theta: 0.078631 | Loss: -1.9782 | Epoch: 1620
    Eq theta: 1.00000omega
    Eq omega: -0.018701 + -0.00734theta + 0.01546omega + -0.00343theta^2 + 0.00139theta omega + -0.00302omega^2

--- Chunk 80323 (24/220) | Start: 2025-05-30 22:45:00 ---
    RMSE omega: nan | RMSE theta: nan | Loss: 4.8359 | Epoch: 1005
    Eq theta: 1.00000omega
    Eq omega: nan1 + nantheta + nanomega + nantheta^2 + nantheta omega + nanomega^2

--- Chunk 80324 (25/220) | Start: 2025-05-30 22:50:00 ---
    RMSE omega: nan | RMSE theta: nan | Loss: 837.4579 | Epoch: 27
    Eq theta: 1.00000omega
    Eq omega: nan1 + nantheta + nanomega + nantheta^2 + nantheta omega + nanomega^2

--- Chunk 80325 (26/220) | Start: 2025-05-30 22:55:00 ---
    RMSE omega: nan | RMSE theta: nan | Loss: 203.0295 | Epoch: 31
    Eq theta: 1.00000omega
    Eq omega: nan1 + nantheta + nanomega + nantheta^2 + nantheta omega + nanomega^2

--- Chunk 80326 (27/220) | Start: 2025-05-30 23:00:00 ---
    RMSE omega: 0.005252 | RMSE theta: 0.157490 | Loss: -7.6628 | Epoch: 1706
    Eq theta: 1.00000omega
    Eq omega: 0.015191 + -0.00107theta + 0.00278omega + 0.00128theta^2 + 0.00079theta omega + 0.00153omega^2

--- Chunk 80327 (28/220) | Start: 2025-05-30 23:05:00 ---
    RMSE omega: nan | RMSE theta: nan | Loss: 70.6238 | Epoch: 35
    Eq theta: 1.00000omega
    Eq omega: nan1 + nantheta + nanomega + nantheta^2 + nantheta omega + nanomega^2

--- Chunk 80328 (29/220) | Start: 2025-05-30 23:10:00 ---
    RMSE omega: 0.022526 | RMSE theta: 0.476875 | Loss: -37963525404483823599616.0000 | Epoch: 3410
    Eq theta: 1.00000omega
    Eq omega: 0.008911 + -0.00401theta + -0.00639omega + 0.00078theta^2 + -0.00015theta omega + 0.00054omega^2

--- Chunk 80329 (30/220) | Start: 2025-05-30 23:15:00 ---
    RMSE omega: 0.007243 | RMSE theta: 0.157429 | Loss: -1.7853 | Epoch: 1254
    Eq theta: 1.00000omega
    Eq omega: 0.004231 + -0.00277theta + 0.00083omega + 0.00044theta^2 + 0.00212theta omega + 0.00089omega^2

--- Chunk 80330 (31/220) | Start: 2025-05-30 23:20:00 ---
    RMSE omega: 0.010228 | RMSE theta: 0.265546 | Loss: 17.0773 | Epoch: 1664
    Eq theta: 1.00000omega
    Eq omega: 0.000351 + 0.00000theta + 0.00173omega + 0.00008theta^2 + 0.00022theta omega + 0.00038omega^2

--- Chunk 80331 (32/220) | Start: 2025-05-30 23:25:00 ---
    RMSE omega: 0.006832 | RMSE theta: 0.188867 | Loss: 3.1777 | Epoch: 1973
    Eq theta: 1.00000omega
    Eq omega: -0.000611 + 0.00016theta + 0.00005omega + 0.00004theta^2 + -0.00014theta omega + 0.00027omega^2

--- Chunk 80332 (33/220) | Start: 2025-05-30 23:30:00 ---
    RMSE omega: 0.005867 | RMSE theta: 0.014748 | Loss: -2.2107 | Epoch: 1631
    Eq theta: 1.00000omega
    Eq omega: -0.001881 + -0.00471theta + 0.00644omega + 0.00082theta^2 + -0.00172theta omega + -0.02340omega^2

--- Chunk 80333 (34/220) | Start: 2025-05-30 23:35:00 ---
    RMSE omega: nan | RMSE theta: nan | Loss: 75.8536 | Epoch: 39
    Eq theta: 1.00000omega
    Eq omega: nan1 + nantheta + nanomega + nantheta^2 + nantheta omega + nanomega^2

--- Chunk 80334 (35/220) | Start: 2025-05-30 23:40:00 ---
    RMSE omega: 0.244635 | RMSE theta: 5.106293 | Loss: -38794092.0000 | Epoch: 1811
    Eq theta: 1.00000omega
    Eq omega: -0.015571 + -0.84259theta + -0.00350omega + -0.01006theta^2 + -0.00099theta omega + -0.00850omega^2

--- Chunk 80335 (36/220) | Start: 2025-05-30 23:45:00 ---
    RMSE omega: 0.007358 | RMSE theta: 0.165857 | Loss: -9183746048.0000 | Epoch: 3180
    Eq theta: 1.00000omega
    Eq omega: 0.006521 + -0.00065theta + 0.00113omega + 0.00078theta^2 + -0.00380theta omega + 0.00161omega^2

--- Chunk 80336 (37/220) | Start: 2025-05-30 23:50:00 ---
    RMSE omega: 0.006808 | RMSE theta: 0.205463 | Loss: 1.9372 | Epoch: 1401
    Eq theta: 1.00000omega
    Eq omega: 0.000691 + -0.00492theta + -0.00115omega + -0.00005theta^2 + -0.00015theta omega + -0.00074omega^2

--- Chunk 80337 (38/220) | Start: 2025-05-30 23:55:00 ---
    RMSE omega: 0.008354 | RMSE theta: 0.063651 | Loss: 0.2923 | Epoch: 3165
    Eq theta: 1.00000omega
    Eq omega: 0.001291 + 0.00082theta + 0.00416omega + -0.00044theta^2 + 0.00295theta omega + 0.00094omega^2

--- Chunk 80338 (39/220) | Start: 2025-05-31 00:00:00 ---
    RMSE omega: nan | RMSE theta: nan | Loss: 60.4252 | Epoch: 47
    Eq theta: 1.00000omega
    Eq omega: nan1 + nantheta + nanomega + nantheta^2 + nantheta omega + nanomega^2

--- Chunk 80339 (40/220) | Start: 2025-05-31 00:05:00 ---
    RMSE omega: 0.007763 | RMSE theta: 0.151490 | Loss: -3.1878 | Epoch: 1501
    Eq theta: 1.00000omega
    Eq omega: -0.003171 + 0.00020theta + 0.00065omega + 0.00009theta^2 + -0.00003theta omega + -0.00094omega^2

--- Chunk 80340 (41/220) | Start: 2025-05-31 00:10:00 ---
    RMSE omega: 0.039613 | RMSE theta: 0.365633 | Loss: 180.4717 | Epoch: 78
    Eq theta: 1.00000omega
    Eq omega: 0.001391 + -0.00058theta + -0.00129omega + 0.00001theta^2 + -0.00002theta omega + 0.00034omega^2

--- Chunk 80341 (42/220) | Start: 2025-05-31 00:15:00 ---
    RMSE omega: 0.031102 | RMSE theta: 0.343203 | Loss: -5788.7305 | Epoch: 649
    Eq theta: 1.00000omega
    Eq omega: 0.000681 + -0.00220theta + -0.00008omega + 0.00003theta^2 + 0.00073theta omega + 0.00126omega^2

--- Chunk 80342 (43/220) | Start: 2025-05-31 00:20:00 ---
    RMSE omega: 0.043109 | RMSE theta: 0.550617 | Loss: -2197167.0000 | Epoch: 817
    Eq theta: 1.00000omega
    Eq omega: -0.001581 + -0.00093theta + -0.00280omega + -0.00059theta^2 + 0.00093theta omega + 0.00039omega^2

--- Chunk 80343 (44/220) | Start: 2025-05-31 00:25:00 ---
    RMSE omega: 0.006264 | RMSE theta: 0.089592 | Loss: 2.5131 | Epoch: 1428
    Eq theta: 1.00000omega
    Eq omega: -0.000081 + -0.00130theta + -0.00287omega + 0.00013theta^2 + -0.00020theta omega + 0.00004omega^2

--- Chunk 80344 (45/220) | Start: 2025-05-31 00:30:00 ---
    RMSE omega: 0.006780 | RMSE theta: 0.027516 | Loss: -1.8888 | Epoch: 987
    Eq theta: 1.00000omega
    Eq omega: 0.005821 + -0.04910theta + 0.00157omega + -0.00106theta^2 + -0.00539theta omega + -0.00723omega^2

--- Chunk 80345 (46/220) | Start: 2025-05-31 00:35:00 ---
    RMSE omega: 0.004804 | RMSE theta: 0.151569 | Loss: -2.1398 | Epoch: 983
    Eq theta: 1.00000omega
    Eq omega: 0.009161 + -0.28706theta + 0.00549omega + 0.00030theta^2 + 0.00049theta omega + 0.00480omega^2

--- Chunk 80346 (47/220) | Start: 2025-05-31 00:40:00 ---
    RMSE omega: 0.055328 | RMSE theta: 4.413293 | Loss: -2915860082340655005696.0000 | Epoch: 1722
    Eq theta: 1.00000omega
    Eq omega: -0.002491 + -0.00004theta + 0.00189omega + 0.00011theta^2 + 0.00016theta omega + -0.00228omega^2

--- Chunk 80347 (48/220) | Start: 2025-05-31 00:45:00 ---
    RMSE omega: 0.107328 | RMSE theta: 2.413936 | Loss: -12347219968.0000 | Epoch: 1348
    Eq theta: 1.00000omega
    Eq omega: 0.000111 + -0.00525theta + -0.00468omega + 0.00056theta^2 + -0.00037theta omega + 0.00096omega^2

--- Chunk 80348 (49/220) | Start: 2025-05-31 00:50:00 ---
    RMSE omega: 0.006528 | RMSE theta: 0.121651 | Loss: -0.1372 | Epoch: 1106
    Eq theta: 1.00000omega
    Eq omega: -0.000801 + -0.00325theta + -0.00223omega + 0.00043theta^2 + 0.00125theta omega + 0.00333omega^2

--- Chunk 80349 (50/220) | Start: 2025-05-31 00:55:00 ---
    RMSE omega: 0.010990 | RMSE theta: 0.055816 | Loss: 1.3706 | Epoch: 180
    Eq theta: 1.00000omega
    Eq omega: -0.003351 + -0.03671theta + -0.00006omega + 0.03518theta^2 + 0.00700theta omega + 0.00435omega^2

  [Progress 50/220] Mean RMSE omega: 0.022824 | Mean loss: -817587709755875524608.0000 | Valid: 40/50 | Elapsed: 22.9min | ETA: 77.8min

--- Chunk 80350 (51/220) | Start: 2025-05-31 01:00:00 ---
    RMSE omega: nan | RMSE theta: nan | Loss: 38.9657 | Epoch: 49
    Eq theta: 1.00000omega
    Eq omega: nan1 + nantheta + nanomega + nantheta^2 + nantheta omega + nanomega^2

--- Chunk 80351 (52/220) | Start: 2025-05-31 01:05:00 ---
    RMSE omega: 0.011044 | RMSE theta: 0.090265 | Loss: -1.0564 | Epoch: 1596
    Eq theta: 1.00000omega
    Eq omega: 0.002001 + -0.00104theta + 0.00012omega + -0.00096theta^2 + 0.00038theta omega + -0.00006omega^2

--- Chunk 80352 (53/220) | Start: 2025-05-31 01:10:00 ---
    RMSE omega: 0.006488 | RMSE theta: 0.071770 | Loss: -1.5297 | Epoch: 1268
    Eq theta: 1.00000omega
    Eq omega: 0.006391 + -0.00174theta + 0.00141omega + -0.02044theta^2 + -0.00159theta omega + 0.00943omega^2

--- Chunk 80353 (54/220) | Start: 2025-05-31 01:15:00 ---
    RMSE omega: nan | RMSE theta: nan | Loss: -12415828954576250369912663441408.0000 | Epoch: 2052
    Eq theta: 1.00000omega
    Eq omega: nan1 + nantheta + nanomega + nantheta^2 + nantheta omega + nanomega^2

--- Chunk 80354 (55/220) | Start: 2025-05-31 01:20:00 ---
    RMSE omega: 0.019948 | RMSE theta: 1.370494 | Loss: -483253778175771951824505929728.0000 | Epoch: 2554
    Eq theta: 1.00000omega
    Eq omega: -0.000511 + 0.00019theta + 0.00117omega + 0.00005theta^2 + 0.00004theta omega + 0.00024omega^2

--- Chunk 80355 (56/220) | Start: 2025-05-31 01:25:00 ---
    RMSE omega: nan | RMSE theta: nan | Loss: 338.8752 | Epoch: 48
    Eq theta: 1.00000omega
    Eq omega: nan1 + nantheta + nanomega + nantheta^2 + nantheta omega + nanomega^2

--- Chunk 80356 (57/220) | Start: 2025-05-31 01:30:00 ---
    RMSE omega: nan | RMSE theta: nan | Loss: 111.6222 | Epoch: 41
    Eq theta: 1.00000omega
    Eq omega: nan1 + nantheta + nanomega + nantheta^2 + nantheta omega + nanomega^2

--- Chunk 80357 (58/220) | Start: 2025-05-31 01:35:00 ---
    RMSE omega: nan | RMSE theta: nan | Loss: 51.8166 | Epoch: 48
    Eq theta: 1.00000omega
    Eq omega: nan1 + nantheta + nanomega + nantheta^2 + nantheta omega + nanomega^2

--- Chunk 80358 (59/220) | Start: 2025-05-31 01:40:00 ---
    RMSE omega: 0.006594 | RMSE theta: 0.143334 | Loss: -1.4717 | Epoch: 1766
    Eq theta: 1.00000omega
    Eq omega: -0.002721 + 0.00238theta + -0.00013omega + -0.00250theta^2 + 0.00053theta omega + 0.00102omega^2

--- Chunk 80359 (60/220) | Start: 2025-05-31 01:45:00 ---
    RMSE omega: 0.049500 | RMSE theta: 0.539509 | Loss: 86.4885 | Epoch: 23
    Eq theta: 1.00000omega
    Eq omega: 0.000741 + -0.01987theta + 0.00168omega + 0.00130theta^2 + 0.01099theta omega + 0.00199omega^2

--- Chunk 80360 (61/220) | Start: 2025-05-31 01:50:00 ---
    RMSE omega: 0.014470 | RMSE theta: 0.347722 | Loss: -5260609616677608634712064.0000 | Epoch: 2248
    Eq theta: 1.00000omega
    Eq omega: -0.005341 + -0.00016theta + -0.00185omega + 0.00029theta^2 + 0.00023theta omega + -0.00022omega^2

--- Chunk 80361 (62/220) | Start: 2025-05-31 01:55:00 ---
    RMSE omega: 0.057131 | RMSE theta: 0.463483 | Loss: 250.5404 | Epoch: 23
    Eq theta: 1.00000omega
    Eq omega: -0.003841 + -0.01643theta + 0.00178omega + -0.00012theta^2 + 0.00517theta omega + -0.00396omega^2

--- Chunk 80362 (63/220) | Start: 2025-05-31 02:00:00 ---
    RMSE omega: 0.007942 | RMSE theta: 0.109788 | Loss: -0.8525 | Epoch: 1516
    Eq theta: 1.00000omega
    Eq omega: -0.004041 + -0.17348theta + -0.02016omega + 0.00106theta^2 + 0.00945theta omega + -0.03369omega^2

--- Chunk 80363 (64/220) | Start: 2025-05-31 02:05:00 ---
    RMSE omega: 0.006944 | RMSE theta: 0.064591 | Loss: -0.7594 | Epoch: 1907
    Eq theta: 1.00000omega
    Eq omega: -0.102171 + -0.45233theta + -0.65906omega + 0.00138theta^2 + 0.00131theta omega + 0.00070omega^2

--- Chunk 80364 (65/220) | Start: 2025-05-31 02:10:00 ---
    RMSE omega: 0.021985 | RMSE theta: 0.918288 | Loss: -956332096.0000 | Epoch: 2017
    Eq theta: 1.00000omega
    Eq omega: -0.005791 + -0.16773theta + -0.34923omega + -0.00270theta^2 + -0.00355theta omega + -0.00070omega^2

--- Chunk 80365 (66/220) | Start: 2025-05-31 02:15:00 ---
    RMSE omega: 0.047354 | RMSE theta: 0.302191 | Loss: 117.7433 | Epoch: 42
    Eq theta: 1.00000omega
    Eq omega: -0.003761 + -0.07922theta + -0.00022omega + 0.06150theta^2 + -0.01906theta omega + 0.01139omega^2

--- Chunk 80366 (67/220) | Start: 2025-05-31 02:20:00 ---
    RMSE omega: 0.006809 | RMSE theta: 0.043830 | Loss: -1.1861 | Epoch: 984
    Eq theta: 1.00000omega
    Eq omega: 0.017481 + -0.24318theta + -0.09031omega + 0.01625theta^2 + 0.00407theta omega + 0.01242omega^2

--- Chunk 80367 (68/220) | Start: 2025-05-31 02:25:00 ---
    RMSE omega: 0.010281 | RMSE theta: 0.450362 | Loss: -388.9999 | Epoch: 2170
    Eq theta: 1.00000omega
    Eq omega: -0.000411 + -0.00003theta + -0.00049omega + 0.00002theta^2 + 0.00004theta omega + -0.00019omega^2

--- Chunk 80368 (69/220) | Start: 2025-05-31 02:30:00 ---
    RMSE omega: nan | RMSE theta: nan | Loss: -38483320388532043776.0000 | Epoch: 761
    Eq theta: 1.00000omega
    Eq omega: nan1 + nantheta + nanomega + nantheta^2 + nantheta omega + nanomega^2

--- Chunk 80369 (70/220) | Start: 2025-05-31 02:35:00 ---
    RMSE omega: 0.008197 | RMSE theta: 0.267227 | Loss: -7.9660 | Epoch: 1857
    Eq theta: 1.00000omega
    Eq omega: -0.004351 + -0.00043theta + 0.01074omega + -0.00025theta^2 + 0.00082theta omega + 0.00194omega^2

--- Chunk 80370 (71/220) | Start: 2025-05-31 02:40:00 ---
    RMSE omega: 0.006447 | RMSE theta: 0.122248 | Loss: -0.0669 | Epoch: 2575
    Eq theta: 1.00000omega
    Eq omega: -0.004561 + -0.00149theta + 0.00012omega + -0.00036theta^2 + 0.00123theta omega + -0.00105omega^2

--- Chunk 80371 (72/220) | Start: 2025-05-31 02:45:00 ---
    RMSE omega: 0.007625 | RMSE theta: 0.274108 | Loss: -2.1608 | Epoch: 2138
    Eq theta: 1.00000omega
    Eq omega: 0.000421 + -0.00035theta + -0.00001omega + -0.00001theta^2 + -0.00013theta omega + -0.00069omega^2

--- Chunk 80372 (73/220) | Start: 2025-05-31 02:50:00 ---
    RMSE omega: 0.054379 | RMSE theta: 0.736968 | Loss: 256.9309 | Epoch: 109
    Eq theta: 1.00000omega
    Eq omega: 0.002671 + 0.00004theta + -0.00944omega + 0.00001theta^2 + -0.00003theta omega + -0.00022omega^2

--- Chunk 80373 (74/220) | Start: 2025-05-31 02:55:00 ---
    RMSE omega: 0.009010 | RMSE theta: 0.268063 | Loss: 16.9974 | Epoch: 3413
    Eq theta: 1.00000omega
    Eq omega: 0.001821 + -0.00006theta + 0.00219omega + 0.00000theta^2 + 0.00001theta omega + 0.00045omega^2

--- Chunk 80374 (75/220) | Start: 2025-05-31 03:00:00 ---
    RMSE omega: 0.007359 | RMSE theta: 0.185772 | Loss: -5.1670 | Epoch: 1342
    Eq theta: 1.00000omega
    Eq omega: 0.001581 + -0.00145theta + -0.00092omega + -0.00061theta^2 + -0.00082theta omega + 0.00161omega^2

--- Chunk 80375 (76/220) | Start: 2025-05-31 03:05:00 ---
    RMSE omega: 0.009639 | RMSE theta: 0.195228 | Loss: -0.1632 | Epoch: 2947
    Eq theta: 1.00000omega
    Eq omega: 0.000261 + 0.00055theta + -0.00008omega + 0.00036theta^2 + 0.00029theta omega + -0.00028omega^2

--- Chunk 80376 (77/220) | Start: 2025-05-31 03:10:00 ---
    RMSE omega: 0.006415 | RMSE theta: 0.130798 | Loss: -1.8969 | Epoch: 1314
    Eq theta: 1.00000omega
    Eq omega: 0.001421 + 0.00045theta + -0.00062omega + 0.00052theta^2 + 0.00615theta omega + -0.00086omega^2

--- Chunk 80377 (78/220) | Start: 2025-05-31 03:15:00 ---
    RMSE omega: 0.006346 | RMSE theta: 0.042180 | Loss: -1.7021 | Epoch: 1165
    Eq theta: 1.00000omega
    Eq omega: 0.019961 + -1.01936theta + 0.00869omega + -0.04068theta^2 + 0.39707theta omega + -0.00915omega^2

--- Chunk 80378 (79/220) | Start: 2025-05-31 03:20:00 ---
    RMSE omega: 0.005656 | RMSE theta: 0.201762 | Loss: -1.9425 | Epoch: 2260
    Eq theta: 1.00000omega
    Eq omega: -0.000371 + 0.00068theta + -0.00211omega + -0.00056theta^2 + -0.00118theta omega + 0.00067omega^2

--- Chunk 80379 (80/220) | Start: 2025-05-31 03:25:00 ---
    RMSE omega: 0.005944 | RMSE theta: 0.159278 | Loss: -0.0474 | Epoch: 2659
    Eq theta: 1.00000omega
    Eq omega: 0.004751 + 0.00008theta + 0.00170omega + 0.00036theta^2 + -0.00022theta omega + 0.00026omega^2

--- Chunk 80380 (81/220) | Start: 2025-05-31 03:30:00 ---
    RMSE omega: 0.015612 | RMSE theta: 1.288168 | Loss: -438.1362 | Epoch: 1745
    Eq theta: 1.00000omega
    Eq omega: 0.041411 + -0.28316theta + -0.00203omega + 0.00156theta^2 + 0.00238theta omega + 0.00287omega^2

--- Chunk 80381 (82/220) | Start: 2025-05-31 03:35:00 ---
    RMSE omega: 0.005083 | RMSE theta: 0.110022 | Loss: -1.8718 | Epoch: 1700
    Eq theta: 1.00000omega
    Eq omega: -0.008611 + -0.00548theta + 0.00119omega + -0.00002theta^2 + 0.00047theta omega + 0.00473omega^2

--- Chunk 80382 (83/220) | Start: 2025-05-31 03:40:00 ---
    RMSE omega: 0.031514 | RMSE theta: 0.352535 | Loss: 41.9819 | Epoch: 77
    Eq theta: 1.00000omega
    Eq omega: 0.000211 + -0.06321theta + 0.00155omega + 0.01805theta^2 + -0.00225theta omega + 0.00272omega^2

--- Chunk 80383 (84/220) | Start: 2025-05-31 03:45:00 ---
    RMSE omega: 0.005067 | RMSE theta: 0.110427 | Loss: 0.3657 | Epoch: 1583
    Eq theta: 1.00000omega
    Eq omega: -0.015881 + -0.00000theta + -0.02024omega + 0.00042theta^2 + -0.00038theta omega + -0.00406omega^2

--- Chunk 80384 (85/220) | Start: 2025-05-31 03:50:00 ---
    RMSE omega: nan | RMSE theta: nan | Loss: 264.9338 | Epoch: 32
    Eq theta: 1.00000omega
    Eq omega: nan1 + nantheta + nanomega + nantheta^2 + nantheta omega + nanomega^2

--- Chunk 80385 (86/220) | Start: 2025-05-31 03:55:00 ---
    RMSE omega: 0.073165 | RMSE theta: 1.851250 | Loss: 832.5408 | Epoch: 28
    Eq theta: 1.00000omega
    Eq omega: -0.003981 + -0.00120theta + 0.00142omega + -0.00000theta^2 + 0.00047theta omega + -0.00059omega^2

--- Chunk 80386 (87/220) | Start: 2025-05-31 04:00:00 ---
    RMSE omega: 0.005933 | RMSE theta: 0.010498 | Loss: 0.8804 | Epoch: 1127
    Eq theta: 1.00000omega
    Eq omega: 0.001891 + -0.00450theta + 0.00115omega + 0.00210theta^2 + 0.00009theta omega + 0.00065omega^2

--- Chunk 80387 (88/220) | Start: 2025-05-31 04:05:00 ---
    RMSE omega: 0.005932 | RMSE theta: 0.091386 | Loss: 0.1316 | Epoch: 1612
    Eq theta: 1.00000omega
    Eq omega: -0.001361 + 0.00070theta + -0.00081omega + 0.00006theta^2 + -0.00006theta omega + 0.00011omega^2

--- Chunk 80388 (89/220) | Start: 2025-05-31 04:10:00 ---
    RMSE omega: 0.007245 | RMSE theta: 0.204138 | Loss: 2.9670 | Epoch: 1364
    Eq theta: 1.00000omega
    Eq omega: 0.000471 + -0.00030theta + 0.00119omega + -0.00001theta^2 + -0.00005theta omega + -0.00047omega^2

--- Chunk 80389 (90/220) | Start: 2025-05-31 04:15:00 ---
    RMSE omega: 0.006821 | RMSE theta: 0.317824 | Loss: 0.5292 | Epoch: 2067
    Eq theta: 1.00000omega
    Eq omega: 0.001731 + 0.00051theta + -0.00582omega + 0.00026theta^2 + -0.00026theta omega + -0.00124omega^2

--- Chunk 80390 (91/220) | Start: 2025-05-31 04:20:00 ---
    RMSE omega: 0.004562 | RMSE theta: 0.040205 | Loss: -2.1754 | Epoch: 1577
    Eq theta: 1.00000omega
    Eq omega: -0.942721 + -0.04546theta + -0.02091omega + 0.86419theta^2 + 0.10153theta omega + -0.69313omega^2

--- Chunk 80391 (92/220) | Start: 2025-05-31 04:25:00 ---
    RMSE omega: nan | RMSE theta: nan | Loss: 32.5985 | Epoch: 92
    Eq theta: 1.00000omega
    Eq omega: nan1 + nantheta + nanomega + nantheta^2 + nantheta omega + nanomega^2

--- Chunk 80392 (93/220) | Start: 2025-05-31 04:30:00 ---
    RMSE omega: 0.006912 | RMSE theta: 0.134063 | Loss: -2.5502 | Epoch: 1584
    Eq theta: 1.00000omega
    Eq omega: -0.019381 + -0.17736theta + -0.02916omega + 0.00146theta^2 + -0.00346theta omega + -0.00022omega^2

--- Chunk 80393 (94/220) | Start: 2025-05-31 04:35:00 ---
    RMSE omega: nan | RMSE theta: nan | Loss: -3873637100700561972194705408.0000 | Epoch: 2404
    Eq theta: 1.00000omega
    Eq omega: nan1 + nantheta + nanomega + nantheta^2 + nantheta omega + nanomega^2

--- Chunk 80394 (95/220) | Start: 2025-05-31 04:40:00 ---
    RMSE omega: 0.004718 | RMSE theta: 0.069899 | Loss: -2.0270 | Epoch: 1090
    Eq theta: 1.00000omega
    Eq omega: -0.020661 + -0.83491theta + -1.01570omega + -0.28252theta^2 + -0.01503theta omega + -0.01118omega^2

--- Chunk 80395 (96/220) | Start: 2025-05-31 04:45:00 ---
    RMSE omega: 0.005994 | RMSE theta: 0.070832 | Loss: 3.3901 | Epoch: 1458
    Eq theta: 1.00000omega
    Eq omega: -0.006051 + 0.00021theta + 0.00060omega + -0.00008theta^2 + 0.00002theta omega + 0.00026omega^2

--- Chunk 80396 (97/220) | Start: 2025-05-31 04:50:00 ---
    RMSE omega: 0.046090 | RMSE theta: 0.484026 | Loss: -6070788.0000 | Epoch: 707
    Eq theta: 1.00000omega
    Eq omega: 0.000931 + -0.00007theta + -0.00025omega + 0.00001theta^2 + 0.00026theta omega + -0.00116omega^2

--- Chunk 80397 (98/220) | Start: 2025-05-31 04:55:00 ---
    RMSE omega: nan | RMSE theta: nan | Loss: 28.0564 | Epoch: 120
    Eq theta: 1.00000omega
    Eq omega: nan1 + nantheta + nanomega + nantheta^2 + nantheta omega + nanomega^2

--- Chunk 80398 (99/220) | Start: 2025-05-31 05:00:00 ---
    RMSE omega: nan | RMSE theta: nan | Loss: 104.2309 | Epoch: 30
    Eq theta: 1.00000omega
    Eq omega: nan1 + nantheta + nanomega + nantheta^2 + nantheta omega + nanomega^2

--- Chunk 80399 (100/220) | Start: 2025-05-31 05:05:00 ---
    RMSE omega: 0.026688 | RMSE theta: 0.144156 | Loss: -98.7364 | Epoch: 913
    Eq theta: 1.00000omega
    Eq omega: 0.015181 + -0.01946theta + -0.00518omega + 0.00266theta^2 + 0.00072theta omega + -0.00057omega^2

  [Progress 100/220] Mean RMSE omega: 0.019719 | Mean loss: -129029616713802076032709165056.0000 | Valid: 79/100 | Elapsed: 46.1min | ETA: 55.4min

--- Chunk 80400 (101/220) | Start: 2025-05-31 05:10:00 ---
    RMSE omega: 0.027962 | RMSE theta: 0.225007 | Loss: 39.4986 | Epoch: 48
    Eq theta: 1.00000omega
    Eq omega: -0.000831 + -0.01950theta + -0.00418omega + -0.01099theta^2 + -0.00083theta omega + 0.00169omega^2

--- Chunk 80401 (102/220) | Start: 2025-05-31 05:15:00 ---
    RMSE omega: 0.005414 | RMSE theta: 0.021360 | Loss: 0.6344 | Epoch: 1240
    Eq theta: 1.00000omega
    Eq omega: -0.002901 + -0.01466theta + 0.00086omega + -0.00062theta^2 + -0.01814theta omega + -0.00028omega^2

--- Chunk 80402 (103/220) | Start: 2025-05-31 05:20:00 ---
    RMSE omega: 0.013715 | RMSE theta: 0.578746 | Loss: -161052877803871540036501504.0000 | Epoch: 1959
    Eq theta: 1.00000omega
    Eq omega: -0.001821 + -0.00614theta + 0.00035omega + -0.00011theta^2 + 0.00025theta omega + -0.00226omega^2

--- Chunk 80403 (104/220) | Start: 2025-05-31 05:25:00 ---
    RMSE omega: 0.049609 | RMSE theta: 0.476268 | Loss: 119.0326 | Epoch: 30
    Eq theta: 1.00000omega
    Eq omega: -0.001101 + -0.00795theta + -0.00049omega + 0.00053theta^2 + 0.00259theta omega + 0.00015omega^2

--- Chunk 80404 (105/220) | Start: 2025-05-31 05:30:00 ---
    RMSE omega: 0.005109 | RMSE theta: 0.026707 | Loss: -1.0610 | Epoch: 1188
    Eq theta: 1.00000omega
    Eq omega: 0.037841 + -0.80729theta + 0.00026omega + 0.01718theta^2 + 0.00043theta omega + -0.00983omega^2

--- Chunk 80405 (106/220) | Start: 2025-05-31 05:35:00 ---
    RMSE omega: 0.027701 | RMSE theta: 0.427539 | Loss: -33313.7188 | Epoch: 536
    Eq theta: 1.00000omega
    Eq omega: -0.000981 + 0.00205theta + -0.00526omega + 0.00041theta^2 + 0.00132theta omega + 0.01244omega^2

--- Chunk 80406 (107/220) | Start: 2025-05-31 05:40:00 ---
    RMSE omega: nan | RMSE theta: nan | Loss: 53.3717 | Epoch: 67
    Eq theta: 1.00000omega
    Eq omega: nan1 + nantheta + nanomega + nantheta^2 + nantheta omega + nanomega^2

--- Chunk 80407 (108/220) | Start: 2025-05-31 05:45:00 ---
    RMSE omega: nan | RMSE theta: nan | Loss: 745.2993 | Epoch: 16
    Eq theta: 1.00000omega
    Eq omega: nan1 + nantheta + nanomega + nantheta^2 + nantheta omega + nanomega^2

--- Chunk 80408 (109/220) | Start: 2025-05-31 05:50:00 ---
    RMSE omega: nan | RMSE theta: nan | Loss: 59.8423 | Epoch: 33
    Eq theta: 1.00000omega
    Eq omega: nan1 + nantheta + nanomega + nantheta^2 + nantheta omega + nanomega^2

--- Chunk 80409 (110/220) | Start: 2025-05-31 05:55:00 ---
    RMSE omega: 0.026389 | RMSE theta: 0.142398 | Loss: -4.8807 | Epoch: 639
    Eq theta: 1.00000omega
    Eq omega: 0.000721 + -0.00445theta + -0.00032omega + 0.01378theta^2 + 0.00299theta omega + 0.01064omega^2

--- Chunk 80410 (111/220) | Start: 2025-05-31 06:00:00 ---
    RMSE omega: 0.005607 | RMSE theta: 0.130746 | Loss: 2.0344 | Epoch: 3096
    Eq theta: 1.00000omega
    Eq omega: -0.002071 + 0.00003theta + -0.00017omega + -0.00002theta^2 + -0.00002theta omega + 0.00024omega^2

--- Chunk 80411 (112/220) | Start: 2025-05-31 06:05:00 ---
    RMSE omega: 0.026363 | RMSE theta: 0.909539 | Loss: 76.5451 | Epoch: 731
    Eq theta: 1.00000omega
    Eq omega: -0.013521 + -0.00097theta + -0.04525omega + -0.00014theta^2 + -0.01132theta omega + -0.00273omega^2

--- Chunk 80412 (113/220) | Start: 2025-05-31 06:10:00 ---
    RMSE omega: nan | RMSE theta: nan | Loss: 572.6702 | Epoch: 26
    Eq theta: 1.00000omega
    Eq omega: nan1 + nantheta + nanomega + nantheta^2 + nantheta omega + nanomega^2

--- Chunk 80413 (114/220) | Start: 2025-05-31 06:15:00 ---
    RMSE omega: 0.015194 | RMSE theta: 0.325366 | Loss: 6.1712 | Epoch: 199
    Eq theta: 1.00000omega
    Eq omega: -0.000911 + 0.00183theta + 0.00074omega + -0.00007theta^2 + 0.00104theta omega + 0.00491omega^2

--- Chunk 80414 (115/220) | Start: 2025-05-31 06:20:00 ---
    RMSE omega: nan | RMSE theta: nan | Loss: 471.2411 | Epoch: 18
    Eq theta: 1.00000omega
    Eq omega: nan1 + nantheta + nanomega + nantheta^2 + nantheta omega + nanomega^2

--- Chunk 80415 (116/220) | Start: 2025-05-31 06:25:00 ---
    RMSE omega: 0.005396 | RMSE theta: 0.068863 | Loss: -2.0000 | Epoch: 1009
    Eq theta: 1.00000omega
    Eq omega: 0.037581 + -1.12814theta + -0.06150omega + 0.07691theta^2 + 0.02822theta omega + -0.24829omega^2

--- Chunk 80416 (117/220) | Start: 2025-05-31 06:30:00 ---
    RMSE omega: 0.004703 | RMSE theta: 0.034655 | Loss: -2.5502 | Epoch: 844
    Eq theta: 1.00000omega
    Eq omega: 0.002091 + -0.02908theta + 0.00001omega + -0.00423theta^2 + 0.00530theta omega + -0.00635omega^2

--- Chunk 80417 (118/220) | Start: 2025-05-31 06:35:00 ---
    RMSE omega: nan | RMSE theta: nan | Loss: 156.9018 | Epoch: 20
    Eq theta: 1.00000omega
    Eq omega: nan1 + nantheta + nanomega + nantheta^2 + nantheta omega + nanomega^2

--- Chunk 80418 (119/220) | Start: 2025-05-31 06:40:00 ---
    RMSE omega: nan | RMSE theta: nan | Loss: 110.3332 | Epoch: 38
    Eq theta: 1.00000omega
    Eq omega: nan1 + nantheta + nanomega + nantheta^2 + nantheta omega + nanomega^2

--- Chunk 80419 (120/220) | Start: 2025-05-31 06:45:00 ---
    RMSE omega: 0.021653 | RMSE theta: 0.819154 | Loss: -7333.9189 | Epoch: 1806
    Eq theta: 1.00000omega
    Eq omega: 0.009001 + -0.00066theta + 0.00116omega + -0.00515theta^2 + 0.00162theta omega + -0.00015omega^2

--- Chunk 80420 (121/220) | Start: 2025-05-31 06:50:00 ---
    RMSE omega: 0.013088 | RMSE theta: 0.564500 | Loss: -1092636824398023782039552.0000 | Epoch: 3178
    Eq theta: 1.00000omega
    Eq omega: -0.007961 + -0.00013theta + -0.00118omega + 0.00003theta^2 + -0.00032theta omega + -0.00128omega^2

--- Chunk 80421 (122/220) | Start: 2025-05-31 06:55:00 ---
    RMSE omega: 0.005635 | RMSE theta: 0.039469 | Loss: -1.3091 | Epoch: 1229
    Eq theta: 1.00000omega
    Eq omega: -0.016821 + -1.58077theta + -0.03075omega + 0.71663theta^2 + 0.08410theta omega + -0.00150omega^2

--- Chunk 80422 (123/220) | Start: 2025-05-31 07:00:00 ---
    RMSE omega: 0.029142 | RMSE theta: 0.339623 | Loss: 29.6130 | Epoch: 40
    Eq theta: 1.00000omega
    Eq omega: -0.001181 + -0.00344theta + -0.00059omega + 0.00045theta^2 + -0.00371theta omega + 0.00580omega^2

--- Chunk 80423 (124/220) | Start: 2025-05-31 07:05:00 ---
    RMSE omega: 0.005959 | RMSE theta: 0.108406 | Loss: -1.9060 | Epoch: 1140
    Eq theta: 1.00000omega
    Eq omega: -0.000711 + -0.32119theta + 0.00073omega + 0.00351theta^2 + 0.01724theta omega + -0.00512omega^2

--- Chunk 80424 (125/220) | Start: 2025-05-31 07:10:00 ---
    RMSE omega: 0.009813 | RMSE theta: 0.588099 | Loss: -3669782016.0000 | Epoch: 4185
    Eq theta: 1.00000omega
    Eq omega: -0.002911 + 0.00217theta + -0.00147omega + -0.00002theta^2 + 0.00006theta omega + -0.00002omega^2

--- Chunk 80425 (126/220) | Start: 2025-05-31 07:15:00 ---
    RMSE omega: 0.006979 | RMSE theta: 0.120384 | Loss: -2.7860 | Epoch: 1514
    Eq theta: 1.00000omega
    Eq omega: -0.001991 + -0.00849theta + 0.00114omega + -0.00068theta^2 + -0.00184theta omega + 0.00020omega^2

--- Chunk 80426 (127/220) | Start: 2025-05-31 07:20:00 ---
    RMSE omega: nan | RMSE theta: nan | Loss: 905.2142 | Epoch: 42
    Eq theta: 1.00000omega
    Eq omega: nan1 + nantheta + nanomega + nantheta^2 + nantheta omega + nanomega^2

--- Chunk 80427 (128/220) | Start: 2025-05-31 07:25:00 ---
    RMSE omega: 0.004566 | RMSE theta: 0.086442 | Loss: 0.2537 | Epoch: 1749
    Eq theta: 1.00000omega
    Eq omega: -0.000141 + 0.00006theta + 0.00034omega + -0.00002theta^2 + 0.00007theta omega + -0.00030omega^2

--- Chunk 80428 (129/220) | Start: 2025-05-31 07:30:00 ---
    RMSE omega: nan | RMSE theta: nan | Loss: 359.3565 | Epoch: 41
    Eq theta: 1.00000omega
    Eq omega: nan1 + nantheta + nanomega + nantheta^2 + nantheta omega + nanomega^2

--- Chunk 80429 (130/220) | Start: 2025-05-31 07:35:00 ---
    RMSE omega: 0.025185 | RMSE theta: 0.136225 | Loss: 47.2190 | Epoch: 122
    Eq theta: 1.00000omega
    Eq omega: 0.002671 + -0.00244theta + 0.00006omega + -0.00042theta^2 + -0.00034theta omega + 0.00128omega^2

--- Chunk 80430 (131/220) | Start: 2025-05-31 07:40:00 ---
    RMSE omega: nan | RMSE theta: nan | Loss: 170.5556 | Epoch: 21
    Eq theta: 1.00000omega
    Eq omega: nan1 + nantheta + nanomega + nantheta^2 + nantheta omega + nanomega^2

--- Chunk 80431 (132/220) | Start: 2025-05-31 07:45:00 ---
    RMSE omega: 0.005175 | RMSE theta: 0.041104 | Loss: -0.7378 | Epoch: 1086
    Eq theta: 1.00000omega
    Eq omega: 0.374381 + 0.00357theta + -0.03832omega + -0.00928theta^2 + 0.93835theta omega + 0.04176omega^2

--- Chunk 80432 (133/220) | Start: 2025-05-31 07:50:00 ---
    RMSE omega: 0.005860 | RMSE theta: 0.088647 | Loss: -1.0693 | Epoch: 1084
    Eq theta: 1.00000omega
    Eq omega: -0.015041 + -0.26125theta + -0.02935omega + 0.00241theta^2 + 0.00679theta omega + -0.00684omega^2

--- Chunk 80433 (134/220) | Start: 2025-05-31 07:55:00 ---
    RMSE omega: 0.018692 | RMSE theta: 0.971135 | Loss: -3966633957654528.0000 | Epoch: 1513
    Eq theta: 1.00000omega
    Eq omega: -0.000941 + 0.00034theta + -0.00150omega + -0.00021theta^2 + -0.00043theta omega + 0.00009omega^2

--- Chunk 80434 (135/220) | Start: 2025-05-31 08:00:00 ---
/pfs/data6/home/ka/ka_iai/ka_bj2362/dsr/svise/svise/quadrature/_unbiased_quadrature.py:218: UserWarning: Quadrature result is NaN. Returning 0.
  warnings.warn("Quadrature result is NaN. Returning 0.")
    RMSE omega: 0.010451 | RMSE theta: 1.132631 | Loss: -277751721627385106914082816.0000 | Epoch: 3524
    Eq theta: 1.00000omega
    Eq omega: 0.035611 + -0.12546theta + 0.00272omega + 0.00232theta^2 + -0.00310theta omega + -0.00368omega^2

--- Chunk 80435 (136/220) | Start: 2025-05-31 08:05:00 ---
    RMSE omega: 0.014362 | RMSE theta: 0.853880 | Loss: -515.0007 | Epoch: 2104
    Eq theta: 1.00000omega
    Eq omega: 0.000801 + -0.06544theta + -0.00773omega + -0.00093theta^2 + 0.00166theta omega + 0.00607omega^2

--- Chunk 80436 (137/220) | Start: 2025-05-31 08:10:00 ---
    RMSE omega: 0.015486 | RMSE theta: 0.425444 | Loss: -938.8074 | Epoch: 1720
    Eq theta: 1.00000omega
    Eq omega: 0.001741 + -0.00507theta + 0.00104omega + 0.00337theta^2 + 0.00234theta omega + -0.01161omega^2

--- Chunk 80437 (138/220) | Start: 2025-05-31 08:15:00 ---
    RMSE omega: 0.012418 | RMSE theta: 0.763659 | Loss: -501806146160427008.0000 | Epoch: 2523
    Eq theta: 1.00000omega
    Eq omega: 0.008981 + -0.00006theta + -0.00016omega + 0.00065theta^2 + 0.00022theta omega + -0.00002omega^2

--- Chunk 80438 (139/220) | Start: 2025-05-31 08:20:00 ---
    RMSE omega: 0.020260 | RMSE theta: 0.128960 | Loss: 11.5763 | Epoch: 555
    Eq theta: 1.00000omega
    Eq omega: 0.000571 + 0.00007theta + -0.00096omega + 0.00045theta^2 + 0.00004theta omega + -0.00170omega^2

--- Chunk 80439 (140/220) | Start: 2025-05-31 08:25:00 ---
    RMSE omega: 0.006782 | RMSE theta: 0.215330 | Loss: -6.5916 | Epoch: 1724
    Eq theta: 1.00000omega
    Eq omega: 0.000241 + -0.00143theta + -0.01661omega + -0.00118theta^2 + -0.00005theta omega + -0.01755omega^2

--- Chunk 80440 (141/220) | Start: 2025-05-31 08:30:00 ---
    RMSE omega: nan | RMSE theta: nan | Loss: 2070.5947 | Epoch: 31
    Eq theta: 1.00000omega
    Eq omega: nan1 + nantheta + nanomega + nantheta^2 + nantheta omega + nanomega^2

--- Chunk 80441 (142/220) | Start: 2025-05-31 08:35:00 ---
    RMSE omega: 0.027854 | RMSE theta: 0.235484 | Loss: 42.4958 | Epoch: 55
    Eq theta: 1.00000omega
    Eq omega: -0.000321 + 0.00093theta + 0.00096omega + -0.00068theta^2 + -0.00236theta omega + -0.00025omega^2

--- Chunk 80442 (143/220) | Start: 2025-05-31 08:40:00 ---
    RMSE omega: 0.006032 | RMSE theta: 0.111561 | Loss: -0.7607 | Epoch: 1202
    Eq theta: 1.00000omega
    Eq omega: 0.002761 + -0.22171theta + 0.01251omega + -0.00056theta^2 + 0.00189theta omega + 0.00385omega^2

--- Chunk 80443 (144/220) | Start: 2025-05-31 08:45:00 ---
    RMSE omega: 5.844363 | RMSE theta: 164.741074 | Loss: -231341678890319872.0000 | Epoch: 1396
    Eq theta: 1.00000omega
    Eq omega: -0.025461 + -0.01985theta + -0.00054omega + -0.00000theta^2 + 0.00000theta omega + 0.00000omega^2

--- Chunk 80444 (145/220) | Start: 2025-05-31 08:50:00 ---
    RMSE omega: 0.005742 | RMSE theta: 0.087469 | Loss: -1.1403 | Epoch: 705
    Eq theta: 1.00000omega
    Eq omega: 0.023781 + -0.50144theta + 0.00198omega + -0.12485theta^2 + 0.01280theta omega + 0.01947omega^2

--- Chunk 80445 (146/220) | Start: 2025-05-31 08:55:00 ---
    RMSE omega: nan | RMSE theta: nan | Loss: 259.7882 | Epoch: 31
    Eq theta: 1.00000omega
    Eq omega: nan1 + nantheta + nanomega + nantheta^2 + nantheta omega + nanomega^2

--- Chunk 80446 (147/220) | Start: 2025-05-31 09:00:00 ---
    RMSE omega: 0.006171 | RMSE theta: 0.111670 | Loss: -0.9782 | Epoch: 1777
    Eq theta: 1.00000omega
    Eq omega: 0.004491 + 0.00179theta + 0.00115omega + -0.00019theta^2 + -0.00071theta omega + -0.00287omega^2

--- Chunk 80447 (148/220) | Start: 2025-05-31 09:05:00 ---
    RMSE omega: 0.005152 | RMSE theta: 0.035017 | Loss: -1.4543 | Epoch: 1018
    Eq theta: 1.00000omega
    Eq omega: 0.001861 + -0.83869theta + 0.02571omega + 0.02377theta^2 + 0.05818theta omega + -0.01775omega^2

--- Chunk 80448 (149/220) | Start: 2025-05-31 09:10:00 ---
    RMSE omega: 0.011942 | RMSE theta: 0.746737 | Loss: -4760.7554 | Epoch: 2896
    Eq theta: 1.00000omega
    Eq omega: -0.001671 + 0.00000theta + 0.00283omega + -0.00001theta^2 + -0.00002theta omega + 0.00006omega^2

--- Chunk 80449 (150/220) | Start: 2025-05-31 09:15:00 ---
    RMSE omega: 0.018487 | RMSE theta: 1.114578 | Loss: -23077652480.0000 | Epoch: 2182
    Eq theta: 1.00000omega
    Eq omega: 0.003261 + -0.00270theta + -0.00352omega + 0.00072theta^2 + -0.00039theta omega + 0.00068omega^2

  [Progress 150/220] Mean RMSE omega: 0.067762 | Mean loss: -86022677124114670075162656768.0000 | Valid: 117/150 | Elapsed: 66.4min | ETA: 31.0min

--- Chunk 80450 (151/220) | Start: 2025-05-31 09:20:00 ---
    RMSE omega: nan | RMSE theta: nan | Loss: 5328.1714 | Epoch: 17
    Eq theta: 1.00000omega
    Eq omega: nan1 + nantheta + nanomega + nantheta^2 + nantheta omega + nanomega^2

--- Chunk 80451 (152/220) | Start: 2025-05-31 09:25:00 ---
    RMSE omega: nan | RMSE theta: nan | Loss: 690.5123 | Epoch: 29
    Eq theta: 1.00000omega
    Eq omega: nan1 + nantheta + nanomega + nantheta^2 + nantheta omega + nanomega^2

--- Chunk 80452 (153/220) | Start: 2025-05-31 09:30:00 ---
    RMSE omega: nan | RMSE theta: nan | Loss: 189.8340 | Epoch: 47
    Eq theta: 1.00000omega
    Eq omega: nan1 + nantheta + nanomega + nantheta^2 + nantheta omega + nanomega^2

--- Chunk 80453 (154/220) | Start: 2025-05-31 09:35:00 ---
    RMSE omega: 0.008663 | RMSE theta: 0.632084 | Loss: -2068931.8750 | Epoch: 1697
    Eq theta: 1.00000omega
    Eq omega: -0.002121 + 0.00013theta + 0.00184omega + -0.00060theta^2 + 0.00018theta omega + 0.00012omega^2

--- Chunk 80454 (155/220) | Start: 2025-05-31 09:40:00 ---
    RMSE omega: 0.029823 | RMSE theta: 0.213526 | Loss: -15031.7861 | Epoch: 584
    Eq theta: 1.00000omega
    Eq omega: 0.001891 + -0.00283theta + -0.00702omega + 0.00009theta^2 + 0.00034theta omega + 0.00150omega^2

--- Chunk 80455 (156/220) | Start: 2025-05-31 09:45:00 ---
    RMSE omega: 0.006863 | RMSE theta: 0.250684 | Loss: -3.6340 | Epoch: 1670
    Eq theta: 1.00000omega
    Eq omega: 0.002141 + -0.00195theta + -0.00171omega + 0.00006theta^2 + 0.00054theta omega + -0.00196omega^2

--- Chunk 80456 (157/220) | Start: 2025-05-31 09:50:00 ---
    RMSE omega: 0.005005 | RMSE theta: 0.022629 | Loss: 0.2713 | Epoch: 2749
    Eq theta: 1.00000omega
    Eq omega: -0.001181 + 0.00052theta + 0.00038omega + 0.00013theta^2 + 0.00007theta omega + 0.00040omega^2

--- Chunk 80457 (158/220) | Start: 2025-05-31 09:55:00 ---
    RMSE omega: 0.006786 | RMSE theta: 0.149673 | Loss: -1.0032 | Epoch: 1394
    Eq theta: 1.00000omega
    Eq omega: 0.005811 + 0.00018theta + 0.00248omega + 0.00134theta^2 + 0.00006theta omega + -0.00113omega^2

--- Chunk 80458 (159/220) | Start: 2025-05-31 10:00:00 ---
    RMSE omega: 0.020374 | RMSE theta: 0.095496 | Loss: 22.9538 | Epoch: 967
    Eq theta: 1.00000omega
    Eq omega: -0.004291 + -0.14016theta + 0.00395omega + 0.00334theta^2 + -0.01245theta omega + 0.00788omega^2

--- Chunk 80459 (160/220) | Start: 2025-05-31 10:05:00 ---
    RMSE omega: 0.005507 | RMSE theta: 0.085042 | Loss: -2.0450 | Epoch: 1792
    Eq theta: 1.00000omega
    Eq omega: -0.001721 + -0.00445theta + -0.00490omega + -0.00131theta^2 + -0.00051theta omega + 0.01328omega^2

--- Chunk 80460 (161/220) | Start: 2025-05-31 10:10:00 ---
    RMSE omega: 0.011390 | RMSE theta: 0.130970 | Loss: -4136176.5000 | Epoch: 1287
    Eq theta: 1.00000omega
    Eq omega: -0.003821 + 0.00032theta + 0.00153omega + 0.00095theta^2 + -0.00434theta omega + -0.00021omega^2

--- Chunk 80461 (162/220) | Start: 2025-05-31 10:15:00 ---
    RMSE omega: 0.598521 | RMSE theta: 23.835609 | Loss: -8101323719244251136.0000 | Epoch: 780
    Eq theta: 1.00000omega
    Eq omega: 0.007151 + -0.22685theta + 0.00613omega + 0.00105theta^2 + 0.00037theta omega + -0.00324omega^2

--- Chunk 80462 (163/220) | Start: 2025-05-31 10:20:00 ---
    RMSE omega: 0.062963 | RMSE theta: 0.691344 | Loss: 241.4809 | Epoch: 41
    Eq theta: 1.00000omega
    Eq omega: -0.002251 + -0.05867theta + -0.01026omega + -0.00094theta^2 + -0.00200theta omega + -0.03915omega^2

--- Chunk 80463 (164/220) | Start: 2025-05-31 10:25:00 ---
    RMSE omega: nan | RMSE theta: nan | Loss: -67366395143149848306061699710976.0000 | Epoch: 1270
    Eq theta: 1.00000omega
    Eq omega: nan1 + nantheta + nanomega + nantheta^2 + nantheta omega + nanomega^2

--- Chunk 80464 (165/220) | Start: 2025-05-31 10:30:00 ---
    RMSE omega: 0.016622 | RMSE theta: 0.097220 | Loss: -66.4472 | Epoch: 446
    Eq theta: 1.00000omega
    Eq omega: -0.000491 + -0.01877theta + -0.00630omega + 0.01335theta^2 + 0.00635theta omega + 0.00907omega^2

--- Chunk 80465 (166/220) | Start: 2025-05-31 10:35:00 ---
    RMSE omega: 0.005593 | RMSE theta: 0.021351 | Loss: 0.0252 | Epoch: 1369
    Eq theta: 1.00000omega
    Eq omega: -0.011391 + -0.12041theta + 0.02766omega + -0.00693theta^2 + -0.00115theta omega + -0.02213omega^2

--- Chunk 80466 (167/220) | Start: 2025-05-31 10:40:00 ---
    RMSE omega: 0.004742 | RMSE theta: 0.056473 | Loss: 0.4099 | Epoch: 1150
    Eq theta: 1.00000omega
    Eq omega: 0.003081 + -0.00011theta + 0.00187omega + -0.00278theta^2 + 0.00231theta omega + -0.00575omega^2

--- Chunk 80467 (168/220) | Start: 2025-05-31 10:45:00 ---
    RMSE omega: nan | RMSE theta: nan | Loss: 107.2178 | Epoch: 36
    Eq theta: 1.00000omega
    Eq omega: nan1 + nantheta + nanomega + nantheta^2 + nantheta omega + nanomega^2

--- Chunk 80468 (169/220) | Start: 2025-05-31 10:50:00 ---
    RMSE omega: 0.005035 | RMSE theta: 0.027768 | Loss: -1.3275 | Epoch: 1005
    Eq theta: 1.00000omega
    Eq omega: 0.037781 + -1.59127theta + -0.18083omega + 0.02934theta^2 + -0.40480theta omega + 0.01734omega^2

--- Chunk 80469 (170/220) | Start: 2025-05-31 10:55:00 ---
    RMSE omega: 0.062880 | RMSE theta: 0.847674 | Loss: -44238452.0000 | Epoch: 515
    Eq theta: 1.00000omega
    Eq omega: -0.002191 + 0.00018theta + -0.00050omega + 0.00045theta^2 + 0.00019theta omega + 0.00271omega^2

--- Chunk 80470 (171/220) | Start: 2025-05-31 11:00:00 ---
    RMSE omega: nan | RMSE theta: nan | Loss: 314.4292 | Epoch: 83
    Eq theta: 1.00000omega
    Eq omega: nan1 + nantheta + nanomega + nantheta^2 + nantheta omega + nanomega^2

--- Chunk 80471 (172/220) | Start: 2025-05-31 11:05:00 ---
/pfs/data6/home/ka/ka_iai/ka_bj2362/dsr/svise/svise/quadrature/_unbiased_quadrature.py:211: UserWarning: Iip is NaN. Setting correction to zero.
  warnings.warn("Iip is NaN. Setting correction to zero.")
    RMSE omega: 0.009872 | RMSE theta: 0.755845 | Loss: -429192359941264908484608.0000 | Epoch: 1712
    Eq theta: 1.00000omega
    Eq omega: -0.000381 + 0.00032theta + -0.01482omega + -0.00088theta^2 + 0.00013theta omega + -0.00383omega^2

--- Chunk 80472 (173/220) | Start: 2025-05-31 11:10:00 ---
    RMSE omega: 0.007600 | RMSE theta: 0.122897 | Loss: 1.0713 | Epoch: 2668
    Eq theta: 1.00000omega
    Eq omega: 0.004801 + 0.00007theta + 0.00328omega + 0.00032theta^2 + -0.00101theta omega + -0.00083omega^2

--- Chunk 80473 (174/220) | Start: 2025-05-31 11:15:00 ---
    RMSE omega: 0.004413 | RMSE theta: 0.101984 | Loss: -2.2724 | Epoch: 1069
    Eq theta: 1.00000omega
    Eq omega: 0.003751 + -0.00139theta + 0.00100omega + 0.00001theta^2 + 0.00060theta omega + 0.00166omega^2

--- Chunk 80474 (175/220) | Start: 2025-05-31 11:20:00 ---
    RMSE omega: 0.012259 | RMSE theta: 0.436791 | Loss: 43.3452 | Epoch: 2405
    Eq theta: 1.00000omega
    Eq omega: 0.002381 + 0.00027theta + 0.00085omega + -0.00009theta^2 + 0.00002theta omega + -0.00002omega^2

--- Chunk 80475 (176/220) | Start: 2025-05-31 11:25:00 ---
    RMSE omega: nan | RMSE theta: nan | Loss: 1516.6193 | Epoch: 33
    Eq theta: 1.00000omega
    Eq omega: nan1 + nantheta + nanomega + nantheta^2 + nantheta omega + nanomega^2

--- Chunk 80476 (177/220) | Start: 2025-05-31 11:30:00 ---
    RMSE omega: nan | RMSE theta: nan | Loss: 306.2554 | Epoch: 74
    Eq theta: 1.00000omega
    Eq omega: nan1 + nantheta + nanomega + nantheta^2 + nantheta omega + nanomega^2

--- Chunk 80477 (178/220) | Start: 2025-05-31 11:35:00 ---
    RMSE omega: nan | RMSE theta: nan | Loss: 49638.6875 | Epoch: 15
    Eq theta: 1.00000omega
    Eq omega: nan1 + nantheta + nanomega + nantheta^2 + nantheta omega + nanomega^2

--- Chunk 80478 (179/220) | Start: 2025-05-31 11:40:00 ---
    RMSE omega: 0.019298 | RMSE theta: 0.467279 | Loss: 263.2398 | Epoch: 851
    Eq theta: 1.00000omega
    Eq omega: -0.011701 + 0.00030theta + -0.00099omega + 0.00001theta^2 + -0.00000theta omega + -0.00013omega^2

--- Chunk 80479 (180/220) | Start: 2025-05-31 11:45:00 ---
    RMSE omega: 0.032470 | RMSE theta: 0.474443 | Loss: 466.1314 | Epoch: 190
    Eq theta: 1.00000omega
    Eq omega: 0.003061 + 0.01096theta + -0.03329omega + 0.00260theta^2 + 0.00130theta omega + -0.00083omega^2

--- Chunk 80480 (181/220) | Start: 2025-05-31 11:50:00 ---
    RMSE omega: 0.012406 | RMSE theta: 0.083799 | Loss: -598824128.0000 | Epoch: 1290
    Eq theta: 1.00000omega
    Eq omega: -0.000011 + -0.00013theta + -0.00018omega + 0.00000theta^2 + 0.00001theta omega + 0.00000omega^2

--- Chunk 80481 (182/220) | Start: 2025-05-31 11:55:00 ---
    RMSE omega: 0.006991 | RMSE theta: 0.207715 | Loss: 16.5484 | Epoch: 3540
    Eq theta: 1.00000omega
    Eq omega: -0.001691 + 0.00013theta + 0.00120omega + 0.00000theta^2 + -0.00001theta omega + 0.00066omega^2

--- Chunk 80482 (183/220) | Start: 2025-05-31 12:00:00 ---
    RMSE omega: 0.035380 | RMSE theta: 0.442510 | Loss: 336.0312 | Epoch: 394
    Eq theta: 1.00000omega
    Eq omega: 0.046181 + 0.00002theta + 0.02815omega + -0.00001theta^2 + 0.00002theta omega + 0.00042omega^2

--- Chunk 80483 (184/220) | Start: 2025-05-31 12:05:00 ---
    RMSE omega: 0.009418 | RMSE theta: 0.369405 | Loss: 24.6794 | Epoch: 2697
    Eq theta: 1.00000omega
    Eq omega: -0.006211 + -0.00001theta + 0.00219omega + -0.00001theta^2 + 0.00000theta omega + -0.00002omega^2

--- Chunk 80484 (185/220) | Start: 2025-05-31 12:10:00 ---
    RMSE omega: nan | RMSE theta: nan | Loss: 30966.0742 | Epoch: 16
    Eq theta: 1.00000omega
    Eq omega: nan1 + nantheta + nanomega + nantheta^2 + nantheta omega + nanomega^2

--- Chunk 80485 (186/220) | Start: 2025-05-31 12:15:00 ---
    RMSE omega: nan | RMSE theta: nan | Loss: -10153303.0000 | Epoch: 3856
    Eq theta: 1.00000omega
    Eq omega: nan1 + nantheta + nanomega + nantheta^2 + nantheta omega + nanomega^2

--- Chunk 80486 (187/220) | Start: 2025-05-31 12:20:00 ---
    RMSE omega: 0.022759 | RMSE theta: 0.676236 | Loss: 153.0737 | Epoch: 2941
    Eq theta: 1.00000omega
    Eq omega: 0.000021 + -0.00004theta + 0.00053omega + -0.00000theta^2 + -0.00001theta omega + -0.00009omega^2

--- Chunk 80487 (188/220) | Start: 2025-05-31 12:25:00 ---
    RMSE omega: nan | RMSE theta: nan | Loss: 38270.0898 | Epoch: 16
    Eq theta: 1.00000omega
    Eq omega: nan1 + nantheta + nanomega + nantheta^2 + nantheta omega + nanomega^2

--- Chunk 80488 (189/220) | Start: 2025-05-31 12:30:00 ---
    RMSE omega: 0.034992 | RMSE theta: 0.584865 | Loss: 398.1952 | Epoch: 835
    Eq theta: 1.00000omega
    Eq omega: -0.002491 + 0.00034theta + -0.00058omega + 0.00116theta^2 + 0.00002theta omega + -0.00059omega^2

--- Chunk 80489 (190/220) | Start: 2025-05-31 12:35:00 ---
    RMSE omega: 0.016828 | RMSE theta: 0.165537 | Loss: 14.2293 | Epoch: 1047
    Eq theta: 1.00000omega
    Eq omega: 0.006661 + -0.00323theta + 0.01854omega + -0.03108theta^2 + 0.00065theta omega + 0.00364omega^2

--- Chunk 80490 (191/220) | Start: 2025-05-31 12:40:00 ---
    RMSE omega: 0.004268 | RMSE theta: 0.143331 | Loss: 0.7029 | Epoch: 1778
    Eq theta: 1.00000omega
    Eq omega: 0.002331 + -0.00010theta + -0.00466omega + 0.00065theta^2 + -0.00053theta omega + 0.00163omega^2

--- Chunk 80491 (192/220) | Start: 2025-05-31 12:45:00 ---
    RMSE omega: 0.005423 | RMSE theta: 0.274592 | Loss: -516.0469 | Epoch: 1615
    Eq theta: 1.00000omega
    Eq omega: -0.006781 + -0.00009theta + -0.00085omega + -0.00027theta^2 + -0.00042theta omega + -0.00272omega^2

--- Chunk 80492 (193/220) | Start: 2025-05-31 12:50:00 ---
    RMSE omega: 0.042662 | RMSE theta: 0.702349 | Loss: 53.6895 | Epoch: 964
    Eq theta: 1.00000omega
    Eq omega: 0.001571 + -0.00327theta + 0.00166omega + -0.00287theta^2 + -0.00006theta omega + 0.00011omega^2

--- Chunk 80493 (194/220) | Start: 2025-05-31 12:55:00 ---
    RMSE omega: 0.049951 | RMSE theta: 0.695867 | Loss: 286.5865 | Epoch: 339
    Eq theta: 1.00000omega
    Eq omega: -0.007931 + -0.00102theta + -0.01076omega + -0.00175theta^2 + 0.00029theta omega + -0.00063omega^2

--- Chunk 80494 (195/220) | Start: 2025-05-31 13:00:00 ---
    RMSE omega: 0.036499 | RMSE theta: 0.649679 | Loss: 74.0127 | Epoch: 88
    Eq theta: 1.00000omega
    Eq omega: 0.001881 + -0.00101theta + -0.00070omega + 0.00023theta^2 + 0.00024theta omega + -0.00006omega^2

--- Chunk 80495 (196/220) | Start: 2025-05-31 13:05:00 ---
    RMSE omega: nan | RMSE theta: nan | Loss: 361.7516 | Epoch: 29
    Eq theta: 1.00000omega
    Eq omega: nan1 + nantheta + nanomega + nantheta^2 + nantheta omega + nanomega^2

--- Chunk 80496 (197/220) | Start: 2025-05-31 13:10:00 ---
    RMSE omega: 0.020346 | RMSE theta: 0.272959 | Loss: 30.1237 | Epoch: 395
    Eq theta: 1.00000omega
    Eq omega: -0.002421 + -0.00328theta + -0.00133omega + -0.00015theta^2 + 0.00018theta omega + -0.00192omega^2

--- Chunk 80497 (198/220) | Start: 2025-05-31 13:15:00 ---
    RMSE omega: 0.005571 | RMSE theta: 0.082291 | Loss: 6.6672 | Epoch: 2754
    Eq theta: 1.00000omega
    Eq omega: 0.000041 + -0.00002theta + 0.00010omega + -0.00000theta^2 + 0.00001theta omega + 0.00003omega^2

--- Chunk 80498 (199/220) | Start: 2025-05-31 13:20:00 ---
    RMSE omega: nan | RMSE theta: nan | Loss: 73752.9141 | Epoch: 5
    Eq theta: 1.00000omega
    Eq omega: nan1 + nantheta + nanomega + nantheta^2 + nantheta omega + nanomega^2

--- Chunk 80499 (200/220) | Start: 2025-05-31 13:25:00 ---
    RMSE omega: nan | RMSE theta: nan | Loss: 1634.8601 | Epoch: 22
    Eq theta: 1.00000omega
    Eq omega: nan1 + nantheta + nanomega + nantheta^2 + nantheta omega + nanomega^2

  [Progress 200/220] Mean RMSE omega: 0.060318 | Mean loss: -401348985704837530098123931648.0000 | Valid: 152/200 | Elapsed: 85.7min | ETA: 8.6min

--- Chunk 80500 (201/220) | Start: 2025-05-31 13:30:00 ---
    RMSE omega: 0.006830 | RMSE theta: 0.508476 | Loss: -336.0032 | Epoch: 1838
    Eq theta: 1.00000omega
    Eq omega: 0.000471 + 0.00034theta + -0.00083omega + 0.00013theta^2 + -0.00008theta omega + 0.00025omega^2

--- Chunk 80501 (202/220) | Start: 2025-05-31 13:35:00 ---
    RMSE omega: nan | RMSE theta: nan | Loss: -366893216.0000 | Epoch: 1931
    Eq theta: 1.00000omega
    Eq omega: nan1 + nantheta + nanomega + nantheta^2 + nantheta omega + nanomega^2

--- Chunk 80502 (203/220) | Start: 2025-05-31 13:40:00 ---
    RMSE omega: 0.007785 | RMSE theta: 0.420928 | Loss: 5.1689 | Epoch: 2739
    Eq theta: 1.00000omega
    Eq omega: -0.001781 + 0.00004theta + -0.00292omega + -0.00007theta^2 + 0.00012theta omega + -0.00062omega^2

--- Chunk 80503 (204/220) | Start: 2025-05-31 13:45:00 ---
    RMSE omega: 0.032637 | RMSE theta: 1.045419 | Loss: 714.1901 | Epoch: 36
    Eq theta: 1.00000omega
    Eq omega: 0.003241 + -0.00000theta + 0.00032omega + 0.00010theta^2 + 0.00002theta omega + 0.00014omega^2

--- Chunk 80504 (205/220) | Start: 2025-05-31 13:50:00 ---
    RMSE omega: 0.033909 | RMSE theta: 1.745399 | Loss: 2061.4055 | Epoch: 44
    Eq theta: 1.00000omega
    Eq omega: 0.000601 + 0.00035theta + 0.00041omega + 0.00000theta^2 + -0.00002theta omega + 0.00023omega^2

--- Chunk 80505 (206/220) | Start: 2025-05-31 13:55:00 ---
    RMSE omega: nan | RMSE theta: nan | Loss: 345.9300 | Epoch: 25
    Eq theta: 1.00000omega
    Eq omega: nan1 + nantheta + nanomega + nantheta^2 + nantheta omega + nanomega^2

--- Chunk 80506 (207/220) | Start: 2025-05-31 14:00:00 ---
    RMSE omega: nan | RMSE theta: nan | Loss: 72996.6641 | Epoch: 5
    Eq theta: 1.00000omega
    Eq omega: nan1 + nantheta + nanomega + nantheta^2 + nantheta omega + nanomega^2

--- Chunk 80507 (208/220) | Start: 2025-05-31 14:05:00 ---
    RMSE omega: 0.006450 | RMSE theta: 0.052300 | Loss: -0.8320 | Epoch: 778
    Eq theta: 1.00000omega
    Eq omega: -0.008881 + -0.21321theta + 0.00963omega + 0.00375theta^2 + -0.03078theta omega + 0.00063omega^2

--- Chunk 80508 (209/220) | Start: 2025-05-31 14:10:00 ---
    RMSE omega: 0.040680 | RMSE theta: 0.456614 | Loss: 132.4363 | Epoch: 336
    Eq theta: 1.00000omega
    Eq omega: 0.002861 + -0.00101theta + -0.00118omega + -0.00030theta^2 + 0.00006theta omega + -0.00091omega^2

--- Chunk 80509 (210/220) | Start: 2025-05-31 14:15:00 ---
    RMSE omega: 0.015419 | RMSE theta: 0.361061 | Loss: 77.8270 | Epoch: 1953
    Eq theta: 1.00000omega
    Eq omega: -0.002241 + -0.00005theta + 0.00124omega + -0.00001theta^2 + -0.00001theta omega + 0.00005omega^2

--- Chunk 80510 (211/220) | Start: 2025-05-31 14:20:00 ---
    RMSE omega: nan | RMSE theta: nan | Loss: 739.6895 | Epoch: 60
    Eq theta: 1.00000omega
    Eq omega: nan1 + nantheta + nanomega + nantheta^2 + nantheta omega + nanomega^2

--- Chunk 80511 (212/220) | Start: 2025-05-31 14:25:00 ---
    RMSE omega: 0.021258 | RMSE theta: 0.450879 | Loss: -9024.8350 | Epoch: 443
    Eq theta: 1.00000omega
    Eq omega: -0.000041 + 0.00004theta + -0.00027omega + 0.00000theta^2 + -0.00000theta omega + -0.00001omega^2

--- Chunk 80512 (213/220) | Start: 2025-05-31 14:30:00 ---
    RMSE omega: 0.006138 | RMSE theta: 0.234489 | Loss: -408.0621 | Epoch: 3214
    Eq theta: 1.00000omega
    Eq omega: 0.001341 + 0.00011theta + 0.00176omega + 0.00004theta^2 + 0.00002theta omega + -0.00042omega^2

--- Chunk 80513 (214/220) | Start: 2025-05-31 14:35:00 ---
    RMSE omega: 0.025534 | RMSE theta: 1.660213 | Loss: -28112.6230 | Epoch: 1074
    Eq theta: 1.00000omega
    Eq omega: 0.000661 + 0.00004theta + -0.00096omega + 0.00000theta^2 + -0.00001theta omega + -0.00014omega^2

--- Chunk 80514 (215/220) | Start: 2025-05-31 14:40:00 ---
    RMSE omega: nan | RMSE theta: nan | Loss: 723.9618 | Epoch: 36
    Eq theta: 1.00000omega
    Eq omega: nan1 + nantheta + nanomega + nantheta^2 + nantheta omega + nanomega^2

--- Chunk 80515 (216/220) | Start: 2025-05-31 14:45:00 ---
    RMSE omega: 0.005487 | RMSE theta: 0.261753 | Loss: 4.6962 | Epoch: 2464
    Eq theta: 1.00000omega
    Eq omega: 0.000291 + -0.00003theta + 0.00011omega + -0.00000theta^2 + -0.00000theta omega + 0.00004omega^2

--- Chunk 80516 (217/220) | Start: 2025-05-31 14:50:00 ---
    RMSE omega: 0.005047 | RMSE theta: 0.233328 | Loss: -580858.5000 | Epoch: 2430
    Eq theta: 1.00000omega
    Eq omega: -0.002041 + 0.00012theta + 0.00061omega + -0.00002theta^2 + -0.00018theta omega + 0.01906omega^2

--- Chunk 80517 (218/220) | Start: 2025-05-31 14:55:00 ---
    RMSE omega: 0.023575 | RMSE theta: 0.125814 | Loss: 24.1952 | Epoch: 516
    Eq theta: 1.00000omega
    Eq omega: 0.000701 + -0.00044theta + -0.00725omega + -0.00035theta^2 + 0.00255theta omega + 0.00237omega^2

--- Chunk 80518 (219/220) | Start: 2025-05-31 15:00:00 ---
    RMSE omega: 0.005551 | RMSE theta: 0.046913 | Loss: -0.8124 | Epoch: 728
    Eq theta: 1.00000omega
    Eq omega: -0.001511 + -0.00839theta + -0.02358omega + -0.00067theta^2 + 0.00133theta omega + -0.00921omega^2

--- Chunk 80519 (220/220) | Start: 2025-05-31 15:05:00 ---
    RMSE omega: 0.005513 | RMSE theta: 0.020543 | Loss: 0.5038 | Epoch: 1247
    Eq theta: 1.00000omega
    Eq omega: 0.036151 + -0.16045theta + -0.00264omega + -0.00351theta^2 + -0.02918theta omega + 0.00844omega^2

  [Progress 220/220] Mean RMSE omega: 0.056348 | Mean loss: -364862714277125052950565093376.0000 | Valid: 167/220 | Elapsed: 93.6min | ETA: 0.0min

============================================================
EVALUATION COMPLETE — Chunks [80300, 80519]
============================================================
Chunks processed: 220
Chunks succeeded: 167 (75.9%)
Mean RMSE omega:  0.056348 ± 0.452095
Mean RMSE theta:  1.525082 ± 12.810894
Mean RMSE total:  1.079335
Mean Loss:        -364862714277125052950565093376.0000 ± 4604015093804374301914202898432.0000
Elapsed time:     93.6 minutes

Per-chunk CSV: /pfs/data6/home/ka/ka_iai/ka_bj2362/dsr/svise/results_5min_all_chunks/run_SLURM_3708675/chunks_80300_to_80519_20260320_074909.csv
Summary JSON:  /pfs/data6/home/ka/ka_iai/ka_bj2362/dsr/svise/results_5min_all_chunks/run_SLURM_3708675/summary_80300_to_80519_20260320_074909.json
============================================================

============================= JOB FEEDBACK =============================

NodeName=uc3n067
Job ID: 3709532
Array Job ID: 3708675_365
Cluster: uc3
User/Group: ka_bj2362/ka_iai
State: COMPLETED (exit code 0)
Nodes: 1
Cores per node: 4
CPU Utilized: 01:32:53
CPU Efficiency: 24.71% of 06:15:56 core-walltime
Job Wall-clock time: 01:33:59
Memory Utilized: 2.97 GB
Memory Efficiency: 24.77% of 12.00 GB (12.00 GB/node)
