Array task 11: processing chunks 2420 to 2639
Loading data from /pfs/data6/home/ka/ka_iai/ka_bj2362/dsr/svise/../dataset/South_Korea_2024-08-15_2025-08-31_1s.parquet...
Finding all valid 5-minute chunks in the dataset...
Found 107059 valid 5-minute chunks in total.

============================================================
SVISE FINAL EVALUATION — ALL CHUNKS
============================================================
Hyperparameters: {
  "model": "integrator",
  "sigma": 0,
  "degree": 2,
  "tau": 1e-05,
  "lr": 0.1,
  "n_tau": 100,
  "measurement_noise": 0.001,
  "n_reparam_samples": 15
}
Total valid chunks in dataset: 107059
Processing chunk range: [2420, 2639] (220 chunks)
Early stopping: patience=300, max_epochs=10000
============================================================


--- Chunk 2420 (1/220) | Start: 2024-08-23 11:55:00 ---
/pfs/data6/home/ka/ka_iai/ka_bj2362/dsr/svise/svise/sde_learning/_marginal_sde.py:284: UserWarning: torch.triangular_solve is deprecated in favor of torch.linalg.solve_triangularand will be removed in a future PyTorch release.
torch.linalg.solve_triangular has its arguments reversed and does not return a copy of one of the inputs.
X = torch.triangular_solve(B, A).solution
should be replaced with
X = torch.linalg.solve_triangular(A, B). (Triggered internally at ../aten/src/ATen/native/BatchLinearAlgebra.cpp:2192.)
  return torch.triangular_solve(self.raw_w, self.C.t()).solution
/pfs/data6/home/ka/ka_iai/ka_bj2362/dsr/svise/svise/quadrature/_unbiased_quadrature.py:196: UserWarning: Interp is nan, reducing interp degree.
  warnings.warn("Interp is nan, reducing interp degree.")
    RMSE omega: 0.005342 | RMSE theta: 0.058966 | Loss: -3.1571 | Epoch: 1993
    Eq theta: 1.00000omega
    Eq omega: -0.002971 + 0.00015theta + -0.00291omega + -0.00015theta^2 + 0.00001theta omega + 0.00135omega^2

--- Chunk 2421 (2/220) | Start: 2024-08-23 12:00:00 ---
    RMSE omega: 0.004931 | RMSE theta: 0.328055 | Loss: 1.6206 | Epoch: 2284
    Eq theta: 1.00000omega
    Eq omega: 0.001641 + 0.00026theta + -0.00204omega + -0.00008theta^2 + -0.00011theta omega + -0.00051omega^2

--- Chunk 2422 (3/220) | Start: 2024-08-23 12:05:00 ---
    RMSE omega: 0.004329 | RMSE theta: 0.146004 | Loss: -0.2465 | Epoch: 1854
    Eq theta: 1.00000omega
    Eq omega: 0.000081 + -0.00082theta + 0.00131omega + 0.00006theta^2 + -0.00184theta omega + -0.00808omega^2

--- Chunk 2423 (4/220) | Start: 2024-08-23 12:10:00 ---
/pfs/data6/home/ka/ka_iai/ka_bj2362/dsr/svise/svise/quadrature/_unbiased_quadrature.py:174: UserWarning: NaN detected in fxq (quadrature node evaluations). Clamping to 0.
  warnings.warn("NaN detected in fxq (quadrature node evaluations). Clamping to 0.")
/pfs/data6/home/ka/ka_iai/ka_bj2362/dsr/svise/svise/quadrature/_unbiased_quadrature.py:177: UserWarning: NaN detected in fmc (Monte-Carlo node evaluations). Clamping to 0.
  warnings.warn("NaN detected in fmc (Monte-Carlo node evaluations). Clamping to 0.")
    RMSE omega: 0.032936 | RMSE theta: 0.374563 | Loss: 168.7239 | Epoch: 45
    Eq theta: 1.00000omega
    Eq omega: -0.006441 + -0.00501theta + -0.00479omega + -0.00049theta^2 + -0.00058theta omega + 0.00689omega^2

--- Chunk 2424 (5/220) | Start: 2024-08-23 12:15:00 ---
    RMSE omega: 0.006931 | RMSE theta: 0.208028 | Loss: 1.7302 | Epoch: 1216
    Eq theta: 1.00000omega
    Eq omega: -0.000111 + -0.00049theta + -0.00009omega + -0.00005theta^2 + -0.00014theta omega + 0.00007omega^2

--- Chunk 2425 (6/220) | Start: 2024-08-23 12:20:00 ---
    RMSE omega: 0.003442 | RMSE theta: 0.108564 | Loss: -2.7207 | Epoch: 1953
    Eq theta: 1.00000omega
    Eq omega: -0.000791 + -0.00084theta + 0.00503omega + 0.00010theta^2 + 0.00133theta omega + 0.00046omega^2

--- Chunk 2426 (7/220) | Start: 2024-08-23 12:25:00 ---
    RMSE omega: 0.003950 | RMSE theta: 0.154872 | Loss: -0.9786 | Epoch: 1999
    Eq theta: 1.00000omega
    Eq omega: -0.000491 + -0.23609theta + 0.00634omega + 0.00012theta^2 + -0.00203theta omega + 0.00275omega^2

--- Chunk 2427 (8/220) | Start: 2024-08-23 12:30:00 ---
    RMSE omega: 0.003284 | RMSE theta: 0.103530 | Loss: 0.8062 | Epoch: 2799
    Eq theta: 1.00000omega
    Eq omega: -0.000571 + -0.00019theta + -0.00190omega + 0.00002theta^2 + -0.00006theta omega + -0.00002omega^2

--- Chunk 2428 (9/220) | Start: 2024-08-23 12:35:00 ---
    RMSE omega: 0.006484 | RMSE theta: 0.048399 | Loss: -10408773632.0000 | Epoch: 1007
    Eq theta: 1.00000omega
    Eq omega: -0.010931 + -0.68700theta + -0.00964omega + 0.00319theta^2 + 0.01244theta omega + -0.00138omega^2

--- Chunk 2429 (10/220) | Start: 2024-08-23 12:40:00 ---
    RMSE omega: 0.003483 | RMSE theta: 0.077330 | Loss: -0.7482 | Epoch: 1933
    Eq theta: 1.00000omega
    Eq omega: 0.001411 + -0.00158theta + -0.00250omega + 0.00016theta^2 + 0.00001theta omega + 0.00046omega^2

--- Chunk 2430 (11/220) | Start: 2024-08-23 12:45:00 ---
    RMSE omega: 0.018322 | RMSE theta: 2.396601 | Loss: -122514459840538565640680636416.0000 | Epoch: 3647
    Eq theta: 1.00000omega
    Eq omega: -0.001071 + -0.00469theta + -0.00006omega + -0.00001theta^2 + 0.00001theta omega + 0.00001omega^2

--- Chunk 2431 (12/220) | Start: 2024-08-23 12:50:00 ---
    RMSE omega: nan | RMSE theta: nan | Loss: 285.5138 | Epoch: 41
    Eq theta: 1.00000omega
    Eq omega: nan1 + nantheta + nanomega + nantheta^2 + nantheta omega + nanomega^2

--- Chunk 2432 (13/220) | Start: 2024-08-23 12:55:00 ---
    RMSE omega: 0.006468 | RMSE theta: 0.518314 | Loss: 3.2895 | Epoch: 2716
    Eq theta: 1.00000omega
    Eq omega: 0.000201 + -0.00021theta + -0.00187omega + -0.00009theta^2 + -0.00003theta omega + -0.00087omega^2

--- Chunk 2433 (14/220) | Start: 2024-08-23 13:00:00 ---
    RMSE omega: 0.005463 | RMSE theta: 0.135917 | Loss: -3.3232 | Epoch: 1505
    Eq theta: 1.00000omega
    Eq omega: -0.013951 + -0.00720theta + 0.00132omega + -0.00120theta^2 + -0.00112theta omega + -0.00128omega^2

--- Chunk 2434 (15/220) | Start: 2024-08-23 13:05:00 ---
    RMSE omega: 0.008849 | RMSE theta: 0.650947 | Loss: -1182.2396 | Epoch: 803
    Eq theta: 1.00000omega
    Eq omega: -0.006191 + -2.19375theta + -0.01242omega + 0.28543theta^2 + 0.05835theta omega + -0.00081omega^2

--- Chunk 2435 (16/220) | Start: 2024-08-23 13:10:00 ---
    RMSE omega: 0.004847 | RMSE theta: 0.058306 | Loss: -1.6643 | Epoch: 1050
    Eq theta: 1.00000omega
    Eq omega: -0.109171 + 0.02331theta + -0.02272omega + -0.04182theta^2 + -0.00014theta omega + 0.04612omega^2

--- Chunk 2436 (17/220) | Start: 2024-08-23 13:15:00 ---
    RMSE omega: 0.016955 | RMSE theta: 0.547071 | Loss: -20831050.0000 | Epoch: 1262
    Eq theta: 1.00000omega
    Eq omega: 0.000121 + 0.00041theta + -0.00034omega + 0.00030theta^2 + 0.00018theta omega + 0.00148omega^2

--- Chunk 2437 (18/220) | Start: 2024-08-23 13:20:00 ---
    RMSE omega: 0.003567 | RMSE theta: 0.031117 | Loss: -1.9782 | Epoch: 1581
    Eq theta: 1.00000omega
    Eq omega: 0.001471 + -0.00169theta + -0.00043omega + 0.00021theta^2 + -0.00158theta omega + 0.00181omega^2

--- Chunk 2438 (19/220) | Start: 2024-08-23 13:25:00 ---
    RMSE omega: 0.019520 | RMSE theta: 0.175623 | Loss: -8255106.0000 | Epoch: 886
    Eq theta: 1.00000omega
    Eq omega: -0.000911 + -0.15111theta + -0.00084omega + 0.00231theta^2 + 0.00726theta omega + -0.00295omega^2

--- Chunk 2439 (20/220) | Start: 2024-08-23 13:30:00 ---
    RMSE omega: 0.036060 | RMSE theta: 0.286654 | Loss: 110.1014 | Epoch: 69
    Eq theta: 1.00000omega
    Eq omega: -0.000871 + -0.00835theta + 0.00053omega + -0.00062theta^2 + -0.00068theta omega + 0.00357omega^2

--- Chunk 2440 (21/220) | Start: 2024-08-23 13:35:00 ---
    RMSE omega: 0.004972 | RMSE theta: 0.172237 | Loss: -0.2069 | Epoch: 2521
    Eq theta: 1.00000omega
    Eq omega: -0.005831 + 0.00017theta + -0.00076omega + -0.00007theta^2 + 0.00019theta omega + -0.00155omega^2

--- Chunk 2441 (22/220) | Start: 2024-08-23 13:40:00 ---
    RMSE omega: 0.007966 | RMSE theta: 0.240724 | Loss: -66.3054 | Epoch: 2354
    Eq theta: 1.00000omega
    Eq omega: -0.001011 + 0.00007theta + -0.00132omega + 0.00003theta^2 + -0.00016theta omega + -0.00054omega^2

--- Chunk 2442 (23/220) | Start: 2024-08-23 13:45:00 ---
    RMSE omega: 0.029089 | RMSE theta: 0.407104 | Loss: -432.7654 | Epoch: 580
    Eq theta: 1.00000omega
    Eq omega: 0.000321 + 0.00073theta + 0.00106omega + 0.00042theta^2 + 0.00119theta omega + 0.00027omega^2

--- Chunk 2443 (24/220) | Start: 2024-08-23 13:50:00 ---
    RMSE omega: 0.004360 | RMSE theta: 0.093754 | Loss: -0.7411 | Epoch: 1676
    Eq theta: 1.00000omega
    Eq omega: -0.001411 + 0.00014theta + -0.00001omega + 0.00012theta^2 + 0.00008theta omega + -0.00189omega^2

--- Chunk 2444 (25/220) | Start: 2024-08-23 13:55:00 ---
    RMSE omega: 0.005057 | RMSE theta: 0.139934 | Loss: -2.6150 | Epoch: 1762
    Eq theta: 1.00000omega
    Eq omega: -0.004301 + -0.00331theta + 0.00100omega + -0.00048theta^2 + -0.00014theta omega + -0.00314omega^2

--- Chunk 2445 (26/220) | Start: 2024-08-23 14:00:00 ---
    RMSE omega: 0.028966 | RMSE theta: 1.423455 | Loss: -1188.4563 | Epoch: 606
    Eq theta: 1.00000omega
    Eq omega: 0.000181 + 0.00213theta + 0.00615omega + -0.00020theta^2 + -0.00163theta omega + 0.00468omega^2

--- Chunk 2446 (27/220) | Start: 2024-08-23 14:05:00 ---
    RMSE omega: nan | RMSE theta: nan | Loss: 248.2026 | Epoch: 52
    Eq theta: 1.00000omega
    Eq omega: nan1 + nantheta + nanomega + nantheta^2 + nantheta omega + nanomega^2

--- Chunk 2447 (28/220) | Start: 2024-08-23 14:10:00 ---
    RMSE omega: 0.004639 | RMSE theta: 0.194251 | Loss: 0.0154 | Epoch: 2805
    Eq theta: 1.00000omega
    Eq omega: 0.000261 + 0.00024theta + 0.00017omega + 0.00007theta^2 + 0.00012theta omega + -0.00047omega^2

--- Chunk 2448 (29/220) | Start: 2024-08-23 14:15:00 ---
    RMSE omega: nan | RMSE theta: nan | Loss: 259.2211 | Epoch: 17
    Eq theta: 1.00000omega
    Eq omega: nan1 + nantheta + nanomega + nantheta^2 + nantheta omega + nanomega^2

--- Chunk 2449 (30/220) | Start: 2024-08-23 14:20:00 ---
    RMSE omega: 0.004438 | RMSE theta: 0.060559 | Loss: -1.2763 | Epoch: 1454
    Eq theta: 1.00000omega
    Eq omega: 0.199901 + -1.24285theta + 0.02557omega + -0.01350theta^2 + 0.00891theta omega + -0.01294omega^2

--- Chunk 2450 (31/220) | Start: 2024-08-23 14:25:00 ---
    RMSE omega: nan | RMSE theta: nan | Loss: 260.1469 | Epoch: 45
    Eq theta: 1.00000omega
    Eq omega: nan1 + nantheta + nanomega + nantheta^2 + nantheta omega + nanomega^2

--- Chunk 2451 (32/220) | Start: 2024-08-23 14:30:00 ---
    RMSE omega: 0.009445 | RMSE theta: 0.248836 | Loss: -287.4735 | Epoch: 727
    Eq theta: 1.00000omega
    Eq omega: -0.028621 + -1.39238theta + -0.00066omega + 0.00707theta^2 + -0.00193theta omega + 0.01255omega^2

--- Chunk 2452 (33/220) | Start: 2024-08-23 14:35:00 ---
    RMSE omega: 0.011765 | RMSE theta: 0.133978 | Loss: 9.2641 | Epoch: 838
    Eq theta: 1.00000omega
    Eq omega: -0.012161 + 0.00052theta + 0.00415omega + -0.00043theta^2 + -0.00171theta omega + 0.00110omega^2

--- Chunk 2453 (34/220) | Start: 2024-08-23 14:40:00 ---
    RMSE omega: 0.007068 | RMSE theta: 0.228371 | Loss: -0.6599 | Epoch: 1883
    Eq theta: 1.00000omega
    Eq omega: 0.000631 + -0.00159theta + 0.00129omega + 0.00094theta^2 + 0.00033theta omega + -0.00214omega^2

--- Chunk 2454 (35/220) | Start: 2024-08-23 14:45:00 ---
    RMSE omega: 0.013936 | RMSE theta: 0.615905 | Loss: -124926272.0000 | Epoch: 1703
    Eq theta: 1.00000omega
    Eq omega: 0.031991 + -1.06923theta + -1.49573omega + -0.00987theta^2 + -0.00300theta omega + -0.01041omega^2

--- Chunk 2455 (36/220) | Start: 2024-08-23 14:50:00 ---
    RMSE omega: nan | RMSE theta: nan | Loss: 122.5942 | Epoch: 44
    Eq theta: 1.00000omega
    Eq omega: nan1 + nantheta + nanomega + nantheta^2 + nantheta omega + nanomega^2

--- Chunk 2456 (37/220) | Start: 2024-08-23 14:55:00 ---
    RMSE omega: 0.004364 | RMSE theta: 0.118571 | Loss: -0.8328 | Epoch: 1486
    Eq theta: 1.00000omega
    Eq omega: 0.001901 + 0.00116theta + 0.00224omega + -0.00169theta^2 + -0.00063theta omega + 0.00495omega^2

--- Chunk 2457 (38/220) | Start: 2024-08-23 15:00:00 ---
    RMSE omega: 0.038485 | RMSE theta: 0.315269 | Loss: 146.0891 | Epoch: 73
    Eq theta: 1.00000omega
    Eq omega: 0.015801 + 0.00046theta + 0.01253omega + 0.00075theta^2 + -0.00011theta omega + 0.00159omega^2

--- Chunk 2458 (39/220) | Start: 2024-08-23 15:05:00 ---
    RMSE omega: 0.005608 | RMSE theta: 0.137947 | Loss: 2.2713 | Epoch: 1901
    Eq theta: 1.00000omega
    Eq omega: 0.000551 + -0.00007theta + 0.00050omega + 0.00009theta^2 + 0.00043theta omega + -0.00043omega^2

--- Chunk 2459 (40/220) | Start: 2024-08-23 15:10:00 ---
    RMSE omega: nan | RMSE theta: nan | Loss: 484.3221 | Epoch: 25
    Eq theta: 1.00000omega
    Eq omega: nan1 + nantheta + nanomega + nantheta^2 + nantheta omega + nanomega^2

--- Chunk 2460 (41/220) | Start: 2024-08-23 15:15:00 ---
    RMSE omega: 0.027190 | RMSE theta: 0.320653 | Loss: -1970434.5000 | Epoch: 821
    Eq theta: 1.00000omega
    Eq omega: -0.009141 + -0.00084theta + 0.00128omega + 0.00005theta^2 + -0.00035theta omega + 0.00127omega^2

--- Chunk 2461 (42/220) | Start: 2024-08-23 15:20:00 ---
    RMSE omega: 0.004654 | RMSE theta: 0.078203 | Loss: -2.3725 | Epoch: 1668
    Eq theta: 1.00000omega
    Eq omega: -0.009711 + -0.00118theta + -0.00062omega + -0.00051theta^2 + 0.00084theta omega + 0.00099omega^2

--- Chunk 2462 (43/220) | Start: 2024-08-23 15:25:00 ---
    RMSE omega: nan | RMSE theta: nan | Loss: 184.1375 | Epoch: 25
    Eq theta: 1.00000omega
    Eq omega: nan1 + nantheta + nanomega + nantheta^2 + nantheta omega + nanomega^2

--- Chunk 2463 (44/220) | Start: 2024-08-23 15:30:00 ---
    RMSE omega: 0.005433 | RMSE theta: 0.128161 | Loss: -2.6594 | Epoch: 1411
    Eq theta: 1.00000omega
    Eq omega: 0.004001 + -0.00219theta + 0.00018omega + 0.00005theta^2 + 0.00132theta omega + 0.00012omega^2

--- Chunk 2464 (45/220) | Start: 2024-08-23 15:35:00 ---
    RMSE omega: 0.005609 | RMSE theta: 0.033399 | Loss: -0.7265 | Epoch: 1253
    Eq theta: 1.00000omega
    Eq omega: -0.000981 + 0.00067theta + 0.00001omega + 0.00266theta^2 + -0.00491theta omega + 0.00176omega^2

--- Chunk 2465 (46/220) | Start: 2024-08-23 15:40:00 ---
    RMSE omega: 0.004606 | RMSE theta: 0.022970 | Loss: 0.8115 | Epoch: 1447
    Eq theta: 1.00000omega
    Eq omega: -0.001171 + 0.00261theta + 0.00632omega + 0.00072theta^2 + 0.00081theta omega + 0.00068omega^2

--- Chunk 2466 (47/220) | Start: 2024-08-23 15:45:00 ---
    RMSE omega: 0.005058 | RMSE theta: 0.196495 | Loss: -7569442304.0000 | Epoch: 1896
    Eq theta: 1.00000omega
    Eq omega: 0.003891 + -0.00044theta + 0.00041omega + -0.00067theta^2 + 0.00019theta omega + -0.00074omega^2

--- Chunk 2467 (48/220) | Start: 2024-08-23 15:50:00 ---
    RMSE omega: 0.004621 | RMSE theta: 0.101154 | Loss: -2.1562 | Epoch: 1546
    Eq theta: 1.00000omega
    Eq omega: 0.090981 + -0.70804theta + 0.00592omega + 0.00159theta^2 + 0.31397theta omega + 0.00241omega^2

--- Chunk 2468 (49/220) | Start: 2024-08-23 15:55:00 ---
    RMSE omega: 0.006640 | RMSE theta: 0.148828 | Loss: -37.9135 | Epoch: 2468
    Eq theta: 1.00000omega
    Eq omega: -0.003581 + -0.00035theta + 0.00124omega + 0.00014theta^2 + -0.00019theta omega + 0.00114omega^2

--- Chunk 2469 (50/220) | Start: 2024-08-23 16:00:00 ---
    RMSE omega: nan | RMSE theta: nan | Loss: 73.7793 | Epoch: 27
    Eq theta: 1.00000omega
    Eq omega: nan1 + nantheta + nanomega + nantheta^2 + nantheta omega + nanomega^2

  [Progress 50/220] Mean RMSE omega: 0.010456 | Mean loss: -2450289196810771235847798784.0000 | Valid: 42/50 | Elapsed: 23.9min | ETA: 81.3min

--- Chunk 2470 (51/220) | Start: 2024-08-23 16:05:00 ---
    RMSE omega: nan | RMSE theta: nan | Loss: 162.4189 | Epoch: 27
    Eq theta: 1.00000omega
    Eq omega: nan1 + nantheta + nanomega + nantheta^2 + nantheta omega + nanomega^2

--- Chunk 2471 (52/220) | Start: 2024-08-23 16:10:00 ---
    RMSE omega: nan | RMSE theta: nan | Loss: 349.1763 | Epoch: 18
    Eq theta: 1.00000omega
    Eq omega: nan1 + nantheta + nanomega + nantheta^2 + nantheta omega + nanomega^2

--- Chunk 2472 (53/220) | Start: 2024-08-23 16:15:00 ---
    RMSE omega: nan | RMSE theta: nan | Loss: 144.6071 | Epoch: 28
    Eq theta: 1.00000omega
    Eq omega: nan1 + nantheta + nanomega + nantheta^2 + nantheta omega + nanomega^2

--- Chunk 2473 (54/220) | Start: 2024-08-23 16:20:00 ---
    RMSE omega: 0.009869 | RMSE theta: 0.329458 | Loss: -1.2041 | Epoch: 1608
    Eq theta: 1.00000omega
    Eq omega: 0.001881 + 0.00022theta + -0.00007omega + 0.00026theta^2 + -0.00094theta omega + 0.00229omega^2

--- Chunk 2474 (55/220) | Start: 2024-08-23 16:25:00 ---
    RMSE omega: 0.004607 | RMSE theta: 0.113960 | Loss: 0.5843 | Epoch: 1832
    Eq theta: 1.00000omega
    Eq omega: 0.001611 + 0.00057theta + -0.00623omega + 0.00185theta^2 + -0.00324theta omega + -0.00113omega^2

--- Chunk 2475 (56/220) | Start: 2024-08-23 16:30:00 ---
    RMSE omega: 0.006741 | RMSE theta: 0.298545 | Loss: 5.1937 | Epoch: 3103
    Eq theta: 1.00000omega
    Eq omega: -0.002731 + -0.08576theta + -0.01149omega + -0.00047theta^2 + -0.00080theta omega + 0.00371omega^2

--- Chunk 2476 (57/220) | Start: 2024-08-23 16:35:00 ---
    RMSE omega: nan | RMSE theta: nan | Loss: 67.2650 | Epoch: 51
    Eq theta: 1.00000omega
    Eq omega: nan1 + nantheta + nanomega + nantheta^2 + nantheta omega + nanomega^2

--- Chunk 2477 (58/220) | Start: 2024-08-23 16:40:00 ---
    RMSE omega: 0.004983 | RMSE theta: 0.036574 | Loss: 0.0128 | Epoch: 915
    Eq theta: 1.00000omega
    Eq omega: -0.140971 + -2.29949theta + -0.00547omega + -0.05996theta^2 + -0.01678theta omega + -0.01486omega^2

--- Chunk 2478 (59/220) | Start: 2024-08-23 16:45:00 ---
    RMSE omega: 0.006614 | RMSE theta: 0.185173 | Loss: -5.7208 | Epoch: 1260
    Eq theta: 1.00000omega
    Eq omega: 0.002161 + 0.00085theta + 0.00213omega + -0.00068theta^2 + -0.00118theta omega + -0.00007omega^2

--- Chunk 2479 (60/220) | Start: 2024-08-23 16:50:00 ---
    RMSE omega: 0.005378 | RMSE theta: 0.173848 | Loss: -0.2430 | Epoch: 2853
    Eq theta: 1.00000omega
    Eq omega: -0.006481 + -0.00014theta + 0.00005omega + -0.00030theta^2 + 0.00029theta omega + 0.00126omega^2

--- Chunk 2480 (61/220) | Start: 2024-08-23 16:55:00 ---
    RMSE omega: 0.005833 | RMSE theta: 0.120747 | Loss: -0.0115 | Epoch: 1501
    Eq theta: 1.00000omega
    Eq omega: 0.007331 + 0.00025theta + 0.00107omega + -0.00158theta^2 + 0.00015theta omega + -0.00065omega^2

--- Chunk 2481 (62/220) | Start: 2024-08-23 17:00:00 ---
    RMSE omega: 0.004953 | RMSE theta: 0.030084 | Loss: -1.2974 | Epoch: 1956
    Eq theta: 1.00000omega
    Eq omega: 0.001391 + -0.00064theta + -0.00025omega + -0.00026theta^2 + -0.00112theta omega + 0.00029omega^2

--- Chunk 2482 (63/220) | Start: 2024-08-23 17:05:00 ---
    RMSE omega: 0.028472 | RMSE theta: 0.146025 | Loss: 30.5794 | Epoch: 72
    Eq theta: 1.00000omega
    Eq omega: -0.000751 + -0.02210theta + 0.00090omega + -0.00268theta^2 + -0.00127theta omega + 0.00263omega^2

--- Chunk 2483 (64/220) | Start: 2024-08-23 17:10:00 ---
    RMSE omega: nan | RMSE theta: nan | Loss: 65.3053 | Epoch: 101
    Eq theta: 1.00000omega
    Eq omega: nan1 + nantheta + nanomega + nantheta^2 + nantheta omega + nanomega^2

--- Chunk 2484 (65/220) | Start: 2024-08-23 17:15:00 ---
    RMSE omega: 0.007020 | RMSE theta: 0.131611 | Loss: -2.2282 | Epoch: 2029
    Eq theta: 1.00000omega
    Eq omega: 0.001901 + -0.00792theta + 0.00303omega + -0.00471theta^2 + 0.00212theta omega + -0.00036omega^2

--- Chunk 2485 (66/220) | Start: 2024-08-23 17:20:00 ---
    RMSE omega: 0.005953 | RMSE theta: 0.099110 | Loss: -0.7532 | Epoch: 2349
    Eq theta: 1.00000omega
    Eq omega: 0.000801 + -0.00336theta + -0.00032omega + 0.00007theta^2 + 0.00080theta omega + -0.00024omega^2

--- Chunk 2486 (67/220) | Start: 2024-08-23 17:25:00 ---
    RMSE omega: nan | RMSE theta: nan | Loss: 50.2316 | Epoch: 58
    Eq theta: 1.00000omega
    Eq omega: nan1 + nantheta + nanomega + nantheta^2 + nantheta omega + nanomega^2

--- Chunk 2487 (68/220) | Start: 2024-08-23 17:30:00 ---
    RMSE omega: 0.024797 | RMSE theta: 0.222111 | Loss: 46.4504 | Epoch: 30
    Eq theta: 1.00000omega
    Eq omega: -0.000841 + -0.00578theta + 0.00013omega + 0.00257theta^2 + -0.00065theta omega + -0.00119omega^2

--- Chunk 2488 (69/220) | Start: 2024-08-23 17:35:00 ---
    RMSE omega: 0.012380 | RMSE theta: 0.709500 | Loss: -492914144.0000 | Epoch: 2284
    Eq theta: 1.00000omega
    Eq omega: 0.000351 + -0.00055theta + 0.00017omega + -0.00002theta^2 + 0.00007theta omega + 0.00052omega^2

--- Chunk 2489 (70/220) | Start: 2024-08-23 17:40:00 ---
    RMSE omega: 0.005265 | RMSE theta: 0.138184 | Loss: -0.4912 | Epoch: 1614
    Eq theta: 1.00000omega
    Eq omega: 0.007611 + 0.00087theta + 0.00962omega + -0.00215theta^2 + -0.00312theta omega + -0.00102omega^2

--- Chunk 2490 (71/220) | Start: 2024-08-23 17:45:00 ---
    RMSE omega: 0.005943 | RMSE theta: 0.074849 | Loss: -1.0593 | Epoch: 1317
    Eq theta: 1.00000omega
    Eq omega: -0.022081 + -0.04013theta + -0.00944omega + -0.00006theta^2 + 0.00419theta omega + -0.00768omega^2

--- Chunk 2491 (72/220) | Start: 2024-08-23 17:50:00 ---
    RMSE omega: 0.008238 | RMSE theta: 0.298679 | Loss: 8.5159 | Epoch: 2021
    Eq theta: 1.00000omega
    Eq omega: 0.004621 + -0.00235theta + 0.00697omega + -0.00004theta^2 + 0.00029theta omega + -0.00070omega^2

--- Chunk 2492 (73/220) | Start: 2024-08-23 17:55:00 ---
    RMSE omega: 0.007526 | RMSE theta: 0.341365 | Loss: -1.1893 | Epoch: 1863
    Eq theta: 1.00000omega
    Eq omega: 0.006231 + -0.30874theta + -0.00560omega + 0.00299theta^2 + -0.00073theta omega + -0.01443omega^2

--- Chunk 2493 (74/220) | Start: 2024-08-23 18:00:00 ---
    RMSE omega: 0.004654 | RMSE theta: 0.039738 | Loss: -1.4493 | Epoch: 1520
    Eq theta: 1.00000omega
    Eq omega: -0.008501 + -0.18305theta + -0.00752omega + -0.00087theta^2 + -0.00292theta omega + 0.00211omega^2

--- Chunk 2494 (75/220) | Start: 2024-08-23 18:05:00 ---
    RMSE omega: nan | RMSE theta: nan | Loss: 101.0741 | Epoch: 58
    Eq theta: 1.00000omega
    Eq omega: nan1 + nantheta + nanomega + nantheta^2 + nantheta omega + nanomega^2

--- Chunk 2495 (76/220) | Start: 2024-08-23 18:10:00 ---
    RMSE omega: 0.011424 | RMSE theta: 0.078849 | Loss: -3473524.5000 | Epoch: 975
    Eq theta: 1.00000omega
    Eq omega: 0.006871 + -0.00574theta + 0.00431omega + -0.00025theta^2 + -0.00053theta omega + 0.00516omega^2

--- Chunk 2496 (77/220) | Start: 2024-08-23 18:15:00 ---
    RMSE omega: 0.035612 | RMSE theta: 1.423698 | Loss: 426.3038 | Epoch: 27
    Eq theta: 1.00000omega
    Eq omega: 0.000441 + -0.00193theta + -0.00219omega + -0.00088theta^2 + 0.00040theta omega + -0.00321omega^2

--- Chunk 2497 (78/220) | Start: 2024-08-23 18:20:00 ---
    RMSE omega: 0.026510 | RMSE theta: 0.216926 | Loss: -12642202.0000 | Epoch: 764
    Eq theta: 1.00000omega
    Eq omega: -0.003271 + -0.02380theta + -0.00074omega + -0.00990theta^2 + 0.00652theta omega + 0.00140omega^2

--- Chunk 2498 (79/220) | Start: 2024-08-23 18:25:00 ---
    RMSE omega: nan | RMSE theta: nan | Loss: 15.3100 | Epoch: 61
    Eq theta: 1.00000omega
    Eq omega: nan1 + nantheta + nanomega + nantheta^2 + nantheta omega + nanomega^2

--- Chunk 2499 (80/220) | Start: 2024-08-23 18:30:00 ---
    RMSE omega: 0.008396 | RMSE theta: 0.046716 | Loss: -284886.2812 | Epoch: 850
    Eq theta: 1.00000omega
    Eq omega: 0.032921 + -0.73394theta + -0.00827omega + -0.01034theta^2 + -0.01802theta omega + 0.12869omega^2

--- Chunk 2500 (81/220) | Start: 2024-08-23 18:35:00 ---
    RMSE omega: 0.005005 | RMSE theta: 0.097647 | Loss: 0.1041 | Epoch: 1786
    Eq theta: 1.00000omega
    Eq omega: -0.004881 + -0.00018theta + 0.00094omega + -0.00037theta^2 + 0.00031theta omega + -0.00149omega^2

--- Chunk 2501 (82/220) | Start: 2024-08-23 18:40:00 ---
    RMSE omega: 0.010325 | RMSE theta: 0.198930 | Loss: -49.3584 | Epoch: 2777
    Eq theta: 1.00000omega
    Eq omega: -0.000871 + 0.00071theta + 0.00311omega + 0.00001theta^2 + -0.00003theta omega + 0.00179omega^2

--- Chunk 2502 (83/220) | Start: 2024-08-23 18:45:00 ---
    RMSE omega: 0.005394 | RMSE theta: 0.151372 | Loss: -2.8421 | Epoch: 1184
    Eq theta: 1.00000omega
    Eq omega: -0.007051 + -0.82191theta + -0.00948omega + 0.00391theta^2 + 0.00531theta omega + -0.04898omega^2

--- Chunk 2503 (84/220) | Start: 2024-08-23 18:50:00 ---
    RMSE omega: 0.005843 | RMSE theta: 0.239245 | Loss: -0.2529 | Epoch: 2158
    Eq theta: 1.00000omega
    Eq omega: 0.001201 + -0.00013theta + -0.00203omega + 0.00035theta^2 + 0.00038theta omega + -0.00464omega^2

--- Chunk 2504 (85/220) | Start: 2024-08-23 18:55:00 ---
    RMSE omega: 0.273340 | RMSE theta: 11.464411 | Loss: -98603666243584.0000 | Epoch: 1500
    Eq theta: 1.00000omega
    Eq omega: -0.000251 + -0.49889theta + -0.01167omega + -0.00027theta^2 + 0.04871theta omega + 0.00469omega^2

--- Chunk 2505 (86/220) | Start: 2024-08-23 19:00:00 ---
    RMSE omega: 0.036280 | RMSE theta: 0.628604 | Loss: 114.6239 | Epoch: 64
    Eq theta: 1.00000omega
    Eq omega: -0.000981 + -0.00251theta + 0.00680omega + -0.00137theta^2 + -0.00049theta omega + -0.00358omega^2

--- Chunk 2506 (87/220) | Start: 2024-08-23 19:05:00 ---
    RMSE omega: nan | RMSE theta: nan | Loss: 37.2303 | Epoch: 50
    Eq theta: 1.00000omega
    Eq omega: nan1 + nantheta + nanomega + nantheta^2 + nantheta omega + nanomega^2

--- Chunk 2507 (88/220) | Start: 2024-08-23 19:10:00 ---
    RMSE omega: 0.006235 | RMSE theta: 0.193389 | Loss: 1.9811 | Epoch: 2502
    Eq theta: 1.00000omega
    Eq omega: -0.003431 + -0.00029theta + 0.00303omega + 0.00018theta^2 + -0.00004theta omega + -0.00182omega^2

--- Chunk 2508 (89/220) | Start: 2024-08-23 19:15:00 ---
    RMSE omega: 0.015853 | RMSE theta: 0.780190 | Loss: -3442283.2500 | Epoch: 1139
    Eq theta: 1.00000omega
    Eq omega: 0.002881 + -0.00031theta + 0.00067omega + 0.00031theta^2 + -0.00012theta omega + 0.00068omega^2

--- Chunk 2509 (90/220) | Start: 2024-08-23 19:20:00 ---
    RMSE omega: 0.004386 | RMSE theta: 0.090845 | Loss: 0.1326 | Epoch: 2358
    Eq theta: 1.00000omega
    Eq omega: -0.002081 + -0.00032theta + 0.00016omega + -0.00009theta^2 + -0.00020theta omega + -0.00182omega^2

--- Chunk 2510 (91/220) | Start: 2024-08-23 19:25:00 ---
    RMSE omega: nan | RMSE theta: nan | Loss: -2737384031537420601208116084736.0000 | Epoch: 1799
    Eq theta: 1.00000omega
    Eq omega: nan1 + nantheta + nanomega + nantheta^2 + nantheta omega + nanomega^2

--- Chunk 2511 (92/220) | Start: 2024-08-23 19:30:00 ---
    RMSE omega: 0.005049 | RMSE theta: 0.074304 | Loss: 2.5006 | Epoch: 1934
    Eq theta: 1.00000omega
    Eq omega: 0.003331 + -0.00085theta + -0.00005omega + -0.00028theta^2 + 0.00049theta omega + -0.00027omega^2

--- Chunk 2512 (93/220) | Start: 2024-08-23 19:35:00 ---
    RMSE omega: 0.116586 | RMSE theta: 2.155138 | Loss: -8037039865856.0000 | Epoch: 1195
    Eq theta: 1.00000omega
    Eq omega: 0.052491 + -0.85649theta + 0.02679omega + 0.01259theta^2 + 0.00558theta omega + 0.00347omega^2

--- Chunk 2513 (94/220) | Start: 2024-08-23 19:40:00 ---
    RMSE omega: nan | RMSE theta: nan | Loss: 369.2963 | Epoch: 22
    Eq theta: 1.00000omega
    Eq omega: nan1 + nantheta + nanomega + nantheta^2 + nantheta omega + nanomega^2

--- Chunk 2514 (95/220) | Start: 2024-08-23 19:45:00 ---
    RMSE omega: 0.005031 | RMSE theta: 0.095067 | Loss: 7.0013 | Epoch: 2747
    Eq theta: 1.00000omega
    Eq omega: 0.005261 + 0.00049theta + 0.00474omega + 0.00011theta^2 + 0.00016theta omega + -0.00107omega^2

--- Chunk 2515 (96/220) | Start: 2024-08-23 19:50:00 ---
    RMSE omega: nan | RMSE theta: nan | Loss: 47.8292 | Epoch: 45
    Eq theta: 1.00000omega
    Eq omega: nan1 + nantheta + nanomega + nantheta^2 + nantheta omega + nanomega^2

--- Chunk 2516 (97/220) | Start: 2024-08-23 19:55:00 ---
    RMSE omega: 0.009408 | RMSE theta: 0.655172 | Loss: -13861663744.0000 | Epoch: 2543
    Eq theta: 1.00000omega
    Eq omega: -0.004401 + 0.00004theta + 0.00066omega + 0.00003theta^2 + 0.00003theta omega + 0.00000omega^2

--- Chunk 2517 (98/220) | Start: 2024-08-23 20:00:00 ---
    RMSE omega: 0.007039 | RMSE theta: 0.093000 | Loss: -1.0405 | Epoch: 1346
    Eq theta: 1.00000omega
    Eq omega: -0.000291 + -0.00103theta + 0.00127omega + 0.00075theta^2 + -0.00150theta omega + -0.00225omega^2

--- Chunk 2518 (99/220) | Start: 2024-08-23 20:05:00 ---
    RMSE omega: 0.005780 | RMSE theta: 0.026991 | Loss: 4.2415 | Epoch: 2957
    Eq theta: 1.00000omega
    Eq omega: -0.000661 + -0.00017theta + 0.00108omega + -0.00009theta^2 + 0.00014theta omega + -0.00020omega^2

--- Chunk 2519 (100/220) | Start: 2024-08-23 20:10:00 ---
    RMSE omega: 0.005925 | RMSE theta: 0.110989 | Loss: -0.5328 | Epoch: 1043
    Eq theta: 1.00000omega
    Eq omega: -0.004161 + -0.19261theta + -0.00434omega + 0.00022theta^2 + 0.00266theta omega + -0.00139omega^2

  [Progress 100/220] Mean RMSE omega: 0.014972 | Mean loss: -28598984913779592196253548544.0000 | Valid: 80/100 | Elapsed: 47.6min | ETA: 57.1min

--- Chunk 2520 (101/220) | Start: 2024-08-23 20:15:00 ---
    RMSE omega: 0.016492 | RMSE theta: 1.055640 | Loss: -3025625344.0000 | Epoch: 3266
    Eq theta: 1.00000omega
    Eq omega: 0.002871 + -0.06498theta + -0.00001omega + -0.00001theta^2 + 0.00020theta omega + -0.00052omega^2

--- Chunk 2521 (102/220) | Start: 2024-08-23 20:20:00 ---
    RMSE omega: 0.023623 | RMSE theta: 0.156453 | Loss: -18758.6348 | Epoch: 1053
    Eq theta: 1.00000omega
    Eq omega: 0.002541 + 0.00325theta + 0.00195omega + -0.00002theta^2 + -0.00003theta omega + 0.00101omega^2

--- Chunk 2522 (103/220) | Start: 2024-08-23 20:25:00 ---
    RMSE omega: 0.005235 | RMSE theta: 0.054024 | Loss: -772619.7500 | Epoch: 2148
    Eq theta: 1.00000omega
    Eq omega: -0.003431 + 0.00039theta + -0.00259omega + 0.00003theta^2 + -0.00012theta omega + 0.00036omega^2

--- Chunk 2523 (104/220) | Start: 2024-08-23 20:30:00 ---
    RMSE omega: 0.036392 | RMSE theta: 0.622409 | Loss: 205.6570 | Epoch: 73
    Eq theta: 1.00000omega
    Eq omega: -0.000031 + -0.00016theta + 0.00017omega + 0.00020theta^2 + -0.00041theta omega + -0.00027omega^2

--- Chunk 2524 (105/220) | Start: 2024-08-23 20:35:00 ---
    RMSE omega: 0.006021 | RMSE theta: 0.129726 | Loss: -1.1400 | Epoch: 2583
    Eq theta: 1.00000omega
    Eq omega: -0.000391 + 0.00211theta + 0.00051omega + -0.00024theta^2 + -0.00027theta omega + 0.00089omega^2

--- Chunk 2525 (106/220) | Start: 2024-08-23 20:40:00 ---
    RMSE omega: 0.005199 | RMSE theta: 0.069064 | Loss: -1.6161 | Epoch: 1379
    Eq theta: 1.00000omega
    Eq omega: -0.001001 + 0.00049theta + 0.00169omega + -0.00187theta^2 + 0.00173theta omega + 0.01534omega^2

--- Chunk 2526 (107/220) | Start: 2024-08-23 20:45:00 ---
    RMSE omega: 0.030302 | RMSE theta: 0.370740 | Loss: -10674.7559 | Epoch: 538
    Eq theta: 1.00000omega
    Eq omega: 0.003061 + -0.00044theta + -0.00966omega + 0.00004theta^2 + -0.00047theta omega + 0.00477omega^2

--- Chunk 2527 (108/220) | Start: 2024-08-23 20:50:00 ---
    RMSE omega: nan | RMSE theta: nan | Loss: 1713.7960 | Epoch: 38
    Eq theta: 1.00000omega
    Eq omega: nan1 + nantheta + nanomega + nantheta^2 + nantheta omega + nanomega^2

--- Chunk 2528 (109/220) | Start: 2024-08-23 20:55:00 ---
    RMSE omega: 0.036413 | RMSE theta: 1.494618 | Loss: 332.9696 | Epoch: 53
    Eq theta: 1.00000omega
    Eq omega: -0.003621 + -0.00001theta + 0.00455omega + -0.00026theta^2 + 0.00006theta omega + -0.00008omega^2

--- Chunk 2529 (110/220) | Start: 2024-08-23 21:00:00 ---
    RMSE omega: nan | RMSE theta: nan | Loss: 57.6672 | Epoch: 43
    Eq theta: 1.00000omega
    Eq omega: nan1 + nantheta + nanomega + nantheta^2 + nantheta omega + nanomega^2

--- Chunk 2530 (111/220) | Start: 2024-08-23 21:05:00 ---
    RMSE omega: 0.018055 | RMSE theta: 0.134661 | Loss: 30.9466 | Epoch: 85
    Eq theta: 1.00000omega
    Eq omega: -0.014021 + -0.03548theta + 0.00418omega + 0.01244theta^2 + 0.00495theta omega + 0.00029omega^2

--- Chunk 2531 (112/220) | Start: 2024-08-23 21:10:00 ---
    RMSE omega: 0.005578 | RMSE theta: 0.107006 | Loss: -1.9043 | Epoch: 1815
    Eq theta: 1.00000omega
    Eq omega: -0.004601 + -0.02110theta + 0.00083omega + -0.00086theta^2 + 0.00271theta omega + -0.00674omega^2

--- Chunk 2532 (113/220) | Start: 2024-08-23 21:15:00 ---
    RMSE omega: 0.044176 | RMSE theta: 0.509785 | Loss: -8129.3818 | Epoch: 598
    Eq theta: 1.00000omega
    Eq omega: 0.014271 + -0.12421theta + 0.06293omega + -0.01043theta^2 + -0.00088theta omega + -0.00181omega^2

--- Chunk 2533 (114/220) | Start: 2024-08-23 21:20:00 ---
    RMSE omega: 0.006562 | RMSE theta: 0.093617 | Loss: -0.0618 | Epoch: 2162
    Eq theta: 1.00000omega
    Eq omega: 0.003541 + 0.00592theta + 0.00294omega + 0.00030theta^2 + -0.00285theta omega + 0.00977omega^2

--- Chunk 2534 (115/220) | Start: 2024-08-23 21:25:00 ---
    RMSE omega: 0.005488 | RMSE theta: 0.040331 | Loss: 0.2004 | Epoch: 1382
    Eq theta: 1.00000omega
    Eq omega: 0.002481 + -0.00173theta + 0.00041omega + -0.00032theta^2 + -0.00024theta omega + 0.00220omega^2

--- Chunk 2535 (116/220) | Start: 2024-08-23 21:30:00 ---
    RMSE omega: 0.005729 | RMSE theta: 0.050320 | Loss: -2.3037 | Epoch: 1301
    Eq theta: 1.00000omega
    Eq omega: -0.350891 + -1.58581theta + -0.00025omega + 0.87654theta^2 + -0.06445theta omega + -0.00612omega^2

--- Chunk 2536 (117/220) | Start: 2024-08-23 21:35:00 ---
    RMSE omega: 0.107199 | RMSE theta: 2.489730 | Loss: -397572096.0000 | Epoch: 1518
    Eq theta: 1.00000omega
    Eq omega: 0.006091 + -0.03562theta + 0.00397omega + 0.00933theta^2 + 0.00059theta omega + -0.00008omega^2

--- Chunk 2537 (118/220) | Start: 2024-08-23 21:40:00 ---
    RMSE omega: 0.005453 | RMSE theta: 0.130059 | Loss: -0.0715 | Epoch: 1836
    Eq theta: 1.00000omega
    Eq omega: 0.000661 + -0.00453theta + -0.00749omega + 0.00189theta^2 + 0.00007theta omega + 0.00257omega^2

--- Chunk 2538 (119/220) | Start: 2024-08-23 21:45:00 ---
    RMSE omega: 0.005400 | RMSE theta: 0.130272 | Loss: -2.3833 | Epoch: 2118
    Eq theta: 1.00000omega
    Eq omega: 0.003301 + -0.00326theta + 0.00925omega + 0.00013theta^2 + 0.00042theta omega + 0.00309omega^2

--- Chunk 2539 (120/220) | Start: 2024-08-23 21:50:00 ---
    RMSE omega: 0.028645 | RMSE theta: 0.127240 | Loss: 24.4466 | Epoch: 700
    Eq theta: 1.00000omega
    Eq omega: 0.009211 + -0.12408theta + -0.01457omega + 0.09172theta^2 + -0.00322theta omega + -0.00804omega^2

--- Chunk 2540 (121/220) | Start: 2024-08-23 21:55:00 ---
    RMSE omega: 0.028748 | RMSE theta: 0.202447 | Loss: 52.0851 | Epoch: 98
    Eq theta: 1.00000omega
    Eq omega: -0.121641 + -0.02921theta + -0.00193omega + -0.00023theta^2 + 0.00335theta omega + -0.00257omega^2

--- Chunk 2541 (122/220) | Start: 2024-08-23 22:00:00 ---
    RMSE omega: 0.004749 | RMSE theta: 0.070452 | Loss: -2.6536 | Epoch: 1032
    Eq theta: 1.00000omega
    Eq omega: -0.000471 + -0.18638theta + 0.34987omega + 0.00850theta^2 + -0.01240theta omega + -0.26394omega^2

--- Chunk 2542 (123/220) | Start: 2024-08-23 22:05:00 ---
    RMSE omega: nan | RMSE theta: nan | Loss: 5024.9648 | Epoch: 47
    Eq theta: 1.00000omega
    Eq omega: nan1 + nantheta + nanomega + nantheta^2 + nantheta omega + nanomega^2

--- Chunk 2543 (124/220) | Start: 2024-08-23 22:10:00 ---
    RMSE omega: 0.031204 | RMSE theta: 0.847567 | Loss: -7.3307 | Epoch: 360
    Eq theta: 1.00000omega
    Eq omega: 0.004361 + -0.05731theta + 0.00071omega + -0.00008theta^2 + 0.00417theta omega + -0.00093omega^2

--- Chunk 2544 (125/220) | Start: 2024-08-23 22:15:00 ---
    RMSE omega: 0.007722 | RMSE theta: 0.207280 | Loss: 32.3765 | Epoch: 3866
    Eq theta: 1.00000omega
    Eq omega: -0.001141 + 0.00028theta + 0.00063omega + 0.00000theta^2 + 0.00000theta omega + -0.00042omega^2

--- Chunk 2545 (126/220) | Start: 2024-08-23 22:20:00 ---
    RMSE omega: 0.007377 | RMSE theta: 0.377492 | Loss: -88.6588 | Epoch: 1864
    Eq theta: 1.00000omega
    Eq omega: -0.001961 + -0.00097theta + -0.00233omega + 0.00003theta^2 + -0.00146theta omega + 0.00279omega^2

--- Chunk 2546 (127/220) | Start: 2024-08-23 22:25:00 ---
    RMSE omega: 0.006813 | RMSE theta: 0.032221 | Loss: -1.7575 | Epoch: 1283
    Eq theta: 1.00000omega
    Eq omega: 0.016021 + -0.59401theta + -0.00611omega + -0.00306theta^2 + 0.00160theta omega + 0.04934omega^2

--- Chunk 2547 (128/220) | Start: 2024-08-23 22:30:00 ---
    RMSE omega: 0.006778 | RMSE theta: 0.072511 | Loss: -7324.0659 | Epoch: 2601
    Eq theta: 1.00000omega
    Eq omega: 0.002891 + -0.00050theta + -0.00009omega + 0.00034theta^2 + 0.00036theta omega + -0.00163omega^2

--- Chunk 2548 (129/220) | Start: 2024-08-23 22:35:00 ---
    RMSE omega: 0.006603 | RMSE theta: 0.318839 | Loss: -632670.3750 | Epoch: 1851
    Eq theta: 1.00000omega
    Eq omega: -0.004471 + 0.00025theta + -0.00223omega + -0.00018theta^2 + -0.00003theta omega + 0.00013omega^2

--- Chunk 2549 (130/220) | Start: 2024-08-23 22:40:00 ---
    RMSE omega: nan | RMSE theta: nan | Loss: 45328.1016 | Epoch: 19
    Eq theta: 1.00000omega
    Eq omega: nan1 + nantheta + nanomega + nantheta^2 + nantheta omega + nanomega^2

--- Chunk 2550 (131/220) | Start: 2024-08-23 22:45:00 ---
    RMSE omega: nan | RMSE theta: nan | Loss: 339.7360 | Epoch: 21
    Eq theta: 1.00000omega
    Eq omega: nan1 + nantheta + nanomega + nantheta^2 + nantheta omega + nanomega^2

--- Chunk 2551 (132/220) | Start: 2024-08-23 22:50:00 ---
    RMSE omega: nan | RMSE theta: nan | Loss: 160.1407 | Epoch: 103
    Eq theta: 1.00000omega
    Eq omega: nan1 + nantheta + nanomega + nantheta^2 + nantheta omega + nanomega^2

--- Chunk 2552 (133/220) | Start: 2024-08-23 22:55:00 ---
    RMSE omega: 0.007511 | RMSE theta: 0.218097 | Loss: 0.7791 | Epoch: 2211
    Eq theta: 1.00000omega
    Eq omega: -0.001431 + -0.17029theta + -0.00575omega + 0.00057theta^2 + -0.00243theta omega + 0.00201omega^2

--- Chunk 2553 (134/220) | Start: 2024-08-23 23:00:00 ---
    RMSE omega: 0.006116 | RMSE theta: 0.319028 | Loss: 2.2304 | Epoch: 1515
    Eq theta: 1.00000omega
    Eq omega: -0.004871 + 0.00005theta + 0.00188omega + 0.00003theta^2 + -0.00049theta omega + 0.00128omega^2

--- Chunk 2554 (135/220) | Start: 2024-08-23 23:05:00 ---
    RMSE omega: 0.006639 | RMSE theta: 0.040704 | Loss: -211659571200.0000 | Epoch: 1065
    Eq theta: 1.00000omega
    Eq omega: -0.006761 + 0.00245theta + 0.01679omega + -0.00019theta^2 + -0.00031theta omega + -0.00052omega^2

--- Chunk 2555 (136/220) | Start: 2024-08-23 23:10:00 ---
    RMSE omega: 0.024530 | RMSE theta: 0.824673 | Loss: -4923.6665 | Epoch: 1103
    Eq theta: 1.00000omega
    Eq omega: -0.002291 + -0.00358theta + -0.00229omega + 0.00185theta^2 + 0.00003theta omega + -0.00030omega^2

--- Chunk 2556 (137/220) | Start: 2024-08-23 23:15:00 ---
    RMSE omega: 0.011249 | RMSE theta: 0.394048 | Loss: -1.7401 | Epoch: 1746
    Eq theta: 1.00000omega
    Eq omega: -0.000201 + -0.00179theta + 0.00008omega + 0.00180theta^2 + -0.00083theta omega + -0.01764omega^2

--- Chunk 2557 (138/220) | Start: 2024-08-23 23:20:00 ---
    RMSE omega: nan | RMSE theta: nan | Loss: 8281.5518 | Epoch: 16
    Eq theta: 1.00000omega
    Eq omega: nan1 + nantheta + nanomega + nantheta^2 + nantheta omega + nanomega^2

--- Chunk 2558 (139/220) | Start: 2024-08-23 23:25:00 ---
    RMSE omega: 0.006028 | RMSE theta: 0.194310 | Loss: -87947280384.0000 | Epoch: 1763
    Eq theta: 1.00000omega
    Eq omega: 0.000391 + -0.00005theta + -0.00004omega + 0.00000theta^2 + 0.00000theta omega + 0.00000omega^2

--- Chunk 2559 (140/220) | Start: 2024-08-23 23:30:00 ---
    RMSE omega: 0.004398 | RMSE theta: 0.026040 | Loss: -0.8789 | Epoch: 676
    Eq theta: 1.00000omega
    Eq omega: -0.023091 + -0.86177theta + 0.00334omega + 0.00965theta^2 + 0.04607theta omega + -0.00101omega^2

--- Chunk 2560 (141/220) | Start: 2024-08-23 23:35:00 ---
    RMSE omega: 0.231680 | RMSE theta: 6.290737 | Loss: -92819385483264.0000 | Epoch: 1554
    Eq theta: 1.00000omega
    Eq omega: 0.038181 + -0.13431theta + -0.00818omega + 0.00491theta^2 + -0.01589theta omega + 0.00043omega^2

--- Chunk 2561 (142/220) | Start: 2024-08-23 23:40:00 ---
    RMSE omega: 0.006732 | RMSE theta: 0.253513 | Loss: -8.3615 | Epoch: 1485
    Eq theta: 1.00000omega
    Eq omega: -0.000641 + -0.47122theta + 0.00198omega + 0.00055theta^2 + 0.00575theta omega + -0.00669omega^2

--- Chunk 2562 (143/220) | Start: 2024-08-23 23:45:00 ---
    RMSE omega: 0.047925 | RMSE theta: 1.760943 | Loss: -652286886451941017124864.0000 | Epoch: 2326
    Eq theta: 1.00000omega
    Eq omega: -0.000431 + -0.00063theta + -0.00180omega + -0.00004theta^2 + -0.00088theta omega + -0.00048omega^2

--- Chunk 2563 (144/220) | Start: 2024-08-23 23:50:00 ---
    RMSE omega: nan | RMSE theta: nan | Loss: 128.0169 | Epoch: 34
    Eq theta: 1.00000omega
    Eq omega: nan1 + nantheta + nanomega + nantheta^2 + nantheta omega + nanomega^2

--- Chunk 2564 (145/220) | Start: 2024-08-23 23:55:00 ---
    RMSE omega: 0.007120 | RMSE theta: 0.036532 | Loss: 0.9312 | Epoch: 1479
    Eq theta: 1.00000omega
    Eq omega: 0.002211 + -0.00373theta + -0.00538omega + 0.00051theta^2 + 0.00103theta omega + 0.00029omega^2

--- Chunk 2565 (146/220) | Start: 2024-08-24 00:00:00 ---
    RMSE omega: 0.005743 | RMSE theta: 0.120246 | Loss: -2.6480 | Epoch: 1212
    Eq theta: 1.00000omega
    Eq omega: 0.000651 + -0.00026theta + -0.00324omega + -0.00000theta^2 + -0.00053theta omega + -0.00094omega^2

--- Chunk 2566 (147/220) | Start: 2024-08-24 00:05:00 ---
    RMSE omega: 0.004474 | RMSE theta: 0.038609 | Loss: -1.8511 | Epoch: 1875
    Eq theta: 1.00000omega
    Eq omega: 0.001781 + -0.00137theta + 0.00042omega + -0.00095theta^2 + 0.00051theta omega + 0.00109omega^2

--- Chunk 2567 (148/220) | Start: 2024-08-24 00:10:00 ---
    RMSE omega: nan | RMSE theta: nan | Loss: 2213.9067 | Epoch: 26
    Eq theta: 1.00000omega
    Eq omega: nan1 + nantheta + nanomega + nantheta^2 + nantheta omega + nanomega^2

--- Chunk 2568 (149/220) | Start: 2024-08-24 00:15:00 ---
    RMSE omega: 0.027940 | RMSE theta: 0.692200 | Loss: -6875.7393 | Epoch: 434
    Eq theta: 1.00000omega
    Eq omega: -0.000431 + -0.00250theta + 0.00092omega + -0.00077theta^2 + 0.00104theta omega + -0.01222omega^2

--- Chunk 2569 (150/220) | Start: 2024-08-24 00:20:00 ---
    RMSE omega: 0.005616 | RMSE theta: 0.064420 | Loss: -948.6899 | Epoch: 1718
    Eq theta: 1.00000omega
    Eq omega: -0.007391 + -0.32587theta + 0.00061omega + -0.00176theta^2 + 0.00231theta omega + 0.00119omega^2

  [Progress 150/220] Mean RMSE omega: 0.017301 | Mean loss: -19065994291098969941643100160.0000 | Valid: 121/150 | Elapsed: 69.7min | ETA: 32.5min

--- Chunk 2570 (151/220) | Start: 2024-08-24 00:25:00 ---
    RMSE omega: 0.004442 | RMSE theta: 0.046649 | Loss: -1.6524 | Epoch: 1526
    Eq theta: 1.00000omega
    Eq omega: 0.007971 + -0.01130theta + 0.00099omega + 0.00108theta^2 + -0.00085theta omega + -0.00667omega^2

--- Chunk 2571 (152/220) | Start: 2024-08-24 00:30:00 ---
    RMSE omega: 0.005633 | RMSE theta: 0.087130 | Loss: 0.8365 | Epoch: 1962
    Eq theta: 1.00000omega
    Eq omega: -0.002901 + 0.00058theta + -0.00018omega + -0.00001theta^2 + 0.00045theta omega + 0.00130omega^2

--- Chunk 2572 (153/220) | Start: 2024-08-24 00:35:00 ---
    RMSE omega: 0.004870 | RMSE theta: 0.068897 | Loss: -1.3917 | Epoch: 875
    Eq theta: 1.00000omega
    Eq omega: 0.221791 + -2.27137theta + -0.08906omega + -0.01748theta^2 + 0.06179theta omega + -0.48973omega^2

--- Chunk 2573 (154/220) | Start: 2024-08-24 00:40:00 ---
    RMSE omega: 0.005173 | RMSE theta: 0.127314 | Loss: -1.7322 | Epoch: 1045
    Eq theta: 1.00000omega
    Eq omega: -0.001691 + -0.00018theta + -0.00001omega + 0.00332theta^2 + -0.00035theta omega + 0.01386omega^2

--- Chunk 2574 (155/220) | Start: 2024-08-24 00:45:00 ---
    RMSE omega: 0.005104 | RMSE theta: 0.075911 | Loss: -1.0086 | Epoch: 940
    Eq theta: 1.00000omega
    Eq omega: 0.006491 + -0.00032theta + -0.00194omega + -0.00004theta^2 + -0.00201theta omega + -0.00054omega^2

--- Chunk 2575 (156/220) | Start: 2024-08-24 00:50:00 ---
    RMSE omega: 0.008905 | RMSE theta: 0.541822 | Loss: -85.8180 | Epoch: 1734
    Eq theta: 1.00000omega
    Eq omega: -0.000611 + 0.00018theta + 0.00087omega + 0.00018theta^2 + -0.00014theta omega + -0.00005omega^2

--- Chunk 2576 (157/220) | Start: 2024-08-24 00:55:00 ---
    RMSE omega: nan | RMSE theta: nan | Loss: 31.9520 | Epoch: 61
    Eq theta: 1.00000omega
    Eq omega: nan1 + nantheta + nanomega + nantheta^2 + nantheta omega + nanomega^2

--- Chunk 2577 (158/220) | Start: 2024-08-24 01:00:00 ---
    RMSE omega: 0.007937 | RMSE theta: 0.419858 | Loss: -9123794206501882434682880.0000 | Epoch: 2621
    Eq theta: 1.00000omega
    Eq omega: -0.001011 + -0.00015theta + -0.00017omega + -0.00010theta^2 + 0.00017theta omega + 0.00073omega^2

--- Chunk 2578 (159/220) | Start: 2024-08-24 01:05:00 ---
    RMSE omega: 0.019330 | RMSE theta: 0.524372 | Loss: -1207549.6250 | Epoch: 1641
    Eq theta: 1.00000omega
    Eq omega: -0.000721 + -0.00061theta + 0.00085omega + -0.00006theta^2 + 0.00004theta omega + 0.00013omega^2

--- Chunk 2579 (160/220) | Start: 2024-08-24 01:10:00 ---
    RMSE omega: nan | RMSE theta: nan | Loss: 67.2527 | Epoch: 36
    Eq theta: 1.00000omega
    Eq omega: nan1 + nantheta + nanomega + nantheta^2 + nantheta omega + nanomega^2

--- Chunk 2580 (161/220) | Start: 2024-08-24 01:15:00 ---
    RMSE omega: 0.012758 | RMSE theta: 0.705114 | Loss: -811.4423 | Epoch: 1160
    Eq theta: 1.00000omega
    Eq omega: 0.011511 + -0.00184theta + -0.00231omega + -0.00575theta^2 + -0.00572theta omega + 0.00256omega^2

--- Chunk 2581 (162/220) | Start: 2024-08-24 01:20:00 ---
    RMSE omega: 0.005529 | RMSE theta: 0.175984 | Loss: 0.2405 | Epoch: 1581
    Eq theta: 1.00000omega
    Eq omega: 0.000271 + 0.00040theta + 0.00159omega + 0.00025theta^2 + 0.00101theta omega + -0.00106omega^2

--- Chunk 2582 (163/220) | Start: 2024-08-24 01:25:00 ---
    RMSE omega: nan | RMSE theta: nan | Loss: 66.3860 | Epoch: 38
    Eq theta: 1.00000omega
    Eq omega: nan1 + nantheta + nanomega + nantheta^2 + nantheta omega + nanomega^2

--- Chunk 2583 (164/220) | Start: 2024-08-24 01:30:00 ---
    RMSE omega: 0.005290 | RMSE theta: 0.143871 | Loss: 6.2082 | Epoch: 3895
    Eq theta: 1.00000omega
    Eq omega: -0.000151 + -0.00032theta + -0.00403omega + 0.00007theta^2 + 0.00015theta omega + -0.00060omega^2

--- Chunk 2584 (165/220) | Start: 2024-08-24 01:35:00 ---
    RMSE omega: 0.005108 | RMSE theta: 0.059576 | Loss: 0.3415 | Epoch: 1496
    Eq theta: 1.00000omega
    Eq omega: 0.006621 + 0.00029theta + -0.00207omega + 0.00012theta^2 + -0.00013theta omega + -0.00012omega^2

--- Chunk 2585 (166/220) | Start: 2024-08-24 01:40:00 ---
    RMSE omega: 0.036941 | RMSE theta: 1.502211 | Loss: 787.2011 | Epoch: 34
    Eq theta: 1.00000omega
    Eq omega: -0.000221 + -0.00019theta + 0.00022omega + -0.00001theta^2 + 0.00001theta omega + -0.00024omega^2

--- Chunk 2586 (167/220) | Start: 2024-08-24 01:45:00 ---
    RMSE omega: 0.004931 | RMSE theta: 0.074348 | Loss: -1.0722 | Epoch: 1432
    Eq theta: 1.00000omega
    Eq omega: 0.018091 + -0.56187theta + -0.00617omega + 0.10334theta^2 + -0.00914theta omega + -0.01197omega^2

--- Chunk 2587 (168/220) | Start: 2024-08-24 01:50:00 ---
    RMSE omega: 0.007217 | RMSE theta: 0.260231 | Loss: -84.4525 | Epoch: 1232
    Eq theta: 1.00000omega
    Eq omega: 0.032651 + -4.74547theta + 0.00127omega + 0.05659theta^2 + -0.76308theta omega + -0.43773omega^2

--- Chunk 2588 (169/220) | Start: 2024-08-24 01:55:00 ---
    RMSE omega: 0.013758 | RMSE theta: 0.057910 | Loss: -298.0249 | Epoch: 784
    Eq theta: 1.00000omega
    Eq omega: -0.000661 + -0.00488theta + -0.00232omega + -0.00051theta^2 + -0.02103theta omega + -0.00095omega^2

--- Chunk 2589 (170/220) | Start: 2024-08-24 02:00:00 ---
    RMSE omega: nan | RMSE theta: nan | Loss: 186.8353 | Epoch: 25
    Eq theta: 1.00000omega
    Eq omega: nan1 + nantheta + nanomega + nantheta^2 + nantheta omega + nanomega^2

--- Chunk 2590 (171/220) | Start: 2024-08-24 02:05:00 ---
    RMSE omega: 0.039104 | RMSE theta: 0.327954 | Loss: -25169.1582 | Epoch: 844
    Eq theta: 1.00000omega
    Eq omega: 0.000081 + 0.00027theta + 0.00354omega + -0.00006theta^2 + -0.00043theta omega + -0.00022omega^2

--- Chunk 2591 (172/220) | Start: 2024-08-24 02:10:00 ---
    RMSE omega: 0.004426 | RMSE theta: 0.078140 | Loss: -0.3802 | Epoch: 1603
    Eq theta: 1.00000omega
    Eq omega: 0.001911 + -0.00099theta + 0.00025omega + -0.00017theta^2 + 0.00021theta omega + -0.00049omega^2

--- Chunk 2592 (173/220) | Start: 2024-08-24 02:15:00 ---
    RMSE omega: 0.004404 | RMSE theta: 0.127436 | Loss: 0.9086 | Epoch: 2192
    Eq theta: 1.00000omega
    Eq omega: 0.002351 + -0.00023theta + 0.00040omega + 0.00003theta^2 + 0.00040theta omega + 0.00030omega^2

--- Chunk 2593 (174/220) | Start: 2024-08-24 02:20:00 ---
    RMSE omega: 0.004083 | RMSE theta: 0.070650 | Loss: -1.5321 | Epoch: 1651
    Eq theta: 1.00000omega
    Eq omega: -0.002401 + 0.00038theta + -0.00394omega + 0.00037theta^2 + 0.00137theta omega + 0.00120omega^2

--- Chunk 2594 (175/220) | Start: 2024-08-24 02:25:00 ---
    RMSE omega: 0.011785 | RMSE theta: 0.096566 | Loss: -872.1407 | Epoch: 2876
    Eq theta: 1.00000omega
    Eq omega: 0.000641 + -0.00016theta + 0.00044omega + -0.00001theta^2 + -0.00002theta omega + 0.00031omega^2

--- Chunk 2595 (176/220) | Start: 2024-08-24 02:30:00 ---
    RMSE omega: 0.052717 | RMSE theta: 2.280460 | Loss: 3200.0081 | Epoch: 33
    Eq theta: 1.00000omega
    Eq omega: -0.003651 + -0.00238theta + 0.00163omega + 0.00000theta^2 + -0.00083theta omega + -0.00053omega^2

--- Chunk 2596 (177/220) | Start: 2024-08-24 02:35:00 ---
    RMSE omega: nan | RMSE theta: nan | Loss: 804.4476 | Epoch: 46
    Eq theta: 1.00000omega
    Eq omega: nan1 + nantheta + nanomega + nantheta^2 + nantheta omega + nanomega^2

--- Chunk 2597 (178/220) | Start: 2024-08-24 02:40:00 ---
    RMSE omega: nan | RMSE theta: nan | Loss: 55.7431 | Epoch: 38
    Eq theta: 1.00000omega
    Eq omega: nan1 + nantheta + nanomega + nantheta^2 + nantheta omega + nanomega^2

--- Chunk 2598 (179/220) | Start: 2024-08-24 02:45:00 ---
    RMSE omega: 0.009852 | RMSE theta: 0.374808 | Loss: 5.1028 | Epoch: 1597
    Eq theta: 1.00000omega
    Eq omega: 0.014081 + -0.03020theta + 0.00054omega + -0.00012theta^2 + -0.00117theta omega + 0.00151omega^2

--- Chunk 2599 (180/220) | Start: 2024-08-24 02:50:00 ---
    RMSE omega: 0.004836 | RMSE theta: 0.016154 | Loss: -1.4923 | Epoch: 2717
    Eq theta: 1.00000omega
    Eq omega: -0.109621 + -1.24678theta + 0.01444omega + -0.13941theta^2 + -0.01189theta omega + 0.00511omega^2

--- Chunk 2600 (181/220) | Start: 2024-08-24 02:55:00 ---
    RMSE omega: 0.004825 | RMSE theta: 0.090002 | Loss: -1.5821 | Epoch: 1138
    Eq theta: 1.00000omega
    Eq omega: 0.001141 + 0.00270theta + 0.00078omega + -0.00026theta^2 + -0.00055theta omega + 0.00089omega^2

--- Chunk 2601 (182/220) | Start: 2024-08-24 03:00:00 ---
    RMSE omega: 0.004710 | RMSE theta: 0.188852 | Loss: 3.3396 | Epoch: 2605
    Eq theta: 1.00000omega
    Eq omega: -0.001091 + 0.00048theta + 0.00862omega + -0.00012theta^2 + 0.00005theta omega + -0.00083omega^2

--- Chunk 2602 (183/220) | Start: 2024-08-24 03:05:00 ---
    RMSE omega: nan | RMSE theta: nan | Loss: -1999495421624405403814068224.0000 | Epoch: 3290
    Eq theta: 1.00000omega
    Eq omega: nan1 + nantheta + nanomega + nantheta^2 + nantheta omega + nanomega^2

--- Chunk 2603 (184/220) | Start: 2024-08-24 03:10:00 ---
    RMSE omega: 0.046816 | RMSE theta: 0.516426 | Loss: -56060.0234 | Epoch: 374
    Eq theta: 1.00000omega
    Eq omega: -0.000741 + -0.03820theta + -0.00308omega + -0.00238theta^2 + 0.00034theta omega + 0.00200omega^2

--- Chunk 2604 (185/220) | Start: 2024-08-24 03:15:00 ---
    RMSE omega: 0.018890 | RMSE theta: 0.199527 | Loss: -123661.4375 | Epoch: 1263
    Eq theta: 1.00000omega
    Eq omega: 0.005401 + -0.17457theta + -0.01130omega + 0.00680theta^2 + 0.00536theta omega + 0.00350omega^2

--- Chunk 2605 (186/220) | Start: 2024-08-24 03:20:00 ---
    RMSE omega: nan | RMSE theta: nan | Loss: 429.3455 | Epoch: 25
    Eq theta: 1.00000omega
    Eq omega: nan1 + nantheta + nanomega + nantheta^2 + nantheta omega + nanomega^2

--- Chunk 2606 (187/220) | Start: 2024-08-24 03:25:00 ---
    RMSE omega: 0.004709 | RMSE theta: 0.064918 | Loss: -1.3644 | Epoch: 839
    Eq theta: 1.00000omega
    Eq omega: -0.000971 + 0.00079theta + 0.01002omega + -0.00258theta^2 + -0.00018theta omega + -0.00027omega^2

--- Chunk 2607 (188/220) | Start: 2024-08-24 03:30:00 ---
    RMSE omega: 0.004012 | RMSE theta: 0.097401 | Loss: -1.5317 | Epoch: 1793
    Eq theta: 1.00000omega
    Eq omega: -0.002601 + 0.00277theta + -0.00046omega + -0.00021theta^2 + 0.00389theta omega + -0.00034omega^2

--- Chunk 2608 (189/220) | Start: 2024-08-24 03:35:00 ---
    RMSE omega: 0.004564 | RMSE theta: 0.066155 | Loss: -1.1515 | Epoch: 786
    Eq theta: 1.00000omega
    Eq omega: 0.005521 + -0.10744theta + -0.00233omega + 0.02496theta^2 + -0.00302theta omega + -0.00199omega^2

--- Chunk 2609 (190/220) | Start: 2024-08-24 03:40:00 ---
    RMSE omega: 0.004423 | RMSE theta: 0.035096 | Loss: 0.5945 | Epoch: 1443
    Eq theta: 1.00000omega
    Eq omega: 0.007761 + 0.00005theta + -0.00211omega + 0.00254theta^2 + 0.00061theta omega + -0.00175omega^2

--- Chunk 2610 (191/220) | Start: 2024-08-24 03:45:00 ---
    RMSE omega: 0.004073 | RMSE theta: 0.079433 | Loss: -0.2644 | Epoch: 1492
    Eq theta: 1.00000omega
    Eq omega: 0.006701 + -0.51602theta + -0.05803omega + 0.00137theta^2 + 0.00282theta omega + 0.06357omega^2

--- Chunk 2611 (192/220) | Start: 2024-08-24 03:50:00 ---
    RMSE omega: 0.005783 | RMSE theta: 0.072591 | Loss: -2.6002 | Epoch: 1624
    Eq theta: 1.00000omega
    Eq omega: 0.005111 + -0.32600theta + -0.01316omega + -0.26715theta^2 + 0.01764theta omega + 0.01207omega^2

--- Chunk 2612 (193/220) | Start: 2024-08-24 03:55:00 ---
    RMSE omega: 0.030563 | RMSE theta: 0.996095 | Loss: -9491.0703 | Epoch: 661
    Eq theta: 1.00000omega
    Eq omega: -0.001531 + 0.00014theta + 0.00102omega + -0.00002theta^2 + -0.00022theta omega + 0.00016omega^2

--- Chunk 2613 (194/220) | Start: 2024-08-24 04:00:00 ---
    RMSE omega: 0.031545 | RMSE theta: 0.394796 | Loss: 103.0557 | Epoch: 28
    Eq theta: 1.00000omega
    Eq omega: 0.011041 + -0.03212theta + -0.00028omega + 0.00883theta^2 + -0.00358theta omega + 0.00165omega^2

--- Chunk 2614 (195/220) | Start: 2024-08-24 04:05:00 ---
    RMSE omega: nan | RMSE theta: nan | Loss: 320.2138 | Epoch: 48
    Eq theta: 1.00000omega
    Eq omega: nan1 + nantheta + nanomega + nantheta^2 + nantheta omega + nanomega^2

--- Chunk 2615 (196/220) | Start: 2024-08-24 04:10:00 ---
    RMSE omega: 0.270708 | RMSE theta: 9.741282 | Loss: -396733382656.0000 | Epoch: 1987
    Eq theta: 1.00000omega
    Eq omega: 0.000551 + -0.00016theta + -0.00014omega + 0.00011theta^2 + 0.00045theta omega + 0.00003omega^2

--- Chunk 2616 (197/220) | Start: 2024-08-24 04:15:00 ---
    RMSE omega: 0.022724 | RMSE theta: 0.595610 | Loss: -6653.0146 | Epoch: 1339
    Eq theta: 1.00000omega
    Eq omega: 0.000761 + 0.00048theta + 0.00295omega + 0.00068theta^2 + -0.00265theta omega + 0.00185omega^2

--- Chunk 2617 (198/220) | Start: 2024-08-24 04:20:00 ---
    RMSE omega: 3.118101 | RMSE theta: 54.000362 | Loss: -54742927305342976.0000 | Epoch: 1120
    Eq theta: 1.00000omega
    Eq omega: 0.014471 + -0.00000theta + 0.00005omega + 0.00000theta^2 + -0.00000theta omega + -0.00000omega^2

--- Chunk 2618 (199/220) | Start: 2024-08-24 04:25:00 ---
    RMSE omega: 0.006347 | RMSE theta: 0.188048 | Loss: -2.3204 | Epoch: 1553
    Eq theta: 1.00000omega
    Eq omega: 0.002251 + -0.00226theta + -0.00338omega + 0.00008theta^2 + -0.00016theta omega + -0.00379omega^2

--- Chunk 2619 (200/220) | Start: 2024-08-24 04:30:00 ---
    RMSE omega: 0.031880 | RMSE theta: 0.729183 | Loss: 50.8873 | Epoch: 766
    Eq theta: 1.00000omega
    Eq omega: 0.000071 + -0.00293theta + -0.00023omega + 0.00004theta^2 + 0.00034theta omega + -0.00639omega^2

  [Progress 200/220] Mean RMSE omega: 0.036989 | Mean loss: -14309538814403655749068652544.0000 | Valid: 162/200 | Elapsed: 91.2min | ETA: 9.1min

--- Chunk 2620 (201/220) | Start: 2024-08-24 04:35:00 ---
    RMSE omega: 0.015147 | RMSE theta: 0.234350 | Loss: -548327.3125 | Epoch: 657
    Eq theta: 1.00000omega
    Eq omega: -0.012061 + -0.11309theta + 0.01117omega + -0.00712theta^2 + -0.00452theta omega + -0.02414omega^2

--- Chunk 2621 (202/220) | Start: 2024-08-24 04:40:00 ---
    RMSE omega: 0.004797 | RMSE theta: 0.066434 | Loss: -1.3139 | Epoch: 1834
    Eq theta: 1.00000omega
    Eq omega: -0.001191 + -0.05894theta + -0.00114omega + -0.00024theta^2 + -0.01096theta omega + 0.00244omega^2

--- Chunk 2622 (203/220) | Start: 2024-08-24 04:45:00 ---
    RMSE omega: 0.085231 | RMSE theta: 3.183393 | Loss: -422267520.0000 | Epoch: 1259
    Eq theta: 1.00000omega
    Eq omega: -0.010171 + -0.00933theta + 0.00029omega + -0.00578theta^2 + 0.00221theta omega + -0.00138omega^2

--- Chunk 2623 (204/220) | Start: 2024-08-24 04:50:00 ---
    RMSE omega: 0.004657 | RMSE theta: 0.089165 | Loss: -1.7059 | Epoch: 1767
    Eq theta: 1.00000omega
    Eq omega: 0.012191 + -0.19191theta + 0.00826omega + 0.08456theta^2 + 0.00014theta omega + -0.59873omega^2

--- Chunk 2624 (205/220) | Start: 2024-08-24 04:55:00 ---
    RMSE omega: 0.004614 | RMSE theta: 0.106710 | Loss: -2.5832 | Epoch: 1617
    Eq theta: 1.00000omega
    Eq omega: -0.005271 + -0.15991theta + 0.01350omega + 0.07226theta^2 + -0.00632theta omega + -0.01698omega^2

--- Chunk 2625 (206/220) | Start: 2024-08-24 05:00:00 ---
    RMSE omega: 0.005460 | RMSE theta: 0.161398 | Loss: -1.1997 | Epoch: 1328
    Eq theta: 1.00000omega
    Eq omega: 0.005221 + -0.05084theta + 0.00055omega + 0.00045theta^2 + 0.00176theta omega + -0.00155omega^2

--- Chunk 2626 (207/220) | Start: 2024-08-24 05:05:00 ---
    RMSE omega: 0.004936 | RMSE theta: 0.092731 | Loss: 0.2542 | Epoch: 1105
    Eq theta: 1.00000omega
    Eq omega: -0.000631 + -0.00044theta + -0.00055omega + -0.00019theta^2 + 0.00002theta omega + -0.00159omega^2

--- Chunk 2627 (208/220) | Start: 2024-08-24 05:10:00 ---
    RMSE omega: 0.029392 | RMSE theta: 0.219172 | Loss: 102.0263 | Epoch: 31
    Eq theta: 1.00000omega
    Eq omega: -0.002521 + -0.00653theta + 0.00726omega + 0.00240theta^2 + -0.00136theta omega + 0.00356omega^2

--- Chunk 2628 (209/220) | Start: 2024-08-24 05:15:00 ---
    RMSE omega: 0.013482 | RMSE theta: 0.110949 | Loss: 19.0233 | Epoch: 64
    Eq theta: 1.00000omega
    Eq omega: -0.002211 + -0.01015theta + -0.00035omega + 0.00483theta^2 + 0.00390theta omega + -0.00100omega^2

--- Chunk 2629 (210/220) | Start: 2024-08-24 05:20:00 ---
    RMSE omega: 0.004434 | RMSE theta: 0.055819 | Loss: -0.6953 | Epoch: 1132
    Eq theta: 1.00000omega
    Eq omega: 0.002161 + -0.00297theta + 0.00077omega + 0.00452theta^2 + 0.00409theta omega + 0.00621omega^2

--- Chunk 2630 (211/220) | Start: 2024-08-24 05:25:00 ---
    RMSE omega: 0.004939 | RMSE theta: 0.124979 | Loss: 0.1853 | Epoch: 1958
    Eq theta: 1.00000omega
    Eq omega: 0.001111 + 0.00077theta + -0.00107omega + -0.00030theta^2 + 0.00065theta omega + 0.00008omega^2

--- Chunk 2631 (212/220) | Start: 2024-08-24 05:30:00 ---
    RMSE omega: 0.004351 | RMSE theta: 0.059221 | Loss: -1.6397 | Epoch: 1219
    Eq theta: 1.00000omega
    Eq omega: 0.002481 + -0.00044theta + -0.00228omega + -0.00157theta^2 + 0.00102theta omega + -0.00254omega^2

--- Chunk 2632 (213/220) | Start: 2024-08-24 05:35:00 ---
    RMSE omega: nan | RMSE theta: nan | Loss: 68.8791 | Epoch: 39
    Eq theta: 1.00000omega
    Eq omega: nan1 + nantheta + nanomega + nantheta^2 + nantheta omega + nanomega^2

--- Chunk 2633 (214/220) | Start: 2024-08-24 05:40:00 ---
    RMSE omega: 0.012029 | RMSE theta: 0.439970 | Loss: -40.8647 | Epoch: 1820
    Eq theta: 1.00000omega
    Eq omega: 0.000501 + -0.00115theta + 0.00176omega + -0.00118theta^2 + 0.00616theta omega + 0.00098omega^2

--- Chunk 2634 (215/220) | Start: 2024-08-24 05:45:00 ---
    RMSE omega: 0.004286 | RMSE theta: 0.021940 | Loss: -1.0272 | Epoch: 1365
    Eq theta: 1.00000omega
    Eq omega: 0.000731 + -0.00526theta + -0.00118omega + 0.00010theta^2 + 0.00514theta omega + 0.00211omega^2

--- Chunk 2635 (216/220) | Start: 2024-08-24 05:50:00 ---
    RMSE omega: 0.003632 | RMSE theta: 0.044707 | Loss: -1.4975 | Epoch: 1591
    Eq theta: 1.00000omega
    Eq omega: 0.176221 + -1.37795theta + 0.02752omega + 0.05948theta^2 + 0.11139theta omega + 0.01147omega^2

--- Chunk 2636 (217/220) | Start: 2024-08-24 05:55:00 ---
    RMSE omega: 0.005993 | RMSE theta: 0.130009 | Loss: -3.4604 | Epoch: 1104
    Eq theta: 1.00000omega
    Eq omega: -0.004341 + -0.00059theta + -0.00255omega + -0.00050theta^2 + -0.00062theta omega + 0.00137omega^2

--- Chunk 2637 (218/220) | Start: 2024-08-24 06:00:00 ---
    RMSE omega: 0.004636 | RMSE theta: 0.046377 | Loss: -1.0721 | Epoch: 964
    Eq theta: 1.00000omega
    Eq omega: 0.005021 + -0.01137theta + 0.00263omega + -0.00486theta^2 + 0.00249theta omega + 0.00154omega^2

--- Chunk 2638 (219/220) | Start: 2024-08-24 06:05:00 ---
    RMSE omega: 0.007534 | RMSE theta: 0.150684 | Loss: -17.6582 | Epoch: 859
    Eq theta: 1.00000omega
    Eq omega: -0.000781 + -2.49918theta + 0.40326omega + -0.04296theta^2 + -0.38397theta omega + -0.02391omega^2

--- Chunk 2639 (220/220) | Start: 2024-08-24 06:10:00 ---
    RMSE omega: 0.099187 | RMSE theta: 2.574564 | Loss: 1245.6006 | Epoch: 20
    Eq theta: 1.00000omega
    Eq omega: -0.004001 + -0.00076theta + 0.00131omega + -0.00002theta^2 + 0.00023theta omega + -0.00072omega^2

  [Progress 220/220] Mean RMSE omega: 0.034867 | Mean loss: -13008671649457867863233658880.0000 | Valid: 181/220 | Elapsed: 98.7min | ETA: 0.0min

============================================================
EVALUATION COMPLETE — Chunks [2420, 2639]
============================================================
Chunks processed: 220
Chunks succeeded: 181 (82.3%)
Mean RMSE omega:  0.034867 ± 0.232576
Mean RMSE theta:  0.771608 ± 4.164521
Mean RMSE total:  0.546318
Mean Loss:        -13008671649457867863233658880.0000 ± 184280609998020279650119319552.0000
Elapsed time:     98.7 minutes

Per-chunk CSV: /pfs/data6/home/ka/ka_iai/ka_bj2362/dsr/svise/results_5min_all_chunks/run_SLURM_3708675/chunks_02420_to_02639_20260320_043047.csv
Summary JSON:  /pfs/data6/home/ka/ka_iai/ka_bj2362/dsr/svise/results_5min_all_chunks/run_SLURM_3708675/summary_02420_to_02639_20260320_043047.json
============================================================

============================= JOB FEEDBACK =============================

NodeName=uc3n040
Job ID: 3708995
Array Job ID: 3708675_11
Cluster: uc3
User/Group: ka_bj2362/ka_iai
State: COMPLETED (exit code 0)
Nodes: 1
Cores per node: 4
CPU Utilized: 01:37:39
CPU Efficiency: 24.60% of 06:36:56 core-walltime
Job Wall-clock time: 01:39:14
Memory Utilized: 1.48 GB
Memory Efficiency: 12.37% of 12.00 GB (12.00 GB/node)
