Array task 330: processing chunks 72600 to 72819
Loading data from /pfs/data6/home/ka/ka_iai/ka_bj2362/dsr/svise/../dataset/South_Korea_2024-08-15_2025-08-31_1s.parquet...
Finding all valid 5-minute chunks in the dataset...
Found 107059 valid 5-minute chunks in total.

============================================================
SVISE FINAL EVALUATION — ALL CHUNKS
============================================================
Hyperparameters: {
  "model": "integrator",
  "sigma": 0,
  "degree": 2,
  "tau": 1e-05,
  "lr": 0.1,
  "n_tau": 100,
  "measurement_noise": 0.001,
  "n_reparam_samples": 15
}
Total valid chunks in dataset: 107059
Processing chunk range: [72600, 72819] (220 chunks)
Early stopping: patience=300, max_epochs=10000
============================================================


--- Chunk 72600 (1/220) | Start: 2025-05-04 02:40:00 ---
/pfs/data6/home/ka/ka_iai/ka_bj2362/dsr/svise/svise/sde_learning/_marginal_sde.py:284: UserWarning: torch.triangular_solve is deprecated in favor of torch.linalg.solve_triangularand will be removed in a future PyTorch release.
torch.linalg.solve_triangular has its arguments reversed and does not return a copy of one of the inputs.
X = torch.triangular_solve(B, A).solution
should be replaced with
X = torch.linalg.solve_triangular(A, B). (Triggered internally at ../aten/src/ATen/native/BatchLinearAlgebra.cpp:2192.)
  return torch.triangular_solve(self.raw_w, self.C.t()).solution
/pfs/data6/home/ka/ka_iai/ka_bj2362/dsr/svise/svise/quadrature/_unbiased_quadrature.py:196: UserWarning: Interp is nan, reducing interp degree.
  warnings.warn("Interp is nan, reducing interp degree.")
    RMSE omega: 0.010264 | RMSE theta: 0.096837 | Loss: -153.1212 | Epoch: 865
    Eq theta: 1.00000omega
    Eq omega: -0.032921 + -0.86015theta + 0.01107omega + 0.08177theta^2 + -0.01358theta omega + -0.01289omega^2

--- Chunk 72601 (2/220) | Start: 2025-05-04 02:45:00 ---
    RMSE omega: 0.007550 | RMSE theta: 0.054420 | Loss: -0.4254 | Epoch: 1123
    Eq theta: 1.00000omega
    Eq omega: -0.027991 + -1.65220theta + -0.22335omega + -0.06650theta^2 + 0.24930theta omega + -0.31978omega^2

--- Chunk 72602 (3/220) | Start: 2025-05-04 02:50:00 ---
    RMSE omega: 0.007867 | RMSE theta: 0.221954 | Loss: -3.8759 | Epoch: 1802
    Eq theta: 1.00000omega
    Eq omega: -0.009991 + -1.05878theta + -0.47757omega + 0.01195theta^2 + -0.01595theta omega + -0.01158omega^2

--- Chunk 72603 (4/220) | Start: 2025-05-04 02:55:00 ---
    RMSE omega: 0.041515 | RMSE theta: 0.882851 | Loss: 32.7504 | Epoch: 487
    Eq theta: 1.00000omega
    Eq omega: 0.001731 + -0.00048theta + 0.00008omega + -0.00008theta^2 + -0.00024theta omega + -0.00207omega^2

--- Chunk 72604 (5/220) | Start: 2025-05-04 03:00:00 ---
/pfs/data6/home/ka/ka_iai/ka_bj2362/dsr/svise/svise/quadrature/_unbiased_quadrature.py:174: UserWarning: NaN detected in fxq (quadrature node evaluations). Clamping to 0.
  warnings.warn("NaN detected in fxq (quadrature node evaluations). Clamping to 0.")
/pfs/data6/home/ka/ka_iai/ka_bj2362/dsr/svise/svise/quadrature/_unbiased_quadrature.py:177: UserWarning: NaN detected in fmc (Monte-Carlo node evaluations). Clamping to 0.
  warnings.warn("NaN detected in fmc (Monte-Carlo node evaluations). Clamping to 0.")
    RMSE omega: nan | RMSE theta: nan | Loss: 134.2047 | Epoch: 25
    Eq theta: 1.00000omega
    Eq omega: nan1 + nantheta + nanomega + nantheta^2 + nantheta omega + nanomega^2

--- Chunk 72605 (6/220) | Start: 2025-05-04 03:05:00 ---
    RMSE omega: 0.008493 | RMSE theta: 0.617382 | Loss: 3.0644 | Epoch: 3031
    Eq theta: 1.00000omega
    Eq omega: 0.001211 + 0.00024theta + 0.00065omega + -0.00000theta^2 + -0.00029theta omega + -0.00044omega^2

--- Chunk 72606 (7/220) | Start: 2025-05-04 03:10:00 ---
    RMSE omega: 0.008631 | RMSE theta: 0.116592 | Loss: -1.1424 | Epoch: 3162
    Eq theta: 1.00000omega
    Eq omega: -0.000441 + 0.00037theta + 0.00155omega + -0.00000theta^2 + -0.00044theta omega + -0.00025omega^2

--- Chunk 72607 (8/220) | Start: 2025-05-04 03:15:00 ---
    RMSE omega: 0.010846 | RMSE theta: 0.040127 | Loss: -1.3608 | Epoch: 1684
    Eq theta: 1.00000omega
    Eq omega: -0.001081 + -0.00109theta + -0.00027omega + -0.00038theta^2 + -0.00757theta omega + -0.00492omega^2

--- Chunk 72608 (9/220) | Start: 2025-05-04 03:20:00 ---
    RMSE omega: 0.007860 | RMSE theta: 0.097307 | Loss: -2.0435 | Epoch: 1217
    Eq theta: 1.00000omega
    Eq omega: -0.031781 + -0.75325theta + 0.20508omega + -0.00667theta^2 + 0.00408theta omega + 0.10316omega^2

--- Chunk 72609 (10/220) | Start: 2025-05-04 03:25:00 ---
    RMSE omega: 0.010213 | RMSE theta: 0.305719 | Loss: -1.9011 | Epoch: 1760
    Eq theta: 1.00000omega
    Eq omega: 0.000951 + 0.00121theta + -0.00053omega + 0.00041theta^2 + -0.00002theta omega + 0.00074omega^2

--- Chunk 72610 (11/220) | Start: 2025-05-04 03:30:00 ---
    RMSE omega: nan | RMSE theta: nan | Loss: 33.8247 | Epoch: 39
    Eq theta: 1.00000omega
    Eq omega: nan1 + nantheta + nanomega + nantheta^2 + nantheta omega + nanomega^2

--- Chunk 72611 (12/220) | Start: 2025-05-04 03:35:00 ---
    RMSE omega: 0.046218 | RMSE theta: 0.793573 | Loss: -4791237.0000 | Epoch: 680
    Eq theta: 1.00000omega
    Eq omega: 0.000961 + -0.15452theta + -0.00691omega + 0.06270theta^2 + 0.00108theta omega + 0.00152omega^2

--- Chunk 72612 (13/220) | Start: 2025-05-04 03:40:00 ---
    RMSE omega: 0.007418 | RMSE theta: 0.133710 | Loss: 0.8558 | Epoch: 1140
    Eq theta: 1.00000omega
    Eq omega: 0.002421 + -0.00171theta + -0.00720omega + -0.00030theta^2 + 0.00059theta omega + 0.00070omega^2

--- Chunk 72613 (14/220) | Start: 2025-05-04 03:45:00 ---
    RMSE omega: 0.009511 | RMSE theta: 0.231873 | Loss: -0.2915 | Epoch: 1945
    Eq theta: 1.00000omega
    Eq omega: -0.000131 + 0.00104theta + -0.00097omega + 0.00009theta^2 + -0.00136theta omega + 0.01211omega^2

--- Chunk 72614 (15/220) | Start: 2025-05-04 03:50:00 ---
    RMSE omega: nan | RMSE theta: nan | Loss: -22838893602319416759339859312640.0000 | Epoch: 1703
    Eq theta: 1.00000omega
    Eq omega: nan1 + nantheta + nanomega + nantheta^2 + nantheta omega + nanomega^2

--- Chunk 72615 (16/220) | Start: 2025-05-04 03:55:00 ---
    RMSE omega: 0.008297 | RMSE theta: 0.391465 | Loss: -18.4784 | Epoch: 1018
    Eq theta: 1.00000omega
    Eq omega: -0.005451 + -0.46384theta + 0.00181omega + -0.00558theta^2 + -0.03069theta omega + 0.00582omega^2

--- Chunk 72616 (17/220) | Start: 2025-05-04 04:00:00 ---
    RMSE omega: 0.008503 | RMSE theta: 0.184487 | Loss: -0.5299 | Epoch: 2420
    Eq theta: 1.00000omega
    Eq omega: 0.004381 + -0.08379theta + 0.00234omega + 0.00049theta^2 + -0.00075theta omega + 0.00481omega^2

--- Chunk 72617 (18/220) | Start: 2025-05-04 04:05:00 ---
    RMSE omega: 0.042634 | RMSE theta: 1.575310 | Loss: -29592.1953 | Epoch: 1201
    Eq theta: 1.00000omega
    Eq omega: -0.009461 + -1.18310theta + -0.47674omega + 0.01967theta^2 + 0.04124theta omega + -0.02590omega^2

--- Chunk 72618 (19/220) | Start: 2025-05-04 04:10:00 ---
    RMSE omega: 0.009198 | RMSE theta: 0.412846 | Loss: -211.6580 | Epoch: 2619
    Eq theta: 1.00000omega
    Eq omega: 0.002121 + -0.00012theta + -0.00083omega + -0.00028theta^2 + -0.00017theta omega + 0.00042omega^2

--- Chunk 72619 (20/220) | Start: 2025-05-04 04:15:00 ---
    RMSE omega: 0.041643 | RMSE theta: 0.460074 | Loss: -366691.3438 | Epoch: 910
    Eq theta: 1.00000omega
    Eq omega: -0.003691 + -0.00589theta + -0.00403omega + -0.00169theta^2 + 0.00043theta omega + 0.00021omega^2

--- Chunk 72620 (21/220) | Start: 2025-05-04 04:20:00 ---
    RMSE omega: 0.009040 | RMSE theta: 0.140248 | Loss: -2.1258 | Epoch: 1421
    Eq theta: 1.00000omega
    Eq omega: 0.003311 + 0.00029theta + -0.00104omega + 0.00007theta^2 + 0.00294theta omega + -0.01548omega^2

--- Chunk 72621 (22/220) | Start: 2025-05-04 04:25:00 ---
    RMSE omega: 0.012480 | RMSE theta: 0.865029 | Loss: -364919852037646057472.0000 | Epoch: 2342
    Eq theta: 1.00000omega
    Eq omega: -0.001581 + -0.00344theta + -0.00209omega + 0.00028theta^2 + -0.00048theta omega + 0.00008omega^2

--- Chunk 72622 (23/220) | Start: 2025-05-04 04:30:00 ---
    RMSE omega: 0.030148 | RMSE theta: 0.259642 | Loss: 22.4387 | Epoch: 126
    Eq theta: 1.00000omega
    Eq omega: -0.000011 + -0.00047theta + 0.00176omega + 0.00017theta^2 + 0.00039theta omega + -0.00769omega^2

--- Chunk 72623 (24/220) | Start: 2025-05-04 04:35:00 ---
    RMSE omega: 0.028830 | RMSE theta: 0.336281 | Loss: 30.8001 | Epoch: 216
    Eq theta: 1.00000omega
    Eq omega: 0.000311 + -0.00114theta + -0.00464omega + -0.00083theta^2 + -0.00028theta omega + 0.00138omega^2

--- Chunk 72624 (25/220) | Start: 2025-05-04 04:40:00 ---
    RMSE omega: 0.006959 | RMSE theta: 0.132250 | Loss: -1.5841 | Epoch: 1978
    Eq theta: 1.00000omega
    Eq omega: 0.006171 + 0.00403theta + -0.00821omega + 0.00029theta^2 + -0.00151theta omega + 0.00736omega^2

--- Chunk 72625 (26/220) | Start: 2025-05-04 04:45:00 ---
    RMSE omega: 0.014676 | RMSE theta: 0.866687 | Loss: -248369415625387206328188928.0000 | Epoch: 2582
    Eq theta: 1.00000omega
    Eq omega: 0.000231 + -0.01226theta + -0.00342omega + -0.00020theta^2 + -0.00751theta omega + 0.00473omega^2

--- Chunk 72626 (27/220) | Start: 2025-05-04 04:50:00 ---
    RMSE omega: 0.007025 | RMSE theta: 0.053101 | Loss: -61.4837 | Epoch: 1896
    Eq theta: 1.00000omega
    Eq omega: 0.005981 + -0.00083theta + -0.00491omega + 0.00025theta^2 + 0.00022theta omega + -0.00048omega^2

--- Chunk 72627 (28/220) | Start: 2025-05-04 04:55:00 ---
    RMSE omega: 0.022156 | RMSE theta: 0.166505 | Loss: 13.7896 | Epoch: 115
    Eq theta: 1.00000omega
    Eq omega: 0.004361 + -0.00065theta + 0.00113omega + 0.00036theta^2 + 0.00557theta omega + 0.00198omega^2

--- Chunk 72628 (29/220) | Start: 2025-05-04 05:00:00 ---
    RMSE omega: 0.029585 | RMSE theta: 1.205955 | Loss: 9.8190 | Epoch: 825
    Eq theta: 1.00000omega
    Eq omega: 0.002501 + -0.03538theta + 0.00207omega + 0.00002theta^2 + 0.00124theta omega + 0.00011omega^2

--- Chunk 72629 (30/220) | Start: 2025-05-04 05:05:00 ---
    RMSE omega: 0.015541 | RMSE theta: 0.188849 | Loss: -6.4503 | Epoch: 1225
    Eq theta: 1.00000omega
    Eq omega: 0.000231 + -0.06177theta + 0.00351omega + -0.01160theta^2 + -0.00608theta omega + -0.01922omega^2

--- Chunk 72630 (31/220) | Start: 2025-05-04 05:10:00 ---
    RMSE omega: 0.047386 | RMSE theta: 0.901643 | Loss: -10337.3770 | Epoch: 638
    Eq theta: 1.00000omega
    Eq omega: 0.000711 + -0.00390theta + 0.00142omega + -0.00000theta^2 + 0.00010theta omega + -0.00240omega^2

--- Chunk 72631 (32/220) | Start: 2025-05-04 05:15:00 ---
    RMSE omega: 0.006976 | RMSE theta: 0.080805 | Loss: -2.4728 | Epoch: 1914
    Eq theta: 1.00000omega
    Eq omega: -0.022921 + 0.00074theta + 0.00649omega + 0.00257theta^2 + -0.00378theta omega + -0.00097omega^2

--- Chunk 72632 (33/220) | Start: 2025-05-04 05:20:00 ---
    RMSE omega: 0.062615 | RMSE theta: 1.964545 | Loss: -395295.4375 | Epoch: 1176
    Eq theta: 1.00000omega
    Eq omega: -0.001381 + 0.00182theta + -0.00191omega + 0.00141theta^2 + 0.00152theta omega + -0.00160omega^2

--- Chunk 72633 (34/220) | Start: 2025-05-04 05:25:00 ---
    RMSE omega: 0.008431 | RMSE theta: 0.092261 | Loss: -190.0832 | Epoch: 1850
    Eq theta: 1.00000omega
    Eq omega: 0.002631 + 0.01278theta + -0.00029omega + 0.00144theta^2 + -0.00017theta omega + 0.00101omega^2

--- Chunk 72634 (35/220) | Start: 2025-05-04 05:30:00 ---
    RMSE omega: 0.039356 | RMSE theta: 0.487728 | Loss: -20762.2637 | Epoch: 664
    Eq theta: 1.00000omega
    Eq omega: -0.010851 + -0.02583theta + -0.00477omega + -0.00502theta^2 + -0.00012theta omega + -0.00118omega^2

--- Chunk 72635 (36/220) | Start: 2025-05-04 05:35:00 ---
    RMSE omega: nan | RMSE theta: nan | Loss: 553.5439 | Epoch: 20
    Eq theta: 1.00000omega
    Eq omega: nan1 + nantheta + nanomega + nantheta^2 + nantheta omega + nanomega^2

--- Chunk 72636 (37/220) | Start: 2025-05-04 05:40:00 ---
    RMSE omega: 0.007426 | RMSE theta: 0.320936 | Loss: -26.3668 | Epoch: 3119
    Eq theta: 1.00000omega
    Eq omega: 0.001231 + 0.00063theta + -0.00250omega + -0.00071theta^2 + -0.00051theta omega + -0.00004omega^2

--- Chunk 72637 (38/220) | Start: 2025-05-04 05:45:00 ---
    RMSE omega: 0.019398 | RMSE theta: 0.765199 | Loss: -22613.1035 | Epoch: 1663
    Eq theta: 1.00000omega
    Eq omega: -0.002081 + 0.00006theta + 0.00293omega + 0.00063theta^2 + 0.00023theta omega + 0.00038omega^2

--- Chunk 72638 (39/220) | Start: 2025-05-04 05:50:00 ---
    RMSE omega: 0.028085 | RMSE theta: 0.144746 | Loss: 14.6843 | Epoch: 966
    Eq theta: 1.00000omega
    Eq omega: 0.007291 + -0.27432theta + 0.00670omega + -0.00176theta^2 + 0.00656theta omega + 0.00194omega^2

--- Chunk 72639 (40/220) | Start: 2025-05-04 05:55:00 ---
    RMSE omega: 0.008560 | RMSE theta: 0.268734 | Loss: -5.9811 | Epoch: 1154
    Eq theta: 1.00000omega
    Eq omega: -0.018481 + -1.04644theta + -0.01684omega + -0.39906theta^2 + -0.01270theta omega + 0.00051omega^2

--- Chunk 72640 (41/220) | Start: 2025-05-04 06:00:00 ---
    RMSE omega: 0.028248 | RMSE theta: 0.387130 | Loss: 18.1015 | Epoch: 111
    Eq theta: 1.00000omega
    Eq omega: -0.004961 + -0.25832theta + 0.00601omega + 0.00586theta^2 + 0.00115theta omega + -0.00115omega^2

--- Chunk 72641 (42/220) | Start: 2025-05-04 06:05:00 ---
    RMSE omega: 0.007408 | RMSE theta: 0.142271 | Loss: -2.8297 | Epoch: 1701
    Eq theta: 1.00000omega
    Eq omega: -0.022911 + -0.35561theta + -0.01601omega + 0.02920theta^2 + -0.07952theta omega + -0.03622omega^2

--- Chunk 72642 (43/220) | Start: 2025-05-04 06:10:00 ---
    RMSE omega: 0.007716 | RMSE theta: 0.134371 | Loss: -3.0903 | Epoch: 994
    Eq theta: 1.00000omega
    Eq omega: 0.001331 + -0.25882theta + -0.01946omega + 0.01296theta^2 + 0.00035theta omega + -0.00185omega^2

--- Chunk 72643 (44/220) | Start: 2025-05-04 06:15:00 ---
    RMSE omega: 0.016417 | RMSE theta: 1.384115 | Loss: -224.4053 | Epoch: 2376
    Eq theta: 1.00000omega
    Eq omega: -0.002441 + -0.00271theta + 0.00019omega + 0.00196theta^2 + -0.00084theta omega + -0.00447omega^2

--- Chunk 72644 (45/220) | Start: 2025-05-04 06:20:00 ---
    RMSE omega: 0.054091 | RMSE theta: 0.603976 | Loss: 54.4835 | Epoch: 28
    Eq theta: 1.00000omega
    Eq omega: -0.001641 + -0.18341theta + -0.00805omega + -0.00229theta^2 + 0.00059theta omega + 0.00718omega^2

--- Chunk 72645 (46/220) | Start: 2025-05-04 06:25:00 ---
    RMSE omega: nan | RMSE theta: nan | Loss: -786193222658753080244305920.0000 | Epoch: 2612
    Eq theta: 1.00000omega
    Eq omega: nan1 + nantheta + nanomega + nantheta^2 + nantheta omega + nanomega^2

--- Chunk 72646 (47/220) | Start: 2025-05-04 06:30:00 ---
    RMSE omega: nan | RMSE theta: nan | Loss: 20.5637 | Epoch: 138
    Eq theta: 1.00000omega
    Eq omega: nan1 + nantheta + nanomega + nantheta^2 + nantheta omega + nanomega^2

--- Chunk 72647 (48/220) | Start: 2025-05-04 06:35:00 ---
    RMSE omega: 0.006827 | RMSE theta: 0.114320 | Loss: -1.8842 | Epoch: 1628
    Eq theta: 1.00000omega
    Eq omega: 0.005081 + 0.00271theta + 0.00993omega + 0.00125theta^2 + 0.00505theta omega + 0.00015omega^2

--- Chunk 72648 (49/220) | Start: 2025-05-04 06:40:00 ---
    RMSE omega: 0.007081 | RMSE theta: 0.089516 | Loss: -2.7938 | Epoch: 1237
    Eq theta: 1.00000omega
    Eq omega: 0.000141 + -0.05042theta + -0.11804omega + 0.16945theta^2 + -0.02216theta omega + -0.06710omega^2

--- Chunk 72649 (50/220) | Start: 2025-05-04 06:45:00 ---
    RMSE omega: 0.063278 | RMSE theta: 0.664153 | Loss: 109.6256 | Epoch: 62
    Eq theta: 1.00000omega
    Eq omega: -0.055891 + -0.00679theta + 0.00101omega + -0.00078theta^2 + -0.00069theta omega + -0.00935omega^2

  [Progress 50/220] Mean RMSE omega: 0.020055 | Mean loss: -456798563306452393922658304000.0000 | Valid: 44/50 | Elapsed: 24.5min | ETA: 83.3min

--- Chunk 72650 (51/220) | Start: 2025-05-04 06:50:00 ---
    RMSE omega: 0.007920 | RMSE theta: 0.153395 | Loss: -3.0094 | Epoch: 1384
    Eq theta: 1.00000omega
    Eq omega: -0.000931 + -0.50873theta + 0.01677omega + 0.00168theta^2 + -0.05743theta omega + 0.08568omega^2

--- Chunk 72651 (52/220) | Start: 2025-05-04 06:55:00 ---
    RMSE omega: nan | RMSE theta: nan | Loss: 101.4648 | Epoch: 34
    Eq theta: 1.00000omega
    Eq omega: nan1 + nantheta + nanomega + nantheta^2 + nantheta omega + nanomega^2

--- Chunk 72652 (53/220) | Start: 2025-05-04 07:00:00 ---
    RMSE omega: 0.025081 | RMSE theta: 0.726677 | Loss: -1036.3097 | Epoch: 1389
    Eq theta: 1.00000omega
    Eq omega: -0.005651 + -0.15437theta + -0.01276omega + -0.00075theta^2 + -0.00003theta omega + -0.00105omega^2

--- Chunk 72653 (54/220) | Start: 2025-05-04 07:05:00 ---
    RMSE omega: 0.048748 | RMSE theta: 2.232653 | Loss: 1173.1604 | Epoch: 51
    Eq theta: 1.00000omega
    Eq omega: -0.003481 + 0.00031theta + -0.00040omega + -0.00002theta^2 + -0.00010theta omega + -0.00033omega^2

--- Chunk 72654 (55/220) | Start: 2025-05-04 07:10:00 ---
    RMSE omega: 0.009212 | RMSE theta: 0.281422 | Loss: -2.0588 | Epoch: 2430
    Eq theta: 1.00000omega
    Eq omega: -0.003691 + -0.00109theta + 0.00247omega + -0.00012theta^2 + -0.00029theta omega + 0.00043omega^2

--- Chunk 72655 (56/220) | Start: 2025-05-04 07:15:00 ---
    RMSE omega: 0.022453 | RMSE theta: 0.653060 | Loss: -85.6918 | Epoch: 1427
    Eq theta: 1.00000omega
    Eq omega: -0.000711 + -0.00291theta + 0.00011omega + 0.00002theta^2 + 0.00132theta omega + 0.00098omega^2

--- Chunk 72656 (57/220) | Start: 2025-05-04 07:20:00 ---
    RMSE omega: 0.053024 | RMSE theta: 0.874633 | Loss: 99.7355 | Epoch: 32
    Eq theta: 1.00000omega
    Eq omega: -0.006741 + -0.01093theta + 0.01557omega + -0.01106theta^2 + -0.00518theta omega + -0.01140omega^2

--- Chunk 72657 (58/220) | Start: 2025-05-04 07:25:00 ---
    RMSE omega: 0.007786 | RMSE theta: 0.283606 | Loss: 3.6714 | Epoch: 1923
    Eq theta: 1.00000omega
    Eq omega: 0.000901 + 0.00001theta + 0.00014omega + 0.00001theta^2 + 0.00001theta omega + 0.00003omega^2

--- Chunk 72658 (59/220) | Start: 2025-05-04 07:30:00 ---
    RMSE omega: 0.067784 | RMSE theta: 1.838267 | Loss: 140.2145 | Epoch: 27
    Eq theta: 1.00000omega
    Eq omega: 0.026421 + -0.01226theta + -0.00805omega + 0.00602theta^2 + -0.00095theta omega + 0.00447omega^2

--- Chunk 72659 (60/220) | Start: 2025-05-04 07:35:00 ---
    RMSE omega: 0.009259 | RMSE theta: 0.586722 | Loss: -0.1318 | Epoch: 1690
    Eq theta: 1.00000omega
    Eq omega: -0.000151 + 0.00012theta + -0.00888omega + 0.00003theta^2 + 0.00026theta omega + 0.00371omega^2

--- Chunk 72660 (61/220) | Start: 2025-05-04 07:40:00 ---
    RMSE omega: 0.008634 | RMSE theta: 0.198184 | Loss: -9.4598 | Epoch: 862
    Eq theta: 1.00000omega
    Eq omega: -0.000421 + 0.00048theta + -0.00098omega + 0.00135theta^2 + -0.00022theta omega + 0.00021omega^2

--- Chunk 72661 (62/220) | Start: 2025-05-04 07:45:00 ---
    RMSE omega: 0.008074 | RMSE theta: 0.098425 | Loss: 0.7218 | Epoch: 468
    Eq theta: 1.00000omega
    Eq omega: -0.000951 + -0.00047theta + 0.00483omega + 0.00113theta^2 + -0.00007theta omega + -0.00157omega^2

--- Chunk 72662 (63/220) | Start: 2025-05-04 07:50:00 ---
    RMSE omega: 0.006828 | RMSE theta: 0.171121 | Loss: -4.4557 | Epoch: 1764
    Eq theta: 1.00000omega
    Eq omega: -0.001161 + -0.51617theta + -0.00195omega + -0.00210theta^2 + 0.01216theta omega + 0.06059omega^2

--- Chunk 72663 (64/220) | Start: 2025-05-04 07:55:00 ---
    RMSE omega: 0.052283 | RMSE theta: 0.886407 | Loss: 87.6050 | Epoch: 39
    Eq theta: 1.00000omega
    Eq omega: -0.002421 + -0.00063theta + 0.00081omega + -0.00016theta^2 + 0.00026theta omega + 0.00084omega^2

--- Chunk 72664 (65/220) | Start: 2025-05-04 08:00:00 ---
    RMSE omega: nan | RMSE theta: nan | Loss: 287.0979 | Epoch: 20
    Eq theta: 1.00000omega
    Eq omega: nan1 + nantheta + nanomega + nantheta^2 + nantheta omega + nanomega^2

--- Chunk 72665 (66/220) | Start: 2025-05-04 08:05:00 ---
    RMSE omega: 0.008023 | RMSE theta: 0.347921 | Loss: -1.2759 | Epoch: 2208
    Eq theta: 1.00000omega
    Eq omega: -0.000541 + -0.00075theta + 0.00021omega + -0.00028theta^2 + 0.00036theta omega + 0.00195omega^2

--- Chunk 72666 (67/220) | Start: 2025-05-04 08:10:00 ---
    RMSE omega: 0.805526 | RMSE theta: 16.194498 | Loss: -66427956494336.0000 | Epoch: 580
    Eq theta: 1.00000omega
    Eq omega: -0.009571 + -0.39272theta + -0.00053omega + -0.00176theta^2 + 0.00047theta omega + 0.00706omega^2

--- Chunk 72667 (68/220) | Start: 2025-05-04 08:15:00 ---
    RMSE omega: 0.006438 | RMSE theta: 0.071283 | Loss: -3.1311 | Epoch: 1233
    Eq theta: 1.00000omega
    Eq omega: -0.002741 + -0.42683theta + 0.00417omega + -0.09155theta^2 + -0.01398theta omega + 0.00632omega^2

--- Chunk 72668 (69/220) | Start: 2025-05-04 08:20:00 ---
    RMSE omega: 0.009609 | RMSE theta: 0.334721 | Loss: -1.0402 | Epoch: 1773
    Eq theta: 1.00000omega
    Eq omega: 0.000381 + 0.00046theta + 0.00482omega + 0.00005theta^2 + 0.00015theta omega + 0.00159omega^2

--- Chunk 72669 (70/220) | Start: 2025-05-04 08:25:00 ---
    RMSE omega: nan | RMSE theta: nan | Loss: 69.8929 | Epoch: 37
    Eq theta: 1.00000omega
    Eq omega: nan1 + nantheta + nanomega + nantheta^2 + nantheta omega + nanomega^2

--- Chunk 72670 (71/220) | Start: 2025-05-04 08:30:00 ---
    RMSE omega: 0.009623 | RMSE theta: 0.606971 | Loss: -14273896.0000 | Epoch: 1493
    Eq theta: 1.00000omega
    Eq omega: -0.001281 + 0.00049theta + 0.01890omega + -0.00103theta^2 + 0.00237theta omega + 0.00320omega^2

--- Chunk 72671 (72/220) | Start: 2025-05-04 08:35:00 ---
    RMSE omega: 0.006727 | RMSE theta: 0.139531 | Loss: -2.6954 | Epoch: 1584
    Eq theta: 1.00000omega
    Eq omega: 0.004671 + -0.71821theta + -0.00062omega + -0.00707theta^2 + -0.01394theta omega + 0.00428omega^2

--- Chunk 72672 (73/220) | Start: 2025-05-04 08:40:00 ---
    RMSE omega: 0.006832 | RMSE theta: 0.091670 | Loss: -1.7217 | Epoch: 1703
    Eq theta: 1.00000omega
    Eq omega: 0.015511 + -0.39809theta + 0.03965omega + 0.11899theta^2 + 0.00458theta omega + -0.16553omega^2

--- Chunk 72673 (74/220) | Start: 2025-05-04 08:45:00 ---
    RMSE omega: 0.007379 | RMSE theta: 0.102295 | Loss: -1.0621 | Epoch: 1666
    Eq theta: 1.00000omega
    Eq omega: -0.001081 + -0.00032theta + 0.00043omega + 0.00009theta^2 + -0.00140theta omega + 0.00057omega^2

--- Chunk 72674 (75/220) | Start: 2025-05-04 08:50:00 ---
    RMSE omega: 0.028828 | RMSE theta: 0.243082 | Loss: -517.7334 | Epoch: 401
    Eq theta: 1.00000omega
    Eq omega: 0.000231 + -0.00010theta + -0.00061omega + 0.00022theta^2 + -0.00150theta omega + -0.00424omega^2

--- Chunk 72675 (76/220) | Start: 2025-05-04 08:55:00 ---
    RMSE omega: 0.023552 | RMSE theta: 2.055737 | Loss: -14727574.0000 | Epoch: 2742
    Eq theta: 1.00000omega
    Eq omega: -0.005911 + -0.00071theta + 0.00440omega + 0.00019theta^2 + -0.00041theta omega + -0.00109omega^2

--- Chunk 72676 (77/220) | Start: 2025-05-04 09:00:00 ---
    RMSE omega: 0.019959 | RMSE theta: 0.341396 | Loss: -10.2503 | Epoch: 2599
    Eq theta: 1.00000omega
    Eq omega: 0.005871 + 0.00028theta + 0.00332omega + -0.00006theta^2 + -0.00018theta omega + -0.00144omega^2

--- Chunk 72677 (78/220) | Start: 2025-05-04 09:05:00 ---
    RMSE omega: 0.005444 | RMSE theta: 0.101376 | Loss: -2.5306 | Epoch: 1616
    Eq theta: 1.00000omega
    Eq omega: -0.000291 + -0.00023theta + 0.00178omega + -0.00131theta^2 + 0.00037theta omega + 0.00108omega^2

--- Chunk 72678 (79/220) | Start: 2025-05-04 09:10:00 ---
    RMSE omega: 0.009216 | RMSE theta: 0.276588 | Loss: 0.6272 | Epoch: 2082
    Eq theta: 1.00000omega
    Eq omega: -0.004241 + -0.00264theta + -0.00718omega + -0.00143theta^2 + -0.00058theta omega + 0.00307omega^2

--- Chunk 72679 (80/220) | Start: 2025-05-04 09:15:00 ---
    RMSE omega: nan | RMSE theta: nan | Loss: 1290.1350 | Epoch: 16
    Eq theta: 1.00000omega
    Eq omega: nan1 + nantheta + nanomega + nantheta^2 + nantheta omega + nanomega^2

--- Chunk 72680 (81/220) | Start: 2025-05-04 09:20:00 ---
    RMSE omega: nan | RMSE theta: nan | Loss: 603.8190 | Epoch: 35
    Eq theta: 1.00000omega
    Eq omega: nan1 + nantheta + nanomega + nantheta^2 + nantheta omega + nanomega^2

--- Chunk 72681 (82/220) | Start: 2025-05-04 09:25:00 ---
    RMSE omega: 0.007959 | RMSE theta: 0.147401 | Loss: -0.8649 | Epoch: 1241
    Eq theta: 1.00000omega
    Eq omega: 0.000731 + 0.00011theta + 0.00078omega + 0.00031theta^2 + 0.00043theta omega + 0.00069omega^2

--- Chunk 72682 (83/220) | Start: 2025-05-04 09:30:00 ---
    RMSE omega: nan | RMSE theta: nan | Loss: 434.5971 | Epoch: 21
    Eq theta: 1.00000omega
    Eq omega: nan1 + nantheta + nanomega + nantheta^2 + nantheta omega + nanomega^2

--- Chunk 72683 (84/220) | Start: 2025-05-04 09:35:00 ---
    RMSE omega: 0.015448 | RMSE theta: 0.089531 | Loss: -5.7507 | Epoch: 627
    Eq theta: 1.00000omega
    Eq omega: 0.002161 + -0.00847theta + -0.00761omega + -0.00064theta^2 + 0.00029theta omega + -0.00140omega^2

--- Chunk 72684 (85/220) | Start: 2025-05-04 09:40:00 ---
    RMSE omega: nan | RMSE theta: nan | Loss: 63.3507 | Epoch: 79
    Eq theta: 1.00000omega
    Eq omega: nan1 + nantheta + nanomega + nantheta^2 + nantheta omega + nanomega^2

--- Chunk 72685 (86/220) | Start: 2025-05-04 09:45:00 ---
    RMSE omega: 0.010934 | RMSE theta: 0.390928 | Loss: -6483.2793 | Epoch: 2246
    Eq theta: 1.00000omega
    Eq omega: -0.002871 + -0.00006theta + -0.00244omega + -0.00034theta^2 + 0.00032theta omega + -0.00030omega^2

--- Chunk 72686 (87/220) | Start: 2025-05-04 09:50:00 ---
    RMSE omega: nan | RMSE theta: nan | Loss: 1255.9600 | Epoch: 26
    Eq theta: 1.00000omega
    Eq omega: nan1 + nantheta + nanomega + nantheta^2 + nantheta omega + nanomega^2

--- Chunk 72687 (88/220) | Start: 2025-05-04 09:55:00 ---
    RMSE omega: 0.009130 | RMSE theta: 0.484610 | Loss: -110683.4766 | Epoch: 1478
    Eq theta: 1.00000omega
    Eq omega: 0.007431 + 0.00033theta + 0.00155omega + 0.00216theta^2 + -0.00050theta omega + -0.00089omega^2

--- Chunk 72688 (89/220) | Start: 2025-05-04 10:00:00 ---
    RMSE omega: 0.005635 | RMSE theta: 0.166202 | Loss: -3916198425133056.0000 | Epoch: 1545
    Eq theta: 1.00000omega
    Eq omega: -0.000131 + 0.00005theta + -0.00090omega + 0.00039theta^2 + 0.00004theta omega + 0.00010omega^2

--- Chunk 72689 (90/220) | Start: 2025-05-04 10:05:00 ---
    RMSE omega: 0.006726 | RMSE theta: 0.079862 | Loss: -1.5111 | Epoch: 1478
    Eq theta: 1.00000omega
    Eq omega: -0.003561 + -0.43512theta + 0.00384omega + 0.00292theta^2 + -0.00805theta omega + 0.00014omega^2

--- Chunk 72690 (91/220) | Start: 2025-05-04 10:10:00 ---
    RMSE omega: 0.006198 | RMSE theta: 0.042206 | Loss: -0.7535 | Epoch: 1395
    Eq theta: 1.00000omega
    Eq omega: -0.000991 + -0.00431theta + 0.00004omega + -0.00089theta^2 + -0.00442theta omega + 0.00853omega^2

--- Chunk 72691 (92/220) | Start: 2025-05-04 10:15:00 ---
    RMSE omega: nan | RMSE theta: nan | Loss: 5027.1230 | Epoch: 16
    Eq theta: 1.00000omega
    Eq omega: nan1 + nantheta + nanomega + nantheta^2 + nantheta omega + nanomega^2

--- Chunk 72692 (93/220) | Start: 2025-05-04 10:20:00 ---
    RMSE omega: nan | RMSE theta: nan | Loss: 451.8364 | Epoch: 38
    Eq theta: 1.00000omega
    Eq omega: nan1 + nantheta + nanomega + nantheta^2 + nantheta omega + nanomega^2

--- Chunk 72693 (94/220) | Start: 2025-05-04 10:25:00 ---
    RMSE omega: nan | RMSE theta: nan | Loss: 128.0219 | Epoch: 41
    Eq theta: 1.00000omega
    Eq omega: nan1 + nantheta + nanomega + nantheta^2 + nantheta omega + nanomega^2

--- Chunk 72694 (95/220) | Start: 2025-05-04 10:30:00 ---
    RMSE omega: 0.009036 | RMSE theta: 0.318537 | Loss: -61464.0859 | Epoch: 1319
    Eq theta: 1.00000omega
    Eq omega: -0.002991 + 0.00141theta + 0.00009omega + -0.01094theta^2 + -0.00164theta omega + -0.00171omega^2

--- Chunk 72695 (96/220) | Start: 2025-05-04 10:35:00 ---
    RMSE omega: 0.006404 | RMSE theta: 0.030205 | Loss: -0.3993 | Epoch: 1533
    Eq theta: 1.00000omega
    Eq omega: 0.000211 + -0.00044theta + -0.00045omega + -0.00048theta^2 + 0.00021theta omega + 0.00400omega^2

--- Chunk 72696 (97/220) | Start: 2025-05-04 10:40:00 ---
    RMSE omega: nan | RMSE theta: nan | Loss: 307.6660 | Epoch: 54
    Eq theta: 1.00000omega
    Eq omega: nan1 + nantheta + nanomega + nantheta^2 + nantheta omega + nanomega^2

--- Chunk 72697 (98/220) | Start: 2025-05-04 10:45:00 ---
    RMSE omega: 0.005721 | RMSE theta: 0.056602 | Loss: 0.0327 | Epoch: 2219
    Eq theta: 1.00000omega
    Eq omega: -0.016571 + 0.00164theta + -0.00211omega + -0.00008theta^2 + -0.00049theta omega + -0.02313omega^2

--- Chunk 72698 (99/220) | Start: 2025-05-04 10:50:00 ---
    RMSE omega: nan | RMSE theta: nan | Loss: 375.6721 | Epoch: 61
    Eq theta: 1.00000omega
    Eq omega: nan1 + nantheta + nanomega + nantheta^2 + nantheta omega + nanomega^2

--- Chunk 72699 (100/220) | Start: 2025-05-04 10:55:00 ---
    RMSE omega: 0.004840 | RMSE theta: 0.025470 | Loss: -0.7247 | Epoch: 1299
    Eq theta: 1.00000omega
    Eq omega: 0.024371 + -5.35570theta + 0.04752omega + -1.48454theta^2 + 0.01921theta omega + 0.80363omega^2

  [Progress 100/220] Mean RMSE omega: 0.027712 | Mean loss: -228399281653226232145701240832.0000 | Valid: 81/100 | Elapsed: 43.5min | ETA: 52.2min

--- Chunk 72700 (101/220) | Start: 2025-05-04 11:00:00 ---
    RMSE omega: 0.006685 | RMSE theta: 0.143363 | Loss: -2.0297 | Epoch: 815
    Eq theta: 1.00000omega
    Eq omega: -0.000701 + 0.00241theta + 0.00036omega + -0.00101theta^2 + 0.00153theta omega + -0.00032omega^2

--- Chunk 72701 (102/220) | Start: 2025-05-04 11:05:00 ---
    RMSE omega: 0.005245 | RMSE theta: 0.110117 | Loss: -2.4431 | Epoch: 1479
    Eq theta: 1.00000omega
    Eq omega: -0.011451 + -0.01154theta + 0.00222omega + 0.00071theta^2 + 0.01441theta omega + 0.00058omega^2

--- Chunk 72702 (103/220) | Start: 2025-05-04 11:10:00 ---
    RMSE omega: 0.006511 | RMSE theta: 0.031138 | Loss: -0.1253 | Epoch: 1028
    Eq theta: 1.00000omega
    Eq omega: 0.009771 + -0.00821theta + -0.00310omega + 0.00071theta^2 + -0.00012theta omega + 0.00086omega^2

--- Chunk 72703 (104/220) | Start: 2025-05-04 11:15:00 ---
    RMSE omega: nan | RMSE theta: nan | Loss: 198.0537 | Epoch: 43
    Eq theta: 1.00000omega
    Eq omega: nan1 + nantheta + nanomega + nantheta^2 + nantheta omega + nanomega^2

--- Chunk 72704 (105/220) | Start: 2025-05-04 11:20:00 ---
    RMSE omega: 0.023179 | RMSE theta: 1.651369 | Loss: -11476947435520.0000 | Epoch: 820
    Eq theta: 1.00000omega
    Eq omega: -0.002501 + 0.00011theta + -0.00459omega + -0.00056theta^2 + -0.00038theta omega + -0.00066omega^2

--- Chunk 72705 (106/220) | Start: 2025-05-04 11:25:00 ---
    RMSE omega: 0.005437 | RMSE theta: 0.034283 | Loss: -0.1091 | Epoch: 1924
    Eq theta: 1.00000omega
    Eq omega: -0.000881 + 0.00043theta + -0.00330omega + -0.00031theta^2 + -0.00004theta omega + -0.00188omega^2

--- Chunk 72706 (107/220) | Start: 2025-05-04 11:30:00 ---
    RMSE omega: 0.061175 | RMSE theta: 0.857646 | Loss: 431.3193 | Epoch: 55
    Eq theta: 1.00000omega
    Eq omega: -0.001461 + 0.00001theta + -0.00400omega + -0.00007theta^2 + -0.00016theta omega + -0.00291omega^2

--- Chunk 72707 (108/220) | Start: 2025-05-04 11:35:00 ---
    RMSE omega: 0.022107 | RMSE theta: 0.390604 | Loss: -23928.4434 | Epoch: 405
    Eq theta: 1.00000omega
    Eq omega: -0.001461 + -0.04917theta + 0.00081omega + -0.02081theta^2 + -0.00287theta omega + 0.00280omega^2

--- Chunk 72708 (109/220) | Start: 2025-05-04 11:40:00 ---
    RMSE omega: 0.056338 | RMSE theta: 1.040885 | Loss: 237.2533 | Epoch: 37
    Eq theta: 1.00000omega
    Eq omega: 0.005431 + 0.00053theta + -0.00030omega + 0.00484theta^2 + 0.00492theta omega + 0.00720omega^2

--- Chunk 72709 (110/220) | Start: 2025-05-04 11:45:00 ---
    RMSE omega: 0.006336 | RMSE theta: 0.049839 | Loss: -1.4123 | Epoch: 1076
    Eq theta: 1.00000omega
    Eq omega: 0.002881 + -0.00428theta + 0.02278omega + 0.02645theta^2 + 0.00373theta omega + -0.01306omega^2

--- Chunk 72710 (111/220) | Start: 2025-05-04 11:50:00 ---
    RMSE omega: 0.006567 | RMSE theta: 0.106878 | Loss: -0.9645 | Epoch: 1099
    Eq theta: 1.00000omega
    Eq omega: 0.001361 + -0.00112theta + -0.00232omega + 0.00041theta^2 + 0.00038theta omega + -0.00004omega^2

--- Chunk 72711 (112/220) | Start: 2025-05-04 11:55:00 ---
    RMSE omega: 0.005541 | RMSE theta: 0.130066 | Loss: -0.4144 | Epoch: 1343
    Eq theta: 1.00000omega
    Eq omega: -0.000761 + -0.00141theta + 0.00206omega + 0.00053theta^2 + -0.00049theta omega + 0.00028omega^2

--- Chunk 72712 (113/220) | Start: 2025-05-04 12:00:00 ---
    RMSE omega: 0.093900 | RMSE theta: 3.892367 | Loss: 1135.1511 | Epoch: 21
    Eq theta: 1.00000omega
    Eq omega: -0.000591 + -0.00008theta + 0.00142omega + 0.00015theta^2 + -0.00055theta omega + -0.00013omega^2

--- Chunk 72713 (114/220) | Start: 2025-05-04 12:05:00 ---
    RMSE omega: 0.007811 | RMSE theta: 1.713105 | Loss: -112586.8594 | Epoch: 3350
    Eq theta: 1.00000omega
    Eq omega: -0.002011 + -0.00031theta + 0.00428omega + -0.00005theta^2 + 0.00001theta omega + 0.00011omega^2

--- Chunk 72714 (115/220) | Start: 2025-05-04 12:10:00 ---
    RMSE omega: 0.010998 | RMSE theta: 0.413756 | Loss: -227.0379 | Epoch: 869
    Eq theta: 1.00000omega
    Eq omega: -0.002071 + 0.00164theta + 0.00119omega + 0.00174theta^2 + 0.00215theta omega + -0.00845omega^2

--- Chunk 72715 (116/220) | Start: 2025-05-04 12:15:00 ---
    RMSE omega: 0.005719 | RMSE theta: 0.136612 | Loss: -3689860.2500 | Epoch: 1968
    Eq theta: 1.00000omega
    Eq omega: 0.000401 + -0.00005theta + 0.00152omega + -0.00015theta^2 + 0.00024theta omega + -0.00019omega^2

--- Chunk 72716 (117/220) | Start: 2025-05-04 12:20:00 ---
    RMSE omega: 0.010103 | RMSE theta: 0.103177 | Loss: -521704.6562 | Epoch: 769
    Eq theta: 1.00000omega
    Eq omega: 0.002111 + -0.00189theta + -0.00590omega + 0.00048theta^2 + -0.00001theta omega + 0.00447omega^2

--- Chunk 72717 (118/220) | Start: 2025-05-04 12:25:00 ---
    RMSE omega: 0.006333 | RMSE theta: 0.096874 | Loss: -1.5196 | Epoch: 2000
    Eq theta: 1.00000omega
    Eq omega: -0.007881 + -1.05066theta + -0.01093omega + -0.05060theta^2 + 0.00869theta omega + -0.02128omega^2

--- Chunk 72718 (119/220) | Start: 2025-05-04 12:30:00 ---
    RMSE omega: nan | RMSE theta: nan | Loss: 375.2751 | Epoch: 29
    Eq theta: 1.00000omega
    Eq omega: nan1 + nantheta + nanomega + nantheta^2 + nantheta omega + nanomega^2

--- Chunk 72719 (120/220) | Start: 2025-05-04 12:35:00 ---
    RMSE omega: 0.004824 | RMSE theta: 0.094756 | Loss: -2.0084 | Epoch: 1029
    Eq theta: 1.00000omega
    Eq omega: 0.611681 + -2.56554theta + -0.03014omega + -3.63552theta^2 + 0.01020theta omega + 0.66147omega^2

--- Chunk 72720 (121/220) | Start: 2025-05-04 12:40:00 ---
    RMSE omega: nan | RMSE theta: nan | Loss: -139067013533387456512.0000 | Epoch: 661
    Eq theta: 1.00000omega
    Eq omega: nan1 + nantheta + nanomega + nantheta^2 + nantheta omega + nanomega^2

--- Chunk 72721 (122/220) | Start: 2025-05-04 12:45:00 ---
    RMSE omega: 0.005575 | RMSE theta: 0.048197 | Loss: -0.5858 | Epoch: 1442
    Eq theta: 1.00000omega
    Eq omega: 0.001281 + -0.00070theta + -0.00193omega + 0.00010theta^2 + -0.00044theta omega + -0.00024omega^2

--- Chunk 72722 (123/220) | Start: 2025-05-04 12:50:00 ---
    RMSE omega: 0.006432 | RMSE theta: 0.130313 | Loss: 0.1360 | Epoch: 1452
    Eq theta: 1.00000omega
    Eq omega: 0.001311 + -0.00065theta + 0.00419omega + -0.00011theta^2 + -0.00083theta omega + -0.00084omega^2

--- Chunk 72723 (124/220) | Start: 2025-05-04 12:55:00 ---
    RMSE omega: nan | RMSE theta: nan | Loss: 39.9773 | Epoch: 44
    Eq theta: 1.00000omega
    Eq omega: nan1 + nantheta + nanomega + nantheta^2 + nantheta omega + nanomega^2

--- Chunk 72724 (125/220) | Start: 2025-05-04 13:00:00 ---
    RMSE omega: 0.011137 | RMSE theta: 0.091877 | Loss: -6.6675 | Epoch: 1965
    Eq theta: 1.00000omega
    Eq omega: -0.104581 + -1.48504theta + -0.11484omega + -0.00630theta^2 + -0.73260theta omega + 0.01793omega^2

--- Chunk 72725 (126/220) | Start: 2025-05-04 13:05:00 ---
    RMSE omega: nan | RMSE theta: nan | Loss: 35.4449 | Epoch: 63
    Eq theta: 1.00000omega
    Eq omega: nan1 + nantheta + nanomega + nantheta^2 + nantheta omega + nanomega^2

--- Chunk 72726 (127/220) | Start: 2025-05-04 13:10:00 ---
    RMSE omega: 0.006032 | RMSE theta: 0.080576 | Loss: -2.1762 | Epoch: 1394
    Eq theta: 1.00000omega
    Eq omega: -0.033781 + -1.83887theta + -0.00825omega + 0.54637theta^2 + 0.03022theta omega + 0.00256omega^2

--- Chunk 72727 (128/220) | Start: 2025-05-04 13:15:00 ---
    RMSE omega: 0.007998 | RMSE theta: 0.209050 | Loss: 1.3701 | Epoch: 1534
    Eq theta: 1.00000omega
    Eq omega: -0.015841 + 0.00016theta + -0.00138omega + -0.00018theta^2 + -0.00031theta omega + -0.00241omega^2

--- Chunk 72728 (129/220) | Start: 2025-05-04 13:20:00 ---
    RMSE omega: 0.048949 | RMSE theta: 0.496676 | Loss: 411.7130 | Epoch: 34
    Eq theta: 1.00000omega
    Eq omega: -0.002151 + 0.00063theta + -0.00095omega + 0.00004theta^2 + 0.00007theta omega + -0.00051omega^2

--- Chunk 72729 (130/220) | Start: 2025-05-04 13:25:00 ---
    RMSE omega: 0.004635 | RMSE theta: 0.111650 | Loss: -2.0968 | Epoch: 1308
    Eq theta: 1.00000omega
    Eq omega: 0.001341 + 0.00023theta + 0.00478omega + -0.00006theta^2 + -0.00084theta omega + 0.00188omega^2

--- Chunk 72730 (131/220) | Start: 2025-05-04 13:30:00 ---
    RMSE omega: 0.007556 | RMSE theta: 0.079978 | Loss: -0.7281 | Epoch: 870
    Eq theta: 1.00000omega
    Eq omega: 0.001051 + -0.00087theta + 0.00149omega + 0.00095theta^2 + 0.00013theta omega + -0.00030omega^2

--- Chunk 72731 (132/220) | Start: 2025-05-04 13:35:00 ---
    RMSE omega: 0.006647 | RMSE theta: 0.173326 | Loss: 2.4783 | Epoch: 1489
    Eq theta: 1.00000omega
    Eq omega: 0.003871 + -0.00076theta + -0.00090omega + -0.00034theta^2 + -0.00042theta omega + -0.00641omega^2

--- Chunk 72732 (133/220) | Start: 2025-05-04 13:40:00 ---
    RMSE omega: nan | RMSE theta: nan | Loss: 50.8623 | Epoch: 48
    Eq theta: 1.00000omega
    Eq omega: nan1 + nantheta + nanomega + nantheta^2 + nantheta omega + nanomega^2

--- Chunk 72733 (134/220) | Start: 2025-05-04 13:45:00 ---
    RMSE omega: 0.006669 | RMSE theta: 0.065596 | Loss: -1.8847 | Epoch: 1218
    Eq theta: 1.00000omega
    Eq omega: 0.011351 + -2.56744theta + 0.02407omega + -0.07873theta^2 + 0.03884theta omega + -0.00152omega^2

--- Chunk 72734 (135/220) | Start: 2025-05-04 13:50:00 ---
    RMSE omega: 0.016491 | RMSE theta: 0.423108 | Loss: -429.4948 | Epoch: 1553
    Eq theta: 1.00000omega
    Eq omega: 0.001791 + -0.00087theta + 0.00443omega + 0.00037theta^2 + -0.00210theta omega + -0.00257omega^2

--- Chunk 72735 (136/220) | Start: 2025-05-04 13:55:00 ---
    RMSE omega: nan | RMSE theta: nan | Loss: -3338974816570384920346624.0000 | Epoch: 2115
    Eq theta: 1.00000omega
    Eq omega: nan1 + nantheta + nanomega + nantheta^2 + nantheta omega + nanomega^2

--- Chunk 72736 (137/220) | Start: 2025-05-04 14:00:00 ---
    RMSE omega: nan | RMSE theta: nan | Loss: 449.0718 | Epoch: 22
    Eq theta: 1.00000omega
    Eq omega: nan1 + nantheta + nanomega + nantheta^2 + nantheta omega + nanomega^2

--- Chunk 72737 (138/220) | Start: 2025-05-04 14:05:00 ---
    RMSE omega: 0.010287 | RMSE theta: 0.573446 | Loss: -1025.5452 | Epoch: 613
    Eq theta: 1.00000omega
    Eq omega: 0.030371 + -3.42514theta + 0.11172omega + 0.11850theta^2 + -1.34755theta omega + 0.02713omega^2

--- Chunk 72738 (139/220) | Start: 2025-05-04 14:10:00 ---
    RMSE omega: 0.006050 | RMSE theta: 0.038877 | Loss: -1.1579 | Epoch: 1040
    Eq theta: 1.00000omega
    Eq omega: -0.012451 + -0.78438theta + 0.02036omega + -0.00984theta^2 + 0.00736theta omega + 0.00853omega^2

--- Chunk 72739 (140/220) | Start: 2025-05-04 14:15:00 ---
    RMSE omega: nan | RMSE theta: nan | Loss: -407309174289712807936.0000 | Epoch: 1146
    Eq theta: 1.00000omega
    Eq omega: nan1 + nantheta + nanomega + nantheta^2 + nantheta omega + nanomega^2

--- Chunk 72740 (141/220) | Start: 2025-05-04 14:20:00 ---
    RMSE omega: 0.072806 | RMSE theta: 0.958801 | Loss: 276.9865 | Epoch: 49
    Eq theta: 1.00000omega
    Eq omega: 0.001571 + -0.00688theta + 0.00403omega + -0.00302theta^2 + 0.00298theta omega + 0.00324omega^2

--- Chunk 72741 (142/220) | Start: 2025-05-04 14:25:00 ---
    RMSE omega: 0.023992 | RMSE theta: 0.346517 | Loss: -61368.0156 | Epoch: 710
    Eq theta: 1.00000omega
    Eq omega: 0.001091 + -0.00059theta + -0.00101omega + -0.00012theta^2 + -0.00024theta omega + 0.00080omega^2

--- Chunk 72742 (143/220) | Start: 2025-05-04 14:30:00 ---
    RMSE omega: 0.014916 | RMSE theta: 0.121551 | Loss: -16596307.0000 | Epoch: 1543
    Eq theta: 1.00000omega
    Eq omega: -0.023541 + -3.08315theta + -0.05179omega + -0.15180theta^2 + 0.00287theta omega + -0.01791omega^2

--- Chunk 72743 (144/220) | Start: 2025-05-04 14:35:00 ---
    RMSE omega: nan | RMSE theta: nan | Loss: -30780383816891498496.0000 | Epoch: 1083
    Eq theta: 1.00000omega
    Eq omega: nan1 + nantheta + nanomega + nantheta^2 + nantheta omega + nanomega^2

--- Chunk 72744 (145/220) | Start: 2025-05-04 14:40:00 ---
    RMSE omega: 0.034817 | RMSE theta: 0.462388 | Loss: -1867282.0000 | Epoch: 637
    Eq theta: 1.00000omega
    Eq omega: -0.007761 + -0.01054theta + 0.00267omega + 0.00127theta^2 + -0.00077theta omega + 0.00075omega^2

--- Chunk 72745 (146/220) | Start: 2025-05-04 14:45:00 ---
    RMSE omega: 0.005578 | RMSE theta: 0.079503 | Loss: -1.2327 | Epoch: 1375
    Eq theta: 1.00000omega
    Eq omega: -0.002611 + -0.00317theta + -0.00459omega + 0.00150theta^2 + -0.00021theta omega + 0.00518omega^2

--- Chunk 72746 (147/220) | Start: 2025-05-04 14:50:00 ---
    RMSE omega: nan | RMSE theta: nan | Loss: 20.5544 | Epoch: 66
    Eq theta: 1.00000omega
    Eq omega: nan1 + nantheta + nanomega + nantheta^2 + nantheta omega + nanomega^2

--- Chunk 72747 (148/220) | Start: 2025-05-04 14:55:00 ---
    RMSE omega: nan | RMSE theta: nan | Loss: 70.3695 | Epoch: 32
    Eq theta: 1.00000omega
    Eq omega: nan1 + nantheta + nanomega + nantheta^2 + nantheta omega + nanomega^2

--- Chunk 72748 (149/220) | Start: 2025-05-04 15:00:00 ---
    RMSE omega: 0.016199 | RMSE theta: 0.335638 | Loss: -83.8168 | Epoch: 1747
    Eq theta: 1.00000omega
    Eq omega: 0.002981 + 0.00020theta + 0.00243omega + 0.00005theta^2 + 0.00187theta omega + 0.00209omega^2

--- Chunk 72749 (150/220) | Start: 2025-05-04 15:05:00 ---
    RMSE omega: 0.006109 | RMSE theta: 0.034960 | Loss: -1.4836 | Epoch: 1838
    Eq theta: 1.00000omega
    Eq omega: 0.001421 + -0.17757theta + 0.01111omega + -0.00042theta^2 + 0.00097theta omega + 0.00052omega^2

  [Progress 150/220] Mean RMSE omega: 0.024440 | Mean loss: -152266210032497289487320088576.0000 | Valid: 119/150 | Elapsed: 60.9min | ETA: 28.4min

--- Chunk 72750 (151/220) | Start: 2025-05-04 15:10:00 ---
    RMSE omega: 0.170597 | RMSE theta: 2.455589 | Loss: -2238005.7500 | Epoch: 1573
    Eq theta: 1.00000omega
    Eq omega: 0.007401 + -1.52692theta + 0.00343omega + -0.02161theta^2 + 0.01186theta omega + -0.00064omega^2

--- Chunk 72751 (152/220) | Start: 2025-05-04 15:15:00 ---
    RMSE omega: 0.010721 | RMSE theta: 0.508741 | Loss: -577.3051 | Epoch: 765
    Eq theta: 1.00000omega
    Eq omega: 0.043221 + -3.57653theta + 0.10027omega + -1.03818theta^2 + 0.03202theta omega + 0.11853omega^2

--- Chunk 72752 (153/220) | Start: 2025-05-04 15:20:00 ---
    RMSE omega: 0.009365 | RMSE theta: 0.332428 | Loss: -21.5796 | Epoch: 703
    Eq theta: 1.00000omega
    Eq omega: -0.005611 + -1.38419theta + 0.00786omega + 0.00578theta^2 + -0.01147theta omega + -0.30540omega^2

--- Chunk 72753 (154/220) | Start: 2025-05-04 15:25:00 ---
    RMSE omega: nan | RMSE theta: nan | Loss: 9.8949 | Epoch: 87
    Eq theta: 1.00000omega
    Eq omega: nan1 + nantheta + nanomega + nantheta^2 + nantheta omega + nanomega^2

--- Chunk 72754 (155/220) | Start: 2025-05-04 15:30:00 ---
    RMSE omega: 0.006383 | RMSE theta: 0.142499 | Loss: -2.1643 | Epoch: 713
    Eq theta: 1.00000omega
    Eq omega: 0.003351 + 0.00319theta + -0.00122omega + 0.00079theta^2 + -0.00603theta omega + -0.00372omega^2

--- Chunk 72755 (156/220) | Start: 2025-05-04 15:35:00 ---
    RMSE omega: 0.041733 | RMSE theta: 0.537518 | Loss: 82.3395 | Epoch: 54
    Eq theta: 1.00000omega
    Eq omega: 0.000151 + -0.00110theta + -0.00116omega + -0.00031theta^2 + 0.00205theta omega + 0.00218omega^2

--- Chunk 72756 (157/220) | Start: 2025-05-04 15:40:00 ---
    RMSE omega: 0.008946 | RMSE theta: 0.076715 | Loss: -1.6492 | Epoch: 1681
    Eq theta: 1.00000omega
    Eq omega: -0.006991 + -1.49687theta + -0.00621omega + 0.00582theta^2 + 0.00705theta omega + -0.01758omega^2

--- Chunk 72757 (158/220) | Start: 2025-05-04 15:45:00 ---
    RMSE omega: 0.005989 | RMSE theta: 0.090573 | Loss: -2.6265 | Epoch: 1229
    Eq theta: 1.00000omega
    Eq omega: -0.002551 + -0.00010theta + 0.00012omega + 0.00064theta^2 + -0.00038theta omega + 0.00090omega^2

--- Chunk 72758 (159/220) | Start: 2025-05-04 15:50:00 ---
    RMSE omega: 0.006975 | RMSE theta: 0.063719 | Loss: -0.9445 | Epoch: 1623
    Eq theta: 1.00000omega
    Eq omega: 0.020831 + -0.00102theta + 0.00690omega + -0.00246theta^2 + 0.00881theta omega + -0.00271omega^2

--- Chunk 72759 (160/220) | Start: 2025-05-04 15:55:00 ---
    RMSE omega: 0.004906 | RMSE theta: 0.106640 | Loss: -3.4923 | Epoch: 1320
    Eq theta: 1.00000omega
    Eq omega: -0.038211 + -1.35006theta + 0.00719omega + -1.63597theta^2 + 0.03679theta omega + 0.50224omega^2

--- Chunk 72760 (161/220) | Start: 2025-05-04 16:00:00 ---
    RMSE omega: 0.008991 | RMSE theta: 0.313334 | Loss: -32.4651 | Epoch: 1045
    Eq theta: 1.00000omega
    Eq omega: 0.002461 + -2.24509theta + -0.00324omega + 0.80146theta^2 + 0.00401theta omega + 0.00134omega^2

--- Chunk 72761 (162/220) | Start: 2025-05-04 16:05:00 ---
    RMSE omega: 0.006124 | RMSE theta: 0.124503 | Loss: -4.1786 | Epoch: 1063
    Eq theta: 1.00000omega
    Eq omega: 0.004141 + -0.00894theta + 0.00299omega + -0.00321theta^2 + 0.00207theta omega + -0.00126omega^2

--- Chunk 72762 (163/220) | Start: 2025-05-04 16:10:00 ---
    RMSE omega: 0.008009 | RMSE theta: 0.167707 | Loss: -4.3356 | Epoch: 930
    Eq theta: 1.00000omega
    Eq omega: 0.010691 + -1.97010theta + 0.00880omega + 0.09336theta^2 + 0.00462theta omega + 0.00087omega^2

--- Chunk 72763 (164/220) | Start: 2025-05-04 16:15:00 ---
    RMSE omega: 0.007085 | RMSE theta: 0.039288 | Loss: -1.5362 | Epoch: 1454
    Eq theta: 1.00000omega
    Eq omega: 0.026181 + -3.89939theta + 0.03917omega + -0.47826theta^2 + -0.04117theta omega + 0.01433omega^2

--- Chunk 72764 (165/220) | Start: 2025-05-04 16:20:00 ---
    RMSE omega: 0.009803 | RMSE theta: 0.519100 | Loss: 1.0831 | Epoch: 1433
    Eq theta: 1.00000omega
    Eq omega: 0.003541 + -0.00022theta + 0.00187omega + 0.00006theta^2 + 0.00017theta omega + -0.00034omega^2

--- Chunk 72765 (166/220) | Start: 2025-05-04 16:25:00 ---
    RMSE omega: 0.038655 | RMSE theta: 1.403403 | Loss: -50825288.0000 | Epoch: 2104
    Eq theta: 1.00000omega
    Eq omega: 0.001671 + 0.00206theta + -0.00158omega + -0.00194theta^2 + -0.00037theta omega + 0.00347omega^2

--- Chunk 72766 (167/220) | Start: 2025-05-04 16:30:00 ---
    RMSE omega: 0.005602 | RMSE theta: 0.140432 | Loss: -6133.2085 | Epoch: 1402
    Eq theta: 1.00000omega
    Eq omega: -0.006601 + -0.00620theta + 0.00232omega + 0.00038theta^2 + -0.00165theta omega + -0.00027omega^2

--- Chunk 72767 (168/220) | Start: 2025-05-04 16:35:00 ---
    RMSE omega: 0.009145 | RMSE theta: 0.515524 | Loss: 0.3900 | Epoch: 4027
    Eq theta: 1.00000omega
    Eq omega: 0.000051 + 0.00003theta + -0.00133omega + -0.00003theta^2 + -0.00003theta omega + -0.00002omega^2

--- Chunk 72768 (169/220) | Start: 2025-05-04 16:40:00 ---
    RMSE omega: 0.005450 | RMSE theta: 0.082732 | Loss: -2.1683 | Epoch: 1373
    Eq theta: 1.00000omega
    Eq omega: -0.009951 + -0.44160theta + -0.00050omega + -0.00616theta^2 + -0.00322theta omega + 0.00460omega^2

--- Chunk 72769 (170/220) | Start: 2025-05-04 16:45:00 ---
    RMSE omega: 0.005801 | RMSE theta: 0.131184 | Loss: -0.7015 | Epoch: 1388
    Eq theta: 1.00000omega
    Eq omega: -0.002991 + -0.00064theta + 0.00164omega + 0.00028theta^2 + -0.00030theta omega + -0.00049omega^2

--- Chunk 72770 (171/220) | Start: 2025-05-04 16:50:00 ---
    RMSE omega: 0.005474 | RMSE theta: 0.068100 | Loss: -1.9400 | Epoch: 978
    Eq theta: 1.00000omega
    Eq omega: -0.000521 + 0.00072theta + 0.00002omega + -0.00033theta^2 + 0.00051theta omega + 0.00011omega^2

--- Chunk 72771 (172/220) | Start: 2025-05-04 16:55:00 ---
    RMSE omega: 0.026599 | RMSE theta: 0.275545 | Loss: -35.7341 | Epoch: 2029
    Eq theta: 1.00000omega
    Eq omega: 0.000381 + -0.00019theta + -0.00223omega + 0.00062theta^2 + 0.00183theta omega + -0.00011omega^2

--- Chunk 72772 (173/220) | Start: 2025-05-04 17:00:00 ---
    RMSE omega: 0.006567 | RMSE theta: 0.197150 | Loss: -1.2327 | Epoch: 2100
    Eq theta: 1.00000omega
    Eq omega: -0.001441 + -0.00130theta + 0.00192omega + 0.00024theta^2 + 0.00153theta omega + 0.00098omega^2

--- Chunk 72773 (174/220) | Start: 2025-05-04 17:05:00 ---
    RMSE omega: 0.005364 | RMSE theta: 0.119906 | Loss: -1.6413 | Epoch: 1361
    Eq theta: 1.00000omega
    Eq omega: 0.001721 + 0.00370theta + -0.00012omega + 0.00056theta^2 + 0.00081theta omega + -0.00501omega^2

--- Chunk 72774 (175/220) | Start: 2025-05-04 17:10:00 ---
    RMSE omega: nan | RMSE theta: nan | Loss: 35.6103 | Epoch: 71
    Eq theta: 1.00000omega
    Eq omega: nan1 + nantheta + nanomega + nantheta^2 + nantheta omega + nanomega^2

--- Chunk 72775 (176/220) | Start: 2025-05-04 17:15:00 ---
    RMSE omega: 0.006154 | RMSE theta: 0.066643 | Loss: -2.2852 | Epoch: 1079
    Eq theta: 1.00000omega
    Eq omega: 0.004231 + -1.84701theta + -0.01443omega + 0.00536theta^2 + 0.05169theta omega + 0.02335omega^2

--- Chunk 72776 (177/220) | Start: 2025-05-04 17:20:00 ---
    RMSE omega: 0.007387 | RMSE theta: 0.202648 | Loss: 6.3615 | Epoch: 2218
    Eq theta: 1.00000omega
    Eq omega: -0.001631 + -0.00023theta + -0.00001omega + 0.00005theta^2 + 0.00157theta omega + -0.00048omega^2

--- Chunk 72777 (178/220) | Start: 2025-05-04 17:25:00 ---
    RMSE omega: nan | RMSE theta: nan | Loss: -1516836139133915103232.0000 | Epoch: 989
    Eq theta: 1.00000omega
    Eq omega: nan1 + nantheta + nanomega + nantheta^2 + nantheta omega + nanomega^2

--- Chunk 72778 (179/220) | Start: 2025-05-04 17:30:00 ---
    RMSE omega: 0.005905 | RMSE theta: 0.051276 | Loss: -1.9795 | Epoch: 823
    Eq theta: 1.00000omega
    Eq omega: -0.028461 + -4.08665theta + 0.20174omega + -0.02429theta^2 + 0.00314theta omega + -0.08691omega^2

--- Chunk 72779 (180/220) | Start: 2025-05-04 17:35:00 ---
    RMSE omega: 0.006584 | RMSE theta: 0.028989 | Loss: -1.0026 | Epoch: 1637
    Eq theta: 1.00000omega
    Eq omega: 0.000041 + -0.00282theta + 0.00153omega + -0.00529theta^2 + 0.00041theta omega + 0.00389omega^2

--- Chunk 72780 (181/220) | Start: 2025-05-04 17:40:00 ---
    RMSE omega: 0.017034 | RMSE theta: 0.842846 | Loss: -47355036.0000 | Epoch: 1893
    Eq theta: 1.00000omega
    Eq omega: 0.003081 + 0.00144theta + 0.00071omega + 0.00006theta^2 + 0.00041theta omega + 0.00141omega^2

--- Chunk 72781 (182/220) | Start: 2025-05-04 17:45:00 ---
    RMSE omega: 0.007005 | RMSE theta: 0.274690 | Loss: 0.0374 | Epoch: 1748
    Eq theta: 1.00000omega
    Eq omega: -0.028051 + -0.12786theta + -0.00057omega + -0.01835theta^2 + 0.00980theta omega + -0.00556omega^2

--- Chunk 72782 (183/220) | Start: 2025-05-04 17:50:00 ---
    RMSE omega: 0.007467 | RMSE theta: 0.219586 | Loss: 1.3264 | Epoch: 2200
    Eq theta: 1.00000omega
    Eq omega: -0.000311 + 0.00003theta + -0.00004omega + 0.00001theta^2 + 0.00004theta omega + 0.00014omega^2

--- Chunk 72783 (184/220) | Start: 2025-05-04 17:55:00 ---
    RMSE omega: nan | RMSE theta: nan | Loss: 120.3925 | Epoch: 76
    Eq theta: 1.00000omega
    Eq omega: nan1 + nantheta + nanomega + nantheta^2 + nantheta omega + nanomega^2

--- Chunk 72784 (185/220) | Start: 2025-05-04 18:00:00 ---
    RMSE omega: 0.006405 | RMSE theta: 0.070135 | Loss: -1.9784 | Epoch: 1407
    Eq theta: 1.00000omega
    Eq omega: -0.002181 + 0.00161theta + 0.00029omega + -0.00648theta^2 + 0.00117theta omega + -0.03010omega^2

--- Chunk 72785 (186/220) | Start: 2025-05-04 18:05:00 ---
    RMSE omega: nan | RMSE theta: nan | Loss: 45.5732 | Epoch: 40
    Eq theta: 1.00000omega
    Eq omega: nan1 + nantheta + nanomega + nantheta^2 + nantheta omega + nanomega^2

--- Chunk 72786 (187/220) | Start: 2025-05-04 18:10:00 ---
    RMSE omega: 0.006665 | RMSE theta: 0.183047 | Loss: -1.6573 | Epoch: 2072
    Eq theta: 1.00000omega
    Eq omega: 0.001831 + -0.00104theta + 0.00601omega + 0.00019theta^2 + 0.00032theta omega + 0.02057omega^2

--- Chunk 72787 (188/220) | Start: 2025-05-04 18:15:00 ---
    RMSE omega: 0.048679 | RMSE theta: 1.996692 | Loss: -60487100.0000 | Epoch: 1664
    Eq theta: 1.00000omega
    Eq omega: 0.000931 + 0.00045theta + -0.00119omega + -0.00036theta^2 + -0.00120theta omega + -0.00249omega^2

--- Chunk 72788 (189/220) | Start: 2025-05-04 18:20:00 ---
    RMSE omega: 0.007278 | RMSE theta: 0.032708 | Loss: -1.2950 | Epoch: 1674
    Eq theta: 1.00000omega
    Eq omega: -0.007011 + -0.00108theta + 0.00003omega + 0.00067theta^2 + 0.00028theta omega + -0.01043omega^2

--- Chunk 72789 (190/220) | Start: 2025-05-04 18:25:00 ---
    RMSE omega: nan | RMSE theta: nan | Loss: 37.2673 | Epoch: 69
    Eq theta: 1.00000omega
    Eq omega: nan1 + nantheta + nanomega + nantheta^2 + nantheta omega + nanomega^2

--- Chunk 72790 (191/220) | Start: 2025-05-04 18:30:00 ---
    RMSE omega: 0.043797 | RMSE theta: 0.697926 | Loss: -168234958848.0000 | Epoch: 1900
    Eq theta: 1.00000omega
    Eq omega: -0.000761 + 0.00024theta + -0.00072omega + -0.00015theta^2 + -0.00059theta omega + -0.00009omega^2

--- Chunk 72791 (192/220) | Start: 2025-05-04 18:35:00 ---
    RMSE omega: 0.009395 | RMSE theta: 0.135830 | Loss: -465463417406134157312.0000 | Epoch: 1595
    Eq theta: 1.00000omega
    Eq omega: 0.001011 + -0.50653theta + -0.03656omega + -0.02111theta^2 + -0.00099theta omega + 0.14528omega^2

--- Chunk 72792 (193/220) | Start: 2025-05-04 18:40:00 ---
    RMSE omega: 0.006080 | RMSE theta: 0.073763 | Loss: -1.5608 | Epoch: 1726
    Eq theta: 1.00000omega
    Eq omega: -0.036791 + -0.41603theta + -0.01891omega + 0.05215theta^2 + 0.00190theta omega + -0.03177omega^2

--- Chunk 72793 (194/220) | Start: 2025-05-04 18:45:00 ---
    RMSE omega: nan | RMSE theta: nan | Loss: 298.8564 | Epoch: 26
    Eq theta: 1.00000omega
    Eq omega: nan1 + nantheta + nanomega + nantheta^2 + nantheta omega + nanomega^2

--- Chunk 72794 (195/220) | Start: 2025-05-04 18:50:00 ---
    RMSE omega: 0.028023 | RMSE theta: 0.166979 | Loss: -211354.5156 | Epoch: 1255
    Eq theta: 1.00000omega
    Eq omega: 0.002501 + -0.00042theta + -0.00124omega + 0.00055theta^2 + -0.00005theta omega + 0.00164omega^2

--- Chunk 72795 (196/220) | Start: 2025-05-04 18:55:00 ---
    RMSE omega: 0.034201 | RMSE theta: 0.278388 | Loss: 44.7703 | Epoch: 38
    Eq theta: 1.00000omega
    Eq omega: 0.005121 + -0.45309theta + -0.00825omega + -0.01086theta^2 + -0.01337theta omega + -0.01137omega^2

--- Chunk 72796 (197/220) | Start: 2025-05-04 19:00:00 ---
    RMSE omega: 0.047576 | RMSE theta: 0.613782 | Loss: 173.3121 | Epoch: 46
    Eq theta: 1.00000omega
    Eq omega: -0.004421 + -0.01565theta + -0.00117omega + 0.00098theta^2 + -0.01313theta omega + -0.00089omega^2

--- Chunk 72797 (198/220) | Start: 2025-05-04 19:05:00 ---
    RMSE omega: 0.006774 | RMSE theta: 0.102597 | Loss: -1.7100 | Epoch: 2056
    Eq theta: 1.00000omega
    Eq omega: 0.011831 + -0.43664theta + 0.00169omega + 0.00088theta^2 + -0.00325theta omega + 0.01169omega^2

--- Chunk 72798 (199/220) | Start: 2025-05-04 19:10:00 ---
    RMSE omega: 0.007296 | RMSE theta: 0.221355 | Loss: 0.1581 | Epoch: 1126
    Eq theta: 1.00000omega
    Eq omega: -0.003201 + -0.07074theta + -0.01194omega + -0.00237theta^2 + -0.00069theta omega + -0.00378omega^2

--- Chunk 72799 (200/220) | Start: 2025-05-04 19:15:00 ---
    RMSE omega: 0.006392 | RMSE theta: 0.028158 | Loss: -1.2889 | Epoch: 1507
    Eq theta: 1.00000omega
    Eq omega: -0.009171 + -0.00240theta + 0.00299omega + -0.00594theta^2 + 0.00929theta omega + -0.01118omega^2

  [Progress 200/220] Mean RMSE omega: 0.022461 | Mean loss: -114199657534284470703611707392.0000 | Valid: 162/200 | Elapsed: 83.2min | ETA: 8.3min

--- Chunk 72800 (201/220) | Start: 2025-05-04 19:20:00 ---
    RMSE omega: 0.006798 | RMSE theta: 0.241177 | Loss: -1.3444 | Epoch: 1108
    Eq theta: 1.00000omega
    Eq omega: -0.001411 + -0.00222theta + 0.00062omega + -0.00003theta^2 + 0.00010theta omega + -0.00918omega^2

--- Chunk 72801 (202/220) | Start: 2025-05-04 19:25:00 ---
    RMSE omega: 0.007143 | RMSE theta: 0.203461 | Loss: 0.3994 | Epoch: 1306
    Eq theta: 1.00000omega
    Eq omega: 0.004811 + -0.00068theta + 0.00212omega + 0.00016theta^2 + 0.00371theta omega + 0.00216omega^2

--- Chunk 72802 (203/220) | Start: 2025-05-04 19:30:00 ---
    RMSE omega: 0.009537 | RMSE theta: 0.293355 | Loss: -100459696.0000 | Epoch: 1751
    Eq theta: 1.00000omega
    Eq omega: -0.002561 + -0.00506theta + -0.00456omega + -0.00308theta^2 + 0.00526theta omega + 0.01105omega^2

--- Chunk 72803 (204/220) | Start: 2025-05-04 19:35:00 ---
    RMSE omega: 0.011300 | RMSE theta: 0.489894 | Loss: -14.1191 | Epoch: 1273
    Eq theta: 1.00000omega
    Eq omega: 0.005831 + -0.01454theta + -0.01727omega + -0.00103theta^2 + -0.00358theta omega + 0.01856omega^2

--- Chunk 72804 (205/220) | Start: 2025-05-04 19:40:00 ---
    RMSE omega: 0.008005 | RMSE theta: 0.122972 | Loss: 1.1210 | Epoch: 2096
    Eq theta: 1.00000omega
    Eq omega: 0.004671 + 0.00079theta + 0.01337omega + 0.00083theta^2 + -0.00169theta omega + 0.00310omega^2

--- Chunk 72805 (206/220) | Start: 2025-05-04 19:45:00 ---
    RMSE omega: 0.005596 | RMSE theta: 0.113352 | Loss: -1.3445 | Epoch: 1788
    Eq theta: 1.00000omega
    Eq omega: 0.002561 + 0.00068theta + 0.00058omega + -0.00029theta^2 + -0.00127theta omega + 0.00637omega^2

--- Chunk 72806 (207/220) | Start: 2025-05-04 19:50:00 ---
    RMSE omega: nan | RMSE theta: nan | Loss: 439.2167 | Epoch: 35
    Eq theta: 1.00000omega
    Eq omega: nan1 + nantheta + nanomega + nantheta^2 + nantheta omega + nanomega^2

--- Chunk 72807 (208/220) | Start: 2025-05-04 19:55:00 ---
    RMSE omega: 0.006219 | RMSE theta: 0.175541 | Loss: -2.0524 | Epoch: 1217
    Eq theta: 1.00000omega
    Eq omega: -0.022701 + -0.29192theta + 0.01021omega + -0.32046theta^2 + -0.02373theta omega + 0.00865omega^2

--- Chunk 72808 (209/220) | Start: 2025-05-04 20:00:00 ---
    RMSE omega: 0.005904 | RMSE theta: 0.086622 | Loss: -2.3056 | Epoch: 1040
    Eq theta: 1.00000omega
    Eq omega: 0.004601 + 0.00173theta + 0.00019omega + 0.00231theta^2 + -0.01056theta omega + 0.00253omega^2

--- Chunk 72809 (210/220) | Start: 2025-05-04 20:05:00 ---
    RMSE omega: 0.006393 | RMSE theta: 0.222350 | Loss: -1.0057 | Epoch: 2475
    Eq theta: 1.00000omega
    Eq omega: -0.002201 + -0.00028theta + 0.00153omega + -0.00005theta^2 + -0.00003theta omega + -0.00124omega^2

--- Chunk 72810 (211/220) | Start: 2025-05-04 20:10:00 ---
    RMSE omega: 0.034498 | RMSE theta: 0.366594 | Loss: 110.4092 | Epoch: 354
    Eq theta: 1.00000omega
    Eq omega: 0.000351 + 0.00135theta + -0.00395omega + -0.00136theta^2 + 0.00077theta omega + -0.00015omega^2

--- Chunk 72811 (212/220) | Start: 2025-05-04 20:15:00 ---
    RMSE omega: 0.005206 | RMSE theta: 0.066875 | Loss: -1.4178 | Epoch: 902
    Eq theta: 1.00000omega
    Eq omega: 0.001341 + -0.70249theta + -0.00660omega + -0.01829theta^2 + 0.02074theta omega + 0.12866omega^2

--- Chunk 72812 (213/220) | Start: 2025-05-04 20:20:00 ---
    RMSE omega: 0.006663 | RMSE theta: 0.312229 | Loss: -20.6738 | Epoch: 1870
    Eq theta: 1.00000omega
    Eq omega: 0.041071 + -0.41462theta + -0.00570omega + -0.00190theta^2 + -0.02123theta omega + 0.13006omega^2

--- Chunk 72813 (214/220) | Start: 2025-05-04 20:25:00 ---
    RMSE omega: 0.008767 | RMSE theta: 0.239888 | Loss: -3.2056 | Epoch: 655
    Eq theta: 1.00000omega
    Eq omega: -0.021601 + -1.16520theta + 0.02566omega + -0.20653theta^2 + -0.02004theta omega + -0.05608omega^2

--- Chunk 72814 (215/220) | Start: 2025-05-04 20:30:00 ---
    RMSE omega: 0.015317 | RMSE theta: 0.103833 | Loss: 1.3469 | Epoch: 242
    Eq theta: 1.00000omega
    Eq omega: -0.009741 + -0.88041theta + -0.02846omega + 0.01800theta^2 + -0.07751theta omega + 0.00549omega^2

--- Chunk 72815 (216/220) | Start: 2025-05-04 20:35:00 ---
    RMSE omega: 0.005685 | RMSE theta: 0.164063 | Loss: -7.8126 | Epoch: 1189
    Eq theta: 1.00000omega
    Eq omega: -0.000051 + -0.00478theta + 0.00175omega + 0.00108theta^2 + 0.00080theta omega + 0.00283omega^2

--- Chunk 72816 (217/220) | Start: 2025-05-04 20:40:00 ---
    RMSE omega: 0.013647 | RMSE theta: 0.487387 | Loss: -203.9033 | Epoch: 1182
    Eq theta: 1.00000omega
    Eq omega: -0.002131 + -0.00101theta + -0.00040omega + 0.00004theta^2 + -0.00306theta omega + -0.00221omega^2

--- Chunk 72817 (218/220) | Start: 2025-05-04 20:45:00 ---
    RMSE omega: 0.007059 | RMSE theta: 0.465576 | Loss: -1146708198480963829986492416.0000 | Epoch: 2001
    Eq theta: 1.00000omega
    Eq omega: 0.004741 + -0.00211theta + -0.00133omega + 0.00012theta^2 + 0.00028theta omega + 0.00064omega^2

--- Chunk 72818 (219/220) | Start: 2025-05-04 20:50:00 ---
    RMSE omega: 0.008999 | RMSE theta: 0.041498 | Loss: -1.1518 | Epoch: 661
    Eq theta: 1.00000omega
    Eq omega: -0.004931 + -0.30616theta + -0.00573omega + 0.00078theta^2 + 0.00130theta omega + 0.01581omega^2

--- Chunk 72819 (220/220) | Start: 2025-05-04 20:55:00 ---
    RMSE omega: 0.014875 | RMSE theta: 0.526368 | Loss: -4520.8579 | Epoch: 1216
    Eq theta: 1.00000omega
    Eq omega: 0.000961 + -2.31776theta + 0.03144omega + -0.89318theta^2 + -0.01626theta omega + -0.02434omega^2

  [Progress 220/220] Mean RMSE omega: 0.021140 | Mean loss: -103823082795706253993675063296.0000 | Valid: 181/220 | Elapsed: 91.7min | ETA: 0.0min

============================================================
EVALUATION COMPLETE — Chunks [72600, 72819]
============================================================
Chunks processed: 220
Chunks succeeded: 181 (82.3%)
Mean RMSE omega:  0.021140 ± 0.061719
Mean RMSE theta:  0.477254 ± 1.282365
Mean RMSE total:  0.337936
Mean Loss:        -103823082795706253993675063296.0000 ± 1536293697977731732932980113408.0000
Elapsed time:     91.7 minutes

Per-chunk CSV: /pfs/data6/home/ka/ka_iai/ka_bj2362/dsr/svise/results_5min_all_chunks/run_SLURM_3708675/chunks_72600_to_72819_20260320_073847.csv
Summary JSON:  /pfs/data6/home/ka/ka_iai/ka_bj2362/dsr/svise/results_5min_all_chunks/run_SLURM_3708675/summary_72600_to_72819_20260320_073847.json
============================================================

============================= JOB FEEDBACK =============================

NodeName=uc3n004
Job ID: 3709491
Array Job ID: 3708675_330
Cluster: uc3
User/Group: ka_bj2362/ka_iai
State: COMPLETED (exit code 0)
Nodes: 1
Cores per node: 4
CPU Utilized: 01:31:11
CPU Efficiency: 24.76% of 06:08:20 core-walltime
Job Wall-clock time: 01:32:05
Memory Utilized: 3.39 GB
Memory Efficiency: 28.23% of 12.00 GB (12.00 GB/node)
