Array task 407: processing chunks 89540 to 89759
Loading data from /pfs/data6/home/ka/ka_iai/ka_bj2362/dsr/svise/../dataset/South_Korea_2024-08-15_2025-08-31_1s.parquet...
Finding all valid 5-minute chunks in the dataset...
Found 107059 valid 5-minute chunks in total.

============================================================
SVISE FINAL EVALUATION — ALL CHUNKS
============================================================
Hyperparameters: {
  "model": "integrator",
  "sigma": 0,
  "degree": 2,
  "tau": 1e-05,
  "lr": 0.1,
  "n_tau": 100,
  "measurement_noise": 0.001,
  "n_reparam_samples": 15
}
Total valid chunks in dataset: 107059
Processing chunk range: [89540, 89759] (220 chunks)
Early stopping: patience=300, max_epochs=10000
============================================================


--- Chunk 89540 (1/220) | Start: 2025-07-02 00:10:00 ---
/pfs/data6/home/ka/ka_iai/ka_bj2362/dsr/svise/svise/sde_learning/_marginal_sde.py:284: UserWarning: torch.triangular_solve is deprecated in favor of torch.linalg.solve_triangularand will be removed in a future PyTorch release.
torch.linalg.solve_triangular has its arguments reversed and does not return a copy of one of the inputs.
X = torch.triangular_solve(B, A).solution
should be replaced with
X = torch.linalg.solve_triangular(A, B). (Triggered internally at ../aten/src/ATen/native/BatchLinearAlgebra.cpp:2192.)
  return torch.triangular_solve(self.raw_w, self.C.t()).solution
/pfs/data6/home/ka/ka_iai/ka_bj2362/dsr/svise/svise/quadrature/_unbiased_quadrature.py:196: UserWarning: Interp is nan, reducing interp degree.
  warnings.warn("Interp is nan, reducing interp degree.")
    RMSE omega: 0.004220 | RMSE theta: 0.087853 | Loss: -1.7419 | Epoch: 1549
    Eq theta: 1.00000omega
    Eq omega: 0.001501 + -0.00074theta + 0.00005omega + -0.00033theta^2 + -0.00048theta omega + -0.00101omega^2

--- Chunk 89541 (2/220) | Start: 2025-07-02 00:15:00 ---
/pfs/data6/home/ka/ka_iai/ka_bj2362/dsr/svise/svise/quadrature/_unbiased_quadrature.py:174: UserWarning: NaN detected in fxq (quadrature node evaluations). Clamping to 0.
  warnings.warn("NaN detected in fxq (quadrature node evaluations). Clamping to 0.")
/pfs/data6/home/ka/ka_iai/ka_bj2362/dsr/svise/svise/quadrature/_unbiased_quadrature.py:177: UserWarning: NaN detected in fmc (Monte-Carlo node evaluations). Clamping to 0.
  warnings.warn("NaN detected in fmc (Monte-Carlo node evaluations). Clamping to 0.")
    RMSE omega: nan | RMSE theta: nan | Loss: 789.2997 | Epoch: 43
    Eq theta: 1.00000omega
    Eq omega: nan1 + nantheta + nanomega + nantheta^2 + nantheta omega + nanomega^2

--- Chunk 89542 (3/220) | Start: 2025-07-02 00:20:00 ---
    RMSE omega: 0.042227 | RMSE theta: 5.676128 | Loss: -9874951389790858410721280.0000 | Epoch: 5222
    Eq theta: 1.00000omega
    Eq omega: 0.000111 + -0.00008theta + 0.00025omega + 0.00000theta^2 + -0.00002theta omega + -0.00003omega^2

--- Chunk 89543 (4/220) | Start: 2025-07-02 00:25:00 ---
    RMSE omega: 0.006917 | RMSE theta: 0.224724 | Loss: 45.2755 | Epoch: 5394
    Eq theta: 1.00000omega
    Eq omega: 0.000081 + -0.00014theta + -0.00629omega + -0.00001theta^2 + 0.00001theta omega + -0.00001omega^2

--- Chunk 89544 (5/220) | Start: 2025-07-02 00:30:00 ---
    RMSE omega: 0.021030 | RMSE theta: 0.660045 | Loss: 538.5511 | Epoch: 110
    Eq theta: 1.00000omega
    Eq omega: 0.005751 + -0.00049theta + -0.00210omega + -0.00003theta^2 + -0.00002theta omega + -0.00020omega^2

--- Chunk 89545 (6/220) | Start: 2025-07-02 00:35:00 ---
    RMSE omega: nan | RMSE theta: nan | Loss: 39276.4375 | Epoch: 16
    Eq theta: 1.00000omega
    Eq omega: nan1 + nantheta + nanomega + nantheta^2 + nantheta omega + nanomega^2

--- Chunk 89546 (7/220) | Start: 2025-07-02 00:40:00 ---
    RMSE omega: 0.010267 | RMSE theta: 0.046434 | Loss: 8.5889 | Epoch: 444
    Eq theta: 1.00000omega
    Eq omega: 0.007631 + 0.00113theta + -0.00302omega + -0.00060theta^2 + 0.00245theta omega + 0.00005omega^2

--- Chunk 89547 (8/220) | Start: 2025-07-02 00:45:00 ---
    RMSE omega: nan | RMSE theta: nan | Loss: 583.2626 | Epoch: 26
    Eq theta: 1.00000omega
    Eq omega: nan1 + nantheta + nanomega + nantheta^2 + nantheta omega + nanomega^2

--- Chunk 89548 (9/220) | Start: 2025-07-02 00:50:00 ---
    RMSE omega: 0.013220 | RMSE theta: 0.304439 | Loss: 140.9293 | Epoch: 1356
    Eq theta: 1.00000omega
    Eq omega: -0.002031 + -0.01723theta + 0.00025omega + 0.00000theta^2 + 0.00000theta omega + -0.00027omega^2

--- Chunk 89549 (10/220) | Start: 2025-07-02 00:55:00 ---
    RMSE omega: nan | RMSE theta: nan | Loss: 99725.0781 | Epoch: 15
    Eq theta: 1.00000omega
    Eq omega: nan1 + nantheta + nanomega + nantheta^2 + nantheta omega + nanomega^2

--- Chunk 89550 (11/220) | Start: 2025-07-02 01:00:00 ---
    RMSE omega: 0.015180 | RMSE theta: 0.576096 | Loss: 19.6042 | Epoch: 1454
    Eq theta: 1.00000omega
    Eq omega: -0.008691 + -0.04953theta + -0.00430omega + -0.00294theta^2 + -0.00029theta omega + -0.00186omega^2

--- Chunk 89551 (12/220) | Start: 2025-07-02 01:05:00 ---
    RMSE omega: 0.010121 | RMSE theta: 0.293529 | Loss: 3.7564 | Epoch: 1737
    Eq theta: 1.00000omega
    Eq omega: 0.046371 + -0.02103theta + 0.00840omega + 0.00036theta^2 + 0.00024theta omega + 0.00346omega^2

--- Chunk 89552 (13/220) | Start: 2025-07-02 01:10:00 ---
    RMSE omega: nan | RMSE theta: nan | Loss: -2274563816448145965973504.0000 | Epoch: 2135
    Eq theta: 1.00000omega
    Eq omega: nan1 + nantheta + nanomega + nantheta^2 + nantheta omega + nanomega^2

--- Chunk 89553 (14/220) | Start: 2025-07-02 01:15:00 ---
    RMSE omega: 0.008588 | RMSE theta: 0.493730 | Loss: 14.0399 | Epoch: 1545
    Eq theta: 1.00000omega
    Eq omega: -0.000891 + -0.00002theta + -0.00073omega + -0.00002theta^2 + 0.00001theta omega + 0.00015omega^2

--- Chunk 89554 (15/220) | Start: 2025-07-02 01:20:00 ---
    RMSE omega: 0.042778 | RMSE theta: 0.931711 | Loss: 330.6784 | Epoch: 34
    Eq theta: 1.00000omega
    Eq omega: 0.002461 + 0.00009theta + -0.03027omega + 0.00016theta^2 + -0.00047theta omega + 0.00984omega^2

--- Chunk 89555 (16/220) | Start: 2025-07-02 01:25:00 ---
    RMSE omega: nan | RMSE theta: nan | Loss: 676.6370 | Epoch: 30
    Eq theta: 1.00000omega
    Eq omega: nan1 + nantheta + nanomega + nantheta^2 + nantheta omega + nanomega^2

--- Chunk 89556 (17/220) | Start: 2025-07-02 01:30:00 ---
    RMSE omega: 0.023825 | RMSE theta: 0.213016 | Loss: 50.0738 | Epoch: 489
    Eq theta: 1.00000omega
    Eq omega: 0.003411 + 0.00030theta + 0.00048omega + -0.00006theta^2 + 0.00027theta omega + 0.00171omega^2

--- Chunk 89557 (18/220) | Start: 2025-07-02 01:35:00 ---
    RMSE omega: 0.024327 | RMSE theta: 0.262012 | Loss: -3010.9138 | Epoch: 435
    Eq theta: 1.00000omega
    Eq omega: 0.000921 + -0.00453theta + -0.00088omega + -0.00004theta^2 + -0.00105theta omega + 0.00033omega^2

--- Chunk 89558 (19/220) | Start: 2025-07-02 01:40:00 ---
    RMSE omega: 0.028413 | RMSE theta: 0.238326 | Loss: 56.9165 | Epoch: 38
    Eq theta: 1.00000omega
    Eq omega: -0.054991 + -0.00454theta + 0.01292omega + -0.00763theta^2 + -0.00817theta omega + -0.00530omega^2

--- Chunk 89559 (20/220) | Start: 2025-07-02 01:45:00 ---
    RMSE omega: 0.004258 | RMSE theta: 0.108764 | Loss: -0.5824 | Epoch: 1331
    Eq theta: 1.00000omega
    Eq omega: -0.002711 + 0.00250theta + 0.00739omega + -0.00096theta^2 + -0.00118theta omega + -0.00479omega^2

--- Chunk 89560 (21/220) | Start: 2025-07-02 01:50:00 ---
    RMSE omega: 0.043159 | RMSE theta: 0.618694 | Loss: 136.0347 | Epoch: 43
    Eq theta: 1.00000omega
    Eq omega: 0.001821 + -0.00026theta + -0.00143omega + 0.00022theta^2 + 0.00011theta omega + 0.00291omega^2

--- Chunk 89561 (22/220) | Start: 2025-07-02 01:55:00 ---
    RMSE omega: 0.005201 | RMSE theta: 0.168900 | Loss: -149605.9219 | Epoch: 1102
    Eq theta: 1.00000omega
    Eq omega: -0.141581 + -0.19247theta + 0.00398omega + -0.00401theta^2 + 0.00552theta omega + -0.00219omega^2

--- Chunk 89562 (23/220) | Start: 2025-07-02 02:00:00 ---
    RMSE omega: nan | RMSE theta: nan | Loss: 55.5952 | Epoch: 27
    Eq theta: 1.00000omega
    Eq omega: nan1 + nantheta + nanomega + nantheta^2 + nantheta omega + nanomega^2

--- Chunk 89563 (24/220) | Start: 2025-07-02 02:05:00 ---
    RMSE omega: 0.005157 | RMSE theta: 0.255253 | Loss: -2.2853 | Epoch: 2049
    Eq theta: 1.00000omega
    Eq omega: -0.007761 + -0.15428theta + -0.01081omega + 0.00138theta^2 + 0.00612theta omega + 0.01630omega^2

--- Chunk 89564 (25/220) | Start: 2025-07-02 02:10:00 ---
    RMSE omega: 0.019822 | RMSE theta: 0.452533 | Loss: 159.6916 | Epoch: 922
    Eq theta: 1.00000omega
    Eq omega: -0.004321 + -0.00053theta + 0.00115omega + 0.00071theta^2 + 0.00580theta omega + -0.00086omega^2

--- Chunk 89565 (26/220) | Start: 2025-07-02 02:15:00 ---
    RMSE omega: 0.008439 | RMSE theta: 0.344605 | Loss: -7.3676 | Epoch: 1339
    Eq theta: 1.00000omega
    Eq omega: 0.006821 + -0.00219theta + -0.00048omega + -0.00018theta^2 + -0.00020theta omega + -0.00253omega^2

--- Chunk 89566 (27/220) | Start: 2025-07-02 02:20:00 ---
    RMSE omega: 0.006095 | RMSE theta: 0.227150 | Loss: -121.4857 | Epoch: 1742
    Eq theta: 1.00000omega
    Eq omega: 0.001501 + -0.00513theta + -0.00079omega + -0.00311theta^2 + 0.00107theta omega + -0.00194omega^2

--- Chunk 89567 (28/220) | Start: 2025-07-02 02:25:00 ---
    RMSE omega: 0.004149 | RMSE theta: 0.080608 | Loss: -3.5826 | Epoch: 2530
    Eq theta: 1.00000omega
    Eq omega: -0.002821 + 0.00014theta + -0.00397omega + -0.00052theta^2 + -0.00320theta omega + -0.00054omega^2

--- Chunk 89568 (29/220) | Start: 2025-07-02 02:30:00 ---
    RMSE omega: nan | RMSE theta: nan | Loss: 87.8497 | Epoch: 21
    Eq theta: 1.00000omega
    Eq omega: nan1 + nantheta + nanomega + nantheta^2 + nantheta omega + nanomega^2

--- Chunk 89569 (30/220) | Start: 2025-07-02 02:35:00 ---
    RMSE omega: nan | RMSE theta: nan | Loss: 142.0892 | Epoch: 59
    Eq theta: 1.00000omega
    Eq omega: nan1 + nantheta + nanomega + nantheta^2 + nantheta omega + nanomega^2

--- Chunk 89570 (31/220) | Start: 2025-07-02 02:40:00 ---
    RMSE omega: 0.003903 | RMSE theta: 0.037905 | Loss: 0.4856 | Epoch: 1109
    Eq theta: 1.00000omega
    Eq omega: 0.001971 + -0.00207theta + 0.00113omega + -0.00025theta^2 + -0.00049theta omega + -0.00019omega^2

--- Chunk 89571 (32/220) | Start: 2025-07-02 02:45:00 ---
    RMSE omega: 0.007207 | RMSE theta: 0.120880 | Loss: 8.3135 | Epoch: 1473
    Eq theta: 1.00000omega
    Eq omega: -0.000281 + -0.00009theta + 0.00005omega + -0.00000theta^2 + 0.00001theta omega + 0.00020omega^2

--- Chunk 89572 (33/220) | Start: 2025-07-02 02:50:00 ---
    RMSE omega: 0.015992 | RMSE theta: 0.355564 | Loss: 205.4943 | Epoch: 1350
    Eq theta: 1.00000omega
    Eq omega: 0.001601 + 0.00004theta + -0.01212omega + -0.00000theta^2 + -0.00001theta omega + -0.00012omega^2

--- Chunk 89573 (34/220) | Start: 2025-07-02 02:55:00 ---
    RMSE omega: nan | RMSE theta: nan | Loss: 2991.0007 | Epoch: 36
    Eq theta: 1.00000omega
    Eq omega: nan1 + nantheta + nanomega + nantheta^2 + nantheta omega + nanomega^2

--- Chunk 89574 (35/220) | Start: 2025-07-02 03:00:00 ---
    RMSE omega: 0.004975 | RMSE theta: 0.242229 | Loss: -1.2485 | Epoch: 2162
    Eq theta: 1.00000omega
    Eq omega: 0.016281 + -0.09551theta + -0.01406omega + -0.03452theta^2 + -0.00117theta omega + -0.00367omega^2

--- Chunk 89575 (36/220) | Start: 2025-07-02 03:05:00 ---
    RMSE omega: 0.036430 | RMSE theta: 0.362212 | Loss: -15494.8750 | Epoch: 913
    Eq theta: 1.00000omega
    Eq omega: 0.008741 + -0.06308theta + 0.00148omega + 0.03461theta^2 + 0.00143theta omega + -0.00089omega^2

--- Chunk 89576 (37/220) | Start: 2025-07-02 03:10:00 ---
    RMSE omega: 0.015419 | RMSE theta: 0.251296 | Loss: 7.6599 | Epoch: 353
    Eq theta: 1.00000omega
    Eq omega: -0.026151 + -0.03137theta + 0.00147omega + -0.00079theta^2 + 0.00126theta omega + -0.00124omega^2

--- Chunk 89577 (38/220) | Start: 2025-07-02 03:15:00 ---
    RMSE omega: 0.005185 | RMSE theta: 0.234304 | Loss: -1.1774 | Epoch: 5386
    Eq theta: 1.00000omega
    Eq omega: -0.000491 + -0.00018theta + -0.00135omega + 0.00011theta^2 + 0.00006theta omega + 0.00090omega^2

--- Chunk 89578 (39/220) | Start: 2025-07-02 03:20:00 ---
    RMSE omega: nan | RMSE theta: nan | Loss: 7277.9028 | Epoch: 19
    Eq theta: 1.00000omega
    Eq omega: nan1 + nantheta + nanomega + nantheta^2 + nantheta omega + nanomega^2

--- Chunk 89579 (40/220) | Start: 2025-07-02 03:25:00 ---
    RMSE omega: 0.004266 | RMSE theta: 0.104222 | Loss: -0.7117 | Epoch: 1946
    Eq theta: 1.00000omega
    Eq omega: 0.000211 + 0.00017theta + -0.00076omega + 0.00037theta^2 + 0.00072theta omega + 0.00169omega^2

--- Chunk 89580 (41/220) | Start: 2025-07-02 03:30:00 ---
    RMSE omega: 0.004313 | RMSE theta: 0.223409 | Loss: -119.6819 | Epoch: 1710
    Eq theta: 1.00000omega
    Eq omega: 0.000131 + -0.00025theta + -0.00030omega + 0.00004theta^2 + 0.00041theta omega + -0.00228omega^2

--- Chunk 89581 (42/220) | Start: 2025-07-02 03:35:00 ---
    RMSE omega: 0.004631 | RMSE theta: 0.081577 | Loss: -1.9151 | Epoch: 1905
    Eq theta: 1.00000omega
    Eq omega: 0.002981 + -0.17083theta + 0.01013omega + -0.00061theta^2 + -0.00157theta omega + -0.00260omega^2

--- Chunk 89582 (43/220) | Start: 2025-07-02 03:40:00 ---
    RMSE omega: 0.003772 | RMSE theta: 0.024650 | Loss: -1.7440 | Epoch: 1487
    Eq theta: 1.00000omega
    Eq omega: -0.001281 + 0.00079theta + 0.00108omega + -0.00015theta^2 + -0.00022theta omega + -0.00052omega^2

--- Chunk 89583 (44/220) | Start: 2025-07-02 03:45:00 ---
    RMSE omega: 0.007122 | RMSE theta: 0.208051 | Loss: -41.8613 | Epoch: 1216
    Eq theta: 1.00000omega
    Eq omega: -0.016901 + -0.97870theta + 0.00973omega + -0.02790theta^2 + -0.00371theta omega + 0.01161omega^2

--- Chunk 89584 (45/220) | Start: 2025-07-02 03:50:00 ---
    RMSE omega: 0.003600 | RMSE theta: 0.077028 | Loss: -221.4689 | Epoch: 1554
    Eq theta: 1.00000omega
    Eq omega: -0.000711 + -0.00000theta + 0.00007omega + -0.00018theta^2 + -0.00131theta omega + -0.00147omega^2

--- Chunk 89585 (46/220) | Start: 2025-07-02 03:55:00 ---
    RMSE omega: 0.039493 | RMSE theta: 0.708843 | Loss: 199.1751 | Epoch: 31
    Eq theta: 1.00000omega
    Eq omega: 0.000791 + -0.00160theta + 0.00006omega + 0.00002theta^2 + 0.00041theta omega + -0.00051omega^2

--- Chunk 89586 (47/220) | Start: 2025-07-02 04:00:00 ---
    RMSE omega: 0.005438 | RMSE theta: 0.206334 | Loss: 11.1048 | Epoch: 3248
    Eq theta: 1.00000omega
    Eq omega: 0.005101 + -0.00021theta + -0.00156omega + -0.00002theta^2 + 0.00012theta omega + -0.00053omega^2

--- Chunk 89587 (48/220) | Start: 2025-07-02 04:05:00 ---
    RMSE omega: 0.004868 | RMSE theta: 0.096769 | Loss: 1.7732 | Epoch: 988
    Eq theta: 1.00000omega
    Eq omega: 0.000291 + 0.00032theta + -0.00382omega + 0.00031theta^2 + 0.00034theta omega + 0.00244omega^2

--- Chunk 89588 (49/220) | Start: 2025-07-02 04:10:00 ---
    RMSE omega: 0.003918 | RMSE theta: 0.030262 | Loss: -2.1046 | Epoch: 1574
    Eq theta: 1.00000omega
    Eq omega: -0.001251 + -0.58029theta + -0.05663omega + 0.02374theta^2 + 0.03859theta omega + 0.00105omega^2

--- Chunk 89589 (50/220) | Start: 2025-07-02 04:15:00 ---
    RMSE omega: 0.003856 | RMSE theta: 0.070285 | Loss: 0.7656 | Epoch: 1484
    Eq theta: 1.00000omega
    Eq omega: -0.007361 + 0.00001theta + -0.00555omega + -0.00070theta^2 + -0.00151theta omega + 0.00064omega^2

  [Progress 50/220] Mean RMSE omega: 0.013379 | Mean loss: -242990304124780079480832.0000 | Valid: 39/50 | Elapsed: 23.8min | ETA: 80.9min

--- Chunk 89590 (51/220) | Start: 2025-07-02 04:20:00 ---
    RMSE omega: nan | RMSE theta: nan | Loss: 254.4554 | Epoch: 50
    Eq theta: 1.00000omega
    Eq omega: nan1 + nantheta + nanomega + nantheta^2 + nantheta omega + nanomega^2

--- Chunk 89591 (52/220) | Start: 2025-07-02 04:25:00 ---
    RMSE omega: 0.005667 | RMSE theta: 0.077029 | Loss: -1.7078 | Epoch: 2213
    Eq theta: 1.00000omega
    Eq omega: -0.000981 + 0.00087theta + 0.00186omega + -0.00083theta^2 + -0.00106theta omega + -0.01152omega^2

--- Chunk 89592 (53/220) | Start: 2025-07-02 04:30:00 ---
    RMSE omega: nan | RMSE theta: nan | Loss: -1237170504808459500385740055904256.0000 | Epoch: 1545
    Eq theta: 1.00000omega
    Eq omega: nan1 + nantheta + nanomega + nantheta^2 + nantheta omega + nanomega^2

--- Chunk 89593 (54/220) | Start: 2025-07-02 04:35:00 ---
    RMSE omega: 0.040970 | RMSE theta: 0.464646 | Loss: 80.6995 | Epoch: 441
    Eq theta: 1.00000omega
    Eq omega: -0.002041 + -0.18743theta + -0.00359omega + 0.02104theta^2 + -0.02706theta omega + 0.00582omega^2

--- Chunk 89594 (55/220) | Start: 2025-07-02 04:40:00 ---
    RMSE omega: nan | RMSE theta: nan | Loss: 48.2663 | Epoch: 41
    Eq theta: 1.00000omega
    Eq omega: nan1 + nantheta + nanomega + nantheta^2 + nantheta omega + nanomega^2

--- Chunk 89595 (56/220) | Start: 2025-07-02 04:45:00 ---
    RMSE omega: nan | RMSE theta: nan | Loss: -2449552034042753814129296961175552.0000 | Epoch: 2522
    Eq theta: 1.00000omega
    Eq omega: nan1 + nantheta + nanomega + nantheta^2 + nantheta omega + nanomega^2

--- Chunk 89596 (57/220) | Start: 2025-07-02 04:50:00 ---
    RMSE omega: 0.003962 | RMSE theta: 0.068588 | Loss: -0.8428 | Epoch: 2032
    Eq theta: 1.00000omega
    Eq omega: -0.000491 + -0.00046theta + -0.00003omega + 0.00004theta^2 + -0.00023theta omega + -0.00316omega^2

--- Chunk 89597 (58/220) | Start: 2025-07-02 04:55:00 ---
    RMSE omega: nan | RMSE theta: nan | Loss: 399.8654 | Epoch: 26
    Eq theta: 1.00000omega
    Eq omega: nan1 + nantheta + nanomega + nantheta^2 + nantheta omega + nanomega^2

--- Chunk 89598 (59/220) | Start: 2025-07-02 05:00:00 ---
    RMSE omega: nan | RMSE theta: nan | Loss: 608.7237 | Epoch: 22
    Eq theta: 1.00000omega
    Eq omega: nan1 + nantheta + nanomega + nantheta^2 + nantheta omega + nanomega^2

--- Chunk 89599 (60/220) | Start: 2025-07-02 05:05:00 ---
    RMSE omega: 0.004124 | RMSE theta: 0.045950 | Loss: -0.9817 | Epoch: 796
    Eq theta: 1.00000omega
    Eq omega: -0.005571 + 0.00146theta + -0.00563omega + 0.00250theta^2 + 0.01030theta omega + 0.00008omega^2

--- Chunk 89600 (61/220) | Start: 2025-07-02 05:10:00 ---
    RMSE omega: nan | RMSE theta: nan | Loss: 54.8108 | Epoch: 30
    Eq theta: 1.00000omega
    Eq omega: nan1 + nantheta + nanomega + nantheta^2 + nantheta omega + nanomega^2

--- Chunk 89601 (62/220) | Start: 2025-07-02 05:15:00 ---
    RMSE omega: nan | RMSE theta: nan | Loss: 33.6931 | Epoch: 45
    Eq theta: 1.00000omega
    Eq omega: nan1 + nantheta + nanomega + nantheta^2 + nantheta omega + nanomega^2

--- Chunk 89602 (63/220) | Start: 2025-07-02 05:20:00 ---
    RMSE omega: nan | RMSE theta: nan | Loss: 135.4518 | Epoch: 60
    Eq theta: 1.00000omega
    Eq omega: nan1 + nantheta + nanomega + nantheta^2 + nantheta omega + nanomega^2

--- Chunk 89603 (64/220) | Start: 2025-07-02 05:25:00 ---
    RMSE omega: 0.004493 | RMSE theta: 0.046043 | Loss: -0.8970 | Epoch: 1554
    Eq theta: 1.00000omega
    Eq omega: 0.000691 + -0.00043theta + -0.00139omega + -0.00072theta^2 + 0.00000theta omega + -0.00281omega^2

--- Chunk 89604 (65/220) | Start: 2025-07-02 05:30:00 ---
    RMSE omega: 0.012970 | RMSE theta: 0.432671 | Loss: 3.6155 | Epoch: 955
    Eq theta: 1.00000omega
    Eq omega: 0.018091 + -0.15114theta + 0.01362omega + 0.00053theta^2 + -0.00075theta omega + -0.00599omega^2

--- Chunk 89605 (66/220) | Start: 2025-07-02 05:35:00 ---
    RMSE omega: 0.005254 | RMSE theta: 0.134382 | Loss: -0.4659 | Epoch: 1657
    Eq theta: 1.00000omega
    Eq omega: 0.001161 + -0.00090theta + 0.00543omega + -0.00101theta^2 + 0.00030theta omega + -0.00091omega^2

--- Chunk 89606 (67/220) | Start: 2025-07-02 05:40:00 ---
    RMSE omega: 0.007512 | RMSE theta: 0.093599 | Loss: 4.1895 | Epoch: 2240
    Eq theta: 1.00000omega
    Eq omega: 0.026501 + -0.03029theta + 0.00220omega + 0.00011theta^2 + -0.00093theta omega + -0.00095omega^2

--- Chunk 89607 (68/220) | Start: 2025-07-02 05:45:00 ---
    RMSE omega: 0.005089 | RMSE theta: 0.258366 | Loss: 7.7677 | Epoch: 2446
    Eq theta: 1.00000omega
    Eq omega: -0.002511 + -0.00004theta + -0.00122omega + 0.00000theta^2 + -0.00002theta omega + -0.00020omega^2

--- Chunk 89608 (69/220) | Start: 2025-07-02 05:50:00 ---
    RMSE omega: nan | RMSE theta: nan | Loss: 1709.1993 | Epoch: 33
    Eq theta: 1.00000omega
    Eq omega: nan1 + nantheta + nanomega + nantheta^2 + nantheta omega + nanomega^2

--- Chunk 89609 (70/220) | Start: 2025-07-02 05:55:00 ---
    RMSE omega: 0.004401 | RMSE theta: 0.122663 | Loss: -0.0870 | Epoch: 1610
    Eq theta: 1.00000omega
    Eq omega: -0.001511 + 0.00102theta + -0.00547omega + -0.00126theta^2 + -0.00075theta omega + -0.00405omega^2

--- Chunk 89610 (71/220) | Start: 2025-07-02 06:00:00 ---
    RMSE omega: 0.012519 | RMSE theta: 1.540532 | Loss: -636802069781160493318144.0000 | Epoch: 3228
    Eq theta: 1.00000omega
    Eq omega: 0.000441 + -0.00005theta + -0.00047omega + 0.00001theta^2 + 0.00001theta omega + -0.00002omega^2

--- Chunk 89611 (72/220) | Start: 2025-07-02 06:05:00 ---
    RMSE omega: nan | RMSE theta: nan | Loss: 404.7141 | Epoch: 65
    Eq theta: 1.00000omega
    Eq omega: nan1 + nantheta + nanomega + nantheta^2 + nantheta omega + nanomega^2

--- Chunk 89612 (73/220) | Start: 2025-07-02 06:10:00 ---
    RMSE omega: 0.003434 | RMSE theta: 0.044827 | Loss: -1.9854 | Epoch: 1378
    Eq theta: 1.00000omega
    Eq omega: 0.000511 + -0.00029theta + 0.00014omega + 0.00013theta^2 + 0.00011theta omega + -0.00152omega^2

--- Chunk 89613 (74/220) | Start: 2025-07-02 06:15:00 ---
    RMSE omega: 0.003479 | RMSE theta: 0.059507 | Loss: -1.4630 | Epoch: 1333
    Eq theta: 1.00000omega
    Eq omega: -0.000721 + 0.00110theta + 0.00155omega + -0.00029theta^2 + -0.00097theta omega + -0.00032omega^2

--- Chunk 89614 (75/220) | Start: 2025-07-02 06:20:00 ---
    RMSE omega: nan | RMSE theta: nan | Loss: 259.7874 | Epoch: 76
    Eq theta: 1.00000omega
    Eq omega: nan1 + nantheta + nanomega + nantheta^2 + nantheta omega + nanomega^2

--- Chunk 89615 (76/220) | Start: 2025-07-02 06:25:00 ---
    RMSE omega: 0.003847 | RMSE theta: 0.020706 | Loss: -0.8516 | Epoch: 1373
    Eq theta: 1.00000omega
    Eq omega: 0.011791 + -2.15057theta + 0.02910omega + 0.02431theta^2 + -0.04940theta omega + 0.17199omega^2

--- Chunk 89616 (77/220) | Start: 2025-07-02 06:30:00 ---
    RMSE omega: nan | RMSE theta: nan | Loss: 105.8120 | Epoch: 41
    Eq theta: 1.00000omega
    Eq omega: nan1 + nantheta + nanomega + nantheta^2 + nantheta omega + nanomega^2

--- Chunk 89617 (78/220) | Start: 2025-07-02 06:35:00 ---
    RMSE omega: 0.005150 | RMSE theta: 0.403528 | Loss: 5.5228 | Epoch: 3767
    Eq theta: 1.00000omega
    Eq omega: 0.000571 + 0.00003theta + 0.00038omega + 0.00000theta^2 + 0.00001theta omega + 0.00007omega^2

--- Chunk 89618 (79/220) | Start: 2025-07-02 06:40:00 ---
    RMSE omega: nan | RMSE theta: nan | Loss: 284.2577 | Epoch: 16
    Eq theta: 1.00000omega
    Eq omega: nan1 + nantheta + nanomega + nantheta^2 + nantheta omega + nanomega^2

--- Chunk 89619 (80/220) | Start: 2025-07-02 06:45:00 ---
    RMSE omega: 0.004543 | RMSE theta: 0.031712 | Loss: -1.9703 | Epoch: 1241
    Eq theta: 1.00000omega
    Eq omega: -0.003561 + -0.00146theta + -0.00331omega + 0.00151theta^2 + 0.00138theta omega + -0.00008omega^2

--- Chunk 89620 (81/220) | Start: 2025-07-02 06:50:00 ---
    RMSE omega: 0.003840 | RMSE theta: 0.061387 | Loss: -2.6449 | Epoch: 1691
    Eq theta: 1.00000omega
    Eq omega: -0.000741 + 0.00024theta + -0.00043omega + 0.00051theta^2 + 0.00074theta omega + 0.00048omega^2

--- Chunk 89621 (82/220) | Start: 2025-07-02 06:55:00 ---
    RMSE omega: 0.038358 | RMSE theta: 0.440972 | Loss: -9542857392128.0000 | Epoch: 833
    Eq theta: 1.00000omega
    Eq omega: 0.042001 + -0.02140theta + 0.01715omega + -0.01729theta^2 + -0.00003theta omega + 0.03611omega^2

--- Chunk 89622 (83/220) | Start: 2025-07-02 07:00:00 ---
    RMSE omega: 0.005384 | RMSE theta: 0.226091 | Loss: -0.9140 | Epoch: 1958
    Eq theta: 1.00000omega
    Eq omega: -0.001881 + -0.00131theta + -0.00184omega + 0.00001theta^2 + 0.00040theta omega + -0.00206omega^2

--- Chunk 89623 (84/220) | Start: 2025-07-02 07:05:00 ---
    RMSE omega: 0.013773 | RMSE theta: 0.358304 | Loss: 32.4481 | Epoch: 1573
    Eq theta: 1.00000omega
    Eq omega: -0.002601 + 0.00020theta + 0.00124omega + -0.00003theta^2 + 0.00013theta omega + -0.00043omega^2

--- Chunk 89624 (85/220) | Start: 2025-07-02 07:10:00 ---
    RMSE omega: nan | RMSE theta: nan | Loss: 52.7687 | Epoch: 145
    Eq theta: 1.00000omega
    Eq omega: nan1 + nantheta + nanomega + nantheta^2 + nantheta omega + nanomega^2

--- Chunk 89625 (86/220) | Start: 2025-07-02 07:15:00 ---
    RMSE omega: nan | RMSE theta: nan | Loss: 9.8002 | Epoch: 339
    Eq theta: 1.00000omega
    Eq omega: nan1 + nantheta + nanomega + nantheta^2 + nantheta omega + nanomega^2

--- Chunk 89626 (87/220) | Start: 2025-07-02 07:20:00 ---
    RMSE omega: nan | RMSE theta: nan | Loss: 90.4664 | Epoch: 78
    Eq theta: 1.00000omega
    Eq omega: nan1 + nantheta + nanomega + nantheta^2 + nantheta omega + nanomega^2

--- Chunk 89627 (88/220) | Start: 2025-07-02 07:25:00 ---
    RMSE omega: 0.010669 | RMSE theta: 0.824085 | Loss: -6908761.5000 | Epoch: 2184
    Eq theta: 1.00000omega
    Eq omega: -0.000761 + 0.00020theta + -0.00103omega + -0.00000theta^2 + 0.00019theta omega + 0.00022omega^2

--- Chunk 89628 (89/220) | Start: 2025-07-02 07:30:00 ---
    RMSE omega: 0.017090 | RMSE theta: 0.161194 | Loss: 22.0087 | Epoch: 427
    Eq theta: 1.00000omega
    Eq omega: -0.003691 + -0.00228theta + 0.00188omega + 0.00032theta^2 + 0.00087theta omega + -0.00207omega^2

--- Chunk 89629 (90/220) | Start: 2025-07-02 07:35:00 ---
    RMSE omega: nan | RMSE theta: nan | Loss: 45.2033 | Epoch: 299
    Eq theta: 1.00000omega
    Eq omega: nan1 + nantheta + nanomega + nantheta^2 + nantheta omega + nanomega^2

--- Chunk 89630 (91/220) | Start: 2025-07-02 07:40:00 ---
    RMSE omega: 0.003668 | RMSE theta: 0.170476 | Loss: 1.8950 | Epoch: 1727
    Eq theta: 1.00000omega
    Eq omega: 0.000361 + 0.00027theta + -0.00273omega + -0.00011theta^2 + -0.00025theta omega + 0.00066omega^2

--- Chunk 89631 (92/220) | Start: 2025-07-02 07:45:00 ---
    RMSE omega: 0.015654 | RMSE theta: 0.326451 | Loss: 55.2972 | Epoch: 1436
    Eq theta: 1.00000omega
    Eq omega: 0.001521 + -0.00101theta + 0.00033omega + 0.00001theta^2 + -0.00005theta omega + 0.00027omega^2

--- Chunk 89632 (93/220) | Start: 2025-07-02 07:50:00 ---
    RMSE omega: 0.016409 | RMSE theta: 0.128158 | Loss: -824.8433 | Epoch: 1700
    Eq theta: 1.00000omega
    Eq omega: -0.001191 + -0.00319theta + -0.00070omega + -0.00013theta^2 + 0.00104theta omega + -0.00004omega^2

--- Chunk 89633 (94/220) | Start: 2025-07-02 07:55:00 ---
    RMSE omega: 0.004601 | RMSE theta: 0.061562 | Loss: -0.2873 | Epoch: 1400
    Eq theta: 1.00000omega
    Eq omega: -0.001891 + 0.00009theta + 0.00012omega + 0.00017theta^2 + -0.00042theta omega + -0.00126omega^2

--- Chunk 89634 (95/220) | Start: 2025-07-02 08:00:00 ---
    RMSE omega: 0.005837 | RMSE theta: 0.368917 | Loss: -21214784.0000 | Epoch: 1575
    Eq theta: 1.00000omega
    Eq omega: 0.000021 + -0.00009theta + -0.00038omega + -0.00007theta^2 + 0.00016theta omega + 0.00002omega^2

--- Chunk 89635 (96/220) | Start: 2025-07-02 08:05:00 ---
    RMSE omega: 0.026183 | RMSE theta: 0.258701 | Loss: 112.8940 | Epoch: 81
    Eq theta: 1.00000omega
    Eq omega: 0.000671 + -0.00250theta + -0.00038omega + -0.00027theta^2 + -0.00134theta omega + -0.00002omega^2

--- Chunk 89636 (97/220) | Start: 2025-07-02 08:10:00 ---
    RMSE omega: 0.003642 | RMSE theta: 0.076772 | Loss: -1.7851 | Epoch: 1660
    Eq theta: 1.00000omega
    Eq omega: -0.000881 + -0.00040theta + 0.00395omega + -0.00019theta^2 + -0.00077theta omega + 0.00072omega^2

--- Chunk 89637 (98/220) | Start: 2025-07-02 08:15:00 ---
    RMSE omega: nan | RMSE theta: nan | Loss: 257.0545 | Epoch: 38
    Eq theta: 1.00000omega
    Eq omega: nan1 + nantheta + nanomega + nantheta^2 + nantheta omega + nanomega^2

--- Chunk 89638 (99/220) | Start: 2025-07-02 08:20:00 ---
    RMSE omega: nan | RMSE theta: nan | Loss: 324.0884 | Epoch: 84
    Eq theta: 1.00000omega
    Eq omega: nan1 + nantheta + nanomega + nantheta^2 + nantheta omega + nanomega^2

--- Chunk 89639 (100/220) | Start: 2025-07-02 08:25:00 ---
    RMSE omega: 0.013185 | RMSE theta: 1.021376 | Loss: -19452303360.0000 | Epoch: 2236
    Eq theta: 1.00000omega
    Eq omega: -0.002841 + 0.00050theta + 0.00281omega + -0.00010theta^2 + -0.00007theta omega + 0.00135omega^2

  [Progress 100/220] Mean RMSE omega: 0.011993 | Mean loss: -36867225516375305184776078491648.0000 | Valid: 69/100 | Elapsed: 44.2min | ETA: 53.0min

--- Chunk 89640 (101/220) | Start: 2025-07-02 08:30:00 ---
    RMSE omega: 0.007345 | RMSE theta: 0.264794 | Loss: -238445.6562 | Epoch: 2771
    Eq theta: 1.00000omega
    Eq omega: -0.001161 + -0.00100theta + -0.00301omega + -0.00045theta^2 + 0.00181theta omega + 0.00112omega^2

--- Chunk 89641 (102/220) | Start: 2025-07-02 08:35:00 ---
    RMSE omega: 0.009600 | RMSE theta: 0.096757 | Loss: -1.3987 | Epoch: 1395
    Eq theta: 1.00000omega
    Eq omega: 0.001721 + 0.00084theta + -0.00105omega + 0.00067theta^2 + 0.00034theta omega + -0.00056omega^2

--- Chunk 89642 (103/220) | Start: 2025-07-02 08:40:00 ---
    RMSE omega: 0.041852 | RMSE theta: 0.545754 | Loss: 239.0851 | Epoch: 33
    Eq theta: 1.00000omega
    Eq omega: 0.001691 + -0.00486theta + 0.00268omega + 0.00009theta^2 + 0.00071theta omega + 0.00110omega^2

--- Chunk 89643 (104/220) | Start: 2025-07-02 08:45:00 ---
    RMSE omega: 0.017279 | RMSE theta: 0.377579 | Loss: 84.2973 | Epoch: 121
    Eq theta: 1.00000omega
    Eq omega: 0.000251 + -0.00019theta + 0.00020omega + 0.00008theta^2 + 0.00007theta omega + 0.00042omega^2

--- Chunk 89644 (105/220) | Start: 2025-07-02 08:50:00 ---
    RMSE omega: 0.004631 | RMSE theta: 0.111033 | Loss: -1.7278 | Epoch: 1473
    Eq theta: 1.00000omega
    Eq omega: 0.002261 + -0.00057theta + -0.01993omega + -0.00275theta^2 + 0.00118theta omega + -0.00069omega^2

--- Chunk 89645 (106/220) | Start: 2025-07-02 08:55:00 ---
    RMSE omega: 0.004457 | RMSE theta: 0.058315 | Loss: -1.0781 | Epoch: 1508
    Eq theta: 1.00000omega
    Eq omega: 0.000291 + -0.00397theta + -0.00118omega + 0.00029theta^2 + -0.00095theta omega + 0.00191omega^2

--- Chunk 89646 (107/220) | Start: 2025-07-02 09:00:00 ---
    RMSE omega: 0.014139 | RMSE theta: 0.370939 | Loss: -5760.5488 | Epoch: 1589
    Eq theta: 1.00000omega
    Eq omega: -0.000071 + -0.00040theta + 0.00132omega + 0.00012theta^2 + -0.00061theta omega + 0.00294omega^2

--- Chunk 89647 (108/220) | Start: 2025-07-02 09:05:00 ---
    RMSE omega: 0.004401 | RMSE theta: 0.209978 | Loss: 4.4705 | Epoch: 2810
    Eq theta: 1.00000omega
    Eq omega: 0.004271 + -0.00109theta + -0.00283omega + -0.00001theta^2 + -0.00004theta omega + -0.00004omega^2

--- Chunk 89648 (109/220) | Start: 2025-07-02 09:10:00 ---
    RMSE omega: 0.025198 | RMSE theta: 0.294764 | Loss: -5700.0137 | Epoch: 1112
    Eq theta: 1.00000omega
    Eq omega: -0.000461 + -0.00040theta + -0.00115omega + 0.00004theta^2 + -0.00008theta omega + -0.00021omega^2

--- Chunk 89649 (110/220) | Start: 2025-07-02 09:15:00 ---
    RMSE omega: 0.004055 | RMSE theta: 0.064317 | Loss: -2.6452 | Epoch: 1289
    Eq theta: 1.00000omega
    Eq omega: -0.006631 + 0.08158theta + -0.01848omega + -0.25279theta^2 + -0.00927theta omega + -0.00451omega^2

--- Chunk 89650 (111/220) | Start: 2025-07-02 09:20:00 ---
    RMSE omega: nan | RMSE theta: nan | Loss: 43.8573 | Epoch: 191
    Eq theta: 1.00000omega
    Eq omega: nan1 + nantheta + nanomega + nantheta^2 + nantheta omega + nanomega^2

--- Chunk 89651 (112/220) | Start: 2025-07-02 09:25:00 ---
    RMSE omega: 0.005198 | RMSE theta: 0.026200 | Loss: -1.7969 | Epoch: 2088
    Eq theta: 1.00000omega
    Eq omega: -0.000091 + -0.03807theta + -0.00882omega + 0.00183theta^2 + -0.00124theta omega + 0.00037omega^2

--- Chunk 89652 (113/220) | Start: 2025-07-02 09:30:00 ---
    RMSE omega: 0.011519 | RMSE theta: 0.109422 | Loss: -676395.8125 | Epoch: 1076
    Eq theta: 1.00000omega
    Eq omega: 0.000671 + -0.00005theta + -0.00013omega + 0.00007theta^2 + -0.00022theta omega + -0.00051omega^2

--- Chunk 89653 (114/220) | Start: 2025-07-02 09:35:00 ---
    RMSE omega: 0.008942 | RMSE theta: 0.625193 | Loss: -93.4027 | Epoch: 1818
    Eq theta: 1.00000omega
    Eq omega: 0.001631 + -0.00047theta + -0.00046omega + -0.00006theta^2 + -0.00003theta omega + 0.00009omega^2

--- Chunk 89654 (115/220) | Start: 2025-07-02 09:40:00 ---
    RMSE omega: nan | RMSE theta: nan | Loss: 16307.9736 | Epoch: 16
    Eq theta: 1.00000omega
    Eq omega: nan1 + nantheta + nanomega + nantheta^2 + nantheta omega + nanomega^2

--- Chunk 89655 (116/220) | Start: 2025-07-02 09:45:00 ---
    RMSE omega: 0.003926 | RMSE theta: 0.134060 | Loss: 5.5502 | Epoch: 2485
    Eq theta: 1.00000omega
    Eq omega: -0.000941 + 0.00023theta + -0.00413omega + 0.00007theta^2 + 0.00016theta omega + -0.00001omega^2

--- Chunk 89656 (117/220) | Start: 2025-07-02 09:50:00 ---
    RMSE omega: nan | RMSE theta: nan | Loss: 64.0788 | Epoch: 50
    Eq theta: 1.00000omega
    Eq omega: nan1 + nantheta + nanomega + nantheta^2 + nantheta omega + nanomega^2

--- Chunk 89657 (118/220) | Start: 2025-07-02 09:55:00 ---
    RMSE omega: 0.006490 | RMSE theta: 0.472628 | Loss: -92861.6719 | Epoch: 2624
    Eq theta: 1.00000omega
    Eq omega: -0.000501 + -0.00025theta + 0.00656omega + 0.00000theta^2 + -0.00001theta omega + -0.00025omega^2

--- Chunk 89658 (119/220) | Start: 2025-07-02 10:00:00 ---
    RMSE omega: 0.006187 | RMSE theta: 0.365940 | Loss: -66.0908 | Epoch: 2443
    Eq theta: 1.00000omega
    Eq omega: -0.001461 + -0.00009theta + 0.00045omega + -0.00007theta^2 + 0.00044theta omega + -0.00056omega^2

--- Chunk 89659 (120/220) | Start: 2025-07-02 10:05:00 ---
    RMSE omega: 0.003831 | RMSE theta: 0.080878 | Loss: -2.5619 | Epoch: 2207
    Eq theta: 1.00000omega
    Eq omega: 0.001131 + -0.00359theta + -0.00213omega + -0.00325theta^2 + -0.00070theta omega + -0.00046omega^2

--- Chunk 89660 (121/220) | Start: 2025-07-02 10:10:00 ---
    RMSE omega: 0.036303 | RMSE theta: 0.715852 | Loss: 107.3210 | Epoch: 52
    Eq theta: 1.00000omega
    Eq omega: 0.083011 + -0.00216theta + 0.00069omega + 0.00103theta^2 + -0.00037theta omega + -0.00096omega^2

--- Chunk 89661 (122/220) | Start: 2025-07-02 10:15:00 ---
    RMSE omega: 0.041569 | RMSE theta: 0.492817 | Loss: 96.4724 | Epoch: 31
    Eq theta: 1.00000omega
    Eq omega: -0.005171 + -0.00246theta + 0.00091omega + -0.00203theta^2 + -0.00898theta omega + -0.00283omega^2

--- Chunk 89662 (123/220) | Start: 2025-07-02 10:20:00 ---
    RMSE omega: 0.004436 | RMSE theta: 0.156255 | Loss: -0.4205 | Epoch: 1421
    Eq theta: 1.00000omega
    Eq omega: -0.010851 + -0.00089theta + -0.00053omega + -0.00007theta^2 + -0.00257theta omega + -0.00049omega^2

--- Chunk 89663 (124/220) | Start: 2025-07-02 10:25:00 ---
    RMSE omega: 0.004818 | RMSE theta: 0.081726 | Loss: -0.3679 | Epoch: 1557
    Eq theta: 1.00000omega
    Eq omega: -0.001021 + -0.00059theta + -0.00133omega + 0.00006theta^2 + -0.00012theta omega + 0.00054omega^2

--- Chunk 89664 (125/220) | Start: 2025-07-02 10:30:00 ---
    RMSE omega: 0.003841 | RMSE theta: 0.046913 | Loss: -1.7909 | Epoch: 1253
    Eq theta: 1.00000omega
    Eq omega: 0.000181 + -0.00149theta + 0.00140omega + 0.00225theta^2 + -0.00042theta omega + -0.00138omega^2

--- Chunk 89665 (126/220) | Start: 2025-07-02 10:35:00 ---
    RMSE omega: 0.004478 | RMSE theta: 0.221614 | Loss: 0.9220 | Epoch: 1346
    Eq theta: 1.00000omega
    Eq omega: 0.014601 + 0.00078theta + 0.03149omega + 0.00047theta^2 + -0.00030theta omega + 0.00121omega^2

--- Chunk 89666 (127/220) | Start: 2025-07-02 10:40:00 ---
    RMSE omega: 0.005332 | RMSE theta: 0.193120 | Loss: -4311.8374 | Epoch: 2078
    Eq theta: 1.00000omega
    Eq omega: -0.005471 + -0.01123theta + 0.00225omega + 0.00047theta^2 + -0.00036theta omega + -0.00067omega^2

--- Chunk 89667 (128/220) | Start: 2025-07-02 10:45:00 ---
    RMSE omega: 0.005993 | RMSE theta: 0.873159 | Loss: -86810496.0000 | Epoch: 3277
    Eq theta: 1.00000omega
    Eq omega: 0.001241 + -0.00028theta + -0.00033omega + 0.00003theta^2 + 0.00009theta omega + -0.00009omega^2

--- Chunk 89668 (129/220) | Start: 2025-07-02 10:50:00 ---
    RMSE omega: 0.007074 | RMSE theta: 0.147343 | Loss: -68915.6797 | Epoch: 1997
    Eq theta: 1.00000omega
    Eq omega: -0.002071 + 0.00004theta + 0.00048omega + -0.00007theta^2 + -0.00041theta omega + -0.00021omega^2

--- Chunk 89669 (130/220) | Start: 2025-07-02 10:55:00 ---
    RMSE omega: 0.015271 | RMSE theta: 0.331221 | Loss: 237.5148 | Epoch: 1443
    Eq theta: 1.00000omega
    Eq omega: 0.001751 + 0.00017theta + 0.00704omega + -0.00000theta^2 + 0.00002theta omega + 0.00012omega^2

--- Chunk 89670 (131/220) | Start: 2025-07-02 11:00:00 ---
    RMSE omega: nan | RMSE theta: nan | Loss: 519.3412 | Epoch: 18
    Eq theta: 1.00000omega
    Eq omega: nan1 + nantheta + nanomega + nantheta^2 + nantheta omega + nanomega^2

--- Chunk 89671 (132/220) | Start: 2025-07-02 11:05:00 ---
    RMSE omega: 0.004665 | RMSE theta: 0.153722 | Loss: -160.9254 | Epoch: 1454
    Eq theta: 1.00000omega
    Eq omega: -0.000451 + -0.00066theta + -0.00052omega + 0.00005theta^2 + 0.00029theta omega + -0.00086omega^2

--- Chunk 89672 (133/220) | Start: 2025-07-02 11:10:00 ---
    RMSE omega: 0.018281 | RMSE theta: 0.207251 | Loss: 26.2313 | Epoch: 101
    Eq theta: 1.00000omega
    Eq omega: -0.018841 + -0.01499theta + -0.00078omega + -0.00015theta^2 + 0.00225theta omega + 0.00024omega^2

--- Chunk 89673 (134/220) | Start: 2025-07-02 11:15:00 ---
    RMSE omega: 0.003493 | RMSE theta: 0.069798 | Loss: -1.1004 | Epoch: 1620
    Eq theta: 1.00000omega
    Eq omega: 0.001451 + -0.00041theta + 0.00142omega + 0.00135theta^2 + 0.00177theta omega + 0.00067omega^2

--- Chunk 89674 (135/220) | Start: 2025-07-02 11:20:00 ---
    RMSE omega: 0.004028 | RMSE theta: 0.019383 | Loss: -1.2721 | Epoch: 1786
    Eq theta: 1.00000omega
    Eq omega: -0.008841 + -0.34866theta + 0.01716omega + 0.10700theta^2 + 0.00404theta omega + 0.00579omega^2

--- Chunk 89675 (136/220) | Start: 2025-07-02 11:25:00 ---
    RMSE omega: 0.003611 | RMSE theta: 0.139511 | Loss: -1.7282 | Epoch: 2405
    Eq theta: 1.00000omega
    Eq omega: -0.001211 + 0.00016theta + -0.00023omega + -0.00023theta^2 + -0.00122theta omega + 0.00026omega^2

--- Chunk 89676 (137/220) | Start: 2025-07-02 11:30:00 ---
    RMSE omega: 0.003752 | RMSE theta: 0.091342 | Loss: -0.9801 | Epoch: 1169
    Eq theta: 1.00000omega
    Eq omega: 0.001591 + 0.00189theta + 0.00213omega + 0.00009theta^2 + -0.00152theta omega + -0.00019omega^2

--- Chunk 89677 (138/220) | Start: 2025-07-02 11:35:00 ---
    RMSE omega: 0.004155 | RMSE theta: 0.131388 | Loss: -1.0012 | Epoch: 1891
    Eq theta: 1.00000omega
    Eq omega: 0.013371 + 0.00175theta + -0.07227omega + 0.00209theta^2 + -0.00422theta omega + -0.34968omega^2

--- Chunk 89678 (139/220) | Start: 2025-07-02 11:40:00 ---
    RMSE omega: 0.003665 | RMSE theta: 0.125246 | Loss: -1922589.6250 | Epoch: 1991
    Eq theta: 1.00000omega
    Eq omega: -0.002701 + -0.00050theta + 0.00282omega + 0.00003theta^2 + 0.00200theta omega + -0.00026omega^2

--- Chunk 89679 (140/220) | Start: 2025-07-02 11:45:00 ---
    RMSE omega: 0.005715 | RMSE theta: 0.181915 | Loss: 6.8383 | Epoch: 1853
    Eq theta: 1.00000omega
    Eq omega: 0.001591 + 0.00015theta + 0.00553omega + 0.00008theta^2 + 0.00006theta omega + 0.00010omega^2

--- Chunk 89680 (141/220) | Start: 2025-07-02 11:50:00 ---
    RMSE omega: 0.004954 | RMSE theta: 0.044635 | Loss: -515248.0312 | Epoch: 1877
    Eq theta: 1.00000omega
    Eq omega: 0.003191 + 0.00033theta + 0.00234omega + -0.00016theta^2 + -0.00000theta omega + 0.00031omega^2

--- Chunk 89681 (142/220) | Start: 2025-07-02 11:55:00 ---
    RMSE omega: 0.005426 | RMSE theta: 0.264241 | Loss: 1.4079 | Epoch: 3162
    Eq theta: 1.00000omega
    Eq omega: 0.000361 + -0.00004theta + 0.00016omega + 0.00005theta^2 + -0.00007theta omega + 0.00101omega^2

--- Chunk 89682 (143/220) | Start: 2025-07-02 12:00:00 ---
    RMSE omega: 0.003722 | RMSE theta: 0.033685 | Loss: 1.8858 | Epoch: 1975
    Eq theta: 1.00000omega
    Eq omega: -0.003581 + -0.00130theta + 0.00250omega + 0.00341theta^2 + -0.00228theta omega + 0.00054omega^2

--- Chunk 89683 (144/220) | Start: 2025-07-02 12:05:00 ---
    RMSE omega: 0.029704 | RMSE theta: 0.345148 | Loss: 192.3044 | Epoch: 40
    Eq theta: 1.00000omega
    Eq omega: 0.000731 + -0.01259theta + 0.00261omega + 0.00393theta^2 + 0.00027theta omega + -0.00032omega^2

--- Chunk 89684 (145/220) | Start: 2025-07-02 12:10:00 ---
    RMSE omega: nan | RMSE theta: nan | Loss: 21.7963 | Epoch: 81
    Eq theta: 1.00000omega
    Eq omega: nan1 + nantheta + nanomega + nantheta^2 + nantheta omega + nanomega^2

--- Chunk 89685 (146/220) | Start: 2025-07-02 12:15:00 ---
    RMSE omega: 0.003645 | RMSE theta: 0.036622 | Loss: -0.6537 | Epoch: 966
    Eq theta: 1.00000omega
    Eq omega: -0.002621 + 0.00225theta + 0.00542omega + -0.00231theta^2 + 0.00087theta omega + -0.00231omega^2

--- Chunk 89686 (147/220) | Start: 2025-07-02 12:20:00 ---
    RMSE omega: nan | RMSE theta: nan | Loss: 84.1998 | Epoch: 62
    Eq theta: 1.00000omega
    Eq omega: nan1 + nantheta + nanomega + nantheta^2 + nantheta omega + nanomega^2

--- Chunk 89687 (148/220) | Start: 2025-07-02 12:25:00 ---
    RMSE omega: 0.003533 | RMSE theta: 0.085484 | Loss: -1.2668 | Epoch: 1346
    Eq theta: 1.00000omega
    Eq omega: -0.001581 + -0.00015theta + 0.01359omega + -0.00027theta^2 + 0.00026theta omega + 0.00102omega^2

--- Chunk 89688 (149/220) | Start: 2025-07-02 12:30:00 ---
    RMSE omega: 0.003894 | RMSE theta: 0.217645 | Loss: -0.1055 | Epoch: 2080
    Eq theta: 1.00000omega
    Eq omega: -0.000501 + -0.00025theta + 0.00370omega + -0.00001theta^2 + 0.00021theta omega + -0.00144omega^2

--- Chunk 89689 (150/220) | Start: 2025-07-02 12:35:00 ---
    RMSE omega: 0.005920 | RMSE theta: 0.214431 | Loss: -276.6087 | Epoch: 1534
    Eq theta: 1.00000omega
    Eq omega: 0.000861 + -0.00020theta + -0.00069omega + -0.00004theta^2 + 0.00022theta omega + 0.00007omega^2

  [Progress 150/220] Mean RMSE omega: 0.011043 | Mean loss: -24578150344250204957717261451264.0000 | Valid: 113/150 | Elapsed: 71.2min | ETA: 33.2min

--- Chunk 89690 (151/220) | Start: 2025-07-02 12:40:00 ---
    RMSE omega: 0.004787 | RMSE theta: 0.138417 | Loss: -4.7659 | Epoch: 1302
    Eq theta: 1.00000omega
    Eq omega: 0.000771 + -0.00489theta + 0.00902omega + -0.01042theta^2 + -0.00343theta omega + -0.00038omega^2

--- Chunk 89691 (152/220) | Start: 2025-07-02 12:45:00 ---
    RMSE omega: nan | RMSE theta: nan | Loss: 391.4511 | Epoch: 34
    Eq theta: 1.00000omega
    Eq omega: nan1 + nantheta + nanomega + nantheta^2 + nantheta omega + nanomega^2

--- Chunk 89692 (153/220) | Start: 2025-07-02 12:50:00 ---
    RMSE omega: 0.005239 | RMSE theta: 0.167920 | Loss: 3.5034 | Epoch: 1348
    Eq theta: 1.00000omega
    Eq omega: -0.000471 + -0.00005theta + 0.00201omega + -0.00021theta^2 + 0.00017theta omega + -0.00052omega^2

--- Chunk 89693 (154/220) | Start: 2025-07-02 12:55:00 ---
    RMSE omega: nan | RMSE theta: nan | Loss: 9030.6602 | Epoch: 16
    Eq theta: 1.00000omega
    Eq omega: nan1 + nantheta + nanomega + nantheta^2 + nantheta omega + nanomega^2

--- Chunk 89694 (155/220) | Start: 2025-07-02 13:00:00 ---
    RMSE omega: 0.021695 | RMSE theta: 0.327391 | Loss: -10754.5615 | Epoch: 634
    Eq theta: 1.00000omega
    Eq omega: -0.002461 + 0.00005theta + -0.00317omega + -0.00025theta^2 + 0.00001theta omega + -0.00048omega^2

--- Chunk 89695 (156/220) | Start: 2025-07-02 13:05:00 ---
    RMSE omega: nan | RMSE theta: nan | Loss: 3344.8276 | Epoch: 16
    Eq theta: 1.00000omega
    Eq omega: nan1 + nantheta + nanomega + nantheta^2 + nantheta omega + nanomega^2

--- Chunk 89696 (157/220) | Start: 2025-07-02 13:10:00 ---
    RMSE omega: 0.005430 | RMSE theta: 0.046780 | Loss: 5.4630 | Epoch: 2243
    Eq theta: 1.00000omega
    Eq omega: -0.002481 + 0.00016theta + 0.00309omega + -0.00009theta^2 + 0.00011theta omega + 0.00023omega^2

--- Chunk 89697 (158/220) | Start: 2025-07-02 13:15:00 ---
    RMSE omega: 0.008993 | RMSE theta: 0.326273 | Loss: -6289541907453769162948608.0000 | Epoch: 2672
    Eq theta: 1.00000omega
    Eq omega: -0.007241 + -0.00011theta + 0.00203omega + -0.00020theta^2 + 0.00012theta omega + -0.00120omega^2

--- Chunk 89698 (159/220) | Start: 2025-07-02 13:20:00 ---
    RMSE omega: 0.032311 | RMSE theta: 0.515227 | Loss: -626.0782 | Epoch: 846
    Eq theta: 1.00000omega
    Eq omega: -0.003821 + -0.04332theta + 0.00256omega + 0.00488theta^2 + 0.00064theta omega + 0.00009omega^2

--- Chunk 89699 (160/220) | Start: 2025-07-02 13:25:00 ---
    RMSE omega: 0.003378 | RMSE theta: 0.110021 | Loss: -86.0928 | Epoch: 1857
    Eq theta: 1.00000omega
    Eq omega: 0.000451 + 0.00083theta + -0.00024omega + 0.00004theta^2 + -0.00004theta omega + -0.00038omega^2

--- Chunk 89700 (161/220) | Start: 2025-07-02 13:30:00 ---
    RMSE omega: nan | RMSE theta: nan | Loss: 172.8934 | Epoch: 23
    Eq theta: 1.00000omega
    Eq omega: nan1 + nantheta + nanomega + nantheta^2 + nantheta omega + nanomega^2

--- Chunk 89701 (162/220) | Start: 2025-07-02 13:35:00 ---
    RMSE omega: 0.020002 | RMSE theta: 0.083706 | Loss: 22.3174 | Epoch: 70
    Eq theta: 1.00000omega
    Eq omega: 0.003971 + -0.22011theta + -0.00238omega + 0.00186theta^2 + -0.00121theta omega + -0.00122omega^2

--- Chunk 89702 (163/220) | Start: 2025-07-02 13:40:00 ---
    RMSE omega: nan | RMSE theta: nan | Loss: 2034.9972 | Epoch: 33
    Eq theta: 1.00000omega
    Eq omega: nan1 + nantheta + nanomega + nantheta^2 + nantheta omega + nanomega^2

--- Chunk 89703 (164/220) | Start: 2025-07-02 13:45:00 ---
    RMSE omega: 0.002850 | RMSE theta: 0.012812 | Loss: -2.0069 | Epoch: 1515
    Eq theta: 1.00000omega
    Eq omega: 0.000711 + -0.54924theta + 0.02785omega + -0.00424theta^2 + 0.01294theta omega + -0.01658omega^2

--- Chunk 89704 (165/220) | Start: 2025-07-02 13:50:00 ---
/pfs/data6/home/ka/ka_iai/ka_bj2362/dsr/svise/svise/quadrature/_unbiased_quadrature.py:218: UserWarning: Quadrature result is NaN. Returning 0.
  warnings.warn("Quadrature result is NaN. Returning 0.")
    RMSE omega: nan | RMSE theta: nan | Loss: -76888707296585448716852944437248.0000 | Epoch: 2083
    Eq theta: 1.00000omega
    Eq omega: nan1 + nantheta + nanomega + nantheta^2 + nantheta omega + nanomega^2

--- Chunk 89705 (166/220) | Start: 2025-07-02 13:55:00 ---
    RMSE omega: 0.025520 | RMSE theta: 0.269292 | Loss: 83.4046 | Epoch: 136
    Eq theta: 1.00000omega
    Eq omega: 0.000411 + -0.00033theta + -0.00456omega + -0.00010theta^2 + 0.00099theta omega + -0.00121omega^2

--- Chunk 89706 (167/220) | Start: 2025-07-02 14:00:00 ---
    RMSE omega: 0.034308 | RMSE theta: 1.116399 | Loss: 464.3676 | Epoch: 337
    Eq theta: 1.00000omega
    Eq omega: -0.001291 + 0.00001theta + 0.00178omega + 0.00001theta^2 + 0.00005theta omega + -0.00019omega^2

--- Chunk 89707 (168/220) | Start: 2025-07-02 14:05:00 ---
    RMSE omega: nan | RMSE theta: nan | Loss: 1630.3165 | Epoch: 24
    Eq theta: 1.00000omega
    Eq omega: nan1 + nantheta + nanomega + nantheta^2 + nantheta omega + nanomega^2

--- Chunk 89708 (169/220) | Start: 2025-07-02 14:10:00 ---
    RMSE omega: 0.008805 | RMSE theta: 0.052272 | Loss: -0.6020 | Epoch: 1468
    Eq theta: 1.00000omega
    Eq omega: -0.000661 + -0.00134theta + 0.00237omega + -0.00034theta^2 + -0.00062theta omega + 0.00032omega^2

--- Chunk 89709 (170/220) | Start: 2025-07-02 14:15:00 ---
    RMSE omega: 0.008117 | RMSE theta: 0.398473 | Loss: 13.8393 | Epoch: 2019
    Eq theta: 1.00000omega
    Eq omega: -0.000741 + 0.00006theta + 0.00026omega + 0.00001theta^2 + 0.00001theta omega + -0.00013omega^2

--- Chunk 89710 (171/220) | Start: 2025-07-02 14:20:00 ---
    RMSE omega: nan | RMSE theta: nan | Loss: -5494830187051345973570481160192.0000 | Epoch: 3541
    Eq theta: 1.00000omega
    Eq omega: nan1 + nantheta + nanomega + nantheta^2 + nantheta omega + nanomega^2

--- Chunk 89711 (172/220) | Start: 2025-07-02 14:25:00 ---
    RMSE omega: 0.003909 | RMSE theta: 0.065480 | Loss: -1.7914 | Epoch: 2323
    Eq theta: 1.00000omega
    Eq omega: 0.001391 + -0.00035theta + -0.00061omega + 0.00022theta^2 + -0.00071theta omega + -0.00069omega^2

--- Chunk 89712 (173/220) | Start: 2025-07-02 14:30:00 ---
    RMSE omega: 0.024911 | RMSE theta: 0.474883 | Loss: -1105.1995 | Epoch: 614
    Eq theta: 1.00000omega
    Eq omega: -0.000331 + -0.03718theta + 0.00684omega + -0.04462theta^2 + -0.01913theta omega + -0.00205omega^2

--- Chunk 89713 (174/220) | Start: 2025-07-02 14:35:00 ---
    RMSE omega: 0.003784 | RMSE theta: 0.098551 | Loss: 1.1316 | Epoch: 1930
    Eq theta: 1.00000omega
    Eq omega: -0.001091 + -0.00134theta + -0.00058omega + -0.00031theta^2 + -0.00179theta omega + 0.00012omega^2

--- Chunk 89714 (175/220) | Start: 2025-07-02 14:40:00 ---
    RMSE omega: nan | RMSE theta: nan | Loss: 2331.7278 | Epoch: 42
    Eq theta: 1.00000omega
    Eq omega: nan1 + nantheta + nanomega + nantheta^2 + nantheta omega + nanomega^2

--- Chunk 89715 (176/220) | Start: 2025-07-02 14:45:00 ---
    RMSE omega: 0.004809 | RMSE theta: 0.075494 | Loss: -1.2462 | Epoch: 1137
    Eq theta: 1.00000omega
    Eq omega: -0.000611 + -0.00072theta + 0.00071omega + -0.00004theta^2 + -0.00065theta omega + 0.00430omega^2

--- Chunk 89716 (177/220) | Start: 2025-07-02 14:50:00 ---
    RMSE omega: 0.007386 | RMSE theta: 0.172271 | Loss: -0.4856 | Epoch: 2077
    Eq theta: 1.00000omega
    Eq omega: -0.000411 + 0.00140theta + -0.00180omega + -0.00118theta^2 + -0.00211theta omega + -0.00135omega^2

--- Chunk 89717 (178/220) | Start: 2025-07-02 14:55:00 ---
    RMSE omega: nan | RMSE theta: nan | Loss: 30180.2344 | Epoch: 16
    Eq theta: 1.00000omega
    Eq omega: nan1 + nantheta + nanomega + nantheta^2 + nantheta omega + nanomega^2

--- Chunk 89718 (179/220) | Start: 2025-07-02 15:00:00 ---
    RMSE omega: 0.019576 | RMSE theta: 0.365964 | Loss: 231.5175 | Epoch: 1095
    Eq theta: 1.00000omega
    Eq omega: 0.028551 + -0.01606theta + 0.04162omega + -0.00091theta^2 + -0.00000theta omega + 0.00064omega^2

--- Chunk 89719 (180/220) | Start: 2025-07-02 15:05:00 ---
    RMSE omega: nan | RMSE theta: nan | Loss: 310.6986 | Epoch: 222
    Eq theta: 1.00000omega
    Eq omega: nan1 + nantheta + nanomega + nantheta^2 + nantheta omega + nanomega^2

--- Chunk 89720 (181/220) | Start: 2025-07-02 15:10:00 ---
    RMSE omega: nan | RMSE theta: nan | Loss: 507.7681 | Epoch: 59
    Eq theta: 1.00000omega
    Eq omega: nan1 + nantheta + nanomega + nantheta^2 + nantheta omega + nanomega^2

--- Chunk 89721 (182/220) | Start: 2025-07-02 15:15:00 ---
    RMSE omega: 0.004575 | RMSE theta: 0.220771 | Loss: -905720.0625 | Epoch: 1867
    Eq theta: 1.00000omega
    Eq omega: -0.005141 + 0.00013theta + 0.00464omega + 0.00049theta^2 + 0.00024theta omega + -0.00099omega^2

--- Chunk 89722 (183/220) | Start: 2025-07-02 15:20:00 ---
    RMSE omega: 0.024027 | RMSE theta: 0.736676 | Loss: 229.6954 | Epoch: 883
    Eq theta: 1.00000omega
    Eq omega: 0.004701 + -0.01339theta + -0.00541omega + -0.00125theta^2 + -0.00005theta omega + -0.00048omega^2

--- Chunk 89723 (184/220) | Start: 2025-07-02 15:25:00 ---
    RMSE omega: 0.020935 | RMSE theta: 0.196346 | Loss: 251.7010 | Epoch: 210
    Eq theta: 1.00000omega
    Eq omega: 0.010211 + 0.04850theta + 0.00611omega + 0.00021theta^2 + 0.00021theta omega + 0.00564omega^2

--- Chunk 89724 (185/220) | Start: 2025-07-02 15:30:00 ---
    RMSE omega: 0.011138 | RMSE theta: 0.237090 | Loss: 43.8260 | Epoch: 1981
    Eq theta: 1.00000omega
    Eq omega: -0.000221 + 0.00002theta + 0.00220omega + 0.00001theta^2 + -0.00006theta omega + 0.00054omega^2

--- Chunk 89725 (186/220) | Start: 2025-07-02 15:35:00 ---
    RMSE omega: nan | RMSE theta: nan | Loss: 238.3732 | Epoch: 48
    Eq theta: 1.00000omega
    Eq omega: nan1 + nantheta + nanomega + nantheta^2 + nantheta omega + nanomega^2

--- Chunk 89726 (187/220) | Start: 2025-07-02 15:40:00 ---
    RMSE omega: 0.004588 | RMSE theta: 0.011622 | Loss: -0.0076 | Epoch: 1454
    Eq theta: 1.00000omega
    Eq omega: 0.000181 + 0.00016theta + 0.00130omega + -0.00483theta^2 + -0.00064theta omega + 0.00077omega^2

--- Chunk 89727 (188/220) | Start: 2025-07-02 15:45:00 ---
    RMSE omega: 0.032306 | RMSE theta: 0.239664 | Loss: -1061586560.0000 | Epoch: 2129
    Eq theta: 1.00000omega
    Eq omega: -0.133401 + -0.00265theta + 0.00071omega + -0.00045theta^2 + -0.00034theta omega + 0.00099omega^2

--- Chunk 89728 (189/220) | Start: 2025-07-02 15:50:00 ---
    RMSE omega: 0.026721 | RMSE theta: 0.931725 | Loss: 509.5237 | Epoch: 43
    Eq theta: 1.00000omega
    Eq omega: -0.002281 + -0.00015theta + 0.00316omega + 0.00009theta^2 + -0.00023theta omega + -0.00109omega^2

--- Chunk 89729 (190/220) | Start: 2025-07-02 15:55:00 ---
    RMSE omega: nan | RMSE theta: nan | Loss: 95.3960 | Epoch: 584
    Eq theta: 1.00000omega
    Eq omega: nan1 + nantheta + nanomega + nantheta^2 + nantheta omega + nanomega^2

--- Chunk 89730 (191/220) | Start: 2025-07-02 16:00:00 ---
    RMSE omega: nan | RMSE theta: nan | Loss: 1111.8224 | Epoch: 32
    Eq theta: 1.00000omega
    Eq omega: nan1 + nantheta + nanomega + nantheta^2 + nantheta omega + nanomega^2

--- Chunk 89731 (192/220) | Start: 2025-07-02 16:05:00 ---
    RMSE omega: 0.025143 | RMSE theta: 0.379571 | Loss: 354.2674 | Epoch: 100
    Eq theta: 1.00000omega
    Eq omega: 0.000581 + 0.00018theta + 0.00016omega + 0.00001theta^2 + 0.00001theta omega + 0.00082omega^2

--- Chunk 89732 (193/220) | Start: 2025-07-02 16:10:00 ---
    RMSE omega: 0.023845 | RMSE theta: 0.480505 | Loss: -1890.6317 | Epoch: 395
    Eq theta: 1.00000omega
    Eq omega: 0.000531 + -0.00199theta + -0.00065omega + 0.00003theta^2 + 0.00009theta omega + 0.00020omega^2

--- Chunk 89733 (194/220) | Start: 2025-07-02 16:15:00 ---
    RMSE omega: 0.004655 | RMSE theta: 0.176436 | Loss: 0.1266 | Epoch: 1493
    Eq theta: 1.00000omega
    Eq omega: 0.005991 + -0.00088theta + -0.00044omega + 0.00006theta^2 + 0.00048theta omega + -0.00156omega^2

--- Chunk 89734 (195/220) | Start: 2025-07-02 16:20:00 ---
    RMSE omega: 0.028717 | RMSE theta: 0.263328 | Loss: 254.1309 | Epoch: 1401
    Eq theta: 1.00000omega
    Eq omega: -0.015381 + -0.07022theta + -0.00504omega + -0.01100theta^2 + 0.00033theta omega + 0.11172omega^2

--- Chunk 89735 (196/220) | Start: 2025-07-02 16:25:00 ---
    RMSE omega: 0.004799 | RMSE theta: 0.037856 | Loss: 2.2750 | Epoch: 1506
    Eq theta: 1.00000omega
    Eq omega: 0.000021 + 0.00032theta + -0.00027omega + -0.00118theta^2 + 0.00151theta omega + -0.00422omega^2

--- Chunk 89736 (197/220) | Start: 2025-07-02 16:30:00 ---
    RMSE omega: 0.006448 | RMSE theta: 0.093292 | Loss: -834067.7500 | Epoch: 1896
    Eq theta: 1.00000omega
    Eq omega: 0.000291 + -0.00010theta + -0.00173omega + -0.00000theta^2 + -0.00005theta omega + -0.00007omega^2

--- Chunk 89737 (198/220) | Start: 2025-07-02 16:35:00 ---
    RMSE omega: 0.022318 | RMSE theta: 0.153957 | Loss: 57.7963 | Epoch: 107
    Eq theta: 1.00000omega
    Eq omega: -0.019121 + -0.00106theta + 0.00353omega + -0.11623theta^2 + -0.01286theta omega + -0.00033omega^2

--- Chunk 89738 (199/220) | Start: 2025-07-02 16:40:00 ---
    RMSE omega: 0.029058 | RMSE theta: 0.450518 | Loss: -13153.4229 | Epoch: 874
    Eq theta: 1.00000omega
    Eq omega: -0.002431 + -0.00298theta + -0.00837omega + -0.00071theta^2 + 0.00031theta omega + -0.00002omega^2

--- Chunk 89739 (200/220) | Start: 2025-07-02 16:45:00 ---
    RMSE omega: 0.018523 | RMSE theta: 0.136638 | Loss: 63.2503 | Epoch: 1463
    Eq theta: 1.00000omega
    Eq omega: -0.004461 + -0.00111theta + -0.00082omega + 0.00003theta^2 + -0.00016theta omega + 0.00001omega^2

  [Progress 200/220] Mean RMSE omega: 0.012037 | Mean loss: -18845530477053546373324979830784.0000 | Valid: 148/200 | Elapsed: 90.0min | ETA: 9.0min

--- Chunk 89740 (201/220) | Start: 2025-07-02 16:50:00 ---
    RMSE omega: nan | RMSE theta: nan | Loss: 145.8049 | Epoch: 56
    Eq theta: 1.00000omega
    Eq omega: nan1 + nantheta + nanomega + nantheta^2 + nantheta omega + nanomega^2

--- Chunk 89741 (202/220) | Start: 2025-07-02 16:55:00 ---
    RMSE omega: 0.026726 | RMSE theta: 0.456766 | Loss: -18881.8867 | Epoch: 777
    Eq theta: 1.00000omega
    Eq omega: -0.123761 + -0.04244theta + 0.00524omega + -0.00869theta^2 + -0.00157theta omega + -0.00161omega^2

--- Chunk 89742 (203/220) | Start: 2025-07-02 17:00:00 ---
    RMSE omega: 0.005464 | RMSE theta: 0.115656 | Loss: 0.1328 | Epoch: 2633
    Eq theta: 1.00000omega
    Eq omega: -0.000941 + -0.00105theta + -0.00061omega + 0.00024theta^2 + -0.00060theta omega + -0.00092omega^2

--- Chunk 89743 (204/220) | Start: 2025-07-02 17:05:00 ---
    RMSE omega: 0.003580 | RMSE theta: 0.082018 | Loss: -1.5036 | Epoch: 1754
    Eq theta: 1.00000omega
    Eq omega: 0.001051 + -0.00203theta + 0.00018omega + -0.00025theta^2 + -0.00169theta omega + 0.00119omega^2

--- Chunk 89744 (205/220) | Start: 2025-07-02 17:10:00 ---
    RMSE omega: 0.004250 | RMSE theta: 0.072571 | Loss: -0.9946 | Epoch: 1644
    Eq theta: 1.00000omega
    Eq omega: 0.007841 + -0.00170theta + -0.00516omega + -0.00060theta^2 + 0.00236theta omega + -0.00089omega^2

--- Chunk 89745 (206/220) | Start: 2025-07-02 17:15:00 ---
    RMSE omega: 0.004458 | RMSE theta: 0.138594 | Loss: -2.4577 | Epoch: 2270
    Eq theta: 1.00000omega
    Eq omega: -0.004741 + -0.06042theta + 0.01681omega + -0.00027theta^2 + -0.00214theta omega + 0.00150omega^2

--- Chunk 89746 (207/220) | Start: 2025-07-02 17:20:00 ---
    RMSE omega: nan | RMSE theta: nan | Loss: 41.3126 | Epoch: 45
    Eq theta: 1.00000omega
    Eq omega: nan1 + nantheta + nanomega + nantheta^2 + nantheta omega + nanomega^2

--- Chunk 89747 (208/220) | Start: 2025-07-02 17:25:00 ---
    RMSE omega: 0.006180 | RMSE theta: 0.183034 | Loss: 4.8151 | Epoch: 2130
    Eq theta: 1.00000omega
    Eq omega: -0.007031 + -0.00009theta + 0.00146omega + 0.00001theta^2 + -0.00039theta omega + 0.00038omega^2

--- Chunk 89748 (209/220) | Start: 2025-07-02 17:30:00 ---
    RMSE omega: nan | RMSE theta: nan | Loss: 578.2368 | Epoch: 27
    Eq theta: 1.00000omega
    Eq omega: nan1 + nantheta + nanomega + nantheta^2 + nantheta omega + nanomega^2

--- Chunk 89749 (210/220) | Start: 2025-07-02 17:35:00 ---
    RMSE omega: 0.019004 | RMSE theta: 0.080194 | Loss: -5582074.0000 | Epoch: 697
    Eq theta: 1.00000omega
    Eq omega: -0.001951 + 0.00043theta + 0.00042omega + -0.00136theta^2 + 0.00185theta omega + -0.00004omega^2

--- Chunk 89750 (211/220) | Start: 2025-07-02 17:40:00 ---
    RMSE omega: nan | RMSE theta: nan | Loss: 585.6935 | Epoch: 24
    Eq theta: 1.00000omega
    Eq omega: nan1 + nantheta + nanomega + nantheta^2 + nantheta omega + nanomega^2

--- Chunk 89751 (212/220) | Start: 2025-07-02 17:45:00 ---
    RMSE omega: 0.004652 | RMSE theta: 0.142016 | Loss: 2.3266 | Epoch: 2068
    Eq theta: 1.00000omega
    Eq omega: -0.000841 + 0.00079theta + 0.00041omega + 0.00000theta^2 + 0.00004theta omega + 0.00027omega^2

--- Chunk 89752 (213/220) | Start: 2025-07-02 17:50:00 ---
    RMSE omega: 0.005819 | RMSE theta: 0.157792 | Loss: -60023455744.0000 | Epoch: 2677
    Eq theta: 1.00000omega
    Eq omega: -0.059591 + -0.15903theta + 0.00927omega + -0.03029theta^2 + 0.00061theta omega + 0.00007omega^2

--- Chunk 89753 (214/220) | Start: 2025-07-02 17:55:00 ---
    RMSE omega: 0.025114 | RMSE theta: 0.963181 | Loss: -40191893504.0000 | Epoch: 1525
    Eq theta: 1.00000omega
    Eq omega: 0.001121 + -0.00094theta + -0.00009omega + -0.00043theta^2 + -0.00009theta omega + 0.00042omega^2

--- Chunk 89754 (215/220) | Start: 2025-07-02 18:00:00 ---
    RMSE omega: 0.012799 | RMSE theta: 0.878600 | Loss: -472464261120.0000 | Epoch: 1797
    Eq theta: 1.00000omega
    Eq omega: -0.013711 + -0.00001theta + -0.00102omega + -0.00037theta^2 + -0.00055theta omega + 0.00060omega^2

--- Chunk 89755 (216/220) | Start: 2025-07-02 18:05:00 ---
    RMSE omega: nan | RMSE theta: nan | Loss: 350.4585 | Epoch: 24
    Eq theta: 1.00000omega
    Eq omega: nan1 + nantheta + nanomega + nantheta^2 + nantheta omega + nanomega^2

--- Chunk 89756 (217/220) | Start: 2025-07-02 18:10:00 ---
    RMSE omega: nan | RMSE theta: nan | Loss: 162.9488 | Epoch: 29
    Eq theta: 1.00000omega
    Eq omega: nan1 + nantheta + nanomega + nantheta^2 + nantheta omega + nanomega^2

--- Chunk 89757 (218/220) | Start: 2025-07-02 18:15:00 ---
    RMSE omega: nan | RMSE theta: nan | Loss: 92.1477 | Epoch: 95
    Eq theta: 1.00000omega
    Eq omega: nan1 + nantheta + nanomega + nantheta^2 + nantheta omega + nanomega^2

--- Chunk 89758 (219/220) | Start: 2025-07-02 18:20:00 ---
    RMSE omega: nan | RMSE theta: nan | Loss: 175.5663 | Epoch: 81
    Eq theta: 1.00000omega
    Eq omega: nan1 + nantheta + nanomega + nantheta^2 + nantheta omega + nanomega^2

--- Chunk 89759 (220/220) | Start: 2025-07-02 18:25:00 ---
    RMSE omega: 0.005307 | RMSE theta: 0.196382 | Loss: 0.5494 | Epoch: 1867
    Eq theta: 1.00000omega
    Eq omega: -0.001101 + -0.00047theta + 0.00519omega + -0.00007theta^2 + 0.00017theta omega + -0.01009omega^2

  [Progress 220/220] Mean RMSE omega: 0.011905 | Mean loss: -17132300433685043385822607310848.0000 | Valid: 160/220 | Elapsed: 98.0min | ETA: 0.0min

============================================================
EVALUATION COMPLETE — Chunks [89540, 89759]
============================================================
Chunks processed: 220
Chunks succeeded: 160 (72.7%)
Mean RMSE omega:  0.011905 ± 0.010770
Mean RMSE theta:  0.293063 ± 0.493730
Mean RMSE total:  0.207517
Mean Loss:        -17132300433685043385822607310848.0000 ± 184295521500443868801637717901312.0000
Elapsed time:     98.0 minutes

Per-chunk CSV: /pfs/data6/home/ka/ka_iai/ka_bj2362/dsr/svise/results_5min_all_chunks/run_SLURM_3708675/chunks_89540_to_89759_20260320_075720.csv
Summary JSON:  /pfs/data6/home/ka/ka_iai/ka_bj2362/dsr/svise/results_5min_all_chunks/run_SLURM_3708675/summary_89540_to_89759_20260320_075720.json
============================================================

============================= JOB FEEDBACK =============================

NodeName=uc3n099
Job ID: 3709578
Array Job ID: 3708675_407
Cluster: uc3
User/Group: ka_bj2362/ka_iai
State: COMPLETED (exit code 0)
Nodes: 1
Cores per node: 4
CPU Utilized: 01:37:23
CPU Efficiency: 24.75% of 06:33:28 core-walltime
Job Wall-clock time: 01:38:22
Memory Utilized: 3.20 GB
Memory Efficiency: 26.63% of 12.00 GB (12.00 GB/node)
