Array task 429: processing chunks 94380 to 94599
Loading data from /pfs/data6/home/ka/ka_iai/ka_bj2362/dsr/svise/../dataset/South_Korea_2024-08-15_2025-08-31_1s.parquet...
Finding all valid 5-minute chunks in the dataset...
Found 107059 valid 5-minute chunks in total.

============================================================
SVISE FINAL EVALUATION — ALL CHUNKS
============================================================
Hyperparameters: {
  "model": "integrator",
  "sigma": 0,
  "degree": 2,
  "tau": 1e-05,
  "lr": 0.1,
  "n_tau": 100,
  "measurement_noise": 0.001,
  "n_reparam_samples": 15
}
Total valid chunks in dataset: 107059
Processing chunk range: [94380, 94599] (220 chunks)
Early stopping: patience=300, max_epochs=10000
============================================================


--- Chunk 94380 (1/220) | Start: 2025-07-18 20:05:00 ---
/pfs/data6/home/ka/ka_iai/ka_bj2362/dsr/svise/svise/sde_learning/_marginal_sde.py:284: UserWarning: torch.triangular_solve is deprecated in favor of torch.linalg.solve_triangularand will be removed in a future PyTorch release.
torch.linalg.solve_triangular has its arguments reversed and does not return a copy of one of the inputs.
X = torch.triangular_solve(B, A).solution
should be replaced with
X = torch.linalg.solve_triangular(A, B). (Triggered internally at ../aten/src/ATen/native/BatchLinearAlgebra.cpp:2192.)
  return torch.triangular_solve(self.raw_w, self.C.t()).solution
/pfs/data6/home/ka/ka_iai/ka_bj2362/dsr/svise/svise/quadrature/_unbiased_quadrature.py:196: UserWarning: Interp is nan, reducing interp degree.
  warnings.warn("Interp is nan, reducing interp degree.")
    RMSE omega: 0.004859 | RMSE theta: 0.081863 | Loss: -1.5671 | Epoch: 2578
    Eq theta: 1.00000omega
    Eq omega: -0.001791 + 0.00521theta + 0.00135omega + -0.00165theta^2 + 0.00362theta omega + 0.00068omega^2

--- Chunk 94381 (2/220) | Start: 2025-07-18 20:10:00 ---
/pfs/data6/home/ka/ka_iai/ka_bj2362/dsr/svise/svise/quadrature/_unbiased_quadrature.py:174: UserWarning: NaN detected in fxq (quadrature node evaluations). Clamping to 0.
  warnings.warn("NaN detected in fxq (quadrature node evaluations). Clamping to 0.")
/pfs/data6/home/ka/ka_iai/ka_bj2362/dsr/svise/svise/quadrature/_unbiased_quadrature.py:177: UserWarning: NaN detected in fmc (Monte-Carlo node evaluations). Clamping to 0.
  warnings.warn("NaN detected in fmc (Monte-Carlo node evaluations). Clamping to 0.")
    RMSE omega: nan | RMSE theta: nan | Loss: 112.4683 | Epoch: 47
    Eq theta: 1.00000omega
    Eq omega: nan1 + nantheta + nanomega + nantheta^2 + nantheta omega + nanomega^2

--- Chunk 94382 (3/220) | Start: 2025-07-18 20:15:00 ---
    RMSE omega: 0.028175 | RMSE theta: 0.422201 | Loss: 65.8895 | Epoch: 46
    Eq theta: 1.00000omega
    Eq omega: 0.017291 + -0.00352theta + -0.00139omega + -0.00015theta^2 + -0.00062theta omega + 0.00231omega^2

--- Chunk 94383 (4/220) | Start: 2025-07-18 20:20:00 ---
    RMSE omega: 0.045977 | RMSE theta: 6.883731 | Loss: -6920829265448018955468800.0000 | Epoch: 2913
    Eq theta: 1.00000omega
    Eq omega: 0.007401 + -0.00001theta + -0.00020omega + 0.00008theta^2 + 0.00006theta omega + -0.00015omega^2

--- Chunk 94384 (5/220) | Start: 2025-07-18 20:25:00 ---
    RMSE omega: 0.004477 | RMSE theta: 0.094186 | Loss: -0.3208 | Epoch: 1764
    Eq theta: 1.00000omega
    Eq omega: -0.006371 + -0.00133theta + 0.00285omega + -0.00109theta^2 + -0.00333theta omega + 0.00031omega^2

--- Chunk 94385 (6/220) | Start: 2025-07-18 20:30:00 ---
    RMSE omega: nan | RMSE theta: nan | Loss: 3486.6018 | Epoch: 5
    Eq theta: 1.00000omega
    Eq omega: nan1 + nantheta + nanomega + nantheta^2 + nantheta omega + nanomega^2

--- Chunk 94386 (7/220) | Start: 2025-07-18 20:35:00 ---
    RMSE omega: 0.005187 | RMSE theta: 0.018213 | Loss: 0.8426 | Epoch: 946
    Eq theta: 1.00000omega
    Eq omega: 0.000401 + -0.00003theta + 0.00279omega + -0.00110theta^2 + 0.00003theta omega + -0.00163omega^2

--- Chunk 94387 (8/220) | Start: 2025-07-18 20:40:00 ---
    RMSE omega: 0.005897 | RMSE theta: 0.126036 | Loss: 0.0445 | Epoch: 1499
    Eq theta: 1.00000omega
    Eq omega: -0.001051 + -0.00157theta + -0.00207omega + -0.00021theta^2 + -0.00136theta omega + 0.00093omega^2

--- Chunk 94388 (9/220) | Start: 2025-07-18 20:45:00 ---
    RMSE omega: 0.004749 | RMSE theta: 0.122090 | Loss: -0.8666 | Epoch: 2976
    Eq theta: 1.00000omega
    Eq omega: -0.006801 + 0.00282theta + 0.00062omega + 0.00049theta^2 + 0.00112theta omega + -0.00137omega^2

--- Chunk 94389 (10/220) | Start: 2025-07-18 20:50:00 ---
    RMSE omega: 0.033158 | RMSE theta: 0.284548 | Loss: 37.9357 | Epoch: 131
    Eq theta: 1.00000omega
    Eq omega: -0.004891 + -0.30923theta + 0.04193omega + -0.03372theta^2 + -0.02169theta omega + -0.01292omega^2

--- Chunk 94390 (11/220) | Start: 2025-07-18 20:55:00 ---
    RMSE omega: nan | RMSE theta: nan | Loss: -81266324403475590128797984227328.0000 | Epoch: 1704
    Eq theta: 1.00000omega
    Eq omega: nan1 + nantheta + nanomega + nantheta^2 + nantheta omega + nanomega^2

--- Chunk 94391 (12/220) | Start: 2025-07-18 21:00:00 ---
    RMSE omega: nan | RMSE theta: nan | Loss: 143.2942 | Epoch: 37
    Eq theta: 1.00000omega
    Eq omega: nan1 + nantheta + nanomega + nantheta^2 + nantheta omega + nanomega^2

--- Chunk 94392 (13/220) | Start: 2025-07-18 21:05:00 ---
    RMSE omega: 0.007693 | RMSE theta: 0.213455 | Loss: 2.6886 | Epoch: 1531
    Eq theta: 1.00000omega
    Eq omega: -0.000651 + 0.00011theta + 0.01067omega + 0.00005theta^2 + 0.00027theta omega + -0.00062omega^2

--- Chunk 94393 (14/220) | Start: 2025-07-18 21:10:00 ---
    RMSE omega: 0.035697 | RMSE theta: 0.612447 | Loss: -3374.6865 | Epoch: 695
    Eq theta: 1.00000omega
    Eq omega: -0.000231 + -0.00052theta + 0.00102omega + 0.00009theta^2 + 0.00004theta omega + -0.00089omega^2

--- Chunk 94394 (15/220) | Start: 2025-07-18 21:15:00 ---
    RMSE omega: 0.008294 | RMSE theta: 0.191415 | Loss: -49129556.0000 | Epoch: 1142
    Eq theta: 1.00000omega
    Eq omega: -0.000461 + 0.00083theta + 0.00410omega + -0.00233theta^2 + -0.00291theta omega + 0.00388omega^2

--- Chunk 94395 (16/220) | Start: 2025-07-18 21:20:00 ---
    RMSE omega: 0.006847 | RMSE theta: 0.222265 | Loss: 2.8486 | Epoch: 2438
    Eq theta: 1.00000omega
    Eq omega: 0.000711 + 0.00170theta + -0.00126omega + -0.00001theta^2 + 0.00074theta omega + 0.00159omega^2

--- Chunk 94396 (17/220) | Start: 2025-07-18 21:25:00 ---
    RMSE omega: 0.008869 | RMSE theta: 0.213973 | Loss: -27.5144 | Epoch: 1530
    Eq theta: 1.00000omega
    Eq omega: -0.001791 + -0.00179theta + 0.00745omega + -0.00055theta^2 + 0.00008theta omega + 0.00115omega^2

--- Chunk 94397 (18/220) | Start: 2025-07-18 21:30:00 ---
    RMSE omega: 0.006366 | RMSE theta: 0.031315 | Loss: 0.0227 | Epoch: 1293
    Eq theta: 1.00000omega
    Eq omega: 0.002351 + -0.28732theta + 0.00380omega + 0.04905theta^2 + 0.00724theta omega + -0.10589omega^2

--- Chunk 94398 (19/220) | Start: 2025-07-18 21:35:00 ---
    RMSE omega: 0.005381 | RMSE theta: 0.041359 | Loss: -0.6706 | Epoch: 1693
    Eq theta: 1.00000omega
    Eq omega: -0.004821 + -0.48140theta + -0.00365omega + 0.02398theta^2 + -0.01197theta omega + 0.00070omega^2

--- Chunk 94399 (20/220) | Start: 2025-07-18 21:40:00 ---
    RMSE omega: 0.071484 | RMSE theta: 0.295317 | Loss: -14101657944064.0000 | Epoch: 3204
    Eq theta: 1.00000omega
    Eq omega: -0.001631 + 0.00018theta + 0.00063omega + 0.00003theta^2 + 0.00007theta omega + -0.00010omega^2

--- Chunk 94400 (21/220) | Start: 2025-07-18 21:45:00 ---
    RMSE omega: 0.004717 | RMSE theta: 0.164163 | Loss: -3.6628 | Epoch: 1566
    Eq theta: 1.00000omega
    Eq omega: 0.002091 + 0.00105theta + -0.00077omega + 0.00630theta^2 + 0.00063theta omega + -0.00259omega^2

--- Chunk 94401 (22/220) | Start: 2025-07-18 21:50:00 ---
    RMSE omega: 0.028049 | RMSE theta: 0.250157 | Loss: 99.2508 | Epoch: 40
    Eq theta: 1.00000omega
    Eq omega: 0.016731 + -0.00833theta + -0.01114omega + 0.01513theta^2 + -0.00523theta omega + -0.00728omega^2

--- Chunk 94402 (23/220) | Start: 2025-07-18 21:55:00 ---
    RMSE omega: 0.004975 | RMSE theta: 0.088173 | Loss: -1.7598 | Epoch: 1749
    Eq theta: 1.00000omega
    Eq omega: -0.001011 + -0.34988theta + -0.01357omega + 0.00377theta^2 + -0.00488theta omega + -0.13015omega^2

--- Chunk 94403 (24/220) | Start: 2025-07-18 22:00:00 ---
    RMSE omega: nan | RMSE theta: nan | Loss: 28.0689 | Epoch: 52
    Eq theta: 1.00000omega
    Eq omega: nan1 + nantheta + nanomega + nantheta^2 + nantheta omega + nanomega^2

--- Chunk 94404 (25/220) | Start: 2025-07-18 22:05:00 ---
    RMSE omega: 0.012025 | RMSE theta: 0.843068 | Loss: -255025425162295307870928896.0000 | Epoch: 2780
    Eq theta: 1.00000omega
    Eq omega: -0.007901 + -0.01478theta + 0.00427omega + -0.00038theta^2 + 0.00016theta omega + -0.00640omega^2

--- Chunk 94405 (26/220) | Start: 2025-07-18 22:10:00 ---
    RMSE omega: nan | RMSE theta: nan | Loss: -381351569672793573787598585856.0000 | Epoch: 1216
    Eq theta: 1.00000omega
    Eq omega: nan1 + nantheta + nanomega + nantheta^2 + nantheta omega + nanomega^2

--- Chunk 94406 (27/220) | Start: 2025-07-18 22:15:00 ---
    RMSE omega: 0.026918 | RMSE theta: 0.281121 | Loss: 33.7079 | Epoch: 73
    Eq theta: 1.00000omega
    Eq omega: 0.000441 + -0.00490theta + -0.00210omega + 0.00204theta^2 + -0.00000theta omega + 0.00493omega^2

--- Chunk 94407 (28/220) | Start: 2025-07-18 22:20:00 ---
    RMSE omega: 0.024219 | RMSE theta: 0.173436 | Loss: -32.2280 | Epoch: 620
    Eq theta: 1.00000omega
    Eq omega: -0.031071 + -0.24928theta + -0.00951omega + -0.00150theta^2 + 0.00362theta omega + -0.01681omega^2

--- Chunk 94408 (29/220) | Start: 2025-07-18 22:25:00 ---
    RMSE omega: 0.006981 | RMSE theta: 0.149171 | Loss: 5.3196 | Epoch: 2353
    Eq theta: 1.00000omega
    Eq omega: -0.000781 + -0.00103theta + -0.00348omega + 0.00011theta^2 + -0.00007theta omega + 0.00004omega^2

--- Chunk 94409 (30/220) | Start: 2025-07-18 22:30:00 ---
    RMSE omega: nan | RMSE theta: nan | Loss: 1288.9396 | Epoch: 26
    Eq theta: 1.00000omega
    Eq omega: nan1 + nantheta + nanomega + nantheta^2 + nantheta omega + nanomega^2

--- Chunk 94410 (31/220) | Start: 2025-07-18 22:35:00 ---
    RMSE omega: 0.027774 | RMSE theta: 0.327937 | Loss: -510.1094 | Epoch: 569
    Eq theta: 1.00000omega
    Eq omega: -0.000051 + -0.00641theta + -0.00030omega + -0.00107theta^2 + -0.00117theta omega + 0.00055omega^2

--- Chunk 94411 (32/220) | Start: 2025-07-18 22:40:00 ---
    RMSE omega: 0.005152 | RMSE theta: 0.074612 | Loss: -16889264.0000 | Epoch: 1461
    Eq theta: 1.00000omega
    Eq omega: 0.025681 + -0.01062theta + -0.00814omega + -0.00227theta^2 + -0.00217theta omega + 0.03812omega^2

--- Chunk 94412 (33/220) | Start: 2025-07-18 22:45:00 ---
    RMSE omega: 0.028820 | RMSE theta: 0.285870 | Loss: -85789.9297 | Epoch: 634
    Eq theta: 1.00000omega
    Eq omega: 0.000591 + -0.00450theta + -0.00280omega + 0.00084theta^2 + 0.00055theta omega + -0.00111omega^2

--- Chunk 94413 (34/220) | Start: 2025-07-18 22:50:00 ---
    RMSE omega: nan | RMSE theta: nan | Loss: 194.0073 | Epoch: 37
    Eq theta: 1.00000omega
    Eq omega: nan1 + nantheta + nanomega + nantheta^2 + nantheta omega + nanomega^2

--- Chunk 94414 (35/220) | Start: 2025-07-18 22:55:00 ---
    RMSE omega: nan | RMSE theta: nan | Loss: 137.9690 | Epoch: 46
    Eq theta: 1.00000omega
    Eq omega: nan1 + nantheta + nanomega + nantheta^2 + nantheta omega + nanomega^2

--- Chunk 94415 (36/220) | Start: 2025-07-18 23:00:00 ---
    RMSE omega: nan | RMSE theta: nan | Loss: 84.3084 | Epoch: 58
    Eq theta: 1.00000omega
    Eq omega: nan1 + nantheta + nanomega + nantheta^2 + nantheta omega + nanomega^2

--- Chunk 94416 (37/220) | Start: 2025-07-18 23:05:00 ---
    RMSE omega: nan | RMSE theta: nan | Loss: 1374.1147 | Epoch: 5
    Eq theta: 1.00000omega
    Eq omega: nan1 + nantheta + nanomega + nantheta^2 + nantheta omega + nanomega^2

--- Chunk 94417 (38/220) | Start: 2025-07-18 23:10:00 ---
    RMSE omega: 0.005079 | RMSE theta: 0.161905 | Loss: -0.0467 | Epoch: 1754
    Eq theta: 1.00000omega
    Eq omega: 0.000641 + 0.00060theta + 0.00038omega + 0.00054theta^2 + 0.00217theta omega + 0.00008omega^2

--- Chunk 94418 (39/220) | Start: 2025-07-18 23:15:00 ---
    RMSE omega: 0.031834 | RMSE theta: 0.670322 | Loss: 336.6826 | Epoch: 1080
    Eq theta: 1.00000omega
    Eq omega: 0.000591 + -0.03487theta + -0.00057omega + 0.00002theta^2 + -0.00009theta omega + 0.00004omega^2

--- Chunk 94419 (40/220) | Start: 2025-07-18 23:20:00 ---
    RMSE omega: 0.048998 | RMSE theta: 0.716641 | Loss: 221.2569 | Epoch: 41
    Eq theta: 1.00000omega
    Eq omega: 0.021641 + -0.00753theta + 0.00168omega + 0.00113theta^2 + -0.00046theta omega + 0.00046omega^2

--- Chunk 94420 (41/220) | Start: 2025-07-18 23:25:00 ---
    RMSE omega: 0.006429 | RMSE theta: 0.125551 | Loss: -141.5505 | Epoch: 1721
    Eq theta: 1.00000omega
    Eq omega: 0.000511 + -0.16840theta + -0.01165omega + -0.00064theta^2 + 0.00059theta omega + 0.00687omega^2

--- Chunk 94421 (42/220) | Start: 2025-07-18 23:30:00 ---
    RMSE omega: 0.036856 | RMSE theta: 0.746595 | Loss: 487.6573 | Epoch: 122
    Eq theta: 1.00000omega
    Eq omega: -0.000481 + -0.00171theta + 0.00016omega + 0.00000theta^2 + 0.00019theta omega + -0.00005omega^2

--- Chunk 94422 (43/220) | Start: 2025-07-18 23:35:00 ---
    RMSE omega: 0.005026 | RMSE theta: 0.183629 | Loss: 2.7990 | Epoch: 1901
    Eq theta: 1.00000omega
    Eq omega: 0.009701 + 0.00023theta + -0.00008omega + 0.00011theta^2 + 0.00006theta omega + 0.00090omega^2

--- Chunk 94423 (44/220) | Start: 2025-07-18 23:40:00 ---
    RMSE omega: 0.024147 | RMSE theta: 0.159976 | Loss: -109751720.0000 | Epoch: 1208
    Eq theta: 1.00000omega
    Eq omega: 0.017601 + -5.47905theta + 0.01120omega + 0.04531theta^2 + 0.11806theta omega + 0.01969omega^2

--- Chunk 94424 (45/220) | Start: 2025-07-18 23:45:00 ---
    RMSE omega: 0.004990 | RMSE theta: 0.126996 | Loss: -0.3534 | Epoch: 2754
    Eq theta: 1.00000omega
    Eq omega: 0.007301 + -0.00086theta + -0.01187omega + -0.00256theta^2 + -0.00126theta omega + -0.00478omega^2

--- Chunk 94425 (46/220) | Start: 2025-07-18 23:50:00 ---
    RMSE omega: 0.019838 | RMSE theta: 0.192073 | Loss: 29.1913 | Epoch: 84
    Eq theta: 1.00000omega
    Eq omega: 0.005621 + -0.03643theta + -0.00526omega + 0.14229theta^2 + -0.00106theta omega + -0.00053omega^2

--- Chunk 94426 (47/220) | Start: 2025-07-18 23:55:00 ---
    RMSE omega: 0.024727 | RMSE theta: 0.567191 | Loss: 119.0440 | Epoch: 53
    Eq theta: 1.00000omega
    Eq omega: 0.002101 + -0.00067theta + -0.00006omega + 0.00000theta^2 + -0.00005theta omega + 0.00034omega^2

--- Chunk 94427 (48/220) | Start: 2025-07-19 00:00:00 ---
    RMSE omega: 0.004287 | RMSE theta: 0.119456 | Loss: -2.2130 | Epoch: 2025
    Eq theta: 1.00000omega
    Eq omega: 0.000051 + -0.00032theta + 0.00103omega + -0.00004theta^2 + 0.00003theta omega + 0.00032omega^2

--- Chunk 94428 (49/220) | Start: 2025-07-19 00:05:00 ---
    RMSE omega: 0.005172 | RMSE theta: 0.094163 | Loss: -47.5844 | Epoch: 2389
    Eq theta: 1.00000omega
    Eq omega: 0.001731 + -0.00004theta + -0.00046omega + -0.00003theta^2 + -0.00021theta omega + 0.00005omega^2

--- Chunk 94429 (50/220) | Start: 2025-07-19 00:10:00 ---
    RMSE omega: 0.004455 | RMSE theta: 0.229978 | Loss: -8420.0869 | Epoch: 2376
    Eq theta: 1.00000omega
    Eq omega: 0.000571 + -0.00004theta + -0.00144omega + -0.00002theta^2 + 0.00005theta omega + 0.00503omega^2

  [Progress 50/220] Mean RMSE omega: 0.017297 | Mean loss: -1632958758388056341508238868480.0000 | Valid: 39/50 | Elapsed: 27.2min | ETA: 92.3min

--- Chunk 94430 (51/220) | Start: 2025-07-19 00:15:00 ---
    RMSE omega: 0.031993 | RMSE theta: 0.403311 | Loss: 235.7392 | Epoch: 170
    Eq theta: 1.00000omega
    Eq omega: 0.000751 + 0.00029theta + -0.00134omega + 0.00002theta^2 + -0.00013theta omega + -0.00084omega^2

--- Chunk 94431 (52/220) | Start: 2025-07-19 00:20:00 ---
    RMSE omega: 0.004227 | RMSE theta: 0.031604 | Loss: -1.3096 | Epoch: 1235
    Eq theta: 1.00000omega
    Eq omega: -0.001311 + -1.27427theta + 0.03618omega + -1.18288theta^2 + 0.70440theta omega + -0.03014omega^2

--- Chunk 94432 (53/220) | Start: 2025-07-19 00:25:00 ---
    RMSE omega: 0.004247 | RMSE theta: 0.169887 | Loss: -47872.0547 | Epoch: 3174
    Eq theta: 1.00000omega
    Eq omega: -0.000641 + -0.00063theta + -0.00134omega + 0.00011theta^2 + 0.00078theta omega + -0.00096omega^2

--- Chunk 94433 (54/220) | Start: 2025-07-19 00:30:00 ---
    RMSE omega: 0.006013 | RMSE theta: 0.187277 | Loss: -0.4074 | Epoch: 2479
    Eq theta: 1.00000omega
    Eq omega: 0.009601 + -0.00124theta + 0.00092omega + 0.01046theta^2 + 0.00016theta omega + 0.00292omega^2

--- Chunk 94434 (55/220) | Start: 2025-07-19 00:35:00 ---
    RMSE omega: nan | RMSE theta: nan | Loss: 715.9208 | Epoch: 25
    Eq theta: 1.00000omega
    Eq omega: nan1 + nantheta + nanomega + nantheta^2 + nantheta omega + nanomega^2

--- Chunk 94435 (56/220) | Start: 2025-07-19 00:40:00 ---
    RMSE omega: 0.025260 | RMSE theta: 0.337729 | Loss: 216.1765 | Epoch: 1010
    Eq theta: 1.00000omega
    Eq omega: 0.001631 + 0.00005theta + 0.00018omega + 0.00016theta^2 + 0.00007theta omega + 0.00050omega^2

--- Chunk 94436 (57/220) | Start: 2025-07-19 00:45:00 ---
    RMSE omega: nan | RMSE theta: nan | Loss: 179.5654 | Epoch: 20
    Eq theta: 1.00000omega
    Eq omega: nan1 + nantheta + nanomega + nantheta^2 + nantheta omega + nanomega^2

--- Chunk 94437 (58/220) | Start: 2025-07-19 00:50:00 ---
    RMSE omega: 0.007895 | RMSE theta: 0.487580 | Loss: -6868639744.0000 | Epoch: 2222
    Eq theta: 1.00000omega
    Eq omega: 0.000571 + -0.00082theta + -0.00035omega + -0.00006theta^2 + -0.00044theta omega + 0.00001omega^2

--- Chunk 94438 (59/220) | Start: 2025-07-19 00:55:00 ---
    RMSE omega: 0.003868 | RMSE theta: 0.015736 | Loss: 0.0589 | Epoch: 1123
    Eq theta: 1.00000omega
    Eq omega: 0.034741 + -1.63763theta + 0.02244omega + -0.73397theta^2 + -0.02453theta omega + 0.09892omega^2

--- Chunk 94439 (60/220) | Start: 2025-07-19 01:00:00 ---
    RMSE omega: 0.035898 | RMSE theta: 0.642395 | Loss: -105.3984 | Epoch: 534
    Eq theta: 1.00000omega
    Eq omega: 0.009441 + -0.02016theta + 0.00050omega + 0.00236theta^2 + -0.00557theta omega + -0.00087omega^2

--- Chunk 94440 (61/220) | Start: 2025-07-19 01:05:00 ---
    RMSE omega: nan | RMSE theta: nan | Loss: -102327086972778860616089600.0000 | Epoch: 1689
    Eq theta: 1.00000omega
    Eq omega: nan1 + nantheta + nanomega + nantheta^2 + nantheta omega + nanomega^2

--- Chunk 94441 (62/220) | Start: 2025-07-19 01:10:00 ---
    RMSE omega: 0.004270 | RMSE theta: 0.066114 | Loss: -1.1650 | Epoch: 1252
    Eq theta: 1.00000omega
    Eq omega: -0.000071 + -0.00224theta + 0.00861omega + 0.00012theta^2 + 0.00395theta omega + 0.00027omega^2

--- Chunk 94442 (63/220) | Start: 2025-07-19 01:15:00 ---
    RMSE omega: 0.006328 | RMSE theta: 0.202845 | Loss: 1.0353 | Epoch: 1173
    Eq theta: 1.00000omega
    Eq omega: -0.001031 + 0.00027theta + -0.00113omega + -0.00051theta^2 + -0.00044theta omega + 0.00182omega^2

--- Chunk 94443 (64/220) | Start: 2025-07-19 01:20:00 ---
    RMSE omega: nan | RMSE theta: nan | Loss: 54.3944 | Epoch: 83
    Eq theta: 1.00000omega
    Eq omega: nan1 + nantheta + nanomega + nantheta^2 + nantheta omega + nanomega^2

--- Chunk 94444 (65/220) | Start: 2025-07-19 01:25:00 ---
    RMSE omega: nan | RMSE theta: nan | Loss: 230.6081 | Epoch: 25
    Eq theta: 1.00000omega
    Eq omega: nan1 + nantheta + nanomega + nantheta^2 + nantheta omega + nanomega^2

--- Chunk 94445 (66/220) | Start: 2025-07-19 01:30:00 ---
    RMSE omega: 0.004898 | RMSE theta: 0.082096 | Loss: -172.9886 | Epoch: 2014
    Eq theta: 1.00000omega
    Eq omega: -0.001011 + -0.00002theta + -0.00179omega + 0.00137theta^2 + -0.00132theta omega + -0.00149omega^2

--- Chunk 94446 (67/220) | Start: 2025-07-19 01:35:00 ---
    RMSE omega: 0.005545 | RMSE theta: 0.125913 | Loss: -0.9884 | Epoch: 2884
    Eq theta: 1.00000omega
    Eq omega: 0.003601 + -0.00078theta + 0.00006omega + 0.00020theta^2 + -0.00114theta omega + 0.00241omega^2

--- Chunk 94447 (68/220) | Start: 2025-07-19 01:40:00 ---
    RMSE omega: 0.005415 | RMSE theta: 0.085074 | Loss: 5.8604 | Epoch: 1176
    Eq theta: 1.00000omega
    Eq omega: 0.006131 + -0.00018theta + 0.00897omega + -0.00007theta^2 + -0.00008theta omega + -0.00088omega^2

--- Chunk 94448 (69/220) | Start: 2025-07-19 01:45:00 ---
    RMSE omega: 0.009010 | RMSE theta: 0.048465 | Loss: 3.7636 | Epoch: 326
    Eq theta: 1.00000omega
    Eq omega: 0.004781 + -0.05867theta + -0.00089omega + -0.00121theta^2 + 0.00577theta omega + -0.00005omega^2

--- Chunk 94449 (70/220) | Start: 2025-07-19 01:50:00 ---
    RMSE omega: 0.004625 | RMSE theta: 0.016339 | Loss: -0.1966 | Epoch: 2027
    Eq theta: 1.00000omega
    Eq omega: -0.006721 + -0.45430theta + 0.00445omega + 0.00273theta^2 + 0.01829theta omega + -0.24678omega^2

--- Chunk 94450 (71/220) | Start: 2025-07-19 01:55:00 ---
    RMSE omega: 0.005838 | RMSE theta: 0.101016 | Loss: -0.4197 | Epoch: 2474
    Eq theta: 1.00000omega
    Eq omega: -0.001371 + -0.00088theta + 0.00572omega + -0.00080theta^2 + 0.00084theta omega + 0.00136omega^2

--- Chunk 94451 (72/220) | Start: 2025-07-19 02:00:00 ---
    RMSE omega: 0.028564 | RMSE theta: 0.335351 | Loss: 66.4529 | Epoch: 1093
    Eq theta: 1.00000omega
    Eq omega: -0.004061 + -0.13169theta + 0.01259omega + -0.01299theta^2 + 0.00307theta omega + -0.02633omega^2

--- Chunk 94452 (73/220) | Start: 2025-07-19 02:05:00 ---
    RMSE omega: nan | RMSE theta: nan | Loss: 1492.1342 | Epoch: 23
    Eq theta: 1.00000omega
    Eq omega: nan1 + nantheta + nanomega + nantheta^2 + nantheta omega + nanomega^2

--- Chunk 94453 (74/220) | Start: 2025-07-19 02:10:00 ---
    RMSE omega: 0.030439 | RMSE theta: 0.180147 | Loss: 124.8759 | Epoch: 36
    Eq theta: 1.00000omega
    Eq omega: -0.000511 + -0.05840theta + -0.00735omega + 0.00801theta^2 + -0.00030theta omega + -0.00349omega^2

--- Chunk 94454 (75/220) | Start: 2025-07-19 02:15:00 ---
    RMSE omega: nan | RMSE theta: nan | Loss: 65.8856 | Epoch: 51
    Eq theta: 1.00000omega
    Eq omega: nan1 + nantheta + nanomega + nantheta^2 + nantheta omega + nanomega^2

--- Chunk 94455 (76/220) | Start: 2025-07-19 02:20:00 ---
    RMSE omega: 0.004998 | RMSE theta: 0.021264 | Loss: -1.7252 | Epoch: 1852
    Eq theta: 1.00000omega
    Eq omega: 0.002291 + -0.00054theta + -0.00021omega + 0.00014theta^2 + -0.00023theta omega + -0.00062omega^2

--- Chunk 94456 (77/220) | Start: 2025-07-19 02:25:00 ---
    RMSE omega: 0.054717 | RMSE theta: 1.949629 | Loss: -141935391668897835414192128.0000 | Epoch: 2493
    Eq theta: 1.00000omega
    Eq omega: 0.012481 + 0.00293theta + 0.01048omega + 0.00037theta^2 + -0.00248theta omega + -0.00564omega^2

--- Chunk 94457 (78/220) | Start: 2025-07-19 02:30:00 ---
    RMSE omega: 0.025062 | RMSE theta: 0.363478 | Loss: -555.6133 | Epoch: 426
    Eq theta: 1.00000omega
    Eq omega: -0.001291 + -0.02322theta + 0.00477omega + 0.00849theta^2 + 0.00380theta omega + -0.00068omega^2

--- Chunk 94458 (79/220) | Start: 2025-07-19 02:35:00 ---
    RMSE omega: 0.004014 | RMSE theta: 0.039678 | Loss: -1.1838 | Epoch: 1134
    Eq theta: 1.00000omega
    Eq omega: -0.000111 + -0.06015theta + 0.00177omega + -0.01389theta^2 + -0.00138theta omega + -0.03560omega^2

--- Chunk 94459 (80/220) | Start: 2025-07-19 02:40:00 ---
    RMSE omega: nan | RMSE theta: nan | Loss: 263.6621 | Epoch: 45
    Eq theta: 1.00000omega
    Eq omega: nan1 + nantheta + nanomega + nantheta^2 + nantheta omega + nanomega^2

--- Chunk 94460 (81/220) | Start: 2025-07-19 02:45:00 ---
    RMSE omega: 0.025969 | RMSE theta: 0.854547 | Loss: -54779.4492 | Epoch: 507
    Eq theta: 1.00000omega
    Eq omega: -0.004711 + -0.00024theta + 0.00047omega + 0.00001theta^2 + 0.00000theta omega + -0.00001omega^2

--- Chunk 94461 (82/220) | Start: 2025-07-19 02:50:00 ---
    RMSE omega: nan | RMSE theta: nan | Loss: 374.0268 | Epoch: 51
    Eq theta: 1.00000omega
    Eq omega: nan1 + nantheta + nanomega + nantheta^2 + nantheta omega + nanomega^2

--- Chunk 94462 (83/220) | Start: 2025-07-19 02:55:00 ---
    RMSE omega: 0.011445 | RMSE theta: 0.277041 | Loss: -8034788.5000 | Epoch: 3803
    Eq theta: 1.00000omega
    Eq omega: -0.185881 + -0.00003theta + 0.00013omega + 0.00000theta^2 + 0.00001theta omega + -0.00001omega^2

--- Chunk 94463 (84/220) | Start: 2025-07-19 03:00:00 ---
    RMSE omega: nan | RMSE theta: nan | Loss: 714.8153 | Epoch: 45
    Eq theta: 1.00000omega
    Eq omega: nan1 + nantheta + nanomega + nantheta^2 + nantheta omega + nanomega^2

--- Chunk 94464 (85/220) | Start: 2025-07-19 03:05:00 ---
    RMSE omega: nan | RMSE theta: nan | Loss: 282.3545 | Epoch: 65
    Eq theta: 1.00000omega
    Eq omega: nan1 + nantheta + nanomega + nantheta^2 + nantheta omega + nanomega^2

--- Chunk 94465 (86/220) | Start: 2025-07-19 03:10:00 ---
    RMSE omega: 0.006966 | RMSE theta: 0.373057 | Loss: -0.1954 | Epoch: 3560
    Eq theta: 1.00000omega
    Eq omega: 0.003251 + -0.00123theta + -0.01192omega + -0.00021theta^2 + -0.00122theta omega + 0.00123omega^2

--- Chunk 94466 (87/220) | Start: 2025-07-19 03:15:00 ---
    RMSE omega: 0.004247 | RMSE theta: 0.110146 | Loss: -2.7938 | Epoch: 2094
    Eq theta: 1.00000omega
    Eq omega: 0.003831 + 0.00208theta + -0.00001omega + -0.00028theta^2 + -0.00059theta omega + 0.00477omega^2

--- Chunk 94467 (88/220) | Start: 2025-07-19 03:20:00 ---
    RMSE omega: nan | RMSE theta: nan | Loss: 62.6747 | Epoch: 273
    Eq theta: 1.00000omega
    Eq omega: nan1 + nantheta + nanomega + nantheta^2 + nantheta omega + nanomega^2

--- Chunk 94468 (89/220) | Start: 2025-07-19 03:25:00 ---
    RMSE omega: 0.005087 | RMSE theta: 0.424376 | Loss: 1.1814 | Epoch: 1859
    Eq theta: 1.00000omega
    Eq omega: 0.000491 + -0.00008theta + -0.00157omega + -0.00003theta^2 + -0.00042theta omega + 0.00048omega^2

--- Chunk 94469 (90/220) | Start: 2025-07-19 03:30:00 ---
    RMSE omega: nan | RMSE theta: nan | Loss: 90.7587 | Epoch: 117
    Eq theta: 1.00000omega
    Eq omega: nan1 + nantheta + nanomega + nantheta^2 + nantheta omega + nanomega^2

--- Chunk 94470 (91/220) | Start: 2025-07-19 03:35:00 ---
    RMSE omega: nan | RMSE theta: nan | Loss: 707.1830 | Epoch: 41
    Eq theta: 1.00000omega
    Eq omega: nan1 + nantheta + nanomega + nantheta^2 + nantheta omega + nanomega^2

--- Chunk 94471 (92/220) | Start: 2025-07-19 03:40:00 ---
    RMSE omega: 0.003787 | RMSE theta: 0.049962 | Loss: 0.1479 | Epoch: 1320
    Eq theta: 1.00000omega
    Eq omega: 0.002471 + -0.00187theta + -0.00077omega + 0.00116theta^2 + 0.00118theta omega + 0.00323omega^2

--- Chunk 94472 (93/220) | Start: 2025-07-19 03:45:00 ---
    RMSE omega: nan | RMSE theta: nan | Loss: 383.3322 | Epoch: 44
    Eq theta: 1.00000omega
    Eq omega: nan1 + nantheta + nanomega + nantheta^2 + nantheta omega + nanomega^2

--- Chunk 94473 (94/220) | Start: 2025-07-19 03:50:00 ---
    RMSE omega: 0.004268 | RMSE theta: 0.051143 | Loss: -0.7937 | Epoch: 1606
    Eq theta: 1.00000omega
    Eq omega: -0.002021 + -1.07795theta + 0.01050omega + -0.00320theta^2 + 0.09972theta omega + -0.14685omega^2

--- Chunk 94474 (95/220) | Start: 2025-07-19 03:55:00 ---
    RMSE omega: 0.028962 | RMSE theta: 0.851494 | Loss: 542.7816 | Epoch: 51
    Eq theta: 1.00000omega
    Eq omega: 0.000641 + 0.00023theta + 0.00824omega + 0.00002theta^2 + -0.00004theta omega + -0.00021omega^2

--- Chunk 94475 (96/220) | Start: 2025-07-19 04:00:00 ---
    RMSE omega: 0.026808 | RMSE theta: 0.286621 | Loss: 163.3534 | Epoch: 980
    Eq theta: 1.00000omega
    Eq omega: 0.002581 + 0.00024theta + 0.00328omega + -0.00221theta^2 + -0.00759theta omega + 0.00025omega^2

--- Chunk 94476 (97/220) | Start: 2025-07-19 04:05:00 ---
    RMSE omega: 0.004979 | RMSE theta: 0.194157 | Loss: 4.4321 | Epoch: 1421
    Eq theta: 1.00000omega
    Eq omega: 0.002091 + -0.00040theta + -0.00063omega + -0.00015theta^2 + -0.00003theta omega + 0.00009omega^2

--- Chunk 94477 (98/220) | Start: 2025-07-19 04:10:00 ---
    RMSE omega: 0.005040 | RMSE theta: 0.105464 | Loss: 1.8455 | Epoch: 1323
    Eq theta: 1.00000omega
    Eq omega: -0.001011 + -0.00024theta + 0.00497omega + -0.00110theta^2 + 0.00022theta omega + 0.00126omega^2

--- Chunk 94478 (99/220) | Start: 2025-07-19 04:15:00 ---
    RMSE omega: nan | RMSE theta: nan | Loss: 3806.0276 | Epoch: 24
    Eq theta: 1.00000omega
    Eq omega: nan1 + nantheta + nanomega + nantheta^2 + nantheta omega + nanomega^2

--- Chunk 94479 (100/220) | Start: 2025-07-19 04:20:00 ---
    RMSE omega: nan | RMSE theta: nan | Loss: 18249.8945 | Epoch: 16
    Eq theta: 1.00000omega
    Eq omega: nan1 + nantheta + nanomega + nantheta^2 + nantheta omega + nanomega^2

  [Progress 100/220] Mean RMSE omega: 0.015490 | Mean loss: -816481821818814480560588587008.0000 | Valid: 72/100 | Elapsed: 51.8min | ETA: 62.1min

--- Chunk 94480 (101/220) | Start: 2025-07-19 04:25:00 ---
    RMSE omega: nan | RMSE theta: nan | Loss: 3013.7812 | Epoch: 18
    Eq theta: 1.00000omega
    Eq omega: nan1 + nantheta + nanomega + nantheta^2 + nantheta omega + nanomega^2

--- Chunk 94481 (102/220) | Start: 2025-07-19 04:30:00 ---
    RMSE omega: 0.042536 | RMSE theta: 0.974745 | Loss: -204218560.0000 | Epoch: 740
    Eq theta: 1.00000omega
    Eq omega: -0.005741 + -0.00323theta + -0.00118omega + -0.00066theta^2 + -0.00230theta omega + -0.00149omega^2

--- Chunk 94482 (103/220) | Start: 2025-07-19 04:35:00 ---
    RMSE omega: nan | RMSE theta: nan | Loss: 199.7926 | Epoch: 139
    Eq theta: 1.00000omega
    Eq omega: nan1 + nantheta + nanomega + nantheta^2 + nantheta omega + nanomega^2

--- Chunk 94483 (104/220) | Start: 2025-07-19 04:40:00 ---
    RMSE omega: 0.004245 | RMSE theta: 0.033020 | Loss: 0.5921 | Epoch: 1785
    Eq theta: 1.00000omega
    Eq omega: -0.001721 + -0.00057theta + -0.00224omega + -0.00005theta^2 + 0.00015theta omega + 0.00048omega^2

--- Chunk 94484 (105/220) | Start: 2025-07-19 04:45:00 ---
    RMSE omega: 0.012601 | RMSE theta: 0.366805 | Loss: 14.9428 | Epoch: 1747
    Eq theta: 1.00000omega
    Eq omega: -0.001211 + -0.00033theta + 0.00043omega + -0.00001theta^2 + -0.00006theta omega + -0.00003omega^2

--- Chunk 94485 (106/220) | Start: 2025-07-19 04:50:00 ---
    RMSE omega: 0.012326 | RMSE theta: 1.406753 | Loss: -112665155762043213578240.0000 | Epoch: 2213
    Eq theta: 1.00000omega
    Eq omega: 0.002771 + -0.00119theta + -0.00022omega + 0.00002theta^2 + 0.00003theta omega + 0.00003omega^2

--- Chunk 94486 (107/220) | Start: 2025-07-19 04:55:00 ---
    RMSE omega: nan | RMSE theta: nan | Loss: 120.4412 | Epoch: 23
    Eq theta: 1.00000omega
    Eq omega: nan1 + nantheta + nanomega + nantheta^2 + nantheta omega + nanomega^2

--- Chunk 94487 (108/220) | Start: 2025-07-19 05:00:00 ---
    RMSE omega: 0.009451 | RMSE theta: 0.499126 | Loss: 0.2264 | Epoch: 4392
    Eq theta: 1.00000omega
    Eq omega: -0.003921 + -0.00069theta + 0.00267omega + 0.00135theta^2 + 0.00058theta omega + -0.00144omega^2

--- Chunk 94488 (109/220) | Start: 2025-07-19 05:05:00 ---
    RMSE omega: 0.028186 | RMSE theta: 0.299433 | Loss: 122.3386 | Epoch: 98
    Eq theta: 1.00000omega
    Eq omega: 0.000141 + -0.07995theta + 0.00438omega + -0.00031theta^2 + 0.01319theta omega + 0.00265omega^2

--- Chunk 94489 (110/220) | Start: 2025-07-19 05:10:00 ---
    RMSE omega: 0.005500 | RMSE theta: 0.221051 | Loss: 1.9326 | Epoch: 2172
    Eq theta: 1.00000omega
    Eq omega: 0.001291 + -0.00035theta + 0.00445omega + 0.00037theta^2 + 0.00025theta omega + -0.00072omega^2

--- Chunk 94490 (111/220) | Start: 2025-07-19 05:15:00 ---
    RMSE omega: 0.010147 | RMSE theta: 0.319209 | Loss: -1361500740517888.0000 | Epoch: 2432
    Eq theta: 1.00000omega
    Eq omega: 0.002171 + 0.00005theta + -0.00015omega + -0.00049theta^2 + -0.00013theta omega + -0.00072omega^2

--- Chunk 94491 (112/220) | Start: 2025-07-19 05:20:00 ---
    RMSE omega: nan | RMSE theta: nan | Loss: 23.0955 | Epoch: 50
    Eq theta: 1.00000omega
    Eq omega: nan1 + nantheta + nanomega + nantheta^2 + nantheta omega + nanomega^2

--- Chunk 94492 (113/220) | Start: 2025-07-19 05:25:00 ---
    RMSE omega: 0.008072 | RMSE theta: 0.648555 | Loss: -180811646549823683511189504.0000 | Epoch: 2324
    Eq theta: 1.00000omega
    Eq omega: -0.017861 + -0.29845theta + 0.20404omega + -0.00015theta^2 + 0.00157theta omega + 0.00092omega^2

--- Chunk 94493 (114/220) | Start: 2025-07-19 05:30:00 ---
    RMSE omega: 0.029517 | RMSE theta: 0.355473 | Loss: 275.4861 | Epoch: 51
    Eq theta: 1.00000omega
    Eq omega: -0.007771 + -0.00367theta + -0.00155omega + 0.00003theta^2 + 0.00082theta omega + 0.00475omega^2

--- Chunk 94494 (115/220) | Start: 2025-07-19 05:35:00 ---
    RMSE omega: nan | RMSE theta: nan | Loss: 141.9835 | Epoch: 36
    Eq theta: 1.00000omega
    Eq omega: nan1 + nantheta + nanomega + nantheta^2 + nantheta omega + nanomega^2

--- Chunk 94495 (116/220) | Start: 2025-07-19 05:40:00 ---
    RMSE omega: 0.028011 | RMSE theta: 0.361405 | Loss: -3694.9375 | Epoch: 600
    Eq theta: 1.00000omega
    Eq omega: -0.001441 + 0.00015theta + 0.00222omega + -0.00003theta^2 + 0.00007theta omega + 0.00109omega^2

--- Chunk 94496 (117/220) | Start: 2025-07-19 05:45:00 ---
    RMSE omega: 0.024547 | RMSE theta: 0.796317 | Loss: 139.8835 | Epoch: 705
    Eq theta: 1.00000omega
    Eq omega: 0.143731 + -0.00686theta + 0.00038omega + 0.00142theta^2 + -0.00434theta omega + -0.00052omega^2

--- Chunk 94497 (118/220) | Start: 2025-07-19 05:50:00 ---
    RMSE omega: 0.006688 | RMSE theta: 0.150499 | Loss: -0.2437 | Epoch: 1508
    Eq theta: 1.00000omega
    Eq omega: -0.000921 + 0.00002theta + 0.00021omega + -0.00003theta^2 + -0.00031theta omega + -0.00064omega^2

--- Chunk 94498 (119/220) | Start: 2025-07-19 05:55:00 ---
    RMSE omega: 0.011497 | RMSE theta: 0.353586 | Loss: 5.9468 | Epoch: 960
    Eq theta: 1.00000omega
    Eq omega: -0.000571 + 0.00037theta + 0.00777omega + -0.00022theta^2 + -0.00012theta omega + 0.00011omega^2

--- Chunk 94499 (120/220) | Start: 2025-07-19 06:00:00 ---
    RMSE omega: 0.012626 | RMSE theta: 0.271583 | Loss: -841589184.0000 | Epoch: 2413
    Eq theta: 1.00000omega
    Eq omega: -0.002431 + -0.00084theta + 0.00093omega + -0.00037theta^2 + 0.00072theta omega + 0.00057omega^2

--- Chunk 94500 (121/220) | Start: 2025-07-19 06:05:00 ---
    RMSE omega: 0.030552 | RMSE theta: 0.477889 | Loss: 64.9459 | Epoch: 102
    Eq theta: 1.00000omega
    Eq omega: 0.000481 + -0.00074theta + -0.00044omega + -0.00001theta^2 + -0.00028theta omega + -0.00109omega^2

--- Chunk 94501 (122/220) | Start: 2025-07-19 06:10:00 ---
    RMSE omega: 0.009955 | RMSE theta: 0.228022 | Loss: -3.3249 | Epoch: 1452
    Eq theta: 1.00000omega
    Eq omega: -0.003991 + -0.15678theta + -0.00721omega + -0.00131theta^2 + 0.00340theta omega + 0.00272omega^2

--- Chunk 94502 (123/220) | Start: 2025-07-19 06:15:00 ---
    RMSE omega: 0.005179 | RMSE theta: 0.213928 | Loss: -0.9614 | Epoch: 1921
    Eq theta: 1.00000omega
    Eq omega: 0.006091 + 0.00346theta + -0.00041omega + -0.00623theta^2 + -0.00021theta omega + 0.00913omega^2

--- Chunk 94503 (124/220) | Start: 2025-07-19 06:20:00 ---
    RMSE omega: nan | RMSE theta: nan | Loss: 1567.7206 | Epoch: 16
    Eq theta: 1.00000omega
    Eq omega: nan1 + nantheta + nanomega + nantheta^2 + nantheta omega + nanomega^2

--- Chunk 94504 (125/220) | Start: 2025-07-19 06:25:00 ---
    RMSE omega: 0.004469 | RMSE theta: 0.110301 | Loss: -0.5806 | Epoch: 1656
    Eq theta: 1.00000omega
    Eq omega: -0.000331 + -0.00064theta + 0.00180omega + 0.00023theta^2 + -0.00140theta omega + -0.00096omega^2

--- Chunk 94505 (126/220) | Start: 2025-07-19 06:30:00 ---
    RMSE omega: 0.006161 | RMSE theta: 0.180380 | Loss: 7.8778 | Epoch: 3689
    Eq theta: 1.00000omega
    Eq omega: 0.004181 + -0.00047theta + -0.00069omega + -0.00002theta^2 + 0.00005theta omega + -0.00013omega^2

--- Chunk 94506 (127/220) | Start: 2025-07-19 06:35:00 ---
    RMSE omega: 0.004797 | RMSE theta: 0.056073 | Loss: 1.0730 | Epoch: 2040
    Eq theta: 1.00000omega
    Eq omega: 0.003021 + -0.13021theta + -0.02428omega + -0.03430theta^2 + 0.00410theta omega + 0.04146omega^2

--- Chunk 94507 (128/220) | Start: 2025-07-19 06:40:00 ---
    RMSE omega: 0.004377 | RMSE theta: 0.110033 | Loss: -1.5125 | Epoch: 1481
    Eq theta: 1.00000omega
    Eq omega: 0.000131 + 0.00001theta + -0.00171omega + -0.00012theta^2 + 0.00052theta omega + -0.00001omega^2

--- Chunk 94508 (129/220) | Start: 2025-07-19 06:45:00 ---
    RMSE omega: 0.051127 | RMSE theta: 4.485168 | Loss: -43625252.0000 | Epoch: 3445
    Eq theta: 1.00000omega
    Eq omega: -0.000071 + 0.00061theta + 0.00118omega + 0.00125theta^2 + -0.00098theta omega + 0.00070omega^2

--- Chunk 94509 (130/220) | Start: 2025-07-19 06:50:00 ---
    RMSE omega: 0.029020 | RMSE theta: 0.493854 | Loss: 480.0284 | Epoch: 46
    Eq theta: 1.00000omega
    Eq omega: 0.000641 + -0.00013theta + -0.00165omega + 0.00007theta^2 + 0.00000theta omega + 0.00028omega^2

--- Chunk 94510 (131/220) | Start: 2025-07-19 06:55:00 ---
    RMSE omega: 0.005673 | RMSE theta: 0.177682 | Loss: 2.9658 | Epoch: 2063
    Eq theta: 1.00000omega
    Eq omega: -0.000241 + -0.00014theta + -0.00098omega + 0.00000theta^2 + -0.00013theta omega + 0.00041omega^2

--- Chunk 94511 (132/220) | Start: 2025-07-19 07:00:00 ---
    RMSE omega: 0.036718 | RMSE theta: 0.658132 | Loss: 140.2868 | Epoch: 393
    Eq theta: 1.00000omega
    Eq omega: -0.011681 + -0.00023theta + -0.00672omega + 0.00012theta^2 + -0.00206theta omega + -0.00029omega^2

--- Chunk 94512 (133/220) | Start: 2025-07-19 07:05:00 ---
    RMSE omega: 0.005129 | RMSE theta: 0.097084 | Loss: -2.4825 | Epoch: 1225
    Eq theta: 1.00000omega
    Eq omega: -0.001231 + -0.50470theta + 0.01498omega + 0.00144theta^2 + 0.00482theta omega + -0.00081omega^2

--- Chunk 94513 (134/220) | Start: 2025-07-19 07:10:00 ---
    RMSE omega: nan | RMSE theta: nan | Loss: -11459599099969626167670996992.0000 | Epoch: 2397
    Eq theta: 1.00000omega
    Eq omega: nan1 + nantheta + nanomega + nantheta^2 + nantheta omega + nanomega^2

--- Chunk 94514 (135/220) | Start: 2025-07-19 07:15:00 ---
    RMSE omega: 0.005377 | RMSE theta: 0.088504 | Loss: -2.9539 | Epoch: 1663
    Eq theta: 1.00000omega
    Eq omega: -0.001631 + 0.00145theta + -0.00635omega + 0.00584theta^2 + 0.00057theta omega + 0.00029omega^2

--- Chunk 94515 (136/220) | Start: 2025-07-19 07:20:00 ---
    RMSE omega: nan | RMSE theta: nan | Loss: 161.6854 | Epoch: 16
    Eq theta: 1.00000omega
    Eq omega: nan1 + nantheta + nanomega + nantheta^2 + nantheta omega + nanomega^2

--- Chunk 94516 (137/220) | Start: 2025-07-19 07:25:00 ---
    RMSE omega: nan | RMSE theta: nan | Loss: 118.3290 | Epoch: 47
    Eq theta: 1.00000omega
    Eq omega: nan1 + nantheta + nanomega + nantheta^2 + nantheta omega + nanomega^2

--- Chunk 94517 (138/220) | Start: 2025-07-19 07:30:00 ---
    RMSE omega: 0.005186 | RMSE theta: 0.116748 | Loss: -2.1428 | Epoch: 959
    Eq theta: 1.00000omega
    Eq omega: -0.005781 + -0.53514theta + -0.00464omega + -0.00386theta^2 + 0.00538theta omega + 0.00404omega^2

--- Chunk 94518 (139/220) | Start: 2025-07-19 07:35:00 ---
    RMSE omega: nan | RMSE theta: nan | Loss: 672.9522 | Epoch: 30
    Eq theta: 1.00000omega
    Eq omega: nan1 + nantheta + nanomega + nantheta^2 + nantheta omega + nanomega^2

--- Chunk 94519 (140/220) | Start: 2025-07-19 07:40:00 ---
    RMSE omega: nan | RMSE theta: nan | Loss: 855.0920 | Epoch: 17
    Eq theta: 1.00000omega
    Eq omega: nan1 + nantheta + nanomega + nantheta^2 + nantheta omega + nanomega^2

--- Chunk 94520 (141/220) | Start: 2025-07-19 07:45:00 ---
    RMSE omega: 0.035691 | RMSE theta: 0.397652 | Loss: -159644.1406 | Epoch: 534
    Eq theta: 1.00000omega
    Eq omega: 0.000781 + -0.00035theta + -0.00003omega + -0.00001theta^2 + -0.00017theta omega + -0.00008omega^2

--- Chunk 94521 (142/220) | Start: 2025-07-19 07:50:00 ---
    RMSE omega: 0.017608 | RMSE theta: 0.321935 | Loss: -1558.6221 | Epoch: 504
    Eq theta: 1.00000omega
    Eq omega: -0.001181 + -0.00006theta + -0.00027omega + -0.00002theta^2 + -0.00021theta omega + -0.00039omega^2

--- Chunk 94522 (143/220) | Start: 2025-07-19 07:55:00 ---
    RMSE omega: 0.004664 | RMSE theta: 0.088949 | Loss: -68925.4219 | Epoch: 1329
    Eq theta: 1.00000omega
    Eq omega: 0.002431 + 0.00047theta + 0.00513omega + 0.00059theta^2 + 0.00113theta omega + -0.00505omega^2

--- Chunk 94523 (144/220) | Start: 2025-07-19 08:00:00 ---
    RMSE omega: 0.005646 | RMSE theta: 0.308945 | Loss: -3909938150909466810253312.0000 | Epoch: 1991
    Eq theta: 1.00000omega
    Eq omega: -0.003551 + -0.00005theta + 0.00002omega + -0.00001theta^2 + -0.00018theta omega + 0.00001omega^2

--- Chunk 94524 (145/220) | Start: 2025-07-19 08:05:00 ---
    RMSE omega: 0.004422 | RMSE theta: 0.060020 | Loss: 0.3318 | Epoch: 1321
    Eq theta: 1.00000omega
    Eq omega: 0.001611 + -0.00262theta + -0.00047omega + 0.00113theta^2 + -0.00080theta omega + 0.00226omega^2

--- Chunk 94525 (146/220) | Start: 2025-07-19 08:10:00 ---
    RMSE omega: 0.004238 | RMSE theta: 0.086682 | Loss: -1.3942 | Epoch: 1879
    Eq theta: 1.00000omega
    Eq omega: 0.003391 + 0.00307theta + -0.00108omega + 0.00152theta^2 + 0.00038theta omega + 0.00080omega^2

--- Chunk 94526 (147/220) | Start: 2025-07-19 08:15:00 ---
    RMSE omega: 0.014442 | RMSE theta: 0.715391 | Loss: -4077603.0000 | Epoch: 2154
    Eq theta: 1.00000omega
    Eq omega: -0.002971 + -0.00392theta + 0.00107omega + -0.00015theta^2 + 0.00035theta omega + -0.00162omega^2

--- Chunk 94527 (148/220) | Start: 2025-07-19 08:20:00 ---
    RMSE omega: 0.005221 | RMSE theta: 0.144289 | Loss: 2.9423 | Epoch: 1889
    Eq theta: 1.00000omega
    Eq omega: 0.003331 + -0.00030theta + 0.00075omega + 0.00008theta^2 + 0.00054theta omega + -0.00000omega^2

--- Chunk 94528 (149/220) | Start: 2025-07-19 08:25:00 ---
    RMSE omega: nan | RMSE theta: nan | Loss: 38.3315 | Epoch: 53
    Eq theta: 1.00000omega
    Eq omega: nan1 + nantheta + nanomega + nantheta^2 + nantheta omega + nanomega^2

--- Chunk 94529 (150/220) | Start: 2025-07-19 08:30:00 ---
    RMSE omega: 0.004499 | RMSE theta: 0.082995 | Loss: -1.1778 | Epoch: 1089
    Eq theta: 1.00000omega
    Eq omega: -0.017011 + -1.18739theta + -1.33013omega + 0.16656theta^2 + 0.68694theta omega + -0.01751omega^2

  [Progress 150/220] Mean RMSE omega: 0.015103 | Mean loss: -544398844101541953574956695552.0000 | Valid: 110/150 | Elapsed: 80.3min | ETA: 37.5min

--- Chunk 94530 (151/220) | Start: 2025-07-19 08:50:00 ---
    RMSE omega: 0.004909 | RMSE theta: 0.148034 | Loss: 1.5556 | Epoch: 1273
    Eq theta: 1.00000omega
    Eq omega: -0.000351 + 0.00022theta + -0.00092omega + -0.00005theta^2 + 0.00000theta omega + 0.00024omega^2

--- Chunk 94531 (152/220) | Start: 2025-07-19 08:55:00 ---
    RMSE omega: 0.005178 | RMSE theta: 0.138918 | Loss: -151.9226 | Epoch: 2604
    Eq theta: 1.00000omega
    Eq omega: 0.004801 + -0.00045theta + -0.03288omega + 0.00001theta^2 + -0.00110theta omega + -0.01123omega^2

--- Chunk 94532 (153/220) | Start: 2025-07-19 09:00:00 ---
    RMSE omega: 0.651996 | RMSE theta: 14.172798 | Loss: -86305606205440.0000 | Epoch: 1309
    Eq theta: 1.00000omega
    Eq omega: -0.002691 + -0.00043theta + 0.00034omega + -0.00002theta^2 + 0.00000theta omega + -0.00002omega^2

--- Chunk 94533 (154/220) | Start: 2025-07-19 09:05:00 ---
    RMSE omega: 0.007800 | RMSE theta: 0.178163 | Loss: 1.0488 | Epoch: 2021
    Eq theta: 1.00000omega
    Eq omega: 0.004461 + 0.00100theta + 0.00115omega + -0.00023theta^2 + -0.00079theta omega + 0.00011omega^2

--- Chunk 94534 (155/220) | Start: 2025-07-19 09:10:00 ---
    RMSE omega: 0.006039 | RMSE theta: 0.363902 | Loss: -284508.0000 | Epoch: 2185
    Eq theta: 1.00000omega
    Eq omega: 0.018771 + -0.00369theta + -0.01910omega + 0.00008theta^2 + -0.00021theta omega + -0.00036omega^2

--- Chunk 94535 (156/220) | Start: 2025-07-19 09:15:00 ---
    RMSE omega: nan | RMSE theta: nan | Loss: 65.6164 | Epoch: 36
    Eq theta: 1.00000omega
    Eq omega: nan1 + nantheta + nanomega + nantheta^2 + nantheta omega + nanomega^2

--- Chunk 94536 (157/220) | Start: 2025-07-19 09:20:00 ---
    RMSE omega: nan | RMSE theta: nan | Loss: 23.7808 | Epoch: 129
    Eq theta: 1.00000omega
    Eq omega: nan1 + nantheta + nanomega + nantheta^2 + nantheta omega + nanomega^2

--- Chunk 94537 (158/220) | Start: 2025-07-19 09:25:00 ---
    RMSE omega: 0.011267 | RMSE theta: 0.857391 | Loss: -398725087232.0000 | Epoch: 2503
    Eq theta: 1.00000omega
    Eq omega: -0.003711 + -0.08186theta + 0.00189omega + -0.00044theta^2 + -0.00172theta omega + -0.03523omega^2

--- Chunk 94538 (159/220) | Start: 2025-07-19 09:30:00 ---
    RMSE omega: nan | RMSE theta: nan | Loss: 35.4417 | Epoch: 74
    Eq theta: 1.00000omega
    Eq omega: nan1 + nantheta + nanomega + nantheta^2 + nantheta omega + nanomega^2

--- Chunk 94539 (160/220) | Start: 2025-07-19 09:35:00 ---
    RMSE omega: 0.004728 | RMSE theta: 0.075727 | Loss: -1.9605 | Epoch: 967
    Eq theta: 1.00000omega
    Eq omega: 0.011431 + -0.44902theta + 0.01687omega + 0.00703theta^2 + -0.00127theta omega + 0.00553omega^2

--- Chunk 94540 (161/220) | Start: 2025-07-19 09:40:00 ---
    RMSE omega: 0.004957 | RMSE theta: 0.110614 | Loss: -2.6847 | Epoch: 1171
    Eq theta: 1.00000omega
    Eq omega: 0.001981 + 0.00259theta + -0.00531omega + 0.00206theta^2 + -0.00012theta omega + -0.00042omega^2

--- Chunk 94541 (162/220) | Start: 2025-07-19 09:45:00 ---
    RMSE omega: 0.004327 | RMSE theta: 0.037691 | Loss: -0.7390 | Epoch: 1454
    Eq theta: 1.00000omega
    Eq omega: -0.004261 + -0.02415theta + -0.00598omega + -0.06574theta^2 + 0.00656theta omega + 0.01294omega^2

--- Chunk 94542 (163/220) | Start: 2025-07-19 09:50:00 ---
    RMSE omega: 0.012646 | RMSE theta: 0.301104 | Loss: 22.9845 | Epoch: 2988
    Eq theta: 1.00000omega
    Eq omega: 0.002131 + -0.00422theta + 0.00017omega + 0.00018theta^2 + 0.00004theta omega + 0.00028omega^2

--- Chunk 94543 (164/220) | Start: 2025-07-19 09:55:00 ---
    RMSE omega: 0.017215 | RMSE theta: 0.338513 | Loss: -4074.6208 | Epoch: 521
    Eq theta: 1.00000omega
    Eq omega: -0.001691 + 0.00005theta + 0.01602omega + -0.00002theta^2 + -0.00125theta omega + -0.00012omega^2

--- Chunk 94544 (165/220) | Start: 2025-07-19 10:00:00 ---
    RMSE omega: 0.017799 | RMSE theta: 0.415524 | Loss: 93.5692 | Epoch: 1256
    Eq theta: 1.00000omega
    Eq omega: -0.001291 + 0.00026theta + 0.00251omega + -0.00003theta^2 + 0.00004theta omega + -0.00064omega^2

--- Chunk 94545 (166/220) | Start: 2025-07-19 10:05:00 ---
    RMSE omega: 0.007960 | RMSE theta: 0.050538 | Loss: 4.5943 | Epoch: 1915
    Eq theta: 1.00000omega
    Eq omega: 0.007351 + 0.00045theta + 0.00107omega + 0.00002theta^2 + 0.00002theta omega + 0.00112omega^2

--- Chunk 94546 (167/220) | Start: 2025-07-19 10:10:00 ---
    RMSE omega: 0.005796 | RMSE theta: 0.098228 | Loss: 1.4843 | Epoch: 2121
    Eq theta: 1.00000omega
    Eq omega: 0.000481 + 0.00008theta + -0.00199omega + 0.00035theta^2 + -0.00090theta omega + -0.00106omega^2

--- Chunk 94547 (168/220) | Start: 2025-07-19 10:15:00 ---
    RMSE omega: 0.027905 | RMSE theta: 0.556695 | Loss: -74.8875 | Epoch: 525
    Eq theta: 1.00000omega
    Eq omega: 0.006331 + -0.00025theta + -0.00399omega + 0.00034theta^2 + -0.00048theta omega + 0.00093omega^2

--- Chunk 94548 (169/220) | Start: 2025-07-19 10:20:00 ---
    RMSE omega: 0.042047 | RMSE theta: 0.986956 | Loss: 137.6333 | Epoch: 351
    Eq theta: 1.00000omega
    Eq omega: 0.000051 + -0.01265theta + -0.00365omega + -0.00459theta^2 + 0.00078theta omega + 0.00280omega^2

--- Chunk 94549 (170/220) | Start: 2025-07-19 10:25:00 ---
    RMSE omega: 0.006274 | RMSE theta: 0.097024 | Loss: 2.1393 | Epoch: 2241
    Eq theta: 1.00000omega
    Eq omega: -0.000901 + -0.00228theta + 0.00370omega + 0.00010theta^2 + 0.00082theta omega + 0.00094omega^2

--- Chunk 94550 (171/220) | Start: 2025-07-19 10:30:00 ---
    RMSE omega: nan | RMSE theta: nan | Loss: 336.6755 | Epoch: 53
    Eq theta: 1.00000omega
    Eq omega: nan1 + nantheta + nanomega + nantheta^2 + nantheta omega + nanomega^2

--- Chunk 94551 (172/220) | Start: 2025-07-19 10:35:00 ---
    RMSE omega: 0.005414 | RMSE theta: 0.097537 | Loss: 7.1445 | Epoch: 2206
    Eq theta: 1.00000omega
    Eq omega: -0.002491 + 0.00017theta + 0.00003omega + 0.00001theta^2 + -0.00012theta omega + -0.00008omega^2

--- Chunk 94552 (173/220) | Start: 2025-07-19 10:40:00 ---
    RMSE omega: nan | RMSE theta: nan | Loss: 265.0444 | Epoch: 28
    Eq theta: 1.00000omega
    Eq omega: nan1 + nantheta + nanomega + nantheta^2 + nantheta omega + nanomega^2

--- Chunk 94553 (174/220) | Start: 2025-07-19 10:45:00 ---
    RMSE omega: 0.029735 | RMSE theta: 0.285395 | Loss: 179.2062 | Epoch: 187
    Eq theta: 1.00000omega
    Eq omega: -0.001141 + -0.06379theta + 0.00582omega + 0.00054theta^2 + 0.00072theta omega + -0.00296omega^2

--- Chunk 94554 (175/220) | Start: 2025-07-19 10:50:00 ---
    RMSE omega: nan | RMSE theta: nan | Loss: 163.3295 | Epoch: 23
    Eq theta: 1.00000omega
    Eq omega: nan1 + nantheta + nanomega + nantheta^2 + nantheta omega + nanomega^2

--- Chunk 94555 (176/220) | Start: 2025-07-19 10:55:00 ---
    RMSE omega: 0.004192 | RMSE theta: 0.019926 | Loss: -0.4638 | Epoch: 1091
    Eq theta: 1.00000omega
    Eq omega: -0.013901 + -1.00945theta + -0.01374omega + -0.02667theta^2 + 0.01937theta omega + -0.00096omega^2

--- Chunk 94556 (177/220) | Start: 2025-07-19 11:00:00 ---
    RMSE omega: 0.004792 | RMSE theta: 0.234753 | Loss: 3.6788 | Epoch: 3298
    Eq theta: 1.00000omega
    Eq omega: 0.001131 + -0.00011theta + -0.00096omega + 0.00006theta^2 + 0.00009theta omega + -0.00041omega^2

--- Chunk 94557 (178/220) | Start: 2025-07-19 11:05:00 ---
    RMSE omega: 0.004174 | RMSE theta: 0.093249 | Loss: -0.3989 | Epoch: 1147
    Eq theta: 1.00000omega
    Eq omega: -0.005951 + -0.01126theta + -0.00255omega + -0.00311theta^2 + 0.00488theta omega + -0.01296omega^2

--- Chunk 94558 (179/220) | Start: 2025-07-19 11:10:00 ---
    RMSE omega: 0.035955 | RMSE theta: 1.008614 | Loss: -1246297088.0000 | Epoch: 1035
    Eq theta: 1.00000omega
    Eq omega: 0.000891 + -0.00005theta + -0.00020omega + -0.00013theta^2 + 0.00000theta omega + 0.00031omega^2

--- Chunk 94559 (180/220) | Start: 2025-07-19 11:15:00 ---
    RMSE omega: nan | RMSE theta: nan | Loss: 272.7230 | Epoch: 40
    Eq theta: 1.00000omega
    Eq omega: nan1 + nantheta + nanomega + nantheta^2 + nantheta omega + nanomega^2

--- Chunk 94560 (181/220) | Start: 2025-07-19 11:20:00 ---
    RMSE omega: nan | RMSE theta: nan | Loss: 384.7295 | Epoch: 18
    Eq theta: 1.00000omega
    Eq omega: nan1 + nantheta + nanomega + nantheta^2 + nantheta omega + nanomega^2

--- Chunk 94561 (182/220) | Start: 2025-07-19 11:25:00 ---
    RMSE omega: 0.004776 | RMSE theta: 0.045464 | Loss: -1.5235 | Epoch: 715
    Eq theta: 1.00000omega
    Eq omega: -0.000221 + -0.03569theta + 0.02582omega + -0.05978theta^2 + 0.01674theta omega + -0.01481omega^2

--- Chunk 94562 (183/220) | Start: 2025-07-19 11:30:00 ---
    RMSE omega: 0.004652 | RMSE theta: 0.085575 | Loss: -1.4102 | Epoch: 1436
    Eq theta: 1.00000omega
    Eq omega: 0.015221 + -0.87948theta + 0.01558omega + 0.07768theta^2 + -0.44111theta omega + 0.01339omega^2

--- Chunk 94563 (184/220) | Start: 2025-07-19 11:35:00 ---
    RMSE omega: 0.028022 | RMSE theta: 0.313933 | Loss: -493.3971 | Epoch: 470
    Eq theta: 1.00000omega
    Eq omega: -0.001661 + -0.00026theta + 0.00151omega + -0.00005theta^2 + -0.00105theta omega + 0.00070omega^2

--- Chunk 94564 (185/220) | Start: 2025-07-19 11:40:00 ---
    RMSE omega: nan | RMSE theta: nan | Loss: 171.1591 | Epoch: 27
    Eq theta: 1.00000omega
    Eq omega: nan1 + nantheta + nanomega + nantheta^2 + nantheta omega + nanomega^2

--- Chunk 94565 (186/220) | Start: 2025-07-19 11:45:00 ---
    RMSE omega: 0.004147 | RMSE theta: 0.073342 | Loss: -2.3014 | Epoch: 879
    Eq theta: 1.00000omega
    Eq omega: 0.005341 + -1.30706theta + -0.00468omega + -0.00227theta^2 + 0.02914theta omega + 0.02905omega^2

--- Chunk 94566 (187/220) | Start: 2025-07-19 11:50:00 ---
/pfs/data6/home/ka/ka_iai/ka_bj2362/dsr/svise/svise/quadrature/_unbiased_quadrature.py:218: UserWarning: Quadrature result is NaN. Returning 0.
  warnings.warn("Quadrature result is NaN. Returning 0.")
    RMSE omega: nan | RMSE theta: nan | Loss: -5119566314458949316820762361856.0000 | Epoch: 1273
    Eq theta: 1.00000omega
    Eq omega: nan1 + nantheta + nanomega + nantheta^2 + nantheta omega + nanomega^2

--- Chunk 94567 (188/220) | Start: 2025-07-19 11:55:00 ---
    RMSE omega: 0.004674 | RMSE theta: 0.023559 | Loss: -0.3620 | Epoch: 1428
    Eq theta: 1.00000omega
    Eq omega: 0.016941 + -1.92286theta + 0.01723omega + -0.02690theta^2 + -0.00385theta omega + -0.34764omega^2

--- Chunk 94568 (189/220) | Start: 2025-07-19 12:00:00 ---
    RMSE omega: nan | RMSE theta: nan | Loss: 107.8611 | Epoch: 35
    Eq theta: 1.00000omega
    Eq omega: nan1 + nantheta + nanomega + nantheta^2 + nantheta omega + nanomega^2

--- Chunk 94569 (190/220) | Start: 2025-07-19 12:05:00 ---
    RMSE omega: nan | RMSE theta: nan | Loss: 586.0106 | Epoch: 42
    Eq theta: 1.00000omega
    Eq omega: nan1 + nantheta + nanomega + nantheta^2 + nantheta omega + nanomega^2

--- Chunk 94570 (191/220) | Start: 2025-07-19 12:10:00 ---
    RMSE omega: 0.004992 | RMSE theta: 0.117516 | Loss: -6.1532 | Epoch: 1709
    Eq theta: 1.00000omega
    Eq omega: 0.003081 + -0.00228theta + -0.00142omega + 0.00071theta^2 + -0.00003theta omega + -0.00054omega^2

--- Chunk 94571 (192/220) | Start: 2025-07-19 12:15:00 ---
    RMSE omega: 0.036598 | RMSE theta: 0.363937 | Loss: 231.6273 | Epoch: 532
    Eq theta: 1.00000omega
    Eq omega: 0.001411 + 0.00028theta + 0.00974omega + 0.00043theta^2 + 0.00052theta omega + -0.00048omega^2

--- Chunk 94572 (193/220) | Start: 2025-07-19 12:20:00 ---
    RMSE omega: 0.006068 | RMSE theta: 0.080235 | Loss: -221.2076 | Epoch: 2874
    Eq theta: 1.00000omega
    Eq omega: -0.000081 + 0.00017theta + 0.00200omega + 0.00000theta^2 + -0.00001theta omega + 0.00108omega^2

--- Chunk 94573 (194/220) | Start: 2025-07-19 12:25:00 ---
    RMSE omega: 0.024175 | RMSE theta: 0.316732 | Loss: 59.0439 | Epoch: 47
    Eq theta: 1.00000omega
    Eq omega: -0.002041 + -0.34545theta + 0.00008omega + -0.00106theta^2 + 0.00180theta omega + 0.02972omega^2

--- Chunk 94574 (195/220) | Start: 2025-07-19 12:30:00 ---
    RMSE omega: 0.008185 | RMSE theta: 0.486919 | Loss: -328.3496 | Epoch: 1858
    Eq theta: 1.00000omega
    Eq omega: -0.001481 + 0.00021theta + -0.00066omega + -0.00010theta^2 + -0.00046theta omega + 0.00078omega^2

--- Chunk 94575 (196/220) | Start: 2025-07-19 12:35:00 ---
    RMSE omega: nan | RMSE theta: nan | Loss: -4750042075357356423643136.0000 | Epoch: 2664
    Eq theta: 1.00000omega
    Eq omega: nan1 + nantheta + nanomega + nantheta^2 + nantheta omega + nanomega^2

--- Chunk 94576 (197/220) | Start: 2025-07-19 12:40:00 ---
    RMSE omega: nan | RMSE theta: nan | Loss: 249.2803 | Epoch: 46
    Eq theta: 1.00000omega
    Eq omega: nan1 + nantheta + nanomega + nantheta^2 + nantheta omega + nanomega^2

--- Chunk 94577 (198/220) | Start: 2025-07-19 12:45:00 ---
    RMSE omega: 0.095536 | RMSE theta: 2.051934 | Loss: 1974.3014 | Epoch: 20
    Eq theta: 1.00000omega
    Eq omega: -0.000621 + -0.00096theta + 0.00333omega + -0.00047theta^2 + -0.00102theta omega + 0.00005omega^2

--- Chunk 94578 (199/220) | Start: 2025-07-19 12:50:00 ---
    RMSE omega: 0.006314 | RMSE theta: 0.036010 | Loss: -53.0529 | Epoch: 1332
    Eq theta: 1.00000omega
    Eq omega: -0.005181 + -0.00005theta + -0.00059omega + -0.00000theta^2 + -0.00007theta omega + 0.00041omega^2

--- Chunk 94579 (200/220) | Start: 2025-07-19 12:55:00 ---
    RMSE omega: nan | RMSE theta: nan | Loss: 236.0248 | Epoch: 32
    Eq theta: 1.00000omega
    Eq omega: nan1 + nantheta + nanomega + nantheta^2 + nantheta omega + nanomega^2

  [Progress 200/220] Mean RMSE omega: 0.019397 | Mean loss: -433896988398661578700479266816.0000 | Valid: 145/200 | Elapsed: 105.2min | ETA: 10.5min

--- Chunk 94580 (201/220) | Start: 2025-07-19 13:00:00 ---
    RMSE omega: 0.005745 | RMSE theta: 0.036524 | Loss: 1.8942 | Epoch: 2799
    Eq theta: 1.00000omega
    Eq omega: -0.006291 + -0.00092theta + 0.00444omega + -0.00024theta^2 + -0.00032theta omega + -0.00087omega^2

--- Chunk 94581 (202/220) | Start: 2025-07-19 13:05:00 ---
    RMSE omega: 0.004718 | RMSE theta: 0.068828 | Loss: 0.0810 | Epoch: 1645
    Eq theta: 1.00000omega
    Eq omega: -0.000651 + -0.00043theta + 0.00056omega + -0.00006theta^2 + 0.00162theta omega + 0.00023omega^2

--- Chunk 94582 (203/220) | Start: 2025-07-19 13:10:00 ---
    RMSE omega: 0.018765 | RMSE theta: 1.452409 | Loss: -824915584.0000 | Epoch: 1695
    Eq theta: 1.00000omega
    Eq omega: 0.008571 + -0.24122theta + -0.01902omega + 0.00063theta^2 + 0.00188theta omega + -0.00362omega^2

--- Chunk 94583 (204/220) | Start: 2025-07-19 13:15:00 ---
    RMSE omega: 0.008800 | RMSE theta: 0.290307 | Loss: -590400834302015931678720.0000 | Epoch: 1550
    Eq theta: 1.00000omega
    Eq omega: 0.000161 + 0.00000theta + -0.00303omega + 0.00040theta^2 + -0.00100theta omega + 0.00348omega^2

--- Chunk 94584 (205/220) | Start: 2025-07-19 13:20:00 ---
    RMSE omega: 0.004787 | RMSE theta: 0.060738 | Loss: 0.8806 | Epoch: 2047
    Eq theta: 1.00000omega
    Eq omega: 0.002271 + 0.00053theta + 0.00013omega + 0.00008theta^2 + -0.00073theta omega + 0.00366omega^2

--- Chunk 94585 (206/220) | Start: 2025-07-19 13:25:00 ---
    RMSE omega: 0.004284 | RMSE theta: 0.059978 | Loss: -1.1099 | Epoch: 1255
    Eq theta: 1.00000omega
    Eq omega: 0.000781 + -0.00056theta + 0.00234omega + -0.00125theta^2 + 0.00048theta omega + 0.00229omega^2

--- Chunk 94586 (207/220) | Start: 2025-07-19 13:30:00 ---
    RMSE omega: 0.005171 | RMSE theta: 0.049130 | Loss: -0.0168 | Epoch: 1209
    Eq theta: 1.00000omega
    Eq omega: 0.002621 + -0.00541theta + -0.00323omega + -0.00049theta^2 + -0.00339theta omega + -0.00182omega^2

--- Chunk 94587 (208/220) | Start: 2025-07-19 13:35:00 ---
    RMSE omega: 0.005196 | RMSE theta: 0.157145 | Loss: 2.6132 | Epoch: 2151
    Eq theta: 1.00000omega
    Eq omega: -0.002551 + 0.00040theta + -0.00038omega + -0.00011theta^2 + -0.00017theta omega + 0.00047omega^2

--- Chunk 94588 (209/220) | Start: 2025-07-19 13:40:00 ---
    RMSE omega: 0.005364 | RMSE theta: 0.141013 | Loss: 5.4700 | Epoch: 1822
    Eq theta: 1.00000omega
    Eq omega: 0.000071 + 0.00013theta + 0.00590omega + 0.00003theta^2 + 0.00070theta omega + 0.00043omega^2

--- Chunk 94589 (210/220) | Start: 2025-07-19 13:45:00 ---
    RMSE omega: 0.056908 | RMSE theta: 3.279146 | Loss: 2414.3508 | Epoch: 21
    Eq theta: 1.00000omega
    Eq omega: -0.000941 + -0.00080theta + 0.00026omega + -0.00013theta^2 + -0.00016theta omega + 0.00001omega^2

--- Chunk 94590 (211/220) | Start: 2025-07-19 13:50:00 ---
    RMSE omega: nan | RMSE theta: nan | Loss: 628.6984 | Epoch: 46
    Eq theta: 1.00000omega
    Eq omega: nan1 + nantheta + nanomega + nantheta^2 + nantheta omega + nanomega^2

--- Chunk 94591 (212/220) | Start: 2025-07-19 13:55:00 ---
    RMSE omega: nan | RMSE theta: nan | Loss: 386.1604 | Epoch: 23
    Eq theta: 1.00000omega
    Eq omega: nan1 + nantheta + nanomega + nantheta^2 + nantheta omega + nanomega^2

--- Chunk 94592 (213/220) | Start: 2025-07-19 14:00:00 ---
    RMSE omega: nan | RMSE theta: nan | Loss: 80.7960 | Epoch: 168
    Eq theta: 1.00000omega
    Eq omega: nan1 + nantheta + nanomega + nantheta^2 + nantheta omega + nanomega^2

--- Chunk 94593 (214/220) | Start: 2025-07-19 14:05:00 ---
    RMSE omega: 0.005543 | RMSE theta: 0.083087 | Loss: -1.4448 | Epoch: 1155
    Eq theta: 1.00000omega
    Eq omega: -0.000121 + -0.00206theta + -0.00281omega + -0.00040theta^2 + 0.00156theta omega + 0.00112omega^2

--- Chunk 94594 (215/220) | Start: 2025-07-19 14:10:00 ---
    RMSE omega: 0.005711 | RMSE theta: 0.090194 | Loss: -1.2121 | Epoch: 1479
    Eq theta: 1.00000omega
    Eq omega: 0.006871 + -0.00138theta + 0.00247omega + -0.00095theta^2 + 0.00067theta omega + -0.00470omega^2

--- Chunk 94595 (216/220) | Start: 2025-07-19 14:15:00 ---
    RMSE omega: nan | RMSE theta: nan | Loss: -3984793888999297170090007461888.0000 | Epoch: 1673
    Eq theta: 1.00000omega
    Eq omega: nan1 + nantheta + nanomega + nantheta^2 + nantheta omega + nanomega^2

--- Chunk 94596 (217/220) | Start: 2025-07-19 14:20:00 ---
    RMSE omega: nan | RMSE theta: nan | Loss: 453.8778 | Epoch: 29
    Eq theta: 1.00000omega
    Eq omega: nan1 + nantheta + nanomega + nantheta^2 + nantheta omega + nanomega^2

--- Chunk 94597 (218/220) | Start: 2025-07-19 14:25:00 ---
    RMSE omega: 0.005312 | RMSE theta: 0.188421 | Loss: 2.2575 | Epoch: 1207
    Eq theta: 1.00000omega
    Eq omega: -0.002131 + -0.00198theta + -0.00543omega + -0.00035theta^2 + 0.00052theta omega + -0.00383omega^2

--- Chunk 94598 (219/220) | Start: 2025-07-19 14:30:00 ---
    RMSE omega: 0.003749 | RMSE theta: 0.037718 | Loss: -2.1321 | Epoch: 1265
    Eq theta: 1.00000omega
    Eq omega: 0.010841 + 0.00176theta + 0.00020omega + 0.00074theta^2 + 0.00032theta omega + -0.00113omega^2

--- Chunk 94599 (220/220) | Start: 2025-07-19 14:35:00 ---
    RMSE omega: 0.004203 | RMSE theta: 0.108490 | Loss: -0.1664 | Epoch: 1517
    Eq theta: 1.00000omega
    Eq omega: -0.002041 + 0.00007theta + -0.00187omega + 0.00025theta^2 + 0.00028theta omega + 0.00339omega^2

  [Progress 220/220] Mean RMSE omega: 0.018480 | Mean loss: -412564509814238392580803919872.0000 | Valid: 160/220 | Elapsed: 116.7min | ETA: 0.0min

============================================================
EVALUATION COMPLETE — Chunks [94380, 94599]
============================================================
Chunks processed: 220
Chunks succeeded: 160 (72.7%)
Mean RMSE omega:  0.018480 ± 0.052385
Mean RMSE theta:  0.459883 ± 1.310243
Mean RMSE total:  0.325600
Mean Loss:        -412564509814238392580803919872.0000 ± 5480960225951038840052845117440.0000
Elapsed time:     116.7 minutes

Per-chunk CSV: /pfs/data6/home/ka/ka_iai/ka_bj2362/dsr/svise/results_5min_all_chunks/run_SLURM_3708675/chunks_94380_to_94599_20260320_080353.csv
Summary JSON:  /pfs/data6/home/ka/ka_iai/ka_bj2362/dsr/svise/results_5min_all_chunks/run_SLURM_3708675/summary_94380_to_94599_20260320_080353.json
============================================================

============================= JOB FEEDBACK =============================

NodeName=uc3n040
Job ID: 3709602
Array Job ID: 3708675_429
Cluster: uc3
User/Group: ka_bj2362/ka_iai
State: COMPLETED (exit code 0)
Nodes: 1
Cores per node: 4
CPU Utilized: 01:55:42
CPU Efficiency: 24.67% of 07:48:56 core-walltime
Job Wall-clock time: 01:57:14
Memory Utilized: 3.97 GB
Memory Efficiency: 33.08% of 12.00 GB (12.00 GB/node)
