Array task 54: processing chunks 11880 to 12099
Loading data from /pfs/data6/home/ka/ka_iai/ka_bj2362/dsr/svise/../dataset/South_Korea_2024-08-15_2025-08-31_1s.parquet...
Finding all valid 5-minute chunks in the dataset...
Found 107059 valid 5-minute chunks in total.

============================================================
SVISE FINAL EVALUATION — ALL CHUNKS
============================================================
Hyperparameters: {
  "model": "integrator",
  "sigma": 0,
  "degree": 3,
  "tau": 0.5,
  "lr": 0.001,
  "n_tau": 200,
  "measurement_noise": 0.0001,
  "n_reparam_samples": 15
}
Total valid chunks in dataset: 107059
Processing chunk range: [11880, 12099] (220 chunks)
Early stopping: patience=300, max_epochs=10000
============================================================


--- Chunk 11880 (1/220) | Start: 2024-09-25 09:55:00 ---
/pfs/data6/home/ka/ka_iai/ka_bj2362/dsr/svise/svise/sde_learning/_marginal_sde.py:284: UserWarning: torch.triangular_solve is deprecated in favor of torch.linalg.solve_triangularand will be removed in a future PyTorch release.
torch.linalg.solve_triangular has its arguments reversed and does not return a copy of one of the inputs.
X = torch.triangular_solve(B, A).solution
should be replaced with
X = torch.linalg.solve_triangular(A, B). (Triggered internally at ../aten/src/ATen/native/BatchLinearAlgebra.cpp:2192.)
  return torch.triangular_solve(self.raw_w, self.C.t()).solution
/pfs/data6/home/ka/ka_iai/ka_bj2362/dsr/svise/svise/quadrature/_unbiased_quadrature.py:196: UserWarning: Interp is nan, reducing interp degree.
  warnings.warn("Interp is nan, reducing interp degree.")
/pfs/data6/home/ka/ka_iai/ka_bj2362/dsr/svise/svise/quadrature/_unbiased_quadrature.py:174: UserWarning: NaN detected in fxq (quadrature node evaluations). Clamping to 0.
  warnings.warn("NaN detected in fxq (quadrature node evaluations). Clamping to 0.")
/pfs/data6/home/ka/ka_iai/ka_bj2362/dsr/svise/svise/quadrature/_unbiased_quadrature.py:177: UserWarning: NaN detected in fmc (Monte-Carlo node evaluations). Clamping to 0.
  warnings.warn("NaN detected in fmc (Monte-Carlo node evaluations). Clamping to 0.")
    RMSE omega (GP): nan | RMSE omega (Sim): nan
    Loss: 2355.2163 | Epoch: 1293
    Eq omega: nan1 + nantheta + nanomega + nantheta^2 + nantheta omega + nanomega^2 + nantheta^3 + nantheta^2 omega + nantheta omega^2 + nanomega^3
    Eq omega Phys: N/A

--- Chunk 11881 (2/220) | Start: 2024-09-25 10:00:00 ---
    RMSE omega (GP): 0.022549 | RMSE omega (Sim): 0.061037
    Loss: 2391.0320 | Epoch: 7509
    Eq omega: -0.017601 + -0.01769theta + -0.00822omega + 0.00000theta^2 + -0.00095theta omega + -0.00044omega^2 + 0.00009theta^3 + -0.00001theta^2 omega + -0.00010theta omega^2 + 0.00000omega^3
    Eq omega Phys: -0.0001*omega**2*theta + 0.002606*omega**2 - 1.1e-5*omega*theta + 0.000381*omega - 9.0e-6*theta**2 + 0.000258*theta - 0.002232

--- Chunk 11882 (3/220) | Start: 2024-09-25 10:05:00 ---
    RMSE omega (GP): 0.009197 | RMSE omega (Sim): 0.032546
    Loss: 165.8840 | Epoch: 9999
    Eq omega: -0.015391 + -0.00590theta + -0.00496omega + -0.00139theta^2 + -0.00246theta omega + 0.00184omega^2 + -0.00004theta^3 + -0.00023theta^2 omega + -0.00029theta omega^2 + 0.00065omega^3
    Eq omega Phys: 0.008582*omega**3 - 0.000128*omega**2*theta + 0.004695*omega**2 - 3.0e-6*omega*theta**2 + 0.000129*omega*theta - 0.001185*omega + 1.0e-6*theta**2 + 6.0e-6*theta - 0.000212

--- Chunk 11883 (4/220) | Start: 2024-09-25 10:10:00 ---
    RMSE omega (GP): 0.003986 | RMSE omega (Sim): 0.059510
    Loss: 45.8427 | Epoch: 9999
    Eq omega: 0.014001 + -0.00759theta + 0.00370omega + -0.00124theta^2 + 0.00562theta omega + -0.00086omega^2 + -0.00123theta^3 + -0.00003theta^2 omega + 0.00782theta omega^2 + -0.00043omega^3
    Eq omega Phys: -0.007987*omega**3 + 0.004842*omega**2*theta - 0.11519*omega**2 - 0.e-6*omega*theta**2 + 0.000177*omega*theta - 0.003709*omega - 0.e-6*theta**3 + 5.9e-5*theta**2 - 0.001377*theta + 0.010809

--- Chunk 11884 (5/220) | Start: 2024-09-25 10:15:00 ---
    RMSE omega (GP): 0.005397 | RMSE omega (Sim): 0.033382
    Loss: 88.7076 | Epoch: 9999
    Eq omega: 0.151621 + -0.00277theta + -0.01135omega + 0.00588theta^2 + 0.00103theta omega + -0.01386omega^2 + -0.00042theta^3 + -0.00004theta^2 omega + 0.00315theta omega^2 + -0.00474omega^3
    Eq omega Phys: -0.091263*omega**3 + 0.002022*omega**2*theta - 0.058739*omega**2 - 0.e-6*omega*theta**2 + 6.8e-5*omega*theta - 0.001502*omega + 2.6e-5*theta**2 - 0.000749*theta + 0.007107

--- Chunk 11885 (6/220) | Start: 2024-09-25 10:20:00 ---
    RMSE omega (GP): nan | RMSE omega (Sim): nan
    Loss: 290.1692 | Epoch: 7439
    Eq omega: nan1 + nantheta + nanomega + nantheta^2 + nantheta omega + nanomega^2 + nantheta^3 + nantheta^2 omega + nantheta omega^2 + nanomega^3
    Eq omega Phys: N/A

--- Chunk 11886 (7/220) | Start: 2024-09-25 10:25:00 ---
    RMSE omega (GP): 0.010032 | RMSE omega (Sim): 0.038531
    Loss: 250.5134 | Epoch: 9999
    Eq omega: -0.007061 + -0.00330theta + -0.01197omega + 0.00019theta^2 + -0.00071theta omega + -0.00145omega^2 + -0.00004theta^3 + 0.00006theta^2 omega + -0.00035theta omega^2 + -0.00045omega^3
    Eq omega Phys: -0.007293*omega**3 - 0.000189*omega**2*theta + 0.005208*omega**2 + 1.0e-6*omega*theta**2 - 8.9e-5*omega*theta + 0.001368*omega + 3.0e-6*theta**2 - 9.3e-5*theta + 0.001159

--- Chunk 11887 (8/220) | Start: 2024-09-25 10:30:00 ---
    RMSE omega (GP): 0.005178 | RMSE omega (Sim): 0.053578
    Loss: 114.2094 | Epoch: 9999
    Eq omega: 0.060621 + -0.00392theta + 0.00248omega + 0.00073theta^2 + -0.00127theta omega + -0.00376omega^2 + -0.00009theta^3 + 0.00012theta^2 omega + -0.00001theta omega^2 + -0.00100omega^3
    Eq omega Phys: -0.026407*omega**3 - 9.0e-6*omega**2*theta - 0.003314*omega**2 + 4.0e-6*omega*theta**2 - 0.000211*omega*theta + 0.003119*omega + 7.0e-6*theta**2 - 0.000197*theta + 0.001883

--- Chunk 11888 (9/220) | Start: 2024-09-25 10:35:00 ---
/pfs/data6/home/ka/ka_iai/ka_bj2362/dsr/svise/run_analysis_5min_all_chunks.py:212: ODEintWarning: Excess work done on this call (perhaps wrong Dfun type). Run with full_output = 1 to get quantitative information.
  sol_scaled = odeint(drift, x0_scaled, t_scaled, full_output=False)
    RMSE omega (GP): 0.004954 | RMSE omega (Sim): nan
    Loss: 86.4444 | Epoch: 9999
    Eq omega: -0.022781 + 0.00094theta + 0.03053omega + 0.00006theta^2 + -0.00058theta omega + 0.00947omega^2 + -0.00000theta^3 + -0.00008theta^2 omega + 0.00039theta omega^2 + 0.00090omega^3
    Eq omega Phys: 0.019834*omega**3 + 0.000286*omega**2*theta + 0.001205*omega**2 - 2.0e-6*omega*theta**2 + 7.8e-5*omega*theta + 0.000277*omega - 2.0e-6*theta - 2.1e-5

--- Chunk 11889 (10/220) | Start: 2024-09-25 10:40:00 ---
    RMSE omega (GP): 0.006378 | RMSE omega (Sim): 0.035198
    Loss: 349.5754 | Epoch: 9999
    Eq omega: -0.040601 + 0.00128theta + 0.00755omega + -0.00010theta^2 + 0.00116theta omega + 0.00034omega^2 + -0.00010theta^3 + -0.00001theta^2 omega + 0.00051theta omega^2 + 0.00013omega^3
    Eq omega Phys: 0.006962*omega**3 + 0.00091*omega**2*theta - 0.022425*omega**2 - 0.e-6*omega*theta**2 + 8.2e-5*omega*theta - 0.001422*omega + 1.5e-5*theta**2 - 0.000367*theta + 0.002984

--- Chunk 11890 (11/220) | Start: 2024-09-25 10:45:00 ---
    RMSE omega (GP): 0.010708 | RMSE omega (Sim): 0.028656
    Loss: 692.7094 | Epoch: 9999
    Eq omega: 0.067641 + 0.00214theta + 0.00225omega + 0.00003theta^2 + 0.00016theta omega + -0.00034omega^2 + -0.00009theta^3 + 0.00001theta^2 omega + 0.00005theta omega^2 + 0.00005omega^3
    Eq omega Phys: 0.00197*omega**3 + 6.6e-5*omega**2*theta - 0.002108*omega**2 - 1.7e-5*omega*theta + 0.000215*omega + 1.0e-5*theta**2 - 0.00027*theta + 0.002386

--- Chunk 11891 (12/220) | Start: 2024-09-25 10:50:00 ---
    RMSE omega (GP): 0.004756 | RMSE omega (Sim): 0.041460
    Loss: 61.4959 | Epoch: 9999
    Eq omega: 0.025741 + -0.00096theta + 0.01160omega + -0.00008theta^2 + -0.00110theta omega + 0.00129omega^2 + -0.00002theta^3 + -0.00006theta^2 omega + -0.00024theta omega^2 + 0.00164omega^3
    Eq omega Phys: 0.02831*omega**3 - 0.000138*omega**2*theta + 0.003557*omega**2 - 1.0e-6*omega*theta**2 + 1.5e-5*omega*theta + 0.000505*omega + 1.0e-6*theta**2 - 1.2e-5*theta + 0.000117

--- Chunk 11892 (13/220) | Start: 2024-09-25 10:55:00 ---
    RMSE omega (GP): 0.006855 | RMSE omega (Sim): 0.041913
    Loss: 249.1252 | Epoch: 9999
    Eq omega: -0.016751 + -0.00170theta + -0.06830omega + 0.00253theta^2 + 0.00061theta omega + -0.01111omega^2 + -0.00006theta^3 + 0.00032theta^2 omega + 0.00037theta omega^2 + -0.00236omega^3
    Eq omega Phys: -0.080207*omega**3 + 0.000419*omega**2*theta - 0.021562*omega**2 + 1.2e-5*omega*theta**2 - 0.00054*omega*theta + 0.003741*omega + 8.0e-6*theta**2 - 0.000263*theta + 0.002588

--- Chunk 11893 (14/220) | Start: 2024-09-25 11:00:00 ---
    RMSE omega (GP): 0.008093 | RMSE omega (Sim): 0.028793
    Loss: 387.9389 | Epoch: 9999
    Eq omega: -0.021161 + -0.00555theta + 0.00367omega + -0.00017theta^2 + -0.00030theta omega + 0.00080omega^2 + -0.00001theta^3 + -0.00000theta^2 omega + -0.00003theta omega^2 + 0.00000omega^3
    Eq omega Phys: -3.8e-5*omega**2*theta + 0.002202*omega**2 - 1.1e-5*omega*theta + 0.000507*omega + 1.0e-6*theta**2 - 4.1e-5*theta + 0.000501

--- Chunk 11894 (15/220) | Start: 2024-09-25 11:05:00 ---
    RMSE omega (GP): 0.017377 | RMSE omega (Sim): 0.056656
    Loss: 717.4907 | Epoch: 9999
    Eq omega: 0.052961 + -0.00248theta + 0.01515omega + -0.00027theta^2 + -0.00040theta omega + 0.00106omega^2 + -0.00001theta^3 + -0.00005theta^2 omega + -0.00008theta omega^2 + 0.00019omega^3
    Eq omega Phys: 0.002939*omega**3 - 4.1e-5*omega**2*theta + 0.002267*omega**2 - 0.e-6*omega*theta**2 + 5.3e-5*omega*theta - 0.00029*omega - 1.0e-5*theta + 0.000174

--- Chunk 11895 (16/220) | Start: 2024-09-25 11:10:00 ---
    RMSE omega (GP): 0.013659 | RMSE omega (Sim): 0.046796
    Loss: 253.9741 | Epoch: 9999
    Eq omega: -0.019941 + -0.00163theta + -0.01829omega + 0.00029theta^2 + -0.00046theta omega + -0.00187omega^2 + 0.00000theta^3 + 0.00003theta^2 omega + -0.00011theta omega^2 + -0.00016omega^3
    Eq omega Phys: -0.001447*omega**3 - 3.3e-5*omega**2*theta + 0.000414*omega**2 - 3.5e-5*omega*theta + 0.000325*omega - 1.7e-5*theta + 0.000372

--- Chunk 11896 (17/220) | Start: 2024-09-25 11:15:00 ---
    RMSE omega (GP): 0.016344 | RMSE omega (Sim): 0.034696
    Loss: 834.6143 | Epoch: 9999
    Eq omega: 0.003761 + 0.00425theta + -0.00985omega + 0.00064theta^2 + 0.00063theta omega + -0.00612omega^2 + -0.00014theta^3 + 0.00008theta^2 omega + 0.00009theta omega^2 + -0.00154omega^3
    Eq omega Phys: -0.031539*omega**3 + 6.1e-5*omega**2*theta - 0.007056*omega**2 + 2.0e-6*omega*theta**2 - 0.000101*omega*theta + 0.001034*omega + 1.1e-5*theta**2 - 0.000371*theta + 0.004131

--- Chunk 11897 (18/220) | Start: 2024-09-25 11:20:00 ---
    RMSE omega (GP): 0.005145 | RMSE omega (Sim): 0.044398
    Loss: 62.8532 | Epoch: 9999
    Eq omega: 0.021661 + -0.00968theta + 0.02257omega + -0.01084theta^2 + -0.00016theta omega + 0.01377omega^2 + -0.00050theta^3 + -0.00003theta^2 omega + 0.00033theta omega^2 + 0.00233omega^3
    Eq omega Phys: 0.036225*omega**3 + 0.000171*omega**2*theta + 0.006446*omega**2 - 0.e-6*omega*theta**2 + 1.7e-5*omega*theta + 0.000617*omega + 9.0e-6*theta**2 - 1.4e-5*theta - 0.000913

--- Chunk 11898 (19/220) | Start: 2024-09-25 11:25:00 ---
    RMSE omega (GP): 0.002817 | RMSE omega (Sim): 0.085743
    Loss: 4.4977 | Epoch: 6122
    Eq omega: -0.067521 + -0.36076theta + 0.03665omega + -0.05201theta^2 + -0.03706theta omega + -0.01611omega^2 + -0.13646theta^3 + 0.06049theta^2 omega + 0.01144theta omega^2 + 0.08292omega^3
    Eq omega Phys: 0.483472*omega**3 + 0.002223*omega**2*theta - 0.009352*omega**2 + 0.000392*omega*theta**2 - 0.001338*omega*theta + 0.002174*omega - 2.9e-5*theta**3 + 6.4e-5*theta**2 - 0.00044*theta + 0.00024

--- Chunk 11899 (20/220) | Start: 2024-09-25 11:30:00 ---
    RMSE omega (GP): nan | RMSE omega (Sim): nan
    Loss: 900518.1875 | Epoch: 5
    Eq omega: nan1 + nantheta + nanomega + nantheta^2 + nantheta omega + nanomega^2 + nantheta^3 + nantheta^2 omega + nantheta omega^2 + nanomega^3
    Eq omega Phys: N/A

--- Chunk 11900 (21/220) | Start: 2024-09-25 11:35:00 ---
    RMSE omega (GP): 0.007570 | RMSE omega (Sim): 0.028293
    Loss: 512.3962 | Epoch: 9999
    Eq omega: 0.039871 + 0.00200theta + 0.00970omega + 0.00013theta^2 + 0.00031theta omega + 0.00016omega^2 + -0.00001theta^3 + 0.00001theta^2 omega + 0.00005theta omega^2 + 0.00002omega^3
    Eq omega Phys: 0.001151*omega**3 + 9.6e-5*omega**2*theta - 0.002751*omega**2 + 1.0e-6*omega*theta**2 - 2.5e-5*omega*theta + 0.000494*omega + 2.0e-6*theta**2 - 7.2e-5*theta + 0.000789

--- Chunk 11901 (22/220) | Start: 2024-09-25 11:40:00 ---
    RMSE omega (GP): 0.008344 | RMSE omega (Sim): 0.033071
    Loss: 572.6024 | Epoch: 9999
    Eq omega: 0.013351 + 0.00193theta + 0.00103omega + -0.00001theta^2 + 0.00006theta omega + 0.00049omega^2 + 0.00000theta^3 + -0.00000theta^2 omega + 0.00000theta omega^2 + 0.00001omega^3
    Eq omega Phys: 0.000533*omega**3 + 0.000653*omega**2 + 3.0e-6*omega*theta - 4.1e-5*omega + 3.0e-6*theta - 6.1e-5

--- Chunk 11902 (23/220) | Start: 2024-09-25 11:45:00 ---
    RMSE omega (GP): 0.008300 | RMSE omega (Sim): 0.030710
    Loss: 395.7448 | Epoch: 9999
    Eq omega: -0.071041 + -0.00231theta + -0.01126omega + -0.00007theta^2 + -0.00051theta omega + -0.00056omega^2 + -0.00002theta^3 + -0.00001theta^2 omega + -0.00004theta omega^2 + 0.00004omega^3
    Eq omega Phys: 0.001462*omega**3 - 4.9e-5*omega**2*theta + 0.000789*omega**2 + 5.0e-6*omega*theta - 0.000172*omega + 2.0e-6*theta**2 - 6.5e-5*theta + 0.000583

--- Chunk 11903 (24/220) | Start: 2024-09-25 11:50:00 ---
    RMSE omega (GP): 0.009712 | RMSE omega (Sim): 0.040343
    Loss: 377.9269 | Epoch: 9999
    Eq omega: 0.010151 + -0.00021theta + 0.00546omega + 0.00004theta^2 + -0.00066theta omega + 0.00034omega^2 + 0.00001theta^3 + -0.00000theta^2 omega + -0.00015theta omega^2 + -0.00015omega^3
    Eq omega Phys: -0.003985*omega**3 - 0.000133*omega**2*theta + 0.003516*omega**2 - 2.1e-5*omega*theta + 0.00068*omega - 0.e-6*theta**2 + 1.5e-5*theta - 9.5e-5

--- Chunk 11904 (25/220) | Start: 2024-09-25 11:55:00 ---
    RMSE omega (GP): 0.014424 | RMSE omega (Sim): 0.040215
    Loss: 583.4410 | Epoch: 9999
    Eq omega: -0.014791 + 0.00174theta + -0.03013omega + 0.00001theta^2 + 0.00040theta omega + -0.00228omega^2 + -0.00013theta^3 + 0.00006theta^2 omega + 0.00006theta omega^2 + -0.00048omega^3
    Eq omega Phys: -0.008948*omega**3 + 3.7e-5*omega**2*theta - 0.002984*omega**2 + 1.0e-6*omega*theta**2 - 6.9e-5*omega*theta - 8.1e-5*omega + 9.0e-6*theta**2 - 0.000271*theta + 0.002817

--- Chunk 11905 (26/220) | Start: 2024-09-25 12:00:00 ---
    RMSE omega (GP): 0.009178 | RMSE omega (Sim): 0.028951
    Loss: 1060.0479 | Epoch: 9999
    Eq omega: -0.001321 + -0.00145theta + 0.00349omega + 0.00005theta^2 + -0.00004theta omega + -0.00012omega^2 + 0.00001theta^3 + -0.00000theta^2 omega + -0.00002theta omega^2 + -0.00002omega^3
    Eq omega Phys: -0.001658*omega**3 - 5.5e-5*omega**2*theta + 0.001023*omega**2 - 2.0e-6*omega*theta + 0.000165*omega - 2.0e-6*theta**2 + 3.9e-5*theta - 0.000252

--- Chunk 11906 (27/220) | Start: 2024-09-25 12:05:00 ---
    RMSE omega (GP): 0.008949 | RMSE omega (Sim): 0.036683
    Loss: 551.5742 | Epoch: 9999
    Eq omega: 0.043581 + 0.00155theta + -0.00031omega + 0.00024theta^2 + 0.00078theta omega + 0.00074omega^2 + 0.00001theta^3 + 0.00004theta^2 omega + 0.00012theta omega^2 + 0.00004omega^3
    Eq omega Phys: 0.001768*omega**3 + 0.000177*omega**2*theta - 0.003966*omega**2 + 2.0e-6*omega*theta**2 - 7.7e-5*omega*theta + 0.000608*omega - 1.0e-6*theta**2 + 2.1e-5*theta - 0.000103

--- Chunk 11907 (28/220) | Start: 2024-09-25 12:10:00 ---
    RMSE omega (GP): 0.006891 | RMSE omega (Sim): 0.049155
    Loss: 71.2462 | Epoch: 9999
    Eq omega: -0.058451 + -0.00472theta + -0.00330omega + -0.00216theta^2 + 0.00036theta omega + 0.00398omega^2 + -0.00004theta^3 + -0.00013theta^2 omega + 0.00051theta omega^2 + -0.00087omega^3
    Eq omega Phys: -0.008774*omega**3 + 0.000171*omega**2*theta - 0.001758*omega**2 - 1.0e-6*omega*theta**2 + 7.6e-5*omega*theta - 0.001094*omega + 3.6e-5*theta - 0.000571

--- Chunk 11908 (29/220) | Start: 2024-09-25 12:15:00 ---
    RMSE omega (GP): 0.003284 | RMSE omega (Sim): 0.064625
    Loss: 11.3098 | Epoch: 9999
    Eq omega: 0.024221 + 0.00155theta + -0.00315omega + 0.00496theta^2 + 0.00388theta omega + -0.00161omega^2 + -0.00014theta^3 + 0.00049theta^2 omega + -0.00156theta omega^2 + -0.00709omega^3
    Eq omega Phys: -0.053926*omega**3 - 0.000396*omega**2*theta + 0.00307*omega**2 + 4.0e-6*omega*theta**2 - 1.6e-5*omega*theta - 0.000345*omega + 4.0e-6*theta**2 - 6.4e-5*theta + 0.000341

--- Chunk 11909 (30/220) | Start: 2024-09-25 12:20:00 ---
    RMSE omega (GP): 0.020485 | RMSE omega (Sim): 0.057581
    Loss: 880.4367 | Epoch: 9999
    Eq omega: -0.007391 + 0.00170theta + -0.00474omega + 0.00011theta^2 + 0.00061theta omega + -0.00469omega^2 + 0.00001theta^3 + -0.00002theta^2 omega + -0.00030theta omega^2 + -0.00026omega^3
    Eq omega Phys: -0.003574*omega**3 - 0.000137*omega**2*theta - 0.000204*omega**2 + 2.7e-5*omega*theta - 0.000598*omega + 5.0e-6*theta - 6.6e-5

--- Chunk 11910 (31/220) | Start: 2024-09-25 12:25:00 ---
    RMSE omega (GP): 0.004096 | RMSE omega (Sim): 0.117922
    Loss: 17.1041 | Epoch: 9392
    Eq omega: 0.049831 + 0.01939theta + -0.01607omega + 0.00127theta^2 + 0.00510theta omega + 0.01371omega^2 + 0.00047theta^3 + -0.00121theta^2 omega + 0.00005theta omega^2 + -0.01205omega^3
    Eq omega Phys: -0.089503*omega**3 + 1.2e-5*omega**2*theta + 0.006669*omega**2 - 1.0e-5*omega*theta**2 + 0.000331*omega*theta - 0.003099*omega - 4.0e-6*theta**2 + 6.3e-5*theta - 0.00029

--- Chunk 11911 (32/220) | Start: 2024-09-25 12:30:00 ---
