Array task 292: processing chunks 64240 to 64459
Loading data from /pfs/data6/home/ka/ka_iai/ka_bj2362/dsr/svise/../dataset/South_Korea_2024-08-15_2025-08-31_1s.parquet...
Finding all valid 5-minute chunks in the dataset...
Found 107059 valid 5-minute chunks in total.

============================================================
SVISE FINAL EVALUATION — ALL CHUNKS
============================================================
Hyperparameters: {
  "model": "integrator",
  "sigma": 0,
  "degree": 2,
  "tau": 1e-05,
  "lr": 0.1,
  "n_tau": 100,
  "measurement_noise": 0.001,
  "n_reparam_samples": 15
}
Total valid chunks in dataset: 107059
Processing chunk range: [64240, 64459] (220 chunks)
Early stopping: patience=300, max_epochs=10000
============================================================


--- Chunk 64240 (1/220) | Start: 2025-04-04 23:00:00 ---
/pfs/data6/home/ka/ka_iai/ka_bj2362/dsr/svise/svise/sde_learning/_marginal_sde.py:284: UserWarning: torch.triangular_solve is deprecated in favor of torch.linalg.solve_triangularand will be removed in a future PyTorch release.
torch.linalg.solve_triangular has its arguments reversed and does not return a copy of one of the inputs.
X = torch.triangular_solve(B, A).solution
should be replaced with
X = torch.linalg.solve_triangular(A, B). (Triggered internally at ../aten/src/ATen/native/BatchLinearAlgebra.cpp:2192.)
  return torch.triangular_solve(self.raw_w, self.C.t()).solution
/pfs/data6/home/ka/ka_iai/ka_bj2362/dsr/svise/svise/quadrature/_unbiased_quadrature.py:196: UserWarning: Interp is nan, reducing interp degree.
  warnings.warn("Interp is nan, reducing interp degree.")
/pfs/data6/home/ka/ka_iai/ka_bj2362/dsr/svise/svise/quadrature/_unbiased_quadrature.py:174: UserWarning: NaN detected in fxq (quadrature node evaluations). Clamping to 0.
  warnings.warn("NaN detected in fxq (quadrature node evaluations). Clamping to 0.")
/pfs/data6/home/ka/ka_iai/ka_bj2362/dsr/svise/svise/quadrature/_unbiased_quadrature.py:177: UserWarning: NaN detected in fmc (Monte-Carlo node evaluations). Clamping to 0.
  warnings.warn("NaN detected in fmc (Monte-Carlo node evaluations). Clamping to 0.")
    RMSE omega: 0.004730 | RMSE theta: 0.119813 | Loss: -580972638554108345712640.0000 | Epoch: 1816
    Eq theta: 1.00000omega
    Eq omega: 0.010971 + -0.72621theta + -0.05900omega + -0.00046theta^2 + -0.00274theta omega + -0.00148omega^2

--- Chunk 64241 (2/220) | Start: 2025-04-04 23:05:00 ---
    RMSE omega: 0.012668 | RMSE theta: 0.422787 | Loss: -628.5215 | Epoch: 783
    Eq theta: 1.00000omega
    Eq omega: 0.012531 + -0.78894theta + 0.20887omega + 0.01145theta^2 + 0.00895theta omega + -0.03067omega^2

--- Chunk 64242 (3/220) | Start: 2025-04-04 23:10:00 ---
    RMSE omega: 0.031889 | RMSE theta: 0.839581 | Loss: -4622.4307 | Epoch: 1895
    Eq theta: 1.00000omega
    Eq omega: -0.000801 + 0.00046theta + 0.00168omega + 0.00054theta^2 + -0.00018theta omega + -0.00309omega^2

--- Chunk 64243 (4/220) | Start: 2025-04-04 23:15:00 ---
    RMSE omega: 0.004154 | RMSE theta: 0.059074 | Loss: -1.5326 | Epoch: 1219
    Eq theta: 1.00000omega
    Eq omega: -0.000851 + -0.00052theta + 0.00052omega + -0.00135theta^2 + 0.00570theta omega + 0.00010omega^2

--- Chunk 64244 (5/220) | Start: 2025-04-04 23:20:00 ---
    RMSE omega: 0.006747 | RMSE theta: 0.139392 | Loss: -1.7963 | Epoch: 982
    Eq theta: 1.00000omega
    Eq omega: -0.006141 + 0.00211theta + 0.00287omega + 0.00014theta^2 + -0.00150theta omega + 0.00050omega^2

--- Chunk 64245 (6/220) | Start: 2025-04-04 23:25:00 ---
    RMSE omega: 0.050699 | RMSE theta: 0.880539 | Loss: -366.1497 | Epoch: 429
    Eq theta: 1.00000omega
    Eq omega: 0.000091 + -0.00011theta + 0.00323omega + -0.00049theta^2 + -0.00025theta omega + 0.00031omega^2

--- Chunk 64246 (7/220) | Start: 2025-04-04 23:30:00 ---
    RMSE omega: 0.019026 | RMSE theta: 0.204547 | Loss: -716.8966 | Epoch: 593
    Eq theta: 1.00000omega
    Eq omega: 0.001581 + -0.00829theta + 0.00143omega + 0.01257theta^2 + -0.02000theta omega + 0.00907omega^2

--- Chunk 64247 (8/220) | Start: 2025-04-04 23:35:00 ---
    RMSE omega: 0.004018 | RMSE theta: 0.019773 | Loss: -1.9575 | Epoch: 1174
    Eq theta: 1.00000omega
    Eq omega: 0.002581 + -0.00040theta + 0.00454omega + 0.00088theta^2 + 0.00024theta omega + -0.00013omega^2

--- Chunk 64248 (9/220) | Start: 2025-04-04 23:40:00 ---
    RMSE omega: 0.026342 | RMSE theta: 0.199296 | Loss: 26.2905 | Epoch: 444
    Eq theta: 1.00000omega
    Eq omega: -0.004591 + -0.07335theta + 0.00109omega + -0.00140theta^2 + -0.00071theta omega + 0.00055omega^2

--- Chunk 64249 (10/220) | Start: 2025-04-04 23:45:00 ---
    RMSE omega: 0.027065 | RMSE theta: 0.410590 | Loss: 36.7889 | Epoch: 83
    Eq theta: 1.00000omega
    Eq omega: -0.006721 + -0.01060theta + 0.00071omega + -0.00504theta^2 + -0.00028theta omega + -0.00521omega^2

--- Chunk 64250 (11/220) | Start: 2025-04-04 23:50:00 ---
    RMSE omega: 0.004333 | RMSE theta: 0.043698 | Loss: -1.7580 | Epoch: 2133
    Eq theta: 1.00000omega
    Eq omega: 0.000051 + -0.42754theta + 0.00863omega + 0.02380theta^2 + -0.00138theta omega + -0.00321omega^2

--- Chunk 64251 (12/220) | Start: 2025-04-04 23:55:00 ---
    RMSE omega: nan | RMSE theta: nan | Loss: 616.6831 | Epoch: 25
    Eq theta: 1.00000omega
    Eq omega: nan1 + nantheta + nanomega + nantheta^2 + nantheta omega + nanomega^2

--- Chunk 64252 (13/220) | Start: 2025-04-05 00:00:00 ---
    RMSE omega: 0.004786 | RMSE theta: 0.068389 | Loss: -3.1506 | Epoch: 1415
    Eq theta: 1.00000omega
    Eq omega: 0.000601 + -0.00120theta + 0.00212omega + -0.00097theta^2 + -0.00236theta omega + 0.00019omega^2

--- Chunk 64253 (14/220) | Start: 2025-04-05 00:05:00 ---
    RMSE omega: 0.025068 | RMSE theta: 0.620358 | Loss: -2944.5095 | Epoch: 1705
    Eq theta: 1.00000omega
    Eq omega: 0.002211 + -0.00059theta + -0.00062omega + 0.00195theta^2 + 0.00036theta omega + 0.00057omega^2

--- Chunk 64254 (15/220) | Start: 2025-04-05 00:10:00 ---
    RMSE omega: nan | RMSE theta: nan | Loss: -4048121712884056064.0000 | Epoch: 1316
    Eq theta: 1.00000omega
    Eq omega: nan1 + nantheta + nanomega + nantheta^2 + nantheta omega + nanomega^2

--- Chunk 64255 (16/220) | Start: 2025-04-05 00:15:00 ---
    RMSE omega: 0.024958 | RMSE theta: 0.359894 | Loss: 53.6002 | Epoch: 83
    Eq theta: 1.00000omega
    Eq omega: 0.001511 + 0.00031theta + 0.00232omega + 0.00049theta^2 + 0.00033theta omega + 0.00237omega^2

--- Chunk 64256 (17/220) | Start: 2025-04-05 00:20:00 ---
    RMSE omega: 0.027095 | RMSE theta: 0.167173 | Loss: 20.7194 | Epoch: 83
    Eq theta: 1.00000omega
    Eq omega: -0.003331 + -0.00924theta + -0.01095omega + -0.00231theta^2 + 0.00444theta omega + 0.00852omega^2

--- Chunk 64257 (18/220) | Start: 2025-04-05 00:25:00 ---
    RMSE omega: 0.005185 | RMSE theta: 0.185444 | Loss: -4.4918 | Epoch: 1160
    Eq theta: 1.00000omega
    Eq omega: -0.000241 + -0.00294theta + -0.00033omega + 0.00185theta^2 + -0.00046theta omega + -0.00002omega^2

--- Chunk 64258 (19/220) | Start: 2025-04-05 00:30:00 ---
    RMSE omega: 0.009644 | RMSE theta: 0.114419 | Loss: -6632220160.0000 | Epoch: 2000
    Eq theta: 1.00000omega
    Eq omega: 0.021901 + -0.74804theta + -0.00838omega + 0.03395theta^2 + -0.00438theta omega + -0.04198omega^2

--- Chunk 64259 (20/220) | Start: 2025-04-05 00:35:00 ---
    RMSE omega: 0.004544 | RMSE theta: 0.116653 | Loss: -0.1075 | Epoch: 1461
    Eq theta: 1.00000omega
    Eq omega: 0.000491 + -0.00278theta + -0.00066omega + -0.00000theta^2 + -0.00047theta omega + 0.00023omega^2

--- Chunk 64260 (21/220) | Start: 2025-04-05 00:40:00 ---
    RMSE omega: 0.012781 | RMSE theta: 0.073406 | Loss: 3.3107 | Epoch: 559
    Eq theta: 1.00000omega
    Eq omega: -0.019691 + -0.51078theta + 0.00757omega + -0.00471theta^2 + -0.00686theta omega + -0.01352omega^2

--- Chunk 64261 (22/220) | Start: 2025-04-05 00:45:00 ---
    RMSE omega: 0.003905 | RMSE theta: 0.059348 | Loss: -2.8943 | Epoch: 1926
    Eq theta: 1.00000omega
    Eq omega: -0.029441 + -1.27409theta + 0.07198omega + 0.87297theta^2 + 0.05989theta omega + -0.33875omega^2

--- Chunk 64262 (23/220) | Start: 2025-04-05 00:50:00 ---
    RMSE omega: 0.004168 | RMSE theta: 0.042632 | Loss: -2.2747 | Epoch: 2039
    Eq theta: 1.00000omega
    Eq omega: -0.010291 + -1.40230theta + -0.01061omega + 0.00462theta^2 + -0.00017theta omega + 0.00414omega^2

--- Chunk 64263 (24/220) | Start: 2025-04-05 00:55:00 ---
    RMSE omega: 0.013555 | RMSE theta: 0.225048 | Loss: -90.7813 | Epoch: 1498
    Eq theta: 1.00000omega
    Eq omega: -0.001861 + -0.91418theta + -0.02189omega + 0.01153theta^2 + -0.00688theta omega + -0.00304omega^2

--- Chunk 64264 (25/220) | Start: 2025-04-05 01:00:00 ---
    RMSE omega: 0.004854 | RMSE theta: 0.041931 | Loss: -2.4926 | Epoch: 1157
    Eq theta: 1.00000omega
    Eq omega: 0.011211 + -2.04581theta + -0.00796omega + 0.37880theta^2 + -0.17065theta omega + -0.03835omega^2

--- Chunk 64265 (26/220) | Start: 2025-04-05 01:05:00 ---
    RMSE omega: 0.004385 | RMSE theta: 0.032038 | Loss: -0.5619 | Epoch: 967
    Eq theta: 1.00000omega
    Eq omega: -0.004691 + -0.49482theta + 0.00406omega + -0.04303theta^2 + -0.03115theta omega + -0.02323omega^2

--- Chunk 64266 (27/220) | Start: 2025-04-05 01:10:00 ---
    RMSE omega: 0.013166 | RMSE theta: 0.392177 | Loss: -6436.4453 | Epoch: 1596
    Eq theta: 1.00000omega
    Eq omega: -0.003291 + 0.00023theta + -0.00141omega + -0.00060theta^2 + -0.00008theta omega + -0.00158omega^2

--- Chunk 64267 (28/220) | Start: 2025-04-05 01:15:00 ---
    RMSE omega: 0.004450 | RMSE theta: 0.089933 | Loss: -2.1016 | Epoch: 1168
    Eq theta: 1.00000omega
    Eq omega: 0.003611 + 0.00156theta + -0.00014omega + -0.00188theta^2 + 0.00079theta omega + 0.00174omega^2

--- Chunk 64268 (29/220) | Start: 2025-04-05 01:20:00 ---
    RMSE omega: nan | RMSE theta: nan | Loss: 146.4902 | Epoch: 52
    Eq theta: 1.00000omega
    Eq omega: nan1 + nantheta + nanomega + nantheta^2 + nantheta omega + nanomega^2

--- Chunk 64269 (30/220) | Start: 2025-04-05 01:25:00 ---
    RMSE omega: 0.004307 | RMSE theta: 0.023254 | Loss: -2.2525 | Epoch: 861
    Eq theta: 1.00000omega
    Eq omega: -0.006411 + -0.07004theta + -0.00058omega + 0.01982theta^2 + 0.00452theta omega + -0.05133omega^2

--- Chunk 64270 (31/220) | Start: 2025-04-05 01:30:00 ---
    RMSE omega: 0.004196 | RMSE theta: 0.036387 | Loss: -1.5100 | Epoch: 1599
    Eq theta: 1.00000omega
    Eq omega: 0.005221 + -0.00083theta + -0.00251omega + 0.00099theta^2 + 0.00478theta omega + -0.00010omega^2

--- Chunk 64271 (32/220) | Start: 2025-04-05 01:35:00 ---
    RMSE omega: 0.004736 | RMSE theta: 0.053789 | Loss: -3577524736.0000 | Epoch: 1692
    Eq theta: 1.00000omega
    Eq omega: -0.001401 + -0.00103theta + 0.00251omega + -0.00059theta^2 + 0.00114theta omega + 0.00057omega^2

--- Chunk 64272 (33/220) | Start: 2025-04-05 01:40:00 ---
    RMSE omega: 0.005129 | RMSE theta: 0.101183 | Loss: -5.1390 | Epoch: 951
    Eq theta: 1.00000omega
    Eq omega: 0.013001 + -1.22734theta + -0.04760omega + -0.00768theta^2 + -0.00824theta omega + 0.00426omega^2

--- Chunk 64273 (34/220) | Start: 2025-04-05 01:45:00 ---
    RMSE omega: 0.005042 | RMSE theta: 0.127495 | Loss: -2.7113 | Epoch: 2138
    Eq theta: 1.00000omega
    Eq omega: -0.001081 + -0.00056theta + -0.00121omega + 0.00052theta^2 + -0.00068theta omega + 0.01119omega^2

--- Chunk 64274 (35/220) | Start: 2025-04-05 01:50:00 ---
    RMSE omega: 0.009340 | RMSE theta: 0.072846 | Loss: -26956.5371 | Epoch: 701
    Eq theta: 1.00000omega
    Eq omega: -0.002481 + -0.07347theta + 0.00489omega + -0.00717theta^2 + -0.00153theta omega + 0.00419omega^2

--- Chunk 64275 (36/220) | Start: 2025-04-05 01:55:00 ---
    RMSE omega: 0.004690 | RMSE theta: 0.129934 | Loss: -2.0332 | Epoch: 1092
    Eq theta: 1.00000omega
    Eq omega: -0.001311 + -0.00272theta + -0.00240omega + 0.00250theta^2 + 0.00103theta omega + -0.00036omega^2

--- Chunk 64276 (37/220) | Start: 2025-04-05 02:00:00 ---
    RMSE omega: 0.005661 | RMSE theta: 0.059873 | Loss: -1.5686 | Epoch: 1418
    Eq theta: 1.00000omega
    Eq omega: 0.000781 + 0.00078theta + 0.01228omega + -0.00015theta^2 + 0.00007theta omega + 0.00135omega^2

--- Chunk 64277 (38/220) | Start: 2025-04-05 02:05:00 ---
    RMSE omega: nan | RMSE theta: nan | Loss: 55.1578 | Epoch: 43
    Eq theta: 1.00000omega
    Eq omega: nan1 + nantheta + nanomega + nantheta^2 + nantheta omega + nanomega^2

--- Chunk 64278 (39/220) | Start: 2025-04-05 02:10:00 ---
    RMSE omega: 0.006355 | RMSE theta: 0.051346 | Loss: -0.7334 | Epoch: 1006
    Eq theta: 1.00000omega
    Eq omega: -0.001621 + -1.00234theta + -0.01078omega + -0.00751theta^2 + -0.00157theta omega + -0.00909omega^2

--- Chunk 64279 (40/220) | Start: 2025-04-05 02:15:00 ---
    RMSE omega: nan | RMSE theta: nan | Loss: 23.8860 | Epoch: 49
    Eq theta: 1.00000omega
    Eq omega: nan1 + nantheta + nanomega + nantheta^2 + nantheta omega + nanomega^2

--- Chunk 64280 (41/220) | Start: 2025-04-05 02:20:00 ---
    RMSE omega: 0.067270 | RMSE theta: 1.492203 | Loss: -242631.2188 | Epoch: 1556
    Eq theta: 1.00000omega
    Eq omega: 0.017071 + -0.52036theta + -0.02311omega + 0.00808theta^2 + -0.00388theta omega + -0.00807omega^2

--- Chunk 64281 (42/220) | Start: 2025-04-05 02:25:00 ---
    RMSE omega: 0.006610 | RMSE theta: 0.112781 | Loss: -1.9408 | Epoch: 1055
    Eq theta: 1.00000omega
    Eq omega: 0.025141 + -0.46898theta + 0.01182omega + -0.03240theta^2 + 0.01069theta omega + 0.59507omega^2

--- Chunk 64282 (43/220) | Start: 2025-04-05 02:30:00 ---
    RMSE omega: 0.012735 | RMSE theta: 1.571249 | Loss: -52578985217595256340480.0000 | Epoch: 1977
    Eq theta: 1.00000omega
    Eq omega: 0.002991 + -0.01415theta + -0.00546omega + -0.03141theta^2 + -0.00074theta omega + 0.02162omega^2

--- Chunk 64283 (44/220) | Start: 2025-04-05 02:35:00 ---
    RMSE omega: 0.004199 | RMSE theta: 0.028459 | Loss: -2.4076 | Epoch: 1027
    Eq theta: 1.00000omega
    Eq omega: -0.070431 + -1.25467theta + -0.01732omega + 0.99454theta^2 + -0.02291theta omega + -0.11552omega^2

--- Chunk 64284 (45/220) | Start: 2025-04-05 02:40:00 ---
    RMSE omega: 0.006681 | RMSE theta: 0.173035 | Loss: -1.6780 | Epoch: 1799
    Eq theta: 1.00000omega
    Eq omega: 0.001621 + -0.00400theta + 0.00244omega + -0.00088theta^2 + 0.00085theta omega + 0.00021omega^2

--- Chunk 64285 (46/220) | Start: 2025-04-05 02:45:00 ---
    RMSE omega: 0.007739 | RMSE theta: 0.051264 | Loss: -46267.6445 | Epoch: 879
    Eq theta: 1.00000omega
    Eq omega: 0.002091 + -0.05116theta + 0.00175omega + -0.00448theta^2 + 0.00394theta omega + -0.00043omega^2

--- Chunk 64286 (47/220) | Start: 2025-04-05 02:50:00 ---
    RMSE omega: nan | RMSE theta: nan | Loss: 239.6131 | Epoch: 30
    Eq theta: 1.00000omega
    Eq omega: nan1 + nantheta + nanomega + nantheta^2 + nantheta omega + nanomega^2

--- Chunk 64287 (48/220) | Start: 2025-04-05 02:55:00 ---
    RMSE omega: nan | RMSE theta: nan | Loss: 274.5732 | Epoch: 36
    Eq theta: 1.00000omega
    Eq omega: nan1 + nantheta + nanomega + nantheta^2 + nantheta omega + nanomega^2

--- Chunk 64288 (49/220) | Start: 2025-04-05 03:00:00 ---
    RMSE omega: 0.006067 | RMSE theta: 0.157135 | Loss: -7.2525 | Epoch: 1905
    Eq theta: 1.00000omega
    Eq omega: -0.002621 + 0.00019theta + 0.00072omega + -0.00225theta^2 + -0.00112theta omega + -0.00287omega^2

--- Chunk 64289 (50/220) | Start: 2025-04-05 03:05:00 ---
    RMSE omega: 0.016238 | RMSE theta: 0.129907 | Loss: -2145.0222 | Epoch: 705
    Eq theta: 1.00000omega
    Eq omega: 0.005751 + -0.00082theta + 0.00035omega + 0.00039theta^2 + -0.00041theta omega + 0.00111omega^2

  [Progress 50/220] Mean RMSE omega: 0.012354 | Mean loss: -12671113437868533481472.0000 | Valid: 43/50 | Elapsed: 20.2min | ETA: 68.6min

--- Chunk 64290 (51/220) | Start: 2025-04-05 03:10:00 ---
    RMSE omega: 0.040182 | RMSE theta: 0.578868 | Loss: -4382.8247 | Epoch: 532
    Eq theta: 1.00000omega
    Eq omega: -0.009281 + -0.07748theta + -0.00650omega + 0.04970theta^2 + 0.01671theta omega + 0.00310omega^2

--- Chunk 64291 (52/220) | Start: 2025-04-05 03:15:00 ---
    RMSE omega: nan | RMSE theta: nan | Loss: 238.8925 | Epoch: 35
    Eq theta: 1.00000omega
    Eq omega: nan1 + nantheta + nanomega + nantheta^2 + nantheta omega + nanomega^2

--- Chunk 64292 (53/220) | Start: 2025-04-05 03:20:00 ---
    RMSE omega: nan | RMSE theta: nan | Loss: -3364266045789379231744.0000 | Epoch: 1086
    Eq theta: 1.00000omega
    Eq omega: nan1 + nantheta + nanomega + nantheta^2 + nantheta omega + nanomega^2

--- Chunk 64293 (54/220) | Start: 2025-04-05 03:25:00 ---
    RMSE omega: 0.004559 | RMSE theta: 0.098240 | Loss: -4.6235 | Epoch: 1395
    Eq theta: 1.00000omega
    Eq omega: -0.001171 + 0.00132theta + 0.00087omega + -0.00092theta^2 + 0.00199theta omega + 0.00004omega^2

--- Chunk 64294 (55/220) | Start: 2025-04-05 03:30:00 ---
    RMSE omega: nan | RMSE theta: nan | Loss: 9553.1631 | Epoch: 5
    Eq theta: 1.00000omega
    Eq omega: nan1 + nantheta + nanomega + nantheta^2 + nantheta omega + nanomega^2

--- Chunk 64295 (56/220) | Start: 2025-04-05 03:35:00 ---
    RMSE omega: 0.042759 | RMSE theta: 0.675837 | Loss: -1721.5236 | Epoch: 519
    Eq theta: 1.00000omega
    Eq omega: 0.002281 + -0.02884theta + 0.00615omega + 0.03288theta^2 + -0.00015theta omega + 0.00422omega^2

--- Chunk 64296 (57/220) | Start: 2025-04-05 03:40:00 ---
    RMSE omega: nan | RMSE theta: nan | Loss: 70.6272 | Epoch: 44
    Eq theta: 1.00000omega
    Eq omega: nan1 + nantheta + nanomega + nantheta^2 + nantheta omega + nanomega^2

--- Chunk 64297 (58/220) | Start: 2025-04-05 03:45:00 ---
    RMSE omega: 0.007904 | RMSE theta: 0.521286 | Loss: -19119851520.0000 | Epoch: 1776
    Eq theta: 1.00000omega
    Eq omega: -0.001191 + -0.00063theta + 0.00035omega + -0.00004theta^2 + -0.00009theta omega + -0.00103omega^2

--- Chunk 64298 (59/220) | Start: 2025-04-05 03:50:00 ---
    RMSE omega: 0.003384 | RMSE theta: 0.033718 | Loss: -2.1444 | Epoch: 1400
    Eq theta: 1.00000omega
    Eq omega: 0.015551 + -2.55979theta + -0.00911omega + -0.03717theta^2 + 1.31392theta omega + 0.00035omega^2

--- Chunk 64299 (60/220) | Start: 2025-04-05 03:55:00 ---
    RMSE omega: 0.004994 | RMSE theta: 0.203263 | Loss: -1.1778 | Epoch: 2221
    Eq theta: 1.00000omega
    Eq omega: 0.001911 + -0.00017theta + 0.00249omega + -0.00014theta^2 + 0.00055theta omega + 0.00000omega^2

--- Chunk 64300 (61/220) | Start: 2025-04-05 04:00:00 ---
    RMSE omega: 0.005672 | RMSE theta: 0.291279 | Loss: 0.1606 | Epoch: 1837
    Eq theta: 1.00000omega
    Eq omega: 0.002031 + 0.00055theta + -0.00200omega + 0.00002theta^2 + 0.00157theta omega + -0.00334omega^2

--- Chunk 64301 (62/220) | Start: 2025-04-05 04:05:00 ---
    RMSE omega: 0.006714 | RMSE theta: 0.317308 | Loss: -36.3991 | Epoch: 1460
    Eq theta: 1.00000omega
    Eq omega: -0.001861 + 0.00026theta + -0.00398omega + -0.00087theta^2 + -0.00012theta omega + -0.00142omega^2

--- Chunk 64302 (63/220) | Start: 2025-04-05 04:10:00 ---
    RMSE omega: 0.027059 | RMSE theta: 0.236175 | Loss: -20065.4922 | Epoch: 595
    Eq theta: 1.00000omega
    Eq omega: 0.000291 + 0.00555theta + 0.00032omega + 0.00061theta^2 + 0.00128theta omega + -0.00045omega^2

--- Chunk 64303 (64/220) | Start: 2025-04-05 04:15:00 ---
    RMSE omega: 0.004868 | RMSE theta: 0.133759 | Loss: -1.7576 | Epoch: 1111
    Eq theta: 1.00000omega
    Eq omega: 0.003771 + -0.00030theta + 0.00180omega + -0.00042theta^2 + -0.00197theta omega + -0.00169omega^2

--- Chunk 64304 (65/220) | Start: 2025-04-05 04:20:00 ---
    RMSE omega: 0.005107 | RMSE theta: 0.082802 | Loss: -2.2737 | Epoch: 1843
    Eq theta: 1.00000omega
    Eq omega: -0.014591 + -0.65098theta + -0.00708omega + -0.01601theta^2 + 0.01229theta omega + -0.06622omega^2

--- Chunk 64305 (66/220) | Start: 2025-04-05 04:25:00 ---
    RMSE omega: nan | RMSE theta: nan | Loss: 24.2102 | Epoch: 98
    Eq theta: 1.00000omega
    Eq omega: nan1 + nantheta + nanomega + nantheta^2 + nantheta omega + nanomega^2

--- Chunk 64306 (67/220) | Start: 2025-04-05 04:30:00 ---
    RMSE omega: 0.004483 | RMSE theta: 0.032642 | Loss: -2.6602 | Epoch: 1286
    Eq theta: 1.00000omega
    Eq omega: 0.023691 + -0.34596theta + 0.00825omega + -0.03522theta^2 + 0.02031theta omega + 0.01759omega^2

--- Chunk 64307 (68/220) | Start: 2025-04-05 04:35:00 ---
    RMSE omega: 0.004653 | RMSE theta: 0.014269 | Loss: -1.4072 | Epoch: 1182
    Eq theta: 1.00000omega
    Eq omega: -0.009241 + -0.05033theta + -0.00094omega + 0.00904theta^2 + -0.00148theta omega + 0.00674omega^2

--- Chunk 64308 (69/220) | Start: 2025-04-05 04:40:00 ---
    RMSE omega: 0.029831 | RMSE theta: 1.236179 | Loss: -22933573468160.0000 | Epoch: 1582
    Eq theta: 1.00000omega
    Eq omega: 0.000451 + -0.01257theta + -0.00142omega + 0.00091theta^2 + 0.00104theta omega + 0.00044omega^2

--- Chunk 64309 (70/220) | Start: 2025-04-05 04:45:00 ---
    RMSE omega: 0.005100 | RMSE theta: 0.111043 | Loss: -3.8390 | Epoch: 1365
    Eq theta: 1.00000omega
    Eq omega: -0.000661 + -0.91064theta + 0.12202omega + -0.00483theta^2 + -0.61215theta omega + 0.14869omega^2

--- Chunk 64310 (71/220) | Start: 2025-04-05 04:50:00 ---
    RMSE omega: 0.007390 | RMSE theta: 0.260056 | Loss: -21726.8555 | Epoch: 2062
    Eq theta: 1.00000omega
    Eq omega: 0.003961 + -0.79943theta + -0.02158omega + 0.00233theta^2 + -0.00342theta omega + -0.00210omega^2

--- Chunk 64311 (72/220) | Start: 2025-04-05 04:55:00 ---
    RMSE omega: 0.018754 | RMSE theta: 0.690816 | Loss: -1530.1697 | Epoch: 1185
    Eq theta: 1.00000omega
    Eq omega: -0.013281 + 0.00014theta + -0.00438omega + -0.00041theta^2 + 0.00385theta omega + 0.00332omega^2

--- Chunk 64312 (73/220) | Start: 2025-04-05 05:00:00 ---
    RMSE omega: 0.017524 | RMSE theta: 0.120318 | Loss: 15.6315 | Epoch: 70
    Eq theta: 1.00000omega
    Eq omega: 0.068311 + -0.62042theta + 0.04265omega + -0.00709theta^2 + -0.00249theta omega + 0.00163omega^2

--- Chunk 64313 (74/220) | Start: 2025-04-05 05:05:00 ---
    RMSE omega: 0.004532 | RMSE theta: 0.145056 | Loss: -1.6832 | Epoch: 2229
    Eq theta: 1.00000omega
    Eq omega: 0.006491 + -0.00158theta + 0.00533omega + -0.00044theta^2 + 0.00173theta omega + -0.00159omega^2

--- Chunk 64314 (75/220) | Start: 2025-04-05 05:10:00 ---
    RMSE omega: nan | RMSE theta: nan | Loss: 308.0379 | Epoch: 26
    Eq theta: 1.00000omega
    Eq omega: nan1 + nantheta + nanomega + nantheta^2 + nantheta omega + nanomega^2

--- Chunk 64315 (76/220) | Start: 2025-04-05 05:15:00 ---
    RMSE omega: nan | RMSE theta: nan | Loss: 82.6635 | Epoch: 22
    Eq theta: 1.00000omega
    Eq omega: nan1 + nantheta + nanomega + nantheta^2 + nantheta omega + nanomega^2

--- Chunk 64316 (77/220) | Start: 2025-04-05 05:20:00 ---
    RMSE omega: 0.004331 | RMSE theta: 0.065954 | Loss: -1.8440 | Epoch: 1385
    Eq theta: 1.00000omega
    Eq omega: -0.000361 + -0.84649theta + 0.01147omega + 0.43600theta^2 + 0.01539theta omega + -0.01047omega^2

--- Chunk 64317 (78/220) | Start: 2025-04-05 05:25:00 ---
    RMSE omega: 0.065841 | RMSE theta: 1.001582 | Loss: 326.6866 | Epoch: 28
    Eq theta: 1.00000omega
    Eq omega: -0.002511 + -0.00851theta + 0.00090omega + -0.00058theta^2 + -0.00157theta omega + -0.00093omega^2

--- Chunk 64318 (79/220) | Start: 2025-04-05 05:30:00 ---
    RMSE omega: nan | RMSE theta: nan | Loss: 17.7407 | Epoch: 63
    Eq theta: 1.00000omega
    Eq omega: nan1 + nantheta + nanomega + nantheta^2 + nantheta omega + nanomega^2

--- Chunk 64319 (80/220) | Start: 2025-04-05 05:35:00 ---
    RMSE omega: 0.004195 | RMSE theta: 0.033008 | Loss: -1.4750 | Epoch: 1145
    Eq theta: 1.00000omega
    Eq omega: 0.002321 + -0.00259theta + 0.00312omega + -0.00019theta^2 + -0.00108theta omega + 0.00017omega^2

--- Chunk 64320 (81/220) | Start: 2025-04-05 05:40:00 ---
    RMSE omega: 0.008026 | RMSE theta: 0.242758 | Loss: -1126983040.0000 | Epoch: 1772
    Eq theta: 1.00000omega
    Eq omega: 0.010201 + -0.00132theta + -0.00041omega + -0.00007theta^2 + 0.00029theta omega + -0.00003omega^2

--- Chunk 64321 (82/220) | Start: 2025-04-05 05:45:00 ---
    RMSE omega: 0.004692 | RMSE theta: 0.048781 | Loss: -2.0353 | Epoch: 1108
    Eq theta: 1.00000omega
    Eq omega: 0.000531 + -2.26670theta + -0.02599omega + 0.04009theta^2 + -0.01558theta omega + -0.05884omega^2

--- Chunk 64322 (83/220) | Start: 2025-04-05 05:50:00 ---
    RMSE omega: 0.004395 | RMSE theta: 0.119583 | Loss: -2.2387 | Epoch: 2013
    Eq theta: 1.00000omega
    Eq omega: 0.006131 + -0.00286theta + 0.00341omega + -0.00168theta^2 + -0.00015theta omega + 0.00199omega^2

--- Chunk 64323 (84/220) | Start: 2025-04-05 05:55:00 ---
    RMSE omega: nan | RMSE theta: nan | Loss: 55.0680 | Epoch: 46
    Eq theta: 1.00000omega
    Eq omega: nan1 + nantheta + nanomega + nantheta^2 + nantheta omega + nanomega^2

--- Chunk 64324 (85/220) | Start: 2025-04-05 06:00:00 ---
    RMSE omega: 0.045725 | RMSE theta: 0.462741 | Loss: 174.1836 | Epoch: 27
    Eq theta: 1.00000omega
    Eq omega: 0.004971 + -0.00039theta + 0.00041omega + 0.00195theta^2 + -0.00430theta omega + 0.00343omega^2

--- Chunk 64325 (86/220) | Start: 2025-04-05 06:05:00 ---
    RMSE omega: 0.035774 | RMSE theta: 0.563155 | Loss: 91.8351 | Epoch: 27
    Eq theta: 1.00000omega
    Eq omega: -0.008831 + -0.05846theta + 0.01734omega + 0.00052theta^2 + -0.00601theta omega + -0.00374omega^2

--- Chunk 64326 (87/220) | Start: 2025-04-05 06:10:00 ---
    RMSE omega: 0.017597 | RMSE theta: 0.142287 | Loss: -100327.7734 | Epoch: 652
    Eq theta: 1.00000omega
    Eq omega: -0.002291 + -0.25831theta + 0.00291omega + 0.06484theta^2 + -0.00779theta omega + 0.00419omega^2

--- Chunk 64327 (88/220) | Start: 2025-04-05 06:15:00 ---
    RMSE omega: 0.004117 | RMSE theta: 0.072958 | Loss: -1.7582 | Epoch: 905
    Eq theta: 1.00000omega
    Eq omega: 0.000051 + -0.00066theta + -0.00125omega + 0.00656theta^2 + -0.00172theta omega + 0.00028omega^2

--- Chunk 64328 (89/220) | Start: 2025-04-05 06:20:00 ---
    RMSE omega: 0.018133 | RMSE theta: 0.114413 | Loss: 13.1651 | Epoch: 909
    Eq theta: 1.00000omega
    Eq omega: 0.001051 + -0.04160theta + -0.00999omega + -0.05916theta^2 + 0.00380theta omega + 0.00672omega^2

--- Chunk 64329 (90/220) | Start: 2025-04-05 06:25:00 ---
    RMSE omega: 0.010076 | RMSE theta: 0.453887 | Loss: -102.9347 | Epoch: 957
    Eq theta: 1.00000omega
    Eq omega: 0.005521 + -0.00696theta + -0.00254omega + -0.00171theta^2 + 0.00006theta omega + -0.00609omega^2

--- Chunk 64330 (91/220) | Start: 2025-04-05 06:30:00 ---
    RMSE omega: 0.004976 | RMSE theta: 0.209480 | Loss: -206.9723 | Epoch: 904
    Eq theta: 1.00000omega
    Eq omega: -0.080171 + -1.68000theta + 0.02897omega + 0.80921theta^2 + -0.00952theta omega + -0.10875omega^2

--- Chunk 64331 (92/220) | Start: 2025-04-05 06:35:00 ---
    RMSE omega: 0.004894 | RMSE theta: 0.025387 | Loss: -1.3546 | Epoch: 1169
    Eq theta: 1.00000omega
    Eq omega: -0.003301 + -1.03730theta + -0.00367omega + 0.00335theta^2 + 0.01546theta omega + -0.00077omega^2

--- Chunk 64332 (93/220) | Start: 2025-04-05 06:40:00 ---
    RMSE omega: 0.004330 | RMSE theta: 0.015668 | Loss: -1.2598 | Epoch: 1644
    Eq theta: 1.00000omega
    Eq omega: 0.009921 + -0.34454theta + -0.01130omega + -0.00895theta^2 + -0.09547theta omega + 0.00312omega^2

--- Chunk 64333 (94/220) | Start: 2025-04-05 06:45:00 ---
    RMSE omega: 0.004917 | RMSE theta: 0.196086 | Loss: -7.6360 | Epoch: 1299
    Eq theta: 1.00000omega
    Eq omega: -0.001911 + -1.10058theta + -0.01538omega + 0.02120theta^2 + 0.00746theta omega + 0.00104omega^2

--- Chunk 64334 (95/220) | Start: 2025-04-05 06:50:00 ---
    RMSE omega: 0.004794 | RMSE theta: 0.121642 | Loss: -2.5646 | Epoch: 1369
    Eq theta: 1.00000omega
    Eq omega: 0.010391 + -0.61900theta + 0.00659omega + 0.00006theta^2 + 0.01460theta omega + -0.01342omega^2

--- Chunk 64335 (96/220) | Start: 2025-04-05 06:55:00 ---
    RMSE omega: 0.005781 | RMSE theta: 0.160391 | Loss: -1.9424 | Epoch: 1564
    Eq theta: 1.00000omega
    Eq omega: 0.009701 + -0.00052theta + 0.00047omega + 0.00080theta^2 + -0.00042theta omega + -0.00054omega^2

--- Chunk 64336 (97/220) | Start: 2025-04-05 07:00:00 ---
    RMSE omega: nan | RMSE theta: nan | Loss: 600.5637 | Epoch: 25
    Eq theta: 1.00000omega
    Eq omega: nan1 + nantheta + nanomega + nantheta^2 + nantheta omega + nanomega^2

--- Chunk 64337 (98/220) | Start: 2025-04-05 07:05:00 ---
    RMSE omega: 0.004302 | RMSE theta: 0.019427 | Loss: -1.8722 | Epoch: 1623
    Eq theta: 1.00000omega
    Eq omega: -0.002481 + -0.71803theta + 0.01051omega + -0.09959theta^2 + -0.00488theta omega + 0.00463omega^2

--- Chunk 64338 (99/220) | Start: 2025-04-05 07:10:00 ---
    RMSE omega: 0.011229 | RMSE theta: 0.162808 | Loss: -4082501.5000 | Epoch: 2146
    Eq theta: 1.00000omega
    Eq omega: -0.001211 + -0.00150theta + -0.00776omega + -0.00196theta^2 + 0.00117theta omega + -0.00021omega^2

--- Chunk 64339 (100/220) | Start: 2025-04-05 07:15:00 ---
    RMSE omega: 0.010782 | RMSE theta: 1.077032 | Loss: -640668.5625 | Epoch: 3175
    Eq theta: 1.00000omega
    Eq omega: -0.009991 + -0.00040theta + 0.00925omega + 0.00016theta^2 + -0.00017theta omega + -0.00525omega^2

  [Progress 100/220] Mean RMSE omega: 0.012718 | Mean loss: -6369199379621698600960.0000 | Valid: 83/100 | Elapsed: 39.6min | ETA: 47.5min

--- Chunk 64340 (101/220) | Start: 2025-04-05 07:20:00 ---
    RMSE omega: 0.007944 | RMSE theta: 0.265872 | Loss: -43.1619 | Epoch: 934
    Eq theta: 1.00000omega
    Eq omega: -0.014471 + -0.00365theta + -0.00046omega + 0.00023theta^2 + 0.00173theta omega + -0.01291omega^2

--- Chunk 64341 (102/220) | Start: 2025-04-05 07:25:00 ---
    RMSE omega: 0.006601 | RMSE theta: 0.147173 | Loss: -0.3628 | Epoch: 1648
    Eq theta: 1.00000omega
    Eq omega: 0.000161 + 0.00109theta + -0.00010omega + -0.00007theta^2 + -0.00030theta omega + -0.00125omega^2

--- Chunk 64342 (103/220) | Start: 2025-04-05 07:30:00 ---
    RMSE omega: 0.014619 | RMSE theta: 0.094806 | Loss: 6.7229 | Epoch: 134
    Eq theta: 1.00000omega
    Eq omega: -0.005281 + -0.52930theta + 0.01162omega + 0.03557theta^2 + 0.00486theta omega + -0.00303omega^2

--- Chunk 64343 (104/220) | Start: 2025-04-05 07:35:00 ---
    RMSE omega: nan | RMSE theta: nan | Loss: 93.9002 | Epoch: 41
    Eq theta: 1.00000omega
    Eq omega: nan1 + nantheta + nanomega + nantheta^2 + nantheta omega + nanomega^2

--- Chunk 64344 (105/220) | Start: 2025-04-05 07:40:00 ---
    RMSE omega: 0.008722 | RMSE theta: 0.417784 | Loss: -31406.9941 | Epoch: 1422
    Eq theta: 1.00000omega
    Eq omega: 0.002831 + -0.03679theta + -0.00815omega + 0.00120theta^2 + -0.00075theta omega + 0.00073omega^2

--- Chunk 64345 (106/220) | Start: 2025-04-05 07:45:00 ---
    RMSE omega: 0.006643 | RMSE theta: 0.166515 | Loss: -1.4675 | Epoch: 1785
    Eq theta: 1.00000omega
    Eq omega: -0.001941 + -0.00077theta + 0.00678omega + -0.00269theta^2 + -0.00588theta omega + 0.00053omega^2

--- Chunk 64346 (107/220) | Start: 2025-04-05 07:50:00 ---
    RMSE omega: 0.004833 | RMSE theta: 0.013297 | Loss: -1.5646 | Epoch: 1941
    Eq theta: 1.00000omega
    Eq omega: -0.000131 + -0.00015theta + -0.00035omega + -0.00012theta^2 + -0.00002theta omega + 0.00011omega^2

--- Chunk 64347 (108/220) | Start: 2025-04-05 07:55:00 ---
    RMSE omega: 0.056057 | RMSE theta: 2.282754 | Loss: -1926742962948572425748480.0000 | Epoch: 2189
    Eq theta: 1.00000omega
    Eq omega: -0.002241 + -0.00035theta + -0.00255omega + -0.00054theta^2 + -0.00026theta omega + -0.00059omega^2

--- Chunk 64348 (109/220) | Start: 2025-04-05 08:00:00 ---
    RMSE omega: nan | RMSE theta: nan | Loss: 608.8896 | Epoch: 74
    Eq theta: 1.00000omega
    Eq omega: nan1 + nantheta + nanomega + nantheta^2 + nantheta omega + nanomega^2

--- Chunk 64349 (110/220) | Start: 2025-04-05 08:05:00 ---
    RMSE omega: nan | RMSE theta: nan | Loss: 128.5096 | Epoch: 47
    Eq theta: 1.00000omega
    Eq omega: nan1 + nantheta + nanomega + nantheta^2 + nantheta omega + nanomega^2

--- Chunk 64350 (111/220) | Start: 2025-04-05 08:10:00 ---
    RMSE omega: 0.067642 | RMSE theta: 1.144497 | Loss: 250.1872 | Epoch: 29
    Eq theta: 1.00000omega
    Eq omega: 0.002541 + -0.00266theta + -0.00168omega + 0.00023theta^2 + 0.00146theta omega + 0.00130omega^2

--- Chunk 64351 (112/220) | Start: 2025-04-05 08:15:00 ---
    RMSE omega: 0.045400 | RMSE theta: 0.511439 | Loss: 127.8496 | Epoch: 26
    Eq theta: 1.00000omega
    Eq omega: 0.013881 + -0.06041theta + 0.00957omega + 0.01955theta^2 + -0.11900theta omega + -0.00337omega^2

--- Chunk 64352 (113/220) | Start: 2025-04-05 08:20:00 ---
    RMSE omega: 0.011463 | RMSE theta: 0.121973 | Loss: -528649568.0000 | Epoch: 2244
    Eq theta: 1.00000omega
    Eq omega: 0.000911 + -0.00012theta + 0.00002omega + 0.00000theta^2 + 0.00002theta omega + -0.00011omega^2

--- Chunk 64353 (114/220) | Start: 2025-04-05 08:25:00 ---
    RMSE omega: 0.005017 | RMSE theta: 0.186985 | Loss: -0.8445 | Epoch: 2518
    Eq theta: 1.00000omega
    Eq omega: 0.008561 + -0.00172theta + -0.00358omega + -0.00039theta^2 + 0.00632theta omega + 0.00012omega^2

--- Chunk 64354 (115/220) | Start: 2025-04-05 08:30:00 ---
    RMSE omega: 0.005127 | RMSE theta: 0.051029 | Loss: -1.6939 | Epoch: 819
    Eq theta: 1.00000omega
    Eq omega: -0.000551 + 0.00296theta + -0.00401omega + -0.00020theta^2 + -0.00125theta omega + 0.00363omega^2

--- Chunk 64355 (116/220) | Start: 2025-04-05 08:35:00 ---
    RMSE omega: nan | RMSE theta: nan | Loss: 324.3233 | Epoch: 42
    Eq theta: 1.00000omega
    Eq omega: nan1 + nantheta + nanomega + nantheta^2 + nantheta omega + nanomega^2

--- Chunk 64356 (117/220) | Start: 2025-04-05 08:40:00 ---
    RMSE omega: 0.004956 | RMSE theta: 0.094581 | Loss: -2.6036 | Epoch: 1447
    Eq theta: 1.00000omega
    Eq omega: -0.004481 + -3.03005theta + -0.01184omega + 0.01855theta^2 + 0.07982theta omega + -0.01054omega^2

--- Chunk 64357 (118/220) | Start: 2025-04-05 08:45:00 ---
    RMSE omega: 0.004234 | RMSE theta: 0.076843 | Loss: -2.1166 | Epoch: 1460
    Eq theta: 1.00000omega
    Eq omega: 0.005141 + -0.00148theta + -0.00444omega + -0.00152theta^2 + -0.00054theta omega + -0.00084omega^2

--- Chunk 64358 (119/220) | Start: 2025-04-05 08:50:00 ---
    RMSE omega: nan | RMSE theta: nan | Loss: 60.7641 | Epoch: 145
    Eq theta: 1.00000omega
    Eq omega: nan1 + nantheta + nanomega + nantheta^2 + nantheta omega + nanomega^2

--- Chunk 64359 (120/220) | Start: 2025-04-05 08:55:00 ---
    RMSE omega: 0.012495 | RMSE theta: 0.312071 | Loss: -39.5544 | Epoch: 1145
    Eq theta: 1.00000omega
    Eq omega: 0.085451 + -1.95746theta + 0.01686omega + 0.00566theta^2 + -0.00469theta omega + 0.01950omega^2

--- Chunk 64360 (121/220) | Start: 2025-04-05 09:00:00 ---
    RMSE omega: nan | RMSE theta: nan | Loss: 20.4414 | Epoch: 109
    Eq theta: 1.00000omega
    Eq omega: nan1 + nantheta + nanomega + nantheta^2 + nantheta omega + nanomega^2

--- Chunk 64361 (122/220) | Start: 2025-04-05 09:05:00 ---
    RMSE omega: 0.011630 | RMSE theta: 0.698009 | Loss: -896900.3750 | Epoch: 1697
    Eq theta: 1.00000omega
    Eq omega: -0.000481 + 0.00219theta + -0.00252omega + 0.00148theta^2 + -0.00270theta omega + 0.00352omega^2

--- Chunk 64362 (123/220) | Start: 2025-04-05 09:10:00 ---
    RMSE omega: 0.004673 | RMSE theta: 0.106913 | Loss: -1.3139 | Epoch: 1110
    Eq theta: 1.00000omega
    Eq omega: -0.002661 + 0.00115theta + 0.00086omega + 0.00030theta^2 + 0.00030theta omega + -0.00145omega^2

--- Chunk 64363 (124/220) | Start: 2025-04-05 09:15:00 ---
    RMSE omega: 0.004457 | RMSE theta: 0.047513 | Loss: -2.3295 | Epoch: 1258
    Eq theta: 1.00000omega
    Eq omega: -0.011471 + -1.17801theta + -0.43006omega + -0.30776theta^2 + 0.00137theta omega + 0.01085omega^2

--- Chunk 64364 (125/220) | Start: 2025-04-05 09:20:00 ---
    RMSE omega: nan | RMSE theta: nan | Loss: 50.8061 | Epoch: 44
    Eq theta: 1.00000omega
    Eq omega: nan1 + nantheta + nanomega + nantheta^2 + nantheta omega + nanomega^2

--- Chunk 64365 (126/220) | Start: 2025-04-05 09:25:00 ---
    RMSE omega: nan | RMSE theta: nan | Loss: 215.6887 | Epoch: 67
    Eq theta: 1.00000omega
    Eq omega: nan1 + nantheta + nanomega + nantheta^2 + nantheta omega + nanomega^2

--- Chunk 64366 (127/220) | Start: 2025-04-05 09:30:00 ---
    RMSE omega: 0.011486 | RMSE theta: 0.565789 | Loss: -5446773760.0000 | Epoch: 2756
    Eq theta: 1.00000omega
    Eq omega: 0.002961 + -0.22674theta + 0.00020omega + -0.00006theta^2 + -0.00100theta omega + 0.00375omega^2

--- Chunk 64367 (128/220) | Start: 2025-04-05 09:35:00 ---
    RMSE omega: 0.005009 | RMSE theta: 0.034860 | Loss: -1.9448 | Epoch: 1370
    Eq theta: 1.00000omega
    Eq omega: 0.007031 + 0.00066theta + 0.00037omega + -0.00098theta^2 + 0.00052theta omega + -0.00662omega^2

--- Chunk 64368 (129/220) | Start: 2025-04-05 09:40:00 ---
    RMSE omega: nan | RMSE theta: nan | Loss: 220.4256 | Epoch: 36
    Eq theta: 1.00000omega
    Eq omega: nan1 + nantheta + nanomega + nantheta^2 + nantheta omega + nanomega^2

--- Chunk 64369 (130/220) | Start: 2025-04-05 09:45:00 ---
    RMSE omega: 0.004091 | RMSE theta: 0.082069 | Loss: -2.4854 | Epoch: 1455
    Eq theta: 1.00000omega
    Eq omega: -0.004021 + -0.00217theta + 0.00441omega + -0.00033theta^2 + -0.00088theta omega + 0.00146omega^2

--- Chunk 64370 (131/220) | Start: 2025-04-05 09:50:00 ---
    RMSE omega: 0.004200 | RMSE theta: 0.045018 | Loss: -2.0723 | Epoch: 2123
    Eq theta: 1.00000omega
    Eq omega: 0.054351 + -1.09574theta + 0.17072omega + -0.21740theta^2 + 0.02023theta omega + 0.00480omega^2

--- Chunk 64371 (132/220) | Start: 2025-04-05 09:55:00 ---
    RMSE omega: 0.006874 | RMSE theta: 0.131278 | Loss: -0.6295 | Epoch: 2031
    Eq theta: 1.00000omega
    Eq omega: 0.006011 + 0.00136theta + -0.00082omega + -0.00043theta^2 + 0.00153theta omega + -0.01049omega^2

--- Chunk 64372 (133/220) | Start: 2025-04-05 10:00:00 ---
    RMSE omega: 0.004668 | RMSE theta: 0.129599 | Loss: 0.5173 | Epoch: 1595
    Eq theta: 1.00000omega
    Eq omega: -0.000331 + -0.00036theta + 0.00438omega + 0.00019theta^2 + 0.00031theta omega + 0.00099omega^2

--- Chunk 64373 (134/220) | Start: 2025-04-05 10:05:00 ---
    RMSE omega: 0.012084 | RMSE theta: 1.582042 | Loss: -171441951856394240.0000 | Epoch: 2143
    Eq theta: 1.00000omega
    Eq omega: -0.002021 + -0.00090theta + -0.00189omega + 0.00058theta^2 + -0.00012theta omega + -0.00031omega^2

--- Chunk 64374 (135/220) | Start: 2025-04-05 10:10:00 ---
    RMSE omega: 0.004672 | RMSE theta: 0.103480 | Loss: -0.6382 | Epoch: 1585
    Eq theta: 1.00000omega
    Eq omega: 0.001851 + -0.00209theta + 0.00444omega + 0.00002theta^2 + 0.00264theta omega + 0.00264omega^2

--- Chunk 64375 (136/220) | Start: 2025-04-05 10:15:00 ---
    RMSE omega: 0.004596 | RMSE theta: 0.161488 | Loss: -2.8352 | Epoch: 1458
    Eq theta: 1.00000omega
    Eq omega: 0.000171 + -0.00018theta + -0.00061omega + -0.00051theta^2 + 0.00018theta omega + -0.00023omega^2

--- Chunk 64376 (137/220) | Start: 2025-04-05 10:20:00 ---
    RMSE omega: 0.036915 | RMSE theta: 0.983709 | Loss: -13316.8643 | Epoch: 1197
    Eq theta: 1.00000omega
    Eq omega: 0.008751 + -0.73756theta + -0.00254omega + -0.07831theta^2 + -0.00059theta omega + 0.00706omega^2

--- Chunk 64377 (138/220) | Start: 2025-04-05 10:25:00 ---
    RMSE omega: 0.045741 | RMSE theta: 0.615291 | Loss: 169.3060 | Epoch: 41
    Eq theta: 1.00000omega
    Eq omega: -0.051291 + -0.00820theta + -0.00119omega + -0.00372theta^2 + 0.00441theta omega + -0.00104omega^2

--- Chunk 64378 (139/220) | Start: 2025-04-05 10:30:00 ---
    RMSE omega: 0.005633 | RMSE theta: 0.219966 | Loss: -1.0340 | Epoch: 1506
    Eq theta: 1.00000omega
    Eq omega: -0.007401 + -0.00004theta + 0.02694omega + -0.00059theta^2 + 0.00310theta omega + 0.00055omega^2

--- Chunk 64379 (140/220) | Start: 2025-04-05 10:35:00 ---
    RMSE omega: 0.005511 | RMSE theta: 0.060313 | Loss: -0.7927 | Epoch: 1024
    Eq theta: 1.00000omega
    Eq omega: -0.004361 + -0.02343theta + 0.00347omega + 0.00431theta^2 + 0.00528theta omega + -0.00194omega^2

--- Chunk 64380 (141/220) | Start: 2025-04-05 10:40:00 ---
    RMSE omega: 0.022134 | RMSE theta: 0.287325 | Loss: -201054.6875 | Epoch: 602
    Eq theta: 1.00000omega
    Eq omega: 0.005221 + -0.00336theta + 0.00075omega + 0.00225theta^2 + 0.00312theta omega + 0.00020omega^2

--- Chunk 64381 (142/220) | Start: 2025-04-05 10:45:00 ---
    RMSE omega: 0.004224 | RMSE theta: 0.062393 | Loss: -2.3654 | Epoch: 1224
    Eq theta: 1.00000omega
    Eq omega: 0.028031 + -0.77963theta + -0.00375omega + 0.00279theta^2 + -0.00646theta omega + 0.02055omega^2

--- Chunk 64382 (143/220) | Start: 2025-04-05 10:50:00 ---
    RMSE omega: nan | RMSE theta: nan | Loss: 25.0206 | Epoch: 50
    Eq theta: 1.00000omega
    Eq omega: nan1 + nantheta + nanomega + nantheta^2 + nantheta omega + nanomega^2

--- Chunk 64383 (144/220) | Start: 2025-04-05 10:55:00 ---
    RMSE omega: nan | RMSE theta: nan | Loss: 10.2934 | Epoch: 59
    Eq theta: 1.00000omega
    Eq omega: nan1 + nantheta + nanomega + nantheta^2 + nantheta omega + nanomega^2

--- Chunk 64384 (145/220) | Start: 2025-04-05 11:00:00 ---
    RMSE omega: 0.004864 | RMSE theta: 0.086688 | Loss: -0.7728 | Epoch: 1954
    Eq theta: 1.00000omega
    Eq omega: -0.002081 + -0.00218theta + 0.00710omega + 0.00200theta^2 + 0.00102theta omega + -0.00032omega^2

--- Chunk 64385 (146/220) | Start: 2025-04-05 11:05:00 ---
    RMSE omega: 0.005407 | RMSE theta: 0.220640 | Loss: -20.7488 | Epoch: 788
    Eq theta: 1.00000omega
    Eq omega: -0.159201 + -2.24946theta + -0.06186omega + -0.10627theta^2 + -0.01159theta omega + -0.10778omega^2

--- Chunk 64386 (147/220) | Start: 2025-04-05 11:10:00 ---
    RMSE omega: 0.005074 | RMSE theta: 0.152878 | Loss: -4.6880 | Epoch: 931
    Eq theta: 1.00000omega
    Eq omega: 0.049201 + -1.50570theta + -0.00154omega + -1.04031theta^2 + -0.02569theta omega + 0.01551omega^2

--- Chunk 64387 (148/220) | Start: 2025-04-05 11:15:00 ---
    RMSE omega: 0.004843 | RMSE theta: 0.047740 | Loss: -2.3352 | Epoch: 1394
    Eq theta: 1.00000omega
    Eq omega: 0.002271 + -0.00158theta + -0.00093omega + 0.00015theta^2 + -0.00738theta omega + 0.00282omega^2

--- Chunk 64388 (149/220) | Start: 2025-04-05 11:20:00 ---
    RMSE omega: nan | RMSE theta: nan | Loss: 17.0895 | Epoch: 101
    Eq theta: 1.00000omega
    Eq omega: nan1 + nantheta + nanomega + nantheta^2 + nantheta omega + nanomega^2

--- Chunk 64389 (150/220) | Start: 2025-04-05 11:25:00 ---
    RMSE omega: 0.003671 | RMSE theta: 0.014456 | Loss: -1.8264 | Epoch: 1348
    Eq theta: 1.00000omega
    Eq omega: -0.000641 + -0.00216theta + 0.00089omega + -0.00024theta^2 + 0.00085theta omega + 0.00821omega^2

  [Progress 150/220] Mean RMSE omega: 0.012726 | Mean loss: -17091087149018000654336.0000 | Valid: 121/150 | Elapsed: 59.0min | ETA: 27.5min

--- Chunk 64390 (151/220) | Start: 2025-04-05 11:30:00 ---
    RMSE omega: 0.004154 | RMSE theta: 0.088679 | Loss: -3.0316 | Epoch: 1292
    Eq theta: 1.00000omega
    Eq omega: 0.010391 + -0.64636theta + -0.03008omega + 0.25574theta^2 + -0.01142theta omega + 0.02686omega^2

--- Chunk 64391 (152/220) | Start: 2025-04-05 11:35:00 ---
    RMSE omega: 0.003824 | RMSE theta: 0.056866 | Loss: -0.8293 | Epoch: 1368
    Eq theta: 1.00000omega
    Eq omega: -0.009591 + -0.23838theta + -0.00094omega + -0.00054theta^2 + -0.00232theta omega + -0.00223omega^2

--- Chunk 64392 (153/220) | Start: 2025-04-05 11:40:00 ---
    RMSE omega: 0.003961 | RMSE theta: 0.070283 | Loss: -1.7654 | Epoch: 991
    Eq theta: 1.00000omega
    Eq omega: -0.018251 + -0.92786theta + -0.06563omega + 0.00142theta^2 + 0.00259theta omega + 0.00332omega^2

--- Chunk 64393 (154/220) | Start: 2025-04-05 11:45:00 ---
    RMSE omega: 0.004627 | RMSE theta: 0.063306 | Loss: -1.1904 | Epoch: 1338
    Eq theta: 1.00000omega
    Eq omega: -0.001651 + 0.00016theta + 0.00083omega + -0.00153theta^2 + 0.00206theta omega + 0.00070omega^2

--- Chunk 64394 (155/220) | Start: 2025-04-05 11:50:00 ---
    RMSE omega: 0.005534 | RMSE theta: 0.056364 | Loss: -1.9069 | Epoch: 937
    Eq theta: 1.00000omega
    Eq omega: 0.011591 + -1.67251theta + 0.00742omega + -0.00804theta^2 + -0.54670theta omega + -0.01180omega^2

--- Chunk 64395 (156/220) | Start: 2025-04-05 11:55:00 ---
    RMSE omega: 0.006782 | RMSE theta: 0.131983 | Loss: -5.0701 | Epoch: 1178
    Eq theta: 1.00000omega
    Eq omega: -0.031671 + -1.83859theta + -0.07321omega + 0.02016theta^2 + 0.00505theta omega + 0.22602omega^2

--- Chunk 64396 (157/220) | Start: 2025-04-05 12:00:00 ---
    RMSE omega: 0.010813 | RMSE theta: 0.204706 | Loss: -3787.5393 | Epoch: 719
    Eq theta: 1.00000omega
    Eq omega: -0.001831 + -0.00169theta + -0.00183omega + 0.00188theta^2 + -0.00373theta omega + -0.00023omega^2

--- Chunk 64397 (158/220) | Start: 2025-04-05 12:05:00 ---
    RMSE omega: 0.004079 | RMSE theta: 0.040127 | Loss: -2.3534 | Epoch: 1460
    Eq theta: 1.00000omega
    Eq omega: -0.000771 + -0.70412theta + 0.19974omega + -0.01096theta^2 + 0.21215theta omega + -0.32638omega^2

--- Chunk 64398 (159/220) | Start: 2025-04-05 12:10:00 ---
    RMSE omega: nan | RMSE theta: nan | Loss: -787616876276037451776.0000 | Epoch: 1426
    Eq theta: 1.00000omega
    Eq omega: nan1 + nantheta + nanomega + nantheta^2 + nantheta omega + nanomega^2

--- Chunk 64399 (160/220) | Start: 2025-04-05 12:15:00 ---
    RMSE omega: 0.004459 | RMSE theta: 0.140162 | Loss: 0.9397 | Epoch: 1698
    Eq theta: 1.00000omega
    Eq omega: 0.001251 + 0.00062theta + -0.00381omega + -0.00010theta^2 + 0.00002theta omega + -0.00285omega^2

--- Chunk 64400 (161/220) | Start: 2025-04-05 12:20:00 ---
    RMSE omega: 0.005152 | RMSE theta: 0.097672 | Loss: -5.3073 | Epoch: 2324
    Eq theta: 1.00000omega
    Eq omega: -0.002971 + 0.00178theta + -0.00085omega + -0.00112theta^2 + 0.00055theta omega + -0.00044omega^2

--- Chunk 64401 (162/220) | Start: 2025-04-05 12:25:00 ---
    RMSE omega: 0.003909 | RMSE theta: 0.074057 | Loss: -1.8070 | Epoch: 1194
    Eq theta: 1.00000omega
    Eq omega: 0.002881 + -0.37410theta + -0.01153omega + -0.00039theta^2 + -0.01224theta omega + 0.01135omega^2

--- Chunk 64402 (163/220) | Start: 2025-04-05 12:30:00 ---
    RMSE omega: nan | RMSE theta: nan | Loss: 339.8223 | Epoch: 17
    Eq theta: 1.00000omega
    Eq omega: nan1 + nantheta + nanomega + nantheta^2 + nantheta omega + nanomega^2

--- Chunk 64403 (164/220) | Start: 2025-04-05 12:35:00 ---
    RMSE omega: nan | RMSE theta: nan | Loss: 77.3767 | Epoch: 34
    Eq theta: 1.00000omega
    Eq omega: nan1 + nantheta + nanomega + nantheta^2 + nantheta omega + nanomega^2

--- Chunk 64404 (165/220) | Start: 2025-04-05 12:40:00 ---
    RMSE omega: 0.005876 | RMSE theta: 0.320627 | Loss: -75458.5469 | Epoch: 1922
    Eq theta: 1.00000omega
    Eq omega: 0.001421 + -0.00039theta + 0.00346omega + 0.00047theta^2 + 0.00008theta omega + -0.00012omega^2

--- Chunk 64405 (166/220) | Start: 2025-04-05 12:45:00 ---
    RMSE omega: 0.011274 | RMSE theta: 0.492493 | Loss: -263.8137 | Epoch: 1453
    Eq theta: 1.00000omega
    Eq omega: -0.000801 + -1.81821theta + 0.00609omega + -0.14821theta^2 + -0.00252theta omega + 0.01408omega^2

--- Chunk 64406 (167/220) | Start: 2025-04-05 12:50:00 ---
    RMSE omega: 0.005592 | RMSE theta: 0.234204 | Loss: -134.3486 | Epoch: 1800
    Eq theta: 1.00000omega
    Eq omega: -0.008091 + -0.45115theta + 0.00492omega + -0.00168theta^2 + 0.00682theta omega + -0.00350omega^2

--- Chunk 64407 (168/220) | Start: 2025-04-05 12:55:00 ---
    RMSE omega: 0.004424 | RMSE theta: 0.062582 | Loss: -2.0312 | Epoch: 1370
    Eq theta: 1.00000omega
    Eq omega: -0.001261 + -0.05656theta + -0.00062omega + 0.01384theta^2 + 0.00428theta omega + -0.00838omega^2

--- Chunk 64408 (169/220) | Start: 2025-04-05 13:00:00 ---
    RMSE omega: 0.019264 | RMSE theta: 0.098360 | Loss: -757.7826 | Epoch: 950
    Eq theta: 1.00000omega
    Eq omega: 0.000711 + 0.00077theta + 0.01157omega + 0.00031theta^2 + 0.00063theta omega + 0.00290omega^2

--- Chunk 64409 (170/220) | Start: 2025-04-05 13:05:00 ---
    RMSE omega: 0.017188 | RMSE theta: 0.514096 | Loss: -1229.1642 | Epoch: 1029
    Eq theta: 1.00000omega
    Eq omega: -0.013851 + -0.71652theta + -0.05981omega + 0.00931theta^2 + 0.00412theta omega + 0.00423omega^2

--- Chunk 64410 (171/220) | Start: 2025-04-05 13:10:00 ---
    RMSE omega: 0.006171 | RMSE theta: 0.168763 | Loss: -0.1025 | Epoch: 1115
    Eq theta: 1.00000omega
    Eq omega: 0.001651 + 0.00047theta + -0.00084omega + -0.00028theta^2 + -0.00064theta omega + -0.00070omega^2

--- Chunk 64411 (172/220) | Start: 2025-04-05 13:15:00 ---
    RMSE omega: 0.032270 | RMSE theta: 0.254858 | Loss: 91.1010 | Epoch: 42
    Eq theta: 1.00000omega
    Eq omega: 0.000071 + -0.03630theta + 0.00565omega + -0.06894theta^2 + 0.00100theta omega + -0.00444omega^2

--- Chunk 64412 (173/220) | Start: 2025-04-05 13:20:00 ---
    RMSE omega: 0.008712 | RMSE theta: 0.303997 | Loss: -1015211444007428480303104.0000 | Epoch: 1991
    Eq theta: 1.00000omega
    Eq omega: -0.001241 + 0.00467theta + 0.00390omega + -0.00191theta^2 + -0.00250theta omega + -0.00112omega^2

--- Chunk 64413 (174/220) | Start: 2025-04-05 13:25:00 ---
    RMSE omega: nan | RMSE theta: nan | Loss: 682.9056 | Epoch: 16
    Eq theta: 1.00000omega
    Eq omega: nan1 + nantheta + nanomega + nantheta^2 + nantheta omega + nanomega^2

--- Chunk 64414 (175/220) | Start: 2025-04-05 13:30:00 ---
    RMSE omega: 0.005804 | RMSE theta: 0.228633 | Loss: -4.0617 | Epoch: 2461
    Eq theta: 1.00000omega
    Eq omega: 0.000311 + -0.00008theta + 0.00516omega + 0.00122theta^2 + 0.00339theta omega + 0.00176omega^2

--- Chunk 64415 (176/220) | Start: 2025-04-05 13:35:00 ---
    RMSE omega: nan | RMSE theta: nan | Loss: 532.2040 | Epoch: 17
    Eq theta: 1.00000omega
    Eq omega: nan1 + nantheta + nanomega + nantheta^2 + nantheta omega + nanomega^2

--- Chunk 64416 (177/220) | Start: 2025-04-05 13:40:00 ---
    RMSE omega: 0.073279 | RMSE theta: 0.618665 | Loss: 399.0713 | Epoch: 61
    Eq theta: 1.00000omega
    Eq omega: 0.006941 + -0.00084theta + 0.00317omega + 0.00305theta^2 + -0.00020theta omega + 0.00445omega^2

--- Chunk 64417 (178/220) | Start: 2025-04-05 13:45:00 ---
    RMSE omega: 0.003869 | RMSE theta: 0.054492 | Loss: -1.9698 | Epoch: 1841
    Eq theta: 1.00000omega
    Eq omega: 0.001611 + -0.74137theta + 0.03394omega + -0.00391theta^2 + -0.03662theta omega + -0.00444omega^2

--- Chunk 64418 (179/220) | Start: 2025-04-05 13:50:00 ---
    RMSE omega: nan | RMSE theta: nan | Loss: 599.8663 | Epoch: 19
    Eq theta: 1.00000omega
    Eq omega: nan1 + nantheta + nanomega + nantheta^2 + nantheta omega + nanomega^2

--- Chunk 64419 (180/220) | Start: 2025-04-05 13:55:00 ---
    RMSE omega: nan | RMSE theta: nan | Loss: 5238.9385 | Epoch: 19
    Eq theta: 1.00000omega
    Eq omega: nan1 + nantheta + nanomega + nantheta^2 + nantheta omega + nanomega^2

--- Chunk 64420 (181/220) | Start: 2025-04-05 14:00:00 ---
    RMSE omega: nan | RMSE theta: nan | Loss: 225.6405 | Epoch: 34
    Eq theta: 1.00000omega
    Eq omega: nan1 + nantheta + nanomega + nantheta^2 + nantheta omega + nanomega^2

--- Chunk 64421 (182/220) | Start: 2025-04-05 14:05:00 ---
    RMSE omega: nan | RMSE theta: nan | Loss: 279.4381 | Epoch: 16
    Eq theta: 1.00000omega
    Eq omega: nan1 + nantheta + nanomega + nantheta^2 + nantheta omega + nanomega^2

--- Chunk 64422 (183/220) | Start: 2025-04-05 14:10:00 ---
    RMSE omega: 0.006337 | RMSE theta: 0.128230 | Loss: -2.4448 | Epoch: 1370
    Eq theta: 1.00000omega
    Eq omega: -0.001111 + -0.00023theta + -0.00081omega + 0.00093theta^2 + -0.00057theta omega + 0.00161omega^2

--- Chunk 64423 (184/220) | Start: 2025-04-05 14:15:00 ---
    RMSE omega: 0.003602 | RMSE theta: 0.045030 | Loss: -2.5726 | Epoch: 988
    Eq theta: 1.00000omega
    Eq omega: 0.003431 + -7.50348theta + 0.03482omega + 4.76343theta^2 + 0.01136theta omega + -0.50343omega^2

--- Chunk 64424 (185/220) | Start: 2025-04-05 14:20:00 ---
    RMSE omega: 0.005230 | RMSE theta: 0.171161 | Loss: -1.9747 | Epoch: 1573
    Eq theta: 1.00000omega
    Eq omega: 0.002711 + 0.00019theta + -0.00166omega + 0.00059theta^2 + 0.00019theta omega + 0.00064omega^2

--- Chunk 64425 (186/220) | Start: 2025-04-05 14:25:00 ---
    RMSE omega: 0.020389 | RMSE theta: 0.130425 | Loss: -1580.2007 | Epoch: 406
    Eq theta: 1.00000omega
    Eq omega: -0.002391 + -0.00214theta + 0.00258omega + 0.00123theta^2 + -0.00778theta omega + 0.00125omega^2

--- Chunk 64426 (187/220) | Start: 2025-04-05 14:30:00 ---
    RMSE omega: nan | RMSE theta: nan | Loss: 9.2763 | Epoch: 70
    Eq theta: 1.00000omega
    Eq omega: nan1 + nantheta + nanomega + nantheta^2 + nantheta omega + nanomega^2

--- Chunk 64427 (188/220) | Start: 2025-04-05 14:35:00 ---
    RMSE omega: 0.004853 | RMSE theta: 0.033660 | Loss: -1.1059 | Epoch: 1521
    Eq theta: 1.00000omega
    Eq omega: -0.083131 + -0.90664theta + 0.00433omega + -0.78738theta^2 + 0.00943theta omega + 0.01969omega^2

--- Chunk 64428 (189/220) | Start: 2025-04-05 14:40:00 ---
    RMSE omega: 0.004635 | RMSE theta: 0.225764 | Loss: -1767986.6250 | Epoch: 1797
    Eq theta: 1.00000omega
    Eq omega: 0.002731 + -0.00554theta + -0.00012omega + 0.00012theta^2 + 0.00033theta omega + -0.00043omega^2

--- Chunk 64429 (190/220) | Start: 2025-04-05 14:45:00 ---
    RMSE omega: 0.004670 | RMSE theta: 0.082575 | Loss: -2.3856 | Epoch: 1276
    Eq theta: 1.00000omega
    Eq omega: 0.002751 + -2.51315theta + 0.01277omega + 0.01015theta^2 + 0.03315theta omega + -0.00117omega^2

--- Chunk 64430 (191/220) | Start: 2025-04-05 14:50:00 ---
    RMSE omega: nan | RMSE theta: nan | Loss: 637.8850 | Epoch: 15
    Eq theta: 1.00000omega
    Eq omega: nan1 + nantheta + nanomega + nantheta^2 + nantheta omega + nanomega^2

--- Chunk 64431 (192/220) | Start: 2025-04-05 14:55:00 ---
    RMSE omega: nan | RMSE theta: nan | Loss: 333.7213 | Epoch: 26
    Eq theta: 1.00000omega
    Eq omega: nan1 + nantheta + nanomega + nantheta^2 + nantheta omega + nanomega^2

--- Chunk 64432 (193/220) | Start: 2025-04-05 15:00:00 ---
    RMSE omega: 0.006282 | RMSE theta: 0.177388 | Loss: -2.3523 | Epoch: 1722
    Eq theta: 1.00000omega
    Eq omega: 0.001661 + -0.00391theta + -0.00477omega + -0.00088theta^2 + -0.00298theta omega + 0.02194omega^2

--- Chunk 64433 (194/220) | Start: 2025-04-05 15:05:00 ---
    RMSE omega: 0.007891 | RMSE theta: 0.411864 | Loss: -13667.7266 | Epoch: 1888
    Eq theta: 1.00000omega
    Eq omega: -0.004061 + -0.27172theta + 0.00602omega + 0.00531theta^2 + 0.00049theta omega + 0.00246omega^2

--- Chunk 64434 (195/220) | Start: 2025-04-05 15:10:00 ---
    RMSE omega: 0.041129 | RMSE theta: 0.342479 | Loss: 160.3732 | Epoch: 46
    Eq theta: 1.00000omega
    Eq omega: -0.000681 + 0.00246theta + -0.00092omega + -0.00038theta^2 + -0.00007theta omega + -0.00102omega^2

--- Chunk 64435 (196/220) | Start: 2025-04-05 15:15:00 ---
    RMSE omega: 0.012761 | RMSE theta: 0.078988 | Loss: -1348.3876 | Epoch: 475
    Eq theta: 1.00000omega
    Eq omega: -0.004351 + -1.81824theta + -0.00455omega + -0.01232theta^2 + 0.00528theta omega + -0.00037omega^2

--- Chunk 64436 (197/220) | Start: 2025-04-05 15:20:00 ---
    RMSE omega: 0.004714 | RMSE theta: 0.184235 | Loss: -0.7404 | Epoch: 2234
    Eq theta: 1.00000omega
    Eq omega: 0.000621 + -0.00085theta + -0.00566omega + 0.00042theta^2 + -0.00006theta omega + 0.01490omega^2

--- Chunk 64437 (198/220) | Start: 2025-04-05 15:25:00 ---
    RMSE omega: 0.004554 | RMSE theta: 0.125562 | Loss: -2.3518 | Epoch: 1459
    Eq theta: 1.00000omega
    Eq omega: 0.003471 + -0.00208theta + -0.01073omega + 0.00052theta^2 + -0.00095theta omega + -0.00233omega^2

--- Chunk 64438 (199/220) | Start: 2025-04-05 15:30:00 ---
    RMSE omega: 0.005550 | RMSE theta: 0.133485 | Loss: -4.2639 | Epoch: 946
    Eq theta: 1.00000omega
    Eq omega: -0.007441 + -1.08361theta + -0.08263omega + 0.02037theta^2 + -0.19752theta omega + 0.02314omega^2

--- Chunk 64439 (200/220) | Start: 2025-04-05 15:35:00 ---
    RMSE omega: nan | RMSE theta: nan | Loss: -9757200325302812672.0000 | Epoch: 1362
    Eq theta: 1.00000omega
    Eq omega: nan1 + nantheta + nanomega + nantheta^2 + nantheta omega + nanomega^2

  [Progress 200/220] Mean RMSE omega: 0.012173 | Mean loss: -17898359452183650369536.0000 | Valid: 158/200 | Elapsed: 77.8min | ETA: 7.8min

--- Chunk 64440 (201/220) | Start: 2025-04-05 15:40:00 ---
    RMSE omega: 0.004986 | RMSE theta: 0.025852 | Loss: -1.2994 | Epoch: 1430
    Eq theta: 1.00000omega
    Eq omega: -0.008731 + -0.66895theta + -0.02127omega + -0.02114theta^2 + 0.23379theta omega + -0.01437omega^2

--- Chunk 64441 (202/220) | Start: 2025-04-05 15:45:00 ---
/pfs/data6/home/ka/ka_iai/ka_bj2362/dsr/svise/svise/quadrature/_unbiased_quadrature.py:211: UserWarning: Iip is NaN. Setting correction to zero.
  warnings.warn("Iip is NaN. Setting correction to zero.")
/pfs/data6/home/ka/ka_iai/ka_bj2362/dsr/svise/svise/quadrature/_unbiased_quadrature.py:218: UserWarning: Quadrature result is NaN. Returning 0.
  warnings.warn("Quadrature result is NaN. Returning 0.")
    RMSE omega: 0.006613 | RMSE theta: 0.307627 | Loss: -2334259034012541517824.0000 | Epoch: 1633
    Eq theta: 1.00000omega
    Eq omega: 0.005991 + -0.00137theta + -0.00037omega + -0.00009theta^2 + 0.00001theta omega + -0.00007omega^2

--- Chunk 64442 (203/220) | Start: 2025-04-05 15:50:00 ---
    RMSE omega: 0.003952 | RMSE theta: 0.097403 | Loss: -0.7901 | Epoch: 1855
    Eq theta: 1.00000omega
    Eq omega: -0.001531 + 0.00022theta + -0.00097omega + 0.00013theta^2 + 0.00011theta omega + -0.00174omega^2

--- Chunk 64443 (204/220) | Start: 2025-04-05 15:55:00 ---
    RMSE omega: nan | RMSE theta: nan | Loss: 11479.6211 | Epoch: 16
    Eq theta: 1.00000omega
    Eq omega: nan1 + nantheta + nanomega + nantheta^2 + nantheta omega + nanomega^2

--- Chunk 64444 (205/220) | Start: 2025-04-05 16:00:00 ---
    RMSE omega: 0.027285 | RMSE theta: 0.252414 | Loss: -202.2000 | Epoch: 508
    Eq theta: 1.00000omega
    Eq omega: -0.002791 + -0.00345theta + -0.00166omega + 0.00082theta^2 + -0.00006theta omega + 0.00243omega^2

--- Chunk 64445 (206/220) | Start: 2025-04-05 16:05:00 ---
    RMSE omega: 1.101010 | RMSE theta: 41.784908 | Loss: -5218619340357632.0000 | Epoch: 1139
    Eq theta: 1.00000omega
    Eq omega: 0.020991 + -0.20069theta + -0.00139omega + 0.00007theta^2 + 0.00008theta omega + 0.00001omega^2

--- Chunk 64446 (207/220) | Start: 2025-04-05 16:10:00 ---
    RMSE omega: 0.034276 | RMSE theta: 0.604386 | Loss: -552127.6875 | Epoch: 426
    Eq theta: 1.00000omega
    Eq omega: -0.005411 + -0.00410theta + -0.00993omega + 0.00745theta^2 + -0.00131theta omega + -0.00813omega^2

--- Chunk 64447 (208/220) | Start: 2025-04-05 16:15:00 ---
    RMSE omega: 0.004285 | RMSE theta: 0.145219 | Loss: -4.8473 | Epoch: 1827
    Eq theta: 1.00000omega
    Eq omega: -0.007741 + -0.00319theta + 0.00314omega + -0.00350theta^2 + 0.00069theta omega + -0.00310omega^2

--- Chunk 64448 (209/220) | Start: 2025-04-05 16:20:00 ---
    RMSE omega: 0.004957 | RMSE theta: 0.177176 | Loss: -0.2399 | Epoch: 2749
    Eq theta: 1.00000omega
    Eq omega: -0.000381 + 0.00002theta + -0.00191omega + -0.00012theta^2 + -0.00078theta omega + 0.00054omega^2

--- Chunk 64449 (210/220) | Start: 2025-04-05 16:25:00 ---
    RMSE omega: 0.012186 | RMSE theta: 0.278828 | Loss: 10.3267 | Epoch: 1373
    Eq theta: 1.00000omega
    Eq omega: -0.002511 + -0.00020theta + -0.00377omega + 0.00002theta^2 + -0.00008theta omega + 0.00164omega^2

--- Chunk 64450 (211/220) | Start: 2025-04-05 16:30:00 ---
    RMSE omega: 0.004767 | RMSE theta: 0.102965 | Loss: -2.9546 | Epoch: 1488
    Eq theta: 1.00000omega
    Eq omega: -0.072821 + -0.88450theta + -0.03353omega + 0.38721theta^2 + 0.00871theta omega + -0.19135omega^2

--- Chunk 64451 (212/220) | Start: 2025-04-05 16:35:00 ---
    RMSE omega: 0.010279 | RMSE theta: 0.418385 | Loss: -359470016.0000 | Epoch: 1225
    Eq theta: 1.00000omega
    Eq omega: -0.002961 + -0.00464theta + -0.00196omega + 0.00015theta^2 + -0.00100theta omega + 0.00606omega^2

--- Chunk 64452 (213/220) | Start: 2025-04-05 16:40:00 ---
    RMSE omega: 0.004622 | RMSE theta: 0.030017 | Loss: -0.0684 | Epoch: 1320
    Eq theta: 1.00000omega
    Eq omega: -0.001601 + -0.00102theta + 0.00355omega + -0.00034theta^2 + -0.00115theta omega + -0.00391omega^2

--- Chunk 64453 (214/220) | Start: 2025-04-05 16:45:00 ---
    RMSE omega: 0.005067 | RMSE theta: 0.028304 | Loss: -1.7795 | Epoch: 1069
    Eq theta: 1.00000omega
    Eq omega: 0.011391 + -0.20861theta + 0.00214omega + 0.11875theta^2 + -0.00591theta omega + 0.00165omega^2

--- Chunk 64454 (215/220) | Start: 2025-04-05 16:50:00 ---
    RMSE omega: 0.004802 | RMSE theta: 0.078154 | Loss: -1.0401 | Epoch: 2328
    Eq theta: 1.00000omega
    Eq omega: 0.006271 + 0.00098theta + 0.00561omega + -0.00032theta^2 + 0.00266theta omega + 0.00075omega^2

--- Chunk 64455 (216/220) | Start: 2025-04-05 16:55:00 ---
    RMSE omega: 0.010235 | RMSE theta: 0.798294 | Loss: -2227046912.0000 | Epoch: 2063
    Eq theta: 1.00000omega
    Eq omega: 0.001421 + -0.00217theta + -0.00062omega + -0.00079theta^2 + -0.00135theta omega + -0.00119omega^2

--- Chunk 64456 (217/220) | Start: 2025-04-05 17:00:00 ---
    RMSE omega: 0.004526 | RMSE theta: 0.050252 | Loss: -1.0800 | Epoch: 1193
    Eq theta: 1.00000omega
    Eq omega: 0.000251 + -0.00043theta + -0.00063omega + -0.00016theta^2 + 0.00040theta omega + -0.00091omega^2

--- Chunk 64457 (218/220) | Start: 2025-04-05 17:05:00 ---
    RMSE omega: 0.038551 | RMSE theta: 0.306517 | Loss: 128.8883 | Epoch: 250
    Eq theta: 1.00000omega
    Eq omega: -0.000821 + -0.03248theta + 0.01160omega + 0.03820theta^2 + 0.00625theta omega + -0.06168omega^2

--- Chunk 64458 (219/220) | Start: 2025-04-05 17:10:00 ---
    RMSE omega: 0.006547 | RMSE theta: 0.163985 | Loss: -6.1108 | Epoch: 1543
    Eq theta: 1.00000omega
    Eq omega: -0.006231 + -0.52927theta + -0.00341omega + -0.00184theta^2 + -0.00403theta omega + -0.02109omega^2

--- Chunk 64459 (220/220) | Start: 2025-04-05 17:15:00 ---
    RMSE omega: nan | RMSE theta: nan | Loss: 217.2052 | Epoch: 112
    Eq theta: 1.00000omega
    Eq omega: nan1 + nantheta + nanomega + nantheta^2 + nantheta omega + nanomega^2

  [Progress 220/220] Mean RMSE omega: 0.018252 | Mean loss: -16281846157678930296832.0000 | Valid: 176/220 | Elapsed: 87.1min | ETA: 0.0min

============================================================
EVALUATION COMPLETE — Chunks [64240, 64459]
============================================================
Chunks processed: 220
Chunks succeeded: 176 (80.0%)
Mean RMSE omega:  0.018252 ± 0.082998
Mean RMSE theta:  0.488731 ± 3.138848
Mean RMSE total:  0.345963
Mean Loss:        -16281846157678930296832.0000 ± 151131823736571176157184.0000
Elapsed time:     87.1 minutes

Per-chunk CSV: /pfs/data6/home/ka/ka_iai/ka_bj2362/dsr/svise/results_5min_all_chunks/run_SLURM_3708675/chunks_64240_to_64459_20260320_072828.csv
Summary JSON:  /pfs/data6/home/ka/ka_iai/ka_bj2362/dsr/svise/results_5min_all_chunks/run_SLURM_3708675/summary_64240_to_64459_20260320_072828.json
============================================================

============================= JOB FEEDBACK =============================

NodeName=uc3n018
Job ID: 3709422
Array Job ID: 3708675_292
Cluster: uc3
User/Group: ka_bj2362/ka_iai
State: COMPLETED (exit code 0)
Nodes: 1
Cores per node: 4
CPU Utilized: 01:26:21
CPU Efficiency: 24.67% of 05:50:00 core-walltime
Job Wall-clock time: 01:27:30
Memory Utilized: 3.20 GB
Memory Efficiency: 26.67% of 12.00 GB (12.00 GB/node)
