Array task 173: processing chunks 38060 to 38279
Loading data from /pfs/data6/home/ka/ka_iai/ka_bj2362/dsr/svise/../dataset/South_Korea_2024-08-15_2025-08-31_1s.parquet...
Finding all valid 5-minute chunks in the dataset...
Found 107059 valid 5-minute chunks in total.

============================================================
SVISE FINAL EVALUATION — ALL CHUNKS
============================================================
Hyperparameters: {
  "model": "integrator",
  "sigma": 0,
  "degree": 2,
  "tau": 1e-05,
  "lr": 0.1,
  "n_tau": 100,
  "measurement_noise": 0.001,
  "n_reparam_samples": 15
}
Total valid chunks in dataset: 107059
Processing chunk range: [38060, 38279] (220 chunks)
Early stopping: patience=300, max_epochs=10000
============================================================


--- Chunk 38060 (1/220) | Start: 2025-01-03 17:35:00 ---
/pfs/data6/home/ka/ka_iai/ka_bj2362/dsr/svise/svise/sde_learning/_marginal_sde.py:284: UserWarning: torch.triangular_solve is deprecated in favor of torch.linalg.solve_triangularand will be removed in a future PyTorch release.
torch.linalg.solve_triangular has its arguments reversed and does not return a copy of one of the inputs.
X = torch.triangular_solve(B, A).solution
should be replaced with
X = torch.linalg.solve_triangular(A, B). (Triggered internally at ../aten/src/ATen/native/BatchLinearAlgebra.cpp:2192.)
  return torch.triangular_solve(self.raw_w, self.C.t()).solution
/pfs/data6/home/ka/ka_iai/ka_bj2362/dsr/svise/svise/quadrature/_unbiased_quadrature.py:196: UserWarning: Interp is nan, reducing interp degree.
  warnings.warn("Interp is nan, reducing interp degree.")
    RMSE omega: 0.006711 | RMSE theta: 0.174690 | Loss: -0.8062 | Epoch: 1252
    Eq theta: 1.00000omega
    Eq omega: 0.000871 + 0.00601theta + -0.00451omega + -0.00070theta^2 + 0.00086theta omega + -0.00295omega^2

--- Chunk 38061 (2/220) | Start: 2025-01-03 17:40:00 ---
/pfs/data6/home/ka/ka_iai/ka_bj2362/dsr/svise/svise/quadrature/_unbiased_quadrature.py:174: UserWarning: NaN detected in fxq (quadrature node evaluations). Clamping to 0.
  warnings.warn("NaN detected in fxq (quadrature node evaluations). Clamping to 0.")
/pfs/data6/home/ka/ka_iai/ka_bj2362/dsr/svise/svise/quadrature/_unbiased_quadrature.py:177: UserWarning: NaN detected in fmc (Monte-Carlo node evaluations). Clamping to 0.
  warnings.warn("NaN detected in fmc (Monte-Carlo node evaluations). Clamping to 0.")
    RMSE omega: nan | RMSE theta: nan | Loss: 769.6350 | Epoch: 37
    Eq theta: 1.00000omega
    Eq omega: nan1 + nantheta + nanomega + nantheta^2 + nantheta omega + nanomega^2

--- Chunk 38062 (3/220) | Start: 2025-01-03 17:45:00 ---
    RMSE omega: 0.009012 | RMSE theta: 0.095768 | Loss: -14.1456 | Epoch: 1410
    Eq theta: 1.00000omega
    Eq omega: 0.644131 + -1.79469theta + -0.35352omega + -0.02748theta^2 + -0.00545theta omega + 0.01536omega^2

--- Chunk 38063 (4/220) | Start: 2025-01-03 17:50:00 ---
    RMSE omega: 0.004595 | RMSE theta: 0.136388 | Loss: 0.1740 | Epoch: 1260
    Eq theta: 1.00000omega
    Eq omega: 0.001211 + -0.00022theta + -0.00076omega + -0.00066theta^2 + 0.00040theta omega + 0.00758omega^2

--- Chunk 38064 (5/220) | Start: 2025-01-03 17:55:00 ---
    RMSE omega: 0.012542 | RMSE theta: 0.114410 | Loss: 5.0994 | Epoch: 89
    Eq theta: 1.00000omega
    Eq omega: 0.001491 + -0.00600theta + 0.00042omega + 0.00223theta^2 + 0.00104theta omega + 0.00042omega^2

--- Chunk 38065 (6/220) | Start: 2025-01-03 18:00:00 ---
    RMSE omega: 0.053647 | RMSE theta: 1.026157 | Loss: 455.8494 | Epoch: 47
    Eq theta: 1.00000omega
    Eq omega: -0.000361 + -0.00112theta + -0.00305omega + -0.00006theta^2 + 0.00006theta omega + -0.00180omega^2

--- Chunk 38066 (7/220) | Start: 2025-01-03 18:05:00 ---
    RMSE omega: nan | RMSE theta: nan | Loss: 389.4277 | Epoch: 43
    Eq theta: 1.00000omega
    Eq omega: nan1 + nantheta + nanomega + nantheta^2 + nantheta omega + nanomega^2

--- Chunk 38067 (8/220) | Start: 2025-01-03 18:10:00 ---
    RMSE omega: 0.016638 | RMSE theta: 1.122089 | Loss: -10618926080.0000 | Epoch: 2492
    Eq theta: 1.00000omega
    Eq omega: 0.005471 + -0.16383theta + 0.00307omega + 0.00048theta^2 + -0.00020theta omega + -0.00170omega^2

--- Chunk 38068 (9/220) | Start: 2025-01-03 18:15:00 ---
    RMSE omega: 0.005860 | RMSE theta: 0.115323 | Loss: -2.2483 | Epoch: 1178
    Eq theta: 1.00000omega
    Eq omega: -0.000301 + -0.44961theta + -0.01023omega + -0.01032theta^2 + -1.67959theta omega + 0.00583omega^2

--- Chunk 38069 (10/220) | Start: 2025-01-03 18:20:00 ---
    RMSE omega: 0.032650 | RMSE theta: 0.855050 | Loss: -2092.4780 | Epoch: 340
    Eq theta: 1.00000omega
    Eq omega: 0.005701 + -0.00558theta + -0.00686omega + 0.00065theta^2 + -0.00088theta omega + -0.00344omega^2

--- Chunk 38070 (11/220) | Start: 2025-01-03 18:25:00 ---
    RMSE omega: 0.006096 | RMSE theta: 0.119898 | Loss: -1.9597 | Epoch: 1151
    Eq theta: 1.00000omega
    Eq omega: 0.000411 + 0.00093theta + -0.00232omega + -0.00026theta^2 + -0.00160theta omega + -0.00213omega^2

--- Chunk 38071 (12/220) | Start: 2025-01-03 18:30:00 ---
    RMSE omega: nan | RMSE theta: nan | Loss: 819.0895 | Epoch: 26
    Eq theta: 1.00000omega
    Eq omega: nan1 + nantheta + nanomega + nantheta^2 + nantheta omega + nanomega^2

--- Chunk 38072 (13/220) | Start: 2025-01-03 18:35:00 ---
    RMSE omega: nan | RMSE theta: nan | Loss: 153.7567 | Epoch: 33
    Eq theta: 1.00000omega
    Eq omega: nan1 + nantheta + nanomega + nantheta^2 + nantheta omega + nanomega^2

--- Chunk 38073 (14/220) | Start: 2025-01-03 18:40:00 ---
    RMSE omega: 0.004922 | RMSE theta: 0.165761 | Loss: -2.6096 | Epoch: 1216
    Eq theta: 1.00000omega
    Eq omega: 0.002221 + -0.00083theta + -0.00581omega + 0.00021theta^2 + 0.00014theta omega + -0.00186omega^2

--- Chunk 38074 (15/220) | Start: 2025-01-03 18:45:00 ---
    RMSE omega: 0.006103 | RMSE theta: 0.206559 | Loss: 0.0424 | Epoch: 2381
    Eq theta: 1.00000omega
    Eq omega: -0.001951 + 0.00047theta + 0.00031omega + 0.00015theta^2 + -0.00178theta omega + -0.00130omega^2

--- Chunk 38075 (16/220) | Start: 2025-01-03 18:50:00 ---
    RMSE omega: nan | RMSE theta: nan | Loss: 98.1660 | Epoch: 38
    Eq theta: 1.00000omega
    Eq omega: nan1 + nantheta + nanomega + nantheta^2 + nantheta omega + nanomega^2

--- Chunk 38076 (17/220) | Start: 2025-01-03 18:55:00 ---
    RMSE omega: 0.008297 | RMSE theta: 0.633670 | Loss: -90.5944 | Epoch: 2650
    Eq theta: 1.00000omega
    Eq omega: 0.000861 + -0.00030theta + 0.00093omega + -0.00003theta^2 + -0.00135theta omega + -0.00130omega^2

--- Chunk 38077 (18/220) | Start: 2025-01-03 19:00:00 ---
    RMSE omega: 0.921731 | RMSE theta: 30.427910 | Loss: -5194822537183232.0000 | Epoch: 1517
    Eq theta: 1.00000omega
    Eq omega: -0.021671 + -0.00051theta + -0.00003omega + -0.00030theta^2 + -0.00000theta omega + -0.00000omega^2

--- Chunk 38078 (19/220) | Start: 2025-01-03 19:05:00 ---
    RMSE omega: 0.004577 | RMSE theta: 0.028926 | Loss: -1.8046 | Epoch: 1379
    Eq theta: 1.00000omega
    Eq omega: -0.061421 + -1.64809theta + 0.00784omega + -0.14424theta^2 + 0.00188theta omega + 0.66406omega^2

--- Chunk 38079 (20/220) | Start: 2025-01-03 19:10:00 ---
    RMSE omega: 0.005365 | RMSE theta: 0.078738 | Loss: -2.2093 | Epoch: 1180
    Eq theta: 1.00000omega
    Eq omega: -0.001951 + -1.02977theta + -0.00976omega + -0.00685theta^2 + 0.00567theta omega + 0.00071omega^2

--- Chunk 38080 (21/220) | Start: 2025-01-03 19:15:00 ---
    RMSE omega: 0.004103 | RMSE theta: 0.024118 | Loss: -2.2616 | Epoch: 1815
    Eq theta: 1.00000omega
    Eq omega: -0.003371 + -0.94889theta + 0.00785omega + -0.00329theta^2 + 0.00242theta omega + -0.02273omega^2

--- Chunk 38081 (22/220) | Start: 2025-01-03 19:20:00 ---
    RMSE omega: 0.009621 | RMSE theta: 0.065170 | Loss: 8.8372 | Epoch: 100
    Eq theta: 1.00000omega
    Eq omega: 0.000431 + -0.01674theta + -0.00957omega + 0.00240theta^2 + 0.00122theta omega + 0.00914omega^2

--- Chunk 38082 (23/220) | Start: 2025-01-03 19:25:00 ---
    RMSE omega: 0.005563 | RMSE theta: 0.037629 | Loss: -0.2903 | Epoch: 934
    Eq theta: 1.00000omega
    Eq omega: -0.005921 + -0.25115theta + -0.00393omega + -0.00391theta^2 + 0.01256theta omega + 0.00366omega^2

--- Chunk 38083 (24/220) | Start: 2025-01-03 19:30:00 ---
    RMSE omega: 0.004933 | RMSE theta: 0.151396 | Loss: -2.0599 | Epoch: 1843
    Eq theta: 1.00000omega
    Eq omega: 0.001641 + -0.00043theta + -0.00001omega + 0.00060theta^2 + -0.00008theta omega + -0.00135omega^2

--- Chunk 38084 (25/220) | Start: 2025-01-03 19:35:00 ---
    RMSE omega: nan | RMSE theta: nan | Loss: 59.2708 | Epoch: 40
    Eq theta: 1.00000omega
    Eq omega: nan1 + nantheta + nanomega + nantheta^2 + nantheta omega + nanomega^2

--- Chunk 38085 (26/220) | Start: 2025-01-03 19:40:00 ---
    RMSE omega: 0.062093 | RMSE theta: 1.111278 | Loss: 344.2194 | Epoch: 29
    Eq theta: 1.00000omega
    Eq omega: -0.000341 + -0.00128theta + -0.00236omega + -0.00092theta^2 + 0.00044theta omega + 0.00043omega^2

--- Chunk 38086 (27/220) | Start: 2025-01-03 19:45:00 ---
    RMSE omega: 0.006593 | RMSE theta: 0.198335 | Loss: 0.3502 | Epoch: 1380
    Eq theta: 1.00000omega
    Eq omega: -0.003791 + 0.00003theta + 0.00335omega + -0.00019theta^2 + 0.00021theta omega + 0.00253omega^2

--- Chunk 38087 (28/220) | Start: 2025-01-03 19:50:00 ---
    RMSE omega: 0.006602 | RMSE theta: 0.050789 | Loss: -1.3772 | Epoch: 2000
    Eq theta: 1.00000omega
    Eq omega: 0.000571 + 0.00085theta + 0.00207omega + -0.00015theta^2 + 0.00138theta omega + 0.00121omega^2

--- Chunk 38088 (29/220) | Start: 2025-01-03 19:55:00 ---
    RMSE omega: 0.047424 | RMSE theta: 0.786125 | Loss: 245.4375 | Epoch: 36
    Eq theta: 1.00000omega
    Eq omega: -0.005511 + 0.00095theta + 0.00698omega + 0.00043theta^2 + -0.00016theta omega + -0.00057omega^2

--- Chunk 38089 (30/220) | Start: 2025-01-03 20:00:00 ---
    RMSE omega: 0.035911 | RMSE theta: 0.533660 | Loss: 187.8303 | Epoch: 110
    Eq theta: 1.00000omega
    Eq omega: 0.005801 + -0.00105theta + -0.00611omega + 0.00832theta^2 + -0.00005theta omega + 0.00354omega^2

--- Chunk 38090 (31/220) | Start: 2025-01-03 20:05:00 ---
    RMSE omega: 0.018554 | RMSE theta: 0.158925 | Loss: -8751603.0000 | Epoch: 1188
    Eq theta: 1.00000omega
    Eq omega: 0.003211 + -0.43201theta + -0.04787omega + 0.01570theta^2 + -0.08817theta omega + -0.04537omega^2

--- Chunk 38091 (32/220) | Start: 2025-01-03 20:10:00 ---
    RMSE omega: 0.004676 | RMSE theta: 0.093984 | Loss: -2.2517 | Epoch: 1679
    Eq theta: 1.00000omega
    Eq omega: 0.004121 + -0.00034theta + 0.00146omega + 0.00015theta^2 + -0.00132theta omega + 0.00275omega^2

--- Chunk 38092 (33/220) | Start: 2025-01-03 20:15:00 ---
    RMSE omega: 0.004910 | RMSE theta: 0.120186 | Loss: -63.4493 | Epoch: 1677
    Eq theta: 1.00000omega
    Eq omega: 0.023621 + -1.06815theta + -0.02011omega + 0.00534theta^2 + -0.02135theta omega + 0.01814omega^2

--- Chunk 38093 (34/220) | Start: 2025-01-03 20:20:00 ---
    RMSE omega: 0.025284 | RMSE theta: 0.202097 | Loss: 22.5342 | Epoch: 51
    Eq theta: 1.00000omega
    Eq omega: -0.004541 + -0.29824theta + -0.00235omega + -0.08872theta^2 + 0.00709theta omega + 0.00197omega^2

--- Chunk 38094 (35/220) | Start: 2025-01-03 20:25:00 ---
    RMSE omega: 0.004788 | RMSE theta: 0.092294 | Loss: -2.2362 | Epoch: 1843
    Eq theta: 1.00000omega
    Eq omega: 0.003091 + 0.00078theta + -0.00001omega + -0.00037theta^2 + -0.00010theta omega + 0.00320omega^2

--- Chunk 38095 (36/220) | Start: 2025-01-03 20:30:00 ---
    RMSE omega: 0.020708 | RMSE theta: 0.944811 | Loss: 0.8860 | Epoch: 389
    Eq theta: 1.00000omega
    Eq omega: 0.017651 + -0.16246theta + -0.02349omega + -0.13307theta^2 + 0.00103theta omega + 0.04053omega^2

--- Chunk 38096 (37/220) | Start: 2025-01-03 20:35:00 ---
    RMSE omega: 0.004621 | RMSE theta: 0.152920 | Loss: -1.8378 | Epoch: 2217
    Eq theta: 1.00000omega
    Eq omega: 0.002221 + 0.00011theta + 0.00093omega + -0.00013theta^2 + -0.00039theta omega + -0.00004omega^2

--- Chunk 38097 (38/220) | Start: 2025-01-03 20:40:00 ---
    RMSE omega: 0.005463 | RMSE theta: 0.063131 | Loss: -1.9630 | Epoch: 1425
    Eq theta: 1.00000omega
    Eq omega: 0.000691 + -0.00297theta + -0.00158omega + 0.00055theta^2 + -0.00054theta omega + -0.00256omega^2

--- Chunk 38098 (39/220) | Start: 2025-01-03 20:45:00 ---
    RMSE omega: 0.116845 | RMSE theta: 5.556839 | Loss: -110735896.0000 | Epoch: 2177
    Eq theta: 1.00000omega
    Eq omega: 0.000891 + 0.00017theta + 0.00065omega + 0.00018theta^2 + 0.00088theta omega + 0.00007omega^2

--- Chunk 38099 (40/220) | Start: 2025-01-03 20:50:00 ---
    RMSE omega: 0.019144 | RMSE theta: 1.142632 | Loss: -617366379542971331849314369536.0000 | Epoch: 2131
    Eq theta: 1.00000omega
    Eq omega: 0.003061 + 0.00168theta + -0.00166omega + 0.00093theta^2 + -0.00047theta omega + -0.00013omega^2

--- Chunk 38100 (41/220) | Start: 2025-01-03 20:55:00 ---
    RMSE omega: 0.005485 | RMSE theta: 0.359111 | Loss: -1.4926 | Epoch: 2089
    Eq theta: 1.00000omega
    Eq omega: -0.015721 + -0.00237theta + 0.00204omega + 0.00274theta^2 + 0.00085theta omega + -0.00733omega^2

--- Chunk 38101 (42/220) | Start: 2025-01-03 21:00:00 ---
    RMSE omega: 0.007435 | RMSE theta: 0.301399 | Loss: -3.7512 | Epoch: 2356
    Eq theta: 1.00000omega
    Eq omega: -0.000871 + -0.00025theta + -0.00127omega + -0.00007theta^2 + -0.00152theta omega + 0.00091omega^2

--- Chunk 38102 (43/220) | Start: 2025-01-03 21:05:00 ---
    RMSE omega: 0.015251 | RMSE theta: 0.515647 | Loss: -2031.0034 | Epoch: 1560
    Eq theta: 1.00000omega
    Eq omega: -0.000481 + -0.00096theta + 0.00024omega + -0.00045theta^2 + 0.00202theta omega + 0.00221omega^2

--- Chunk 38103 (44/220) | Start: 2025-01-03 21:10:00 ---
    RMSE omega: 0.019354 | RMSE theta: 0.903944 | Loss: -417.8049 | Epoch: 852
    Eq theta: 1.00000omega
    Eq omega: 0.001061 + -0.41014theta + -0.00435omega + 0.00268theta^2 + -0.00686theta omega + -0.04647omega^2

--- Chunk 38104 (45/220) | Start: 2025-01-03 21:15:00 ---
    RMSE omega: 0.011015 | RMSE theta: 0.862712 | Loss: -291765728.0000 | Epoch: 1978
    Eq theta: 1.00000omega
    Eq omega: -0.001651 + -0.00024theta + -0.00014omega + -0.00012theta^2 + 0.00072theta omega + -0.00028omega^2

--- Chunk 38105 (46/220) | Start: 2025-01-03 21:20:00 ---
    RMSE omega: 0.042446 | RMSE theta: 0.617796 | Loss: 96.3809 | Epoch: 40
    Eq theta: 1.00000omega
    Eq omega: -0.000101 + -0.01732theta + -0.00142omega + -0.00142theta^2 + 0.00051theta omega + -0.00100omega^2

--- Chunk 38106 (47/220) | Start: 2025-01-03 21:25:00 ---
    RMSE omega: nan | RMSE theta: nan | Loss: 131.0827 | Epoch: 25
    Eq theta: 1.00000omega
    Eq omega: nan1 + nantheta + nanomega + nantheta^2 + nantheta omega + nanomega^2

--- Chunk 38107 (48/220) | Start: 2025-01-03 21:30:00 ---
    RMSE omega: nan | RMSE theta: nan | Loss: 29.4587 | Epoch: 51
    Eq theta: 1.00000omega
    Eq omega: nan1 + nantheta + nanomega + nantheta^2 + nantheta omega + nanomega^2

--- Chunk 38108 (49/220) | Start: 2025-01-03 21:35:00 ---
    RMSE omega: 0.032724 | RMSE theta: 0.448153 | Loss: -1483334.0000 | Epoch: 768
    Eq theta: 1.00000omega
    Eq omega: 0.001491 + 0.00016theta + -0.01577omega + 0.00065theta^2 + 0.00156theta omega + 0.00765omega^2

--- Chunk 38109 (50/220) | Start: 2025-01-03 21:40:00 ---
    RMSE omega: 0.004606 | RMSE theta: 0.047390 | Loss: -2.3804 | Epoch: 1140
    Eq theta: 1.00000omega
    Eq omega: -0.006891 + -2.67674theta + -0.03377omega + 0.00448theta^2 + 0.02438theta omega + 0.02927omega^2

  [Progress 50/220] Mean RMSE omega: 0.039164 | Mean loss: -12347327590859531398454181888.0000 | Valid: 42/50 | Elapsed: 19.8min | ETA: 67.2min

--- Chunk 38110 (51/220) | Start: 2025-01-03 21:45:00 ---
    RMSE omega: 0.003923 | RMSE theta: 0.056716 | Loss: -2.8504 | Epoch: 1277
    Eq theta: 1.00000omega
    Eq omega: -0.025371 + -1.83448theta + -0.06363omega + 0.00494theta^2 + -0.31438theta omega + 0.00975omega^2

--- Chunk 38111 (52/220) | Start: 2025-01-03 21:50:00 ---
    RMSE omega: 0.004576 | RMSE theta: 0.039481 | Loss: -1.7282 | Epoch: 1811
    Eq theta: 1.00000omega
    Eq omega: 0.003671 + -0.10899theta + -0.00249omega + -0.00058theta^2 + -0.00440theta omega + 0.00529omega^2

--- Chunk 38112 (53/220) | Start: 2025-01-03 21:55:00 ---
    RMSE omega: nan | RMSE theta: nan | Loss: 52.8000 | Epoch: 74
    Eq theta: 1.00000omega
    Eq omega: nan1 + nantheta + nanomega + nantheta^2 + nantheta omega + nanomega^2

--- Chunk 38113 (54/220) | Start: 2025-01-03 22:00:00 ---
    RMSE omega: 0.014990 | RMSE theta: 1.103502 | Loss: 17.6755 | Epoch: 2516
    Eq theta: 1.00000omega
    Eq omega: 0.003861 + 0.00036theta + -0.00235omega + -0.00002theta^2 + 0.00006theta omega + -0.00117omega^2

--- Chunk 38114 (55/220) | Start: 2025-01-03 22:05:00 ---
    RMSE omega: 0.029515 | RMSE theta: 0.994941 | Loss: -86.0357 | Epoch: 534
    Eq theta: 1.00000omega
    Eq omega: -0.000381 + -0.00003theta + 0.00028omega + 0.00000theta^2 + 0.00000theta omega + -0.00006omega^2

--- Chunk 38115 (56/220) | Start: 2025-01-03 22:10:00 ---
    RMSE omega: 0.032276 | RMSE theta: 0.973928 | Loss: -13515.7041 | Epoch: 660
    Eq theta: 1.00000omega
    Eq omega: -0.002071 + 0.00559theta + -0.00247omega + 0.00026theta^2 + -0.00006theta omega + 0.00056omega^2

--- Chunk 38116 (57/220) | Start: 2025-01-03 22:15:00 ---
    RMSE omega: nan | RMSE theta: nan | Loss: -2910471927732305791794472447639552.0000 | Epoch: 1843
    Eq theta: 1.00000omega
    Eq omega: nan1 + nantheta + nanomega + nantheta^2 + nantheta omega + nanomega^2

--- Chunk 38117 (58/220) | Start: 2025-01-03 22:20:00 ---
    RMSE omega: 0.005019 | RMSE theta: 0.085960 | Loss: -1.2760 | Epoch: 1670
    Eq theta: 1.00000omega
    Eq omega: -0.001131 + -0.01926theta + -0.00067omega + -0.00842theta^2 + 0.00041theta omega + -0.01698omega^2

--- Chunk 38118 (59/220) | Start: 2025-01-03 22:25:00 ---
    RMSE omega: nan | RMSE theta: nan | Loss: 95.8874 | Epoch: 32
    Eq theta: 1.00000omega
    Eq omega: nan1 + nantheta + nanomega + nantheta^2 + nantheta omega + nanomega^2

--- Chunk 38119 (60/220) | Start: 2025-01-03 22:30:00 ---
    RMSE omega: 0.004683 | RMSE theta: 0.059995 | Loss: -1.7301 | Epoch: 1369
    Eq theta: 1.00000omega
    Eq omega: 0.001901 + -0.09477theta + -0.00734omega + 0.01114theta^2 + 0.00806theta omega + -0.00145omega^2

--- Chunk 38120 (61/220) | Start: 2025-01-03 22:35:00 ---
    RMSE omega: 0.003876 | RMSE theta: 0.122638 | Loss: -1.2326 | Epoch: 2596
    Eq theta: 1.00000omega
    Eq omega: -0.026521 + -0.23851theta + 0.00634omega + -0.00777theta^2 + 0.00372theta omega + -0.00390omega^2

--- Chunk 38121 (62/220) | Start: 2025-01-03 22:40:00 ---
    RMSE omega: 0.005247 | RMSE theta: 0.029202 | Loss: -0.8808 | Epoch: 1672
    Eq theta: 1.00000omega
    Eq omega: -0.000711 + -0.00115theta + -0.00031omega + -0.00104theta^2 + 0.00229theta omega + 0.00129omega^2

--- Chunk 38122 (63/220) | Start: 2025-01-03 22:45:00 ---
    RMSE omega: 0.005550 | RMSE theta: 0.091698 | Loss: -2.7508 | Epoch: 1550
    Eq theta: 1.00000omega
    Eq omega: -0.000441 + -0.00166theta + 0.00034omega + -0.00040theta^2 + 0.00046theta omega + 0.00151omega^2

--- Chunk 38123 (64/220) | Start: 2025-01-03 22:50:00 ---
    RMSE omega: nan | RMSE theta: nan | Loss: 1544.4651 | Epoch: 39
    Eq theta: 1.00000omega
    Eq omega: nan1 + nantheta + nanomega + nantheta^2 + nantheta omega + nanomega^2

--- Chunk 38124 (65/220) | Start: 2025-01-03 22:55:00 ---
    RMSE omega: 0.028604 | RMSE theta: 0.305256 | Loss: -19704.5801 | Epoch: 852
    Eq theta: 1.00000omega
    Eq omega: 0.006481 + -0.04108theta + -0.00425omega + 0.00249theta^2 + 0.00679theta omega + -0.00192omega^2

--- Chunk 38125 (66/220) | Start: 2025-01-03 23:00:00 ---
    RMSE omega: 0.019108 | RMSE theta: 0.569589 | Loss: -312.0949 | Epoch: 484
    Eq theta: 1.00000omega
    Eq omega: -0.000831 + -0.00008theta + 0.00229omega + -0.00000theta^2 + 0.00020theta omega + -0.00033omega^2

--- Chunk 38126 (67/220) | Start: 2025-01-03 23:05:00 ---
    RMSE omega: 0.004542 | RMSE theta: 0.052817 | Loss: -1.9380 | Epoch: 924
    Eq theta: 1.00000omega
    Eq omega: -0.010281 + -1.99457theta + -0.00717omega + 0.64911theta^2 + 0.14872theta omega + -0.05888omega^2

--- Chunk 38127 (68/220) | Start: 2025-01-03 23:10:00 ---
    RMSE omega: 0.086776 | RMSE theta: 1.595721 | Loss: -20021.4941 | Epoch: 1304
    Eq theta: 1.00000omega
    Eq omega: -0.054141 + -0.60170theta + 0.00824omega + -0.00332theta^2 + -0.00950theta omega + -0.01237omega^2

--- Chunk 38128 (69/220) | Start: 2025-01-03 23:15:00 ---
    RMSE omega: 0.005995 | RMSE theta: 0.032213 | Loss: -12.4128 | Epoch: 868
    Eq theta: 1.00000omega
    Eq omega: 0.015411 + -1.78525theta + -0.00267omega + 0.00118theta^2 + -0.01207theta omega + -0.00455omega^2

--- Chunk 38129 (70/220) | Start: 2025-01-03 23:20:00 ---
    RMSE omega: 0.005828 | RMSE theta: 0.129424 | Loss: -5.3119 | Epoch: 2147
    Eq theta: 1.00000omega
    Eq omega: -0.003831 + 0.00098theta + -0.00332omega + -0.00118theta^2 + 0.00265theta omega + 0.00125omega^2

--- Chunk 38130 (71/220) | Start: 2025-01-03 23:25:00 ---
    RMSE omega: 0.006811 | RMSE theta: 0.247706 | Loss: -0.4511 | Epoch: 1393
    Eq theta: 1.00000omega
    Eq omega: 0.001751 + 0.00060theta + 0.01166omega + -0.00043theta^2 + -0.00065theta omega + -0.00108omega^2

--- Chunk 38131 (72/220) | Start: 2025-01-03 23:30:00 ---
    RMSE omega: 0.005828 | RMSE theta: 0.025365 | Loss: -1.8196 | Epoch: 1592
    Eq theta: 1.00000omega
    Eq omega: -0.007011 + -1.86839theta + 0.01512omega + 1.47398theta^2 + -0.04525theta omega + -0.01221omega^2

--- Chunk 38132 (73/220) | Start: 2025-01-03 23:35:00 ---
    RMSE omega: 0.006995 | RMSE theta: 0.170685 | Loss: -2.0172 | Epoch: 1200
    Eq theta: 1.00000omega
    Eq omega: 0.053421 + -0.61266theta + -0.03003omega + -0.41386theta^2 + 0.00748theta omega + -0.00693omega^2

--- Chunk 38133 (74/220) | Start: 2025-01-03 23:40:00 ---
    RMSE omega: 0.005349 | RMSE theta: 0.064896 | Loss: -1.9103 | Epoch: 772
    Eq theta: 1.00000omega
    Eq omega: 0.007481 + -0.53251theta + -0.07845omega + 0.01438theta^2 + -0.03085theta omega + 0.00321omega^2

--- Chunk 38134 (75/220) | Start: 2025-01-03 23:45:00 ---
    RMSE omega: 0.071114 | RMSE theta: 1.086986 | Loss: 192.2317 | Epoch: 18
    Eq theta: 1.00000omega
    Eq omega: -0.003651 + -0.00115theta + 0.00414omega + -0.00203theta^2 + -0.01051theta omega + -0.00175omega^2

--- Chunk 38135 (76/220) | Start: 2025-01-03 23:50:00 ---
    RMSE omega: 0.005602 | RMSE theta: 0.106190 | Loss: -1.2254 | Epoch: 1424
    Eq theta: 1.00000omega
    Eq omega: 0.001161 + -0.00209theta + 0.00009omega + -0.00065theta^2 + 0.00049theta omega + -0.00041omega^2

--- Chunk 38136 (77/220) | Start: 2025-01-03 23:55:00 ---
    RMSE omega: 0.004708 | RMSE theta: 0.142124 | Loss: -2.2013 | Epoch: 1802
    Eq theta: 1.00000omega
    Eq omega: 0.003541 + -0.00121theta + -0.00004omega + 0.00007theta^2 + 0.00059theta omega + -0.00086omega^2

--- Chunk 38137 (78/220) | Start: 2025-01-04 00:00:00 ---
    RMSE omega: 0.009914 | RMSE theta: 0.400119 | Loss: -142577778762448896.0000 | Epoch: 2852
    Eq theta: 1.00000omega
    Eq omega: -0.000601 + -0.00240theta + 0.00044omega + -0.00005theta^2 + -0.00007theta omega + -0.00012omega^2

--- Chunk 38138 (79/220) | Start: 2025-01-04 00:05:00 ---
    RMSE omega: 0.003438 | RMSE theta: 0.062026 | Loss: -1.6449 | Epoch: 1622
    Eq theta: 1.00000omega
    Eq omega: -0.000151 + 0.00066theta + 0.00056omega + 0.00156theta^2 + 0.00060theta omega + 0.00020omega^2

--- Chunk 38139 (80/220) | Start: 2025-01-04 00:10:00 ---
    RMSE omega: 0.047122 | RMSE theta: 0.606977 | Loss: -184600592.0000 | Epoch: 796
    Eq theta: 1.00000omega
    Eq omega: -0.002911 + -0.00055theta + -0.00026omega + 0.00008theta^2 + 0.00108theta omega + -0.00045omega^2

--- Chunk 38140 (81/220) | Start: 2025-01-04 00:15:00 ---
    RMSE omega: nan | RMSE theta: nan | Loss: 10.1770 | Epoch: 330
    Eq theta: 1.00000omega
    Eq omega: nan1 + nantheta + nanomega + nantheta^2 + nantheta omega + nanomega^2

--- Chunk 38141 (82/220) | Start: 2025-01-04 00:20:00 ---
    RMSE omega: 0.017391 | RMSE theta: 0.607386 | Loss: -123497.5391 | Epoch: 608
    Eq theta: 1.00000omega
    Eq omega: 0.000601 + -0.00028theta + 0.00259omega + -0.00006theta^2 + -0.00006theta omega + 0.00052omega^2

--- Chunk 38142 (83/220) | Start: 2025-01-04 00:25:00 ---
    RMSE omega: 0.005816 | RMSE theta: 0.169730 | Loss: -0.3631 | Epoch: 1280
    Eq theta: 1.00000omega
    Eq omega: 0.001431 + 0.00103theta + -0.00121omega + -0.00002theta^2 + 0.00046theta omega + 0.00083omega^2

--- Chunk 38143 (84/220) | Start: 2025-01-04 00:30:00 ---
    RMSE omega: nan | RMSE theta: nan | Loss: 398.2785 | Epoch: 42
    Eq theta: 1.00000omega
    Eq omega: nan1 + nantheta + nanomega + nantheta^2 + nantheta omega + nanomega^2

--- Chunk 38144 (85/220) | Start: 2025-01-04 00:35:00 ---
    RMSE omega: 0.005415 | RMSE theta: 0.095127 | Loss: -0.8768 | Epoch: 1171
    Eq theta: 1.00000omega
    Eq omega: 0.007581 + -0.57555theta + -0.53664omega + 0.00719theta^2 + 0.01268theta omega + -0.03570omega^2

--- Chunk 38145 (86/220) | Start: 2025-01-04 00:40:00 ---
    RMSE omega: 0.004784 | RMSE theta: 0.145348 | Loss: -3.0084 | Epoch: 1548
    Eq theta: 1.00000omega
    Eq omega: 0.006361 + 0.00706theta + 0.00096omega + -0.00523theta^2 + 0.00731theta omega + 0.04667omega^2

--- Chunk 38146 (87/220) | Start: 2025-01-04 00:45:00 ---
    RMSE omega: 0.004942 | RMSE theta: 0.025775 | Loss: -2.2408 | Epoch: 864
    Eq theta: 1.00000omega
    Eq omega: 0.003131 + -1.95901theta + 0.09356omega + 0.02844theta^2 + -0.08820theta omega + -0.01357omega^2

--- Chunk 38147 (88/220) | Start: 2025-01-04 00:50:00 ---
    RMSE omega: 0.005037 | RMSE theta: 0.133750 | Loss: -2.4374 | Epoch: 1463
    Eq theta: 1.00000omega
    Eq omega: -0.061331 + -0.45358theta + -0.06662omega + 0.16084theta^2 + 0.00226theta omega + -0.17989omega^2

--- Chunk 38148 (89/220) | Start: 2025-01-04 00:55:00 ---
    RMSE omega: 0.004192 | RMSE theta: 0.065334 | Loss: -3.9910 | Epoch: 2246
    Eq theta: 1.00000omega
    Eq omega: 0.002071 + 0.00206theta + 0.00200omega + -0.00001theta^2 + 0.00025theta omega + 0.00053omega^2

--- Chunk 38149 (90/220) | Start: 2025-01-04 01:00:00 ---
    RMSE omega: nan | RMSE theta: nan | Loss: 145.6585 | Epoch: 56
    Eq theta: 1.00000omega
    Eq omega: nan1 + nantheta + nanomega + nantheta^2 + nantheta omega + nanomega^2

--- Chunk 38150 (91/220) | Start: 2025-01-04 01:05:00 ---
    RMSE omega: 0.009750 | RMSE theta: 0.407926 | Loss: -6546.4829 | Epoch: 1762
    Eq theta: 1.00000omega
    Eq omega: -0.000421 + -0.00004theta + -0.00979omega + -0.00005theta^2 + 0.00001theta omega + 0.00006omega^2

--- Chunk 38151 (92/220) | Start: 2025-01-04 01:10:00 ---
    RMSE omega: 0.005883 | RMSE theta: 0.039057 | Loss: -0.6883 | Epoch: 1546
    Eq theta: 1.00000omega
    Eq omega: 0.002591 + 0.00057theta + -0.00020omega + -0.00037theta^2 + 0.00044theta omega + -0.00046omega^2

--- Chunk 38152 (93/220) | Start: 2025-01-04 01:15:00 ---
    RMSE omega: nan | RMSE theta: nan | Loss: 41.4099 | Epoch: 51
    Eq theta: 1.00000omega
    Eq omega: nan1 + nantheta + nanomega + nantheta^2 + nantheta omega + nanomega^2

--- Chunk 38153 (94/220) | Start: 2025-01-04 01:20:00 ---
    RMSE omega: nan | RMSE theta: nan | Loss: 196.5070 | Epoch: 22
    Eq theta: 1.00000omega
    Eq omega: nan1 + nantheta + nanomega + nantheta^2 + nantheta omega + nanomega^2

--- Chunk 38154 (95/220) | Start: 2025-01-04 01:25:00 ---
    RMSE omega: 0.005896 | RMSE theta: 0.205711 | Loss: -1.4361 | Epoch: 1874
    Eq theta: 1.00000omega
    Eq omega: -0.000991 + 0.00139theta + -0.00460omega + 0.00034theta^2 + -0.00009theta omega + 0.00315omega^2

--- Chunk 38155 (96/220) | Start: 2025-01-04 01:30:00 ---
    RMSE omega: 0.006662 | RMSE theta: 0.034348 | Loss: -2.1377 | Epoch: 1568
    Eq theta: 1.00000omega
    Eq omega: 0.000301 + -0.00156theta + 0.00199omega + -0.00021theta^2 + 0.00013theta omega + 0.00036omega^2

--- Chunk 38156 (97/220) | Start: 2025-01-04 01:35:00 ---
    RMSE omega: 0.006451 | RMSE theta: 0.107509 | Loss: -3.1846 | Epoch: 1294
    Eq theta: 1.00000omega
    Eq omega: -0.002781 + 0.00093theta + -0.00614omega + -0.00044theta^2 + 0.00024theta omega + -0.00099omega^2

--- Chunk 38157 (98/220) | Start: 2025-01-04 01:40:00 ---
    RMSE omega: 0.006205 | RMSE theta: 0.164563 | Loss: -3.5393 | Epoch: 1950
    Eq theta: 1.00000omega
    Eq omega: 0.002161 + 0.00035theta + 0.00174omega + -0.00062theta^2 + -0.00053theta omega + -0.00259omega^2

--- Chunk 38158 (99/220) | Start: 2025-01-04 01:45:00 ---
    RMSE omega: 0.006883 | RMSE theta: 0.174819 | Loss: -2.3901 | Epoch: 1478
    Eq theta: 1.00000omega
    Eq omega: -0.025961 + -0.32611theta + -0.01422omega + -0.00937theta^2 + -0.19438theta omega + -0.01274omega^2

--- Chunk 38159 (100/220) | Start: 2025-01-04 01:50:00 ---
    RMSE omega: 0.036053 | RMSE theta: 0.376144 | Loss: -19174.4766 | Epoch: 787
    Eq theta: 1.00000omega
    Eq omega: -0.002101 + -0.00012theta + -0.01116omega + 0.00033theta^2 + -0.00016theta omega + 0.00159omega^2

  [Progress 100/220] Mean RMSE omega: 0.026550 | Mean loss: -29110892941118486370255321956352.0000 | Valid: 83/100 | Elapsed: 41.3min | ETA: 49.6min

--- Chunk 38160 (101/220) | Start: 2025-01-04 01:55:00 ---
    RMSE omega: 0.005440 | RMSE theta: 0.065959 | Loss: -1.6547 | Epoch: 1428
    Eq theta: 1.00000omega
    Eq omega: 0.015141 + -1.30616theta + 0.00253omega + 0.04085theta^2 + 0.01258theta omega + 0.00305omega^2

--- Chunk 38161 (102/220) | Start: 2025-01-04 02:00:00 ---
    RMSE omega: 0.027760 | RMSE theta: 0.254273 | Loss: -5584.8389 | Epoch: 408
    Eq theta: 1.00000omega
    Eq omega: 0.000341 + -0.00507theta + -0.00182omega + 0.00914theta^2 + 0.00213theta omega + 0.00031omega^2

--- Chunk 38162 (103/220) | Start: 2025-01-04 02:05:00 ---
    RMSE omega: 0.012331 | RMSE theta: 0.061744 | Loss: 1.5828 | Epoch: 712
    Eq theta: 1.00000omega
    Eq omega: 0.011001 + -0.04406theta + 0.01525omega + -0.00654theta^2 + 0.00320theta omega + 0.00370omega^2

--- Chunk 38163 (104/220) | Start: 2025-01-04 02:10:00 ---
    RMSE omega: nan | RMSE theta: nan | Loss: 978.2468 | Epoch: 29
    Eq theta: 1.00000omega
    Eq omega: nan1 + nantheta + nanomega + nantheta^2 + nantheta omega + nanomega^2

--- Chunk 38164 (105/220) | Start: 2025-01-04 02:15:00 ---
    RMSE omega: 0.029484 | RMSE theta: 0.148359 | Loss: 24.9557 | Epoch: 76
    Eq theta: 1.00000omega
    Eq omega: 0.011381 + -0.30152theta + 0.00946omega + 0.01193theta^2 + 0.03228theta omega + 0.05739omega^2

--- Chunk 38165 (106/220) | Start: 2025-01-04 02:20:00 ---
    RMSE omega: 0.011097 | RMSE theta: 0.929323 | Loss: 0.3991 | Epoch: 2012
    Eq theta: 1.00000omega
    Eq omega: 0.000891 + -0.00005theta + -0.00262omega + -0.00020theta^2 + 0.00037theta omega + 0.00078omega^2

--- Chunk 38166 (107/220) | Start: 2025-01-04 02:25:00 ---
    RMSE omega: 0.008679 | RMSE theta: 0.584094 | Loss: 1.0585 | Epoch: 1644
    Eq theta: 1.00000omega
    Eq omega: -0.002461 + -0.04055theta + -0.00368omega + 0.00057theta^2 + -0.00025theta omega + 0.00176omega^2

--- Chunk 38167 (108/220) | Start: 2025-01-04 02:30:00 ---
    RMSE omega: 0.006119 | RMSE theta: 0.077732 | Loss: -1.3955 | Epoch: 1709
    Eq theta: 1.00000omega
    Eq omega: 0.001561 + -0.00271theta + -0.00489omega + 0.00054theta^2 + 0.00112theta omega + -0.00186omega^2

--- Chunk 38168 (109/220) | Start: 2025-01-04 02:35:00 ---
    RMSE omega: 0.009827 | RMSE theta: 0.288226 | Loss: -29.7651 | Epoch: 1312
    Eq theta: 1.00000omega
    Eq omega: 0.000531 + -0.00584theta + 0.00117omega + -0.00067theta^2 + 0.00004theta omega + 0.00516omega^2

--- Chunk 38169 (110/220) | Start: 2025-01-04 02:40:00 ---
    RMSE omega: 0.054142 | RMSE theta: 0.692689 | Loss: -523232.3750 | Epoch: 1155
    Eq theta: 1.00000omega
    Eq omega: 0.000031 + -0.00048theta + -0.00006omega + 0.00000theta^2 + -0.00007theta omega + 0.00019omega^2

--- Chunk 38170 (111/220) | Start: 2025-01-04 02:45:00 ---
    RMSE omega: nan | RMSE theta: nan | Loss: 203.2110 | Epoch: 25
    Eq theta: 1.00000omega
    Eq omega: nan1 + nantheta + nanomega + nantheta^2 + nantheta omega + nanomega^2

--- Chunk 38171 (112/220) | Start: 2025-01-04 02:50:00 ---
    RMSE omega: 0.005381 | RMSE theta: 0.108826 | Loss: -1.7621 | Epoch: 1408
    Eq theta: 1.00000omega
    Eq omega: 0.002551 + -0.00044theta + 0.00898omega + -0.00029theta^2 + -0.00241theta omega + 0.00422omega^2

--- Chunk 38172 (113/220) | Start: 2025-01-04 03:00:00 ---
    RMSE omega: 0.004876 | RMSE theta: 0.058214 | Loss: -728.8732 | Epoch: 2108
    Eq theta: 1.00000omega
    Eq omega: 0.005951 + -0.06783theta + -0.01877omega + 0.00014theta^2 + -0.00064theta omega + 0.00049omega^2

--- Chunk 38173 (114/220) | Start: 2025-01-04 03:05:00 ---
    RMSE omega: 0.005449 | RMSE theta: 0.116480 | Loss: -2.8251 | Epoch: 1302
    Eq theta: 1.00000omega
    Eq omega: -0.008911 + -0.88570theta + -0.02269omega + 0.01289theta^2 + -0.06650theta omega + 0.00441omega^2

--- Chunk 38174 (115/220) | Start: 2025-01-04 03:10:00 ---
    RMSE omega: 0.005553 | RMSE theta: 0.069112 | Loss: -1.9156 | Epoch: 1616
    Eq theta: 1.00000omega
    Eq omega: 0.001071 + -0.40535theta + -0.00244omega + -0.01450theta^2 + -0.36129theta omega + 0.00229omega^2

--- Chunk 38175 (116/220) | Start: 2025-01-04 03:15:00 ---
    RMSE omega: 0.006955 | RMSE theta: 0.253592 | Loss: -1.7884 | Epoch: 1088
    Eq theta: 1.00000omega
    Eq omega: 0.003251 + -0.00094theta + -0.00171omega + 0.00009theta^2 + 0.00004theta omega + 0.00094omega^2

--- Chunk 38176 (117/220) | Start: 2025-01-04 03:20:00 ---
    RMSE omega: 0.006282 | RMSE theta: 0.287490 | Loss: -7283.9980 | Epoch: 1557
    Eq theta: 1.00000omega
    Eq omega: -0.002801 + -0.00060theta + 0.00273omega + -0.00011theta^2 + -0.00315theta omega + 0.00040omega^2

--- Chunk 38177 (118/220) | Start: 2025-01-04 03:25:00 ---
    RMSE omega: 0.005356 | RMSE theta: 0.049291 | Loss: -1.9079 | Epoch: 2271
    Eq theta: 1.00000omega
    Eq omega: -0.028361 + -0.74997theta + -0.00235omega + -0.00818theta^2 + -0.03454theta omega + 0.01749omega^2

--- Chunk 38178 (119/220) | Start: 2025-01-04 03:30:00 ---
    RMSE omega: 0.004087 | RMSE theta: 0.038392 | Loss: -2.5706 | Epoch: 1098
    Eq theta: 1.00000omega
    Eq omega: -0.006891 + -1.41921theta + -0.01221omega + -0.00014theta^2 + -0.01051theta omega + 0.01361omega^2

--- Chunk 38179 (120/220) | Start: 2025-01-04 03:35:00 ---
    RMSE omega: nan | RMSE theta: nan | Loss: 14431.1719 | Epoch: 5
    Eq theta: 1.00000omega
    Eq omega: nan1 + nantheta + nanomega + nantheta^2 + nantheta omega + nanomega^2

--- Chunk 38180 (121/220) | Start: 2025-01-04 03:40:00 ---
    RMSE omega: 0.024134 | RMSE theta: 0.280620 | Loss: 28.2247 | Epoch: 43
    Eq theta: 1.00000omega
    Eq omega: -0.000101 + -0.00299theta + 0.00088omega + 0.00075theta^2 + -0.00070theta omega + -0.00056omega^2

--- Chunk 38181 (122/220) | Start: 2025-01-04 03:45:00 ---
    RMSE omega: 0.027435 | RMSE theta: 1.563102 | Loss: -67387466077943889622305079296.0000 | Epoch: 1938
    Eq theta: 1.00000omega
    Eq omega: 0.023331 + 0.00164theta + -0.00713omega + -0.00450theta^2 + -0.00185theta omega + -0.00025omega^2

--- Chunk 38182 (123/220) | Start: 2025-01-04 03:50:00 ---
    RMSE omega: 0.007159 | RMSE theta: 0.235992 | Loss: -7.2873 | Epoch: 1570
    Eq theta: 1.00000omega
    Eq omega: -0.034571 + -0.64584theta + -0.05638omega + 0.47905theta^2 + 0.02271theta omega + -0.50091omega^2

--- Chunk 38183 (124/220) | Start: 2025-01-04 03:55:00 ---
    RMSE omega: 0.005955 | RMSE theta: 0.085410 | Loss: -1.7303 | Epoch: 1695
    Eq theta: 1.00000omega
    Eq omega: 0.001661 + 0.00076theta + -0.00638omega + 0.00211theta^2 + -0.00006theta omega + -0.01617omega^2

--- Chunk 38184 (125/220) | Start: 2025-01-04 04:00:00 ---
    RMSE omega: 0.005640 | RMSE theta: 0.088871 | Loss: -2.7762 | Epoch: 1440
    Eq theta: 1.00000omega
    Eq omega: 0.017541 + -0.42636theta + 0.01780omega + 0.00004theta^2 + 0.00857theta omega + 0.01065omega^2

--- Chunk 38185 (126/220) | Start: 2025-01-04 04:05:00 ---
    RMSE omega: 0.006397 | RMSE theta: 0.275790 | Loss: -2.0353 | Epoch: 1872
    Eq theta: 1.00000omega
    Eq omega: -0.001651 + -0.00161theta + 0.00148omega + 0.00022theta^2 + -0.00025theta omega + 0.00012omega^2

--- Chunk 38186 (127/220) | Start: 2025-01-04 04:10:00 ---
    RMSE omega: 0.023691 | RMSE theta: 0.136471 | Loss: -2911.3572 | Epoch: 1567
    Eq theta: 1.00000omega
    Eq omega: 0.071251 + -0.15347theta + 0.00521omega + 0.01728theta^2 + -0.00138theta omega + -0.07206omega^2

--- Chunk 38187 (128/220) | Start: 2025-01-04 04:15:00 ---
    RMSE omega: 0.040797 | RMSE theta: 0.381300 | Loss: 172.9882 | Epoch: 28
    Eq theta: 1.00000omega
    Eq omega: -0.018371 + -0.04744theta + 0.02109omega + 0.01258theta^2 + -0.01319theta omega + -0.00436omega^2

--- Chunk 38188 (129/220) | Start: 2025-01-04 04:20:00 ---
    RMSE omega: 0.008077 | RMSE theta: 0.397518 | Loss: 3.6136 | Epoch: 1254
    Eq theta: 1.00000omega
    Eq omega: -0.000391 + -0.00012theta + -0.00070omega + -0.00002theta^2 + 0.00031theta omega + 0.00018omega^2

--- Chunk 38189 (130/220) | Start: 2025-01-04 04:25:00 ---
    RMSE omega: 0.007855 | RMSE theta: 0.174738 | Loss: -2.4437 | Epoch: 1848
    Eq theta: 1.00000omega
    Eq omega: -0.006461 + -0.06124theta + -0.01247omega + 0.00407theta^2 + -0.00450theta omega + -0.00020omega^2

--- Chunk 38190 (131/220) | Start: 2025-01-04 04:30:00 ---
    RMSE omega: 0.006086 | RMSE theta: 0.099390 | Loss: -5.9579 | Epoch: 863
    Eq theta: 1.00000omega
    Eq omega: 0.040421 + -1.50215theta + -0.00037omega + -0.34980theta^2 + 0.55448theta omega + 0.07861omega^2

--- Chunk 38191 (132/220) | Start: 2025-01-04 04:35:00 ---
    RMSE omega: nan | RMSE theta: nan | Loss: 51.0028 | Epoch: 59
    Eq theta: 1.00000omega
    Eq omega: nan1 + nantheta + nanomega + nantheta^2 + nantheta omega + nanomega^2

--- Chunk 38192 (133/220) | Start: 2025-01-04 04:40:00 ---
    RMSE omega: 0.009444 | RMSE theta: 0.196753 | Loss: -3.1899 | Epoch: 693
    Eq theta: 1.00000omega
    Eq omega: -0.005321 + -0.65658theta + -0.00039omega + 0.00476theta^2 + -0.00515theta omega + -0.04961omega^2

--- Chunk 38193 (134/220) | Start: 2025-01-04 04:45:00 ---
    RMSE omega: 0.008098 | RMSE theta: 0.394108 | Loss: -1.7665 | Epoch: 2024
    Eq theta: 1.00000omega
    Eq omega: -0.001611 + -0.00165theta + -0.00101omega + -0.00121theta^2 + 0.00227theta omega + -0.00113omega^2

--- Chunk 38194 (135/220) | Start: 2025-01-04 04:50:00 ---
    RMSE omega: 0.006556 | RMSE theta: 0.127511 | Loss: -1.8157 | Epoch: 992
    Eq theta: 1.00000omega
    Eq omega: 0.004151 + -0.52682theta + -0.00442omega + -0.00146theta^2 + 0.00260theta omega + -0.01496omega^2

--- Chunk 38195 (136/220) | Start: 2025-01-04 04:55:00 ---
    RMSE omega: 0.003952 | RMSE theta: 0.027106 | Loss: -1.7281 | Epoch: 1650
    Eq theta: 1.00000omega
    Eq omega: 0.783321 + -2.44793theta + 0.07998omega + 0.98477theta^2 + 1.14965theta omega + -0.82945omega^2

--- Chunk 38196 (137/220) | Start: 2025-01-04 05:00:00 ---
    RMSE omega: nan | RMSE theta: nan | Loss: 60.1663 | Epoch: 83
    Eq theta: 1.00000omega
    Eq omega: nan1 + nantheta + nanomega + nantheta^2 + nantheta omega + nanomega^2

--- Chunk 38197 (138/220) | Start: 2025-01-04 05:05:00 ---
    RMSE omega: 0.005211 | RMSE theta: 0.099351 | Loss: -2.7760 | Epoch: 1364
    Eq theta: 1.00000omega
    Eq omega: -0.001421 + 0.00076theta + -0.00090omega + 0.00024theta^2 + 0.00010theta omega + -0.00184omega^2

--- Chunk 38198 (139/220) | Start: 2025-01-04 05:10:00 ---
    RMSE omega: 0.005943 | RMSE theta: 0.367632 | Loss: -1.1655 | Epoch: 2415
    Eq theta: 1.00000omega
    Eq omega: -0.002711 + 0.00115theta + 0.00176omega + 0.00092theta^2 + 0.00043theta omega + 0.00007omega^2

--- Chunk 38199 (140/220) | Start: 2025-01-04 05:15:00 ---
    RMSE omega: 0.009666 | RMSE theta: 0.426580 | Loss: 8.1111 | Epoch: 1661
    Eq theta: 1.00000omega
    Eq omega: 0.001071 + -0.00016theta + 0.00113omega + -0.00003theta^2 + 0.00015theta omega + -0.00117omega^2

--- Chunk 38200 (141/220) | Start: 2025-01-04 05:20:00 ---
    RMSE omega: 0.009306 | RMSE theta: 0.327177 | Loss: 1.7063 | Epoch: 2288
    Eq theta: 1.00000omega
    Eq omega: 0.000321 + -0.00016theta + 0.00190omega + -0.00008theta^2 + 0.00005theta omega + -0.00109omega^2

--- Chunk 38201 (142/220) | Start: 2025-01-04 05:25:00 ---
    RMSE omega: 0.005606 | RMSE theta: 0.167322 | Loss: -1.7078 | Epoch: 2213
    Eq theta: 1.00000omega
    Eq omega: 0.000911 + -0.00180theta + -0.00230omega + -0.00017theta^2 + -0.00180theta omega + 0.00125omega^2

--- Chunk 38202 (143/220) | Start: 2025-01-04 05:30:00 ---
    RMSE omega: 0.005410 | RMSE theta: 0.139042 | Loss: -2.0648 | Epoch: 1545
    Eq theta: 1.00000omega
    Eq omega: 0.001791 + -0.00022theta + -0.00128omega + -0.00022theta^2 + 0.00210theta omega + 0.00035omega^2

--- Chunk 38203 (144/220) | Start: 2025-01-04 05:35:00 ---
    RMSE omega: 0.018937 | RMSE theta: 0.347192 | Loss: -22729.8672 | Epoch: 898
    Eq theta: 1.00000omega
    Eq omega: 0.002171 + -0.00493theta + 0.01595omega + 0.00706theta^2 + 0.00120theta omega + 0.00268omega^2

--- Chunk 38204 (145/220) | Start: 2025-01-04 05:40:00 ---
    RMSE omega: 0.004581 | RMSE theta: 0.061007 | Loss: -2.1044 | Epoch: 1264
    Eq theta: 1.00000omega
    Eq omega: 0.001061 + -0.00112theta + -0.00341omega + 0.00176theta^2 + 0.00263theta omega + -0.00316omega^2

--- Chunk 38205 (146/220) | Start: 2025-01-04 05:45:00 ---
    RMSE omega: 0.004406 | RMSE theta: 0.033036 | Loss: -1.4061 | Epoch: 1140
    Eq theta: 1.00000omega
    Eq omega: -0.000431 + -0.00009theta + -0.00158omega + -0.00026theta^2 + -0.00016theta omega + -0.00029omega^2

--- Chunk 38206 (147/220) | Start: 2025-01-04 05:50:00 ---
    RMSE omega: 0.032713 | RMSE theta: 0.554228 | Loss: -167827.1250 | Epoch: 822
    Eq theta: 1.00000omega
    Eq omega: -0.000141 + 0.00068theta + 0.00080omega + -0.00101theta^2 + -0.00011theta omega + 0.00178omega^2

--- Chunk 38207 (148/220) | Start: 2025-01-04 05:55:00 ---
    RMSE omega: 0.045361 | RMSE theta: 0.701759 | Loss: -1524.8823 | Epoch: 579
    Eq theta: 1.00000omega
    Eq omega: -0.001601 + 0.00036theta + -0.00139omega + 0.00087theta^2 + 0.00011theta omega + -0.00070omega^2

--- Chunk 38208 (149/220) | Start: 2025-01-04 06:00:00 ---
    RMSE omega: 0.056068 | RMSE theta: 0.724661 | Loss: 255.5065 | Epoch: 52
    Eq theta: 1.00000omega
    Eq omega: -0.003881 + -0.00430theta + -0.00232omega + 0.00013theta^2 + -0.00113theta omega + -0.00082omega^2

--- Chunk 38209 (150/220) | Start: 2025-01-04 06:05:00 ---
    RMSE omega: 0.013983 | RMSE theta: 0.619624 | Loss: 2.9032 | Epoch: 1154
    Eq theta: 1.00000omega
    Eq omega: -0.001061 + -0.21947theta + -0.02339omega + 0.00130theta^2 + -0.00081theta omega + -0.00073omega^2

  [Progress 150/220] Mean RMSE omega: 0.022039 | Mean loss: -19407711210519511260010303717376.0000 | Valid: 128/150 | Elapsed: 63.2min | ETA: 29.5min

--- Chunk 38210 (151/220) | Start: 2025-01-04 06:10:00 ---
    RMSE omega: 0.093733 | RMSE theta: 2.352638 | Loss: -689891840.0000 | Epoch: 1170
    Eq theta: 1.00000omega
    Eq omega: -0.008411 + -0.45065theta + -0.00527omega + 0.01428theta^2 + 0.00417theta omega + -0.00341omega^2

--- Chunk 38211 (152/220) | Start: 2025-01-04 06:15:00 ---
    RMSE omega: nan | RMSE theta: nan | Loss: -32692792840945664.0000 | Epoch: 1220
    Eq theta: 1.00000omega
    Eq omega: nan1 + nantheta + nanomega + nantheta^2 + nantheta omega + nanomega^2

--- Chunk 38212 (153/220) | Start: 2025-01-04 06:20:00 ---
    RMSE omega: nan | RMSE theta: nan | Loss: 270.5219 | Epoch: 28
    Eq theta: 1.00000omega
    Eq omega: nan1 + nantheta + nanomega + nantheta^2 + nantheta omega + nanomega^2

--- Chunk 38213 (154/220) | Start: 2025-01-04 06:25:00 ---
    RMSE omega: nan | RMSE theta: nan | Loss: 52.1329 | Epoch: 41
    Eq theta: 1.00000omega
    Eq omega: nan1 + nantheta + nanomega + nantheta^2 + nantheta omega + nanomega^2

--- Chunk 38214 (155/220) | Start: 2025-01-04 06:30:00 ---
    RMSE omega: 0.005481 | RMSE theta: 0.082085 | Loss: -2.7661 | Epoch: 1225
    Eq theta: 1.00000omega
    Eq omega: 0.002121 + -0.00239theta + 0.00107omega + -0.00089theta^2 + 0.00103theta omega + 0.00337omega^2

--- Chunk 38215 (156/220) | Start: 2025-01-04 06:35:00 ---
    RMSE omega: 0.036548 | RMSE theta: 0.581584 | Loss: 78.8398 | Epoch: 348
    Eq theta: 1.00000omega
    Eq omega: 0.004631 + 0.00025theta + 0.02034omega + -0.00071theta^2 + -0.00336theta omega + 0.00117omega^2

--- Chunk 38216 (157/220) | Start: 2025-01-04 06:40:00 ---
    RMSE omega: 0.718964 | RMSE theta: 11.533878 | Loss: -20274695110656.0000 | Epoch: 1710
    Eq theta: 1.00000omega
    Eq omega: 0.074321 + -0.45798theta + -0.03425omega + -0.06970theta^2 + 0.01117theta omega + -0.00725omega^2

--- Chunk 38217 (158/220) | Start: 2025-01-04 06:45:00 ---
    RMSE omega: 0.004351 | RMSE theta: 0.119234 | Loss: -0.8805 | Epoch: 1542
    Eq theta: 1.00000omega
    Eq omega: 0.361561 + -0.01735theta + 0.00804omega + -0.00009theta^2 + 0.00043theta omega + 0.00353omega^2

--- Chunk 38218 (159/220) | Start: 2025-01-04 06:50:00 ---
    RMSE omega: nan | RMSE theta: nan | Loss: 39.8229 | Epoch: 46
    Eq theta: 1.00000omega
    Eq omega: nan1 + nantheta + nanomega + nantheta^2 + nantheta omega + nanomega^2

--- Chunk 38219 (160/220) | Start: 2025-01-04 06:55:00 ---
    RMSE omega: 0.004677 | RMSE theta: 0.049431 | Loss: -2.3647 | Epoch: 1629
    Eq theta: 1.00000omega
    Eq omega: -0.051291 + -1.16424theta + 0.13524omega + 0.01317theta^2 + -0.77177theta omega + -0.02246omega^2

--- Chunk 38220 (161/220) | Start: 2025-01-04 07:00:00 ---
    RMSE omega: 0.008287 | RMSE theta: 0.379008 | Loss: 2.0965 | Epoch: 1854
    Eq theta: 1.00000omega
    Eq omega: 0.001331 + -0.00060theta + -0.01322omega + 0.00000theta^2 + -0.00005theta omega + -0.00001omega^2

--- Chunk 38221 (162/220) | Start: 2025-01-04 07:05:00 ---
    RMSE omega: 0.005505 | RMSE theta: 0.107894 | Loss: -2.1601 | Epoch: 2347
    Eq theta: 1.00000omega
    Eq omega: -0.001411 + 0.00164theta + -0.00263omega + -0.00089theta^2 + -0.00085theta omega + 0.00058omega^2

--- Chunk 38222 (163/220) | Start: 2025-01-04 07:10:00 ---
    RMSE omega: 0.004610 | RMSE theta: 0.191725 | Loss: -11.4496 | Epoch: 1143
    Eq theta: 1.00000omega
    Eq omega: 0.014371 + -1.48821theta + -0.02193omega + 0.21616theta^2 + -0.10472theta omega + 0.02175omega^2

--- Chunk 38223 (164/220) | Start: 2025-01-04 07:15:00 ---
    RMSE omega: 0.005571 | RMSE theta: 0.175186 | Loss: -2.1301 | Epoch: 1514
    Eq theta: 1.00000omega
    Eq omega: -0.000751 + 0.00063theta + 0.00521omega + 0.00031theta^2 + -0.00033theta omega + 0.00057omega^2

--- Chunk 38224 (165/220) | Start: 2025-01-04 07:20:00 ---
    RMSE omega: nan | RMSE theta: nan | Loss: 127.8099 | Epoch: 76
    Eq theta: 1.00000omega
    Eq omega: nan1 + nantheta + nanomega + nantheta^2 + nantheta omega + nanomega^2

--- Chunk 38225 (166/220) | Start: 2025-01-04 07:25:00 ---
    RMSE omega: 0.007300 | RMSE theta: 0.319197 | Loss: 7.6259 | Epoch: 1422
    Eq theta: 1.00000omega
    Eq omega: -0.001681 + -0.00044theta + -0.00060omega + -0.00000theta^2 + -0.00002theta omega + -0.00068omega^2

--- Chunk 38226 (167/220) | Start: 2025-01-04 07:30:00 ---
    RMSE omega: 0.009386 | RMSE theta: 1.302665 | Loss: -1450041344.0000 | Epoch: 1932
    Eq theta: 1.00000omega
    Eq omega: 0.001101 + -0.00102theta + -0.00094omega + 0.00001theta^2 + 0.00017theta omega + -0.00041omega^2

--- Chunk 38227 (168/220) | Start: 2025-01-04 07:35:00 ---
    RMSE omega: 0.010902 | RMSE theta: 0.102576 | Loss: 2.3621 | Epoch: 2604
    Eq theta: 1.00000omega
    Eq omega: 0.000911 + -0.00101theta + -0.00251omega + -0.00019theta^2 + -0.00031theta omega + -0.00654omega^2

--- Chunk 38228 (169/220) | Start: 2025-01-04 07:40:00 ---
    RMSE omega: 0.032424 | RMSE theta: 0.791541 | Loss: -151789.5469 | Epoch: 1027
    Eq theta: 1.00000omega
    Eq omega: -0.003191 + -0.00058theta + -0.00115omega + 0.00001theta^2 + -0.00006theta omega + 0.00006omega^2

--- Chunk 38229 (170/220) | Start: 2025-01-04 07:45:00 ---
    RMSE omega: nan | RMSE theta: nan | Loss: 225.5467 | Epoch: 23
    Eq theta: 1.00000omega
    Eq omega: nan1 + nantheta + nanomega + nantheta^2 + nantheta omega + nanomega^2

--- Chunk 38230 (171/220) | Start: 2025-01-04 07:50:00 ---
    RMSE omega: 0.006678 | RMSE theta: 0.200767 | Loss: -2.6970 | Epoch: 1459
    Eq theta: 1.00000omega
    Eq omega: 0.011371 + -0.00447theta + -0.00625omega + 0.00134theta^2 + -0.00441theta omega + 0.00417omega^2

--- Chunk 38231 (172/220) | Start: 2025-01-04 07:55:00 ---
    RMSE omega: 0.025191 | RMSE theta: 1.047408 | Loss: -929569502658560.0000 | Epoch: 2495
    Eq theta: 1.00000omega
    Eq omega: -0.012081 + -0.02716theta + -0.00180omega + -0.03513theta^2 + -0.00415theta omega + 0.00111omega^2

--- Chunk 38232 (173/220) | Start: 2025-01-04 08:00:00 ---
    RMSE omega: 0.005925 | RMSE theta: 0.133045 | Loss: -1.3808 | Epoch: 1507
    Eq theta: 1.00000omega
    Eq omega: 0.015311 + -0.39741theta + -0.00958omega + 0.00069theta^2 + -0.03044theta omega + 0.00253omega^2

--- Chunk 38233 (174/220) | Start: 2025-01-04 08:05:00 ---
    RMSE omega: 0.007266 | RMSE theta: 0.037321 | Loss: 1.1215 | Epoch: 1568
    Eq theta: 1.00000omega
    Eq omega: 0.003491 + -0.00017theta + 0.00363omega + -0.00020theta^2 + -0.00027theta omega + 0.00060omega^2

--- Chunk 38234 (175/220) | Start: 2025-01-04 08:10:00 ---
    RMSE omega: 0.007121 | RMSE theta: 0.460536 | Loss: -11237734.0000 | Epoch: 1865
    Eq theta: 1.00000omega
    Eq omega: -0.002961 + 0.00182theta + -0.00551omega + 0.00056theta^2 + 0.00035theta omega + -0.00112omega^2

--- Chunk 38235 (176/220) | Start: 2025-01-04 08:15:00 ---
    RMSE omega: nan | RMSE theta: nan | Loss: -6095660879233628407568164454400.0000 | Epoch: 2264
    Eq theta: 1.00000omega
    Eq omega: nan1 + nantheta + nanomega + nantheta^2 + nantheta omega + nanomega^2

--- Chunk 38236 (177/220) | Start: 2025-01-04 08:20:00 ---
    RMSE omega: nan | RMSE theta: nan | Loss: 83.6465 | Epoch: 25
    Eq theta: 1.00000omega
    Eq omega: nan1 + nantheta + nanomega + nantheta^2 + nantheta omega + nanomega^2

--- Chunk 38237 (178/220) | Start: 2025-01-04 08:25:00 ---
    RMSE omega: nan | RMSE theta: nan | Loss: -3621363316993032192.0000 | Epoch: 877
    Eq theta: 1.00000omega
    Eq omega: nan1 + nantheta + nanomega + nantheta^2 + nantheta omega + nanomega^2

--- Chunk 38238 (179/220) | Start: 2025-01-04 08:30:00 ---
    RMSE omega: 0.031167 | RMSE theta: 0.549900 | Loss: 62.1462 | Epoch: 51
    Eq theta: 1.00000omega
    Eq omega: 0.019961 + -0.00200theta + 0.00195omega + -0.00333theta^2 + -0.00091theta omega + -0.00017omega^2

--- Chunk 38239 (180/220) | Start: 2025-01-04 08:35:00 ---
    RMSE omega: 0.008416 | RMSE theta: 0.711232 | Loss: -1745.0079 | Epoch: 2000
    Eq theta: 1.00000omega
    Eq omega: 0.004281 + -0.00012theta + -0.00073omega + -0.00008theta^2 + -0.00001theta omega + 0.00079omega^2

--- Chunk 38240 (181/220) | Start: 2025-01-04 08:40:00 ---
    RMSE omega: 0.003905 | RMSE theta: 0.020552 | Loss: -0.7882 | Epoch: 1667
    Eq theta: 1.00000omega
    Eq omega: -0.004391 + -0.00202theta + -0.00078omega + 0.00075theta^2 + 0.00120theta omega + -0.00205omega^2

--- Chunk 38241 (182/220) | Start: 2025-01-04 08:45:00 ---
    RMSE omega: 0.005239 | RMSE theta: 0.166727 | Loss: -7.5835 | Epoch: 1758
    Eq theta: 1.00000omega
    Eq omega: 0.001221 + -0.01697theta + 0.00032omega + 0.00332theta^2 + -0.00070theta omega + -0.00259omega^2

--- Chunk 38242 (183/220) | Start: 2025-01-04 08:50:00 ---
    RMSE omega: nan | RMSE theta: nan | Loss: -1146480787020023138634170368.0000 | Epoch: 2759
    Eq theta: 1.00000omega
    Eq omega: nan1 + nantheta + nanomega + nantheta^2 + nantheta omega + nanomega^2

--- Chunk 38243 (184/220) | Start: 2025-01-04 08:55:00 ---
    RMSE omega: 0.003951 | RMSE theta: 0.071104 | Loss: -1.2992 | Epoch: 1337
    Eq theta: 1.00000omega
    Eq omega: 0.001331 + 0.00084theta + -0.00011omega + 0.00035theta^2 + 0.00057theta omega + -0.00686omega^2

--- Chunk 38244 (185/220) | Start: 2025-01-04 09:00:00 ---
    RMSE omega: 0.003828 | RMSE theta: 0.031620 | Loss: -2.3884 | Epoch: 1517
    Eq theta: 1.00000omega
    Eq omega: 0.007471 + -0.00309theta + -0.00070omega + -0.00248theta^2 + 0.00051theta omega + -0.00126omega^2

--- Chunk 38245 (186/220) | Start: 2025-01-04 09:05:00 ---
    RMSE omega: 0.005766 | RMSE theta: 0.179460 | Loss: -0.0599 | Epoch: 1185
    Eq theta: 1.00000omega
    Eq omega: 0.002471 + -0.00014theta + -0.00122omega + -0.00008theta^2 + 0.00004theta omega + 0.00028omega^2

--- Chunk 38246 (187/220) | Start: 2025-01-04 09:10:00 ---
    RMSE omega: 0.040556 | RMSE theta: 0.295349 | Loss: 85.0386 | Epoch: 81
    Eq theta: 1.00000omega
    Eq omega: 0.001621 + -0.07657theta + -0.00610omega + -0.00504theta^2 + -0.01816theta omega + -0.00481omega^2

--- Chunk 38247 (188/220) | Start: 2025-01-04 09:15:00 ---
    RMSE omega: 0.004953 | RMSE theta: 0.178456 | Loss: -0.4656 | Epoch: 2035
    Eq theta: 1.00000omega
    Eq omega: 0.002871 + 0.00034theta + 0.00053omega + -0.00005theta^2 + 0.00082theta omega + -0.00019omega^2

--- Chunk 38248 (189/220) | Start: 2025-01-04 09:20:00 ---
    RMSE omega: 0.004977 | RMSE theta: 0.098512 | Loss: -1.1677 | Epoch: 1274
    Eq theta: 1.00000omega
    Eq omega: -0.000081 + 0.00009theta + 0.01738omega + 0.00226theta^2 + 0.00024theta omega + 0.00019omega^2

--- Chunk 38249 (190/220) | Start: 2025-01-04 09:25:00 ---
    RMSE omega: 0.063767 | RMSE theta: 1.346647 | Loss: 780.9638 | Epoch: 29
    Eq theta: 1.00000omega
    Eq omega: 0.003291 + -0.00072theta + 0.00170omega + -0.00000theta^2 + -0.00024theta omega + 0.00077omega^2

--- Chunk 38250 (191/220) | Start: 2025-01-04 09:30:00 ---
    RMSE omega: 0.004764 | RMSE theta: 0.087446 | Loss: -1.5443 | Epoch: 1922
    Eq theta: 1.00000omega
    Eq omega: 0.012111 + -0.06161theta + 0.01127omega + -0.13518theta^2 + 0.00667theta omega + -0.01688omega^2

--- Chunk 38251 (192/220) | Start: 2025-01-04 09:35:00 ---
    RMSE omega: 0.014495 | RMSE theta: 0.414776 | Loss: -901153.4375 | Epoch: 1252
    Eq theta: 1.00000omega
    Eq omega: 0.007761 + -1.35923theta + -0.00297omega + -0.01404theta^2 + 0.05616theta omega + -0.00169omega^2

--- Chunk 38252 (193/220) | Start: 2025-01-04 09:40:00 ---
    RMSE omega: 0.006820 | RMSE theta: 0.135869 | Loss: -1.3144 | Epoch: 1067
    Eq theta: 1.00000omega
    Eq omega: 0.004021 + 0.00011theta + -0.00052omega + 0.00016theta^2 + -0.00057theta omega + -0.00008omega^2

--- Chunk 38253 (194/220) | Start: 2025-01-04 09:45:00 ---
    RMSE omega: 0.167861 | RMSE theta: 3.014652 | Loss: -13731130.0000 | Epoch: 1120
    Eq theta: 1.00000omega
    Eq omega: -0.005141 + -0.45808theta + 0.00286omega + 0.00573theta^2 + -0.00204theta omega + -0.00065omega^2

--- Chunk 38254 (195/220) | Start: 2025-01-04 09:50:00 ---
    RMSE omega: 0.037991 | RMSE theta: 1.003536 | Loss: -144728.0000 | Epoch: 734
    Eq theta: 1.00000omega
    Eq omega: -0.004621 + -0.00047theta + 0.00071omega + -0.00019theta^2 + -0.00007theta omega + -0.00134omega^2

--- Chunk 38255 (196/220) | Start: 2025-01-04 09:55:00 ---
    RMSE omega: 0.004664 | RMSE theta: 0.108940 | Loss: -3.5704 | Epoch: 1758
    Eq theta: 1.00000omega
    Eq omega: 0.000561 + 0.00004theta + -0.00246omega + -0.00082theta^2 + -0.00259theta omega + 0.00053omega^2

--- Chunk 38256 (197/220) | Start: 2025-01-04 10:00:00 ---
    RMSE omega: 0.005093 | RMSE theta: 0.140140 | Loss: -1.1748 | Epoch: 1821
    Eq theta: 1.00000omega
    Eq omega: 0.001021 + 0.00024theta + -0.00347omega + -0.00012theta^2 + -0.00035theta omega + 0.00074omega^2

--- Chunk 38257 (198/220) | Start: 2025-01-04 10:05:00 ---
    RMSE omega: 0.004620 | RMSE theta: 0.089992 | Loss: -1.3455 | Epoch: 1495
    Eq theta: 1.00000omega
    Eq omega: 0.001191 + -0.00528theta + -0.00021omega + 0.00036theta^2 + -0.00041theta omega + 0.00076omega^2

--- Chunk 38258 (199/220) | Start: 2025-01-04 10:10:00 ---
    RMSE omega: 0.003814 | RMSE theta: 0.063032 | Loss: -1.7247 | Epoch: 1232
    Eq theta: 1.00000omega
    Eq omega: -0.005071 + -0.00132theta + -0.00022omega + 0.00001theta^2 + -0.00127theta omega + -0.00129omega^2

--- Chunk 38259 (200/220) | Start: 2025-01-04 10:15:00 ---
    RMSE omega: nan | RMSE theta: nan | Loss: 475.3297 | Epoch: 32
    Eq theta: 1.00000omega
    Eq omega: nan1 + nantheta + nanomega + nantheta^2 + nantheta omega + nanomega^2

  [Progress 200/220] Mean RMSE omega: 0.025434 | Mean loss: -14586267444689754521415786168320.0000 | Valid: 167/200 | Elapsed: 86.2min | ETA: 8.6min

--- Chunk 38260 (201/220) | Start: 2025-01-04 10:20:00 ---
    RMSE omega: 0.007433 | RMSE theta: 0.050896 | Loss: 2.3650 | Epoch: 214
    Eq theta: 1.00000omega
    Eq omega: -0.003261 + -0.15191theta + 0.01865omega + 0.01174theta^2 + -0.00103theta omega + -0.00056omega^2

--- Chunk 38261 (202/220) | Start: 2025-01-04 10:25:00 ---
    RMSE omega: nan | RMSE theta: nan | Loss: -201681974773940224.0000 | Epoch: 1215
    Eq theta: 1.00000omega
    Eq omega: nan1 + nantheta + nanomega + nantheta^2 + nantheta omega + nanomega^2

--- Chunk 38262 (203/220) | Start: 2025-01-04 10:30:00 ---
    RMSE omega: nan | RMSE theta: nan | Loss: 29.0699 | Epoch: 119
    Eq theta: 1.00000omega
    Eq omega: nan1 + nantheta + nanomega + nantheta^2 + nantheta omega + nanomega^2

--- Chunk 38263 (204/220) | Start: 2025-01-04 10:35:00 ---
    RMSE omega: 0.025159 | RMSE theta: 0.129332 | Loss: -23307.4102 | Epoch: 848
    Eq theta: 1.00000omega
    Eq omega: 0.002531 + -0.00136theta + 0.00445omega + -0.00027theta^2 + -0.00016theta omega + 0.00066omega^2

--- Chunk 38264 (205/220) | Start: 2025-01-04 10:40:00 ---
    RMSE omega: 0.020456 | RMSE theta: 0.427885 | Loss: -13.7564 | Epoch: 484
    Eq theta: 1.00000omega
    Eq omega: 0.006351 + -0.43711theta + 0.03014omega + -0.00759theta^2 + 0.01111theta omega + 0.04611omega^2

--- Chunk 38265 (206/220) | Start: 2025-01-04 10:45:00 ---
    RMSE omega: nan | RMSE theta: nan | Loss: -17538060385515470848.0000 | Epoch: 1323
    Eq theta: 1.00000omega
    Eq omega: nan1 + nantheta + nanomega + nantheta^2 + nantheta omega + nanomega^2

--- Chunk 38266 (207/220) | Start: 2025-01-04 10:50:00 ---
    RMSE omega: 0.004273 | RMSE theta: 0.019941 | Loss: -1.8583 | Epoch: 1543
    Eq theta: 1.00000omega
    Eq omega: -0.002111 + -0.00096theta + -0.00204omega + 0.00088theta^2 + 0.00100theta omega + -0.00145omega^2

--- Chunk 38267 (208/220) | Start: 2025-01-04 10:55:00 ---
    RMSE omega: 0.012928 | RMSE theta: 0.415063 | Loss: -19.1372 | Epoch: 1688
    Eq theta: 1.00000omega
    Eq omega: 0.001331 + 0.00088theta + -0.00186omega + 0.00005theta^2 + 0.00018theta omega + 0.00032omega^2

--- Chunk 38268 (209/220) | Start: 2025-01-04 11:00:00 ---
    RMSE omega: 0.004962 | RMSE theta: 0.014896 | Loss: -1.4492 | Epoch: 1466
    Eq theta: 1.00000omega
    Eq omega: 0.006351 + -0.81635theta + -0.44787omega + 0.01259theta^2 + -0.01163theta omega + -0.00549omega^2

--- Chunk 38269 (210/220) | Start: 2025-01-04 11:05:00 ---
    RMSE omega: 0.049190 | RMSE theta: 1.147616 | Loss: 217.4170 | Epoch: 24
    Eq theta: 1.00000omega
    Eq omega: 0.001281 + 0.00025theta + 0.00403omega + 0.00028theta^2 + -0.00280theta omega + 0.00263omega^2

--- Chunk 38270 (211/220) | Start: 2025-01-04 11:10:00 ---
    RMSE omega: nan | RMSE theta: nan | Loss: -225241681115765340022767616.0000 | Epoch: 1451
    Eq theta: 1.00000omega
    Eq omega: nan1 + nantheta + nanomega + nantheta^2 + nantheta omega + nanomega^2

--- Chunk 38271 (212/220) | Start: 2025-01-04 11:15:00 ---
    RMSE omega: nan | RMSE theta: nan | Loss: 78.0620 | Epoch: 30
    Eq theta: 1.00000omega
    Eq omega: nan1 + nantheta + nanomega + nantheta^2 + nantheta omega + nanomega^2

--- Chunk 38272 (213/220) | Start: 2025-01-04 11:20:00 ---
    RMSE omega: 0.004372 | RMSE theta: 0.093033 | Loss: -1.7756 | Epoch: 1535
    Eq theta: 1.00000omega
    Eq omega: 0.000841 + 0.00014theta + 0.00017omega + -0.00087theta^2 + 0.00174theta omega + 0.00470omega^2

--- Chunk 38273 (214/220) | Start: 2025-01-04 11:25:00 ---
    RMSE omega: 0.068486 | RMSE theta: 0.908524 | Loss: 207.5768 | Epoch: 39
    Eq theta: 1.00000omega
    Eq omega: -0.003031 + -0.01308theta + -0.00461omega + -0.00079theta^2 + -0.00134theta omega + 0.00087omega^2

--- Chunk 38274 (215/220) | Start: 2025-01-04 11:30:00 ---
    RMSE omega: 0.005559 | RMSE theta: 0.184552 | Loss: -0.9610 | Epoch: 1161
    Eq theta: 1.00000omega
    Eq omega: -0.000611 + 0.00029theta + -0.00210omega + 0.00017theta^2 + 0.00254theta omega + -0.00179omega^2

--- Chunk 38275 (216/220) | Start: 2025-01-04 11:35:00 ---
    RMSE omega: 0.003673 | RMSE theta: 0.068825 | Loss: -204.7377 | Epoch: 1888
    Eq theta: 1.00000omega
    Eq omega: 0.005031 + -0.00138theta + -0.00227omega + -0.00014theta^2 + -0.00064theta omega + -0.01420omega^2

--- Chunk 38276 (217/220) | Start: 2025-01-04 11:40:00 ---
    RMSE omega: 0.011183 | RMSE theta: 0.120381 | Loss: -7.5012 | Epoch: 819
    Eq theta: 1.00000omega
    Eq omega: -0.002511 + -0.03985theta + -0.00634omega + -0.00189theta^2 + -0.00184theta omega + 0.00757omega^2

--- Chunk 38277 (218/220) | Start: 2025-01-04 11:45:00 ---
    RMSE omega: 0.005574 | RMSE theta: 0.359158 | Loss: -359999.6875 | Epoch: 1741
    Eq theta: 1.00000omega
    Eq omega: -0.000521 + -0.09675theta + 0.00527omega + 0.02048theta^2 + 0.00011theta omega + -0.10044omega^2

--- Chunk 38278 (219/220) | Start: 2025-01-04 11:50:00 ---
    RMSE omega: 0.003359 | RMSE theta: 0.066454 | Loss: -2.2440 | Epoch: 1660
    Eq theta: 1.00000omega
    Eq omega: -0.001251 + -0.00101theta + -0.00005omega + -0.00129theta^2 + 0.00132theta omega + -0.00333omega^2

--- Chunk 38279 (220/220) | Start: 2025-01-04 11:55:00 ---
    RMSE omega: 0.005212 | RMSE theta: 0.035121 | Loss: -2.5916 | Epoch: 945
    Eq theta: 1.00000omega
    Eq omega: -0.015431 + -1.68136theta + 0.26197omega + 0.02111theta^2 + -0.01305theta omega + -0.00661omega^2

  [Progress 220/220] Mean RMSE omega: 0.024612 | Mean loss: -13260244155362043850624721747968.0000 | Valid: 182/220 | Elapsed: 93.5min | ETA: 0.0min

============================================================
EVALUATION COMPLETE — Chunks [38060, 38279]
============================================================
Chunks processed: 220
Chunks succeeded: 182 (82.7%)
Mean RMSE omega:  0.024612 ± 0.087183
Mean RMSE theta:  0.596631 ± 2.433808
Mean RMSE total:  0.422372
Mean Loss:        -13260244155362043850624721747968.0000 ± 195775856162670720349671151108096.0000
Elapsed time:     93.5 minutes

Per-chunk CSV: /pfs/data6/home/ka/ka_iai/ka_bj2362/dsr/svise/results_5min_all_chunks/run_SLURM_3708675/chunks_38060_to_38279_20260320_062632.csv
Summary JSON:  /pfs/data6/home/ka/ka_iai/ka_bj2362/dsr/svise/results_5min_all_chunks/run_SLURM_3708675/summary_38060_to_38279_20260320_062632.json
============================================================

============================= JOB FEEDBACK =============================

NodeName=uc3n019
Job ID: 3709272
Array Job ID: 3708675_173
Cluster: uc3
User/Group: ka_bj2362/ka_iai
State: COMPLETED (exit code 0)
Nodes: 1
Cores per node: 4
CPU Utilized: 01:32:58
CPU Efficiency: 24.73% of 06:15:56 core-walltime
Job Wall-clock time: 01:33:59
Memory Utilized: 2.26 GB
Memory Efficiency: 18.81% of 12.00 GB (12.00 GB/node)
