Array task 115: processing chunks 25300 to 25519
Loading data from /pfs/data6/home/ka/ka_iai/ka_bj2362/dsr/svise/../dataset/South_Korea_2024-08-15_2025-08-31_1s.parquet...
Finding all valid 5-minute chunks in the dataset...
Found 107059 valid 5-minute chunks in total.

============================================================
SVISE FINAL EVALUATION — ALL CHUNKS
============================================================
Hyperparameters: {
  "model": "integrator",
  "sigma": 0,
  "degree": 2,
  "tau": 1e-05,
  "lr": 0.1,
  "n_tau": 100,
  "measurement_noise": 0.001,
  "n_reparam_samples": 15
}
Total valid chunks in dataset: 107059
Processing chunk range: [25300, 25519] (220 chunks)
Early stopping: patience=300, max_epochs=10000
============================================================


--- Chunk 25300 (1/220) | Start: 2024-11-15 23:45:00 ---
/pfs/data6/home/ka/ka_iai/ka_bj2362/dsr/svise/svise/sde_learning/_marginal_sde.py:284: UserWarning: torch.triangular_solve is deprecated in favor of torch.linalg.solve_triangularand will be removed in a future PyTorch release.
torch.linalg.solve_triangular has its arguments reversed and does not return a copy of one of the inputs.
X = torch.triangular_solve(B, A).solution
should be replaced with
X = torch.linalg.solve_triangular(A, B). (Triggered internally at ../aten/src/ATen/native/BatchLinearAlgebra.cpp:2192.)
  return torch.triangular_solve(self.raw_w, self.C.t()).solution
/pfs/data6/home/ka/ka_iai/ka_bj2362/dsr/svise/svise/quadrature/_unbiased_quadrature.py:196: UserWarning: Interp is nan, reducing interp degree.
  warnings.warn("Interp is nan, reducing interp degree.")
/pfs/data6/home/ka/ka_iai/ka_bj2362/dsr/svise/svise/quadrature/_unbiased_quadrature.py:174: UserWarning: NaN detected in fxq (quadrature node evaluations). Clamping to 0.
  warnings.warn("NaN detected in fxq (quadrature node evaluations). Clamping to 0.")
/pfs/data6/home/ka/ka_iai/ka_bj2362/dsr/svise/svise/quadrature/_unbiased_quadrature.py:177: UserWarning: NaN detected in fmc (Monte-Carlo node evaluations). Clamping to 0.
  warnings.warn("NaN detected in fmc (Monte-Carlo node evaluations). Clamping to 0.")
    RMSE omega: 0.037454 | RMSE theta: 0.556747 | Loss: 109.6347 | Epoch: 63
    Eq theta: 1.00000omega
    Eq omega: 0.014931 + -0.00577theta + 0.00652omega + 0.00054theta^2 + 0.00112theta omega + 0.00098omega^2

--- Chunk 25301 (2/220) | Start: 2024-11-15 23:50:00 ---
    RMSE omega: 0.006138 | RMSE theta: 0.229640 | Loss: 0.1403 | Epoch: 2807
    Eq theta: 1.00000omega
    Eq omega: 0.000871 + -0.00122theta + 0.00100omega + 0.00002theta^2 + 0.00004theta omega + 0.00168omega^2

--- Chunk 25302 (3/220) | Start: 2024-11-15 23:55:00 ---
    RMSE omega: 0.020888 | RMSE theta: 0.512135 | Loss: 86.4240 | Epoch: 3752
    Eq theta: 1.00000omega
    Eq omega: -0.003561 + -0.04099theta + -0.00699omega + -0.00000theta^2 + -0.00003theta omega + -0.00105omega^2

--- Chunk 25303 (4/220) | Start: 2024-11-16 00:00:00 ---
    RMSE omega: nan | RMSE theta: nan | Loss: 882.0317 | Epoch: 42
    Eq theta: 1.00000omega
    Eq omega: nan1 + nantheta + nanomega + nantheta^2 + nantheta omega + nanomega^2

--- Chunk 25304 (5/220) | Start: 2024-11-16 00:05:00 ---
    RMSE omega: 0.042419 | RMSE theta: 3.360402 | Loss: 857.6510 | Epoch: 36
    Eq theta: 1.00000omega
    Eq omega: -0.005111 + -0.00030theta + -0.00138omega + -0.00005theta^2 + -0.00002theta omega + -0.00027omega^2

--- Chunk 25305 (6/220) | Start: 2024-11-16 00:10:00 ---
    RMSE omega: 0.014939 | RMSE theta: 0.675727 | Loss: -2.6425 | Epoch: 1660
    Eq theta: 1.00000omega
    Eq omega: -0.061001 + -0.18919theta + 0.00296omega + 0.00017theta^2 + -0.00450theta omega + -0.00649omega^2

--- Chunk 25306 (7/220) | Start: 2024-11-16 00:15:00 ---
    RMSE omega: nan | RMSE theta: nan | Loss: 49.2637 | Epoch: 58
    Eq theta: 1.00000omega
    Eq omega: nan1 + nantheta + nanomega + nantheta^2 + nantheta omega + nanomega^2

--- Chunk 25307 (8/220) | Start: 2024-11-16 00:20:00 ---
    RMSE omega: 0.005495 | RMSE theta: 0.147390 | Loss: -3.7319 | Epoch: 1701
    Eq theta: 1.00000omega
    Eq omega: 0.001261 + -0.39873theta + -0.51995omega + -0.35546theta^2 + -0.00220theta omega + 0.13926omega^2

--- Chunk 25308 (9/220) | Start: 2024-11-16 00:25:00 ---
    RMSE omega: 0.005334 | RMSE theta: 0.106568 | Loss: -0.5649 | Epoch: 1631
    Eq theta: 1.00000omega
    Eq omega: 0.003751 + -0.00031theta + -0.00216omega + 0.00007theta^2 + 0.00016theta omega + 0.00186omega^2

--- Chunk 25309 (10/220) | Start: 2024-11-16 00:30:00 ---
    RMSE omega: 0.009729 | RMSE theta: 0.497842 | Loss: 42.9950 | Epoch: 2765
    Eq theta: 1.00000omega
    Eq omega: 0.030391 + -0.00281theta + 0.00492omega + -0.00266theta^2 + -0.00023theta omega + -0.00041omega^2

--- Chunk 25310 (11/220) | Start: 2024-11-16 00:35:00 ---
    RMSE omega: 0.007652 | RMSE theta: 0.211052 | Loss: -538166.4375 | Epoch: 2135
    Eq theta: 1.00000omega
    Eq omega: 0.005261 + -0.00300theta + 0.00725omega + 0.00166theta^2 + 0.00512theta omega + 0.00128omega^2

--- Chunk 25311 (12/220) | Start: 2024-11-16 00:40:00 ---
    RMSE omega: 0.035618 | RMSE theta: 1.433986 | Loss: -2641494.2500 | Epoch: 5034
    Eq theta: 1.00000omega
    Eq omega: -0.002611 + 0.00067theta + 0.00082omega + -0.00004theta^2 + -0.00053theta omega + 0.00008omega^2

--- Chunk 25312 (13/220) | Start: 2024-11-16 00:45:00 ---
    RMSE omega: nan | RMSE theta: nan | Loss: 579.8508 | Epoch: 34
    Eq theta: 1.00000omega
    Eq omega: nan1 + nantheta + nanomega + nantheta^2 + nantheta omega + nanomega^2

--- Chunk 25313 (14/220) | Start: 2024-11-16 00:50:00 ---
    RMSE omega: 0.028083 | RMSE theta: 0.419254 | Loss: 267.8406 | Epoch: 168
    Eq theta: 1.00000omega
    Eq omega: -0.000441 + 0.00005theta + 0.00006omega + -0.00000theta^2 + -0.00000theta omega + -0.00007omega^2

--- Chunk 25314 (15/220) | Start: 2024-11-16 00:55:00 ---
    RMSE omega: 0.013815 | RMSE theta: 0.072491 | Loss: 14.9261 | Epoch: 1635
    Eq theta: 1.00000omega
    Eq omega: -0.002151 + -0.00034theta + -0.00382omega + 0.00004theta^2 + -0.00004theta omega + 0.00030omega^2

--- Chunk 25315 (16/220) | Start: 2024-11-16 01:00:00 ---
    RMSE omega: 0.006503 | RMSE theta: 0.488189 | Loss: -1.0758 | Epoch: 2825
    Eq theta: 1.00000omega
    Eq omega: -0.000891 + -0.00047theta + -0.00014omega + -0.00009theta^2 + 0.00015theta omega + -0.00022omega^2

--- Chunk 25316 (17/220) | Start: 2024-11-16 01:05:00 ---
    RMSE omega: 0.005206 | RMSE theta: 0.088313 | Loss: -0.8116 | Epoch: 909
    Eq theta: 1.00000omega
    Eq omega: -0.006011 + -0.01342theta + -0.00095omega + -0.00056theta^2 + -0.00138theta omega + -0.00397omega^2

--- Chunk 25317 (18/220) | Start: 2024-11-16 01:10:00 ---
    RMSE omega: 0.013565 | RMSE theta: 0.303237 | Loss: -282895.6250 | Epoch: 1372
    Eq theta: 1.00000omega
    Eq omega: -0.000871 + -0.00242theta + 0.00163omega + -0.00016theta^2 + 0.00001theta omega + -0.00019omega^2

--- Chunk 25318 (19/220) | Start: 2024-11-16 01:15:00 ---
    RMSE omega: 0.010988 | RMSE theta: 0.171025 | Loss: 11.7402 | Epoch: 2510
    Eq theta: 1.00000omega
    Eq omega: 0.000221 + 0.00017theta + 0.00188omega + 0.00013theta^2 + 0.00001theta omega + 0.00027omega^2

--- Chunk 25319 (20/220) | Start: 2024-11-16 01:20:00 ---
    RMSE omega: 0.056829 | RMSE theta: 1.025748 | Loss: 299.4711 | Epoch: 18
    Eq theta: 1.00000omega
    Eq omega: 0.008961 + -0.00122theta + 0.00246omega + 0.00548theta^2 + 0.00022theta omega + -0.00251omega^2

--- Chunk 25320 (21/220) | Start: 2024-11-16 01:25:00 ---
    RMSE omega: 0.021633 | RMSE theta: 0.321484 | Loss: 7.4338 | Epoch: 1003
    Eq theta: 1.00000omega
    Eq omega: -0.042781 + -0.03620theta + -0.00072omega + -0.00051theta^2 + 0.00037theta omega + -0.00310omega^2

--- Chunk 25321 (22/220) | Start: 2024-11-16 01:30:00 ---
    RMSE omega: nan | RMSE theta: nan | Loss: 70.5640 | Epoch: 40
    Eq theta: 1.00000omega
    Eq omega: nan1 + nantheta + nanomega + nantheta^2 + nantheta omega + nanomega^2

--- Chunk 25322 (23/220) | Start: 2024-11-16 01:35:00 ---
    RMSE omega: 0.005365 | RMSE theta: 0.055000 | Loss: -2.9509 | Epoch: 1301
    Eq theta: 1.00000omega
    Eq omega: 0.001281 + -0.43409theta + -0.00460omega + 0.00856theta^2 + -0.00401theta omega + -0.00388omega^2

--- Chunk 25323 (24/220) | Start: 2024-11-16 01:40:00 ---
    RMSE omega: 0.006883 | RMSE theta: 0.248260 | Loss: -1.8071 | Epoch: 2430
    Eq theta: 1.00000omega
    Eq omega: -0.015001 + -0.00957theta + -0.00059omega + -0.00027theta^2 + -0.00034theta omega + -0.00317omega^2

--- Chunk 25324 (25/220) | Start: 2024-11-16 01:45:00 ---
    RMSE omega: 0.033706 | RMSE theta: 0.744787 | Loss: 31.3185 | Epoch: 28
    Eq theta: 1.00000omega
    Eq omega: 0.019481 + -0.00082theta + 0.00161omega + 0.00643theta^2 + -0.00010theta omega + 0.00828omega^2

--- Chunk 25325 (26/220) | Start: 2024-11-16 01:50:00 ---
    RMSE omega: 0.035202 | RMSE theta: 1.496112 | Loss: 334.5916 | Epoch: 43
    Eq theta: 1.00000omega
    Eq omega: -0.010631 + 0.00350theta + -0.00176omega + -0.00013theta^2 + 0.00111theta omega + -0.00319omega^2

--- Chunk 25326 (27/220) | Start: 2024-11-16 01:55:00 ---
    RMSE omega: nan | RMSE theta: nan | Loss: 358.0358 | Epoch: 16
    Eq theta: 1.00000omega
    Eq omega: nan1 + nantheta + nanomega + nantheta^2 + nantheta omega + nanomega^2

--- Chunk 25327 (28/220) | Start: 2024-11-16 02:00:00 ---
    RMSE omega: 0.011014 | RMSE theta: 0.553810 | Loss: 25.4764 | Epoch: 2918
    Eq theta: 1.00000omega
    Eq omega: 0.004661 + -0.00001theta + 0.00679omega + -0.00000theta^2 + 0.00004theta omega + 0.00004omega^2

--- Chunk 25328 (29/220) | Start: 2024-11-16 02:05:00 ---
    RMSE omega: 0.012458 | RMSE theta: 0.361716 | Loss: 4.9443 | Epoch: 1459
    Eq theta: 1.00000omega
    Eq omega: 0.003591 + -0.00085theta + -0.00108omega + -0.00009theta^2 + -0.00007theta omega + -0.00054omega^2

--- Chunk 25329 (30/220) | Start: 2024-11-16 02:10:00 ---
    RMSE omega: 0.021952 | RMSE theta: 0.697738 | Loss: 82.1277 | Epoch: 448
    Eq theta: 1.00000omega
    Eq omega: 0.000521 + -0.00018theta + -0.00036omega + 0.00002theta^2 + 0.00000theta omega + -0.00010omega^2

--- Chunk 25330 (31/220) | Start: 2024-11-16 02:15:00 ---
    RMSE omega: nan | RMSE theta: nan | Loss: 15.8757 | Epoch: 86
    Eq theta: 1.00000omega
    Eq omega: nan1 + nantheta + nanomega + nantheta^2 + nantheta omega + nanomega^2

--- Chunk 25331 (32/220) | Start: 2024-11-16 02:20:00 ---
    RMSE omega: 0.012762 | RMSE theta: 0.568848 | Loss: -36.7823 | Epoch: 2199
    Eq theta: 1.00000omega
    Eq omega: -0.007821 + -0.66865theta + 0.07935omega + 0.00407theta^2 + -0.00291theta omega + -0.00959omega^2

--- Chunk 25332 (33/220) | Start: 2024-11-16 02:25:00 ---
    RMSE omega: 0.004974 | RMSE theta: 0.073922 | Loss: -2.1695 | Epoch: 1055
    Eq theta: 1.00000omega
    Eq omega: -0.010701 + -0.68474theta + 0.01306omega + 0.00141theta^2 + 0.01726theta omega + -0.00100omega^2

--- Chunk 25333 (34/220) | Start: 2024-11-16 02:30:00 ---
/pfs/data6/home/ka/ka_iai/ka_bj2362/dsr/svise/svise/quadrature/_unbiased_quadrature.py:218: UserWarning: Quadrature result is NaN. Returning 0.
  warnings.warn("Quadrature result is NaN. Returning 0.")
    RMSE omega: 0.005622 | RMSE theta: 0.129793 | Loss: -330255047571449839616.0000 | Epoch: 2954
    Eq theta: 1.00000omega
    Eq omega: -0.000301 + -0.00013theta + -0.00082omega + -0.00009theta^2 + 0.00014theta omega + 0.00030omega^2

--- Chunk 25334 (35/220) | Start: 2024-11-16 02:35:00 ---
    RMSE omega: 0.015945 | RMSE theta: 0.103424 | Loss: 10.2019 | Epoch: 901
    Eq theta: 1.00000omega
    Eq omega: -0.002391 + -0.14487theta + -0.00153omega + 0.07638theta^2 + 0.00320theta omega + -0.00157omega^2

--- Chunk 25335 (36/220) | Start: 2024-11-16 02:40:00 ---
    RMSE omega: 0.005726 | RMSE theta: 0.109617 | Loss: -1.5184 | Epoch: 982
    Eq theta: 1.00000omega
    Eq omega: -0.002691 + 0.00025theta + 0.00061omega + 0.00024theta^2 + -0.00001theta omega + -0.00177omega^2

--- Chunk 25336 (37/220) | Start: 2024-11-16 02:45:00 ---
    RMSE omega: 0.005484 | RMSE theta: 0.178155 | Loss: -1.1595 | Epoch: 2326
    Eq theta: 1.00000omega
    Eq omega: -0.003671 + -0.00137theta + -0.00121omega + 0.00012theta^2 + -0.00336theta omega + 0.00071omega^2

--- Chunk 25337 (38/220) | Start: 2024-11-16 02:50:00 ---
    RMSE omega: 0.036931 | RMSE theta: 0.644791 | Loss: 67.2213 | Epoch: 48
    Eq theta: 1.00000omega
    Eq omega: 0.010361 + -0.00486theta + -0.00157omega + 0.00021theta^2 + 0.00009theta omega + 0.00055omega^2

--- Chunk 25338 (39/220) | Start: 2024-11-16 02:55:00 ---
    RMSE omega: nan | RMSE theta: nan | Loss: 67.7331 | Epoch: 26
    Eq theta: 1.00000omega
    Eq omega: nan1 + nantheta + nanomega + nantheta^2 + nantheta omega + nanomega^2

--- Chunk 25339 (40/220) | Start: 2024-11-16 03:00:00 ---
    RMSE omega: 0.008829 | RMSE theta: 0.489512 | Loss: 2.1515 | Epoch: 3038
    Eq theta: 1.00000omega
    Eq omega: 0.000151 + 0.00012theta + -0.00103omega + -0.00014theta^2 + 0.00005theta omega + 0.00035omega^2

--- Chunk 25340 (41/220) | Start: 2024-11-16 03:05:00 ---
    RMSE omega: 0.058083 | RMSE theta: 1.624976 | Loss: -38108.6719 | Epoch: 971
    Eq theta: 1.00000omega
    Eq omega: 0.002431 + -0.00813theta + -0.00964omega + 0.00089theta^2 + 0.00098theta omega + -0.00080omega^2

--- Chunk 25341 (42/220) | Start: 2024-11-16 03:10:00 ---
    RMSE omega: 0.005696 | RMSE theta: 0.144234 | Loss: -2.5305 | Epoch: 1471
    Eq theta: 1.00000omega
    Eq omega: -0.006051 + -0.00096theta + -0.00212omega + -0.00006theta^2 + -0.00470theta omega + -0.00011omega^2

--- Chunk 25342 (43/220) | Start: 2024-11-16 03:15:00 ---
    RMSE omega: 0.055315 | RMSE theta: 2.328381 | Loss: 1988.6202 | Epoch: 33
    Eq theta: 1.00000omega
    Eq omega: -0.002571 + -0.00003theta + 0.00289omega + -0.00000theta^2 + 0.00002theta omega + -0.00048omega^2

--- Chunk 25343 (44/220) | Start: 2024-11-16 03:20:00 ---
    RMSE omega: 0.040935 | RMSE theta: 0.685318 | Loss: 508.8520 | Epoch: 343
    Eq theta: 1.00000omega
    Eq omega: 0.000731 + -0.00032theta + 0.00013omega + -0.00037theta^2 + -0.00009theta omega + 0.00117omega^2

--- Chunk 25344 (45/220) | Start: 2024-11-16 03:25:00 ---
    RMSE omega: 0.006041 | RMSE theta: 0.384008 | Loss: 0.5674 | Epoch: 2765
    Eq theta: 1.00000omega
    Eq omega: -0.000341 + -0.00294theta + 0.00084omega + 0.00043theta^2 + 0.00030theta omega + -0.00343omega^2

--- Chunk 25345 (46/220) | Start: 2024-11-16 03:30:00 ---
    RMSE omega: nan | RMSE theta: nan | Loss: 31.9793 | Epoch: 39
    Eq theta: 1.00000omega
    Eq omega: nan1 + nantheta + nanomega + nantheta^2 + nantheta omega + nanomega^2

--- Chunk 25346 (47/220) | Start: 2024-11-16 03:35:00 ---
    RMSE omega: 0.014705 | RMSE theta: 0.156758 | Loss: -398.5051 | Epoch: 923
    Eq theta: 1.00000omega
    Eq omega: 0.025771 + -0.47648theta + -0.01576omega + 0.04637theta^2 + -0.27332theta omega + 0.00042omega^2

--- Chunk 25347 (48/220) | Start: 2024-11-16 03:40:00 ---
    RMSE omega: 0.040210 | RMSE theta: 1.987253 | Loss: -19952.4629 | Epoch: 3396
    Eq theta: 1.00000omega
    Eq omega: -0.000581 + -0.00022theta + 0.00005omega + 0.00015theta^2 + -0.00020theta omega + 0.00057omega^2

--- Chunk 25348 (49/220) | Start: 2024-11-16 03:45:00 ---
    RMSE omega: 0.005786 | RMSE theta: 0.087489 | Loss: -2.4549 | Epoch: 2107
    Eq theta: 1.00000omega
    Eq omega: 0.001971 + 0.00053theta + -0.00270omega + -0.00028theta^2 + 0.00041theta omega + -0.00718omega^2

--- Chunk 25349 (50/220) | Start: 2024-11-16 03:50:00 ---
    RMSE omega: nan | RMSE theta: nan | Loss: 25.6769 | Epoch: 37
    Eq theta: 1.00000omega
    Eq omega: nan1 + nantheta + nanomega + nantheta^2 + nantheta omega + nanomega^2

  [Progress 50/220] Mean RMSE omega: 0.019315 | Mean loss: -6605100951429066752.0000 | Valid: 41/50 | Elapsed: 24.3min | ETA: 82.6min

--- Chunk 25350 (51/220) | Start: 2024-11-16 03:55:00 ---
    RMSE omega: nan | RMSE theta: nan | Loss: 5450.2861 | Epoch: 20
    Eq theta: 1.00000omega
    Eq omega: nan1 + nantheta + nanomega + nantheta^2 + nantheta omega + nanomega^2

--- Chunk 25351 (52/220) | Start: 2024-11-16 04:00:00 ---
    RMSE omega: 0.007987 | RMSE theta: 0.255325 | Loss: 1.1751 | Epoch: 2294
    Eq theta: 1.00000omega
    Eq omega: -0.004321 + -0.00003theta + -0.00022omega + 0.00003theta^2 + -0.00048theta omega + -0.00142omega^2

--- Chunk 25352 (53/220) | Start: 2024-11-16 04:05:00 ---
    RMSE omega: 0.009281 | RMSE theta: 0.144348 | Loss: -0.8580 | Epoch: 1998
    Eq theta: 1.00000omega
    Eq omega: -0.002621 + -0.00373theta + 0.00199omega + -0.00010theta^2 + 0.00047theta omega + 0.00029omega^2

--- Chunk 25353 (54/220) | Start: 2024-11-16 04:10:00 ---
    RMSE omega: 0.010470 | RMSE theta: 0.660988 | Loss: -4.7375 | Epoch: 2461
    Eq theta: 1.00000omega
    Eq omega: -0.003111 + -0.00215theta + -0.00548omega + -0.00410theta^2 + -0.00142theta omega + 0.00008omega^2

--- Chunk 25354 (55/220) | Start: 2024-11-16 04:15:00 ---
    RMSE omega: 0.058736 | RMSE theta: 2.097989 | Loss: -1471573588155055363588096.0000 | Epoch: 2541
    Eq theta: 1.00000omega
    Eq omega: 0.002721 + -0.12769theta + 0.00869omega + 0.01210theta^2 + 0.00406theta omega + 0.00156omega^2

--- Chunk 25355 (56/220) | Start: 2024-11-16 04:20:00 ---
    RMSE omega: 0.004868 | RMSE theta: 0.094590 | Loss: -0.8121 | Epoch: 1785
    Eq theta: 1.00000omega
    Eq omega: -0.000641 + -1.12951theta + -0.00555omega + -0.00302theta^2 + 0.00917theta omega + -0.00238omega^2

--- Chunk 25356 (57/220) | Start: 2024-11-16 04:25:00 ---
    RMSE omega: nan | RMSE theta: nan | Loss: 191.4578 | Epoch: 37
    Eq theta: 1.00000omega
    Eq omega: nan1 + nantheta + nanomega + nantheta^2 + nantheta omega + nanomega^2

--- Chunk 25357 (58/220) | Start: 2024-11-16 04:30:00 ---
    RMSE omega: nan | RMSE theta: nan | Loss: 512.7086 | Epoch: 26
    Eq theta: 1.00000omega
    Eq omega: nan1 + nantheta + nanomega + nantheta^2 + nantheta omega + nanomega^2

--- Chunk 25358 (59/220) | Start: 2024-11-16 04:35:00 ---
    RMSE omega: 0.004622 | RMSE theta: 0.093790 | Loss: -0.2084 | Epoch: 1758
    Eq theta: 1.00000omega
    Eq omega: 0.001001 + 0.00043theta + 0.00064omega + 0.00037theta^2 + -0.00019theta omega + 0.00139omega^2

--- Chunk 25359 (60/220) | Start: 2024-11-16 04:40:00 ---
    RMSE omega: 0.033798 | RMSE theta: 0.392603 | Loss: 143.4264 | Epoch: 72
    Eq theta: 1.00000omega
    Eq omega: 0.003521 + -0.00031theta + 0.00533omega + 0.00022theta^2 + 0.00047theta omega + 0.00003omega^2

--- Chunk 25360 (61/220) | Start: 2024-11-16 04:45:00 ---
    RMSE omega: 0.011565 | RMSE theta: 0.347256 | Loss: -2.0395 | Epoch: 1900
    Eq theta: 1.00000omega
    Eq omega: -0.001521 + 0.00079theta + -0.00816omega + 0.00051theta^2 + 0.00119theta omega + 0.00032omega^2

--- Chunk 25361 (62/220) | Start: 2024-11-16 04:50:00 ---
    RMSE omega: nan | RMSE theta: nan | Loss: 19.9664 | Epoch: 55
    Eq theta: 1.00000omega
    Eq omega: nan1 + nantheta + nanomega + nantheta^2 + nantheta omega + nanomega^2

--- Chunk 25362 (63/220) | Start: 2024-11-16 04:55:00 ---
    RMSE omega: 1.195099 | RMSE theta: 41.707752 | Loss: -6686602654908416.0000 | Epoch: 1564
    Eq theta: 1.00000omega
    Eq omega: 0.002701 + 0.00066theta + 0.00068omega + 0.00001theta^2 + 0.00006theta omega + 0.00002omega^2

--- Chunk 25363 (64/220) | Start: 2024-11-16 05:00:00 ---
    RMSE omega: nan | RMSE theta: nan | Loss: 486.3242 | Epoch: 41
    Eq theta: 1.00000omega
    Eq omega: nan1 + nantheta + nanomega + nantheta^2 + nantheta omega + nanomega^2

--- Chunk 25364 (65/220) | Start: 2024-11-16 05:05:00 ---
    RMSE omega: 0.006714 | RMSE theta: 0.123270 | Loss: -3.0966 | Epoch: 1014
    Eq theta: 1.00000omega
    Eq omega: 0.040291 + -0.56936theta + -0.19062omega + 0.28310theta^2 + 0.01785theta omega + -0.60800omega^2

--- Chunk 25365 (66/220) | Start: 2024-11-16 05:10:00 ---
    RMSE omega: 0.026559 | RMSE theta: 0.314000 | Loss: 28.4055 | Epoch: 79
    Eq theta: 1.00000omega
    Eq omega: 0.000041 + -0.00093theta + -0.00016omega + -0.00005theta^2 + 0.00072theta omega + -0.00135omega^2

--- Chunk 25366 (67/220) | Start: 2024-11-16 05:15:00 ---
    RMSE omega: nan | RMSE theta: nan | Loss: 28.7641 | Epoch: 42
    Eq theta: 1.00000omega
    Eq omega: nan1 + nantheta + nanomega + nantheta^2 + nantheta omega + nanomega^2

--- Chunk 25367 (68/220) | Start: 2024-11-16 05:20:00 ---
    RMSE omega: 0.038008 | RMSE theta: 0.656818 | Loss: 179.6664 | Epoch: 52
    Eq theta: 1.00000omega
    Eq omega: -0.002431 + -0.00237theta + -0.00514omega + -0.00000theta^2 + -0.00001theta omega + 0.00010omega^2

--- Chunk 25368 (69/220) | Start: 2024-11-16 05:25:00 ---
    RMSE omega: 0.005164 | RMSE theta: 0.094290 | Loss: -1.5762 | Epoch: 1780
    Eq theta: 1.00000omega
    Eq omega: 0.006571 + 0.00027theta + 0.00493omega + -0.00176theta^2 + 0.00031theta omega + -0.00434omega^2

--- Chunk 25369 (70/220) | Start: 2024-11-16 05:30:00 ---
/pfs/data6/home/ka/ka_iai/ka_bj2362/dsr/svise/svise/quadrature/_unbiased_quadrature.py:211: UserWarning: Iip is NaN. Setting correction to zero.
  warnings.warn("Iip is NaN. Setting correction to zero.")
    RMSE omega: nan | RMSE theta: nan | Loss: -26383060324205758213434015481856.0000 | Epoch: 3687
    Eq theta: 1.00000omega
    Eq omega: nan1 + nantheta + nanomega + nantheta^2 + nantheta omega + nanomega^2

--- Chunk 25370 (71/220) | Start: 2024-11-16 05:35:00 ---
    RMSE omega: 0.005500 | RMSE theta: 0.168982 | Loss: -2.2567 | Epoch: 2517
    Eq theta: 1.00000omega
    Eq omega: 0.003951 + 0.00133theta + 0.00287omega + 0.00010theta^2 + -0.00025theta omega + -0.00005omega^2

--- Chunk 25371 (72/220) | Start: 2024-11-16 05:40:00 ---
    RMSE omega: 0.051939 | RMSE theta: 1.739800 | Loss: 291.6884 | Epoch: 40
    Eq theta: 1.00000omega
    Eq omega: 0.008911 + -0.00213theta + -0.00315omega + 0.00182theta^2 + 0.00327theta omega + -0.00063omega^2

--- Chunk 25372 (73/220) | Start: 2024-11-16 05:45:00 ---
    RMSE omega: nan | RMSE theta: nan | Loss: 279.6972 | Epoch: 35
    Eq theta: 1.00000omega
    Eq omega: nan1 + nantheta + nanomega + nantheta^2 + nantheta omega + nanomega^2

--- Chunk 25373 (74/220) | Start: 2024-11-16 05:50:00 ---
    RMSE omega: nan | RMSE theta: nan | Loss: 162.0704 | Epoch: 27
    Eq theta: 1.00000omega
    Eq omega: nan1 + nantheta + nanomega + nantheta^2 + nantheta omega + nanomega^2

--- Chunk 25374 (75/220) | Start: 2024-11-16 05:55:00 ---
    RMSE omega: 0.006925 | RMSE theta: 0.137498 | Loss: -2.5506 | Epoch: 2585
    Eq theta: 1.00000omega
    Eq omega: 0.008361 + -0.00139theta + 0.00090omega + -0.00020theta^2 + -0.00070theta omega + -0.00070omega^2

--- Chunk 25375 (76/220) | Start: 2024-11-16 06:00:00 ---
    RMSE omega: 0.024538 | RMSE theta: 0.151694 | Loss: 38.7892 | Epoch: 998
    Eq theta: 1.00000omega
    Eq omega: 0.004331 + -0.00589theta + -0.00036omega + -0.00001theta^2 + 0.00386theta omega + 0.00005omega^2

--- Chunk 25376 (77/220) | Start: 2024-11-16 06:05:00 ---
    RMSE omega: nan | RMSE theta: nan | Loss: 1078.8922 | Epoch: 31
    Eq theta: 1.00000omega
    Eq omega: nan1 + nantheta + nanomega + nantheta^2 + nantheta omega + nanomega^2

--- Chunk 25377 (78/220) | Start: 2024-11-16 06:10:00 ---
    RMSE omega: 0.031702 | RMSE theta: 0.561757 | Loss: -6087.7354 | Epoch: 402
    Eq theta: 1.00000omega
    Eq omega: -0.001861 + -0.00015theta + 0.00013omega + 0.00000theta^2 + -0.00010theta omega + -0.00199omega^2

--- Chunk 25378 (79/220) | Start: 2024-11-16 06:15:00 ---
    RMSE omega: nan | RMSE theta: nan | Loss: 143.0624 | Epoch: 41
    Eq theta: 1.00000omega
    Eq omega: nan1 + nantheta + nanomega + nantheta^2 + nantheta omega + nanomega^2

--- Chunk 25379 (80/220) | Start: 2024-11-16 06:20:00 ---
    RMSE omega: 0.007549 | RMSE theta: 0.274066 | Loss: -154.5612 | Epoch: 2285
    Eq theta: 1.00000omega
    Eq omega: 0.001331 + -0.00022theta + -0.00116omega + -0.00023theta^2 + 0.00071theta omega + 0.00338omega^2

--- Chunk 25380 (81/220) | Start: 2024-11-16 06:25:00 ---
    RMSE omega: 0.005596 | RMSE theta: 0.022683 | Loss: -2.1547 | Epoch: 1699
    Eq theta: 1.00000omega
    Eq omega: -0.003721 + -0.44702theta + 0.00263omega + -0.00254theta^2 + 0.00465theta omega + 0.00437omega^2

--- Chunk 25381 (82/220) | Start: 2024-11-16 06:30:00 ---
    RMSE omega: 0.049215 | RMSE theta: 0.594885 | Loss: -5663.5166 | Epoch: 723
    Eq theta: 1.00000omega
    Eq omega: -0.010141 + -0.00674theta + 0.00210omega + 0.00166theta^2 + 0.00291theta omega + 0.00631omega^2

--- Chunk 25382 (83/220) | Start: 2024-11-16 06:35:00 ---
    RMSE omega: 0.013433 | RMSE theta: 0.095715 | Loss: 34.5834 | Epoch: 1727
    Eq theta: 1.00000omega
    Eq omega: 0.004911 + -0.00037theta + -0.00048omega + 0.00000theta^2 + -0.00003theta omega + 0.00037omega^2

--- Chunk 25383 (84/220) | Start: 2024-11-16 06:40:00 ---
    RMSE omega: 0.008081 | RMSE theta: 0.334726 | Loss: 7.7305 | Epoch: 3113
    Eq theta: 1.00000omega
    Eq omega: -0.003121 + 0.00008theta + 0.00091omega + 0.00006theta^2 + 0.00004theta omega + 0.00030omega^2

--- Chunk 25384 (85/220) | Start: 2024-11-16 06:45:00 ---
    RMSE omega: 0.006166 | RMSE theta: 0.151718 | Loss: 1.2147 | Epoch: 974
    Eq theta: 1.00000omega
    Eq omega: -0.000301 + -0.00015theta + 0.00140omega + 0.00013theta^2 + 0.00015theta omega + -0.00317omega^2

--- Chunk 25385 (86/220) | Start: 2024-11-16 06:50:00 ---
    RMSE omega: 0.005241 | RMSE theta: 0.064894 | Loss: -1.0057 | Epoch: 1202
    Eq theta: 1.00000omega
    Eq omega: -0.002451 + -0.00085theta + -0.00016omega + 0.00007theta^2 + 0.00067theta omega + -0.00144omega^2

--- Chunk 25386 (87/220) | Start: 2024-11-16 06:55:00 ---
    RMSE omega: nan | RMSE theta: nan | Loss: 124.0720 | Epoch: 50
    Eq theta: 1.00000omega
    Eq omega: nan1 + nantheta + nanomega + nantheta^2 + nantheta omega + nanomega^2

--- Chunk 25387 (88/220) | Start: 2024-11-16 07:00:00 ---
    RMSE omega: 0.041968 | RMSE theta: 0.248707 | Loss: 97.9093 | Epoch: 94
    Eq theta: 1.00000omega
    Eq omega: -0.000921 + -0.00011theta + 0.00211omega + 0.00003theta^2 + 0.00019theta omega + -0.00126omega^2

--- Chunk 25388 (89/220) | Start: 2024-11-16 07:05:00 ---
    RMSE omega: nan | RMSE theta: nan | Loss: 323.0461 | Epoch: 48
    Eq theta: 1.00000omega
    Eq omega: nan1 + nantheta + nanomega + nantheta^2 + nantheta omega + nanomega^2

--- Chunk 25389 (90/220) | Start: 2024-11-16 07:10:00 ---
    RMSE omega: 0.005171 | RMSE theta: 0.156424 | Loss: 3.2991 | Epoch: 1803
    Eq theta: 1.00000omega
    Eq omega: 0.002481 + -0.00099theta + -0.00422omega + 0.00001theta^2 + -0.00084theta omega + -0.00161omega^2

--- Chunk 25390 (91/220) | Start: 2024-11-16 07:15:00 ---
    RMSE omega: nan | RMSE theta: nan | Loss: 144.2838 | Epoch: 25
    Eq theta: 1.00000omega
    Eq omega: nan1 + nantheta + nanomega + nantheta^2 + nantheta omega + nanomega^2

--- Chunk 25391 (92/220) | Start: 2024-11-16 07:20:00 ---
    RMSE omega: 0.004350 | RMSE theta: 0.022567 | Loss: -0.7893 | Epoch: 1782
    Eq theta: 1.00000omega
    Eq omega: 0.001281 + 0.00109theta + -0.00029omega + -0.00009theta^2 + -0.00057theta omega + -0.00022omega^2

--- Chunk 25392 (93/220) | Start: 2024-11-16 07:25:00 ---
    RMSE omega: 0.004417 | RMSE theta: 0.095792 | Loss: 0.0318 | Epoch: 1827
    Eq theta: 1.00000omega
    Eq omega: 0.001941 + -0.00078theta + -0.00256omega + -0.00044theta^2 + 0.00008theta omega + -0.00040omega^2

--- Chunk 25393 (94/220) | Start: 2024-11-16 07:30:00 ---
    RMSE omega: nan | RMSE theta: nan | Loss: 6310.4580 | Epoch: 16
    Eq theta: 1.00000omega
    Eq omega: nan1 + nantheta + nanomega + nantheta^2 + nantheta omega + nanomega^2

--- Chunk 25394 (95/220) | Start: 2024-11-16 07:35:00 ---
    RMSE omega: 0.065759 | RMSE theta: 2.521469 | Loss: 1047.8328 | Epoch: 19
    Eq theta: 1.00000omega
    Eq omega: -0.007071 + 0.00208theta + -0.00950omega + -0.00112theta^2 + -0.00476theta omega + -0.00341omega^2

--- Chunk 25395 (96/220) | Start: 2024-11-16 07:40:00 ---
    RMSE omega: 0.011320 | RMSE theta: 0.617394 | Loss: 5.1778 | Epoch: 1365
    Eq theta: 1.00000omega
    Eq omega: -0.001261 + -0.00030theta + 0.00458omega + -0.00005theta^2 + -0.00006theta omega + 0.00094omega^2

--- Chunk 25396 (97/220) | Start: 2024-11-16 07:45:00 ---
    RMSE omega: 0.023648 | RMSE theta: 0.794470 | Loss: 134.9520 | Epoch: 2344
    Eq theta: 1.00000omega
    Eq omega: -0.001061 + -0.00006theta + -0.00004omega + 0.00000theta^2 + 0.00000theta omega + 0.00010omega^2

--- Chunk 25397 (98/220) | Start: 2024-11-16 07:50:00 ---
    RMSE omega: 0.010719 | RMSE theta: 0.169663 | Loss: 32.3733 | Epoch: 1746
    Eq theta: 1.00000omega
    Eq omega: 0.012101 + 0.00013theta + -0.00141omega + 0.00007theta^2 + 0.00018theta omega + 0.00043omega^2

--- Chunk 25398 (99/220) | Start: 2024-11-16 07:55:00 ---
    RMSE omega: nan | RMSE theta: nan | Loss: 536.2184 | Epoch: 67
    Eq theta: 1.00000omega
    Eq omega: nan1 + nantheta + nanomega + nantheta^2 + nantheta omega + nanomega^2

--- Chunk 25399 (100/220) | Start: 2024-11-16 08:00:00 ---
    RMSE omega: 0.016546 | RMSE theta: 0.557144 | Loss: -44642652.0000 | Epoch: 1690
    Eq theta: 1.00000omega
    Eq omega: -0.001681 + 0.00017theta + 0.00225omega + 0.00005theta^2 + -0.00020theta omega + 0.00017omega^2

  [Progress 100/220] Mean RMSE omega: 0.034727 | Mean loss: -263830617961096032104638054400.0000 | Valid: 75/100 | Elapsed: 44.8min | ETA: 53.7min

--- Chunk 25400 (101/220) | Start: 2024-11-16 08:05:00 ---
    RMSE omega: 0.018832 | RMSE theta: 0.131327 | Loss: -9539475.0000 | Epoch: 1022
    Eq theta: 1.00000omega
    Eq omega: -0.002491 + -0.00124theta + -0.00223omega + 0.00027theta^2 + -0.00145theta omega + -0.01106omega^2

--- Chunk 25401 (102/220) | Start: 2024-11-16 08:10:00 ---
    RMSE omega: 0.023543 | RMSE theta: 2.096205 | Loss: -71467032576.0000 | Epoch: 1806
    Eq theta: 1.00000omega
    Eq omega: -0.000211 + 0.00059theta + 0.00077omega + 0.00012theta^2 + -0.00045theta omega + 0.00137omega^2

--- Chunk 25402 (103/220) | Start: 2024-11-16 08:15:00 ---
    RMSE omega: nan | RMSE theta: nan | Loss: 8779.7344 | Epoch: 5
    Eq theta: 1.00000omega
    Eq omega: nan1 + nantheta + nanomega + nantheta^2 + nantheta omega + nanomega^2

--- Chunk 25403 (104/220) | Start: 2024-11-16 08:20:00 ---
    RMSE omega: 0.004942 | RMSE theta: 0.061697 | Loss: 1.1953 | Epoch: 2110
    Eq theta: 1.00000omega
    Eq omega: 0.001821 + 0.00056theta + 0.00064omega + 0.00011theta^2 + -0.00016theta omega + -0.00100omega^2

--- Chunk 25404 (105/220) | Start: 2024-11-16 08:25:00 ---
    RMSE omega: 0.004887 | RMSE theta: 0.068156 | Loss: -64.8893 | Epoch: 1726
    Eq theta: 1.00000omega
    Eq omega: -0.068551 + -4.74563theta + -0.00959omega + -0.58109theta^2 + -0.00295theta omega + 0.00524omega^2

--- Chunk 25405 (106/220) | Start: 2024-11-16 08:30:00 ---
    RMSE omega: 0.010061 | RMSE theta: 0.112327 | Loss: -13.6786 | Epoch: 873
    Eq theta: 1.00000omega
    Eq omega: 0.001971 + -0.00472theta + 0.00238omega + 0.00044theta^2 + 0.00221theta omega + -0.00009omega^2

--- Chunk 25406 (107/220) | Start: 2024-11-16 08:35:00 ---
    RMSE omega: 0.004212 | RMSE theta: 0.047003 | Loss: -1.8045 | Epoch: 908
    Eq theta: 1.00000omega
    Eq omega: -0.017821 + -0.46217theta + -0.00123omega + 0.01226theta^2 + -0.02076theta omega + -0.01744omega^2

--- Chunk 25407 (108/220) | Start: 2024-11-16 08:40:00 ---
    RMSE omega: nan | RMSE theta: nan | Loss: -76233769315957584132197524176896.0000 | Epoch: 1580
    Eq theta: 1.00000omega
    Eq omega: nan1 + nantheta + nanomega + nantheta^2 + nantheta omega + nanomega^2

--- Chunk 25408 (109/220) | Start: 2024-11-16 08:45:00 ---
    RMSE omega: 0.004227 | RMSE theta: 0.073358 | Loss: -633225.5000 | Epoch: 2320
    Eq theta: 1.00000omega
    Eq omega: -0.000471 + -0.00070theta + -0.00090omega + -0.00013theta^2 + 0.00067theta omega + 0.00297omega^2

--- Chunk 25409 (110/220) | Start: 2024-11-16 08:50:00 ---
    RMSE omega: 0.005575 | RMSE theta: 0.285912 | Loss: -49960808567024163749888.0000 | Epoch: 2576
    Eq theta: 1.00000omega
    Eq omega: -0.007361 + -0.00012theta + 0.01479omega + 0.00007theta^2 + -0.00005theta omega + 0.00032omega^2

--- Chunk 25410 (111/220) | Start: 2024-11-16 08:55:00 ---
    RMSE omega: 0.013914 | RMSE theta: 1.755825 | Loss: -1256.0009 | Epoch: 3172
    Eq theta: 1.00000omega
    Eq omega: 0.009251 + -0.00009theta + -0.00493omega + -0.00009theta^2 + -0.00017theta omega + 0.00016omega^2

--- Chunk 25411 (112/220) | Start: 2024-11-16 09:00:00 ---
    RMSE omega: 0.004833 | RMSE theta: 0.074723 | Loss: -1.6955 | Epoch: 2637
    Eq theta: 1.00000omega
    Eq omega: -0.000131 + -0.00200theta + 0.00421omega + 0.00012theta^2 + -0.00007theta omega + -0.00106omega^2

--- Chunk 25412 (113/220) | Start: 2024-11-16 09:05:00 ---
    RMSE omega: nan | RMSE theta: nan | Loss: 60.3846 | Epoch: 116
    Eq theta: 1.00000omega
    Eq omega: nan1 + nantheta + nanomega + nantheta^2 + nantheta omega + nanomega^2

--- Chunk 25413 (114/220) | Start: 2024-11-16 09:10:00 ---
    RMSE omega: nan | RMSE theta: nan | Loss: 780.4666 | Epoch: 32
    Eq theta: 1.00000omega
    Eq omega: nan1 + nantheta + nanomega + nantheta^2 + nantheta omega + nanomega^2

--- Chunk 25414 (115/220) | Start: 2024-11-16 09:15:00 ---
    RMSE omega: 0.004465 | RMSE theta: 0.026194 | Loss: -1.2825 | Epoch: 993
    Eq theta: 1.00000omega
    Eq omega: 0.004371 + -0.71276theta + -0.02839omega + -0.00697theta^2 + 0.00314theta omega + 0.01518omega^2

--- Chunk 25415 (116/220) | Start: 2024-11-16 09:20:00 ---
    RMSE omega: 0.042864 | RMSE theta: 0.970613 | Loss: -10393.5762 | Epoch: 709
    Eq theta: 1.00000omega
    Eq omega: 0.001841 + -0.00455theta + -0.00556omega + -0.00487theta^2 + 0.00259theta omega + -0.00064omega^2

--- Chunk 25416 (117/220) | Start: 2024-11-16 09:25:00 ---
    RMSE omega: nan | RMSE theta: nan | Loss: -10634666560727773777763541975040.0000 | Epoch: 1524
    Eq theta: 1.00000omega
    Eq omega: nan1 + nantheta + nanomega + nantheta^2 + nantheta omega + nanomega^2

--- Chunk 25417 (118/220) | Start: 2024-11-16 09:30:00 ---
    RMSE omega: nan | RMSE theta: nan | Loss: -164973920087179264.0000 | Epoch: 2455
    Eq theta: 1.00000omega
    Eq omega: nan1 + nantheta + nanomega + nantheta^2 + nantheta omega + nanomega^2

--- Chunk 25418 (119/220) | Start: 2024-11-16 09:35:00 ---
    RMSE omega: nan | RMSE theta: nan | Loss: 66.8882 | Epoch: 40
    Eq theta: 1.00000omega
    Eq omega: nan1 + nantheta + nanomega + nantheta^2 + nantheta omega + nanomega^2

--- Chunk 25419 (120/220) | Start: 2024-11-16 09:40:00 ---
    RMSE omega: 0.006376 | RMSE theta: 0.254059 | Loss: 4.1204 | Epoch: 2049
    Eq theta: 1.00000omega
    Eq omega: 0.002581 + 0.00005theta + -0.00024omega + -0.00008theta^2 + -0.00013theta omega + 0.00064omega^2

--- Chunk 25420 (121/220) | Start: 2024-11-16 09:45:00 ---
    RMSE omega: 0.028797 | RMSE theta: 0.439313 | Loss: -246847.0781 | Epoch: 3500
    Eq theta: 1.00000omega
    Eq omega: -0.004501 + -0.00002theta + -0.00130omega + -0.00002theta^2 + 0.00006theta omega + 0.00025omega^2

--- Chunk 25421 (122/220) | Start: 2024-11-16 09:50:00 ---
    RMSE omega: 0.006057 | RMSE theta: 0.803210 | Loss: -177650504110731381702656.0000 | Epoch: 4794
    Eq theta: 1.00000omega
    Eq omega: 0.003921 + 0.00045theta + -0.01038omega + -0.00004theta^2 + -0.00002theta omega + -0.06152omega^2

--- Chunk 25422 (123/220) | Start: 2024-11-16 09:55:00 ---
    RMSE omega: nan | RMSE theta: nan | Loss: 302.3523 | Epoch: 60
    Eq theta: 1.00000omega
    Eq omega: nan1 + nantheta + nanomega + nantheta^2 + nantheta omega + nanomega^2

--- Chunk 25423 (124/220) | Start: 2024-11-16 10:00:00 ---
    RMSE omega: 0.004930 | RMSE theta: 0.028935 | Loss: -83.7797 | Epoch: 3145
    Eq theta: 1.00000omega
    Eq omega: -0.000971 + -0.00035theta + 0.00081omega + -0.00003theta^2 + -0.00008theta omega + -0.00080omega^2

--- Chunk 25424 (125/220) | Start: 2024-11-16 10:05:00 ---
    RMSE omega: nan | RMSE theta: nan | Loss: 494.6646 | Epoch: 38
    Eq theta: 1.00000omega
    Eq omega: nan1 + nantheta + nanomega + nantheta^2 + nantheta omega + nanomega^2

--- Chunk 25425 (126/220) | Start: 2024-11-16 10:10:00 ---
    RMSE omega: 0.026396 | RMSE theta: 1.651277 | Loss: -17441.3711 | Epoch: 1216
    Eq theta: 1.00000omega
    Eq omega: 0.001361 + -0.00010theta + 0.00070omega + 0.00000theta^2 + 0.00000theta omega + -0.00024omega^2

--- Chunk 25426 (127/220) | Start: 2024-11-16 10:15:00 ---
    RMSE omega: nan | RMSE theta: nan | Loss: 208.3129 | Epoch: 26
    Eq theta: 1.00000omega
    Eq omega: nan1 + nantheta + nanomega + nantheta^2 + nantheta omega + nanomega^2

--- Chunk 25427 (128/220) | Start: 2024-11-16 10:20:00 ---
    RMSE omega: 0.004807 | RMSE theta: 0.102299 | Loss: 1.4474 | Epoch: 3134
    Eq theta: 1.00000omega
    Eq omega: 0.023031 + -0.22491theta + -0.01778omega + -0.00014theta^2 + -0.04661theta omega + -0.00183omega^2

--- Chunk 25428 (129/220) | Start: 2024-11-16 10:25:00 ---
    RMSE omega: nan | RMSE theta: nan | Loss: 15.1633 | Epoch: 61
    Eq theta: 1.00000omega
    Eq omega: nan1 + nantheta + nanomega + nantheta^2 + nantheta omega + nanomega^2

--- Chunk 25429 (130/220) | Start: 2024-11-16 10:30:00 ---
    RMSE omega: 0.038283 | RMSE theta: 0.874648 | Loss: 596.7870 | Epoch: 81
    Eq theta: 1.00000omega
    Eq omega: 0.000501 + -0.00017theta + 0.00014omega + -0.00001theta^2 + -0.00001theta omega + 0.00003omega^2

--- Chunk 25430 (131/220) | Start: 2024-11-16 10:35:00 ---
    RMSE omega: 0.010046 | RMSE theta: 0.292715 | Loss: 13.9597 | Epoch: 1664
    Eq theta: 1.00000omega
    Eq omega: 0.008401 + 0.00004theta + -0.00140omega + 0.00001theta^2 + 0.00016theta omega + 0.00026omega^2

--- Chunk 25431 (132/220) | Start: 2024-11-16 10:40:00 ---
    RMSE omega: nan | RMSE theta: nan | Loss: 10509.9766 | Epoch: 25
    Eq theta: 1.00000omega
    Eq omega: nan1 + nantheta + nanomega + nantheta^2 + nantheta omega + nanomega^2

--- Chunk 25432 (133/220) | Start: 2024-11-16 10:45:00 ---
    RMSE omega: 0.010405 | RMSE theta: 1.129770 | Loss: -34245.0547 | Epoch: 2161
    Eq theta: 1.00000omega
    Eq omega: -0.000031 + 0.00008theta + -0.00056omega + 0.00006theta^2 + -0.00001theta omega + -0.00004omega^2

--- Chunk 25433 (134/220) | Start: 2024-11-16 10:50:00 ---
    RMSE omega: 0.008584 | RMSE theta: 0.282241 | Loss: 8.1827 | Epoch: 2461
    Eq theta: 1.00000omega
    Eq omega: 0.000611 + 0.00012theta + -0.00037omega + -0.00001theta^2 + -0.00004theta omega + -0.00009omega^2

--- Chunk 25434 (135/220) | Start: 2024-11-16 10:55:00 ---
    RMSE omega: 0.005059 | RMSE theta: 0.104903 | Loss: -0.9736 | Epoch: 1819
    Eq theta: 1.00000omega
    Eq omega: 0.002631 + -0.00001theta + -0.00181omega + 0.00012theta^2 + 0.00082theta omega + 0.00017omega^2

--- Chunk 25435 (136/220) | Start: 2024-11-16 11:00:00 ---
    RMSE omega: nan | RMSE theta: nan | Loss: 1627.0328 | Epoch: 37
    Eq theta: 1.00000omega
    Eq omega: nan1 + nantheta + nanomega + nantheta^2 + nantheta omega + nanomega^2

--- Chunk 25436 (137/220) | Start: 2024-11-16 11:05:00 ---
    RMSE omega: 0.011023 | RMSE theta: 0.248535 | Loss: 7.3357 | Epoch: 1303
    Eq theta: 1.00000omega
    Eq omega: 0.001501 + -0.00015theta + -0.00052omega + -0.00009theta^2 + 0.00008theta omega + -0.00155omega^2

--- Chunk 25437 (138/220) | Start: 2024-11-16 11:10:00 ---
    RMSE omega: nan | RMSE theta: nan | Loss: 176.3787 | Epoch: 32
    Eq theta: 1.00000omega
    Eq omega: nan1 + nantheta + nanomega + nantheta^2 + nantheta omega + nanomega^2

--- Chunk 25438 (139/220) | Start: 2024-11-16 11:15:00 ---
    RMSE omega: nan | RMSE theta: nan | Loss: 762.2259 | Epoch: 33
    Eq theta: 1.00000omega
    Eq omega: nan1 + nantheta + nanomega + nantheta^2 + nantheta omega + nanomega^2

--- Chunk 25439 (140/220) | Start: 2024-11-16 11:20:00 ---
    RMSE omega: nan | RMSE theta: nan | Loss: 178.0590 | Epoch: 19
    Eq theta: 1.00000omega
    Eq omega: nan1 + nantheta + nanomega + nantheta^2 + nantheta omega + nanomega^2

--- Chunk 25440 (141/220) | Start: 2024-11-16 11:25:00 ---
    RMSE omega: 0.006641 | RMSE theta: 0.052924 | Loss: -4459405824.0000 | Epoch: 1483
    Eq theta: 1.00000omega
    Eq omega: -0.058461 + -0.22625theta + 0.00003omega + -0.00162theta^2 + -0.10444theta omega + -0.01185omega^2

--- Chunk 25441 (142/220) | Start: 2024-11-16 11:30:00 ---
    RMSE omega: 0.013388 | RMSE theta: 0.426779 | Loss: 48.5190 | Epoch: 1450
    Eq theta: 1.00000omega
    Eq omega: -0.001691 + -0.07316theta + -0.00264omega + -0.00022theta^2 + -0.00004theta omega + 0.00106omega^2

--- Chunk 25442 (143/220) | Start: 2024-11-16 11:35:00 ---
    RMSE omega: 0.040029 | RMSE theta: 0.607842 | Loss: -14.7135 | Epoch: 355
    Eq theta: 1.00000omega
    Eq omega: 0.000451 + -0.00223theta + -0.00021omega + -0.00032theta^2 + 0.00034theta omega + -0.00142omega^2

--- Chunk 25443 (144/220) | Start: 2024-11-16 11:40:00 ---
    RMSE omega: 0.006475 | RMSE theta: 0.211879 | Loss: -0.8037 | Epoch: 1817
    Eq theta: 1.00000omega
    Eq omega: -0.001851 + 0.00035theta + -0.00000omega + 0.00013theta^2 + 0.00032theta omega + -0.00060omega^2

--- Chunk 25444 (145/220) | Start: 2024-11-16 11:45:00 ---
    RMSE omega: nan | RMSE theta: nan | Loss: 309.0943 | Epoch: 44
    Eq theta: 1.00000omega
    Eq omega: nan1 + nantheta + nanomega + nantheta^2 + nantheta omega + nanomega^2

--- Chunk 25445 (146/220) | Start: 2024-11-16 11:50:00 ---
    RMSE omega: 0.035560 | RMSE theta: 1.617334 | Loss: 710.0743 | Epoch: 36
    Eq theta: 1.00000omega
    Eq omega: 0.002441 + 0.00014theta + -0.02036omega + 0.00000theta^2 + 0.00001theta omega + 0.00054omega^2

--- Chunk 25446 (147/220) | Start: 2024-11-16 11:55:00 ---
    RMSE omega: 0.011120 | RMSE theta: 0.502015 | Loss: -1.9377 | Epoch: 1847
    Eq theta: 1.00000omega
    Eq omega: -0.002361 + -0.00047theta + -0.00144omega + -0.00006theta^2 + -0.00004theta omega + 0.00068omega^2

--- Chunk 25447 (148/220) | Start: 2024-11-16 12:00:00 ---
    RMSE omega: 0.070548 | RMSE theta: 1.941744 | Loss: 586.7051 | Epoch: 31
    Eq theta: 1.00000omega
    Eq omega: 0.001381 + 0.00024theta + -0.00321omega + 0.00063theta^2 + 0.00005theta omega + 0.00089omega^2

--- Chunk 25448 (149/220) | Start: 2024-11-16 12:05:00 ---
    RMSE omega: 0.005666 | RMSE theta: 0.105135 | Loss: -2.1705 | Epoch: 1686
    Eq theta: 1.00000omega
    Eq omega: 0.004071 + -0.00042theta + -0.00203omega + -0.00001theta^2 + 0.00291theta omega + 0.00057omega^2

--- Chunk 25449 (150/220) | Start: 2024-11-16 12:10:00 ---
    RMSE omega: 0.005619 | RMSE theta: 0.140774 | Loss: -2.4670 | Epoch: 1574
    Eq theta: 1.00000omega
    Eq omega: 0.000651 + 0.00503theta + 0.00300omega + -0.00286theta^2 + 0.00265theta omega + 0.00020omega^2

  [Progress 150/220] Mean RMSE omega: 0.028729 | Mean loss: -755009986002709561592780947456.0000 | Valid: 108/150 | Elapsed: 69.1min | ETA: 32.3min

--- Chunk 25450 (151/220) | Start: 2024-11-16 12:15:00 ---
    RMSE omega: 0.004927 | RMSE theta: 0.023483 | Loss: -1.1892 | Epoch: 949
    Eq theta: 1.00000omega
    Eq omega: -0.044611 + -3.07770theta + 0.00560omega + 2.37689theta^2 + -0.07785theta omega + -0.13596omega^2

--- Chunk 25451 (152/220) | Start: 2024-11-16 12:20:00 ---
    RMSE omega: 0.010098 | RMSE theta: 0.107697 | Loss: 3.9811 | Epoch: 3674
    Eq theta: 1.00000omega
    Eq omega: -0.003781 + -0.07836theta + -0.00028omega + -0.01418theta^2 + 0.00013theta omega + 0.00453omega^2

--- Chunk 25452 (153/220) | Start: 2024-11-16 12:25:00 ---
    RMSE omega: 0.007495 | RMSE theta: 0.100541 | Loss: 0.2830 | Epoch: 2296
    Eq theta: 1.00000omega
    Eq omega: -0.001851 + -0.00065theta + -0.00473omega + -0.00065theta^2 + 0.00031theta omega + -0.00321omega^2

--- Chunk 25453 (154/220) | Start: 2024-11-16 12:30:00 ---
    RMSE omega: 0.003747 | RMSE theta: 0.045049 | Loss: -2.4088 | Epoch: 1127
    Eq theta: 1.00000omega
    Eq omega: 0.067041 + -0.94048theta + 0.00623omega + -0.20265theta^2 + -0.03104theta omega + 0.05826omega^2

--- Chunk 25454 (155/220) | Start: 2024-11-16 12:35:00 ---
    RMSE omega: 0.006056 | RMSE theta: 0.125711 | Loss: -3.5967 | Epoch: 1263
    Eq theta: 1.00000omega
    Eq omega: 0.020181 + -0.86542theta + -0.05863omega + 0.01413theta^2 + -0.00336theta omega + 0.01486omega^2

--- Chunk 25455 (156/220) | Start: 2024-11-16 12:40:00 ---
    RMSE omega: 0.006140 | RMSE theta: 0.177928 | Loss: -9.5505 | Epoch: 1190
    Eq theta: 1.00000omega
    Eq omega: -0.001151 + -0.01172theta + -0.00073omega + 0.00093theta^2 + -0.00084theta omega + -0.00182omega^2

--- Chunk 25456 (157/220) | Start: 2024-11-16 12:45:00 ---
    RMSE omega: nan | RMSE theta: nan | Loss: 40.3790 | Epoch: 63
    Eq theta: 1.00000omega
    Eq omega: nan1 + nantheta + nanomega + nantheta^2 + nantheta omega + nanomega^2

--- Chunk 25457 (158/220) | Start: 2024-11-16 12:50:00 ---
    RMSE omega: 0.011539 | RMSE theta: 0.472891 | Loss: 31.5372 | Epoch: 3154
    Eq theta: 1.00000omega
    Eq omega: 0.000771 + -0.00001theta + -0.00032omega + 0.00001theta^2 + -0.00000theta omega + -0.00001omega^2

--- Chunk 25458 (159/220) | Start: 2024-11-16 12:55:00 ---
    RMSE omega: nan | RMSE theta: nan | Loss: 4307.2524 | Epoch: 35
    Eq theta: 1.00000omega
    Eq omega: nan1 + nantheta + nanomega + nantheta^2 + nantheta omega + nanomega^2

--- Chunk 25459 (160/220) | Start: 2024-11-16 13:00:00 ---
    RMSE omega: 0.008739 | RMSE theta: 0.112366 | Loss: 1.3706 | Epoch: 2021
    Eq theta: 1.00000omega
    Eq omega: -0.002801 + 0.00038theta + -0.00524omega + 0.00007theta^2 + -0.00008theta omega + 0.00138omega^2

--- Chunk 25460 (161/220) | Start: 2024-11-16 13:05:00 ---
    RMSE omega: 0.004248 | RMSE theta: 0.032508 | Loss: -1.8396 | Epoch: 1419
    Eq theta: 1.00000omega
    Eq omega: 0.031951 + -0.41917theta + 0.46747omega + -0.00567theta^2 + -0.02617theta omega + 0.02289omega^2

--- Chunk 25461 (162/220) | Start: 2024-11-16 13:10:00 ---
    RMSE omega: 0.005378 | RMSE theta: 0.050853 | Loss: -2.5565 | Epoch: 1653
    Eq theta: 1.00000omega
    Eq omega: -0.025101 + -0.01884theta + 0.00503omega + -0.00930theta^2 + 0.00606theta omega + -0.00221omega^2

--- Chunk 25462 (163/220) | Start: 2024-11-16 13:15:00 ---
    RMSE omega: 0.006734 | RMSE theta: 0.088026 | Loss: -1.3474 | Epoch: 1427
    Eq theta: 1.00000omega
    Eq omega: -0.002041 + 0.00021theta + -0.00159omega + -0.00120theta^2 + 0.02085theta omega + 0.00298omega^2

--- Chunk 25463 (164/220) | Start: 2024-11-16 13:20:00 ---
    RMSE omega: 0.005480 | RMSE theta: 0.100005 | Loss: -0.7578 | Epoch: 1848
    Eq theta: 1.00000omega
    Eq omega: -0.000161 + -0.01491theta + 0.00367omega + 0.02049theta^2 + 0.00251theta omega + -0.00030omega^2

--- Chunk 25464 (165/220) | Start: 2024-11-16 13:25:00 ---
    RMSE omega: 0.045925 | RMSE theta: 0.371487 | Loss: 185.1572 | Epoch: 33
    Eq theta: 1.00000omega
    Eq omega: -0.000971 + -0.02462theta + -0.01166omega + -0.00386theta^2 + 0.00186theta omega + -0.00138omega^2

--- Chunk 25465 (166/220) | Start: 2024-11-16 13:30:00 ---
    RMSE omega: 0.004477 | RMSE theta: 0.029044 | Loss: -1.4563 | Epoch: 1086
    Eq theta: 1.00000omega
    Eq omega: -0.003801 + -2.47526theta + -0.00074omega + 0.03492theta^2 + -0.01129theta omega + -0.74230omega^2

--- Chunk 25466 (167/220) | Start: 2024-11-16 13:35:00 ---
    RMSE omega: 0.004815 | RMSE theta: 0.026331 | Loss: -1.2057 | Epoch: 1087
    Eq theta: 1.00000omega
    Eq omega: 0.000381 + -0.00075theta + 0.00407omega + 0.00869theta^2 + -0.00291theta omega + -0.00019omega^2

--- Chunk 25467 (168/220) | Start: 2024-11-16 13:40:00 ---
    RMSE omega: 0.006914 | RMSE theta: 0.510904 | Loss: -33.3374 | Epoch: 2608
    Eq theta: 1.00000omega
    Eq omega: -0.001781 + 0.00005theta + 0.00111omega + 0.00002theta^2 + -0.00005theta omega + 0.00044omega^2

--- Chunk 25468 (169/220) | Start: 2024-11-16 13:45:00 ---
    RMSE omega: 0.004866 | RMSE theta: 0.043573 | Loss: -1.8182 | Epoch: 752
    Eq theta: 1.00000omega
    Eq omega: -0.006231 + -0.02891theta + -0.00316omega + -0.00399theta^2 + -0.00411theta omega + 0.00038omega^2

--- Chunk 25469 (170/220) | Start: 2024-11-16 13:50:00 ---
    RMSE omega: 0.004632 | RMSE theta: 0.100794 | Loss: -1.2054 | Epoch: 1546
    Eq theta: 1.00000omega
    Eq omega: 0.003381 + -0.04787theta + -0.00128omega + 0.00250theta^2 + 0.00144theta omega + 0.00504omega^2

--- Chunk 25470 (171/220) | Start: 2024-11-16 13:55:00 ---
    RMSE omega: 0.005052 | RMSE theta: 0.054834 | Loss: -0.5231 | Epoch: 1737
    Eq theta: 1.00000omega
    Eq omega: -0.002961 + 0.00063theta + 0.00154omega + -0.00123theta^2 + 0.00062theta omega + 0.00185omega^2

--- Chunk 25471 (172/220) | Start: 2024-11-16 14:00:00 ---
    RMSE omega: 0.056629 | RMSE theta: 0.554018 | Loss: 148.9110 | Epoch: 75
    Eq theta: 1.00000omega
    Eq omega: 0.001251 + -0.00466theta + -0.00046omega + -0.00001theta^2 + 0.00363theta omega + 0.00033omega^2

--- Chunk 25472 (173/220) | Start: 2024-11-16 14:05:00 ---
    RMSE omega: 0.005015 | RMSE theta: 0.092358 | Loss: -2.7660 | Epoch: 1317
    Eq theta: 1.00000omega
    Eq omega: 0.002441 + -0.00283theta + -0.00042omega + 0.00213theta^2 + -0.00132theta omega + 0.00377omega^2

--- Chunk 25473 (174/220) | Start: 2024-11-16 14:10:00 ---
    RMSE omega: nan | RMSE theta: nan | Loss: 74.8406 | Epoch: 48
    Eq theta: 1.00000omega
    Eq omega: nan1 + nantheta + nanomega + nantheta^2 + nantheta omega + nanomega^2

--- Chunk 25474 (175/220) | Start: 2024-11-16 14:15:00 ---
    RMSE omega: 0.004915 | RMSE theta: 0.100261 | Loss: 0.1382 | Epoch: 1836
    Eq theta: 1.00000omega
    Eq omega: 0.008121 + 0.00060theta + -0.00800omega + 0.00041theta^2 + -0.00075theta omega + 0.00117omega^2

--- Chunk 25475 (176/220) | Start: 2024-11-16 14:20:00 ---
    RMSE omega: 0.004151 | RMSE theta: 0.043002 | Loss: -2.0727 | Epoch: 1502
    Eq theta: 1.00000omega
    Eq omega: -0.028711 + -0.44428theta + -0.02478omega + 0.00361theta^2 + 0.00022theta omega + 0.00197omega^2

--- Chunk 25476 (177/220) | Start: 2024-11-16 14:25:00 ---
    RMSE omega: 0.005424 | RMSE theta: 0.300733 | Loss: 3.4245 | Epoch: 2395
    Eq theta: 1.00000omega
    Eq omega: -0.003681 + 0.00038theta + -0.18847omega + 0.00000theta^2 + -0.00028theta omega + 0.00072omega^2

--- Chunk 25477 (178/220) | Start: 2024-11-16 14:35:00 ---
    RMSE omega: 0.005268 | RMSE theta: 0.151700 | Loss: -1728.7823 | Epoch: 1638
    Eq theta: 1.00000omega
    Eq omega: -0.001441 + -0.00024theta + 0.00229omega + -0.00030theta^2 + -0.00086theta omega + 0.00165omega^2

--- Chunk 25478 (179/220) | Start: 2024-11-16 14:40:00 ---
    RMSE omega: 0.024349 | RMSE theta: 0.358692 | Loss: -243546.7969 | Epoch: 442
    Eq theta: 1.00000omega
    Eq omega: -0.002581 + -0.00000theta + -0.00413omega + 0.00126theta^2 + -0.00129theta omega + 0.00458omega^2

--- Chunk 25479 (180/220) | Start: 2024-11-16 14:45:00 ---
    RMSE omega: nan | RMSE theta: nan | Loss: 249.6501 | Epoch: 36
    Eq theta: 1.00000omega
    Eq omega: nan1 + nantheta + nanomega + nantheta^2 + nantheta omega + nanomega^2

--- Chunk 25480 (181/220) | Start: 2024-11-16 14:50:00 ---
    RMSE omega: 0.008754 | RMSE theta: 0.530563 | Loss: -47466640729949335923458048.0000 | Epoch: 1854
    Eq theta: 1.00000omega
    Eq omega: 0.000201 + -0.00017theta + -0.00032omega + 0.00008theta^2 + -0.00019theta omega + 0.00015omega^2

--- Chunk 25481 (182/220) | Start: 2024-11-16 14:55:00 ---
    RMSE omega: 0.011004 | RMSE theta: 0.200288 | Loss: 8.9519 | Epoch: 779
    Eq theta: 1.00000omega
    Eq omega: 0.003111 + 0.00188theta + -0.00082omega + 0.00043theta^2 + -0.01998theta omega + -0.00544omega^2

--- Chunk 25482 (183/220) | Start: 2024-11-16 15:00:00 ---
    RMSE omega: 0.007000 | RMSE theta: 0.107714 | Loss: -1.2512 | Epoch: 1122
    Eq theta: 1.00000omega
    Eq omega: 0.002591 + -0.87956theta + 0.01039omega + 0.00783theta^2 + 0.00006theta omega + -0.00314omega^2

--- Chunk 25483 (184/220) | Start: 2024-11-16 15:05:00 ---
    RMSE omega: 0.014406 | RMSE theta: 0.340731 | Loss: 9.4799 | Epoch: 2242
    Eq theta: 1.00000omega
    Eq omega: 0.000061 + -0.00007theta + 0.00062omega + 0.00002theta^2 + -0.00013theta omega + -0.00030omega^2

--- Chunk 25484 (185/220) | Start: 2024-11-16 15:10:00 ---
    RMSE omega: 0.059629 | RMSE theta: 1.228142 | Loss: 894.7307 | Epoch: 30
    Eq theta: 1.00000omega
    Eq omega: -0.002671 + -0.00072theta + -0.00670omega + -0.00005theta^2 + -0.00013theta omega + -0.00019omega^2

--- Chunk 25485 (186/220) | Start: 2024-11-16 15:15:00 ---
    RMSE omega: nan | RMSE theta: nan | Loss: 14431.2822 | Epoch: 15
    Eq theta: 1.00000omega
    Eq omega: nan1 + nantheta + nanomega + nantheta^2 + nantheta omega + nanomega^2

--- Chunk 25486 (187/220) | Start: 2024-11-16 15:20:00 ---
    RMSE omega: 0.012767 | RMSE theta: 1.032418 | Loss: -6928811.0000 | Epoch: 3110
    Eq theta: 1.00000omega
    Eq omega: -0.000001 + 0.00004theta + 0.00150omega + 0.00000theta^2 + -0.00001theta omega + -0.00010omega^2

--- Chunk 25487 (188/220) | Start: 2024-11-16 15:25:00 ---
    RMSE omega: 0.007191 | RMSE theta: 0.256198 | Loss: -8.3053 | Epoch: 1928
    Eq theta: 1.00000omega
    Eq omega: -0.000641 + -0.38027theta + -0.01053omega + 0.00013theta^2 + -0.00266theta omega + 0.00827omega^2

--- Chunk 25488 (189/220) | Start: 2024-11-16 15:30:00 ---
    RMSE omega: 0.005706 | RMSE theta: 0.034546 | Loss: -0.7825 | Epoch: 1208
    Eq theta: 1.00000omega
    Eq omega: 0.000521 + -0.00296theta + 0.00064omega + 0.00127theta^2 + -0.00131theta omega + -0.00117omega^2

--- Chunk 25489 (190/220) | Start: 2024-11-16 15:35:00 ---
    RMSE omega: nan | RMSE theta: nan | Loss: -3837914842082307991194493255680.0000 | Epoch: 2331
    Eq theta: 1.00000omega
    Eq omega: nan1 + nantheta + nanomega + nantheta^2 + nantheta omega + nanomega^2

--- Chunk 25490 (191/220) | Start: 2024-11-16 15:40:00 ---
    RMSE omega: nan | RMSE theta: nan | Loss: 494.7971 | Epoch: 23
    Eq theta: 1.00000omega
    Eq omega: nan1 + nantheta + nanomega + nantheta^2 + nantheta omega + nanomega^2

--- Chunk 25491 (192/220) | Start: 2024-11-16 15:45:00 ---
    RMSE omega: nan | RMSE theta: nan | Loss: 4905.1353 | Epoch: 38
    Eq theta: 1.00000omega
    Eq omega: nan1 + nantheta + nanomega + nantheta^2 + nantheta omega + nanomega^2

--- Chunk 25492 (193/220) | Start: 2024-11-16 15:50:00 ---
    RMSE omega: nan | RMSE theta: nan | Loss: 2831.0942 | Epoch: 34
    Eq theta: 1.00000omega
    Eq omega: nan1 + nantheta + nanomega + nantheta^2 + nantheta omega + nanomega^2

--- Chunk 25493 (194/220) | Start: 2024-11-16 15:55:00 ---
    RMSE omega: 0.018644 | RMSE theta: 0.391911 | Loss: 403.0585 | Epoch: 1017
    Eq theta: 1.00000omega
    Eq omega: 0.006611 + -0.00010theta + 0.03717omega + -0.00121theta^2 + -0.00001theta omega + 0.00029omega^2

--- Chunk 25494 (195/220) | Start: 2024-11-16 16:00:00 ---
    RMSE omega: 0.013282 | RMSE theta: 1.336938 | Loss: -432042944.0000 | Epoch: 4453
    Eq theta: 1.00000omega
    Eq omega: -0.006671 + 0.00021theta + 0.00377omega + -0.00004theta^2 + -0.00004theta omega + -0.00034omega^2

--- Chunk 25495 (196/220) | Start: 2024-11-16 16:05:00 ---
    RMSE omega: nan | RMSE theta: nan | Loss: 272.6858 | Epoch: 91
    Eq theta: 1.00000omega
    Eq omega: nan1 + nantheta + nanomega + nantheta^2 + nantheta omega + nanomega^2

--- Chunk 25496 (197/220) | Start: 2024-11-16 16:10:00 ---
    RMSE omega: 0.027627 | RMSE theta: 0.592473 | Loss: 58.5277 | Epoch: 4287
    Eq theta: 1.00000omega
    Eq omega: -0.000941 + -0.04671theta + -0.00629omega + -0.00001theta^2 + -0.00028theta omega + 0.00011omega^2

--- Chunk 25497 (198/220) | Start: 2024-11-16 16:15:00 ---
    RMSE omega: 0.040791 | RMSE theta: 2.461878 | Loss: 959.9503 | Epoch: 28
    Eq theta: 1.00000omega
    Eq omega: -0.027651 + -0.00620theta + -0.00653omega + -0.00047theta^2 + -0.00075theta omega + -0.00005omega^2

--- Chunk 25498 (199/220) | Start: 2024-11-16 16:20:00 ---
    RMSE omega: 0.006610 | RMSE theta: 0.134947 | Loss: 0.6100 | Epoch: 1547
    Eq theta: 1.00000omega
    Eq omega: 0.008081 + 0.00128theta + 0.00354omega + -0.00210theta^2 + -0.00076theta omega + 0.00378omega^2

--- Chunk 25499 (200/220) | Start: 2024-11-16 16:25:00 ---
    RMSE omega: 0.005531 | RMSE theta: 0.066284 | Loss: -33623.4531 | Epoch: 1819
    Eq theta: 1.00000omega
    Eq omega: 0.000121 + -0.00028theta + -0.00021omega + 0.00004theta^2 + -0.00027theta omega + 0.00001omega^2

  [Progress 200/220] Mean RMSE omega: 0.024356 | Mean loss: -585447301045647377785736396800.0000 | Valid: 148/200 | Elapsed: 94.3min | ETA: 9.4min

--- Chunk 25500 (201/220) | Start: 2024-11-16 16:30:00 ---
    RMSE omega: 0.004986 | RMSE theta: 0.026040 | Loss: -1.3508 | Epoch: 1214
    Eq theta: 1.00000omega
    Eq omega: 0.000041 + 0.00004theta + -0.00063omega + -0.00009theta^2 + -0.00051theta omega + 0.00103omega^2

--- Chunk 25501 (202/220) | Start: 2024-11-16 16:35:00 ---
    RMSE omega: 0.007329 | RMSE theta: 0.254997 | Loss: -1092660.1250 | Epoch: 3085
    Eq theta: 1.00000omega
    Eq omega: 0.006601 + -0.00090theta + 0.00088omega + 0.00012theta^2 + -0.00017theta omega + -0.00003omega^2

--- Chunk 25502 (203/220) | Start: 2024-11-16 16:40:00 ---
    RMSE omega: 0.005286 | RMSE theta: 0.116816 | Loss: -2.1086 | Epoch: 1719
    Eq theta: 1.00000omega
    Eq omega: -0.004471 + -0.47635theta + -0.00998omega + -0.00079theta^2 + -0.00706theta omega + 0.00301omega^2

--- Chunk 25503 (204/220) | Start: 2024-11-16 16:45:00 ---
    RMSE omega: 0.048391 | RMSE theta: 0.485138 | Loss: 204.7753 | Epoch: 72
    Eq theta: 1.00000omega
    Eq omega: -0.002981 + -0.00618theta + 0.00172omega + -0.00179theta^2 + 0.00113theta omega + -0.00274omega^2

--- Chunk 25504 (205/220) | Start: 2024-11-16 16:50:00 ---
    RMSE omega: 0.007317 | RMSE theta: 0.179584 | Loss: -0.8021 | Epoch: 1955
    Eq theta: 1.00000omega
    Eq omega: -0.008691 + -0.26688theta + -0.00894omega + -0.04170theta^2 + 0.21335theta omega + 0.00720omega^2

--- Chunk 25505 (206/220) | Start: 2024-11-16 16:55:00 ---
    RMSE omega: 0.007279 | RMSE theta: 0.284519 | Loss: -3.0126 | Epoch: 2471
    Eq theta: 1.00000omega
    Eq omega: 0.000901 + -0.00100theta + 0.00059omega + 0.00103theta^2 + 0.00076theta omega + 0.00107omega^2

--- Chunk 25506 (207/220) | Start: 2024-11-16 17:00:00 ---
    RMSE omega: 0.005610 | RMSE theta: 0.127481 | Loss: -0.4822 | Epoch: 1949
    Eq theta: 1.00000omega
    Eq omega: 0.000491 + 0.00001theta + -0.00005omega + 0.00004theta^2 + 0.00002theta omega + -0.00039omega^2

--- Chunk 25507 (208/220) | Start: 2024-11-16 17:05:00 ---
    RMSE omega: 0.018200 | RMSE theta: 0.747800 | Loss: -115984.2266 | Epoch: 746
    Eq theta: 1.00000omega
    Eq omega: -0.000211 + -0.00001theta + -0.00027omega + -0.00001theta^2 + -0.00001theta omega + -0.00007omega^2

--- Chunk 25508 (209/220) | Start: 2024-11-16 17:10:00 ---
    RMSE omega: 0.006529 | RMSE theta: 0.182718 | Loss: 5.1894 | Epoch: 3132
    Eq theta: 1.00000omega
    Eq omega: -0.001931 + -0.00018theta + -0.00054omega + -0.00000theta^2 + -0.00021theta omega + 0.00023omega^2

--- Chunk 25509 (210/220) | Start: 2024-11-16 17:15:00 ---
    RMSE omega: 0.007731 | RMSE theta: 0.364317 | Loss: 13.5205 | Epoch: 2684
    Eq theta: 1.00000omega
    Eq omega: 0.001641 + 0.00025theta + -0.00075omega + -0.00002theta^2 + 0.00001theta omega + -0.00016omega^2

--- Chunk 25510 (211/220) | Start: 2024-11-16 17:20:00 ---
    RMSE omega: nan | RMSE theta: nan | Loss: 4422.1270 | Epoch: 32
    Eq theta: 1.00000omega
    Eq omega: nan1 + nantheta + nanomega + nantheta^2 + nantheta omega + nanomega^2

--- Chunk 25511 (212/220) | Start: 2024-11-16 17:25:00 ---
    RMSE omega: nan | RMSE theta: nan | Loss: 432.0111 | Epoch: 260
    Eq theta: 1.00000omega
    Eq omega: nan1 + nantheta + nanomega + nantheta^2 + nantheta omega + nanomega^2

--- Chunk 25512 (213/220) | Start: 2024-11-16 17:30:00 ---
    RMSE omega: nan | RMSE theta: nan | Loss: 2401.2986 | Epoch: 66
    Eq theta: 1.00000omega
    Eq omega: nan1 + nantheta + nanomega + nantheta^2 + nantheta omega + nanomega^2

--- Chunk 25513 (214/220) | Start: 2024-11-16 17:35:00 ---
    RMSE omega: nan | RMSE theta: nan | Loss: 3894.0181 | Epoch: 36
    Eq theta: 1.00000omega
    Eq omega: nan1 + nantheta + nanomega + nantheta^2 + nantheta omega + nanomega^2

--- Chunk 25514 (215/220) | Start: 2024-11-16 17:40:00 ---
    RMSE omega: 0.014443 | RMSE theta: 0.722752 | Loss: -5741994697103628486836224.0000 | Epoch: 5113
    Eq theta: 1.00000omega
    Eq omega: -0.109441 + 0.00003theta + -0.00018omega + -0.00002theta^2 + 0.00000theta omega + 0.00007omega^2

--- Chunk 25515 (216/220) | Start: 2024-11-16 17:45:00 ---
    RMSE omega: nan | RMSE theta: nan | Loss: 1580.1973 | Epoch: 39
    Eq theta: 1.00000omega
    Eq omega: nan1 + nantheta + nanomega + nantheta^2 + nantheta omega + nanomega^2

--- Chunk 25516 (217/220) | Start: 2024-11-16 17:50:00 ---
    RMSE omega: nan | RMSE theta: nan | Loss: 369.7167 | Epoch: 38
    Eq theta: 1.00000omega
    Eq omega: nan1 + nantheta + nanomega + nantheta^2 + nantheta omega + nanomega^2

--- Chunk 25517 (218/220) | Start: 2024-11-16 17:55:00 ---
    RMSE omega: 0.016976 | RMSE theta: 0.267552 | Loss: 43.0994 | Epoch: 1120
    Eq theta: 1.00000omega
    Eq omega: 0.001171 + 0.00025theta + -0.00011omega + -0.00001theta^2 + -0.00011theta omega + -0.00019omega^2

--- Chunk 25518 (219/220) | Start: 2024-11-16 18:00:00 ---
    RMSE omega: 0.007162 | RMSE theta: 0.139962 | Loss: -2.0669 | Epoch: 1456
    Eq theta: 1.00000omega
    Eq omega: 0.003791 + -0.00153theta + 0.00028omega + 0.00016theta^2 + 0.00007theta omega + 0.00133omega^2

--- Chunk 25519 (220/220) | Start: 2024-11-16 18:05:00 ---
    RMSE omega: 0.011292 | RMSE theta: 0.123652 | Loss: -54744788.0000 | Epoch: 1122
    Eq theta: 1.00000omega
    Eq omega: -0.075481 + -0.00245theta + -0.02730omega + 0.28074theta^2 + -0.00336theta omega + 0.00220omega^2

  [Progress 220/220] Mean RMSE omega: 0.023291 | Mean loss: -532224845232382604282957922304.0000 | Valid: 162/220 | Elapsed: 105.1min | ETA: 0.0min

============================================================
EVALUATION COMPLETE — Chunks [25300, 25519]
============================================================
Chunks processed: 220
Chunks succeeded: 162 (73.6%)
Mean RMSE omega:  0.023291 ± 0.093642
Mean RMSE theta:  0.712191 ± 3.282232
Mean RMSE total:  0.503982
Mean Loss:        -532224845232382604282957922304.0000 ± 5466077726425030444028566437888.0000
Elapsed time:     105.1 minutes

Per-chunk CSV: /pfs/data6/home/ka/ka_iai/ka_bj2362/dsr/svise/results_5min_all_chunks/run_SLURM_3708675/chunks_25300_to_25519_20260320_061200.csv
Summary JSON:  /pfs/data6/home/ka/ka_iai/ka_bj2362/dsr/svise/results_5min_all_chunks/run_SLURM_3708675/summary_25300_to_25519_20260320_061200.json
============================================================

============================= JOB FEEDBACK =============================

NodeName=uc3n001
Job ID: 3709206
Array Job ID: 3708675_115
Cluster: uc3
User/Group: ka_bj2362/ka_iai
State: COMPLETED (exit code 0)
Nodes: 1
Cores per node: 4
CPU Utilized: 01:44:12
CPU Efficiency: 24.70% of 07:01:48 core-walltime
Job Wall-clock time: 01:45:27
Memory Utilized: 3.23 GB
Memory Efficiency: 26.88% of 12.00 GB (12.00 GB/node)
