Array task 264: processing chunks 58080 to 58299
Loading data from /pfs/data6/home/ka/ka_iai/ka_bj2362/dsr/svise/../dataset/South_Korea_2024-08-15_2025-08-31_1s.parquet...
Finding all valid 5-minute chunks in the dataset...
Found 107059 valid 5-minute chunks in total.

============================================================
SVISE FINAL EVALUATION — ALL CHUNKS
============================================================
Hyperparameters: {
  "model": "integrator",
  "sigma": 0,
  "degree": 2,
  "tau": 1e-05,
  "lr": 0.1,
  "n_tau": 100,
  "measurement_noise": 0.001,
  "n_reparam_samples": 15
}
Total valid chunks in dataset: 107059
Processing chunk range: [58080, 58299] (220 chunks)
Early stopping: patience=300, max_epochs=10000
============================================================


--- Chunk 58080 (1/220) | Start: 2025-03-14 09:45:00 ---
/pfs/data6/home/ka/ka_iai/ka_bj2362/dsr/svise/svise/sde_learning/_marginal_sde.py:284: UserWarning: torch.triangular_solve is deprecated in favor of torch.linalg.solve_triangularand will be removed in a future PyTorch release.
torch.linalg.solve_triangular has its arguments reversed and does not return a copy of one of the inputs.
X = torch.triangular_solve(B, A).solution
should be replaced with
X = torch.linalg.solve_triangular(A, B). (Triggered internally at ../aten/src/ATen/native/BatchLinearAlgebra.cpp:2192.)
  return torch.triangular_solve(self.raw_w, self.C.t()).solution
/pfs/data6/home/ka/ka_iai/ka_bj2362/dsr/svise/svise/quadrature/_unbiased_quadrature.py:196: UserWarning: Interp is nan, reducing interp degree.
  warnings.warn("Interp is nan, reducing interp degree.")
/pfs/data6/home/ka/ka_iai/ka_bj2362/dsr/svise/svise/quadrature/_unbiased_quadrature.py:174: UserWarning: NaN detected in fxq (quadrature node evaluations). Clamping to 0.
  warnings.warn("NaN detected in fxq (quadrature node evaluations). Clamping to 0.")
/pfs/data6/home/ka/ka_iai/ka_bj2362/dsr/svise/svise/quadrature/_unbiased_quadrature.py:177: UserWarning: NaN detected in fmc (Monte-Carlo node evaluations). Clamping to 0.
  warnings.warn("NaN detected in fmc (Monte-Carlo node evaluations). Clamping to 0.")
    RMSE omega: nan | RMSE theta: nan | Loss: 100.3983 | Epoch: 22
    Eq theta: 1.00000omega
    Eq omega: nan1 + nantheta + nanomega + nantheta^2 + nantheta omega + nanomega^2

--- Chunk 58081 (2/220) | Start: 2025-03-14 09:50:00 ---
    RMSE omega: 0.005092 | RMSE theta: 0.040026 | Loss: 1.5115 | Epoch: 1836
    Eq theta: 1.00000omega
    Eq omega: 0.005961 + 0.00036theta + -0.00133omega + 0.00010theta^2 + 0.00009theta omega + -0.00073omega^2

--- Chunk 58082 (3/220) | Start: 2025-03-14 09:55:00 ---
    RMSE omega: 0.008565 | RMSE theta: 0.531726 | Loss: -7445504589306188005376.0000 | Epoch: 2325
    Eq theta: 1.00000omega
    Eq omega: -0.000391 + -0.00002theta + -0.00099omega + 0.00019theta^2 + -0.00007theta omega + 0.00001omega^2

--- Chunk 58083 (4/220) | Start: 2025-03-14 10:00:00 ---
    RMSE omega: nan | RMSE theta: nan | Loss: 176.6105 | Epoch: 24
    Eq theta: 1.00000omega
    Eq omega: nan1 + nantheta + nanomega + nantheta^2 + nantheta omega + nanomega^2

--- Chunk 58084 (5/220) | Start: 2025-03-14 10:05:00 ---
    RMSE omega: 0.006530 | RMSE theta: 0.057924 | Loss: -72.5535 | Epoch: 1269
    Eq theta: 1.00000omega
    Eq omega: 0.000491 + 0.00015theta + -0.00122omega + 0.00003theta^2 + -0.00015theta omega + 0.00017omega^2

--- Chunk 58085 (6/220) | Start: 2025-03-14 10:10:00 ---
    RMSE omega: 0.072814 | RMSE theta: 0.943599 | Loss: 371.2456 | Epoch: 36
    Eq theta: 1.00000omega
    Eq omega: -0.000801 + -0.00060theta + 0.00075omega + 0.00034theta^2 + -0.00099theta omega + -0.00113omega^2

--- Chunk 58086 (7/220) | Start: 2025-03-14 10:15:00 ---
    RMSE omega: 0.004754 | RMSE theta: 0.150426 | Loss: -0.0315 | Epoch: 2034
    Eq theta: 1.00000omega
    Eq omega: 0.001171 + -0.00007theta + 0.00182omega + 0.00012theta^2 + 0.00041theta omega + 0.00049omega^2

--- Chunk 58087 (8/220) | Start: 2025-03-14 10:20:00 ---
    RMSE omega: nan | RMSE theta: nan | Loss: -11367120047128270109409280.0000 | Epoch: 3184
    Eq theta: 1.00000omega
    Eq omega: nan1 + nantheta + nanomega + nantheta^2 + nantheta omega + nanomega^2

--- Chunk 58088 (9/220) | Start: 2025-03-14 10:25:00 ---
    RMSE omega: 0.107214 | RMSE theta: 2.483974 | Loss: -296302713765888.0000 | Epoch: 1646
    Eq theta: 1.00000omega
    Eq omega: 0.003291 + -0.00619theta + -0.00345omega + -0.00032theta^2 + 0.00014theta omega + 0.00026omega^2

--- Chunk 58089 (10/220) | Start: 2025-03-14 10:30:00 ---
    RMSE omega: nan | RMSE theta: nan | Loss: 1408.0918 | Epoch: 16
    Eq theta: 1.00000omega
    Eq omega: nan1 + nantheta + nanomega + nantheta^2 + nantheta omega + nanomega^2

--- Chunk 58090 (11/220) | Start: 2025-03-14 10:35:00 ---
    RMSE omega: 0.004784 | RMSE theta: 0.130901 | Loss: -0.6427 | Epoch: 2161
    Eq theta: 1.00000omega
    Eq omega: 0.008311 + -0.00035theta + 0.00151omega + -0.00007theta^2 + -0.00174theta omega + -0.00007omega^2

--- Chunk 58091 (12/220) | Start: 2025-03-14 10:40:00 ---
    RMSE omega: 0.006685 | RMSE theta: 0.170452 | Loss: -5708146651110628369891328.0000 | Epoch: 2229
    Eq theta: 1.00000omega
    Eq omega: 0.005381 + -0.00547theta + -0.00121omega + -0.00179theta^2 + -0.00189theta omega + -0.00541omega^2

--- Chunk 58092 (13/220) | Start: 2025-03-14 10:45:00 ---
    RMSE omega: 0.005293 | RMSE theta: 0.190786 | Loss: -95.9388 | Epoch: 2702
    Eq theta: 1.00000omega
    Eq omega: -0.000281 + 0.00123theta + -0.00315omega + -0.00276theta^2 + -0.00036theta omega + 0.00026omega^2

--- Chunk 58093 (14/220) | Start: 2025-03-14 10:50:00 ---
    RMSE omega: 0.032145 | RMSE theta: 0.261161 | Loss: -2217.7168 | Epoch: 438
    Eq theta: 1.00000omega
    Eq omega: 0.000071 + -0.00004theta + -0.00093omega + -0.00004theta^2 + 0.00002theta omega + -0.00064omega^2

--- Chunk 58094 (15/220) | Start: 2025-03-14 10:55:00 ---
    RMSE omega: 0.008175 | RMSE theta: 0.162107 | Loss: -6542.0610 | Epoch: 1683
    Eq theta: 1.00000omega
    Eq omega: 0.002741 + 0.00244theta + -0.01092omega + 0.00036theta^2 + -0.00052theta omega + 0.00018omega^2

--- Chunk 58095 (16/220) | Start: 2025-03-14 11:00:00 ---
    RMSE omega: 0.004435 | RMSE theta: 0.117201 | Loss: -2.2977 | Epoch: 804
    Eq theta: 1.00000omega
    Eq omega: 0.000011 + -0.00121theta + -0.01300omega + -0.00011theta^2 + -0.00308theta omega + 0.00031omega^2

--- Chunk 58096 (17/220) | Start: 2025-03-14 11:05:00 ---
    RMSE omega: 0.021019 | RMSE theta: 0.204913 | Loss: 40.0029 | Epoch: 88
    Eq theta: 1.00000omega
    Eq omega: 0.004511 + -0.00020theta + -0.00131omega + 0.00284theta^2 + -0.00186theta omega + -0.00388omega^2

--- Chunk 58097 (18/220) | Start: 2025-03-14 11:10:00 ---
    RMSE omega: 0.004340 | RMSE theta: 0.115638 | Loss: -1.2123 | Epoch: 2265
    Eq theta: 1.00000omega
    Eq omega: -0.002951 + 0.00056theta + 0.00169omega + -0.00036theta^2 + 0.00002theta omega + 0.01097omega^2

--- Chunk 58098 (19/220) | Start: 2025-03-14 11:15:00 ---
    RMSE omega: 0.005094 | RMSE theta: 0.018038 | Loss: -1.0706 | Epoch: 896
    Eq theta: 1.00000omega
    Eq omega: 0.011421 + 0.00868theta + -0.05320omega + -0.03521theta^2 + -0.04286theta omega + -0.00038omega^2

--- Chunk 58099 (20/220) | Start: 2025-03-14 11:20:00 ---
    RMSE omega: 0.039080 | RMSE theta: 0.512454 | Loss: 83.4966 | Epoch: 363
    Eq theta: 1.00000omega
    Eq omega: -0.001371 + -0.00169theta + 0.00110omega + -0.00050theta^2 + -0.00025theta omega + -0.00205omega^2

--- Chunk 58100 (21/220) | Start: 2025-03-14 11:25:00 ---
    RMSE omega: 0.064800 | RMSE theta: 1.381347 | Loss: 507.6294 | Epoch: 40
    Eq theta: 1.00000omega
    Eq omega: 0.000931 + -0.00450theta + -0.00468omega + -0.00030theta^2 + 0.00072theta omega + -0.00151omega^2

--- Chunk 58101 (22/220) | Start: 2025-03-14 11:30:00 ---
    RMSE omega: 0.003980 | RMSE theta: 0.053983 | Loss: -2.2866 | Epoch: 1982
    Eq theta: 1.00000omega
    Eq omega: -0.016291 + -0.45356theta + -0.00315omega + -0.00344theta^2 + -0.00121theta omega + -0.01765omega^2

--- Chunk 58102 (23/220) | Start: 2025-03-14 11:35:00 ---
    RMSE omega: 0.005492 | RMSE theta: 0.056883 | Loss: -1.2749 | Epoch: 2313
    Eq theta: 1.00000omega
    Eq omega: -0.001161 + -0.00001theta + 0.00016omega + 0.00044theta^2 + -0.00009theta omega + -0.00068omega^2

--- Chunk 58103 (24/220) | Start: 2025-03-14 11:40:00 ---
    RMSE omega: nan | RMSE theta: nan | Loss: 146.3268 | Epoch: 35
    Eq theta: 1.00000omega
    Eq omega: nan1 + nantheta + nanomega + nantheta^2 + nantheta omega + nanomega^2

--- Chunk 58104 (25/220) | Start: 2025-03-14 11:45:00 ---
    RMSE omega: nan | RMSE theta: nan | Loss: 13.9067 | Epoch: 68
    Eq theta: 1.00000omega
    Eq omega: nan1 + nantheta + nanomega + nantheta^2 + nantheta omega + nanomega^2

--- Chunk 58105 (26/220) | Start: 2025-03-14 11:50:00 ---
    RMSE omega: 0.004043 | RMSE theta: 0.033080 | Loss: -3.1661 | Epoch: 1991
    Eq theta: 1.00000omega
    Eq omega: -0.044141 + -3.00421theta + 0.00627omega + 0.85434theta^2 + -0.01289theta omega + -0.02069omega^2

--- Chunk 58106 (27/220) | Start: 2025-03-14 11:55:00 ---
    RMSE omega: 0.004780 | RMSE theta: 0.027657 | Loss: -0.3417 | Epoch: 1598
    Eq theta: 1.00000omega
    Eq omega: 0.001251 + -0.02450theta + -0.00120omega + 0.00371theta^2 + 0.00269theta omega + 0.00201omega^2

--- Chunk 58107 (28/220) | Start: 2025-03-14 12:00:00 ---
    RMSE omega: 0.025273 | RMSE theta: 0.292691 | Loss: -7814197.0000 | Epoch: 1243
    Eq theta: 1.00000omega
    Eq omega: -0.000501 + -0.00387theta + 0.00159omega + -0.00104theta^2 + -0.00014theta omega + -0.00789omega^2

--- Chunk 58108 (29/220) | Start: 2025-03-14 12:05:00 ---
    RMSE omega: nan | RMSE theta: nan | Loss: 92.0601 | Epoch: 47
    Eq theta: 1.00000omega
    Eq omega: nan1 + nantheta + nanomega + nantheta^2 + nantheta omega + nanomega^2

--- Chunk 58109 (30/220) | Start: 2025-03-14 12:10:00 ---
    RMSE omega: nan | RMSE theta: nan | Loss: 224.5670 | Epoch: 36
    Eq theta: 1.00000omega
    Eq omega: nan1 + nantheta + nanomega + nantheta^2 + nantheta omega + nanomega^2

--- Chunk 58110 (31/220) | Start: 2025-03-14 12:15:00 ---
    RMSE omega: 0.005389 | RMSE theta: 0.185135 | Loss: -1.3663 | Epoch: 1008
    Eq theta: 1.00000omega
    Eq omega: 0.001821 + 0.00294theta + -0.00486omega + -0.00030theta^2 + -0.00012theta omega + -0.00026omega^2

--- Chunk 58111 (32/220) | Start: 2025-03-14 12:20:00 ---
    RMSE omega: 0.004509 | RMSE theta: 0.139925 | Loss: -1.2184 | Epoch: 1915
    Eq theta: 1.00000omega
    Eq omega: -0.003981 + -0.00103theta + -0.00213omega + -0.00105theta^2 + -0.00075theta omega + -0.00333omega^2

--- Chunk 58112 (33/220) | Start: 2025-03-14 12:25:00 ---
    RMSE omega: 0.035900 | RMSE theta: 0.618535 | Loss: -5694.5376 | Epoch: 396
    Eq theta: 1.00000omega
    Eq omega: -0.000711 + -0.00614theta + 0.00043omega + -0.00379theta^2 + -0.00008theta omega + 0.00106omega^2

--- Chunk 58113 (34/220) | Start: 2025-03-14 12:30:00 ---
    RMSE omega: 0.004431 | RMSE theta: 0.053283 | Loss: -1.9978 | Epoch: 1470
    Eq theta: 1.00000omega
    Eq omega: -0.002291 + -0.92575theta + 0.02687omega + -0.02526theta^2 + 0.56235theta omega + 0.12433omega^2

--- Chunk 58114 (35/220) | Start: 2025-03-14 12:35:00 ---
    RMSE omega: 0.045734 | RMSE theta: 0.703388 | Loss: 166.1266 | Epoch: 27
    Eq theta: 1.00000omega
    Eq omega: 0.000241 + -0.00108theta + -0.00024omega + 0.00057theta^2 + 0.00080theta omega + 0.00385omega^2

--- Chunk 58115 (36/220) | Start: 2025-03-14 12:40:00 ---
    RMSE omega: 0.004738 | RMSE theta: 0.078319 | Loss: 0.4280 | Epoch: 1681
    Eq theta: 1.00000omega
    Eq omega: -0.001921 + -0.00193theta + -0.00170omega + -0.00027theta^2 + 0.00034theta omega + 0.00162omega^2

--- Chunk 58116 (37/220) | Start: 2025-03-14 12:45:00 ---
    RMSE omega: 0.024289 | RMSE theta: 0.207189 | Loss: 34.3762 | Epoch: 56
    Eq theta: 1.00000omega
    Eq omega: -0.008901 + -0.00212theta + -0.00287omega + 0.00564theta^2 + -0.00228theta omega + -0.00187omega^2

--- Chunk 58117 (38/220) | Start: 2025-03-14 12:50:00 ---
    RMSE omega: 0.004761 | RMSE theta: 0.159593 | Loss: -0.8297 | Epoch: 2032
    Eq theta: 1.00000omega
    Eq omega: -0.004381 + -0.00112theta + 0.00169omega + 0.00052theta^2 + 0.00118theta omega + -0.00424omega^2

--- Chunk 58118 (39/220) | Start: 2025-03-14 12:55:00 ---
    RMSE omega: 0.006558 | RMSE theta: 0.713769 | Loss: -13973042006796520371781632.0000 | Epoch: 4427
    Eq theta: 1.00000omega
    Eq omega: -0.009201 + -0.03794theta + -0.02074omega + -0.00350theta^2 + 0.00110theta omega + -0.00050omega^2

--- Chunk 58119 (40/220) | Start: 2025-03-14 13:00:00 ---
    RMSE omega: 0.066262 | RMSE theta: 0.817024 | Loss: 375.2867 | Epoch: 42
    Eq theta: 1.00000omega
    Eq omega: 0.001801 + 0.00109theta + 0.01633omega + -0.00217theta^2 + -0.00223theta omega + -0.00646omega^2

--- Chunk 58120 (41/220) | Start: 2025-03-14 13:05:00 ---
    RMSE omega: 0.011737 | RMSE theta: 0.070403 | Loss: 6.1627 | Epoch: 146
    Eq theta: 1.00000omega
    Eq omega: 0.000121 + -0.10880theta + 0.00662omega + -0.00003theta^2 + 0.00853theta omega + 0.00043omega^2

--- Chunk 58121 (42/220) | Start: 2025-03-14 13:10:00 ---
    RMSE omega: 0.005420 | RMSE theta: 0.108933 | Loss: -1.3344 | Epoch: 1452
    Eq theta: 1.00000omega
    Eq omega: -0.026021 + -1.34175theta + 0.19952omega + 0.56459theta^2 + -0.01353theta omega + -0.11297omega^2

--- Chunk 58122 (43/220) | Start: 2025-03-14 13:15:00 ---
    RMSE omega: 0.003564 | RMSE theta: 0.048274 | Loss: -2.2281 | Epoch: 1255
    Eq theta: 1.00000omega
    Eq omega: 0.000041 + 0.00098theta + -0.00158omega + -0.00068theta^2 + -0.00063theta omega + -0.00088omega^2

--- Chunk 58123 (44/220) | Start: 2025-03-14 13:20:00 ---
    RMSE omega: nan | RMSE theta: nan | Loss: -268131191190623364459790336.0000 | Epoch: 1914
    Eq theta: 1.00000omega
    Eq omega: nan1 + nantheta + nanomega + nantheta^2 + nantheta omega + nanomega^2

--- Chunk 58124 (45/220) | Start: 2025-03-14 13:25:00 ---
    RMSE omega: 0.005041 | RMSE theta: 0.091132 | Loss: -0.9318 | Epoch: 1340
    Eq theta: 1.00000omega
    Eq omega: -0.001641 + -0.00137theta + -0.00050omega + 0.00023theta^2 + -0.00239theta omega + 0.00473omega^2

--- Chunk 58125 (46/220) | Start: 2025-03-14 13:30:00 ---
    RMSE omega: 0.004671 | RMSE theta: 0.035008 | Loss: -1.7634 | Epoch: 832
    Eq theta: 1.00000omega
    Eq omega: -0.003061 + -3.69384theta + -0.01577omega + 0.00501theta^2 + -0.01981theta omega + -0.04248omega^2

--- Chunk 58126 (47/220) | Start: 2025-03-14 13:35:00 ---
    RMSE omega: 0.041049 | RMSE theta: 0.717494 | Loss: 274.3818 | Epoch: 42
    Eq theta: 1.00000omega
    Eq omega: 0.000651 + -0.00086theta + 0.00115omega + 0.00004theta^2 + -0.00010theta omega + -0.00010omega^2

--- Chunk 58127 (48/220) | Start: 2025-03-14 13:40:00 ---
    RMSE omega: 0.008997 | RMSE theta: 0.114474 | Loss: -1079754624.0000 | Epoch: 1112
    Eq theta: 1.00000omega
    Eq omega: -0.009211 + -1.29983theta + -0.03315omega + -0.99551theta^2 + -0.02793theta omega + 0.01348omega^2

--- Chunk 58128 (49/220) | Start: 2025-03-14 13:45:00 ---
    RMSE omega: 0.005913 | RMSE theta: 0.122555 | Loss: -0.6876 | Epoch: 1827
    Eq theta: 1.00000omega
    Eq omega: 0.003161 + 0.00346theta + -0.00219omega + 0.00144theta^2 + 0.00015theta omega + 0.00116omega^2

--- Chunk 58129 (50/220) | Start: 2025-03-14 13:50:00 ---
    RMSE omega: 0.014893 | RMSE theta: 0.249078 | Loss: 30.5893 | Epoch: 598
    Eq theta: 1.00000omega
    Eq omega: 0.000951 + 0.00148theta + 0.00196omega + 0.00314theta^2 + -0.00015theta omega + 0.00045omega^2

  [Progress 50/220] Mean RMSE omega: 0.018250 | Mean loss: -5983738908010887814053888.0000 | Valid: 41/50 | Elapsed: 21.5min | ETA: 73.0min

--- Chunk 58130 (51/220) | Start: 2025-03-14 13:55:00 ---
    RMSE omega: nan | RMSE theta: nan | Loss: 511.9689 | Epoch: 16
    Eq theta: 1.00000omega
    Eq omega: nan1 + nantheta + nanomega + nantheta^2 + nantheta omega + nanomega^2

--- Chunk 58131 (52/220) | Start: 2025-03-14 14:00:00 ---
    RMSE omega: 0.066458 | RMSE theta: 0.590039 | Loss: 166.5487 | Epoch: 514
    Eq theta: 1.00000omega
    Eq omega: 0.002311 + -0.00042theta + -0.00049omega + -0.00006theta^2 + 0.00018theta omega + 0.00015omega^2

--- Chunk 58132 (53/220) | Start: 2025-03-14 14:05:00 ---
    RMSE omega: 0.003947 | RMSE theta: 0.033612 | Loss: -1.9591 | Epoch: 1470
    Eq theta: 1.00000omega
    Eq omega: 0.001381 + -0.04492theta + 0.01563omega + 0.00125theta^2 + -0.01423theta omega + 0.00717omega^2

--- Chunk 58133 (54/220) | Start: 2025-03-14 14:10:00 ---
    RMSE omega: nan | RMSE theta: nan | Loss: 290.1572 | Epoch: 28
    Eq theta: 1.00000omega
    Eq omega: nan1 + nantheta + nanomega + nantheta^2 + nantheta omega + nanomega^2

--- Chunk 58134 (55/220) | Start: 2025-03-14 14:15:00 ---
    RMSE omega: 0.003630 | RMSE theta: 0.066585 | Loss: -1.3635 | Epoch: 1966
    Eq theta: 1.00000omega
    Eq omega: -0.003461 + -0.00045theta + -0.00271omega + -0.00018theta^2 + 0.00029theta omega + 0.00164omega^2

--- Chunk 58135 (56/220) | Start: 2025-03-14 14:20:00 ---
    RMSE omega: nan | RMSE theta: nan | Loss: -51402001472760578048.0000 | Epoch: 663
    Eq theta: 1.00000omega
    Eq omega: nan1 + nantheta + nanomega + nantheta^2 + nantheta omega + nanomega^2

--- Chunk 58136 (57/220) | Start: 2025-03-14 14:25:00 ---
    RMSE omega: 0.015258 | RMSE theta: 0.089757 | Loss: -97.1161 | Epoch: 543
    Eq theta: 1.00000omega
    Eq omega: 0.014771 + 0.00031theta + 0.00494omega + -0.00128theta^2 + 0.00563theta omega + 0.00064omega^2

--- Chunk 58137 (58/220) | Start: 2025-03-14 14:30:00 ---
    RMSE omega: nan | RMSE theta: nan | Loss: 46.0817 | Epoch: 54
    Eq theta: 1.00000omega
    Eq omega: nan1 + nantheta + nanomega + nantheta^2 + nantheta omega + nanomega^2

--- Chunk 58138 (59/220) | Start: 2025-03-14 14:35:00 ---
    RMSE omega: 0.004942 | RMSE theta: 0.050254 | Loss: -2.8100 | Epoch: 1407
    Eq theta: 1.00000omega
    Eq omega: 0.026161 + -0.46036theta + -0.01551omega + -0.00174theta^2 + 0.00384theta omega + 0.00123omega^2

--- Chunk 58139 (60/220) | Start: 2025-03-14 14:40:00 ---
    RMSE omega: 0.004264 | RMSE theta: 0.113612 | Loss: -0.8657 | Epoch: 1337
    Eq theta: 1.00000omega
    Eq omega: 0.001081 + -0.00062theta + -0.00389omega + -0.00059theta^2 + 0.00057theta omega + -0.00282omega^2

--- Chunk 58140 (61/220) | Start: 2025-03-14 14:45:00 ---
    RMSE omega: 0.005824 | RMSE theta: 0.159258 | Loss: -5.5646 | Epoch: 1720
    Eq theta: 1.00000omega
    Eq omega: -0.028731 + -0.71107theta + -0.02460omega + -0.15516theta^2 + 0.02135theta omega + 0.00557omega^2

--- Chunk 58141 (62/220) | Start: 2025-03-14 14:50:00 ---
    RMSE omega: 0.005795 | RMSE theta: 0.094238 | Loss: -2.1573 | Epoch: 1344
    Eq theta: 1.00000omega
    Eq omega: 0.001311 + 0.00589theta + 0.00009omega + 0.00247theta^2 + 0.00056theta omega + -0.00019omega^2

--- Chunk 58142 (63/220) | Start: 2025-03-14 14:55:00 ---
    RMSE omega: 0.036376 | RMSE theta: 0.814870 | Loss: 71.5793 | Epoch: 36
    Eq theta: 1.00000omega
    Eq omega: -0.001531 + -0.11222theta + 0.00308omega + 0.01732theta^2 + -0.02405theta omega + -0.00605omega^2

--- Chunk 58143 (64/220) | Start: 2025-03-14 15:00:00 ---
    RMSE omega: 0.005443 | RMSE theta: 0.093141 | Loss: -1.7538 | Epoch: 1915
    Eq theta: 1.00000omega
    Eq omega: 0.004611 + -0.00325theta + 0.00013omega + 0.00334theta^2 + -0.00023theta omega + -0.00192omega^2

--- Chunk 58144 (65/220) | Start: 2025-03-14 15:05:00 ---
    RMSE omega: 0.030395 | RMSE theta: 0.411597 | Loss: -11890.2031 | Epoch: 496
    Eq theta: 1.00000omega
    Eq omega: 0.003081 + 0.00157theta + 0.00106omega + 0.00112theta^2 + -0.00041theta omega + -0.00082omega^2

--- Chunk 58145 (66/220) | Start: 2025-03-14 15:10:00 ---
/pfs/data6/home/ka/ka_iai/ka_bj2362/dsr/svise/svise/quadrature/_unbiased_quadrature.py:211: UserWarning: Iip is NaN. Setting correction to zero.
  warnings.warn("Iip is NaN. Setting correction to zero.")
/pfs/data6/home/ka/ka_iai/ka_bj2362/dsr/svise/svise/quadrature/_unbiased_quadrature.py:218: UserWarning: Quadrature result is NaN. Returning 0.
  warnings.warn("Quadrature result is NaN. Returning 0.")
    RMSE omega: nan | RMSE theta: nan | Loss: -72753276716990345196735142297600.0000 | Epoch: 1262
    Eq theta: 1.00000omega
    Eq omega: nan1 + nantheta + nanomega + nantheta^2 + nantheta omega + nanomega^2

--- Chunk 58146 (67/220) | Start: 2025-03-14 15:15:00 ---
    RMSE omega: 0.008684 | RMSE theta: 0.308502 | Loss: -2893.8708 | Epoch: 1834
    Eq theta: 1.00000omega
    Eq omega: -0.002091 + -0.01670theta + -0.00001omega + 0.00006theta^2 + 0.00003theta omega + 0.00091omega^2

--- Chunk 58147 (68/220) | Start: 2025-03-14 15:20:00 ---
    RMSE omega: 0.006053 | RMSE theta: 0.444113 | Loss: -502361.5938 | Epoch: 1857
    Eq theta: 1.00000omega
    Eq omega: 0.004791 + -0.00072theta + -0.00289omega + -0.00013theta^2 + 0.00044theta omega + -0.00032omega^2

--- Chunk 58148 (69/220) | Start: 2025-03-14 15:25:00 ---
    RMSE omega: 0.015353 | RMSE theta: 0.482917 | Loss: 8.8209 | Epoch: 1509
    Eq theta: 1.00000omega
    Eq omega: -0.001761 + -0.00013theta + -0.00275omega + -0.00001theta^2 + 0.00009theta omega + 0.00031omega^2

--- Chunk 58149 (70/220) | Start: 2025-03-14 15:30:00 ---
    RMSE omega: 0.004554 | RMSE theta: 0.063699 | Loss: -0.0175 | Epoch: 2985
    Eq theta: 1.00000omega
    Eq omega: 0.000091 + -0.00030theta + -0.00066omega + 0.00003theta^2 + 0.00005theta omega + 0.00030omega^2

--- Chunk 58150 (71/220) | Start: 2025-03-14 15:35:00 ---
    RMSE omega: 0.008304 | RMSE theta: 0.923678 | Loss: -122036.3359 | Epoch: 4335
    Eq theta: 1.00000omega
    Eq omega: -0.003441 + 0.00023theta + 0.00120omega + -0.00001theta^2 + 0.00008theta omega + -0.00031omega^2

--- Chunk 58151 (72/220) | Start: 2025-03-14 15:40:00 ---
    RMSE omega: 0.005398 | RMSE theta: 0.103939 | Loss: -0.6412 | Epoch: 1417
    Eq theta: 1.00000omega
    Eq omega: 0.000171 + -0.00023theta + -0.00100omega + -0.00064theta^2 + -0.00079theta omega + 0.00344omega^2

--- Chunk 58152 (73/220) | Start: 2025-03-14 15:45:00 ---
    RMSE omega: 0.035844 | RMSE theta: 0.600876 | Loss: 400.0286 | Epoch: 56
    Eq theta: 1.00000omega
    Eq omega: 0.005041 + 0.00078theta + 0.00461omega + -0.00002theta^2 + 0.00002theta omega + 0.00085omega^2

--- Chunk 58153 (74/220) | Start: 2025-03-14 15:50:00 ---
    RMSE omega: 0.022955 | RMSE theta: 0.704584 | Loss: 74.2608 | Epoch: 1063
    Eq theta: 1.00000omega
    Eq omega: -0.000771 + -0.00000theta + 0.00072omega + -0.00002theta^2 + 0.00006theta omega + -0.00012omega^2

--- Chunk 58154 (75/220) | Start: 2025-03-14 15:55:00 ---
    RMSE omega: 0.033632 | RMSE theta: 0.969415 | Loss: 417.0078 | Epoch: 952
    Eq theta: 1.00000omega
    Eq omega: -0.001971 + -0.02347theta + 0.00426omega + -0.00057theta^2 + -0.00004theta omega + -0.00055omega^2

--- Chunk 58155 (76/220) | Start: 2025-03-14 16:00:00 ---
    RMSE omega: 0.018013 | RMSE theta: 0.466915 | Loss: 97.8255 | Epoch: 983
    Eq theta: 1.00000omega
    Eq omega: -0.000341 + 0.00002theta + 0.00064omega + -0.00001theta^2 + 0.00000theta omega + 0.00016omega^2

--- Chunk 58156 (77/220) | Start: 2025-03-14 16:05:00 ---
    RMSE omega: nan | RMSE theta: nan | Loss: 2652.2620 | Epoch: 45
    Eq theta: 1.00000omega
    Eq omega: nan1 + nantheta + nanomega + nantheta^2 + nantheta omega + nanomega^2

--- Chunk 58157 (78/220) | Start: 2025-03-14 16:10:00 ---
    RMSE omega: 0.005748 | RMSE theta: 0.344503 | Loss: -222.8636 | Epoch: 2333
    Eq theta: 1.00000omega
    Eq omega: -0.000801 + 0.00017theta + 0.00349omega + -0.00006theta^2 + 0.00003theta omega + -0.00187omega^2

--- Chunk 58158 (79/220) | Start: 2025-03-14 16:15:00 ---
    RMSE omega: 0.037651 | RMSE theta: 0.966869 | Loss: 469.9243 | Epoch: 764
    Eq theta: 1.00000omega
    Eq omega: -0.003621 + 0.00329theta + 0.00045omega + -0.00507theta^2 + 0.00008theta omega + 0.01962omega^2

--- Chunk 58159 (80/220) | Start: 2025-03-14 16:20:00 ---
    RMSE omega: nan | RMSE theta: nan | Loss: 16497.0234 | Epoch: 16
    Eq theta: 1.00000omega
    Eq omega: nan1 + nantheta + nanomega + nantheta^2 + nantheta omega + nanomega^2

--- Chunk 58160 (81/220) | Start: 2025-03-14 16:25:00 ---
    RMSE omega: 0.022325 | RMSE theta: 0.323946 | Loss: 292.2733 | Epoch: 1932
    Eq theta: 1.00000omega
    Eq omega: 0.005991 + -0.01921theta + 0.00349omega + -0.00200theta^2 + 0.00007theta omega + 0.01127omega^2

--- Chunk 58161 (82/220) | Start: 2025-03-14 16:30:00 ---
    RMSE omega: nan | RMSE theta: nan | Loss: 1450.5496 | Epoch: 39
    Eq theta: 1.00000omega
    Eq omega: nan1 + nantheta + nanomega + nantheta^2 + nantheta omega + nanomega^2

--- Chunk 58162 (83/220) | Start: 2025-03-14 16:35:00 ---
    RMSE omega: 0.006405 | RMSE theta: 0.228692 | Loss: 24.4633 | Epoch: 5059
    Eq theta: 1.00000omega
    Eq omega: -0.002541 + -0.00008theta + 0.00133omega + -0.00001theta^2 + 0.00013theta omega + 0.00006omega^2

--- Chunk 58163 (84/220) | Start: 2025-03-14 16:40:00 ---
    RMSE omega: 0.008941 | RMSE theta: 0.245136 | Loss: 5.3274 | Epoch: 2228
    Eq theta: 1.00000omega
    Eq omega: -0.008401 + -0.00028theta + -0.00167omega + -0.00003theta^2 + 0.00012theta omega + -0.00034omega^2

--- Chunk 58164 (85/220) | Start: 2025-03-14 16:45:00 ---
    RMSE omega: nan | RMSE theta: nan | Loss: 27.0412 | Epoch: 93
    Eq theta: 1.00000omega
    Eq omega: nan1 + nantheta + nanomega + nantheta^2 + nantheta omega + nanomega^2

--- Chunk 58165 (86/220) | Start: 2025-03-14 16:50:00 ---
    RMSE omega: 0.009518 | RMSE theta: 0.317533 | Loss: 0.2940 | Epoch: 1642
    Eq theta: 1.00000omega
    Eq omega: 0.003531 + 0.00015theta + 0.00081omega + 0.00076theta^2 + 0.00005theta omega + 0.00342omega^2

--- Chunk 58166 (87/220) | Start: 2025-03-14 16:55:00 ---
    RMSE omega: 0.012287 | RMSE theta: 0.351621 | Loss: 100.6867 | Epoch: 2745
    Eq theta: 1.00000omega
    Eq omega: 0.000471 + -0.00013theta + -0.00094omega + -0.00001theta^2 + 0.00001theta omega + 0.00001omega^2

--- Chunk 58167 (88/220) | Start: 2025-03-14 17:00:00 ---
    RMSE omega: 0.017357 | RMSE theta: 0.493493 | Loss: 105.7409 | Epoch: 1746
    Eq theta: 1.00000omega
    Eq omega: -0.000861 + -0.00007theta + -0.00061omega + -0.00005theta^2 + -0.00009theta omega + 0.00009omega^2

--- Chunk 58168 (89/220) | Start: 2025-03-14 17:05:00 ---
    RMSE omega: 0.016974 | RMSE theta: 0.664793 | Loss: 106.5737 | Epoch: 1735
    Eq theta: 1.00000omega
    Eq omega: 0.000371 + -0.00023theta + 0.00086omega + 0.00000theta^2 + 0.00001theta omega + 0.00054omega^2

--- Chunk 58169 (90/220) | Start: 2025-03-14 17:10:00 ---
    RMSE omega: nan | RMSE theta: nan | Loss: -9643708857463842628627714801664.0000 | Epoch: 2354
    Eq theta: 1.00000omega
    Eq omega: nan1 + nantheta + nanomega + nantheta^2 + nantheta omega + nanomega^2

--- Chunk 58170 (91/220) | Start: 2025-03-14 17:15:00 ---
    RMSE omega: 0.005367 | RMSE theta: 0.202203 | Loss: -2645347584.0000 | Epoch: 1987
    Eq theta: 1.00000omega
    Eq omega: 0.007131 + -0.00042theta + 0.00686omega + -0.00054theta^2 + 0.00214theta omega + 0.00026omega^2

--- Chunk 58171 (92/220) | Start: 2025-03-14 17:20:00 ---
    RMSE omega: 0.004628 | RMSE theta: 0.035967 | Loss: 0.7413 | Epoch: 2269
    Eq theta: 1.00000omega
    Eq omega: -0.000891 + -0.00002theta + -0.00287omega + -0.00003theta^2 + -0.00022theta omega + 0.00085omega^2

--- Chunk 58172 (93/220) | Start: 2025-03-14 17:25:00 ---
    RMSE omega: 0.006903 | RMSE theta: 0.136263 | Loss: -171.2628 | Epoch: 2464
    Eq theta: 1.00000omega
    Eq omega: 0.006201 + -0.00622theta + 0.00119omega + 0.00011theta^2 + 0.00014theta omega + -0.00011omega^2

--- Chunk 58173 (94/220) | Start: 2025-03-14 17:30:00 ---
    RMSE omega: 0.005758 | RMSE theta: 0.091795 | Loss: -2.4820 | Epoch: 1513
    Eq theta: 1.00000omega
    Eq omega: 0.002721 + -0.00199theta + 0.00059omega + 0.00053theta^2 + 0.00072theta omega + 0.00312omega^2

--- Chunk 58174 (95/220) | Start: 2025-03-14 17:35:00 ---
    RMSE omega: nan | RMSE theta: nan | Loss: 2311.2832 | Epoch: 19
    Eq theta: 1.00000omega
    Eq omega: nan1 + nantheta + nanomega + nantheta^2 + nantheta omega + nanomega^2

--- Chunk 58175 (96/220) | Start: 2025-03-14 17:40:00 ---
    RMSE omega: 0.005180 | RMSE theta: 0.182480 | Loss: 2.8631 | Epoch: 1672
    Eq theta: 1.00000omega
    Eq omega: -0.000681 + -0.00048theta + -0.00123omega + 0.00003theta^2 + -0.00002theta omega + -0.00017omega^2

--- Chunk 58176 (97/220) | Start: 2025-03-14 17:45:00 ---
    RMSE omega: 0.005219 | RMSE theta: 0.093190 | Loss: -2.7440 | Epoch: 1642
    Eq theta: 1.00000omega
    Eq omega: -0.131671 + 0.01233theta + 0.00412omega + 0.00242theta^2 + -0.00234theta omega + -0.00798omega^2

--- Chunk 58177 (98/220) | Start: 2025-03-14 17:50:00 ---
    RMSE omega: 0.006245 | RMSE theta: 0.254879 | Loss: 0.2001 | Epoch: 2003
    Eq theta: 1.00000omega
    Eq omega: -0.052061 + -0.07640theta + -0.00041omega + -0.02482theta^2 + 0.00150theta omega + -0.00722omega^2

--- Chunk 58178 (99/220) | Start: 2025-03-14 17:55:00 ---
    RMSE omega: nan | RMSE theta: nan | Loss: 13.7942 | Epoch: 55
    Eq theta: 1.00000omega
    Eq omega: nan1 + nantheta + nanomega + nantheta^2 + nantheta omega + nanomega^2

--- Chunk 58179 (100/220) | Start: 2025-03-14 18:00:00 ---
    RMSE omega: 0.059397 | RMSE theta: 1.159438 | Loss: -11108.4189 | Epoch: 1063
    Eq theta: 1.00000omega
    Eq omega: -0.001811 + -1.70773theta + 0.01383omega + 0.00113theta^2 + -0.00281theta omega + -0.00022omega^2

  [Progress 100/220] Mean RMSE omega: 0.016775 | Mean loss: -823972847614509893448493957120.0000 | Valid: 79/100 | Elapsed: 46.3min | ETA: 55.6min

--- Chunk 58180 (101/220) | Start: 2025-03-14 18:05:00 ---
    RMSE omega: 0.005911 | RMSE theta: 0.136097 | Loss: -184.6091 | Epoch: 3655
    Eq theta: 1.00000omega
    Eq omega: 0.004411 + -0.17875theta + -0.01697omega + 0.00534theta^2 + -0.00150theta omega + -0.00240omega^2

--- Chunk 58181 (102/220) | Start: 2025-03-14 18:10:00 ---
    RMSE omega: 0.039787 | RMSE theta: 1.064838 | Loss: 254.6673 | Epoch: 338
    Eq theta: 1.00000omega
    Eq omega: -0.000901 + 0.00005theta + 0.00281omega + -0.00006theta^2 + -0.00023theta omega + 0.00027omega^2

--- Chunk 58182 (103/220) | Start: 2025-03-14 18:15:00 ---
    RMSE omega: 0.004841 | RMSE theta: 0.052534 | Loss: -0.8749 | Epoch: 1113
    Eq theta: 1.00000omega
    Eq omega: 0.000431 + -0.00180theta + -0.01836omega + 0.00028theta^2 + -0.00201theta omega + -0.00284omega^2

--- Chunk 58183 (104/220) | Start: 2025-03-14 18:20:00 ---
    RMSE omega: 0.004778 | RMSE theta: 0.075079 | Loss: -2.2468 | Epoch: 1524
    Eq theta: 1.00000omega
    Eq omega: -0.048831 + -0.56308theta + 0.00100omega + -0.00066theta^2 + 0.00591theta omega + -0.01630omega^2

--- Chunk 58184 (105/220) | Start: 2025-03-14 18:25:00 ---
    RMSE omega: 0.007743 | RMSE theta: 0.249907 | Loss: 9.2330 | Epoch: 2984
    Eq theta: 1.00000omega
    Eq omega: -0.026111 + -0.11432theta + -0.01298omega + 0.00090theta^2 + 0.00023theta omega + -0.00206omega^2

--- Chunk 58185 (106/220) | Start: 2025-03-14 18:30:00 ---
    RMSE omega: 0.005908 | RMSE theta: 0.204777 | Loss: -0.9497 | Epoch: 1582
    Eq theta: 1.00000omega
    Eq omega: 0.002431 + -0.14833theta + -0.00176omega + -0.00096theta^2 + -0.00144theta omega + -0.00248omega^2

--- Chunk 58186 (107/220) | Start: 2025-03-14 18:35:00 ---
    RMSE omega: 0.043416 | RMSE theta: 2.149269 | Loss: 231.5796 | Epoch: 20
    Eq theta: 1.00000omega
    Eq omega: -0.003381 + 0.00052theta + -0.00549omega + -0.00088theta^2 + -0.00129theta omega + -0.00199omega^2

--- Chunk 58187 (108/220) | Start: 2025-03-14 18:40:00 ---
    RMSE omega: 0.004961 | RMSE theta: 0.079874 | Loss: -2.1624 | Epoch: 1748
    Eq theta: 1.00000omega
    Eq omega: 0.000831 + 0.00278theta + -0.00158omega + -0.00026theta^2 + -0.00239theta omega + 0.00474omega^2

--- Chunk 58188 (109/220) | Start: 2025-03-14 18:45:00 ---
    RMSE omega: 0.005083 | RMSE theta: 0.083728 | Loss: -276.1937 | Epoch: 2130
    Eq theta: 1.00000omega
    Eq omega: 0.000521 + 0.00031theta + 0.00029omega + -0.00005theta^2 + 0.00078theta omega + -0.00114omega^2

--- Chunk 58189 (110/220) | Start: 2025-03-14 18:50:00 ---
    RMSE omega: 0.005637 | RMSE theta: 0.220926 | Loss: -6.9667 | Epoch: 1147
    Eq theta: 1.00000omega
    Eq omega: 0.004301 + -0.34900theta + -0.00318omega + 0.00314theta^2 + -0.00068theta omega + -0.00362omega^2

--- Chunk 58190 (111/220) | Start: 2025-03-14 18:55:00 ---
    RMSE omega: nan | RMSE theta: nan | Loss: -822116182801776640.0000 | Epoch: 473
    Eq theta: 1.00000omega
    Eq omega: nan1 + nantheta + nanomega + nantheta^2 + nantheta omega + nanomega^2

--- Chunk 58191 (112/220) | Start: 2025-03-14 19:00:00 ---
    RMSE omega: 0.011581 | RMSE theta: 0.401632 | Loss: -85.2579 | Epoch: 1061
    Eq theta: 1.00000omega
    Eq omega: -0.002231 + -0.00599theta + -0.00357omega + -0.00162theta^2 + -0.00124theta omega + 0.00342omega^2

--- Chunk 58192 (113/220) | Start: 2025-03-14 19:05:00 ---
    RMSE omega: 0.019477 | RMSE theta: 0.142678 | Loss: -16546.7578 | Epoch: 787
    Eq theta: 1.00000omega
    Eq omega: 0.029381 + -0.88700theta + 0.00332omega + -0.16319theta^2 + 0.11930theta omega + 0.02153omega^2

--- Chunk 58193 (114/220) | Start: 2025-03-14 19:10:00 ---
    RMSE omega: 0.007784 | RMSE theta: 0.266740 | Loss: -42.6177 | Epoch: 1853
    Eq theta: 1.00000omega
    Eq omega: -0.000701 + -0.59034theta + 0.01451omega + -0.00141theta^2 + -0.01400theta omega + 0.00270omega^2

--- Chunk 58194 (115/220) | Start: 2025-03-14 19:15:00 ---
    RMSE omega: 0.005265 | RMSE theta: 0.066195 | Loss: -2.4540 | Epoch: 1320
    Eq theta: 1.00000omega
    Eq omega: 0.062431 + -0.54144theta + -0.00276omega + -0.00119theta^2 + 0.03452theta omega + 0.03663omega^2

--- Chunk 58195 (116/220) | Start: 2025-03-14 19:20:00 ---
    RMSE omega: 0.016591 | RMSE theta: 0.179529 | Loss: 33.6878 | Epoch: 89
    Eq theta: 1.00000omega
    Eq omega: 0.016691 + -0.13520theta + 0.00123omega + 0.00165theta^2 + -0.00123theta omega + -0.00217omega^2

--- Chunk 58196 (117/220) | Start: 2025-03-14 19:25:00 ---
    RMSE omega: 0.028021 | RMSE theta: 0.164113 | Loss: -459.1613 | Epoch: 677
    Eq theta: 1.00000omega
    Eq omega: 0.000851 + -0.01229theta + 0.00527omega + -0.00009theta^2 + 0.00338theta omega + -0.00070omega^2

--- Chunk 58197 (118/220) | Start: 2025-03-14 19:30:00 ---
    RMSE omega: nan | RMSE theta: nan | Loss: 36.3413 | Epoch: 48
    Eq theta: 1.00000omega
    Eq omega: nan1 + nantheta + nanomega + nantheta^2 + nantheta omega + nanomega^2

--- Chunk 58198 (119/220) | Start: 2025-03-14 19:35:00 ---
    RMSE omega: 0.122916 | RMSE theta: 4.328104 | Loss: -13992340.0000 | Epoch: 973
    Eq theta: 1.00000omega
    Eq omega: 0.004821 + -0.65141theta + 0.00839omega + -0.00510theta^2 + -0.00110theta omega + -0.00634omega^2

--- Chunk 58199 (120/220) | Start: 2025-03-14 19:40:00 ---
    RMSE omega: 0.005186 | RMSE theta: 0.074806 | Loss: -1.6620 | Epoch: 969
    Eq theta: 1.00000omega
    Eq omega: 0.003671 + -0.57857theta + -0.03639omega + 0.00343theta^2 + 0.00257theta omega + -0.01306omega^2

--- Chunk 58200 (121/220) | Start: 2025-03-14 19:45:00 ---
    RMSE omega: 0.008612 | RMSE theta: 0.327510 | Loss: -219332838500818770158682112.0000 | Epoch: 2636
    Eq theta: 1.00000omega
    Eq omega: -0.003541 + 0.00053theta + 0.00010omega + 0.00071theta^2 + -0.00002theta omega + 0.00007omega^2

--- Chunk 58201 (122/220) | Start: 2025-03-14 19:50:00 ---
    RMSE omega: 0.007216 | RMSE theta: 0.193474 | Loss: 1.4181 | Epoch: 2312
    Eq theta: 1.00000omega
    Eq omega: -0.000191 + -0.00047theta + 0.00138omega + 0.00013theta^2 + -0.00064theta omega + -0.00029omega^2

--- Chunk 58202 (123/220) | Start: 2025-03-14 19:55:00 ---
    RMSE omega: 0.063283 | RMSE theta: 0.947210 | Loss: -332794.3750 | Epoch: 1069
    Eq theta: 1.00000omega
    Eq omega: -0.001041 + -0.00972theta + -0.00349omega + 0.00098theta^2 + 0.00035theta omega + -0.00041omega^2

--- Chunk 58203 (124/220) | Start: 2025-03-14 20:00:00 ---
    RMSE omega: 0.006387 | RMSE theta: 0.163297 | Loss: -40542.1367 | Epoch: 2040
    Eq theta: 1.00000omega
    Eq omega: 0.013031 + -1.56315theta + 0.00487omega + 0.00102theta^2 + 0.00937theta omega + 0.00045omega^2

--- Chunk 58204 (125/220) | Start: 2025-03-14 20:05:00 ---
    RMSE omega: 0.004825 | RMSE theta: 0.068676 | Loss: -1.9081 | Epoch: 1330
    Eq theta: 1.00000omega
    Eq omega: 0.068981 + -0.44576theta + 0.00100omega + 0.01558theta^2 + 0.00865theta omega + 0.02285omega^2

--- Chunk 58205 (126/220) | Start: 2025-03-14 20:10:00 ---
    RMSE omega: 0.005880 | RMSE theta: 0.030116 | Loss: -2.5553 | Epoch: 1465
    Eq theta: 1.00000omega
    Eq omega: 0.001891 + -0.00908theta + -0.00153omega + -0.00017theta^2 + 0.00248theta omega + 0.00013omega^2

--- Chunk 58206 (127/220) | Start: 2025-03-14 20:15:00 ---
    RMSE omega: 0.004284 | RMSE theta: 0.072342 | Loss: -2.1782 | Epoch: 1466
    Eq theta: 1.00000omega
    Eq omega: -0.000491 + -0.01383theta + -0.00974omega + 0.00070theta^2 + -0.00326theta omega + -0.00834omega^2

--- Chunk 58207 (128/220) | Start: 2025-03-14 20:20:00 ---
    RMSE omega: nan | RMSE theta: nan | Loss: 75.4606 | Epoch: 34
    Eq theta: 1.00000omega
    Eq omega: nan1 + nantheta + nanomega + nantheta^2 + nantheta omega + nanomega^2

--- Chunk 58208 (129/220) | Start: 2025-03-14 20:25:00 ---
    RMSE omega: 0.016876 | RMSE theta: 0.145266 | Loss: 24.3146 | Epoch: 90
    Eq theta: 1.00000omega
    Eq omega: -0.000831 + -0.00008theta + -0.00186omega + -0.00048theta^2 + 0.00033theta omega + -0.00154omega^2

--- Chunk 58209 (130/220) | Start: 2025-03-14 20:30:00 ---
    RMSE omega: nan | RMSE theta: nan | Loss: -146622153752022351872.0000 | Epoch: 1770
    Eq theta: 1.00000omega
    Eq omega: nan1 + nantheta + nanomega + nantheta^2 + nantheta omega + nanomega^2

--- Chunk 58210 (131/220) | Start: 2025-03-14 20:35:00 ---
    RMSE omega: 0.039486 | RMSE theta: 1.206466 | Loss: -4282.7622 | Epoch: 1229
    Eq theta: 1.00000omega
    Eq omega: 0.005171 + -0.84485theta + -0.05504omega + 0.02593theta^2 + 0.00032theta omega + 0.00051omega^2

--- Chunk 58211 (132/220) | Start: 2025-03-14 20:40:00 ---
    RMSE omega: 0.004704 | RMSE theta: 0.091705 | Loss: -1.8828 | Epoch: 1482
    Eq theta: 1.00000omega
    Eq omega: 0.001381 + -0.00602theta + 0.00349omega + 0.00411theta^2 + -0.00567theta omega + -0.00289omega^2

--- Chunk 58212 (133/220) | Start: 2025-03-14 20:45:00 ---
    RMSE omega: 0.043859 | RMSE theta: 0.815974 | Loss: 193.0623 | Epoch: 40
    Eq theta: 1.00000omega
    Eq omega: 0.001361 + -0.00044theta + -0.00037omega + 0.00047theta^2 + 0.00016theta omega + -0.00095omega^2

--- Chunk 58213 (134/220) | Start: 2025-03-14 20:50:00 ---
    RMSE omega: 0.014167 | RMSE theta: 0.585831 | Loss: -1785.6353 | Epoch: 1709
    Eq theta: 1.00000omega
    Eq omega: -0.012251 + -0.01067theta + -0.01662omega + -0.07309theta^2 + 0.00309theta omega + 0.00524omega^2

--- Chunk 58214 (135/220) | Start: 2025-03-14 20:55:00 ---
    RMSE omega: nan | RMSE theta: nan | Loss: 0.9386 | Epoch: 390
    Eq theta: 1.00000omega
    Eq omega: nan1 + nantheta + nanomega + nantheta^2 + nantheta omega + nanomega^2

--- Chunk 58215 (136/220) | Start: 2025-03-14 21:00:00 ---
    RMSE omega: 0.007786 | RMSE theta: 0.145005 | Loss: -1.6732 | Epoch: 2021
    Eq theta: 1.00000omega
    Eq omega: 0.014991 + -0.26683theta + 0.00517omega + -0.00076theta^2 + -0.00212theta omega + 0.00448omega^2

--- Chunk 58216 (137/220) | Start: 2025-03-14 21:05:00 ---
    RMSE omega: 0.007247 | RMSE theta: 0.422512 | Loss: -2593279967232.0000 | Epoch: 2128
    Eq theta: 1.00000omega
    Eq omega: 0.024251 + -0.11218theta + -0.02126omega + -0.05782theta^2 + 0.00776theta omega + 0.16533omega^2

--- Chunk 58217 (138/220) | Start: 2025-03-14 21:10:00 ---
    RMSE omega: 0.020649 | RMSE theta: 0.405775 | Loss: 59.6074 | Epoch: 487
    Eq theta: 1.00000omega
    Eq omega: -0.001231 + -0.00146theta + 0.00031omega + -0.00005theta^2 + 0.00081theta omega + -0.00101omega^2

--- Chunk 58218 (139/220) | Start: 2025-03-14 21:15:00 ---
    RMSE omega: nan | RMSE theta: nan | Loss: 38.9619 | Epoch: 54
    Eq theta: 1.00000omega
    Eq omega: nan1 + nantheta + nanomega + nantheta^2 + nantheta omega + nanomega^2

--- Chunk 58219 (140/220) | Start: 2025-03-14 21:20:00 ---
    RMSE omega: 0.023248 | RMSE theta: 0.171009 | Loss: 19.1460 | Epoch: 44
    Eq theta: 1.00000omega
    Eq omega: -0.006671 + -0.12217theta + 0.00958omega + -0.00127theta^2 + -0.00353theta omega + -0.00043omega^2

--- Chunk 58220 (141/220) | Start: 2025-03-14 21:25:00 ---
    RMSE omega: 0.012133 | RMSE theta: 0.340522 | Loss: -168.4236 | Epoch: 569
    Eq theta: 1.00000omega
    Eq omega: -0.001801 + -0.00961theta + 0.00526omega + -0.00366theta^2 + 0.00329theta omega + 0.00261omega^2

--- Chunk 58221 (142/220) | Start: 2025-03-14 21:30:00 ---
    RMSE omega: 0.025424 | RMSE theta: 0.422248 | Loss: -104.2455 | Epoch: 414
    Eq theta: 1.00000omega
    Eq omega: 0.000481 + -0.00046theta + -0.00049omega + 0.00001theta^2 + -0.00099theta omega + 0.00200omega^2

--- Chunk 58222 (143/220) | Start: 2025-03-14 21:35:00 ---
    RMSE omega: 0.005849 | RMSE theta: 0.142304 | Loss: -4.2330 | Epoch: 1786
    Eq theta: 1.00000omega
    Eq omega: 0.002041 + -0.00066theta + -0.00011omega + 0.00082theta^2 + -0.00042theta omega + 0.00230omega^2

--- Chunk 58223 (144/220) | Start: 2025-03-14 21:40:00 ---
    RMSE omega: nan | RMSE theta: nan | Loss: 53.7723 | Epoch: 40
    Eq theta: 1.00000omega
    Eq omega: nan1 + nantheta + nanomega + nantheta^2 + nantheta omega + nanomega^2

--- Chunk 58224 (145/220) | Start: 2025-03-14 21:45:00 ---
    RMSE omega: 0.280736 | RMSE theta: 8.191447 | Loss: -99478831104.0000 | Epoch: 1528
    Eq theta: 1.00000omega
    Eq omega: 0.001191 + -0.00049theta + 0.00222omega + -0.00017theta^2 + -0.00007theta omega + -0.00005omega^2

--- Chunk 58225 (146/220) | Start: 2025-03-14 21:50:00 ---
    RMSE omega: 0.007010 | RMSE theta: 0.274457 | Loss: -21.2554 | Epoch: 1240
    Eq theta: 1.00000omega
    Eq omega: -0.002511 + 0.00043theta + -0.00060omega + 0.00037theta^2 + 0.00024theta omega + -0.00050omega^2

--- Chunk 58226 (147/220) | Start: 2025-03-14 21:55:00 ---
    RMSE omega: 0.008833 | RMSE theta: 0.146121 | Loss: 3.9949 | Epoch: 1634
    Eq theta: 1.00000omega
    Eq omega: 0.000461 + -0.00020theta + -0.00119omega + -0.00010theta^2 + 0.00029theta omega + 0.00010omega^2

--- Chunk 58227 (148/220) | Start: 2025-03-14 22:00:00 ---
    RMSE omega: 0.004759 | RMSE theta: 0.066228 | Loss: -1.7104 | Epoch: 1161
    Eq theta: 1.00000omega
    Eq omega: 0.001191 + -0.00054theta + -0.00096omega + -0.00098theta^2 + -0.00097theta omega + -0.00291omega^2

--- Chunk 58228 (149/220) | Start: 2025-03-14 22:05:00 ---
    RMSE omega: 0.007685 | RMSE theta: 0.123510 | Loss: -1.3008 | Epoch: 1864
    Eq theta: 1.00000omega
    Eq omega: 0.001671 + -0.04839theta + -0.03743omega + 0.00088theta^2 + -0.00081theta omega + 0.01003omega^2

--- Chunk 58229 (150/220) | Start: 2025-03-14 22:10:00 ---
    RMSE omega: nan | RMSE theta: nan | Loss: 4687.1802 | Epoch: 16
    Eq theta: 1.00000omega
    Eq omega: nan1 + nantheta + nanomega + nantheta^2 + nantheta omega + nanomega^2

  [Progress 150/220] Mean RMSE omega: 0.019017 | Mean loss: -549316693962912911658548461568.0000 | Valid: 121/150 | Elapsed: 67.4min | ETA: 31.5min

--- Chunk 58230 (151/220) | Start: 2025-03-14 22:15:00 ---
    RMSE omega: 0.006789 | RMSE theta: 0.144233 | Loss: -3.0236 | Epoch: 1163
    Eq theta: 1.00000omega
    Eq omega: 0.001401 + -0.00143theta + -0.00281omega + -0.00198theta^2 + 0.00123theta omega + -0.00356omega^2

--- Chunk 58231 (152/220) | Start: 2025-03-14 22:20:00 ---
    RMSE omega: 0.004385 | RMSE theta: 0.099924 | Loss: -2.7258 | Epoch: 1788
    Eq theta: 1.00000omega
    Eq omega: 0.001361 + 0.00036theta + -0.01827omega + -0.00020theta^2 + -0.00473theta omega + 0.00096omega^2

--- Chunk 58232 (153/220) | Start: 2025-03-14 22:25:00 ---
    RMSE omega: 0.004168 | RMSE theta: 0.033314 | Loss: -2.4860 | Epoch: 1191
    Eq theta: 1.00000omega
    Eq omega: 0.082331 + -1.02539theta + 0.02151omega + -0.06939theta^2 + -0.01428theta omega + 0.24221omega^2

--- Chunk 58233 (154/220) | Start: 2025-03-14 22:30:00 ---
    RMSE omega: nan | RMSE theta: nan | Loss: 16.7260 | Epoch: 69
    Eq theta: 1.00000omega
    Eq omega: nan1 + nantheta + nanomega + nantheta^2 + nantheta omega + nanomega^2

--- Chunk 58234 (155/220) | Start: 2025-03-14 22:35:00 ---
    RMSE omega: 0.004771 | RMSE theta: 0.067959 | Loss: -3.5406 | Epoch: 1489
    Eq theta: 1.00000omega
    Eq omega: 0.100311 + -2.58868theta + -0.46137omega + 0.00699theta^2 + 0.66300theta omega + -0.03112omega^2

--- Chunk 58235 (156/220) | Start: 2025-03-14 22:40:00 ---
    RMSE omega: 0.024883 | RMSE theta: 0.195311 | Loss: -1613917696.0000 | Epoch: 1237
    Eq theta: 1.00000omega
    Eq omega: -0.000901 + -0.14947theta + 0.00546omega + -0.00118theta^2 + 0.05376theta omega + -0.00143omega^2

--- Chunk 58236 (157/220) | Start: 2025-03-14 22:45:00 ---
    RMSE omega: 0.006484 | RMSE theta: 0.403630 | Loss: -4487925.5000 | Epoch: 2292
    Eq theta: 1.00000omega
    Eq omega: 0.001681 + -0.00007theta + 0.01106omega + 0.00014theta^2 + 0.00075theta omega + 0.00092omega^2

--- Chunk 58237 (158/220) | Start: 2025-03-14 22:50:00 ---
    RMSE omega: nan | RMSE theta: nan | Loss: 51.4107 | Epoch: 40
    Eq theta: 1.00000omega
    Eq omega: nan1 + nantheta + nanomega + nantheta^2 + nantheta omega + nanomega^2

--- Chunk 58238 (159/220) | Start: 2025-03-14 22:55:00 ---
    RMSE omega: 0.005512 | RMSE theta: 0.113363 | Loss: -2.6134 | Epoch: 2035
    Eq theta: 1.00000omega
    Eq omega: -0.003511 + -0.44410theta + 0.01142omega + 0.00086theta^2 + -0.00409theta omega + 0.00044omega^2

--- Chunk 58239 (160/220) | Start: 2025-03-14 23:00:00 ---
    RMSE omega: 0.007639 | RMSE theta: 0.237727 | Loss: -7.4483 | Epoch: 1141
    Eq theta: 1.00000omega
    Eq omega: -0.004081 + -0.37473theta + 0.01719omega + -0.00264theta^2 + -0.00531theta omega + -0.01414omega^2

--- Chunk 58240 (161/220) | Start: 2025-03-14 23:05:00 ---
    RMSE omega: 7.424241 | RMSE theta: 167.420593 | Loss: -496968383783776550912.0000 | Epoch: 1664
    Eq theta: 1.00000omega
    Eq omega: 0.006921 + -0.00024theta + -0.00002omega + -0.00000theta^2 + 0.00000theta omega + -0.00000omega^2

--- Chunk 58241 (162/220) | Start: 2025-03-14 23:10:00 ---
    RMSE omega: 0.021343 | RMSE theta: 1.006853 | Loss: -6318484272444667146010624.0000 | Epoch: 2865
    Eq theta: 1.00000omega
    Eq omega: -0.111091 + 0.00024theta + -0.00326omega + 0.00003theta^2 + -0.00299theta omega + 0.00719omega^2

--- Chunk 58242 (163/220) | Start: 2025-03-14 23:15:00 ---
    RMSE omega: nan | RMSE theta: nan | Loss: 17.4075 | Epoch: 57
    Eq theta: 1.00000omega
    Eq omega: nan1 + nantheta + nanomega + nantheta^2 + nantheta omega + nanomega^2

--- Chunk 58243 (164/220) | Start: 2025-03-14 23:20:00 ---
    RMSE omega: 0.005787 | RMSE theta: 0.223931 | Loss: 0.6187 | Epoch: 1722
    Eq theta: 1.00000omega
    Eq omega: 0.000831 + -0.00026theta + -0.00021omega + 0.00005theta^2 + -0.00002theta omega + 0.00009omega^2

--- Chunk 58244 (165/220) | Start: 2025-03-14 23:25:00 ---
    RMSE omega: 0.030712 | RMSE theta: 0.204226 | Loss: -5816.0195 | Epoch: 740
    Eq theta: 1.00000omega
    Eq omega: -0.001941 + 0.00056theta + 0.00144omega + 0.00006theta^2 + -0.00026theta omega + 0.00045omega^2

--- Chunk 58245 (166/220) | Start: 2025-03-14 23:30:00 ---
    RMSE omega: 0.006352 | RMSE theta: 0.213785 | Loss: -15.0945 | Epoch: 814
    Eq theta: 1.00000omega
    Eq omega: 0.003491 + -1.40856theta + -0.00132omega + -0.02615theta^2 + -0.74557theta omega + 0.02535omega^2

--- Chunk 58246 (167/220) | Start: 2025-03-14 23:35:00 ---
    RMSE omega: 0.006067 | RMSE theta: 0.120993 | Loss: -3.3015 | Epoch: 1243
    Eq theta: 1.00000omega
    Eq omega: 0.010641 + 0.00575theta + 0.00157omega + -0.00043theta^2 + -0.00176theta omega + 0.00079omega^2

--- Chunk 58247 (168/220) | Start: 2025-03-14 23:40:00 ---
    RMSE omega: 0.013579 | RMSE theta: 0.586916 | Loss: -2784691560872486335374426112.0000 | Epoch: 1809
    Eq theta: 1.00000omega
    Eq omega: -0.006561 + -0.03125theta + 0.00349omega + -0.00611theta^2 + 0.00130theta omega + 0.00081omega^2

--- Chunk 58248 (169/220) | Start: 2025-03-14 23:45:00 ---
    RMSE omega: 0.005083 | RMSE theta: 0.058124 | Loss: -1.8223 | Epoch: 1080
    Eq theta: 1.00000omega
    Eq omega: 0.005501 + -1.36693theta + 0.00379omega + 0.03024theta^2 + 0.00519theta omega + 0.00916omega^2

--- Chunk 58249 (170/220) | Start: 2025-03-14 23:50:00 ---
    RMSE omega: 0.004871 | RMSE theta: 0.034397 | Loss: -1.8434 | Epoch: 1396
    Eq theta: 1.00000omega
    Eq omega: 0.001371 + -2.39847theta + -0.00385omega + 0.02535theta^2 + -0.02991theta omega + 0.01963omega^2

--- Chunk 58250 (171/220) | Start: 2025-03-14 23:55:00 ---
    RMSE omega: 0.005602 | RMSE theta: 0.228876 | Loss: -0.6291 | Epoch: 1595
    Eq theta: 1.00000omega
    Eq omega: 0.000211 + 0.00014theta + -0.00178omega + 0.00032theta^2 + -0.00006theta omega + 0.00137omega^2

--- Chunk 58251 (172/220) | Start: 2025-03-15 00:00:00 ---
    RMSE omega: 0.014376 | RMSE theta: 0.057483 | Loss: -131621784.0000 | Epoch: 1855
    Eq theta: 1.00000omega
    Eq omega: 0.003171 + -0.09252theta + -0.00261omega + -0.00044theta^2 + -0.00990theta omega + 0.01398omega^2

--- Chunk 58252 (173/220) | Start: 2025-03-15 00:05:00 ---
    RMSE omega: 0.054533 | RMSE theta: 1.372437 | Loss: -4905010176.0000 | Epoch: 1408
    Eq theta: 1.00000omega
    Eq omega: 0.015941 + -3.21075theta + 0.03583omega + 0.02055theta^2 + 0.01086theta omega + 0.07665omega^2

--- Chunk 58253 (174/220) | Start: 2025-03-15 00:10:00 ---
    RMSE omega: 0.282962 | RMSE theta: 10.623294 | Loss: -6253619707904.0000 | Epoch: 1541
    Eq theta: 1.00000omega
    Eq omega: 0.001041 + 0.00205theta + 0.00007omega + -0.00024theta^2 + 0.00017theta omega + -0.00007omega^2

--- Chunk 58254 (175/220) | Start: 2025-03-15 00:15:00 ---
    RMSE omega: 0.006090 | RMSE theta: 0.075536 | Loss: -2.0373 | Epoch: 2071
    Eq theta: 1.00000omega
    Eq omega: 0.011331 + -2.23898theta + 0.25903omega + 1.73927theta^2 + -0.00658theta omega + -0.21615omega^2

--- Chunk 58255 (176/220) | Start: 2025-03-15 00:20:00 ---
    RMSE omega: 0.033947 | RMSE theta: 0.501670 | Loss: -106.5320 | Epoch: 567
    Eq theta: 1.00000omega
    Eq omega: 0.001001 + -0.00004theta + -0.00279omega + 0.00014theta^2 + -0.00111theta omega + 0.00124omega^2

--- Chunk 58256 (177/220) | Start: 2025-03-15 00:25:00 ---
    RMSE omega: 0.034777 | RMSE theta: 0.350785 | Loss: 63.5934 | Epoch: 62
    Eq theta: 1.00000omega
    Eq omega: -0.002961 + -0.00505theta + -0.00986omega + -0.00003theta^2 + 0.00324theta omega + -0.01278omega^2

--- Chunk 58257 (178/220) | Start: 2025-03-15 00:30:00 ---
    RMSE omega: 0.029041 | RMSE theta: 0.321873 | Loss: -152.3298 | Epoch: 490
    Eq theta: 1.00000omega
    Eq omega: 0.001561 + -0.00129theta + -0.00250omega + -0.00132theta^2 + 0.00094theta omega + -0.00176omega^2

--- Chunk 58258 (179/220) | Start: 2025-03-15 00:35:00 ---
    RMSE omega: 0.011544 | RMSE theta: 0.518533 | Loss: 0.2384 | Epoch: 1844
    Eq theta: 1.00000omega
    Eq omega: 0.003261 + 0.00073theta + -0.00198omega + 0.00001theta^2 + 0.00046theta omega + -0.00021omega^2

--- Chunk 58259 (180/220) | Start: 2025-03-15 00:40:00 ---
    RMSE omega: 0.005652 | RMSE theta: 0.124138 | Loss: -9.2707 | Epoch: 1719
    Eq theta: 1.00000omega
    Eq omega: 0.001231 + -0.00024theta + 0.00140omega + 0.00019theta^2 + 0.00037theta omega + 0.00199omega^2

--- Chunk 58260 (181/220) | Start: 2025-03-15 00:45:00 ---
    RMSE omega: 0.010167 | RMSE theta: 0.235294 | Loss: -744774107136.0000 | Epoch: 1689
    Eq theta: 1.00000omega
    Eq omega: 0.000151 + 0.00005theta + -0.00031omega + -0.00001theta^2 + 0.00001theta omega + 0.00000omega^2

--- Chunk 58261 (182/220) | Start: 2025-03-15 00:50:00 ---
    RMSE omega: 0.018524 | RMSE theta: 0.170874 | Loss: 16.5170 | Epoch: 66
    Eq theta: 1.00000omega
    Eq omega: 0.006361 + -0.11998theta + 0.00333omega + -0.00472theta^2 + 0.00903theta omega + 0.00178omega^2

--- Chunk 58262 (183/220) | Start: 2025-03-15 00:55:00 ---
    RMSE omega: 0.012696 | RMSE theta: 0.072182 | Loss: 7.8909 | Epoch: 101
    Eq theta: 1.00000omega
    Eq omega: -0.041861 + -3.72541theta + 0.01044omega + -0.02600theta^2 + -0.15749theta omega + 0.05131omega^2

--- Chunk 58263 (184/220) | Start: 2025-03-15 01:00:00 ---
    RMSE omega: nan | RMSE theta: nan | Loss: 456.2178 | Epoch: 19
    Eq theta: 1.00000omega
    Eq omega: nan1 + nantheta + nanomega + nantheta^2 + nantheta omega + nanomega^2

--- Chunk 58264 (185/220) | Start: 2025-03-15 01:05:00 ---
    RMSE omega: 0.006136 | RMSE theta: 0.104588 | Loss: -4.5689 | Epoch: 1277
    Eq theta: 1.00000omega
    Eq omega: -0.003351 + -0.00057theta + -0.00043omega + 0.00577theta^2 + -0.00035theta omega + 0.00345omega^2

--- Chunk 58265 (186/220) | Start: 2025-03-15 01:10:00 ---
    RMSE omega: 0.008732 | RMSE theta: 0.199888 | Loss: -10.2675 | Epoch: 1149
    Eq theta: 1.00000omega
    Eq omega: 0.001451 + -0.00063theta + 0.00336omega + -0.00019theta^2 + -0.00181theta omega + -0.00045omega^2

--- Chunk 58266 (187/220) | Start: 2025-03-15 01:15:00 ---
    RMSE omega: 0.035392 | RMSE theta: 0.884013 | Loss: 253.3251 | Epoch: 37
    Eq theta: 1.00000omega
    Eq omega: -0.003771 + -0.00504theta + -0.00391omega + 0.01570theta^2 + -0.00020theta omega + -0.00104omega^2

--- Chunk 58267 (188/220) | Start: 2025-03-15 01:20:00 ---
    RMSE omega: nan | RMSE theta: nan | Loss: 200.1729 | Epoch: 23
    Eq theta: 1.00000omega
    Eq omega: nan1 + nantheta + nanomega + nantheta^2 + nantheta omega + nanomega^2

--- Chunk 58268 (189/220) | Start: 2025-03-15 01:25:00 ---
    RMSE omega: 0.006828 | RMSE theta: 0.203280 | Loss: -28.8308 | Epoch: 2420
    Eq theta: 1.00000omega
    Eq omega: 0.000261 + -0.00044theta + -0.00094omega + -0.00010theta^2 + -0.00020theta omega + 0.00226omega^2

--- Chunk 58269 (190/220) | Start: 2025-03-15 01:30:00 ---
    RMSE omega: 0.004549 | RMSE theta: 0.058575 | Loss: -3.3295 | Epoch: 1217
    Eq theta: 1.00000omega
    Eq omega: -0.004391 + -0.00001theta + -0.00584omega + -0.00095theta^2 + -0.00661theta omega + -0.00092omega^2

--- Chunk 58270 (191/220) | Start: 2025-03-15 01:35:00 ---
    RMSE omega: 0.006744 | RMSE theta: 0.360014 | Loss: -25539708555020638948950016.0000 | Epoch: 2401
    Eq theta: 1.00000omega
    Eq omega: -0.000101 + -0.00004theta + 0.00669omega + -0.00029theta^2 + -0.00045theta omega + 0.00005omega^2

--- Chunk 58271 (192/220) | Start: 2025-03-15 01:40:00 ---
    RMSE omega: 0.004585 | RMSE theta: 0.140509 | Loss: -0.3347 | Epoch: 1608
    Eq theta: 1.00000omega
    Eq omega: 0.002371 + -0.00214theta + -0.00261omega + 0.00026theta^2 + -0.00043theta omega + -0.00746omega^2

--- Chunk 58272 (193/220) | Start: 2025-03-15 01:45:00 ---
    RMSE omega: nan | RMSE theta: nan | Loss: 207.0634 | Epoch: 42
    Eq theta: 1.00000omega
    Eq omega: nan1 + nantheta + nanomega + nantheta^2 + nantheta omega + nanomega^2

--- Chunk 58273 (194/220) | Start: 2025-03-15 01:50:00 ---
    RMSE omega: 0.006019 | RMSE theta: 0.061819 | Loss: 0.8907 | Epoch: 1641
    Eq theta: 1.00000omega
    Eq omega: -0.000381 + -0.00003theta + -0.00034omega + 0.00005theta^2 + -0.00021theta omega + -0.00143omega^2

--- Chunk 58274 (195/220) | Start: 2025-03-15 01:55:00 ---
    RMSE omega: 0.006336 | RMSE theta: 0.093175 | Loss: -11.3974 | Epoch: 2053
    Eq theta: 1.00000omega
    Eq omega: 0.011411 + -2.09107theta + -0.13047omega + -0.02268theta^2 + -0.37689theta omega + 0.00846omega^2

--- Chunk 58275 (196/220) | Start: 2025-03-15 02:00:00 ---
    RMSE omega: 0.025082 | RMSE theta: 0.276974 | Loss: -207.0592 | Epoch: 413
    Eq theta: 1.00000omega
    Eq omega: 0.006111 + 0.00360theta + -0.00241omega + 0.00128theta^2 + -0.00235theta omega + -0.00330omega^2

--- Chunk 58276 (197/220) | Start: 2025-03-15 02:05:00 ---
    RMSE omega: 0.047258 | RMSE theta: 0.815884 | Loss: 417.6008 | Epoch: 53
    Eq theta: 1.00000omega
    Eq omega: -0.002381 + 0.00022theta + -0.00029omega + -0.00006theta^2 + -0.00004theta omega + -0.00088omega^2

--- Chunk 58277 (198/220) | Start: 2025-03-15 02:10:00 ---
    RMSE omega: 0.005304 | RMSE theta: 0.051707 | Loss: -1.6314 | Epoch: 1330
    Eq theta: 1.00000omega
    Eq omega: 0.003101 + -0.02037theta + 0.00072omega + 0.00076theta^2 + 0.00124theta omega + -0.00403omega^2

--- Chunk 58278 (199/220) | Start: 2025-03-15 02:15:00 ---
    RMSE omega: 0.026138 | RMSE theta: 0.228471 | Loss: -133288.1719 | Epoch: 461
    Eq theta: 1.00000omega
    Eq omega: -0.001821 + -0.00003theta + -0.00200omega + -0.00277theta^2 + -0.00133theta omega + -0.00352omega^2

--- Chunk 58279 (200/220) | Start: 2025-03-15 02:20:00 ---
    RMSE omega: 0.006792 | RMSE theta: 0.383469 | Loss: -33.3334 | Epoch: 2419
    Eq theta: 1.00000omega
    Eq omega: -0.010461 + -0.00048theta + 0.00060omega + 0.00014theta^2 + 0.00006theta omega + -0.00078omega^2

  [Progress 200/220] Mean RMSE omega: 0.064240 | Mean loss: -412001603223438003078961299456.0000 | Valid: 165/200 | Elapsed: 88.7min | ETA: 8.9min

--- Chunk 58280 (201/220) | Start: 2025-03-15 02:25:00 ---
    RMSE omega: 0.007244 | RMSE theta: 0.196329 | Loss: -16.5986 | Epoch: 860
    Eq theta: 1.00000omega
    Eq omega: 0.001071 + -0.00197theta + -0.00011omega + 0.00056theta^2 + 0.00103theta omega + -0.00060omega^2

--- Chunk 58281 (202/220) | Start: 2025-03-15 02:30:00 ---
    RMSE omega: 0.060853 | RMSE theta: 1.245338 | Loss: 347.8520 | Epoch: 88
    Eq theta: 1.00000omega
    Eq omega: -0.001381 + -0.00067theta + -0.00121omega + -0.00006theta^2 + 0.00005theta omega + -0.00020omega^2

--- Chunk 58282 (203/220) | Start: 2025-03-15 02:35:00 ---
    RMSE omega: nan | RMSE theta: nan | Loss: -6319895727589482823680.0000 | Epoch: 916
    Eq theta: 1.00000omega
    Eq omega: nan1 + nantheta + nanomega + nantheta^2 + nantheta omega + nanomega^2

--- Chunk 58283 (204/220) | Start: 2025-03-15 02:40:00 ---
    RMSE omega: nan | RMSE theta: nan | Loss: 251.9776 | Epoch: 49
    Eq theta: 1.00000omega
    Eq omega: nan1 + nantheta + nanomega + nantheta^2 + nantheta omega + nanomega^2

--- Chunk 58284 (205/220) | Start: 2025-03-15 02:45:00 ---
    RMSE omega: nan | RMSE theta: nan | Loss: -7518645778441568256.0000 | Epoch: 1166
    Eq theta: 1.00000omega
    Eq omega: nan1 + nantheta + nanomega + nantheta^2 + nantheta omega + nanomega^2

--- Chunk 58285 (206/220) | Start: 2025-03-15 02:50:00 ---
    RMSE omega: 0.006006 | RMSE theta: 0.265679 | Loss: -0.6520 | Epoch: 1627
    Eq theta: 1.00000omega
    Eq omega: 0.000691 + -0.00011theta + 0.01710omega + -0.00050theta^2 + -0.00059theta omega + -0.00205omega^2

--- Chunk 58286 (207/220) | Start: 2025-03-15 02:55:00 ---
    RMSE omega: nan | RMSE theta: nan | Loss: 2814.7542 | Epoch: 5
    Eq theta: 1.00000omega
    Eq omega: nan1 + nantheta + nanomega + nantheta^2 + nantheta omega + nanomega^2

--- Chunk 58287 (208/220) | Start: 2025-03-15 03:00:00 ---
    RMSE omega: nan | RMSE theta: nan | Loss: 524.8995 | Epoch: 17
    Eq theta: 1.00000omega
    Eq omega: nan1 + nantheta + nanomega + nantheta^2 + nantheta omega + nanomega^2

--- Chunk 58288 (209/220) | Start: 2025-03-15 03:05:00 ---
    RMSE omega: 0.022109 | RMSE theta: 1.292761 | Loss: -26228.2070 | Epoch: 551
    Eq theta: 1.00000omega
    Eq omega: -0.023411 + -0.00947theta + -0.00134omega + -0.00274theta^2 + 0.00205theta omega + -0.00102omega^2

--- Chunk 58289 (210/220) | Start: 2025-03-15 03:10:00 ---
    RMSE omega: 0.007888 | RMSE theta: 0.467243 | Loss: -1562.6667 | Epoch: 1893
    Eq theta: 1.00000omega
    Eq omega: -0.000081 + -0.00008theta + 0.00223omega + 0.00161theta^2 + -0.00142theta omega + -0.00268omega^2

--- Chunk 58290 (211/220) | Start: 2025-03-15 03:15:00 ---
    RMSE omega: 0.006011 | RMSE theta: 0.092116 | Loss: -3.2738 | Epoch: 1254
    Eq theta: 1.00000omega
    Eq omega: -0.004821 + -0.00954theta + 0.00372omega + -0.00012theta^2 + -0.04399theta omega + -0.00251omega^2

--- Chunk 58291 (212/220) | Start: 2025-03-15 03:20:00 ---
    RMSE omega: 0.049573 | RMSE theta: 1.251188 | Loss: -335.1380 | Epoch: 434
    Eq theta: 1.00000omega
    Eq omega: 0.002621 + -0.00003theta + 0.00222omega + -0.00003theta^2 + -0.00004theta omega + -0.00030omega^2

--- Chunk 58292 (213/220) | Start: 2025-03-15 03:25:00 ---
    RMSE omega: 0.005792 | RMSE theta: 0.057290 | Loss: -1.3417 | Epoch: 1656
    Eq theta: 1.00000omega
    Eq omega: -0.001311 + 0.00077theta + -0.01767omega + 0.00024theta^2 + -0.00066theta omega + -0.00024omega^2

--- Chunk 58293 (214/220) | Start: 2025-03-15 03:30:00 ---
    RMSE omega: nan | RMSE theta: nan | Loss: 109.9186 | Epoch: 602
    Eq theta: 1.00000omega
    Eq omega: nan1 + nantheta + nanomega + nantheta^2 + nantheta omega + nanomega^2

--- Chunk 58294 (215/220) | Start: 2025-03-15 03:35:00 ---
    RMSE omega: 0.015585 | RMSE theta: 0.122414 | Loss: 22.4691 | Epoch: 285
    Eq theta: 1.00000omega
    Eq omega: 0.000551 + 0.00048theta + 0.00092omega + -0.00006theta^2 + 0.00004theta omega + 0.00019omega^2

--- Chunk 58295 (216/220) | Start: 2025-03-15 03:40:00 ---
    RMSE omega: nan | RMSE theta: nan | Loss: -19382014658599988437629009920.0000 | Epoch: 4380
    Eq theta: 1.00000omega
    Eq omega: nan1 + nantheta + nanomega + nantheta^2 + nantheta omega + nanomega^2

--- Chunk 58296 (217/220) | Start: 2025-03-15 03:45:00 ---
    RMSE omega: nan | RMSE theta: nan | Loss: 394.8142 | Epoch: 16
    Eq theta: 1.00000omega
    Eq omega: nan1 + nantheta + nanomega + nantheta^2 + nantheta omega + nanomega^2

--- Chunk 58297 (218/220) | Start: 2025-03-15 03:50:00 ---
    RMSE omega: nan | RMSE theta: nan | Loss: 387.3095 | Epoch: 23
    Eq theta: 1.00000omega
    Eq omega: nan1 + nantheta + nanomega + nantheta^2 + nantheta omega + nanomega^2

--- Chunk 58298 (219/220) | Start: 2025-03-15 03:55:00 ---
    RMSE omega: 0.010607 | RMSE theta: 0.376741 | Loss: 6.9400 | Epoch: 1380
    Eq theta: 1.00000omega
    Eq omega: 0.004471 + 0.00024theta + -0.01011omega + -0.00002theta^2 + 0.00009theta omega + 0.00014omega^2

--- Chunk 58299 (220/220) | Start: 2025-03-15 04:00:00 ---
    RMSE omega: 0.044013 | RMSE theta: 0.376781 | Loss: 149.3282 | Epoch: 96
    Eq theta: 1.00000omega
    Eq omega: -0.001931 + 0.00031theta + -0.00107omega + 0.00005theta^2 + 0.00008theta omega + -0.00056omega^2

  [Progress 220/220] Mean RMSE omega: 0.061564 | Mean loss: -374635012116698241459420135424.0000 | Valid: 176/220 | Elapsed: 94.8min | ETA: 0.0min

============================================================
EVALUATION COMPLETE — Chunks [58080, 58299]
============================================================
Chunks processed: 220
Chunks succeeded: 176 (80.0%)
Mean RMSE omega:  0.061564 ± 0.557590
Mean RMSE theta:  1.407461 ± 12.595872
Mean RMSE total:  0.996292
Mean Loss:        -374635012116698241459420135424.0000 ± 4933725989562110093626731134976.0000
Elapsed time:     94.8 minutes

Per-chunk CSV: /pfs/data6/home/ka/ka_iai/ka_bj2362/dsr/svise/results_5min_all_chunks/run_SLURM_3708675/chunks_58080_to_58299_20260320_070548.csv
Summary JSON:  /pfs/data6/home/ka/ka_iai/ka_bj2362/dsr/svise/results_5min_all_chunks/run_SLURM_3708675/summary_58080_to_58299_20260320_070548.json
============================================================

============================= JOB FEEDBACK =============================

NodeName=uc3n014
Job ID: 3709378
Array Job ID: 3708675_264
Cluster: uc3
User/Group: ka_bj2362/ka_iai
State: COMPLETED (exit code 0)
Nodes: 1
Cores per node: 4
CPU Utilized: 01:34:06
CPU Efficiency: 24.73% of 06:20:28 core-walltime
Job Wall-clock time: 01:35:07
Memory Utilized: 3.49 GB
Memory Efficiency: 29.11% of 12.00 GB (12.00 GB/node)
