Array task 465: processing chunks 102300 to 102519
Loading data from /pfs/data6/home/ka/ka_iai/ka_bj2362/dsr/svise/../dataset/South_Korea_2024-08-15_2025-08-31_1s.parquet...
Finding all valid 5-minute chunks in the dataset...
Found 107059 valid 5-minute chunks in total.

============================================================
SVISE FINAL EVALUATION — ALL CHUNKS
============================================================
Hyperparameters: {
  "model": "integrator",
  "sigma": 0,
  "degree": 2,
  "tau": 1e-05,
  "lr": 0.1,
  "n_tau": 100,
  "measurement_noise": 0.001,
  "n_reparam_samples": 15
}
Total valid chunks in dataset: 107059
Processing chunk range: [102300, 102519] (220 chunks)
Early stopping: patience=300, max_epochs=10000
============================================================


--- Chunk 102300 (1/220) | Start: 2025-08-15 11:10:00 ---
/pfs/data6/home/ka/ka_iai/ka_bj2362/dsr/svise/svise/sde_learning/_marginal_sde.py:284: UserWarning: torch.triangular_solve is deprecated in favor of torch.linalg.solve_triangularand will be removed in a future PyTorch release.
torch.linalg.solve_triangular has its arguments reversed and does not return a copy of one of the inputs.
X = torch.triangular_solve(B, A).solution
should be replaced with
X = torch.linalg.solve_triangular(A, B). (Triggered internally at ../aten/src/ATen/native/BatchLinearAlgebra.cpp:2192.)
  return torch.triangular_solve(self.raw_w, self.C.t()).solution
/pfs/data6/home/ka/ka_iai/ka_bj2362/dsr/svise/svise/quadrature/_unbiased_quadrature.py:196: UserWarning: Interp is nan, reducing interp degree.
  warnings.warn("Interp is nan, reducing interp degree.")
/pfs/data6/home/ka/ka_iai/ka_bj2362/dsr/svise/svise/quadrature/_unbiased_quadrature.py:174: UserWarning: NaN detected in fxq (quadrature node evaluations). Clamping to 0.
  warnings.warn("NaN detected in fxq (quadrature node evaluations). Clamping to 0.")
/pfs/data6/home/ka/ka_iai/ka_bj2362/dsr/svise/svise/quadrature/_unbiased_quadrature.py:177: UserWarning: NaN detected in fmc (Monte-Carlo node evaluations). Clamping to 0.
  warnings.warn("NaN detected in fmc (Monte-Carlo node evaluations). Clamping to 0.")
    RMSE omega: 0.322312 | RMSE theta: 5.559455 | Loss: -324312430765146112.0000 | Epoch: 970
    Eq theta: 1.00000omega
    Eq omega: -0.006411 + -0.00549theta + -0.00058omega + 0.00055theta^2 + 0.00108theta omega + -0.00018omega^2

--- Chunk 102301 (2/220) | Start: 2025-08-15 11:15:00 ---
    RMSE omega: nan | RMSE theta: nan | Loss: 96.6916 | Epoch: 56
    Eq theta: 1.00000omega
    Eq omega: nan1 + nantheta + nanomega + nantheta^2 + nantheta omega + nanomega^2

--- Chunk 102302 (3/220) | Start: 2025-08-15 11:20:00 ---
    RMSE omega: nan | RMSE theta: nan | Loss: 162.8341 | Epoch: 30
    Eq theta: 1.00000omega
    Eq omega: nan1 + nantheta + nanomega + nantheta^2 + nantheta omega + nanomega^2

--- Chunk 102303 (4/220) | Start: 2025-08-15 11:25:00 ---
    RMSE omega: 0.003991 | RMSE theta: 0.034521 | Loss: -1.0465 | Epoch: 1522
    Eq theta: 1.00000omega
    Eq omega: -0.000111 + -0.66099theta + 0.01741omega + 0.00049theta^2 + 0.00050theta omega + -0.00114omega^2

--- Chunk 102304 (5/220) | Start: 2025-08-15 11:30:00 ---
    RMSE omega: nan | RMSE theta: nan | Loss: 279.1125 | Epoch: 26
    Eq theta: 1.00000omega
    Eq omega: nan1 + nantheta + nanomega + nantheta^2 + nantheta omega + nanomega^2

--- Chunk 102305 (6/220) | Start: 2025-08-15 11:35:00 ---
    RMSE omega: 0.023172 | RMSE theta: 0.339428 | Loss: 48.3322 | Epoch: 1403
    Eq theta: 1.00000omega
    Eq omega: 0.001961 + -0.00039theta + -0.00049omega + 0.00000theta^2 + -0.00011theta omega + -0.00036omega^2

--- Chunk 102306 (7/220) | Start: 2025-08-15 11:40:00 ---
    RMSE omega: 0.025322 | RMSE theta: 0.742810 | Loss: 313.3549 | Epoch: 124
    Eq theta: 1.00000omega
    Eq omega: -0.009591 + 0.00010theta + -0.00061omega + -0.00013theta^2 + 0.00016theta omega + 0.00150omega^2

--- Chunk 102307 (8/220) | Start: 2025-08-15 11:45:00 ---
    RMSE omega: 0.047181 | RMSE theta: 0.856724 | Loss: 1007.9606 | Epoch: 28
    Eq theta: 1.00000omega
    Eq omega: -0.001401 + -0.00005theta + 0.00117omega + -0.00001theta^2 + -0.00004theta omega + 0.00039omega^2

--- Chunk 102308 (9/220) | Start: 2025-08-15 11:50:00 ---
    RMSE omega: nan | RMSE theta: nan | Loss: 153.7643 | Epoch: 35
    Eq theta: 1.00000omega
    Eq omega: nan1 + nantheta + nanomega + nantheta^2 + nantheta omega + nanomega^2

--- Chunk 102309 (10/220) | Start: 2025-08-15 11:55:00 ---
    RMSE omega: 0.007269 | RMSE theta: 0.272226 | Loss: -104.9944 | Epoch: 1657
    Eq theta: 1.00000omega
    Eq omega: -0.005201 + -0.00062theta + -0.00222omega + -0.00006theta^2 + 0.00005theta omega + 0.00000omega^2

--- Chunk 102310 (11/220) | Start: 2025-08-15 12:00:00 ---
    RMSE omega: nan | RMSE theta: nan | Loss: 813.3098 | Epoch: 72
    Eq theta: 1.00000omega
    Eq omega: nan1 + nantheta + nanomega + nantheta^2 + nantheta omega + nanomega^2

--- Chunk 102311 (12/220) | Start: 2025-08-15 12:05:00 ---
    RMSE omega: 0.003611 | RMSE theta: 0.079935 | Loss: -1.0891 | Epoch: 1496
    Eq theta: 1.00000omega
    Eq omega: -0.004331 + 0.00004theta + 0.00090omega + 0.00017theta^2 + 0.00067theta omega + -0.00121omega^2

--- Chunk 102312 (13/220) | Start: 2025-08-15 12:10:00 ---
    RMSE omega: nan | RMSE theta: nan | Loss: 1.8296 | Epoch: 607
    Eq theta: 1.00000omega
    Eq omega: nan1 + nantheta + nanomega + nantheta^2 + nantheta omega + nanomega^2

--- Chunk 102313 (14/220) | Start: 2025-08-15 12:15:00 ---
    RMSE omega: 0.006161 | RMSE theta: 0.249005 | Loss: -17.0527 | Epoch: 1621
    Eq theta: 1.00000omega
    Eq omega: 0.000011 + -0.00021theta + -0.00615omega + 0.00003theta^2 + -0.00027theta omega + -0.00213omega^2

--- Chunk 102314 (15/220) | Start: 2025-08-15 12:20:00 ---
    RMSE omega: 0.021209 | RMSE theta: 0.280502 | Loss: -6841.5508 | Epoch: 712
    Eq theta: 1.00000omega
    Eq omega: -0.001841 + -0.00027theta + -0.00117omega + 0.00001theta^2 + -0.00029theta omega + -0.00031omega^2

--- Chunk 102315 (16/220) | Start: 2025-08-15 12:25:00 ---
    RMSE omega: 0.005319 | RMSE theta: 0.041490 | Loss: -53.5263 | Epoch: 2696
    Eq theta: 1.00000omega
    Eq omega: 0.000651 + 0.00000theta + 0.00009omega + 0.00000theta^2 + 0.00000theta omega + 0.00002omega^2

--- Chunk 102316 (17/220) | Start: 2025-08-15 12:30:00 ---
    RMSE omega: 0.014892 | RMSE theta: 0.254913 | Loss: 196.6766 | Epoch: 3156
    Eq theta: 1.00000omega
    Eq omega: -0.007131 + -0.00021theta + -0.00747omega + 0.00087theta^2 + 0.00371theta omega + -0.00049omega^2

--- Chunk 102317 (18/220) | Start: 2025-08-15 12:35:00 ---
    RMSE omega: 0.015915 | RMSE theta: 0.491323 | Loss: 133.7246 | Epoch: 1158
    Eq theta: 1.00000omega
    Eq omega: -0.004081 + 0.02300theta + -0.01056omega + -0.00003theta^2 + 0.00006theta omega + -0.00072omega^2

--- Chunk 102318 (19/220) | Start: 2025-08-15 12:40:00 ---
    RMSE omega: nan | RMSE theta: nan | Loss: 405.0351 | Epoch: 130
    Eq theta: 1.00000omega
    Eq omega: nan1 + nantheta + nanomega + nantheta^2 + nantheta omega + nanomega^2

--- Chunk 102319 (20/220) | Start: 2025-08-15 12:45:00 ---
    RMSE omega: 0.008284 | RMSE theta: 0.406392 | Loss: -6197.0225 | Epoch: 1893
    Eq theta: 1.00000omega
    Eq omega: -0.005471 + 0.00058theta + -0.00234omega + -0.00135theta^2 + 0.00139theta omega + 0.00007omega^2

--- Chunk 102320 (21/220) | Start: 2025-08-15 12:50:00 ---
    RMSE omega: 0.004028 | RMSE theta: 0.030990 | Loss: 7.4504 | Epoch: 3920
    Eq theta: 1.00000omega
    Eq omega: 0.000351 + -0.00001theta + -0.00003omega + -0.00000theta^2 + -0.00000theta omega + -0.00008omega^2

--- Chunk 102321 (22/220) | Start: 2025-08-15 12:55:00 ---
    RMSE omega: nan | RMSE theta: nan | Loss: 2021.3777 | Epoch: 37
    Eq theta: 1.00000omega
    Eq omega: nan1 + nantheta + nanomega + nantheta^2 + nantheta omega + nanomega^2

--- Chunk 102322 (23/220) | Start: 2025-08-15 13:00:00 ---
    RMSE omega: 0.019676 | RMSE theta: 1.093474 | Loss: 828.3865 | Epoch: 71
    Eq theta: 1.00000omega
    Eq omega: 0.005841 + 0.00111theta + 0.00203omega + 0.00057theta^2 + 0.00074theta omega + 0.00219omega^2

--- Chunk 102323 (24/220) | Start: 2025-08-15 13:05:00 ---
    RMSE omega: nan | RMSE theta: nan | Loss: 35777.5938 | Epoch: 16
    Eq theta: 1.00000omega
    Eq omega: nan1 + nantheta + nanomega + nantheta^2 + nantheta omega + nanomega^2

--- Chunk 102324 (25/220) | Start: 2025-08-15 13:10:00 ---
    RMSE omega: nan | RMSE theta: nan | Loss: 237.7200 | Epoch: 51
    Eq theta: 1.00000omega
    Eq omega: nan1 + nantheta + nanomega + nantheta^2 + nantheta omega + nanomega^2

--- Chunk 102325 (26/220) | Start: 2025-08-15 13:15:00 ---
    RMSE omega: 0.005238 | RMSE theta: 0.061585 | Loss: -0.9382 | Epoch: 1280
    Eq theta: 1.00000omega
    Eq omega: 0.004801 + -0.13951theta + -0.00630omega + -0.00145theta^2 + -0.01367theta omega + 0.00058omega^2

--- Chunk 102326 (27/220) | Start: 2025-08-15 13:20:00 ---
    RMSE omega: 0.005471 | RMSE theta: 0.192059 | Loss: -0.9799 | Epoch: 2453
    Eq theta: 1.00000omega
    Eq omega: 0.001921 + 0.00198theta + 0.00010omega + 0.00003theta^2 + 0.00045theta omega + -0.00512omega^2

--- Chunk 102327 (28/220) | Start: 2025-08-15 13:25:00 ---
    RMSE omega: 0.028604 | RMSE theta: 1.683465 | Loss: -39054.5586 | Epoch: 570
    Eq theta: 1.00000omega
    Eq omega: 0.000761 + 0.00002theta + -0.00070omega + -0.00000theta^2 + 0.00001theta omega + -0.00006omega^2

--- Chunk 102328 (29/220) | Start: 2025-08-15 13:30:00 ---
    RMSE omega: 0.013347 | RMSE theta: 0.240389 | Loss: -3284746000679697265983488.0000 | Epoch: 2503
    Eq theta: 1.00000omega
    Eq omega: -0.002991 + 0.00014theta + -0.00095omega + 0.00000theta^2 + 0.00003theta omega + 0.00002omega^2

--- Chunk 102329 (30/220) | Start: 2025-08-15 13:35:00 ---
    RMSE omega: 0.021727 | RMSE theta: 0.465722 | Loss: -17569.6328 | Epoch: 485
    Eq theta: 1.00000omega
    Eq omega: -0.001191 + -0.00032theta + 0.00017omega + 0.00001theta^2 + 0.00017theta omega + 0.00015omega^2

--- Chunk 102330 (31/220) | Start: 2025-08-15 13:40:00 ---
    RMSE omega: 0.014949 | RMSE theta: 0.346861 | Loss: 96.9758 | Epoch: 1232
    Eq theta: 1.00000omega
    Eq omega: -0.000751 + -0.05532theta + -0.00014omega + 0.00217theta^2 + 0.00028theta omega + -0.00426omega^2

--- Chunk 102331 (32/220) | Start: 2025-08-15 13:45:00 ---
    RMSE omega: 0.014816 | RMSE theta: 0.273346 | Loss: -1.3350 | Epoch: 1132
    Eq theta: 1.00000omega
    Eq omega: -4.837791 + -1.95206theta + 1.54634omega + -0.55002theta^2 + 2.25480theta omega + 8.92737omega^2

--- Chunk 102332 (33/220) | Start: 2025-08-15 13:50:00 ---
    RMSE omega: 0.003776 | RMSE theta: 0.041549 | Loss: -0.5790 | Epoch: 1705
    Eq theta: 1.00000omega
    Eq omega: -0.001891 + 0.00237theta + -0.00099omega + 0.00021theta^2 + 0.00139theta omega + 0.00389omega^2

--- Chunk 102333 (34/220) | Start: 2025-08-15 13:55:00 ---
    RMSE omega: nan | RMSE theta: nan | Loss: 60.0979 | Epoch: 40
    Eq theta: 1.00000omega
    Eq omega: nan1 + nantheta + nanomega + nantheta^2 + nantheta omega + nanomega^2

--- Chunk 102334 (35/220) | Start: 2025-08-15 14:00:00 ---
    RMSE omega: 0.007034 | RMSE theta: 0.118570 | Loss: -0.9818 | Epoch: 1718
    Eq theta: 1.00000omega
    Eq omega: 0.002281 + -0.00303theta + 0.00150omega + -0.00013theta^2 + 0.00149theta omega + 0.00269omega^2

--- Chunk 102335 (36/220) | Start: 2025-08-15 14:05:00 ---
    RMSE omega: 0.005002 | RMSE theta: 0.027234 | Loss: -0.4977 | Epoch: 1390
    Eq theta: 1.00000omega
    Eq omega: 0.002521 + -0.00084theta + -0.00009omega + -0.00294theta^2 + -0.00095theta omega + -0.00280omega^2

--- Chunk 102336 (37/220) | Start: 2025-08-15 14:10:00 ---
    RMSE omega: nan | RMSE theta: nan | Loss: 91.1563 | Epoch: 42
    Eq theta: 1.00000omega
    Eq omega: nan1 + nantheta + nanomega + nantheta^2 + nantheta omega + nanomega^2

--- Chunk 102337 (38/220) | Start: 2025-08-15 14:15:00 ---
    RMSE omega: 0.003396 | RMSE theta: 0.015521 | Loss: -0.4076 | Epoch: 1092
    Eq theta: 1.00000omega
    Eq omega: 0.000371 + -0.00565theta + -0.00258omega + 0.00025theta^2 + -0.00118theta omega + -0.00383omega^2

--- Chunk 102338 (39/220) | Start: 2025-08-15 14:20:00 ---
    RMSE omega: 0.037634 | RMSE theta: 0.536115 | Loss: 365.0205 | Epoch: 38
    Eq theta: 1.00000omega
    Eq omega: 0.009341 + 0.00043theta + 0.01141omega + 0.00434theta^2 + 0.00050theta omega + 0.00562omega^2

--- Chunk 102339 (40/220) | Start: 2025-08-15 14:25:00 ---
    RMSE omega: nan | RMSE theta: nan | Loss: 11827.2461 | Epoch: 16
    Eq theta: 1.00000omega
    Eq omega: nan1 + nantheta + nanomega + nantheta^2 + nantheta omega + nanomega^2

--- Chunk 102340 (41/220) | Start: 2025-08-15 14:30:00 ---
    RMSE omega: 0.038199 | RMSE theta: 0.933677 | Loss: 342.9950 | Epoch: 32
    Eq theta: 1.00000omega
    Eq omega: -0.002461 + -0.00406theta + -0.00079omega + 0.00005theta^2 + -0.00695theta omega + 0.00143omega^2

--- Chunk 102341 (42/220) | Start: 2025-08-15 14:35:00 ---
    RMSE omega: nan | RMSE theta: nan | Loss: 246.0441 | Epoch: 159
    Eq theta: 1.00000omega
    Eq omega: nan1 + nantheta + nanomega + nantheta^2 + nantheta omega + nanomega^2

--- Chunk 102342 (43/220) | Start: 2025-08-15 14:40:00 ---
    RMSE omega: 0.029507 | RMSE theta: 0.596246 | Loss: 150.2287 | Epoch: 79
    Eq theta: 1.00000omega
    Eq omega: -0.000741 + 0.00078theta + -0.00122omega + 0.00009theta^2 + -0.00014theta omega + 0.00060omega^2

--- Chunk 102343 (44/220) | Start: 2025-08-15 14:45:00 ---
    RMSE omega: 0.005004 | RMSE theta: 0.131122 | Loss: 0.5170 | Epoch: 1681
    Eq theta: 1.00000omega
    Eq omega: 0.001391 + -0.00051theta + -0.00024omega + 0.00054theta^2 + -0.00019theta omega + -0.00013omega^2

--- Chunk 102344 (45/220) | Start: 2025-08-15 14:50:00 ---
    RMSE omega: nan | RMSE theta: nan | Loss: -37254362024864899505854544347136.0000 | Epoch: 3287
    Eq theta: 1.00000omega
    Eq omega: nan1 + nantheta + nanomega + nantheta^2 + nantheta omega + nanomega^2

--- Chunk 102345 (46/220) | Start: 2025-08-15 14:55:00 ---
    RMSE omega: 0.140156 | RMSE theta: 3.577024 | Loss: -738917443598024704.0000 | Epoch: 769
    Eq theta: 1.00000omega
    Eq omega: 0.003311 + -0.00273theta + -0.00013omega + 0.00017theta^2 + 0.00047theta omega + -0.00009omega^2

--- Chunk 102346 (47/220) | Start: 2025-08-15 15:00:00 ---
    RMSE omega: 0.005634 | RMSE theta: 0.049745 | Loss: 0.2730 | Epoch: 1828
    Eq theta: 1.00000omega
    Eq omega: 0.005331 + -0.01500theta + -0.00132omega + -0.00244theta^2 + 0.00126theta omega + -0.00083omega^2

--- Chunk 102347 (48/220) | Start: 2025-08-15 15:05:00 ---
    RMSE omega: 0.003856 | RMSE theta: 0.047065 | Loss: -0.7033 | Epoch: 1552
    Eq theta: 1.00000omega
    Eq omega: 0.000271 + -0.00010theta + 0.00075omega + 0.00094theta^2 + 0.00017theta omega + -0.00185omega^2

--- Chunk 102348 (49/220) | Start: 2025-08-15 15:10:00 ---
    RMSE omega: 0.004982 | RMSE theta: 0.070745 | Loss: -0.6204 | Epoch: 927
    Eq theta: 1.00000omega
    Eq omega: 0.003891 + -0.47305theta + -0.00890omega + -0.04408theta^2 + 0.00933theta omega + 0.04020omega^2

--- Chunk 102349 (50/220) | Start: 2025-08-15 15:15:00 ---
    RMSE omega: 0.005308 | RMSE theta: 0.047523 | Loss: 0.6021 | Epoch: 1250
    Eq theta: 1.00000omega
    Eq omega: 0.007241 + -0.00397theta + -0.00242omega + -0.00282theta^2 + -0.00075theta omega + -0.00234omega^2

  [Progress 50/220] Mean RMSE omega: 0.026342 | Mean loss: -745087306192239232553779724288.0000 | Valid: 35/50 | Elapsed: 18.4min | ETA: 62.7min

--- Chunk 102350 (51/220) | Start: 2025-08-15 15:20:00 ---
    RMSE omega: 0.004800 | RMSE theta: 0.200831 | Loss: 1.9045 | Epoch: 1946
    Eq theta: 1.00000omega
    Eq omega: -0.005501 + -0.23922theta + -0.00211omega + 0.00024theta^2 + 0.00030theta omega + 0.00156omega^2

--- Chunk 102351 (52/220) | Start: 2025-08-15 15:25:00 ---
    RMSE omega: 0.004939 | RMSE theta: 0.087933 | Loss: 3.5147 | Epoch: 1619
    Eq theta: 1.00000omega
    Eq omega: -0.003681 + -0.00005theta + -0.01127omega + 0.00007theta^2 + -0.00007theta omega + 0.00020omega^2

--- Chunk 102352 (53/220) | Start: 2025-08-15 15:30:00 ---
    RMSE omega: 0.029289 | RMSE theta: 1.078190 | Loss: -94978320.0000 | Epoch: 2420
    Eq theta: 1.00000omega
    Eq omega: -0.002631 + 0.00432theta + -0.00164omega + -0.00010theta^2 + -0.00016theta omega + 0.00065omega^2

--- Chunk 102353 (54/220) | Start: 2025-08-15 15:35:00 ---
    RMSE omega: nan | RMSE theta: nan | Loss: 623.7394 | Epoch: 29
    Eq theta: 1.00000omega
    Eq omega: nan1 + nantheta + nanomega + nantheta^2 + nantheta omega + nanomega^2

--- Chunk 102354 (55/220) | Start: 2025-08-15 15:40:00 ---
    RMSE omega: 0.004886 | RMSE theta: 0.153281 | Loss: 18.3625 | Epoch: 3056
    Eq theta: 1.00000omega
    Eq omega: 0.002851 + -0.00040theta + 0.02367omega + -0.00011theta^2 + 0.00003theta omega + 0.00009omega^2

--- Chunk 102355 (56/220) | Start: 2025-08-15 15:45:00 ---
    RMSE omega: 0.004142 | RMSE theta: 0.021435 | Loss: 0.3132 | Epoch: 2302
    Eq theta: 1.00000omega
    Eq omega: -0.000411 + 0.00141theta + 0.00058omega + -0.00009theta^2 + 0.00035theta omega + 0.00086omega^2

--- Chunk 102356 (57/220) | Start: 2025-08-15 15:50:00 ---
    RMSE omega: 0.018064 | RMSE theta: 0.342101 | Loss: 87.7030 | Epoch: 806
    Eq theta: 1.00000omega
    Eq omega: -0.001681 + -0.00095theta + -0.00536omega + -0.00003theta^2 + 0.00037theta omega + -0.00010omega^2

--- Chunk 102357 (58/220) | Start: 2025-08-15 15:55:00 ---
    RMSE omega: 0.003713 | RMSE theta: 0.114255 | Loss: 0.8068 | Epoch: 1936
    Eq theta: 1.00000omega
    Eq omega: 0.004281 + 0.00052theta + 0.00485omega + -0.00002theta^2 + -0.00043theta omega + -0.00212omega^2

--- Chunk 102358 (59/220) | Start: 2025-08-15 16:00:00 ---
    RMSE omega: 0.018080 | RMSE theta: 0.538675 | Loss: 38.2627 | Epoch: 794
    Eq theta: 1.00000omega
    Eq omega: 0.001951 + 0.00038theta + 0.00680omega + 0.00264theta^2 + -0.02653theta omega + -0.00340omega^2

--- Chunk 102359 (60/220) | Start: 2025-08-15 16:05:00 ---
    RMSE omega: nan | RMSE theta: nan | Loss: 231.2485 | Epoch: 44
    Eq theta: 1.00000omega
    Eq omega: nan1 + nantheta + nanomega + nantheta^2 + nantheta omega + nanomega^2

--- Chunk 102360 (61/220) | Start: 2025-08-15 16:10:00 ---
    RMSE omega: 0.005553 | RMSE theta: 0.071166 | Loss: -1.2852 | Epoch: 1786
    Eq theta: 1.00000omega
    Eq omega: 0.001371 + -0.00007theta + -0.00084omega + -0.00003theta^2 + 0.00031theta omega + 0.00008omega^2

--- Chunk 102361 (62/220) | Start: 2025-08-15 16:15:00 ---
    RMSE omega: nan | RMSE theta: nan | Loss: 942.7355 | Epoch: 31
    Eq theta: 1.00000omega
    Eq omega: nan1 + nantheta + nanomega + nantheta^2 + nantheta omega + nanomega^2

--- Chunk 102362 (63/220) | Start: 2025-08-15 16:20:00 ---
    RMSE omega: 0.028380 | RMSE theta: 0.756502 | Loss: -1841993.2500 | Epoch: 1868
    Eq theta: 1.00000omega
    Eq omega: 0.001601 + -0.00008theta + 0.00202omega + 0.00000theta^2 + 0.00025theta omega + -0.00005omega^2

--- Chunk 102363 (64/220) | Start: 2025-08-15 16:25:00 ---
    RMSE omega: 0.003618 | RMSE theta: 0.063557 | Loss: -0.5707 | Epoch: 853
    Eq theta: 1.00000omega
    Eq omega: 0.009831 + -2.17017theta + -0.01685omega + 0.01388theta^2 + 0.01070theta omega + -0.01014omega^2

--- Chunk 102364 (65/220) | Start: 2025-08-15 16:30:00 ---
    RMSE omega: 0.009724 | RMSE theta: 0.045455 | Loss: 6.8872 | Epoch: 1604
    Eq theta: 1.00000omega
    Eq omega: -0.016831 + -0.10672theta + -0.00226omega + 0.00032theta^2 + -0.00047theta omega + 0.00114omega^2

--- Chunk 102365 (66/220) | Start: 2025-08-15 16:35:00 ---
    RMSE omega: 0.023998 | RMSE theta: 0.545337 | Loss: 373.2230 | Epoch: 84
    Eq theta: 1.00000omega
    Eq omega: -0.002231 + -0.00183theta + 0.01296omega + 0.00015theta^2 + -0.00016theta omega + -0.00022omega^2

--- Chunk 102366 (67/220) | Start: 2025-08-15 16:40:00 ---
    RMSE omega: 0.004018 | RMSE theta: 0.075306 | Loss: 0.8284 | Epoch: 2312
    Eq theta: 1.00000omega
    Eq omega: 0.000161 + -0.00005theta + 0.00917omega + 0.00003theta^2 + 0.00005theta omega + 0.00107omega^2

--- Chunk 102367 (68/220) | Start: 2025-08-15 16:45:00 ---
    RMSE omega: 0.004099 | RMSE theta: 0.133400 | Loss: -0.5253 | Epoch: 2360
    Eq theta: 1.00000omega
    Eq omega: -0.001441 + 0.00284theta + -0.00492omega + 0.00028theta^2 + 0.00088theta omega + 0.00033omega^2

--- Chunk 102368 (69/220) | Start: 2025-08-15 16:50:00 ---
    RMSE omega: 0.005501 | RMSE theta: 0.129855 | Loss: -0.8580 | Epoch: 2183
    Eq theta: 1.00000omega
    Eq omega: 0.000731 + -0.00256theta + 0.00210omega + 0.00049theta^2 + -0.00003theta omega + 0.00360omega^2

--- Chunk 102369 (70/220) | Start: 2025-08-15 16:55:00 ---
    RMSE omega: 0.011471 | RMSE theta: 0.752528 | Loss: -1770887286960928879280128.0000 | Epoch: 3445
    Eq theta: 1.00000omega
    Eq omega: -0.002151 + -0.00012theta + 0.00019omega + -0.00021theta^2 + 0.00012theta omega + 0.00036omega^2

--- Chunk 102370 (71/220) | Start: 2025-08-15 17:00:00 ---
    RMSE omega: 0.005214 | RMSE theta: 0.201149 | Loss: 2.2142 | Epoch: 3346
    Eq theta: 1.00000omega
    Eq omega: -0.002181 + -0.00007theta + -0.00083omega + -0.00004theta^2 + 0.00013theta omega + -0.00022omega^2

--- Chunk 102371 (72/220) | Start: 2025-08-15 17:05:00 ---
    RMSE omega: nan | RMSE theta: nan | Loss: 319.3575 | Epoch: 69
    Eq theta: 1.00000omega
    Eq omega: nan1 + nantheta + nanomega + nantheta^2 + nantheta omega + nanomega^2

--- Chunk 102372 (73/220) | Start: 2025-08-15 17:10:00 ---
    RMSE omega: 0.013669 | RMSE theta: 0.726261 | Loss: -165716226806769427038492164096.0000 | Epoch: 5012
    Eq theta: 1.00000omega
    Eq omega: 0.001071 + 0.00000theta + -0.00376omega + -0.00000theta^2 + 0.00001theta omega + -0.00004omega^2

--- Chunk 102373 (74/220) | Start: 2025-08-15 17:15:00 ---
    RMSE omega: 0.005381 | RMSE theta: 0.211438 | Loss: 5.7421 | Epoch: 1892
    Eq theta: 1.00000omega
    Eq omega: -0.002971 + -0.00033theta + 0.00124omega + -0.00001theta^2 + 0.00007theta omega + 0.00045omega^2

--- Chunk 102374 (75/220) | Start: 2025-08-15 17:20:00 ---
    RMSE omega: 0.004868 | RMSE theta: 0.127644 | Loss: 3.0958 | Epoch: 2153
    Eq theta: 1.00000omega
    Eq omega: 0.002331 + -0.00045theta + -0.00149omega + -0.00013theta^2 + -0.00001theta omega + -0.00070omega^2

--- Chunk 102375 (76/220) | Start: 2025-08-15 17:25:00 ---
    RMSE omega: 0.033751 | RMSE theta: 0.837179 | Loss: 333.9127 | Epoch: 435
    Eq theta: 1.00000omega
    Eq omega: -0.003381 + 0.00010theta + -0.00100omega + -0.00000theta^2 + 0.00024theta omega + -0.00045omega^2

--- Chunk 102376 (77/220) | Start: 2025-08-15 17:30:00 ---
    RMSE omega: nan | RMSE theta: nan | Loss: 2341.5996 | Epoch: 33
    Eq theta: 1.00000omega
    Eq omega: nan1 + nantheta + nanomega + nantheta^2 + nantheta omega + nanomega^2

--- Chunk 102377 (78/220) | Start: 2025-08-15 17:35:00 ---
    RMSE omega: nan | RMSE theta: nan | Loss: 18140.4727 | Epoch: 16
    Eq theta: 1.00000omega
    Eq omega: nan1 + nantheta + nanomega + nantheta^2 + nantheta omega + nanomega^2

--- Chunk 102378 (79/220) | Start: 2025-08-15 17:40:00 ---
    RMSE omega: nan | RMSE theta: nan | Loss: 1130.0059 | Epoch: 40
    Eq theta: 1.00000omega
    Eq omega: nan1 + nantheta + nanomega + nantheta^2 + nantheta omega + nanomega^2

--- Chunk 102379 (80/220) | Start: 2025-08-15 17:45:00 ---
    RMSE omega: nan | RMSE theta: nan | Loss: 1056.6530 | Epoch: 59
    Eq theta: 1.00000omega
    Eq omega: nan1 + nantheta + nanomega + nantheta^2 + nantheta omega + nanomega^2

--- Chunk 102380 (81/220) | Start: 2025-08-15 17:50:00 ---
    RMSE omega: 0.014359 | RMSE theta: 0.380857 | Loss: 162.0442 | Epoch: 918
    Eq theta: 1.00000omega
    Eq omega: 0.000901 + -0.00001theta + -0.00034omega + 0.00000theta^2 + 0.00000theta omega + 0.00008omega^2

--- Chunk 102381 (82/220) | Start: 2025-08-15 17:55:00 ---
    RMSE omega: 0.004700 | RMSE theta: 0.123481 | Loss: -0.9233 | Epoch: 1217
    Eq theta: 1.00000omega
    Eq omega: -0.001281 + 0.00004theta + -0.00236omega + 0.00006theta^2 + 0.00023theta omega + 0.00024omega^2

--- Chunk 102382 (83/220) | Start: 2025-08-15 18:00:00 ---
    RMSE omega: 0.031752 | RMSE theta: 0.935697 | Loss: -638907.3750 | Epoch: 764
    Eq theta: 1.00000omega
    Eq omega: 0.002871 + -0.00047theta + -0.00041omega + 0.00002theta^2 + 0.00067theta omega + 0.00128omega^2

--- Chunk 102383 (84/220) | Start: 2025-08-15 18:05:00 ---
    RMSE omega: 0.006328 | RMSE theta: 0.213490 | Loss: 7.6165 | Epoch: 2863
    Eq theta: 1.00000omega
    Eq omega: -0.037041 + 0.00078theta + 0.00434omega + -0.00006theta^2 + -0.00003theta omega + -0.00056omega^2

--- Chunk 102384 (85/220) | Start: 2025-08-15 18:10:00 ---
    RMSE omega: nan | RMSE theta: nan | Loss: 101.3376 | Epoch: 29
    Eq theta: 1.00000omega
    Eq omega: nan1 + nantheta + nanomega + nantheta^2 + nantheta omega + nanomega^2

--- Chunk 102385 (86/220) | Start: 2025-08-15 18:15:00 ---
    RMSE omega: 0.006959 | RMSE theta: 0.063957 | Loss: -1.1218 | Epoch: 1358
    Eq theta: 1.00000omega
    Eq omega: 0.000811 + -0.00406theta + 0.00730omega + 0.00039theta^2 + -0.00168theta omega + 0.00058omega^2

--- Chunk 102386 (87/220) | Start: 2025-08-15 18:20:00 ---
    RMSE omega: nan | RMSE theta: nan | Loss: 157.9589 | Epoch: 146
    Eq theta: 1.00000omega
    Eq omega: nan1 + nantheta + nanomega + nantheta^2 + nantheta omega + nanomega^2

--- Chunk 102387 (88/220) | Start: 2025-08-15 18:25:00 ---
    RMSE omega: nan | RMSE theta: nan | Loss: 111.6876 | Epoch: 29
    Eq theta: 1.00000omega
    Eq omega: nan1 + nantheta + nanomega + nantheta^2 + nantheta omega + nanomega^2

--- Chunk 102388 (89/220) | Start: 2025-08-15 18:30:00 ---
    RMSE omega: 0.010486 | RMSE theta: 0.273881 | Loss: -14457.2422 | Epoch: 950
    Eq theta: 1.00000omega
    Eq omega: -0.000571 + 0.00167theta + -0.00277omega + 0.01579theta^2 + -0.00115theta omega + 0.00333omega^2

--- Chunk 102389 (90/220) | Start: 2025-08-15 18:35:00 ---
    RMSE omega: nan | RMSE theta: nan | Loss: 359.9932 | Epoch: 69
    Eq theta: 1.00000omega
    Eq omega: nan1 + nantheta + nanomega + nantheta^2 + nantheta omega + nanomega^2

--- Chunk 102390 (91/220) | Start: 2025-08-15 18:40:00 ---
    RMSE omega: 0.004213 | RMSE theta: 0.119774 | Loss: 2.8013 | Epoch: 1986
    Eq theta: 1.00000omega
    Eq omega: -0.000101 + -0.00034theta + 0.00055omega + -0.00013theta^2 + -0.00019theta omega + 0.00019omega^2

--- Chunk 102391 (92/220) | Start: 2025-08-15 18:45:00 ---
    RMSE omega: 0.018491 | RMSE theta: 0.563169 | Loss: 111.3540 | Epoch: 632
    Eq theta: 1.00000omega
    Eq omega: 0.004931 + -0.02864theta + 0.01978omega + -0.00002theta^2 + 0.00001theta omega + 0.00028omega^2

--- Chunk 102392 (93/220) | Start: 2025-08-15 18:50:00 ---
    RMSE omega: 0.019145 | RMSE theta: 0.288371 | Loss: 293.0311 | Epoch: 2008
    Eq theta: 1.00000omega
    Eq omega: -0.001431 + -0.00007theta + -0.00090omega + -0.00002theta^2 + -0.00000theta omega + 0.00013omega^2

--- Chunk 102393 (94/220) | Start: 2025-08-15 18:55:00 ---
    RMSE omega: 0.004927 | RMSE theta: 0.148273 | Loss: -2.1333 | Epoch: 842
    Eq theta: 1.00000omega
    Eq omega: 0.014931 + -0.51113theta + -0.09557omega + -0.00262theta^2 + -0.00396theta omega + 0.00196omega^2

--- Chunk 102394 (95/220) | Start: 2025-08-15 19:00:00 ---
    RMSE omega: 0.027362 | RMSE theta: 0.409196 | Loss: -41068.2734 | Epoch: 622
    Eq theta: 1.00000omega
    Eq omega: -0.005741 + -0.14960theta + -0.00182omega + -0.00091theta^2 + -0.00838theta omega + -0.00230omega^2

--- Chunk 102395 (96/220) | Start: 2025-08-15 19:05:00 ---
    RMSE omega: 0.008453 | RMSE theta: 0.496847 | Loss: -857220.9375 | Epoch: 1769
    Eq theta: 1.00000omega
    Eq omega: 0.000921 + -0.00008theta + -0.00009omega + 0.00001theta^2 + -0.00003theta omega + 0.00006omega^2

--- Chunk 102396 (97/220) | Start: 2025-08-15 19:10:00 ---
    RMSE omega: 0.004375 | RMSE theta: 0.057357 | Loss: 6.1426 | Epoch: 2021
    Eq theta: 1.00000omega
    Eq omega: -0.000251 + 0.00004theta + -0.00015omega + -0.00001theta^2 + 0.00002theta omega + 0.00064omega^2

--- Chunk 102397 (98/220) | Start: 2025-08-15 19:15:00 ---
    RMSE omega: 0.004565 | RMSE theta: 0.168083 | Loss: -0.5890 | Epoch: 1612
    Eq theta: 1.00000omega
    Eq omega: -0.006661 + 0.00015theta + -0.00121omega + 0.00003theta^2 + 0.00043theta omega + -0.00161omega^2

--- Chunk 102398 (99/220) | Start: 2025-08-15 19:20:00 ---
    RMSE omega: 0.005135 | RMSE theta: 0.056117 | Loss: 0.7184 | Epoch: 1302
    Eq theta: 1.00000omega
    Eq omega: 0.000201 + 0.00042theta + 0.00016omega + -0.00014theta^2 + -0.00006theta omega + -0.00107omega^2

--- Chunk 102399 (100/220) | Start: 2025-08-15 19:25:00 ---
    RMSE omega: 0.005237 | RMSE theta: 0.153352 | Loss: -0.0722 | Epoch: 2201
    Eq theta: 1.00000omega
    Eq omega: 0.000941 + -0.13440theta + -0.00710omega + -0.00102theta^2 + 0.00243theta omega + 0.00068omega^2

  [Progress 100/220] Mean RMSE omega: 0.018433 | Mean loss: -374200833073060168897564508160.0000 | Valid: 73/100 | Elapsed: 42.9min | ETA: 51.4min

--- Chunk 102400 (101/220) | Start: 2025-08-15 19:30:00 ---
    RMSE omega: 0.005218 | RMSE theta: 0.031393 | Loss: -1.9827 | Epoch: 1576
    Eq theta: 1.00000omega
    Eq omega: -0.002411 + -0.00543theta + 0.00131omega + -0.40721theta^2 + 0.00563theta omega + -0.02390omega^2

--- Chunk 102401 (102/220) | Start: 2025-08-15 19:35:00 ---
    RMSE omega: 0.004557 | RMSE theta: 0.068996 | Loss: -1.4470 | Epoch: 1161
    Eq theta: 1.00000omega
    Eq omega: -0.030581 + -0.99193theta + -0.02873omega + 0.03729theta^2 + -1.07998theta omega + 0.08446omega^2

--- Chunk 102402 (103/220) | Start: 2025-08-15 19:40:00 ---
    RMSE omega: 0.003784 | RMSE theta: 0.037534 | Loss: -0.9952 | Epoch: 896
    Eq theta: 1.00000omega
    Eq omega: -0.004271 + -1.73788theta + 0.12506omega + -0.04301theta^2 + 0.00408theta omega + -0.00173omega^2

--- Chunk 102403 (104/220) | Start: 2025-08-15 19:45:00 ---
    RMSE omega: 0.004736 | RMSE theta: 0.038133 | Loss: 0.5595 | Epoch: 1522
    Eq theta: 1.00000omega
    Eq omega: 0.001261 + -0.00132theta + -0.00250omega + -0.00091theta^2 + 0.00158theta omega + 0.00161omega^2

--- Chunk 102404 (105/220) | Start: 2025-08-15 19:50:00 ---
    RMSE omega: nan | RMSE theta: nan | Loss: 135.2695 | Epoch: 32
    Eq theta: 1.00000omega
    Eq omega: nan1 + nantheta + nanomega + nantheta^2 + nantheta omega + nanomega^2

--- Chunk 102405 (106/220) | Start: 2025-08-15 19:55:00 ---
    RMSE omega: 0.004513 | RMSE theta: 0.091815 | Loss: -2.2593 | Epoch: 976
    Eq theta: 1.00000omega
    Eq omega: 0.000401 + -0.37178theta + 0.00455omega + 0.06768theta^2 + -0.01295theta omega + -0.01134omega^2

--- Chunk 102406 (107/220) | Start: 2025-08-15 20:00:00 ---
    RMSE omega: 0.003354 | RMSE theta: 0.060462 | Loss: -1.9799 | Epoch: 1396
    Eq theta: 1.00000omega
    Eq omega: 0.002171 + 0.00511theta + 0.00543omega + 0.00218theta^2 + -0.00342theta omega + 0.00172omega^2

--- Chunk 102407 (108/220) | Start: 2025-08-15 20:05:00 ---
    RMSE omega: 0.005527 | RMSE theta: 0.140429 | Loss: -2.0580 | Epoch: 1303
    Eq theta: 1.00000omega
    Eq omega: -0.197981 + -1.31241theta + -0.40389omega + 0.36729theta^2 + -0.00309theta omega + -0.83824omega^2

--- Chunk 102408 (109/220) | Start: 2025-08-15 20:10:00 ---
    RMSE omega: 0.006125 | RMSE theta: 0.090099 | Loss: 0.8184 | Epoch: 1384
    Eq theta: 1.00000omega
    Eq omega: 0.026561 + -0.00537theta + -0.00149omega + 0.00879theta^2 + -0.00105theta omega + 0.05838omega^2

--- Chunk 102409 (110/220) | Start: 2025-08-15 20:15:00 ---
    RMSE omega: 0.004176 | RMSE theta: 0.062716 | Loss: 6.9260 | Epoch: 2443
    Eq theta: 1.00000omega
    Eq omega: -0.011921 + -0.00014theta + -0.00338omega + 0.00001theta^2 + -0.00039theta omega + 0.00004omega^2

--- Chunk 102410 (111/220) | Start: 2025-08-15 20:20:00 ---
    RMSE omega: 0.004306 | RMSE theta: 0.025724 | Loss: -1.8449 | Epoch: 1062
    Eq theta: 1.00000omega
    Eq omega: 0.027621 + -1.52388theta + -0.03528omega + 0.01919theta^2 + -0.00644theta omega + 0.09894omega^2

--- Chunk 102411 (112/220) | Start: 2025-08-15 20:25:00 ---
    RMSE omega: 0.014073 | RMSE theta: 0.097975 | Loss: 29.7544 | Epoch: 83
    Eq theta: 1.00000omega
    Eq omega: 0.018101 + -1.35338theta + 0.01836omega + 0.01846theta^2 + 0.03109theta omega + 0.01164omega^2

--- Chunk 102412 (113/220) | Start: 2025-08-15 20:30:00 ---
    RMSE omega: 0.005513 | RMSE theta: 0.051101 | Loss: -1.5479 | Epoch: 1393
    Eq theta: 1.00000omega
    Eq omega: 0.000921 + -0.00429theta + -0.00224omega + 0.00073theta^2 + 0.00194theta omega + -0.00158omega^2

--- Chunk 102413 (114/220) | Start: 2025-08-15 20:35:00 ---
    RMSE omega: nan | RMSE theta: nan | Loss: 74.8247 | Epoch: 58
    Eq theta: 1.00000omega
    Eq omega: nan1 + nantheta + nanomega + nantheta^2 + nantheta omega + nanomega^2

--- Chunk 102414 (115/220) | Start: 2025-08-15 20:40:00 ---
    RMSE omega: 0.004520 | RMSE theta: 0.029463 | Loss: -1.1076 | Epoch: 1619
    Eq theta: 1.00000omega
    Eq omega: 0.010791 + -1.43229theta + 0.10723omega + -0.00614theta^2 + 0.40964theta omega + -0.34316omega^2

--- Chunk 102415 (116/220) | Start: 2025-08-15 20:45:00 ---
    RMSE omega: 0.004359 | RMSE theta: 0.047181 | Loss: -1.0628 | Epoch: 1685
    Eq theta: 1.00000omega
    Eq omega: -0.006541 + -0.57518theta + -0.01979omega + 0.00039theta^2 + -0.00517theta omega + -0.00950omega^2

--- Chunk 102416 (117/220) | Start: 2025-08-15 20:50:00 ---
    RMSE omega: nan | RMSE theta: nan | Loss: 80.0076 | Epoch: 31
    Eq theta: 1.00000omega
    Eq omega: nan1 + nantheta + nanomega + nantheta^2 + nantheta omega + nanomega^2

--- Chunk 102417 (118/220) | Start: 2025-08-15 20:55:00 ---
    RMSE omega: nan | RMSE theta: nan | Loss: 2362.9968 | Epoch: 16
    Eq theta: 1.00000omega
    Eq omega: nan1 + nantheta + nanomega + nantheta^2 + nantheta omega + nanomega^2

--- Chunk 102418 (119/220) | Start: 2025-08-15 21:00:00 ---
    RMSE omega: 0.005657 | RMSE theta: 0.131613 | Loss: -18338952668428252479488.0000 | Epoch: 3297
    Eq theta: 1.00000omega
    Eq omega: 0.005461 + -0.00018theta + -0.00135omega + 0.00001theta^2 + -0.00013theta omega + 0.00037omega^2

--- Chunk 102419 (120/220) | Start: 2025-08-15 21:05:00 ---
    RMSE omega: 0.032312 | RMSE theta: 0.645026 | Loss: -4398.7954 | Epoch: 411
    Eq theta: 1.00000omega
    Eq omega: 0.001391 + -0.00129theta + -0.00618omega + 0.00003theta^2 + 0.00003theta omega + 0.00127omega^2

--- Chunk 102420 (121/220) | Start: 2025-08-15 21:10:00 ---
    RMSE omega: 0.007567 | RMSE theta: 0.087096 | Loss: -6338323169235189465350144.0000 | Epoch: 2927
    Eq theta: 1.00000omega
    Eq omega: 0.000111 + -0.00414theta + 0.00946omega + -0.00033theta^2 + -0.00103theta omega + -0.00005omega^2

--- Chunk 102421 (122/220) | Start: 2025-08-15 21:15:00 ---
    RMSE omega: 0.004685 | RMSE theta: 0.038852 | Loss: -0.6798 | Epoch: 2401
    Eq theta: 1.00000omega
    Eq omega: -0.000631 + -0.00007theta + -0.00100omega + -0.00009theta^2 + -0.00000theta omega + 0.00060omega^2

--- Chunk 102422 (123/220) | Start: 2025-08-15 21:20:00 ---
    RMSE omega: 0.004745 | RMSE theta: 0.081205 | Loss: -0.3003 | Epoch: 1346
    Eq theta: 1.00000omega
    Eq omega: -0.000171 + 0.00153theta + -0.01059omega + 0.00135theta^2 + -0.00310theta omega + 0.00391omega^2

--- Chunk 102423 (124/220) | Start: 2025-08-15 21:25:00 ---
    RMSE omega: 0.004367 | RMSE theta: 0.105314 | Loss: -0.8739 | Epoch: 1910
    Eq theta: 1.00000omega
    Eq omega: 0.000041 + 0.00068theta + 0.00086omega + -0.00034theta^2 + -0.00264theta omega + -0.00068omega^2

--- Chunk 102424 (125/220) | Start: 2025-08-15 21:30:00 ---
    RMSE omega: 0.004174 | RMSE theta: 0.030089 | Loss: -0.2312 | Epoch: 778
    Eq theta: 1.00000omega
    Eq omega: -0.006651 + -1.64243theta + 0.00754omega + -0.00218theta^2 + -0.03061theta omega + -0.01637omega^2

--- Chunk 102425 (126/220) | Start: 2025-08-15 21:35:00 ---
    RMSE omega: 0.008688 | RMSE theta: 0.060338 | Loss: -79.2401 | Epoch: 1373
    Eq theta: 1.00000omega
    Eq omega: 0.001161 + -0.00163theta + 0.00079omega + 0.00011theta^2 + 0.00325theta omega + -0.00109omega^2

--- Chunk 102426 (127/220) | Start: 2025-08-15 21:40:00 ---
    RMSE omega: 0.004233 | RMSE theta: 0.053217 | Loss: -2.2491 | Epoch: 1582
    Eq theta: 1.00000omega
    Eq omega: 0.001541 + 0.00170theta + -0.00100omega + -0.00003theta^2 + -0.00001theta omega + -0.00007omega^2

--- Chunk 102427 (128/220) | Start: 2025-08-15 21:45:00 ---
    RMSE omega: 0.004808 | RMSE theta: 0.048882 | Loss: -0.6913 | Epoch: 1526
    Eq theta: 1.00000omega
    Eq omega: -0.000411 + -0.00061theta + 0.00270omega + 0.00118theta^2 + -0.00294theta omega + -0.00093omega^2

--- Chunk 102428 (129/220) | Start: 2025-08-15 21:50:00 ---
    RMSE omega: 0.004104 | RMSE theta: 0.056467 | Loss: -1.4896 | Epoch: 1084
    Eq theta: 1.00000omega
    Eq omega: -0.001381 + -0.00094theta + -0.00026omega + 0.00066theta^2 + 0.00041theta omega + -0.00067omega^2

--- Chunk 102429 (130/220) | Start: 2025-08-15 21:55:00 ---
    RMSE omega: 0.004578 | RMSE theta: 0.075628 | Loss: -0.4141 | Epoch: 1244
    Eq theta: 1.00000omega
    Eq omega: -0.000531 + 0.00218theta + -0.00582omega + -0.00742theta^2 + -0.01426theta omega + -0.00434omega^2

--- Chunk 102430 (131/220) | Start: 2025-08-15 22:00:00 ---
    RMSE omega: 0.018921 | RMSE theta: 0.192800 | Loss: 18.0936 | Epoch: 60
    Eq theta: 1.00000omega
    Eq omega: 0.006371 + -0.10549theta + -0.00463omega + 0.00933theta^2 + -0.01258theta omega + 0.00208omega^2

--- Chunk 102431 (132/220) | Start: 2025-08-15 22:05:00 ---
    RMSE omega: 0.015855 | RMSE theta: 0.082387 | Loss: -30735.2754 | Epoch: 727
    Eq theta: 1.00000omega
    Eq omega: -0.000421 + -0.00276theta + -0.00075omega + -0.00782theta^2 + -0.00001theta omega + -0.00143omega^2

--- Chunk 102432 (133/220) | Start: 2025-08-15 22:10:00 ---
    RMSE omega: nan | RMSE theta: nan | Loss: 109.9538 | Epoch: 45
    Eq theta: 1.00000omega
    Eq omega: nan1 + nantheta + nanomega + nantheta^2 + nantheta omega + nanomega^2

--- Chunk 102433 (134/220) | Start: 2025-08-15 22:15:00 ---
    RMSE omega: 0.030595 | RMSE theta: 0.478514 | Loss: -41186224.0000 | Epoch: 1080
    Eq theta: 1.00000omega
    Eq omega: 0.000841 + -0.00006theta + 0.00139omega + 0.00001theta^2 + 0.00001theta omega + 0.00026omega^2

--- Chunk 102434 (135/220) | Start: 2025-08-15 22:20:00 ---
    RMSE omega: 0.005560 | RMSE theta: 0.029259 | Loss: -4541.3940 | Epoch: 2391
    Eq theta: 1.00000omega
    Eq omega: 0.001341 + 0.00232theta + -0.00297omega + -0.00018theta^2 + -0.00182theta omega + 0.00022omega^2

--- Chunk 102435 (136/220) | Start: 2025-08-15 22:25:00 ---
    RMSE omega: 0.024056 | RMSE theta: 0.209218 | Loss: -6234.5303 | Epoch: 726
    Eq theta: 1.00000omega
    Eq omega: 0.000461 + -0.02638theta + 0.00836omega + 0.00026theta^2 + 0.00033theta omega + 0.00224omega^2

--- Chunk 102436 (137/220) | Start: 2025-08-15 22:30:00 ---
    RMSE omega: 0.003810 | RMSE theta: 0.018970 | Loss: -1.1648 | Epoch: 1735
    Eq theta: 1.00000omega
    Eq omega: 0.000461 + 0.00042theta + 0.00325omega + -0.00266theta^2 + -0.00134theta omega + 0.00105omega^2

--- Chunk 102437 (138/220) | Start: 2025-08-15 22:35:00 ---
    RMSE omega: 0.004168 | RMSE theta: 0.031168 | Loss: -2.0383 | Epoch: 1973
    Eq theta: 1.00000omega
    Eq omega: -0.070861 + -0.17279theta + -0.00539omega + 0.20977theta^2 + -0.02264theta omega + 0.00733omega^2

--- Chunk 102438 (139/220) | Start: 2025-08-15 22:40:00 ---
    RMSE omega: 0.025499 | RMSE theta: 0.273884 | Loss: 27.1486 | Epoch: 333
    Eq theta: 1.00000omega
    Eq omega: -0.015571 + -0.28392theta + -0.03224omega + -0.01450theta^2 + 0.20428theta omega + 0.01845omega^2

--- Chunk 102439 (140/220) | Start: 2025-08-15 22:45:00 ---
    RMSE omega: 0.004746 | RMSE theta: 0.063951 | Loss: -2.3416 | Epoch: 1817
    Eq theta: 1.00000omega
    Eq omega: 0.001741 + 0.00064theta + 0.01004omega + 0.01276theta^2 + 0.00327theta omega + -0.00408omega^2

--- Chunk 102440 (141/220) | Start: 2025-08-15 22:50:00 ---
    RMSE omega: 0.004978 | RMSE theta: 0.034344 | Loss: -2.0681 | Epoch: 1745
    Eq theta: 1.00000omega
    Eq omega: -0.002111 + -0.00011theta + -0.00071omega + -0.00020theta^2 + 0.00109theta omega + -0.00135omega^2

--- Chunk 102441 (142/220) | Start: 2025-08-15 22:55:00 ---
    RMSE omega: 0.006430 | RMSE theta: 0.220040 | Loss: -0.9336 | Epoch: 2540
    Eq theta: 1.00000omega
    Eq omega: 0.004011 + 0.00039theta + -0.00639omega + -0.00020theta^2 + -0.00023theta omega + -0.00061omega^2

--- Chunk 102442 (143/220) | Start: 2025-08-15 23:00:00 ---
    RMSE omega: 0.005207 | RMSE theta: 0.096490 | Loss: 0.6422 | Epoch: 1266
    Eq theta: 1.00000omega
    Eq omega: 0.000841 + 0.00070theta + -0.00236omega + 0.00022theta^2 + -0.00033theta omega + 0.00123omega^2

--- Chunk 102443 (144/220) | Start: 2025-08-15 23:05:00 ---
    RMSE omega: 0.010274 | RMSE theta: 0.301396 | Loss: -1833292.2500 | Epoch: 1029
    Eq theta: 1.00000omega
    Eq omega: -0.000811 + -0.00021theta + 0.00093omega + -0.00571theta^2 + 0.00250theta omega + 0.00520omega^2

--- Chunk 102444 (145/220) | Start: 2025-08-15 23:10:00 ---
    RMSE omega: 0.036128 | RMSE theta: 0.833039 | Loss: 213.8659 | Epoch: 53
    Eq theta: 1.00000omega
    Eq omega: -0.002421 + 0.00005theta + 0.00536omega + -0.00003theta^2 + -0.00022theta omega + -0.00184omega^2

--- Chunk 102445 (146/220) | Start: 2025-08-15 23:15:00 ---
    RMSE omega: 0.007663 | RMSE theta: 0.383401 | Loss: -284.4801 | Epoch: 1680
    Eq theta: 1.00000omega
    Eq omega: -0.000621 + 0.00012theta + -0.00010omega + -0.00022theta^2 + 0.00155theta omega + -0.00289omega^2

--- Chunk 102446 (147/220) | Start: 2025-08-15 23:20:00 ---
    RMSE omega: nan | RMSE theta: nan | Loss: 109.6529 | Epoch: 47
    Eq theta: 1.00000omega
    Eq omega: nan1 + nantheta + nanomega + nantheta^2 + nantheta omega + nanomega^2

--- Chunk 102447 (148/220) | Start: 2025-08-15 23:25:00 ---
    RMSE omega: nan | RMSE theta: nan | Loss: 51506.6562 | Epoch: 16
    Eq theta: 1.00000omega
    Eq omega: nan1 + nantheta + nanomega + nantheta^2 + nantheta omega + nanomega^2

--- Chunk 102448 (149/220) | Start: 2025-08-15 23:30:00 ---
    RMSE omega: 0.045209 | RMSE theta: 1.281954 | Loss: -1895.7197 | Epoch: 406
    Eq theta: 1.00000omega
    Eq omega: 0.027241 + -0.00705theta + -0.00154omega + -0.00006theta^2 + 0.00155theta omega + -0.00025omega^2

--- Chunk 102449 (150/220) | Start: 2025-08-15 23:35:00 ---
/pfs/data6/home/ka/ka_iai/ka_bj2362/dsr/svise/svise/quadrature/_unbiased_quadrature.py:218: UserWarning: Quadrature result is NaN. Returning 0.
  warnings.warn("Quadrature result is NaN. Returning 0.")
    RMSE omega: nan | RMSE theta: nan | Loss: -11365424741984409060369009475584.0000 | Epoch: 1563
    Eq theta: 1.00000omega
    Eq omega: nan1 + nantheta + nanomega + nantheta^2 + nantheta omega + nanomega^2

  [Progress 150/220] Mean RMSE omega: 0.015299 | Mean loss: -325236762706350345295952347136.0000 | Valid: 115/150 | Elapsed: 64.4min | ETA: 30.1min

--- Chunk 102450 (151/220) | Start: 2025-08-15 23:40:00 ---
    RMSE omega: nan | RMSE theta: nan | Loss: 118.3669 | Epoch: 39
    Eq theta: 1.00000omega
    Eq omega: nan1 + nantheta + nanomega + nantheta^2 + nantheta omega + nanomega^2

--- Chunk 102451 (152/220) | Start: 2025-08-15 23:45:00 ---
    RMSE omega: 0.004749 | RMSE theta: 0.058728 | Loss: 0.9705 | Epoch: 2537
    Eq theta: 1.00000omega
    Eq omega: -0.001991 + -0.00009theta + -0.00193omega + -0.00008theta^2 + 0.00011theta omega + -0.00158omega^2

--- Chunk 102452 (153/220) | Start: 2025-08-15 23:50:00 ---
    RMSE omega: 0.005377 | RMSE theta: 0.085790 | Loss: 2.2394 | Epoch: 1081
    Eq theta: 1.00000omega
    Eq omega: -0.008151 + 0.00365theta + 0.00615omega + -0.00100theta^2 + -0.00066theta omega + 0.00525omega^2

--- Chunk 102453 (154/220) | Start: 2025-08-15 23:55:00 ---
    RMSE omega: 0.005514 | RMSE theta: 0.107650 | Loss: 0.9824 | Epoch: 2496
    Eq theta: 1.00000omega
    Eq omega: 0.001551 + -0.00048theta + -0.00218omega + 0.00004theta^2 + -0.00012theta omega + -0.00026omega^2

--- Chunk 102454 (155/220) | Start: 2025-08-16 00:00:00 ---
    RMSE omega: 0.039089 | RMSE theta: 0.312537 | Loss: 180.4934 | Epoch: 46
    Eq theta: 1.00000omega
    Eq omega: -0.007551 + -0.00392theta + 0.01171omega + 0.06289theta^2 + 0.00675theta omega + 0.00711omega^2

--- Chunk 102455 (156/220) | Start: 2025-08-16 00:05:00 ---
    RMSE omega: 0.025523 | RMSE theta: 4.625164 | Loss: -4312838963200.0000 | Epoch: 4487
    Eq theta: 1.00000omega
    Eq omega: 0.001631 + 0.00005theta + -0.00015omega + -0.00002theta^2 + 0.00002theta omega + 0.00006omega^2

--- Chunk 102456 (157/220) | Start: 2025-08-16 00:10:00 ---
    RMSE omega: 0.006386 | RMSE theta: 0.266094 | Loss: -33672206336.0000 | Epoch: 2608
    Eq theta: 1.00000omega
    Eq omega: -0.000871 + 0.00045theta + 0.00319omega + -0.00000theta^2 + 0.00002theta omega + -0.00049omega^2

--- Chunk 102457 (158/220) | Start: 2025-08-16 00:15:00 ---
    RMSE omega: 0.005262 | RMSE theta: 0.210066 | Loss: 2.4350 | Epoch: 2449
    Eq theta: 1.00000omega
    Eq omega: -0.003491 + -0.00042theta + -0.00359omega + -0.00001theta^2 + 0.00016theta omega + 0.00049omega^2

--- Chunk 102458 (159/220) | Start: 2025-08-16 00:20:00 ---
    RMSE omega: nan | RMSE theta: nan | Loss: 462.9328 | Epoch: 86
    Eq theta: 1.00000omega
    Eq omega: nan1 + nantheta + nanomega + nantheta^2 + nantheta omega + nanomega^2

--- Chunk 102459 (160/220) | Start: 2025-08-16 00:25:00 ---
    RMSE omega: 0.016741 | RMSE theta: 0.448499 | Loss: 143.6069 | Epoch: 677
    Eq theta: 1.00000omega
    Eq omega: 0.002041 + 0.00001theta + -0.00038omega + -0.00000theta^2 + 0.00001theta omega + -0.00001omega^2

--- Chunk 102460 (161/220) | Start: 2025-08-16 00:30:00 ---
    RMSE omega: 0.005387 | RMSE theta: 0.433499 | Loss: -50166.5664 | Epoch: 3337
    Eq theta: 1.00000omega
    Eq omega: 0.001361 + 0.00003theta + -0.00028omega + -0.00001theta^2 + -0.00000theta omega + 0.00005omega^2

--- Chunk 102461 (162/220) | Start: 2025-08-16 00:35:00 ---
    RMSE omega: nan | RMSE theta: nan | Loss: 1984.4601 | Epoch: 16
    Eq theta: 1.00000omega
    Eq omega: nan1 + nantheta + nanomega + nantheta^2 + nantheta omega + nanomega^2

--- Chunk 102462 (163/220) | Start: 2025-08-16 00:40:00 ---
    RMSE omega: 0.028377 | RMSE theta: 0.873490 | Loss: -17372.2773 | Epoch: 860
    Eq theta: 1.00000omega
    Eq omega: -0.001531 + -0.00006theta + -0.00027omega + -0.00000theta^2 + 0.00003theta omega + -0.00017omega^2

--- Chunk 102463 (164/220) | Start: 2025-08-16 00:45:00 ---
    RMSE omega: 0.011491 | RMSE theta: 0.939973 | Loss: -4813117.0000 | Epoch: 2105
    Eq theta: 1.00000omega
    Eq omega: 0.003111 + -0.00001theta + -0.00448omega + 0.00001theta^2 + 0.00004theta omega + 0.00024omega^2

--- Chunk 102464 (165/220) | Start: 2025-08-16 00:50:00 ---
    RMSE omega: 0.005514 | RMSE theta: 0.285834 | Loss: 7.2383 | Epoch: 3430
    Eq theta: 1.00000omega
    Eq omega: 0.000071 + 0.00074theta + 0.00172omega + -0.00002theta^2 + 0.00001theta omega + -0.00065omega^2

--- Chunk 102465 (166/220) | Start: 2025-08-16 00:55:00 ---
    RMSE omega: 0.006733 | RMSE theta: 0.172330 | Loss: -2.0439 | Epoch: 1299
    Eq theta: 1.00000omega
    Eq omega: -0.006011 + -0.00028theta + 0.01637omega + 0.00026theta^2 + 0.00007theta omega + -0.00165omega^2

--- Chunk 102466 (167/220) | Start: 2025-08-16 01:00:00 ---
    RMSE omega: 0.021639 | RMSE theta: 0.226007 | Loss: 96.3702 | Epoch: 218
    Eq theta: 1.00000omega
    Eq omega: 0.001181 + 0.00024theta + 0.00002omega + -0.00043theta^2 + -0.00001theta omega + 0.00374omega^2

--- Chunk 102467 (168/220) | Start: 2025-08-16 01:05:00 ---
    RMSE omega: 0.031274 | RMSE theta: 0.576301 | Loss: 219.7197 | Epoch: 74
    Eq theta: 1.00000omega
    Eq omega: 0.004431 + -0.01000theta + -0.00148omega + 0.00003theta^2 + 0.00085theta omega + -0.00014omega^2

--- Chunk 102468 (169/220) | Start: 2025-08-16 01:10:00 ---
    RMSE omega: 0.023778 | RMSE theta: 0.166179 | Loss: 49.7604 | Epoch: 51
    Eq theta: 1.00000omega
    Eq omega: -0.002281 + -0.00520theta + -0.00162omega + 0.00024theta^2 + -0.00013theta omega + 0.00252omega^2

--- Chunk 102469 (170/220) | Start: 2025-08-16 01:15:00 ---
    RMSE omega: 0.005952 | RMSE theta: 0.108424 | Loss: 2.7612 | Epoch: 1692
    Eq theta: 1.00000omega
    Eq omega: -0.006201 + 0.00005theta + -0.00251omega + 0.00009theta^2 + -0.00018theta omega + 0.00147omega^2

--- Chunk 102470 (171/220) | Start: 2025-08-16 01:20:00 ---
    RMSE omega: 0.006054 | RMSE theta: 0.099275 | Loss: 8.7305 | Epoch: 2540
    Eq theta: 1.00000omega
    Eq omega: 0.004721 + 0.00005theta + 0.00016omega + 0.00002theta^2 + -0.00002theta omega + 0.00048omega^2

--- Chunk 102471 (172/220) | Start: 2025-08-16 01:25:00 ---
    RMSE omega: nan | RMSE theta: nan | Loss: 148.3039 | Epoch: 50
    Eq theta: 1.00000omega
    Eq omega: nan1 + nantheta + nanomega + nantheta^2 + nantheta omega + nanomega^2

--- Chunk 102472 (173/220) | Start: 2025-08-16 01:30:00 ---
    RMSE omega: nan | RMSE theta: nan | Loss: 491.9592 | Epoch: 48
    Eq theta: 1.00000omega
    Eq omega: nan1 + nantheta + nanomega + nantheta^2 + nantheta omega + nanomega^2

--- Chunk 102473 (174/220) | Start: 2025-08-16 01:35:00 ---
    RMSE omega: nan | RMSE theta: nan | Loss: 193.3944 | Epoch: 40
    Eq theta: 1.00000omega
    Eq omega: nan1 + nantheta + nanomega + nantheta^2 + nantheta omega + nanomega^2

--- Chunk 102474 (175/220) | Start: 2025-08-16 01:40:00 ---
    RMSE omega: 0.005090 | RMSE theta: 0.117562 | Loss: -1.4096 | Epoch: 1927
    Eq theta: 1.00000omega
    Eq omega: 0.001691 + -0.00125theta + -0.00355omega + -0.00066theta^2 + -0.00116theta omega + 0.03460omega^2

--- Chunk 102475 (176/220) | Start: 2025-08-16 01:45:00 ---
    RMSE omega: nan | RMSE theta: nan | Loss: -101351521689068694124101632.0000 | Epoch: 1953
    Eq theta: 1.00000omega
    Eq omega: nan1 + nantheta + nanomega + nantheta^2 + nantheta omega + nanomega^2

--- Chunk 102476 (177/220) | Start: 2025-08-16 01:50:00 ---
    RMSE omega: 0.014470 | RMSE theta: 0.123589 | Loss: 47.9564 | Epoch: 690
    Eq theta: 1.00000omega
    Eq omega: -0.001941 + 0.00006theta + 0.00890omega + 0.00000theta^2 + -0.00004theta omega + -0.00002omega^2

--- Chunk 102477 (178/220) | Start: 2025-08-16 01:55:00 ---
    RMSE omega: 0.030967 | RMSE theta: 0.580710 | Loss: 144.2927 | Epoch: 37
    Eq theta: 1.00000omega
    Eq omega: 0.000721 + 0.00206theta + -0.00041omega + -0.00001theta^2 + 0.00053theta omega + -0.00175omega^2

--- Chunk 102478 (179/220) | Start: 2025-08-16 02:00:00 ---
    RMSE omega: 0.007353 | RMSE theta: 0.311340 | Loss: 7.6591 | Epoch: 2416
    Eq theta: 1.00000omega
    Eq omega: 0.001161 + -0.00048theta + -0.00129omega + -0.00001theta^2 + -0.00001theta omega + 0.00066omega^2

--- Chunk 102479 (180/220) | Start: 2025-08-16 02:05:00 ---
    RMSE omega: 0.039512 | RMSE theta: 0.849066 | Loss: 257.8228 | Epoch: 38
    Eq theta: 1.00000omega
    Eq omega: 0.038621 + -0.00120theta + -0.01952omega + 0.00148theta^2 + 0.00082theta omega + 0.00136omega^2

--- Chunk 102480 (181/220) | Start: 2025-08-16 02:10:00 ---
    RMSE omega: nan | RMSE theta: nan | Loss: 18710.3965 | Epoch: 5
    Eq theta: 1.00000omega
    Eq omega: nan1 + nantheta + nanomega + nantheta^2 + nantheta omega + nanomega^2

--- Chunk 102481 (182/220) | Start: 2025-08-16 02:15:00 ---
    RMSE omega: nan | RMSE theta: nan | Loss: -23191012892326746244197122048.0000 | Epoch: 1766
    Eq theta: 1.00000omega
    Eq omega: nan1 + nantheta + nanomega + nantheta^2 + nantheta omega + nanomega^2

--- Chunk 102482 (183/220) | Start: 2025-08-16 02:20:00 ---
    RMSE omega: 0.015697 | RMSE theta: 0.832780 | Loss: -2426524720431104.0000 | Epoch: 2217
    Eq theta: 1.00000omega
    Eq omega: 0.002131 + 0.00004theta + 0.00056omega + 0.00058theta^2 + -0.00029theta omega + -0.00003omega^2

--- Chunk 102483 (184/220) | Start: 2025-08-16 02:25:00 ---
    RMSE omega: 0.007291 | RMSE theta: 0.384553 | Loss: -61.1846 | Epoch: 1745
    Eq theta: 1.00000omega
    Eq omega: -0.000011 + 0.00017theta + -0.00109omega + 0.00002theta^2 + -0.00010theta omega + 0.00106omega^2

--- Chunk 102484 (185/220) | Start: 2025-08-16 02:30:00 ---
    RMSE omega: 0.029176 | RMSE theta: 0.393425 | Loss: 63.3547 | Epoch: 349
    Eq theta: 1.00000omega
    Eq omega: -0.002461 + -0.00062theta + -0.00362omega + -0.00170theta^2 + -0.00135theta omega + 0.00943omega^2

--- Chunk 102485 (186/220) | Start: 2025-08-16 02:35:00 ---
    RMSE omega: 0.004610 | RMSE theta: 0.081870 | Loss: -1.4868 | Epoch: 1846
    Eq theta: 1.00000omega
    Eq omega: -0.012231 + -0.00577theta + 0.00423omega + 0.00549theta^2 + -0.00166theta omega + 0.00157omega^2

--- Chunk 102486 (187/220) | Start: 2025-08-16 02:40:00 ---
    RMSE omega: nan | RMSE theta: nan | Loss: 187.8041 | Epoch: 45
    Eq theta: 1.00000omega
    Eq omega: nan1 + nantheta + nanomega + nantheta^2 + nantheta omega + nanomega^2

--- Chunk 102487 (188/220) | Start: 2025-08-16 02:45:00 ---
    RMSE omega: 0.003996 | RMSE theta: 0.048029 | Loss: -2.5173 | Epoch: 1320
    Eq theta: 1.00000omega
    Eq omega: -0.012611 + -0.31285theta + -0.00340omega + 0.01152theta^2 + 0.00695theta omega + 0.00177omega^2

--- Chunk 102488 (189/220) | Start: 2025-08-16 02:50:00 ---
    RMSE omega: 0.008243 | RMSE theta: 0.486537 | Loss: -20821664.0000 | Epoch: 1795
    Eq theta: 1.00000omega
    Eq omega: 0.002971 + -0.00020theta + -0.00106omega + 0.00012theta^2 + -0.00035theta omega + 0.00014omega^2

--- Chunk 102489 (190/220) | Start: 2025-08-16 02:55:00 ---
    RMSE omega: nan | RMSE theta: nan | Loss: 24.3764 | Epoch: 74
    Eq theta: 1.00000omega
    Eq omega: nan1 + nantheta + nanomega + nantheta^2 + nantheta omega + nanomega^2

--- Chunk 102490 (191/220) | Start: 2025-08-16 03:00:00 ---
    RMSE omega: 0.008401 | RMSE theta: 0.435390 | Loss: -438.4312 | Epoch: 2471
    Eq theta: 1.00000omega
    Eq omega: -0.004641 + -0.00008theta + 0.00217omega + 0.00003theta^2 + 0.00020theta omega + 0.00165omega^2

--- Chunk 102491 (192/220) | Start: 2025-08-16 03:05:00 ---
    RMSE omega: 0.005902 | RMSE theta: 0.074627 | Loss: -2287895955791413248.0000 | Epoch: 1730
    Eq theta: 1.00000omega
    Eq omega: -0.000521 + -0.04434theta + -0.00394omega + 0.00049theta^2 + -0.00725theta omega + 0.00091omega^2

--- Chunk 102492 (193/220) | Start: 2025-08-16 03:10:00 ---
    RMSE omega: 0.021333 | RMSE theta: 0.253407 | Loss: 55.1435 | Epoch: 50
    Eq theta: 1.00000omega
    Eq omega: -0.000591 + 0.00117theta + -0.00244omega + -0.00015theta^2 + -0.00076theta omega + -0.00399omega^2

--- Chunk 102493 (194/220) | Start: 2025-08-16 03:15:00 ---
    RMSE omega: 0.005133 | RMSE theta: 0.085886 | Loss: -2.6349 | Epoch: 1569
    Eq theta: 1.00000omega
    Eq omega: -0.000131 + 0.00226theta + -0.00226omega + -0.00045theta^2 + 0.00187theta omega + -0.00112omega^2

--- Chunk 102494 (195/220) | Start: 2025-08-16 03:20:00 ---
    RMSE omega: 0.013780 | RMSE theta: 0.112308 | Loss: -4322265.5000 | Epoch: 798
    Eq theta: 1.00000omega
    Eq omega: 0.000051 + -0.04397theta + -0.02110omega + 0.00356theta^2 + 0.00174theta omega + 0.00207omega^2

--- Chunk 102495 (196/220) | Start: 2025-08-16 03:25:00 ---
    RMSE omega: 0.039102 | RMSE theta: 1.623224 | Loss: 477.5591 | Epoch: 40
    Eq theta: 1.00000omega
    Eq omega: -0.007731 + -0.00104theta + -0.00235omega + -0.00006theta^2 + -0.00001theta omega + 0.00043omega^2

--- Chunk 102496 (197/220) | Start: 2025-08-16 03:30:00 ---
    RMSE omega: 0.034956 | RMSE theta: 0.459758 | Loss: -3123.7131 | Epoch: 562
    Eq theta: 1.00000omega
    Eq omega: 0.001411 + -0.00138theta + 0.00053omega + -0.00068theta^2 + -0.00089theta omega + -0.00385omega^2

--- Chunk 102497 (198/220) | Start: 2025-08-16 03:35:00 ---
    RMSE omega: nan | RMSE theta: nan | Loss: 70.1177 | Epoch: 137
    Eq theta: 1.00000omega
    Eq omega: nan1 + nantheta + nanomega + nantheta^2 + nantheta omega + nanomega^2

--- Chunk 102498 (199/220) | Start: 2025-08-16 03:40:00 ---
    RMSE omega: 0.004263 | RMSE theta: 0.086321 | Loss: -1.6358 | Epoch: 1368
    Eq theta: 1.00000omega
    Eq omega: -0.004261 + 0.00140theta + -0.00032omega + -0.00126theta^2 + -0.00216theta omega + -0.00176omega^2

--- Chunk 102499 (200/220) | Start: 2025-08-16 03:45:00 ---
    RMSE omega: 0.010538 | RMSE theta: 0.266885 | Loss: 0.7273 | Epoch: 1610
    Eq theta: 1.00000omega
    Eq omega: -0.001061 + -0.13484theta + 0.00692omega + 0.00056theta^2 + 0.00019theta omega + -0.00885omega^2

  [Progress 200/220] Mean RMSE omega: 0.015190 | Mean loss: -244044033851844265930710319104.0000 | Valid: 153/200 | Elapsed: 86.3min | ETA: 8.6min

--- Chunk 102500 (201/220) | Start: 2025-08-16 03:50:00 ---
    RMSE omega: 0.006990 | RMSE theta: 0.266559 | Loss: 5.2694 | Epoch: 2627
    Eq theta: 1.00000omega
    Eq omega: 0.004271 + 0.00012theta + -0.00176omega + -0.00013theta^2 + 0.00031theta omega + -0.00027omega^2

--- Chunk 102501 (202/220) | Start: 2025-08-16 03:55:00 ---
    RMSE omega: 0.046692 | RMSE theta: 0.655334 | Loss: 372.7218 | Epoch: 20
    Eq theta: 1.00000omega
    Eq omega: -0.003721 + -0.00226theta + -0.00269omega + -0.00165theta^2 + 0.00071theta omega + -0.00052omega^2

--- Chunk 102502 (203/220) | Start: 2025-08-16 04:00:00 ---
    RMSE omega: 0.004263 | RMSE theta: 0.082249 | Loss: -1.0761 | Epoch: 1422
    Eq theta: 1.00000omega
    Eq omega: -0.000741 + -0.00149theta + 0.00009omega + 0.00106theta^2 + 0.00335theta omega + -0.00650omega^2

--- Chunk 102503 (204/220) | Start: 2025-08-16 04:05:00 ---
    RMSE omega: 0.008640 | RMSE theta: 0.185118 | Loss: -9965.0273 | Epoch: 1000
    Eq theta: 1.00000omega
    Eq omega: -0.000741 + -0.01740theta + 0.00007omega + 0.00045theta^2 + 0.00317theta omega + 0.05605omega^2

--- Chunk 102504 (205/220) | Start: 2025-08-16 04:10:00 ---
    RMSE omega: 0.025850 | RMSE theta: 1.954020 | Loss: -1721793151106195893780480.0000 | Epoch: 1604
    Eq theta: 1.00000omega
    Eq omega: -0.004241 + -0.00025theta + 0.00060omega + -0.00017theta^2 + 0.00004theta omega + 0.00172omega^2

--- Chunk 102505 (206/220) | Start: 2025-08-16 04:15:00 ---
    RMSE omega: 0.015066 | RMSE theta: 0.893175 | Loss: -182.0924 | Epoch: 2129
    Eq theta: 1.00000omega
    Eq omega: -0.000251 + 0.00027theta + -0.00443omega + 0.00011theta^2 + 0.00211theta omega + -0.00037omega^2

--- Chunk 102506 (207/220) | Start: 2025-08-16 04:20:00 ---
    RMSE omega: 0.003755 | RMSE theta: 0.034548 | Loss: -13811567.0000 | Epoch: 2829
    Eq theta: 1.00000omega
    Eq omega: 0.002081 + 0.00200theta + 0.00298omega + 0.00066theta^2 + 0.00054theta omega + 0.00028omega^2

--- Chunk 102507 (208/220) | Start: 2025-08-16 04:25:00 ---
    RMSE omega: 0.039491 | RMSE theta: 1.221486 | Loss: -146523680.0000 | Epoch: 947
    Eq theta: 1.00000omega
    Eq omega: -0.002861 + -0.00666theta + -0.00197omega + -0.00220theta^2 + 0.00041theta omega + 0.00014omega^2

--- Chunk 102508 (209/220) | Start: 2025-08-16 04:30:00 ---
    RMSE omega: 0.005467 | RMSE theta: 0.052435 | Loss: -2.3894 | Epoch: 1086
    Eq theta: 1.00000omega
    Eq omega: 0.001591 + -0.24116theta + 0.04261omega + 0.13196theta^2 + 0.01032theta omega + 0.01045omega^2

--- Chunk 102509 (210/220) | Start: 2025-08-16 04:35:00 ---
    RMSE omega: 0.004875 | RMSE theta: 0.029594 | Loss: -0.4331 | Epoch: 1013
    Eq theta: 1.00000omega
    Eq omega: 0.001271 + -0.43040theta + -0.00646omega + 0.00999theta^2 + 0.00917theta omega + 0.01660omega^2

--- Chunk 102510 (211/220) | Start: 2025-08-16 04:40:00 ---
    RMSE omega: 0.005563 | RMSE theta: 0.129090 | Loss: -0.2134 | Epoch: 1303
    Eq theta: 1.00000omega
    Eq omega: -0.003561 + -0.00060theta + 0.00314omega + 0.00025theta^2 + -0.00048theta omega + -0.00018omega^2

--- Chunk 102511 (212/220) | Start: 2025-08-16 04:45:00 ---
    RMSE omega: 0.007683 | RMSE theta: 0.098312 | Loss: -2569957.2500 | Epoch: 2523
    Eq theta: 1.00000omega
    Eq omega: -0.000821 + 0.00019theta + 0.00059omega + 0.00007theta^2 + -0.00005theta omega + -0.00016omega^2

--- Chunk 102512 (213/220) | Start: 2025-08-16 04:50:00 ---
    RMSE omega: 0.209951 | RMSE theta: 7.768376 | Loss: -60122398720.0000 | Epoch: 1684
    Eq theta: 1.00000omega
    Eq omega: -0.005601 + -0.00041theta + 0.00554omega + 0.00010theta^2 + -0.00043theta omega + -0.00036omega^2

--- Chunk 102513 (214/220) | Start: 2025-08-16 04:55:00 ---
    RMSE omega: 0.009716 | RMSE theta: 0.380307 | Loss: 15.9588 | Epoch: 1925
    Eq theta: 1.00000omega
    Eq omega: -0.000101 + -0.00012theta + -0.00062omega + -0.00009theta^2 + 0.00005theta omega + 0.00015omega^2

--- Chunk 102514 (215/220) | Start: 2025-08-16 05:00:00 ---
    RMSE omega: 0.005626 | RMSE theta: 0.044774 | Loss: -2.1745 | Epoch: 1536
    Eq theta: 1.00000omega
    Eq omega: 0.011041 + 0.00224theta + -0.01137omega + 0.00187theta^2 + -0.00206theta omega + 0.01569omega^2

--- Chunk 102515 (216/220) | Start: 2025-08-16 05:05:00 ---
    RMSE omega: 0.006277 | RMSE theta: 0.085478 | Loss: -2.2916 | Epoch: 2049
    Eq theta: 1.00000omega
    Eq omega: -0.003381 + 0.00179theta + -0.00188omega + 0.00031theta^2 + 0.00042theta omega + -0.00049omega^2

--- Chunk 102516 (217/220) | Start: 2025-08-16 05:10:00 ---
    RMSE omega: 0.005312 | RMSE theta: 0.035373 | Loss: -1.9482 | Epoch: 1878
    Eq theta: 1.00000omega
    Eq omega: -0.004881 + 0.00023theta + -0.02553omega + 0.00062theta^2 + -0.00137theta omega + -0.02599omega^2

--- Chunk 102517 (218/220) | Start: 2025-08-16 05:15:00 ---
    RMSE omega: 0.021391 | RMSE theta: 0.150169 | Loss: 65.7122 | Epoch: 62
    Eq theta: 1.00000omega
    Eq omega: 0.004051 + -0.12570theta + 0.00224omega + 0.03221theta^2 + -0.00390theta omega + 0.00131omega^2

--- Chunk 102518 (219/220) | Start: 2025-08-16 05:20:00 ---
    RMSE omega: 0.004427 | RMSE theta: 0.130109 | Loss: -0.2590 | Epoch: 2290
    Eq theta: 1.00000omega
    Eq omega: 0.000201 + -0.00337theta + 0.00133omega + 0.00034theta^2 + -0.00425theta omega + -0.00693omega^2

--- Chunk 102519 (220/220) | Start: 2025-08-16 05:25:00 ---
    RMSE omega: 0.052068 | RMSE theta: 1.842669 | Loss: -58951192.0000 | Epoch: 1190
    Eq theta: 1.00000omega
    Eq omega: 0.000271 + -0.02862theta + 0.00603omega + -0.00415theta^2 + -0.00214theta omega + 0.00142omega^2

  [Progress 220/220] Mean RMSE omega: 0.016261 | Mean loss: -221858220418918223718863863808.0000 | Valid: 173/220 | Elapsed: 97.3min | ETA: 0.0min

============================================================
EVALUATION COMPLETE — Chunks [102300, 102519]
============================================================
Chunks processed: 220
Chunks succeeded: 173 (78.6%)
Mean RMSE omega:  0.016261 ± 0.031410
Mean RMSE theta:  0.418000 ± 0.874329
Mean RMSE total:  0.295894
Mean Loss:        -221858220418918223718863863808.0000 ± 2616607565804696747592613101568.0000
Elapsed time:     97.3 minutes

Per-chunk CSV: /pfs/data6/home/ka/ka_iai/ka_bj2362/dsr/svise/results_5min_all_chunks/run_SLURM_3708675/chunks_102300_to_102519_20260320_081817.csv
Summary JSON:  /pfs/data6/home/ka/ka_iai/ka_bj2362/dsr/svise/results_5min_all_chunks/run_SLURM_3708675/summary_102300_to_102519_20260320_081817.json
============================================================

============================= JOB FEEDBACK =============================

NodeName=uc3n043
Job ID: 3710469
Array Job ID: 3708675_465
Cluster: uc3
User/Group: ka_bj2362/ka_iai
State: COMPLETED (exit code 0)
Nodes: 1
Cores per node: 4
CPU Utilized: 01:36:11
CPU Efficiency: 24.60% of 06:30:56 core-walltime
Job Wall-clock time: 01:37:44
Memory Utilized: 2.91 GB
Memory Efficiency: 24.26% of 12.00 GB (12.00 GB/node)
