Array task 67: processing chunks 14740 to 14959
Loading data from /pfs/data6/home/ka/ka_iai/ka_bj2362/dsr/svise/../dataset/South_Korea_2024-08-15_2025-08-31_1s.parquet...
Finding all valid 5-minute chunks in the dataset...
Found 107059 valid 5-minute chunks in total.

============================================================
SVISE FINAL EVALUATION — ALL CHUNKS
============================================================
Hyperparameters: {
  "model": "integrator",
  "sigma": 0,
  "degree": 3,
  "tau": 0.5,
  "lr": 0.001,
  "n_tau": 200,
  "measurement_noise": 0.0001,
  "n_reparam_samples": 15
}
Total valid chunks in dataset: 107059
Processing chunk range: [14740, 14959] (220 chunks)
Early stopping: patience=300, max_epochs=10000
============================================================


--- Chunk 14740 (1/220) | Start: 2024-10-07 01:35:00 ---
/pfs/data6/home/ka/ka_iai/ka_bj2362/dsr/svise/svise/sde_learning/_marginal_sde.py:284: UserWarning: torch.triangular_solve is deprecated in favor of torch.linalg.solve_triangularand will be removed in a future PyTorch release.
torch.linalg.solve_triangular has its arguments reversed and does not return a copy of one of the inputs.
X = torch.triangular_solve(B, A).solution
should be replaced with
X = torch.linalg.solve_triangular(A, B). (Triggered internally at ../aten/src/ATen/native/BatchLinearAlgebra.cpp:2192.)
  return torch.triangular_solve(self.raw_w, self.C.t()).solution
/pfs/data6/home/ka/ka_iai/ka_bj2362/dsr/svise/svise/quadrature/_unbiased_quadrature.py:196: UserWarning: Interp is nan, reducing interp degree.
  warnings.warn("Interp is nan, reducing interp degree.")
/pfs/data6/home/ka/ka_iai/ka_bj2362/dsr/svise/svise/quadrature/_unbiased_quadrature.py:174: UserWarning: NaN detected in fxq (quadrature node evaluations). Clamping to 0.
  warnings.warn("NaN detected in fxq (quadrature node evaluations). Clamping to 0.")
/pfs/data6/home/ka/ka_iai/ka_bj2362/dsr/svise/svise/quadrature/_unbiased_quadrature.py:177: UserWarning: NaN detected in fmc (Monte-Carlo node evaluations). Clamping to 0.
  warnings.warn("NaN detected in fmc (Monte-Carlo node evaluations). Clamping to 0.")
    RMSE omega (GP): 0.009214 | RMSE omega (Sim): 0.052593
    Loss: 110.6319 | Epoch: 9999
    Eq omega: 0.024221 + -0.00511theta + 0.00450omega + 0.00000theta^2 + -0.00199theta omega + 0.00226omega^2 + 0.00001theta^3 + -0.00007theta^2 omega + -0.00155theta omega^2 + 0.00032omega^3
    Eq omega Phys: 0.002754*omega**3 - 0.000445*omega**2*theta + 0.012127*omega**2 - 0.e-6*omega*theta**2 - 3.0e-6*omega*theta + 0.000619*omega + 0.000142

--- Chunk 14741 (2/220) | Start: 2024-10-07 01:40:00 ---
    RMSE omega (GP): 0.003309 | RMSE omega (Sim): 0.087053
    Loss: 12.7412 | Epoch: 7831
    Eq omega: 0.000531 + 0.01245theta + 0.04794omega + -0.00018theta^2 + -0.00115theta omega + -0.02176omega^2 + -0.00018theta^3 + -0.00350theta^2 omega + -0.00125theta omega^2 + -0.00036omega^3
    Eq omega Phys: -0.003236*omega**3 - 0.000375*omega**2*theta - 0.008345*omega**2 - 3.5e-5*omega*theta**2 + 0.000645*omega*theta - 0.001371*omega + 2.0e-6*theta**2 - 8.9e-5

--- Chunk 14742 (3/220) | Start: 2024-10-07 01:45:00 ---
    RMSE omega (GP): 0.003882 | RMSE omega (Sim): 0.076605
    Loss: 13.8986 | Epoch: 9999
    Eq omega: 0.009061 + -0.00165theta + 0.03286omega + -0.00253theta^2 + -0.00773theta omega + 0.01573omega^2 + -0.00073theta^3 + 0.00002theta^2 omega + -0.00379theta omega^2 + 0.00154omega^3
    Eq omega Phys: 0.010969*omega**3 - 0.0009*omega**2*theta + 0.016673*omega**2 - 0.000129*omega*theta + 0.002368*omega + 4.0e-6*theta**2 - 3.2e-5*theta + 9.5e-5

--- Chunk 14743 (4/220) | Start: 2024-10-07 01:50:00 ---
    RMSE omega (GP): 0.004649 | RMSE omega (Sim): 0.044832
    Loss: 2.8724 | Epoch: 7550
    Eq omega: -0.018481 + -0.08630theta + 0.07642omega + -0.08010theta^2 + 0.01492theta omega + 0.00475omega^2 + -0.04654theta^3 + -0.01345theta^2 omega + -0.03039theta omega^2 + 0.01510omega^3
    Eq omega Phys: 0.032722*omega**3 - 0.002195*omega**2*theta + 0.016194*omega**2 - 3.2e-5*omega*theta**2 + 0.000574*omega*theta + 0.000144*omega - 4.0e-6*theta**3 + 5.2e-5*theta**2 - 0.000288*theta + 0.000643

--- Chunk 14744 (5/220) | Start: 2024-10-07 01:55:00 ---
    RMSE omega (GP): 0.004442 | RMSE omega (Sim): 0.081862
    Loss: 9.4481 | Epoch: 6510
    Eq omega: 0.032131 + -0.02031theta + 0.00394omega + 0.01206theta^2 + -0.00098theta omega + -0.00571omega^2 + -0.00117theta^3 + -0.00117theta^2 omega + -0.00128theta omega^2 + -0.00026omega^3
    Eq omega Phys: -0.001031*omega**3 - 0.000169*omega**2*theta - 0.001082*omega**2 - 5.0e-6*omega*theta**2 + 4.9e-5*omega*theta + 2.3e-5*omega + 8.0e-6*theta**2 - 9.8e-5*theta + 0.000434

--- Chunk 14745 (6/220) | Start: 2024-10-07 02:00:00 ---
    RMSE omega (GP): 0.011603 | RMSE omega (Sim): 0.038688
    Loss: 550.3688 | Epoch: 9999
    Eq omega: 0.036031 + -0.00219theta + 0.03125omega + -0.00162theta^2 + -0.00037theta omega + 0.00268omega^2 + -0.00002theta^3 + -0.00005theta^2 omega + -0.00001theta omega^2 + 0.00026omega^3
    Eq omega Phys: 0.007028*omega**3 - 9.0e-6*omega**2*theta + 0.002811*omega**2 - 2.0e-6*omega*theta**2 + 7.7e-5*omega*theta + 7.0e-5*omega + 4.6e-5*theta - 0.000865

--- Chunk 14746 (7/220) | Start: 2024-10-07 02:05:00 ---
/pfs/data6/home/ka/ka_iai/ka_bj2362/dsr/svise/run_analysis_5min_all_chunks.py:212: ODEintWarning: Excess work done on this call (perhaps wrong Dfun type). Run with full_output = 1 to get quantitative information.
  sol_scaled = odeint(drift, x0_scaled, t_scaled, full_output=False)
    RMSE omega (GP): 0.004243 | RMSE omega (Sim): nan
    Loss: 1.2099 | Epoch: 9999
    Eq omega: -0.000221 + -0.15288theta + -0.03355omega + 0.02568theta^2 + 0.07386theta omega + -0.03575omega^2 + -0.04931theta^3 + -0.00458theta^2 omega + -0.03825theta omega^2 + 0.05361omega^3
    Eq omega Phys: 0.098165*omega**3 - 0.002335*omega**2*theta + 0.010813*omega**2 - 9.0e-6*omega*theta**2 + 0.000765*omega*theta - 0.006896*omega - 3.0e-6*theta**3 + 9.1e-5*theta**2 - 0.000999*theta + 0.00392

--- Chunk 14747 (8/220) | Start: 2024-10-07 02:10:00 ---
    RMSE omega (GP): 0.004589 | RMSE omega (Sim): 0.081655
    Loss: 38.8818 | Epoch: 9999
    Eq omega: 0.020671 + 0.01669theta + -0.00757omega + 0.00016theta^2 + -0.00179theta omega + -0.00153omega^2 + -0.00582theta^3 + -0.00150theta^2 omega + 0.00574theta omega^2 + -0.00048omega^3
    Eq omega Phys: -0.005879*omega**3 + 0.002343*omega**2*theta - 0.026201*omega**2 - 2.0e-5*omega*theta**2 + 0.000401*omega*theta - 0.002207*omega - 3.0e-6*theta**3 + 8.5e-5*theta**2 - 0.000902*theta + 0.003142

--- Chunk 14748 (9/220) | Start: 2024-10-07 02:15:00 ---
    RMSE omega (GP): 0.006466 | RMSE omega (Sim): 0.072668
    Loss: 35.2279 | Epoch: 2642
    Eq omega: 0.077311 + -0.02048theta + 0.02316omega + -0.00287theta^2 + 0.00490theta omega + -0.00732omega^2 + -0.00098theta^3 + -0.00188theta^2 omega + -0.00278theta omega^2 + 0.00681omega^3
    Eq omega Phys: 0.038852*omega**3 - 0.000529*omega**2*theta + 0.000206*omega**2 - 1.2e-5*omega*theta**2 + 0.000224*omega*theta - 0.000178*omega + 3.0e-6*theta**2 - 3.1e-5*theta + 0.000341

--- Chunk 14749 (10/220) | Start: 2024-10-07 02:20:00 ---
    RMSE omega (GP): 0.004474 | RMSE omega (Sim): 0.053737
    Loss: 42.4199 | Epoch: 9999
    Eq omega: 0.003671 + -0.00990theta + -0.00541omega + -0.00009theta^2 + -0.00066theta omega + -0.00652omega^2 + -0.00029theta^3 + -0.00003theta^2 omega + -0.00047theta omega^2 + 0.00004omega^3
    Eq omega Phys: 0.000553*omega**3 - 0.000217*omega**2*theta - 0.000262*omega**2 + 3.0e-6*omega*theta - 6.4e-5*omega + 8.0e-6*theta**2 - 0.000173*theta + 0.001248

--- Chunk 14750 (11/220) | Start: 2024-10-07 02:25:00 ---
    RMSE omega (GP): 0.006757 | RMSE omega (Sim): 0.049109
    Loss: 78.6576 | Epoch: 9999
    Eq omega: -0.003231 + -0.00447theta + -0.00299omega + -0.00018theta^2 + -0.00722theta omega + -0.00057omega^2 + -0.00005theta^3 + 0.00001theta^2 omega + -0.00030theta omega^2 + 0.00016omega^3
    Eq omega Phys: 0.001788*omega**3 - 0.000112*omega**2*theta + 0.002266*omega**2 - 0.000153*omega*theta + 0.003404*omega + 1.0e-6*theta**2 - 3.3e-5*theta + 0.000308

--- Chunk 14751 (12/220) | Start: 2024-10-07 02:30:00 ---
    RMSE omega (GP): 0.003895 | RMSE omega (Sim): 0.081282
    Loss: 3.7725 | Epoch: 9287
    Eq omega: -0.025981 + -0.07566theta + 0.00698omega + -0.00072theta^2 + 0.00033theta omega + -0.01556omega^2 + -0.00162theta^3 + -0.00053theta^2 omega + 0.00120theta omega^2 + 0.00255omega^3
    Eq omega Phys: 0.007868*omega**3 + 0.000123*omega**2*theta - 0.004327*omega**2 - 2.0e-6*omega*theta**2 - 1.6e-5*omega*theta + 0.000199*omega - 3.0e-6*theta**2 - 0.000103*theta - 0.000578

--- Chunk 14752 (13/220) | Start: 2024-10-07 02:35:00 ---
    RMSE omega (GP): 0.003419 | RMSE omega (Sim): 0.059440
    Loss: 10.8573 | Epoch: 7252
    Eq omega: 0.011631 + -0.02494theta + -0.03792omega + 0.00622theta^2 + -0.01723theta omega + 0.00291omega^2 + -0.00238theta^3 + -0.00735theta^2 omega + -0.00576theta omega^2 + -0.01012omega^3
    Eq omega Phys: -0.073913*omega**3 - 0.001402*omega**2*theta + 0.009905*omega**2 - 6.0e-5*omega*theta**2 + 0.000437*omega*theta - 0.001728*omega - 0.e-6*theta**3 + 1.5e-5*theta**2 - 0.000139*theta + 0.00046

--- Chunk 14753 (14/220) | Start: 2024-10-07 02:40:00 ---
    RMSE omega (GP): 0.003221 | RMSE omega (Sim): 0.144318
    Loss: 7.6018 | Epoch: 6123
    Eq omega: 0.021511 + 0.04319theta + -0.03400omega + 0.00030theta^2 + -0.00152theta omega + 0.01505omega^2 + -0.10058theta^3 + 0.13658theta^2 omega + 0.11480theta omega^2 + -0.09036omega^3
    Eq omega Phys: -0.565114*omega**3 + 0.023932*omega**2*theta + 0.167229*omega**2 + 0.000949*omega*theta**2 + 0.012696*omega*theta + 0.041323*omega - 2.3e-5*theta**3 - 0.000468*theta**2 - 0.003088*theta - 0.006628

--- Chunk 14754 (15/220) | Start: 2024-10-07 02:45:00 ---
    RMSE omega (GP): 0.003663 | RMSE omega (Sim): 0.132643
    Loss: 7.4425 | Epoch: 6575
    Eq omega: -0.020101 + -0.26065theta + 0.00072omega + 0.04300theta^2 + 0.06719theta omega + -0.03587omega^2 + 0.00113theta^3 + -0.01341theta^2 omega + -0.01266theta omega^2 + 0.00245omega^3
    Eq omega Phys: 0.011914*omega**3 - 0.002052*omega**2*theta - 0.015064*omega**2 - 7.2e-5*omega*theta**2 + 0.000858*omega*theta + 0.000291*omega + 1.9e-5*theta**2 - 0.000278*theta - 0.000142

--- Chunk 14755 (16/220) | Start: 2024-10-07 02:50:00 ---
    RMSE omega (GP): 0.004065 | RMSE omega (Sim): 0.054021
    Loss: 26.2043 | Epoch: 9999
    Eq omega: 0.024541 + -0.00864theta + 0.02220omega + -0.00160theta^2 + -0.00367theta omega + 0.00046omega^2 + -0.00008theta^3 + -0.00159theta^2 omega + -0.00105theta omega^2 + -0.00115omega^3
    Eq omega Phys: -0.012395*omega**3 - 0.000377*omega**2*theta + 0.007512*omega**2 - 1.9e-5*omega*theta**2 + 0.000657*omega*theta - 0.004859*omega + 1.0e-6*theta**2 - 4.0e-6*theta + 6.3e-5

--- Chunk 14756 (17/220) | Start: 2024-10-07 02:55:00 ---
    RMSE omega (GP): 0.004191 | RMSE omega (Sim): 0.161773
    Loss: 2.9033 | Epoch: 9999
    Eq omega: -0.111421 + -0.21642theta + 0.00645omega + 0.03111theta^2 + 0.07268theta omega + -0.06928omega^2 + -0.01894theta^3 + 0.00310theta^2 omega + 0.01620theta omega^2 + -0.02814omega^3
    Eq omega Phys: -0.074608*omega**3 + 0.001432*omega**2*theta - 0.02553*omega**2 + 9.0e-6*omega*theta**2 + 0.000657*omega*theta - 0.002159*omega - 2.0e-6*theta**3 + 3.0e-5*theta**2 - 0.000378*theta + 0.000611

--- Chunk 14757 (18/220) | Start: 2024-10-07 03:00:00 ---
    RMSE omega (GP): 0.003423 | RMSE omega (Sim): 0.070274
    Loss: 6.7324 | Epoch: 5433
    Eq omega: -0.073431 + -0.05984theta + 0.00915omega + 0.02802theta^2 + 0.01621theta omega + -0.03554omega^2 + -0.06338theta^3 + 0.03277theta^2 omega + -0.03806theta omega^2 + 0.00450omega^3
    Eq omega Phys: 0.023945*omega**3 - 0.006751*omega**2*theta + 0.013884*omega**2 + 0.000194*omega*theta**2 - 0.001429*omega*theta + 0.002872*omega - 1.2e-5*theta**3 + 0.000173*theta**2 - 0.000863*theta + 0.001305

--- Chunk 14758 (19/220) | Start: 2024-10-07 03:05:00 ---
    RMSE omega (GP): 0.004737 | RMSE omega (Sim): 0.103760
    Loss: 9.8877 | Epoch: 6554
    Eq omega: 0.009631 + -0.11153theta + -0.01447omega + 0.06724theta^2 + 0.02170theta omega + -0.01433omega^2 + -0.02314theta^3 + 0.00145theta^2 omega + -0.00094theta omega^2 + -0.00203omega^3
    Eq omega Phys: -0.007736*omega**3 - 0.000119*omega**2*theta - 0.00493*omega**2 + 6.0e-6*omega*theta**2 + 0.00024*omega*theta - 0.000851*omega - 3.0e-6*theta**3 + 4.1e-5*theta**2 - 0.000224*theta + 0.000283

--- Chunk 14759 (20/220) | Start: 2024-10-07 03:10:00 ---
    RMSE omega (GP): 0.004159 | RMSE omega (Sim): 0.043933
    Loss: 42.0189 | Epoch: 9999
    Eq omega: 0.028171 + 0.00203theta + 0.00090omega + 0.00164theta^2 + 0.00247theta omega + -0.01067omega^2 + 0.00006theta^3 + 0.00001theta^2 omega + -0.00033theta omega^2 + -0.00417omega^3
    Eq omega Phys: -0.065118*omega**3 - 0.000172*omega**2*theta - 0.004432*omega**2 + 5.3e-5*omega*theta - 0.001037*omega - 0.e-6*theta**2 - 1.0e-5*theta + 0.000237

--- Chunk 14760 (21/220) | Start: 2024-10-07 03:15:00 ---
    RMSE omega (GP): 0.004975 | RMSE omega (Sim): 0.046302
    Loss: 70.8239 | Epoch: 9999
    Eq omega: 0.023291 + -0.00248theta + 0.00662omega + -0.00025theta^2 + -0.00037theta omega + -0.00158omega^2 + 0.00000theta^3 + -0.00010theta^2 omega + -0.00007theta omega^2 + -0.00126omega^3
    Eq omega Phys: -0.022828*omega**3 - 4.2e-5*omega**2*theta - 0.000433*omega**2 - 2.0e-6*omega*theta**2 + 6.6e-5*omega*theta - 0.00031*omega + 5.0e-6*theta + 9.0e-6

--- Chunk 14761 (22/220) | Start: 2024-10-07 03:20:00 ---
    RMSE omega (GP): 0.004039 | RMSE omega (Sim): nan
    Loss: 15.1465 | Epoch: 9999
    Eq omega: 0.020711 + 0.00245theta + 0.00012omega + -0.00214theta^2 + 0.00041theta omega + 0.02297omega^2 + -0.00032theta^3 + 0.00225theta^2 omega + 0.00060theta omega^2 + 0.01035omega^3
    Eq omega Phys: 0.06935*omega**3 + 0.000134*omega**2*theta + 0.008902*omega**2 + 1.7e-5*omega*theta**2 - 0.000482*omega*theta + 0.003471*omega + 2.0e-6*theta**2 - 1.5e-5*theta + 1.6e-5

--- Chunk 14762 (23/220) | Start: 2024-10-07 03:25:00 ---
    RMSE omega (GP): 0.004328 | RMSE omega (Sim): 0.046015
    Loss: 48.1856 | Epoch: 9999
    Eq omega: 0.008351 + 0.00668theta + 0.01745omega + 0.00145theta^2 + -0.00317theta omega + -0.00791omega^2 + 0.00006theta^3 + 0.00046theta^2 omega + -0.00395theta omega^2 + -0.00278omega^3
    Eq omega Phys: -0.047058*omega**3 - 0.002229*omega**2*theta + 0.028007*omega**2 + 9.0e-6*omega*theta**2 - 0.000343*omega*theta + 0.003798*omega - 0.e-6*theta**2 - 3.0e-6*theta + 4.7e-5

--- Chunk 14763 (24/220) | Start: 2024-10-07 03:30:00 ---
    RMSE omega (GP): 0.004270 | RMSE omega (Sim): 0.074091
    Loss: 18.2971 | Epoch: 8900
    Eq omega: -0.004461 + -0.00232theta + -0.00247omega + 0.00068theta^2 + -0.00494theta omega + 0.00491omega^2 + -0.00072theta^3 + 0.00055theta^2 omega + -0.00075theta omega^2 + 0.00010omega^3
    Eq omega Phys: 0.000736*omega**3 - 0.000184*omega**2*theta + 0.005592*omega**2 + 5.0e-6*omega*theta**2 - 0.000236*omega*theta + 0.002642*omega + 1.0e-5*theta**2 - 0.000189*theta + 0.001136

--- Chunk 14764 (25/220) | Start: 2024-10-07 03:35:00 ---
    RMSE omega (GP): 0.002925 | RMSE omega (Sim): 0.074366
    Loss: 14.7936 | Epoch: 9287
    Eq omega: -0.021931 + -0.00114theta + -0.15932omega + -0.00146theta^2 + 0.01474theta omega + -0.01181omega^2 + -0.00962theta^3 + 0.00005theta^2 omega + 0.00784theta omega^2 + -0.01232omega^3
    Eq omega Phys: -0.155794*omega**3 + 0.003305*omega**2*theta - 0.045284*omega**2 + 1.0e-6*omega*theta**2 + 0.000303*omega*theta - 0.008851*omega - 5.0e-6*theta**3 + 0.000153*theta**2 - 0.001729*theta + 0.006485

--- Chunk 14765 (26/220) | Start: 2024-10-07 03:40:00 ---
    RMSE omega (GP): 0.003266 | RMSE omega (Sim): 0.087900
    Loss: 3.8620 | Epoch: 4609
    Eq omega: 0.005051 + -0.25553theta + 0.05477omega + 0.02381theta^2 + 0.01814theta omega + -0.01360omega^2 + -0.12892theta^3 + -0.19227theta^2 omega + 0.08398theta omega^2 + 0.03851omega^3
    Eq omega Phys: 0.168083*omega**3 + 0.012218*omega**2*theta + 0.005219*omega**2 - 0.000932*omega*theta**2 - 0.001358*omega*theta + 0.001346*omega - 2.1e-5*theta**3 - 4.3e-5*theta**2 - 0.000312*theta - 0.000233

--- Chunk 14766 (27/220) | Start: 2024-10-07 03:45:00 ---
    RMSE omega (GP): 0.003349 | RMSE omega (Sim): 0.094040
    Loss: 1.0588 | Epoch: 4305
    Eq omega: 0.022391 + -0.17569theta + 0.08205omega + 0.01601theta^2 + 0.02585theta omega + -0.05978omega^2 + -0.50265theta^3 + 0.05474theta^2 omega + 0.34802theta omega^2 + -0.05028omega^3
    Eq omega Phys: -0.165471*omega**3 + 0.038178*omega**2*theta - 0.080693*omega**2 + 0.0002*omega*theta**2 - 0.000353*omega*theta + 0.002789*omega - 6.1e-5*theta**3 + 0.000299*theta**2 - 0.000682*theta + 0.00065

--- Chunk 14767 (28/220) | Start: 2024-10-07 03:50:00 ---
    RMSE omega (GP): 0.003401 | RMSE omega (Sim): 0.055674
    Loss: 4.2058 | Epoch: 4669
    Eq omega: -0.036211 + -0.13019theta + -0.00559omega + -0.02082theta^2 + -0.04477theta omega + 0.01111omega^2 + -0.03916theta^3 + -0.01089theta^2 omega + -0.00538theta omega^2 + 0.03516omega^3
    Eq omega Phys: 0.143803*omega**3 - 0.000733*omega**2*theta + 0.00617*omega**2 - 4.9e-5*omega*theta**2 - 0.000272*omega*theta + 0.000974*omega - 6.0e-6*theta**3 + 4.2e-5*theta**2 - 0.000238*theta + 0.000364

--- Chunk 14768 (29/220) | Start: 2024-10-07 03:55:00 ---
    RMSE omega (GP): 0.002983 | RMSE omega (Sim): 0.138385
    Loss: 4.7974 | Epoch: 6484
    Eq omega: 0.017131 + -0.02636theta + -0.03804omega + -0.01281theta^2 + -0.04532theta omega + 0.07847omega^2 + -0.02337theta^3 + 0.01192theta^2 omega + 0.00987theta omega^2 + -0.00791omega^3
    Eq omega Phys: -0.045431*omega**3 + 0.00189*omega**2*theta + 0.055538*omega**2 + 7.6e-5*omega*theta**2 + 0.001046*omega*theta + 0.000893*omega - 5.0e-6*theta**3 - 0.000174*theta**2 - 0.002047*theta - 0.008094

--- Chunk 14769 (30/220) | Start: 2024-10-07 04:00:00 ---
    RMSE omega (GP): 0.003703 | RMSE omega (Sim): 0.104548
    Loss: 2.8462 | Epoch: 6604
    Eq omega: -0.006891 + -0.26087theta + -0.11750omega + -0.00008theta^2 + -0.02402theta omega + -0.05950omega^2 + -0.02466theta^3 + 0.00400theta^2 omega + 0.00879theta omega^2 + -0.03214omega^3
    Eq omega Phys: -0.100187*omega**3 + 0.000913*omega**2*theta - 0.02998*omega**2 + 1.4e-5*omega*theta**2 - 0.000586*omega*theta + 0.001073*omega - 3.0e-6*theta**3 + 0.000101*theta**2 - 0.001484*theta + 0.008108

--- Chunk 14770 (31/220) | Start: 2024-10-07 04:15:00 ---
    RMSE omega (GP): 0.003907 | RMSE omega (Sim): 0.081805
    Loss: 2.9269 | Epoch: 5978
    Eq omega: 0.016281 + -0.13646theta + 0.01272omega + 0.23823theta^2 + 0.04146theta omega + -0.06771omega^2 + -0.03181theta^3 + -0.03896theta^2 omega + -0.02687theta omega^2 + 0.00399omega^3
    Eq omega Phys: 0.011747*omega**3 - 0.002637*omega**2*theta - 0.029373*omega**2 - 0.000127*omega*theta**2 - 0.000356*omega*theta + 0.000543*omega - 3.0e-6*theta**3 + 5.1e-5*theta**2 + 0.000262*theta + 0.00028

--- Chunk 14771 (32/220) | Start: 2024-10-07 04:20:00 ---
