Array task 144: processing chunks 31680 to 31899
Loading data from /pfs/data6/home/ka/ka_iai/ka_bj2362/dsr/svise/../dataset/South_Korea_2024-08-15_2025-08-31_1s.parquet...
Finding all valid 5-minute chunks in the dataset...
Found 107059 valid 5-minute chunks in total.

============================================================
SVISE FINAL EVALUATION — ALL CHUNKS
============================================================
Hyperparameters: {
  "model": "integrator",
  "sigma": 0,
  "degree": 2,
  "tau": 1e-05,
  "lr": 0.1,
  "n_tau": 100,
  "measurement_noise": 0.001,
  "n_reparam_samples": 15
}
Total valid chunks in dataset: 107059
Processing chunk range: [31680, 31899] (220 chunks)
Early stopping: patience=300, max_epochs=10000
============================================================


--- Chunk 31680 (1/220) | Start: 2024-12-09 17:15:00 ---
/pfs/data6/home/ka/ka_iai/ka_bj2362/dsr/svise/svise/sde_learning/_marginal_sde.py:284: UserWarning: torch.triangular_solve is deprecated in favor of torch.linalg.solve_triangularand will be removed in a future PyTorch release.
torch.linalg.solve_triangular has its arguments reversed and does not return a copy of one of the inputs.
X = torch.triangular_solve(B, A).solution
should be replaced with
X = torch.linalg.solve_triangular(A, B). (Triggered internally at ../aten/src/ATen/native/BatchLinearAlgebra.cpp:2192.)
  return torch.triangular_solve(self.raw_w, self.C.t()).solution
/pfs/data6/home/ka/ka_iai/ka_bj2362/dsr/svise/svise/quadrature/_unbiased_quadrature.py:196: UserWarning: Interp is nan, reducing interp degree.
  warnings.warn("Interp is nan, reducing interp degree.")
/pfs/data6/home/ka/ka_iai/ka_bj2362/dsr/svise/svise/quadrature/_unbiased_quadrature.py:174: UserWarning: NaN detected in fxq (quadrature node evaluations). Clamping to 0.
  warnings.warn("NaN detected in fxq (quadrature node evaluations). Clamping to 0.")
/pfs/data6/home/ka/ka_iai/ka_bj2362/dsr/svise/svise/quadrature/_unbiased_quadrature.py:177: UserWarning: NaN detected in fmc (Monte-Carlo node evaluations). Clamping to 0.
  warnings.warn("NaN detected in fmc (Monte-Carlo node evaluations). Clamping to 0.")
    RMSE omega: nan | RMSE theta: nan | Loss: 1484.4336 | Epoch: 18
    Eq theta: 1.00000omega
    Eq omega: nan1 + nantheta + nanomega + nantheta^2 + nantheta omega + nanomega^2

--- Chunk 31681 (2/220) | Start: 2024-12-09 17:20:00 ---
    RMSE omega: 0.029005 | RMSE theta: 0.491139 | Loss: -35306236.0000 | Epoch: 493
    Eq theta: 1.00000omega
    Eq omega: 0.002031 + -0.00032theta + -0.00291omega + 0.00001theta^2 + -0.00002theta omega + 0.00136omega^2

--- Chunk 31682 (3/220) | Start: 2024-12-09 17:25:00 ---
    RMSE omega: 0.004128 | RMSE theta: 0.042465 | Loss: -0.8735 | Epoch: 1179
    Eq theta: 1.00000omega
    Eq omega: -0.002141 + -0.00155theta + -0.00237omega + 0.01003theta^2 + 0.00084theta omega + 0.00072omega^2

--- Chunk 31683 (4/220) | Start: 2024-12-09 17:30:00 ---
    RMSE omega: 0.006598 | RMSE theta: 0.049650 | Loss: -1.5064 | Epoch: 2208
    Eq theta: 1.00000omega
    Eq omega: 0.001151 + -0.00151theta + -0.00087omega + -0.00015theta^2 + 0.00127theta omega + 0.00514omega^2

--- Chunk 31684 (5/220) | Start: 2024-12-09 17:35:00 ---
    RMSE omega: 0.024889 | RMSE theta: 0.240031 | Loss: 96.8081 | Epoch: 58
    Eq theta: 1.00000omega
    Eq omega: -0.000591 + -0.00127theta + -0.02771omega + -0.00099theta^2 + -0.00023theta omega + -0.00244omega^2

--- Chunk 31685 (6/220) | Start: 2024-12-09 17:40:00 ---
    RMSE omega: 0.016336 | RMSE theta: 0.166098 | Loss: 34.3305 | Epoch: 54
    Eq theta: 1.00000omega
    Eq omega: -0.003371 + -0.01805theta + 0.01138omega + -0.00134theta^2 + 0.00595theta omega + 0.00347omega^2

--- Chunk 31686 (7/220) | Start: 2024-12-09 17:45:00 ---
    RMSE omega: nan | RMSE theta: nan | Loss: 114.3708 | Epoch: 35
    Eq theta: 1.00000omega
    Eq omega: nan1 + nantheta + nanomega + nantheta^2 + nantheta omega + nanomega^2

--- Chunk 31687 (8/220) | Start: 2024-12-09 17:50:00 ---
    RMSE omega: nan | RMSE theta: nan | Loss: 386.8228 | Epoch: 30
    Eq theta: 1.00000omega
    Eq omega: nan1 + nantheta + nanomega + nantheta^2 + nantheta omega + nanomega^2

--- Chunk 31688 (9/220) | Start: 2024-12-09 17:55:00 ---
    RMSE omega: 0.004560 | RMSE theta: 0.053843 | Loss: -1.9872 | Epoch: 1268
    Eq theta: 1.00000omega
    Eq omega: 0.003991 + -0.93161theta + 0.00182omega + -0.02791theta^2 + 0.04278theta omega + -0.05052omega^2

--- Chunk 31689 (10/220) | Start: 2024-12-09 18:00:00 ---
    RMSE omega: 0.004441 | RMSE theta: 0.042525 | Loss: -0.3972 | Epoch: 1108
    Eq theta: 1.00000omega
    Eq omega: 0.004721 + -0.00027theta + -0.02894omega + 0.00063theta^2 + -0.00485theta omega + 0.00014omega^2

--- Chunk 31690 (11/220) | Start: 2024-12-09 18:05:00 ---
    RMSE omega: nan | RMSE theta: nan | Loss: 1091.0078 | Epoch: 25
    Eq theta: 1.00000omega
    Eq omega: nan1 + nantheta + nanomega + nantheta^2 + nantheta omega + nanomega^2

--- Chunk 31691 (12/220) | Start: 2024-12-09 18:10:00 ---
    RMSE omega: 0.004304 | RMSE theta: 0.062942 | Loss: -2.5005 | Epoch: 2303
    Eq theta: 1.00000omega
    Eq omega: -0.005441 + -0.00564theta + 0.00552omega + -0.00226theta^2 + 0.00617theta omega + -0.00886omega^2

--- Chunk 31692 (13/220) | Start: 2024-12-09 18:15:00 ---
    RMSE omega: 0.172555 | RMSE theta: 9.878091 | Loss: -9395873393934336.0000 | Epoch: 1931
    Eq theta: 1.00000omega
    Eq omega: -0.005431 + -0.00051theta + -0.00080omega + -0.00001theta^2 + 0.00032theta omega + -0.00017omega^2

--- Chunk 31693 (14/220) | Start: 2024-12-09 18:20:00 ---
    RMSE omega: 0.044311 | RMSE theta: 0.688790 | Loss: -743.3372 | Epoch: 470
    Eq theta: 1.00000omega
    Eq omega: 0.000291 + 0.00022theta + 0.00084omega + 0.00019theta^2 + -0.00014theta omega + -0.00026omega^2

--- Chunk 31694 (15/220) | Start: 2024-12-09 18:25:00 ---
    RMSE omega: nan | RMSE theta: nan | Loss: 56.9287 | Epoch: 35
    Eq theta: 1.00000omega
    Eq omega: nan1 + nantheta + nanomega + nantheta^2 + nantheta omega + nanomega^2

--- Chunk 31695 (16/220) | Start: 2024-12-09 18:30:00 ---
    RMSE omega: 0.004107 | RMSE theta: 0.092468 | Loss: -1.8475 | Epoch: 1014
    Eq theta: 1.00000omega
    Eq omega: 0.000811 + -0.00198theta + 0.00140omega + -0.00072theta^2 + -0.00047theta omega + 0.00041omega^2

--- Chunk 31696 (17/220) | Start: 2024-12-09 18:35:00 ---
    RMSE omega: 0.004651 | RMSE theta: 0.096778 | Loss: -2.1902 | Epoch: 834
    Eq theta: 1.00000omega
    Eq omega: -0.002041 + -0.00476theta + -0.00057omega + 0.00383theta^2 + 0.00068theta omega + 0.00144omega^2

--- Chunk 31697 (18/220) | Start: 2024-12-09 18:40:00 ---
    RMSE omega: 0.035766 | RMSE theta: 1.473157 | Loss: 462.1201 | Epoch: 41
    Eq theta: 1.00000omega
    Eq omega: 0.000371 + -0.00256theta + 0.00191omega + 0.00024theta^2 + -0.00019theta omega + -0.00006omega^2

--- Chunk 31698 (19/220) | Start: 2024-12-09 18:45:00 ---
    RMSE omega: 0.005147 | RMSE theta: 0.158329 | Loss: 1.0367 | Epoch: 2340
    Eq theta: 1.00000omega
    Eq omega: -0.001631 + -0.00145theta + -0.00415omega + -0.00002theta^2 + 0.00022theta omega + 0.00067omega^2

--- Chunk 31699 (20/220) | Start: 2024-12-09 18:50:00 ---
    RMSE omega: 0.014724 | RMSE theta: 0.665401 | Loss: -243541168.0000 | Epoch: 1012
    Eq theta: 1.00000omega
    Eq omega: 0.000581 + -0.00282theta + -0.00189omega + 0.00156theta^2 + 0.00075theta omega + 0.00166omega^2

--- Chunk 31700 (21/220) | Start: 2024-12-09 18:55:00 ---
    RMSE omega: 0.031656 | RMSE theta: 0.541092 | Loss: 497.2497 | Epoch: 65
    Eq theta: 1.00000omega
    Eq omega: 0.011611 + -0.00234theta + -0.00289omega + 0.00004theta^2 + 0.00024theta omega + 0.00055omega^2

--- Chunk 31701 (22/220) | Start: 2024-12-09 19:00:00 ---
    RMSE omega: 0.003957 | RMSE theta: 0.059425 | Loss: -1.2111 | Epoch: 1263
    Eq theta: 1.00000omega
    Eq omega: 0.026121 + -0.46489theta + -0.00087omega + 0.00250theta^2 + -0.01823theta omega + 0.00089omega^2

--- Chunk 31702 (23/220) | Start: 2024-12-09 19:05:00 ---
    RMSE omega: 0.004100 | RMSE theta: 0.060910 | Loss: 0.6401 | Epoch: 1093
    Eq theta: 1.00000omega
    Eq omega: 0.001571 + -0.00011theta + 0.00066omega + 0.00029theta^2 + 0.00072theta omega + 0.00117omega^2

--- Chunk 31703 (24/220) | Start: 2024-12-09 19:10:00 ---
    RMSE omega: 0.005503 | RMSE theta: 0.120752 | Loss: -1.3126 | Epoch: 1407
    Eq theta: 1.00000omega
    Eq omega: -0.000011 + -0.00015theta + -0.00048omega + -0.00068theta^2 + -0.00217theta omega + 0.00721omega^2

--- Chunk 31704 (25/220) | Start: 2024-12-09 19:20:00 ---
    RMSE omega: 0.004082 | RMSE theta: 0.098636 | Loss: 0.6333 | Epoch: 1588
    Eq theta: 1.00000omega
    Eq omega: -0.002101 + -0.00796theta + -0.00443omega + 0.00173theta^2 + 0.00032theta omega + -0.00187omega^2

--- Chunk 31705 (26/220) | Start: 2024-12-09 19:25:00 ---
    RMSE omega: 0.017717 | RMSE theta: 0.133303 | Loss: -5367.4121 | Epoch: 923
    Eq theta: 1.00000omega
    Eq omega: 0.002381 + 0.00081theta + 0.00125omega + -0.00057theta^2 + -0.00091theta omega + -0.00773omega^2

--- Chunk 31706 (27/220) | Start: 2024-12-09 19:30:00 ---
    RMSE omega: 0.005813 | RMSE theta: 0.216214 | Loss: 2.5678 | Epoch: 1540
    Eq theta: 1.00000omega
    Eq omega: -0.003121 + 0.00110theta + 0.00237omega + -0.00004theta^2 + 0.00065theta omega + -0.00026omega^2

--- Chunk 31707 (28/220) | Start: 2024-12-09 19:35:00 ---
    RMSE omega: 0.006220 | RMSE theta: 0.143450 | Loss: -5.4800 | Epoch: 1946
    Eq theta: 1.00000omega
    Eq omega: 0.015851 + -0.68324theta + -0.02264omega + 0.47707theta^2 + 0.31625theta omega + -0.20528omega^2

--- Chunk 31708 (29/220) | Start: 2024-12-09 19:40:00 ---
    RMSE omega: 0.015419 | RMSE theta: 1.373662 | Loss: -10008803.0000 | Epoch: 2616
    Eq theta: 1.00000omega
    Eq omega: -0.016681 + -0.08504theta + -0.00530omega + -0.00061theta^2 + -0.00023theta omega + -0.00042omega^2

--- Chunk 31709 (30/220) | Start: 2024-12-09 19:45:00 ---
    RMSE omega: 0.028042 | RMSE theta: 0.281755 | Loss: -627.3180 | Epoch: 498
    Eq theta: 1.00000omega
    Eq omega: 0.002891 + -0.00283theta + 0.00018omega + -0.00002theta^2 + -0.00035theta omega + 0.00286omega^2

--- Chunk 31710 (31/220) | Start: 2024-12-09 19:50:00 ---
    RMSE omega: 0.004353 | RMSE theta: 0.140494 | Loss: -2.9240 | Epoch: 1781
    Eq theta: 1.00000omega
    Eq omega: -0.046941 + -0.02586theta + 0.01386omega + -0.09982theta^2 + -0.01008theta omega + -0.27670omega^2

--- Chunk 31711 (32/220) | Start: 2024-12-09 19:55:00 ---
    RMSE omega: 0.023769 | RMSE theta: 0.235830 | Loss: 51.4395 | Epoch: 51
    Eq theta: 1.00000omega
    Eq omega: -0.004101 + -0.00172theta + 0.00257omega + 0.00052theta^2 + 0.00037theta omega + -0.00018omega^2

--- Chunk 31712 (33/220) | Start: 2024-12-09 20:00:00 ---
    RMSE omega: 0.004890 | RMSE theta: 0.031006 | Loss: 0.9113 | Epoch: 1180
    Eq theta: 1.00000omega
    Eq omega: -0.002761 + 0.00019theta + 0.00072omega + -0.00189theta^2 + -0.00069theta omega + 0.00293omega^2

--- Chunk 31713 (34/220) | Start: 2024-12-09 20:05:00 ---
    RMSE omega: 0.005740 | RMSE theta: 0.150538 | Loss: 7.3049 | Epoch: 2558
    Eq theta: 1.00000omega
    Eq omega: -0.000631 + 0.00032theta + 0.00092omega + -0.00000theta^2 + 0.00001theta omega + -0.00030omega^2

--- Chunk 31714 (35/220) | Start: 2024-12-09 20:10:00 ---
    RMSE omega: 0.039289 | RMSE theta: 0.560676 | Loss: 213.9149 | Epoch: 34
    Eq theta: 1.00000omega
    Eq omega: 0.001781 + -0.00454theta + -0.00134omega + 0.00059theta^2 + 0.00620theta omega + 0.03246omega^2

--- Chunk 31715 (36/220) | Start: 2024-12-09 20:15:00 ---
    RMSE omega: 0.004533 | RMSE theta: 0.048555 | Loss: -0.8484 | Epoch: 1212
    Eq theta: 1.00000omega
    Eq omega: 0.003351 + -0.60787theta + -0.02959omega + -0.00013theta^2 + 0.01418theta omega + -0.02468omega^2

--- Chunk 31716 (37/220) | Start: 2024-12-09 20:20:00 ---
    RMSE omega: nan | RMSE theta: nan | Loss: -6355743457033584640.0000 | Epoch: 1393
    Eq theta: 1.00000omega
    Eq omega: nan1 + nantheta + nanomega + nantheta^2 + nantheta omega + nanomega^2

--- Chunk 31717 (38/220) | Start: 2024-12-09 20:25:00 ---
    RMSE omega: nan | RMSE theta: nan | Loss: 301.8622 | Epoch: 24
    Eq theta: 1.00000omega
    Eq omega: nan1 + nantheta + nanomega + nantheta^2 + nantheta omega + nanomega^2

--- Chunk 31718 (39/220) | Start: 2024-12-09 20:30:00 ---
    RMSE omega: 0.011025 | RMSE theta: 0.074664 | Loss: -245.2034 | Epoch: 455
    Eq theta: 1.00000omega
    Eq omega: -0.066811 + -1.17928theta + -0.02229omega + 0.49611theta^2 + 0.03238theta omega + -0.00166omega^2

--- Chunk 31719 (40/220) | Start: 2024-12-09 20:35:00 ---
    RMSE omega: 0.010073 | RMSE theta: 0.419270 | Loss: -4360940032.0000 | Epoch: 2406
    Eq theta: 1.00000omega
    Eq omega: -0.002071 + -0.00064theta + -0.00030omega + -0.00004theta^2 + 0.00003theta omega + 0.00007omega^2

--- Chunk 31720 (41/220) | Start: 2024-12-09 20:40:00 ---
    RMSE omega: 0.004261 | RMSE theta: 0.120397 | Loss: -2.2628 | Epoch: 1916
    Eq theta: 1.00000omega
    Eq omega: -0.001071 + -0.00032theta + -0.00166omega + -0.00001theta^2 + -0.00016theta omega + -0.00036omega^2

--- Chunk 31721 (42/220) | Start: 2024-12-09 20:45:00 ---
    RMSE omega: 0.014048 | RMSE theta: 0.379117 | Loss: 79.4159 | Epoch: 1404
    Eq theta: 1.00000omega
    Eq omega: 0.007231 + -0.00016theta + -0.00105omega + -0.00000theta^2 + -0.00001theta omega + -0.00022omega^2

--- Chunk 31722 (43/220) | Start: 2024-12-09 20:50:00 ---
    RMSE omega: 0.009834 | RMSE theta: 0.310570 | Loss: -86080896.0000 | Epoch: 1949
    Eq theta: 1.00000omega
    Eq omega: -0.005051 + 0.00453theta + -0.00613omega + -0.00039theta^2 + 0.00116theta omega + 0.00002omega^2

--- Chunk 31723 (44/220) | Start: 2024-12-09 20:55:00 ---
    RMSE omega: nan | RMSE theta: nan | Loss: 52.0810 | Epoch: 31
    Eq theta: 1.00000omega
    Eq omega: nan1 + nantheta + nanomega + nantheta^2 + nantheta omega + nanomega^2

--- Chunk 31724 (45/220) | Start: 2024-12-09 21:00:00 ---
    RMSE omega: nan | RMSE theta: nan | Loss: 36.7909 | Epoch: 63
    Eq theta: 1.00000omega
    Eq omega: nan1 + nantheta + nanomega + nantheta^2 + nantheta omega + nanomega^2

--- Chunk 31725 (46/220) | Start: 2024-12-09 21:05:00 ---
    RMSE omega: 0.003658 | RMSE theta: 0.044932 | Loss: -2.2164 | Epoch: 987
    Eq theta: 1.00000omega
    Eq omega: 0.033871 + -0.09330theta + -0.59389omega + -0.00358theta^2 + -0.03611theta omega + -0.38464omega^2

--- Chunk 31726 (47/220) | Start: 2024-12-09 21:10:00 ---
    RMSE omega: 0.004498 | RMSE theta: 0.025105 | Loss: -2.3780 | Epoch: 2316
    Eq theta: 1.00000omega
    Eq omega: -0.027261 + -0.02064theta + 0.19494omega + -0.16117theta^2 + 0.00035theta omega + -0.00587omega^2

--- Chunk 31727 (48/220) | Start: 2024-12-09 21:15:00 ---
    RMSE omega: nan | RMSE theta: nan | Loss: 333.3730 | Epoch: 32
    Eq theta: 1.00000omega
    Eq omega: nan1 + nantheta + nanomega + nantheta^2 + nantheta omega + nanomega^2

--- Chunk 31728 (49/220) | Start: 2024-12-09 21:20:00 ---
    RMSE omega: 0.004765 | RMSE theta: 0.179274 | Loss: -2.1192 | Epoch: 1835
    Eq theta: 1.00000omega
    Eq omega: -0.000741 + -0.01450theta + 0.00327omega + 0.00040theta^2 + 0.00053theta omega + -0.00281omega^2

--- Chunk 31729 (50/220) | Start: 2024-12-09 21:25:00 ---
    RMSE omega: 0.005155 | RMSE theta: 0.127898 | Loss: -1.3077 | Epoch: 1435
    Eq theta: 1.00000omega
    Eq omega: -0.000001 + 0.00020theta + -0.00065omega + -0.00018theta^2 + -0.00019theta omega + 0.00022omega^2

  [Progress 50/220] Mean RMSE omega: 0.016198 | Mean loss: -127302786703267968.0000 | Valid: 40/50 | Elapsed: 19.1min | ETA: 65.1min

--- Chunk 31730 (51/220) | Start: 2024-12-09 21:30:00 ---
    RMSE omega: 0.006903 | RMSE theta: 0.148290 | Loss: -1.8092 | Epoch: 1521
    Eq theta: 1.00000omega
    Eq omega: 0.001091 + -0.00050theta + 0.00069omega + 0.00025theta^2 + 0.00022theta omega + -0.00052omega^2

--- Chunk 31731 (52/220) | Start: 2024-12-09 21:35:00 ---
    RMSE omega: 0.003524 | RMSE theta: 0.033244 | Loss: -1.2154 | Epoch: 1412
    Eq theta: 1.00000omega
    Eq omega: 0.000411 + 0.00171theta + -0.00039omega + -0.00073theta^2 + -0.00074theta omega + -0.00223omega^2

--- Chunk 31732 (53/220) | Start: 2024-12-09 21:40:00 ---
    RMSE omega: 0.005018 | RMSE theta: 0.085335 | Loss: 3.4242 | Epoch: 3434
    Eq theta: 1.00000omega
    Eq omega: -0.000731 + 0.00012theta + -0.00045omega + 0.00004theta^2 + 0.00003theta omega + 0.00045omega^2

--- Chunk 31733 (54/220) | Start: 2024-12-09 21:45:00 ---
    RMSE omega: 0.029988 | RMSE theta: 0.396508 | Loss: 39.1846 | Epoch: 349
    Eq theta: 1.00000omega
    Eq omega: -0.001941 + -0.00279theta + -0.00351omega + -0.00220theta^2 + 0.00344theta omega + -0.00278omega^2

--- Chunk 31734 (55/220) | Start: 2024-12-09 21:50:00 ---
    RMSE omega: nan | RMSE theta: nan | Loss: -1307128972308554910480839364050944.0000 | Epoch: 1893
    Eq theta: 1.00000omega
    Eq omega: nan1 + nantheta + nanomega + nantheta^2 + nantheta omega + nanomega^2

--- Chunk 31735 (56/220) | Start: 2024-12-09 21:55:00 ---
    RMSE omega: nan | RMSE theta: nan | Loss: 115.9790 | Epoch: 63
    Eq theta: 1.00000omega
    Eq omega: nan1 + nantheta + nanomega + nantheta^2 + nantheta omega + nanomega^2

--- Chunk 31736 (57/220) | Start: 2024-12-09 22:00:00 ---
    RMSE omega: 0.011398 | RMSE theta: 0.209990 | Loss: -81771.1641 | Epoch: 1643
    Eq theta: 1.00000omega
    Eq omega: -0.002161 + -0.00300theta + 0.00135omega + -0.00035theta^2 + 0.00416theta omega + 0.00075omega^2

--- Chunk 31737 (58/220) | Start: 2024-12-09 22:05:00 ---
    RMSE omega: 0.004611 | RMSE theta: 0.072388 | Loss: -2.4709 | Epoch: 1845
    Eq theta: 1.00000omega
    Eq omega: 0.004631 + -0.01148theta + -0.00755omega + 0.00005theta^2 + -0.00166theta omega + -0.00027omega^2

--- Chunk 31738 (59/220) | Start: 2024-12-09 22:10:00 ---
    RMSE omega: 0.004074 | RMSE theta: 0.082241 | Loss: 1.1777 | Epoch: 1752
    Eq theta: 1.00000omega
    Eq omega: 0.005831 + 0.00002theta + 0.00104omega + 0.00020theta^2 + 0.00001theta omega + 0.00040omega^2

--- Chunk 31739 (60/220) | Start: 2024-12-09 22:15:00 ---
    RMSE omega: 0.018684 | RMSE theta: 0.888460 | Loss: -7372310.0000 | Epoch: 890
    Eq theta: 1.00000omega
    Eq omega: 0.001421 + 0.00315theta + 0.00322omega + 0.00035theta^2 + 0.00012theta omega + -0.00181omega^2

--- Chunk 31740 (61/220) | Start: 2024-12-09 22:20:00 ---
    RMSE omega: 0.005420 | RMSE theta: 0.109679 | Loss: -1.4999 | Epoch: 1188
    Eq theta: 1.00000omega
    Eq omega: -0.002671 + -0.05280theta + 0.00389omega + -0.00086theta^2 + -0.00571theta omega + -0.00331omega^2

--- Chunk 31741 (62/220) | Start: 2024-12-09 22:25:00 ---
    RMSE omega: 0.004949 | RMSE theta: 0.111349 | Loss: -0.9930 | Epoch: 1955
    Eq theta: 1.00000omega
    Eq omega: -0.000081 + 0.00084theta + -0.00069omega + 0.00054theta^2 + -0.00133theta omega + 0.00249omega^2

--- Chunk 31742 (63/220) | Start: 2024-12-09 22:30:00 ---
    RMSE omega: 0.008480 | RMSE theta: 0.039881 | Loss: 8.0152 | Epoch: 146
    Eq theta: 1.00000omega
    Eq omega: -0.004051 + -0.10533theta + 0.00055omega + -0.02360theta^2 + 0.00201theta omega + 0.00162omega^2

--- Chunk 31743 (64/220) | Start: 2024-12-09 22:35:00 ---
    RMSE omega: 0.003640 | RMSE theta: 0.015460 | Loss: -0.8043 | Epoch: 450
    Eq theta: 1.00000omega
    Eq omega: -0.002301 + 0.00076theta + 0.00117omega + 0.00057theta^2 + 0.00164theta omega + 0.00890omega^2

--- Chunk 31744 (65/220) | Start: 2024-12-09 22:40:00 ---
    RMSE omega: 0.004022 | RMSE theta: 0.099820 | Loss: -3.6945 | Epoch: 1100
    Eq theta: 1.00000omega
    Eq omega: 0.001871 + 0.00026theta + -0.00264omega + -0.00042theta^2 + 0.00775theta omega + 0.00139omega^2

--- Chunk 31745 (66/220) | Start: 2024-12-09 22:45:00 ---
    RMSE omega: 0.008762 | RMSE theta: 0.252392 | Loss: -1966.4720 | Epoch: 1516
    Eq theta: 1.00000omega
    Eq omega: 0.010801 + -1.33241theta + -0.01655omega + 0.07555theta^2 + 0.00927theta omega + 0.00519omega^2

--- Chunk 31746 (67/220) | Start: 2024-12-09 22:50:00 ---
    RMSE omega: 0.010294 | RMSE theta: 1.060130 | Loss: -16439915868401661854613504.0000 | Epoch: 2325
    Eq theta: 1.00000omega
    Eq omega: -0.001561 + -0.00086theta + 0.00209omega + 0.00006theta^2 + 0.00040theta omega + -0.00830omega^2

--- Chunk 31747 (68/220) | Start: 2024-12-09 22:55:00 ---
    RMSE omega: 0.003445 | RMSE theta: 0.106021 | Loss: -4.2184 | Epoch: 1498
    Eq theta: 1.00000omega
    Eq omega: -0.003461 + -0.02321theta + -0.00940omega + -0.00026theta^2 + 0.00074theta omega + -0.00060omega^2

--- Chunk 31748 (69/220) | Start: 2024-12-09 23:00:00 ---
    RMSE omega: 0.004019 | RMSE theta: 0.075368 | Loss: -0.4748 | Epoch: 1015
    Eq theta: 1.00000omega
    Eq omega: -0.001471 + -0.00119theta + 0.02347omega + -0.00110theta^2 + 0.00109theta omega + -0.00368omega^2

--- Chunk 31749 (70/220) | Start: 2024-12-09 23:05:00 ---
    RMSE omega: 0.006842 | RMSE theta: 0.270155 | Loss: -3261.2112 | Epoch: 965
    Eq theta: 1.00000omega
    Eq omega: -0.000241 + -0.00392theta + -0.00135omega + -0.00073theta^2 + -0.00158theta omega + 0.01197omega^2

--- Chunk 31750 (71/220) | Start: 2024-12-09 23:10:00 ---
    RMSE omega: nan | RMSE theta: nan | Loss: 25.7133 | Epoch: 62
    Eq theta: 1.00000omega
    Eq omega: nan1 + nantheta + nanomega + nantheta^2 + nantheta omega + nanomega^2

--- Chunk 31751 (72/220) | Start: 2024-12-09 23:15:00 ---
    RMSE omega: 0.005075 | RMSE theta: 0.087953 | Loss: -1900225101824.0000 | Epoch: 1517
    Eq theta: 1.00000omega
    Eq omega: -0.003361 + -0.00140theta + 0.00233omega + -0.00081theta^2 + -0.00046theta omega + -0.00231omega^2

--- Chunk 31752 (73/220) | Start: 2024-12-09 23:20:00 ---
    RMSE omega: 0.004238 | RMSE theta: 0.174393 | Loss: 0.7002 | Epoch: 1994
    Eq theta: 1.00000omega
    Eq omega: -0.000381 + -0.00013theta + 0.00248omega + -0.00024theta^2 + -0.00008theta omega + 0.00003omega^2

--- Chunk 31753 (74/220) | Start: 2024-12-09 23:25:00 ---
    RMSE omega: 0.004170 | RMSE theta: 0.031877 | Loss: -0.3277 | Epoch: 1297
    Eq theta: 1.00000omega
    Eq omega: -0.000471 + -0.00085theta + -0.00003omega + 0.00095theta^2 + 0.00079theta omega + -0.00426omega^2

--- Chunk 31754 (75/220) | Start: 2024-12-09 23:30:00 ---
    RMSE omega: nan | RMSE theta: nan | Loss: 188.9572 | Epoch: 71
    Eq theta: 1.00000omega
    Eq omega: nan1 + nantheta + nanomega + nantheta^2 + nantheta omega + nanomega^2

--- Chunk 31755 (76/220) | Start: 2024-12-09 23:35:00 ---
    RMSE omega: 0.003607 | RMSE theta: 0.120887 | Loss: -2.5127 | Epoch: 2293
    Eq theta: 1.00000omega
    Eq omega: 0.000141 + -0.00056theta + -0.00145omega + -0.00016theta^2 + -0.00012theta omega + 0.00022omega^2

--- Chunk 31756 (77/220) | Start: 2024-12-09 23:40:00 ---
    RMSE omega: nan | RMSE theta: nan | Loss: 27.4247 | Epoch: 84
    Eq theta: 1.00000omega
    Eq omega: nan1 + nantheta + nanomega + nantheta^2 + nantheta omega + nanomega^2

--- Chunk 31757 (78/220) | Start: 2024-12-09 23:45:00 ---
    RMSE omega: 0.022495 | RMSE theta: 0.209855 | Loss: -3806.9504 | Epoch: 826
    Eq theta: 1.00000omega
    Eq omega: 0.001591 + -0.00005theta + 0.00087omega + 0.00018theta^2 + -0.00032theta omega + -0.00072omega^2

--- Chunk 31758 (79/220) | Start: 2024-12-09 23:50:00 ---
    RMSE omega: 0.006974 | RMSE theta: 0.188003 | Loss: -1332.2723 | Epoch: 3201
    Eq theta: 1.00000omega
    Eq omega: 0.001001 + 0.00013theta + -0.00147omega + -0.00000theta^2 + -0.00008theta omega + -0.00043omega^2

--- Chunk 31759 (80/220) | Start: 2024-12-09 23:55:00 ---
    RMSE omega: 0.008559 | RMSE theta: 0.256828 | Loss: 2.3465 | Epoch: 1062
    Eq theta: 1.00000omega
    Eq omega: -0.004041 + -0.00345theta + 0.00189omega + -0.00165theta^2 + -0.00090theta omega + -0.00033omega^2

--- Chunk 31760 (81/220) | Start: 2024-12-10 00:00:00 ---
    RMSE omega: nan | RMSE theta: nan | Loss: 1877.5421 | Epoch: 36
    Eq theta: 1.00000omega
    Eq omega: nan1 + nantheta + nanomega + nantheta^2 + nantheta omega + nanomega^2

--- Chunk 31761 (82/220) | Start: 2024-12-10 00:05:00 ---
    RMSE omega: 0.011472 | RMSE theta: 0.472406 | Loss: 36.1878 | Epoch: 2608
    Eq theta: 1.00000omega
    Eq omega: -0.003011 + -0.00012theta + 0.00140omega + 0.00000theta^2 + 0.00002theta omega + 0.00021omega^2

--- Chunk 31762 (83/220) | Start: 2024-12-10 00:10:00 ---
    RMSE omega: 0.032888 | RMSE theta: 0.734033 | Loss: 787.1219 | Epoch: 68
    Eq theta: 1.00000omega
    Eq omega: 0.007031 + -0.00035theta + -0.00016omega + 0.00000theta^2 + -0.00003theta omega + 0.00006omega^2

--- Chunk 31763 (84/220) | Start: 2024-12-10 00:15:00 ---
    RMSE omega: 0.019341 | RMSE theta: 0.676710 | Loss: -97507.8047 | Epoch: 922
    Eq theta: 1.00000omega
    Eq omega: -0.002121 + 0.00007theta + 0.00065omega + 0.00001theta^2 + -0.00001theta omega + 0.00009omega^2

--- Chunk 31764 (85/220) | Start: 2024-12-10 00:20:00 ---
    RMSE omega: 0.020573 | RMSE theta: 0.453546 | Loss: 167.3086 | Epoch: 1969
    Eq theta: 1.00000omega
    Eq omega: 0.000191 + 0.00002theta + -0.00057omega + -0.00000theta^2 + 0.00000theta omega + -0.00004omega^2

--- Chunk 31765 (86/220) | Start: 2024-12-10 00:25:00 ---
    RMSE omega: 0.020074 | RMSE theta: 0.636605 | Loss: -29396.9219 | Epoch: 662
    Eq theta: 1.00000omega
    Eq omega: -0.000411 + 0.00012theta + 0.00174omega + 0.00000theta^2 + -0.00001theta omega + -0.00016omega^2

--- Chunk 31766 (87/220) | Start: 2024-12-10 00:30:00 ---
    RMSE omega: nan | RMSE theta: nan | Loss: 114218.7188 | Epoch: 15
    Eq theta: 1.00000omega
    Eq omega: nan1 + nantheta + nanomega + nantheta^2 + nantheta omega + nanomega^2

--- Chunk 31767 (88/220) | Start: 2024-12-10 00:35:00 ---
    RMSE omega: 0.018424 | RMSE theta: 0.613163 | Loss: 106.7685 | Epoch: 1905
    Eq theta: 1.00000omega
    Eq omega: -0.006981 + -0.00059theta + -0.00523omega + 0.00115theta^2 + 0.00003theta omega + -0.00014omega^2

--- Chunk 31768 (89/220) | Start: 2024-12-10 00:40:00 ---
    RMSE omega: nan | RMSE theta: nan | Loss: 1633.0720 | Epoch: 54
    Eq theta: 1.00000omega
    Eq omega: nan1 + nantheta + nanomega + nantheta^2 + nantheta omega + nanomega^2

--- Chunk 31769 (90/220) | Start: 2024-12-10 00:45:00 ---
    RMSE omega: nan | RMSE theta: nan | Loss: 7777.7778 | Epoch: 46
    Eq theta: 1.00000omega
    Eq omega: nan1 + nantheta + nanomega + nantheta^2 + nantheta omega + nanomega^2

--- Chunk 31770 (91/220) | Start: 2024-12-10 00:50:00 ---
    RMSE omega: nan | RMSE theta: nan | Loss: 198.8297 | Epoch: 53
    Eq theta: 1.00000omega
    Eq omega: nan1 + nantheta + nanomega + nantheta^2 + nantheta omega + nanomega^2

--- Chunk 31771 (92/220) | Start: 2024-12-10 00:55:00 ---
    RMSE omega: 0.007113 | RMSE theta: 0.308236 | Loss: 5.4847 | Epoch: 1436
    Eq theta: 1.00000omega
    Eq omega: 0.000041 + -0.00014theta + -0.00522omega + 0.00000theta^2 + -0.00006theta omega + 0.00593omega^2

--- Chunk 31772 (93/220) | Start: 2024-12-10 01:00:00 ---
    RMSE omega: nan | RMSE theta: nan | Loss: 451.7893 | Epoch: 29
    Eq theta: 1.00000omega
    Eq omega: nan1 + nantheta + nanomega + nantheta^2 + nantheta omega + nanomega^2

--- Chunk 31773 (94/220) | Start: 2024-12-10 01:05:00 ---
    RMSE omega: 0.003877 | RMSE theta: 0.033756 | Loss: -1.7134 | Epoch: 1930
    Eq theta: 1.00000omega
    Eq omega: -0.000361 + -0.00459theta + 0.00099omega + 0.00050theta^2 + -0.00087theta omega + -0.00002omega^2

--- Chunk 31774 (95/220) | Start: 2024-12-10 01:10:00 ---
    RMSE omega: nan | RMSE theta: nan | Loss: 610.1407 | Epoch: 38
    Eq theta: 1.00000omega
    Eq omega: nan1 + nantheta + nanomega + nantheta^2 + nantheta omega + nanomega^2

--- Chunk 31775 (96/220) | Start: 2024-12-10 01:15:00 ---
    RMSE omega: nan | RMSE theta: nan | Loss: 188.6792 | Epoch: 62
    Eq theta: 1.00000omega
    Eq omega: nan1 + nantheta + nanomega + nantheta^2 + nantheta omega + nanomega^2

--- Chunk 31776 (97/220) | Start: 2024-12-10 01:20:00 ---
    RMSE omega: 0.043610 | RMSE theta: 0.387114 | Loss: 222.5659 | Epoch: 59
    Eq theta: 1.00000omega
    Eq omega: 0.053251 + -0.00132theta + 0.01777omega + 0.00036theta^2 + -0.00351theta omega + -0.00087omega^2

--- Chunk 31777 (98/220) | Start: 2024-12-10 01:25:00 ---
    RMSE omega: 0.004275 | RMSE theta: 0.037849 | Loss: -1.4087 | Epoch: 1696
    Eq theta: 1.00000omega
    Eq omega: -0.000261 + 0.00117theta + 0.00129omega + 0.00037theta^2 + 0.00000theta omega + 0.00019omega^2

--- Chunk 31778 (99/220) | Start: 2024-12-10 01:30:00 ---
    RMSE omega: 0.003405 | RMSE theta: 0.014260 | Loss: -0.3409 | Epoch: 1284
    Eq theta: 1.00000omega
    Eq omega: 0.004861 + -0.68097theta + -0.05434omega + 0.00119theta^2 + -0.02391theta omega + -0.30719omega^2

--- Chunk 31779 (100/220) | Start: 2024-12-10 01:35:00 ---
    RMSE omega: nan | RMSE theta: nan | Loss: 511.4744 | Epoch: 57
    Eq theta: 1.00000omega
    Eq omega: nan1 + nantheta + nanomega + nantheta^2 + nantheta omega + nanomega^2

  [Progress 100/220] Mean RMSE omega: 0.013581 | Mean loss: -13071289887484771379651750658048.0000 | Valid: 76/100 | Elapsed: 38.9min | ETA: 46.7min

--- Chunk 31780 (101/220) | Start: 2024-12-10 01:40:00 ---
    RMSE omega: 0.003715 | RMSE theta: 0.021071 | Loss: -2.0115 | Epoch: 1946
    Eq theta: 1.00000omega
    Eq omega: 0.000211 + 0.00094theta + -0.00083omega + -0.00023theta^2 + -0.00013theta omega + 0.00015omega^2

--- Chunk 31781 (102/220) | Start: 2024-12-10 01:45:00 ---
    RMSE omega: 0.003827 | RMSE theta: 0.139872 | Loss: -3.8624 | Epoch: 1612
    Eq theta: 1.00000omega
    Eq omega: -0.000591 + -0.00739theta + -0.00911omega + 0.00099theta^2 + 0.00177theta omega + -0.00354omega^2

--- Chunk 31782 (103/220) | Start: 2024-12-10 01:50:00 ---
    RMSE omega: 0.004077 | RMSE theta: 0.277574 | Loss: -45.5640 | Epoch: 3100
    Eq theta: 1.00000omega
    Eq omega: -0.000031 + -0.00026theta + 0.00190omega + 0.00004theta^2 + 0.00005theta omega + 0.00000omega^2

--- Chunk 31783 (104/220) | Start: 2024-12-10 01:55:00 ---
    RMSE omega: 0.004282 | RMSE theta: 0.106185 | Loss: -0.4802 | Epoch: 1462
    Eq theta: 1.00000omega
    Eq omega: 0.001231 + -0.00019theta + 0.00123omega + 0.00016theta^2 + 0.00003theta omega + -0.00171omega^2

--- Chunk 31784 (105/220) | Start: 2024-12-10 02:00:00 ---
    RMSE omega: 0.004220 | RMSE theta: 0.108488 | Loss: 1.7733 | Epoch: 2511
    Eq theta: 1.00000omega
    Eq omega: -0.000921 + -0.00029theta + -0.00056omega + 0.00003theta^2 + -0.00001theta omega + 0.00129omega^2

--- Chunk 31785 (106/220) | Start: 2024-12-10 02:05:00 ---
    RMSE omega: 0.029277 | RMSE theta: 0.430466 | Loss: 74.1294 | Epoch: 55
    Eq theta: 1.00000omega
    Eq omega: 0.001091 + 0.00031theta + -0.00090omega + 0.00080theta^2 + 0.00012theta omega + 0.00212omega^2

--- Chunk 31786 (107/220) | Start: 2024-12-10 02:10:00 ---
    RMSE omega: 0.003226 | RMSE theta: 0.029883 | Loss: -0.5297 | Epoch: 2376
    Eq theta: 1.00000omega
    Eq omega: -0.000011 + -0.00026theta + -0.00029omega + 0.00049theta^2 + -0.00003theta omega + 0.00048omega^2

--- Chunk 31787 (108/220) | Start: 2024-12-10 02:15:00 ---
    RMSE omega: nan | RMSE theta: nan | Loss: 35.1706 | Epoch: 29
    Eq theta: 1.00000omega
    Eq omega: nan1 + nantheta + nanomega + nantheta^2 + nantheta omega + nanomega^2

--- Chunk 31788 (109/220) | Start: 2024-12-10 02:20:00 ---
    RMSE omega: nan | RMSE theta: nan | Loss: 330.5139 | Epoch: 74
    Eq theta: 1.00000omega
    Eq omega: nan1 + nantheta + nanomega + nantheta^2 + nantheta omega + nanomega^2

--- Chunk 31789 (110/220) | Start: 2024-12-10 02:25:00 ---
    RMSE omega: nan | RMSE theta: nan | Loss: 122.8913 | Epoch: 25
    Eq theta: 1.00000omega
    Eq omega: nan1 + nantheta + nanomega + nantheta^2 + nantheta omega + nanomega^2

--- Chunk 31790 (111/220) | Start: 2024-12-10 02:30:00 ---
    RMSE omega: 0.031312 | RMSE theta: 0.932870 | Loss: 393.3827 | Epoch: 69
    Eq theta: 1.00000omega
    Eq omega: -0.001861 + -0.00703theta + 0.00053omega + 0.00016theta^2 + -0.00009theta omega + 0.00007omega^2

--- Chunk 31791 (112/220) | Start: 2024-12-10 02:35:00 ---
    RMSE omega: nan | RMSE theta: nan | Loss: 1779.9199 | Epoch: 25
    Eq theta: 1.00000omega
    Eq omega: nan1 + nantheta + nanomega + nantheta^2 + nantheta omega + nanomega^2

--- Chunk 31792 (113/220) | Start: 2024-12-10 02:40:00 ---
    RMSE omega: 0.003748 | RMSE theta: 0.157195 | Loss: -3.8505 | Epoch: 1873
    Eq theta: 1.00000omega
    Eq omega: 0.001551 + -0.00691theta + -0.00497omega + 0.00018theta^2 + -0.00046theta omega + 0.00119omega^2

--- Chunk 31793 (114/220) | Start: 2024-12-10 02:45:00 ---
    RMSE omega: nan | RMSE theta: nan | Loss: 2296.8391 | Epoch: 33
    Eq theta: 1.00000omega
    Eq omega: nan1 + nantheta + nanomega + nantheta^2 + nantheta omega + nanomega^2

--- Chunk 31794 (115/220) | Start: 2024-12-10 02:50:00 ---
    RMSE omega: nan | RMSE theta: nan | Loss: -16440026269508611859665750327296.0000 | Epoch: 2373
    Eq theta: 1.00000omega
    Eq omega: nan1 + nantheta + nanomega + nantheta^2 + nantheta omega + nanomega^2

--- Chunk 31795 (116/220) | Start: 2024-12-10 02:55:00 ---
    RMSE omega: nan | RMSE theta: nan | Loss: 452.3905 | Epoch: 66
    Eq theta: 1.00000omega
    Eq omega: nan1 + nantheta + nanomega + nantheta^2 + nantheta omega + nanomega^2

--- Chunk 31796 (117/220) | Start: 2024-12-10 03:00:00 ---
    RMSE omega: 0.011248 | RMSE theta: 0.365985 | Loss: 34.6908 | Epoch: 2677
    Eq theta: 1.00000omega
    Eq omega: 0.004551 + -0.00033theta + 0.00181omega + 0.00089theta^2 + -0.00004theta omega + 0.00009omega^2

--- Chunk 31797 (118/220) | Start: 2024-12-10 03:05:00 ---
    RMSE omega: 0.012805 | RMSE theta: 0.367080 | Loss: 21.6059 | Epoch: 2244
    Eq theta: 1.00000omega
    Eq omega: -0.000621 + -0.00016theta + -0.00481omega + 0.00004theta^2 + -0.00002theta omega + -0.00043omega^2

--- Chunk 31798 (119/220) | Start: 2024-12-10 03:10:00 ---
    RMSE omega: nan | RMSE theta: nan | Loss: -2619034191280376154159054848.0000 | Epoch: 3428
    Eq theta: 1.00000omega
    Eq omega: nan1 + nantheta + nanomega + nantheta^2 + nantheta omega + nanomega^2

--- Chunk 31799 (120/220) | Start: 2024-12-10 03:15:00 ---
    RMSE omega: 0.012545 | RMSE theta: 0.417568 | Loss: 116.5328 | Epoch: 1417
    Eq theta: 1.00000omega
    Eq omega: -0.003931 + 0.00009theta + -0.00248omega + -0.00000theta^2 + -0.00002theta omega + -0.00007omega^2

--- Chunk 31800 (121/220) | Start: 2024-12-10 03:20:00 ---
    RMSE omega: 0.045384 | RMSE theta: 1.198099 | Loss: -6562.5815 | Epoch: 632
    Eq theta: 1.00000omega
    Eq omega: 0.000011 + 0.00026theta + -0.00163omega + -0.00168theta^2 + 0.00004theta omega + -0.00028omega^2

--- Chunk 31801 (122/220) | Start: 2024-12-10 03:25:00 ---
    RMSE omega: 0.029223 | RMSE theta: 0.755199 | Loss: 375.8471 | Epoch: 52
    Eq theta: 1.00000omega
    Eq omega: 0.026261 + -0.00149theta + 0.00390omega + 0.00011theta^2 + -0.00003theta omega + 0.00069omega^2

--- Chunk 31802 (123/220) | Start: 2024-12-10 03:30:00 ---
    RMSE omega: 0.011686 | RMSE theta: 0.346181 | Loss: 13.3800 | Epoch: 930
    Eq theta: 1.00000omega
    Eq omega: -0.000251 + 0.00020theta + 0.00114omega + 0.00005theta^2 + 0.00002theta omega + -0.00085omega^2

--- Chunk 31803 (124/220) | Start: 2024-12-10 03:35:00 ---
    RMSE omega: 0.004934 | RMSE theta: 0.023514 | Loss: -1.0444 | Epoch: 1313
    Eq theta: 1.00000omega
    Eq omega: -0.002421 + -0.01794theta + -0.00139omega + -0.00263theta^2 + -0.01790theta omega + -0.00978omega^2

--- Chunk 31804 (125/220) | Start: 2024-12-10 03:40:00 ---
    RMSE omega: 0.004955 | RMSE theta: 0.105776 | Loss: -0.3956 | Epoch: 2210
    Eq theta: 1.00000omega
    Eq omega: -0.001511 + 0.00055theta + 0.00328omega + 0.00053theta^2 + -0.00012theta omega + -0.00126omega^2

--- Chunk 31805 (126/220) | Start: 2024-12-10 03:45:00 ---
    RMSE omega: 0.010644 | RMSE theta: 0.403267 | Loss: 5.3158 | Epoch: 1800
    Eq theta: 1.00000omega
    Eq omega: -0.005071 + -0.00035theta + 0.00060omega + 0.00001theta^2 + 0.00000theta omega + -0.00022omega^2

--- Chunk 31806 (127/220) | Start: 2024-12-10 03:50:00 ---
    RMSE omega: 0.047648 | RMSE theta: 1.287725 | Loss: -1924.0851 | Epoch: 1358
    Eq theta: 1.00000omega
    Eq omega: 0.022561 + -1.45603theta + 0.04058omega + -0.02596theta^2 + 0.70856theta omega + -0.16571omega^2

--- Chunk 31807 (128/220) | Start: 2024-12-10 03:55:00 ---
    RMSE omega: 0.040219 | RMSE theta: 1.107874 | Loss: 136.6093 | Epoch: 37
    Eq theta: 1.00000omega
    Eq omega: -0.000911 + -0.00870theta + -0.00032omega + 0.00076theta^2 + 0.00023theta omega + -0.00029omega^2

--- Chunk 31808 (129/220) | Start: 2024-12-10 04:00:00 ---
    RMSE omega: nan | RMSE theta: nan | Loss: 48.7019 | Epoch: 53
    Eq theta: 1.00000omega
    Eq omega: nan1 + nantheta + nanomega + nantheta^2 + nantheta omega + nanomega^2

--- Chunk 31809 (130/220) | Start: 2024-12-10 04:05:00 ---
    RMSE omega: nan | RMSE theta: nan | Loss: 2780.0347 | Epoch: 20
    Eq theta: 1.00000omega
    Eq omega: nan1 + nantheta + nanomega + nantheta^2 + nantheta omega + nanomega^2

--- Chunk 31810 (131/220) | Start: 2024-12-10 04:10:00 ---
    RMSE omega: nan | RMSE theta: nan | Loss: 133.9569 | Epoch: 43
    Eq theta: 1.00000omega
    Eq omega: nan1 + nantheta + nanomega + nantheta^2 + nantheta omega + nanomega^2

--- Chunk 31811 (132/220) | Start: 2024-12-10 04:15:00 ---
    RMSE omega: nan | RMSE theta: nan | Loss: -1860884534787047424.0000 | Epoch: 505
    Eq theta: 1.00000omega
    Eq omega: nan1 + nantheta + nanomega + nantheta^2 + nantheta omega + nanomega^2

--- Chunk 31812 (133/220) | Start: 2024-12-10 04:20:00 ---
    RMSE omega: nan | RMSE theta: nan | Loss: 82.1666 | Epoch: 55
    Eq theta: 1.00000omega
    Eq omega: nan1 + nantheta + nanomega + nantheta^2 + nantheta omega + nanomega^2

--- Chunk 31813 (134/220) | Start: 2024-12-10 04:25:00 ---
    RMSE omega: 0.004424 | RMSE theta: 0.073063 | Loss: -1.3443 | Epoch: 1460
    Eq theta: 1.00000omega
    Eq omega: 0.000691 + -0.00062theta + -0.00466omega + -0.00024theta^2 + -0.00305theta omega + -0.00902omega^2

--- Chunk 31814 (135/220) | Start: 2024-12-10 04:30:00 ---
    RMSE omega: 0.043582 | RMSE theta: 1.254577 | Loss: -138149882139027498336256.0000 | Epoch: 3933
    Eq theta: 1.00000omega
    Eq omega: -0.005771 + -0.00155theta + 0.00033omega + 0.00020theta^2 + 0.00073theta omega + 0.00043omega^2

--- Chunk 31815 (136/220) | Start: 2024-12-10 04:35:00 ---
    RMSE omega: 0.004062 | RMSE theta: 0.037480 | Loss: -2.6411 | Epoch: 1385
    Eq theta: 1.00000omega
    Eq omega: 0.003311 + 0.00053theta + 0.00269omega + -0.00166theta^2 + -0.00024theta omega + -0.00059omega^2

--- Chunk 31816 (137/220) | Start: 2024-12-10 04:40:00 ---
    RMSE omega: 0.008737 | RMSE theta: 0.128514 | Loss: 8.7328 | Epoch: 1599
    Eq theta: 1.00000omega
    Eq omega: -0.000271 + -0.00070theta + 0.00182omega + 0.00001theta^2 + 0.00009theta omega + -0.00037omega^2

--- Chunk 31817 (138/220) | Start: 2024-12-10 04:45:00 ---
    RMSE omega: nan | RMSE theta: nan | Loss: 202.8738 | Epoch: 16
    Eq theta: 1.00000omega
    Eq omega: nan1 + nantheta + nanomega + nantheta^2 + nantheta omega + nanomega^2

--- Chunk 31818 (139/220) | Start: 2024-12-10 04:50:00 ---
    RMSE omega: 0.004446 | RMSE theta: 0.061001 | Loss: -1.4096 | Epoch: 1569
    Eq theta: 1.00000omega
    Eq omega: -0.000171 + -0.00068theta + -0.00122omega + 0.00031theta^2 + 0.00058theta omega + 0.00457omega^2

--- Chunk 31819 (140/220) | Start: 2024-12-10 04:55:00 ---
    RMSE omega: 0.024998 | RMSE theta: 0.546867 | Loss: -1070.5426 | Epoch: 389
    Eq theta: 1.00000omega
    Eq omega: -0.003901 + -0.00160theta + 0.00095omega + -0.00071theta^2 + -0.00041theta omega + -0.00190omega^2

--- Chunk 31820 (141/220) | Start: 2024-12-10 05:00:00 ---
    RMSE omega: 0.009556 | RMSE theta: 0.380516 | Loss: 3.2508 | Epoch: 2311
    Eq theta: 1.00000omega
    Eq omega: 0.002011 + -0.05308theta + -0.00268omega + 0.01434theta^2 + -0.00032theta omega + -0.01718omega^2

--- Chunk 31821 (142/220) | Start: 2024-12-10 05:05:00 ---
    RMSE omega: 0.009327 | RMSE theta: 0.580270 | Loss: -3369.1416 | Epoch: 1700
    Eq theta: 1.00000omega
    Eq omega: 0.001341 + 0.00168theta + -0.00023omega + -0.00011theta^2 + -0.00059theta omega + 0.00251omega^2

--- Chunk 31822 (143/220) | Start: 2024-12-10 05:10:00 ---
    RMSE omega: 0.004527 | RMSE theta: 0.054580 | Loss: -1920.4954 | Epoch: 5090
    Eq theta: 1.00000omega
    Eq omega: 0.009961 + -0.00003theta + 0.00803omega + 0.00002theta^2 + -0.00028theta omega + 0.00170omega^2

--- Chunk 31823 (144/220) | Start: 2024-12-10 05:15:00 ---
    RMSE omega: 0.028713 | RMSE theta: 1.113221 | Loss: 136.5727 | Epoch: 339
    Eq theta: 1.00000omega
    Eq omega: 0.000891 + -0.00004theta + -0.00103omega + 0.00006theta^2 + 0.00005theta omega + 0.00031omega^2

--- Chunk 31824 (145/220) | Start: 2024-12-10 05:20:00 ---
    RMSE omega: 0.009656 | RMSE theta: 0.137907 | Loss: -0.4813 | Epoch: 1590
    Eq theta: 1.00000omega
    Eq omega: -0.007761 + -0.05740theta + -0.00682omega + -0.10960theta^2 + -0.00581theta omega + 0.03881omega^2

--- Chunk 31825 (146/220) | Start: 2024-12-10 05:25:00 ---
    RMSE omega: 0.014642 | RMSE theta: 0.602565 | Loss: 65.6581 | Epoch: 2117
    Eq theta: 1.00000omega
    Eq omega: 0.003291 + -0.00002theta + 0.00351omega + -0.00000theta^2 + 0.00003theta omega + -0.00037omega^2

--- Chunk 31826 (147/220) | Start: 2024-12-10 05:30:00 ---
    RMSE omega: 0.009517 | RMSE theta: 0.370426 | Loss: 21.2514 | Epoch: 1423
    Eq theta: 1.00000omega
    Eq omega: -0.002361 + -0.00007theta + 0.00337omega + 0.00005theta^2 + -0.00001theta omega + -0.00015omega^2

--- Chunk 31827 (148/220) | Start: 2024-12-10 05:35:00 ---
    RMSE omega: 0.033107 | RMSE theta: 0.502339 | Loss: 250.6087 | Epoch: 57
    Eq theta: 1.00000omega
    Eq omega: 0.002191 + -0.01247theta + -0.00589omega + -0.00032theta^2 + 0.00444theta omega + 0.00174omega^2

--- Chunk 31828 (149/220) | Start: 2024-12-10 05:40:00 ---
    RMSE omega: 0.033807 | RMSE theta: 0.334510 | Loss: -8601971.0000 | Epoch: 689
    Eq theta: 1.00000omega
    Eq omega: -0.002591 + -0.00528theta + -0.00125omega + 0.00450theta^2 + 0.00078theta omega + 0.00124omega^2

--- Chunk 31829 (150/220) | Start: 2024-12-10 05:45:00 ---
    RMSE omega: 0.004568 | RMSE theta: 0.114976 | Loss: -2.0891 | Epoch: 2396
    Eq theta: 1.00000omega
    Eq omega: 0.008991 + -0.23911theta + -0.00410omega + 0.00050theta^2 + -0.03266theta omega + -0.00036omega^2

  [Progress 150/220] Mean RMSE omega: 0.014275 | Mean loss: -8823810894602191800499125092352.0000 | Valid: 112/150 | Elapsed: 62.2min | ETA: 29.0min

--- Chunk 31830 (151/220) | Start: 2024-12-10 05:50:00 ---
    RMSE omega: 0.005633 | RMSE theta: 0.195559 | Loss: -1.6708 | Epoch: 2473
    Eq theta: 1.00000omega
    Eq omega: -0.001471 + -0.00205theta + -0.00053omega + -0.00026theta^2 + 0.00434theta omega + 0.00201omega^2

--- Chunk 31831 (152/220) | Start: 2024-12-10 05:55:00 ---
    RMSE omega: 0.004937 | RMSE theta: 0.216042 | Loss: 1.3139 | Epoch: 3726
    Eq theta: 1.00000omega
    Eq omega: -0.001081 + 0.00024theta + 0.00116omega + 0.00016theta^2 + 0.00036theta omega + -0.00124omega^2

--- Chunk 31832 (153/220) | Start: 2024-12-10 06:00:00 ---
    RMSE omega: nan | RMSE theta: nan | Loss: 525.4221 | Epoch: 18
    Eq theta: 1.00000omega
    Eq omega: nan1 + nantheta + nanomega + nantheta^2 + nantheta omega + nanomega^2

--- Chunk 31833 (154/220) | Start: 2024-12-10 06:05:00 ---
    RMSE omega: nan | RMSE theta: nan | Loss: 54.5950 | Epoch: 52
    Eq theta: 1.00000omega
    Eq omega: nan1 + nantheta + nanomega + nantheta^2 + nantheta omega + nanomega^2

--- Chunk 31834 (155/220) | Start: 2024-12-10 06:10:00 ---
    RMSE omega: 0.037279 | RMSE theta: 2.080753 | Loss: -2012.1648 | Epoch: 708
    Eq theta: 1.00000omega
    Eq omega: -0.003801 + -0.00524theta + -0.00257omega + -0.00015theta^2 + -0.00065theta omega + 0.00197omega^2

--- Chunk 31835 (156/220) | Start: 2024-12-10 06:15:00 ---
    RMSE omega: 0.019549 | RMSE theta: 1.298215 | Loss: -1556.9813 | Epoch: 437
    Eq theta: 1.00000omega
    Eq omega: 0.002681 + 0.00116theta + -0.00382omega + -0.00001theta^2 + -0.00000theta omega + 0.00100omega^2

--- Chunk 31836 (157/220) | Start: 2024-12-10 06:20:00 ---
    RMSE omega: nan | RMSE theta: nan | Loss: -95263247594517151451447296.0000 | Epoch: 3418
    Eq theta: 1.00000omega
    Eq omega: nan1 + nantheta + nanomega + nantheta^2 + nantheta omega + nanomega^2

--- Chunk 31837 (158/220) | Start: 2024-12-10 06:25:00 ---
    RMSE omega: 0.113488 | RMSE theta: 2.361951 | Loss: -146440716288.0000 | Epoch: 730
    Eq theta: 1.00000omega
    Eq omega: 0.003811 + -0.00349theta + 0.00039omega + -0.00112theta^2 + -0.00075theta omega + 0.00018omega^2

--- Chunk 31838 (159/220) | Start: 2024-12-10 06:30:00 ---
    RMSE omega: 0.005534 | RMSE theta: 0.109439 | Loss: -2.7262 | Epoch: 1758
    Eq theta: 1.00000omega
    Eq omega: -0.007011 + -0.00463theta + 0.00131omega + -0.00093theta^2 + -0.00399theta omega + -0.00211omega^2

--- Chunk 31839 (160/220) | Start: 2024-12-10 06:35:00 ---
    RMSE omega: 0.058315 | RMSE theta: 0.955317 | Loss: -108387.0156 | Epoch: 789
    Eq theta: 1.00000omega
    Eq omega: 0.000081 + -0.00004theta + 0.00247omega + -0.00411theta^2 + -0.00024theta omega + -0.00177omega^2

--- Chunk 31840 (161/220) | Start: 2024-12-10 06:40:00 ---
    RMSE omega: 0.004749 | RMSE theta: 0.092584 | Loss: -2.1763 | Epoch: 1251
    Eq theta: 1.00000omega
    Eq omega: 0.008531 + -0.01213theta + 0.00630omega + 0.00066theta^2 + 0.00027theta omega + 0.00105omega^2

--- Chunk 31841 (162/220) | Start: 2024-12-10 06:45:00 ---
    RMSE omega: 0.003617 | RMSE theta: 0.044624 | Loss: -2.3734 | Epoch: 961
    Eq theta: 1.00000omega
    Eq omega: -0.009471 + -2.59086theta + -0.16482omega + 0.17269theta^2 + 0.09543theta omega + 0.00628omega^2

--- Chunk 31842 (163/220) | Start: 2024-12-10 06:50:00 ---
    RMSE omega: 0.024211 | RMSE theta: 0.245891 | Loss: -526837.1250 | Epoch: 656
    Eq theta: 1.00000omega
    Eq omega: 0.002871 + -0.00021theta + -0.00206omega + 0.00015theta^2 + -0.00093theta omega + 0.00008omega^2

--- Chunk 31843 (164/220) | Start: 2024-12-10 06:55:00 ---
    RMSE omega: 0.035237 | RMSE theta: 0.734280 | Loss: -18525.9570 | Epoch: 628
    Eq theta: 1.00000omega
    Eq omega: 0.000601 + 0.00006theta + 0.00055omega + -0.00001theta^2 + -0.00024theta omega + -0.00124omega^2

--- Chunk 31844 (165/220) | Start: 2024-12-10 07:00:00 ---
    RMSE omega: 0.026582 | RMSE theta: 0.497196 | Loss: 24.1272 | Epoch: 90
    Eq theta: 1.00000omega
    Eq omega: -0.081411 + -0.00209theta + 0.00288omega + 0.00008theta^2 + -0.00020theta omega + -0.00011omega^2

--- Chunk 31845 (166/220) | Start: 2024-12-10 07:05:00 ---
    RMSE omega: 0.003905 | RMSE theta: 0.056915 | Loss: -2.5062 | Epoch: 1356
    Eq theta: 1.00000omega
    Eq omega: 0.001241 + -1.09838theta + -0.00093omega + -0.01600theta^2 + -0.01874theta omega + -0.00159omega^2

--- Chunk 31846 (167/220) | Start: 2024-12-10 07:10:00 ---
    RMSE omega: nan | RMSE theta: nan | Loss: 81.5480 | Epoch: 51
    Eq theta: 1.00000omega
    Eq omega: nan1 + nantheta + nanomega + nantheta^2 + nantheta omega + nanomega^2

--- Chunk 31847 (168/220) | Start: 2024-12-10 07:15:00 ---
    RMSE omega: nan | RMSE theta: nan | Loss: 32.5158 | Epoch: 189
    Eq theta: 1.00000omega
    Eq omega: nan1 + nantheta + nanomega + nantheta^2 + nantheta omega + nanomega^2

--- Chunk 31848 (169/220) | Start: 2024-12-10 07:20:00 ---
    RMSE omega: nan | RMSE theta: nan | Loss: 412.9446 | Epoch: 42
    Eq theta: 1.00000omega
    Eq omega: nan1 + nantheta + nanomega + nantheta^2 + nantheta omega + nanomega^2

--- Chunk 31849 (170/220) | Start: 2024-12-10 07:25:00 ---
    RMSE omega: nan | RMSE theta: nan | Loss: 1119.0854 | Epoch: 31
    Eq theta: 1.00000omega
    Eq omega: nan1 + nantheta + nanomega + nantheta^2 + nantheta omega + nanomega^2

--- Chunk 31850 (171/220) | Start: 2024-12-10 07:30:00 ---
    RMSE omega: 0.011132 | RMSE theta: 0.395759 | Loss: 50.7502 | Epoch: 1018
    Eq theta: 1.00000omega
    Eq omega: -0.000751 + 0.00002theta + 0.00128omega + -0.00000theta^2 + 0.00000theta omega + -0.00006omega^2

--- Chunk 31851 (172/220) | Start: 2024-12-10 07:35:00 ---
    RMSE omega: 0.007907 | RMSE theta: 0.273102 | Loss: 27.3101 | Epoch: 2041
    Eq theta: 1.00000omega
    Eq omega: -0.004561 + -0.00000theta + -0.00150omega + -0.00389theta^2 + -0.00060theta omega + 0.00096omega^2

--- Chunk 31852 (173/220) | Start: 2024-12-10 07:40:00 ---
    RMSE omega: 0.039786 | RMSE theta: 1.234723 | Loss: 578.3891 | Epoch: 28
    Eq theta: 1.00000omega
    Eq omega: 0.001661 + -0.00190theta + 0.00049omega + 0.00073theta^2 + 0.00075theta omega + 0.00010omega^2

--- Chunk 31853 (174/220) | Start: 2024-12-10 07:45:00 ---
    RMSE omega: 0.003518 | RMSE theta: 0.083858 | Loss: -1.7364 | Epoch: 2037
    Eq theta: 1.00000omega
    Eq omega: -0.001581 + 0.00042theta + -0.00377omega + 0.00000theta^2 + 0.00039theta omega + -0.00048omega^2

--- Chunk 31854 (175/220) | Start: 2024-12-10 07:50:00 ---
    RMSE omega: nan | RMSE theta: nan | Loss: 626.0598 | Epoch: 35
    Eq theta: 1.00000omega
    Eq omega: nan1 + nantheta + nanomega + nantheta^2 + nantheta omega + nanomega^2

--- Chunk 31855 (176/220) | Start: 2024-12-10 07:55:00 ---
    RMSE omega: nan | RMSE theta: nan | Loss: 161.7963 | Epoch: 36
    Eq theta: 1.00000omega
    Eq omega: nan1 + nantheta + nanomega + nantheta^2 + nantheta omega + nanomega^2

--- Chunk 31856 (177/220) | Start: 2024-12-10 08:00:00 ---
    RMSE omega: 0.004628 | RMSE theta: 0.222845 | Loss: -4.7773 | Epoch: 1360
    Eq theta: 1.00000omega
    Eq omega: -0.000341 + -0.00047theta + -0.00044omega + -0.00006theta^2 + -0.00025theta omega + -0.00001omega^2

--- Chunk 31857 (178/220) | Start: 2024-12-10 08:05:00 ---
    RMSE omega: nan | RMSE theta: nan | Loss: -11943054910428268248657035264.0000 | Epoch: 1771
    Eq theta: 1.00000omega
    Eq omega: nan1 + nantheta + nanomega + nantheta^2 + nantheta omega + nanomega^2

--- Chunk 31858 (179/220) | Start: 2024-12-10 08:10:00 ---
    RMSE omega: 0.007425 | RMSE theta: 0.202660 | Loss: -366.3658 | Epoch: 2376
    Eq theta: 1.00000omega
    Eq omega: -0.000231 + 0.00007theta + 0.00012omega + 0.00002theta^2 + -0.00008theta omega + -0.00005omega^2

--- Chunk 31859 (180/220) | Start: 2024-12-10 08:15:00 ---
    RMSE omega: 0.295598 | RMSE theta: 4.433687 | Loss: -33283840000.0000 | Epoch: 1236
    Eq theta: 1.00000omega
    Eq omega: -0.003031 + -0.00086theta + 0.00018omega + -0.00149theta^2 + -0.00060theta omega + 0.00009omega^2

--- Chunk 31860 (181/220) | Start: 2024-12-10 08:20:00 ---
    RMSE omega: 0.028577 | RMSE theta: 0.354110 | Loss: 373.7689 | Epoch: 66
    Eq theta: 1.00000omega
    Eq omega: 0.000661 + -0.00016theta + 0.00050omega + -0.00003theta^2 + 0.00004theta omega + -0.00022omega^2

--- Chunk 31861 (182/220) | Start: 2024-12-10 08:25:00 ---
    RMSE omega: 0.005001 | RMSE theta: 0.112204 | Loss: -5.0251 | Epoch: 1263
    Eq theta: 1.00000omega
    Eq omega: -0.006421 + 0.00098theta + 0.00183omega + 0.00217theta^2 + 0.00117theta omega + -0.00249omega^2

--- Chunk 31862 (183/220) | Start: 2024-12-10 08:30:00 ---
    RMSE omega: nan | RMSE theta: nan | Loss: 172.0484 | Epoch: 341
    Eq theta: 1.00000omega
    Eq omega: nan1 + nantheta + nanomega + nantheta^2 + nantheta omega + nanomega^2

--- Chunk 31863 (184/220) | Start: 2024-12-10 08:35:00 ---
    RMSE omega: 0.429722 | RMSE theta: 11.248061 | Loss: -1589310935162421248.0000 | Epoch: 1126
    Eq theta: 1.00000omega
    Eq omega: 0.020551 + -0.44162theta + 0.00012omega + 0.00002theta^2 + -0.00011theta omega + 0.00185omega^2

--- Chunk 31864 (185/220) | Start: 2024-12-10 08:40:00 ---
    RMSE omega: 0.009624 | RMSE theta: 0.171638 | Loss: -7023553418586984414183424.0000 | Epoch: 2450
    Eq theta: 1.00000omega
    Eq omega: -0.001081 + -0.00072theta + -0.00042omega + -0.00007theta^2 + -0.00000theta omega + -0.00020omega^2

--- Chunk 31865 (186/220) | Start: 2024-12-10 08:45:00 ---
    RMSE omega: 0.012364 | RMSE theta: 0.122365 | Loss: -1995510656.0000 | Epoch: 1740
    Eq theta: 1.00000omega
    Eq omega: 0.001761 + -0.00004theta + 0.00053omega + -0.00039theta^2 + 0.00023theta omega + 0.00146omega^2

--- Chunk 31866 (187/220) | Start: 2024-12-10 08:50:00 ---
    RMSE omega: 0.004973 | RMSE theta: 0.161042 | Loss: 1.7802 | Epoch: 1764
    Eq theta: 1.00000omega
    Eq omega: -0.006121 + -0.00016theta + 0.00222omega + -0.00014theta^2 + 0.00002theta omega + 0.00023omega^2

--- Chunk 31867 (188/220) | Start: 2024-12-10 08:55:00 ---
    RMSE omega: 0.004821 | RMSE theta: 0.174947 | Loss: -225.0559 | Epoch: 836
    Eq theta: 1.00000omega
    Eq omega: -0.188361 + -1.48610theta + 0.03108omega + 1.19334theta^2 + -0.93640theta omega + -0.03914omega^2

--- Chunk 31868 (189/220) | Start: 2024-12-10 09:00:00 ---
    RMSE omega: 0.164198 | RMSE theta: 2.636921 | Loss: -95052324864.0000 | Epoch: 1156
    Eq theta: 1.00000omega
    Eq omega: 0.001831 + -0.00761theta + -0.00127omega + 0.00004theta^2 + -0.00060theta omega + -0.00191omega^2

--- Chunk 31869 (190/220) | Start: 2024-12-10 09:05:00 ---
    RMSE omega: 0.013939 | RMSE theta: 0.141059 | Loss: 21.1887 | Epoch: 165
    Eq theta: 1.00000omega
    Eq omega: 0.003041 + -0.00113theta + -0.00130omega + -0.00025theta^2 + 0.00011theta omega + -0.00089omega^2

--- Chunk 31870 (191/220) | Start: 2024-12-10 09:10:00 ---
    RMSE omega: 0.003442 | RMSE theta: 0.014479 | Loss: -0.9076 | Epoch: 1359
    Eq theta: 1.00000omega
    Eq omega: -0.077871 + -2.62706theta + -0.00108omega + 0.00632theta^2 + -0.00929theta omega + 0.00149omega^2

--- Chunk 31871 (192/220) | Start: 2024-12-10 09:15:00 ---
    RMSE omega: nan | RMSE theta: nan | Loss: 12447.5117 | Epoch: 17
    Eq theta: 1.00000omega
    Eq omega: nan1 + nantheta + nanomega + nantheta^2 + nantheta omega + nanomega^2

--- Chunk 31872 (193/220) | Start: 2024-12-10 09:20:00 ---
    RMSE omega: 0.006346 | RMSE theta: 0.230386 | Loss: -81880111304782409995489640448.0000 | Epoch: 2325
    Eq theta: 1.00000omega
    Eq omega: -0.002111 + -0.00078theta + 0.00011omega + 0.00008theta^2 + -0.00004theta omega + -0.00012omega^2

--- Chunk 31873 (194/220) | Start: 2024-12-10 09:25:00 ---
    RMSE omega: nan | RMSE theta: nan | Loss: 116.6507 | Epoch: 64
    Eq theta: 1.00000omega
    Eq omega: nan1 + nantheta + nanomega + nantheta^2 + nantheta omega + nanomega^2

--- Chunk 31874 (195/220) | Start: 2024-12-10 09:30:00 ---
    RMSE omega: 0.039673 | RMSE theta: 0.365047 | Loss: 223.4518 | Epoch: 25
    Eq theta: 1.00000omega
    Eq omega: -0.043961 + -0.01616theta + -0.00233omega + -0.00109theta^2 + 0.00876theta omega + -0.00174omega^2

--- Chunk 31875 (196/220) | Start: 2024-12-10 09:35:00 ---
    RMSE omega: 0.005008 | RMSE theta: 0.203201 | Loss: 1.0232 | Epoch: 1922
    Eq theta: 1.00000omega
    Eq omega: 0.000141 + 0.00007theta + 0.00089omega + 0.00003theta^2 + -0.00026theta omega + 0.00018omega^2

--- Chunk 31876 (197/220) | Start: 2024-12-10 09:40:00 ---
    RMSE omega: 0.003557 | RMSE theta: 0.053423 | Loss: -881.2953 | Epoch: 1451
    Eq theta: 1.00000omega
    Eq omega: 0.000271 + -0.00109theta + -0.00075omega + 0.00005theta^2 + -0.00023theta omega + 0.00172omega^2

--- Chunk 31877 (198/220) | Start: 2024-12-10 09:45:00 ---
    RMSE omega: 0.003995 | RMSE theta: 0.079989 | Loss: -3.1342 | Epoch: 2561
    Eq theta: 1.00000omega
    Eq omega: -0.010451 + -0.00054theta + 0.00007omega + -0.00008theta^2 + -0.00015theta omega + 0.00023omega^2

--- Chunk 31878 (199/220) | Start: 2024-12-10 09:50:00 ---
    RMSE omega: nan | RMSE theta: nan | Loss: 377.1176 | Epoch: 67
    Eq theta: 1.00000omega
    Eq omega: nan1 + nantheta + nanomega + nantheta^2 + nantheta omega + nanomega^2

--- Chunk 31879 (200/220) | Start: 2024-12-10 09:55:00 ---
    RMSE omega: 0.006968 | RMSE theta: 0.517498 | Loss: 3.3885 | Epoch: 2157
    Eq theta: 1.00000omega
    Eq omega: -0.000861 + -0.00012theta + -0.01916omega + -0.00006theta^2 + -0.00031theta omega + 0.00521omega^2

  [Progress 200/220] Mean RMSE omega: 0.020636 | Mean loss: -6618327798216733875154507005952.0000 | Valid: 148/200 | Elapsed: 81.9min | ETA: 8.2min

--- Chunk 31880 (201/220) | Start: 2024-12-10 10:00:00 ---
    RMSE omega: 0.006111 | RMSE theta: 0.041665 | Loss: 7.2317 | Epoch: 1031
    Eq theta: 1.00000omega
    Eq omega: 0.000611 + 0.00100theta + 0.00435omega + -0.00021theta^2 + -0.00014theta omega + 0.00032omega^2

--- Chunk 31881 (202/220) | Start: 2024-12-10 10:05:00 ---
    RMSE omega: nan | RMSE theta: nan | Loss: 494.5048 | Epoch: 24
    Eq theta: 1.00000omega
    Eq omega: nan1 + nantheta + nanomega + nantheta^2 + nantheta omega + nanomega^2

--- Chunk 31882 (203/220) | Start: 2024-12-10 10:10:00 ---
    RMSE omega: nan | RMSE theta: nan | Loss: 840.7487 | Epoch: 16
    Eq theta: 1.00000omega
    Eq omega: nan1 + nantheta + nanomega + nantheta^2 + nantheta omega + nanomega^2

--- Chunk 31883 (204/220) | Start: 2024-12-10 10:15:00 ---
    RMSE omega: nan | RMSE theta: nan | Loss: 275.5067 | Epoch: 42
    Eq theta: 1.00000omega
    Eq omega: nan1 + nantheta + nanomega + nantheta^2 + nantheta omega + nanomega^2

--- Chunk 31884 (205/220) | Start: 2024-12-10 10:20:00 ---
    RMSE omega: 0.005714 | RMSE theta: 0.055751 | Loss: 3.0673 | Epoch: 2807
    Eq theta: 1.00000omega
    Eq omega: 0.000621 + -0.00013theta + -0.00174omega + -0.00010theta^2 + -0.00011theta omega + -0.00001omega^2

--- Chunk 31885 (206/220) | Start: 2024-12-10 10:25:00 ---
    RMSE omega: 0.004929 | RMSE theta: 0.125743 | Loss: -8486.5186 | Epoch: 1841
    Eq theta: 1.00000omega
    Eq omega: -0.002431 + 0.00006theta + -0.00034omega + -0.00003theta^2 + 0.00009theta omega + -0.00056omega^2

--- Chunk 31886 (207/220) | Start: 2024-12-10 10:30:00 ---
    RMSE omega: 0.034277 | RMSE theta: 0.235466 | Loss: 160.2210 | Epoch: 90
    Eq theta: 1.00000omega
    Eq omega: -0.001071 + -0.00122theta + -0.00056omega + 0.00022theta^2 + -0.00020theta omega + 0.00141omega^2

--- Chunk 31887 (208/220) | Start: 2024-12-10 10:35:00 ---
    RMSE omega: nan | RMSE theta: nan | Loss: 793.2053 | Epoch: 16
    Eq theta: 1.00000omega
    Eq omega: nan1 + nantheta + nanomega + nantheta^2 + nantheta omega + nanomega^2

--- Chunk 31888 (209/220) | Start: 2024-12-10 10:40:00 ---
    RMSE omega: 0.003930 | RMSE theta: 0.165056 | Loss: -1359556743573770642391040.0000 | Epoch: 2345
    Eq theta: 1.00000omega
    Eq omega: -0.345851 + -0.00058theta + 0.00155omega + -0.00129theta^2 + -0.00087theta omega + 0.00826omega^2

--- Chunk 31889 (210/220) | Start: 2024-12-10 10:45:00 ---
    RMSE omega: 0.005141 | RMSE theta: 0.044146 | Loss: 2.9770 | Epoch: 2466
    Eq theta: 1.00000omega
    Eq omega: -0.000701 + 0.00038theta + 0.00111omega + 0.00006theta^2 + 0.00003theta omega + 0.00033omega^2

--- Chunk 31890 (211/220) | Start: 2024-12-10 10:50:00 ---
    RMSE omega: 0.004670 | RMSE theta: 0.116532 | Loss: 3.5704 | Epoch: 2192
    Eq theta: 1.00000omega
    Eq omega: 0.001531 + 0.00014theta + -0.00008omega + -0.00013theta^2 + 0.00001theta omega + -0.00023omega^2

--- Chunk 31891 (212/220) | Start: 2024-12-10 10:55:00 ---
    RMSE omega: nan | RMSE theta: nan | Loss: 955.3547 | Epoch: 47
    Eq theta: 1.00000omega
    Eq omega: nan1 + nantheta + nanomega + nantheta^2 + nantheta omega + nanomega^2

--- Chunk 31892 (213/220) | Start: 2024-12-10 11:00:00 ---
    RMSE omega: nan | RMSE theta: nan | Loss: 2871.7261 | Epoch: 28
    Eq theta: 1.00000omega
    Eq omega: nan1 + nantheta + nanomega + nantheta^2 + nantheta omega + nanomega^2

--- Chunk 31893 (214/220) | Start: 2024-12-10 11:05:00 ---
    RMSE omega: 0.004581 | RMSE theta: 0.070277 | Loss: 3.2376 | Epoch: 1817
    Eq theta: 1.00000omega
    Eq omega: -0.004621 + 0.00059theta + 0.00004omega + 0.00009theta^2 + -0.00004theta omega + -0.00053omega^2

--- Chunk 31894 (215/220) | Start: 2024-12-10 11:10:00 ---
    RMSE omega: 0.021111 | RMSE theta: 0.368451 | Loss: -30834.0840 | Epoch: 739
    Eq theta: 1.00000omega
    Eq omega: -0.001281 + 0.00212theta + 0.01071omega + 0.00015theta^2 + 0.00016theta omega + 0.00050omega^2

--- Chunk 31895 (216/220) | Start: 2024-12-10 11:15:00 ---
    RMSE omega: 0.031403 | RMSE theta: 0.872888 | Loss: 319.5279 | Epoch: 80
    Eq theta: 1.00000omega
    Eq omega: 0.003631 + -0.00046theta + 0.01470omega + 0.00019theta^2 + 0.00012theta omega + 0.00108omega^2

--- Chunk 31896 (217/220) | Start: 2024-12-10 11:20:00 ---
    RMSE omega: 0.030982 | RMSE theta: 0.649438 | Loss: 520.9395 | Epoch: 38
    Eq theta: 1.00000omega
    Eq omega: -0.000241 + -0.00020theta + 0.00102omega + -0.00001theta^2 + -0.00009theta omega + -0.00005omega^2

--- Chunk 31897 (218/220) | Start: 2024-12-10 11:25:00 ---
    RMSE omega: nan | RMSE theta: nan | Loss: 15920.4150 | Epoch: 16
    Eq theta: 1.00000omega
    Eq omega: nan1 + nantheta + nanomega + nantheta^2 + nantheta omega + nanomega^2

--- Chunk 31898 (219/220) | Start: 2024-12-10 11:30:00 ---
    RMSE omega: 0.005958 | RMSE theta: 0.193053 | Loss: 12.8383 | Epoch: 2888
    Eq theta: 1.00000omega
    Eq omega: 0.001021 + -0.00007theta + -0.00067omega + -0.00000theta^2 + 0.00005theta omega + 0.00005omega^2

--- Chunk 31899 (220/220) | Start: 2024-12-10 11:35:00 ---
    RMSE omega: 0.004965 | RMSE theta: 0.253247 | Loss: -273.7293 | Epoch: 2449
    Eq theta: 1.00000omega
    Eq omega: -0.001381 + -0.00001theta + -0.00136omega + -0.00006theta^2 + 0.00001theta omega + -0.00001omega^2

  [Progress 220/220] Mean RMSE omega: 0.019987 | Mean loss: -6016661640922287902094031585280.0000 | Valid: 161/220 | Elapsed: 89.5min | ETA: 0.0min

============================================================
EVALUATION COMPLETE — Chunks [31680, 31899]
============================================================
Chunks processed: 220
Chunks succeeded: 161 (73.2%)
Mean RMSE omega:  0.019987 ± 0.045122
Mean RMSE theta:  0.496656 ± 1.250386
Mean RMSE total:  0.351574
Mean Loss:        -6016661640922287902094031585280.0000 ± 87927976304982998196879196422144.0000
Elapsed time:     89.5 minutes

Per-chunk CSV: /pfs/data6/home/ka/ka_iai/ka_bj2362/dsr/svise/results_5min_all_chunks/run_SLURM_3708675/chunks_31680_to_31899_20260320_062018.csv
Summary JSON:  /pfs/data6/home/ka/ka_iai/ka_bj2362/dsr/svise/results_5min_all_chunks/run_SLURM_3708675/summary_31680_to_31899_20260320_062018.json
============================================================

============================= JOB FEEDBACK =============================

NodeName=uc3n052
Job ID: 3709242
Array Job ID: 3708675_144
Cluster: uc3
User/Group: ka_bj2362/ka_iai
State: COMPLETED (exit code 0)
Nodes: 1
Cores per node: 4
CPU Utilized: 01:28:53
CPU Efficiency: 24.70% of 05:59:52 core-walltime
Job Wall-clock time: 01:29:58
Memory Utilized: 3.21 GB
Memory Efficiency: 26.77% of 12.00 GB (12.00 GB/node)
