Array task 139: processing chunks 30580 to 30799
Loading data from /pfs/data6/home/ka/ka_iai/ka_bj2362/dsr/svise/../dataset/South_Korea_2024-08-15_2025-08-31_1s.parquet...
Finding all valid 5-minute chunks in the dataset...
Found 107059 valid 5-minute chunks in total.

============================================================
SVISE FINAL EVALUATION — ALL CHUNKS
============================================================
Hyperparameters: {
  "model": "integrator",
  "sigma": 0,
  "degree": 2,
  "tau": 1e-05,
  "lr": 0.1,
  "n_tau": 100,
  "measurement_noise": 0.001,
  "n_reparam_samples": 15
}
Total valid chunks in dataset: 107059
Processing chunk range: [30580, 30799] (220 chunks)
Early stopping: patience=300, max_epochs=10000
============================================================


--- Chunk 30580 (1/220) | Start: 2024-12-04 09:45:00 ---
/pfs/data6/home/ka/ka_iai/ka_bj2362/dsr/svise/svise/sde_learning/_marginal_sde.py:284: UserWarning: torch.triangular_solve is deprecated in favor of torch.linalg.solve_triangularand will be removed in a future PyTorch release.
torch.linalg.solve_triangular has its arguments reversed and does not return a copy of one of the inputs.
X = torch.triangular_solve(B, A).solution
should be replaced with
X = torch.linalg.solve_triangular(A, B). (Triggered internally at ../aten/src/ATen/native/BatchLinearAlgebra.cpp:2192.)
  return torch.triangular_solve(self.raw_w, self.C.t()).solution
/pfs/data6/home/ka/ka_iai/ka_bj2362/dsr/svise/svise/quadrature/_unbiased_quadrature.py:196: UserWarning: Interp is nan, reducing interp degree.
  warnings.warn("Interp is nan, reducing interp degree.")
/pfs/data6/home/ka/ka_iai/ka_bj2362/dsr/svise/svise/quadrature/_unbiased_quadrature.py:174: UserWarning: NaN detected in fxq (quadrature node evaluations). Clamping to 0.
  warnings.warn("NaN detected in fxq (quadrature node evaluations). Clamping to 0.")
/pfs/data6/home/ka/ka_iai/ka_bj2362/dsr/svise/svise/quadrature/_unbiased_quadrature.py:177: UserWarning: NaN detected in fmc (Monte-Carlo node evaluations). Clamping to 0.
  warnings.warn("NaN detected in fmc (Monte-Carlo node evaluations). Clamping to 0.")
    RMSE omega: nan | RMSE theta: nan | Loss: 10385.3613 | Epoch: 21
    Eq theta: 1.00000omega
    Eq omega: nan1 + nantheta + nanomega + nantheta^2 + nantheta omega + nanomega^2

--- Chunk 30581 (2/220) | Start: 2024-12-04 09:50:00 ---
    RMSE omega: 0.005496 | RMSE theta: 0.225866 | Loss: 20.0701 | Epoch: 2970
    Eq theta: 1.00000omega
    Eq omega: 0.001411 + -0.00006theta + 0.00146omega + 0.00000theta^2 + 0.00000theta omega + -0.00039omega^2

--- Chunk 30582 (3/220) | Start: 2024-12-04 09:55:00 ---
    RMSE omega: 0.024672 | RMSE theta: 0.371989 | Loss: 213.6009 | Epoch: 783
    Eq theta: 1.00000omega
    Eq omega: -0.002371 + -0.02011theta + -0.04133omega + -0.00013theta^2 + -0.00039theta omega + -0.00024omega^2

--- Chunk 30583 (4/220) | Start: 2024-12-04 10:00:00 ---
    RMSE omega: 0.003621 | RMSE theta: 0.047681 | Loss: 0.0862 | Epoch: 1116
    Eq theta: 1.00000omega
    Eq omega: 0.000291 + 0.00004theta + 0.00218omega + 0.00010theta^2 + -0.00063theta omega + -0.00084omega^2

--- Chunk 30584 (5/220) | Start: 2024-12-04 10:05:00 ---
    RMSE omega: 0.004646 | RMSE theta: 0.115051 | Loss: -1427838208.0000 | Epoch: 1982
    Eq theta: 1.00000omega
    Eq omega: 0.003091 + -0.00183theta + -0.00043omega + 0.00006theta^2 + -0.00010theta omega + -0.00036omega^2

--- Chunk 30585 (6/220) | Start: 2024-12-04 10:10:00 ---
    RMSE omega: 0.003373 | RMSE theta: 0.041722 | Loss: -1.5471 | Epoch: 1866
    Eq theta: 1.00000omega
    Eq omega: 0.000531 + -0.00001theta + 0.00077omega + -0.00009theta^2 + -0.00008theta omega + -0.00011omega^2

--- Chunk 30586 (7/220) | Start: 2024-12-04 10:15:00 ---
    RMSE omega: 0.014872 | RMSE theta: 0.076585 | Loss: -42.1141 | Epoch: 1047
    Eq theta: 1.00000omega
    Eq omega: -0.001271 + -0.02426theta + 0.00138omega + -0.00165theta^2 + 0.00083theta omega + -0.00083omega^2

--- Chunk 30587 (8/220) | Start: 2024-12-04 10:20:00 ---
    RMSE omega: 0.003997 | RMSE theta: 0.050245 | Loss: -1.8377 | Epoch: 1310
    Eq theta: 1.00000omega
    Eq omega: -0.001171 + -0.00119theta + -0.00051omega + 0.00005theta^2 + -0.00143theta omega + -0.00104omega^2

--- Chunk 30588 (9/220) | Start: 2024-12-04 10:25:00 ---
    RMSE omega: 0.003772 | RMSE theta: 0.039545 | Loss: -1.9021 | Epoch: 1121
    Eq theta: 1.00000omega
    Eq omega: 0.007151 + -1.10656theta + 0.00124omega + -0.00289theta^2 + -0.58712theta omega + 0.02385omega^2

--- Chunk 30589 (10/220) | Start: 2024-12-04 10:30:00 ---
    RMSE omega: 0.012036 | RMSE theta: 0.214462 | Loss: -84780.1250 | Epoch: 1936
    Eq theta: 1.00000omega
    Eq omega: -0.011321 + -1.02885theta + -0.01339omega + -0.12146theta^2 + 0.05419theta omega + 0.00042omega^2

--- Chunk 30590 (11/220) | Start: 2024-12-04 10:35:00 ---
    RMSE omega: 0.006773 | RMSE theta: 0.148163 | Loss: -3.6964 | Epoch: 2935
    Eq theta: 1.00000omega
    Eq omega: 0.008141 + 0.00022theta + 0.00172omega + -0.00026theta^2 + 0.00016theta omega + 0.00073omega^2

--- Chunk 30591 (12/220) | Start: 2024-12-04 10:40:00 ---
    RMSE omega: 0.010447 | RMSE theta: 0.415944 | Loss: -327140.0312 | Epoch: 1132
    Eq theta: 1.00000omega
    Eq omega: 1.977421 + -0.01270theta + -0.01438omega + 0.00197theta^2 + -0.00565theta omega + 0.00927omega^2

--- Chunk 30592 (13/220) | Start: 2024-12-04 10:45:00 ---
    RMSE omega: 0.021495 | RMSE theta: 0.182890 | Loss: 101.3257 | Epoch: 102
    Eq theta: 1.00000omega
    Eq omega: -0.001331 + -0.00233theta + 0.00211omega + 0.00108theta^2 + 0.00574theta omega + 0.00240omega^2

--- Chunk 30593 (14/220) | Start: 2024-12-04 10:50:00 ---
    RMSE omega: 0.005965 | RMSE theta: 0.172369 | Loss: 5.6698 | Epoch: 1515
    Eq theta: 1.00000omega
    Eq omega: -0.002101 + 0.00040theta + -0.00157omega + 0.00003theta^2 + 0.00009theta omega + 0.00065omega^2

--- Chunk 30594 (15/220) | Start: 2024-12-04 10:55:00 ---
    RMSE omega: 0.003576 | RMSE theta: 0.088301 | Loss: 0.0521 | Epoch: 2016
    Eq theta: 1.00000omega
    Eq omega: -0.006741 + 0.00104theta + -0.00341omega + -0.00013theta^2 + 0.00397theta omega + -0.00158omega^2

--- Chunk 30595 (16/220) | Start: 2024-12-04 11:00:00 ---
    RMSE omega: 0.004041 | RMSE theta: 0.091463 | Loss: -2.4881 | Epoch: 1319
    Eq theta: 1.00000omega
    Eq omega: -0.000441 + -0.00178theta + -0.00306omega + 0.00013theta^2 + -0.00081theta omega + 0.00483omega^2

--- Chunk 30596 (17/220) | Start: 2024-12-04 11:05:00 ---
    RMSE omega: 0.024694 | RMSE theta: 0.782481 | Loss: -2173.7551 | Epoch: 462
    Eq theta: 1.00000omega
    Eq omega: 0.000141 + -0.00003theta + 0.00120omega + 0.00000theta^2 + -0.00002theta omega + 0.00003omega^2

--- Chunk 30597 (18/220) | Start: 2024-12-04 11:10:00 ---
    RMSE omega: 0.005371 | RMSE theta: 0.097718 | Loss: 9.0481 | Epoch: 1995
    Eq theta: 1.00000omega
    Eq omega: 0.002731 + -0.00015theta + 0.00078omega + -0.00008theta^2 + -0.00009theta omega + -0.00024omega^2

--- Chunk 30598 (19/220) | Start: 2024-12-04 11:15:00 ---
    RMSE omega: 0.019103 | RMSE theta: 0.281355 | Loss: 196.2658 | Epoch: 171
    Eq theta: 1.00000omega
    Eq omega: -0.001131 + 0.00036theta + -0.00268omega + 0.00000theta^2 + -0.00001theta omega + -0.00015omega^2

--- Chunk 30599 (20/220) | Start: 2024-12-04 11:20:00 ---
    RMSE omega: 0.029154 | RMSE theta: 0.398349 | Loss: 262.3314 | Epoch: 99
    Eq theta: 1.00000omega
    Eq omega: 0.003651 + -0.00015theta + -0.00059omega + 0.00018theta^2 + 0.00002theta omega + 0.00005omega^2

--- Chunk 30600 (21/220) | Start: 2024-12-04 11:25:00 ---
    RMSE omega: 0.009287 | RMSE theta: 0.047419 | Loss: -56273524.0000 | Epoch: 2032
    Eq theta: 1.00000omega
    Eq omega: 0.000741 + 0.00098theta + -0.00078omega + -0.00003theta^2 + -0.00024theta omega + 0.00034omega^2

--- Chunk 30601 (22/220) | Start: 2024-12-04 11:30:00 ---
    RMSE omega: 0.041842 | RMSE theta: 0.789371 | Loss: 146.1742 | Epoch: 45
    Eq theta: 1.00000omega
    Eq omega: -0.000161 + -0.00726theta + -0.00362omega + 0.00080theta^2 + -0.00056theta omega + -0.00131omega^2

--- Chunk 30602 (23/220) | Start: 2024-12-04 11:35:00 ---
    RMSE omega: nan | RMSE theta: nan | Loss: 177.8973 | Epoch: 377
    Eq theta: 1.00000omega
    Eq omega: nan1 + nantheta + nanomega + nantheta^2 + nantheta omega + nanomega^2

--- Chunk 30603 (24/220) | Start: 2024-12-04 11:40:00 ---
    RMSE omega: 0.036800 | RMSE theta: 1.368154 | Loss: 996.1499 | Epoch: 40
    Eq theta: 1.00000omega
    Eq omega: -0.009161 + 0.00016theta + -0.00395omega + -0.00003theta^2 + -0.00001theta omega + -0.00108omega^2

--- Chunk 30604 (25/220) | Start: 2024-12-04 11:45:00 ---
    RMSE omega: 0.008423 | RMSE theta: 0.207334 | Loss: 19.6999 | Epoch: 2765
    Eq theta: 1.00000omega
    Eq omega: -0.007371 + -0.00019theta + -0.00155omega + -0.00001theta^2 + 0.00006theta omega + -0.00054omega^2

--- Chunk 30605 (26/220) | Start: 2024-12-04 11:50:00 ---
    RMSE omega: 0.005882 | RMSE theta: 0.298213 | Loss: -51251.7344 | Epoch: 2203
    Eq theta: 1.00000omega
    Eq omega: 0.000041 + 0.00105theta + -0.00037omega + 0.00009theta^2 + 0.00003theta omega + 0.00076omega^2

--- Chunk 30606 (27/220) | Start: 2024-12-04 11:55:00 ---
    RMSE omega: 0.005855 | RMSE theta: 0.268392 | Loss: -0.9877 | Epoch: 2057
    Eq theta: 1.00000omega
    Eq omega: -0.002521 + -0.00056theta + -0.00153omega + 0.00004theta^2 + 0.00025theta omega + -0.00195omega^2

--- Chunk 30607 (28/220) | Start: 2024-12-04 12:00:00 ---
    RMSE omega: nan | RMSE theta: nan | Loss: 748.1176 | Epoch: 23
    Eq theta: 1.00000omega
    Eq omega: nan1 + nantheta + nanomega + nantheta^2 + nantheta omega + nanomega^2

--- Chunk 30608 (29/220) | Start: 2024-12-04 12:05:00 ---
    RMSE omega: 0.009223 | RMSE theta: 0.613971 | Loss: -665811328.0000 | Epoch: 1762
    Eq theta: 1.00000omega
    Eq omega: 0.005521 + -0.00238theta + -0.00069omega + 0.00044theta^2 + 0.00003theta omega + -0.00079omega^2

--- Chunk 30609 (30/220) | Start: 2024-12-04 12:10:00 ---
    RMSE omega: 0.006881 | RMSE theta: 0.501209 | Loss: -18823.7871 | Epoch: 2702
    Eq theta: 1.00000omega
    Eq omega: -0.004211 + -0.00020theta + 0.00338omega + 0.00051theta^2 + 0.00009theta omega + -0.00065omega^2

--- Chunk 30610 (31/220) | Start: 2024-12-04 12:15:00 ---
    RMSE omega: 0.006117 | RMSE theta: 0.221636 | Loss: -2.3602 | Epoch: 1623
    Eq theta: 1.00000omega
    Eq omega: 0.002481 + -0.00127theta + 0.00208omega + -0.00080theta^2 + 0.00210theta omega + 0.00025omega^2

--- Chunk 30611 (32/220) | Start: 2024-12-04 12:20:00 ---
    RMSE omega: 0.004895 | RMSE theta: 0.144280 | Loss: 5.3322 | Epoch: 3043
    Eq theta: 1.00000omega
    Eq omega: -0.003931 + 0.00029theta + 0.00215omega + -0.00030theta^2 + -0.00007theta omega + -0.00000omega^2

--- Chunk 30612 (33/220) | Start: 2024-12-04 12:25:00 ---
    RMSE omega: 0.043655 | RMSE theta: 0.914381 | Loss: -722435.8750 | Epoch: 468
    Eq theta: 1.00000omega
    Eq omega: 0.001551 + -0.00726theta + -0.00788omega + 0.00264theta^2 + -0.00242theta omega + -0.00045omega^2

--- Chunk 30613 (34/220) | Start: 2024-12-04 12:30:00 ---
    RMSE omega: 0.007061 | RMSE theta: 0.316736 | Loss: -7639891996352501828812800.0000 | Epoch: 2475
    Eq theta: 1.00000omega
    Eq omega: -0.004281 + -0.38578theta + 0.01007omega + -0.00460theta^2 + 0.00421theta omega + -0.00395omega^2

--- Chunk 30614 (35/220) | Start: 2024-12-04 12:35:00 ---
    RMSE omega: 0.004228 | RMSE theta: 0.065922 | Loss: 0.8515 | Epoch: 1332
    Eq theta: 1.00000omega
    Eq omega: 0.011021 + 0.00345theta + 0.00121omega + 0.00108theta^2 + 0.00112theta omega + -0.00406omega^2

--- Chunk 30615 (36/220) | Start: 2024-12-04 12:40:00 ---
    RMSE omega: 0.005268 | RMSE theta: 0.272158 | Loss: -0.3977 | Epoch: 1233
    Eq theta: 1.00000omega
    Eq omega: -0.001571 + -0.00095theta + 0.00735omega + -0.00001theta^2 + -0.00134theta omega + -0.00048omega^2

--- Chunk 30616 (37/220) | Start: 2024-12-04 12:45:00 ---
    RMSE omega: 0.004346 | RMSE theta: 0.067536 | Loss: -121.1537 | Epoch: 2103
    Eq theta: 1.00000omega
    Eq omega: 0.000441 + 0.00003theta + -0.00095omega + -0.00027theta^2 + 0.00011theta omega + 0.00251omega^2

--- Chunk 30617 (38/220) | Start: 2024-12-04 12:50:00 ---
    RMSE omega: nan | RMSE theta: nan | Loss: 79.8935 | Epoch: 64
    Eq theta: 1.00000omega
    Eq omega: nan1 + nantheta + nanomega + nantheta^2 + nantheta omega + nanomega^2

--- Chunk 30618 (39/220) | Start: 2024-12-04 12:55:00 ---
    RMSE omega: 0.004449 | RMSE theta: 0.025543 | Loss: -0.9498 | Epoch: 2193
    Eq theta: 1.00000omega
    Eq omega: -0.002771 + -0.00017theta + -0.00260omega + -0.00015theta^2 + -0.00145theta omega + 0.00031omega^2

--- Chunk 30619 (40/220) | Start: 2024-12-04 13:00:00 ---
    RMSE omega: 0.038366 | RMSE theta: 0.520031 | Loss: -99698.4297 | Epoch: 539
    Eq theta: 1.00000omega
    Eq omega: -0.002031 + -0.03481theta + 0.04950omega + 0.00086theta^2 + 0.00161theta omega + -0.00553omega^2

--- Chunk 30620 (41/220) | Start: 2024-12-04 13:05:00 ---
    RMSE omega: nan | RMSE theta: nan | Loss: 461.8274 | Epoch: 78
    Eq theta: 1.00000omega
    Eq omega: nan1 + nantheta + nanomega + nantheta^2 + nantheta omega + nanomega^2

--- Chunk 30621 (42/220) | Start: 2024-12-04 13:10:00 ---
    RMSE omega: 0.013580 | RMSE theta: 1.135688 | Loss: -9982228561920.0000 | Epoch: 2949
    Eq theta: 1.00000omega
    Eq omega: -0.000501 + -0.00029theta + 0.00527omega + 0.00001theta^2 + 0.00007theta omega + 0.00202omega^2

--- Chunk 30622 (43/220) | Start: 2024-12-04 13:15:00 ---
    RMSE omega: 0.004704 | RMSE theta: 0.057054 | Loss: 0.0422 | Epoch: 1336
    Eq theta: 1.00000omega
    Eq omega: -0.000951 + -0.64264theta + 0.01399omega + -0.00071theta^2 + -0.00734theta omega + 0.00128omega^2

--- Chunk 30623 (44/220) | Start: 2024-12-04 13:20:00 ---
    RMSE omega: 0.039149 | RMSE theta: 0.402809 | Loss: 116.2510 | Epoch: 40
    Eq theta: 1.00000omega
    Eq omega: 0.017501 + -0.00781theta + -0.00397omega + -0.00033theta^2 + 0.00004theta omega + -0.00403omega^2

--- Chunk 30624 (45/220) | Start: 2024-12-04 13:25:00 ---
    RMSE omega: nan | RMSE theta: nan | Loss: 587.9866 | Epoch: 24
    Eq theta: 1.00000omega
    Eq omega: nan1 + nantheta + nanomega + nantheta^2 + nantheta omega + nanomega^2

--- Chunk 30625 (46/220) | Start: 2024-12-04 13:30:00 ---
    RMSE omega: 0.006429 | RMSE theta: 0.621442 | Loss: -7720704362886056640512.0000 | Epoch: 2961
    Eq theta: 1.00000omega
    Eq omega: -0.001521 + -0.00019theta + -0.00346omega + -0.00003theta^2 + 0.00009theta omega + -0.00085omega^2

--- Chunk 30626 (47/220) | Start: 2024-12-04 13:35:00 ---
    RMSE omega: 0.009145 | RMSE theta: 0.318915 | Loss: -0.2762 | Epoch: 1349
    Eq theta: 1.00000omega
    Eq omega: 0.003421 + -0.00057theta + 0.00015omega + 0.00030theta^2 + -0.00015theta omega + -0.00108omega^2

--- Chunk 30627 (48/220) | Start: 2024-12-04 13:40:00 ---
    RMSE omega: nan | RMSE theta: nan | Loss: 20.3206 | Epoch: 80
    Eq theta: 1.00000omega
    Eq omega: nan1 + nantheta + nanomega + nantheta^2 + nantheta omega + nanomega^2

--- Chunk 30628 (49/220) | Start: 2024-12-04 13:45:00 ---
    RMSE omega: 0.008804 | RMSE theta: 0.790716 | Loss: -5144744.0000 | Epoch: 1543
    Eq theta: 1.00000omega
    Eq omega: -0.000201 + -0.00005theta + 0.00176omega + -0.00004theta^2 + -0.00038theta omega + -0.00044omega^2

--- Chunk 30629 (50/220) | Start: 2024-12-04 13:50:00 ---
    RMSE omega: 0.003821 | RMSE theta: 0.066673 | Loss: 1.3796 | Epoch: 1749
    Eq theta: 1.00000omega
    Eq omega: 0.042721 + -0.00468theta + -0.00413omega + 0.00010theta^2 + 0.00671theta omega + -0.00182omega^2

  [Progress 50/220] Mean RMSE omega: 0.012449 | Mean loss: -152952254014507462950912.0000 | Valid: 43/50 | Elapsed: 25.3min | ETA: 86.0min

--- Chunk 30630 (51/220) | Start: 2024-12-04 13:55:00 ---
    RMSE omega: 0.005474 | RMSE theta: 0.134282 | Loss: -4.0960 | Epoch: 1202
    Eq theta: 1.00000omega
    Eq omega: -0.001221 + -0.00501theta + -0.00034omega + 0.00385theta^2 + -0.00051theta omega + -0.00154omega^2

--- Chunk 30631 (52/220) | Start: 2024-12-04 14:00:00 ---
    RMSE omega: 0.005199 | RMSE theta: 0.188218 | Loss: -1.2337 | Epoch: 2437
    Eq theta: 1.00000omega
    Eq omega: -0.005331 + 0.00019theta + -0.00129omega + -0.00002theta^2 + -0.00067theta omega + -0.00052omega^2

--- Chunk 30632 (53/220) | Start: 2024-12-04 14:05:00 ---
    RMSE omega: nan | RMSE theta: nan | Loss: 244.3813 | Epoch: 44
    Eq theta: 1.00000omega
    Eq omega: nan1 + nantheta + nanomega + nantheta^2 + nantheta omega + nanomega^2

--- Chunk 30633 (54/220) | Start: 2024-12-04 14:10:00 ---
    RMSE omega: 0.007763 | RMSE theta: 0.047921 | Loss: 11.5862 | Epoch: 4019
    Eq theta: 1.00000omega
    Eq omega: -0.009201 + 0.00008theta + 0.00379omega + 0.00002theta^2 + 0.00001theta omega + 0.00007omega^2

--- Chunk 30634 (55/220) | Start: 2024-12-04 14:15:00 ---
    RMSE omega: 0.041665 | RMSE theta: 0.691296 | Loss: 390.1594 | Epoch: 96
    Eq theta: 1.00000omega
    Eq omega: -0.000691 + -0.00021theta + 0.00026omega + -0.00002theta^2 + -0.00001theta omega + -0.00031omega^2

--- Chunk 30635 (56/220) | Start: 2024-12-04 14:20:00 ---
    RMSE omega: 0.015297 | RMSE theta: 0.630308 | Loss: -8013.8794 | Epoch: 1629
    Eq theta: 1.00000omega
    Eq omega: -0.003131 + 0.00004theta + -0.00105omega + -0.00001theta^2 + 0.00000theta omega + 0.00002omega^2

--- Chunk 30636 (57/220) | Start: 2024-12-04 14:25:00 ---
    RMSE omega: 0.004750 | RMSE theta: 0.044397 | Loss: -0.8197 | Epoch: 971
    Eq theta: 1.00000omega
    Eq omega: -0.000411 + -0.00138theta + -0.00014omega + -0.00036theta^2 + -0.00059theta omega + 0.00055omega^2

--- Chunk 30637 (58/220) | Start: 2024-12-04 14:30:00 ---
    RMSE omega: nan | RMSE theta: nan | Loss: 167.7461 | Epoch: 44
    Eq theta: 1.00000omega
    Eq omega: nan1 + nantheta + nanomega + nantheta^2 + nantheta omega + nanomega^2

--- Chunk 30638 (59/220) | Start: 2024-12-04 14:35:00 ---
    RMSE omega: 0.008738 | RMSE theta: 0.592566 | Loss: -14129.2549 | Epoch: 2284
    Eq theta: 1.00000omega
    Eq omega: 0.000201 + 0.00119theta + 0.00848omega + -0.00007theta^2 + -0.00031theta omega + 0.00019omega^2

--- Chunk 30639 (60/220) | Start: 2024-12-04 14:40:00 ---
    RMSE omega: nan | RMSE theta: nan | Loss: 3034.0461 | Epoch: 27
    Eq theta: 1.00000omega
    Eq omega: nan1 + nantheta + nanomega + nantheta^2 + nantheta omega + nanomega^2

--- Chunk 30640 (61/220) | Start: 2024-12-04 14:45:00 ---
    RMSE omega: 0.004041 | RMSE theta: 0.039636 | Loss: 0.2381 | Epoch: 802
    Eq theta: 1.00000omega
    Eq omega: -0.003551 + -1.02402theta + -0.00245omega + -0.00585theta^2 + 0.02305theta omega + -0.00161omega^2

--- Chunk 30641 (62/220) | Start: 2024-12-04 14:50:00 ---
    RMSE omega: 0.004887 | RMSE theta: 0.121394 | Loss: -1.1529 | Epoch: 1427
    Eq theta: 1.00000omega
    Eq omega: 0.001031 + -0.00155theta + 0.00163omega + 0.00014theta^2 + 0.00015theta omega + 0.00168omega^2

--- Chunk 30642 (63/220) | Start: 2024-12-04 14:55:00 ---
    RMSE omega: nan | RMSE theta: nan | Loss: 3968.6714 | Epoch: 53
    Eq theta: 1.00000omega
    Eq omega: nan1 + nantheta + nanomega + nantheta^2 + nantheta omega + nanomega^2

--- Chunk 30643 (64/220) | Start: 2024-12-04 15:00:00 ---
    RMSE omega: 0.003990 | RMSE theta: 0.060727 | Loss: -2.0891 | Epoch: 1724
    Eq theta: 1.00000omega
    Eq omega: -0.220211 + -0.19419theta + -1.37955omega + 0.00216theta^2 + 0.37573theta omega + -0.01377omega^2

--- Chunk 30644 (65/220) | Start: 2024-12-04 15:05:00 ---
    RMSE omega: 0.004950 | RMSE theta: 0.071004 | Loss: -2.1663 | Epoch: 1225
    Eq theta: 1.00000omega
    Eq omega: 0.004651 + -0.01817theta + 0.00094omega + 0.00158theta^2 + -0.00069theta omega + -0.00608omega^2

--- Chunk 30645 (66/220) | Start: 2024-12-04 15:10:00 ---
    RMSE omega: 0.029351 | RMSE theta: 0.718822 | Loss: 248.6874 | Epoch: 295
    Eq theta: 1.00000omega
    Eq omega: -0.006421 + 0.00002theta + -0.00229omega + 0.00001theta^2 + -0.00004theta omega + -0.00065omega^2

--- Chunk 30646 (67/220) | Start: 2024-12-04 15:15:00 ---
    RMSE omega: 0.036619 | RMSE theta: 0.442645 | Loss: 313.9347 | Epoch: 90
    Eq theta: 1.00000omega
    Eq omega: 0.003361 + -0.01515theta + 0.01002omega + 0.00002theta^2 + -0.00045theta omega + 0.00167omega^2

--- Chunk 30647 (68/220) | Start: 2024-12-04 15:20:00 ---
    RMSE omega: 0.029413 | RMSE theta: 0.252777 | Loss: 135.8940 | Epoch: 365
    Eq theta: 1.00000omega
    Eq omega: -0.000581 + 0.00058theta + 0.00616omega + 0.00011theta^2 + -0.00002theta omega + -0.00648omega^2

--- Chunk 30648 (69/220) | Start: 2024-12-04 15:25:00 ---
    RMSE omega: 0.033014 | RMSE theta: 0.550522 | Loss: -690.2146 | Epoch: 366
    Eq theta: 1.00000omega
    Eq omega: -0.002041 + -0.00158theta + 0.00154omega + -0.00008theta^2 + -0.00096theta omega + -0.00132omega^2

--- Chunk 30649 (70/220) | Start: 2024-12-04 15:30:00 ---
    RMSE omega: 0.005577 | RMSE theta: 0.052158 | Loss: 0.4914 | Epoch: 1575
    Eq theta: 1.00000omega
    Eq omega: -0.000181 + 0.00103theta + -0.00082omega + 0.00004theta^2 + -0.00113theta omega + 0.00239omega^2

--- Chunk 30650 (71/220) | Start: 2024-12-04 15:35:00 ---
    RMSE omega: nan | RMSE theta: nan | Loss: 97.9800 | Epoch: 95
    Eq theta: 1.00000omega
    Eq omega: nan1 + nantheta + nanomega + nantheta^2 + nantheta omega + nanomega^2

--- Chunk 30651 (72/220) | Start: 2024-12-04 15:40:00 ---
    RMSE omega: nan | RMSE theta: nan | Loss: 460.3612 | Epoch: 21
    Eq theta: 1.00000omega
    Eq omega: nan1 + nantheta + nanomega + nantheta^2 + nantheta omega + nanomega^2

--- Chunk 30652 (73/220) | Start: 2024-12-04 15:45:00 ---
    RMSE omega: 0.004885 | RMSE theta: 0.138492 | Loss: 0.0308 | Epoch: 1818
    Eq theta: 1.00000omega
    Eq omega: -0.001741 + -0.00030theta + 0.00070omega + 0.00033theta^2 + 0.00048theta omega + -0.00000omega^2

--- Chunk 30653 (74/220) | Start: 2024-12-04 15:50:00 ---
    RMSE omega: 0.005532 | RMSE theta: 0.213670 | Loss: 0.1731 | Epoch: 2061
    Eq theta: 1.00000omega
    Eq omega: 0.000531 + 0.00151theta + -0.00233omega + -0.00009theta^2 + 0.00109theta omega + -0.00194omega^2

--- Chunk 30654 (75/220) | Start: 2024-12-04 15:55:00 ---
    RMSE omega: 0.029711 | RMSE theta: 0.461710 | Loss: 240.6398 | Epoch: 356
    Eq theta: 1.00000omega
    Eq omega: 0.001231 + 0.00394theta + 0.09477omega + -0.00212theta^2 + 0.00028theta omega + -0.00030omega^2

--- Chunk 30655 (76/220) | Start: 2024-12-04 16:00:00 ---
    RMSE omega: 0.005346 | RMSE theta: 0.122286 | Loss: -2.3053 | Epoch: 1506
    Eq theta: 1.00000omega
    Eq omega: 0.006851 + 0.00007theta + 0.00271omega + 0.00180theta^2 + 0.00258theta omega + -0.00235omega^2

--- Chunk 30656 (77/220) | Start: 2024-12-04 16:05:00 ---
    RMSE omega: 0.007653 | RMSE theta: 0.430906 | Loss: -40945.8359 | Epoch: 2120
    Eq theta: 1.00000omega
    Eq omega: 0.000291 + -0.00046theta + -0.00044omega + 0.00013theta^2 + -0.00041theta omega + 0.00019omega^2

--- Chunk 30657 (78/220) | Start: 2024-12-04 16:10:00 ---
    RMSE omega: 0.018572 | RMSE theta: 0.176510 | Loss: -1207.9785 | Epoch: 681
    Eq theta: 1.00000omega
    Eq omega: 0.000371 + 0.00262theta + -0.00028omega + -0.00017theta^2 + -0.00030theta omega + 0.00102omega^2

--- Chunk 30658 (79/220) | Start: 2024-12-04 16:20:00 ---
    RMSE omega: 0.030513 | RMSE theta: 0.572161 | Loss: 147.3531 | Epoch: 344
    Eq theta: 1.00000omega
    Eq omega: 0.000411 + 0.00011theta + 0.00121omega + 0.00007theta^2 + 0.00012theta omega + 0.00009omega^2

--- Chunk 30659 (80/220) | Start: 2024-12-04 16:25:00 ---
    RMSE omega: 0.017172 | RMSE theta: 0.406465 | Loss: 152.0190 | Epoch: 1229
    Eq theta: 1.00000omega
    Eq omega: -0.005011 + -0.02030theta + -0.00590omega + -0.00097theta^2 + 0.00008theta omega + 0.00091omega^2

--- Chunk 30660 (81/220) | Start: 2024-12-04 16:30:00 ---
    RMSE omega: 0.008924 | RMSE theta: 0.129365 | Loss: 1.2088 | Epoch: 410
    Eq theta: 1.00000omega
    Eq omega: 0.000291 + -0.22666theta + 0.00535omega + -0.00152theta^2 + -0.00084theta omega + 0.01041omega^2

--- Chunk 30661 (82/220) | Start: 2024-12-04 16:35:00 ---
    RMSE omega: 0.005419 | RMSE theta: 0.153949 | Loss: -3.5093 | Epoch: 1408
    Eq theta: 1.00000omega
    Eq omega: -0.005691 + -0.00276theta + -0.00011omega + -0.00451theta^2 + 0.00024theta omega + -0.00041omega^2

--- Chunk 30662 (83/220) | Start: 2024-12-04 16:40:00 ---
    RMSE omega: 0.005322 | RMSE theta: 0.148260 | Loss: -0.9963 | Epoch: 2608
    Eq theta: 1.00000omega
    Eq omega: -0.000681 + 0.00043theta + -0.00150omega + -0.00002theta^2 + -0.00026theta omega + 0.00026omega^2

--- Chunk 30663 (84/220) | Start: 2024-12-04 16:45:00 ---
    RMSE omega: 0.017697 | RMSE theta: 0.694715 | Loss: 128.3893 | Epoch: 1489
    Eq theta: 1.00000omega
    Eq omega: -0.015361 + 0.00141theta + -0.02584omega + 0.00114theta^2 + 0.00026theta omega + -0.00088omega^2

--- Chunk 30664 (85/220) | Start: 2024-12-04 16:50:00 ---
    RMSE omega: 0.034981 | RMSE theta: 1.870482 | Loss: 1436.1183 | Epoch: 39
    Eq theta: 1.00000omega
    Eq omega: 0.000061 + -0.00016theta + -0.00032omega + 0.00001theta^2 + 0.00001theta omega + 0.00011omega^2

--- Chunk 30665 (86/220) | Start: 2024-12-04 16:55:00 ---
    RMSE omega: 0.005588 | RMSE theta: 0.137246 | Loss: -492762.8438 | Epoch: 1860
    Eq theta: 1.00000omega
    Eq omega: -0.001921 + 0.00188theta + -0.00823omega + -0.00009theta^2 + -0.00043theta omega + -0.00170omega^2

--- Chunk 30666 (87/220) | Start: 2024-12-04 17:00:00 ---
    RMSE omega: 0.004596 | RMSE theta: 0.042589 | Loss: -0.8201 | Epoch: 2124
    Eq theta: 1.00000omega
    Eq omega: 0.004091 + -0.50274theta + -0.01732omega + -0.04517theta^2 + -0.02492theta omega + 0.00883omega^2

--- Chunk 30667 (88/220) | Start: 2024-12-04 17:05:00 ---
    RMSE omega: 0.005149 | RMSE theta: 0.118887 | Loss: 2.0995 | Epoch: 1551
    Eq theta: 1.00000omega
    Eq omega: -0.005251 + -0.00075theta + -0.00414omega + 0.00016theta^2 + 0.00002theta omega + -0.00151omega^2

--- Chunk 30668 (89/220) | Start: 2024-12-04 17:10:00 ---
    RMSE omega: 0.025453 | RMSE theta: 0.497076 | Loss: 70.2297 | Epoch: 479
    Eq theta: 1.00000omega
    Eq omega: -0.000721 + -0.00001theta + 0.00035omega + -0.00005theta^2 + 0.00009theta omega + 0.00004omega^2

--- Chunk 30669 (90/220) | Start: 2024-12-04 17:15:00 ---
    RMSE omega: 0.031532 | RMSE theta: 0.420037 | Loss: -1142.2261 | Epoch: 468
    Eq theta: 1.00000omega
    Eq omega: 0.000821 + -0.00079theta + 0.00069omega + 0.00021theta^2 + -0.00132theta omega + -0.00018omega^2

--- Chunk 30670 (91/220) | Start: 2024-12-04 17:20:00 ---
    RMSE omega: nan | RMSE theta: nan | Loss: 157.1792 | Epoch: 21
    Eq theta: 1.00000omega
    Eq omega: nan1 + nantheta + nanomega + nantheta^2 + nantheta omega + nanomega^2

--- Chunk 30671 (92/220) | Start: 2024-12-04 17:25:00 ---
    RMSE omega: 0.008432 | RMSE theta: 0.274677 | Loss: 0.8707 | Epoch: 2052
    Eq theta: 1.00000omega
    Eq omega: -0.024081 + -0.00128theta + 0.00039omega + 0.01889theta^2 + 0.00027theta omega + -0.00884omega^2

--- Chunk 30672 (93/220) | Start: 2024-12-04 17:30:00 ---
    RMSE omega: nan | RMSE theta: nan | Loss: 1146.1403 | Epoch: 39
    Eq theta: 1.00000omega
    Eq omega: nan1 + nantheta + nanomega + nantheta^2 + nantheta omega + nanomega^2

--- Chunk 30673 (94/220) | Start: 2024-12-04 17:35:00 ---
    RMSE omega: 0.007048 | RMSE theta: 0.239762 | Loss: 7.0976 | Epoch: 1349
    Eq theta: 1.00000omega
    Eq omega: -0.000191 + -0.00030theta + -0.00109omega + -0.00013theta^2 + 0.00003theta omega + 0.00010omega^2

--- Chunk 30674 (95/220) | Start: 2024-12-04 17:40:00 ---
    RMSE omega: 0.008489 | RMSE theta: 0.467843 | Loss: 11.0737 | Epoch: 2572
    Eq theta: 1.00000omega
    Eq omega: 0.002841 + 0.00023theta + -0.00114omega + 0.00005theta^2 + 0.00005theta omega + -0.00128omega^2

--- Chunk 30675 (96/220) | Start: 2024-12-04 17:45:00 ---
    RMSE omega: 0.005175 | RMSE theta: 0.137947 | Loss: -2.8430 | Epoch: 2204
    Eq theta: 1.00000omega
    Eq omega: 0.001531 + -0.00016theta + 0.00269omega + -0.00071theta^2 + -0.00010theta omega + 0.00230omega^2

--- Chunk 30676 (97/220) | Start: 2024-12-04 17:50:00 ---
    RMSE omega: 0.032363 | RMSE theta: 0.355404 | Loss: -1316.2651 | Epoch: 625
    Eq theta: 1.00000omega
    Eq omega: -0.004361 + -0.13900theta + 0.01198omega + -0.00753theta^2 + 0.00579theta omega + -0.00227omega^2

--- Chunk 30677 (98/220) | Start: 2024-12-04 17:55:00 ---
    RMSE omega: 0.007243 | RMSE theta: 0.240838 | Loss: -0.6965 | Epoch: 1750
    Eq theta: 1.00000omega
    Eq omega: -0.000951 + -0.00307theta + 0.00343omega + 0.00085theta^2 + 0.00015theta omega + 0.00020omega^2

--- Chunk 30678 (99/220) | Start: 2024-12-04 18:00:00 ---
    RMSE omega: 0.008382 | RMSE theta: 0.427656 | Loss: 12.1108 | Epoch: 2776
    Eq theta: 1.00000omega
    Eq omega: -0.000411 + -0.00136theta + -0.00432omega + -0.00355theta^2 + -0.00004theta omega + 0.00249omega^2

--- Chunk 30679 (100/220) | Start: 2024-12-04 18:05:00 ---
    RMSE omega: 0.014469 | RMSE theta: 0.514658 | Loss: -3657545520073326723072.0000 | Epoch: 1707
    Eq theta: 1.00000omega
    Eq omega: 0.001911 + 0.00041theta + -0.00214omega + -0.00023theta^2 + 0.00061theta omega + 0.00005omega^2

  [Progress 100/220] Mean RMSE omega: 0.013314 | Mean loss: -76512702462454466084864.0000 | Valid: 85/100 | Elapsed: 47.1min | ETA: 56.5min

--- Chunk 30680 (101/220) | Start: 2024-12-04 18:10:00 ---
    RMSE omega: 0.005645 | RMSE theta: 0.167261 | Loss: -0.8281 | Epoch: 2032
    Eq theta: 1.00000omega
    Eq omega: -0.000091 + -0.00053theta + -0.00026omega + 0.00014theta^2 + 0.00029theta omega + 0.00415omega^2

--- Chunk 30681 (102/220) | Start: 2024-12-04 18:15:00 ---
    RMSE omega: 0.016634 | RMSE theta: 0.418365 | Loss: 162.5812 | Epoch: 2219
    Eq theta: 1.00000omega
    Eq omega: -0.001281 + 0.00001theta + -0.00017omega + 0.00000theta^2 + 0.00001theta omega + -0.00013omega^2

--- Chunk 30682 (103/220) | Start: 2024-12-04 18:20:00 ---
    RMSE omega: nan | RMSE theta: nan | Loss: 40.9224 | Epoch: 64
    Eq theta: 1.00000omega
    Eq omega: nan1 + nantheta + nanomega + nantheta^2 + nantheta omega + nanomega^2

--- Chunk 30683 (104/220) | Start: 2024-12-04 18:25:00 ---
    RMSE omega: 0.005040 | RMSE theta: 0.028046 | Loss: -1.9022 | Epoch: 1913
    Eq theta: 1.00000omega
    Eq omega: 0.000781 + -1.75830theta + -0.00137omega + -0.01981theta^2 + 0.70979theta omega + 0.00995omega^2

--- Chunk 30684 (105/220) | Start: 2024-12-04 18:30:00 ---
    RMSE omega: 0.006807 | RMSE theta: 0.217197 | Loss: 0.3508 | Epoch: 2008
    Eq theta: 1.00000omega
    Eq omega: 0.009651 + -0.00615theta + 0.02096omega + 0.00157theta^2 + 0.00027theta omega + 0.01512omega^2

--- Chunk 30685 (106/220) | Start: 2024-12-04 18:35:00 ---
    RMSE omega: 0.003926 | RMSE theta: 0.027685 | Loss: -1.8882 | Epoch: 1213
    Eq theta: 1.00000omega
    Eq omega: 0.015761 + -1.94879theta + -0.08298omega + 1.44251theta^2 + -0.01668theta omega + 0.01023omega^2

--- Chunk 30686 (107/220) | Start: 2024-12-04 18:40:00 ---
    RMSE omega: 0.004166 | RMSE theta: 0.034828 | Loss: 0.6242 | Epoch: 1130
    Eq theta: 1.00000omega
    Eq omega: -0.001481 + 0.00131theta + 0.00015omega + 0.00001theta^2 + -0.00025theta omega + 0.00069omega^2

--- Chunk 30687 (108/220) | Start: 2024-12-04 18:45:00 ---
    RMSE omega: 0.004849 | RMSE theta: 0.087368 | Loss: -1.6755 | Epoch: 1298
    Eq theta: 1.00000omega
    Eq omega: 0.002571 + 0.00006theta + 0.01033omega + 0.00042theta^2 + 0.00006theta omega + 0.00118omega^2

--- Chunk 30688 (109/220) | Start: 2024-12-04 18:50:00 ---
    RMSE omega: 0.019240 | RMSE theta: 0.122375 | Loss: 13.4184 | Epoch: 71
    Eq theta: 1.00000omega
    Eq omega: -0.012411 + -0.00835theta + -0.01327omega + -0.01318theta^2 + -0.00044theta omega + -0.00516omega^2

--- Chunk 30689 (110/220) | Start: 2024-12-04 18:55:00 ---
    RMSE omega: 0.021069 | RMSE theta: 0.189519 | Loss: 37.1678 | Epoch: 80
    Eq theta: 1.00000omega
    Eq omega: -0.000331 + -0.02519theta + -0.00196omega + 0.00128theta^2 + 0.00015theta omega + 0.00808omega^2

--- Chunk 30690 (111/220) | Start: 2024-12-04 19:00:00 ---
/pfs/data6/home/ka/ka_iai/ka_bj2362/dsr/svise/svise/quadrature/_unbiased_quadrature.py:211: UserWarning: Iip is NaN. Setting correction to zero.
  warnings.warn("Iip is NaN. Setting correction to zero.")
/pfs/data6/home/ka/ka_iai/ka_bj2362/dsr/svise/svise/quadrature/_unbiased_quadrature.py:218: UserWarning: Quadrature result is NaN. Returning 0.
  warnings.warn("Quadrature result is NaN. Returning 0.")
    RMSE omega: 0.009959 | RMSE theta: 0.630526 | Loss: -470691991725208378355482624.0000 | Epoch: 1639
    Eq theta: 1.00000omega
    Eq omega: 0.002221 + -0.14818theta + -0.01137omega + 0.00094theta^2 + -0.00628theta omega + -0.00304omega^2

--- Chunk 30691 (112/220) | Start: 2024-12-04 19:05:00 ---
    RMSE omega: nan | RMSE theta: nan | Loss: 9589.5459 | Epoch: 5
    Eq theta: 1.00000omega
    Eq omega: nan1 + nantheta + nanomega + nantheta^2 + nantheta omega + nanomega^2

--- Chunk 30692 (113/220) | Start: 2024-12-04 19:10:00 ---
    RMSE omega: 0.007375 | RMSE theta: 0.380337 | Loss: 6.0084 | Epoch: 3253
    Eq theta: 1.00000omega
    Eq omega: -0.000751 + -0.00034theta + 0.00142omega + 0.00000theta^2 + -0.00007theta omega + 0.00048omega^2

--- Chunk 30693 (114/220) | Start: 2024-12-04 19:15:00 ---
    RMSE omega: 0.017962 | RMSE theta: 0.260045 | Loss: 19.8963 | Epoch: 221
    Eq theta: 1.00000omega
    Eq omega: 0.033601 + -0.02793theta + 0.00357omega + 0.00329theta^2 + 0.00051theta omega + 0.00029omega^2

--- Chunk 30694 (115/220) | Start: 2024-12-04 19:20:00 ---
    RMSE omega: nan | RMSE theta: nan | Loss: 26.3942 | Epoch: 94
    Eq theta: 1.00000omega
    Eq omega: nan1 + nantheta + nanomega + nantheta^2 + nantheta omega + nanomega^2

--- Chunk 30695 (116/220) | Start: 2024-12-04 19:25:00 ---
    RMSE omega: 0.006163 | RMSE theta: 0.332551 | Loss: -4102.7241 | Epoch: 1219
    Eq theta: 1.00000omega
    Eq omega: 0.000711 + 0.00044theta + -0.00718omega + -0.00009theta^2 + 0.00032theta omega + 0.00015omega^2

--- Chunk 30696 (117/220) | Start: 2024-12-04 19:30:00 ---
    RMSE omega: 0.008791 | RMSE theta: 0.178366 | Loss: -2291.5312 | Epoch: 1223
    Eq theta: 1.00000omega
    Eq omega: -0.001421 + 0.00051theta + 0.00119omega + 0.00003theta^2 + -0.00242theta omega + 0.01068omega^2

--- Chunk 30697 (118/220) | Start: 2024-12-04 19:35:00 ---
    RMSE omega: nan | RMSE theta: nan | Loss: -17076265128261888008781824.0000 | Epoch: 907
    Eq theta: 1.00000omega
    Eq omega: nan1 + nantheta + nanomega + nantheta^2 + nantheta omega + nanomega^2

--- Chunk 30698 (119/220) | Start: 2024-12-04 19:40:00 ---
    RMSE omega: nan | RMSE theta: nan | Loss: 58.8893 | Epoch: 41
    Eq theta: 1.00000omega
    Eq omega: nan1 + nantheta + nanomega + nantheta^2 + nantheta omega + nanomega^2

--- Chunk 30699 (120/220) | Start: 2024-12-04 19:45:00 ---
    RMSE omega: 0.004847 | RMSE theta: 0.057741 | Loss: 0.2248 | Epoch: 1362
    Eq theta: 1.00000omega
    Eq omega: 0.000341 + 0.00165theta + -0.00073omega + -0.00006theta^2 + 0.00104theta omega + -0.00109omega^2

--- Chunk 30700 (121/220) | Start: 2024-12-04 19:50:00 ---
    RMSE omega: 0.004536 | RMSE theta: 0.103617 | Loss: -1.5363 | Epoch: 1437
    Eq theta: 1.00000omega
    Eq omega: 0.005361 + -0.28937theta + 0.00150omega + -0.00254theta^2 + 0.00118theta omega + -0.00092omega^2

--- Chunk 30701 (122/220) | Start: 2024-12-04 19:55:00 ---
    RMSE omega: nan | RMSE theta: nan | Loss: 43.9537 | Epoch: 45
    Eq theta: 1.00000omega
    Eq omega: nan1 + nantheta + nanomega + nantheta^2 + nantheta omega + nanomega^2

--- Chunk 30702 (123/220) | Start: 2024-12-04 20:00:00 ---
    RMSE omega: nan | RMSE theta: nan | Loss: 153.0508 | Epoch: 21
    Eq theta: 1.00000omega
    Eq omega: nan1 + nantheta + nanomega + nantheta^2 + nantheta omega + nanomega^2

--- Chunk 30703 (124/220) | Start: 2024-12-04 20:05:00 ---
    RMSE omega: 0.004821 | RMSE theta: 0.070206 | Loss: -0.8166 | Epoch: 1719
    Eq theta: 1.00000omega
    Eq omega: 0.003011 + -0.01185theta + 0.00212omega + 0.00048theta^2 + -0.00389theta omega + 0.00003omega^2

--- Chunk 30704 (125/220) | Start: 2024-12-04 20:10:00 ---
    RMSE omega: 0.004123 | RMSE theta: 0.077724 | Loss: -1.8497 | Epoch: 828
    Eq theta: 1.00000omega
    Eq omega: -0.006261 + -0.00307theta + 0.00076omega + -0.01149theta^2 + 0.00440theta omega + 0.00093omega^2

--- Chunk 30705 (126/220) | Start: 2024-12-04 20:15:00 ---
    RMSE omega: 0.005244 | RMSE theta: 0.046228 | Loss: 1.1464 | Epoch: 1289
    Eq theta: 1.00000omega
    Eq omega: 0.001761 + -0.00005theta + -0.00423omega + 0.00023theta^2 + 0.00033theta omega + 0.00300omega^2

--- Chunk 30706 (127/220) | Start: 2024-12-04 20:20:00 ---
    RMSE omega: 0.004161 | RMSE theta: 0.042658 | Loss: -1.1763 | Epoch: 1408
    Eq theta: 1.00000omega
    Eq omega: 0.010151 + 0.00216theta + 0.00045omega + -0.00452theta^2 + 0.00529theta omega + -0.00235omega^2

--- Chunk 30707 (128/220) | Start: 2024-12-04 20:25:00 ---
    RMSE omega: 0.055134 | RMSE theta: 2.232131 | Loss: -378938.1875 | Epoch: 615
    Eq theta: 1.00000omega
    Eq omega: -0.025341 + -0.00436theta + 0.00263omega + -0.00032theta^2 + -0.00008theta omega + -0.00235omega^2

--- Chunk 30708 (129/220) | Start: 2024-12-04 20:30:00 ---
    RMSE omega: nan | RMSE theta: nan | Loss: 3720.5630 | Epoch: 16
    Eq theta: 1.00000omega
    Eq omega: nan1 + nantheta + nanomega + nantheta^2 + nantheta omega + nanomega^2

--- Chunk 30709 (130/220) | Start: 2024-12-04 20:35:00 ---
    RMSE omega: nan | RMSE theta: nan | Loss: 171.9978 | Epoch: 43
    Eq theta: 1.00000omega
    Eq omega: nan1 + nantheta + nanomega + nantheta^2 + nantheta omega + nanomega^2

--- Chunk 30710 (131/220) | Start: 2024-12-04 20:40:00 ---
    RMSE omega: 0.006048 | RMSE theta: 0.091816 | Loss: -233393808.0000 | Epoch: 2340
    Eq theta: 1.00000omega
    Eq omega: 0.001101 + -0.00042theta + -0.00076omega + 0.00046theta^2 + -0.00016theta omega + -0.00435omega^2

--- Chunk 30711 (132/220) | Start: 2024-12-04 20:45:00 ---
    RMSE omega: 0.005145 | RMSE theta: 0.156676 | Loss: 5.4376 | Epoch: 4262
    Eq theta: 1.00000omega
    Eq omega: -0.000081 + 0.00039theta + -0.00049omega + -0.00001theta^2 + -0.00012theta omega + 0.00025omega^2

--- Chunk 30712 (133/220) | Start: 2024-12-04 20:50:00 ---
    RMSE omega: nan | RMSE theta: nan | Loss: 244.1722 | Epoch: 26
    Eq theta: 1.00000omega
    Eq omega: nan1 + nantheta + nanomega + nantheta^2 + nantheta omega + nanomega^2

--- Chunk 30713 (134/220) | Start: 2024-12-04 20:55:00 ---
    RMSE omega: 0.008856 | RMSE theta: 0.340228 | Loss: 25.5961 | Epoch: 5227
    Eq theta: 1.00000omega
    Eq omega: -0.000381 + -0.00003theta + -0.00285omega + 0.00002theta^2 + 0.00002theta omega + -0.00034omega^2

--- Chunk 30714 (135/220) | Start: 2024-12-04 21:00:00 ---
    RMSE omega: 0.032760 | RMSE theta: 0.793770 | Loss: -7233345.5000 | Epoch: 761
    Eq theta: 1.00000omega
    Eq omega: 0.004911 + -0.01681theta + 0.00551omega + 0.00228theta^2 + 0.00018theta omega + 0.00012omega^2

--- Chunk 30715 (136/220) | Start: 2024-12-04 21:05:00 ---
    RMSE omega: nan | RMSE theta: nan | Loss: 115.0181 | Epoch: 47
    Eq theta: 1.00000omega
    Eq omega: nan1 + nantheta + nanomega + nantheta^2 + nantheta omega + nanomega^2

--- Chunk 30716 (137/220) | Start: 2024-12-04 21:10:00 ---
    RMSE omega: 0.016742 | RMSE theta: 0.514487 | Loss: -106.1114 | Epoch: 1198
    Eq theta: 1.00000omega
    Eq omega: -0.167981 + -0.75915theta + 0.00135omega + -0.01318theta^2 + -0.01205theta omega + -0.02247omega^2

--- Chunk 30717 (138/220) | Start: 2024-12-04 21:15:00 ---
    RMSE omega: 0.005146 | RMSE theta: 0.045968 | Loss: -2.1033 | Epoch: 1563
    Eq theta: 1.00000omega
    Eq omega: 0.001451 + 0.00057theta + 0.00050omega + 0.00034theta^2 + 0.00097theta omega + -0.00005omega^2

--- Chunk 30718 (139/220) | Start: 2024-12-04 21:20:00 ---
    RMSE omega: 0.030465 | RMSE theta: 0.231010 | Loss: -99.4061 | Epoch: 491
    Eq theta: 1.00000omega
    Eq omega: -0.008681 + -0.09078theta + 0.00075omega + -0.01212theta^2 + -0.01868theta omega + -0.00657omega^2

--- Chunk 30719 (140/220) | Start: 2024-12-04 21:25:00 ---
    RMSE omega: 0.029264 | RMSE theta: 0.381318 | Loss: -68979.4297 | Epoch: 823
    Eq theta: 1.00000omega
    Eq omega: -0.005841 + -0.01069theta + 0.01376omega + 0.00012theta^2 + 0.00460theta omega + -0.00181omega^2

--- Chunk 30720 (141/220) | Start: 2024-12-04 21:30:00 ---
    RMSE omega: 0.013380 | RMSE theta: 0.860576 | Loss: -1705044360649181029979914240.0000 | Epoch: 2314
    Eq theta: 1.00000omega
    Eq omega: -0.000981 + -0.00299theta + 0.00147omega + -0.00045theta^2 + 0.00065theta omega + -0.01016omega^2

--- Chunk 30721 (142/220) | Start: 2024-12-04 21:35:00 ---
    RMSE omega: 0.010199 | RMSE theta: 0.367303 | Loss: -34661954532057022464000.0000 | Epoch: 1539
    Eq theta: 1.00000omega
    Eq omega: 0.001411 + 0.00075theta + -0.00129omega + -0.00003theta^2 + -0.00008theta omega + -0.00030omega^2

--- Chunk 30722 (143/220) | Start: 2024-12-04 21:40:00 ---
    RMSE omega: nan | RMSE theta: nan | Loss: 70.0569 | Epoch: 29
    Eq theta: 1.00000omega
    Eq omega: nan1 + nantheta + nanomega + nantheta^2 + nantheta omega + nanomega^2

--- Chunk 30723 (144/220) | Start: 2024-12-04 21:45:00 ---
    RMSE omega: 0.004161 | RMSE theta: 0.019349 | Loss: -2.5053 | Epoch: 1440
    Eq theta: 1.00000omega
    Eq omega: -0.008271 + -0.25744theta + 0.00317omega + -0.00083theta^2 + 0.00183theta omega + 0.00500omega^2

--- Chunk 30724 (145/220) | Start: 2024-12-04 21:50:00 ---
    RMSE omega: nan | RMSE theta: nan | Loss: 30.9534 | Epoch: 71
    Eq theta: 1.00000omega
    Eq omega: nan1 + nantheta + nanomega + nantheta^2 + nantheta omega + nanomega^2

--- Chunk 30725 (146/220) | Start: 2024-12-04 21:55:00 ---
    RMSE omega: nan | RMSE theta: nan | Loss: 372.6483 | Epoch: 43
    Eq theta: 1.00000omega
    Eq omega: nan1 + nantheta + nanomega + nantheta^2 + nantheta omega + nanomega^2

--- Chunk 30726 (147/220) | Start: 2024-12-04 22:00:00 ---
    RMSE omega: 0.004192 | RMSE theta: 0.182424 | Loss: 3.4725 | Epoch: 2452
    Eq theta: 1.00000omega
    Eq omega: -0.001581 + -0.00014theta + -0.00135omega + -0.00002theta^2 + -0.00005theta omega + 0.00068omega^2

--- Chunk 30727 (148/220) | Start: 2024-12-04 22:05:00 ---
    RMSE omega: nan | RMSE theta: nan | Loss: 72.5818 | Epoch: 41
    Eq theta: 1.00000omega
    Eq omega: nan1 + nantheta + nanomega + nantheta^2 + nantheta omega + nanomega^2

--- Chunk 30728 (149/220) | Start: 2024-12-04 22:10:00 ---
    RMSE omega: 0.013862 | RMSE theta: 0.326275 | Loss: 22.6791 | Epoch: 976
    Eq theta: 1.00000omega
    Eq omega: 0.003061 + 0.00012theta + 0.00079omega + -0.00000theta^2 + 0.00033theta omega + 0.00157omega^2

--- Chunk 30729 (150/220) | Start: 2024-12-04 22:15:00 ---
    RMSE omega: nan | RMSE theta: nan | Loss: 167.7217 | Epoch: 18
    Eq theta: 1.00000omega
    Eq omega: nan1 + nantheta + nanomega + nantheta^2 + nantheta omega + nanomega^2

  [Progress 150/220] Mean RMSE omega: 0.012877 | Mean loss: -14669990331356190370430976.0000 | Valid: 119/150 | Elapsed: 67.7min | ETA: 31.6min

--- Chunk 30730 (151/220) | Start: 2024-12-04 22:20:00 ---
    RMSE omega: nan | RMSE theta: nan | Loss: 91.6201 | Epoch: 98
    Eq theta: 1.00000omega
    Eq omega: nan1 + nantheta + nanomega + nantheta^2 + nantheta omega + nanomega^2

--- Chunk 30731 (152/220) | Start: 2024-12-04 22:25:00 ---
    RMSE omega: 0.005326 | RMSE theta: 0.202800 | Loss: -4662.9897 | Epoch: 1354
    Eq theta: 1.00000omega
    Eq omega: -0.004041 + -0.00284theta + 0.00134omega + 0.00106theta^2 + 0.00121theta omega + -0.00394omega^2

--- Chunk 30732 (153/220) | Start: 2024-12-04 22:30:00 ---
    RMSE omega: 0.047200 | RMSE theta: 1.063816 | Loss: -9982.7666 | Epoch: 509
    Eq theta: 1.00000omega
    Eq omega: 0.000931 + -0.00006theta + 0.01149omega + 0.00005theta^2 + -0.00003theta omega + 0.00351omega^2

--- Chunk 30733 (154/220) | Start: 2024-12-04 22:35:00 ---
    RMSE omega: nan | RMSE theta: nan | Loss: 132.2580 | Epoch: 30
    Eq theta: 1.00000omega
    Eq omega: nan1 + nantheta + nanomega + nantheta^2 + nantheta omega + nanomega^2

--- Chunk 30734 (155/220) | Start: 2024-12-04 22:40:00 ---
    RMSE omega: nan | RMSE theta: nan | Loss: 546.3700 | Epoch: 34
    Eq theta: 1.00000omega
    Eq omega: nan1 + nantheta + nanomega + nantheta^2 + nantheta omega + nanomega^2

--- Chunk 30735 (156/220) | Start: 2024-12-04 22:45:00 ---
    RMSE omega: 0.009370 | RMSE theta: 0.583304 | Loss: -1.2688 | Epoch: 1813
    Eq theta: 1.00000omega
    Eq omega: 0.006451 + -0.08695theta + -0.00099omega + 0.00071theta^2 + 0.00044theta omega + 0.00078omega^2

--- Chunk 30736 (157/220) | Start: 2024-12-04 22:50:00 ---
    RMSE omega: nan | RMSE theta: nan | Loss: 42.3183 | Epoch: 76
    Eq theta: 1.00000omega
    Eq omega: nan1 + nantheta + nanomega + nantheta^2 + nantheta omega + nanomega^2

--- Chunk 30737 (158/220) | Start: 2024-12-04 22:55:00 ---
    RMSE omega: 0.029088 | RMSE theta: 0.442816 | Loss: 55.8721 | Epoch: 804
    Eq theta: 1.00000omega
    Eq omega: -0.103621 + -0.06084theta + -0.00336omega + -0.00950theta^2 + -0.00022theta omega + -0.00212omega^2

--- Chunk 30738 (159/220) | Start: 2024-12-04 23:00:00 ---
    RMSE omega: 0.031823 | RMSE theta: 0.315685 | Loss: -131891040.0000 | Epoch: 770
    Eq theta: 1.00000omega
    Eq omega: 0.002421 + 0.00073theta + 0.00166omega + -0.00007theta^2 + -0.00121theta omega + 0.00496omega^2

--- Chunk 30739 (160/220) | Start: 2024-12-04 23:05:00 ---
    RMSE omega: 0.004442 | RMSE theta: 0.153031 | Loss: -1.8271 | Epoch: 936
    Eq theta: 1.00000omega
    Eq omega: 0.000191 + 0.00001theta + 0.00001omega + -0.00011theta^2 + -0.00015theta omega + -0.00015omega^2

--- Chunk 30740 (161/220) | Start: 2024-12-04 23:10:00 ---
    RMSE omega: 0.007214 | RMSE theta: 0.243597 | Loss: 6.6909 | Epoch: 1268
    Eq theta: 1.00000omega
    Eq omega: -0.012871 + -0.24106theta + -0.04692omega + -0.00204theta^2 + -0.03177theta omega + 0.00717omega^2

--- Chunk 30741 (162/220) | Start: 2024-12-04 23:15:00 ---
    RMSE omega: 0.005569 | RMSE theta: 0.205563 | Loss: -9.4316 | Epoch: 1706
    Eq theta: 1.00000omega
    Eq omega: -0.014841 + 0.00169theta + -0.00469omega + 0.00063theta^2 + -0.00006theta omega + 0.00259omega^2

--- Chunk 30742 (163/220) | Start: 2024-12-04 23:20:00 ---
    RMSE omega: nan | RMSE theta: nan | Loss: 743.9313 | Epoch: 17
    Eq theta: 1.00000omega
    Eq omega: nan1 + nantheta + nanomega + nantheta^2 + nantheta omega + nanomega^2

--- Chunk 30743 (164/220) | Start: 2024-12-04 23:25:00 ---
    RMSE omega: nan | RMSE theta: nan | Loss: 1561.5360 | Epoch: 23
    Eq theta: 1.00000omega
    Eq omega: nan1 + nantheta + nanomega + nantheta^2 + nantheta omega + nanomega^2

--- Chunk 30744 (165/220) | Start: 2024-12-04 23:30:00 ---
    RMSE omega: 0.043594 | RMSE theta: 0.593070 | Loss: -150106701824.0000 | Epoch: 537
    Eq theta: 1.00000omega
    Eq omega: 0.006131 + -0.00531theta + -0.00387omega + -0.00062theta^2 + 0.00381theta omega + 0.00129omega^2

--- Chunk 30745 (166/220) | Start: 2024-12-04 23:35:00 ---
    RMSE omega: nan | RMSE theta: nan | Loss: 359.3020 | Epoch: 92
    Eq theta: 1.00000omega
    Eq omega: nan1 + nantheta + nanomega + nantheta^2 + nantheta omega + nanomega^2

--- Chunk 30746 (167/220) | Start: 2024-12-04 23:40:00 ---
    RMSE omega: 0.004141 | RMSE theta: 0.117597 | Loss: 0.9635 | Epoch: 1723
    Eq theta: 1.00000omega
    Eq omega: -0.000121 + -0.00007theta + 0.00071omega + 0.00001theta^2 + 0.00107theta omega + -0.00036omega^2

--- Chunk 30747 (168/220) | Start: 2024-12-04 23:45:00 ---
    RMSE omega: nan | RMSE theta: nan | Loss: 5516.3701 | Epoch: 16
    Eq theta: 1.00000omega
    Eq omega: nan1 + nantheta + nanomega + nantheta^2 + nantheta omega + nanomega^2

--- Chunk 30748 (169/220) | Start: 2024-12-04 23:50:00 ---
    RMSE omega: 0.040029 | RMSE theta: 0.569680 | Loss: 208.5151 | Epoch: 339
    Eq theta: 1.00000omega
    Eq omega: 0.001641 + -0.00105theta + -0.00182omega + -0.00000theta^2 + -0.00008theta omega + 0.00385omega^2

--- Chunk 30749 (170/220) | Start: 2024-12-04 23:55:00 ---
    RMSE omega: 0.005651 | RMSE theta: 0.059662 | Loss: -0.2749 | Epoch: 623
    Eq theta: 1.00000omega
    Eq omega: -0.000331 + 0.00282theta + -0.00084omega + -0.00009theta^2 + 0.00020theta omega + -0.00013omega^2

--- Chunk 30750 (171/220) | Start: 2024-12-05 00:00:00 ---
    RMSE omega: nan | RMSE theta: nan | Loss: 447.4368 | Epoch: 78
    Eq theta: 1.00000omega
    Eq omega: nan1 + nantheta + nanomega + nantheta^2 + nantheta omega + nanomega^2

--- Chunk 30751 (172/220) | Start: 2024-12-05 00:05:00 ---
    RMSE omega: 0.003733 | RMSE theta: 0.065235 | Loss: -3.2972 | Epoch: 1882
    Eq theta: 1.00000omega
    Eq omega: -0.002821 + 0.00175theta + -0.00175omega + -0.00294theta^2 + -0.00004theta omega + -0.00206omega^2

--- Chunk 30752 (173/220) | Start: 2024-12-05 00:10:00 ---
    RMSE omega: 0.003248 | RMSE theta: 0.010173 | Loss: -2.1100 | Epoch: 2369
    Eq theta: 1.00000omega
    Eq omega: 0.005961 + -0.00044theta + 0.00275omega + 0.00100theta^2 + 0.00032theta omega + -0.00294omega^2

--- Chunk 30753 (174/220) | Start: 2024-12-05 00:15:00 ---
    RMSE omega: 0.018995 | RMSE theta: 0.183050 | Loss: 99.4134 | Epoch: 374
    Eq theta: 1.00000omega
    Eq omega: 0.003801 + -0.03019theta + -0.08016omega + 0.00193theta^2 + -0.00013theta omega + -0.00301omega^2

--- Chunk 30754 (175/220) | Start: 2024-12-05 00:20:00 ---
    RMSE omega: 0.018202 | RMSE theta: 0.231896 | Loss: 224.2308 | Epoch: 863
    Eq theta: 1.00000omega
    Eq omega: -0.003271 + 0.00027theta + 0.00086omega + 0.00400theta^2 + 0.01186theta omega + 0.00158omega^2

--- Chunk 30755 (176/220) | Start: 2024-12-05 00:25:00 ---
    RMSE omega: 0.007269 | RMSE theta: 0.173935 | Loss: 3.7272 | Epoch: 1158
    Eq theta: 1.00000omega
    Eq omega: 0.001591 + 0.00051theta + -0.00008omega + 0.00008theta^2 + 0.00020theta omega + -0.00101omega^2

--- Chunk 30756 (177/220) | Start: 2024-12-05 00:30:00 ---
    RMSE omega: nan | RMSE theta: nan | Loss: 138.9403 | Epoch: 34
    Eq theta: 1.00000omega
    Eq omega: nan1 + nantheta + nanomega + nantheta^2 + nantheta omega + nanomega^2

--- Chunk 30757 (178/220) | Start: 2024-12-05 00:35:00 ---
    RMSE omega: 0.003568 | RMSE theta: 0.031923 | Loss: -1.4343 | Epoch: 1217
    Eq theta: 1.00000omega
    Eq omega: 0.024751 + -2.52130theta + 0.04967omega + 0.02413theta^2 + 0.80039theta omega + -0.00113omega^2

--- Chunk 30758 (179/220) | Start: 2024-12-05 00:40:00 ---
    RMSE omega: 0.004365 | RMSE theta: 0.037913 | Loss: -2.7714 | Epoch: 1363
    Eq theta: 1.00000omega
    Eq omega: -0.012381 + -0.21803theta + -0.27871omega + 0.07902theta^2 + -0.03735theta omega + 0.02289omega^2

--- Chunk 30759 (180/220) | Start: 2024-12-05 00:45:00 ---
    RMSE omega: 0.015744 | RMSE theta: 0.500993 | Loss: 67.6379 | Epoch: 867
    Eq theta: 1.00000omega
    Eq omega: 0.000011 + 0.00004theta + 0.00096omega + -0.00000theta^2 + -0.00003theta omega + 0.00026omega^2

--- Chunk 30760 (181/220) | Start: 2024-12-05 00:50:00 ---
    RMSE omega: 0.006605 | RMSE theta: 0.140456 | Loss: 18.6993 | Epoch: 3524
    Eq theta: 1.00000omega
    Eq omega: 0.001531 + 0.00003theta + -0.00270omega + 0.00001theta^2 + 0.00002theta omega + 0.00022omega^2

--- Chunk 30761 (182/220) | Start: 2024-12-05 00:55:00 ---
    RMSE omega: nan | RMSE theta: nan | Loss: 209.3528 | Epoch: 377
    Eq theta: 1.00000omega
    Eq omega: nan1 + nantheta + nanomega + nantheta^2 + nantheta omega + nanomega^2

--- Chunk 30762 (183/220) | Start: 2024-12-05 01:00:00 ---
    RMSE omega: 0.033996 | RMSE theta: 4.415231 | Loss: -7054684160.0000 | Epoch: 1877
    Eq theta: 1.00000omega
    Eq omega: 0.006451 + 0.00086theta + 0.00206omega + -0.00019theta^2 + -0.00007theta omega + 0.00052omega^2

--- Chunk 30763 (184/220) | Start: 2024-12-05 01:05:00 ---
    RMSE omega: nan | RMSE theta: nan | Loss: 1049.7932 | Epoch: 31
    Eq theta: 1.00000omega
    Eq omega: nan1 + nantheta + nanomega + nantheta^2 + nantheta omega + nanomega^2

--- Chunk 30764 (185/220) | Start: 2024-12-05 01:10:00 ---
    RMSE omega: 0.037695 | RMSE theta: 1.060331 | Loss: -704.0804 | Epoch: 522
    Eq theta: 1.00000omega
    Eq omega: 0.001551 + 0.00272theta + -0.00012omega + -0.00002theta^2 + 0.00009theta omega + 0.00158omega^2

--- Chunk 30765 (186/220) | Start: 2024-12-05 01:15:00 ---
    RMSE omega: 0.008586 | RMSE theta: 0.126648 | Loss: -0.9051 | Epoch: 1476
    Eq theta: 1.00000omega
    Eq omega: 0.003791 + 0.00049theta + 0.00326omega + 0.00064theta^2 + -0.00948theta omega + 0.00258omega^2

--- Chunk 30766 (187/220) | Start: 2024-12-05 01:20:00 ---
    RMSE omega: nan | RMSE theta: nan | Loss: 459.4093 | Epoch: 24
    Eq theta: 1.00000omega
    Eq omega: nan1 + nantheta + nanomega + nantheta^2 + nantheta omega + nanomega^2

--- Chunk 30767 (188/220) | Start: 2024-12-05 01:25:00 ---
    RMSE omega: 0.009751 | RMSE theta: 0.644898 | Loss: 3.8105 | Epoch: 949
    Eq theta: 1.00000omega
    Eq omega: 0.005481 + -0.05970theta + -0.04061omega + -0.00843theta^2 + -0.00024theta omega + 0.00408omega^2

--- Chunk 30768 (189/220) | Start: 2024-12-05 01:30:00 ---
    RMSE omega: 0.044594 | RMSE theta: 0.817583 | Loss: -23352.4727 | Epoch: 715
    Eq theta: 1.00000omega
    Eq omega: 0.000221 + -0.01157theta + -0.00059omega + 0.00019theta^2 + 0.00110theta omega + -0.00011omega^2

--- Chunk 30769 (190/220) | Start: 2024-12-05 01:35:00 ---
    RMSE omega: 0.015562 | RMSE theta: 0.516281 | Loss: -142.2306 | Epoch: 537
    Eq theta: 1.00000omega
    Eq omega: 0.000781 + -0.00061theta + -0.00371omega + 0.00037theta^2 + -0.00038theta omega + 0.00162omega^2

--- Chunk 30770 (191/220) | Start: 2024-12-05 01:40:00 ---
    RMSE omega: 0.003980 | RMSE theta: 0.037811 | Loss: -2.1235 | Epoch: 1487
    Eq theta: 1.00000omega
    Eq omega: 0.006181 + -0.57017theta + -0.00935omega + -0.00091theta^2 + -0.00404theta omega + -0.00265omega^2

--- Chunk 30771 (192/220) | Start: 2024-12-05 01:45:00 ---
    RMSE omega: 0.006587 | RMSE theta: 0.083585 | Loss: 5.2413 | Epoch: 2009
    Eq theta: 1.00000omega
    Eq omega: 0.000611 + 0.00026theta + -0.00052omega + 0.00002theta^2 + 0.00006theta omega + 0.00020omega^2

--- Chunk 30772 (193/220) | Start: 2024-12-05 01:50:00 ---
    RMSE omega: nan | RMSE theta: nan | Loss: 121.7247 | Epoch: 56
    Eq theta: 1.00000omega
    Eq omega: nan1 + nantheta + nanomega + nantheta^2 + nantheta omega + nanomega^2

--- Chunk 30773 (194/220) | Start: 2024-12-05 01:55:00 ---
    RMSE omega: nan | RMSE theta: nan | Loss: 77.6161 | Epoch: 28
    Eq theta: 1.00000omega
    Eq omega: nan1 + nantheta + nanomega + nantheta^2 + nantheta omega + nanomega^2

--- Chunk 30774 (195/220) | Start: 2024-12-05 02:00:00 ---
    RMSE omega: 0.005006 | RMSE theta: 0.086917 | Loss: -2.7600 | Epoch: 1560
    Eq theta: 1.00000omega
    Eq omega: 0.007051 + -0.82021theta + -0.01975omega + -0.00551theta^2 + -0.24666theta omega + -0.02704omega^2

--- Chunk 30775 (196/220) | Start: 2024-12-05 02:05:00 ---
    RMSE omega: nan | RMSE theta: nan | Loss: -91710091091271438747828224.0000 | Epoch: 1789
    Eq theta: 1.00000omega
    Eq omega: nan1 + nantheta + nanomega + nantheta^2 + nantheta omega + nanomega^2

--- Chunk 30776 (197/220) | Start: 2024-12-05 02:10:00 ---
    RMSE omega: 0.003909 | RMSE theta: 0.024913 | Loss: -422885216.0000 | Epoch: 1842
    Eq theta: 1.00000omega
    Eq omega: 0.001521 + 0.00020theta + -0.00230omega + 0.00000theta^2 + -0.00012theta omega + 0.00003omega^2

--- Chunk 30777 (198/220) | Start: 2024-12-05 02:15:00 ---
    RMSE omega: 0.004334 | RMSE theta: 0.036587 | Loss: -2.0820 | Epoch: 1579
    Eq theta: 1.00000omega
    Eq omega: -0.000861 + 0.00291theta + 0.00243omega + 0.00158theta^2 + 0.00012theta omega + -0.00044omega^2

--- Chunk 30778 (199/220) | Start: 2024-12-05 02:20:00 ---
    RMSE omega: 0.004488 | RMSE theta: 0.188120 | Loss: -0.0752 | Epoch: 2010
    Eq theta: 1.00000omega
    Eq omega: -0.001251 + -0.00029theta + 0.00251omega + 0.00002theta^2 + -0.00009theta omega + 0.00026omega^2

--- Chunk 30779 (200/220) | Start: 2024-12-05 02:25:00 ---
    RMSE omega: 0.029267 | RMSE theta: 0.512065 | Loss: 117.4841 | Epoch: 52
    Eq theta: 1.00000omega
    Eq omega: -0.001031 + 0.00016theta + 0.00446omega + 0.00004theta^2 + -0.00039theta omega + 0.00096omega^2

  [Progress 200/220] Mean RMSE omega: 0.013434 | Mean loss: -11461043203973501174153216.0000 | Valid: 153/200 | Elapsed: 84.4min | ETA: 8.4min

--- Chunk 30780 (201/220) | Start: 2024-12-05 02:30:00 ---
    RMSE omega: 0.006069 | RMSE theta: 0.222761 | Loss: 6.8017 | Epoch: 2320
    Eq theta: 1.00000omega
    Eq omega: -0.007221 + 0.00031theta + -0.00465omega + -0.00001theta^2 + 0.00006theta omega + -0.00003omega^2

--- Chunk 30781 (202/220) | Start: 2024-12-05 02:35:00 ---
    RMSE omega: 0.006294 | RMSE theta: 0.195969 | Loss: -0.3579 | Epoch: 1676
    Eq theta: 1.00000omega
    Eq omega: 0.007661 + 0.00091theta + -0.00135omega + -0.00003theta^2 + 0.00019theta omega + -0.00150omega^2

--- Chunk 30782 (203/220) | Start: 2024-12-05 02:40:00 ---
    RMSE omega: 0.004651 | RMSE theta: 0.207632 | Loss: 9.0399 | Epoch: 2667
    Eq theta: 1.00000omega
    Eq omega: 0.001851 + -0.00014theta + 0.00218omega + -0.00001theta^2 + 0.00007theta omega + -0.00011omega^2

--- Chunk 30783 (204/220) | Start: 2024-12-05 02:45:00 ---
    RMSE omega: 0.004043 | RMSE theta: 0.111476 | Loss: -6108014.5000 | Epoch: 2251
    Eq theta: 1.00000omega
    Eq omega: 0.000301 + 0.00037theta + 0.00038omega + -0.00003theta^2 + 0.00021theta omega + -0.00000omega^2

--- Chunk 30784 (205/220) | Start: 2024-12-05 02:50:00 ---
    RMSE omega: 0.010015 | RMSE theta: 0.430341 | Loss: -25.9904 | Epoch: 2389
    Eq theta: 1.00000omega
    Eq omega: -0.001161 + 0.00012theta + 0.00157omega + -0.00000theta^2 + 0.00001theta omega + 0.00002omega^2

--- Chunk 30785 (206/220) | Start: 2024-12-05 02:55:00 ---
    RMSE omega: nan | RMSE theta: nan | Loss: 33408.2344 | Epoch: 16
    Eq theta: 1.00000omega
    Eq omega: nan1 + nantheta + nanomega + nantheta^2 + nantheta omega + nanomega^2

--- Chunk 30786 (207/220) | Start: 2024-12-05 03:00:00 ---
    RMSE omega: nan | RMSE theta: nan | Loss: 43.8377 | Epoch: 53
    Eq theta: 1.00000omega
    Eq omega: nan1 + nantheta + nanomega + nantheta^2 + nantheta omega + nanomega^2

--- Chunk 30787 (208/220) | Start: 2024-12-05 03:05:00 ---
    RMSE omega: nan | RMSE theta: nan | Loss: 979.9292 | Epoch: 45
    Eq theta: 1.00000omega
    Eq omega: nan1 + nantheta + nanomega + nantheta^2 + nantheta omega + nanomega^2

--- Chunk 30788 (209/220) | Start: 2024-12-05 03:10:00 ---
    RMSE omega: nan | RMSE theta: nan | Loss: 21622.6094 | Epoch: 16
    Eq theta: 1.00000omega
    Eq omega: nan1 + nantheta + nanomega + nantheta^2 + nantheta omega + nanomega^2

--- Chunk 30789 (210/220) | Start: 2024-12-05 03:15:00 ---
    RMSE omega: nan | RMSE theta: nan | Loss: 170.7615 | Epoch: 37
    Eq theta: 1.00000omega
    Eq omega: nan1 + nantheta + nanomega + nantheta^2 + nantheta omega + nanomega^2

--- Chunk 30790 (211/220) | Start: 2024-12-05 03:20:00 ---
    RMSE omega: nan | RMSE theta: nan | Loss: 68.9880 | Epoch: 36
    Eq theta: 1.00000omega
    Eq omega: nan1 + nantheta + nanomega + nantheta^2 + nantheta omega + nanomega^2

--- Chunk 30791 (212/220) | Start: 2024-12-05 03:25:00 ---
    RMSE omega: 0.038801 | RMSE theta: 0.530865 | Loss: 81.1786 | Epoch: 48
    Eq theta: 1.00000omega
    Eq omega: -0.001241 + -0.00639theta + -0.00979omega + -0.00329theta^2 + -0.00714theta omega + 0.00121omega^2

--- Chunk 30792 (213/220) | Start: 2024-12-05 03:30:00 ---
    RMSE omega: 0.004769 | RMSE theta: 0.171651 | Loss: -1.2767 | Epoch: 2425
    Eq theta: 1.00000omega
    Eq omega: 0.000551 + -0.00134theta + -0.00155omega + 0.00006theta^2 + -0.00022theta omega + -0.00023omega^2

--- Chunk 30793 (214/220) | Start: 2024-12-05 03:35:00 ---
    RMSE omega: 0.005980 | RMSE theta: 0.114257 | Loss: -43026.5898 | Epoch: 2061
    Eq theta: 1.00000omega
    Eq omega: 0.001501 + -0.00061theta + 0.01156omega + -0.00087theta^2 + -0.00043theta omega + -0.00183omega^2

--- Chunk 30794 (215/220) | Start: 2024-12-05 03:40:00 ---
    RMSE omega: 0.013541 | RMSE theta: 0.438448 | Loss: -53.0034 | Epoch: 1697
    Eq theta: 1.00000omega
    Eq omega: 0.004171 + -0.05052theta + -0.00009omega + 0.00041theta^2 + -0.00168theta omega + 0.00134omega^2

--- Chunk 30795 (216/220) | Start: 2024-12-05 03:45:00 ---
    RMSE omega: nan | RMSE theta: nan | Loss: 16.0190 | Epoch: 224
    Eq theta: 1.00000omega
    Eq omega: nan1 + nantheta + nanomega + nantheta^2 + nantheta omega + nanomega^2

--- Chunk 30796 (217/220) | Start: 2024-12-05 03:50:00 ---
    RMSE omega: nan | RMSE theta: nan | Loss: 18107.2285 | Epoch: 5
    Eq theta: 1.00000omega
    Eq omega: nan1 + nantheta + nanomega + nantheta^2 + nantheta omega + nanomega^2

--- Chunk 30797 (218/220) | Start: 2024-12-05 03:55:00 ---
    RMSE omega: nan | RMSE theta: nan | Loss: 195.2989 | Epoch: 16
    Eq theta: 1.00000omega
    Eq omega: nan1 + nantheta + nanomega + nantheta^2 + nantheta omega + nanomega^2

--- Chunk 30798 (219/220) | Start: 2024-12-05 04:00:00 ---
    RMSE omega: 0.004351 | RMSE theta: 0.035441 | Loss: -2.5323 | Epoch: 918
    Eq theta: 1.00000omega
    Eq omega: -0.065141 + -0.69841theta + -0.00629omega + -0.31051theta^2 + 0.04156theta omega + 0.16147omega^2

--- Chunk 30799 (220/220) | Start: 2024-12-05 04:05:00 ---
    RMSE omega: 0.008152 | RMSE theta: 0.300775 | Loss: -71.2850 | Epoch: 985
    Eq theta: 1.00000omega
    Eq omega: 0.000591 + -0.30520theta + 0.00410omega + 0.00768theta^2 + 0.01120theta omega + -0.01652omega^2

  [Progress 220/220] Mean RMSE omega: 0.013183 | Mean loss: -10419130185430455612866560.0000 | Valid: 164/220 | Elapsed: 91.7min | ETA: 0.0min

============================================================
EVALUATION COMPLETE — Chunks [30580, 30799]
============================================================
Chunks processed: 220
Chunks succeeded: 164 (74.5%)
Mean RMSE omega:  0.013183 ± 0.012084
Mean RMSE theta:  0.336358 ± 0.452629
Mean RMSE total:  0.238119
Mean Loss:        -10419130185430455612866560.0000 ± 118965333214001739962777600.0000
Elapsed time:     91.7 minutes

Per-chunk CSV: /pfs/data6/home/ka/ka_iai/ka_bj2362/dsr/svise/results_5min_all_chunks/run_SLURM_3708675/chunks_30580_to_30799_20260320_061813.csv
Summary JSON:  /pfs/data6/home/ka/ka_iai/ka_bj2362/dsr/svise/results_5min_all_chunks/run_SLURM_3708675/summary_30580_to_30799_20260320_061813.json
============================================================

============================= JOB FEEDBACK =============================

NodeName=uc3n102
Job ID: 3709234
Array Job ID: 3708675_139
Cluster: uc3
User/Group: ka_bj2362/ka_iai
State: COMPLETED (exit code 0)
Nodes: 1
Cores per node: 4
CPU Utilized: 01:31:10
CPU Efficiency: 24.74% of 06:08:28 core-walltime
Job Wall-clock time: 01:32:07
Memory Utilized: 2.42 GB
Memory Efficiency: 20.13% of 12.00 GB (12.00 GB/node)
