Array task 352: processing chunks 77440 to 77659
Loading data from /pfs/data6/home/ka/ka_iai/ka_bj2362/dsr/svise/../dataset/South_Korea_2024-08-15_2025-08-31_1s.parquet...
Finding all valid 5-minute chunks in the dataset...
Found 107059 valid 5-minute chunks in total.

============================================================
SVISE FINAL EVALUATION — ALL CHUNKS
============================================================
Hyperparameters: {
  "model": "integrator",
  "sigma": 0,
  "degree": 2,
  "tau": 1e-05,
  "lr": 0.1,
  "n_tau": 100,
  "measurement_noise": 0.001,
  "n_reparam_samples": 15
}
Total valid chunks in dataset: 107059
Processing chunk range: [77440, 77659] (220 chunks)
Early stopping: patience=300, max_epochs=10000
============================================================


--- Chunk 77440 (1/220) | Start: 2025-05-20 22:20:00 ---
/pfs/data6/home/ka/ka_iai/ka_bj2362/dsr/svise/svise/sde_learning/_marginal_sde.py:284: UserWarning: torch.triangular_solve is deprecated in favor of torch.linalg.solve_triangularand will be removed in a future PyTorch release.
torch.linalg.solve_triangular has its arguments reversed and does not return a copy of one of the inputs.
X = torch.triangular_solve(B, A).solution
should be replaced with
X = torch.linalg.solve_triangular(A, B). (Triggered internally at ../aten/src/ATen/native/BatchLinearAlgebra.cpp:2192.)
  return torch.triangular_solve(self.raw_w, self.C.t()).solution
/pfs/data6/home/ka/ka_iai/ka_bj2362/dsr/svise/svise/quadrature/_unbiased_quadrature.py:196: UserWarning: Interp is nan, reducing interp degree.
  warnings.warn("Interp is nan, reducing interp degree.")
    RMSE omega: 0.007094 | RMSE theta: 0.060531 | Loss: -0.9274 | Epoch: 1605
    Eq theta: 1.00000omega
    Eq omega: -0.000701 + 0.00100theta + 0.00055omega + -0.00002theta^2 + 0.00040theta omega + -0.00013omega^2

--- Chunk 77441 (2/220) | Start: 2025-05-20 22:25:00 ---
    RMSE omega: 0.007190 | RMSE theta: 0.385688 | Loss: -61.0513 | Epoch: 2804
    Eq theta: 1.00000omega
    Eq omega: 0.000841 + -0.00009theta + 0.00131omega + 0.00015theta^2 + 0.00018theta omega + 0.00144omega^2

--- Chunk 77442 (3/220) | Start: 2025-05-20 22:30:00 ---
/pfs/data6/home/ka/ka_iai/ka_bj2362/dsr/svise/svise/quadrature/_unbiased_quadrature.py:174: UserWarning: NaN detected in fxq (quadrature node evaluations). Clamping to 0.
  warnings.warn("NaN detected in fxq (quadrature node evaluations). Clamping to 0.")
/pfs/data6/home/ka/ka_iai/ka_bj2362/dsr/svise/svise/quadrature/_unbiased_quadrature.py:177: UserWarning: NaN detected in fmc (Monte-Carlo node evaluations). Clamping to 0.
  warnings.warn("NaN detected in fmc (Monte-Carlo node evaluations). Clamping to 0.")
    RMSE omega: nan | RMSE theta: nan | Loss: 1153.6746 | Epoch: 32
    Eq theta: 1.00000omega
    Eq omega: nan1 + nantheta + nanomega + nantheta^2 + nantheta omega + nanomega^2

--- Chunk 77443 (4/220) | Start: 2025-05-20 22:35:00 ---
    RMSE omega: 0.007429 | RMSE theta: 0.517426 | Loss: -3.6265 | Epoch: 3125
    Eq theta: 1.00000omega
    Eq omega: 0.004161 + -0.00010theta + 0.00375omega + -0.00006theta^2 + 0.00054theta omega + -0.00086omega^2

--- Chunk 77444 (5/220) | Start: 2025-05-20 22:40:00 ---
    RMSE omega: nan | RMSE theta: nan | Loss: 4351.5234 | Epoch: 25
    Eq theta: 1.00000omega
    Eq omega: nan1 + nantheta + nanomega + nantheta^2 + nantheta omega + nanomega^2

--- Chunk 77445 (6/220) | Start: 2025-05-20 22:45:00 ---
    RMSE omega: 0.023532 | RMSE theta: 0.483064 | Loss: 234.1113 | Epoch: 146
    Eq theta: 1.00000omega
    Eq omega: 0.006431 + 0.00192theta + 0.00967omega + 0.00001theta^2 + 0.00005theta omega + 0.00517omega^2

--- Chunk 77446 (7/220) | Start: 2025-05-20 22:50:00 ---
    RMSE omega: 0.031787 | RMSE theta: 1.240901 | Loss: 873.0062 | Epoch: 107
    Eq theta: 1.00000omega
    Eq omega: 0.003201 + -0.00002theta + -0.00048omega + 0.00000theta^2 + -0.00001theta omega + -0.00006omega^2

--- Chunk 77447 (8/220) | Start: 2025-05-20 22:55:00 ---
    RMSE omega: 0.014721 | RMSE theta: 0.513408 | Loss: 100.0000 | Epoch: 1382
    Eq theta: 1.00000omega
    Eq omega: 0.009071 + -0.00038theta + 0.03219omega + -0.00222theta^2 + 0.00004theta omega + 0.00021omega^2

--- Chunk 77448 (9/220) | Start: 2025-05-20 23:00:00 ---
    RMSE omega: 0.004503 | RMSE theta: 0.052881 | Loss: -2.7305 | Epoch: 1851
    Eq theta: 1.00000omega
    Eq omega: -0.028601 + -0.74718theta + -0.00719omega + -0.00902theta^2 + 0.00696theta omega + -0.00065omega^2

--- Chunk 77449 (10/220) | Start: 2025-05-20 23:05:00 ---
    RMSE omega: nan | RMSE theta: nan | Loss: 57.2629 | Epoch: 46
    Eq theta: 1.00000omega
    Eq omega: nan1 + nantheta + nanomega + nantheta^2 + nantheta omega + nanomega^2

--- Chunk 77450 (11/220) | Start: 2025-05-20 23:10:00 ---
    RMSE omega: nan | RMSE theta: nan | Loss: 27154.0840 | Epoch: 19
    Eq theta: 1.00000omega
    Eq omega: nan1 + nantheta + nanomega + nantheta^2 + nantheta omega + nanomega^2

--- Chunk 77451 (12/220) | Start: 2025-05-20 23:15:00 ---
    RMSE omega: 0.029805 | RMSE theta: 0.193399 | Loss: 101.9657 | Epoch: 208
    Eq theta: 1.00000omega
    Eq omega: 0.110701 + -0.12938theta + -0.26470omega + 0.02374theta^2 + 0.02969theta omega + 0.00532omega^2

--- Chunk 77452 (13/220) | Start: 2025-05-20 23:20:00 ---
    RMSE omega: 0.004792 | RMSE theta: 0.059009 | Loss: -1.2883 | Epoch: 1073
    Eq theta: 1.00000omega
    Eq omega: -0.005811 + 0.00089theta + -0.00091omega + -0.00029theta^2 + 0.00044theta omega + -0.00017omega^2

--- Chunk 77453 (14/220) | Start: 2025-05-20 23:25:00 ---
    RMSE omega: 0.015044 | RMSE theta: 0.139105 | Loss: 0.5750 | Epoch: 3154
    Eq theta: 1.00000omega
    Eq omega: 0.000061 + -0.00068theta + -0.00148omega + -0.00004theta^2 + -0.00011theta omega + 0.00035omega^2

--- Chunk 77454 (15/220) | Start: 2025-05-20 23:30:00 ---
    RMSE omega: nan | RMSE theta: nan | Loss: 343.4031 | Epoch: 34
    Eq theta: 1.00000omega
    Eq omega: nan1 + nantheta + nanomega + nantheta^2 + nantheta omega + nanomega^2

--- Chunk 77455 (16/220) | Start: 2025-05-20 23:35:00 ---
    RMSE omega: 0.021997 | RMSE theta: 0.755779 | Loss: -1878.8190 | Epoch: 2339
    Eq theta: 1.00000omega
    Eq omega: -0.003061 + -0.08906theta + -0.00158omega + -0.00192theta^2 + -0.00075theta omega + -0.01084omega^2

--- Chunk 77456 (17/220) | Start: 2025-05-20 23:40:00 ---
    RMSE omega: 0.007403 | RMSE theta: 0.258084 | Loss: -1.1483 | Epoch: 2340
    Eq theta: 1.00000omega
    Eq omega: -0.014171 + -0.06827theta + -0.00396omega + -0.00546theta^2 + -0.00107theta omega + 0.00871omega^2

--- Chunk 77457 (18/220) | Start: 2025-05-20 23:45:00 ---
    RMSE omega: 0.004701 | RMSE theta: 0.080065 | Loss: 2.9267 | Epoch: 1973
    Eq theta: 1.00000omega
    Eq omega: 0.011681 + 0.00019theta + 0.00061omega + 0.00001theta^2 + -0.00026theta omega + -0.00097omega^2

--- Chunk 77458 (19/220) | Start: 2025-05-20 23:50:00 ---
    RMSE omega: 0.021437 | RMSE theta: 0.128603 | Loss: 56.9563 | Epoch: 82
    Eq theta: 1.00000omega
    Eq omega: 0.002161 + -0.62519theta + -0.00269omega + 0.04418theta^2 + -0.01408theta omega + -0.00125omega^2

--- Chunk 77459 (20/220) | Start: 2025-05-20 23:55:00 ---
    RMSE omega: 0.045921 | RMSE theta: 3.054770 | Loss: -6109603.5000 | Epoch: 1447
    Eq theta: 1.00000omega
    Eq omega: -1.970631 + -0.18278theta + 0.02307omega + -0.00380theta^2 + 0.00331theta omega + 0.01838omega^2

--- Chunk 77460 (21/220) | Start: 2025-05-21 00:00:00 ---
    RMSE omega: 0.009850 | RMSE theta: 0.882944 | Loss: -55876251648.0000 | Epoch: 1822
    Eq theta: 1.00000omega
    Eq omega: -0.001641 + 0.00049theta + -0.00052omega + 0.00011theta^2 + -0.00047theta omega + 0.00041omega^2

--- Chunk 77461 (22/220) | Start: 2025-05-21 00:05:00 ---
    RMSE omega: 0.004765 | RMSE theta: 0.050784 | Loss: 0.6420 | Epoch: 1510
    Eq theta: 1.00000omega
    Eq omega: 0.002081 + 0.00017theta + -0.00077omega + 0.00054theta^2 + 0.00057theta omega + -0.00067omega^2

--- Chunk 77462 (23/220) | Start: 2025-05-21 00:10:00 ---
    RMSE omega: nan | RMSE theta: nan | Loss: 173.9789 | Epoch: 52
    Eq theta: 1.00000omega
    Eq omega: nan1 + nantheta + nanomega + nantheta^2 + nantheta omega + nanomega^2

--- Chunk 77463 (24/220) | Start: 2025-05-21 00:15:00 ---
    RMSE omega: 0.025090 | RMSE theta: 0.258357 | Loss: -499830.4688 | Epoch: 1082
    Eq theta: 1.00000omega
    Eq omega: 0.000601 + -0.00209theta + 0.00020omega + 0.00012theta^2 + 0.00028theta omega + -0.00001omega^2

--- Chunk 77464 (25/220) | Start: 2025-05-21 00:20:00 ---
    RMSE omega: 0.010014 | RMSE theta: 0.249447 | Loss: 32.5547 | Epoch: 1764
    Eq theta: 1.00000omega
    Eq omega: 0.000531 + -0.00006theta + -0.00094omega + 0.00000theta^2 + -0.00003theta omega + 0.00021omega^2

--- Chunk 77465 (26/220) | Start: 2025-05-21 00:25:00 ---
    RMSE omega: 0.007130 | RMSE theta: 0.232200 | Loss: 12.9691 | Epoch: 3601
    Eq theta: 1.00000omega
    Eq omega: -0.001201 + -0.00011theta + -0.00051omega + 0.00000theta^2 + 0.00002theta omega + -0.00100omega^2

--- Chunk 77466 (27/220) | Start: 2025-05-21 00:30:00 ---
    RMSE omega: 0.006309 | RMSE theta: 0.222345 | Loss: 3.5374 | Epoch: 1949
    Eq theta: 1.00000omega
    Eq omega: 0.001181 + 0.00009theta + 0.00004omega + -0.00005theta^2 + 0.00012theta omega + -0.00004omega^2

--- Chunk 77467 (28/220) | Start: 2025-05-21 00:35:00 ---
    RMSE omega: 0.005615 | RMSE theta: 0.207684 | Loss: -0.6524 | Epoch: 1579
    Eq theta: 1.00000omega
    Eq omega: 0.000761 + 0.00043theta + 0.00010omega + 0.00060theta^2 + -0.00031theta omega + -0.00011omega^2

--- Chunk 77468 (29/220) | Start: 2025-05-21 00:40:00 ---
    RMSE omega: 0.004222 | RMSE theta: 0.072854 | Loss: -2.4217 | Epoch: 1106
    Eq theta: 1.00000omega
    Eq omega: -0.001371 + -0.00042theta + 0.00062omega + 0.00091theta^2 + -0.00238theta omega + -0.00448omega^2

--- Chunk 77469 (30/220) | Start: 2025-05-21 00:45:00 ---
    RMSE omega: 0.021288 | RMSE theta: 0.169258 | Loss: 23.6473 | Epoch: 65
    Eq theta: 1.00000omega
    Eq omega: 0.005861 + -0.02595theta + 0.00428omega + -0.00020theta^2 + -0.00048theta omega + 0.00199omega^2

--- Chunk 77470 (31/220) | Start: 2025-05-21 00:50:00 ---
    RMSE omega: 0.046539 | RMSE theta: 1.779626 | Loss: -33893580.0000 | Epoch: 662
    Eq theta: 1.00000omega
    Eq omega: -0.000031 + 0.00003theta + 0.00303omega + 0.00002theta^2 + 0.00004theta omega + 0.00018omega^2

--- Chunk 77471 (32/220) | Start: 2025-05-21 00:55:00 ---
    RMSE omega: 0.004496 | RMSE theta: 0.095774 | Loss: -0.7720 | Epoch: 1875
    Eq theta: 1.00000omega
    Eq omega: 0.001871 + 0.00048theta + -0.00629omega + -0.00108theta^2 + 0.00193theta omega + -0.00167omega^2

--- Chunk 77472 (33/220) | Start: 2025-05-21 01:00:00 ---
    RMSE omega: 0.004583 | RMSE theta: 0.073993 | Loss: -2.5103 | Epoch: 2198
    Eq theta: 1.00000omega
    Eq omega: -0.000281 + -0.00169theta + 0.00046omega + 0.00032theta^2 + -0.00077theta omega + 0.00150omega^2

--- Chunk 77473 (34/220) | Start: 2025-05-21 01:05:00 ---
    RMSE omega: 0.043948 | RMSE theta: 1.136481 | Loss: 919.9995 | Epoch: 58
    Eq theta: 1.00000omega
    Eq omega: 0.002101 + 0.00010theta + -0.00380omega + -0.00001theta^2 + -0.00002theta omega + -0.00222omega^2

--- Chunk 77474 (35/220) | Start: 2025-05-21 01:10:00 ---
    RMSE omega: 0.007011 | RMSE theta: 0.044246 | Loss: -11939155.0000 | Epoch: 2256
    Eq theta: 1.00000omega
    Eq omega: -0.001891 + -0.00075theta + 0.00215omega + -0.00050theta^2 + -0.00084theta omega + 0.00137omega^2

--- Chunk 77475 (36/220) | Start: 2025-05-21 01:15:00 ---
    RMSE omega: 0.006579 | RMSE theta: 0.304095 | Loss: 0.7561 | Epoch: 2068
    Eq theta: 1.00000omega
    Eq omega: -0.000211 + -0.00070theta + 0.00002omega + -0.00011theta^2 + 0.00026theta omega + -0.00016omega^2

--- Chunk 77476 (37/220) | Start: 2025-05-21 01:20:00 ---
    RMSE omega: nan | RMSE theta: nan | Loss: 30.3980 | Epoch: 58
    Eq theta: 1.00000omega
    Eq omega: nan1 + nantheta + nanomega + nantheta^2 + nantheta omega + nanomega^2

--- Chunk 77477 (38/220) | Start: 2025-05-21 01:25:00 ---
    RMSE omega: 0.005000 | RMSE theta: 0.182882 | Loss: -0.8133 | Epoch: 2021
    Eq theta: 1.00000omega
    Eq omega: 0.000901 + -0.00000theta + 0.00043omega + -0.00002theta^2 + -0.00045theta omega + -0.00002omega^2

--- Chunk 77478 (39/220) | Start: 2025-05-21 01:30:00 ---
    RMSE omega: 0.043658 | RMSE theta: 0.558706 | Loss: 323.3380 | Epoch: 555
    Eq theta: 1.00000omega
    Eq omega: -0.002641 + -0.09127theta + 0.09482omega + -0.01886theta^2 + 0.02237theta omega + 0.06826omega^2

--- Chunk 77479 (40/220) | Start: 2025-05-21 01:35:00 ---
    RMSE omega: 0.006650 | RMSE theta: 0.219181 | Loss: 0.4803 | Epoch: 1872
    Eq theta: 1.00000omega
    Eq omega: 0.002351 + -0.00063theta + -0.00038omega + -0.00009theta^2 + -0.00049theta omega + -0.00011omega^2

--- Chunk 77480 (41/220) | Start: 2025-05-21 01:40:00 ---
    RMSE omega: 0.005502 | RMSE theta: 0.130111 | Loss: 9.5133 | Epoch: 1906
    Eq theta: 1.00000omega
    Eq omega: 0.000161 + 0.00000theta + -0.00084omega + -0.00001theta^2 + -0.00000theta omega + -0.00008omega^2

--- Chunk 77481 (42/220) | Start: 2025-05-21 01:45:00 ---
    RMSE omega: 0.003661 | RMSE theta: 0.096873 | Loss: -4010.4690 | Epoch: 1595
    Eq theta: 1.00000omega
    Eq omega: 0.002281 + 0.00007theta + -0.00048omega + -0.00008theta^2 + -0.00090theta omega + -0.00198omega^2

--- Chunk 77482 (43/220) | Start: 2025-05-21 01:50:00 ---
    RMSE omega: 0.003868 | RMSE theta: 0.044756 | Loss: -2.0034 | Epoch: 2051
    Eq theta: 1.00000omega
    Eq omega: 0.006491 + -0.02490theta + -0.00192omega + -0.00071theta^2 + -0.00124theta omega + 0.02020omega^2

--- Chunk 77483 (44/220) | Start: 2025-05-21 01:55:00 ---
    RMSE omega: 0.004212 | RMSE theta: 0.098035 | Loss: 0.6011 | Epoch: 1824
    Eq theta: 1.00000omega
    Eq omega: 0.001571 + 0.00033theta + -0.00055omega + 0.00026theta^2 + 0.00009theta omega + 0.00121omega^2

--- Chunk 77484 (45/220) | Start: 2025-05-21 02:00:00 ---
    RMSE omega: 0.008526 | RMSE theta: 0.410203 | Loss: 24.4533 | Epoch: 4289
    Eq theta: 1.00000omega
    Eq omega: -0.014491 + -0.04784theta + 0.00825omega + 0.00014theta^2 + 0.00007theta omega + -0.00043omega^2

--- Chunk 77485 (46/220) | Start: 2025-05-21 02:05:00 ---
    RMSE omega: 0.004441 | RMSE theta: 0.106229 | Loss: -1.0550 | Epoch: 1340
    Eq theta: 1.00000omega
    Eq omega: 0.000791 + 0.00115theta + -0.00081omega + -0.00051theta^2 + 0.00013theta omega + -0.00258omega^2

--- Chunk 77486 (47/220) | Start: 2025-05-21 02:10:00 ---
    RMSE omega: 0.027770 | RMSE theta: 0.353619 | Loss: -138.1043 | Epoch: 495
    Eq theta: 1.00000omega
    Eq omega: -0.000471 + -0.00139theta + 0.01885omega + -0.00038theta^2 + 0.00202theta omega + -0.00154omega^2

--- Chunk 77487 (48/220) | Start: 2025-05-21 02:15:00 ---
    RMSE omega: 0.010968 | RMSE theta: 0.457325 | Loss: 22.9490 | Epoch: 3752
    Eq theta: 1.00000omega
    Eq omega: -0.000111 + -0.00031theta + 0.00190omega + 0.00057theta^2 + -0.00010theta omega + -0.00015omega^2

--- Chunk 77488 (49/220) | Start: 2025-05-21 02:20:00 ---
    RMSE omega: 0.046196 | RMSE theta: 0.995175 | Loss: -662.3235 | Epoch: 381
    Eq theta: 1.00000omega
    Eq omega: -0.023121 + -0.00094theta + -0.00015omega + -0.00009theta^2 + -0.00005theta omega + 0.00005omega^2

--- Chunk 77489 (50/220) | Start: 2025-05-21 02:25:00 ---
    RMSE omega: 0.003476 | RMSE theta: 0.039363 | Loss: -1.8558 | Epoch: 1529
    Eq theta: 1.00000omega
    Eq omega: -0.001011 + -0.00054theta + -0.00041omega + -0.00003theta^2 + -0.00013theta omega + 0.00214omega^2

  [Progress 50/220] Mean RMSE omega: 0.014622 | Mean loss: -1118573291.6047 | Valid: 43/50 | Elapsed: 25.9min | ETA: 87.9min

--- Chunk 77490 (51/220) | Start: 2025-05-21 02:30:00 ---
    RMSE omega: nan | RMSE theta: nan | Loss: 6054.8281 | Epoch: 16
    Eq theta: 1.00000omega
    Eq omega: nan1 + nantheta + nanomega + nantheta^2 + nantheta omega + nanomega^2

--- Chunk 77491 (52/220) | Start: 2025-05-21 02:35:00 ---
    RMSE omega: 0.020577 | RMSE theta: 0.373689 | Loss: -4211.3540 | Epoch: 425
    Eq theta: 1.00000omega
    Eq omega: 0.002511 + -0.18388theta + -0.00890omega + -0.00343theta^2 + -0.00189theta omega + 0.00415omega^2

--- Chunk 77492 (53/220) | Start: 2025-05-21 02:40:00 ---
    RMSE omega: 0.003912 | RMSE theta: 0.040275 | Loss: -0.8723 | Epoch: 1514
    Eq theta: 1.00000omega
    Eq omega: 0.000181 + -0.00098theta + -0.00224omega + -0.00048theta^2 + 0.00084theta omega + -0.00007omega^2

--- Chunk 77493 (54/220) | Start: 2025-05-21 02:45:00 ---
    RMSE omega: 0.003840 | RMSE theta: 0.060713 | Loss: 0.4381 | Epoch: 1603
    Eq theta: 1.00000omega
    Eq omega: -0.009211 + 0.00028theta + 0.00024omega + 0.00185theta^2 + -0.00118theta omega + -0.00380omega^2

--- Chunk 77494 (55/220) | Start: 2025-05-21 02:50:00 ---
    RMSE omega: 0.004581 | RMSE theta: 0.079736 | Loss: -1.6954 | Epoch: 2016
    Eq theta: 1.00000omega
    Eq omega: -0.001101 + -0.00017theta + -0.00078omega + -0.00019theta^2 + -0.00024theta omega + -0.00112omega^2

--- Chunk 77495 (56/220) | Start: 2025-05-21 02:55:00 ---
    RMSE omega: 0.031020 | RMSE theta: 0.726413 | Loss: 180.6442 | Epoch: 52
    Eq theta: 1.00000omega
    Eq omega: 0.003181 + -0.00001theta + 0.00026omega + -0.00009theta^2 + -0.00026theta omega + -0.00030omega^2

--- Chunk 77496 (57/220) | Start: 2025-05-21 03:00:00 ---
    RMSE omega: nan | RMSE theta: nan | Loss: -163929905796583576544739328.0000 | Epoch: 1844
    Eq theta: 1.00000omega
    Eq omega: nan1 + nantheta + nanomega + nantheta^2 + nantheta omega + nanomega^2

--- Chunk 77497 (58/220) | Start: 2025-05-21 03:05:00 ---
    RMSE omega: 0.009044 | RMSE theta: 0.308827 | Loss: -7.1650 | Epoch: 2505
    Eq theta: 1.00000omega
    Eq omega: 0.001541 + 0.00042theta + -0.00210omega + -0.00041theta^2 + -0.00079theta omega + 0.00355omega^2

--- Chunk 77498 (59/220) | Start: 2025-05-21 03:10:00 ---
    RMSE omega: 0.006196 | RMSE theta: 0.124938 | Loss: 3.7015 | Epoch: 1239
    Eq theta: 1.00000omega
    Eq omega: 0.008821 + -0.00031theta + 0.00033omega + 0.00019theta^2 + 0.00006theta omega + -0.00007omega^2

--- Chunk 77499 (60/220) | Start: 2025-05-21 03:15:00 ---
    RMSE omega: 0.004583 | RMSE theta: 0.036534 | Loss: -1.6835 | Epoch: 1063
    Eq theta: 1.00000omega
    Eq omega: -0.008091 + -0.53461theta + 0.00054omega + -0.57441theta^2 + 0.07107theta omega + 0.07290omega^2

--- Chunk 77500 (61/220) | Start: 2025-05-21 03:20:00 ---
    RMSE omega: 0.008809 | RMSE theta: 0.968744 | Loss: -3992568580800512.0000 | Epoch: 2971
    Eq theta: 1.00000omega
    Eq omega: -0.204081 + 0.03040theta + -19.56045omega + -0.07051theta^2 + -0.01624theta omega + 0.00786omega^2

--- Chunk 77501 (62/220) | Start: 2025-05-21 03:25:00 ---
    RMSE omega: 0.012991 | RMSE theta: 0.219722 | Loss: -185.8152 | Epoch: 3292
    Eq theta: 1.00000omega
    Eq omega: -0.004071 + -0.00007theta + 0.00170omega + 0.00007theta^2 + -0.00030theta omega + 0.00003omega^2

--- Chunk 77502 (63/220) | Start: 2025-05-21 03:30:00 ---
    RMSE omega: 0.003532 | RMSE theta: 0.050994 | Loss: -1.1521 | Epoch: 1250
    Eq theta: 1.00000omega
    Eq omega: -0.002541 + -0.00165theta + -0.00041omega + 0.00068theta^2 + -0.00222theta omega + 0.00521omega^2

--- Chunk 77503 (64/220) | Start: 2025-05-21 03:35:00 ---
    RMSE omega: 0.007747 | RMSE theta: 0.071120 | Loss: -1.3801 | Epoch: 1794
    Eq theta: 1.00000omega
    Eq omega: -0.000041 + -0.00153theta + 0.00102omega + -0.00200theta^2 + 0.00011theta omega + -0.01388omega^2

--- Chunk 77504 (65/220) | Start: 2025-05-21 03:40:00 ---
    RMSE omega: 0.045713 | RMSE theta: 1.003159 | Loss: -65717.3906 | Epoch: 532
    Eq theta: 1.00000omega
    Eq omega: 0.002021 + -0.00102theta + -0.00125omega + 0.00019theta^2 + 0.00006theta omega + -0.00419omega^2

--- Chunk 77505 (66/220) | Start: 2025-05-21 03:45:00 ---
    RMSE omega: 0.005830 | RMSE theta: 0.067667 | Loss: -2.8443 | Epoch: 949
    Eq theta: 1.00000omega
    Eq omega: -0.004521 + -0.70132theta + -0.01725omega + -0.00367theta^2 + -0.05927theta omega + 0.13827omega^2

--- Chunk 77506 (67/220) | Start: 2025-05-21 03:50:00 ---
    RMSE omega: 0.029242 | RMSE theta: 0.414479 | Loss: -168.1354 | Epoch: 418
    Eq theta: 1.00000omega
    Eq omega: -0.040811 + -0.00268theta + -0.01110omega + -0.02464theta^2 + 0.06796theta omega + -0.00482omega^2

--- Chunk 77507 (68/220) | Start: 2025-05-21 03:55:00 ---
    RMSE omega: nan | RMSE theta: nan | Loss: 24.5234 | Epoch: 61
    Eq theta: 1.00000omega
    Eq omega: nan1 + nantheta + nanomega + nantheta^2 + nantheta omega + nanomega^2

--- Chunk 77508 (69/220) | Start: 2025-05-21 04:00:00 ---
    RMSE omega: 0.004339 | RMSE theta: 0.125274 | Loss: 1.6530 | Epoch: 1980
    Eq theta: 1.00000omega
    Eq omega: -0.003681 + 0.00014theta + 0.00163omega + -0.00015theta^2 + 0.00019theta omega + -0.00140omega^2

--- Chunk 77509 (70/220) | Start: 2025-05-21 04:05:00 ---
    RMSE omega: nan | RMSE theta: nan | Loss: 625.5135 | Epoch: 31
    Eq theta: 1.00000omega
    Eq omega: nan1 + nantheta + nanomega + nantheta^2 + nantheta omega + nanomega^2

--- Chunk 77510 (71/220) | Start: 2025-05-21 04:10:00 ---
    RMSE omega: nan | RMSE theta: nan | Loss: 319.7147 | Epoch: 33
    Eq theta: 1.00000omega
    Eq omega: nan1 + nantheta + nanomega + nantheta^2 + nantheta omega + nanomega^2

--- Chunk 77511 (72/220) | Start: 2025-05-21 04:15:00 ---
    RMSE omega: nan | RMSE theta: nan | Loss: 112.4369 | Epoch: 26
    Eq theta: 1.00000omega
    Eq omega: nan1 + nantheta + nanomega + nantheta^2 + nantheta omega + nanomega^2

--- Chunk 77512 (73/220) | Start: 2025-05-21 04:20:00 ---
    RMSE omega: 0.004613 | RMSE theta: 0.040581 | Loss: -0.8052 | Epoch: 1839
    Eq theta: 1.00000omega
    Eq omega: -0.002901 + -0.01406theta + 0.00266omega + -0.00095theta^2 + -0.00077theta omega + -0.00584omega^2

--- Chunk 77513 (74/220) | Start: 2025-05-21 04:25:00 ---
    RMSE omega: 0.005519 | RMSE theta: 0.056615 | Loss: 3.6522 | Epoch: 1754
    Eq theta: 1.00000omega
    Eq omega: 0.000361 + 0.00107theta + -0.00021omega + -0.00002theta^2 + 0.00018theta omega + -0.00134omega^2

--- Chunk 77514 (75/220) | Start: 2025-05-21 04:30:00 ---
    RMSE omega: 0.014297 | RMSE theta: 0.097646 | Loss: -199897232.0000 | Epoch: 1029
    Eq theta: 1.00000omega
    Eq omega: -0.002671 + -0.00012theta + -0.00704omega + -0.00008theta^2 + -0.00028theta omega + -0.00117omega^2

--- Chunk 77515 (76/220) | Start: 2025-05-21 04:35:00 ---
    RMSE omega: 0.013759 | RMSE theta: 0.318128 | Loss: -11989675.0000 | Epoch: 2501
    Eq theta: 1.00000omega
    Eq omega: 0.000881 + -0.00007theta + -0.00011omega + -0.00000theta^2 + 0.00001theta omega + 0.00000omega^2

--- Chunk 77516 (77/220) | Start: 2025-05-21 04:40:00 ---
    RMSE omega: 0.005071 | RMSE theta: 0.228078 | Loss: -106.0066 | Epoch: 1934
    Eq theta: 1.00000omega
    Eq omega: -0.001141 + -0.00124theta + -0.00070omega + -0.00016theta^2 + -0.00034theta omega + -0.00043omega^2

--- Chunk 77517 (78/220) | Start: 2025-05-21 04:45:00 ---
    RMSE omega: nan | RMSE theta: nan | Loss: 539.1900 | Epoch: 32
    Eq theta: 1.00000omega
    Eq omega: nan1 + nantheta + nanomega + nantheta^2 + nantheta omega + nanomega^2

--- Chunk 77518 (79/220) | Start: 2025-05-21 04:50:00 ---
    RMSE omega: 0.005634 | RMSE theta: 0.213042 | Loss: -0.1454 | Epoch: 1765
    Eq theta: 1.00000omega
    Eq omega: -0.000931 + -0.00078theta + -0.00385omega + 0.00015theta^2 + 0.00054theta omega + 0.00046omega^2

--- Chunk 77519 (80/220) | Start: 2025-05-21 04:55:00 ---
    RMSE omega: 0.006432 | RMSE theta: 0.083197 | Loss: 0.6651 | Epoch: 2057
    Eq theta: 1.00000omega
    Eq omega: 0.001321 + 0.00035theta + 0.00229omega + -0.00037theta^2 + -0.00293theta omega + 0.00279omega^2

--- Chunk 77520 (81/220) | Start: 2025-05-21 05:00:00 ---
    RMSE omega: nan | RMSE theta: nan | Loss: 224.3881 | Epoch: 37
    Eq theta: 1.00000omega
    Eq omega: nan1 + nantheta + nanomega + nantheta^2 + nantheta omega + nanomega^2

--- Chunk 77521 (82/220) | Start: 2025-05-21 05:05:00 ---
    RMSE omega: 0.004230 | RMSE theta: 0.082909 | Loss: -0.0194 | Epoch: 1280
    Eq theta: 1.00000omega
    Eq omega: -0.001731 + 0.00050theta + 0.00040omega + -0.00003theta^2 + 0.00021theta omega + -0.00051omega^2

--- Chunk 77522 (83/220) | Start: 2025-05-21 05:10:00 ---
    RMSE omega: 0.003873 | RMSE theta: 0.170892 | Loss: 1.6106 | Epoch: 2168
    Eq theta: 1.00000omega
    Eq omega: -0.000911 + -0.00015theta + -0.00706omega + 0.00023theta^2 + -0.00024theta omega + 0.00055omega^2

--- Chunk 77523 (84/220) | Start: 2025-05-21 05:15:00 ---
    RMSE omega: 0.003812 | RMSE theta: 0.128772 | Loss: -0.2091 | Epoch: 2622
    Eq theta: 1.00000omega
    Eq omega: 0.012481 + 0.00007theta + 0.00062omega + 0.00024theta^2 + -0.00101theta omega + -0.00063omega^2

--- Chunk 77524 (85/220) | Start: 2025-05-21 05:20:00 ---
    RMSE omega: 0.005542 | RMSE theta: 0.080021 | Loss: 0.5766 | Epoch: 2168
    Eq theta: 1.00000omega
    Eq omega: 0.002551 + -0.00098theta + 0.00329omega + -0.00020theta^2 + 0.00041theta omega + 0.00259omega^2

--- Chunk 77525 (86/220) | Start: 2025-05-21 05:25:00 ---
    RMSE omega: 0.039544 | RMSE theta: 0.389088 | Loss: -484630.4375 | Epoch: 2413
    Eq theta: 1.00000omega
    Eq omega: -0.011441 + -0.00025theta + -0.00385omega + 0.00033theta^2 + 0.00019theta omega + 0.00031omega^2

--- Chunk 77526 (87/220) | Start: 2025-05-21 05:30:00 ---
    RMSE omega: nan | RMSE theta: nan | Loss: 20.9985 | Epoch: 74
    Eq theta: 1.00000omega
    Eq omega: nan1 + nantheta + nanomega + nantheta^2 + nantheta omega + nanomega^2

--- Chunk 77527 (88/220) | Start: 2025-05-21 05:35:00 ---
    RMSE omega: 0.017125 | RMSE theta: 0.398347 | Loss: -9216044644232246992044032.0000 | Epoch: 3014
    Eq theta: 1.00000omega
    Eq omega: -0.001241 + 0.00032theta + 0.00104omega + 0.00007theta^2 + -0.00007theta omega + -0.00013omega^2

--- Chunk 77528 (89/220) | Start: 2025-05-21 05:40:00 ---
    RMSE omega: 0.004577 | RMSE theta: 0.110123 | Loss: 3.7344 | Epoch: 1922
    Eq theta: 1.00000omega
    Eq omega: -0.001561 + 0.00038theta + 0.00095omega + 0.00003theta^2 + 0.00008theta omega + -0.00021omega^2

--- Chunk 77529 (90/220) | Start: 2025-05-21 05:45:00 ---
    RMSE omega: 0.009709 | RMSE theta: 0.175637 | Loss: 15.4246 | Epoch: 1351
    Eq theta: 1.00000omega
    Eq omega: -0.010231 + -0.00035theta + 0.00350omega + 0.00009theta^2 + 0.00015theta omega + 0.00142omega^2

--- Chunk 77530 (91/220) | Start: 2025-05-21 05:50:00 ---
    RMSE omega: 0.005819 | RMSE theta: 0.192421 | Loss: 15.5429 | Epoch: 2902
    Eq theta: 1.00000omega
    Eq omega: -0.001851 + -0.00011theta + -0.00022omega + -0.00003theta^2 + -0.00004theta omega + 0.00008omega^2

--- Chunk 77531 (92/220) | Start: 2025-05-21 05:55:00 ---
    RMSE omega: nan | RMSE theta: nan | Loss: 12274.4629 | Epoch: 18
    Eq theta: 1.00000omega
    Eq omega: nan1 + nantheta + nanomega + nantheta^2 + nantheta omega + nanomega^2

--- Chunk 77532 (93/220) | Start: 2025-05-21 06:00:00 ---
    RMSE omega: nan | RMSE theta: nan | Loss: 21644.0840 | Epoch: 15
    Eq theta: 1.00000omega
    Eq omega: nan1 + nantheta + nanomega + nantheta^2 + nantheta omega + nanomega^2

--- Chunk 77533 (94/220) | Start: 2025-05-21 06:05:00 ---
    RMSE omega: 0.014720 | RMSE theta: 0.821264 | Loss: 81.8152 | Epoch: 2726
    Eq theta: 1.00000omega
    Eq omega: -0.001821 + 0.00008theta + -0.00274omega + -0.00000theta^2 + 0.00003theta omega + -0.00025omega^2

--- Chunk 77534 (95/220) | Start: 2025-05-21 06:10:00 ---
    RMSE omega: 0.011921 | RMSE theta: 0.484338 | Loss: 19.6099 | Epoch: 1447
    Eq theta: 1.00000omega
    Eq omega: -0.001641 + 0.00038theta + -0.01051omega + -0.00014theta^2 + -0.00009theta omega + -0.00069omega^2

--- Chunk 77535 (96/220) | Start: 2025-05-21 06:15:00 ---
    RMSE omega: nan | RMSE theta: nan | Loss: 858.3185 | Epoch: 49
    Eq theta: 1.00000omega
    Eq omega: nan1 + nantheta + nanomega + nantheta^2 + nantheta omega + nanomega^2

--- Chunk 77536 (97/220) | Start: 2025-05-21 06:20:00 ---
    RMSE omega: 0.028382 | RMSE theta: 0.228919 | Loss: 122.9570 | Epoch: 60
    Eq theta: 1.00000omega
    Eq omega: 0.003161 + -0.00007theta + 0.00008omega + 0.00002theta^2 + -0.00010theta omega + -0.00075omega^2

--- Chunk 77537 (98/220) | Start: 2025-05-21 06:25:00 ---
    RMSE omega: 0.005237 | RMSE theta: 0.244331 | Loss: -13258.5898 | Epoch: 2687
    Eq theta: 1.00000omega
    Eq omega: -0.000561 + 0.00024theta + 0.01041omega + 0.00004theta^2 + 0.00001theta omega + 0.00027omega^2

--- Chunk 77538 (99/220) | Start: 2025-05-21 06:30:00 ---
    RMSE omega: 0.005280 | RMSE theta: 0.056863 | Loss: -1.1878 | Epoch: 1444
    Eq theta: 1.00000omega
    Eq omega: -0.009161 + -0.08993theta + -0.01281omega + -0.00721theta^2 + -0.19438theta omega + -0.26856omega^2

--- Chunk 77539 (100/220) | Start: 2025-05-21 06:35:00 ---
    RMSE omega: 0.006383 | RMSE theta: 0.186425 | Loss: -249950388224.0000 | Epoch: 1730
    Eq theta: 1.00000omega
    Eq omega: 0.003891 + 0.00082theta + -0.00079omega + -0.00160theta^2 + 0.00136theta omega + 0.00042omega^2

  [Progress 100/220] Mean RMSE omega: 0.012990 | Mean loss: -1731459504448087043080192.0000 | Valid: 81/100 | Elapsed: 50.6min | ETA: 60.7min

--- Chunk 77540 (101/220) | Start: 2025-05-21 06:40:00 ---
    RMSE omega: nan | RMSE theta: nan | Loss: 2328.4473 | Epoch: 16
    Eq theta: 1.00000omega
    Eq omega: nan1 + nantheta + nanomega + nantheta^2 + nantheta omega + nanomega^2

--- Chunk 77541 (102/220) | Start: 2025-05-21 06:45:00 ---
    RMSE omega: 0.004435 | RMSE theta: 0.068268 | Loss: -1.8672 | Epoch: 1280
    Eq theta: 1.00000omega
    Eq omega: 0.002371 + -0.00055theta + 0.00005omega + -0.00412theta^2 + -0.00009theta omega + 0.00050omega^2

--- Chunk 77542 (103/220) | Start: 2025-05-21 06:50:00 ---
    RMSE omega: 0.004911 | RMSE theta: 0.152215 | Loss: 1.3211 | Epoch: 1687
    Eq theta: 1.00000omega
    Eq omega: 0.000221 + 0.00006theta + 0.00038omega + 0.00001theta^2 + -0.00060theta omega + -0.00012omega^2

--- Chunk 77543 (104/220) | Start: 2025-05-21 06:55:00 ---
    RMSE omega: 0.006635 | RMSE theta: 0.236160 | Loss: -1.0271 | Epoch: 1482
    Eq theta: 1.00000omega
    Eq omega: -0.002771 + 0.00036theta + 0.00117omega + 0.00978theta^2 + -0.00089theta omega + -0.00923omega^2

--- Chunk 77544 (105/220) | Start: 2025-05-21 07:00:00 ---
    RMSE omega: 0.016278 | RMSE theta: 0.334655 | Loss: 57.5993 | Epoch: 2969
    Eq theta: 1.00000omega
    Eq omega: 0.000731 + -0.00009theta + -0.00083omega + -0.00001theta^2 + -0.00005theta omega + -0.00012omega^2

--- Chunk 77545 (106/220) | Start: 2025-05-21 07:05:00 ---
    RMSE omega: 0.004801 | RMSE theta: 0.181698 | Loss: -0.3568 | Epoch: 4405
    Eq theta: 1.00000omega
    Eq omega: 0.000551 + 0.00002theta + -0.00398omega + -0.00038theta^2 + -0.00086theta omega + -0.00051omega^2

--- Chunk 77546 (107/220) | Start: 2025-05-21 07:10:00 ---
    RMSE omega: 0.004778 | RMSE theta: 0.087015 | Loss: -3.3028 | Epoch: 1434
    Eq theta: 1.00000omega
    Eq omega: 0.039081 + -1.39757theta + 0.00059omega + 0.06749theta^2 + -0.03519theta omega + 0.57527omega^2

--- Chunk 77547 (108/220) | Start: 2025-05-21 07:15:00 ---
    RMSE omega: nan | RMSE theta: nan | Loss: 92069.3828 | Epoch: 16
    Eq theta: 1.00000omega
    Eq omega: nan1 + nantheta + nanomega + nantheta^2 + nantheta omega + nanomega^2

--- Chunk 77548 (109/220) | Start: 2025-05-21 07:20:00 ---
    RMSE omega: 0.005540 | RMSE theta: 0.336760 | Loss: 2.5730 | Epoch: 2202
    Eq theta: 1.00000omega
    Eq omega: 0.003181 + 0.00008theta + -0.00206omega + -0.00012theta^2 + -0.00011theta omega + 0.00096omega^2

--- Chunk 77549 (110/220) | Start: 2025-05-21 07:25:00 ---
    RMSE omega: 0.005879 | RMSE theta: 0.140266 | Loss: -42193.5820 | Epoch: 2994
    Eq theta: 1.00000omega
    Eq omega: 0.000731 + -0.00014theta + 0.00123omega + 0.00026theta^2 + -0.00015theta omega + 0.00007omega^2

--- Chunk 77550 (111/220) | Start: 2025-05-21 07:30:00 ---
    RMSE omega: 0.144644 | RMSE theta: 2.732245 | Loss: 12822.7139 | Epoch: 20
    Eq theta: 1.00000omega
    Eq omega: 0.001151 + -0.00067theta + 0.00010omega + -0.00001theta^2 + 0.00002theta omega + 0.00005omega^2

--- Chunk 77551 (112/220) | Start: 2025-05-21 07:35:00 ---
    RMSE omega: 0.004419 | RMSE theta: 0.163542 | Loss: 0.9917 | Epoch: 2910
    Eq theta: 1.00000omega
    Eq omega: 0.002171 + 0.00018theta + 0.00125omega + -0.00009theta^2 + -0.00001theta omega + 0.00163omega^2

--- Chunk 77552 (113/220) | Start: 2025-05-21 07:40:00 ---
    RMSE omega: nan | RMSE theta: nan | Loss: 196.2540 | Epoch: 18
    Eq theta: 1.00000omega
    Eq omega: nan1 + nantheta + nanomega + nantheta^2 + nantheta omega + nanomega^2

--- Chunk 77553 (114/220) | Start: 2025-05-21 07:45:00 ---
    RMSE omega: 0.003703 | RMSE theta: 0.102517 | Loss: -0.0301 | Epoch: 2337
    Eq theta: 1.00000omega
    Eq omega: -0.001421 + 0.00131theta + -0.00196omega + 0.00014theta^2 + -0.00033theta omega + 0.00093omega^2

--- Chunk 77554 (115/220) | Start: 2025-05-21 07:50:00 ---
    RMSE omega: nan | RMSE theta: nan | Loss: 2833.2954 | Epoch: 16
    Eq theta: 1.00000omega
    Eq omega: nan1 + nantheta + nanomega + nantheta^2 + nantheta omega + nanomega^2

--- Chunk 77555 (116/220) | Start: 2025-05-21 07:55:00 ---
    RMSE omega: 0.014248 | RMSE theta: 0.079867 | Loss: -4459609780522409502803843088384.0000 | Epoch: 3710
    Eq theta: 1.00000omega
    Eq omega: 0.000611 + 0.00004theta + -0.00025omega + -0.00000theta^2 + -0.00000theta omega + 0.00024omega^2

--- Chunk 77556 (117/220) | Start: 2025-05-21 08:00:00 ---
    RMSE omega: 0.010133 | RMSE theta: 0.758795 | Loss: 10.7086 | Epoch: 2999
    Eq theta: 1.00000omega
    Eq omega: -0.046241 + -0.00142theta + -0.04703omega + 0.00282theta^2 + -0.00017theta omega + -0.00140omega^2

--- Chunk 77557 (118/220) | Start: 2025-05-21 08:05:00 ---
    RMSE omega: 0.019519 | RMSE theta: 0.368571 | Loss: 235.5855 | Epoch: 990
    Eq theta: 1.00000omega
    Eq omega: 0.016951 + 0.00020theta + 0.00228omega + -0.00150theta^2 + 0.00141theta omega + 0.00062omega^2

--- Chunk 77558 (119/220) | Start: 2025-05-21 08:10:00 ---
    RMSE omega: 0.034907 | RMSE theta: 0.618768 | Loss: 557.0299 | Epoch: 246
    Eq theta: 1.00000omega
    Eq omega: 0.002271 + -0.00026theta + 0.00344omega + 0.00001theta^2 + -0.00005theta omega + 0.00020omega^2

--- Chunk 77559 (120/220) | Start: 2025-05-21 08:15:00 ---
    RMSE omega: nan | RMSE theta: nan | Loss: 2872.8352 | Epoch: 32
    Eq theta: 1.00000omega
    Eq omega: nan1 + nantheta + nanomega + nantheta^2 + nantheta omega + nanomega^2

--- Chunk 77560 (121/220) | Start: 2025-05-21 08:20:00 ---
    RMSE omega: 0.012381 | RMSE theta: 0.581368 | Loss: 59.2174 | Epoch: 4182
    Eq theta: 1.00000omega
    Eq omega: -0.003031 + 0.00005theta + 0.00271omega + 0.00001theta^2 + -0.00003theta omega + -0.00017omega^2

--- Chunk 77561 (122/220) | Start: 2025-05-21 08:25:00 ---
    RMSE omega: 0.035414 | RMSE theta: 1.883687 | Loss: 2061.0566 | Epoch: 50
    Eq theta: 1.00000omega
    Eq omega: -0.002061 + -0.00029theta + -0.00349omega + -0.00021theta^2 + 0.00004theta omega + -0.00012omega^2

--- Chunk 77562 (123/220) | Start: 2025-05-21 08:30:00 ---
    RMSE omega: 0.019891 | RMSE theta: 0.398401 | Loss: 254.1365 | Epoch: 1424
    Eq theta: 1.00000omega
    Eq omega: 0.000101 + -0.01204theta + -0.00050omega + 0.00002theta^2 + -0.00001theta omega + -0.00013omega^2

--- Chunk 77563 (124/220) | Start: 2025-05-21 08:35:00 ---
    RMSE omega: nan | RMSE theta: nan | Loss: 1156.6549 | Epoch: 40
    Eq theta: 1.00000omega
    Eq omega: nan1 + nantheta + nanomega + nantheta^2 + nantheta omega + nanomega^2

--- Chunk 77564 (125/220) | Start: 2025-05-21 08:40:00 ---
    RMSE omega: 0.057696 | RMSE theta: 0.949096 | Loss: 436.5062 | Epoch: 89
    Eq theta: 1.00000omega
    Eq omega: -0.000691 + 0.00059theta + 0.02874omega + 0.00005theta^2 + 0.00037theta omega + 0.01505omega^2

--- Chunk 77565 (126/220) | Start: 2025-05-21 08:45:00 ---
    RMSE omega: 0.020379 | RMSE theta: 0.258014 | Loss: 193.8221 | Epoch: 884
    Eq theta: 1.00000omega
    Eq omega: -0.000391 + 0.00008theta + -0.00029omega + -0.00000theta^2 + 0.00002theta omega + -0.00029omega^2

--- Chunk 77566 (127/220) | Start: 2025-05-21 08:50:00 ---
    RMSE omega: nan | RMSE theta: nan | Loss: 643.1089 | Epoch: 25
    Eq theta: 1.00000omega
    Eq omega: nan1 + nantheta + nanomega + nantheta^2 + nantheta omega + nanomega^2

--- Chunk 77567 (128/220) | Start: 2025-05-21 08:55:00 ---
    RMSE omega: 0.029564 | RMSE theta: 0.282409 | Loss: 147.9932 | Epoch: 1067
    Eq theta: 1.00000omega
    Eq omega: -0.005561 + -0.00064theta + 0.00128omega + -0.00086theta^2 + -0.00005theta omega + 0.00160omega^2

--- Chunk 77568 (129/220) | Start: 2025-05-21 09:00:00 ---
    RMSE omega: 0.007243 | RMSE theta: 0.375154 | Loss: 26.5307 | Epoch: 2802
    Eq theta: 1.00000omega
    Eq omega: -0.005011 + -0.00013theta + -0.00073omega + 0.00000theta^2 + 0.00003theta omega + -0.00006omega^2

--- Chunk 77569 (130/220) | Start: 2025-05-21 09:05:00 ---
    RMSE omega: 0.042483 | RMSE theta: 0.692575 | Loss: -2181.1892 | Epoch: 672
    Eq theta: 1.00000omega
    Eq omega: -0.006511 + -0.00211theta + 0.00002omega + -0.00113theta^2 + 0.00159theta omega + -0.00371omega^2

--- Chunk 77570 (131/220) | Start: 2025-05-21 09:10:00 ---
    RMSE omega: nan | RMSE theta: nan | Loss: 716.9573 | Epoch: 17
    Eq theta: 1.00000omega
    Eq omega: nan1 + nantheta + nanomega + nantheta^2 + nantheta omega + nanomega^2

--- Chunk 77571 (132/220) | Start: 2025-05-21 09:15:00 ---
    RMSE omega: 0.006474 | RMSE theta: 0.543330 | Loss: -15.7983 | Epoch: 2033
    Eq theta: 1.00000omega
    Eq omega: 0.001771 + 0.00018theta + 0.00060omega + 0.00003theta^2 + 0.00041theta omega + -0.00066omega^2

--- Chunk 77572 (133/220) | Start: 2025-05-21 09:20:00 ---
    RMSE omega: 0.004511 | RMSE theta: 0.025894 | Loss: -1.6363 | Epoch: 1017
    Eq theta: 1.00000omega
    Eq omega: 0.021371 + -1.49229theta + -0.55036omega + 0.12321theta^2 + -0.02002theta omega + -0.01686omega^2

--- Chunk 77573 (134/220) | Start: 2025-05-21 09:25:00 ---
    RMSE omega: 0.005771 | RMSE theta: 0.184911 | Loss: 0.6062 | Epoch: 1528
    Eq theta: 1.00000omega
    Eq omega: 0.000451 + 0.00101theta + -0.00006omega + -0.00049theta^2 + 0.00038theta omega + -0.00218omega^2

--- Chunk 77574 (135/220) | Start: 2025-05-21 09:30:00 ---
    RMSE omega: nan | RMSE theta: nan | Loss: 120.3431 | Epoch: 72
    Eq theta: 1.00000omega
    Eq omega: nan1 + nantheta + nanomega + nantheta^2 + nantheta omega + nanomega^2

--- Chunk 77575 (136/220) | Start: 2025-05-21 09:35:00 ---
    RMSE omega: nan | RMSE theta: nan | Loss: 87.3489 | Epoch: 44
    Eq theta: 1.00000omega
    Eq omega: nan1 + nantheta + nanomega + nantheta^2 + nantheta omega + nanomega^2

--- Chunk 77576 (137/220) | Start: 2025-05-21 09:40:00 ---
    RMSE omega: 0.005059 | RMSE theta: 0.037516 | Loss: -1.7526 | Epoch: 1273
    Eq theta: 1.00000omega
    Eq omega: 0.002701 + -0.00205theta + 0.00514omega + -0.00085theta^2 + 0.00105theta omega + 0.00372omega^2

--- Chunk 77577 (138/220) | Start: 2025-05-21 09:45:00 ---
    RMSE omega: 0.026777 | RMSE theta: 0.200719 | Loss: 87.9216 | Epoch: 42
    Eq theta: 1.00000omega
    Eq omega: -0.009631 + -0.00193theta + -0.00206omega + 0.00108theta^2 + 0.00145theta omega + 0.00169omega^2

--- Chunk 77578 (139/220) | Start: 2025-05-21 09:50:00 ---
    RMSE omega: nan | RMSE theta: nan | Loss: -75914927118770765824.0000 | Epoch: 1013
    Eq theta: 1.00000omega
    Eq omega: nan1 + nantheta + nanomega + nantheta^2 + nantheta omega + nanomega^2

--- Chunk 77579 (140/220) | Start: 2025-05-21 09:55:00 ---
    RMSE omega: 0.005817 | RMSE theta: 0.056716 | Loss: -0.4085 | Epoch: 1220
    Eq theta: 1.00000omega
    Eq omega: 0.001941 + -0.00073theta + 0.00900omega + 0.00069theta^2 + 0.00202theta omega + 0.00105omega^2

--- Chunk 77580 (141/220) | Start: 2025-05-21 10:00:00 ---
    RMSE omega: 0.020035 | RMSE theta: 0.683933 | Loss: -2736948140582769042911133696.0000 | Epoch: 2386
    Eq theta: 1.00000omega
    Eq omega: -0.007511 + 0.00502theta + -0.00588omega + 0.00046theta^2 + -0.00187theta omega + 0.00170omega^2

--- Chunk 77581 (142/220) | Start: 2025-05-21 10:05:00 ---
    RMSE omega: 0.005283 | RMSE theta: 0.082543 | Loss: -1.0300 | Epoch: 1335
    Eq theta: 1.00000omega
    Eq omega: 0.007981 + -0.00075theta + -0.00313omega + -0.00290theta^2 + 0.00362theta omega + 0.00203omega^2

--- Chunk 77582 (143/220) | Start: 2025-05-21 10:10:00 ---
    RMSE omega: 0.004328 | RMSE theta: 0.051360 | Loss: -1.3892 | Epoch: 1102
    Eq theta: 1.00000omega
    Eq omega: -0.011211 + 0.00069theta + -0.00049omega + -0.05350theta^2 + -0.00245theta omega + -0.02316omega^2

--- Chunk 77583 (144/220) | Start: 2025-05-21 10:15:00 ---
    RMSE omega: nan | RMSE theta: nan | Loss: -3199398305325178721933694337024.0000 | Epoch: 2233
    Eq theta: 1.00000omega
    Eq omega: nan1 + nantheta + nanomega + nantheta^2 + nantheta omega + nanomega^2

--- Chunk 77584 (145/220) | Start: 2025-05-21 10:20:00 ---
    RMSE omega: 0.005040 | RMSE theta: 0.178242 | Loss: -0.1753 | Epoch: 3438
    Eq theta: 1.00000omega
    Eq omega: 0.001981 + -0.00297theta + 0.00210omega + 0.00057theta^2 + 0.00283theta omega + 0.00570omega^2

--- Chunk 77585 (146/220) | Start: 2025-05-21 10:25:00 ---
    RMSE omega: 0.005640 | RMSE theta: 0.083490 | Loss: -2.1989 | Epoch: 719
    Eq theta: 1.00000omega
    Eq omega: -0.003781 + -1.58990theta + -0.01402omega + 0.00505theta^2 + -0.05851theta omega + -0.01793omega^2

--- Chunk 77586 (147/220) | Start: 2025-05-21 10:30:00 ---
    RMSE omega: 0.005321 | RMSE theta: 0.077745 | Loss: -0.2867 | Epoch: 1446
    Eq theta: 1.00000omega
    Eq omega: -0.002171 + -0.00004theta + -0.00347omega + -0.00173theta^2 + 0.00104theta omega + 0.00109omega^2

--- Chunk 77587 (148/220) | Start: 2025-05-21 10:35:00 ---
    RMSE omega: 0.004247 | RMSE theta: 0.068742 | Loss: -1.9026 | Epoch: 1102
    Eq theta: 1.00000omega
    Eq omega: 0.001881 + 0.00011theta + 0.00110omega + -0.00045theta^2 + 0.00024theta omega + 0.00008omega^2

--- Chunk 77588 (149/220) | Start: 2025-05-21 10:40:00 ---
    RMSE omega: 0.004998 | RMSE theta: 0.140322 | Loss: -10.0748 | Epoch: 1487
    Eq theta: 1.00000omega
    Eq omega: 0.000751 + 0.00029theta + 0.00361omega + -0.00015theta^2 + 0.00090theta omega + 0.00059omega^2

--- Chunk 77589 (150/220) | Start: 2025-05-21 10:45:00 ---
    RMSE omega: nan | RMSE theta: nan | Loss: 56.6191 | Epoch: 35
    Eq theta: 1.00000omega
    Eq omega: nan1 + nantheta + nanomega + nantheta^2 + nantheta omega + nanomega^2

  [Progress 150/220] Mean RMSE omega: 0.014164 | Mean loss: -51079454533430205454066122752.0000 | Valid: 118/150 | Elapsed: 74.6min | ETA: 34.8min

--- Chunk 77590 (151/220) | Start: 2025-05-21 10:50:00 ---
    RMSE omega: 0.004042 | RMSE theta: 0.015899 | Loss: 0.5869 | Epoch: 1176
    Eq theta: 1.00000omega
    Eq omega: 0.001801 + 0.00084theta + -0.00417omega + -0.00685theta^2 + 0.00040theta omega + 0.00026omega^2

--- Chunk 77591 (152/220) | Start: 2025-05-21 10:55:00 ---
    RMSE omega: 0.004381 | RMSE theta: 0.037951 | Loss: -2.2905 | Epoch: 905
    Eq theta: 1.00000omega
    Eq omega: 0.027651 + -1.35307theta + -0.02464omega + 0.00135theta^2 + 0.01694theta omega + 0.00590omega^2

--- Chunk 77592 (153/220) | Start: 2025-05-21 11:00:00 ---
    RMSE omega: 0.004577 | RMSE theta: 0.084661 | Loss: -0.8376 | Epoch: 1322
    Eq theta: 1.00000omega
    Eq omega: 0.000581 + 0.00020theta + -0.00232omega + -0.00080theta^2 + 0.00020theta omega + 0.00145omega^2

--- Chunk 77593 (154/220) | Start: 2025-05-21 11:05:00 ---
    RMSE omega: nan | RMSE theta: nan | Loss: 160.3625 | Epoch: 18
    Eq theta: 1.00000omega
    Eq omega: nan1 + nantheta + nanomega + nantheta^2 + nantheta omega + nanomega^2

--- Chunk 77594 (155/220) | Start: 2025-05-21 11:10:00 ---
    RMSE omega: 0.006641 | RMSE theta: 0.219139 | Loss: 1.1084 | Epoch: 2258
    Eq theta: 1.00000omega
    Eq omega: -0.014321 + 0.00055theta + 0.00133omega + -0.00022theta^2 + 0.00316theta omega + -0.00283omega^2

--- Chunk 77595 (156/220) | Start: 2025-05-21 11:15:00 ---
    RMSE omega: 0.004234 | RMSE theta: 0.019559 | Loss: 0.6329 | Epoch: 1826
    Eq theta: 1.00000omega
    Eq omega: 0.002001 + 0.00409theta + -0.00210omega + -0.00012theta^2 + -0.00554theta omega + 0.00237omega^2

--- Chunk 77596 (157/220) | Start: 2025-05-21 11:20:00 ---
    RMSE omega: 0.005402 | RMSE theta: 0.235897 | Loss: -0.6261 | Epoch: 2046
    Eq theta: 1.00000omega
    Eq omega: -0.005041 + -0.00222theta + -0.00365omega + -0.00179theta^2 + 0.00117theta omega + -0.00136omega^2

--- Chunk 77597 (158/220) | Start: 2025-05-21 11:25:00 ---
    RMSE omega: 0.005374 | RMSE theta: 0.033756 | Loss: -0.5421 | Epoch: 1373
    Eq theta: 1.00000omega
    Eq omega: 0.931441 + -1.78463theta + 0.04131omega + 0.02407theta^2 + 1.17205theta omega + -0.01840omega^2

--- Chunk 77598 (159/220) | Start: 2025-05-21 11:30:00 ---
    RMSE omega: 0.048664 | RMSE theta: 0.418918 | Loss: -985313811492369686593536.0000 | Epoch: 1295
    Eq theta: 1.00000omega
    Eq omega: 0.001751 + -0.00647theta + 0.00149omega + 0.00004theta^2 + 0.00011theta omega + -0.00002omega^2

--- Chunk 77599 (160/220) | Start: 2025-05-21 11:35:00 ---
    RMSE omega: 0.041318 | RMSE theta: 0.748147 | Loss: 199.7100 | Epoch: 32
    Eq theta: 1.00000omega
    Eq omega: 0.002001 + -0.00005theta + 0.00144omega + -0.00043theta^2 + -0.00040theta omega + 0.00044omega^2

--- Chunk 77600 (161/220) | Start: 2025-05-21 11:40:00 ---
    RMSE omega: 0.032855 | RMSE theta: 0.615569 | Loss: 101.0817 | Epoch: 331
    Eq theta: 1.00000omega
    Eq omega: -0.020281 + -0.01267theta + 0.00114omega + -0.00094theta^2 + 0.00098theta omega + -0.00417omega^2

--- Chunk 77601 (162/220) | Start: 2025-05-21 11:45:00 ---
    RMSE omega: 0.005446 | RMSE theta: 0.194424 | Loss: -4.2080 | Epoch: 957
    Eq theta: 1.00000omega
    Eq omega: -0.029551 + -2.76103theta + 0.00869omega + -0.01812theta^2 + -1.45942theta omega + 0.18690omega^2

--- Chunk 77602 (163/220) | Start: 2025-05-21 11:50:00 ---
    RMSE omega: 0.004235 | RMSE theta: 0.131447 | Loss: -491.0349 | Epoch: 1908
    Eq theta: 1.00000omega
    Eq omega: 0.000181 + 0.00018theta + 0.00301omega + 0.00017theta^2 + -0.00090theta omega + 0.00164omega^2

--- Chunk 77603 (164/220) | Start: 2025-05-21 11:55:00 ---
    RMSE omega: 0.004160 | RMSE theta: 0.028222 | Loss: 0.6743 | Epoch: 2421
    Eq theta: 1.00000omega
    Eq omega: -0.000161 + 0.00041theta + -0.00207omega + 0.00028theta^2 + -0.00021theta omega + -0.00067omega^2

--- Chunk 77604 (165/220) | Start: 2025-05-21 12:00:00 ---
    RMSE omega: 0.004946 | RMSE theta: 0.070272 | Loss: -1.1592 | Epoch: 1252
    Eq theta: 1.00000omega
    Eq omega: -0.000591 + 0.00836theta + 0.00004omega + -0.00010theta^2 + 0.00061theta omega + 0.00206omega^2

--- Chunk 77605 (166/220) | Start: 2025-05-21 12:05:00 ---
    RMSE omega: 0.021966 | RMSE theta: 0.273331 | Loss: 123.9637 | Epoch: 1661
    Eq theta: 1.00000omega
    Eq omega: 0.003261 + -0.00114theta + 0.00048omega + 0.00003theta^2 + -0.00079theta omega + -0.00172omega^2

--- Chunk 77606 (167/220) | Start: 2025-05-21 12:10:00 ---
    RMSE omega: 0.004934 | RMSE theta: 0.109592 | Loss: -1.8008 | Epoch: 1781
    Eq theta: 1.00000omega
    Eq omega: 0.005331 + 0.00033theta + 0.00301omega + -0.00026theta^2 + -0.00074theta omega + 0.00441omega^2

--- Chunk 77607 (168/220) | Start: 2025-05-21 12:15:00 ---
    RMSE omega: 0.017923 | RMSE theta: 0.210705 | Loss: -61.1119 | Epoch: 522
    Eq theta: 1.00000omega
    Eq omega: -0.001691 + -0.00711theta + 0.00079omega + -0.00796theta^2 + -0.00267theta omega + 0.00070omega^2

--- Chunk 77608 (169/220) | Start: 2025-05-21 12:20:00 ---
    RMSE omega: nan | RMSE theta: nan | Loss: 125.5785 | Epoch: 35
    Eq theta: 1.00000omega
    Eq omega: nan1 + nantheta + nanomega + nantheta^2 + nantheta omega + nanomega^2

--- Chunk 77609 (170/220) | Start: 2025-05-21 12:25:00 ---
    RMSE omega: nan | RMSE theta: nan | Loss: 180.6513 | Epoch: 28
    Eq theta: 1.00000omega
    Eq omega: nan1 + nantheta + nanomega + nantheta^2 + nantheta omega + nanomega^2

--- Chunk 77610 (171/220) | Start: 2025-05-21 12:30:00 ---
    RMSE omega: nan | RMSE theta: nan | Loss: 150.7347 | Epoch: 47
    Eq theta: 1.00000omega
    Eq omega: nan1 + nantheta + nanomega + nantheta^2 + nantheta omega + nanomega^2

--- Chunk 77611 (172/220) | Start: 2025-05-21 12:35:00 ---
    RMSE omega: nan | RMSE theta: nan | Loss: 3806.2449 | Epoch: 5
    Eq theta: 1.00000omega
    Eq omega: nan1 + nantheta + nanomega + nantheta^2 + nantheta omega + nanomega^2

--- Chunk 77612 (173/220) | Start: 2025-05-21 12:40:00 ---
    RMSE omega: 0.005133 | RMSE theta: 0.119519 | Loss: -2.2002 | Epoch: 1371
    Eq theta: 1.00000omega
    Eq omega: 0.000881 + -0.00898theta + -0.00253omega + -0.00103theta^2 + 0.00198theta omega + -0.00451omega^2

--- Chunk 77613 (174/220) | Start: 2025-05-21 12:45:00 ---
    RMSE omega: 0.055879 | RMSE theta: 8.462003 | Loss: -90775274665220096655360000.0000 | Epoch: 2773
    Eq theta: 1.00000omega
    Eq omega: 0.000401 + 0.00005theta + 0.00228omega + 0.00001theta^2 + -0.00026theta omega + 0.00019omega^2

--- Chunk 77614 (175/220) | Start: 2025-05-21 12:50:00 ---
    RMSE omega: 0.043661 | RMSE theta: 0.449402 | Loss: 134.9987 | Epoch: 63
    Eq theta: 1.00000omega
    Eq omega: 0.009821 + -0.01337theta + -0.00437omega + -0.00124theta^2 + 0.02113theta omega + 0.00106omega^2

--- Chunk 77615 (176/220) | Start: 2025-05-21 12:55:00 ---
    RMSE omega: 0.044736 | RMSE theta: 0.574332 | Loss: -3137.2456 | Epoch: 507
    Eq theta: 1.00000omega
    Eq omega: 0.000571 + 0.00017theta + 0.00138omega + -0.00004theta^2 + 0.00016theta omega + -0.00049omega^2

--- Chunk 77616 (177/220) | Start: 2025-05-21 13:00:00 ---
    RMSE omega: nan | RMSE theta: nan | Loss: 735.1836 | Epoch: 43
    Eq theta: 1.00000omega
    Eq omega: nan1 + nantheta + nanomega + nantheta^2 + nantheta omega + nanomega^2

--- Chunk 77617 (178/220) | Start: 2025-05-21 13:05:00 ---
    RMSE omega: 0.004903 | RMSE theta: 0.078406 | Loss: -2.3780 | Epoch: 1379
    Eq theta: 1.00000omega
    Eq omega: 0.005301 + 0.00112theta + 0.00099omega + -0.00212theta^2 + -0.00138theta omega + 0.00043omega^2

--- Chunk 77618 (179/220) | Start: 2025-05-21 13:10:00 ---
    RMSE omega: nan | RMSE theta: nan | Loss: 66.7664 | Epoch: 32
    Eq theta: 1.00000omega
    Eq omega: nan1 + nantheta + nanomega + nantheta^2 + nantheta omega + nanomega^2

--- Chunk 77619 (180/220) | Start: 2025-05-21 13:15:00 ---
    RMSE omega: nan | RMSE theta: nan | Loss: 142.3641 | Epoch: 42
    Eq theta: 1.00000omega
    Eq omega: nan1 + nantheta + nanomega + nantheta^2 + nantheta omega + nanomega^2

--- Chunk 77620 (181/220) | Start: 2025-05-21 13:20:00 ---
    RMSE omega: 0.005043 | RMSE theta: 0.026300 | Loss: -1.5702 | Epoch: 927
    Eq theta: 1.00000omega
    Eq omega: -0.006361 + -2.21221theta + -0.01311omega + 0.00680theta^2 + -0.01195theta omega + -0.01612omega^2

--- Chunk 77621 (182/220) | Start: 2025-05-21 13:25:00 ---
    RMSE omega: 0.005166 | RMSE theta: 0.127619 | Loss: -1.1959 | Epoch: 1283
    Eq theta: 1.00000omega
    Eq omega: -0.000971 + -0.18590theta + 0.00936omega + 0.00135theta^2 + -0.00193theta omega + 0.00304omega^2

--- Chunk 77622 (183/220) | Start: 2025-05-21 13:30:00 ---
    RMSE omega: 0.028842 | RMSE theta: 0.224677 | Loss: 78.7228 | Epoch: 48
    Eq theta: 1.00000omega
    Eq omega: -0.000841 + -0.00195theta + -0.00079omega + -0.00124theta^2 + 0.00052theta omega + 0.00221omega^2

--- Chunk 77623 (184/220) | Start: 2025-05-21 13:35:00 ---
    RMSE omega: 0.004066 | RMSE theta: 0.090671 | Loss: -1.3080 | Epoch: 1177
    Eq theta: 1.00000omega
    Eq omega: 0.003341 + -0.00762theta + -0.00141omega + -0.00035theta^2 + -0.00008theta omega + 0.00016omega^2

--- Chunk 77624 (185/220) | Start: 2025-05-21 13:40:00 ---
    RMSE omega: 0.005564 | RMSE theta: 0.070085 | Loss: -0.5735 | Epoch: 1472
    Eq theta: 1.00000omega
    Eq omega: 0.007191 + -0.00138theta + -0.00100omega + 0.00263theta^2 + 0.00195theta omega + -0.00049omega^2

--- Chunk 77625 (186/220) | Start: 2025-05-21 13:45:00 ---
    RMSE omega: 0.006116 | RMSE theta: 0.084468 | Loss: -54038.0664 | Epoch: 1218
    Eq theta: 1.00000omega
    Eq omega: -0.000641 + -0.00236theta + 0.00045omega + -0.00039theta^2 + 0.00365theta omega + 0.00076omega^2

--- Chunk 77626 (187/220) | Start: 2025-05-21 13:50:00 ---
    RMSE omega: 0.005772 | RMSE theta: 0.153875 | Loss: 1.1903 | Epoch: 1630
    Eq theta: 1.00000omega
    Eq omega: 0.002641 + 0.00102theta + 0.00145omega + 0.00090theta^2 + 0.00007theta omega + -0.00045omega^2

--- Chunk 77627 (188/220) | Start: 2025-05-21 13:55:00 ---
    RMSE omega: nan | RMSE theta: nan | Loss: 194.9251 | Epoch: 36
    Eq theta: 1.00000omega
    Eq omega: nan1 + nantheta + nanomega + nantheta^2 + nantheta omega + nanomega^2

--- Chunk 77628 (189/220) | Start: 2025-05-21 14:00:00 ---
    RMSE omega: 0.028294 | RMSE theta: 0.364335 | Loss: 43.7076 | Epoch: 75
    Eq theta: 1.00000omega
    Eq omega: 0.021731 + -0.01257theta + -0.00056omega + 0.00005theta^2 + 0.00040theta omega + 0.00009omega^2

--- Chunk 77629 (190/220) | Start: 2025-05-21 14:05:00 ---
    RMSE omega: 0.004692 | RMSE theta: 0.031839 | Loss: -0.8414 | Epoch: 1384
    Eq theta: 1.00000omega
    Eq omega: -0.071981 + -0.41715theta + -0.00392omega + -0.00655theta^2 + -0.05736theta omega + 0.00232omega^2

--- Chunk 77630 (191/220) | Start: 2025-05-21 14:10:00 ---
    RMSE omega: 0.004501 | RMSE theta: 0.077906 | Loss: -1.8625 | Epoch: 1661
    Eq theta: 1.00000omega
    Eq omega: -0.003101 + -0.90028theta + -0.21893omega + 0.39715theta^2 + 0.00744theta omega + -0.00785omega^2

--- Chunk 77631 (192/220) | Start: 2025-05-21 14:15:00 ---
    RMSE omega: nan | RMSE theta: nan | Loss: 37.3559 | Epoch: 38
    Eq theta: 1.00000omega
    Eq omega: nan1 + nantheta + nanomega + nantheta^2 + nantheta omega + nanomega^2

--- Chunk 77632 (193/220) | Start: 2025-05-21 14:20:00 ---
    RMSE omega: 0.004471 | RMSE theta: 0.015798 | Loss: -1.3503 | Epoch: 1812
    Eq theta: 1.00000omega
    Eq omega: -0.031271 + -1.05469theta + -0.00749omega + 0.01339theta^2 + -0.01065theta omega + -0.01476omega^2

--- Chunk 77633 (194/220) | Start: 2025-05-21 14:25:00 ---
    RMSE omega: 0.003944 | RMSE theta: 0.024177 | Loss: -0.9983 | Epoch: 1233
    Eq theta: 1.00000omega
    Eq omega: -0.001861 + 0.00579theta + -0.00069omega + 0.00395theta^2 + 0.00553theta omega + 0.00179omega^2

--- Chunk 77634 (195/220) | Start: 2025-05-21 14:30:00 ---
    RMSE omega: 0.020757 | RMSE theta: 0.124110 | Loss: 21.4850 | Epoch: 127
    Eq theta: 1.00000omega
    Eq omega: -0.001141 + -0.03860theta + 0.00533omega + 0.00016theta^2 + -0.00516theta omega + 0.00045omega^2

--- Chunk 77635 (196/220) | Start: 2025-05-21 14:35:00 ---
    RMSE omega: 0.004635 | RMSE theta: 0.080126 | Loss: -0.7364 | Epoch: 1547
    Eq theta: 1.00000omega
    Eq omega: -0.000121 + 0.00055theta + -0.00300omega + -0.00065theta^2 + -0.00460theta omega + -0.00044omega^2

--- Chunk 77636 (197/220) | Start: 2025-05-21 14:40:00 ---
    RMSE omega: 0.004696 | RMSE theta: 0.047423 | Loss: -1.1506 | Epoch: 1149
    Eq theta: 1.00000omega
    Eq omega: 0.006571 + -0.38105theta + -0.01951omega + 0.24728theta^2 + -0.00539theta omega + -0.01586omega^2

--- Chunk 77637 (198/220) | Start: 2025-05-21 14:45:00 ---
    RMSE omega: 0.028055 | RMSE theta: 0.167727 | Loss: 61.7208 | Epoch: 95
    Eq theta: 1.00000omega
    Eq omega: -0.000221 + -0.00537theta + -0.00063omega + 0.00456theta^2 + 0.00025theta omega + -0.00496omega^2

--- Chunk 77638 (199/220) | Start: 2025-05-21 14:50:00 ---
    RMSE omega: nan | RMSE theta: nan | Loss: 352.8400 | Epoch: 18
    Eq theta: 1.00000omega
    Eq omega: nan1 + nantheta + nanomega + nantheta^2 + nantheta omega + nanomega^2

--- Chunk 77639 (200/220) | Start: 2025-05-21 14:55:00 ---
    RMSE omega: 0.007638 | RMSE theta: 0.241686 | Loss: -0.1133 | Epoch: 2699
    Eq theta: 1.00000omega
    Eq omega: 0.003511 + -0.00019theta + -0.00008omega + 0.00000theta^2 + 0.00044theta omega + 0.00120omega^2

  [Progress 200/220] Mean RMSE omega: 0.014134 | Mean loss: -38310049703015038004725022720.0000 | Valid: 157/200 | Elapsed: 92.3min | ETA: 9.2min

--- Chunk 77640 (201/220) | Start: 2025-05-21 15:00:00 ---
    RMSE omega: 0.031539 | RMSE theta: 0.342231 | Loss: 47.5962 | Epoch: 41
    Eq theta: 1.00000omega
    Eq omega: -0.003741 + -0.01014theta + 0.00254omega + -0.00069theta^2 + 0.00096theta omega + -0.00095omega^2

--- Chunk 77641 (202/220) | Start: 2025-05-21 15:05:00 ---
    RMSE omega: 0.031431 | RMSE theta: 0.807927 | Loss: 336.0363 | Epoch: 340
    Eq theta: 1.00000omega
    Eq omega: -0.000241 + 0.00004theta + 0.00160omega + 0.00000theta^2 + 0.00005theta omega + 0.00012omega^2

--- Chunk 77642 (203/220) | Start: 2025-05-21 15:10:00 ---
    RMSE omega: 0.015894 | RMSE theta: 0.464596 | Loss: 26.0176 | Epoch: 1375
    Eq theta: 1.00000omega
    Eq omega: 0.000481 + -0.00007theta + -0.00176omega + 0.00001theta^2 + -0.00002theta omega + 0.00029omega^2

--- Chunk 77643 (204/220) | Start: 2025-05-21 15:15:00 ---
    RMSE omega: nan | RMSE theta: nan | Loss: 109.8037 | Epoch: 94
    Eq theta: 1.00000omega
    Eq omega: nan1 + nantheta + nanomega + nantheta^2 + nantheta omega + nanomega^2

--- Chunk 77644 (205/220) | Start: 2025-05-21 15:20:00 ---
    RMSE omega: 0.006509 | RMSE theta: 0.126225 | Loss: -6.1973 | Epoch: 1094
    Eq theta: 1.00000omega
    Eq omega: 0.189451 + -0.39239theta + -0.20033omega + 0.49287theta^2 + 0.11934theta omega + 0.00462omega^2

--- Chunk 77645 (206/220) | Start: 2025-05-21 15:25:00 ---
    RMSE omega: 0.005008 | RMSE theta: 0.043989 | Loss: -0.0856 | Epoch: 1061
    Eq theta: 1.00000omega
    Eq omega: -0.001831 + 0.00284theta + -0.00353omega + 0.00413theta^2 + -0.00051theta omega + -0.00278omega^2

--- Chunk 77646 (207/220) | Start: 2025-05-21 15:30:00 ---
    RMSE omega: nan | RMSE theta: nan | Loss: 26.5573 | Epoch: 117
    Eq theta: 1.00000omega
    Eq omega: nan1 + nantheta + nanomega + nantheta^2 + nantheta omega + nanomega^2

--- Chunk 77647 (208/220) | Start: 2025-05-21 15:35:00 ---
    RMSE omega: 0.033618 | RMSE theta: 1.283676 | Loss: 796.1344 | Epoch: 38
    Eq theta: 1.00000omega
    Eq omega: -0.000611 + -0.00138theta + -0.00312omega + -0.00025theta^2 + -0.00187theta omega + 0.00485omega^2

--- Chunk 77648 (209/220) | Start: 2025-05-21 15:40:00 ---
    RMSE omega: 0.052270 | RMSE theta: 1.381491 | Loss: -26033.9609 | Epoch: 550
    Eq theta: 1.00000omega
    Eq omega: 0.027781 + -0.00374theta + -0.01086omega + -0.00022theta^2 + 0.00204theta omega + 0.00248omega^2

--- Chunk 77649 (210/220) | Start: 2025-05-21 15:45:00 ---
    RMSE omega: 0.009445 | RMSE theta: 0.359031 | Loss: -228496240172689916214378496.0000 | Epoch: 2276
    Eq theta: 1.00000omega
    Eq omega: -0.409491 + 0.00034theta + 0.00638omega + 0.00146theta^2 + 0.00049theta omega + -0.00485omega^2

--- Chunk 77650 (211/220) | Start: 2025-05-21 15:50:00 ---
    RMSE omega: nan | RMSE theta: nan | Loss: 40.2618 | Epoch: 114
    Eq theta: 1.00000omega
    Eq omega: nan1 + nantheta + nanomega + nantheta^2 + nantheta omega + nanomega^2

--- Chunk 77651 (212/220) | Start: 2025-05-21 15:55:00 ---
    RMSE omega: 0.007184 | RMSE theta: 0.323945 | Loss: 7.8839 | Epoch: 1765
    Eq theta: 1.00000omega
    Eq omega: -0.008231 + -0.00057theta + -0.00058omega + -0.00001theta^2 + 0.00005theta omega + -0.00049omega^2

--- Chunk 77652 (213/220) | Start: 2025-05-21 16:00:00 ---
    RMSE omega: 0.004349 | RMSE theta: 0.074013 | Loss: -1.6095 | Epoch: 1212
    Eq theta: 1.00000omega
    Eq omega: -0.002721 + -0.00087theta + -0.00142omega + 0.00003theta^2 + -0.00072theta omega + -0.00166omega^2

--- Chunk 77653 (214/220) | Start: 2025-05-21 16:05:00 ---
    RMSE omega: 0.024714 | RMSE theta: 0.717877 | Loss: 276.0062 | Epoch: 375
    Eq theta: 1.00000omega
    Eq omega: -0.007461 + -0.00196theta + -0.00558omega + -0.00000theta^2 + -0.00014theta omega + -0.00101omega^2

--- Chunk 77654 (215/220) | Start: 2025-05-21 16:10:00 ---
    RMSE omega: 0.004501 | RMSE theta: 0.043333 | Loss: 0.2335 | Epoch: 751
    Eq theta: 1.00000omega
    Eq omega: 0.000521 + -0.00019theta + 0.00082omega + 0.00160theta^2 + -0.00313theta omega + -0.00196omega^2

--- Chunk 77655 (216/220) | Start: 2025-05-21 16:15:00 ---
    RMSE omega: 0.006004 | RMSE theta: 0.175661 | Loss: -0.8753 | Epoch: 2870
    Eq theta: 1.00000omega
    Eq omega: -0.002581 + 0.00013theta + 0.00133omega + 0.00006theta^2 + 0.00017theta omega + -0.00049omega^2

--- Chunk 77656 (217/220) | Start: 2025-05-21 16:20:00 ---
    RMSE omega: 0.057436 | RMSE theta: 1.474632 | Loss: -287566.6875 | Epoch: 667
    Eq theta: 1.00000omega
    Eq omega: 0.005601 + -0.15786theta + -0.15430omega + -0.00142theta^2 + 0.00025theta omega + -0.01217omega^2

--- Chunk 77657 (218/220) | Start: 2025-05-21 16:25:00 ---
    RMSE omega: 0.004590 | RMSE theta: 0.065131 | Loss: -1.5116 | Epoch: 1208
    Eq theta: 1.00000omega
    Eq omega: -0.004031 + -1.91913theta + -0.74817omega + -0.04775theta^2 + -1.12820theta omega + 0.03054omega^2

--- Chunk 77658 (219/220) | Start: 2025-05-21 16:30:00 ---
    RMSE omega: nan | RMSE theta: nan | Loss: 8800.0098 | Epoch: 5
    Eq theta: 1.00000omega
    Eq omega: nan1 + nantheta + nanomega + nantheta^2 + nantheta omega + nanomega^2

--- Chunk 77659 (220/220) | Start: 2025-05-21 16:35:00 ---
    RMSE omega: 0.005358 | RMSE theta: 0.196171 | Loss: -1581.3610 | Epoch: 1150
    Eq theta: 1.00000omega
    Eq omega: 0.002071 + -0.00100theta + 0.02570omega + -0.00134theta^2 + -0.00096theta omega + 0.00138omega^2

  [Progress 220/220] Mean RMSE omega: 0.014560 | Mean loss: -34828356531105365678140424192.0000 | Valid: 173/220 | Elapsed: 98.3min | ETA: 0.0min

============================================================
EVALUATION COMPLETE — Chunks [77440, 77659]
============================================================
Chunks processed: 220
Chunks succeeded: 173 (78.6%)
Mean RMSE omega:  0.014560 ± 0.016849
Mean RMSE theta:  0.370038 ± 0.753582
Mean RMSE total:  0.261987
Mean Loss:        -34828356531105365678140424192.0000 ± 368395867344545409724380610560.0000
Elapsed time:     98.3 minutes

Per-chunk CSV: /pfs/data6/home/ka/ka_iai/ka_bj2362/dsr/svise/results_5min_all_chunks/run_SLURM_3708675/chunks_77440_to_77659_20260320_074709.csv
Summary JSON:  /pfs/data6/home/ka/ka_iai/ka_bj2362/dsr/svise/results_5min_all_chunks/run_SLURM_3708675/summary_77440_to_77659_20260320_074709.json
============================================================

============================= JOB FEEDBACK =============================

NodeName=uc3n021
Job ID: 3709519
Array Job ID: 3708675_352
Cluster: uc3
User/Group: ka_bj2362/ka_iai
State: COMPLETED (exit code 0)
Nodes: 1
Cores per node: 4
CPU Utilized: 01:37:08
CPU Efficiency: 24.58% of 06:35:08 core-walltime
Job Wall-clock time: 01:38:47
Memory Utilized: 2.89 GB
Memory Efficiency: 24.06% of 12.00 GB (12.00 GB/node)
