Array task 261: processing chunks 57420 to 57639
Loading data from /pfs/data6/home/ka/ka_iai/ka_bj2362/dsr/svise/../dataset/South_Korea_2024-08-15_2025-08-31_1s.parquet...
Finding all valid 5-minute chunks in the dataset...
Found 107059 valid 5-minute chunks in total.

============================================================
SVISE FINAL EVALUATION — ALL CHUNKS
============================================================
Hyperparameters: {
  "model": "integrator",
  "sigma": 0,
  "degree": 2,
  "tau": 1e-05,
  "lr": 0.1,
  "n_tau": 100,
  "measurement_noise": 0.001,
  "n_reparam_samples": 15
}
Total valid chunks in dataset: 107059
Processing chunk range: [57420, 57639] (220 chunks)
Early stopping: patience=300, max_epochs=10000
============================================================


--- Chunk 57420 (1/220) | Start: 2025-03-12 02:05:00 ---
/pfs/data6/home/ka/ka_iai/ka_bj2362/dsr/svise/svise/sde_learning/_marginal_sde.py:284: UserWarning: torch.triangular_solve is deprecated in favor of torch.linalg.solve_triangularand will be removed in a future PyTorch release.
torch.linalg.solve_triangular has its arguments reversed and does not return a copy of one of the inputs.
X = torch.triangular_solve(B, A).solution
should be replaced with
X = torch.linalg.solve_triangular(A, B). (Triggered internally at ../aten/src/ATen/native/BatchLinearAlgebra.cpp:2192.)
  return torch.triangular_solve(self.raw_w, self.C.t()).solution
/pfs/data6/home/ka/ka_iai/ka_bj2362/dsr/svise/svise/quadrature/_unbiased_quadrature.py:196: UserWarning: Interp is nan, reducing interp degree.
  warnings.warn("Interp is nan, reducing interp degree.")
/pfs/data6/home/ka/ka_iai/ka_bj2362/dsr/svise/svise/quadrature/_unbiased_quadrature.py:174: UserWarning: NaN detected in fxq (quadrature node evaluations). Clamping to 0.
  warnings.warn("NaN detected in fxq (quadrature node evaluations). Clamping to 0.")
/pfs/data6/home/ka/ka_iai/ka_bj2362/dsr/svise/svise/quadrature/_unbiased_quadrature.py:177: UserWarning: NaN detected in fmc (Monte-Carlo node evaluations). Clamping to 0.
  warnings.warn("NaN detected in fmc (Monte-Carlo node evaluations). Clamping to 0.")
    RMSE omega: nan | RMSE theta: nan | Loss: 634.3940 | Epoch: 75
    Eq theta: 1.00000omega
    Eq omega: nan1 + nantheta + nanomega + nantheta^2 + nantheta omega + nanomega^2

--- Chunk 57421 (2/220) | Start: 2025-03-12 02:10:00 ---
    RMSE omega: 0.012730 | RMSE theta: 0.402899 | Loss: 71.1389 | Epoch: 4007
    Eq theta: 1.00000omega
    Eq omega: 0.000001 + -0.00042theta + -0.00284omega + 0.00001theta^2 + -0.00000theta omega + -0.00027omega^2

--- Chunk 57422 (3/220) | Start: 2025-03-12 02:15:00 ---
    RMSE omega: nan | RMSE theta: nan | Loss: 3628.9160 | Epoch: 15
    Eq theta: 1.00000omega
    Eq omega: nan1 + nantheta + nanomega + nantheta^2 + nantheta omega + nanomega^2

--- Chunk 57423 (4/220) | Start: 2025-03-12 02:20:00 ---
    RMSE omega: 0.005719 | RMSE theta: 0.118128 | Loss: -2.6203 | Epoch: 1736
    Eq theta: 1.00000omega
    Eq omega: -0.005651 + -0.00674theta + -0.00251omega + 0.00037theta^2 + 0.00065theta omega + -0.00016omega^2

--- Chunk 57424 (5/220) | Start: 2025-03-12 02:25:00 ---
    RMSE omega: 0.030151 | RMSE theta: 0.340207 | Loss: 46.0735 | Epoch: 44
    Eq theta: 1.00000omega
    Eq omega: -0.012501 + -0.01939theta + 0.00192omega + -0.00016theta^2 + -0.00436theta omega + 0.00181omega^2

--- Chunk 57425 (6/220) | Start: 2025-03-12 02:30:00 ---
    RMSE omega: 0.005851 | RMSE theta: 0.054847 | Loss: 0.2425 | Epoch: 1566
    Eq theta: 1.00000omega
    Eq omega: 0.000421 + 0.00019theta + -0.00217omega + 0.00027theta^2 + 0.00018theta omega + 0.00010omega^2

--- Chunk 57426 (7/220) | Start: 2025-03-12 02:35:00 ---
    RMSE omega: nan | RMSE theta: nan | Loss: 1011.2677 | Epoch: 27
    Eq theta: 1.00000omega
    Eq omega: nan1 + nantheta + nanomega + nantheta^2 + nantheta omega + nanomega^2

--- Chunk 57427 (8/220) | Start: 2025-03-12 02:40:00 ---
    RMSE omega: 0.017562 | RMSE theta: 0.524747 | Loss: 85.0477 | Epoch: 1759
    Eq theta: 1.00000omega
    Eq omega: -0.000011 + -0.01848theta + -0.00019omega + 0.00007theta^2 + -0.00001theta omega + -0.00003omega^2

--- Chunk 57428 (9/220) | Start: 2025-03-12 02:45:00 ---
    RMSE omega: nan | RMSE theta: nan | Loss: 3052.8589 | Epoch: 33
    Eq theta: 1.00000omega
    Eq omega: nan1 + nantheta + nanomega + nantheta^2 + nantheta omega + nanomega^2

--- Chunk 57429 (10/220) | Start: 2025-03-12 02:50:00 ---
    RMSE omega: 0.018369 | RMSE theta: 0.393976 | Loss: 80.1904 | Epoch: 243
    Eq theta: 1.00000omega
    Eq omega: -0.000731 + 0.00036theta + -0.00830omega + -0.00012theta^2 + -0.00010theta omega + -0.00026omega^2

--- Chunk 57430 (11/220) | Start: 2025-03-12 02:55:00 ---
    RMSE omega: 0.006562 | RMSE theta: 0.357369 | Loss: 6.7185 | Epoch: 2310
    Eq theta: 1.00000omega
    Eq omega: -0.006121 + 0.00008theta + 0.00754omega + 0.00004theta^2 + 0.00008theta omega + -0.00008omega^2

--- Chunk 57431 (12/220) | Start: 2025-03-12 03:00:00 ---
    RMSE omega: 0.010848 | RMSE theta: 0.394308 | Loss: 35.8473 | Epoch: 1618
    Eq theta: 1.00000omega
    Eq omega: -0.001081 + -0.00259theta + 0.04044omega + -0.00434theta^2 + -0.00096theta omega + 0.00163omega^2

--- Chunk 57432 (13/220) | Start: 2025-03-12 03:05:00 ---
    RMSE omega: 0.026103 | RMSE theta: 0.404121 | Loss: -229.8983 | Epoch: 435
    Eq theta: 1.00000omega
    Eq omega: 0.024481 + -0.27693theta + 0.00897omega + 0.00195theta^2 + -0.00433theta omega + 0.01325omega^2

--- Chunk 57433 (14/220) | Start: 2025-03-12 03:10:00 ---
    RMSE omega: 0.006125 | RMSE theta: 0.260047 | Loss: -0.2695 | Epoch: 1612
    Eq theta: 1.00000omega
    Eq omega: -0.001371 + 0.00031theta + 0.00030omega + 0.00002theta^2 + 0.00008theta omega + 0.00081omega^2

--- Chunk 57434 (15/220) | Start: 2025-03-12 03:15:00 ---
    RMSE omega: 0.013975 | RMSE theta: 0.383837 | Loss: 75.9143 | Epoch: 1545
    Eq theta: 1.00000omega
    Eq omega: -0.012151 + 0.00044theta + -0.00116omega + 0.00002theta^2 + -0.00001theta omega + -0.00028omega^2

--- Chunk 57435 (16/220) | Start: 2025-03-12 03:20:00 ---
    RMSE omega: 0.017125 | RMSE theta: 0.572072 | Loss: 54.7319 | Epoch: 830
    Eq theta: 1.00000omega
    Eq omega: 0.001761 + 0.00001theta + 0.00075omega + -0.00001theta^2 + -0.00008theta omega + 0.00010omega^2

--- Chunk 57436 (17/220) | Start: 2025-03-12 03:25:00 ---
    RMSE omega: nan | RMSE theta: nan | Loss: 11247.8096 | Epoch: 16
    Eq theta: 1.00000omega
    Eq omega: nan1 + nantheta + nanomega + nantheta^2 + nantheta omega + nanomega^2

--- Chunk 57437 (18/220) | Start: 2025-03-12 03:30:00 ---
    RMSE omega: 0.011198 | RMSE theta: 0.306624 | Loss: 96.3008 | Epoch: 1851
    Eq theta: 1.00000omega
    Eq omega: 0.002361 + 0.00003theta + -0.00151omega + -0.00000theta^2 + -0.00001theta omega + -0.00009omega^2

--- Chunk 57438 (19/220) | Start: 2025-03-12 03:35:00 ---
    RMSE omega: 0.011652 | RMSE theta: 0.295230 | Loss: 3.5321 | Epoch: 1373
    Eq theta: 1.00000omega
    Eq omega: 0.002651 + -0.19113theta + -0.02108omega + -0.04939theta^2 + -0.04910theta omega + 0.16042omega^2

--- Chunk 57439 (20/220) | Start: 2025-03-12 03:40:00 ---
    RMSE omega: 0.004067 | RMSE theta: 0.073492 | Loss: -2.1596 | Epoch: 1632
    Eq theta: 1.00000omega
    Eq omega: -0.004361 + -0.00756theta + -0.05123omega + 0.41790theta^2 + 0.04461theta omega + 0.28162omega^2

--- Chunk 57440 (21/220) | Start: 2025-03-12 03:45:00 ---
    RMSE omega: 0.003906 | RMSE theta: 0.072886 | Loss: -0.5534 | Epoch: 2207
    Eq theta: 1.00000omega
    Eq omega: -0.000351 + -0.00098theta + -0.00247omega + 0.00008theta^2 + -0.00018theta omega + 0.00015omega^2

--- Chunk 57441 (22/220) | Start: 2025-03-12 03:50:00 ---
    RMSE omega: 0.013998 | RMSE theta: 1.309493 | Loss: -37249626406912.0000 | Epoch: 3073
    Eq theta: 1.00000omega
    Eq omega: 0.002181 + -0.00024theta + -0.00221omega + 0.00001theta^2 + 0.00001theta omega + 0.00001omega^2

--- Chunk 57442 (23/220) | Start: 2025-03-12 03:55:00 ---
    RMSE omega: 0.005733 | RMSE theta: 0.365192 | Loss: 2.0933 | Epoch: 1966
    Eq theta: 1.00000omega
    Eq omega: -0.000961 + 0.00009theta + -0.00191omega + 0.00006theta^2 + 0.00059theta omega + 0.00272omega^2

--- Chunk 57443 (24/220) | Start: 2025-03-12 04:00:00 ---
    RMSE omega: nan | RMSE theta: nan | Loss: 48.6397 | Epoch: 32
    Eq theta: 1.00000omega
    Eq omega: nan1 + nantheta + nanomega + nantheta^2 + nantheta omega + nanomega^2

--- Chunk 57444 (25/220) | Start: 2025-03-12 04:05:00 ---
    RMSE omega: 0.005390 | RMSE theta: 0.269692 | Loss: -0.3436 | Epoch: 3509
    Eq theta: 1.00000omega
    Eq omega: 0.008641 + -0.06469theta + -0.00151omega + 0.00662theta^2 + -0.00004theta omega + -0.00523omega^2

--- Chunk 57445 (26/220) | Start: 2025-03-12 04:10:00 ---
    RMSE omega: 0.010577 | RMSE theta: 0.423121 | Loss: 12.1910 | Epoch: 1555
    Eq theta: 1.00000omega
    Eq omega: -0.001041 + -0.00023theta + -0.00026omega + -0.00001theta^2 + 0.00008theta omega + 0.00010omega^2

--- Chunk 57446 (27/220) | Start: 2025-03-12 04:15:00 ---
    RMSE omega: 0.014567 | RMSE theta: 0.186718 | Loss: 2.8810 | Epoch: 1468
    Eq theta: 1.00000omega
    Eq omega: 0.008721 + -0.13867theta + -0.00135omega + 0.01028theta^2 + 0.04963theta omega + -0.00059omega^2

--- Chunk 57447 (28/220) | Start: 2025-03-12 04:20:00 ---
    RMSE omega: nan | RMSE theta: nan | Loss: 108.1954 | Epoch: 56
    Eq theta: 1.00000omega
    Eq omega: nan1 + nantheta + nanomega + nantheta^2 + nantheta omega + nanomega^2

--- Chunk 57448 (29/220) | Start: 2025-03-12 04:25:00 ---
    RMSE omega: 0.006747 | RMSE theta: 0.238989 | Loss: -0.2598 | Epoch: 1777
    Eq theta: 1.00000omega
    Eq omega: 0.001581 + -0.00172theta + 0.00057omega + 0.00012theta^2 + -0.00090theta omega + 0.00024omega^2

--- Chunk 57449 (30/220) | Start: 2025-03-12 04:30:00 ---
    RMSE omega: nan | RMSE theta: nan | Loss: 238.8686 | Epoch: 56
    Eq theta: 1.00000omega
    Eq omega: nan1 + nantheta + nanomega + nantheta^2 + nantheta omega + nanomega^2

--- Chunk 57450 (31/220) | Start: 2025-03-12 04:35:00 ---
    RMSE omega: 0.019009 | RMSE theta: 0.368873 | Loss: 95.0985 | Epoch: 976
    Eq theta: 1.00000omega
    Eq omega: -0.000841 + -0.04205theta + 0.00028omega + 0.00252theta^2 + 0.00022theta omega + 0.00008omega^2

--- Chunk 57451 (32/220) | Start: 2025-03-12 04:40:00 ---
    RMSE omega: 0.011351 | RMSE theta: 0.383849 | Loss: -1.2840 | Epoch: 2658
    Eq theta: 1.00000omega
    Eq omega: 0.005511 + 0.00003theta + 0.00198omega + 0.00001theta^2 + -0.00056theta omega + 0.00052omega^2

--- Chunk 57452 (33/220) | Start: 2025-03-12 04:45:00 ---
    RMSE omega: 0.004698 | RMSE theta: 0.079416 | Loss: -2.5711 | Epoch: 1372
    Eq theta: 1.00000omega
    Eq omega: 0.000561 + -0.00045theta + 0.00389omega + -0.00002theta^2 + 0.00158theta omega + -0.00466omega^2

--- Chunk 57453 (34/220) | Start: 2025-03-12 04:50:00 ---
    RMSE omega: 0.005041 | RMSE theta: 0.035784 | Loss: -0.6628 | Epoch: 1346
    Eq theta: 1.00000omega
    Eq omega: 0.031981 + -0.54216theta + -0.00810omega + -0.14845theta^2 + 0.00416theta omega + 0.01246omega^2

--- Chunk 57454 (35/220) | Start: 2025-03-12 04:55:00 ---
    RMSE omega: 0.030321 | RMSE theta: 0.319384 | Loss: 61.3313 | Epoch: 92
    Eq theta: 1.00000omega
    Eq omega: -0.000451 + -0.02930theta + -0.00620omega + 0.00303theta^2 + -0.00081theta omega + 0.00233omega^2

--- Chunk 57455 (36/220) | Start: 2025-03-12 05:00:00 ---
    RMSE omega: 0.038203 | RMSE theta: 1.057028 | Loss: 365.1891 | Epoch: 56
    Eq theta: 1.00000omega
    Eq omega: -0.001221 + -0.00009theta + 0.00092omega + 0.00005theta^2 + -0.00016theta omega + -0.00017omega^2

--- Chunk 57456 (37/220) | Start: 2025-03-12 05:05:00 ---
    RMSE omega: nan | RMSE theta: nan | Loss: 680.7901 | Epoch: 23
    Eq theta: 1.00000omega
    Eq omega: nan1 + nantheta + nanomega + nantheta^2 + nantheta omega + nanomega^2

--- Chunk 57457 (38/220) | Start: 2025-03-12 05:10:00 ---
    RMSE omega: 0.025428 | RMSE theta: 0.215465 | Loss: 41.1072 | Epoch: 60
    Eq theta: 1.00000omega
    Eq omega: -0.021631 + -0.00417theta + 0.00159omega + -0.00030theta^2 + -0.00061theta omega + -0.00024omega^2

--- Chunk 57458 (39/220) | Start: 2025-03-12 05:15:00 ---
    RMSE omega: 0.006814 | RMSE theta: 0.097990 | Loss: -2.1231 | Epoch: 1580
    Eq theta: 1.00000omega
    Eq omega: 0.065521 + -0.63367theta + -0.00281omega + -0.15118theta^2 + 0.02225theta omega + 0.08660omega^2

--- Chunk 57459 (40/220) | Start: 2025-03-12 05:20:00 ---
    RMSE omega: 0.005324 | RMSE theta: 0.081779 | Loss: -2.1757 | Epoch: 2093
    Eq theta: 1.00000omega
    Eq omega: 0.002451 + -0.04331theta + -0.00555omega + -0.00032theta^2 + -0.00229theta omega + -0.00900omega^2

--- Chunk 57460 (41/220) | Start: 2025-03-12 05:25:00 ---
    RMSE omega: 0.006761 | RMSE theta: 0.281322 | Loss: 5.4468 | Epoch: 2718
    Eq theta: 1.00000omega
    Eq omega: -0.002351 + -0.00015theta + 0.00205omega + 0.00003theta^2 + 0.00002theta omega + 0.00030omega^2

--- Chunk 57461 (42/220) | Start: 2025-03-12 05:30:00 ---
    RMSE omega: 0.017911 | RMSE theta: 2.496493 | Loss: -1238901719040.0000 | Epoch: 3783
    Eq theta: 1.00000omega
    Eq omega: 0.002141 + -0.00004theta + -0.00039omega + -0.00002theta^2 + 0.00002theta omega + -0.00034omega^2

--- Chunk 57462 (43/220) | Start: 2025-03-12 05:35:00 ---
    RMSE omega: 0.005720 | RMSE theta: 0.161738 | Loss: -8587.6973 | Epoch: 2954
    Eq theta: 1.00000omega
    Eq omega: 0.016841 + -0.00428theta + 0.00052omega + 0.00060theta^2 + 0.00140theta omega + 0.00068omega^2

--- Chunk 57463 (44/220) | Start: 2025-03-12 05:40:00 ---
    RMSE omega: nan | RMSE theta: nan | Loss: 31127.6602 | Epoch: 16
    Eq theta: 1.00000omega
    Eq omega: nan1 + nantheta + nanomega + nantheta^2 + nantheta omega + nanomega^2

--- Chunk 57464 (45/220) | Start: 2025-03-12 05:45:00 ---
    RMSE omega: 0.036011 | RMSE theta: 0.596618 | Loss: -45721.3711 | Epoch: 510
    Eq theta: 1.00000omega
    Eq omega: -0.043351 + -0.04694theta + -0.00377omega + -0.00063theta^2 + 0.00057theta omega + 0.00044omega^2

--- Chunk 57465 (46/220) | Start: 2025-03-12 05:50:00 ---
    RMSE omega: 0.004014 | RMSE theta: 0.110872 | Loss: 0.1268 | Epoch: 1876
    Eq theta: 1.00000omega
    Eq omega: 0.001461 + -0.00059theta + -0.01280omega + 0.00002theta^2 + -0.00121theta omega + 0.00030omega^2

--- Chunk 57466 (47/220) | Start: 2025-03-12 05:55:00 ---
    RMSE omega: 0.006097 | RMSE theta: 0.249047 | Loss: -0.4843 | Epoch: 2619
    Eq theta: 1.00000omega
    Eq omega: 0.005761 + -0.05496theta + -0.00408omega + -0.00004theta^2 + 0.00116theta omega + 0.00061omega^2

--- Chunk 57467 (48/220) | Start: 2025-03-12 06:00:00 ---
    RMSE omega: nan | RMSE theta: nan | Loss: 2282.1682 | Epoch: 32
    Eq theta: 1.00000omega
    Eq omega: nan1 + nantheta + nanomega + nantheta^2 + nantheta omega + nanomega^2

--- Chunk 57468 (49/220) | Start: 2025-03-12 06:05:00 ---
    RMSE omega: 0.004193 | RMSE theta: 0.119720 | Loss: 3.3684 | Epoch: 2107
    Eq theta: 1.00000omega
    Eq omega: -0.001391 + -0.00023theta + -0.00609omega + -0.00006theta^2 + 0.00012theta omega + -0.00029omega^2

--- Chunk 57469 (50/220) | Start: 2025-03-12 06:10:00 ---
    RMSE omega: 0.009711 | RMSE theta: 0.459660 | Loss: 4.0194 | Epoch: 3098
    Eq theta: 1.00000omega
    Eq omega: 0.000141 + -0.00009theta + 0.00122omega + -0.00003theta^2 + -0.00013theta omega + -0.00035omega^2

  [Progress 50/220] Mean RMSE omega: 0.012707 | Mean loss: -769770562505.9264 | Valid: 39/50 | Elapsed: 57.3min | ETA: 194.8min

--- Chunk 57470 (51/220) | Start: 2025-03-12 06:15:00 ---
    RMSE omega: nan | RMSE theta: nan | Loss: 1136.4465 | Epoch: 25
    Eq theta: 1.00000omega
    Eq omega: nan1 + nantheta + nanomega + nantheta^2 + nantheta omega + nanomega^2

--- Chunk 57471 (52/220) | Start: 2025-03-12 06:20:00 ---
    RMSE omega: 0.004282 | RMSE theta: 0.116321 | Loss: -3.4907 | Epoch: 1264
    Eq theta: 1.00000omega
    Eq omega: 0.016011 + -0.80279theta + 0.02785omega + 0.00022theta^2 + 0.00296theta omega + -0.00058omega^2

--- Chunk 57472 (53/220) | Start: 2025-03-12 06:25:00 ---
    RMSE omega: 0.004279 | RMSE theta: 0.112561 | Loss: -1.7577 | Epoch: 1754
    Eq theta: 1.00000omega
    Eq omega: 0.002831 + 0.00045theta + -0.00951omega + 0.00063theta^2 + 0.00353theta omega + 0.01626omega^2

--- Chunk 57473 (54/220) | Start: 2025-03-12 06:30:00 ---
    RMSE omega: 0.008895 | RMSE theta: 0.189529 | Loss: -675921592320.0000 | Epoch: 2339
    Eq theta: 1.00000omega
    Eq omega: 0.012321 + -0.70192theta + 0.01521omega + 0.07885theta^2 + 0.11981theta omega + -0.00156omega^2

--- Chunk 57474 (55/220) | Start: 2025-03-12 06:35:00 ---
    RMSE omega: 0.005014 | RMSE theta: 0.140057 | Loss: -1.2841 | Epoch: 1868
    Eq theta: 1.00000omega
    Eq omega: 0.000521 + -0.00071theta + -0.00085omega + -0.00002theta^2 + -0.00006theta omega + -0.00398omega^2

--- Chunk 57475 (56/220) | Start: 2025-03-12 06:40:00 ---
    RMSE omega: nan | RMSE theta: nan | Loss: 178.4631 | Epoch: 70
    Eq theta: 1.00000omega
    Eq omega: nan1 + nantheta + nanomega + nantheta^2 + nantheta omega + nanomega^2

--- Chunk 57476 (57/220) | Start: 2025-03-12 06:45:00 ---
    RMSE omega: nan | RMSE theta: nan | Loss: 80.9247 | Epoch: 30
    Eq theta: 1.00000omega
    Eq omega: nan1 + nantheta + nanomega + nantheta^2 + nantheta omega + nanomega^2

--- Chunk 57477 (58/220) | Start: 2025-03-12 06:50:00 ---
    RMSE omega: nan | RMSE theta: nan | Loss: 156.0594 | Epoch: 47
    Eq theta: 1.00000omega
    Eq omega: nan1 + nantheta + nanomega + nantheta^2 + nantheta omega + nanomega^2

--- Chunk 57478 (59/220) | Start: 2025-03-12 06:55:00 ---
    RMSE omega: 0.010250 | RMSE theta: 0.346783 | Loss: 10.1150 | Epoch: 2382
    Eq theta: 1.00000omega
    Eq omega: -0.000471 + -0.00013theta + 0.00165omega + -0.00001theta^2 + 0.00003theta omega + 0.00089omega^2

--- Chunk 57479 (60/220) | Start: 2025-03-12 07:00:00 ---
    RMSE omega: 0.045218 | RMSE theta: 0.848692 | Loss: 155.7720 | Epoch: 59
    Eq theta: 1.00000omega
    Eq omega: -0.001841 + -0.00040theta + -0.00457omega + -0.00005theta^2 + -0.00022theta omega + -0.00043omega^2

--- Chunk 57480 (61/220) | Start: 2025-03-12 07:05:00 ---
    RMSE omega: nan | RMSE theta: nan | Loss: 530.8918 | Epoch: 54
    Eq theta: 1.00000omega
    Eq omega: nan1 + nantheta + nanomega + nantheta^2 + nantheta omega + nanomega^2

--- Chunk 57481 (62/220) | Start: 2025-03-12 07:10:00 ---
    RMSE omega: 0.005758 | RMSE theta: 0.209355 | Loss: -1.1828 | Epoch: 2356
    Eq theta: 1.00000omega
    Eq omega: -0.002661 + -0.00012theta + 0.00154omega + 0.00014theta^2 + -0.00067theta omega + -0.00001omega^2

--- Chunk 57482 (63/220) | Start: 2025-03-12 07:15:00 ---
    RMSE omega: 0.037705 | RMSE theta: 0.530947 | Loss: 54.5450 | Epoch: 689
    Eq theta: 1.00000omega
    Eq omega: 0.001501 + -0.00616theta + 0.00688omega + 0.00634theta^2 + 0.00059theta omega + 0.00197omega^2

--- Chunk 57483 (64/220) | Start: 2025-03-12 07:20:00 ---
    RMSE omega: nan | RMSE theta: nan | Loss: 225.7804 | Epoch: 28
    Eq theta: 1.00000omega
    Eq omega: nan1 + nantheta + nanomega + nantheta^2 + nantheta omega + nanomega^2

--- Chunk 57484 (65/220) | Start: 2025-03-12 07:25:00 ---
    RMSE omega: 0.009274 | RMSE theta: 0.375574 | Loss: -31.8995 | Epoch: 1523
    Eq theta: 1.00000omega
    Eq omega: 0.001961 + -0.00026theta + 0.00041omega + -0.00280theta^2 + -0.00246theta omega + -0.00440omega^2

--- Chunk 57485 (66/220) | Start: 2025-03-12 07:30:00 ---
    RMSE omega: nan | RMSE theta: nan | Loss: 2127.7366 | Epoch: 5
    Eq theta: 1.00000omega
    Eq omega: nan1 + nantheta + nanomega + nantheta^2 + nantheta omega + nanomega^2

--- Chunk 57486 (67/220) | Start: 2025-03-12 07:35:00 ---
    RMSE omega: 0.009411 | RMSE theta: 0.373613 | Loss: 16.6205 | Epoch: 1555
    Eq theta: 1.00000omega
    Eq omega: -0.000631 + -0.00136theta + 0.00176omega + 0.00002theta^2 + 0.00002theta omega + 0.00003omega^2

--- Chunk 57487 (68/220) | Start: 2025-03-12 07:40:00 ---
    RMSE omega: nan | RMSE theta: nan | Loss: 640.7230 | Epoch: 34
    Eq theta: 1.00000omega
    Eq omega: nan1 + nantheta + nanomega + nantheta^2 + nantheta omega + nanomega^2

--- Chunk 57488 (69/220) | Start: 2025-03-12 07:45:00 ---
    RMSE omega: 0.013574 | RMSE theta: 0.262185 | Loss: -677826789376.0000 | Epoch: 2023
    Eq theta: 1.00000omega
    Eq omega: -0.050721 + -0.08555theta + 0.00110omega + 0.25985theta^2 + 0.01426theta omega + -0.25420omega^2

--- Chunk 57489 (70/220) | Start: 2025-03-12 07:50:00 ---
    RMSE omega: 0.004004 | RMSE theta: 0.043899 | Loss: -2.5801 | Epoch: 1477
    Eq theta: 1.00000omega
    Eq omega: -0.003261 + -0.00065theta + -0.00483omega + 0.00050theta^2 + -0.00099theta omega + 0.00148omega^2

--- Chunk 57490 (71/220) | Start: 2025-03-12 07:55:00 ---
    RMSE omega: nan | RMSE theta: nan | Loss: 29.1633 | Epoch: 73
    Eq theta: 1.00000omega
    Eq omega: nan1 + nantheta + nanomega + nantheta^2 + nantheta omega + nanomega^2

--- Chunk 57491 (72/220) | Start: 2025-03-12 08:00:00 ---
    RMSE omega: 0.040983 | RMSE theta: 0.388377 | Loss: 79.3498 | Epoch: 54
    Eq theta: 1.00000omega
    Eq omega: -0.008361 + -0.00482theta + -0.00340omega + -0.00036theta^2 + -0.00085theta omega + -0.00020omega^2

--- Chunk 57492 (73/220) | Start: 2025-03-12 08:05:00 ---
    RMSE omega: nan | RMSE theta: nan | Loss: 301.4795 | Epoch: 28
    Eq theta: 1.00000omega
    Eq omega: nan1 + nantheta + nanomega + nantheta^2 + nantheta omega + nanomega^2

--- Chunk 57493 (74/220) | Start: 2025-03-12 08:10:00 ---
    RMSE omega: 0.049527 | RMSE theta: 0.744935 | Loss: -4459747.0000 | Epoch: 664
    Eq theta: 1.00000omega
    Eq omega: 0.001391 + -0.00092theta + -0.00411omega + 0.00011theta^2 + -0.00027theta omega + 0.00003omega^2

--- Chunk 57494 (75/220) | Start: 2025-03-12 08:15:00 ---
    RMSE omega: 0.004209 | RMSE theta: 0.026716 | Loss: -2.9040 | Epoch: 1719
    Eq theta: 1.00000omega
    Eq omega: 0.004751 + -1.32319theta + -0.06512omega + -0.03506theta^2 + 0.01695theta omega + 0.01637omega^2

--- Chunk 57495 (76/220) | Start: 2025-03-12 08:20:00 ---
    RMSE omega: 0.004640 | RMSE theta: 0.099790 | Loss: -1.5880 | Epoch: 1337
    Eq theta: 1.00000omega
    Eq omega: -0.040711 + -0.01698theta + 0.00054omega + -0.15830theta^2 + -0.00194theta omega + 0.29435omega^2

--- Chunk 57496 (77/220) | Start: 2025-03-12 08:25:00 ---
    RMSE omega: 0.021836 | RMSE theta: 0.350239 | Loss: -7100.7163 | Epoch: 589
    Eq theta: 1.00000omega
    Eq omega: 0.001021 + 0.00012theta + 0.00098omega + 0.00009theta^2 + 0.00009theta omega + 0.00013omega^2

--- Chunk 57497 (78/220) | Start: 2025-03-12 08:30:00 ---
    RMSE omega: 0.013384 | RMSE theta: 0.618560 | Loss: -310.5227 | Epoch: 1337
    Eq theta: 1.00000omega
    Eq omega: 0.000701 + -0.00143theta + 0.00021omega + 0.00011theta^2 + -0.00111theta omega + 0.00127omega^2

--- Chunk 57498 (79/220) | Start: 2025-03-12 08:35:00 ---
    RMSE omega: 0.005531 | RMSE theta: 0.217468 | Loss: -1.4358 | Epoch: 2240
    Eq theta: 1.00000omega
    Eq omega: -0.001981 + 0.00034theta + -0.00093omega + 0.00020theta^2 + -0.00040theta omega + -0.00011omega^2

--- Chunk 57499 (80/220) | Start: 2025-03-12 08:40:00 ---
    RMSE omega: 0.005422 | RMSE theta: 0.158202 | Loss: -12.9908 | Epoch: 931
    Eq theta: 1.00000omega
    Eq omega: -0.002411 + -0.00321theta + 0.00005omega + -0.00150theta^2 + 0.00232theta omega + -0.00080omega^2

--- Chunk 57500 (81/220) | Start: 2025-03-12 08:45:00 ---
    RMSE omega: 0.035343 | RMSE theta: 0.474172 | Loss: 74.2886 | Epoch: 50
    Eq theta: 1.00000omega
    Eq omega: -0.017971 + -0.01660theta + 0.00847omega + 0.00251theta^2 + -0.00318theta omega + -0.01356omega^2

--- Chunk 57501 (82/220) | Start: 2025-03-12 08:50:00 ---
    RMSE omega: 0.007315 | RMSE theta: 0.430234 | Loss: 6.1796 | Epoch: 2477
    Eq theta: 1.00000omega
    Eq omega: -0.000671 + -0.00004theta + -0.00533omega + 0.00000theta^2 + -0.00006theta omega + -0.00000omega^2

--- Chunk 57502 (83/220) | Start: 2025-03-12 08:55:00 ---
    RMSE omega: 0.009268 | RMSE theta: 0.403746 | Loss: -1478.1442 | Epoch: 1805
    Eq theta: 1.00000omega
    Eq omega: 0.002721 + -0.00030theta + -0.00591omega + -0.00003theta^2 + -0.00002theta omega + 0.00013omega^2

--- Chunk 57503 (84/220) | Start: 2025-03-12 09:00:00 ---
    RMSE omega: 0.007655 | RMSE theta: 0.327678 | Loss: -8.7445 | Epoch: 1598
    Eq theta: 1.00000omega
    Eq omega: 0.001261 + -0.00130theta + 0.00286omega + -0.00091theta^2 + 0.00113theta omega + -0.00202omega^2

--- Chunk 57504 (85/220) | Start: 2025-03-12 09:05:00 ---
    RMSE omega: 0.012241 | RMSE theta: 0.665647 | Loss: -414388.2188 | Epoch: 1393
    Eq theta: 1.00000omega
    Eq omega: 0.000631 + 0.00014theta + -0.00118omega + -0.00093theta^2 + -0.00053theta omega + -0.00021omega^2

--- Chunk 57505 (86/220) | Start: 2025-03-12 09:10:00 ---
    RMSE omega: 0.012013 | RMSE theta: 0.515395 | Loss: -2639364.2500 | Epoch: 3211
    Eq theta: 1.00000omega
    Eq omega: -0.004681 + -0.00009theta + 0.00356omega + 0.00001theta^2 + 0.00001theta omega + -0.00045omega^2

--- Chunk 57506 (87/220) | Start: 2025-03-12 09:15:00 ---
    RMSE omega: 0.035864 | RMSE theta: 4.806334 | Loss: -9189543936.0000 | Epoch: 1991
    Eq theta: 1.00000omega
    Eq omega: 0.001641 + -0.00004theta + -0.00050omega + -0.00001theta^2 + 0.00000theta omega + 0.00017omega^2

--- Chunk 57507 (88/220) | Start: 2025-03-12 09:20:00 ---
    RMSE omega: 0.023339 | RMSE theta: 0.835026 | Loss: -2529731718497059083386880.0000 | Epoch: 2588
    Eq theta: 1.00000omega
    Eq omega: -0.004381 + 0.00001theta + 0.00138omega + -0.00004theta^2 + -0.00066theta omega + -0.00166omega^2

--- Chunk 57508 (89/220) | Start: 2025-03-12 09:25:00 ---
    RMSE omega: nan | RMSE theta: nan | Loss: 298.5981 | Epoch: 70
    Eq theta: 1.00000omega
    Eq omega: nan1 + nantheta + nanomega + nantheta^2 + nantheta omega + nanomega^2

--- Chunk 57509 (90/220) | Start: 2025-03-12 09:30:00 ---
    RMSE omega: 0.005055 | RMSE theta: 0.284436 | Loss: 2.9790 | Epoch: 1686
    Eq theta: 1.00000omega
    Eq omega: -0.003091 + -0.00007theta + 0.00146omega + 0.00097theta^2 + 0.00002theta omega + 0.00075omega^2

--- Chunk 57510 (91/220) | Start: 2025-03-12 09:35:00 ---
    RMSE omega: 0.005799 | RMSE theta: 0.127302 | Loss: 1.4347 | Epoch: 1346
    Eq theta: 1.00000omega
    Eq omega: 0.002801 + 0.00003theta + -0.00019omega + -0.00008theta^2 + -0.00038theta omega + 0.00101omega^2

--- Chunk 57511 (92/220) | Start: 2025-03-12 09:40:00 ---
    RMSE omega: 0.134511 | RMSE theta: 2.277880 | Loss: 3552.9922 | Epoch: 20
    Eq theta: 1.00000omega
    Eq omega: -0.003001 + -0.00028theta + 0.00110omega + -0.00016theta^2 + 0.00051theta omega + 0.00073omega^2

--- Chunk 57512 (93/220) | Start: 2025-03-12 09:45:00 ---
    RMSE omega: 0.040407 | RMSE theta: 1.277269 | Loss: 333.2613 | Epoch: 35
    Eq theta: 1.00000omega
    Eq omega: 0.010741 + -0.00098theta + 0.00122omega + 0.00080theta^2 + 0.00013theta omega + 0.00207omega^2

--- Chunk 57513 (94/220) | Start: 2025-03-12 09:50:00 ---
    RMSE omega: 0.003853 | RMSE theta: 0.026048 | Loss: -1.5511 | Epoch: 1116
    Eq theta: 1.00000omega
    Eq omega: 0.070881 + -0.00434theta + -0.00527omega + -0.14328theta^2 + -0.00222theta omega + -0.00194omega^2

--- Chunk 57514 (95/220) | Start: 2025-03-12 09:55:00 ---
    RMSE omega: 0.003785 | RMSE theta: 0.112211 | Loss: -4.9555 | Epoch: 2227
    Eq theta: 1.00000omega
    Eq omega: -0.002621 + -0.00080theta + -0.00009omega + -0.00094theta^2 + -0.00153theta omega + -0.00222omega^2

--- Chunk 57515 (96/220) | Start: 2025-03-12 10:00:00 ---
    RMSE omega: 0.004923 | RMSE theta: 0.133354 | Loss: -1.0609 | Epoch: 1778
    Eq theta: 1.00000omega
    Eq omega: -0.000711 + 0.00113theta + -0.00225omega + -0.00004theta^2 + 0.00038theta omega + 0.00376omega^2

--- Chunk 57516 (97/220) | Start: 2025-03-12 10:05:00 ---
    RMSE omega: 0.020126 | RMSE theta: 0.312459 | Loss: 37.4486 | Epoch: 169
    Eq theta: 1.00000omega
    Eq omega: -0.002471 + -0.00063theta + 0.00052omega + -0.00030theta^2 + -0.00008theta omega + -0.00155omega^2

--- Chunk 57517 (98/220) | Start: 2025-03-12 10:10:00 ---
    RMSE omega: 0.004807 | RMSE theta: 0.033318 | Loss: -181014.1094 | Epoch: 1775
    Eq theta: 1.00000omega
    Eq omega: -0.075031 + -1.79236theta + 0.00085omega + 0.00065theta^2 + -0.00327theta omega + 0.46340omega^2

--- Chunk 57518 (99/220) | Start: 2025-03-12 10:15:00 ---
    RMSE omega: 0.003895 | RMSE theta: 0.044882 | Loss: -1.3409 | Epoch: 1568
    Eq theta: 1.00000omega
    Eq omega: -0.001911 + -0.13350theta + -0.07667omega + 0.95533theta^2 + 0.02341theta omega + -0.03184omega^2

--- Chunk 57519 (100/220) | Start: 2025-03-12 10:20:00 ---
    RMSE omega: 0.004263 | RMSE theta: 0.146587 | Loss: -112759624.0000 | Epoch: 2625
    Eq theta: 1.00000omega
    Eq omega: -0.000481 + -0.00054theta + 0.00127omega + -0.00019theta^2 + 0.00068theta omega + 0.00109omega^2

  [Progress 100/220] Mean RMSE omega: 0.015041 | Mean loss: -25297317185369103400960.0000 | Valid: 78/100 | Elapsed: 87.1min | ETA: 104.5min

--- Chunk 57520 (101/220) | Start: 2025-03-12 10:25:00 ---
    RMSE omega: nan | RMSE theta: nan | Loss: 365.8823 | Epoch: 57
    Eq theta: 1.00000omega
    Eq omega: nan1 + nantheta + nanomega + nantheta^2 + nantheta omega + nanomega^2

--- Chunk 57521 (102/220) | Start: 2025-03-12 10:30:00 ---
    RMSE omega: 0.005176 | RMSE theta: 0.207901 | Loss: -1.0710 | Epoch: 2057
    Eq theta: 1.00000omega
    Eq omega: 0.005711 + 0.00085theta + 0.00092omega + 0.00002theta^2 + 0.00045theta omega + 0.00168omega^2

--- Chunk 57522 (103/220) | Start: 2025-03-12 10:35:00 ---
    RMSE omega: nan | RMSE theta: nan | Loss: 922.9877 | Epoch: 38
    Eq theta: 1.00000omega
    Eq omega: nan1 + nantheta + nanomega + nantheta^2 + nantheta omega + nanomega^2

--- Chunk 57523 (104/220) | Start: 2025-03-12 10:40:00 ---
    RMSE omega: 0.055260 | RMSE theta: 0.655403 | Loss: 190.4226 | Epoch: 23
    Eq theta: 1.00000omega
    Eq omega: -0.013491 + -0.01064theta + -0.00225omega + -0.00829theta^2 + 0.00181theta omega + -0.00593omega^2

--- Chunk 57524 (105/220) | Start: 2025-03-12 10:45:00 ---
    RMSE omega: 0.009033 | RMSE theta: 0.180320 | Loss: -208.9401 | Epoch: 1805
    Eq theta: 1.00000omega
    Eq omega: -0.001451 + -0.00070theta + -0.00271omega + 0.00048theta^2 + 0.00070theta omega + -0.00209omega^2

--- Chunk 57525 (106/220) | Start: 2025-03-12 10:50:00 ---
    RMSE omega: 0.052563 | RMSE theta: 0.580807 | Loss: 326.6844 | Epoch: 68
    Eq theta: 1.00000omega
    Eq omega: 0.001181 + -0.00031theta + 0.00024omega + -0.00001theta^2 + 0.00017theta omega + 0.00093omega^2

--- Chunk 57526 (107/220) | Start: 2025-03-12 10:55:00 ---
    RMSE omega: nan | RMSE theta: nan | Loss: -11681527893423705861899943936.0000 | Epoch: 1710
    Eq theta: 1.00000omega
    Eq omega: nan1 + nantheta + nanomega + nantheta^2 + nantheta omega + nanomega^2

--- Chunk 57527 (108/220) | Start: 2025-03-12 11:00:00 ---
    RMSE omega: 0.007945 | RMSE theta: 0.388274 | Loss: -0.6357 | Epoch: 1961
    Eq theta: 1.00000omega
    Eq omega: -0.000481 + -0.00162theta + -0.00010omega + -0.00005theta^2 + 0.00151theta omega + -0.00034omega^2

--- Chunk 57528 (109/220) | Start: 2025-03-12 11:05:00 ---
    RMSE omega: nan | RMSE theta: nan | Loss: 425.2674 | Epoch: 25
    Eq theta: 1.00000omega
    Eq omega: nan1 + nantheta + nanomega + nantheta^2 + nantheta omega + nanomega^2

--- Chunk 57529 (110/220) | Start: 2025-03-12 11:10:00 ---
    RMSE omega: 0.056591 | RMSE theta: 0.951264 | Loss: 343.7041 | Epoch: 108
    Eq theta: 1.00000omega
    Eq omega: 0.002841 + 0.00013theta + -0.01099omega + -0.00033theta^2 + -0.00325theta omega + 0.00016omega^2

--- Chunk 57530 (111/220) | Start: 2025-03-12 11:15:00 ---
    RMSE omega: 0.005333 | RMSE theta: 0.139142 | Loss: 1.6073 | Epoch: 2404
    Eq theta: 1.00000omega
    Eq omega: 0.000971 + 0.00007theta + -0.00010omega + -0.00002theta^2 + -0.00001theta omega + 0.00018omega^2

--- Chunk 57531 (112/220) | Start: 2025-03-12 11:20:00 ---
    RMSE omega: 0.004273 | RMSE theta: 0.177909 | Loss: 1.4884 | Epoch: 2692
    Eq theta: 1.00000omega
    Eq omega: -0.006581 + -0.00016theta + 0.00039omega + 0.00003theta^2 + -0.00024theta omega + 0.00024omega^2

--- Chunk 57532 (113/220) | Start: 2025-03-12 11:25:00 ---
    RMSE omega: nan | RMSE theta: nan | Loss: 196.9634 | Epoch: 114
    Eq theta: 1.00000omega
    Eq omega: nan1 + nantheta + nanomega + nantheta^2 + nantheta omega + nanomega^2

--- Chunk 57533 (114/220) | Start: 2025-03-12 11:30:00 ---
    RMSE omega: 0.025258 | RMSE theta: 0.221901 | Loss: -4750.2446 | Epoch: 803
    Eq theta: 1.00000omega
    Eq omega: -0.003321 + -0.00010theta + -0.00878omega + -0.00001theta^2 + 0.00012theta omega + -0.00197omega^2

--- Chunk 57534 (115/220) | Start: 2025-03-12 11:35:00 ---
    RMSE omega: 0.054360 | RMSE theta: 0.586878 | Loss: 324.1353 | Epoch: 37
    Eq theta: 1.00000omega
    Eq omega: -0.000621 + -0.00050theta + -0.00301omega + 0.00059theta^2 + 0.00046theta omega + 0.00017omega^2

--- Chunk 57535 (116/220) | Start: 2025-03-12 11:40:00 ---
    RMSE omega: 0.006221 | RMSE theta: 0.236139 | Loss: -34404.9141 | Epoch: 1705
    Eq theta: 1.00000omega
    Eq omega: 0.005951 + -1.47176theta + 0.62346omega + -0.03507theta^2 + -0.05459theta omega + 0.23280omega^2

--- Chunk 57536 (117/220) | Start: 2025-03-12 11:45:00 ---
    RMSE omega: 0.005202 | RMSE theta: 0.110325 | Loss: 0.7480 | Epoch: 1116
    Eq theta: 1.00000omega
    Eq omega: -0.004471 + 0.00185theta + 0.00629omega + -0.00010theta^2 + -0.00025theta omega + 0.00226omega^2

--- Chunk 57537 (118/220) | Start: 2025-03-12 11:50:00 ---
    RMSE omega: 0.047468 | RMSE theta: 0.802083 | Loss: -118661707673086283743232.0000 | Epoch: 925
    Eq theta: 1.00000omega
    Eq omega: -0.001651 + -0.00051theta + 0.00080omega + 0.00002theta^2 + -0.00000theta omega + 0.00000omega^2

--- Chunk 57538 (119/220) | Start: 2025-03-12 11:55:00 ---
    RMSE omega: 0.069193 | RMSE theta: 1.173988 | Loss: -15216.8320 | Epoch: 470
    Eq theta: 1.00000omega
    Eq omega: -0.009141 + 0.00611theta + 0.00378omega + -0.00004theta^2 + -0.00244theta omega + -0.00249omega^2

--- Chunk 57539 (120/220) | Start: 2025-03-12 12:00:00 ---
    RMSE omega: 0.005031 | RMSE theta: 0.072320 | Loss: -0.5957 | Epoch: 1500
    Eq theta: 1.00000omega
    Eq omega: -0.000001 + 0.00251theta + -0.00244omega + 0.00079theta^2 + -0.00292theta omega + 0.01051omega^2

--- Chunk 57540 (121/220) | Start: 2025-03-12 12:05:00 ---
    RMSE omega: 0.008064 | RMSE theta: 0.437874 | Loss: -33383.3906 | Epoch: 1918
    Eq theta: 1.00000omega
    Eq omega: 0.001201 + 0.00003theta + -0.00356omega + 0.00009theta^2 + 0.00075theta omega + -0.00233omega^2

--- Chunk 57541 (122/220) | Start: 2025-03-12 12:10:00 ---
    RMSE omega: 0.021889 | RMSE theta: 0.294444 | Loss: -776749.9375 | Epoch: 892
    Eq theta: 1.00000omega
    Eq omega: 0.000221 + -0.13755theta + 0.00809omega + 0.01930theta^2 + -0.00253theta omega + -0.00026omega^2

--- Chunk 57542 (123/220) | Start: 2025-03-12 12:15:00 ---
    RMSE omega: 0.004566 | RMSE theta: 0.102568 | Loss: -1.3297 | Epoch: 1309
    Eq theta: 1.00000omega
    Eq omega: 0.002561 + -0.00081theta + -0.00136omega + -0.00011theta^2 + -0.00088theta omega + 0.00150omega^2

--- Chunk 57543 (124/220) | Start: 2025-03-12 12:20:00 ---
    RMSE omega: nan | RMSE theta: nan | Loss: 194.9332 | Epoch: 37
    Eq theta: 1.00000omega
    Eq omega: nan1 + nantheta + nanomega + nantheta^2 + nantheta omega + nanomega^2

--- Chunk 57544 (125/220) | Start: 2025-03-12 12:25:00 ---
    RMSE omega: 0.011218 | RMSE theta: 1.306650 | Loss: -2764523345805312.0000 | Epoch: 2979
    Eq theta: 1.00000omega
    Eq omega: 0.003711 + -0.00032theta + 0.00016omega + -0.00006theta^2 + -0.00000theta omega + -0.00024omega^2

--- Chunk 57545 (126/220) | Start: 2025-03-12 12:30:00 ---
    RMSE omega: 3.602342 | RMSE theta: 149.917938 | Loss: -1780415218300284305408.0000 | Epoch: 1132
    Eq theta: 1.00000omega
    Eq omega: 0.018691 + -0.03411theta + 0.00280omega + 0.00000theta^2 + -0.00016theta omega + -0.00000omega^2

--- Chunk 57546 (127/220) | Start: 2025-03-12 12:35:00 ---
    RMSE omega: 0.004794 | RMSE theta: 0.255372 | Loss: -204168.4688 | Epoch: 2690
    Eq theta: 1.00000omega
    Eq omega: -0.001951 + -0.00061theta + 0.00672omega + 0.00346theta^2 + 0.00078theta omega + 0.00072omega^2

--- Chunk 57547 (128/220) | Start: 2025-03-12 12:40:00 ---
    RMSE omega: 0.006263 | RMSE theta: 0.156768 | Loss: -10.4727 | Epoch: 873
    Eq theta: 1.00000omega
    Eq omega: 0.000111 + -0.00489theta + -0.00118omega + -0.00107theta^2 + -0.00674theta omega + -0.00006omega^2

--- Chunk 57548 (129/220) | Start: 2025-03-12 12:45:00 ---
    RMSE omega: 0.003742 | RMSE theta: 0.091971 | Loss: -1.4083 | Epoch: 1663
    Eq theta: 1.00000omega
    Eq omega: -0.003751 + -0.00070theta + -0.00295omega + -0.00011theta^2 + -0.00023theta omega + 0.00188omega^2

--- Chunk 57549 (130/220) | Start: 2025-03-12 12:50:00 ---
    RMSE omega: nan | RMSE theta: nan | Loss: 403.6291 | Epoch: 16
    Eq theta: 1.00000omega
    Eq omega: nan1 + nantheta + nanomega + nantheta^2 + nantheta omega + nanomega^2

--- Chunk 57550 (131/220) | Start: 2025-03-12 12:55:00 ---
    RMSE omega: nan | RMSE theta: nan | Loss: 313.8286 | Epoch: 25
    Eq theta: 1.00000omega
    Eq omega: nan1 + nantheta + nanomega + nantheta^2 + nantheta omega + nanomega^2

--- Chunk 57551 (132/220) | Start: 2025-03-12 13:00:00 ---
    RMSE omega: 0.027892 | RMSE theta: 0.657551 | Loss: 72.7050 | Epoch: 1239
    Eq theta: 1.00000omega
    Eq omega: 0.003071 + -0.00060theta + -0.01384omega + -0.00013theta^2 + 0.00049theta omega + -0.00002omega^2

--- Chunk 57552 (133/220) | Start: 2025-03-12 13:05:00 ---
    RMSE omega: nan | RMSE theta: nan | Loss: 212.9141 | Epoch: 42
    Eq theta: 1.00000omega
    Eq omega: nan1 + nantheta + nanomega + nantheta^2 + nantheta omega + nanomega^2

--- Chunk 57553 (134/220) | Start: 2025-03-12 13:10:00 ---
    RMSE omega: 0.004964 | RMSE theta: 0.064900 | Loss: -1.9426 | Epoch: 1293
    Eq theta: 1.00000omega
    Eq omega: -0.010511 + -0.06562theta + -0.01306omega + 0.00477theta^2 + -0.01478theta omega + -0.01143omega^2

--- Chunk 57554 (135/220) | Start: 2025-03-12 13:15:00 ---
    RMSE omega: 0.021206 | RMSE theta: 0.197468 | Loss: 27.0916 | Epoch: 67
    Eq theta: 1.00000omega
    Eq omega: -0.015831 + -0.08139theta + -0.00421omega + 0.00291theta^2 + -0.00265theta omega + -0.00522omega^2

--- Chunk 57555 (136/220) | Start: 2025-03-12 13:20:00 ---
    RMSE omega: 0.005362 | RMSE theta: 0.093326 | Loss: -1.9219 | Epoch: 1532
    Eq theta: 1.00000omega
    Eq omega: -0.001041 + -0.00927theta + -0.00425omega + 0.00028theta^2 + -0.00056theta omega + -0.00519omega^2

--- Chunk 57556 (137/220) | Start: 2025-03-12 13:25:00 ---
    RMSE omega: 0.004305 | RMSE theta: 0.033039 | Loss: -0.7400 | Epoch: 1291
    Eq theta: 1.00000omega
    Eq omega: 0.024251 + -2.00627theta + 0.00403omega + -0.01905theta^2 + -0.00352theta omega + 0.03288omega^2

--- Chunk 57557 (138/220) | Start: 2025-03-12 13:30:00 ---
    RMSE omega: 0.041287 | RMSE theta: 0.686689 | Loss: 407.9853 | Epoch: 41
    Eq theta: 1.00000omega
    Eq omega: -0.000531 + 0.00005theta + 0.00644omega + 0.00036theta^2 + -0.00037theta omega + 0.00110omega^2

--- Chunk 57558 (139/220) | Start: 2025-03-12 13:35:00 ---
    RMSE omega: nan | RMSE theta: nan | Loss: -1059679470502977470464.0000 | Epoch: 610
    Eq theta: 1.00000omega
    Eq omega: nan1 + nantheta + nanomega + nantheta^2 + nantheta omega + nanomega^2

--- Chunk 57559 (140/220) | Start: 2025-03-12 13:40:00 ---
    RMSE omega: 0.036578 | RMSE theta: 0.531358 | Loss: 90.1986 | Epoch: 51
    Eq theta: 1.00000omega
    Eq omega: -0.000241 + -0.00051theta + -0.00224omega + -0.00025theta^2 + 0.00105theta omega + -0.00366omega^2

--- Chunk 57560 (141/220) | Start: 2025-03-12 13:45:00 ---
    RMSE omega: nan | RMSE theta: nan | Loss: -91614836059598225408.0000 | Epoch: 515
    Eq theta: 1.00000omega
    Eq omega: nan1 + nantheta + nanomega + nantheta^2 + nantheta omega + nanomega^2

--- Chunk 57561 (142/220) | Start: 2025-03-12 13:50:00 ---
    RMSE omega: 0.004357 | RMSE theta: 0.132447 | Loss: -1.2709 | Epoch: 1946
    Eq theta: 1.00000omega
    Eq omega: 0.000341 + 0.00014theta + 0.00241omega + -0.00077theta^2 + -0.00006theta omega + 0.00222omega^2

--- Chunk 57562 (143/220) | Start: 2025-03-12 13:55:00 ---
    RMSE omega: 0.005150 | RMSE theta: 0.258121 | Loss: -55985976350099546046464.0000 | Epoch: 2345
    Eq theta: 1.00000omega
    Eq omega: 0.050271 + -0.23704theta + 0.00956omega + -0.13655theta^2 + 0.00514theta omega + 0.03123omega^2

--- Chunk 57563 (144/220) | Start: 2025-03-12 14:00:00 ---
    RMSE omega: 0.012013 | RMSE theta: 1.115837 | Loss: -5291515.0000 | Epoch: 1556
    Eq theta: 1.00000omega
    Eq omega: -0.002841 + 0.00093theta + -0.00051omega + -0.00005theta^2 + -0.00045theta omega + -0.00006omega^2

--- Chunk 57564 (145/220) | Start: 2025-03-12 14:05:00 ---
    RMSE omega: 0.004893 | RMSE theta: 0.113255 | Loss: -2.2027 | Epoch: 913
    Eq theta: 1.00000omega
    Eq omega: 0.000301 + -0.00245theta + 0.00144omega + -0.00072theta^2 + 0.00087theta omega + -0.00183omega^2

--- Chunk 57565 (146/220) | Start: 2025-03-12 14:10:00 ---
    RMSE omega: 0.007856 | RMSE theta: 0.466488 | Loss: 4.6851 | Epoch: 2036
    Eq theta: 1.00000omega
    Eq omega: -0.000071 + -0.00040theta + -0.00201omega + -0.00003theta^2 + -0.00010theta omega + 0.00072omega^2

--- Chunk 57566 (147/220) | Start: 2025-03-12 14:15:00 ---
    RMSE omega: 0.005420 | RMSE theta: 0.032533 | Loss: -0.6619 | Epoch: 883
    Eq theta: 1.00000omega
    Eq omega: 0.022861 + -2.24589theta + -0.01578omega + 0.02709theta^2 + -0.23472theta omega + 0.34000omega^2

--- Chunk 57567 (148/220) | Start: 2025-03-12 14:20:00 ---
    RMSE omega: 0.004125 | RMSE theta: 0.046732 | Loss: -2.0060 | Epoch: 1032
    Eq theta: 1.00000omega
    Eq omega: 0.005601 + -0.61551theta + 0.06169omega + -0.02997theta^2 + 0.01197theta omega + -0.01932omega^2

--- Chunk 57568 (149/220) | Start: 2025-03-12 14:25:00 ---
    RMSE omega: 0.003902 | RMSE theta: 0.027811 | Loss: -1.3482 | Epoch: 1161
    Eq theta: 1.00000omega
    Eq omega: 0.000211 + 0.00087theta + -0.00120omega + 0.00107theta^2 + -0.00299theta omega + -0.00088omega^2

--- Chunk 57569 (150/220) | Start: 2025-03-12 14:30:00 ---
    RMSE omega: 0.005191 | RMSE theta: 0.030079 | Loss: -1.0384 | Epoch: 1873
    Eq theta: 1.00000omega
    Eq omega: -0.012601 + -0.00021theta + -0.00827omega + -0.00066theta^2 + -0.00121theta omega + 0.00355omega^2

  [Progress 150/220] Mean RMSE omega: 0.046491 | Mean loss: -77894901363590366203215872.0000 | Valid: 117/150 | Elapsed: 123.7min | ETA: 57.7min

--- Chunk 57570 (151/220) | Start: 2025-03-12 14:35:00 ---
    RMSE omega: 0.024901 | RMSE theta: 0.406602 | Loss: 53.1360 | Epoch: 51
    Eq theta: 1.00000omega
    Eq omega: -0.001891 + 0.00068theta + 0.00085omega + -0.00014theta^2 + -0.00016theta omega + 0.00109omega^2

--- Chunk 57571 (152/220) | Start: 2025-03-12 14:40:00 ---
    RMSE omega: nan | RMSE theta: nan | Loss: 55.4196 | Epoch: 38
    Eq theta: 1.00000omega
    Eq omega: nan1 + nantheta + nanomega + nantheta^2 + nantheta omega + nanomega^2

--- Chunk 57572 (153/220) | Start: 2025-03-12 14:45:00 ---
    RMSE omega: 0.031197 | RMSE theta: 0.256579 | Loss: 54.8082 | Epoch: 54
    Eq theta: 1.00000omega
    Eq omega: 0.001371 + -0.01073theta + 0.00178omega + 0.00035theta^2 + 0.00084theta omega + 0.00160omega^2

--- Chunk 57573 (154/220) | Start: 2025-03-12 14:50:00 ---
    RMSE omega: 0.006892 | RMSE theta: 0.114643 | Loss: -48.2594 | Epoch: 1443
    Eq theta: 1.00000omega
    Eq omega: -0.007211 + -0.00044theta + 0.00276omega + 0.00046theta^2 + 0.00004theta omega + 0.00043omega^2

--- Chunk 57574 (155/220) | Start: 2025-03-12 14:55:00 ---
    RMSE omega: 0.009631 | RMSE theta: 0.417024 | Loss: -3868.6755 | Epoch: 1915
    Eq theta: 1.00000omega
    Eq omega: 0.000161 + -0.00012theta + -0.00008omega + -0.00001theta^2 + -0.00004theta omega + -0.00003omega^2

--- Chunk 57575 (156/220) | Start: 2025-03-12 15:00:00 ---
    RMSE omega: 0.033054 | RMSE theta: 0.517687 | Loss: 104.5526 | Epoch: 72
    Eq theta: 1.00000omega
    Eq omega: -0.014731 + 0.00055theta + 0.03411omega + -0.00076theta^2 + -0.00020theta omega + -0.01307omega^2

--- Chunk 57576 (157/220) | Start: 2025-03-12 15:05:00 ---
    RMSE omega: nan | RMSE theta: nan | Loss: 3673.8599 | Epoch: 33
    Eq theta: 1.00000omega
    Eq omega: nan1 + nantheta + nanomega + nantheta^2 + nantheta omega + nanomega^2

--- Chunk 57577 (158/220) | Start: 2025-03-12 15:10:00 ---
    RMSE omega: nan | RMSE theta: nan | Loss: 2331.7773 | Epoch: 34
    Eq theta: 1.00000omega
    Eq omega: nan1 + nantheta + nanomega + nantheta^2 + nantheta omega + nanomega^2

--- Chunk 57578 (159/220) | Start: 2025-03-12 15:15:00 ---
    RMSE omega: 0.029000 | RMSE theta: 0.450204 | Loss: -18609.9219 | Epoch: 1020
    Eq theta: 1.00000omega
    Eq omega: -0.000601 + 0.00221theta + -0.00081omega + -0.00008theta^2 + -0.00016theta omega + 0.00007omega^2

--- Chunk 57579 (160/220) | Start: 2025-03-12 15:20:00 ---
    RMSE omega: nan | RMSE theta: nan | Loss: 657.9847 | Epoch: 66
    Eq theta: 1.00000omega
    Eq omega: nan1 + nantheta + nanomega + nantheta^2 + nantheta omega + nanomega^2

--- Chunk 57580 (161/220) | Start: 2025-03-12 15:25:00 ---
    RMSE omega: nan | RMSE theta: nan | Loss: 1428.4269 | Epoch: 37
    Eq theta: 1.00000omega
    Eq omega: nan1 + nantheta + nanomega + nantheta^2 + nantheta omega + nanomega^2

--- Chunk 57581 (162/220) | Start: 2025-03-12 15:30:00 ---
    RMSE omega: nan | RMSE theta: nan | Loss: 198.9641 | Epoch: 59
    Eq theta: 1.00000omega
    Eq omega: nan1 + nantheta + nanomega + nantheta^2 + nantheta omega + nanomega^2

--- Chunk 57582 (163/220) | Start: 2025-03-12 15:35:00 ---
    RMSE omega: 0.005599 | RMSE theta: 0.106497 | Loss: -1.8553 | Epoch: 1487
    Eq theta: 1.00000omega
    Eq omega: 0.358211 + -0.53903theta + 0.00474omega + 0.02020theta^2 + -0.01179theta omega + -0.01222omega^2

--- Chunk 57583 (164/220) | Start: 2025-03-12 15:40:00 ---
    RMSE omega: 0.028808 | RMSE theta: 0.407981 | Loss: 354.0104 | Epoch: 201
    Eq theta: 1.00000omega
    Eq omega: 0.000561 + 0.00018theta + 0.00006omega + -0.00013theta^2 + -0.00010theta omega + -0.00031omega^2

--- Chunk 57584 (165/220) | Start: 2025-03-12 15:45:00 ---
    RMSE omega: 0.023858 | RMSE theta: 0.218607 | Loss: 25.7036 | Epoch: 61
    Eq theta: 1.00000omega
    Eq omega: 0.005151 + -0.01319theta + -0.02259omega + -0.01216theta^2 + -0.00224theta omega + 0.00670omega^2

--- Chunk 57585 (166/220) | Start: 2025-03-12 15:50:00 ---
    RMSE omega: nan | RMSE theta: nan | Loss: 120.4034 | Epoch: 48
    Eq theta: 1.00000omega
    Eq omega: nan1 + nantheta + nanomega + nantheta^2 + nantheta omega + nanomega^2

--- Chunk 57586 (167/220) | Start: 2025-03-12 15:55:00 ---
    RMSE omega: 0.033288 | RMSE theta: 0.548598 | Loss: 46.0764 | Epoch: 40
    Eq theta: 1.00000omega
    Eq omega: -0.030181 + -0.02062theta + 0.00166omega + -0.00041theta^2 + 0.00068theta omega + 0.00172omega^2

--- Chunk 57587 (168/220) | Start: 2025-03-12 16:00:00 ---
    RMSE omega: 0.006056 | RMSE theta: 0.206090 | Loss: -1.2472 | Epoch: 2250
    Eq theta: 1.00000omega
    Eq omega: 0.000261 + -0.00114theta + 0.00049omega + 0.00008theta^2 + -0.00016theta omega + -0.00089omega^2

--- Chunk 57588 (169/220) | Start: 2025-03-12 16:05:00 ---
    RMSE omega: nan | RMSE theta: nan | Loss: 150.6140 | Epoch: 60
    Eq theta: 1.00000omega
    Eq omega: nan1 + nantheta + nanomega + nantheta^2 + nantheta omega + nanomega^2

--- Chunk 57589 (170/220) | Start: 2025-03-12 16:10:00 ---
    RMSE omega: 0.033461 | RMSE theta: 1.653760 | Loss: 421.1709 | Epoch: 36
    Eq theta: 1.00000omega
    Eq omega: 0.001851 + 0.00355theta + -0.00426omega + 0.00088theta^2 + 0.01393theta omega + -0.00154omega^2

--- Chunk 57590 (171/220) | Start: 2025-03-12 16:15:00 ---
    RMSE omega: 0.005460 | RMSE theta: 0.238223 | Loss: -1.8922 | Epoch: 3732
    Eq theta: 1.00000omega
    Eq omega: -0.002941 + -0.00283theta + 0.00237omega + 0.00007theta^2 + -0.00061theta omega + 0.00476omega^2

--- Chunk 57591 (172/220) | Start: 2025-03-12 16:20:00 ---
    RMSE omega: nan | RMSE theta: nan | Loss: 120.8628 | Epoch: 48
    Eq theta: 1.00000omega
    Eq omega: nan1 + nantheta + nanomega + nantheta^2 + nantheta omega + nanomega^2

--- Chunk 57592 (173/220) | Start: 2025-03-12 16:25:00 ---
    RMSE omega: 0.006494 | RMSE theta: 0.116764 | Loss: -0.4347 | Epoch: 1378
    Eq theta: 1.00000omega
    Eq omega: 0.008271 + -0.06132theta + 0.01649omega + -0.00376theta^2 + -0.09407theta omega + -0.00009omega^2

--- Chunk 57593 (174/220) | Start: 2025-03-12 16:30:00 ---
    RMSE omega: nan | RMSE theta: nan | Loss: 243.9760 | Epoch: 30
    Eq theta: 1.00000omega
    Eq omega: nan1 + nantheta + nanomega + nantheta^2 + nantheta omega + nanomega^2

--- Chunk 57594 (175/220) | Start: 2025-03-12 16:35:00 ---
    RMSE omega: 0.005688 | RMSE theta: 0.174353 | Loss: 1.3514 | Epoch: 1700
    Eq theta: 1.00000omega
    Eq omega: -0.001401 + -0.00024theta + 0.00166omega + 0.00018theta^2 + 0.00050theta omega + -0.00038omega^2

--- Chunk 57595 (176/220) | Start: 2025-03-12 16:40:00 ---
    RMSE omega: 0.019053 | RMSE theta: 1.098975 | Loss: -8804350786455949522501632.0000 | Epoch: 3017
    Eq theta: 1.00000omega
    Eq omega: -0.001961 + -0.00006theta + 0.00235omega + 0.00037theta^2 + 0.00007theta omega + 0.00191omega^2

--- Chunk 57596 (177/220) | Start: 2025-03-12 16:45:00 ---
    RMSE omega: 0.023012 | RMSE theta: 0.263165 | Loss: 23.3213 | Epoch: 62
    Eq theta: 1.00000omega
    Eq omega: -0.003081 + -0.01390theta + 0.01505omega + -0.02437theta^2 + 0.00395theta omega + -0.00399omega^2

--- Chunk 57597 (178/220) | Start: 2025-03-12 16:50:00 ---
    RMSE omega: 0.006586 | RMSE theta: 0.142453 | Loss: -2.4271 | Epoch: 1720
    Eq theta: 1.00000omega
    Eq omega: 0.021551 + -0.45296theta + -0.01006omega + 0.29110theta^2 + 0.00082theta omega + -0.05170omega^2

--- Chunk 57598 (179/220) | Start: 2025-03-12 16:55:00 ---
    RMSE omega: 0.024256 | RMSE theta: 1.180501 | Loss: -18.8150 | Epoch: 558
    Eq theta: 1.00000omega
    Eq omega: 0.014991 + -0.04600theta + -0.00691omega + -0.00654theta^2 + -0.00400theta omega + -0.00077omega^2

--- Chunk 57599 (180/220) | Start: 2025-03-12 17:00:00 ---
    RMSE omega: 0.005387 | RMSE theta: 0.051509 | Loss: -768818624.0000 | Epoch: 2006
    Eq theta: 1.00000omega
    Eq omega: 0.000571 + 0.00391theta + 0.00137omega + 0.00045theta^2 + -0.00009theta omega + 0.00010omega^2

--- Chunk 57600 (181/220) | Start: 2025-03-12 17:05:00 ---
    RMSE omega: 0.005292 | RMSE theta: 0.146120 | Loss: -0.4266 | Epoch: 1937
    Eq theta: 1.00000omega
    Eq omega: 0.001021 + 0.00017theta + -0.00458omega + 0.00006theta^2 + 0.00084theta omega + -0.00169omega^2

--- Chunk 57601 (182/220) | Start: 2025-03-12 17:10:00 ---
    RMSE omega: 0.045656 | RMSE theta: 0.558903 | Loss: 151.3089 | Epoch: 21
    Eq theta: 1.00000omega
    Eq omega: -0.004581 + -0.00536theta + 0.00082omega + -0.00034theta^2 + 0.00001theta omega + 0.00883omega^2

--- Chunk 57602 (183/220) | Start: 2025-03-12 17:15:00 ---
    RMSE omega: 0.006950 | RMSE theta: 0.046904 | Loss: -1.0034 | Epoch: 2697
    Eq theta: 1.00000omega
    Eq omega: -0.011081 + 0.00425theta + 0.00008omega + 0.00020theta^2 + 0.00104theta omega + 0.00605omega^2

--- Chunk 57603 (184/220) | Start: 2025-03-12 17:20:00 ---
    RMSE omega: 0.008612 | RMSE theta: 0.244166 | Loss: -0.9939 | Epoch: 1262
    Eq theta: 1.00000omega
    Eq omega: 0.004371 + -0.00217theta + -0.00098omega + -0.00038theta^2 + 0.00023theta omega + 0.00063omega^2

--- Chunk 57604 (185/220) | Start: 2025-03-12 17:25:00 ---
    RMSE omega: 0.005175 | RMSE theta: 0.107012 | Loss: -4.0448 | Epoch: 1216
    Eq theta: 1.00000omega
    Eq omega: -0.589791 + -2.06785theta + 0.02608omega + -0.00382theta^2 + -0.49727theta omega + 0.00122omega^2

--- Chunk 57605 (186/220) | Start: 2025-03-12 17:30:00 ---
    RMSE omega: 0.005269 | RMSE theta: 0.127452 | Loss: -2.1474 | Epoch: 1625
    Eq theta: 1.00000omega
    Eq omega: -0.006631 + -1.00942theta + -0.00143omega + 0.00047theta^2 + 0.00481theta omega + 0.00091omega^2

--- Chunk 57606 (187/220) | Start: 2025-03-12 17:35:00 ---
    RMSE omega: 0.004964 | RMSE theta: 0.115342 | Loss: -1.4823 | Epoch: 1849
    Eq theta: 1.00000omega
    Eq omega: -0.000361 + -0.00073theta + -0.00155omega + -0.00039theta^2 + -0.00238theta omega + -0.00006omega^2

--- Chunk 57607 (188/220) | Start: 2025-03-12 17:40:00 ---
    RMSE omega: 0.004768 | RMSE theta: 0.081448 | Loss: -3364.8420 | Epoch: 1697
    Eq theta: 1.00000omega
    Eq omega: 0.000141 + -0.00108theta + 0.00272omega + 0.00012theta^2 + 0.00769theta omega + -0.00055omega^2

--- Chunk 57608 (189/220) | Start: 2025-03-12 17:45:00 ---
    RMSE omega: 0.004303 | RMSE theta: 0.065863 | Loss: -0.9628 | Epoch: 1815
    Eq theta: 1.00000omega
    Eq omega: -0.017941 + -0.69624theta + -0.01745omega + 0.00778theta^2 + 0.00561theta omega + -0.00397omega^2

--- Chunk 57609 (190/220) | Start: 2025-03-12 17:50:00 ---
    RMSE omega: 0.004459 | RMSE theta: 0.101765 | Loss: -0.7818 | Epoch: 1448
    Eq theta: 1.00000omega
    Eq omega: -0.001441 + 0.00126theta + 0.00094omega + -0.00181theta^2 + -0.00017theta omega + 0.00049omega^2

--- Chunk 57610 (191/220) | Start: 2025-03-12 17:55:00 ---
    RMSE omega: 0.004867 | RMSE theta: 0.085375 | Loss: -1.1693 | Epoch: 1746
    Eq theta: 1.00000omega
    Eq omega: -0.001551 + -0.00740theta + -0.00895omega + -0.00441theta^2 + 0.00164theta omega + -0.00126omega^2

--- Chunk 57611 (192/220) | Start: 2025-03-12 18:00:00 ---
    RMSE omega: 0.005633 | RMSE theta: 0.102555 | Loss: 2.8091 | Epoch: 2102
    Eq theta: 1.00000omega
    Eq omega: 0.000491 + -0.00010theta + 0.00683omega + 0.00048theta^2 + -0.00095theta omega + 0.00154omega^2

--- Chunk 57612 (193/220) | Start: 2025-03-12 18:05:00 ---
    RMSE omega: nan | RMSE theta: nan | Loss: -22416814479794765824.0000 | Epoch: 680
    Eq theta: 1.00000omega
    Eq omega: nan1 + nantheta + nanomega + nantheta^2 + nantheta omega + nanomega^2

--- Chunk 57613 (194/220) | Start: 2025-03-12 18:10:00 ---
    RMSE omega: 0.005379 | RMSE theta: 0.023707 | Loss: 0.4485 | Epoch: 1339
    Eq theta: 1.00000omega
    Eq omega: 0.001271 + 0.00059theta + 0.00002omega + 0.00059theta^2 + 0.00014theta omega + -0.00048omega^2

--- Chunk 57614 (195/220) | Start: 2025-03-12 18:15:00 ---
    RMSE omega: 0.007858 | RMSE theta: 0.272409 | Loss: -460.0617 | Epoch: 1036
    Eq theta: 1.00000omega
    Eq omega: 0.000401 + -0.00008theta + -0.00066omega + -0.00156theta^2 + -0.00013theta omega + -0.00121omega^2

--- Chunk 57615 (196/220) | Start: 2025-03-12 18:20:00 ---
    RMSE omega: 0.005866 | RMSE theta: 0.061691 | Loss: -0.6381 | Epoch: 1384
    Eq theta: 1.00000omega
    Eq omega: 0.000951 + 0.00030theta + -0.00156omega + -0.00040theta^2 + 0.00156theta omega + -0.00015omega^2

--- Chunk 57616 (197/220) | Start: 2025-03-12 18:25:00 ---
    RMSE omega: nan | RMSE theta: nan | Loss: 2706.4629 | Epoch: 17
    Eq theta: 1.00000omega
    Eq omega: nan1 + nantheta + nanomega + nantheta^2 + nantheta omega + nanomega^2

--- Chunk 57617 (198/220) | Start: 2025-03-12 18:30:00 ---
    RMSE omega: 0.008719 | RMSE theta: 0.336467 | Loss: 4.2968 | Epoch: 1695
    Eq theta: 1.00000omega
    Eq omega: 0.001361 + 0.00005theta + -0.00116omega + 0.00009theta^2 + 0.00017theta omega + 0.00166omega^2

--- Chunk 57618 (199/220) | Start: 2025-03-12 18:35:00 ---
    RMSE omega: nan | RMSE theta: nan | Loss: 22.5578 | Epoch: 78
    Eq theta: 1.00000omega
    Eq omega: nan1 + nantheta + nanomega + nantheta^2 + nantheta omega + nanomega^2

--- Chunk 57619 (200/220) | Start: 2025-03-12 18:40:00 ---
    RMSE omega: 0.004220 | RMSE theta: 0.035076 | Loss: -2.8206 | Epoch: 1157
    Eq theta: 1.00000omega
    Eq omega: -0.003131 + -1.93236theta + 0.50984omega + -0.00797theta^2 + -0.31715theta omega + -0.31287omega^2

  [Progress 200/220] Mean RMSE omega: 0.038566 | Mean loss: -58465197888709128173387776.0000 | Valid: 154/200 | Elapsed: 144.1min | ETA: 14.4min

--- Chunk 57620 (201/220) | Start: 2025-03-12 18:45:00 ---
    RMSE omega: 0.010804 | RMSE theta: 0.478813 | Loss: 2.7117 | Epoch: 2026
    Eq theta: 1.00000omega
    Eq omega: 0.001791 + -0.00028theta + 0.00048omega + 0.00014theta^2 + 0.00058theta omega + 0.00565omega^2

--- Chunk 57621 (202/220) | Start: 2025-03-12 18:50:00 ---
    RMSE omega: 0.005320 | RMSE theta: 0.069956 | Loss: -1.7828 | Epoch: 1234
    Eq theta: 1.00000omega
    Eq omega: 0.001221 + -0.00093theta + -0.00145omega + -0.00110theta^2 + 0.00103theta omega + -0.00229omega^2

--- Chunk 57622 (203/220) | Start: 2025-03-12 18:55:00 ---
    RMSE omega: 0.017526 | RMSE theta: 0.160694 | Loss: 59.7218 | Epoch: 1586
    Eq theta: 1.00000omega
    Eq omega: -0.006481 + -0.04097theta + -0.01758omega + -0.00434theta^2 + -0.00029theta omega + 0.00710omega^2

--- Chunk 57623 (204/220) | Start: 2025-03-12 19:00:00 ---
    RMSE omega: 0.014647 | RMSE theta: 0.350234 | Loss: 77.9420 | Epoch: 2024
    Eq theta: 1.00000omega
    Eq omega: -0.002921 + -0.00090theta + 0.00845omega + 0.00189theta^2 + -0.00016theta omega + -0.00086omega^2

--- Chunk 57624 (205/220) | Start: 2025-03-12 19:05:00 ---
    RMSE omega: 0.009345 | RMSE theta: 0.053653 | Loss: -4662329.5000 | Epoch: 1353
    Eq theta: 1.00000omega
    Eq omega: 0.009781 + -0.68484theta + -0.00344omega + 0.00173theta^2 + 0.00800theta omega + -0.00962omega^2

--- Chunk 57625 (206/220) | Start: 2025-03-12 19:10:00 ---
    RMSE omega: 0.005352 | RMSE theta: 0.082988 | Loss: -1.4222 | Epoch: 1215
    Eq theta: 1.00000omega
    Eq omega: -0.000461 + -0.00070theta + 0.00054omega + -0.00017theta^2 + -0.00010theta omega + -0.00095omega^2

--- Chunk 57626 (207/220) | Start: 2025-03-12 19:15:00 ---
    RMSE omega: 0.005556 | RMSE theta: 0.063062 | Loss: -1.7545 | Epoch: 1094
    Eq theta: 1.00000omega
    Eq omega: -0.054801 + -0.10945theta + -0.03645omega + -0.00271theta^2 + 0.05272theta omega + 0.00158omega^2

--- Chunk 57627 (208/220) | Start: 2025-03-12 19:20:00 ---
    RMSE omega: 0.005082 | RMSE theta: 0.065221 | Loss: -1.8749 | Epoch: 1547
    Eq theta: 1.00000omega
    Eq omega: -0.010171 + 0.00196theta + -0.00138omega + -0.00212theta^2 + 0.00467theta omega + -0.00181omega^2

--- Chunk 57628 (209/220) | Start: 2025-03-12 19:25:00 ---
    RMSE omega: 0.006642 | RMSE theta: 0.107563 | Loss: -1.9492 | Epoch: 1481
    Eq theta: 1.00000omega
    Eq omega: -0.006391 + -0.26048theta + 0.00158omega + -0.18984theta^2 + 0.00546theta omega + 0.08442omega^2

--- Chunk 57629 (210/220) | Start: 2025-03-12 19:30:00 ---
    RMSE omega: 0.005542 | RMSE theta: 0.026173 | Loss: -0.9778 | Epoch: 1355
    Eq theta: 1.00000omega
    Eq omega: -0.023341 + -0.14593theta + 0.00762omega + 0.01073theta^2 + -0.00422theta omega + 0.01989omega^2

--- Chunk 57630 (211/220) | Start: 2025-03-12 19:35:00 ---
    RMSE omega: 0.004708 | RMSE theta: 0.098723 | Loss: -1.4567 | Epoch: 1439
    Eq theta: 1.00000omega
    Eq omega: 0.135691 + -0.76149theta + 0.00711omega + 0.00658theta^2 + 0.49373theta omega + 0.01808omega^2

--- Chunk 57631 (212/220) | Start: 2025-03-12 19:40:00 ---
    RMSE omega: nan | RMSE theta: nan | Loss: 504.3925 | Epoch: 17
    Eq theta: 1.00000omega
    Eq omega: nan1 + nantheta + nanomega + nantheta^2 + nantheta omega + nanomega^2

--- Chunk 57632 (213/220) | Start: 2025-03-12 19:45:00 ---
    RMSE omega: 0.019329 | RMSE theta: 0.240501 | Loss: -492390.5000 | Epoch: 738
    Eq theta: 1.00000omega
    Eq omega: -0.009071 + -0.00104theta + 0.00132omega + -0.00452theta^2 + -0.00210theta omega + 0.00023omega^2

--- Chunk 57633 (214/220) | Start: 2025-03-12 19:50:00 ---
    RMSE omega: 0.005256 | RMSE theta: 0.084293 | Loss: -0.8839 | Epoch: 842
    Eq theta: 1.00000omega
    Eq omega: -0.001961 + -0.01917theta + -0.00181omega + -0.00193theta^2 + 0.00053theta omega + -0.00252omega^2

--- Chunk 57634 (215/220) | Start: 2025-03-12 19:55:00 ---
    RMSE omega: 0.004322 | RMSE theta: 0.040966 | Loss: -2.3107 | Epoch: 1573
    Eq theta: 1.00000omega
    Eq omega: 0.011391 + -1.18983theta + 0.00186omega + 0.00873theta^2 + 0.00968theta omega + 0.01546omega^2

--- Chunk 57635 (216/220) | Start: 2025-03-12 20:00:00 ---
    RMSE omega: 0.005195 | RMSE theta: 0.062199 | Loss: -0.7008 | Epoch: 925
    Eq theta: 1.00000omega
    Eq omega: -0.000751 + -0.00054theta + -0.00040omega + 0.00062theta^2 + 0.00018theta omega + 0.00045omega^2

--- Chunk 57636 (217/220) | Start: 2025-03-12 20:05:00 ---
    RMSE omega: 0.004185 | RMSE theta: 0.057701 | Loss: -1.3018 | Epoch: 1578
    Eq theta: 1.00000omega
    Eq omega: -0.001981 + -0.02945theta + -0.00361omega + 0.01116theta^2 + 0.00346theta omega + -0.00105omega^2

--- Chunk 57637 (218/220) | Start: 2025-03-12 20:10:00 ---
    RMSE omega: 0.006782 | RMSE theta: 0.327839 | Loss: -254.9797 | Epoch: 2534
    Eq theta: 1.00000omega
    Eq omega: 0.000171 + -0.00104theta + 0.00564omega + -0.00008theta^2 + -0.00057theta omega + -0.00084omega^2

--- Chunk 57638 (219/220) | Start: 2025-03-12 20:15:00 ---
    RMSE omega: 0.005694 | RMSE theta: 0.113830 | Loss: -3.5098 | Epoch: 1359
    Eq theta: 1.00000omega
    Eq omega: 0.160481 + 0.02381theta + 0.04780omega + 0.19195theta^2 + 0.20066theta omega + 0.01240omega^2

--- Chunk 57639 (220/220) | Start: 2025-03-12 20:20:00 ---
    RMSE omega: nan | RMSE theta: nan | Loss: -218918781617828790272.0000 | Epoch: 533
    Eq theta: 1.00000omega
    Eq omega: nan1 + nantheta + nanomega + nantheta^2 + nantheta omega + nanomega^2

  [Progress 220/220] Mean RMSE omega: 0.035352 | Mean loss: -53150180893911850523033600.0000 | Valid: 172/220 | Elapsed: 158.0min | ETA: 0.0min

============================================================
EVALUATION COMPLETE — Chunks [57420, 57639]
============================================================
Chunks processed: 220
Chunks succeeded: 172 (78.2%)
Mean RMSE omega:  0.035352 ± 0.273255
Mean RMSE theta:  1.228800 ± 11.381621
Mean RMSE total:  0.869379
Mean Loss:        -53150180893911850523033600.0000 ± 785773188064407798400679936.0000
Elapsed time:     158.0 minutes

Per-chunk CSV: /pfs/data6/home/ka/ka_iai/ka_bj2362/dsr/svise/results_5min_all_chunks/run_SLURM_3708675/chunks_57420_to_57639_20260320_070440.csv
Summary JSON:  /pfs/data6/home/ka/ka_iai/ka_bj2362/dsr/svise/results_5min_all_chunks/run_SLURM_3708675/summary_57420_to_57639_20260320_070440.json
============================================================

============================= JOB FEEDBACK =============================

NodeName=uc3n017
Job ID: 3709373
Array Job ID: 3708675_261
Cluster: uc3
User/Group: ka_bj2362/ka_iai
State: COMPLETED (exit code 0)
Nodes: 1
Cores per node: 4
CPU Utilized: 01:41:31
CPU Efficiency: 15.93% of 10:37:12 core-walltime
Job Wall-clock time: 02:39:18
Memory Utilized: 3.80 GB
Memory Efficiency: 31.63% of 12.00 GB (12.00 GB/node)
