Array task 131: processing chunks 28820 to 29039
Loading data from /pfs/data6/home/ka/ka_iai/ka_bj2362/dsr/svise/../dataset/South_Korea_2024-08-15_2025-08-31_1s.parquet...
Finding all valid 5-minute chunks in the dataset...
Found 107059 valid 5-minute chunks in total.

============================================================
SVISE FINAL EVALUATION — ALL CHUNKS
============================================================
Hyperparameters: {
  "model": "integrator",
  "sigma": 0,
  "degree": 3,
  "tau": 0.5,
  "lr": 0.001,
  "n_tau": 200,
  "measurement_noise": 0.0001,
  "n_reparam_samples": 15
}
Total valid chunks in dataset: 107059
Processing chunk range: [28820, 29039] (220 chunks)
Early stopping: patience=300, max_epochs=10000
============================================================


--- Chunk 28820 (1/220) | Start: 2024-11-28 06:50:00 ---
/pfs/data6/home/ka/ka_iai/ka_bj2362/dsr/svise/svise/sde_learning/_marginal_sde.py:284: UserWarning: torch.triangular_solve is deprecated in favor of torch.linalg.solve_triangularand will be removed in a future PyTorch release.
torch.linalg.solve_triangular has its arguments reversed and does not return a copy of one of the inputs.
X = torch.triangular_solve(B, A).solution
should be replaced with
X = torch.linalg.solve_triangular(A, B). (Triggered internally at ../aten/src/ATen/native/BatchLinearAlgebra.cpp:2192.)
  return torch.triangular_solve(self.raw_w, self.C.t()).solution
/pfs/data6/home/ka/ka_iai/ka_bj2362/dsr/svise/svise/quadrature/_unbiased_quadrature.py:196: UserWarning: Interp is nan, reducing interp degree.
  warnings.warn("Interp is nan, reducing interp degree.")
    RMSE omega (GP): 0.003195 | RMSE omega (Sim): nan
    Loss: -51532332.0000 | Epoch: 5053
    Eq omega: 0.163341 + -0.31047theta + 0.06987omega + -0.12289theta^2 + 0.09200theta omega + 0.04498omega^2 + -0.01637theta^3 + 0.25992theta^2 omega + -0.21018theta omega^2 + 0.00331omega^3
    Eq omega Phys: 0.016048*omega**3 - 0.033968*omega**2*theta - 0.02953*omega**2 + 0.0014*omega*theta**2 + 0.005158*omega*theta + 0.006808*omega - 3.0e-6*theta**3 - 6.7e-5*theta**2 - 0.000516*theta - 0.000148

--- Chunk 28821 (2/220) | Start: 2024-11-28 06:55:00 ---
    RMSE omega (GP): 0.003121 | RMSE omega (Sim): 0.095635
    Loss: 5.9872 | Epoch: 5558
    Eq omega: -0.043371 + -0.08658theta + -0.16262omega + 0.12202theta^2 + 0.09083theta omega + 0.00122omega^2 + -0.00617theta^3 + -0.02470theta^2 omega + -0.14762theta omega^2 + 0.02449omega^3
    Eq omega Phys: 0.16335*omega**3 - 0.032821*omega**2*theta - 0.213242*omega**2 - 0.000183*omega*theta**2 - 0.000957*omega*theta - 0.003889*omega - 2.0e-6*theta**3 + 3.4e-5*theta**2 + 0.000543*theta + 0.001563

--- Chunk 28822 (3/220) | Start: 2024-11-28 07:00:00 ---
    RMSE omega (GP): 0.004432 | RMSE omega (Sim): 0.092146
    Loss: 15.5727 | Epoch: 9574
    Eq omega: 0.108681 + -0.12859theta + -0.01925omega + 0.00101theta^2 + 0.13431theta omega + -0.01817omega^2 + -0.02366theta^3 + -0.00593theta^2 omega + 0.03590theta omega^2 + -0.04235omega^3
    Eq omega Phys: -0.258782*omega**3 + 0.007312*omega**2*theta - 0.110951*omega**2 - 4.0e-5*omega*theta**2 + 0.003152*omega*theta - 0.036983*omega - 5.0e-6*theta**3 + 0.000226*theta**2 - 0.003329*theta + 0.017232

--- Chunk 28823 (4/220) | Start: 2024-11-28 07:05:00 ---
/pfs/data6/home/ka/ka_iai/ka_bj2362/dsr/svise/run_analysis_5min_all_chunks.py:212: ODEintWarning: Excess work done on this call (perhaps wrong Dfun type). Run with full_output = 1 to get quantitative information.
  sol_scaled = odeint(drift, x0_scaled, t_scaled, full_output=False)
    RMSE omega (GP): 0.003395 | RMSE omega (Sim): nan
    Loss: 16.0382 | Epoch: 6153
    Eq omega: 0.065641 + -0.09444theta + 0.09940omega + 0.00177theta^2 + 0.21295theta omega + -0.08075omega^2 + -0.00784theta^3 + 0.05361theta^2 omega + -0.07461theta omega^2 + 0.03664omega^3
    Eq omega Phys: 0.358212*omega**3 - 0.024314*omega**2*theta - 0.208861*omega**2 + 0.000582*omega*theta**2 + 0.011849*omega*theta + 0.056536*omega - 3.0e-6*theta**3 - 5.6e-5*theta**2 - 0.000472*theta - 0.001376

--- Chunk 28824 (5/220) | Start: 2024-11-28 07:10:00 ---
    RMSE omega (GP): 0.004493 | RMSE omega (Sim): 0.061594
    Loss: 21.1563 | Epoch: 9999
    Eq omega: -0.017131 + -0.00849theta + -0.01021omega + -0.00323theta^2 + 0.00169theta omega + -0.01623omega^2 + -0.00106theta^3 + -0.00100theta^2 omega + -0.00157theta omega^2 + 0.00020omega^3
    Eq omega Phys: 0.001429*omega**3 - 0.000374*omega**2*theta - 0.002204*omega**2 - 8.0e-6*omega*theta**2 + 0.00027*omega*theta - 0.002616*omega + 1.1e-5*theta**2 - 0.000153*theta + 0.000698

--- Chunk 28825 (6/220) | Start: 2024-11-28 07:15:00 ---
    RMSE omega (GP): 0.004285 | RMSE omega (Sim): 0.055159
    Loss: 17.6156 | Epoch: 9999
    Eq omega: -0.057571 + -0.02424theta + 0.00339omega + -0.01264theta^2 + -0.00300theta omega + 0.00093omega^2 + -0.00029theta^3 + 0.00001theta^2 omega + 0.00461theta omega^2 + -0.00054omega^3
    Eq omega Phys: -0.003703*omega**3 + 0.001054*omega**2*theta + 0.011987*omega**2 - 4.6e-5*omega*theta - 0.000402*omega - 9.0e-6*theta**2 - 0.000201*theta - 0.001331

--- Chunk 28826 (7/220) | Start: 2024-11-28 07:20:00 ---
    RMSE omega (GP): 0.004472 | RMSE omega (Sim): 0.091352
    Loss: 4.2803 | Epoch: 8881
    Eq omega: -0.166601 + -0.24650theta + -0.01035omega + 0.21606theta^2 + 0.04808theta omega + -0.01100omega^2 + -0.00289theta^3 + -0.00495theta^2 omega + -0.07002theta omega^2 + -0.01022omega^3
    Eq omega Phys: -0.025793*omega**3 - 0.005891*omega**2*theta - 0.085038*omega**2 - 1.4e-5*omega*theta**2 + 7.9e-5*omega*theta + 0.003434*omega + 5.8e-5*theta**2 + 0.001505*theta + 0.008275

--- Chunk 28827 (8/220) | Start: 2024-11-28 07:25:00 ---
    RMSE omega (GP): 0.005186 | RMSE omega (Sim): 0.063998
    Loss: 41.5406 | Epoch: 9999
    Eq omega: 0.041981 + 0.00369theta + -0.00222omega + 0.00047theta^2 + 0.00186theta omega + 0.00922omega^2 + -0.00006theta^3 + -0.00109theta^2 omega + -0.00243theta omega^2 + -0.00447omega^3
    Eq omega Phys: -0.045747*omega**3 - 0.000829*omega**2*theta - 0.009605*omega**2 - 1.2e-5*omega*theta**2 - 0.000412*omega*theta - 0.003472*omega - 0.e-6*theta**2 - 7.0e-6*theta + 0.000119

--- Chunk 28828 (9/220) | Start: 2024-11-28 07:30:00 ---
    RMSE omega (GP): 0.005961 | RMSE omega (Sim): 0.083200
    Loss: 21.1883 | Epoch: 6366
    Eq omega: 0.064251 + -0.01758theta + -0.00209omega + 0.00318theta^2 + -0.00126theta omega + 0.00939omega^2 + -0.00130theta^3 + -0.00230theta^2 omega + -0.00722theta omega^2 + -0.00030omega^3
    Eq omega Phys: -0.001345*omega**3 - 0.001079*omega**2*theta + 0.01173*omega**2 - 1.1e-5*omega*theta**2 + 0.000156*omega*theta - 0.000594*omega + 6.0e-6*theta**2 - 7.7e-5*theta + 0.0005

--- Chunk 28829 (10/220) | Start: 2024-11-28 07:35:00 ---
    RMSE omega (GP): 0.004053 | RMSE omega (Sim): 0.143022
    Loss: 3.5221 | Epoch: 7596
    Eq omega: 0.028321 + -0.09739theta + -0.04910omega + -0.13855theta^2 + 0.00873theta omega + 0.03289omega^2 + -0.05012theta^3 + 0.00178theta^2 omega + 0.03808theta omega^2 + -0.05342omega^3
    Eq omega Phys: -0.139576*omega**3 + 0.003317*omega**2*theta - 0.033961*omega**2 + 5.0e-6*omega*theta**2 - 5.0e-5*omega*theta - 0.001872*omega - 5.0e-6*theta**3 + 0.000146*theta**2 - 0.001434*theta + 0.004726

--- Chunk 28830 (11/220) | Start: 2024-11-28 07:40:00 ---
    RMSE omega (GP): 0.002824 | RMSE omega (Sim): 0.098617
    Loss: 13.9279 | Epoch: 9247
    Eq omega: -0.029811 + -0.08084theta + -0.03747omega + 0.03116theta^2 + -0.02199theta omega + 0.02696omega^2 + -0.00571theta^3 + 0.00061theta^2 omega + 0.00092theta omega^2 + -0.00909omega^3
    Eq omega Phys: -0.112303*omega**3 + 0.000379*omega**2*theta + 0.02094*omega**2 + 8.0e-6*omega*theta**2 - 0.00031*omega*theta - 0.004995*omega - 3.0e-6*theta**3 - 5.3e-5*theta**2 - 0.000386*theta - 0.00118

--- Chunk 28831 (12/220) | Start: 2024-11-28 07:45:00 ---
/pfs/data6/home/ka/ka_iai/ka_bj2362/dsr/svise/svise/quadrature/_unbiased_quadrature.py:174: UserWarning: NaN detected in fxq (quadrature node evaluations). Clamping to 0.
  warnings.warn("NaN detected in fxq (quadrature node evaluations). Clamping to 0.")
/pfs/data6/home/ka/ka_iai/ka_bj2362/dsr/svise/svise/quadrature/_unbiased_quadrature.py:177: UserWarning: NaN detected in fmc (Monte-Carlo node evaluations). Clamping to 0.
  warnings.warn("NaN detected in fmc (Monte-Carlo node evaluations). Clamping to 0.")
    RMSE omega (GP): 0.004281 | RMSE omega (Sim): 0.076671
    Loss: 17.0776 | Epoch: 9999
    Eq omega: 0.031431 + -0.01873theta + -0.00080omega + -0.00009theta^2 + -0.00966theta omega + -0.03697omega^2 + -0.00136theta^3 + 0.00093theta^2 omega + -0.00022theta omega^2 + -0.00276omega^3
    Eq omega Phys: -0.018133*omega**3 - 4.8e-5*omega**2*theta - 0.016855*omega**2 + 7.0e-6*omega*theta**2 - 0.000276*omega*theta + 0.00195*omega + 9.0e-6*theta**2 - 0.000105*theta + 0.000526

--- Chunk 28832 (13/220) | Start: 2024-11-28 07:50:00 ---
    RMSE omega (GP): 0.003227 | RMSE omega (Sim): 0.059483
    Loss: 4.5759 | Epoch: 8273
    Eq omega: -0.045511 + -0.16853theta + -0.02046omega + 0.02877theta^2 + -0.00943theta omega + 0.00173omega^2 + -0.03362theta^3 + -0.01249theta^2 omega + -0.02864theta omega^2 + -0.25923omega^3
    Eq omega Phys: -1.202184*omega**3 - 0.004427*omega**2*theta - 0.037226*omega**2 - 6.4e-5*omega*theta**2 - 0.001226*omega*theta - 0.006458*omega - 6.0e-6*theta**3 - 0.000136*theta**2 - 0.001242*theta - 0.004435

--- Chunk 28833 (14/220) | Start: 2024-11-28 07:55:00 ---
    RMSE omega (GP): 0.003460 | RMSE omega (Sim): 0.088610
    Loss: 5.6391 | Epoch: 5531
    Eq omega: 0.098691 + -0.70419theta + -0.02857omega + 0.46049theta^2 + -0.07239theta omega + 0.01412omega^2 + 0.01365theta^3 + -0.00224theta^2 omega + -0.02415theta omega^2 + -0.01215omega^3
    Eq omega Phys: -0.062103*omega**3 - 0.004115*omega**2*theta + 0.007486*omega**2 - 1.3e-5*omega*theta**2 - 0.000986*omega*theta - 0.000553*omega + 3.0e-6*theta**3 + 0.000208*theta**2 - 0.000951*theta + 0.000615

--- Chunk 28834 (15/220) | Start: 2024-11-28 08:00:00 ---
    RMSE omega (GP): 0.004196 | RMSE omega (Sim): 0.059730
    Loss: 28.6308 | Epoch: 9999
    Eq omega: -0.000531 + -0.01023theta + -0.01962omega + 0.00016theta^2 + -0.00333theta omega + 0.00322omega^2 + -0.00003theta^3 + 0.00006theta^2 omega + -0.00109theta omega^2 + -0.00254omega^3
    Eq omega Phys: -0.02671*omega**3 - 0.000382*omega**2*theta + 0.008789*omega**2 + 1.0e-6*omega*theta**2 - 9.1e-5*omega*theta + 0.000757*omega + 1.0e-6*theta**2 - 2.7e-5*theta + 0.000306

--- Chunk 28835 (16/220) | Start: 2024-11-28 08:05:00 ---
    RMSE omega (GP): 0.005480 | RMSE omega (Sim): 0.080516
    Loss: 34.8821 | Epoch: 9999
    Eq omega: -0.040601 + -0.02412theta + -0.00755omega + 0.00016theta^2 + -0.00613theta omega + -0.00041omega^2 + -0.00011theta^3 + 0.00046theta^2 omega + -0.00246theta omega^2 + 0.00004omega^3
    Eq omega Phys: 0.000289*omega**3 - 0.000593*omega**2*theta + 0.009285*omega**2 + 4.0e-6*omega*theta**2 - 0.000219*omega*theta + 0.0023*omega + 2.0e-6*theta**2 - 5.2e-5*theta + 0.00048

--- Chunk 28836 (17/220) | Start: 2024-11-28 08:10:00 ---
    RMSE omega (GP): nan | RMSE omega (Sim): nan
    Loss: 319.0413 | Epoch: 975
    Eq omega: nan1 + nantheta + nanomega + nantheta^2 + nantheta omega + nanomega^2 + nantheta^3 + nantheta^2 omega + nantheta omega^2 + nanomega^3
    Eq omega Phys: N/A

--- Chunk 28837 (18/220) | Start: 2024-11-28 08:15:00 ---
