Array task 451: processing chunks 99220 to 99439
Loading data from /pfs/data6/home/ka/ka_iai/ka_bj2362/dsr/svise/../dataset/South_Korea_2024-08-15_2025-08-31_1s.parquet...
Finding all valid 5-minute chunks in the dataset...
Found 107059 valid 5-minute chunks in total.

============================================================
SVISE FINAL EVALUATION — ALL CHUNKS
============================================================
Hyperparameters: {
  "model": "integrator",
  "sigma": 0,
  "degree": 2,
  "tau": 1e-05,
  "lr": 0.1,
  "n_tau": 100,
  "measurement_noise": 0.001,
  "n_reparam_samples": 15
}
Total valid chunks in dataset: 107059
Processing chunk range: [99220, 99439] (220 chunks)
Early stopping: patience=300, max_epochs=10000
============================================================


--- Chunk 99220 (1/220) | Start: 2025-08-04 17:05:00 ---
/pfs/data6/home/ka/ka_iai/ka_bj2362/dsr/svise/svise/sde_learning/_marginal_sde.py:284: UserWarning: torch.triangular_solve is deprecated in favor of torch.linalg.solve_triangularand will be removed in a future PyTorch release.
torch.linalg.solve_triangular has its arguments reversed and does not return a copy of one of the inputs.
X = torch.triangular_solve(B, A).solution
should be replaced with
X = torch.linalg.solve_triangular(A, B). (Triggered internally at ../aten/src/ATen/native/BatchLinearAlgebra.cpp:2192.)
  return torch.triangular_solve(self.raw_w, self.C.t()).solution
/pfs/data6/home/ka/ka_iai/ka_bj2362/dsr/svise/svise/quadrature/_unbiased_quadrature.py:196: UserWarning: Interp is nan, reducing interp degree.
  warnings.warn("Interp is nan, reducing interp degree.")
    RMSE omega: 0.016883 | RMSE theta: 0.583786 | Loss: 87.4713 | Epoch: 1462
    Eq theta: 1.00000omega
    Eq omega: -0.001161 + -0.01921theta + 0.00296omega + 0.00073theta^2 + -0.00012theta omega + 0.00007omega^2

--- Chunk 99221 (2/220) | Start: 2025-08-04 17:10:00 ---
/pfs/data6/home/ka/ka_iai/ka_bj2362/dsr/svise/svise/quadrature/_unbiased_quadrature.py:174: UserWarning: NaN detected in fxq (quadrature node evaluations). Clamping to 0.
  warnings.warn("NaN detected in fxq (quadrature node evaluations). Clamping to 0.")
/pfs/data6/home/ka/ka_iai/ka_bj2362/dsr/svise/svise/quadrature/_unbiased_quadrature.py:177: UserWarning: NaN detected in fmc (Monte-Carlo node evaluations). Clamping to 0.
  warnings.warn("NaN detected in fmc (Monte-Carlo node evaluations). Clamping to 0.")
    RMSE omega: 0.017743 | RMSE theta: 0.186668 | Loss: 255.1759 | Epoch: 87
    Eq theta: 1.00000omega
    Eq omega: -0.001251 + 0.00002theta + -0.00084omega + -0.00001theta^2 + 0.00002theta omega + -0.00081omega^2

--- Chunk 99222 (3/220) | Start: 2025-08-04 17:15:00 ---
    RMSE omega: nan | RMSE theta: nan | Loss: 22491.3965 | Epoch: 16
    Eq theta: 1.00000omega
    Eq omega: nan1 + nantheta + nanomega + nantheta^2 + nantheta omega + nanomega^2

--- Chunk 99223 (4/220) | Start: 2025-08-04 17:20:00 ---
    RMSE omega: 0.006188 | RMSE theta: 0.065546 | Loss: 0.1491 | Epoch: 5665
    Eq theta: 1.00000omega
    Eq omega: 0.003091 + -0.00059theta + 0.00288omega + -0.00005theta^2 + -0.00044theta omega + 0.01367omega^2

--- Chunk 99224 (5/220) | Start: 2025-08-04 17:25:00 ---
    RMSE omega: 0.003903 | RMSE theta: 0.043136 | Loss: -0.9560 | Epoch: 1318
    Eq theta: 1.00000omega
    Eq omega: -0.023031 + 0.00154theta + 0.00644omega + -0.00040theta^2 + 0.00230theta omega + 0.00023omega^2

--- Chunk 99225 (6/220) | Start: 2025-08-04 17:30:00 ---
    RMSE omega: nan | RMSE theta: nan | Loss: 68.1772 | Epoch: 41
    Eq theta: 1.00000omega
    Eq omega: nan1 + nantheta + nanomega + nantheta^2 + nantheta omega + nanomega^2

--- Chunk 99226 (7/220) | Start: 2025-08-04 17:35:00 ---
    RMSE omega: 0.005559 | RMSE theta: 0.061327 | Loss: -2.2936 | Epoch: 2055
    Eq theta: 1.00000omega
    Eq omega: -0.004801 + -0.00258theta + -0.00088omega + 0.00207theta^2 + -0.00157theta omega + 0.00023omega^2

--- Chunk 99227 (8/220) | Start: 2025-08-04 17:40:00 ---
    RMSE omega: 0.018734 | RMSE theta: 0.397831 | Loss: 120.7549 | Epoch: 85
    Eq theta: 1.00000omega
    Eq omega: -0.001591 + 0.00070theta + 0.00070omega + -0.00000theta^2 + 0.00002theta omega + 0.00011omega^2

--- Chunk 99228 (9/220) | Start: 2025-08-04 17:45:00 ---
    RMSE omega: 0.020020 | RMSE theta: 0.106164 | Loss: 59.2814 | Epoch: 1428
    Eq theta: 1.00000omega
    Eq omega: 0.000061 + -0.00010theta + -0.00266omega + 0.00076theta^2 + -0.00011theta omega + -0.00036omega^2

--- Chunk 99229 (10/220) | Start: 2025-08-04 17:50:00 ---
    RMSE omega: 0.005156 | RMSE theta: 0.052990 | Loss: -41.0945 | Epoch: 2035
    Eq theta: 1.00000omega
    Eq omega: 0.003961 + 0.00011theta + -0.00013omega + -0.00044theta^2 + 0.00006theta omega + -0.00050omega^2

--- Chunk 99230 (11/220) | Start: 2025-08-04 17:55:00 ---
    RMSE omega: 0.004283 | RMSE theta: 0.050344 | Loss: -0.6470 | Epoch: 1117
    Eq theta: 1.00000omega
    Eq omega: 0.001231 + 0.00505theta + -0.00071omega + 0.00030theta^2 + -0.00142theta omega + -0.00614omega^2

--- Chunk 99231 (12/220) | Start: 2025-08-04 18:00:00 ---
    RMSE omega: 0.004937 | RMSE theta: 0.129501 | Loss: -0.6125 | Epoch: 1526
    Eq theta: 1.00000omega
    Eq omega: 0.001451 + -0.00085theta + -0.00056omega + 0.00001theta^2 + -0.00002theta omega + -0.00191omega^2

--- Chunk 99232 (13/220) | Start: 2025-08-04 18:05:00 ---
    RMSE omega: 0.004199 | RMSE theta: 0.030641 | Loss: -0.5389 | Epoch: 1790
    Eq theta: 1.00000omega
    Eq omega: -0.022741 + 0.00005theta + 0.00561omega + 0.00036theta^2 + -0.00002theta omega + 0.00080omega^2

--- Chunk 99233 (14/220) | Start: 2025-08-04 18:10:00 ---
    RMSE omega: 0.023817 | RMSE theta: 0.270563 | Loss: 15.7069 | Epoch: 115
    Eq theta: 1.00000omega
    Eq omega: -0.002051 + -0.00003theta + 0.00037omega + -0.00047theta^2 + 0.00056theta omega + -0.00072omega^2

--- Chunk 99234 (15/220) | Start: 2025-08-04 18:15:00 ---
    RMSE omega: 0.014858 | RMSE theta: 0.097556 | Loss: 0.9049 | Epoch: 1119
    Eq theta: 1.00000omega
    Eq omega: 0.003901 + -0.03239theta + -0.00088omega + 0.00097theta^2 + 0.00079theta omega + -0.00952omega^2

--- Chunk 99235 (16/220) | Start: 2025-08-04 18:20:00 ---
    RMSE omega: nan | RMSE theta: nan | Loss: 22858.4746 | Epoch: 16
    Eq theta: 1.00000omega
    Eq omega: nan1 + nantheta + nanomega + nantheta^2 + nantheta omega + nanomega^2

--- Chunk 99236 (17/220) | Start: 2025-08-04 18:25:00 ---
    RMSE omega: 0.008803 | RMSE theta: 0.805737 | Loss: -140257.7031 | Epoch: 2421
    Eq theta: 1.00000omega
    Eq omega: -0.000621 + 0.00044theta + -0.00114omega + -0.00012theta^2 + 0.00016theta omega + 0.00292omega^2

--- Chunk 99237 (18/220) | Start: 2025-08-04 18:30:00 ---
    RMSE omega: 0.005470 | RMSE theta: 0.231614 | Loss: 12.3455 | Epoch: 2004
    Eq theta: 1.00000omega
    Eq omega: 0.000931 + 0.00027theta + 0.00129omega + 0.00003theta^2 + -0.00001theta omega + 0.00015omega^2

--- Chunk 99238 (19/220) | Start: 2025-08-04 18:35:00 ---
    RMSE omega: nan | RMSE theta: nan | Loss: 275.0765 | Epoch: 25
    Eq theta: 1.00000omega
    Eq omega: nan1 + nantheta + nanomega + nantheta^2 + nantheta omega + nanomega^2

--- Chunk 99239 (20/220) | Start: 2025-08-04 18:40:00 ---
    RMSE omega: 0.014555 | RMSE theta: 0.056609 | Loss: 37.9842 | Epoch: 604
    Eq theta: 1.00000omega
    Eq omega: -0.001761 + 0.00356theta + -0.00065omega + 0.00207theta^2 + 0.00136theta omega + -0.00084omega^2

--- Chunk 99240 (21/220) | Start: 2025-08-04 18:45:00 ---
    RMSE omega: 0.004799 | RMSE theta: 0.155427 | Loss: -5.4139 | Epoch: 1957
    Eq theta: 1.00000omega
    Eq omega: -0.000681 + -0.00088theta + 0.00146omega + 0.00048theta^2 + -0.00020theta omega + 0.00238omega^2

--- Chunk 99241 (22/220) | Start: 2025-08-04 18:50:00 ---
    RMSE omega: nan | RMSE theta: nan | Loss: 150.7258 | Epoch: 53
    Eq theta: 1.00000omega
    Eq omega: nan1 + nantheta + nanomega + nantheta^2 + nantheta omega + nanomega^2

--- Chunk 99242 (23/220) | Start: 2025-08-04 18:55:00 ---
    RMSE omega: 0.007481 | RMSE theta: 0.220316 | Loss: 7.4147 | Epoch: 1000
    Eq theta: 1.00000omega
    Eq omega: -0.000051 + -0.00014theta + -0.00162omega + 0.00036theta^2 + 0.00007theta omega + 0.00494omega^2

--- Chunk 99243 (24/220) | Start: 2025-08-04 19:00:00 ---
    RMSE omega: 0.004098 | RMSE theta: 0.059189 | Loss: 0.0035 | Epoch: 2022
    Eq theta: 1.00000omega
    Eq omega: 0.001211 + -0.00017theta + 0.00196omega + -0.00020theta^2 + 0.00102theta omega + 0.01051omega^2

--- Chunk 99244 (25/220) | Start: 2025-08-04 19:05:00 ---
    RMSE omega: nan | RMSE theta: nan | Loss: 86.6685 | Epoch: 23
    Eq theta: 1.00000omega
    Eq omega: nan1 + nantheta + nanomega + nantheta^2 + nantheta omega + nanomega^2

--- Chunk 99245 (26/220) | Start: 2025-08-04 19:10:00 ---
/pfs/data6/home/ka/ka_iai/ka_bj2362/dsr/svise/svise/quadrature/_unbiased_quadrature.py:218: UserWarning: Quadrature result is NaN. Returning 0.
  warnings.warn("Quadrature result is NaN. Returning 0.")
    RMSE omega: nan | RMSE theta: nan | Loss: -1940305437099579161292609463255040.0000 | Epoch: 2298
    Eq theta: 1.00000omega
    Eq omega: nan1 + nantheta + nanomega + nantheta^2 + nantheta omega + nanomega^2

--- Chunk 99246 (27/220) | Start: 2025-08-04 19:15:00 ---
    RMSE omega: 0.005149 | RMSE theta: 0.362903 | Loss: -635698.7500 | Epoch: 1763
    Eq theta: 1.00000omega
    Eq omega: -0.002001 + -0.00088theta + -0.00144omega + 0.00192theta^2 + 0.00353theta omega + -0.00251omega^2

--- Chunk 99247 (28/220) | Start: 2025-08-04 19:20:00 ---
    RMSE omega: 0.005698 | RMSE theta: 0.317763 | Loss: 2.8997 | Epoch: 1956
    Eq theta: 1.00000omega
    Eq omega: -0.002881 + -0.00004theta + 0.00405omega + 0.00004theta^2 + -0.00007theta omega + -0.00160omega^2

--- Chunk 99248 (29/220) | Start: 2025-08-04 19:25:00 ---
    RMSE omega: 0.028533 | RMSE theta: 0.585534 | Loss: 466.7722 | Epoch: 46
    Eq theta: 1.00000omega
    Eq omega: -0.000881 + -0.00012theta + 0.00160omega + -0.00004theta^2 + -0.00000theta omega + 0.00074omega^2

--- Chunk 99249 (30/220) | Start: 2025-08-04 19:30:00 ---
    RMSE omega: 0.005351 | RMSE theta: 0.062734 | Loss: 0.3152 | Epoch: 2521
    Eq theta: 1.00000omega
    Eq omega: -0.002011 + 0.00001theta + -0.00033omega + -0.00002theta^2 + -0.00015theta omega + 0.00217omega^2

--- Chunk 99250 (31/220) | Start: 2025-08-04 19:35:00 ---
    RMSE omega: 0.004302 | RMSE theta: 0.036502 | Loss: 0.7124 | Epoch: 1426
    Eq theta: 1.00000omega
    Eq omega: -0.000981 + 0.00279theta + 0.00226omega + 0.00046theta^2 + 0.00091theta omega + -0.00061omega^2

--- Chunk 99251 (32/220) | Start: 2025-08-04 19:40:00 ---
    RMSE omega: 0.005089 | RMSE theta: 0.095562 | Loss: -1740.3379 | Epoch: 3553
    Eq theta: 1.00000omega
    Eq omega: 0.000901 + 0.00010theta + 0.00083omega + 0.00002theta^2 + -0.00005theta omega + -0.00008omega^2

--- Chunk 99252 (33/220) | Start: 2025-08-04 19:45:00 ---
    RMSE omega: 0.009270 | RMSE theta: 0.123426 | Loss: 16.9154 | Epoch: 913
    Eq theta: 1.00000omega
    Eq omega: -0.003871 + 0.00036theta + 0.00045omega + 0.00009theta^2 + -0.00001theta omega + -0.00161omega^2

--- Chunk 99253 (34/220) | Start: 2025-08-04 19:50:00 ---
    RMSE omega: 0.005090 | RMSE theta: 0.107760 | Loss: -0.4284 | Epoch: 2061
    Eq theta: 1.00000omega
    Eq omega: 0.001701 + -0.00050theta + -0.00349omega + -0.00028theta^2 + -0.00013theta omega + 0.00279omega^2

--- Chunk 99254 (35/220) | Start: 2025-08-04 19:55:00 ---
    RMSE omega: nan | RMSE theta: nan | Loss: 49.2279 | Epoch: 70
    Eq theta: 1.00000omega
    Eq omega: nan1 + nantheta + nanomega + nantheta^2 + nantheta omega + nanomega^2

--- Chunk 99255 (36/220) | Start: 2025-08-04 20:00:00 ---
    RMSE omega: 0.004704 | RMSE theta: 0.033100 | Loss: 0.5850 | Epoch: 1791
    Eq theta: 1.00000omega
    Eq omega: -0.004271 + 0.00099theta + 0.00044omega + -0.00000theta^2 + -0.00004theta omega + -0.00051omega^2

--- Chunk 99256 (37/220) | Start: 2025-08-04 20:05:00 ---
    RMSE omega: nan | RMSE theta: nan | Loss: 845.2123 | Epoch: 47
    Eq theta: 1.00000omega
    Eq omega: nan1 + nantheta + nanomega + nantheta^2 + nantheta omega + nanomega^2

--- Chunk 99257 (38/220) | Start: 2025-08-04 20:10:00 ---
    RMSE omega: 0.014995 | RMSE theta: 0.526925 | Loss: -32858804.0000 | Epoch: 2013
    Eq theta: 1.00000omega
    Eq omega: 0.000621 + 0.01163theta + 0.00034omega + -0.00002theta^2 + -0.00130theta omega + 0.00030omega^2

--- Chunk 99258 (39/220) | Start: 2025-08-04 20:15:00 ---
    RMSE omega: 0.024153 | RMSE theta: 0.475096 | Loss: -1925332598784.0000 | Epoch: 638
    Eq theta: 1.00000omega
    Eq omega: -0.004161 + -0.00144theta + -0.00033omega + 0.00014theta^2 + -0.00200theta omega + -0.00018omega^2

--- Chunk 99259 (40/220) | Start: 2025-08-04 20:20:00 ---
    RMSE omega: 0.024778 | RMSE theta: 0.260746 | Loss: 60.6344 | Epoch: 95
    Eq theta: 1.00000omega
    Eq omega: -0.003431 + -0.00684theta + 0.00109omega + -0.00006theta^2 + -0.00070theta omega + 0.00029omega^2

--- Chunk 99260 (41/220) | Start: 2025-08-04 20:25:00 ---
    RMSE omega: nan | RMSE theta: nan | Loss: 126.8498 | Epoch: 21
    Eq theta: 1.00000omega
    Eq omega: nan1 + nantheta + nanomega + nantheta^2 + nantheta omega + nanomega^2

--- Chunk 99261 (42/220) | Start: 2025-08-04 20:30:00 ---
    RMSE omega: 0.189863 | RMSE theta: 4.424474 | Loss: -3876290816.0000 | Epoch: 2651
    Eq theta: 1.00000omega
    Eq omega: -0.001901 + 0.00134theta + 0.00138omega + -0.00010theta^2 + -0.00059theta omega + -0.00008omega^2

--- Chunk 99262 (43/220) | Start: 2025-08-04 20:35:00 ---
    RMSE omega: 0.009837 | RMSE theta: 0.733231 | Loss: -65953.8906 | Epoch: 2858
    Eq theta: 1.00000omega
    Eq omega: -0.004031 + -0.00067theta + -0.00912omega + -0.00007theta^2 + 0.00006theta omega + -0.00116omega^2

--- Chunk 99263 (44/220) | Start: 2025-08-04 20:40:00 ---
    RMSE omega: 0.008586 | RMSE theta: 0.384482 | Loss: 15.0089 | Epoch: 2256
    Eq theta: 1.00000omega
    Eq omega: 0.003321 + -0.00018theta + -0.00143omega + 0.00008theta^2 + 0.00035theta omega + 0.00074omega^2

--- Chunk 99264 (45/220) | Start: 2025-08-04 20:45:00 ---
    RMSE omega: 0.005355 | RMSE theta: 0.113656 | Loss: -2.6038 | Epoch: 2124
    Eq theta: 1.00000omega
    Eq omega: -0.012841 + -0.08228theta + -0.02275omega + -0.00157theta^2 + 0.00210theta omega + -0.01464omega^2

--- Chunk 99265 (46/220) | Start: 2025-08-04 20:50:00 ---
    RMSE omega: 0.011720 | RMSE theta: 0.419503 | Loss: -2180784062464.0000 | Epoch: 1933
    Eq theta: 1.00000omega
    Eq omega: 0.005681 + -1.35869theta + -0.01897omega + -0.00047theta^2 + 0.02899theta omega + -0.01130omega^2

--- Chunk 99266 (47/220) | Start: 2025-08-04 20:55:00 ---
    RMSE omega: 0.006714 | RMSE theta: 0.055223 | Loss: -96.2934 | Epoch: 1733
    Eq theta: 1.00000omega
    Eq omega: 0.000511 + 0.00021theta + 0.00396omega + -0.00006theta^2 + -0.00009theta omega + -0.00003omega^2

--- Chunk 99267 (48/220) | Start: 2025-08-04 21:00:00 ---
    RMSE omega: 0.008612 | RMSE theta: 0.250305 | Loss: 6.8395 | Epoch: 2072
    Eq theta: 1.00000omega
    Eq omega: 0.000551 + -0.00187theta + 0.00097omega + 0.00000theta^2 + -0.00026theta omega + -0.00004omega^2

--- Chunk 99268 (49/220) | Start: 2025-08-04 21:05:00 ---
    RMSE omega: 0.021920 | RMSE theta: 0.383228 | Loss: -14144.8311 | Epoch: 644
    Eq theta: 1.00000omega
    Eq omega: 0.005821 + -0.00424theta + -0.00079omega + -0.00027theta^2 + 0.00023theta omega + 0.00034omega^2

--- Chunk 99269 (50/220) | Start: 2025-08-04 21:10:00 ---
    RMSE omega: nan | RMSE theta: nan | Loss: 866.5486 | Epoch: 32
    Eq theta: 1.00000omega
    Eq omega: nan1 + nantheta + nanomega + nantheta^2 + nantheta omega + nanomega^2

  [Progress 50/220] Mean RMSE omega: 0.015159 | Mean loss: -38806108741991584126572114739200.0000 | Valid: 39/50 | Elapsed: 24.6min | ETA: 83.7min

--- Chunk 99270 (51/220) | Start: 2025-08-04 21:15:00 ---
    RMSE omega: 0.040717 | RMSE theta: 0.723250 | Loss: 379.5620 | Epoch: 34
    Eq theta: 1.00000omega
    Eq omega: -0.000431 + -0.00091theta + 0.00065omega + 0.00025theta^2 + 0.00014theta omega + 0.00056omega^2

--- Chunk 99271 (52/220) | Start: 2025-08-04 21:20:00 ---
    RMSE omega: 0.025052 | RMSE theta: 0.271657 | Loss: -1599.4624 | Epoch: 681
    Eq theta: 1.00000omega
    Eq omega: 0.093981 + -0.04875theta + 0.00140omega + 0.00128theta^2 + -0.00009theta omega + -0.00017omega^2

--- Chunk 99272 (53/220) | Start: 2025-08-04 21:25:00 ---
    RMSE omega: nan | RMSE theta: nan | Loss: 273.4870 | Epoch: 56
    Eq theta: 1.00000omega
    Eq omega: nan1 + nantheta + nanomega + nantheta^2 + nantheta omega + nanomega^2

--- Chunk 99273 (54/220) | Start: 2025-08-04 21:30:00 ---
    RMSE omega: 0.010639 | RMSE theta: 0.440681 | Loss: -0.9072 | Epoch: 1058
    Eq theta: 1.00000omega
    Eq omega: -0.004131 + -0.05848theta + 0.00071omega + 0.00180theta^2 + -0.00113theta omega + -0.00008omega^2

--- Chunk 99274 (55/220) | Start: 2025-08-04 21:35:00 ---
    RMSE omega: 0.004252 | RMSE theta: 0.017155 | Loss: -1.5205 | Epoch: 1013
    Eq theta: 1.00000omega
    Eq omega: -0.001351 + 0.00240theta + 0.00069omega + 0.00113theta^2 + 0.00100theta omega + 0.00552omega^2

--- Chunk 99275 (56/220) | Start: 2025-08-04 21:40:00 ---
    RMSE omega: 0.005420 | RMSE theta: 0.115658 | Loss: 7.8881 | Epoch: 2345
    Eq theta: 1.00000omega
    Eq omega: 0.000061 + -0.00013theta + 0.00003omega + 0.00000theta^2 + 0.00000theta omega + -0.00021omega^2

--- Chunk 99276 (57/220) | Start: 2025-08-04 21:45:00 ---
    RMSE omega: 0.025651 | RMSE theta: 0.333298 | Loss: 38.9346 | Epoch: 50
    Eq theta: 1.00000omega
    Eq omega: -0.001811 + -0.00244theta + 0.00165omega + -0.03032theta^2 + -0.00105theta omega + -0.01023omega^2

--- Chunk 99277 (58/220) | Start: 2025-08-04 21:50:00 ---
    RMSE omega: 0.007745 | RMSE theta: 0.118570 | Loss: -2.0935 | Epoch: 1883
    Eq theta: 1.00000omega
    Eq omega: -0.006531 + -0.00075theta + -0.00087omega + -0.00109theta^2 + 0.00100theta omega + 0.00264omega^2

--- Chunk 99278 (59/220) | Start: 2025-08-04 21:55:00 ---
    RMSE omega: 0.005037 | RMSE theta: 0.151334 | Loss: -43310.0117 | Epoch: 3258
    Eq theta: 1.00000omega
    Eq omega: -0.000681 + 0.00017theta + 0.00132omega + 0.00001theta^2 + 0.00005theta omega + -0.00043omega^2

--- Chunk 99279 (60/220) | Start: 2025-08-04 22:00:00 ---
    RMSE omega: 0.033696 | RMSE theta: 0.461794 | Loss: 87.4217 | Epoch: 44
    Eq theta: 1.00000omega
    Eq omega: -0.001031 + -0.02587theta + -0.00532omega + 0.00006theta^2 + -0.01009theta omega + -0.00310omega^2

--- Chunk 99280 (61/220) | Start: 2025-08-04 22:05:00 ---
    RMSE omega: 0.003956 | RMSE theta: 0.060804 | Loss: -1.8361 | Epoch: 1316
    Eq theta: 1.00000omega
    Eq omega: 0.000181 + -0.00133theta + 0.00022omega + 0.00043theta^2 + 0.00187theta omega + -0.00278omega^2

--- Chunk 99281 (62/220) | Start: 2025-08-04 22:10:00 ---
    RMSE omega: nan | RMSE theta: nan | Loss: 284.6863 | Epoch: 62
    Eq theta: 1.00000omega
    Eq omega: nan1 + nantheta + nanomega + nantheta^2 + nantheta omega + nanomega^2

--- Chunk 99282 (63/220) | Start: 2025-08-04 22:15:00 ---
    RMSE omega: 0.005488 | RMSE theta: 0.092293 | Loss: -0.3444 | Epoch: 2343
    Eq theta: 1.00000omega
    Eq omega: 0.000181 + 0.00060theta + -0.00068omega + -0.00002theta^2 + -0.00040theta omega + 0.00266omega^2

--- Chunk 99283 (64/220) | Start: 2025-08-04 22:20:00 ---
    RMSE omega: 0.025882 | RMSE theta: 0.235826 | Loss: 51.6554 | Epoch: 168
    Eq theta: 1.00000omega
    Eq omega: -0.002211 + -0.00071theta + 0.00484omega + -0.00005theta^2 + -0.00013theta omega + -0.00052omega^2

--- Chunk 99284 (65/220) | Start: 2025-08-04 22:25:00 ---
    RMSE omega: nan | RMSE theta: nan | Loss: 50311.8242 | Epoch: 5
    Eq theta: 1.00000omega
    Eq omega: nan1 + nantheta + nanomega + nantheta^2 + nantheta omega + nanomega^2

--- Chunk 99285 (66/220) | Start: 2025-08-04 22:30:00 ---
    RMSE omega: nan | RMSE theta: nan | Loss: 652.9308 | Epoch: 43
    Eq theta: 1.00000omega
    Eq omega: nan1 + nantheta + nanomega + nantheta^2 + nantheta omega + nanomega^2

--- Chunk 99286 (67/220) | Start: 2025-08-04 22:35:00 ---
    RMSE omega: 0.026950 | RMSE theta: 0.531103 | Loss: -474.0267 | Epoch: 535
    Eq theta: 1.00000omega
    Eq omega: 0.000671 + -0.00114theta + -0.00075omega + 0.00006theta^2 + 0.00003theta omega + 0.00012omega^2

--- Chunk 99287 (68/220) | Start: 2025-08-04 22:40:00 ---
    RMSE omega: 0.015471 | RMSE theta: 0.457629 | Loss: 334.3717 | Epoch: 1367
    Eq theta: 1.00000omega
    Eq omega: 0.005201 + 0.00000theta + 0.00007omega + -0.00000theta^2 + 0.00000theta omega + -0.00003omega^2

--- Chunk 99288 (69/220) | Start: 2025-08-04 22:45:00 ---
    RMSE omega: nan | RMSE theta: nan | Loss: 521.9394 | Epoch: 33
    Eq theta: 1.00000omega
    Eq omega: nan1 + nantheta + nanomega + nantheta^2 + nantheta omega + nanomega^2

--- Chunk 99289 (70/220) | Start: 2025-08-04 22:50:00 ---
    RMSE omega: 0.010806 | RMSE theta: 0.314076 | Loss: 59.2216 | Epoch: 2261
    Eq theta: 1.00000omega
    Eq omega: 0.000291 + -0.00023theta + -0.00038omega + -0.00002theta^2 + -0.00001theta omega + 0.00025omega^2

--- Chunk 99290 (71/220) | Start: 2025-08-04 22:55:00 ---
    RMSE omega: 0.003725 | RMSE theta: 0.072840 | Loss: -2.0043 | Epoch: 1622
    Eq theta: 1.00000omega
    Eq omega: 0.029701 + -0.04126theta + -0.00279omega + -0.00010theta^2 + -0.00254theta omega + -0.00080omega^2

--- Chunk 99291 (72/220) | Start: 2025-08-04 23:00:00 ---
    RMSE omega: 0.045998 | RMSE theta: 1.158656 | Loss: 366.0260 | Epoch: 23
    Eq theta: 1.00000omega
    Eq omega: -0.000321 + 0.00104theta + 0.00272omega + -0.00002theta^2 + 0.00059theta omega + -0.00041omega^2

--- Chunk 99292 (73/220) | Start: 2025-08-04 23:05:00 ---
    RMSE omega: nan | RMSE theta: nan | Loss: 64.4566 | Epoch: 53
    Eq theta: 1.00000omega
    Eq omega: nan1 + nantheta + nanomega + nantheta^2 + nantheta omega + nanomega^2

--- Chunk 99293 (74/220) | Start: 2025-08-04 23:10:00 ---
    RMSE omega: 0.003905 | RMSE theta: 0.074137 | Loss: -2.3874 | Epoch: 1701
    Eq theta: 1.00000omega
    Eq omega: 0.006011 + 0.00168theta + -0.00003omega + -0.00013theta^2 + 0.00174theta omega + -0.00004omega^2

--- Chunk 99294 (75/220) | Start: 2025-08-04 23:15:00 ---
    RMSE omega: nan | RMSE theta: nan | Loss: 77.9292 | Epoch: 41
    Eq theta: 1.00000omega
    Eq omega: nan1 + nantheta + nanomega + nantheta^2 + nantheta omega + nanomega^2

--- Chunk 99295 (76/220) | Start: 2025-08-04 23:20:00 ---
    RMSE omega: nan | RMSE theta: nan | Loss: 82.8038 | Epoch: 49
    Eq theta: 1.00000omega
    Eq omega: nan1 + nantheta + nanomega + nantheta^2 + nantheta omega + nanomega^2

--- Chunk 99296 (77/220) | Start: 2025-08-04 23:25:00 ---
    RMSE omega: nan | RMSE theta: nan | Loss: 179.5617 | Epoch: 51
    Eq theta: 1.00000omega
    Eq omega: nan1 + nantheta + nanomega + nantheta^2 + nantheta omega + nanomega^2

--- Chunk 99297 (78/220) | Start: 2025-08-04 23:30:00 ---
    RMSE omega: nan | RMSE theta: nan | Loss: 677.1633 | Epoch: 28
    Eq theta: 1.00000omega
    Eq omega: nan1 + nantheta + nanomega + nantheta^2 + nantheta omega + nanomega^2

--- Chunk 99298 (79/220) | Start: 2025-08-04 23:35:00 ---
    RMSE omega: 0.004132 | RMSE theta: 0.024232 | Loss: 4.5655 | Epoch: 1976
    Eq theta: 1.00000omega
    Eq omega: 0.006391 + -0.00003theta + 0.01678omega + 0.00019theta^2 + 0.00018theta omega + -0.00040omega^2

--- Chunk 99299 (80/220) | Start: 2025-08-04 23:40:00 ---
    RMSE omega: 0.016458 | RMSE theta: 0.394459 | Loss: 170.3499 | Epoch: 83
    Eq theta: 1.00000omega
    Eq omega: -0.000011 + -0.00003theta + -0.00081omega + 0.00001theta^2 + -0.00003theta omega + 0.00001omega^2

--- Chunk 99300 (81/220) | Start: 2025-08-04 23:45:00 ---
    RMSE omega: 0.005431 | RMSE theta: 0.175614 | Loss: -29.9791 | Epoch: 1920
    Eq theta: 1.00000omega
    Eq omega: -0.000291 + -0.34722theta + -0.00247omega + -0.00203theta^2 + -0.00837theta omega + 0.00600omega^2

--- Chunk 99301 (82/220) | Start: 2025-08-04 23:50:00 ---
    RMSE omega: 0.004424 | RMSE theta: 0.242570 | Loss: -1.5959 | Epoch: 1286
    Eq theta: 1.00000omega
    Eq omega: -0.003091 + -0.00621theta + -0.00065omega + 0.00012theta^2 + -0.00025theta omega + -0.00123omega^2

--- Chunk 99302 (83/220) | Start: 2025-08-04 23:55:00 ---
    RMSE omega: nan | RMSE theta: nan | Loss: 3610.3708 | Epoch: 33
    Eq theta: 1.00000omega
    Eq omega: nan1 + nantheta + nanomega + nantheta^2 + nantheta omega + nanomega^2

--- Chunk 99303 (84/220) | Start: 2025-08-05 00:00:00 ---
    RMSE omega: nan | RMSE theta: nan | Loss: 1193.3711 | Epoch: 16
    Eq theta: 1.00000omega
    Eq omega: nan1 + nantheta + nanomega + nantheta^2 + nantheta omega + nanomega^2

--- Chunk 99304 (85/220) | Start: 2025-08-05 00:05:00 ---
    RMSE omega: 0.007119 | RMSE theta: 0.273025 | Loss: 1.4627 | Epoch: 1525
    Eq theta: 1.00000omega
    Eq omega: -0.000791 + -0.00025theta + -0.00374omega + -0.00007theta^2 + -0.00014theta omega + 0.00129omega^2

--- Chunk 99305 (86/220) | Start: 2025-08-05 00:10:00 ---
    RMSE omega: 0.026392 | RMSE theta: 2.007656 | Loss: -2777.4868 | Epoch: 554
    Eq theta: 1.00000omega
    Eq omega: 0.017791 + -0.04013theta + 0.00185omega + 0.00022theta^2 + 0.00011theta omega + 0.00526omega^2

--- Chunk 99306 (87/220) | Start: 2025-08-05 00:15:00 ---
    RMSE omega: 0.018656 | RMSE theta: 0.252385 | Loss: 353.2086 | Epoch: 680
    Eq theta: 1.00000omega
    Eq omega: 0.002061 + 0.00000theta + -0.00000omega + -0.00093theta^2 + -0.00141theta omega + 0.00002omega^2

--- Chunk 99307 (88/220) | Start: 2025-08-05 00:20:00 ---
    RMSE omega: 0.010720 | RMSE theta: 0.314046 | Loss: 43.3580 | Epoch: 1524
    Eq theta: 1.00000omega
    Eq omega: 0.002971 + -0.00011theta + 0.00080omega + 0.00039theta^2 + -0.00279theta omega + 0.00007omega^2

--- Chunk 99308 (89/220) | Start: 2025-08-05 00:25:00 ---
    RMSE omega: 0.006516 | RMSE theta: 0.236898 | Loss: 0.5856 | Epoch: 5763
    Eq theta: 1.00000omega
    Eq omega: -0.015121 + -0.00124theta + 0.00168omega + 0.00001theta^2 + -0.00078theta omega + -0.00268omega^2

--- Chunk 99309 (90/220) | Start: 2025-08-05 00:30:00 ---
    RMSE omega: 0.003110 | RMSE theta: 0.014137 | Loss: -0.9521 | Epoch: 838
    Eq theta: 1.00000omega
    Eq omega: 0.001431 + -0.00425theta + -0.00151omega + 0.00305theta^2 + -0.00150theta omega + 0.00628omega^2

--- Chunk 99310 (91/220) | Start: 2025-08-05 00:35:00 ---
    RMSE omega: 0.328088 | RMSE theta: 11.615107 | Loss: -501742273822720.0000 | Epoch: 1626
    Eq theta: 1.00000omega
    Eq omega: -0.004181 + -0.00088theta + -0.00067omega + -0.00009theta^2 + -0.00003theta omega + 0.00000omega^2

--- Chunk 99311 (92/220) | Start: 2025-08-05 00:40:00 ---
    RMSE omega: 0.019816 | RMSE theta: 0.213224 | Loss: 44.7652 | Epoch: 74
    Eq theta: 1.00000omega
    Eq omega: -0.000701 + -0.00047theta + 0.00647omega + 0.00002theta^2 + 0.00007theta omega + 0.00114omega^2

--- Chunk 99312 (93/220) | Start: 2025-08-05 00:45:00 ---
    RMSE omega: nan | RMSE theta: nan | Loss: 37.8970 | Epoch: 62
    Eq theta: 1.00000omega
    Eq omega: nan1 + nantheta + nanomega + nantheta^2 + nantheta omega + nanomega^2

--- Chunk 99313 (94/220) | Start: 2025-08-05 00:50:00 ---
    RMSE omega: 0.004589 | RMSE theta: 0.192125 | Loss: 2.4117 | Epoch: 2930
    Eq theta: 1.00000omega
    Eq omega: -0.000171 + -0.00002theta + -0.00114omega + 0.00009theta^2 + -0.00029theta omega + 0.00086omega^2

--- Chunk 99314 (95/220) | Start: 2025-08-05 00:55:00 ---
    RMSE omega: nan | RMSE theta: nan | Loss: -119398958331823390720.0000 | Epoch: 1072
    Eq theta: 1.00000omega
    Eq omega: nan1 + nantheta + nanomega + nantheta^2 + nantheta omega + nanomega^2

--- Chunk 99315 (96/220) | Start: 2025-08-05 01:00:00 ---
    RMSE omega: 0.006039 | RMSE theta: 0.173611 | Loss: 0.5221 | Epoch: 3006
    Eq theta: 1.00000omega
    Eq omega: -0.025371 + -0.00172theta + -0.00522omega + -0.00020theta^2 + 0.00015theta omega + 0.00145omega^2

--- Chunk 99316 (97/220) | Start: 2025-08-05 01:05:00 ---
    RMSE omega: nan | RMSE theta: nan | Loss: 583.3355 | Epoch: 26
    Eq theta: 1.00000omega
    Eq omega: nan1 + nantheta + nanomega + nantheta^2 + nantheta omega + nanomega^2

--- Chunk 99317 (98/220) | Start: 2025-08-05 01:10:00 ---
    RMSE omega: 0.003985 | RMSE theta: 0.183184 | Loss: -1.3721 | Epoch: 1459
    Eq theta: 1.00000omega
    Eq omega: 0.000311 + 0.00155theta + -0.00645omega + -0.00002theta^2 + -0.00049theta omega + 0.00027omega^2

--- Chunk 99318 (99/220) | Start: 2025-08-05 01:25:00 ---
    RMSE omega: 0.009642 | RMSE theta: 0.389954 | Loss: 34.9512 | Epoch: 1823
    Eq theta: 1.00000omega
    Eq omega: 0.002521 + 0.00037theta + 0.00037omega + -0.00000theta^2 + 0.00001theta omega + 0.00045omega^2

--- Chunk 99319 (100/220) | Start: 2025-08-05 01:30:00 ---
    RMSE omega: 0.003221 | RMSE theta: 0.045830 | Loss: -1.2054 | Epoch: 1250
    Eq theta: 1.00000omega
    Eq omega: 0.007221 + -0.00018theta + 0.00004omega + 0.00057theta^2 + 0.00074theta omega + -0.00213omega^2

  [Progress 100/220] Mean RMSE omega: 0.018513 | Mean loss: -19403054370996985517187310551040.0000 | Valid: 74/100 | Elapsed: 43.3min | ETA: 51.9min

--- Chunk 99320 (101/220) | Start: 2025-08-05 01:35:00 ---
    RMSE omega: 0.003995 | RMSE theta: 0.059237 | Loss: -0.2658 | Epoch: 1278
    Eq theta: 1.00000omega
    Eq omega: -0.003531 + 0.00143theta + -0.00347omega + 0.00025theta^2 + 0.00175theta omega + 0.00019omega^2

--- Chunk 99321 (102/220) | Start: 2025-08-05 01:40:00 ---
    RMSE omega: 0.012782 | RMSE theta: 0.784715 | Loss: -6790384622752109886972100608.0000 | Epoch: 1793
    Eq theta: 1.00000omega
    Eq omega: 0.000341 + -0.00014theta + -0.00107omega + -0.00012theta^2 + 0.00022theta omega + -0.00001omega^2

--- Chunk 99322 (103/220) | Start: 2025-08-05 01:45:00 ---
    RMSE omega: 0.003969 | RMSE theta: 0.059734 | Loss: -0.0595 | Epoch: 2224
    Eq theta: 1.00000omega
    Eq omega: -0.000781 + -0.01594theta + 0.01206omega + -0.00078theta^2 + 0.00150theta omega + 0.00395omega^2

--- Chunk 99323 (104/220) | Start: 2025-08-05 01:50:00 ---
    RMSE omega: 0.004158 | RMSE theta: 0.066673 | Loss: -2.3213 | Epoch: 1830
    Eq theta: 1.00000omega
    Eq omega: 0.000611 + 0.00788theta + 0.00207omega + 0.00068theta^2 + -0.00207theta omega + -0.00118omega^2

--- Chunk 99324 (105/220) | Start: 2025-08-05 01:55:00 ---
    RMSE omega: 0.003916 | RMSE theta: 0.030540 | Loss: -1.3565 | Epoch: 1594
    Eq theta: 1.00000omega
    Eq omega: -0.003301 + -0.00257theta + -0.00455omega + -0.00122theta^2 + -0.00050theta omega + 0.00380omega^2

--- Chunk 99325 (106/220) | Start: 2025-08-05 02:00:00 ---
    RMSE omega: 0.027339 | RMSE theta: 0.875587 | Loss: 115.9076 | Epoch: 34
    Eq theta: 1.00000omega
    Eq omega: -0.000681 + -0.01020theta + -0.00354omega + 0.00002theta^2 + -0.00600theta omega + -0.00131omega^2

--- Chunk 99326 (107/220) | Start: 2025-08-05 02:05:00 ---
    RMSE omega: 0.019460 | RMSE theta: 0.152832 | Loss: 65.2703 | Epoch: 4070
    Eq theta: 1.00000omega
    Eq omega: -0.005221 + -0.00050theta + 0.00176omega + 0.00228theta^2 + 0.02595theta omega + 0.00032omega^2

--- Chunk 99327 (108/220) | Start: 2025-08-05 02:10:00 ---
    RMSE omega: nan | RMSE theta: nan | Loss: 46818.5938 | Epoch: 16
    Eq theta: 1.00000omega
    Eq omega: nan1 + nantheta + nanomega + nantheta^2 + nantheta omega + nanomega^2

--- Chunk 99328 (109/220) | Start: 2025-08-05 02:15:00 ---
    RMSE omega: 0.005159 | RMSE theta: 0.073484 | Loss: -1.9258 | Epoch: 1435
    Eq theta: 1.00000omega
    Eq omega: -0.223241 + -0.25480theta + -0.01730omega + -0.06807theta^2 + 0.00094theta omega + 0.00184omega^2

--- Chunk 99329 (110/220) | Start: 2025-08-05 02:20:00 ---
    RMSE omega: nan | RMSE theta: nan | Loss: -34782183677153798950589246210048.0000 | Epoch: 1811
    Eq theta: 1.00000omega
    Eq omega: nan1 + nantheta + nanomega + nantheta^2 + nantheta omega + nanomega^2

--- Chunk 99330 (111/220) | Start: 2025-08-05 02:25:00 ---
    RMSE omega: 0.005166 | RMSE theta: 0.093530 | Loss: -0.6947 | Epoch: 1627
    Eq theta: 1.00000omega
    Eq omega: 0.001871 + 0.00067theta + 0.01176omega + 0.00046theta^2 + -0.00242theta omega + -0.00370omega^2

--- Chunk 99331 (112/220) | Start: 2025-08-05 02:30:00 ---
    RMSE omega: 0.003721 | RMSE theta: 0.076804 | Loss: -0.7170 | Epoch: 2295
    Eq theta: 1.00000omega
    Eq omega: -0.004991 + 0.00033theta + -0.00340omega + -0.00010theta^2 + 0.00060theta omega + -0.00126omega^2

--- Chunk 99332 (113/220) | Start: 2025-08-05 02:35:00 ---
    RMSE omega: 0.031589 | RMSE theta: 0.381203 | Loss: -4168992.0000 | Epoch: 678
    Eq theta: 1.00000omega
    Eq omega: -0.000501 + 0.00103theta + 0.00066omega + -0.00069theta^2 + 0.00085theta omega + 0.00099omega^2

--- Chunk 99333 (114/220) | Start: 2025-08-05 02:40:00 ---
    RMSE omega: 0.004176 | RMSE theta: 0.046101 | Loss: -1.6180 | Epoch: 1703
    Eq theta: 1.00000omega
    Eq omega: 0.006231 + -0.82443theta + -0.01805omega + 0.00937theta^2 + -0.34491theta omega + 0.01599omega^2

--- Chunk 99334 (115/220) | Start: 2025-08-05 02:45:00 ---
    RMSE omega: nan | RMSE theta: nan | Loss: 92.8011 | Epoch: 45
    Eq theta: 1.00000omega
    Eq omega: nan1 + nantheta + nanomega + nantheta^2 + nantheta omega + nanomega^2

--- Chunk 99335 (116/220) | Start: 2025-08-05 02:50:00 ---
    RMSE omega: nan | RMSE theta: nan | Loss: 5285.9180 | Epoch: 37
    Eq theta: 1.00000omega
    Eq omega: nan1 + nantheta + nanomega + nantheta^2 + nantheta omega + nanomega^2

--- Chunk 99336 (117/220) | Start: 2025-08-05 02:55:00 ---
    RMSE omega: 0.016592 | RMSE theta: 0.501951 | Loss: 254.3022 | Epoch: 427
    Eq theta: 1.00000omega
    Eq omega: 0.045571 + -0.00003theta + 0.01508omega + -0.00165theta^2 + -0.00010theta omega + 0.00209omega^2

--- Chunk 99337 (118/220) | Start: 2025-08-05 03:00:00 ---
    RMSE omega: 0.034233 | RMSE theta: 0.353069 | Loss: 167.6055 | Epoch: 83
    Eq theta: 1.00000omega
    Eq omega: -0.001291 + -0.03047theta + 0.00259omega + 0.00039theta^2 + 0.00549theta omega + -0.00183omega^2

--- Chunk 99338 (119/220) | Start: 2025-08-05 03:05:00 ---
    RMSE omega: 0.288933 | RMSE theta: 9.290742 | Loss: -5202923107496493056.0000 | Epoch: 742
    Eq theta: 1.00000omega
    Eq omega: -2.153141 + -0.71954theta + 0.52830omega + 0.00031theta^2 + 0.00180theta omega + 0.00153omega^2

--- Chunk 99339 (120/220) | Start: 2025-08-05 03:10:00 ---
    RMSE omega: 0.004609 | RMSE theta: 0.119502 | Loss: -2.8306 | Epoch: 2082
    Eq theta: 1.00000omega
    Eq omega: 0.006621 + -0.00430theta + 0.00431omega + -0.00077theta^2 + 0.24706theta omega + 0.00865omega^2

--- Chunk 99340 (121/220) | Start: 2025-08-05 03:15:00 ---
    RMSE omega: 0.004419 | RMSE theta: 0.161797 | Loss: -0.2590 | Epoch: 3258
    Eq theta: 1.00000omega
    Eq omega: 0.001401 + -0.00025theta + -0.00077omega + -0.00001theta^2 + 0.00032theta omega + 0.00166omega^2

--- Chunk 99341 (122/220) | Start: 2025-08-05 03:20:00 ---
    RMSE omega: 0.015149 | RMSE theta: 0.537780 | Loss: 125.2374 | Epoch: 431
    Eq theta: 1.00000omega
    Eq omega: 0.020991 + -0.00778theta + 0.00683omega + 0.00008theta^2 + -0.00035theta omega + 0.00066omega^2

--- Chunk 99342 (123/220) | Start: 2025-08-05 03:25:00 ---
    RMSE omega: 0.006000 | RMSE theta: 0.191104 | Loss: 5.7031 | Epoch: 3189
    Eq theta: 1.00000omega
    Eq omega: -0.010131 + 0.00069theta + -0.00101omega + -0.00013theta^2 + -0.00007theta omega + -0.00021omega^2

--- Chunk 99343 (124/220) | Start: 2025-08-05 03:30:00 ---
    RMSE omega: 0.004244 | RMSE theta: 0.095338 | Loss: -1.8441 | Epoch: 1859
    Eq theta: 1.00000omega
    Eq omega: -0.005071 + -0.00524theta + 0.00285omega + 0.00027theta^2 + -0.00044theta omega + -0.00235omega^2

--- Chunk 99344 (125/220) | Start: 2025-08-05 03:35:00 ---
    RMSE omega: nan | RMSE theta: nan | Loss: 56.9840 | Epoch: 77
    Eq theta: 1.00000omega
    Eq omega: nan1 + nantheta + nanomega + nantheta^2 + nantheta omega + nanomega^2

--- Chunk 99345 (126/220) | Start: 2025-08-05 03:40:00 ---
    RMSE omega: 0.004287 | RMSE theta: 0.106703 | Loss: 1.8066 | Epoch: 1721
    Eq theta: 1.00000omega
    Eq omega: 0.001981 + 0.00033theta + -0.00476omega + 0.00044theta^2 + 0.00203theta omega + 0.00187omega^2

--- Chunk 99346 (127/220) | Start: 2025-08-05 03:45:00 ---
    RMSE omega: nan | RMSE theta: nan | Loss: 162.7820 | Epoch: 23
    Eq theta: 1.00000omega
    Eq omega: nan1 + nantheta + nanomega + nantheta^2 + nantheta omega + nanomega^2

--- Chunk 99347 (128/220) | Start: 2025-08-05 03:50:00 ---
    RMSE omega: 0.005337 | RMSE theta: 0.034571 | Loss: -0.9938 | Epoch: 1185
    Eq theta: 1.00000omega
    Eq omega: 0.002941 + -0.12628theta + -0.00324omega + -0.00081theta^2 + -0.00137theta omega + -0.02379omega^2

--- Chunk 99348 (129/220) | Start: 2025-08-05 03:55:00 ---
    RMSE omega: 0.004344 | RMSE theta: 0.169503 | Loss: -0.3165 | Epoch: 1892
    Eq theta: 1.00000omega
    Eq omega: 0.000601 + -0.00143theta + -0.00332omega + 0.00038theta^2 + 0.00077theta omega + -0.00104omega^2

--- Chunk 99349 (130/220) | Start: 2025-08-05 04:00:00 ---
    RMSE omega: 0.007617 | RMSE theta: 0.535804 | Loss: -82279208.0000 | Epoch: 1835
    Eq theta: 1.00000omega
    Eq omega: 0.003361 + -0.00013theta + 0.00002omega + 0.00049theta^2 + 0.00028theta omega + -0.00070omega^2

--- Chunk 99350 (131/220) | Start: 2025-08-05 04:05:00 ---
    RMSE omega: nan | RMSE theta: nan | Loss: 41.2065 | Epoch: 37
    Eq theta: 1.00000omega
    Eq omega: nan1 + nantheta + nanomega + nantheta^2 + nantheta omega + nanomega^2

--- Chunk 99351 (132/220) | Start: 2025-08-05 04:10:00 ---
    RMSE omega: 0.004494 | RMSE theta: 0.092639 | Loss: -1.6283 | Epoch: 1262
    Eq theta: 1.00000omega
    Eq omega: -0.000781 + 0.00097theta + 0.01493omega + -0.00035theta^2 + 0.00234theta omega + 0.00376omega^2

--- Chunk 99352 (133/220) | Start: 2025-08-05 04:15:00 ---
    RMSE omega: 0.034711 | RMSE theta: 1.122976 | Loss: -59938.8125 | Epoch: 1316
    Eq theta: 1.00000omega
    Eq omega: -0.000331 + -0.00420theta + 0.00261omega + -0.00005theta^2 + -0.00068theta omega + -0.00127omega^2

--- Chunk 99353 (134/220) | Start: 2025-08-05 04:20:00 ---
    RMSE omega: 0.022243 | RMSE theta: 0.284121 | Loss: -2165.1951 | Epoch: 395
    Eq theta: 1.00000omega
    Eq omega: -0.011941 + -0.19953theta + 0.00646omega + 0.04695theta^2 + -0.01346theta omega + -0.02459omega^2

--- Chunk 99354 (135/220) | Start: 2025-08-05 04:25:00 ---
    RMSE omega: 0.024306 | RMSE theta: 0.534178 | Loss: 43.2911 | Epoch: 57
    Eq theta: 1.00000omega
    Eq omega: -0.037851 + -0.01219theta + 0.00947omega + -0.00043theta^2 + 0.00071theta omega + -0.00587omega^2

--- Chunk 99355 (136/220) | Start: 2025-08-05 04:30:00 ---
    RMSE omega: nan | RMSE theta: nan | Loss: 1784.6005 | Epoch: 31
    Eq theta: 1.00000omega
    Eq omega: nan1 + nantheta + nanomega + nantheta^2 + nantheta omega + nanomega^2

--- Chunk 99356 (137/220) | Start: 2025-08-05 04:35:00 ---
    RMSE omega: nan | RMSE theta: nan | Loss: 155.0061 | Epoch: 53
    Eq theta: 1.00000omega
    Eq omega: nan1 + nantheta + nanomega + nantheta^2 + nantheta omega + nanomega^2

--- Chunk 99357 (138/220) | Start: 2025-08-05 04:40:00 ---
    RMSE omega: nan | RMSE theta: nan | Loss: 63.6279 | Epoch: 61
    Eq theta: 1.00000omega
    Eq omega: nan1 + nantheta + nanomega + nantheta^2 + nantheta omega + nanomega^2

--- Chunk 99358 (139/220) | Start: 2025-08-05 04:45:00 ---
    RMSE omega: 0.036402 | RMSE theta: 0.137979 | Loss: -71395866633879506911232.0000 | Epoch: 2634
    Eq theta: 1.00000omega
    Eq omega: -0.004221 + -0.00009theta + 0.00436omega + -0.00004theta^2 + -0.00018theta omega + -0.00101omega^2

--- Chunk 99359 (140/220) | Start: 2025-08-05 04:50:00 ---
    RMSE omega: 0.018444 | RMSE theta: 0.708186 | Loss: -1606189.6250 | Epoch: 1737
    Eq theta: 1.00000omega
    Eq omega: -0.000381 + 0.00008theta + -0.00034omega + 0.00003theta^2 + 0.00005theta omega + -0.00002omega^2

--- Chunk 99360 (141/220) | Start: 2025-08-05 04:55:00 ---
    RMSE omega: 0.011234 | RMSE theta: 0.493931 | Loss: -11160051886136366571978752.0000 | Epoch: 2324
    Eq theta: 1.00000omega
    Eq omega: -0.002601 + -0.11121theta + 0.00501omega + 0.00080theta^2 + -0.00034theta omega + 0.00532omega^2

--- Chunk 99361 (142/220) | Start: 2025-08-05 05:00:00 ---
    RMSE omega: nan | RMSE theta: nan | Loss: 4979.0806 | Epoch: 17
    Eq theta: 1.00000omega
    Eq omega: nan1 + nantheta + nanomega + nantheta^2 + nantheta omega + nanomega^2

--- Chunk 99362 (143/220) | Start: 2025-08-05 05:05:00 ---
    RMSE omega: nan | RMSE theta: nan | Loss: 174.7101 | Epoch: 40
    Eq theta: 1.00000omega
    Eq omega: nan1 + nantheta + nanomega + nantheta^2 + nantheta omega + nanomega^2

--- Chunk 99363 (144/220) | Start: 2025-08-05 05:10:00 ---
    RMSE omega: 0.030126 | RMSE theta: 1.923395 | Loss: 1759.8961 | Epoch: 46
    Eq theta: 1.00000omega
    Eq omega: -0.001051 + 0.00014theta + 0.00098omega + -0.00001theta^2 + -0.00003theta omega + 0.00013omega^2

--- Chunk 99364 (145/220) | Start: 2025-08-05 05:15:00 ---
    RMSE omega: 0.029640 | RMSE theta: 0.290777 | Loss: -454.2304 | Epoch: 386
    Eq theta: 1.00000omega
    Eq omega: -0.001201 + 0.00013theta + 0.00139omega + -0.03161theta^2 + -0.00033theta omega + -0.01582omega^2

--- Chunk 99365 (146/220) | Start: 2025-08-05 05:20:00 ---
    RMSE omega: 0.003932 | RMSE theta: 0.158240 | Loss: -747365269504.0000 | Epoch: 1889
    Eq theta: 1.00000omega
    Eq omega: 0.003321 + -0.00009theta + 0.00208omega + -0.00041theta^2 + 0.00038theta omega + -0.00042omega^2

--- Chunk 99366 (147/220) | Start: 2025-08-05 05:25:00 ---
    RMSE omega: 0.039996 | RMSE theta: 0.696353 | Loss: -567004.6250 | Epoch: 763
    Eq theta: 1.00000omega
    Eq omega: -0.003131 + 0.00017theta + -0.00049omega + 0.00003theta^2 + 0.00017theta omega + -0.00061omega^2

--- Chunk 99367 (148/220) | Start: 2025-08-05 05:30:00 ---
    RMSE omega: 0.004188 | RMSE theta: 0.018475 | Loss: -1.3102 | Epoch: 1254
    Eq theta: 1.00000omega
    Eq omega: 0.001931 + -1.21356theta + 0.00310omega + -0.00770theta^2 + 0.04591theta omega + 0.01914omega^2

--- Chunk 99368 (149/220) | Start: 2025-08-05 05:35:00 ---
    RMSE omega: nan | RMSE theta: nan | Loss: 57.8931 | Epoch: 26
    Eq theta: 1.00000omega
    Eq omega: nan1 + nantheta + nanomega + nantheta^2 + nantheta omega + nanomega^2

--- Chunk 99369 (150/220) | Start: 2025-08-05 05:40:00 ---
    RMSE omega: 0.006761 | RMSE theta: 0.233259 | Loss: -3.1755 | Epoch: 1626
    Eq theta: 1.00000omega
    Eq omega: 0.000161 + -0.00057theta + -0.00091omega + -0.00071theta^2 + -0.00079theta omega + 0.00164omega^2

  [Progress 150/220] Mean RMSE omega: 0.019438 | Mean loss: -13167296149286187198166807347200.0000 | Valid: 111/150 | Elapsed: 64.1min | ETA: 29.9min

--- Chunk 99370 (151/220) | Start: 2025-08-05 05:45:00 ---
    RMSE omega: 0.006310 | RMSE theta: 0.185130 | Loss: -32220992.0000 | Epoch: 2028
    Eq theta: 1.00000omega
    Eq omega: 0.001271 + 0.00043theta + 0.00190omega + -0.00016theta^2 + -0.00010theta omega + 0.00006omega^2

--- Chunk 99371 (152/220) | Start: 2025-08-05 05:50:00 ---
    RMSE omega: 0.004943 | RMSE theta: 0.082799 | Loss: -305.1736 | Epoch: 1258
    Eq theta: 1.00000omega
    Eq omega: 0.001131 + -0.00002theta + -0.00355omega + -0.00085theta^2 + -0.00456theta omega + -0.00226omega^2

--- Chunk 99372 (153/220) | Start: 2025-08-05 05:55:00 ---
    RMSE omega: 0.003872 | RMSE theta: 0.084622 | Loss: -1.5947 | Epoch: 1563
    Eq theta: 1.00000omega
    Eq omega: -0.000231 + 0.00390theta + 0.00105omega + 0.00121theta^2 + -0.00222theta omega + 0.00061omega^2

--- Chunk 99373 (154/220) | Start: 2025-08-05 06:00:00 ---
    RMSE omega: 0.003207 | RMSE theta: 0.024535 | Loss: -7.0807 | Epoch: 2336
    Eq theta: 1.00000omega
    Eq omega: -0.005331 + 0.00050theta + -0.00005omega + 0.00078theta^2 + 0.00031theta omega + 0.00027omega^2

--- Chunk 99374 (155/220) | Start: 2025-08-05 06:05:00 ---
    RMSE omega: nan | RMSE theta: nan | Loss: 26.6048 | Epoch: 82
    Eq theta: 1.00000omega
    Eq omega: nan1 + nantheta + nanomega + nantheta^2 + nantheta omega + nanomega^2

--- Chunk 99375 (156/220) | Start: 2025-08-05 06:10:00 ---
    RMSE omega: 0.013803 | RMSE theta: 0.465844 | Loss: 3.0231 | Epoch: 972
    Eq theta: 1.00000omega
    Eq omega: -0.019081 + -0.04319theta + 0.03558omega + 0.00027theta^2 + 0.00007theta omega + -0.00277omega^2

--- Chunk 99376 (157/220) | Start: 2025-08-05 06:15:00 ---
    RMSE omega: 0.028856 | RMSE theta: 0.679671 | Loss: -1249657.7500 | Epoch: 794
    Eq theta: 1.00000omega
    Eq omega: -0.000011 + -0.00007theta + -0.00134omega + -0.00001theta^2 + -0.00003theta omega + 0.00004omega^2

--- Chunk 99377 (158/220) | Start: 2025-08-05 06:20:00 ---
    RMSE omega: 0.003519 | RMSE theta: 0.078999 | Loss: -0.3532 | Epoch: 2125
    Eq theta: 1.00000omega
    Eq omega: -0.000091 + 0.00324theta + 0.00641omega + -0.00007theta^2 + 0.00087theta omega + 0.00059omega^2

--- Chunk 99378 (159/220) | Start: 2025-08-05 06:25:00 ---
    RMSE omega: 0.005278 | RMSE theta: 0.184455 | Loss: 5.1000 | Epoch: 2146
    Eq theta: 1.00000omega
    Eq omega: 0.004631 + -0.00011theta + -0.00089omega + 0.00004theta^2 + 0.00013theta omega + -0.00016omega^2

--- Chunk 99379 (160/220) | Start: 2025-08-05 06:30:00 ---
    RMSE omega: 0.003204 | RMSE theta: 0.040340 | Loss: -12401.9385 | Epoch: 2669
    Eq theta: 1.00000omega
    Eq omega: 0.013521 + -0.00021theta + 0.00170omega + -0.00002theta^2 + 0.00017theta omega + -0.00007omega^2

--- Chunk 99380 (161/220) | Start: 2025-08-05 06:35:00 ---
    RMSE omega: 0.004663 | RMSE theta: 0.151086 | Loss: -24.0521 | Epoch: 1204
    Eq theta: 1.00000omega
    Eq omega: -0.004181 + -0.11993theta + 0.00069omega + -0.00330theta^2 + -0.01488theta omega + 0.00051omega^2

--- Chunk 99381 (162/220) | Start: 2025-08-05 06:40:00 ---
    RMSE omega: 0.003209 | RMSE theta: 0.037724 | Loss: -1211.3358 | Epoch: 2020
    Eq theta: 1.00000omega
    Eq omega: 0.017381 + -1.14719theta + 0.01881omega + 0.01271theta^2 + -0.00997theta omega + -0.00223omega^2

--- Chunk 99382 (163/220) | Start: 2025-08-05 06:45:00 ---
    RMSE omega: 0.007253 | RMSE theta: 0.331544 | Loss: -2.1829 | Epoch: 1598
    Eq theta: 1.00000omega
    Eq omega: 0.000121 + 0.00011theta + 0.00261omega + 0.00006theta^2 + 0.00006theta omega + -0.00043omega^2

--- Chunk 99383 (164/220) | Start: 2025-08-05 06:50:00 ---
    RMSE omega: nan | RMSE theta: nan | Loss: 53259.2695 | Epoch: 16
    Eq theta: 1.00000omega
    Eq omega: nan1 + nantheta + nanomega + nantheta^2 + nantheta omega + nanomega^2

--- Chunk 99384 (165/220) | Start: 2025-08-05 06:55:00 ---
    RMSE omega: 0.005629 | RMSE theta: 0.034805 | Loss: -1.6609 | Epoch: 1055
    Eq theta: 1.00000omega
    Eq omega: -0.060941 + -0.00177theta + 0.00378omega + -0.00094theta^2 + -0.00257theta omega + 0.00036omega^2

--- Chunk 99385 (166/220) | Start: 2025-08-05 07:00:00 ---
    RMSE omega: nan | RMSE theta: nan | Loss: 27.0108 | Epoch: 90
    Eq theta: 1.00000omega
    Eq omega: nan1 + nantheta + nanomega + nantheta^2 + nantheta omega + nanomega^2

--- Chunk 99386 (167/220) | Start: 2025-08-05 07:05:00 ---
    RMSE omega: 0.007228 | RMSE theta: 0.137508 | Loss: -4.4191 | Epoch: 2373
    Eq theta: 1.00000omega
    Eq omega: 0.002011 + -0.00276theta + -0.00108omega + 0.00048theta^2 + 0.00017theta omega + -0.00005omega^2

--- Chunk 99387 (168/220) | Start: 2025-08-05 07:10:00 ---
    RMSE omega: 0.009566 | RMSE theta: 0.074446 | Loss: 16.3559 | Epoch: 720
    Eq theta: 1.00000omega
    Eq omega: -0.001741 + -0.00004theta + -0.00003omega + -0.00012theta^2 + -0.00007theta omega + 0.00121omega^2

--- Chunk 99388 (169/220) | Start: 2025-08-05 07:15:00 ---
    RMSE omega: 0.004405 | RMSE theta: 0.047348 | Loss: -0.7197 | Epoch: 764
    Eq theta: 1.00000omega
    Eq omega: -0.082811 + -0.55583theta + -0.00281omega + 0.01353theta^2 + 0.00308theta omega + -0.03032omega^2

--- Chunk 99389 (170/220) | Start: 2025-08-05 07:20:00 ---
    RMSE omega: nan | RMSE theta: nan | Loss: 46.1147 | Epoch: 42
    Eq theta: 1.00000omega
    Eq omega: nan1 + nantheta + nanomega + nantheta^2 + nantheta omega + nanomega^2

--- Chunk 99390 (171/220) | Start: 2025-08-05 07:25:00 ---
    RMSE omega: 0.016763 | RMSE theta: 0.581581 | Loss: -97.7836 | Epoch: 2663
    Eq theta: 1.00000omega
    Eq omega: -0.000991 + 0.00006theta + -0.00145omega + 0.00003theta^2 + -0.00013theta omega + -0.00004omega^2

--- Chunk 99391 (172/220) | Start: 2025-08-05 07:30:00 ---
    RMSE omega: nan | RMSE theta: nan | Loss: 336.8101 | Epoch: 61
    Eq theta: 1.00000omega
    Eq omega: nan1 + nantheta + nanomega + nantheta^2 + nantheta omega + nanomega^2

--- Chunk 99392 (173/220) | Start: 2025-08-05 07:35:00 ---
    RMSE omega: 0.006429 | RMSE theta: 0.240693 | Loss: -1.1811 | Epoch: 1963
    Eq theta: 1.00000omega
    Eq omega: -0.002211 + -0.00060theta + -0.00375omega + -0.00008theta^2 + -0.00034theta omega + -0.00219omega^2

--- Chunk 99393 (174/220) | Start: 2025-08-05 07:40:00 ---
    RMSE omega: 0.028666 | RMSE theta: 0.273804 | Loss: 208.4358 | Epoch: 103
    Eq theta: 1.00000omega
    Eq omega: -0.009741 + -0.00542theta + 0.00156omega + -0.00002theta^2 + 0.00148theta omega + -0.00029omega^2

--- Chunk 99394 (175/220) | Start: 2025-08-05 07:45:00 ---
    RMSE omega: 0.007585 | RMSE theta: 0.308351 | Loss: 1.6470 | Epoch: 1271
    Eq theta: 1.00000omega
    Eq omega: 0.005031 + -0.11217theta + 0.00269omega + 0.00045theta^2 + -0.00212theta omega + -0.00319omega^2

--- Chunk 99395 (176/220) | Start: 2025-08-05 07:50:00 ---
    RMSE omega: 0.005146 | RMSE theta: 0.133307 | Loss: -2.2895 | Epoch: 1741
    Eq theta: 1.00000omega
    Eq omega: 0.002341 + -0.00254theta + 0.00239omega + -0.00045theta^2 + 0.00167theta omega + -0.00082omega^2

--- Chunk 99396 (177/220) | Start: 2025-08-05 07:55:00 ---
    RMSE omega: 0.004919 | RMSE theta: 0.119919 | Loss: -1.3008 | Epoch: 2266
    Eq theta: 1.00000omega
    Eq omega: 0.002671 + -0.00042theta + -0.00007omega + 0.00056theta^2 + 0.00081theta omega + -0.00002omega^2

--- Chunk 99397 (178/220) | Start: 2025-08-05 08:00:00 ---
    RMSE omega: 0.020742 | RMSE theta: 1.452588 | Loss: -1130562825810412354666496.0000 | Epoch: 3969
    Eq theta: 1.00000omega
    Eq omega: 0.001871 + -0.00007theta + 0.00279omega + 0.00001theta^2 + 0.00002theta omega + -0.00002omega^2

--- Chunk 99398 (179/220) | Start: 2025-08-05 08:05:00 ---
    RMSE omega: 0.012108 | RMSE theta: 1.331674 | Loss: -17694484480.0000 | Epoch: 3328
    Eq theta: 1.00000omega
    Eq omega: 0.001981 + 0.00059theta + -0.00054omega + -0.00001theta^2 + 0.00005theta omega + 0.00007omega^2

--- Chunk 99399 (180/220) | Start: 2025-08-05 08:10:00 ---
    RMSE omega: 0.004138 | RMSE theta: 0.114870 | Loss: 6.9411 | Epoch: 1689
    Eq theta: 1.00000omega
    Eq omega: -0.003381 + -0.00006theta + -0.00070omega + 0.00001theta^2 + 0.00000theta omega + -0.00042omega^2

--- Chunk 99400 (181/220) | Start: 2025-08-05 08:15:00 ---
    RMSE omega: nan | RMSE theta: nan | Loss: 99.8052 | Epoch: 39
    Eq theta: 1.00000omega
    Eq omega: nan1 + nantheta + nanomega + nantheta^2 + nantheta omega + nanomega^2

--- Chunk 99401 (182/220) | Start: 2025-08-05 08:20:00 ---
    RMSE omega: 0.008505 | RMSE theta: 0.285965 | Loss: -25.2121 | Epoch: 1591
    Eq theta: 1.00000omega
    Eq omega: -0.003381 + -0.00106theta + 0.00162omega + 0.00149theta^2 + 0.00057theta omega + 0.00562omega^2

--- Chunk 99402 (183/220) | Start: 2025-08-05 08:25:00 ---
    RMSE omega: 0.007944 | RMSE theta: 0.071863 | Loss: 9.0752 | Epoch: 1149
    Eq theta: 1.00000omega
    Eq omega: 0.000311 + 0.00001theta + 0.00173omega + 0.00001theta^2 + 0.00002theta omega + -0.00031omega^2

--- Chunk 99403 (184/220) | Start: 2025-08-05 08:30:00 ---
    RMSE omega: nan | RMSE theta: nan | Loss: -1640945.7500 | Epoch: 2416
    Eq theta: 1.00000omega
    Eq omega: nan1 + nantheta + nanomega + nantheta^2 + nantheta omega + nanomega^2

--- Chunk 99404 (185/220) | Start: 2025-08-05 08:35:00 ---
    RMSE omega: 0.004300 | RMSE theta: 0.153250 | Loss: 4.8152 | Epoch: 2612
    Eq theta: 1.00000omega
    Eq omega: -0.001631 + -0.00059theta + -0.00141omega + -0.00010theta^2 + 0.00024theta omega + -0.00008omega^2

--- Chunk 99405 (186/220) | Start: 2025-08-05 08:40:00 ---
    RMSE omega: 0.004112 | RMSE theta: 0.245970 | Loss: -218.9087 | Epoch: 1979
    Eq theta: 1.00000omega
    Eq omega: 0.007021 + -0.00518theta + 0.00257omega + 0.00043theta^2 + -0.00020theta omega + 0.00266omega^2

--- Chunk 99406 (187/220) | Start: 2025-08-05 08:45:00 ---
    RMSE omega: 0.026180 | RMSE theta: 0.626608 | Loss: -9065901064192.0000 | Epoch: 1329
    Eq theta: 1.00000omega
    Eq omega: 0.000121 + -0.00148theta + 0.00126omega + 0.00033theta^2 + -0.00009theta omega + 0.00004omega^2

--- Chunk 99407 (188/220) | Start: 2025-08-05 08:50:00 ---
    RMSE omega: nan | RMSE theta: nan | Loss: 299.1337 | Epoch: 22
    Eq theta: 1.00000omega
    Eq omega: nan1 + nantheta + nanomega + nantheta^2 + nantheta omega + nanomega^2

--- Chunk 99408 (189/220) | Start: 2025-08-05 08:55:00 ---
    RMSE omega: nan | RMSE theta: nan | Loss: 314.9881 | Epoch: 94
    Eq theta: 1.00000omega
    Eq omega: nan1 + nantheta + nanomega + nantheta^2 + nantheta omega + nanomega^2

--- Chunk 99409 (190/220) | Start: 2025-08-05 09:00:00 ---
    RMSE omega: 0.004885 | RMSE theta: 0.283965 | Loss: -55.1626 | Epoch: 2613
    Eq theta: 1.00000omega
    Eq omega: -0.014481 + 0.00026theta + 0.00887omega + 0.00012theta^2 + 0.00005theta omega + 0.00158omega^2

--- Chunk 99410 (191/220) | Start: 2025-08-05 09:05:00 ---
    RMSE omega: 0.028643 | RMSE theta: 0.540334 | Loss: 217.3613 | Epoch: 88
    Eq theta: 1.00000omega
    Eq omega: -0.000131 + -0.00007theta + -0.00143omega + 0.00013theta^2 + -0.00013theta omega + -0.00047omega^2

--- Chunk 99411 (192/220) | Start: 2025-08-05 09:10:00 ---
    RMSE omega: 0.004559 | RMSE theta: 0.095506 | Loss: -5.2592 | Epoch: 2023
    Eq theta: 1.00000omega
    Eq omega: -0.001161 + 0.00001theta + 0.00065omega + -0.00081theta^2 + -0.00050theta omega + 0.00074omega^2

--- Chunk 99412 (193/220) | Start: 2025-08-05 09:15:00 ---
    RMSE omega: 0.003139 | RMSE theta: 0.033131 | Loss: -2.6529 | Epoch: 1534
    Eq theta: 1.00000omega
    Eq omega: 0.039861 + -0.14166theta + -0.23350omega + 0.85537theta^2 + 0.57481theta omega + -0.02786omega^2

--- Chunk 99413 (194/220) | Start: 2025-08-05 09:20:00 ---
    RMSE omega: 0.027802 | RMSE theta: 0.275877 | Loss: 181.1434 | Epoch: 79
    Eq theta: 1.00000omega
    Eq omega: -0.024671 + 0.00041theta + -0.00568omega + -0.00031theta^2 + 0.00014theta omega + -0.00029omega^2

--- Chunk 99414 (195/220) | Start: 2025-08-05 09:25:00 ---
    RMSE omega: 0.020518 | RMSE theta: 0.186973 | Loss: -30422.2773 | Epoch: 629
    Eq theta: 1.00000omega
    Eq omega: -0.000161 + -0.00017theta + 0.00043omega + 0.00002theta^2 + 0.00010theta omega + 0.00014omega^2

--- Chunk 99415 (196/220) | Start: 2025-08-05 09:30:00 ---
    RMSE omega: nan | RMSE theta: nan | Loss: 984.9343 | Epoch: 22
    Eq theta: 1.00000omega
    Eq omega: nan1 + nantheta + nanomega + nantheta^2 + nantheta omega + nanomega^2

--- Chunk 99416 (197/220) | Start: 2025-08-05 09:35:00 ---
    RMSE omega: nan | RMSE theta: nan | Loss: 110.1434 | Epoch: 35
    Eq theta: 1.00000omega
    Eq omega: nan1 + nantheta + nanomega + nantheta^2 + nantheta omega + nanomega^2

--- Chunk 99417 (198/220) | Start: 2025-08-05 09:40:00 ---
    RMSE omega: 0.005282 | RMSE theta: 0.248509 | Loss: 1.3911 | Epoch: 2787
    Eq theta: 1.00000omega
    Eq omega: -0.001941 + 0.00019theta + 0.00137omega + -0.00000theta^2 + -0.00002theta omega + 0.00160omega^2

--- Chunk 99418 (199/220) | Start: 2025-08-05 09:45:00 ---
    RMSE omega: 0.003636 | RMSE theta: 0.119506 | Loss: -0.7467 | Epoch: 1538
    Eq theta: 1.00000omega
    Eq omega: 0.000681 + -0.00130theta + -0.00445omega + -0.00020theta^2 + -0.00016theta omega + -0.00237omega^2

--- Chunk 99419 (200/220) | Start: 2025-08-05 09:50:00 ---
    RMSE omega: 0.003662 | RMSE theta: 0.066492 | Loss: -2.1403 | Epoch: 1637
    Eq theta: 1.00000omega
    Eq omega: 0.001021 + -0.00281theta + 0.00092omega + 0.01738theta^2 + -0.00227theta omega + -0.00543omega^2

  [Progress 200/220] Mean RMSE omega: 0.016881 | Mean loss: -9875472117617454505159169146880.0000 | Valid: 150/200 | Elapsed: 89.3min | ETA: 8.9min

--- Chunk 99420 (201/220) | Start: 2025-08-05 09:55:00 ---
    RMSE omega: 0.003904 | RMSE theta: 0.026835 | Loss: -1.1902 | Epoch: 868
    Eq theta: 1.00000omega
    Eq omega: 0.004971 + -1.48869theta + 0.10708omega + -0.04978theta^2 + 0.17823theta omega + -0.32463omega^2

--- Chunk 99421 (202/220) | Start: 2025-08-05 10:00:00 ---
    RMSE omega: 0.012904 | RMSE theta: 0.248900 | Loss: -12439.2051 | Epoch: 916
    Eq theta: 1.00000omega
    Eq omega: -0.010261 + -0.54512theta + 0.00502omega + 0.09998theta^2 + -0.10347theta omega + 0.00233omega^2

--- Chunk 99422 (203/220) | Start: 2025-08-05 10:05:00 ---
    RMSE omega: 0.003069 | RMSE theta: 0.023019 | Loss: -0.5715 | Epoch: 1069
    Eq theta: 1.00000omega
    Eq omega: -0.001301 + -0.01077theta + -0.00080omega + 0.00702theta^2 + 0.00104theta omega + -0.00303omega^2

--- Chunk 99423 (204/220) | Start: 2025-08-05 10:10:00 ---
    RMSE omega: 0.005892 | RMSE theta: 0.110187 | Loss: -9.4708 | Epoch: 1332
    Eq theta: 1.00000omega
    Eq omega: -0.039041 + -2.41573theta + -0.02284omega + 0.01452theta^2 + 1.32157theta omega + 0.12382omega^2

--- Chunk 99424 (205/220) | Start: 2025-08-05 10:15:00 ---
    RMSE omega: nan | RMSE theta: nan | Loss: -15405543609961095216352976699392.0000 | Epoch: 1268
    Eq theta: 1.00000omega
    Eq omega: nan1 + nantheta + nanomega + nantheta^2 + nantheta omega + nanomega^2

--- Chunk 99425 (206/220) | Start: 2025-08-05 10:20:00 ---
    RMSE omega: 0.003649 | RMSE theta: 0.063960 | Loss: -2.0421 | Epoch: 1574
    Eq theta: 1.00000omega
    Eq omega: -0.005641 + -0.00459theta + 0.00043omega + 0.00314theta^2 + -0.00027theta omega + -0.00045omega^2

--- Chunk 99426 (207/220) | Start: 2025-08-05 10:25:00 ---
    RMSE omega: 0.005817 | RMSE theta: 0.513077 | Loss: -10207924224.0000 | Epoch: 2262
    Eq theta: 1.00000omega
    Eq omega: 0.000451 + -0.00017theta + 0.00051omega + 0.00002theta^2 + 0.00002theta omega + 0.00001omega^2

--- Chunk 99427 (208/220) | Start: 2025-08-05 10:30:00 ---
    RMSE omega: nan | RMSE theta: nan | Loss: 10.5600 | Epoch: 149
    Eq theta: 1.00000omega
    Eq omega: nan1 + nantheta + nanomega + nantheta^2 + nantheta omega + nanomega^2

--- Chunk 99428 (209/220) | Start: 2025-08-05 10:35:00 ---
    RMSE omega: 0.007651 | RMSE theta: 0.216641 | Loss: -803.4619 | Epoch: 1424
    Eq theta: 1.00000omega
    Eq omega: 0.001031 + -0.00105theta + -0.00220omega + 0.00080theta^2 + -0.00147theta omega + -0.00245omega^2

--- Chunk 99429 (210/220) | Start: 2025-08-05 10:40:00 ---
    RMSE omega: 0.003824 | RMSE theta: 0.104221 | Loss: -2.8120 | Epoch: 1616
    Eq theta: 1.00000omega
    Eq omega: 0.006291 + -0.00173theta + -0.00152omega + -0.00078theta^2 + 0.00277theta omega + -0.00060omega^2

--- Chunk 99430 (211/220) | Start: 2025-08-05 10:45:00 ---
    RMSE omega: 0.004055 | RMSE theta: 0.069671 | Loss: 1.0957 | Epoch: 1912
    Eq theta: 1.00000omega
    Eq omega: 0.006241 + 0.00084theta + 0.00183omega + -0.00002theta^2 + 0.00038theta omega + -0.00090omega^2

--- Chunk 99431 (212/220) | Start: 2025-08-05 10:50:00 ---
    RMSE omega: 0.003459 | RMSE theta: 0.018500 | Loss: -1.5024 | Epoch: 1378
    Eq theta: 1.00000omega
    Eq omega: -0.000401 + -0.00542theta + -0.00720omega + -0.00698theta^2 + 0.00023theta omega + 0.00155omega^2

--- Chunk 99432 (213/220) | Start: 2025-08-05 10:55:00 ---
    RMSE omega: 0.009240 | RMSE theta: 0.111482 | Loss: -3549.2100 | Epoch: 584
    Eq theta: 1.00000omega
    Eq omega: -0.002231 + -2.37642theta + -0.01185omega + 2.53538theta^2 + -0.08303theta omega + -0.03963omega^2

--- Chunk 99433 (214/220) | Start: 2025-08-05 11:00:00 ---
    RMSE omega: nan | RMSE theta: nan | Loss: 919.5959 | Epoch: 25
    Eq theta: 1.00000omega
    Eq omega: nan1 + nantheta + nanomega + nantheta^2 + nantheta omega + nanomega^2

--- Chunk 99434 (215/220) | Start: 2025-08-05 11:05:00 ---
    RMSE omega: 0.003522 | RMSE theta: 0.117211 | Loss: -3.4809 | Epoch: 1400
    Eq theta: 1.00000omega
    Eq omega: 0.003561 + 0.00064theta + 0.00310omega + 0.00007theta^2 + -0.00034theta omega + -0.00110omega^2

--- Chunk 99435 (216/220) | Start: 2025-08-05 11:10:00 ---
    RMSE omega: nan | RMSE theta: nan | Loss: 369.2657 | Epoch: 16
    Eq theta: 1.00000omega
    Eq omega: nan1 + nantheta + nanomega + nantheta^2 + nantheta omega + nanomega^2

--- Chunk 99436 (217/220) | Start: 2025-08-05 11:15:00 ---
    RMSE omega: 0.007873 | RMSE theta: 0.047191 | Loss: -75564.0469 | Epoch: 1012
    Eq theta: 1.00000omega
    Eq omega: -0.003811 + -0.13206theta + -0.01205omega + -0.01044theta^2 + -0.01362theta omega + 0.00110omega^2

--- Chunk 99437 (218/220) | Start: 2025-08-05 11:20:00 ---
    RMSE omega: nan | RMSE theta: nan | Loss: 1.5033 | Epoch: 284
    Eq theta: 1.00000omega
    Eq omega: nan1 + nantheta + nanomega + nantheta^2 + nantheta omega + nanomega^2

--- Chunk 99438 (219/220) | Start: 2025-08-05 11:25:00 ---
    RMSE omega: 0.003668 | RMSE theta: 0.023164 | Loss: -0.5023 | Epoch: 1051
    Eq theta: 1.00000omega
    Eq omega: 0.010491 + -6.31607theta + 0.05775omega + -1.64619theta^2 + 0.30631theta omega + 0.02324omega^2

--- Chunk 99439 (220/220) | Start: 2025-08-05 11:30:00 ---
    RMSE omega: 0.003791 | RMSE theta: 0.046347 | Loss: 0.8594 | Epoch: 1096
    Eq theta: 1.00000omega
    Eq omega: -0.000891 + 0.00211theta + -0.00240omega + -0.00022theta^2 + -0.00005theta omega + 0.00053omega^2

  [Progress 220/220] Mean RMSE omega: 0.015846 | Mean loss: -9047727123333872566922679156736.0000 | Valid: 165/220 | Elapsed: 96.8min | ETA: 0.0min

============================================================
EVALUATION COMPLETE — Chunks [99220, 99439]
============================================================
Chunks processed: 220
Chunks succeeded: 165 (75.0%)
Mean RMSE omega:  0.015846 ± 0.036604
Mean RMSE theta:  0.420610 ± 1.205535
Mean RMSE total:  0.297733
Mean Loss:        -9047727123333872566922679156736.0000 ± 130527301564530608872588071403520.0000
Elapsed time:     96.8 minutes

Per-chunk CSV: /pfs/data6/home/ka/ka_iai/ka_bj2362/dsr/svise/results_5min_all_chunks/run_SLURM_3708675/chunks_99220_to_99439_20260320_081819.csv
Summary JSON:  /pfs/data6/home/ka/ka_iai/ka_bj2362/dsr/svise/results_5min_all_chunks/run_SLURM_3708675/summary_99220_to_99439_20260320_081819.json
============================================================

============================= JOB FEEDBACK =============================

NodeName=uc3n003
Job ID: 3710455
Array Job ID: 3708675_451
Cluster: uc3
User/Group: ka_bj2362/ka_iai
State: COMPLETED (exit code 0)
Nodes: 1
Cores per node: 4
CPU Utilized: 01:36:15
CPU Efficiency: 24.73% of 06:29:08 core-walltime
Job Wall-clock time: 01:37:17
Memory Utilized: 3.11 GB
Memory Efficiency: 25.90% of 12.00 GB (12.00 GB/node)
