Array task 207: processing chunks 103500 to 103999
Loading data from /pfs/data6/home/ka/ka_iai/ka_bj2362/dsr/svise/../dataset/South_Korea_2024-08-15_2025-08-31_1s.parquet...
Finding all valid 5-minute chunks in the dataset...
Found 107059 valid 5-minute chunks in total.

============================================================
SINDy ANALYSIS — ALL CHUNKS
============================================================
Sigma: 15, Degree: 2, STLSQ threshold: 1e-10
Total valid chunks in dataset: 107059
Processing chunk range: [103500, 103999] (500 chunks)
============================================================


--- Chunk 103500 (1/500) | Start: 2025-08-19 15:15:00 ---
    RMSE omega (Sim): 0.046184
    Eq omega: 0.004 1 + 0.001 theta + -0.063 omega + 0.009 theta omega + -0.473 omega^2
/pfs/data6/home/ka/ka_iai/ka_bj2362/dsr/.venv_svise/lib64/python3.9/site-packages/pysindy/pysindy.py:901: ODEintWarning: Excess work done on this call (perhaps wrong Dfun type). Run with full_output = 1 to get quantitative information.
  return odeint(rhs, x0, t, tfirst=True, **integrator_kws)
    Forward simulation failed: Simulation blew up
/pfs/data6/home/ka/ka_iai/ka_bj2362/dsr/.venv_svise/lib64/python3.9/site-packages/pysindy/pysindy.py:901: ODEintWarning: Excess work done on this call (perhaps wrong Dfun type). Run with full_output = 1 to get quantitative information.
  return odeint(rhs, x0, t, tfirst=True, **integrator_kws)
    Forward simulation failed: Simulation blew up
/pfs/data6/home/ka/ka_iai/ka_bj2362/dsr/.venv_svise/lib64/python3.9/site-packages/pysindy/pysindy.py:901: ODEintWarning: Excess work done on this call (perhaps wrong Dfun type). Run with full_output = 1 to get quantitative information.
  return odeint(rhs, x0, t, tfirst=True, **integrator_kws)
    Forward simulation failed: Simulation blew up
/pfs/data6/home/ka/ka_iai/ka_bj2362/dsr/.venv_svise/lib64/python3.9/site-packages/pysindy/pysindy.py:901: ODEintWarning: Excess work done on this call (perhaps wrong Dfun type). Run with full_output = 1 to get quantitative information.
  return odeint(rhs, x0, t, tfirst=True, **integrator_kws)
    Forward simulation failed: Simulation blew up
/pfs/data6/home/ka/ka_iai/ka_bj2362/dsr/.venv_svise/lib64/python3.9/site-packages/pysindy/pysindy.py:901: ODEintWarning: Excess work done on this call (perhaps wrong Dfun type). Run with full_output = 1 to get quantitative information.
  return odeint(rhs, x0, t, tfirst=True, **integrator_kws)
    Forward simulation failed: Simulation blew up
/pfs/data6/home/ka/ka_iai/ka_bj2362/dsr/.venv_svise/lib64/python3.9/site-packages/pysindy/pysindy.py:901: ODEintWarning: Excess work done on this call (perhaps wrong Dfun type). Run with full_output = 1 to get quantitative information.
  return odeint(rhs, x0, t, tfirst=True, **integrator_kws)
    Forward simulation failed: Simulation blew up
    Forward simulation failed: Simulation blew up
/pfs/data6/home/ka/ka_iai/ka_bj2362/dsr/.venv_svise/lib64/python3.9/site-packages/pysindy/pysindy.py:901: ODEintWarning: Excess work done on this call (perhaps wrong Dfun type). Run with full_output = 1 to get quantitative information.
  return odeint(rhs, x0, t, tfirst=True, **integrator_kws)
    Forward simulation failed: Simulation blew up
/pfs/data6/home/ka/ka_iai/ka_bj2362/dsr/.venv_svise/lib64/python3.9/site-packages/pysindy/pysindy.py:901: ODEintWarning: Excess work done on this call (perhaps wrong Dfun type). Run with full_output = 1 to get quantitative information.
  return odeint(rhs, x0, t, tfirst=True, **integrator_kws)
    Forward simulation failed: Simulation blew up
/pfs/data6/home/ka/ka_iai/ka_bj2362/dsr/.venv_svise/lib64/python3.9/site-packages/pysindy/pysindy.py:901: ODEintWarning: Excess work done on this call (perhaps wrong Dfun type). Run with full_output = 1 to get quantitative information.
  return odeint(rhs, x0, t, tfirst=True, **integrator_kws)
    Forward simulation failed: Simulation blew up
/pfs/data6/home/ka/ka_iai/ka_bj2362/dsr/.venv_svise/lib64/python3.9/site-packages/pysindy/pysindy.py:901: ODEintWarning: Excess work done on this call (perhaps wrong Dfun type). Run with full_output = 1 to get quantitative information.
  return odeint(rhs, x0, t, tfirst=True, **integrator_kws)
    Forward simulation failed: Simulation blew up
/pfs/data6/home/ka/ka_iai/ka_bj2362/dsr/.venv_svise/lib64/python3.9/site-packages/pysindy/pysindy.py:901: ODEintWarning: Excess work done on this call (perhaps wrong Dfun type). Run with full_output = 1 to get quantitative information.
  return odeint(rhs, x0, t, tfirst=True, **integrator_kws)
    Forward simulation failed: Simulation blew up
/pfs/data6/home/ka/ka_iai/ka_bj2362/dsr/.venv_svise/lib64/python3.9/site-packages/pysindy/pysindy.py:901: ODEintWarning: Excess work done on this call (perhaps wrong Dfun type). Run with full_output = 1 to get quantitative information.
  return odeint(rhs, x0, t, tfirst=True, **integrator_kws)
    Forward simulation failed: Simulation blew up
    Forward simulation failed: Simulation blew up
/pfs/data6/home/ka/ka_iai/ka_bj2362/dsr/.venv_svise/lib64/python3.9/site-packages/pysindy/pysindy.py:901: ODEintWarning: Excess work done on this call (perhaps wrong Dfun type). Run with full_output = 1 to get quantitative information.
  return odeint(rhs, x0, t, tfirst=True, **integrator_kws)
    Forward simulation failed: Simulation blew up
/pfs/data6/home/ka/ka_iai/ka_bj2362/dsr/.venv_svise/lib64/python3.9/site-packages/pysindy/pysindy.py:901: ODEintWarning: Excess work done on this call (perhaps wrong Dfun type). Run with full_output = 1 to get quantitative information.
  return odeint(rhs, x0, t, tfirst=True, **integrator_kws)
    Forward simulation failed: Simulation blew up
/pfs/data6/home/ka/ka_iai/ka_bj2362/dsr/.venv_svise/lib64/python3.9/site-packages/pysindy/pysindy.py:901: ODEintWarning: Excess work done on this call (perhaps wrong Dfun type). Run with full_output = 1 to get quantitative information.
  return odeint(rhs, x0, t, tfirst=True, **integrator_kws)
    Forward simulation failed: Simulation blew up
/pfs/data6/home/ka/ka_iai/ka_bj2362/dsr/.venv_svise/lib64/python3.9/site-packages/pysindy/pysindy.py:901: ODEintWarning: Excess work done on this call (perhaps wrong Dfun type). Run with full_output = 1 to get quantitative information.
  return odeint(rhs, x0, t, tfirst=True, **integrator_kws)
    Forward simulation failed: Simulation blew up
/pfs/data6/home/ka/ka_iai/ka_bj2362/dsr/.venv_svise/lib64/python3.9/site-packages/pysindy/pysindy.py:901: ODEintWarning: Excess work done on this call (perhaps wrong Dfun type). Run with full_output = 1 to get quantitative information.
  return odeint(rhs, x0, t, tfirst=True, **integrator_kws)
    Forward simulation failed: Simulation blew up
/pfs/data6/home/ka/ka_iai/ka_bj2362/dsr/.venv_svise/lib64/python3.9/site-packages/pysindy/pysindy.py:901: ODEintWarning: Excess work done on this call (perhaps wrong Dfun type). Run with full_output = 1 to get quantitative information.
  return odeint(rhs, x0, t, tfirst=True, **integrator_kws)
    Forward simulation failed: Simulation blew up
/pfs/data6/home/ka/ka_iai/ka_bj2362/dsr/.venv_svise/lib64/python3.9/site-packages/pysindy/pysindy.py:901: ODEintWarning: Excess work done on this call (perhaps wrong Dfun type). Run with full_output = 1 to get quantitative information.
  return odeint(rhs, x0, t, tfirst=True, **integrator_kws)
    Forward simulation failed: Simulation blew up
    RMSE omega (Sim): 0.013739
    Eq omega: -0.009 1 + -0.153 omega + 0.004 theta omega + -0.711 omega^2

--- Chunk 103600 (101/500) | Start: 2025-08-19 23:35:00 ---
/pfs/data6/home/ka/ka_iai/ka_bj2362/dsr/.venv_svise/lib64/python3.9/site-packages/pysindy/pysindy.py:901: ODEintWarning: Excess work done on this call (perhaps wrong Dfun type). Run with full_output = 1 to get quantitative information.
  return odeint(rhs, x0, t, tfirst=True, **integrator_kws)
    Forward simulation failed: Simulation blew up
/pfs/data6/home/ka/ka_iai/ka_bj2362/dsr/.venv_svise/lib64/python3.9/site-packages/pysindy/pysindy.py:901: ODEintWarning: Excess work done on this call (perhaps wrong Dfun type). Run with full_output = 1 to get quantitative information.
  return odeint(rhs, x0, t, tfirst=True, **integrator_kws)
    Forward simulation failed: Simulation blew up
/pfs/data6/home/ka/ka_iai/ka_bj2362/dsr/.venv_svise/lib64/python3.9/site-packages/pysindy/pysindy.py:901: ODEintWarning: Excess work done on this call (perhaps wrong Dfun type). Run with full_output = 1 to get quantitative information.
  return odeint(rhs, x0, t, tfirst=True, **integrator_kws)
    Forward simulation failed: Simulation blew up
/pfs/data6/home/ka/ka_iai/ka_bj2362/dsr/.venv_svise/lib64/python3.9/site-packages/pysindy/pysindy.py:901: ODEintWarning: Excess work done on this call (perhaps wrong Dfun type). Run with full_output = 1 to get quantitative information.
  return odeint(rhs, x0, t, tfirst=True, **integrator_kws)
    Forward simulation failed: Simulation blew up
/pfs/data6/home/ka/ka_iai/ka_bj2362/dsr/.venv_svise/lib64/python3.9/site-packages/pysindy/pysindy.py:901: ODEintWarning: Excess work done on this call (perhaps wrong Dfun type). Run with full_output = 1 to get quantitative information.
  return odeint(rhs, x0, t, tfirst=True, **integrator_kws)
    Forward simulation failed: Simulation blew up
/pfs/data6/home/ka/ka_iai/ka_bj2362/dsr/.venv_svise/lib64/python3.9/site-packages/pysindy/pysindy.py:901: ODEintWarning: Excess work done on this call (perhaps wrong Dfun type). Run with full_output = 1 to get quantitative information.
  return odeint(rhs, x0, t, tfirst=True, **integrator_kws)
    Forward simulation failed: Simulation blew up
/pfs/data6/home/ka/ka_iai/ka_bj2362/dsr/.venv_svise/lib64/python3.9/site-packages/pysindy/pysindy.py:901: ODEintWarning: Excess work done on this call (perhaps wrong Dfun type). Run with full_output = 1 to get quantitative information.
  return odeint(rhs, x0, t, tfirst=True, **integrator_kws)
    Forward simulation failed: Simulation blew up
/pfs/data6/home/ka/ka_iai/ka_bj2362/dsr/.venv_svise/lib64/python3.9/site-packages/pysindy/pysindy.py:901: ODEintWarning: Excess work done on this call (perhaps wrong Dfun type). Run with full_output = 1 to get quantitative information.
  return odeint(rhs, x0, t, tfirst=True, **integrator_kws)
    Forward simulation failed: Simulation blew up
/pfs/data6/home/ka/ka_iai/ka_bj2362/dsr/.venv_svise/lib64/python3.9/site-packages/pysindy/pysindy.py:901: ODEintWarning: Excess work done on this call (perhaps wrong Dfun type). Run with full_output = 1 to get quantitative information.
  return odeint(rhs, x0, t, tfirst=True, **integrator_kws)
    Forward simulation failed: Simulation blew up
/pfs/data6/home/ka/ka_iai/ka_bj2362/dsr/.venv_svise/lib64/python3.9/site-packages/pysindy/pysindy.py:901: ODEintWarning: Excess work done on this call (perhaps wrong Dfun type). Run with full_output = 1 to get quantitative information.
  return odeint(rhs, x0, t, tfirst=True, **integrator_kws)
    Forward simulation failed: Simulation blew up
/pfs/data6/home/ka/ka_iai/ka_bj2362/dsr/.venv_svise/lib64/python3.9/site-packages/pysindy/pysindy.py:901: ODEintWarning: Excess work done on this call (perhaps wrong Dfun type). Run with full_output = 1 to get quantitative information.
  return odeint(rhs, x0, t, tfirst=True, **integrator_kws)
    Forward simulation failed: Simulation blew up
/pfs/data6/home/ka/ka_iai/ka_bj2362/dsr/.venv_svise/lib64/python3.9/site-packages/pysindy/pysindy.py:901: ODEintWarning: Excess work done on this call (perhaps wrong Dfun type). Run with full_output = 1 to get quantitative information.
  return odeint(rhs, x0, t, tfirst=True, **integrator_kws)
    Forward simulation failed: Simulation blew up
/pfs/data6/home/ka/ka_iai/ka_bj2362/dsr/.venv_svise/lib64/python3.9/site-packages/pysindy/pysindy.py:901: ODEintWarning: Excess work done on this call (perhaps wrong Dfun type). Run with full_output = 1 to get quantitative information.
  return odeint(rhs, x0, t, tfirst=True, **integrator_kws)
    Forward simulation failed: Simulation blew up
/pfs/data6/home/ka/ka_iai/ka_bj2362/dsr/.venv_svise/lib64/python3.9/site-packages/pysindy/pysindy.py:901: ODEintWarning: Excess work done on this call (perhaps wrong Dfun type). Run with full_output = 1 to get quantitative information.
  return odeint(rhs, x0, t, tfirst=True, **integrator_kws)
    Forward simulation failed: Simulation blew up
/pfs/data6/home/ka/ka_iai/ka_bj2362/dsr/.venv_svise/lib64/python3.9/site-packages/pysindy/pysindy.py:901: ODEintWarning: Excess work done on this call (perhaps wrong Dfun type). Run with full_output = 1 to get quantitative information.
  return odeint(rhs, x0, t, tfirst=True, **integrator_kws)
    Forward simulation failed: Simulation blew up
/pfs/data6/home/ka/ka_iai/ka_bj2362/dsr/.venv_svise/lib64/python3.9/site-packages/pysindy/pysindy.py:901: ODEintWarning: Excess work done on this call (perhaps wrong Dfun type). Run with full_output = 1 to get quantitative information.
  return odeint(rhs, x0, t, tfirst=True, **integrator_kws)
    Forward simulation failed: Simulation blew up
/pfs/data6/home/ka/ka_iai/ka_bj2362/dsr/.venv_svise/lib64/python3.9/site-packages/pysindy/pysindy.py:901: ODEintWarning: Excess work done on this call (perhaps wrong Dfun type). Run with full_output = 1 to get quantitative information.
  return odeint(rhs, x0, t, tfirst=True, **integrator_kws)
    Forward simulation failed: Simulation blew up
    RMSE omega (Sim): 0.070385
    Eq omega: 0.022 omega + -0.001 theta omega + -0.055 omega^2

--- Chunk 103700 (201/500) | Start: 2025-08-20 08:00:00 ---
    Forward simulation failed: Simulation blew up
/pfs/data6/home/ka/ka_iai/ka_bj2362/dsr/.venv_svise/lib64/python3.9/site-packages/pysindy/pysindy.py:901: ODEintWarning: Excess work done on this call (perhaps wrong Dfun type). Run with full_output = 1 to get quantitative information.
  return odeint(rhs, x0, t, tfirst=True, **integrator_kws)
    Forward simulation failed: Simulation blew up
/pfs/data6/home/ka/ka_iai/ka_bj2362/dsr/.venv_svise/lib64/python3.9/site-packages/pysindy/pysindy.py:901: ODEintWarning: Excess work done on this call (perhaps wrong Dfun type). Run with full_output = 1 to get quantitative information.
  return odeint(rhs, x0, t, tfirst=True, **integrator_kws)
    Forward simulation failed: Simulation blew up
/pfs/data6/home/ka/ka_iai/ka_bj2362/dsr/.venv_svise/lib64/python3.9/site-packages/pysindy/pysindy.py:901: ODEintWarning: Excess work done on this call (perhaps wrong Dfun type). Run with full_output = 1 to get quantitative information.
  return odeint(rhs, x0, t, tfirst=True, **integrator_kws)
    Forward simulation failed: Simulation blew up
/pfs/data6/home/ka/ka_iai/ka_bj2362/dsr/.venv_svise/lib64/python3.9/site-packages/pysindy/pysindy.py:901: ODEintWarning: Excess work done on this call (perhaps wrong Dfun type). Run with full_output = 1 to get quantitative information.
  return odeint(rhs, x0, t, tfirst=True, **integrator_kws)
    Forward simulation failed: Simulation blew up
/pfs/data6/home/ka/ka_iai/ka_bj2362/dsr/.venv_svise/lib64/python3.9/site-packages/pysindy/pysindy.py:901: ODEintWarning: Excess work done on this call (perhaps wrong Dfun type). Run with full_output = 1 to get quantitative information.
  return odeint(rhs, x0, t, tfirst=True, **integrator_kws)
    Forward simulation failed: Simulation blew up
/pfs/data6/home/ka/ka_iai/ka_bj2362/dsr/.venv_svise/lib64/python3.9/site-packages/pysindy/pysindy.py:901: ODEintWarning: Excess work done on this call (perhaps wrong Dfun type). Run with full_output = 1 to get quantitative information.
  return odeint(rhs, x0, t, tfirst=True, **integrator_kws)
    Forward simulation failed: Simulation blew up
/pfs/data6/home/ka/ka_iai/ka_bj2362/dsr/.venv_svise/lib64/python3.9/site-packages/pysindy/pysindy.py:901: ODEintWarning: Excess work done on this call (perhaps wrong Dfun type). Run with full_output = 1 to get quantitative information.
  return odeint(rhs, x0, t, tfirst=True, **integrator_kws)
    Forward simulation failed: Simulation blew up
/pfs/data6/home/ka/ka_iai/ka_bj2362/dsr/.venv_svise/lib64/python3.9/site-packages/pysindy/pysindy.py:901: ODEintWarning: Excess work done on this call (perhaps wrong Dfun type). Run with full_output = 1 to get quantitative information.
  return odeint(rhs, x0, t, tfirst=True, **integrator_kws)
    Forward simulation failed: Simulation blew up
/pfs/data6/home/ka/ka_iai/ka_bj2362/dsr/.venv_svise/lib64/python3.9/site-packages/pysindy/pysindy.py:901: ODEintWarning: Excess work done on this call (perhaps wrong Dfun type). Run with full_output = 1 to get quantitative information.
  return odeint(rhs, x0, t, tfirst=True, **integrator_kws)
    Forward simulation failed: Simulation blew up
/pfs/data6/home/ka/ka_iai/ka_bj2362/dsr/.venv_svise/lib64/python3.9/site-packages/pysindy/pysindy.py:901: ODEintWarning: Excess work done on this call (perhaps wrong Dfun type). Run with full_output = 1 to get quantitative information.
  return odeint(rhs, x0, t, tfirst=True, **integrator_kws)
    Forward simulation failed: Simulation blew up
/pfs/data6/home/ka/ka_iai/ka_bj2362/dsr/.venv_svise/lib64/python3.9/site-packages/pysindy/pysindy.py:901: ODEintWarning: Excess work done on this call (perhaps wrong Dfun type). Run with full_output = 1 to get quantitative information.
  return odeint(rhs, x0, t, tfirst=True, **integrator_kws)
    Forward simulation failed: Simulation blew up
    Forward simulation failed: Simulation blew up
/pfs/data6/home/ka/ka_iai/ka_bj2362/dsr/.venv_svise/lib64/python3.9/site-packages/pysindy/pysindy.py:901: ODEintWarning: Excess work done on this call (perhaps wrong Dfun type). Run with full_output = 1 to get quantitative information.
  return odeint(rhs, x0, t, tfirst=True, **integrator_kws)
    Forward simulation failed: Simulation blew up
    Forward simulation failed: Simulation blew up
/pfs/data6/home/ka/ka_iai/ka_bj2362/dsr/.venv_svise/lib64/python3.9/site-packages/pysindy/pysindy.py:901: ODEintWarning: Excess work done on this call (perhaps wrong Dfun type). Run with full_output = 1 to get quantitative information.
  return odeint(rhs, x0, t, tfirst=True, **integrator_kws)
    Forward simulation failed: Simulation blew up
/pfs/data6/home/ka/ka_iai/ka_bj2362/dsr/.venv_svise/lib64/python3.9/site-packages/pysindy/pysindy.py:901: ODEintWarning: Excess work done on this call (perhaps wrong Dfun type). Run with full_output = 1 to get quantitative information.
  return odeint(rhs, x0, t, tfirst=True, **integrator_kws)
    Forward simulation failed: Simulation blew up
/pfs/data6/home/ka/ka_iai/ka_bj2362/dsr/.venv_svise/lib64/python3.9/site-packages/pysindy/pysindy.py:901: ODEintWarning: Excess work done on this call (perhaps wrong Dfun type). Run with full_output = 1 to get quantitative information.
  return odeint(rhs, x0, t, tfirst=True, **integrator_kws)
    Forward simulation failed: Simulation blew up
/pfs/data6/home/ka/ka_iai/ka_bj2362/dsr/.venv_svise/lib64/python3.9/site-packages/pysindy/pysindy.py:901: ODEintWarning: Excess work done on this call (perhaps wrong Dfun type). Run with full_output = 1 to get quantitative information.
  return odeint(rhs, x0, t, tfirst=True, **integrator_kws)
    Forward simulation failed: Simulation blew up
/pfs/data6/home/ka/ka_iai/ka_bj2362/dsr/.venv_svise/lib64/python3.9/site-packages/pysindy/pysindy.py:901: ODEintWarning: Excess work done on this call (perhaps wrong Dfun type). Run with full_output = 1 to get quantitative information.
  return odeint(rhs, x0, t, tfirst=True, **integrator_kws)
    Forward simulation failed: Simulation blew up
/pfs/data6/home/ka/ka_iai/ka_bj2362/dsr/.venv_svise/lib64/python3.9/site-packages/pysindy/pysindy.py:901: ODEintWarning: Excess work done on this call (perhaps wrong Dfun type). Run with full_output = 1 to get quantitative information.
  return odeint(rhs, x0, t, tfirst=True, **integrator_kws)
    Forward simulation failed: Simulation blew up
/pfs/data6/home/ka/ka_iai/ka_bj2362/dsr/.venv_svise/lib64/python3.9/site-packages/pysindy/pysindy.py:901: ODEintWarning: Excess work done on this call (perhaps wrong Dfun type). Run with full_output = 1 to get quantitative information.
  return odeint(rhs, x0, t, tfirst=True, **integrator_kws)
    Forward simulation failed: Simulation blew up
    Forward simulation failed: Simulation blew up
    RMSE omega (Sim): 0.039167
    Eq omega: -0.004 1 + 0.027 omega + 0.003 theta omega + 0.300 omega^2

--- Chunk 103800 (301/500) | Start: 2025-08-20 16:20:00 ---
/pfs/data6/home/ka/ka_iai/ka_bj2362/dsr/.venv_svise/lib64/python3.9/site-packages/pysindy/pysindy.py:901: ODEintWarning: Excess work done on this call (perhaps wrong Dfun type). Run with full_output = 1 to get quantitative information.
  return odeint(rhs, x0, t, tfirst=True, **integrator_kws)
    Forward simulation failed: Simulation blew up
/pfs/data6/home/ka/ka_iai/ka_bj2362/dsr/.venv_svise/lib64/python3.9/site-packages/pysindy/pysindy.py:901: ODEintWarning: Excess work done on this call (perhaps wrong Dfun type). Run with full_output = 1 to get quantitative information.
  return odeint(rhs, x0, t, tfirst=True, **integrator_kws)
    Forward simulation failed: Simulation blew up
/pfs/data6/home/ka/ka_iai/ka_bj2362/dsr/.venv_svise/lib64/python3.9/site-packages/pysindy/pysindy.py:901: ODEintWarning: Excess work done on this call (perhaps wrong Dfun type). Run with full_output = 1 to get quantitative information.
  return odeint(rhs, x0, t, tfirst=True, **integrator_kws)
    Forward simulation failed: Simulation blew up
    Forward simulation failed: Simulation blew up
/pfs/data6/home/ka/ka_iai/ka_bj2362/dsr/.venv_svise/lib64/python3.9/site-packages/pysindy/pysindy.py:901: ODEintWarning: Excess work done on this call (perhaps wrong Dfun type). Run with full_output = 1 to get quantitative information.
  return odeint(rhs, x0, t, tfirst=True, **integrator_kws)
    Forward simulation failed: Simulation blew up
/pfs/data6/home/ka/ka_iai/ka_bj2362/dsr/.venv_svise/lib64/python3.9/site-packages/pysindy/pysindy.py:901: ODEintWarning: Excess work done on this call (perhaps wrong Dfun type). Run with full_output = 1 to get quantitative information.
  return odeint(rhs, x0, t, tfirst=True, **integrator_kws)
    Forward simulation failed: Simulation blew up
/pfs/data6/home/ka/ka_iai/ka_bj2362/dsr/.venv_svise/lib64/python3.9/site-packages/pysindy/pysindy.py:901: ODEintWarning: Excess work done on this call (perhaps wrong Dfun type). Run with full_output = 1 to get quantitative information.
  return odeint(rhs, x0, t, tfirst=True, **integrator_kws)
    Forward simulation failed: Simulation blew up
/pfs/data6/home/ka/ka_iai/ka_bj2362/dsr/.venv_svise/lib64/python3.9/site-packages/pysindy/pysindy.py:901: ODEintWarning: Excess work done on this call (perhaps wrong Dfun type). Run with full_output = 1 to get quantitative information.
  return odeint(rhs, x0, t, tfirst=True, **integrator_kws)
    Forward simulation failed: Simulation blew up
/pfs/data6/home/ka/ka_iai/ka_bj2362/dsr/.venv_svise/lib64/python3.9/site-packages/pysindy/pysindy.py:901: ODEintWarning: Excess work done on this call (perhaps wrong Dfun type). Run with full_output = 1 to get quantitative information.
  return odeint(rhs, x0, t, tfirst=True, **integrator_kws)
    Forward simulation failed: Simulation blew up
/pfs/data6/home/ka/ka_iai/ka_bj2362/dsr/.venv_svise/lib64/python3.9/site-packages/pysindy/pysindy.py:901: ODEintWarning: Excess work done on this call (perhaps wrong Dfun type). Run with full_output = 1 to get quantitative information.
  return odeint(rhs, x0, t, tfirst=True, **integrator_kws)
    Forward simulation failed: Simulation blew up
/pfs/data6/home/ka/ka_iai/ka_bj2362/dsr/.venv_svise/lib64/python3.9/site-packages/pysindy/pysindy.py:901: ODEintWarning: Excess work done on this call (perhaps wrong Dfun type). Run with full_output = 1 to get quantitative information.
  return odeint(rhs, x0, t, tfirst=True, **integrator_kws)
    Forward simulation failed: Simulation blew up
/pfs/data6/home/ka/ka_iai/ka_bj2362/dsr/.venv_svise/lib64/python3.9/site-packages/pysindy/pysindy.py:901: ODEintWarning: Excess work done on this call (perhaps wrong Dfun type). Run with full_output = 1 to get quantitative information.
  return odeint(rhs, x0, t, tfirst=True, **integrator_kws)
    Forward simulation failed: Simulation blew up
/pfs/data6/home/ka/ka_iai/ka_bj2362/dsr/.venv_svise/lib64/python3.9/site-packages/pysindy/pysindy.py:901: ODEintWarning: Excess work done on this call (perhaps wrong Dfun type). Run with full_output = 1 to get quantitative information.
  return odeint(rhs, x0, t, tfirst=True, **integrator_kws)
    Forward simulation failed: Simulation blew up
/pfs/data6/home/ka/ka_iai/ka_bj2362/dsr/.venv_svise/lib64/python3.9/site-packages/pysindy/pysindy.py:901: ODEintWarning: Excess work done on this call (perhaps wrong Dfun type). Run with full_output = 1 to get quantitative information.
  return odeint(rhs, x0, t, tfirst=True, **integrator_kws)
    Forward simulation failed: Simulation blew up
/pfs/data6/home/ka/ka_iai/ka_bj2362/dsr/.venv_svise/lib64/python3.9/site-packages/pysindy/pysindy.py:901: ODEintWarning: Excess work done on this call (perhaps wrong Dfun type). Run with full_output = 1 to get quantitative information.
  return odeint(rhs, x0, t, tfirst=True, **integrator_kws)
    Forward simulation failed: Simulation blew up
/pfs/data6/home/ka/ka_iai/ka_bj2362/dsr/.venv_svise/lib64/python3.9/site-packages/pysindy/pysindy.py:901: ODEintWarning: Excess work done on this call (perhaps wrong Dfun type). Run with full_output = 1 to get quantitative information.
  return odeint(rhs, x0, t, tfirst=True, **integrator_kws)
    Forward simulation failed: Simulation blew up
/pfs/data6/home/ka/ka_iai/ka_bj2362/dsr/.venv_svise/lib64/python3.9/site-packages/pysindy/pysindy.py:901: ODEintWarning: Excess work done on this call (perhaps wrong Dfun type). Run with full_output = 1 to get quantitative information.
  return odeint(rhs, x0, t, tfirst=True, **integrator_kws)
    Forward simulation failed: Simulation blew up
/pfs/data6/home/ka/ka_iai/ka_bj2362/dsr/.venv_svise/lib64/python3.9/site-packages/pysindy/pysindy.py:901: ODEintWarning: Excess work done on this call (perhaps wrong Dfun type). Run with full_output = 1 to get quantitative information.
  return odeint(rhs, x0, t, tfirst=True, **integrator_kws)
    Forward simulation failed: Simulation blew up
/pfs/data6/home/ka/ka_iai/ka_bj2362/dsr/.venv_svise/lib64/python3.9/site-packages/pysindy/pysindy.py:901: ODEintWarning: Excess work done on this call (perhaps wrong Dfun type). Run with full_output = 1 to get quantitative information.
  return odeint(rhs, x0, t, tfirst=True, **integrator_kws)
    Forward simulation failed: Simulation blew up
/pfs/data6/home/ka/ka_iai/ka_bj2362/dsr/.venv_svise/lib64/python3.9/site-packages/pysindy/pysindy.py:901: ODEintWarning: Excess work done on this call (perhaps wrong Dfun type). Run with full_output = 1 to get quantitative information.
  return odeint(rhs, x0, t, tfirst=True, **integrator_kws)
    Forward simulation failed: Simulation blew up
    Forward simulation failed: Simulation blew up
/pfs/data6/home/ka/ka_iai/ka_bj2362/dsr/.venv_svise/lib64/python3.9/site-packages/pysindy/pysindy.py:901: ODEintWarning: Excess work done on this call (perhaps wrong Dfun type). Run with full_output = 1 to get quantitative information.
  return odeint(rhs, x0, t, tfirst=True, **integrator_kws)
    Forward simulation failed: Simulation blew up
/pfs/data6/home/ka/ka_iai/ka_bj2362/dsr/.venv_svise/lib64/python3.9/site-packages/pysindy/pysindy.py:901: ODEintWarning: Excess work done on this call (perhaps wrong Dfun type). Run with full_output = 1 to get quantitative information.
  return odeint(rhs, x0, t, tfirst=True, **integrator_kws)
    Forward simulation failed: Simulation blew up
/pfs/data6/home/ka/ka_iai/ka_bj2362/dsr/.venv_svise/lib64/python3.9/site-packages/pysindy/pysindy.py:901: ODEintWarning: Excess work done on this call (perhaps wrong Dfun type). Run with full_output = 1 to get quantitative information.
  return odeint(rhs, x0, t, tfirst=True, **integrator_kws)
    Forward simulation failed: Simulation blew up
    RMSE omega (Sim): 0.018360
    Eq omega: -0.002 1 + 0.007 omega + -0.002 theta omega + 0.103 omega^2

--- Chunk 103900 (401/500) | Start: 2025-08-21 00:40:00 ---
    Forward simulation failed: Simulation blew up
/pfs/data6/home/ka/ka_iai/ka_bj2362/dsr/.venv_svise/lib64/python3.9/site-packages/pysindy/pysindy.py:901: ODEintWarning: Excess work done on this call (perhaps wrong Dfun type). Run with full_output = 1 to get quantitative information.
  return odeint(rhs, x0, t, tfirst=True, **integrator_kws)
    Forward simulation failed: Simulation blew up
/pfs/data6/home/ka/ka_iai/ka_bj2362/dsr/.venv_svise/lib64/python3.9/site-packages/pysindy/pysindy.py:901: ODEintWarning: Excess work done on this call (perhaps wrong Dfun type). Run with full_output = 1 to get quantitative information.
  return odeint(rhs, x0, t, tfirst=True, **integrator_kws)
    Forward simulation failed: Simulation blew up
/pfs/data6/home/ka/ka_iai/ka_bj2362/dsr/.venv_svise/lib64/python3.9/site-packages/pysindy/pysindy.py:901: ODEintWarning: Excess work done on this call (perhaps wrong Dfun type). Run with full_output = 1 to get quantitative information.
  return odeint(rhs, x0, t, tfirst=True, **integrator_kws)
    Forward simulation failed: Simulation blew up
/pfs/data6/home/ka/ka_iai/ka_bj2362/dsr/.venv_svise/lib64/python3.9/site-packages/pysindy/pysindy.py:901: ODEintWarning: Excess work done on this call (perhaps wrong Dfun type). Run with full_output = 1 to get quantitative information.
  return odeint(rhs, x0, t, tfirst=True, **integrator_kws)
    Forward simulation failed: Simulation blew up
/pfs/data6/home/ka/ka_iai/ka_bj2362/dsr/.venv_svise/lib64/python3.9/site-packages/pysindy/pysindy.py:901: ODEintWarning: Excess work done on this call (perhaps wrong Dfun type). Run with full_output = 1 to get quantitative information.
  return odeint(rhs, x0, t, tfirst=True, **integrator_kws)
    Forward simulation failed: Simulation blew up
/pfs/data6/home/ka/ka_iai/ka_bj2362/dsr/.venv_svise/lib64/python3.9/site-packages/pysindy/pysindy.py:901: ODEintWarning: Excess work done on this call (perhaps wrong Dfun type). Run with full_output = 1 to get quantitative information.
  return odeint(rhs, x0, t, tfirst=True, **integrator_kws)
    Forward simulation failed: Simulation blew up
/pfs/data6/home/ka/ka_iai/ka_bj2362/dsr/.venv_svise/lib64/python3.9/site-packages/pysindy/pysindy.py:901: ODEintWarning: Excess work done on this call (perhaps wrong Dfun type). Run with full_output = 1 to get quantitative information.
  return odeint(rhs, x0, t, tfirst=True, **integrator_kws)
    Forward simulation failed: Simulation blew up
/pfs/data6/home/ka/ka_iai/ka_bj2362/dsr/.venv_svise/lib64/python3.9/site-packages/pysindy/pysindy.py:901: ODEintWarning: Excess work done on this call (perhaps wrong Dfun type). Run with full_output = 1 to get quantitative information.
  return odeint(rhs, x0, t, tfirst=True, **integrator_kws)
    Forward simulation failed: Simulation blew up
/pfs/data6/home/ka/ka_iai/ka_bj2362/dsr/.venv_svise/lib64/python3.9/site-packages/pysindy/pysindy.py:901: ODEintWarning: Excess work done on this call (perhaps wrong Dfun type). Run with full_output = 1 to get quantitative information.
  return odeint(rhs, x0, t, tfirst=True, **integrator_kws)
    Forward simulation failed: Simulation blew up
/pfs/data6/home/ka/ka_iai/ka_bj2362/dsr/.venv_svise/lib64/python3.9/site-packages/pysindy/pysindy.py:901: ODEintWarning: Excess work done on this call (perhaps wrong Dfun type). Run with full_output = 1 to get quantitative information.
  return odeint(rhs, x0, t, tfirst=True, **integrator_kws)
    Forward simulation failed: Simulation blew up
/pfs/data6/home/ka/ka_iai/ka_bj2362/dsr/.venv_svise/lib64/python3.9/site-packages/pysindy/pysindy.py:901: ODEintWarning: Excess work done on this call (perhaps wrong Dfun type). Run with full_output = 1 to get quantitative information.
  return odeint(rhs, x0, t, tfirst=True, **integrator_kws)
    Forward simulation failed: Simulation blew up
/pfs/data6/home/ka/ka_iai/ka_bj2362/dsr/.venv_svise/lib64/python3.9/site-packages/pysindy/pysindy.py:901: ODEintWarning: Excess work done on this call (perhaps wrong Dfun type). Run with full_output = 1 to get quantitative information.
  return odeint(rhs, x0, t, tfirst=True, **integrator_kws)
    Forward simulation failed: Simulation blew up
/pfs/data6/home/ka/ka_iai/ka_bj2362/dsr/.venv_svise/lib64/python3.9/site-packages/pysindy/pysindy.py:901: ODEintWarning: Excess work done on this call (perhaps wrong Dfun type). Run with full_output = 1 to get quantitative information.
  return odeint(rhs, x0, t, tfirst=True, **integrator_kws)
    Forward simulation failed: Simulation blew up
/pfs/data6/home/ka/ka_iai/ka_bj2362/dsr/.venv_svise/lib64/python3.9/site-packages/pysindy/pysindy.py:901: ODEintWarning: Excess work done on this call (perhaps wrong Dfun type). Run with full_output = 1 to get quantitative information.
  return odeint(rhs, x0, t, tfirst=True, **integrator_kws)
    Forward simulation failed: Simulation blew up
/pfs/data6/home/ka/ka_iai/ka_bj2362/dsr/.venv_svise/lib64/python3.9/site-packages/pysindy/pysindy.py:901: ODEintWarning: Excess work done on this call (perhaps wrong Dfun type). Run with full_output = 1 to get quantitative information.
  return odeint(rhs, x0, t, tfirst=True, **integrator_kws)
    Forward simulation failed: Simulation blew up
/pfs/data6/home/ka/ka_iai/ka_bj2362/dsr/.venv_svise/lib64/python3.9/site-packages/pysindy/pysindy.py:901: ODEintWarning: Excess work done on this call (perhaps wrong Dfun type). Run with full_output = 1 to get quantitative information.
  return odeint(rhs, x0, t, tfirst=True, **integrator_kws)
    Forward simulation failed: Simulation blew up
/pfs/data6/home/ka/ka_iai/ka_bj2362/dsr/.venv_svise/lib64/python3.9/site-packages/pysindy/pysindy.py:901: ODEintWarning: Excess work done on this call (perhaps wrong Dfun type). Run with full_output = 1 to get quantitative information.
  return odeint(rhs, x0, t, tfirst=True, **integrator_kws)
    Forward simulation failed: Simulation blew up
/pfs/data6/home/ka/ka_iai/ka_bj2362/dsr/.venv_svise/lib64/python3.9/site-packages/pysindy/pysindy.py:901: ODEintWarning: Excess work done on this call (perhaps wrong Dfun type). Run with full_output = 1 to get quantitative information.
  return odeint(rhs, x0, t, tfirst=True, **integrator_kws)
    Forward simulation failed: Simulation blew up
/pfs/data6/home/ka/ka_iai/ka_bj2362/dsr/.venv_svise/lib64/python3.9/site-packages/pysindy/pysindy.py:901: ODEintWarning: Excess work done on this call (perhaps wrong Dfun type). Run with full_output = 1 to get quantitative information.
  return odeint(rhs, x0, t, tfirst=True, **integrator_kws)
    Forward simulation failed: Simulation blew up
/pfs/data6/home/ka/ka_iai/ka_bj2362/dsr/.venv_svise/lib64/python3.9/site-packages/pysindy/pysindy.py:901: ODEintWarning: Excess work done on this call (perhaps wrong Dfun type). Run with full_output = 1 to get quantitative information.
  return odeint(rhs, x0, t, tfirst=True, **integrator_kws)
    Forward simulation failed: Simulation blew up
/pfs/data6/home/ka/ka_iai/ka_bj2362/dsr/.venv_svise/lib64/python3.9/site-packages/pysindy/pysindy.py:901: ODEintWarning: Excess work done on this call (perhaps wrong Dfun type). Run with full_output = 1 to get quantitative information.
  return odeint(rhs, x0, t, tfirst=True, **integrator_kws)
    Forward simulation failed: Simulation blew up
/pfs/data6/home/ka/ka_iai/ka_bj2362/dsr/.venv_svise/lib64/python3.9/site-packages/pysindy/pysindy.py:901: ODEintWarning: Excess work done on this call (perhaps wrong Dfun type). Run with full_output = 1 to get quantitative information.
  return odeint(rhs, x0, t, tfirst=True, **integrator_kws)
    Forward simulation failed: Simulation blew up
/pfs/data6/home/ka/ka_iai/ka_bj2362/dsr/.venv_svise/lib64/python3.9/site-packages/pysindy/pysindy.py:901: ODEintWarning: Excess work done on this call (perhaps wrong Dfun type). Run with full_output = 1 to get quantitative information.
  return odeint(rhs, x0, t, tfirst=True, **integrator_kws)
    Forward simulation failed: Simulation blew up
    RMSE omega (Sim): nan
    Eq omega: 0.001 1 + 0.031 omega + -0.010 theta omega + -0.325 omega^2

  [Progress 500/500] Mean Sim RMSE omega: 0.087114 | Valid: 391/500 | Elapsed: 1.4min | ETA: 0.0min

============================================================
SINDy ANALYSIS COMPLETE — Chunks [103500, 103999]
============================================================
Chunks processed: 500
Chunks succeeded Sim: 391 (78.2%)
Mean Sim RMSE omega: 0.087114 ± 0.324191
Median Sim RMSE omega: 0.028665
Elapsed time: 1.4 minutes

CSV: /pfs/data6/home/ka/ka_iai/ka_bj2362/dsr/svise/results_sindy_5min_all_chunks/run_SLURM_3753891_sindy/chunks_103500_to_103999_20260326_064746.csv
Summary: /pfs/data6/home/ka/ka_iai/ka_bj2362/dsr/svise/results_sindy_5min_all_chunks/run_SLURM_3753891_sindy/summary_103500_to_103999_20260326_064746.json
============================================================

============================= JOB FEEDBACK =============================

NodeName=uc3n024
Job ID: 3769791
Array Job ID: 3753891_207
Cluster: uc3
User/Group: ka_bj2362/ka_iai
State: COMPLETED (exit code 0)
Nodes: 1
Cores per node: 4
CPU Utilized: 00:01:23
CPU Efficiency: 20.34% of 00:06:48 core-walltime
Job Wall-clock time: 00:01:42
Memory Utilized: 4.66 GB
Memory Efficiency: 38.84% of 12.00 GB (12.00 GB/node)
