Array task 161: processing chunks 80500 to 80999
Loading data from /pfs/data6/home/ka/ka_iai/ka_bj2362/dsr/svise/../dataset/South_Korea_2024-08-15_2025-08-31_1s.parquet...
Finding all valid 5-minute chunks in the dataset...
Found 107059 valid 5-minute chunks in total.

============================================================
SINDy ANALYSIS — ALL CHUNKS
============================================================
Sigma: 15, Degree: 2, STLSQ threshold: 1e-10
Total valid chunks in dataset: 107059
Processing chunk range: [80500, 80999] (500 chunks)
============================================================


--- Chunk 80500 (1/500) | Start: 2025-05-31 13:30:00 ---
/pfs/data6/home/ka/ka_iai/ka_bj2362/dsr/.venv_svise/lib64/python3.9/site-packages/pysindy/pysindy.py:901: ODEintWarning: Excess work done on this call (perhaps wrong Dfun type). Run with full_output = 1 to get quantitative information.
  return odeint(rhs, x0, t, tfirst=True, **integrator_kws)
    Forward simulation failed: Simulation blew up
    RMSE omega (Sim): nan
    Eq omega: -0.007 1 + 0.062 omega + -0.002 theta omega + -0.082 omega^2
/pfs/data6/home/ka/ka_iai/ka_bj2362/dsr/.venv_svise/lib64/python3.9/site-packages/pysindy/pysindy.py:901: ODEintWarning: Excess work done on this call (perhaps wrong Dfun type). Run with full_output = 1 to get quantitative information.
  return odeint(rhs, x0, t, tfirst=True, **integrator_kws)
    Forward simulation failed: Simulation blew up
/pfs/data6/home/ka/ka_iai/ka_bj2362/dsr/.venv_svise/lib64/python3.9/site-packages/pysindy/pysindy.py:901: ODEintWarning: Excess work done on this call (perhaps wrong Dfun type). Run with full_output = 1 to get quantitative information.
  return odeint(rhs, x0, t, tfirst=True, **integrator_kws)
    Forward simulation failed: Simulation blew up
/pfs/data6/home/ka/ka_iai/ka_bj2362/dsr/.venv_svise/lib64/python3.9/site-packages/pysindy/pysindy.py:901: ODEintWarning: Excess work done on this call (perhaps wrong Dfun type). Run with full_output = 1 to get quantitative information.
  return odeint(rhs, x0, t, tfirst=True, **integrator_kws)
    Forward simulation failed: Simulation blew up
/pfs/data6/home/ka/ka_iai/ka_bj2362/dsr/.venv_svise/lib64/python3.9/site-packages/pysindy/pysindy.py:901: ODEintWarning: Excess work done on this call (perhaps wrong Dfun type). Run with full_output = 1 to get quantitative information.
  return odeint(rhs, x0, t, tfirst=True, **integrator_kws)
    Forward simulation failed: Simulation blew up
/pfs/data6/home/ka/ka_iai/ka_bj2362/dsr/.venv_svise/lib64/python3.9/site-packages/pysindy/pysindy.py:901: ODEintWarning: Excess work done on this call (perhaps wrong Dfun type). Run with full_output = 1 to get quantitative information.
  return odeint(rhs, x0, t, tfirst=True, **integrator_kws)
    Forward simulation failed: Simulation blew up
/pfs/data6/home/ka/ka_iai/ka_bj2362/dsr/.venv_svise/lib64/python3.9/site-packages/pysindy/pysindy.py:901: ODEintWarning: Excess work done on this call (perhaps wrong Dfun type). Run with full_output = 1 to get quantitative information.
  return odeint(rhs, x0, t, tfirst=True, **integrator_kws)
    Forward simulation failed: Simulation blew up
/pfs/data6/home/ka/ka_iai/ka_bj2362/dsr/.venv_svise/lib64/python3.9/site-packages/pysindy/pysindy.py:901: ODEintWarning: Excess work done on this call (perhaps wrong Dfun type). Run with full_output = 1 to get quantitative information.
  return odeint(rhs, x0, t, tfirst=True, **integrator_kws)
    Forward simulation failed: Simulation blew up
/pfs/data6/home/ka/ka_iai/ka_bj2362/dsr/.venv_svise/lib64/python3.9/site-packages/pysindy/pysindy.py:901: ODEintWarning: Excess work done on this call (perhaps wrong Dfun type). Run with full_output = 1 to get quantitative information.
  return odeint(rhs, x0, t, tfirst=True, **integrator_kws)
    Forward simulation failed: Simulation blew up
/pfs/data6/home/ka/ka_iai/ka_bj2362/dsr/.venv_svise/lib64/python3.9/site-packages/pysindy/pysindy.py:901: ODEintWarning: Excess work done on this call (perhaps wrong Dfun type). Run with full_output = 1 to get quantitative information.
  return odeint(rhs, x0, t, tfirst=True, **integrator_kws)
    Forward simulation failed: Simulation blew up
/pfs/data6/home/ka/ka_iai/ka_bj2362/dsr/.venv_svise/lib64/python3.9/site-packages/pysindy/pysindy.py:901: ODEintWarning: Excess work done on this call (perhaps wrong Dfun type). Run with full_output = 1 to get quantitative information.
  return odeint(rhs, x0, t, tfirst=True, **integrator_kws)
    Forward simulation failed: Simulation blew up
/pfs/data6/home/ka/ka_iai/ka_bj2362/dsr/.venv_svise/lib64/python3.9/site-packages/pysindy/pysindy.py:901: ODEintWarning: Excess work done on this call (perhaps wrong Dfun type). Run with full_output = 1 to get quantitative information.
  return odeint(rhs, x0, t, tfirst=True, **integrator_kws)
    Forward simulation failed: Simulation blew up
/pfs/data6/home/ka/ka_iai/ka_bj2362/dsr/.venv_svise/lib64/python3.9/site-packages/pysindy/pysindy.py:901: ODEintWarning: Excess work done on this call (perhaps wrong Dfun type). Run with full_output = 1 to get quantitative information.
  return odeint(rhs, x0, t, tfirst=True, **integrator_kws)
    Forward simulation failed: Simulation blew up
/pfs/data6/home/ka/ka_iai/ka_bj2362/dsr/.venv_svise/lib64/python3.9/site-packages/pysindy/pysindy.py:901: ODEintWarning: Excess work done on this call (perhaps wrong Dfun type). Run with full_output = 1 to get quantitative information.
  return odeint(rhs, x0, t, tfirst=True, **integrator_kws)
    Forward simulation failed: Simulation blew up
/pfs/data6/home/ka/ka_iai/ka_bj2362/dsr/.venv_svise/lib64/python3.9/site-packages/pysindy/pysindy.py:901: ODEintWarning: Excess work done on this call (perhaps wrong Dfun type). Run with full_output = 1 to get quantitative information.
  return odeint(rhs, x0, t, tfirst=True, **integrator_kws)
    Forward simulation failed: Simulation blew up
/pfs/data6/home/ka/ka_iai/ka_bj2362/dsr/.venv_svise/lib64/python3.9/site-packages/pysindy/pysindy.py:901: ODEintWarning: Excess work done on this call (perhaps wrong Dfun type). Run with full_output = 1 to get quantitative information.
  return odeint(rhs, x0, t, tfirst=True, **integrator_kws)
    Forward simulation failed: Simulation blew up
/pfs/data6/home/ka/ka_iai/ka_bj2362/dsr/.venv_svise/lib64/python3.9/site-packages/pysindy/pysindy.py:901: ODEintWarning: Excess work done on this call (perhaps wrong Dfun type). Run with full_output = 1 to get quantitative information.
  return odeint(rhs, x0, t, tfirst=True, **integrator_kws)
    Forward simulation failed: Simulation blew up
/pfs/data6/home/ka/ka_iai/ka_bj2362/dsr/.venv_svise/lib64/python3.9/site-packages/pysindy/pysindy.py:901: ODEintWarning: Excess work done on this call (perhaps wrong Dfun type). Run with full_output = 1 to get quantitative information.
  return odeint(rhs, x0, t, tfirst=True, **integrator_kws)
    Forward simulation failed: Simulation blew up
/pfs/data6/home/ka/ka_iai/ka_bj2362/dsr/.venv_svise/lib64/python3.9/site-packages/pysindy/pysindy.py:901: ODEintWarning: Excess work done on this call (perhaps wrong Dfun type). Run with full_output = 1 to get quantitative information.
  return odeint(rhs, x0, t, tfirst=True, **integrator_kws)
    Forward simulation failed: Simulation blew up
/pfs/data6/home/ka/ka_iai/ka_bj2362/dsr/.venv_svise/lib64/python3.9/site-packages/pysindy/pysindy.py:901: ODEintWarning: Excess work done on this call (perhaps wrong Dfun type). Run with full_output = 1 to get quantitative information.
  return odeint(rhs, x0, t, tfirst=True, **integrator_kws)
    Forward simulation failed: Simulation blew up
/pfs/data6/home/ka/ka_iai/ka_bj2362/dsr/.venv_svise/lib64/python3.9/site-packages/pysindy/pysindy.py:901: ODEintWarning: Excess work done on this call (perhaps wrong Dfun type). Run with full_output = 1 to get quantitative information.
  return odeint(rhs, x0, t, tfirst=True, **integrator_kws)
    Forward simulation failed: Simulation blew up
/pfs/data6/home/ka/ka_iai/ka_bj2362/dsr/.venv_svise/lib64/python3.9/site-packages/pysindy/pysindy.py:901: ODEintWarning: Excess work done on this call (perhaps wrong Dfun type). Run with full_output = 1 to get quantitative information.
  return odeint(rhs, x0, t, tfirst=True, **integrator_kws)
    Forward simulation failed: Simulation blew up
/pfs/data6/home/ka/ka_iai/ka_bj2362/dsr/.venv_svise/lib64/python3.9/site-packages/pysindy/pysindy.py:901: ODEintWarning: Excess work done on this call (perhaps wrong Dfun type). Run with full_output = 1 to get quantitative information.
  return odeint(rhs, x0, t, tfirst=True, **integrator_kws)
    Forward simulation failed: Simulation blew up
/pfs/data6/home/ka/ka_iai/ka_bj2362/dsr/.venv_svise/lib64/python3.9/site-packages/pysindy/pysindy.py:901: ODEintWarning: Excess work done on this call (perhaps wrong Dfun type). Run with full_output = 1 to get quantitative information.
  return odeint(rhs, x0, t, tfirst=True, **integrator_kws)
    Forward simulation failed: Simulation blew up
/pfs/data6/home/ka/ka_iai/ka_bj2362/dsr/.venv_svise/lib64/python3.9/site-packages/pysindy/pysindy.py:901: ODEintWarning: Excess work done on this call (perhaps wrong Dfun type). Run with full_output = 1 to get quantitative information.
  return odeint(rhs, x0, t, tfirst=True, **integrator_kws)
    Forward simulation failed: Simulation blew up
/pfs/data6/home/ka/ka_iai/ka_bj2362/dsr/.venv_svise/lib64/python3.9/site-packages/pysindy/pysindy.py:901: ODEintWarning: Excess work done on this call (perhaps wrong Dfun type). Run with full_output = 1 to get quantitative information.
  return odeint(rhs, x0, t, tfirst=True, **integrator_kws)
    Forward simulation failed: Simulation blew up
/pfs/data6/home/ka/ka_iai/ka_bj2362/dsr/.venv_svise/lib64/python3.9/site-packages/pysindy/pysindy.py:901: ODEintWarning: Excess work done on this call (perhaps wrong Dfun type). Run with full_output = 1 to get quantitative information.
  return odeint(rhs, x0, t, tfirst=True, **integrator_kws)
    Forward simulation failed: Simulation blew up
/pfs/data6/home/ka/ka_iai/ka_bj2362/dsr/.venv_svise/lib64/python3.9/site-packages/pysindy/pysindy.py:901: ODEintWarning: Excess work done on this call (perhaps wrong Dfun type). Run with full_output = 1 to get quantitative information.
  return odeint(rhs, x0, t, tfirst=True, **integrator_kws)
    Forward simulation failed: Simulation blew up
/pfs/data6/home/ka/ka_iai/ka_bj2362/dsr/.venv_svise/lib64/python3.9/site-packages/pysindy/pysindy.py:901: ODEintWarning: Excess work done on this call (perhaps wrong Dfun type). Run with full_output = 1 to get quantitative information.
  return odeint(rhs, x0, t, tfirst=True, **integrator_kws)
    Forward simulation failed: Simulation blew up
/pfs/data6/home/ka/ka_iai/ka_bj2362/dsr/.venv_svise/lib64/python3.9/site-packages/pysindy/pysindy.py:901: ODEintWarning: Excess work done on this call (perhaps wrong Dfun type). Run with full_output = 1 to get quantitative information.
  return odeint(rhs, x0, t, tfirst=True, **integrator_kws)
    Forward simulation failed: Simulation blew up
    RMSE omega (Sim): 0.139174
    Eq omega: 0.002 1 + 0.040 omega + 0.005 theta omega + -0.109 omega^2

--- Chunk 80600 (101/500) | Start: 2025-05-31 21:50:00 ---
/pfs/data6/home/ka/ka_iai/ka_bj2362/dsr/.venv_svise/lib64/python3.9/site-packages/pysindy/pysindy.py:901: ODEintWarning: Excess work done on this call (perhaps wrong Dfun type). Run with full_output = 1 to get quantitative information.
  return odeint(rhs, x0, t, tfirst=True, **integrator_kws)
    Forward simulation failed: Simulation blew up
/pfs/data6/home/ka/ka_iai/ka_bj2362/dsr/.venv_svise/lib64/python3.9/site-packages/pysindy/pysindy.py:901: ODEintWarning: Excess work done on this call (perhaps wrong Dfun type). Run with full_output = 1 to get quantitative information.
  return odeint(rhs, x0, t, tfirst=True, **integrator_kws)
    Forward simulation failed: Simulation blew up
    Forward simulation failed: Simulation blew up
/pfs/data6/home/ka/ka_iai/ka_bj2362/dsr/.venv_svise/lib64/python3.9/site-packages/pysindy/pysindy.py:901: ODEintWarning: Excess work done on this call (perhaps wrong Dfun type). Run with full_output = 1 to get quantitative information.
  return odeint(rhs, x0, t, tfirst=True, **integrator_kws)
    Forward simulation failed: Simulation blew up
/pfs/data6/home/ka/ka_iai/ka_bj2362/dsr/.venv_svise/lib64/python3.9/site-packages/pysindy/pysindy.py:901: ODEintWarning: Excess work done on this call (perhaps wrong Dfun type). Run with full_output = 1 to get quantitative information.
  return odeint(rhs, x0, t, tfirst=True, **integrator_kws)
    Forward simulation failed: Simulation blew up
/pfs/data6/home/ka/ka_iai/ka_bj2362/dsr/.venv_svise/lib64/python3.9/site-packages/pysindy/pysindy.py:901: ODEintWarning: Excess work done on this call (perhaps wrong Dfun type). Run with full_output = 1 to get quantitative information.
  return odeint(rhs, x0, t, tfirst=True, **integrator_kws)
    Forward simulation failed: Simulation blew up
/pfs/data6/home/ka/ka_iai/ka_bj2362/dsr/.venv_svise/lib64/python3.9/site-packages/pysindy/pysindy.py:901: ODEintWarning: Excess work done on this call (perhaps wrong Dfun type). Run with full_output = 1 to get quantitative information.
  return odeint(rhs, x0, t, tfirst=True, **integrator_kws)
    Forward simulation failed: Simulation blew up
/pfs/data6/home/ka/ka_iai/ka_bj2362/dsr/.venv_svise/lib64/python3.9/site-packages/pysindy/pysindy.py:901: ODEintWarning: Excess work done on this call (perhaps wrong Dfun type). Run with full_output = 1 to get quantitative information.
  return odeint(rhs, x0, t, tfirst=True, **integrator_kws)
    Forward simulation failed: Simulation blew up
/pfs/data6/home/ka/ka_iai/ka_bj2362/dsr/.venv_svise/lib64/python3.9/site-packages/pysindy/pysindy.py:901: ODEintWarning: Excess work done on this call (perhaps wrong Dfun type). Run with full_output = 1 to get quantitative information.
  return odeint(rhs, x0, t, tfirst=True, **integrator_kws)
    Forward simulation failed: Simulation blew up
/pfs/data6/home/ka/ka_iai/ka_bj2362/dsr/.venv_svise/lib64/python3.9/site-packages/pysindy/pysindy.py:901: ODEintWarning: Excess work done on this call (perhaps wrong Dfun type). Run with full_output = 1 to get quantitative information.
  return odeint(rhs, x0, t, tfirst=True, **integrator_kws)
    Forward simulation failed: Simulation blew up
/pfs/data6/home/ka/ka_iai/ka_bj2362/dsr/.venv_svise/lib64/python3.9/site-packages/pysindy/pysindy.py:901: ODEintWarning: Excess work done on this call (perhaps wrong Dfun type). Run with full_output = 1 to get quantitative information.
  return odeint(rhs, x0, t, tfirst=True, **integrator_kws)
    Forward simulation failed: Simulation blew up
/pfs/data6/home/ka/ka_iai/ka_bj2362/dsr/.venv_svise/lib64/python3.9/site-packages/pysindy/pysindy.py:901: ODEintWarning: Excess work done on this call (perhaps wrong Dfun type). Run with full_output = 1 to get quantitative information.
  return odeint(rhs, x0, t, tfirst=True, **integrator_kws)
    Forward simulation failed: Simulation blew up
/pfs/data6/home/ka/ka_iai/ka_bj2362/dsr/.venv_svise/lib64/python3.9/site-packages/pysindy/pysindy.py:901: ODEintWarning: Excess work done on this call (perhaps wrong Dfun type). Run with full_output = 1 to get quantitative information.
  return odeint(rhs, x0, t, tfirst=True, **integrator_kws)
    Forward simulation failed: Simulation blew up
/pfs/data6/home/ka/ka_iai/ka_bj2362/dsr/.venv_svise/lib64/python3.9/site-packages/pysindy/pysindy.py:901: ODEintWarning: Excess work done on this call (perhaps wrong Dfun type). Run with full_output = 1 to get quantitative information.
  return odeint(rhs, x0, t, tfirst=True, **integrator_kws)
    Forward simulation failed: Simulation blew up
/pfs/data6/home/ka/ka_iai/ka_bj2362/dsr/.venv_svise/lib64/python3.9/site-packages/pysindy/pysindy.py:901: ODEintWarning: Excess work done on this call (perhaps wrong Dfun type). Run with full_output = 1 to get quantitative information.
  return odeint(rhs, x0, t, tfirst=True, **integrator_kws)
    Forward simulation failed: Simulation blew up
/pfs/data6/home/ka/ka_iai/ka_bj2362/dsr/.venv_svise/lib64/python3.9/site-packages/pysindy/pysindy.py:901: ODEintWarning: Excess work done on this call (perhaps wrong Dfun type). Run with full_output = 1 to get quantitative information.
  return odeint(rhs, x0, t, tfirst=True, **integrator_kws)
    Forward simulation failed: Simulation blew up
/pfs/data6/home/ka/ka_iai/ka_bj2362/dsr/.venv_svise/lib64/python3.9/site-packages/pysindy/pysindy.py:901: ODEintWarning: Excess work done on this call (perhaps wrong Dfun type). Run with full_output = 1 to get quantitative information.
  return odeint(rhs, x0, t, tfirst=True, **integrator_kws)
    Forward simulation failed: Simulation blew up
/pfs/data6/home/ka/ka_iai/ka_bj2362/dsr/.venv_svise/lib64/python3.9/site-packages/pysindy/pysindy.py:901: ODEintWarning: Excess work done on this call (perhaps wrong Dfun type). Run with full_output = 1 to get quantitative information.
  return odeint(rhs, x0, t, tfirst=True, **integrator_kws)
    Forward simulation failed: Simulation blew up
/pfs/data6/home/ka/ka_iai/ka_bj2362/dsr/.venv_svise/lib64/python3.9/site-packages/pysindy/pysindy.py:901: ODEintWarning: Excess work done on this call (perhaps wrong Dfun type). Run with full_output = 1 to get quantitative information.
  return odeint(rhs, x0, t, tfirst=True, **integrator_kws)
    Forward simulation failed: Simulation blew up
/pfs/data6/home/ka/ka_iai/ka_bj2362/dsr/.venv_svise/lib64/python3.9/site-packages/pysindy/pysindy.py:901: ODEintWarning: Excess work done on this call (perhaps wrong Dfun type). Run with full_output = 1 to get quantitative information.
  return odeint(rhs, x0, t, tfirst=True, **integrator_kws)
    Forward simulation failed: Simulation blew up
/pfs/data6/home/ka/ka_iai/ka_bj2362/dsr/.venv_svise/lib64/python3.9/site-packages/pysindy/pysindy.py:901: ODEintWarning: Excess work done on this call (perhaps wrong Dfun type). Run with full_output = 1 to get quantitative information.
  return odeint(rhs, x0, t, tfirst=True, **integrator_kws)
    Forward simulation failed: Simulation blew up
/pfs/data6/home/ka/ka_iai/ka_bj2362/dsr/.venv_svise/lib64/python3.9/site-packages/pysindy/pysindy.py:901: ODEintWarning: Excess work done on this call (perhaps wrong Dfun type). Run with full_output = 1 to get quantitative information.
  return odeint(rhs, x0, t, tfirst=True, **integrator_kws)
    Forward simulation failed: Simulation blew up
/pfs/data6/home/ka/ka_iai/ka_bj2362/dsr/.venv_svise/lib64/python3.9/site-packages/pysindy/pysindy.py:901: ODEintWarning: Excess work done on this call (perhaps wrong Dfun type). Run with full_output = 1 to get quantitative information.
  return odeint(rhs, x0, t, tfirst=True, **integrator_kws)
    Forward simulation failed: Simulation blew up
/pfs/data6/home/ka/ka_iai/ka_bj2362/dsr/.venv_svise/lib64/python3.9/site-packages/pysindy/pysindy.py:901: ODEintWarning: Excess work done on this call (perhaps wrong Dfun type). Run with full_output = 1 to get quantitative information.
  return odeint(rhs, x0, t, tfirst=True, **integrator_kws)
    Forward simulation failed: Simulation blew up
    RMSE omega (Sim): 0.090505
    Eq omega: -0.001 1 + -0.004 omega + 0.002 theta omega + -0.116 omega^2

--- Chunk 80700 (201/500) | Start: 2025-06-01 06:10:00 ---
    Forward simulation failed: Simulation blew up
/pfs/data6/home/ka/ka_iai/ka_bj2362/dsr/.venv_svise/lib64/python3.9/site-packages/pysindy/pysindy.py:901: ODEintWarning: Excess work done on this call (perhaps wrong Dfun type). Run with full_output = 1 to get quantitative information.
  return odeint(rhs, x0, t, tfirst=True, **integrator_kws)
    Forward simulation failed: Simulation blew up
/pfs/data6/home/ka/ka_iai/ka_bj2362/dsr/.venv_svise/lib64/python3.9/site-packages/pysindy/pysindy.py:901: ODEintWarning: Excess work done on this call (perhaps wrong Dfun type). Run with full_output = 1 to get quantitative information.
  return odeint(rhs, x0, t, tfirst=True, **integrator_kws)
    Forward simulation failed: Simulation blew up
/pfs/data6/home/ka/ka_iai/ka_bj2362/dsr/.venv_svise/lib64/python3.9/site-packages/pysindy/pysindy.py:901: ODEintWarning: Excess work done on this call (perhaps wrong Dfun type). Run with full_output = 1 to get quantitative information.
  return odeint(rhs, x0, t, tfirst=True, **integrator_kws)
    Forward simulation failed: Simulation blew up
/pfs/data6/home/ka/ka_iai/ka_bj2362/dsr/.venv_svise/lib64/python3.9/site-packages/pysindy/pysindy.py:901: ODEintWarning: Excess work done on this call (perhaps wrong Dfun type). Run with full_output = 1 to get quantitative information.
  return odeint(rhs, x0, t, tfirst=True, **integrator_kws)
    Forward simulation failed: Simulation blew up
/pfs/data6/home/ka/ka_iai/ka_bj2362/dsr/.venv_svise/lib64/python3.9/site-packages/pysindy/pysindy.py:901: ODEintWarning: Excess work done on this call (perhaps wrong Dfun type). Run with full_output = 1 to get quantitative information.
  return odeint(rhs, x0, t, tfirst=True, **integrator_kws)
    Forward simulation failed: Simulation blew up
/pfs/data6/home/ka/ka_iai/ka_bj2362/dsr/.venv_svise/lib64/python3.9/site-packages/pysindy/pysindy.py:901: ODEintWarning: Excess work done on this call (perhaps wrong Dfun type). Run with full_output = 1 to get quantitative information.
  return odeint(rhs, x0, t, tfirst=True, **integrator_kws)
    Forward simulation failed: Simulation blew up
/pfs/data6/home/ka/ka_iai/ka_bj2362/dsr/.venv_svise/lib64/python3.9/site-packages/pysindy/pysindy.py:901: ODEintWarning: Excess work done on this call (perhaps wrong Dfun type). Run with full_output = 1 to get quantitative information.
  return odeint(rhs, x0, t, tfirst=True, **integrator_kws)
    Forward simulation failed: Simulation blew up
/pfs/data6/home/ka/ka_iai/ka_bj2362/dsr/.venv_svise/lib64/python3.9/site-packages/pysindy/pysindy.py:901: ODEintWarning: Excess work done on this call (perhaps wrong Dfun type). Run with full_output = 1 to get quantitative information.
  return odeint(rhs, x0, t, tfirst=True, **integrator_kws)
    Forward simulation failed: Simulation blew up
    Forward simulation failed: Simulation blew up
    Forward simulation failed: Simulation blew up
/pfs/data6/home/ka/ka_iai/ka_bj2362/dsr/.venv_svise/lib64/python3.9/site-packages/pysindy/pysindy.py:901: ODEintWarning: Excess work done on this call (perhaps wrong Dfun type). Run with full_output = 1 to get quantitative information.
  return odeint(rhs, x0, t, tfirst=True, **integrator_kws)
    Forward simulation failed: Simulation blew up
/pfs/data6/home/ka/ka_iai/ka_bj2362/dsr/.venv_svise/lib64/python3.9/site-packages/pysindy/pysindy.py:901: ODEintWarning: Excess work done on this call (perhaps wrong Dfun type). Run with full_output = 1 to get quantitative information.
  return odeint(rhs, x0, t, tfirst=True, **integrator_kws)
    Forward simulation failed: Simulation blew up
/pfs/data6/home/ka/ka_iai/ka_bj2362/dsr/.venv_svise/lib64/python3.9/site-packages/pysindy/pysindy.py:901: ODEintWarning: Excess work done on this call (perhaps wrong Dfun type). Run with full_output = 1 to get quantitative information.
  return odeint(rhs, x0, t, tfirst=True, **integrator_kws)
    Forward simulation failed: Simulation blew up
/pfs/data6/home/ka/ka_iai/ka_bj2362/dsr/.venv_svise/lib64/python3.9/site-packages/pysindy/pysindy.py:901: ODEintWarning: Excess work done on this call (perhaps wrong Dfun type). Run with full_output = 1 to get quantitative information.
  return odeint(rhs, x0, t, tfirst=True, **integrator_kws)
    Forward simulation failed: Simulation blew up
/pfs/data6/home/ka/ka_iai/ka_bj2362/dsr/.venv_svise/lib64/python3.9/site-packages/pysindy/pysindy.py:901: ODEintWarning: Excess work done on this call (perhaps wrong Dfun type). Run with full_output = 1 to get quantitative information.
  return odeint(rhs, x0, t, tfirst=True, **integrator_kws)
    Forward simulation failed: Simulation blew up
/pfs/data6/home/ka/ka_iai/ka_bj2362/dsr/.venv_svise/lib64/python3.9/site-packages/pysindy/pysindy.py:901: ODEintWarning: Excess work done on this call (perhaps wrong Dfun type). Run with full_output = 1 to get quantitative information.
  return odeint(rhs, x0, t, tfirst=True, **integrator_kws)
    Forward simulation failed: Simulation blew up
    RMSE omega (Sim): 0.043645
    Eq omega: 0.002 theta + 0.042 omega + -0.003 theta omega + -0.382 omega^2

--- Chunk 80800 (301/500) | Start: 2025-06-01 14:30:00 ---
/pfs/data6/home/ka/ka_iai/ka_bj2362/dsr/.venv_svise/lib64/python3.9/site-packages/pysindy/pysindy.py:901: ODEintWarning: Excess work done on this call (perhaps wrong Dfun type). Run with full_output = 1 to get quantitative information.
  return odeint(rhs, x0, t, tfirst=True, **integrator_kws)
    Forward simulation failed: Simulation blew up
/pfs/data6/home/ka/ka_iai/ka_bj2362/dsr/.venv_svise/lib64/python3.9/site-packages/pysindy/pysindy.py:901: ODEintWarning: Excess work done on this call (perhaps wrong Dfun type). Run with full_output = 1 to get quantitative information.
  return odeint(rhs, x0, t, tfirst=True, **integrator_kws)
    Forward simulation failed: Simulation blew up
    Forward simulation failed: Simulation blew up
/pfs/data6/home/ka/ka_iai/ka_bj2362/dsr/.venv_svise/lib64/python3.9/site-packages/pysindy/pysindy.py:901: ODEintWarning: Excess work done on this call (perhaps wrong Dfun type). Run with full_output = 1 to get quantitative information.
  return odeint(rhs, x0, t, tfirst=True, **integrator_kws)
    Forward simulation failed: Simulation blew up
/pfs/data6/home/ka/ka_iai/ka_bj2362/dsr/.venv_svise/lib64/python3.9/site-packages/pysindy/pysindy.py:901: ODEintWarning: Excess work done on this call (perhaps wrong Dfun type). Run with full_output = 1 to get quantitative information.
  return odeint(rhs, x0, t, tfirst=True, **integrator_kws)
    Forward simulation failed: Simulation blew up
/pfs/data6/home/ka/ka_iai/ka_bj2362/dsr/.venv_svise/lib64/python3.9/site-packages/pysindy/pysindy.py:901: ODEintWarning: Excess work done on this call (perhaps wrong Dfun type). Run with full_output = 1 to get quantitative information.
  return odeint(rhs, x0, t, tfirst=True, **integrator_kws)
    Forward simulation failed: Simulation blew up
/pfs/data6/home/ka/ka_iai/ka_bj2362/dsr/.venv_svise/lib64/python3.9/site-packages/pysindy/pysindy.py:901: ODEintWarning: Excess work done on this call (perhaps wrong Dfun type). Run with full_output = 1 to get quantitative information.
  return odeint(rhs, x0, t, tfirst=True, **integrator_kws)
    Forward simulation failed: Simulation blew up
/pfs/data6/home/ka/ka_iai/ka_bj2362/dsr/.venv_svise/lib64/python3.9/site-packages/pysindy/pysindy.py:901: ODEintWarning: Excess work done on this call (perhaps wrong Dfun type). Run with full_output = 1 to get quantitative information.
  return odeint(rhs, x0, t, tfirst=True, **integrator_kws)
    Forward simulation failed: Simulation blew up
    Forward simulation failed: Simulation blew up
/pfs/data6/home/ka/ka_iai/ka_bj2362/dsr/.venv_svise/lib64/python3.9/site-packages/pysindy/pysindy.py:901: ODEintWarning: Excess work done on this call (perhaps wrong Dfun type). Run with full_output = 1 to get quantitative information.
  return odeint(rhs, x0, t, tfirst=True, **integrator_kws)
    Forward simulation failed: Simulation blew up
/pfs/data6/home/ka/ka_iai/ka_bj2362/dsr/.venv_svise/lib64/python3.9/site-packages/pysindy/pysindy.py:901: ODEintWarning: Excess work done on this call (perhaps wrong Dfun type). Run with full_output = 1 to get quantitative information.
  return odeint(rhs, x0, t, tfirst=True, **integrator_kws)
    Forward simulation failed: Simulation blew up
/pfs/data6/home/ka/ka_iai/ka_bj2362/dsr/.venv_svise/lib64/python3.9/site-packages/pysindy/pysindy.py:901: ODEintWarning: Excess work done on this call (perhaps wrong Dfun type). Run with full_output = 1 to get quantitative information.
  return odeint(rhs, x0, t, tfirst=True, **integrator_kws)
    Forward simulation failed: Simulation blew up
/pfs/data6/home/ka/ka_iai/ka_bj2362/dsr/.venv_svise/lib64/python3.9/site-packages/pysindy/pysindy.py:901: ODEintWarning: Excess work done on this call (perhaps wrong Dfun type). Run with full_output = 1 to get quantitative information.
  return odeint(rhs, x0, t, tfirst=True, **integrator_kws)
    Forward simulation failed: Simulation blew up
/pfs/data6/home/ka/ka_iai/ka_bj2362/dsr/.venv_svise/lib64/python3.9/site-packages/pysindy/pysindy.py:901: ODEintWarning: Excess work done on this call (perhaps wrong Dfun type). Run with full_output = 1 to get quantitative information.
  return odeint(rhs, x0, t, tfirst=True, **integrator_kws)
    Forward simulation failed: Simulation blew up
    RMSE omega (Sim): 0.019477
    Eq omega: -0.011 1 + 0.110 omega + -0.001 theta omega + -0.267 omega^2

--- Chunk 80900 (401/500) | Start: 2025-06-01 22:50:00 ---
    Forward simulation failed: Simulation blew up
/pfs/data6/home/ka/ka_iai/ka_bj2362/dsr/.venv_svise/lib64/python3.9/site-packages/pysindy/pysindy.py:901: ODEintWarning: Excess work done on this call (perhaps wrong Dfun type). Run with full_output = 1 to get quantitative information.
  return odeint(rhs, x0, t, tfirst=True, **integrator_kws)
    Forward simulation failed: Simulation blew up
    Forward simulation failed: Simulation blew up
/pfs/data6/home/ka/ka_iai/ka_bj2362/dsr/.venv_svise/lib64/python3.9/site-packages/pysindy/pysindy.py:901: ODEintWarning: Excess work done on this call (perhaps wrong Dfun type). Run with full_output = 1 to get quantitative information.
  return odeint(rhs, x0, t, tfirst=True, **integrator_kws)
    Forward simulation failed: Simulation blew up
/pfs/data6/home/ka/ka_iai/ka_bj2362/dsr/.venv_svise/lib64/python3.9/site-packages/pysindy/pysindy.py:901: ODEintWarning: Excess work done on this call (perhaps wrong Dfun type). Run with full_output = 1 to get quantitative information.
  return odeint(rhs, x0, t, tfirst=True, **integrator_kws)
    Forward simulation failed: Simulation blew up
/pfs/data6/home/ka/ka_iai/ka_bj2362/dsr/.venv_svise/lib64/python3.9/site-packages/pysindy/pysindy.py:901: ODEintWarning: Excess work done on this call (perhaps wrong Dfun type). Run with full_output = 1 to get quantitative information.
  return odeint(rhs, x0, t, tfirst=True, **integrator_kws)
    Forward simulation failed: Simulation blew up
/pfs/data6/home/ka/ka_iai/ka_bj2362/dsr/.venv_svise/lib64/python3.9/site-packages/pysindy/pysindy.py:901: ODEintWarning: Excess work done on this call (perhaps wrong Dfun type). Run with full_output = 1 to get quantitative information.
  return odeint(rhs, x0, t, tfirst=True, **integrator_kws)
    Forward simulation failed: Simulation blew up
/pfs/data6/home/ka/ka_iai/ka_bj2362/dsr/.venv_svise/lib64/python3.9/site-packages/pysindy/pysindy.py:901: ODEintWarning: Excess work done on this call (perhaps wrong Dfun type). Run with full_output = 1 to get quantitative information.
  return odeint(rhs, x0, t, tfirst=True, **integrator_kws)
    Forward simulation failed: Simulation blew up
/pfs/data6/home/ka/ka_iai/ka_bj2362/dsr/.venv_svise/lib64/python3.9/site-packages/pysindy/pysindy.py:901: ODEintWarning: Excess work done on this call (perhaps wrong Dfun type). Run with full_output = 1 to get quantitative information.
  return odeint(rhs, x0, t, tfirst=True, **integrator_kws)
    Forward simulation failed: Simulation blew up
/pfs/data6/home/ka/ka_iai/ka_bj2362/dsr/.venv_svise/lib64/python3.9/site-packages/pysindy/pysindy.py:901: ODEintWarning: Excess work done on this call (perhaps wrong Dfun type). Run with full_output = 1 to get quantitative information.
  return odeint(rhs, x0, t, tfirst=True, **integrator_kws)
    Forward simulation failed: Simulation blew up
/pfs/data6/home/ka/ka_iai/ka_bj2362/dsr/.venv_svise/lib64/python3.9/site-packages/pysindy/pysindy.py:901: ODEintWarning: Excess work done on this call (perhaps wrong Dfun type). Run with full_output = 1 to get quantitative information.
  return odeint(rhs, x0, t, tfirst=True, **integrator_kws)
    Forward simulation failed: Simulation blew up
    Forward simulation failed: Simulation blew up
/pfs/data6/home/ka/ka_iai/ka_bj2362/dsr/.venv_svise/lib64/python3.9/site-packages/pysindy/pysindy.py:901: ODEintWarning: Excess work done on this call (perhaps wrong Dfun type). Run with full_output = 1 to get quantitative information.
  return odeint(rhs, x0, t, tfirst=True, **integrator_kws)
    Forward simulation failed: Simulation blew up
/pfs/data6/home/ka/ka_iai/ka_bj2362/dsr/.venv_svise/lib64/python3.9/site-packages/pysindy/pysindy.py:901: ODEintWarning: Excess work done on this call (perhaps wrong Dfun type). Run with full_output = 1 to get quantitative information.
  return odeint(rhs, x0, t, tfirst=True, **integrator_kws)
    Forward simulation failed: Simulation blew up
/pfs/data6/home/ka/ka_iai/ka_bj2362/dsr/.venv_svise/lib64/python3.9/site-packages/pysindy/pysindy.py:901: ODEintWarning: Excess work done on this call (perhaps wrong Dfun type). Run with full_output = 1 to get quantitative information.
  return odeint(rhs, x0, t, tfirst=True, **integrator_kws)
    Forward simulation failed: Simulation blew up
    RMSE omega (Sim): 0.030199
    Eq omega: -0.008 1 + 0.002 theta + 0.121 omega + -0.011 theta omega + -0.342 omega^2

  [Progress 500/500] Mean Sim RMSE omega: 0.083320 | Valid: 400/500 | Elapsed: 1.3min | ETA: 0.0min

============================================================
SINDy ANALYSIS COMPLETE — Chunks [80500, 80999]
============================================================
Chunks processed: 500
Chunks succeeded Sim: 400 (80.0%)
Mean Sim RMSE omega: 0.083320 ± 0.222348
Median Sim RMSE omega: 0.043526
Elapsed time: 1.3 minutes

CSV: /pfs/data6/home/ka/ka_iai/ka_bj2362/dsr/svise/results_sindy_5min_all_chunks/run_SLURM_3753891_sindy/chunks_80500_to_80999_20260326_063719.csv
Summary: /pfs/data6/home/ka/ka_iai/ka_bj2362/dsr/svise/results_sindy_5min_all_chunks/run_SLURM_3753891_sindy/summary_80500_to_80999_20260326_063719.json
============================================================

============================= JOB FEEDBACK =============================

NodeName=uc3n029
Job ID: 3769735
Array Job ID: 3753891_161
Cluster: uc3
User/Group: ka_bj2362/ka_iai
State: COMPLETED (exit code 0)
Nodes: 1
Cores per node: 4
CPU Utilized: 00:01:20
CPU Efficiency: 20.20% of 00:06:36 core-walltime
Job Wall-clock time: 00:01:39
Memory Utilized: 4.70 GB
Memory Efficiency: 39.17% of 12.00 GB (12.00 GB/node)
