Array task 194: processing chunks 97000 to 97499
Loading data from /pfs/data6/home/ka/ka_iai/ka_bj2362/dsr/svise/../dataset/South_Korea_2024-08-15_2025-08-31_1s.parquet...
Finding all valid 5-minute chunks in the dataset...
Found 107059 valid 5-minute chunks in total.

============================================================
SINDy ANALYSIS — ALL CHUNKS
============================================================
Sigma: 15, Degree: 2, STLSQ threshold: 1e-10
Total valid chunks in dataset: 107059
Processing chunk range: [97000, 97499] (500 chunks)
============================================================


--- Chunk 97000 (1/500) | Start: 2025-07-27 23:20:00 ---
    RMSE omega (Sim): 0.053062
    Eq omega: -0.010 1 + 0.001 theta + 0.078 omega + -0.004 theta omega + -0.157 omega^2
/pfs/data6/home/ka/ka_iai/ka_bj2362/dsr/.venv_svise/lib64/python3.9/site-packages/pysindy/pysindy.py:901: ODEintWarning: Excess work done on this call (perhaps wrong Dfun type). Run with full_output = 1 to get quantitative information.
  return odeint(rhs, x0, t, tfirst=True, **integrator_kws)
    Forward simulation failed: Simulation blew up
/pfs/data6/home/ka/ka_iai/ka_bj2362/dsr/.venv_svise/lib64/python3.9/site-packages/pysindy/pysindy.py:901: ODEintWarning: Excess work done on this call (perhaps wrong Dfun type). Run with full_output = 1 to get quantitative information.
  return odeint(rhs, x0, t, tfirst=True, **integrator_kws)
    Forward simulation failed: Simulation blew up
/pfs/data6/home/ka/ka_iai/ka_bj2362/dsr/.venv_svise/lib64/python3.9/site-packages/pysindy/pysindy.py:901: ODEintWarning: Excess work done on this call (perhaps wrong Dfun type). Run with full_output = 1 to get quantitative information.
  return odeint(rhs, x0, t, tfirst=True, **integrator_kws)
    Forward simulation failed: Simulation blew up
/pfs/data6/home/ka/ka_iai/ka_bj2362/dsr/.venv_svise/lib64/python3.9/site-packages/pysindy/pysindy.py:901: ODEintWarning: Excess work done on this call (perhaps wrong Dfun type). Run with full_output = 1 to get quantitative information.
  return odeint(rhs, x0, t, tfirst=True, **integrator_kws)
    Forward simulation failed: Simulation blew up
/pfs/data6/home/ka/ka_iai/ka_bj2362/dsr/.venv_svise/lib64/python3.9/site-packages/pysindy/pysindy.py:901: ODEintWarning: Excess work done on this call (perhaps wrong Dfun type). Run with full_output = 1 to get quantitative information.
  return odeint(rhs, x0, t, tfirst=True, **integrator_kws)
    Forward simulation failed: Simulation blew up
/pfs/data6/home/ka/ka_iai/ka_bj2362/dsr/.venv_svise/lib64/python3.9/site-packages/pysindy/pysindy.py:901: ODEintWarning: Excess work done on this call (perhaps wrong Dfun type). Run with full_output = 1 to get quantitative information.
  return odeint(rhs, x0, t, tfirst=True, **integrator_kws)
    Forward simulation failed: Simulation blew up
/pfs/data6/home/ka/ka_iai/ka_bj2362/dsr/.venv_svise/lib64/python3.9/site-packages/pysindy/pysindy.py:901: ODEintWarning: Excess work done on this call (perhaps wrong Dfun type). Run with full_output = 1 to get quantitative information.
  return odeint(rhs, x0, t, tfirst=True, **integrator_kws)
    Forward simulation failed: Simulation blew up
    Forward simulation failed: Simulation blew up
/pfs/data6/home/ka/ka_iai/ka_bj2362/dsr/.venv_svise/lib64/python3.9/site-packages/pysindy/pysindy.py:901: ODEintWarning: Excess work done on this call (perhaps wrong Dfun type). Run with full_output = 1 to get quantitative information.
  return odeint(rhs, x0, t, tfirst=True, **integrator_kws)
    Forward simulation failed: Simulation blew up
    Forward simulation failed: Simulation blew up
/pfs/data6/home/ka/ka_iai/ka_bj2362/dsr/.venv_svise/lib64/python3.9/site-packages/pysindy/pysindy.py:901: ODEintWarning: Excess work done on this call (perhaps wrong Dfun type). Run with full_output = 1 to get quantitative information.
  return odeint(rhs, x0, t, tfirst=True, **integrator_kws)
    Forward simulation failed: Simulation blew up
/pfs/data6/home/ka/ka_iai/ka_bj2362/dsr/.venv_svise/lib64/python3.9/site-packages/pysindy/pysindy.py:901: ODEintWarning: Excess work done on this call (perhaps wrong Dfun type). Run with full_output = 1 to get quantitative information.
  return odeint(rhs, x0, t, tfirst=True, **integrator_kws)
    Forward simulation failed: Simulation blew up
    Forward simulation failed: Simulation blew up
/pfs/data6/home/ka/ka_iai/ka_bj2362/dsr/.venv_svise/lib64/python3.9/site-packages/pysindy/pysindy.py:901: ODEintWarning: Excess work done on this call (perhaps wrong Dfun type). Run with full_output = 1 to get quantitative information.
  return odeint(rhs, x0, t, tfirst=True, **integrator_kws)
    Forward simulation failed: Simulation blew up
/pfs/data6/home/ka/ka_iai/ka_bj2362/dsr/.venv_svise/lib64/python3.9/site-packages/pysindy/pysindy.py:901: ODEintWarning: Excess work done on this call (perhaps wrong Dfun type). Run with full_output = 1 to get quantitative information.
  return odeint(rhs, x0, t, tfirst=True, **integrator_kws)
    Forward simulation failed: Simulation blew up
/pfs/data6/home/ka/ka_iai/ka_bj2362/dsr/.venv_svise/lib64/python3.9/site-packages/pysindy/pysindy.py:901: ODEintWarning: Excess work done on this call (perhaps wrong Dfun type). Run with full_output = 1 to get quantitative information.
  return odeint(rhs, x0, t, tfirst=True, **integrator_kws)
    Forward simulation failed: Simulation blew up
/pfs/data6/home/ka/ka_iai/ka_bj2362/dsr/.venv_svise/lib64/python3.9/site-packages/pysindy/pysindy.py:901: ODEintWarning: Excess work done on this call (perhaps wrong Dfun type). Run with full_output = 1 to get quantitative information.
  return odeint(rhs, x0, t, tfirst=True, **integrator_kws)
    Forward simulation failed: Simulation blew up
/pfs/data6/home/ka/ka_iai/ka_bj2362/dsr/.venv_svise/lib64/python3.9/site-packages/pysindy/pysindy.py:901: ODEintWarning: Excess work done on this call (perhaps wrong Dfun type). Run with full_output = 1 to get quantitative information.
  return odeint(rhs, x0, t, tfirst=True, **integrator_kws)
    Forward simulation failed: Simulation blew up
    Forward simulation failed: Simulation blew up
/pfs/data6/home/ka/ka_iai/ka_bj2362/dsr/.venv_svise/lib64/python3.9/site-packages/pysindy/pysindy.py:901: ODEintWarning: Excess work done on this call (perhaps wrong Dfun type). Run with full_output = 1 to get quantitative information.
  return odeint(rhs, x0, t, tfirst=True, **integrator_kws)
    Forward simulation failed: Simulation blew up
/pfs/data6/home/ka/ka_iai/ka_bj2362/dsr/.venv_svise/lib64/python3.9/site-packages/pysindy/pysindy.py:901: ODEintWarning: Excess work done on this call (perhaps wrong Dfun type). Run with full_output = 1 to get quantitative information.
  return odeint(rhs, x0, t, tfirst=True, **integrator_kws)
    Forward simulation failed: Simulation blew up
/pfs/data6/home/ka/ka_iai/ka_bj2362/dsr/.venv_svise/lib64/python3.9/site-packages/pysindy/pysindy.py:901: ODEintWarning: Excess work done on this call (perhaps wrong Dfun type). Run with full_output = 1 to get quantitative information.
  return odeint(rhs, x0, t, tfirst=True, **integrator_kws)
    Forward simulation failed: Simulation blew up
/pfs/data6/home/ka/ka_iai/ka_bj2362/dsr/.venv_svise/lib64/python3.9/site-packages/pysindy/pysindy.py:901: ODEintWarning: Excess work done on this call (perhaps wrong Dfun type). Run with full_output = 1 to get quantitative information.
  return odeint(rhs, x0, t, tfirst=True, **integrator_kws)
    Forward simulation failed: Simulation blew up
    RMSE omega (Sim): nan
    Eq omega: 0.003 omega + -0.005 theta omega + 0.269 omega^2

--- Chunk 97100 (101/500) | Start: 2025-07-28 07:40:00 ---
    Forward simulation failed: Simulation blew up
/pfs/data6/home/ka/ka_iai/ka_bj2362/dsr/.venv_svise/lib64/python3.9/site-packages/pysindy/pysindy.py:901: ODEintWarning: Excess work done on this call (perhaps wrong Dfun type). Run with full_output = 1 to get quantitative information.
  return odeint(rhs, x0, t, tfirst=True, **integrator_kws)
    Forward simulation failed: Simulation blew up
/pfs/data6/home/ka/ka_iai/ka_bj2362/dsr/.venv_svise/lib64/python3.9/site-packages/pysindy/pysindy.py:901: ODEintWarning: Excess work done on this call (perhaps wrong Dfun type). Run with full_output = 1 to get quantitative information.
  return odeint(rhs, x0, t, tfirst=True, **integrator_kws)
    Forward simulation failed: Simulation blew up
/pfs/data6/home/ka/ka_iai/ka_bj2362/dsr/.venv_svise/lib64/python3.9/site-packages/pysindy/pysindy.py:901: ODEintWarning: Excess work done on this call (perhaps wrong Dfun type). Run with full_output = 1 to get quantitative information.
  return odeint(rhs, x0, t, tfirst=True, **integrator_kws)
    Forward simulation failed: Simulation blew up
/pfs/data6/home/ka/ka_iai/ka_bj2362/dsr/.venv_svise/lib64/python3.9/site-packages/pysindy/pysindy.py:901: ODEintWarning: Excess work done on this call (perhaps wrong Dfun type). Run with full_output = 1 to get quantitative information.
  return odeint(rhs, x0, t, tfirst=True, **integrator_kws)
    Forward simulation failed: Simulation blew up
    Forward simulation failed: Simulation blew up
/pfs/data6/home/ka/ka_iai/ka_bj2362/dsr/.venv_svise/lib64/python3.9/site-packages/pysindy/pysindy.py:901: ODEintWarning: Excess work done on this call (perhaps wrong Dfun type). Run with full_output = 1 to get quantitative information.
  return odeint(rhs, x0, t, tfirst=True, **integrator_kws)
    Forward simulation failed: Simulation blew up
/pfs/data6/home/ka/ka_iai/ka_bj2362/dsr/.venv_svise/lib64/python3.9/site-packages/pysindy/pysindy.py:901: ODEintWarning: Excess work done on this call (perhaps wrong Dfun type). Run with full_output = 1 to get quantitative information.
  return odeint(rhs, x0, t, tfirst=True, **integrator_kws)
    Forward simulation failed: Simulation blew up
/pfs/data6/home/ka/ka_iai/ka_bj2362/dsr/.venv_svise/lib64/python3.9/site-packages/pysindy/pysindy.py:901: ODEintWarning: Excess work done on this call (perhaps wrong Dfun type). Run with full_output = 1 to get quantitative information.
  return odeint(rhs, x0, t, tfirst=True, **integrator_kws)
    Forward simulation failed: Simulation blew up
/pfs/data6/home/ka/ka_iai/ka_bj2362/dsr/.venv_svise/lib64/python3.9/site-packages/pysindy/pysindy.py:901: ODEintWarning: Excess work done on this call (perhaps wrong Dfun type). Run with full_output = 1 to get quantitative information.
  return odeint(rhs, x0, t, tfirst=True, **integrator_kws)
    Forward simulation failed: Simulation blew up
/pfs/data6/home/ka/ka_iai/ka_bj2362/dsr/.venv_svise/lib64/python3.9/site-packages/pysindy/pysindy.py:901: ODEintWarning: Excess work done on this call (perhaps wrong Dfun type). Run with full_output = 1 to get quantitative information.
  return odeint(rhs, x0, t, tfirst=True, **integrator_kws)
    Forward simulation failed: Simulation blew up
/pfs/data6/home/ka/ka_iai/ka_bj2362/dsr/.venv_svise/lib64/python3.9/site-packages/pysindy/pysindy.py:901: ODEintWarning: Excess work done on this call (perhaps wrong Dfun type). Run with full_output = 1 to get quantitative information.
  return odeint(rhs, x0, t, tfirst=True, **integrator_kws)
    Forward simulation failed: Simulation blew up
/pfs/data6/home/ka/ka_iai/ka_bj2362/dsr/.venv_svise/lib64/python3.9/site-packages/pysindy/pysindy.py:901: ODEintWarning: Excess work done on this call (perhaps wrong Dfun type). Run with full_output = 1 to get quantitative information.
  return odeint(rhs, x0, t, tfirst=True, **integrator_kws)
    Forward simulation failed: Simulation blew up
/pfs/data6/home/ka/ka_iai/ka_bj2362/dsr/.venv_svise/lib64/python3.9/site-packages/pysindy/pysindy.py:901: ODEintWarning: Excess work done on this call (perhaps wrong Dfun type). Run with full_output = 1 to get quantitative information.
  return odeint(rhs, x0, t, tfirst=True, **integrator_kws)
    Forward simulation failed: Simulation blew up
/pfs/data6/home/ka/ka_iai/ka_bj2362/dsr/.venv_svise/lib64/python3.9/site-packages/pysindy/pysindy.py:901: ODEintWarning: Excess work done on this call (perhaps wrong Dfun type). Run with full_output = 1 to get quantitative information.
  return odeint(rhs, x0, t, tfirst=True, **integrator_kws)
    Forward simulation failed: Simulation blew up
/pfs/data6/home/ka/ka_iai/ka_bj2362/dsr/.venv_svise/lib64/python3.9/site-packages/pysindy/pysindy.py:901: ODEintWarning: Excess work done on this call (perhaps wrong Dfun type). Run with full_output = 1 to get quantitative information.
  return odeint(rhs, x0, t, tfirst=True, **integrator_kws)
    Forward simulation failed: Simulation blew up
/pfs/data6/home/ka/ka_iai/ka_bj2362/dsr/.venv_svise/lib64/python3.9/site-packages/pysindy/pysindy.py:901: ODEintWarning: Excess work done on this call (perhaps wrong Dfun type). Run with full_output = 1 to get quantitative information.
  return odeint(rhs, x0, t, tfirst=True, **integrator_kws)
    Forward simulation failed: Simulation blew up
/pfs/data6/home/ka/ka_iai/ka_bj2362/dsr/.venv_svise/lib64/python3.9/site-packages/pysindy/pysindy.py:901: ODEintWarning: Excess work done on this call (perhaps wrong Dfun type). Run with full_output = 1 to get quantitative information.
  return odeint(rhs, x0, t, tfirst=True, **integrator_kws)
    Forward simulation failed: Simulation blew up
    RMSE omega (Sim): nan
    Eq omega: 0.014 1 + 0.001 theta + 0.098 omega + 0.005 theta omega + -0.009 omega^2

--- Chunk 97200 (201/500) | Start: 2025-07-28 16:00:00 ---
/pfs/data6/home/ka/ka_iai/ka_bj2362/dsr/.venv_svise/lib64/python3.9/site-packages/pysindy/pysindy.py:901: ODEintWarning: Excess work done on this call (perhaps wrong Dfun type). Run with full_output = 1 to get quantitative information.
  return odeint(rhs, x0, t, tfirst=True, **integrator_kws)
    Forward simulation failed: Simulation blew up
/pfs/data6/home/ka/ka_iai/ka_bj2362/dsr/.venv_svise/lib64/python3.9/site-packages/pysindy/pysindy.py:901: ODEintWarning: Excess work done on this call (perhaps wrong Dfun type). Run with full_output = 1 to get quantitative information.
  return odeint(rhs, x0, t, tfirst=True, **integrator_kws)
    Forward simulation failed: Simulation blew up
/pfs/data6/home/ka/ka_iai/ka_bj2362/dsr/.venv_svise/lib64/python3.9/site-packages/pysindy/pysindy.py:901: ODEintWarning: Excess work done on this call (perhaps wrong Dfun type). Run with full_output = 1 to get quantitative information.
  return odeint(rhs, x0, t, tfirst=True, **integrator_kws)
    Forward simulation failed: Simulation blew up
    Forward simulation failed: Simulation blew up
    Forward simulation failed: Simulation blew up
/pfs/data6/home/ka/ka_iai/ka_bj2362/dsr/.venv_svise/lib64/python3.9/site-packages/pysindy/pysindy.py:901: ODEintWarning: Excess work done on this call (perhaps wrong Dfun type). Run with full_output = 1 to get quantitative information.
  return odeint(rhs, x0, t, tfirst=True, **integrator_kws)
    Forward simulation failed: Simulation blew up
/pfs/data6/home/ka/ka_iai/ka_bj2362/dsr/.venv_svise/lib64/python3.9/site-packages/pysindy/pysindy.py:901: ODEintWarning: Excess work done on this call (perhaps wrong Dfun type). Run with full_output = 1 to get quantitative information.
  return odeint(rhs, x0, t, tfirst=True, **integrator_kws)
    Forward simulation failed: Simulation blew up
    Forward simulation failed: Simulation blew up
    Forward simulation failed: Simulation blew up
/pfs/data6/home/ka/ka_iai/ka_bj2362/dsr/.venv_svise/lib64/python3.9/site-packages/pysindy/pysindy.py:901: ODEintWarning: Excess work done on this call (perhaps wrong Dfun type). Run with full_output = 1 to get quantitative information.
  return odeint(rhs, x0, t, tfirst=True, **integrator_kws)
    Forward simulation failed: Simulation blew up
/pfs/data6/home/ka/ka_iai/ka_bj2362/dsr/.venv_svise/lib64/python3.9/site-packages/pysindy/pysindy.py:901: ODEintWarning: Excess work done on this call (perhaps wrong Dfun type). Run with full_output = 1 to get quantitative information.
  return odeint(rhs, x0, t, tfirst=True, **integrator_kws)
    Forward simulation failed: Simulation blew up
/pfs/data6/home/ka/ka_iai/ka_bj2362/dsr/.venv_svise/lib64/python3.9/site-packages/pysindy/pysindy.py:901: ODEintWarning: Excess work done on this call (perhaps wrong Dfun type). Run with full_output = 1 to get quantitative information.
  return odeint(rhs, x0, t, tfirst=True, **integrator_kws)
    Forward simulation failed: Simulation blew up
/pfs/data6/home/ka/ka_iai/ka_bj2362/dsr/.venv_svise/lib64/python3.9/site-packages/pysindy/pysindy.py:901: ODEintWarning: Excess work done on this call (perhaps wrong Dfun type). Run with full_output = 1 to get quantitative information.
  return odeint(rhs, x0, t, tfirst=True, **integrator_kws)
    Forward simulation failed: Simulation blew up
/pfs/data6/home/ka/ka_iai/ka_bj2362/dsr/.venv_svise/lib64/python3.9/site-packages/pysindy/pysindy.py:901: ODEintWarning: Excess work done on this call (perhaps wrong Dfun type). Run with full_output = 1 to get quantitative information.
  return odeint(rhs, x0, t, tfirst=True, **integrator_kws)
    Forward simulation failed: Simulation blew up
/pfs/data6/home/ka/ka_iai/ka_bj2362/dsr/.venv_svise/lib64/python3.9/site-packages/pysindy/pysindy.py:901: ODEintWarning: Excess work done on this call (perhaps wrong Dfun type). Run with full_output = 1 to get quantitative information.
  return odeint(rhs, x0, t, tfirst=True, **integrator_kws)
    Forward simulation failed: Simulation blew up
/pfs/data6/home/ka/ka_iai/ka_bj2362/dsr/.venv_svise/lib64/python3.9/site-packages/pysindy/pysindy.py:901: ODEintWarning: Excess work done on this call (perhaps wrong Dfun type). Run with full_output = 1 to get quantitative information.
  return odeint(rhs, x0, t, tfirst=True, **integrator_kws)
    Forward simulation failed: Simulation blew up
/pfs/data6/home/ka/ka_iai/ka_bj2362/dsr/.venv_svise/lib64/python3.9/site-packages/pysindy/pysindy.py:901: ODEintWarning: Excess work done on this call (perhaps wrong Dfun type). Run with full_output = 1 to get quantitative information.
  return odeint(rhs, x0, t, tfirst=True, **integrator_kws)
    Forward simulation failed: Simulation blew up
/pfs/data6/home/ka/ka_iai/ka_bj2362/dsr/.venv_svise/lib64/python3.9/site-packages/pysindy/pysindy.py:901: ODEintWarning: Excess work done on this call (perhaps wrong Dfun type). Run with full_output = 1 to get quantitative information.
  return odeint(rhs, x0, t, tfirst=True, **integrator_kws)
    Forward simulation failed: Simulation blew up
/pfs/data6/home/ka/ka_iai/ka_bj2362/dsr/.venv_svise/lib64/python3.9/site-packages/pysindy/pysindy.py:901: ODEintWarning: Excess work done on this call (perhaps wrong Dfun type). Run with full_output = 1 to get quantitative information.
  return odeint(rhs, x0, t, tfirst=True, **integrator_kws)
    Forward simulation failed: Simulation blew up
/pfs/data6/home/ka/ka_iai/ka_bj2362/dsr/.venv_svise/lib64/python3.9/site-packages/pysindy/pysindy.py:901: ODEintWarning: Excess work done on this call (perhaps wrong Dfun type). Run with full_output = 1 to get quantitative information.
  return odeint(rhs, x0, t, tfirst=True, **integrator_kws)
    Forward simulation failed: Simulation blew up
/pfs/data6/home/ka/ka_iai/ka_bj2362/dsr/.venv_svise/lib64/python3.9/site-packages/pysindy/pysindy.py:901: ODEintWarning: Excess work done on this call (perhaps wrong Dfun type). Run with full_output = 1 to get quantitative information.
  return odeint(rhs, x0, t, tfirst=True, **integrator_kws)
    Forward simulation failed: Simulation blew up
/pfs/data6/home/ka/ka_iai/ka_bj2362/dsr/.venv_svise/lib64/python3.9/site-packages/pysindy/pysindy.py:901: ODEintWarning: Excess work done on this call (perhaps wrong Dfun type). Run with full_output = 1 to get quantitative information.
  return odeint(rhs, x0, t, tfirst=True, **integrator_kws)
    Forward simulation failed: Simulation blew up
/pfs/data6/home/ka/ka_iai/ka_bj2362/dsr/.venv_svise/lib64/python3.9/site-packages/pysindy/pysindy.py:901: ODEintWarning: Excess work done on this call (perhaps wrong Dfun type). Run with full_output = 1 to get quantitative information.
  return odeint(rhs, x0, t, tfirst=True, **integrator_kws)
    Forward simulation failed: Simulation blew up
/pfs/data6/home/ka/ka_iai/ka_bj2362/dsr/.venv_svise/lib64/python3.9/site-packages/pysindy/pysindy.py:901: ODEintWarning: Excess work done on this call (perhaps wrong Dfun type). Run with full_output = 1 to get quantitative information.
  return odeint(rhs, x0, t, tfirst=True, **integrator_kws)
    Forward simulation failed: Simulation blew up
/pfs/data6/home/ka/ka_iai/ka_bj2362/dsr/.venv_svise/lib64/python3.9/site-packages/pysindy/pysindy.py:901: ODEintWarning: Excess work done on this call (perhaps wrong Dfun type). Run with full_output = 1 to get quantitative information.
  return odeint(rhs, x0, t, tfirst=True, **integrator_kws)
    Forward simulation failed: Simulation blew up
    RMSE omega (Sim): 0.019723
    Eq omega: -0.006 1 + 0.071 omega + -0.001 theta omega + -0.181 omega^2

--- Chunk 97300 (301/500) | Start: 2025-07-29 00:20:00 ---
/pfs/data6/home/ka/ka_iai/ka_bj2362/dsr/.venv_svise/lib64/python3.9/site-packages/pysindy/pysindy.py:901: ODEintWarning: Excess work done on this call (perhaps wrong Dfun type). Run with full_output = 1 to get quantitative information.
  return odeint(rhs, x0, t, tfirst=True, **integrator_kws)
    Forward simulation failed: Simulation blew up
/pfs/data6/home/ka/ka_iai/ka_bj2362/dsr/.venv_svise/lib64/python3.9/site-packages/pysindy/pysindy.py:901: ODEintWarning: Excess work done on this call (perhaps wrong Dfun type). Run with full_output = 1 to get quantitative information.
  return odeint(rhs, x0, t, tfirst=True, **integrator_kws)
    Forward simulation failed: Simulation blew up
/pfs/data6/home/ka/ka_iai/ka_bj2362/dsr/.venv_svise/lib64/python3.9/site-packages/pysindy/pysindy.py:901: ODEintWarning: Excess work done on this call (perhaps wrong Dfun type). Run with full_output = 1 to get quantitative information.
  return odeint(rhs, x0, t, tfirst=True, **integrator_kws)
    Forward simulation failed: Simulation blew up
    Forward simulation failed: Simulation blew up
/pfs/data6/home/ka/ka_iai/ka_bj2362/dsr/.venv_svise/lib64/python3.9/site-packages/pysindy/pysindy.py:901: ODEintWarning: Excess work done on this call (perhaps wrong Dfun type). Run with full_output = 1 to get quantitative information.
  return odeint(rhs, x0, t, tfirst=True, **integrator_kws)
    Forward simulation failed: Simulation blew up
/pfs/data6/home/ka/ka_iai/ka_bj2362/dsr/.venv_svise/lib64/python3.9/site-packages/pysindy/pysindy.py:901: ODEintWarning: Excess work done on this call (perhaps wrong Dfun type). Run with full_output = 1 to get quantitative information.
  return odeint(rhs, x0, t, tfirst=True, **integrator_kws)
    Forward simulation failed: Simulation blew up
/pfs/data6/home/ka/ka_iai/ka_bj2362/dsr/.venv_svise/lib64/python3.9/site-packages/pysindy/pysindy.py:901: ODEintWarning: Excess work done on this call (perhaps wrong Dfun type). Run with full_output = 1 to get quantitative information.
  return odeint(rhs, x0, t, tfirst=True, **integrator_kws)
    Forward simulation failed: Simulation blew up
/pfs/data6/home/ka/ka_iai/ka_bj2362/dsr/.venv_svise/lib64/python3.9/site-packages/pysindy/pysindy.py:901: ODEintWarning: Excess work done on this call (perhaps wrong Dfun type). Run with full_output = 1 to get quantitative information.
  return odeint(rhs, x0, t, tfirst=True, **integrator_kws)
    Forward simulation failed: Simulation blew up
/pfs/data6/home/ka/ka_iai/ka_bj2362/dsr/.venv_svise/lib64/python3.9/site-packages/pysindy/pysindy.py:901: ODEintWarning: Excess work done on this call (perhaps wrong Dfun type). Run with full_output = 1 to get quantitative information.
  return odeint(rhs, x0, t, tfirst=True, **integrator_kws)
    Forward simulation failed: Simulation blew up
/pfs/data6/home/ka/ka_iai/ka_bj2362/dsr/.venv_svise/lib64/python3.9/site-packages/pysindy/pysindy.py:901: ODEintWarning: Excess work done on this call (perhaps wrong Dfun type). Run with full_output = 1 to get quantitative information.
  return odeint(rhs, x0, t, tfirst=True, **integrator_kws)
    Forward simulation failed: Simulation blew up
/pfs/data6/home/ka/ka_iai/ka_bj2362/dsr/.venv_svise/lib64/python3.9/site-packages/pysindy/pysindy.py:901: ODEintWarning: Excess work done on this call (perhaps wrong Dfun type). Run with full_output = 1 to get quantitative information.
  return odeint(rhs, x0, t, tfirst=True, **integrator_kws)
    Forward simulation failed: Simulation blew up
/pfs/data6/home/ka/ka_iai/ka_bj2362/dsr/.venv_svise/lib64/python3.9/site-packages/pysindy/pysindy.py:901: ODEintWarning: Excess work done on this call (perhaps wrong Dfun type). Run with full_output = 1 to get quantitative information.
  return odeint(rhs, x0, t, tfirst=True, **integrator_kws)
    Forward simulation failed: Simulation blew up
/pfs/data6/home/ka/ka_iai/ka_bj2362/dsr/.venv_svise/lib64/python3.9/site-packages/pysindy/pysindy.py:901: ODEintWarning: Excess work done on this call (perhaps wrong Dfun type). Run with full_output = 1 to get quantitative information.
  return odeint(rhs, x0, t, tfirst=True, **integrator_kws)
    Forward simulation failed: Simulation blew up
/pfs/data6/home/ka/ka_iai/ka_bj2362/dsr/.venv_svise/lib64/python3.9/site-packages/pysindy/pysindy.py:901: ODEintWarning: Excess work done on this call (perhaps wrong Dfun type). Run with full_output = 1 to get quantitative information.
  return odeint(rhs, x0, t, tfirst=True, **integrator_kws)
    Forward simulation failed: Simulation blew up
/pfs/data6/home/ka/ka_iai/ka_bj2362/dsr/.venv_svise/lib64/python3.9/site-packages/pysindy/pysindy.py:901: ODEintWarning: Excess work done on this call (perhaps wrong Dfun type). Run with full_output = 1 to get quantitative information.
  return odeint(rhs, x0, t, tfirst=True, **integrator_kws)
    Forward simulation failed: Simulation blew up
/pfs/data6/home/ka/ka_iai/ka_bj2362/dsr/.venv_svise/lib64/python3.9/site-packages/pysindy/pysindy.py:901: ODEintWarning: Excess work done on this call (perhaps wrong Dfun type). Run with full_output = 1 to get quantitative information.
  return odeint(rhs, x0, t, tfirst=True, **integrator_kws)
    Forward simulation failed: Simulation blew up
/pfs/data6/home/ka/ka_iai/ka_bj2362/dsr/.venv_svise/lib64/python3.9/site-packages/pysindy/pysindy.py:901: ODEintWarning: Excess work done on this call (perhaps wrong Dfun type). Run with full_output = 1 to get quantitative information.
  return odeint(rhs, x0, t, tfirst=True, **integrator_kws)
    Forward simulation failed: Simulation blew up
    RMSE omega (Sim): 0.027106
    Eq omega: -0.007 omega + -0.001 theta omega + -0.052 omega^2

--- Chunk 97400 (401/500) | Start: 2025-07-29 08:45:00 ---
/pfs/data6/home/ka/ka_iai/ka_bj2362/dsr/.venv_svise/lib64/python3.9/site-packages/pysindy/pysindy.py:901: ODEintWarning: Excess work done on this call (perhaps wrong Dfun type). Run with full_output = 1 to get quantitative information.
  return odeint(rhs, x0, t, tfirst=True, **integrator_kws)
    Forward simulation failed: Simulation blew up
/pfs/data6/home/ka/ka_iai/ka_bj2362/dsr/.venv_svise/lib64/python3.9/site-packages/pysindy/pysindy.py:901: ODEintWarning: Excess work done on this call (perhaps wrong Dfun type). Run with full_output = 1 to get quantitative information.
  return odeint(rhs, x0, t, tfirst=True, **integrator_kws)
    Forward simulation failed: Simulation blew up
/pfs/data6/home/ka/ka_iai/ka_bj2362/dsr/.venv_svise/lib64/python3.9/site-packages/pysindy/pysindy.py:901: ODEintWarning: Excess work done on this call (perhaps wrong Dfun type). Run with full_output = 1 to get quantitative information.
  return odeint(rhs, x0, t, tfirst=True, **integrator_kws)
    Forward simulation failed: Simulation blew up
/pfs/data6/home/ka/ka_iai/ka_bj2362/dsr/.venv_svise/lib64/python3.9/site-packages/pysindy/pysindy.py:901: ODEintWarning: Excess work done on this call (perhaps wrong Dfun type). Run with full_output = 1 to get quantitative information.
  return odeint(rhs, x0, t, tfirst=True, **integrator_kws)
    Forward simulation failed: Simulation blew up
/pfs/data6/home/ka/ka_iai/ka_bj2362/dsr/.venv_svise/lib64/python3.9/site-packages/pysindy/pysindy.py:901: ODEintWarning: Excess work done on this call (perhaps wrong Dfun type). Run with full_output = 1 to get quantitative information.
  return odeint(rhs, x0, t, tfirst=True, **integrator_kws)
    Forward simulation failed: Simulation blew up
/pfs/data6/home/ka/ka_iai/ka_bj2362/dsr/.venv_svise/lib64/python3.9/site-packages/pysindy/pysindy.py:901: ODEintWarning: Excess work done on this call (perhaps wrong Dfun type). Run with full_output = 1 to get quantitative information.
  return odeint(rhs, x0, t, tfirst=True, **integrator_kws)
    Forward simulation failed: Simulation blew up
/pfs/data6/home/ka/ka_iai/ka_bj2362/dsr/.venv_svise/lib64/python3.9/site-packages/pysindy/pysindy.py:901: ODEintWarning: Excess work done on this call (perhaps wrong Dfun type). Run with full_output = 1 to get quantitative information.
  return odeint(rhs, x0, t, tfirst=True, **integrator_kws)
    Forward simulation failed: Simulation blew up
/pfs/data6/home/ka/ka_iai/ka_bj2362/dsr/.venv_svise/lib64/python3.9/site-packages/pysindy/pysindy.py:901: ODEintWarning: Excess work done on this call (perhaps wrong Dfun type). Run with full_output = 1 to get quantitative information.
  return odeint(rhs, x0, t, tfirst=True, **integrator_kws)
    Forward simulation failed: Simulation blew up
/pfs/data6/home/ka/ka_iai/ka_bj2362/dsr/.venv_svise/lib64/python3.9/site-packages/pysindy/pysindy.py:901: ODEintWarning: Excess work done on this call (perhaps wrong Dfun type). Run with full_output = 1 to get quantitative information.
  return odeint(rhs, x0, t, tfirst=True, **integrator_kws)
    Forward simulation failed: Simulation blew up
/pfs/data6/home/ka/ka_iai/ka_bj2362/dsr/.venv_svise/lib64/python3.9/site-packages/pysindy/pysindy.py:901: ODEintWarning: Excess work done on this call (perhaps wrong Dfun type). Run with full_output = 1 to get quantitative information.
  return odeint(rhs, x0, t, tfirst=True, **integrator_kws)
    Forward simulation failed: Simulation blew up
/pfs/data6/home/ka/ka_iai/ka_bj2362/dsr/.venv_svise/lib64/python3.9/site-packages/pysindy/pysindy.py:901: ODEintWarning: Excess work done on this call (perhaps wrong Dfun type). Run with full_output = 1 to get quantitative information.
  return odeint(rhs, x0, t, tfirst=True, **integrator_kws)
    Forward simulation failed: Simulation blew up
/pfs/data6/home/ka/ka_iai/ka_bj2362/dsr/.venv_svise/lib64/python3.9/site-packages/pysindy/pysindy.py:901: ODEintWarning: Excess work done on this call (perhaps wrong Dfun type). Run with full_output = 1 to get quantitative information.
  return odeint(rhs, x0, t, tfirst=True, **integrator_kws)
    Forward simulation failed: Simulation blew up
/pfs/data6/home/ka/ka_iai/ka_bj2362/dsr/.venv_svise/lib64/python3.9/site-packages/pysindy/pysindy.py:901: ODEintWarning: Excess work done on this call (perhaps wrong Dfun type). Run with full_output = 1 to get quantitative information.
  return odeint(rhs, x0, t, tfirst=True, **integrator_kws)
    Forward simulation failed: Simulation blew up
/pfs/data6/home/ka/ka_iai/ka_bj2362/dsr/.venv_svise/lib64/python3.9/site-packages/pysindy/pysindy.py:901: ODEintWarning: Excess work done on this call (perhaps wrong Dfun type). Run with full_output = 1 to get quantitative information.
  return odeint(rhs, x0, t, tfirst=True, **integrator_kws)
    Forward simulation failed: Simulation blew up
/pfs/data6/home/ka/ka_iai/ka_bj2362/dsr/.venv_svise/lib64/python3.9/site-packages/pysindy/pysindy.py:901: ODEintWarning: Excess work done on this call (perhaps wrong Dfun type). Run with full_output = 1 to get quantitative information.
  return odeint(rhs, x0, t, tfirst=True, **integrator_kws)
    Forward simulation failed: Simulation blew up
/pfs/data6/home/ka/ka_iai/ka_bj2362/dsr/.venv_svise/lib64/python3.9/site-packages/pysindy/pysindy.py:901: ODEintWarning: Excess work done on this call (perhaps wrong Dfun type). Run with full_output = 1 to get quantitative information.
  return odeint(rhs, x0, t, tfirst=True, **integrator_kws)
    Forward simulation failed: Simulation blew up
/pfs/data6/home/ka/ka_iai/ka_bj2362/dsr/.venv_svise/lib64/python3.9/site-packages/pysindy/pysindy.py:901: ODEintWarning: Excess work done on this call (perhaps wrong Dfun type). Run with full_output = 1 to get quantitative information.
  return odeint(rhs, x0, t, tfirst=True, **integrator_kws)
    Forward simulation failed: Simulation blew up
/pfs/data6/home/ka/ka_iai/ka_bj2362/dsr/.venv_svise/lib64/python3.9/site-packages/pysindy/pysindy.py:901: ODEintWarning: Excess work done on this call (perhaps wrong Dfun type). Run with full_output = 1 to get quantitative information.
  return odeint(rhs, x0, t, tfirst=True, **integrator_kws)
    Forward simulation failed: Simulation blew up
/pfs/data6/home/ka/ka_iai/ka_bj2362/dsr/.venv_svise/lib64/python3.9/site-packages/pysindy/pysindy.py:901: ODEintWarning: Excess work done on this call (perhaps wrong Dfun type). Run with full_output = 1 to get quantitative information.
  return odeint(rhs, x0, t, tfirst=True, **integrator_kws)
    Forward simulation failed: Simulation blew up
/pfs/data6/home/ka/ka_iai/ka_bj2362/dsr/.venv_svise/lib64/python3.9/site-packages/pysindy/pysindy.py:901: ODEintWarning: Excess work done on this call (perhaps wrong Dfun type). Run with full_output = 1 to get quantitative information.
  return odeint(rhs, x0, t, tfirst=True, **integrator_kws)
    Forward simulation failed: Simulation blew up
/pfs/data6/home/ka/ka_iai/ka_bj2362/dsr/.venv_svise/lib64/python3.9/site-packages/pysindy/pysindy.py:901: ODEintWarning: Excess work done on this call (perhaps wrong Dfun type). Run with full_output = 1 to get quantitative information.
  return odeint(rhs, x0, t, tfirst=True, **integrator_kws)
    Forward simulation failed: Simulation blew up
/pfs/data6/home/ka/ka_iai/ka_bj2362/dsr/.venv_svise/lib64/python3.9/site-packages/pysindy/pysindy.py:901: ODEintWarning: Excess work done on this call (perhaps wrong Dfun type). Run with full_output = 1 to get quantitative information.
  return odeint(rhs, x0, t, tfirst=True, **integrator_kws)
    Forward simulation failed: Simulation blew up
/pfs/data6/home/ka/ka_iai/ka_bj2362/dsr/.venv_svise/lib64/python3.9/site-packages/pysindy/pysindy.py:901: ODEintWarning: Excess work done on this call (perhaps wrong Dfun type). Run with full_output = 1 to get quantitative information.
  return odeint(rhs, x0, t, tfirst=True, **integrator_kws)
    Forward simulation failed: Simulation blew up
/pfs/data6/home/ka/ka_iai/ka_bj2362/dsr/.venv_svise/lib64/python3.9/site-packages/pysindy/pysindy.py:901: ODEintWarning: Excess work done on this call (perhaps wrong Dfun type). Run with full_output = 1 to get quantitative information.
  return odeint(rhs, x0, t, tfirst=True, **integrator_kws)
    Forward simulation failed: Simulation blew up
/pfs/data6/home/ka/ka_iai/ka_bj2362/dsr/.venv_svise/lib64/python3.9/site-packages/pysindy/pysindy.py:901: ODEintWarning: Excess work done on this call (perhaps wrong Dfun type). Run with full_output = 1 to get quantitative information.
  return odeint(rhs, x0, t, tfirst=True, **integrator_kws)
    Forward simulation failed: Simulation blew up
    RMSE omega (Sim): 0.020276
    Eq omega: -0.002 1 + -0.001 theta + -0.005 omega + -0.003 theta omega + -0.017 omega^2

  [Progress 500/500] Mean Sim RMSE omega: 0.041780 | Valid: 392/500 | Elapsed: 1.3min | ETA: 0.0min

============================================================
SINDy ANALYSIS COMPLETE — Chunks [97000, 97499]
============================================================
Chunks processed: 500
Chunks succeeded Sim: 392 (78.4%)
Mean Sim RMSE omega: 0.041780 ± 0.069901
Median Sim RMSE omega: 0.024455
Elapsed time: 1.3 minutes

CSV: /pfs/data6/home/ka/ka_iai/ka_bj2362/dsr/svise/results_sindy_5min_all_chunks/run_SLURM_3753891_sindy/chunks_97000_to_97499_20260326_064541.csv
Summary: /pfs/data6/home/ka/ka_iai/ka_bj2362/dsr/svise/results_sindy_5min_all_chunks/run_SLURM_3753891_sindy/summary_97000_to_97499_20260326_064541.json
============================================================

============================= JOB FEEDBACK =============================

NodeName=uc3n024
Job ID: 3769778
Array Job ID: 3753891_194
Cluster: uc3
User/Group: ka_bj2362/ka_iai
State: COMPLETED (exit code 0)
Nodes: 1
Cores per node: 4
CPU Utilized: 00:01:20
CPU Efficiency: 20.20% of 00:06:36 core-walltime
Job Wall-clock time: 00:01:39
Memory Utilized: 4.66 GB
Memory Efficiency: 38.82% of 12.00 GB (12.00 GB/node)
