Loading data from /pfs/data6/home/ka/ka_iai/ka_bj2362/dsr/svise/../dataset/South_Korea_2024-08-15_2025-08-31_1s.parquet...
Filtering for valid 5-minute chunks in the 9:00-10:00 window...
Found 4453 total valid 9:00-10:00 chunks.
Randomly sampled 300 chunks using seed 42.

============================================================
SINDy HYPERPARAMETER TUNING — EXHAUSTIVE GRID SEARCH
============================================================
Search space: 60 combinations
  sigma:     [0, 5, 10, 15]
  degree:    [1, 2, 3]
  threshold: [1e-10, 1e-05, 0.001, 0.01, 0.1]
Chunks per combination: 300
Evaluating combo index: 18
============================================================


============================================================
Combo 18/60: sigma=5, degree=1, threshold=1.0e-02
============================================================
/pfs/data6/home/ka/ka_iai/ka_bj2362/dsr/.venv_svise/lib64/python3.9/site-packages/pysindy/optimizers/stlsq.py:193: UserWarning: Sparsity parameter is too big (0.01) and eliminated all coefficients
  warnings.warn(
/pfs/data6/home/ka/ka_iai/ka_bj2362/dsr/.venv_svise/lib64/python3.9/site-packages/pysindy/optimizers/stlsq.py:193: UserWarning: Sparsity parameter is too big (0.01) and eliminated all coefficients
  warnings.warn(
/pfs/data6/home/ka/ka_iai/ka_bj2362/dsr/.venv_svise/lib64/python3.9/site-packages/pysindy/optimizers/stlsq.py:193: UserWarning: Sparsity parameter is too big (0.01) and eliminated all coefficients
  warnings.warn(
/pfs/data6/home/ka/ka_iai/ka_bj2362/dsr/.venv_svise/lib64/python3.9/site-packages/pysindy/optimizers/stlsq.py:193: UserWarning: Sparsity parameter is too big (0.01) and eliminated all coefficients
  warnings.warn(
/pfs/data6/home/ka/ka_iai/ka_bj2362/dsr/.venv_svise/lib64/python3.9/site-packages/pysindy/optimizers/stlsq.py:193: UserWarning: Sparsity parameter is too big (0.01) and eliminated all coefficients
  warnings.warn(
/pfs/data6/home/ka/ka_iai/ka_bj2362/dsr/.venv_svise/lib64/python3.9/site-packages/pysindy/optimizers/stlsq.py:193: UserWarning: Sparsity parameter is too big (0.01) and eliminated all coefficients
  warnings.warn(
/pfs/data6/home/ka/ka_iai/ka_bj2362/dsr/.venv_svise/lib64/python3.9/site-packages/pysindy/optimizers/stlsq.py:193: UserWarning: Sparsity parameter is too big (0.01) and eliminated all coefficients
  warnings.warn(
/pfs/data6/home/ka/ka_iai/ka_bj2362/dsr/.venv_svise/lib64/python3.9/site-packages/pysindy/optimizers/stlsq.py:193: UserWarning: Sparsity parameter is too big (0.01) and eliminated all coefficients
  warnings.warn(
/pfs/data6/home/ka/ka_iai/ka_bj2362/dsr/.venv_svise/lib64/python3.9/site-packages/pysindy/optimizers/stlsq.py:193: UserWarning: Sparsity parameter is too big (0.01) and eliminated all coefficients
  warnings.warn(
/pfs/data6/home/ka/ka_iai/ka_bj2362/dsr/.venv_svise/lib64/python3.9/site-packages/pysindy/optimizers/stlsq.py:193: UserWarning: Sparsity parameter is too big (0.01) and eliminated all coefficients
  warnings.warn(
/pfs/data6/home/ka/ka_iai/ka_bj2362/dsr/.venv_svise/lib64/python3.9/site-packages/pysindy/optimizers/stlsq.py:193: UserWarning: Sparsity parameter is too big (0.01) and eliminated all coefficients
  warnings.warn(
/pfs/data6/home/ka/ka_iai/ka_bj2362/dsr/.venv_svise/lib64/python3.9/site-packages/pysindy/optimizers/stlsq.py:193: UserWarning: Sparsity parameter is too big (0.01) and eliminated all coefficients
  warnings.warn(
/pfs/data6/home/ka/ka_iai/ka_bj2362/dsr/.venv_svise/lib64/python3.9/site-packages/pysindy/optimizers/stlsq.py:193: UserWarning: Sparsity parameter is too big (0.01) and eliminated all coefficients
  warnings.warn(
/pfs/data6/home/ka/ka_iai/ka_bj2362/dsr/.venv_svise/lib64/python3.9/site-packages/pysindy/optimizers/stlsq.py:193: UserWarning: Sparsity parameter is too big (0.01) and eliminated all coefficients
  warnings.warn(
/pfs/data6/home/ka/ka_iai/ka_bj2362/dsr/.venv_svise/lib64/python3.9/site-packages/pysindy/optimizers/stlsq.py:193: UserWarning: Sparsity parameter is too big (0.01) and eliminated all coefficients
  warnings.warn(
/pfs/data6/home/ka/ka_iai/ka_bj2362/dsr/.venv_svise/lib64/python3.9/site-packages/pysindy/optimizers/stlsq.py:193: UserWarning: Sparsity parameter is too big (0.01) and eliminated all coefficients
  warnings.warn(
/pfs/data6/home/ka/ka_iai/ka_bj2362/dsr/.venv_svise/lib64/python3.9/site-packages/pysindy/optimizers/stlsq.py:193: UserWarning: Sparsity parameter is too big (0.01) and eliminated all coefficients
  warnings.warn(
/pfs/data6/home/ka/ka_iai/ka_bj2362/dsr/.venv_svise/lib64/python3.9/site-packages/pysindy/optimizers/stlsq.py:193: UserWarning: Sparsity parameter is too big (0.01) and eliminated all coefficients
  warnings.warn(
/pfs/data6/home/ka/ka_iai/ka_bj2362/dsr/.venv_svise/lib64/python3.9/site-packages/pysindy/optimizers/stlsq.py:193: UserWarning: Sparsity parameter is too big (0.01) and eliminated all coefficients
  warnings.warn(
/pfs/data6/home/ka/ka_iai/ka_bj2362/dsr/.venv_svise/lib64/python3.9/site-packages/pysindy/optimizers/stlsq.py:193: UserWarning: Sparsity parameter is too big (0.01) and eliminated all coefficients
  warnings.warn(
/pfs/data6/home/ka/ka_iai/ka_bj2362/dsr/.venv_svise/lib64/python3.9/site-packages/pysindy/optimizers/stlsq.py:193: UserWarning: Sparsity parameter is too big (0.01) and eliminated all coefficients
  warnings.warn(
/pfs/data6/home/ka/ka_iai/ka_bj2362/dsr/.venv_svise/lib64/python3.9/site-packages/pysindy/optimizers/stlsq.py:193: UserWarning: Sparsity parameter is too big (0.01) and eliminated all coefficients
  warnings.warn(
/pfs/data6/home/ka/ka_iai/ka_bj2362/dsr/.venv_svise/lib64/python3.9/site-packages/pysindy/optimizers/stlsq.py:193: UserWarning: Sparsity parameter is too big (0.01) and eliminated all coefficients
  warnings.warn(
/pfs/data6/home/ka/ka_iai/ka_bj2362/dsr/.venv_svise/lib64/python3.9/site-packages/pysindy/optimizers/stlsq.py:193: UserWarning: Sparsity parameter is too big (0.01) and eliminated all coefficients
  warnings.warn(
/pfs/data6/home/ka/ka_iai/ka_bj2362/dsr/.venv_svise/lib64/python3.9/site-packages/pysindy/optimizers/stlsq.py:193: UserWarning: Sparsity parameter is too big (0.01) and eliminated all coefficients
  warnings.warn(
/pfs/data6/home/ka/ka_iai/ka_bj2362/dsr/.venv_svise/lib64/python3.9/site-packages/pysindy/optimizers/stlsq.py:193: UserWarning: Sparsity parameter is too big (0.01) and eliminated all coefficients
  warnings.warn(
/pfs/data6/home/ka/ka_iai/ka_bj2362/dsr/.venv_svise/lib64/python3.9/site-packages/pysindy/optimizers/stlsq.py:193: UserWarning: Sparsity parameter is too big (0.01) and eliminated all coefficients
  warnings.warn(
/pfs/data6/home/ka/ka_iai/ka_bj2362/dsr/.venv_svise/lib64/python3.9/site-packages/pysindy/optimizers/stlsq.py:193: UserWarning: Sparsity parameter is too big (0.01) and eliminated all coefficients
  warnings.warn(
/pfs/data6/home/ka/ka_iai/ka_bj2362/dsr/.venv_svise/lib64/python3.9/site-packages/pysindy/optimizers/stlsq.py:193: UserWarning: Sparsity parameter is too big (0.01) and eliminated all coefficients
  warnings.warn(
/pfs/data6/home/ka/ka_iai/ka_bj2362/dsr/.venv_svise/lib64/python3.9/site-packages/pysindy/optimizers/stlsq.py:193: UserWarning: Sparsity parameter is too big (0.01) and eliminated all coefficients
  warnings.warn(
/pfs/data6/home/ka/ka_iai/ka_bj2362/dsr/.venv_svise/lib64/python3.9/site-packages/pysindy/optimizers/stlsq.py:193: UserWarning: Sparsity parameter is too big (0.01) and eliminated all coefficients
  warnings.warn(
/pfs/data6/home/ka/ka_iai/ka_bj2362/dsr/.venv_svise/lib64/python3.9/site-packages/pysindy/optimizers/stlsq.py:193: UserWarning: Sparsity parameter is too big (0.01) and eliminated all coefficients
  warnings.warn(
/pfs/data6/home/ka/ka_iai/ka_bj2362/dsr/.venv_svise/lib64/python3.9/site-packages/pysindy/optimizers/stlsq.py:193: UserWarning: Sparsity parameter is too big (0.01) and eliminated all coefficients
  warnings.warn(
/pfs/data6/home/ka/ka_iai/ka_bj2362/dsr/.venv_svise/lib64/python3.9/site-packages/pysindy/optimizers/stlsq.py:193: UserWarning: Sparsity parameter is too big (0.01) and eliminated all coefficients
  warnings.warn(
/pfs/data6/home/ka/ka_iai/ka_bj2362/dsr/.venv_svise/lib64/python3.9/site-packages/pysindy/optimizers/stlsq.py:193: UserWarning: Sparsity parameter is too big (0.01) and eliminated all coefficients
  warnings.warn(
/pfs/data6/home/ka/ka_iai/ka_bj2362/dsr/.venv_svise/lib64/python3.9/site-packages/pysindy/optimizers/stlsq.py:193: UserWarning: Sparsity parameter is too big (0.01) and eliminated all coefficients
  warnings.warn(
/pfs/data6/home/ka/ka_iai/ka_bj2362/dsr/.venv_svise/lib64/python3.9/site-packages/pysindy/optimizers/stlsq.py:193: UserWarning: Sparsity parameter is too big (0.01) and eliminated all coefficients
  warnings.warn(
/pfs/data6/home/ka/ka_iai/ka_bj2362/dsr/.venv_svise/lib64/python3.9/site-packages/pysindy/optimizers/stlsq.py:193: UserWarning: Sparsity parameter is too big (0.01) and eliminated all coefficients
  warnings.warn(
/pfs/data6/home/ka/ka_iai/ka_bj2362/dsr/.venv_svise/lib64/python3.9/site-packages/pysindy/optimizers/stlsq.py:193: UserWarning: Sparsity parameter is too big (0.01) and eliminated all coefficients
  warnings.warn(
/pfs/data6/home/ka/ka_iai/ka_bj2362/dsr/.venv_svise/lib64/python3.9/site-packages/pysindy/optimizers/stlsq.py:193: UserWarning: Sparsity parameter is too big (0.01) and eliminated all coefficients
  warnings.warn(
/pfs/data6/home/ka/ka_iai/ka_bj2362/dsr/.venv_svise/lib64/python3.9/site-packages/pysindy/optimizers/stlsq.py:193: UserWarning: Sparsity parameter is too big (0.01) and eliminated all coefficients
  warnings.warn(
/pfs/data6/home/ka/ka_iai/ka_bj2362/dsr/.venv_svise/lib64/python3.9/site-packages/pysindy/optimizers/stlsq.py:193: UserWarning: Sparsity parameter is too big (0.01) and eliminated all coefficients
  warnings.warn(
/pfs/data6/home/ka/ka_iai/ka_bj2362/dsr/.venv_svise/lib64/python3.9/site-packages/pysindy/optimizers/stlsq.py:193: UserWarning: Sparsity parameter is too big (0.01) and eliminated all coefficients
  warnings.warn(
/pfs/data6/home/ka/ka_iai/ka_bj2362/dsr/.venv_svise/lib64/python3.9/site-packages/pysindy/optimizers/stlsq.py:193: UserWarning: Sparsity parameter is too big (0.01) and eliminated all coefficients
  warnings.warn(
/pfs/data6/home/ka/ka_iai/ka_bj2362/dsr/.venv_svise/lib64/python3.9/site-packages/pysindy/optimizers/stlsq.py:193: UserWarning: Sparsity parameter is too big (0.01) and eliminated all coefficients
  warnings.warn(
/pfs/data6/home/ka/ka_iai/ka_bj2362/dsr/.venv_svise/lib64/python3.9/site-packages/pysindy/optimizers/stlsq.py:193: UserWarning: Sparsity parameter is too big (0.01) and eliminated all coefficients
  warnings.warn(
/pfs/data6/home/ka/ka_iai/ka_bj2362/dsr/.venv_svise/lib64/python3.9/site-packages/pysindy/optimizers/stlsq.py:193: UserWarning: Sparsity parameter is too big (0.01) and eliminated all coefficients
  warnings.warn(
/pfs/data6/home/ka/ka_iai/ka_bj2362/dsr/.venv_svise/lib64/python3.9/site-packages/pysindy/optimizers/stlsq.py:193: UserWarning: Sparsity parameter is too big (0.01) and eliminated all coefficients
  warnings.warn(
/pfs/data6/home/ka/ka_iai/ka_bj2362/dsr/.venv_svise/lib64/python3.9/site-packages/pysindy/optimizers/stlsq.py:193: UserWarning: Sparsity parameter is too big (0.01) and eliminated all coefficients
  warnings.warn(
/pfs/data6/home/ka/ka_iai/ka_bj2362/dsr/.venv_svise/lib64/python3.9/site-packages/pysindy/optimizers/stlsq.py:193: UserWarning: Sparsity parameter is too big (0.01) and eliminated all coefficients
  warnings.warn(
/pfs/data6/home/ka/ka_iai/ka_bj2362/dsr/.venv_svise/lib64/python3.9/site-packages/pysindy/optimizers/stlsq.py:193: UserWarning: Sparsity parameter is too big (0.01) and eliminated all coefficients
  warnings.warn(
/pfs/data6/home/ka/ka_iai/ka_bj2362/dsr/.venv_svise/lib64/python3.9/site-packages/pysindy/optimizers/stlsq.py:193: UserWarning: Sparsity parameter is too big (0.01) and eliminated all coefficients
  warnings.warn(
    Chunk 50/300 | Running mean RMSE omega: 0.097681 | Valid: 50/50
/pfs/data6/home/ka/ka_iai/ka_bj2362/dsr/.venv_svise/lib64/python3.9/site-packages/pysindy/optimizers/stlsq.py:193: UserWarning: Sparsity parameter is too big (0.01) and eliminated all coefficients
  warnings.warn(
/pfs/data6/home/ka/ka_iai/ka_bj2362/dsr/.venv_svise/lib64/python3.9/site-packages/pysindy/optimizers/stlsq.py:193: UserWarning: Sparsity parameter is too big (0.01) and eliminated all coefficients
  warnings.warn(
/pfs/data6/home/ka/ka_iai/ka_bj2362/dsr/.venv_svise/lib64/python3.9/site-packages/pysindy/optimizers/stlsq.py:193: UserWarning: Sparsity parameter is too big (0.01) and eliminated all coefficients
  warnings.warn(
/pfs/data6/home/ka/ka_iai/ka_bj2362/dsr/.venv_svise/lib64/python3.9/site-packages/pysindy/optimizers/stlsq.py:193: UserWarning: Sparsity parameter is too big (0.01) and eliminated all coefficients
  warnings.warn(
/pfs/data6/home/ka/ka_iai/ka_bj2362/dsr/.venv_svise/lib64/python3.9/site-packages/pysindy/optimizers/stlsq.py:193: UserWarning: Sparsity parameter is too big (0.01) and eliminated all coefficients
  warnings.warn(
/pfs/data6/home/ka/ka_iai/ka_bj2362/dsr/.venv_svise/lib64/python3.9/site-packages/pysindy/optimizers/stlsq.py:193: UserWarning: Sparsity parameter is too big (0.01) and eliminated all coefficients
  warnings.warn(
/pfs/data6/home/ka/ka_iai/ka_bj2362/dsr/.venv_svise/lib64/python3.9/site-packages/pysindy/optimizers/stlsq.py:193: UserWarning: Sparsity parameter is too big (0.01) and eliminated all coefficients
  warnings.warn(
/pfs/data6/home/ka/ka_iai/ka_bj2362/dsr/.venv_svise/lib64/python3.9/site-packages/pysindy/optimizers/stlsq.py:193: UserWarning: Sparsity parameter is too big (0.01) and eliminated all coefficients
  warnings.warn(
/pfs/data6/home/ka/ka_iai/ka_bj2362/dsr/.venv_svise/lib64/python3.9/site-packages/pysindy/optimizers/stlsq.py:193: UserWarning: Sparsity parameter is too big (0.01) and eliminated all coefficients
  warnings.warn(
/pfs/data6/home/ka/ka_iai/ka_bj2362/dsr/.venv_svise/lib64/python3.9/site-packages/pysindy/optimizers/stlsq.py:193: UserWarning: Sparsity parameter is too big (0.01) and eliminated all coefficients
  warnings.warn(
/pfs/data6/home/ka/ka_iai/ka_bj2362/dsr/.venv_svise/lib64/python3.9/site-packages/pysindy/optimizers/stlsq.py:193: UserWarning: Sparsity parameter is too big (0.01) and eliminated all coefficients
  warnings.warn(
/pfs/data6/home/ka/ka_iai/ka_bj2362/dsr/.venv_svise/lib64/python3.9/site-packages/pysindy/optimizers/stlsq.py:193: UserWarning: Sparsity parameter is too big (0.01) and eliminated all coefficients
  warnings.warn(
/pfs/data6/home/ka/ka_iai/ka_bj2362/dsr/.venv_svise/lib64/python3.9/site-packages/pysindy/optimizers/stlsq.py:193: UserWarning: Sparsity parameter is too big (0.01) and eliminated all coefficients
  warnings.warn(
/pfs/data6/home/ka/ka_iai/ka_bj2362/dsr/.venv_svise/lib64/python3.9/site-packages/pysindy/optimizers/stlsq.py:193: UserWarning: Sparsity parameter is too big (0.01) and eliminated all coefficients
  warnings.warn(
/pfs/data6/home/ka/ka_iai/ka_bj2362/dsr/.venv_svise/lib64/python3.9/site-packages/pysindy/optimizers/stlsq.py:193: UserWarning: Sparsity parameter is too big (0.01) and eliminated all coefficients
  warnings.warn(
/pfs/data6/home/ka/ka_iai/ka_bj2362/dsr/.venv_svise/lib64/python3.9/site-packages/pysindy/optimizers/stlsq.py:193: UserWarning: Sparsity parameter is too big (0.01) and eliminated all coefficients
  warnings.warn(
/pfs/data6/home/ka/ka_iai/ka_bj2362/dsr/.venv_svise/lib64/python3.9/site-packages/pysindy/optimizers/stlsq.py:193: UserWarning: Sparsity parameter is too big (0.01) and eliminated all coefficients
  warnings.warn(
/pfs/data6/home/ka/ka_iai/ka_bj2362/dsr/.venv_svise/lib64/python3.9/site-packages/pysindy/optimizers/stlsq.py:193: UserWarning: Sparsity parameter is too big (0.01) and eliminated all coefficients
  warnings.warn(
/pfs/data6/home/ka/ka_iai/ka_bj2362/dsr/.venv_svise/lib64/python3.9/site-packages/pysindy/optimizers/stlsq.py:193: UserWarning: Sparsity parameter is too big (0.01) and eliminated all coefficients
  warnings.warn(
/pfs/data6/home/ka/ka_iai/ka_bj2362/dsr/.venv_svise/lib64/python3.9/site-packages/pysindy/optimizers/stlsq.py:193: UserWarning: Sparsity parameter is too big (0.01) and eliminated all coefficients
  warnings.warn(
/pfs/data6/home/ka/ka_iai/ka_bj2362/dsr/.venv_svise/lib64/python3.9/site-packages/pysindy/optimizers/stlsq.py:193: UserWarning: Sparsity parameter is too big (0.01) and eliminated all coefficients
  warnings.warn(
/pfs/data6/home/ka/ka_iai/ka_bj2362/dsr/.venv_svise/lib64/python3.9/site-packages/pysindy/optimizers/stlsq.py:193: UserWarning: Sparsity parameter is too big (0.01) and eliminated all coefficients
  warnings.warn(
/pfs/data6/home/ka/ka_iai/ka_bj2362/dsr/.venv_svise/lib64/python3.9/site-packages/pysindy/optimizers/stlsq.py:193: UserWarning: Sparsity parameter is too big (0.01) and eliminated all coefficients
  warnings.warn(
/pfs/data6/home/ka/ka_iai/ka_bj2362/dsr/.venv_svise/lib64/python3.9/site-packages/pysindy/optimizers/stlsq.py:193: UserWarning: Sparsity parameter is too big (0.01) and eliminated all coefficients
  warnings.warn(
/pfs/data6/home/ka/ka_iai/ka_bj2362/dsr/.venv_svise/lib64/python3.9/site-packages/pysindy/optimizers/stlsq.py:193: UserWarning: Sparsity parameter is too big (0.01) and eliminated all coefficients
  warnings.warn(
/pfs/data6/home/ka/ka_iai/ka_bj2362/dsr/.venv_svise/lib64/python3.9/site-packages/pysindy/optimizers/stlsq.py:193: UserWarning: Sparsity parameter is too big (0.01) and eliminated all coefficients
  warnings.warn(
/pfs/data6/home/ka/ka_iai/ka_bj2362/dsr/.venv_svise/lib64/python3.9/site-packages/pysindy/optimizers/stlsq.py:193: UserWarning: Sparsity parameter is too big (0.01) and eliminated all coefficients
  warnings.warn(
/pfs/data6/home/ka/ka_iai/ka_bj2362/dsr/.venv_svise/lib64/python3.9/site-packages/pysindy/optimizers/stlsq.py:193: UserWarning: Sparsity parameter is too big (0.01) and eliminated all coefficients
  warnings.warn(
/pfs/data6/home/ka/ka_iai/ka_bj2362/dsr/.venv_svise/lib64/python3.9/site-packages/pysindy/optimizers/stlsq.py:193: UserWarning: Sparsity parameter is too big (0.01) and eliminated all coefficients
  warnings.warn(
/pfs/data6/home/ka/ka_iai/ka_bj2362/dsr/.venv_svise/lib64/python3.9/site-packages/pysindy/optimizers/stlsq.py:193: UserWarning: Sparsity parameter is too big (0.01) and eliminated all coefficients
  warnings.warn(
/pfs/data6/home/ka/ka_iai/ka_bj2362/dsr/.venv_svise/lib64/python3.9/site-packages/pysindy/optimizers/stlsq.py:193: UserWarning: Sparsity parameter is too big (0.01) and eliminated all coefficients
  warnings.warn(
/pfs/data6/home/ka/ka_iai/ka_bj2362/dsr/.venv_svise/lib64/python3.9/site-packages/pysindy/optimizers/stlsq.py:193: UserWarning: Sparsity parameter is too big (0.01) and eliminated all coefficients
  warnings.warn(
/pfs/data6/home/ka/ka_iai/ka_bj2362/dsr/.venv_svise/lib64/python3.9/site-packages/pysindy/optimizers/stlsq.py:193: UserWarning: Sparsity parameter is too big (0.01) and eliminated all coefficients
  warnings.warn(
/pfs/data6/home/ka/ka_iai/ka_bj2362/dsr/.venv_svise/lib64/python3.9/site-packages/pysindy/optimizers/stlsq.py:193: UserWarning: Sparsity parameter is too big (0.01) and eliminated all coefficients
  warnings.warn(
/pfs/data6/home/ka/ka_iai/ka_bj2362/dsr/.venv_svise/lib64/python3.9/site-packages/pysindy/optimizers/stlsq.py:193: UserWarning: Sparsity parameter is too big (0.01) and eliminated all coefficients
  warnings.warn(
/pfs/data6/home/ka/ka_iai/ka_bj2362/dsr/.venv_svise/lib64/python3.9/site-packages/pysindy/optimizers/stlsq.py:193: UserWarning: Sparsity parameter is too big (0.01) and eliminated all coefficients
  warnings.warn(
/pfs/data6/home/ka/ka_iai/ka_bj2362/dsr/.venv_svise/lib64/python3.9/site-packages/pysindy/optimizers/stlsq.py:193: UserWarning: Sparsity parameter is too big (0.01) and eliminated all coefficients
  warnings.warn(
/pfs/data6/home/ka/ka_iai/ka_bj2362/dsr/.venv_svise/lib64/python3.9/site-packages/pysindy/optimizers/stlsq.py:193: UserWarning: Sparsity parameter is too big (0.01) and eliminated all coefficients
  warnings.warn(
/pfs/data6/home/ka/ka_iai/ka_bj2362/dsr/.venv_svise/lib64/python3.9/site-packages/pysindy/optimizers/stlsq.py:193: UserWarning: Sparsity parameter is too big (0.01) and eliminated all coefficients
  warnings.warn(
/pfs/data6/home/ka/ka_iai/ka_bj2362/dsr/.venv_svise/lib64/python3.9/site-packages/pysindy/optimizers/stlsq.py:193: UserWarning: Sparsity parameter is too big (0.01) and eliminated all coefficients
  warnings.warn(
/pfs/data6/home/ka/ka_iai/ka_bj2362/dsr/.venv_svise/lib64/python3.9/site-packages/pysindy/optimizers/stlsq.py:193: UserWarning: Sparsity parameter is too big (0.01) and eliminated all coefficients
  warnings.warn(
/pfs/data6/home/ka/ka_iai/ka_bj2362/dsr/.venv_svise/lib64/python3.9/site-packages/pysindy/optimizers/stlsq.py:193: UserWarning: Sparsity parameter is too big (0.01) and eliminated all coefficients
  warnings.warn(
/pfs/data6/home/ka/ka_iai/ka_bj2362/dsr/.venv_svise/lib64/python3.9/site-packages/pysindy/optimizers/stlsq.py:193: UserWarning: Sparsity parameter is too big (0.01) and eliminated all coefficients
  warnings.warn(
/pfs/data6/home/ka/ka_iai/ka_bj2362/dsr/.venv_svise/lib64/python3.9/site-packages/pysindy/optimizers/stlsq.py:193: UserWarning: Sparsity parameter is too big (0.01) and eliminated all coefficients
  warnings.warn(
/pfs/data6/home/ka/ka_iai/ka_bj2362/dsr/.venv_svise/lib64/python3.9/site-packages/pysindy/optimizers/stlsq.py:193: UserWarning: Sparsity parameter is too big (0.01) and eliminated all coefficients
  warnings.warn(
/pfs/data6/home/ka/ka_iai/ka_bj2362/dsr/.venv_svise/lib64/python3.9/site-packages/pysindy/optimizers/stlsq.py:193: UserWarning: Sparsity parameter is too big (0.01) and eliminated all coefficients
  warnings.warn(
/pfs/data6/home/ka/ka_iai/ka_bj2362/dsr/.venv_svise/lib64/python3.9/site-packages/pysindy/optimizers/stlsq.py:193: UserWarning: Sparsity parameter is too big (0.01) and eliminated all coefficients
  warnings.warn(
/pfs/data6/home/ka/ka_iai/ka_bj2362/dsr/.venv_svise/lib64/python3.9/site-packages/pysindy/optimizers/stlsq.py:193: UserWarning: Sparsity parameter is too big (0.01) and eliminated all coefficients
  warnings.warn(
/pfs/data6/home/ka/ka_iai/ka_bj2362/dsr/.venv_svise/lib64/python3.9/site-packages/pysindy/optimizers/stlsq.py:193: UserWarning: Sparsity parameter is too big (0.01) and eliminated all coefficients
  warnings.warn(
/pfs/data6/home/ka/ka_iai/ka_bj2362/dsr/.venv_svise/lib64/python3.9/site-packages/pysindy/optimizers/stlsq.py:193: UserWarning: Sparsity parameter is too big (0.01) and eliminated all coefficients
  warnings.warn(
/pfs/data6/home/ka/ka_iai/ka_bj2362/dsr/.venv_svise/lib64/python3.9/site-packages/pysindy/optimizers/stlsq.py:193: UserWarning: Sparsity parameter is too big (0.01) and eliminated all coefficients
  warnings.warn(
/pfs/data6/home/ka/ka_iai/ka_bj2362/dsr/.venv_svise/lib64/python3.9/site-packages/pysindy/optimizers/stlsq.py:193: UserWarning: Sparsity parameter is too big (0.01) and eliminated all coefficients
  warnings.warn(
/pfs/data6/home/ka/ka_iai/ka_bj2362/dsr/.venv_svise/lib64/python3.9/site-packages/pysindy/optimizers/stlsq.py:193: UserWarning: Sparsity parameter is too big (0.01) and eliminated all coefficients
  warnings.warn(
/pfs/data6/home/ka/ka_iai/ka_bj2362/dsr/.venv_svise/lib64/python3.9/site-packages/pysindy/optimizers/stlsq.py:193: UserWarning: Sparsity parameter is too big (0.01) and eliminated all coefficients
  warnings.warn(
    Chunk 100/300 | Running mean RMSE omega: 0.093977 | Valid: 100/100
/pfs/data6/home/ka/ka_iai/ka_bj2362/dsr/.venv_svise/lib64/python3.9/site-packages/pysindy/optimizers/stlsq.py:193: UserWarning: Sparsity parameter is too big (0.01) and eliminated all coefficients
  warnings.warn(
/pfs/data6/home/ka/ka_iai/ka_bj2362/dsr/.venv_svise/lib64/python3.9/site-packages/pysindy/optimizers/stlsq.py:193: UserWarning: Sparsity parameter is too big (0.01) and eliminated all coefficients
  warnings.warn(
/pfs/data6/home/ka/ka_iai/ka_bj2362/dsr/.venv_svise/lib64/python3.9/site-packages/pysindy/optimizers/stlsq.py:193: UserWarning: Sparsity parameter is too big (0.01) and eliminated all coefficients
  warnings.warn(
/pfs/data6/home/ka/ka_iai/ka_bj2362/dsr/.venv_svise/lib64/python3.9/site-packages/pysindy/optimizers/stlsq.py:193: UserWarning: Sparsity parameter is too big (0.01) and eliminated all coefficients
  warnings.warn(
/pfs/data6/home/ka/ka_iai/ka_bj2362/dsr/.venv_svise/lib64/python3.9/site-packages/pysindy/optimizers/stlsq.py:193: UserWarning: Sparsity parameter is too big (0.01) and eliminated all coefficients
  warnings.warn(
/pfs/data6/home/ka/ka_iai/ka_bj2362/dsr/.venv_svise/lib64/python3.9/site-packages/pysindy/optimizers/stlsq.py:193: UserWarning: Sparsity parameter is too big (0.01) and eliminated all coefficients
  warnings.warn(
/pfs/data6/home/ka/ka_iai/ka_bj2362/dsr/.venv_svise/lib64/python3.9/site-packages/pysindy/optimizers/stlsq.py:193: UserWarning: Sparsity parameter is too big (0.01) and eliminated all coefficients
  warnings.warn(
/pfs/data6/home/ka/ka_iai/ka_bj2362/dsr/.venv_svise/lib64/python3.9/site-packages/pysindy/optimizers/stlsq.py:193: UserWarning: Sparsity parameter is too big (0.01) and eliminated all coefficients
  warnings.warn(
/pfs/data6/home/ka/ka_iai/ka_bj2362/dsr/.venv_svise/lib64/python3.9/site-packages/pysindy/optimizers/stlsq.py:193: UserWarning: Sparsity parameter is too big (0.01) and eliminated all coefficients
  warnings.warn(
/pfs/data6/home/ka/ka_iai/ka_bj2362/dsr/.venv_svise/lib64/python3.9/site-packages/pysindy/optimizers/stlsq.py:193: UserWarning: Sparsity parameter is too big (0.01) and eliminated all coefficients
  warnings.warn(
/pfs/data6/home/ka/ka_iai/ka_bj2362/dsr/.venv_svise/lib64/python3.9/site-packages/pysindy/optimizers/stlsq.py:193: UserWarning: Sparsity parameter is too big (0.01) and eliminated all coefficients
  warnings.warn(
/pfs/data6/home/ka/ka_iai/ka_bj2362/dsr/.venv_svise/lib64/python3.9/site-packages/pysindy/optimizers/stlsq.py:193: UserWarning: Sparsity parameter is too big (0.01) and eliminated all coefficients
  warnings.warn(
/pfs/data6/home/ka/ka_iai/ka_bj2362/dsr/.venv_svise/lib64/python3.9/site-packages/pysindy/optimizers/stlsq.py:193: UserWarning: Sparsity parameter is too big (0.01) and eliminated all coefficients
  warnings.warn(
/pfs/data6/home/ka/ka_iai/ka_bj2362/dsr/.venv_svise/lib64/python3.9/site-packages/pysindy/optimizers/stlsq.py:193: UserWarning: Sparsity parameter is too big (0.01) and eliminated all coefficients
  warnings.warn(
/pfs/data6/home/ka/ka_iai/ka_bj2362/dsr/.venv_svise/lib64/python3.9/site-packages/pysindy/optimizers/stlsq.py:193: UserWarning: Sparsity parameter is too big (0.01) and eliminated all coefficients
  warnings.warn(
/pfs/data6/home/ka/ka_iai/ka_bj2362/dsr/.venv_svise/lib64/python3.9/site-packages/pysindy/optimizers/stlsq.py:193: UserWarning: Sparsity parameter is too big (0.01) and eliminated all coefficients
  warnings.warn(
/pfs/data6/home/ka/ka_iai/ka_bj2362/dsr/.venv_svise/lib64/python3.9/site-packages/pysindy/optimizers/stlsq.py:193: UserWarning: Sparsity parameter is too big (0.01) and eliminated all coefficients
  warnings.warn(
/pfs/data6/home/ka/ka_iai/ka_bj2362/dsr/.venv_svise/lib64/python3.9/site-packages/pysindy/optimizers/stlsq.py:193: UserWarning: Sparsity parameter is too big (0.01) and eliminated all coefficients
  warnings.warn(
/pfs/data6/home/ka/ka_iai/ka_bj2362/dsr/.venv_svise/lib64/python3.9/site-packages/pysindy/optimizers/stlsq.py:193: UserWarning: Sparsity parameter is too big (0.01) and eliminated all coefficients
  warnings.warn(
/pfs/data6/home/ka/ka_iai/ka_bj2362/dsr/.venv_svise/lib64/python3.9/site-packages/pysindy/optimizers/stlsq.py:193: UserWarning: Sparsity parameter is too big (0.01) and eliminated all coefficients
  warnings.warn(
/pfs/data6/home/ka/ka_iai/ka_bj2362/dsr/.venv_svise/lib64/python3.9/site-packages/pysindy/optimizers/stlsq.py:193: UserWarning: Sparsity parameter is too big (0.01) and eliminated all coefficients
  warnings.warn(
/pfs/data6/home/ka/ka_iai/ka_bj2362/dsr/.venv_svise/lib64/python3.9/site-packages/pysindy/optimizers/stlsq.py:193: UserWarning: Sparsity parameter is too big (0.01) and eliminated all coefficients
  warnings.warn(
/pfs/data6/home/ka/ka_iai/ka_bj2362/dsr/.venv_svise/lib64/python3.9/site-packages/pysindy/optimizers/stlsq.py:193: UserWarning: Sparsity parameter is too big (0.01) and eliminated all coefficients
  warnings.warn(
/pfs/data6/home/ka/ka_iai/ka_bj2362/dsr/.venv_svise/lib64/python3.9/site-packages/pysindy/optimizers/stlsq.py:193: UserWarning: Sparsity parameter is too big (0.01) and eliminated all coefficients
  warnings.warn(
/pfs/data6/home/ka/ka_iai/ka_bj2362/dsr/.venv_svise/lib64/python3.9/site-packages/pysindy/optimizers/stlsq.py:193: UserWarning: Sparsity parameter is too big (0.01) and eliminated all coefficients
  warnings.warn(
/pfs/data6/home/ka/ka_iai/ka_bj2362/dsr/.venv_svise/lib64/python3.9/site-packages/pysindy/optimizers/stlsq.py:193: UserWarning: Sparsity parameter is too big (0.01) and eliminated all coefficients
  warnings.warn(
/pfs/data6/home/ka/ka_iai/ka_bj2362/dsr/.venv_svise/lib64/python3.9/site-packages/pysindy/optimizers/stlsq.py:193: UserWarning: Sparsity parameter is too big (0.01) and eliminated all coefficients
  warnings.warn(
/pfs/data6/home/ka/ka_iai/ka_bj2362/dsr/.venv_svise/lib64/python3.9/site-packages/pysindy/optimizers/stlsq.py:193: UserWarning: Sparsity parameter is too big (0.01) and eliminated all coefficients
  warnings.warn(
/pfs/data6/home/ka/ka_iai/ka_bj2362/dsr/.venv_svise/lib64/python3.9/site-packages/pysindy/optimizers/stlsq.py:193: UserWarning: Sparsity parameter is too big (0.01) and eliminated all coefficients
  warnings.warn(
/pfs/data6/home/ka/ka_iai/ka_bj2362/dsr/.venv_svise/lib64/python3.9/site-packages/pysindy/optimizers/stlsq.py:193: UserWarning: Sparsity parameter is too big (0.01) and eliminated all coefficients
  warnings.warn(
/pfs/data6/home/ka/ka_iai/ka_bj2362/dsr/.venv_svise/lib64/python3.9/site-packages/pysindy/optimizers/stlsq.py:193: UserWarning: Sparsity parameter is too big (0.01) and eliminated all coefficients
  warnings.warn(
/pfs/data6/home/ka/ka_iai/ka_bj2362/dsr/.venv_svise/lib64/python3.9/site-packages/pysindy/optimizers/stlsq.py:193: UserWarning: Sparsity parameter is too big (0.01) and eliminated all coefficients
  warnings.warn(
/pfs/data6/home/ka/ka_iai/ka_bj2362/dsr/.venv_svise/lib64/python3.9/site-packages/pysindy/optimizers/stlsq.py:193: UserWarning: Sparsity parameter is too big (0.01) and eliminated all coefficients
  warnings.warn(
/pfs/data6/home/ka/ka_iai/ka_bj2362/dsr/.venv_svise/lib64/python3.9/site-packages/pysindy/optimizers/stlsq.py:193: UserWarning: Sparsity parameter is too big (0.01) and eliminated all coefficients
  warnings.warn(
/pfs/data6/home/ka/ka_iai/ka_bj2362/dsr/.venv_svise/lib64/python3.9/site-packages/pysindy/optimizers/stlsq.py:193: UserWarning: Sparsity parameter is too big (0.01) and eliminated all coefficients
  warnings.warn(
/pfs/data6/home/ka/ka_iai/ka_bj2362/dsr/.venv_svise/lib64/python3.9/site-packages/pysindy/optimizers/stlsq.py:193: UserWarning: Sparsity parameter is too big (0.01) and eliminated all coefficients
  warnings.warn(
/pfs/data6/home/ka/ka_iai/ka_bj2362/dsr/.venv_svise/lib64/python3.9/site-packages/pysindy/optimizers/stlsq.py:193: UserWarning: Sparsity parameter is too big (0.01) and eliminated all coefficients
  warnings.warn(
/pfs/data6/home/ka/ka_iai/ka_bj2362/dsr/.venv_svise/lib64/python3.9/site-packages/pysindy/optimizers/stlsq.py:193: UserWarning: Sparsity parameter is too big (0.01) and eliminated all coefficients
  warnings.warn(
/pfs/data6/home/ka/ka_iai/ka_bj2362/dsr/.venv_svise/lib64/python3.9/site-packages/pysindy/optimizers/stlsq.py:193: UserWarning: Sparsity parameter is too big (0.01) and eliminated all coefficients
  warnings.warn(
/pfs/data6/home/ka/ka_iai/ka_bj2362/dsr/.venv_svise/lib64/python3.9/site-packages/pysindy/optimizers/stlsq.py:193: UserWarning: Sparsity parameter is too big (0.01) and eliminated all coefficients
  warnings.warn(
/pfs/data6/home/ka/ka_iai/ka_bj2362/dsr/.venv_svise/lib64/python3.9/site-packages/pysindy/optimizers/stlsq.py:193: UserWarning: Sparsity parameter is too big (0.01) and eliminated all coefficients
  warnings.warn(
/pfs/data6/home/ka/ka_iai/ka_bj2362/dsr/.venv_svise/lib64/python3.9/site-packages/pysindy/optimizers/stlsq.py:193: UserWarning: Sparsity parameter is too big (0.01) and eliminated all coefficients
  warnings.warn(
/pfs/data6/home/ka/ka_iai/ka_bj2362/dsr/.venv_svise/lib64/python3.9/site-packages/pysindy/optimizers/stlsq.py:193: UserWarning: Sparsity parameter is too big (0.01) and eliminated all coefficients
  warnings.warn(
/pfs/data6/home/ka/ka_iai/ka_bj2362/dsr/.venv_svise/lib64/python3.9/site-packages/pysindy/optimizers/stlsq.py:193: UserWarning: Sparsity parameter is too big (0.01) and eliminated all coefficients
  warnings.warn(
/pfs/data6/home/ka/ka_iai/ka_bj2362/dsr/.venv_svise/lib64/python3.9/site-packages/pysindy/optimizers/stlsq.py:193: UserWarning: Sparsity parameter is too big (0.01) and eliminated all coefficients
  warnings.warn(
/pfs/data6/home/ka/ka_iai/ka_bj2362/dsr/.venv_svise/lib64/python3.9/site-packages/pysindy/optimizers/stlsq.py:193: UserWarning: Sparsity parameter is too big (0.01) and eliminated all coefficients
  warnings.warn(
/pfs/data6/home/ka/ka_iai/ka_bj2362/dsr/.venv_svise/lib64/python3.9/site-packages/pysindy/optimizers/stlsq.py:193: UserWarning: Sparsity parameter is too big (0.01) and eliminated all coefficients
  warnings.warn(
/pfs/data6/home/ka/ka_iai/ka_bj2362/dsr/.venv_svise/lib64/python3.9/site-packages/pysindy/optimizers/stlsq.py:193: UserWarning: Sparsity parameter is too big (0.01) and eliminated all coefficients
  warnings.warn(
/pfs/data6/home/ka/ka_iai/ka_bj2362/dsr/.venv_svise/lib64/python3.9/site-packages/pysindy/optimizers/stlsq.py:193: UserWarning: Sparsity parameter is too big (0.01) and eliminated all coefficients
  warnings.warn(
/pfs/data6/home/ka/ka_iai/ka_bj2362/dsr/.venv_svise/lib64/python3.9/site-packages/pysindy/optimizers/stlsq.py:193: UserWarning: Sparsity parameter is too big (0.01) and eliminated all coefficients
  warnings.warn(
/pfs/data6/home/ka/ka_iai/ka_bj2362/dsr/.venv_svise/lib64/python3.9/site-packages/pysindy/optimizers/stlsq.py:193: UserWarning: Sparsity parameter is too big (0.01) and eliminated all coefficients
  warnings.warn(
    Chunk 150/300 | Running mean RMSE omega: 0.092982 | Valid: 150/150
/pfs/data6/home/ka/ka_iai/ka_bj2362/dsr/.venv_svise/lib64/python3.9/site-packages/pysindy/optimizers/stlsq.py:193: UserWarning: Sparsity parameter is too big (0.01) and eliminated all coefficients
  warnings.warn(
/pfs/data6/home/ka/ka_iai/ka_bj2362/dsr/.venv_svise/lib64/python3.9/site-packages/pysindy/optimizers/stlsq.py:193: UserWarning: Sparsity parameter is too big (0.01) and eliminated all coefficients
  warnings.warn(
/pfs/data6/home/ka/ka_iai/ka_bj2362/dsr/.venv_svise/lib64/python3.9/site-packages/pysindy/optimizers/stlsq.py:193: UserWarning: Sparsity parameter is too big (0.01) and eliminated all coefficients
  warnings.warn(
/pfs/data6/home/ka/ka_iai/ka_bj2362/dsr/.venv_svise/lib64/python3.9/site-packages/pysindy/optimizers/stlsq.py:193: UserWarning: Sparsity parameter is too big (0.01) and eliminated all coefficients
  warnings.warn(
/pfs/data6/home/ka/ka_iai/ka_bj2362/dsr/.venv_svise/lib64/python3.9/site-packages/pysindy/optimizers/stlsq.py:193: UserWarning: Sparsity parameter is too big (0.01) and eliminated all coefficients
  warnings.warn(
/pfs/data6/home/ka/ka_iai/ka_bj2362/dsr/.venv_svise/lib64/python3.9/site-packages/pysindy/optimizers/stlsq.py:193: UserWarning: Sparsity parameter is too big (0.01) and eliminated all coefficients
  warnings.warn(
/pfs/data6/home/ka/ka_iai/ka_bj2362/dsr/.venv_svise/lib64/python3.9/site-packages/pysindy/optimizers/stlsq.py:193: UserWarning: Sparsity parameter is too big (0.01) and eliminated all coefficients
  warnings.warn(
/pfs/data6/home/ka/ka_iai/ka_bj2362/dsr/.venv_svise/lib64/python3.9/site-packages/pysindy/optimizers/stlsq.py:193: UserWarning: Sparsity parameter is too big (0.01) and eliminated all coefficients
  warnings.warn(
/pfs/data6/home/ka/ka_iai/ka_bj2362/dsr/.venv_svise/lib64/python3.9/site-packages/pysindy/optimizers/stlsq.py:193: UserWarning: Sparsity parameter is too big (0.01) and eliminated all coefficients
  warnings.warn(
/pfs/data6/home/ka/ka_iai/ka_bj2362/dsr/.venv_svise/lib64/python3.9/site-packages/pysindy/optimizers/stlsq.py:193: UserWarning: Sparsity parameter is too big (0.01) and eliminated all coefficients
  warnings.warn(
/pfs/data6/home/ka/ka_iai/ka_bj2362/dsr/.venv_svise/lib64/python3.9/site-packages/pysindy/optimizers/stlsq.py:193: UserWarning: Sparsity parameter is too big (0.01) and eliminated all coefficients
  warnings.warn(
/pfs/data6/home/ka/ka_iai/ka_bj2362/dsr/.venv_svise/lib64/python3.9/site-packages/pysindy/optimizers/stlsq.py:193: UserWarning: Sparsity parameter is too big (0.01) and eliminated all coefficients
  warnings.warn(
/pfs/data6/home/ka/ka_iai/ka_bj2362/dsr/.venv_svise/lib64/python3.9/site-packages/pysindy/optimizers/stlsq.py:193: UserWarning: Sparsity parameter is too big (0.01) and eliminated all coefficients
  warnings.warn(
/pfs/data6/home/ka/ka_iai/ka_bj2362/dsr/.venv_svise/lib64/python3.9/site-packages/pysindy/optimizers/stlsq.py:193: UserWarning: Sparsity parameter is too big (0.01) and eliminated all coefficients
  warnings.warn(
/pfs/data6/home/ka/ka_iai/ka_bj2362/dsr/.venv_svise/lib64/python3.9/site-packages/pysindy/optimizers/stlsq.py:193: UserWarning: Sparsity parameter is too big (0.01) and eliminated all coefficients
  warnings.warn(
/pfs/data6/home/ka/ka_iai/ka_bj2362/dsr/.venv_svise/lib64/python3.9/site-packages/pysindy/optimizers/stlsq.py:193: UserWarning: Sparsity parameter is too big (0.01) and eliminated all coefficients
  warnings.warn(
/pfs/data6/home/ka/ka_iai/ka_bj2362/dsr/.venv_svise/lib64/python3.9/site-packages/pysindy/optimizers/stlsq.py:193: UserWarning: Sparsity parameter is too big (0.01) and eliminated all coefficients
  warnings.warn(
/pfs/data6/home/ka/ka_iai/ka_bj2362/dsr/.venv_svise/lib64/python3.9/site-packages/pysindy/optimizers/stlsq.py:193: UserWarning: Sparsity parameter is too big (0.01) and eliminated all coefficients
  warnings.warn(
/pfs/data6/home/ka/ka_iai/ka_bj2362/dsr/.venv_svise/lib64/python3.9/site-packages/pysindy/optimizers/stlsq.py:193: UserWarning: Sparsity parameter is too big (0.01) and eliminated all coefficients
  warnings.warn(
/pfs/data6/home/ka/ka_iai/ka_bj2362/dsr/.venv_svise/lib64/python3.9/site-packages/pysindy/optimizers/stlsq.py:193: UserWarning: Sparsity parameter is too big (0.01) and eliminated all coefficients
  warnings.warn(
/pfs/data6/home/ka/ka_iai/ka_bj2362/dsr/.venv_svise/lib64/python3.9/site-packages/pysindy/optimizers/stlsq.py:193: UserWarning: Sparsity parameter is too big (0.01) and eliminated all coefficients
  warnings.warn(
/pfs/data6/home/ka/ka_iai/ka_bj2362/dsr/.venv_svise/lib64/python3.9/site-packages/pysindy/optimizers/stlsq.py:193: UserWarning: Sparsity parameter is too big (0.01) and eliminated all coefficients
  warnings.warn(
/pfs/data6/home/ka/ka_iai/ka_bj2362/dsr/.venv_svise/lib64/python3.9/site-packages/pysindy/optimizers/stlsq.py:193: UserWarning: Sparsity parameter is too big (0.01) and eliminated all coefficients
  warnings.warn(
/pfs/data6/home/ka/ka_iai/ka_bj2362/dsr/.venv_svise/lib64/python3.9/site-packages/pysindy/optimizers/stlsq.py:193: UserWarning: Sparsity parameter is too big (0.01) and eliminated all coefficients
  warnings.warn(
/pfs/data6/home/ka/ka_iai/ka_bj2362/dsr/.venv_svise/lib64/python3.9/site-packages/pysindy/optimizers/stlsq.py:193: UserWarning: Sparsity parameter is too big (0.01) and eliminated all coefficients
  warnings.warn(
/pfs/data6/home/ka/ka_iai/ka_bj2362/dsr/.venv_svise/lib64/python3.9/site-packages/pysindy/optimizers/stlsq.py:193: UserWarning: Sparsity parameter is too big (0.01) and eliminated all coefficients
  warnings.warn(
/pfs/data6/home/ka/ka_iai/ka_bj2362/dsr/.venv_svise/lib64/python3.9/site-packages/pysindy/optimizers/stlsq.py:193: UserWarning: Sparsity parameter is too big (0.01) and eliminated all coefficients
  warnings.warn(
/pfs/data6/home/ka/ka_iai/ka_bj2362/dsr/.venv_svise/lib64/python3.9/site-packages/pysindy/optimizers/stlsq.py:193: UserWarning: Sparsity parameter is too big (0.01) and eliminated all coefficients
  warnings.warn(
/pfs/data6/home/ka/ka_iai/ka_bj2362/dsr/.venv_svise/lib64/python3.9/site-packages/pysindy/optimizers/stlsq.py:193: UserWarning: Sparsity parameter is too big (0.01) and eliminated all coefficients
  warnings.warn(
/pfs/data6/home/ka/ka_iai/ka_bj2362/dsr/.venv_svise/lib64/python3.9/site-packages/pysindy/optimizers/stlsq.py:193: UserWarning: Sparsity parameter is too big (0.01) and eliminated all coefficients
  warnings.warn(
/pfs/data6/home/ka/ka_iai/ka_bj2362/dsr/.venv_svise/lib64/python3.9/site-packages/pysindy/optimizers/stlsq.py:193: UserWarning: Sparsity parameter is too big (0.01) and eliminated all coefficients
  warnings.warn(
/pfs/data6/home/ka/ka_iai/ka_bj2362/dsr/.venv_svise/lib64/python3.9/site-packages/pysindy/optimizers/stlsq.py:193: UserWarning: Sparsity parameter is too big (0.01) and eliminated all coefficients
  warnings.warn(
/pfs/data6/home/ka/ka_iai/ka_bj2362/dsr/.venv_svise/lib64/python3.9/site-packages/pysindy/optimizers/stlsq.py:193: UserWarning: Sparsity parameter is too big (0.01) and eliminated all coefficients
  warnings.warn(
/pfs/data6/home/ka/ka_iai/ka_bj2362/dsr/.venv_svise/lib64/python3.9/site-packages/pysindy/optimizers/stlsq.py:193: UserWarning: Sparsity parameter is too big (0.01) and eliminated all coefficients
  warnings.warn(
/pfs/data6/home/ka/ka_iai/ka_bj2362/dsr/.venv_svise/lib64/python3.9/site-packages/pysindy/optimizers/stlsq.py:193: UserWarning: Sparsity parameter is too big (0.01) and eliminated all coefficients
  warnings.warn(
/pfs/data6/home/ka/ka_iai/ka_bj2362/dsr/.venv_svise/lib64/python3.9/site-packages/pysindy/optimizers/stlsq.py:193: UserWarning: Sparsity parameter is too big (0.01) and eliminated all coefficients
  warnings.warn(
/pfs/data6/home/ka/ka_iai/ka_bj2362/dsr/.venv_svise/lib64/python3.9/site-packages/pysindy/optimizers/stlsq.py:193: UserWarning: Sparsity parameter is too big (0.01) and eliminated all coefficients
  warnings.warn(
/pfs/data6/home/ka/ka_iai/ka_bj2362/dsr/.venv_svise/lib64/python3.9/site-packages/pysindy/optimizers/stlsq.py:193: UserWarning: Sparsity parameter is too big (0.01) and eliminated all coefficients
  warnings.warn(
/pfs/data6/home/ka/ka_iai/ka_bj2362/dsr/.venv_svise/lib64/python3.9/site-packages/pysindy/optimizers/stlsq.py:193: UserWarning: Sparsity parameter is too big (0.01) and eliminated all coefficients
  warnings.warn(
/pfs/data6/home/ka/ka_iai/ka_bj2362/dsr/.venv_svise/lib64/python3.9/site-packages/pysindy/optimizers/stlsq.py:193: UserWarning: Sparsity parameter is too big (0.01) and eliminated all coefficients
  warnings.warn(
/pfs/data6/home/ka/ka_iai/ka_bj2362/dsr/.venv_svise/lib64/python3.9/site-packages/pysindy/optimizers/stlsq.py:193: UserWarning: Sparsity parameter is too big (0.01) and eliminated all coefficients
  warnings.warn(
/pfs/data6/home/ka/ka_iai/ka_bj2362/dsr/.venv_svise/lib64/python3.9/site-packages/pysindy/optimizers/stlsq.py:193: UserWarning: Sparsity parameter is too big (0.01) and eliminated all coefficients
  warnings.warn(
/pfs/data6/home/ka/ka_iai/ka_bj2362/dsr/.venv_svise/lib64/python3.9/site-packages/pysindy/optimizers/stlsq.py:193: UserWarning: Sparsity parameter is too big (0.01) and eliminated all coefficients
  warnings.warn(
/pfs/data6/home/ka/ka_iai/ka_bj2362/dsr/.venv_svise/lib64/python3.9/site-packages/pysindy/optimizers/stlsq.py:193: UserWarning: Sparsity parameter is too big (0.01) and eliminated all coefficients
  warnings.warn(
/pfs/data6/home/ka/ka_iai/ka_bj2362/dsr/.venv_svise/lib64/python3.9/site-packages/pysindy/optimizers/stlsq.py:193: UserWarning: Sparsity parameter is too big (0.01) and eliminated all coefficients
  warnings.warn(
/pfs/data6/home/ka/ka_iai/ka_bj2362/dsr/.venv_svise/lib64/python3.9/site-packages/pysindy/optimizers/stlsq.py:193: UserWarning: Sparsity parameter is too big (0.01) and eliminated all coefficients
  warnings.warn(
/pfs/data6/home/ka/ka_iai/ka_bj2362/dsr/.venv_svise/lib64/python3.9/site-packages/pysindy/optimizers/stlsq.py:193: UserWarning: Sparsity parameter is too big (0.01) and eliminated all coefficients
  warnings.warn(
/pfs/data6/home/ka/ka_iai/ka_bj2362/dsr/.venv_svise/lib64/python3.9/site-packages/pysindy/optimizers/stlsq.py:193: UserWarning: Sparsity parameter is too big (0.01) and eliminated all coefficients
  warnings.warn(
/pfs/data6/home/ka/ka_iai/ka_bj2362/dsr/.venv_svise/lib64/python3.9/site-packages/pysindy/optimizers/stlsq.py:193: UserWarning: Sparsity parameter is too big (0.01) and eliminated all coefficients
  warnings.warn(
/pfs/data6/home/ka/ka_iai/ka_bj2362/dsr/.venv_svise/lib64/python3.9/site-packages/pysindy/optimizers/stlsq.py:193: UserWarning: Sparsity parameter is too big (0.01) and eliminated all coefficients
  warnings.warn(
/pfs/data6/home/ka/ka_iai/ka_bj2362/dsr/.venv_svise/lib64/python3.9/site-packages/pysindy/optimizers/stlsq.py:193: UserWarning: Sparsity parameter is too big (0.01) and eliminated all coefficients
  warnings.warn(
/pfs/data6/home/ka/ka_iai/ka_bj2362/dsr/.venv_svise/lib64/python3.9/site-packages/pysindy/optimizers/stlsq.py:193: UserWarning: Sparsity parameter is too big (0.01) and eliminated all coefficients
  warnings.warn(
/pfs/data6/home/ka/ka_iai/ka_bj2362/dsr/.venv_svise/lib64/python3.9/site-packages/pysindy/optimizers/stlsq.py:193: UserWarning: Sparsity parameter is too big (0.01) and eliminated all coefficients
  warnings.warn(
/pfs/data6/home/ka/ka_iai/ka_bj2362/dsr/.venv_svise/lib64/python3.9/site-packages/pysindy/optimizers/stlsq.py:193: UserWarning: Sparsity parameter is too big (0.01) and eliminated all coefficients
  warnings.warn(
/pfs/data6/home/ka/ka_iai/ka_bj2362/dsr/.venv_svise/lib64/python3.9/site-packages/pysindy/optimizers/stlsq.py:193: UserWarning: Sparsity parameter is too big (0.01) and eliminated all coefficients
  warnings.warn(
/pfs/data6/home/ka/ka_iai/ka_bj2362/dsr/.venv_svise/lib64/python3.9/site-packages/pysindy/optimizers/stlsq.py:193: UserWarning: Sparsity parameter is too big (0.01) and eliminated all coefficients
  warnings.warn(
    Chunk 200/300 | Running mean RMSE omega: 0.094755 | Valid: 200/200
/pfs/data6/home/ka/ka_iai/ka_bj2362/dsr/.venv_svise/lib64/python3.9/site-packages/pysindy/optimizers/stlsq.py:193: UserWarning: Sparsity parameter is too big (0.01) and eliminated all coefficients
  warnings.warn(
/pfs/data6/home/ka/ka_iai/ka_bj2362/dsr/.venv_svise/lib64/python3.9/site-packages/pysindy/optimizers/stlsq.py:193: UserWarning: Sparsity parameter is too big (0.01) and eliminated all coefficients
  warnings.warn(
/pfs/data6/home/ka/ka_iai/ka_bj2362/dsr/.venv_svise/lib64/python3.9/site-packages/pysindy/optimizers/stlsq.py:193: UserWarning: Sparsity parameter is too big (0.01) and eliminated all coefficients
  warnings.warn(
/pfs/data6/home/ka/ka_iai/ka_bj2362/dsr/.venv_svise/lib64/python3.9/site-packages/pysindy/optimizers/stlsq.py:193: UserWarning: Sparsity parameter is too big (0.01) and eliminated all coefficients
  warnings.warn(
/pfs/data6/home/ka/ka_iai/ka_bj2362/dsr/.venv_svise/lib64/python3.9/site-packages/pysindy/optimizers/stlsq.py:193: UserWarning: Sparsity parameter is too big (0.01) and eliminated all coefficients
  warnings.warn(
/pfs/data6/home/ka/ka_iai/ka_bj2362/dsr/.venv_svise/lib64/python3.9/site-packages/pysindy/optimizers/stlsq.py:193: UserWarning: Sparsity parameter is too big (0.01) and eliminated all coefficients
  warnings.warn(
/pfs/data6/home/ka/ka_iai/ka_bj2362/dsr/.venv_svise/lib64/python3.9/site-packages/pysindy/optimizers/stlsq.py:193: UserWarning: Sparsity parameter is too big (0.01) and eliminated all coefficients
  warnings.warn(
/pfs/data6/home/ka/ka_iai/ka_bj2362/dsr/.venv_svise/lib64/python3.9/site-packages/pysindy/optimizers/stlsq.py:193: UserWarning: Sparsity parameter is too big (0.01) and eliminated all coefficients
  warnings.warn(
/pfs/data6/home/ka/ka_iai/ka_bj2362/dsr/.venv_svise/lib64/python3.9/site-packages/pysindy/optimizers/stlsq.py:193: UserWarning: Sparsity parameter is too big (0.01) and eliminated all coefficients
  warnings.warn(
/pfs/data6/home/ka/ka_iai/ka_bj2362/dsr/.venv_svise/lib64/python3.9/site-packages/pysindy/optimizers/stlsq.py:193: UserWarning: Sparsity parameter is too big (0.01) and eliminated all coefficients
  warnings.warn(
/pfs/data6/home/ka/ka_iai/ka_bj2362/dsr/.venv_svise/lib64/python3.9/site-packages/pysindy/optimizers/stlsq.py:193: UserWarning: Sparsity parameter is too big (0.01) and eliminated all coefficients
  warnings.warn(
/pfs/data6/home/ka/ka_iai/ka_bj2362/dsr/.venv_svise/lib64/python3.9/site-packages/pysindy/optimizers/stlsq.py:193: UserWarning: Sparsity parameter is too big (0.01) and eliminated all coefficients
  warnings.warn(
/pfs/data6/home/ka/ka_iai/ka_bj2362/dsr/.venv_svise/lib64/python3.9/site-packages/pysindy/optimizers/stlsq.py:193: UserWarning: Sparsity parameter is too big (0.01) and eliminated all coefficients
  warnings.warn(
/pfs/data6/home/ka/ka_iai/ka_bj2362/dsr/.venv_svise/lib64/python3.9/site-packages/pysindy/optimizers/stlsq.py:193: UserWarning: Sparsity parameter is too big (0.01) and eliminated all coefficients
  warnings.warn(
/pfs/data6/home/ka/ka_iai/ka_bj2362/dsr/.venv_svise/lib64/python3.9/site-packages/pysindy/optimizers/stlsq.py:193: UserWarning: Sparsity parameter is too big (0.01) and eliminated all coefficients
  warnings.warn(
/pfs/data6/home/ka/ka_iai/ka_bj2362/dsr/.venv_svise/lib64/python3.9/site-packages/pysindy/optimizers/stlsq.py:193: UserWarning: Sparsity parameter is too big (0.01) and eliminated all coefficients
  warnings.warn(
/pfs/data6/home/ka/ka_iai/ka_bj2362/dsr/.venv_svise/lib64/python3.9/site-packages/pysindy/optimizers/stlsq.py:193: UserWarning: Sparsity parameter is too big (0.01) and eliminated all coefficients
  warnings.warn(
/pfs/data6/home/ka/ka_iai/ka_bj2362/dsr/.venv_svise/lib64/python3.9/site-packages/pysindy/optimizers/stlsq.py:193: UserWarning: Sparsity parameter is too big (0.01) and eliminated all coefficients
  warnings.warn(
/pfs/data6/home/ka/ka_iai/ka_bj2362/dsr/.venv_svise/lib64/python3.9/site-packages/pysindy/optimizers/stlsq.py:193: UserWarning: Sparsity parameter is too big (0.01) and eliminated all coefficients
  warnings.warn(
/pfs/data6/home/ka/ka_iai/ka_bj2362/dsr/.venv_svise/lib64/python3.9/site-packages/pysindy/optimizers/stlsq.py:193: UserWarning: Sparsity parameter is too big (0.01) and eliminated all coefficients
  warnings.warn(
/pfs/data6/home/ka/ka_iai/ka_bj2362/dsr/.venv_svise/lib64/python3.9/site-packages/pysindy/optimizers/stlsq.py:193: UserWarning: Sparsity parameter is too big (0.01) and eliminated all coefficients
  warnings.warn(
/pfs/data6/home/ka/ka_iai/ka_bj2362/dsr/.venv_svise/lib64/python3.9/site-packages/pysindy/optimizers/stlsq.py:193: UserWarning: Sparsity parameter is too big (0.01) and eliminated all coefficients
  warnings.warn(
/pfs/data6/home/ka/ka_iai/ka_bj2362/dsr/.venv_svise/lib64/python3.9/site-packages/pysindy/optimizers/stlsq.py:193: UserWarning: Sparsity parameter is too big (0.01) and eliminated all coefficients
  warnings.warn(
/pfs/data6/home/ka/ka_iai/ka_bj2362/dsr/.venv_svise/lib64/python3.9/site-packages/pysindy/optimizers/stlsq.py:193: UserWarning: Sparsity parameter is too big (0.01) and eliminated all coefficients
  warnings.warn(
/pfs/data6/home/ka/ka_iai/ka_bj2362/dsr/.venv_svise/lib64/python3.9/site-packages/pysindy/optimizers/stlsq.py:193: UserWarning: Sparsity parameter is too big (0.01) and eliminated all coefficients
  warnings.warn(
/pfs/data6/home/ka/ka_iai/ka_bj2362/dsr/.venv_svise/lib64/python3.9/site-packages/pysindy/optimizers/stlsq.py:193: UserWarning: Sparsity parameter is too big (0.01) and eliminated all coefficients
  warnings.warn(
/pfs/data6/home/ka/ka_iai/ka_bj2362/dsr/.venv_svise/lib64/python3.9/site-packages/pysindy/optimizers/stlsq.py:193: UserWarning: Sparsity parameter is too big (0.01) and eliminated all coefficients
  warnings.warn(
/pfs/data6/home/ka/ka_iai/ka_bj2362/dsr/.venv_svise/lib64/python3.9/site-packages/pysindy/optimizers/stlsq.py:193: UserWarning: Sparsity parameter is too big (0.01) and eliminated all coefficients
  warnings.warn(
/pfs/data6/home/ka/ka_iai/ka_bj2362/dsr/.venv_svise/lib64/python3.9/site-packages/pysindy/optimizers/stlsq.py:193: UserWarning: Sparsity parameter is too big (0.01) and eliminated all coefficients
  warnings.warn(
/pfs/data6/home/ka/ka_iai/ka_bj2362/dsr/.venv_svise/lib64/python3.9/site-packages/pysindy/optimizers/stlsq.py:193: UserWarning: Sparsity parameter is too big (0.01) and eliminated all coefficients
  warnings.warn(
/pfs/data6/home/ka/ka_iai/ka_bj2362/dsr/.venv_svise/lib64/python3.9/site-packages/pysindy/optimizers/stlsq.py:193: UserWarning: Sparsity parameter is too big (0.01) and eliminated all coefficients
  warnings.warn(
/pfs/data6/home/ka/ka_iai/ka_bj2362/dsr/.venv_svise/lib64/python3.9/site-packages/pysindy/optimizers/stlsq.py:193: UserWarning: Sparsity parameter is too big (0.01) and eliminated all coefficients
  warnings.warn(
/pfs/data6/home/ka/ka_iai/ka_bj2362/dsr/.venv_svise/lib64/python3.9/site-packages/pysindy/optimizers/stlsq.py:193: UserWarning: Sparsity parameter is too big (0.01) and eliminated all coefficients
  warnings.warn(
/pfs/data6/home/ka/ka_iai/ka_bj2362/dsr/.venv_svise/lib64/python3.9/site-packages/pysindy/optimizers/stlsq.py:193: UserWarning: Sparsity parameter is too big (0.01) and eliminated all coefficients
  warnings.warn(
/pfs/data6/home/ka/ka_iai/ka_bj2362/dsr/.venv_svise/lib64/python3.9/site-packages/pysindy/optimizers/stlsq.py:193: UserWarning: Sparsity parameter is too big (0.01) and eliminated all coefficients
  warnings.warn(
/pfs/data6/home/ka/ka_iai/ka_bj2362/dsr/.venv_svise/lib64/python3.9/site-packages/pysindy/optimizers/stlsq.py:193: UserWarning: Sparsity parameter is too big (0.01) and eliminated all coefficients
  warnings.warn(
/pfs/data6/home/ka/ka_iai/ka_bj2362/dsr/.venv_svise/lib64/python3.9/site-packages/pysindy/optimizers/stlsq.py:193: UserWarning: Sparsity parameter is too big (0.01) and eliminated all coefficients
  warnings.warn(
/pfs/data6/home/ka/ka_iai/ka_bj2362/dsr/.venv_svise/lib64/python3.9/site-packages/pysindy/optimizers/stlsq.py:193: UserWarning: Sparsity parameter is too big (0.01) and eliminated all coefficients
  warnings.warn(
/pfs/data6/home/ka/ka_iai/ka_bj2362/dsr/.venv_svise/lib64/python3.9/site-packages/pysindy/optimizers/stlsq.py:193: UserWarning: Sparsity parameter is too big (0.01) and eliminated all coefficients
  warnings.warn(
/pfs/data6/home/ka/ka_iai/ka_bj2362/dsr/.venv_svise/lib64/python3.9/site-packages/pysindy/optimizers/stlsq.py:193: UserWarning: Sparsity parameter is too big (0.01) and eliminated all coefficients
  warnings.warn(
/pfs/data6/home/ka/ka_iai/ka_bj2362/dsr/.venv_svise/lib64/python3.9/site-packages/pysindy/optimizers/stlsq.py:193: UserWarning: Sparsity parameter is too big (0.01) and eliminated all coefficients
  warnings.warn(
/pfs/data6/home/ka/ka_iai/ka_bj2362/dsr/.venv_svise/lib64/python3.9/site-packages/pysindy/optimizers/stlsq.py:193: UserWarning: Sparsity parameter is too big (0.01) and eliminated all coefficients
  warnings.warn(
/pfs/data6/home/ka/ka_iai/ka_bj2362/dsr/.venv_svise/lib64/python3.9/site-packages/pysindy/optimizers/stlsq.py:193: UserWarning: Sparsity parameter is too big (0.01) and eliminated all coefficients
  warnings.warn(
/pfs/data6/home/ka/ka_iai/ka_bj2362/dsr/.venv_svise/lib64/python3.9/site-packages/pysindy/optimizers/stlsq.py:193: UserWarning: Sparsity parameter is too big (0.01) and eliminated all coefficients
  warnings.warn(
/pfs/data6/home/ka/ka_iai/ka_bj2362/dsr/.venv_svise/lib64/python3.9/site-packages/pysindy/optimizers/stlsq.py:193: UserWarning: Sparsity parameter is too big (0.01) and eliminated all coefficients
  warnings.warn(
/pfs/data6/home/ka/ka_iai/ka_bj2362/dsr/.venv_svise/lib64/python3.9/site-packages/pysindy/optimizers/stlsq.py:193: UserWarning: Sparsity parameter is too big (0.01) and eliminated all coefficients
  warnings.warn(
/pfs/data6/home/ka/ka_iai/ka_bj2362/dsr/.venv_svise/lib64/python3.9/site-packages/pysindy/optimizers/stlsq.py:193: UserWarning: Sparsity parameter is too big (0.01) and eliminated all coefficients
  warnings.warn(
/pfs/data6/home/ka/ka_iai/ka_bj2362/dsr/.venv_svise/lib64/python3.9/site-packages/pysindy/optimizers/stlsq.py:193: UserWarning: Sparsity parameter is too big (0.01) and eliminated all coefficients
  warnings.warn(
/pfs/data6/home/ka/ka_iai/ka_bj2362/dsr/.venv_svise/lib64/python3.9/site-packages/pysindy/optimizers/stlsq.py:193: UserWarning: Sparsity parameter is too big (0.01) and eliminated all coefficients
  warnings.warn(
/pfs/data6/home/ka/ka_iai/ka_bj2362/dsr/.venv_svise/lib64/python3.9/site-packages/pysindy/optimizers/stlsq.py:193: UserWarning: Sparsity parameter is too big (0.01) and eliminated all coefficients
  warnings.warn(
/pfs/data6/home/ka/ka_iai/ka_bj2362/dsr/.venv_svise/lib64/python3.9/site-packages/pysindy/optimizers/stlsq.py:193: UserWarning: Sparsity parameter is too big (0.01) and eliminated all coefficients
  warnings.warn(
/pfs/data6/home/ka/ka_iai/ka_bj2362/dsr/.venv_svise/lib64/python3.9/site-packages/pysindy/optimizers/stlsq.py:193: UserWarning: Sparsity parameter is too big (0.01) and eliminated all coefficients
  warnings.warn(
/pfs/data6/home/ka/ka_iai/ka_bj2362/dsr/.venv_svise/lib64/python3.9/site-packages/pysindy/optimizers/stlsq.py:193: UserWarning: Sparsity parameter is too big (0.01) and eliminated all coefficients
  warnings.warn(
    Chunk 250/300 | Running mean RMSE omega: 0.093051 | Valid: 250/250
/pfs/data6/home/ka/ka_iai/ka_bj2362/dsr/.venv_svise/lib64/python3.9/site-packages/pysindy/optimizers/stlsq.py:193: UserWarning: Sparsity parameter is too big (0.01) and eliminated all coefficients
  warnings.warn(
/pfs/data6/home/ka/ka_iai/ka_bj2362/dsr/.venv_svise/lib64/python3.9/site-packages/pysindy/optimizers/stlsq.py:193: UserWarning: Sparsity parameter is too big (0.01) and eliminated all coefficients
  warnings.warn(
/pfs/data6/home/ka/ka_iai/ka_bj2362/dsr/.venv_svise/lib64/python3.9/site-packages/pysindy/optimizers/stlsq.py:193: UserWarning: Sparsity parameter is too big (0.01) and eliminated all coefficients
  warnings.warn(
/pfs/data6/home/ka/ka_iai/ka_bj2362/dsr/.venv_svise/lib64/python3.9/site-packages/pysindy/optimizers/stlsq.py:193: UserWarning: Sparsity parameter is too big (0.01) and eliminated all coefficients
  warnings.warn(
/pfs/data6/home/ka/ka_iai/ka_bj2362/dsr/.venv_svise/lib64/python3.9/site-packages/pysindy/optimizers/stlsq.py:193: UserWarning: Sparsity parameter is too big (0.01) and eliminated all coefficients
  warnings.warn(
/pfs/data6/home/ka/ka_iai/ka_bj2362/dsr/.venv_svise/lib64/python3.9/site-packages/pysindy/optimizers/stlsq.py:193: UserWarning: Sparsity parameter is too big (0.01) and eliminated all coefficients
  warnings.warn(
/pfs/data6/home/ka/ka_iai/ka_bj2362/dsr/.venv_svise/lib64/python3.9/site-packages/pysindy/optimizers/stlsq.py:193: UserWarning: Sparsity parameter is too big (0.01) and eliminated all coefficients
  warnings.warn(
/pfs/data6/home/ka/ka_iai/ka_bj2362/dsr/.venv_svise/lib64/python3.9/site-packages/pysindy/optimizers/stlsq.py:193: UserWarning: Sparsity parameter is too big (0.01) and eliminated all coefficients
  warnings.warn(
/pfs/data6/home/ka/ka_iai/ka_bj2362/dsr/.venv_svise/lib64/python3.9/site-packages/pysindy/optimizers/stlsq.py:193: UserWarning: Sparsity parameter is too big (0.01) and eliminated all coefficients
  warnings.warn(
/pfs/data6/home/ka/ka_iai/ka_bj2362/dsr/.venv_svise/lib64/python3.9/site-packages/pysindy/optimizers/stlsq.py:193: UserWarning: Sparsity parameter is too big (0.01) and eliminated all coefficients
  warnings.warn(
/pfs/data6/home/ka/ka_iai/ka_bj2362/dsr/.venv_svise/lib64/python3.9/site-packages/pysindy/optimizers/stlsq.py:193: UserWarning: Sparsity parameter is too big (0.01) and eliminated all coefficients
  warnings.warn(
/pfs/data6/home/ka/ka_iai/ka_bj2362/dsr/.venv_svise/lib64/python3.9/site-packages/pysindy/optimizers/stlsq.py:193: UserWarning: Sparsity parameter is too big (0.01) and eliminated all coefficients
  warnings.warn(
/pfs/data6/home/ka/ka_iai/ka_bj2362/dsr/.venv_svise/lib64/python3.9/site-packages/pysindy/optimizers/stlsq.py:193: UserWarning: Sparsity parameter is too big (0.01) and eliminated all coefficients
  warnings.warn(
/pfs/data6/home/ka/ka_iai/ka_bj2362/dsr/.venv_svise/lib64/python3.9/site-packages/pysindy/optimizers/stlsq.py:193: UserWarning: Sparsity parameter is too big (0.01) and eliminated all coefficients
  warnings.warn(
/pfs/data6/home/ka/ka_iai/ka_bj2362/dsr/.venv_svise/lib64/python3.9/site-packages/pysindy/optimizers/stlsq.py:193: UserWarning: Sparsity parameter is too big (0.01) and eliminated all coefficients
  warnings.warn(
/pfs/data6/home/ka/ka_iai/ka_bj2362/dsr/.venv_svise/lib64/python3.9/site-packages/pysindy/optimizers/stlsq.py:193: UserWarning: Sparsity parameter is too big (0.01) and eliminated all coefficients
  warnings.warn(
/pfs/data6/home/ka/ka_iai/ka_bj2362/dsr/.venv_svise/lib64/python3.9/site-packages/pysindy/optimizers/stlsq.py:193: UserWarning: Sparsity parameter is too big (0.01) and eliminated all coefficients
  warnings.warn(
/pfs/data6/home/ka/ka_iai/ka_bj2362/dsr/.venv_svise/lib64/python3.9/site-packages/pysindy/optimizers/stlsq.py:193: UserWarning: Sparsity parameter is too big (0.01) and eliminated all coefficients
  warnings.warn(
/pfs/data6/home/ka/ka_iai/ka_bj2362/dsr/.venv_svise/lib64/python3.9/site-packages/pysindy/optimizers/stlsq.py:193: UserWarning: Sparsity parameter is too big (0.01) and eliminated all coefficients
  warnings.warn(
/pfs/data6/home/ka/ka_iai/ka_bj2362/dsr/.venv_svise/lib64/python3.9/site-packages/pysindy/optimizers/stlsq.py:193: UserWarning: Sparsity parameter is too big (0.01) and eliminated all coefficients
  warnings.warn(
/pfs/data6/home/ka/ka_iai/ka_bj2362/dsr/.venv_svise/lib64/python3.9/site-packages/pysindy/optimizers/stlsq.py:193: UserWarning: Sparsity parameter is too big (0.01) and eliminated all coefficients
  warnings.warn(
/pfs/data6/home/ka/ka_iai/ka_bj2362/dsr/.venv_svise/lib64/python3.9/site-packages/pysindy/optimizers/stlsq.py:193: UserWarning: Sparsity parameter is too big (0.01) and eliminated all coefficients
  warnings.warn(
/pfs/data6/home/ka/ka_iai/ka_bj2362/dsr/.venv_svise/lib64/python3.9/site-packages/pysindy/optimizers/stlsq.py:193: UserWarning: Sparsity parameter is too big (0.01) and eliminated all coefficients
  warnings.warn(
/pfs/data6/home/ka/ka_iai/ka_bj2362/dsr/.venv_svise/lib64/python3.9/site-packages/pysindy/optimizers/stlsq.py:193: UserWarning: Sparsity parameter is too big (0.01) and eliminated all coefficients
  warnings.warn(
/pfs/data6/home/ka/ka_iai/ka_bj2362/dsr/.venv_svise/lib64/python3.9/site-packages/pysindy/optimizers/stlsq.py:193: UserWarning: Sparsity parameter is too big (0.01) and eliminated all coefficients
  warnings.warn(
/pfs/data6/home/ka/ka_iai/ka_bj2362/dsr/.venv_svise/lib64/python3.9/site-packages/pysindy/optimizers/stlsq.py:193: UserWarning: Sparsity parameter is too big (0.01) and eliminated all coefficients
  warnings.warn(
/pfs/data6/home/ka/ka_iai/ka_bj2362/dsr/.venv_svise/lib64/python3.9/site-packages/pysindy/optimizers/stlsq.py:193: UserWarning: Sparsity parameter is too big (0.01) and eliminated all coefficients
  warnings.warn(
/pfs/data6/home/ka/ka_iai/ka_bj2362/dsr/.venv_svise/lib64/python3.9/site-packages/pysindy/optimizers/stlsq.py:193: UserWarning: Sparsity parameter is too big (0.01) and eliminated all coefficients
  warnings.warn(
/pfs/data6/home/ka/ka_iai/ka_bj2362/dsr/.venv_svise/lib64/python3.9/site-packages/pysindy/optimizers/stlsq.py:193: UserWarning: Sparsity parameter is too big (0.01) and eliminated all coefficients
  warnings.warn(
/pfs/data6/home/ka/ka_iai/ka_bj2362/dsr/.venv_svise/lib64/python3.9/site-packages/pysindy/optimizers/stlsq.py:193: UserWarning: Sparsity parameter is too big (0.01) and eliminated all coefficients
  warnings.warn(
/pfs/data6/home/ka/ka_iai/ka_bj2362/dsr/.venv_svise/lib64/python3.9/site-packages/pysindy/optimizers/stlsq.py:193: UserWarning: Sparsity parameter is too big (0.01) and eliminated all coefficients
  warnings.warn(
/pfs/data6/home/ka/ka_iai/ka_bj2362/dsr/.venv_svise/lib64/python3.9/site-packages/pysindy/optimizers/stlsq.py:193: UserWarning: Sparsity parameter is too big (0.01) and eliminated all coefficients
  warnings.warn(
/pfs/data6/home/ka/ka_iai/ka_bj2362/dsr/.venv_svise/lib64/python3.9/site-packages/pysindy/optimizers/stlsq.py:193: UserWarning: Sparsity parameter is too big (0.01) and eliminated all coefficients
  warnings.warn(
/pfs/data6/home/ka/ka_iai/ka_bj2362/dsr/.venv_svise/lib64/python3.9/site-packages/pysindy/optimizers/stlsq.py:193: UserWarning: Sparsity parameter is too big (0.01) and eliminated all coefficients
  warnings.warn(
/pfs/data6/home/ka/ka_iai/ka_bj2362/dsr/.venv_svise/lib64/python3.9/site-packages/pysindy/optimizers/stlsq.py:193: UserWarning: Sparsity parameter is too big (0.01) and eliminated all coefficients
  warnings.warn(
/pfs/data6/home/ka/ka_iai/ka_bj2362/dsr/.venv_svise/lib64/python3.9/site-packages/pysindy/optimizers/stlsq.py:193: UserWarning: Sparsity parameter is too big (0.01) and eliminated all coefficients
  warnings.warn(
/pfs/data6/home/ka/ka_iai/ka_bj2362/dsr/.venv_svise/lib64/python3.9/site-packages/pysindy/optimizers/stlsq.py:193: UserWarning: Sparsity parameter is too big (0.01) and eliminated all coefficients
  warnings.warn(
/pfs/data6/home/ka/ka_iai/ka_bj2362/dsr/.venv_svise/lib64/python3.9/site-packages/pysindy/optimizers/stlsq.py:193: UserWarning: Sparsity parameter is too big (0.01) and eliminated all coefficients
  warnings.warn(
/pfs/data6/home/ka/ka_iai/ka_bj2362/dsr/.venv_svise/lib64/python3.9/site-packages/pysindy/optimizers/stlsq.py:193: UserWarning: Sparsity parameter is too big (0.01) and eliminated all coefficients
  warnings.warn(
/pfs/data6/home/ka/ka_iai/ka_bj2362/dsr/.venv_svise/lib64/python3.9/site-packages/pysindy/optimizers/stlsq.py:193: UserWarning: Sparsity parameter is too big (0.01) and eliminated all coefficients
  warnings.warn(
/pfs/data6/home/ka/ka_iai/ka_bj2362/dsr/.venv_svise/lib64/python3.9/site-packages/pysindy/optimizers/stlsq.py:193: UserWarning: Sparsity parameter is too big (0.01) and eliminated all coefficients
  warnings.warn(
/pfs/data6/home/ka/ka_iai/ka_bj2362/dsr/.venv_svise/lib64/python3.9/site-packages/pysindy/optimizers/stlsq.py:193: UserWarning: Sparsity parameter is too big (0.01) and eliminated all coefficients
  warnings.warn(
/pfs/data6/home/ka/ka_iai/ka_bj2362/dsr/.venv_svise/lib64/python3.9/site-packages/pysindy/optimizers/stlsq.py:193: UserWarning: Sparsity parameter is too big (0.01) and eliminated all coefficients
  warnings.warn(
/pfs/data6/home/ka/ka_iai/ka_bj2362/dsr/.venv_svise/lib64/python3.9/site-packages/pysindy/optimizers/stlsq.py:193: UserWarning: Sparsity parameter is too big (0.01) and eliminated all coefficients
  warnings.warn(
/pfs/data6/home/ka/ka_iai/ka_bj2362/dsr/.venv_svise/lib64/python3.9/site-packages/pysindy/optimizers/stlsq.py:193: UserWarning: Sparsity parameter is too big (0.01) and eliminated all coefficients
  warnings.warn(
/pfs/data6/home/ka/ka_iai/ka_bj2362/dsr/.venv_svise/lib64/python3.9/site-packages/pysindy/optimizers/stlsq.py:193: UserWarning: Sparsity parameter is too big (0.01) and eliminated all coefficients
  warnings.warn(
/pfs/data6/home/ka/ka_iai/ka_bj2362/dsr/.venv_svise/lib64/python3.9/site-packages/pysindy/optimizers/stlsq.py:193: UserWarning: Sparsity parameter is too big (0.01) and eliminated all coefficients
  warnings.warn(
/pfs/data6/home/ka/ka_iai/ka_bj2362/dsr/.venv_svise/lib64/python3.9/site-packages/pysindy/optimizers/stlsq.py:193: UserWarning: Sparsity parameter is too big (0.01) and eliminated all coefficients
  warnings.warn(
/pfs/data6/home/ka/ka_iai/ka_bj2362/dsr/.venv_svise/lib64/python3.9/site-packages/pysindy/optimizers/stlsq.py:193: UserWarning: Sparsity parameter is too big (0.01) and eliminated all coefficients
  warnings.warn(
/pfs/data6/home/ka/ka_iai/ka_bj2362/dsr/.venv_svise/lib64/python3.9/site-packages/pysindy/optimizers/stlsq.py:193: UserWarning: Sparsity parameter is too big (0.01) and eliminated all coefficients
  warnings.warn(
/pfs/data6/home/ka/ka_iai/ka_bj2362/dsr/.venv_svise/lib64/python3.9/site-packages/pysindy/optimizers/stlsq.py:193: UserWarning: Sparsity parameter is too big (0.01) and eliminated all coefficients
  warnings.warn(
/pfs/data6/home/ka/ka_iai/ka_bj2362/dsr/.venv_svise/lib64/python3.9/site-packages/pysindy/optimizers/stlsq.py:193: UserWarning: Sparsity parameter is too big (0.01) and eliminated all coefficients
  warnings.warn(
/pfs/data6/home/ka/ka_iai/ka_bj2362/dsr/.venv_svise/lib64/python3.9/site-packages/pysindy/optimizers/stlsq.py:193: UserWarning: Sparsity parameter is too big (0.01) and eliminated all coefficients
  warnings.warn(
/pfs/data6/home/ka/ka_iai/ka_bj2362/dsr/.venv_svise/lib64/python3.9/site-packages/pysindy/optimizers/stlsq.py:193: UserWarning: Sparsity parameter is too big (0.01) and eliminated all coefficients
  warnings.warn(
    Chunk 300/300 | Running mean RMSE omega: 0.091994 | Valid: 300/300
  => Mean RMSE omega: 0.091994 +/- 0.039932
     Median RMSE omega: 0.086167
     Success: 300/300

Combo JSON saved to: /pfs/data6/home/ka/ka_iai/ka_bj2362/dsr/svise/results_sindy_hp_tuning/run_SLURM_3754208/combo_018.json

============================================================
SINDy HP TUNING COMPLETE
============================================================
Results saved to: /pfs/data6/home/ka/ka_iai/ka_bj2362/dsr/svise/results_sindy_hp_tuning/run_SLURM_3754208/hp_tuning_combo_018.csv
Elapsed: 0.2 minutes

Best combination (combo #18):
  sigma: 5
  degree: 1
  threshold: 0.01
  Mean RMSE omega: 0.091994
============================================================

============================= JOB FEEDBACK =============================

NodeName=uc3n029
Job ID: 3769826
Array Job ID: 3754208_18
Cluster: uc3
User/Group: ka_bj2362/ka_iai
State: COMPLETED (exit code 0)
Nodes: 1
Cores per node: 4
CPU Utilized: 00:00:11
CPU Efficiency: 9.82% of 00:01:52 core-walltime
Job Wall-clock time: 00:00:28
Memory Utilized: 2.65 GB
Memory Efficiency: 22.10% of 12.00 GB (12.00 GB/node)
