Array task 158: processing chunks 79000 to 79499
Loading data from /pfs/data6/home/ka/ka_iai/ka_bj2362/dsr/svise/../dataset/South_Korea_2024-08-15_2025-08-31_1s.parquet...
Finding all valid 5-minute chunks in the dataset...
Found 107059 valid 5-minute chunks in total.

============================================================
SINDy ANALYSIS — ALL CHUNKS
============================================================
Sigma: 15, Degree: 2, STLSQ threshold: 1e-10
Total valid chunks in dataset: 107059
Processing chunk range: [79000, 79499] (500 chunks)
============================================================


--- Chunk 79000 (1/500) | Start: 2025-05-26 08:20:00 ---
    RMSE omega (Sim): 0.017202
    Eq omega: 0.012 omega + 0.006 theta omega + -0.260 omega^2
/pfs/data6/home/ka/ka_iai/ka_bj2362/dsr/.venv_svise/lib64/python3.9/site-packages/pysindy/pysindy.py:901: ODEintWarning: Excess work done on this call (perhaps wrong Dfun type). Run with full_output = 1 to get quantitative information.
  return odeint(rhs, x0, t, tfirst=True, **integrator_kws)
    Forward simulation failed: Simulation blew up
/pfs/data6/home/ka/ka_iai/ka_bj2362/dsr/.venv_svise/lib64/python3.9/site-packages/pysindy/pysindy.py:901: ODEintWarning: Excess work done on this call (perhaps wrong Dfun type). Run with full_output = 1 to get quantitative information.
  return odeint(rhs, x0, t, tfirst=True, **integrator_kws)
    Forward simulation failed: Simulation blew up
/pfs/data6/home/ka/ka_iai/ka_bj2362/dsr/.venv_svise/lib64/python3.9/site-packages/pysindy/pysindy.py:901: ODEintWarning: Excess work done on this call (perhaps wrong Dfun type). Run with full_output = 1 to get quantitative information.
  return odeint(rhs, x0, t, tfirst=True, **integrator_kws)
    Forward simulation failed: Simulation blew up
/pfs/data6/home/ka/ka_iai/ka_bj2362/dsr/.venv_svise/lib64/python3.9/site-packages/pysindy/pysindy.py:901: ODEintWarning: Excess work done on this call (perhaps wrong Dfun type). Run with full_output = 1 to get quantitative information.
  return odeint(rhs, x0, t, tfirst=True, **integrator_kws)
    Forward simulation failed: Simulation blew up
/pfs/data6/home/ka/ka_iai/ka_bj2362/dsr/.venv_svise/lib64/python3.9/site-packages/pysindy/pysindy.py:901: ODEintWarning: Excess work done on this call (perhaps wrong Dfun type). Run with full_output = 1 to get quantitative information.
  return odeint(rhs, x0, t, tfirst=True, **integrator_kws)
    Forward simulation failed: Simulation blew up
/pfs/data6/home/ka/ka_iai/ka_bj2362/dsr/.venv_svise/lib64/python3.9/site-packages/pysindy/pysindy.py:901: ODEintWarning: Excess work done on this call (perhaps wrong Dfun type). Run with full_output = 1 to get quantitative information.
  return odeint(rhs, x0, t, tfirst=True, **integrator_kws)
    Forward simulation failed: Simulation blew up
/pfs/data6/home/ka/ka_iai/ka_bj2362/dsr/.venv_svise/lib64/python3.9/site-packages/pysindy/pysindy.py:901: ODEintWarning: Excess work done on this call (perhaps wrong Dfun type). Run with full_output = 1 to get quantitative information.
  return odeint(rhs, x0, t, tfirst=True, **integrator_kws)
    Forward simulation failed: Simulation blew up
/pfs/data6/home/ka/ka_iai/ka_bj2362/dsr/.venv_svise/lib64/python3.9/site-packages/pysindy/pysindy.py:901: ODEintWarning: Excess work done on this call (perhaps wrong Dfun type). Run with full_output = 1 to get quantitative information.
  return odeint(rhs, x0, t, tfirst=True, **integrator_kws)
    Forward simulation failed: Simulation blew up
/pfs/data6/home/ka/ka_iai/ka_bj2362/dsr/.venv_svise/lib64/python3.9/site-packages/pysindy/pysindy.py:901: ODEintWarning: Excess work done on this call (perhaps wrong Dfun type). Run with full_output = 1 to get quantitative information.
  return odeint(rhs, x0, t, tfirst=True, **integrator_kws)
    Forward simulation failed: Simulation blew up
/pfs/data6/home/ka/ka_iai/ka_bj2362/dsr/.venv_svise/lib64/python3.9/site-packages/pysindy/pysindy.py:901: ODEintWarning: Excess work done on this call (perhaps wrong Dfun type). Run with full_output = 1 to get quantitative information.
  return odeint(rhs, x0, t, tfirst=True, **integrator_kws)
    Forward simulation failed: Simulation blew up
/pfs/data6/home/ka/ka_iai/ka_bj2362/dsr/.venv_svise/lib64/python3.9/site-packages/pysindy/pysindy.py:901: ODEintWarning: Excess work done on this call (perhaps wrong Dfun type). Run with full_output = 1 to get quantitative information.
  return odeint(rhs, x0, t, tfirst=True, **integrator_kws)
    Forward simulation failed: Simulation blew up
/pfs/data6/home/ka/ka_iai/ka_bj2362/dsr/.venv_svise/lib64/python3.9/site-packages/pysindy/pysindy.py:901: ODEintWarning: Excess work done on this call (perhaps wrong Dfun type). Run with full_output = 1 to get quantitative information.
  return odeint(rhs, x0, t, tfirst=True, **integrator_kws)
    Forward simulation failed: Simulation blew up
/pfs/data6/home/ka/ka_iai/ka_bj2362/dsr/.venv_svise/lib64/python3.9/site-packages/pysindy/pysindy.py:901: ODEintWarning: Excess work done on this call (perhaps wrong Dfun type). Run with full_output = 1 to get quantitative information.
  return odeint(rhs, x0, t, tfirst=True, **integrator_kws)
    Forward simulation failed: Simulation blew up
/pfs/data6/home/ka/ka_iai/ka_bj2362/dsr/.venv_svise/lib64/python3.9/site-packages/pysindy/pysindy.py:901: ODEintWarning: Excess work done on this call (perhaps wrong Dfun type). Run with full_output = 1 to get quantitative information.
  return odeint(rhs, x0, t, tfirst=True, **integrator_kws)
    Forward simulation failed: Simulation blew up
/pfs/data6/home/ka/ka_iai/ka_bj2362/dsr/.venv_svise/lib64/python3.9/site-packages/pysindy/pysindy.py:901: ODEintWarning: Excess work done on this call (perhaps wrong Dfun type). Run with full_output = 1 to get quantitative information.
  return odeint(rhs, x0, t, tfirst=True, **integrator_kws)
    Forward simulation failed: Simulation blew up
/pfs/data6/home/ka/ka_iai/ka_bj2362/dsr/.venv_svise/lib64/python3.9/site-packages/pysindy/pysindy.py:901: ODEintWarning: Excess work done on this call (perhaps wrong Dfun type). Run with full_output = 1 to get quantitative information.
  return odeint(rhs, x0, t, tfirst=True, **integrator_kws)
    Forward simulation failed: Simulation blew up
/pfs/data6/home/ka/ka_iai/ka_bj2362/dsr/.venv_svise/lib64/python3.9/site-packages/pysindy/pysindy.py:901: ODEintWarning: Excess work done on this call (perhaps wrong Dfun type). Run with full_output = 1 to get quantitative information.
  return odeint(rhs, x0, t, tfirst=True, **integrator_kws)
    Forward simulation failed: Simulation blew up
/pfs/data6/home/ka/ka_iai/ka_bj2362/dsr/.venv_svise/lib64/python3.9/site-packages/pysindy/pysindy.py:901: ODEintWarning: Excess work done on this call (perhaps wrong Dfun type). Run with full_output = 1 to get quantitative information.
  return odeint(rhs, x0, t, tfirst=True, **integrator_kws)
    Forward simulation failed: Simulation blew up
    RMSE omega (Sim): 0.099745
    Eq omega: -0.003 omega + -0.041 omega^2

--- Chunk 79100 (101/500) | Start: 2025-05-26 16:40:00 ---
    Forward simulation failed: Simulation blew up
/pfs/data6/home/ka/ka_iai/ka_bj2362/dsr/.venv_svise/lib64/python3.9/site-packages/pysindy/pysindy.py:901: ODEintWarning: Excess work done on this call (perhaps wrong Dfun type). Run with full_output = 1 to get quantitative information.
  return odeint(rhs, x0, t, tfirst=True, **integrator_kws)
    Forward simulation failed: Simulation blew up
/pfs/data6/home/ka/ka_iai/ka_bj2362/dsr/.venv_svise/lib64/python3.9/site-packages/pysindy/pysindy.py:901: ODEintWarning: Excess work done on this call (perhaps wrong Dfun type). Run with full_output = 1 to get quantitative information.
  return odeint(rhs, x0, t, tfirst=True, **integrator_kws)
    Forward simulation failed: Simulation blew up
/pfs/data6/home/ka/ka_iai/ka_bj2362/dsr/.venv_svise/lib64/python3.9/site-packages/pysindy/pysindy.py:901: ODEintWarning: Excess work done on this call (perhaps wrong Dfun type). Run with full_output = 1 to get quantitative information.
  return odeint(rhs, x0, t, tfirst=True, **integrator_kws)
    Forward simulation failed: Simulation blew up
/pfs/data6/home/ka/ka_iai/ka_bj2362/dsr/.venv_svise/lib64/python3.9/site-packages/pysindy/pysindy.py:901: ODEintWarning: Excess work done on this call (perhaps wrong Dfun type). Run with full_output = 1 to get quantitative information.
  return odeint(rhs, x0, t, tfirst=True, **integrator_kws)
    Forward simulation failed: Simulation blew up
/pfs/data6/home/ka/ka_iai/ka_bj2362/dsr/.venv_svise/lib64/python3.9/site-packages/pysindy/pysindy.py:901: ODEintWarning: Excess work done on this call (perhaps wrong Dfun type). Run with full_output = 1 to get quantitative information.
  return odeint(rhs, x0, t, tfirst=True, **integrator_kws)
    Forward simulation failed: Simulation blew up
/pfs/data6/home/ka/ka_iai/ka_bj2362/dsr/.venv_svise/lib64/python3.9/site-packages/pysindy/pysindy.py:901: ODEintWarning: Excess work done on this call (perhaps wrong Dfun type). Run with full_output = 1 to get quantitative information.
  return odeint(rhs, x0, t, tfirst=True, **integrator_kws)
    Forward simulation failed: Simulation blew up
/pfs/data6/home/ka/ka_iai/ka_bj2362/dsr/.venv_svise/lib64/python3.9/site-packages/pysindy/pysindy.py:901: ODEintWarning: Excess work done on this call (perhaps wrong Dfun type). Run with full_output = 1 to get quantitative information.
  return odeint(rhs, x0, t, tfirst=True, **integrator_kws)
    Forward simulation failed: Simulation blew up
/pfs/data6/home/ka/ka_iai/ka_bj2362/dsr/.venv_svise/lib64/python3.9/site-packages/pysindy/pysindy.py:901: ODEintWarning: Excess work done on this call (perhaps wrong Dfun type). Run with full_output = 1 to get quantitative information.
  return odeint(rhs, x0, t, tfirst=True, **integrator_kws)
    Forward simulation failed: Simulation blew up
/pfs/data6/home/ka/ka_iai/ka_bj2362/dsr/.venv_svise/lib64/python3.9/site-packages/pysindy/pysindy.py:901: ODEintWarning: Excess work done on this call (perhaps wrong Dfun type). Run with full_output = 1 to get quantitative information.
  return odeint(rhs, x0, t, tfirst=True, **integrator_kws)
    Forward simulation failed: Simulation blew up
/pfs/data6/home/ka/ka_iai/ka_bj2362/dsr/.venv_svise/lib64/python3.9/site-packages/pysindy/pysindy.py:901: ODEintWarning: Excess work done on this call (perhaps wrong Dfun type). Run with full_output = 1 to get quantitative information.
  return odeint(rhs, x0, t, tfirst=True, **integrator_kws)
    Forward simulation failed: Simulation blew up
/pfs/data6/home/ka/ka_iai/ka_bj2362/dsr/.venv_svise/lib64/python3.9/site-packages/pysindy/pysindy.py:901: ODEintWarning: Excess work done on this call (perhaps wrong Dfun type). Run with full_output = 1 to get quantitative information.
  return odeint(rhs, x0, t, tfirst=True, **integrator_kws)
    Forward simulation failed: Simulation blew up
    Forward simulation failed: Simulation blew up
/pfs/data6/home/ka/ka_iai/ka_bj2362/dsr/.venv_svise/lib64/python3.9/site-packages/pysindy/pysindy.py:901: ODEintWarning: Excess work done on this call (perhaps wrong Dfun type). Run with full_output = 1 to get quantitative information.
  return odeint(rhs, x0, t, tfirst=True, **integrator_kws)
    Forward simulation failed: Simulation blew up
/pfs/data6/home/ka/ka_iai/ka_bj2362/dsr/.venv_svise/lib64/python3.9/site-packages/pysindy/pysindy.py:901: ODEintWarning: Excess work done on this call (perhaps wrong Dfun type). Run with full_output = 1 to get quantitative information.
  return odeint(rhs, x0, t, tfirst=True, **integrator_kws)
    Forward simulation failed: Simulation blew up
/pfs/data6/home/ka/ka_iai/ka_bj2362/dsr/.venv_svise/lib64/python3.9/site-packages/pysindy/pysindy.py:901: ODEintWarning: Excess work done on this call (perhaps wrong Dfun type). Run with full_output = 1 to get quantitative information.
  return odeint(rhs, x0, t, tfirst=True, **integrator_kws)
    Forward simulation failed: Simulation blew up
/pfs/data6/home/ka/ka_iai/ka_bj2362/dsr/.venv_svise/lib64/python3.9/site-packages/pysindy/pysindy.py:901: ODEintWarning: Excess work done on this call (perhaps wrong Dfun type). Run with full_output = 1 to get quantitative information.
  return odeint(rhs, x0, t, tfirst=True, **integrator_kws)
    Forward simulation failed: Simulation blew up
/pfs/data6/home/ka/ka_iai/ka_bj2362/dsr/.venv_svise/lib64/python3.9/site-packages/pysindy/pysindy.py:901: ODEintWarning: Excess work done on this call (perhaps wrong Dfun type). Run with full_output = 1 to get quantitative information.
  return odeint(rhs, x0, t, tfirst=True, **integrator_kws)
    Forward simulation failed: Simulation blew up
/pfs/data6/home/ka/ka_iai/ka_bj2362/dsr/.venv_svise/lib64/python3.9/site-packages/pysindy/pysindy.py:901: ODEintWarning: Excess work done on this call (perhaps wrong Dfun type). Run with full_output = 1 to get quantitative information.
  return odeint(rhs, x0, t, tfirst=True, **integrator_kws)
    Forward simulation failed: Simulation blew up
/pfs/data6/home/ka/ka_iai/ka_bj2362/dsr/.venv_svise/lib64/python3.9/site-packages/pysindy/pysindy.py:901: ODEintWarning: Excess work done on this call (perhaps wrong Dfun type). Run with full_output = 1 to get quantitative information.
  return odeint(rhs, x0, t, tfirst=True, **integrator_kws)
    Forward simulation failed: Simulation blew up
/pfs/data6/home/ka/ka_iai/ka_bj2362/dsr/.venv_svise/lib64/python3.9/site-packages/pysindy/pysindy.py:901: ODEintWarning: Excess work done on this call (perhaps wrong Dfun type). Run with full_output = 1 to get quantitative information.
  return odeint(rhs, x0, t, tfirst=True, **integrator_kws)
    Forward simulation failed: Simulation blew up
    RMSE omega (Sim): 0.044070
    Eq omega: -0.001 1 + -0.004 omega + 0.033 omega^2

--- Chunk 79200 (201/500) | Start: 2025-05-27 01:00:00 ---
    Forward simulation failed: Simulation blew up
/pfs/data6/home/ka/ka_iai/ka_bj2362/dsr/.venv_svise/lib64/python3.9/site-packages/pysindy/pysindy.py:901: ODEintWarning: Excess work done on this call (perhaps wrong Dfun type). Run with full_output = 1 to get quantitative information.
  return odeint(rhs, x0, t, tfirst=True, **integrator_kws)
    Forward simulation failed: Simulation blew up
/pfs/data6/home/ka/ka_iai/ka_bj2362/dsr/.venv_svise/lib64/python3.9/site-packages/pysindy/pysindy.py:901: ODEintWarning: Excess work done on this call (perhaps wrong Dfun type). Run with full_output = 1 to get quantitative information.
  return odeint(rhs, x0, t, tfirst=True, **integrator_kws)
    Forward simulation failed: Simulation blew up
/pfs/data6/home/ka/ka_iai/ka_bj2362/dsr/.venv_svise/lib64/python3.9/site-packages/pysindy/pysindy.py:901: ODEintWarning: Excess work done on this call (perhaps wrong Dfun type). Run with full_output = 1 to get quantitative information.
  return odeint(rhs, x0, t, tfirst=True, **integrator_kws)
    Forward simulation failed: Simulation blew up
/pfs/data6/home/ka/ka_iai/ka_bj2362/dsr/.venv_svise/lib64/python3.9/site-packages/pysindy/pysindy.py:901: ODEintWarning: Excess work done on this call (perhaps wrong Dfun type). Run with full_output = 1 to get quantitative information.
  return odeint(rhs, x0, t, tfirst=True, **integrator_kws)
    Forward simulation failed: Simulation blew up
/pfs/data6/home/ka/ka_iai/ka_bj2362/dsr/.venv_svise/lib64/python3.9/site-packages/pysindy/pysindy.py:901: ODEintWarning: Excess work done on this call (perhaps wrong Dfun type). Run with full_output = 1 to get quantitative information.
  return odeint(rhs, x0, t, tfirst=True, **integrator_kws)
    Forward simulation failed: Simulation blew up
    Forward simulation failed: Simulation blew up
/pfs/data6/home/ka/ka_iai/ka_bj2362/dsr/.venv_svise/lib64/python3.9/site-packages/pysindy/pysindy.py:901: ODEintWarning: Excess work done on this call (perhaps wrong Dfun type). Run with full_output = 1 to get quantitative information.
  return odeint(rhs, x0, t, tfirst=True, **integrator_kws)
    Forward simulation failed: Simulation blew up
/pfs/data6/home/ka/ka_iai/ka_bj2362/dsr/.venv_svise/lib64/python3.9/site-packages/pysindy/pysindy.py:901: ODEintWarning: Excess work done on this call (perhaps wrong Dfun type). Run with full_output = 1 to get quantitative information.
  return odeint(rhs, x0, t, tfirst=True, **integrator_kws)
    Forward simulation failed: Simulation blew up
/pfs/data6/home/ka/ka_iai/ka_bj2362/dsr/.venv_svise/lib64/python3.9/site-packages/pysindy/pysindy.py:901: ODEintWarning: Excess work done on this call (perhaps wrong Dfun type). Run with full_output = 1 to get quantitative information.
  return odeint(rhs, x0, t, tfirst=True, **integrator_kws)
    Forward simulation failed: Simulation blew up
/pfs/data6/home/ka/ka_iai/ka_bj2362/dsr/.venv_svise/lib64/python3.9/site-packages/pysindy/pysindy.py:901: ODEintWarning: Excess work done on this call (perhaps wrong Dfun type). Run with full_output = 1 to get quantitative information.
  return odeint(rhs, x0, t, tfirst=True, **integrator_kws)
    Forward simulation failed: Simulation blew up
/pfs/data6/home/ka/ka_iai/ka_bj2362/dsr/.venv_svise/lib64/python3.9/site-packages/pysindy/pysindy.py:901: ODEintWarning: Excess work done on this call (perhaps wrong Dfun type). Run with full_output = 1 to get quantitative information.
  return odeint(rhs, x0, t, tfirst=True, **integrator_kws)
    Forward simulation failed: Simulation blew up
/pfs/data6/home/ka/ka_iai/ka_bj2362/dsr/.venv_svise/lib64/python3.9/site-packages/pysindy/pysindy.py:901: ODEintWarning: Excess work done on this call (perhaps wrong Dfun type). Run with full_output = 1 to get quantitative information.
  return odeint(rhs, x0, t, tfirst=True, **integrator_kws)
    Forward simulation failed: Simulation blew up
/pfs/data6/home/ka/ka_iai/ka_bj2362/dsr/.venv_svise/lib64/python3.9/site-packages/pysindy/pysindy.py:901: ODEintWarning: Excess work done on this call (perhaps wrong Dfun type). Run with full_output = 1 to get quantitative information.
  return odeint(rhs, x0, t, tfirst=True, **integrator_kws)
    Forward simulation failed: Simulation blew up
/pfs/data6/home/ka/ka_iai/ka_bj2362/dsr/.venv_svise/lib64/python3.9/site-packages/pysindy/pysindy.py:901: ODEintWarning: Excess work done on this call (perhaps wrong Dfun type). Run with full_output = 1 to get quantitative information.
  return odeint(rhs, x0, t, tfirst=True, **integrator_kws)
    Forward simulation failed: Simulation blew up
/pfs/data6/home/ka/ka_iai/ka_bj2362/dsr/.venv_svise/lib64/python3.9/site-packages/pysindy/pysindy.py:901: ODEintWarning: Excess work done on this call (perhaps wrong Dfun type). Run with full_output = 1 to get quantitative information.
  return odeint(rhs, x0, t, tfirst=True, **integrator_kws)
    Forward simulation failed: Simulation blew up
    Forward simulation failed: Simulation blew up
/pfs/data6/home/ka/ka_iai/ka_bj2362/dsr/.venv_svise/lib64/python3.9/site-packages/pysindy/pysindy.py:901: ODEintWarning: Excess work done on this call (perhaps wrong Dfun type). Run with full_output = 1 to get quantitative information.
  return odeint(rhs, x0, t, tfirst=True, **integrator_kws)
    Forward simulation failed: Simulation blew up
/pfs/data6/home/ka/ka_iai/ka_bj2362/dsr/.venv_svise/lib64/python3.9/site-packages/pysindy/pysindy.py:901: ODEintWarning: Excess work done on this call (perhaps wrong Dfun type). Run with full_output = 1 to get quantitative information.
  return odeint(rhs, x0, t, tfirst=True, **integrator_kws)
    Forward simulation failed: Simulation blew up
/pfs/data6/home/ka/ka_iai/ka_bj2362/dsr/.venv_svise/lib64/python3.9/site-packages/pysindy/pysindy.py:901: ODEintWarning: Excess work done on this call (perhaps wrong Dfun type). Run with full_output = 1 to get quantitative information.
  return odeint(rhs, x0, t, tfirst=True, **integrator_kws)
    Forward simulation failed: Simulation blew up
/pfs/data6/home/ka/ka_iai/ka_bj2362/dsr/.venv_svise/lib64/python3.9/site-packages/pysindy/pysindy.py:901: ODEintWarning: Excess work done on this call (perhaps wrong Dfun type). Run with full_output = 1 to get quantitative information.
  return odeint(rhs, x0, t, tfirst=True, **integrator_kws)
    Forward simulation failed: Simulation blew up
    RMSE omega (Sim): 0.027577
    Eq omega: 0.002 1 + 0.001 theta + 0.004 omega + 0.002 theta omega + 0.029 omega^2

--- Chunk 79300 (301/500) | Start: 2025-05-27 09:20:00 ---
    Forward simulation failed: Simulation blew up
/pfs/data6/home/ka/ka_iai/ka_bj2362/dsr/.venv_svise/lib64/python3.9/site-packages/pysindy/pysindy.py:901: ODEintWarning: Excess work done on this call (perhaps wrong Dfun type). Run with full_output = 1 to get quantitative information.
  return odeint(rhs, x0, t, tfirst=True, **integrator_kws)
    Forward simulation failed: Simulation blew up
/pfs/data6/home/ka/ka_iai/ka_bj2362/dsr/.venv_svise/lib64/python3.9/site-packages/pysindy/pysindy.py:901: ODEintWarning: Excess work done on this call (perhaps wrong Dfun type). Run with full_output = 1 to get quantitative information.
  return odeint(rhs, x0, t, tfirst=True, **integrator_kws)
    Forward simulation failed: Simulation blew up
/pfs/data6/home/ka/ka_iai/ka_bj2362/dsr/.venv_svise/lib64/python3.9/site-packages/pysindy/pysindy.py:901: ODEintWarning: Excess work done on this call (perhaps wrong Dfun type). Run with full_output = 1 to get quantitative information.
  return odeint(rhs, x0, t, tfirst=True, **integrator_kws)
    Forward simulation failed: Simulation blew up
/pfs/data6/home/ka/ka_iai/ka_bj2362/dsr/.venv_svise/lib64/python3.9/site-packages/pysindy/pysindy.py:901: ODEintWarning: Excess work done on this call (perhaps wrong Dfun type). Run with full_output = 1 to get quantitative information.
  return odeint(rhs, x0, t, tfirst=True, **integrator_kws)
    Forward simulation failed: Simulation blew up
/pfs/data6/home/ka/ka_iai/ka_bj2362/dsr/.venv_svise/lib64/python3.9/site-packages/pysindy/pysindy.py:901: ODEintWarning: Excess work done on this call (perhaps wrong Dfun type). Run with full_output = 1 to get quantitative information.
  return odeint(rhs, x0, t, tfirst=True, **integrator_kws)
    Forward simulation failed: Simulation blew up
/pfs/data6/home/ka/ka_iai/ka_bj2362/dsr/.venv_svise/lib64/python3.9/site-packages/pysindy/pysindy.py:901: ODEintWarning: Excess work done on this call (perhaps wrong Dfun type). Run with full_output = 1 to get quantitative information.
  return odeint(rhs, x0, t, tfirst=True, **integrator_kws)
    Forward simulation failed: Simulation blew up
/pfs/data6/home/ka/ka_iai/ka_bj2362/dsr/.venv_svise/lib64/python3.9/site-packages/pysindy/pysindy.py:901: ODEintWarning: Excess work done on this call (perhaps wrong Dfun type). Run with full_output = 1 to get quantitative information.
  return odeint(rhs, x0, t, tfirst=True, **integrator_kws)
    Forward simulation failed: Simulation blew up
/pfs/data6/home/ka/ka_iai/ka_bj2362/dsr/.venv_svise/lib64/python3.9/site-packages/pysindy/pysindy.py:901: ODEintWarning: Excess work done on this call (perhaps wrong Dfun type). Run with full_output = 1 to get quantitative information.
  return odeint(rhs, x0, t, tfirst=True, **integrator_kws)
    Forward simulation failed: Simulation blew up
/pfs/data6/home/ka/ka_iai/ka_bj2362/dsr/.venv_svise/lib64/python3.9/site-packages/pysindy/pysindy.py:901: ODEintWarning: Excess work done on this call (perhaps wrong Dfun type). Run with full_output = 1 to get quantitative information.
  return odeint(rhs, x0, t, tfirst=True, **integrator_kws)
    Forward simulation failed: Simulation blew up
/pfs/data6/home/ka/ka_iai/ka_bj2362/dsr/.venv_svise/lib64/python3.9/site-packages/pysindy/pysindy.py:901: ODEintWarning: Excess work done on this call (perhaps wrong Dfun type). Run with full_output = 1 to get quantitative information.
  return odeint(rhs, x0, t, tfirst=True, **integrator_kws)
    Forward simulation failed: Simulation blew up
/pfs/data6/home/ka/ka_iai/ka_bj2362/dsr/.venv_svise/lib64/python3.9/site-packages/pysindy/pysindy.py:901: ODEintWarning: Excess work done on this call (perhaps wrong Dfun type). Run with full_output = 1 to get quantitative information.
  return odeint(rhs, x0, t, tfirst=True, **integrator_kws)
    Forward simulation failed: Simulation blew up
/pfs/data6/home/ka/ka_iai/ka_bj2362/dsr/.venv_svise/lib64/python3.9/site-packages/pysindy/pysindy.py:901: ODEintWarning: Excess work done on this call (perhaps wrong Dfun type). Run with full_output = 1 to get quantitative information.
  return odeint(rhs, x0, t, tfirst=True, **integrator_kws)
    Forward simulation failed: Simulation blew up
/pfs/data6/home/ka/ka_iai/ka_bj2362/dsr/.venv_svise/lib64/python3.9/site-packages/pysindy/pysindy.py:901: ODEintWarning: Excess work done on this call (perhaps wrong Dfun type). Run with full_output = 1 to get quantitative information.
  return odeint(rhs, x0, t, tfirst=True, **integrator_kws)
    Forward simulation failed: Simulation blew up
/pfs/data6/home/ka/ka_iai/ka_bj2362/dsr/.venv_svise/lib64/python3.9/site-packages/pysindy/pysindy.py:901: ODEintWarning: Excess work done on this call (perhaps wrong Dfun type). Run with full_output = 1 to get quantitative information.
  return odeint(rhs, x0, t, tfirst=True, **integrator_kws)
    Forward simulation failed: Simulation blew up
/pfs/data6/home/ka/ka_iai/ka_bj2362/dsr/.venv_svise/lib64/python3.9/site-packages/pysindy/pysindy.py:901: ODEintWarning: Excess work done on this call (perhaps wrong Dfun type). Run with full_output = 1 to get quantitative information.
  return odeint(rhs, x0, t, tfirst=True, **integrator_kws)
    Forward simulation failed: Simulation blew up
/pfs/data6/home/ka/ka_iai/ka_bj2362/dsr/.venv_svise/lib64/python3.9/site-packages/pysindy/pysindy.py:901: ODEintWarning: Excess work done on this call (perhaps wrong Dfun type). Run with full_output = 1 to get quantitative information.
  return odeint(rhs, x0, t, tfirst=True, **integrator_kws)
    Forward simulation failed: Simulation blew up
/pfs/data6/home/ka/ka_iai/ka_bj2362/dsr/.venv_svise/lib64/python3.9/site-packages/pysindy/pysindy.py:901: ODEintWarning: Excess work done on this call (perhaps wrong Dfun type). Run with full_output = 1 to get quantitative information.
  return odeint(rhs, x0, t, tfirst=True, **integrator_kws)
    Forward simulation failed: Simulation blew up
    RMSE omega (Sim): 0.013020
    Eq omega: -0.002 1 + -0.011 omega + -0.001 theta omega + 0.100 omega^2

--- Chunk 79400 (401/500) | Start: 2025-05-27 17:40:00 ---
/pfs/data6/home/ka/ka_iai/ka_bj2362/dsr/.venv_svise/lib64/python3.9/site-packages/pysindy/pysindy.py:901: ODEintWarning: Excess work done on this call (perhaps wrong Dfun type). Run with full_output = 1 to get quantitative information.
  return odeint(rhs, x0, t, tfirst=True, **integrator_kws)
    Forward simulation failed: Simulation blew up
/pfs/data6/home/ka/ka_iai/ka_bj2362/dsr/.venv_svise/lib64/python3.9/site-packages/pysindy/pysindy.py:901: ODEintWarning: Excess work done on this call (perhaps wrong Dfun type). Run with full_output = 1 to get quantitative information.
  return odeint(rhs, x0, t, tfirst=True, **integrator_kws)
    Forward simulation failed: Simulation blew up
/pfs/data6/home/ka/ka_iai/ka_bj2362/dsr/.venv_svise/lib64/python3.9/site-packages/pysindy/pysindy.py:901: ODEintWarning: Excess work done on this call (perhaps wrong Dfun type). Run with full_output = 1 to get quantitative information.
  return odeint(rhs, x0, t, tfirst=True, **integrator_kws)
    Forward simulation failed: Simulation blew up
    Forward simulation failed: Simulation blew up
/pfs/data6/home/ka/ka_iai/ka_bj2362/dsr/.venv_svise/lib64/python3.9/site-packages/pysindy/pysindy.py:901: ODEintWarning: Excess work done on this call (perhaps wrong Dfun type). Run with full_output = 1 to get quantitative information.
  return odeint(rhs, x0, t, tfirst=True, **integrator_kws)
    Forward simulation failed: Simulation blew up
/pfs/data6/home/ka/ka_iai/ka_bj2362/dsr/.venv_svise/lib64/python3.9/site-packages/pysindy/pysindy.py:901: ODEintWarning: Excess work done on this call (perhaps wrong Dfun type). Run with full_output = 1 to get quantitative information.
  return odeint(rhs, x0, t, tfirst=True, **integrator_kws)
    Forward simulation failed: Simulation blew up
/pfs/data6/home/ka/ka_iai/ka_bj2362/dsr/.venv_svise/lib64/python3.9/site-packages/pysindy/pysindy.py:901: ODEintWarning: Excess work done on this call (perhaps wrong Dfun type). Run with full_output = 1 to get quantitative information.
  return odeint(rhs, x0, t, tfirst=True, **integrator_kws)
    Forward simulation failed: Simulation blew up
/pfs/data6/home/ka/ka_iai/ka_bj2362/dsr/.venv_svise/lib64/python3.9/site-packages/pysindy/pysindy.py:901: ODEintWarning: Excess work done on this call (perhaps wrong Dfun type). Run with full_output = 1 to get quantitative information.
  return odeint(rhs, x0, t, tfirst=True, **integrator_kws)
    Forward simulation failed: Simulation blew up
/pfs/data6/home/ka/ka_iai/ka_bj2362/dsr/.venv_svise/lib64/python3.9/site-packages/pysindy/pysindy.py:901: ODEintWarning: Excess work done on this call (perhaps wrong Dfun type). Run with full_output = 1 to get quantitative information.
  return odeint(rhs, x0, t, tfirst=True, **integrator_kws)
    Forward simulation failed: Simulation blew up
/pfs/data6/home/ka/ka_iai/ka_bj2362/dsr/.venv_svise/lib64/python3.9/site-packages/pysindy/pysindy.py:901: ODEintWarning: Excess work done on this call (perhaps wrong Dfun type). Run with full_output = 1 to get quantitative information.
  return odeint(rhs, x0, t, tfirst=True, **integrator_kws)
    Forward simulation failed: Simulation blew up
/pfs/data6/home/ka/ka_iai/ka_bj2362/dsr/.venv_svise/lib64/python3.9/site-packages/pysindy/pysindy.py:901: ODEintWarning: Excess work done on this call (perhaps wrong Dfun type). Run with full_output = 1 to get quantitative information.
  return odeint(rhs, x0, t, tfirst=True, **integrator_kws)
    Forward simulation failed: Simulation blew up
/pfs/data6/home/ka/ka_iai/ka_bj2362/dsr/.venv_svise/lib64/python3.9/site-packages/pysindy/pysindy.py:901: ODEintWarning: Excess work done on this call (perhaps wrong Dfun type). Run with full_output = 1 to get quantitative information.
  return odeint(rhs, x0, t, tfirst=True, **integrator_kws)
    Forward simulation failed: Simulation blew up
/pfs/data6/home/ka/ka_iai/ka_bj2362/dsr/.venv_svise/lib64/python3.9/site-packages/pysindy/pysindy.py:901: ODEintWarning: Excess work done on this call (perhaps wrong Dfun type). Run with full_output = 1 to get quantitative information.
  return odeint(rhs, x0, t, tfirst=True, **integrator_kws)
    Forward simulation failed: Simulation blew up
/pfs/data6/home/ka/ka_iai/ka_bj2362/dsr/.venv_svise/lib64/python3.9/site-packages/pysindy/pysindy.py:901: ODEintWarning: Excess work done on this call (perhaps wrong Dfun type). Run with full_output = 1 to get quantitative information.
  return odeint(rhs, x0, t, tfirst=True, **integrator_kws)
    Forward simulation failed: Simulation blew up
/pfs/data6/home/ka/ka_iai/ka_bj2362/dsr/.venv_svise/lib64/python3.9/site-packages/pysindy/pysindy.py:901: ODEintWarning: Excess work done on this call (perhaps wrong Dfun type). Run with full_output = 1 to get quantitative information.
  return odeint(rhs, x0, t, tfirst=True, **integrator_kws)
    Forward simulation failed: Simulation blew up
/pfs/data6/home/ka/ka_iai/ka_bj2362/dsr/.venv_svise/lib64/python3.9/site-packages/pysindy/pysindy.py:901: ODEintWarning: Excess work done on this call (perhaps wrong Dfun type). Run with full_output = 1 to get quantitative information.
  return odeint(rhs, x0, t, tfirst=True, **integrator_kws)
    Forward simulation failed: Simulation blew up
    RMSE omega (Sim): 0.041103
    Eq omega: 0.001 1 + 0.001 omega + 0.001 theta omega + -0.013 omega^2

  [Progress 500/500] Mean Sim RMSE omega: 0.083099 | Valid: 406/500 | Elapsed: 1.3min | ETA: 0.0min

============================================================
SINDy ANALYSIS COMPLETE — Chunks [79000, 79499]
============================================================
Chunks processed: 500
Chunks succeeded Sim: 406 (81.2%)
Mean Sim RMSE omega: 0.083099 ± 0.238085
Median Sim RMSE omega: 0.034154
Elapsed time: 1.3 minutes

CSV: /pfs/data6/home/ka/ka_iai/ka_bj2362/dsr/svise/results_sindy_5min_all_chunks/run_SLURM_3753891_sindy/chunks_79000_to_79499_20260326_063719.csv
Summary: /pfs/data6/home/ka/ka_iai/ka_bj2362/dsr/svise/results_sindy_5min_all_chunks/run_SLURM_3753891_sindy/summary_79000_to_79499_20260326_063719.json
============================================================

============================= JOB FEEDBACK =============================

NodeName=uc3n024
Job ID: 3769732
Array Job ID: 3753891_158
Cluster: uc3
User/Group: ka_bj2362/ka_iai
State: COMPLETED (exit code 0)
Nodes: 1
Cores per node: 4
CPU Utilized: 00:01:16
CPU Efficiency: 20.00% of 00:06:20 core-walltime
Job Wall-clock time: 00:01:35
Memory Utilized: 4.70 GB
Memory Efficiency: 39.13% of 12.00 GB (12.00 GB/node)
